10-10 09:36:56.501  1496  1606 D HwBatteryService: onUEvent fcpStatus = 0
10-10 09:36:56.501  1496  1606 D HwBatteryService: onUEvent scpStatus = 0 ,ovpStatus = 0
10-10 09:36:56.502  1496  1606 I HwBatteryService: handleWirelessTxStatus
10-10 09:36:56.502  1496  1606 I HwBatteryService: switch not open, return, mWirelessTxFlag : 0
10-10 09:36:56.503  1496  1606 I UsbDeviceManager: water_intrused state= 0
10-10 09:37:00.338  1994  2291 I HwNaturalBase: [CommonHandler]: 32355Kb ram is used.
10-10 09:37:02.971   765  3523 I chatty  : uid=0(root) erecovery-event expire 10 lines
10-10 09:37:03.170  1934  2279 I chatty  : uid=1000(system) UEventObserver expire 43 lines
10-10 09:37:03.181   441   441 I chatty  : uid=0(root) oeminfo_nvm_ser expire 12 lines
10-10 09:37:06.313  2005  3831 I chatty  : uid=1000(system) thermal-core-th expire 14 lines
10-10 09:37:06.319  2005  2534 I chatty  : uid=1000(system) actions handler expire 16 lines
10-10 09:37:10.021  1496  1889 W Watchdog: hungtask: writing kick
10-10 09:37:10.022  1496  1530 I chatty  : uid=1000(system) android.fg expire 17 lines
10-10 09:37:15.195 32212 32212 D MtpReceiver: Debug MTP:ACTION_USB_STATE 
10-10 09:37:15.197 32212 32212 D MtpReceiver: handleUsbState startService
10-10 09:37:15.197 32212 32274 D MediaProvider: fixParentIdIfNeeded called
10-10 09:37:15.197 32212 32212 D MtpReceiver: Debug MTP:srart MTP service 
10-10 09:37:15.200 32212 32212 D MtpService: starting MTP server in MTP mode with storage /storage/emulated/0 unlocked as user 0
10-10 09:37:15.201 32212 32212 I HWSERVICES: hwnative_get_component:libstagefright,Scanner
10-10 09:37:15.202 21737 21737 I chatty  : uid=1000(system) com.android.settings expire 14 lines
10-10 09:37:15.203 21737 21737 W ContextImpl: Calling a method in the system process without a qualified user: android.app.ContextImpl.startService:1771 android.content.ContextWrapper.startService:664 android.content.ContextWrapper.startService:664 com.android.settings.deviceinfo.UsbReceiver.startUsbService:322 com.android.settings.deviceinfo.UsbReceiver.onUsbStateReceive:168 
10-10 09:37:15.203 32212 32212 I StagefrightMediaScannerEx: StagefrightMediaScanner Constructor
10-10 09:37:15.205   647   673 I HISEC   : [STATIC    ] static check started
10-10 09:37:15.205   647   672 I iMonitor: create: 940001000
10-10 09:37:15.206   647   672 I iMonitor: send: 940001000
10-10 09:37:15.206   647   672 I HISEC   : [ENGINE    ] upload threat succeed: name:usb-debug,stat:RISK,cred:Y,seq:344,table: 0 0 0 2,errno:5#1y,detail:"CONFIGURED"
10-10 09:37:15.207 32212 32212 D MediaScanner: setStorageEjectFlag flag = 0
10-10 09:37:15.209 32212 32212 D MediaScanner: totalMemoryGb 3, lowRamDevice falsemMaxFileCacheEntrySize = 90000
10-10 09:37:15.213 32212 32212 I MtpService: Couldn't get control FD!
10-10 09:37:15.213 32212 32212 I HWSERVICES: hwnative_get_component_mtpServer  comes...
10-10 09:37:15.215 32212 32212 V MtpServerEx: constructor
10-10 09:37:15.215 32212 32212 I HwMtpServerExJNI: set MtpServerEx 0x70b9eb2800
10-10 09:37:15.215 32212 32212 I HwMtpServerExJNI: Finish to setup MtpServer
10-10 09:37:15.215 21737 21737 W ContextImpl: Calling a method in the system process without a qualified user: android.app.ContextImpl.startService:1771 android.content.ContextWrapper.startService:664 android.content.ContextWrapper.startService:664 com.android.settings.deviceinfo.UsbReceiver.startUsbService:322 com.android.settings.deviceinfo.UsbReceiver.onUsbStateReceive:231 
10-10 09:37:15.215   441   441 I chatty  : uid=0(root) oeminfo_nvm_ser expire 12 lines
10-10 09:37:15.216   647   673 E OEMINFO_NVM_CLIENT: OinvRecvReturn: RET_FAIL return.
10-10 09:37:15.216   647   673 E OEMINFO_NVM_CLIENT: rmt_oeminfo_read: index(103) get data from server fail.
10-10 09:37:15.218  1496 22034 V BroadcastQueue: Finished with ordered broadcast BroadcastRecord{a5f56ab u-1 android.hardware.usb.action.USB_STATE}
10-10 09:37:15.224 21737 10259 I chatty  : uid=1000(system) com.android.settings expire 6 lines
10-10 09:37:15.226 32212 32212 V MtpService: Adding MTP storage:/storage/emulated/0
10-10 09:37:15.236 32212 32212 E MtpDatabase: addStorageId : 65537
10-10 09:37:15.236 32212 32212 E HwMtpServerExJNI: android_mtp_MtpServerEx_add_storage, line 134
10-10 09:37:15.236 32212 32212 I HWSERVICES: hwnative_get_component_mtpStorage  comes...
10-10 09:37:15.238 32212 32212 E HWSERVICES: hwnative_get_component_mtpStorage error: undefined symbol: _Z27createMyComponentMtpStoragePvjPKcS1_mbm
10-10 09:37:15.292   765  3523 I chatty  : uid=0(root) erecovery-event expire 29 lines
10-10 09:37:15.920  1496 22034 I NotificationService: enqueueNotificationInternal: pkg=com.android.settings id=1000002 notification=Notification(channel=SETTINGS_USB pri=1 contentView=null vibrate=null sound=null tick defaults=0x0 flags=0x2 color=0x00000000 vis=PRIVATE)
10-10 09:37:15.921  1496 22034 I NotificationService: enqueueNotificationInternal Channel Info : pkg=com.android.settings id=1000002 importance =1
10-10 09:37:15.941  1807  1807 D NotificationEntryMgr: updateNotification(StatusBarNotification(pkg=com.android.settings user=UserHandle{0} id=1000002 tag=null key=0|com.android.settings|1000002|null|1000: Notification(channel=SETTINGS_USB pri=1 contentView=null vibrate=null sound=null tick defaults=0x0 flags=0x2 color=0x00000000 vis=PRIVATE)))
10-10 09:37:15.946  1807  1807 I NotificationInflation2: start: entry=74221167,key=0|com.android.settings|1000002|null|1000
10-10 09:37:15.947  1807  1807 D NotificationEntryMgr: No peeking: not in use: 0|com.android.settings|1000002|null|1000
10-10 09:37:15.947  3264 22876 E SQLiteLog: (1) 
10-10 09:37:15.948  1807  1807 W NotificationViewHierarchyManager: updateNotificationShade activeNotificationSize=1;hasFaceDT: false; Detected:false
10-10 09:37:15.950  1807  3046 I NotificationInflation4: doInBackground is begin
10-10 09:37:15.952  1807  3046 I HwNotificationEx: new HwNotificationEx
10-10 09:37:15.952  1807  3046 I HwNotificationEx: isPureColorIcon
10-10 09:37:15.952  1807  3046 I HwNotificationEx: mHWColorUtil is null get it agin
10-10 09:37:15.953  1807  3046 I HwNotificationEx: isPureColorIcon
10-10 09:37:15.956  1807  3046 I HwNotificationEx: isPureColorIcon
10-10 09:37:15.957  1807  3046 I NotificationInflation5: doInBackground is end
10-10 09:37:15.964  1807  1807 W PanelView: set notification panel padding = 1556
10-10 09:37:15.964  1807  1807 W HwBackDropView: setAnimationParamInner 0.0   0
10-10 09:37:15.966  1807  1807 I NotificationInflation2: finish: entry=74221167
10-10 09:37:15.966  1807  1807 I NotificationInflation3: start: entry=74221167,key=0|com.android.settings|1000002|null|1000
10-10 09:37:15.993  1807  1807 W PanelView: set notification panel padding = 1556
10-10 09:37:15.993  1807  1807 W HwBackDropView: setAnimationParamInner 0.0   0
10-10 09:37:15.999  1807  1807 I NotificationInflation3: finish: entry=74221167
10-10 09:37:16.017  1807  1807 W PanelView: set notification panel padding = 1556
10-10 09:37:16.017  1807  1807 W HwBackDropView: setAnimationParamInner 0.0   0
10-10 09:37:16.282  4934  4934 I adbd    : Calling send_auth_request...
10-10 09:37:16.290  4934  4934 I adbd    : Loading keys from /data/misc/adb/adb_keys
10-10 09:37:16.294  4934  4934 I adbd    : adb client authorized
10-10 09:37:17.291  1934  1934 I chatty  : uid=1000(system) com.huawei.systemserver expire 11 lines
10-10 09:37:21.826  1496  1606 I HwBatteryService: quick charge status : 0
10-10 09:37:21.827  1496  1606 D HwBatteryService: onUEvent fcpStatus = 0
10-10 09:37:21.827  1496  1606 D HwBatteryService: onUEvent scpStatus = 0 ,ovpStatus = 0
10-10 09:37:21.827  1496  1606 I HwBatteryService: handleWirelessTxStatus
10-10 09:37:21.827  1496  1606 I HwBatteryService: switch not open, return, mWirelessTxFlag : 0
10-10 09:37:21.828  1496  1606 I UsbDeviceManager: water_intrused state= 0
10-10 09:37:21.835  1496 20020 I BatteryService: normal charge status : 1
10-10 09:37:21.846  1807  1807 W KeyguardUpdateMonitor: ACTION_BATTERY_CHANGED AMP: 0; Volt: 0
10-10 09:37:21.861 22049 22049 W HiDecision: SystemStateReceiver: other action
10-10 09:37:21.865   576   576 E         : [hw_comm_get_power_state] test_scene: charger_type
10-10 09:37:21.865   576   576 E         : hw_pwr_read_int open:/sys/class/hw_power/charger/direct_charger/adaptor_detect err
10-10 09:37:21.865   576   576 E         : [hw_comm_get_power_state] test_scene: 31, result: 0 
10-10 09:37:21.870  1807  1807 W MagazineUtils: check active connect, state = -1
10-10 09:37:21.883  1807  1807 W KeyguardUpdateMonitor: ChargingSpeed  Wattage: -1 ST: 5000000 --> 7500000
10-10 09:37:21.883  1807  1807 I KgBattery: BatteryInfo updated:  2lPc-1
10-10 09:37:21.883  1807  1807 W KG_FDT  : isFaceUnlockEnabled 0
10-10 09:37:21.885  1807  1807 W HwKgdBArea_BTY: updateBatteryInfo : false showBatteryInfo:  true isShowChargingFpDisplay:  false
10-10 09:37:21.885  1807  1807 W HwKgdBArea_BTY: updateBatteryInfo : false showBatteryInfo:  true isShowChargingFpDisplay:  false
10-10 09:37:21.885  1807  1807 W HwLockScreenPanel: refreshBatteryInfo: null
10-10 09:37:21.885  1807  1807 W HwLockScreenPanel: Handle message: 100
10-10 09:37:21.886  1807  1964 W KgBattery: getCharge info with type: text
10-10 09:37:21.902  1807  1807 W PanelView: set notification panel padding = 1556
10-10 09:37:21.902  1807  1807 W HwBackDropView: setAnimationParamInner 0.0   0
10-10 09:37:21.904  1807  1807 W HwKeyguardBottomArea: refresh Charge status layout when dp changed
10-10 09:37:21.904  1807  1807 W HwKeyguardBottomArea: refresh Charge status layout when dp changed
10-10 09:37:21.923  1807  1807 W PanelView: set notification panel padding = 1556
10-10 09:37:21.923  1807  1807 W HwBackDropView: setAnimationParamInner 0.0   0
10-10 09:37:22.773  3697 10272 E libc    : Access denied finding property "net.dns1"
10-10 09:37:22.774  3697 10272 E libc    : Access denied finding property "net.dns2"
10-10 09:37:22.781   530 10273 I chatty  : uid=0(root) Binder:530_2 expire 2 lines
10-10 09:37:27.223  1496  1606 I HwBatteryService: quick charge status : 0
10-10 09:37:27.224  1496  1606 D HwBatteryService: onUEvent fcpStatus = 0
10-10 09:37:27.224  1496  1606 D HwBatteryService: onUEvent scpStatus = 0 ,ovpStatus = 0
10-10 09:37:27.224  1496  1606 I HwBatteryService: handleWirelessTxStatus
10-10 09:37:27.224  1496  1606 I HwBatteryService: switch not open, return, mWirelessTxFlag : 0
10-10 09:37:27.225  1496  1606 I UsbDeviceManager: water_intrused state= 0
10-10 09:37:27.227   576   576 I Legacy PowerHAL: get_number_of_platform_modes
10-10 09:37:27.227   576   576 I Legacy PowerHAL: get_voter_list!
10-10 09:37:27.227   576   576 I Legacy PowerHAL: get_platform_low_power_stats update list
10-10 09:37:35.213  2030  2030 I ImsResolver: getMmTelFeatureAndListen - slot: 2 callback: com.android.ims.MmTelFeatureConnection$1@79f60bb
10-10 09:37:40.024  1496  1889 W Watchdog: hungtask: writing kick
10-10 09:37:45.125   765  3523 I chatty  : uid=0(root) erecovery-event expire 39 lines
10-10 09:37:45.814  1994  2956 I HwNaturalBase: [Timer-0]: MultiUserManagerService:  getNotActiveUser start
10-10 09:37:49.733   738   767 I storaged: storaged_t::event: storage_info refreshed.
10-10 09:37:57.341  1934  1934 I chatty  : uid=1000(system) com.huawei.systemserver expire 11 lines
10-10 09:37:57.957  1496  1606 I HwBatteryService: quick charge status : 0
10-10 09:37:57.958  1496  1606 D HwBatteryService: onUEvent fcpStatus = 0
10-10 09:37:57.958  1496  1606 D HwBatteryService: onUEvent scpStatus = 0 ,ovpStatus = 0
10-10 09:37:57.958  1496  1606 I HwBatteryService: handleWirelessTxStatus
10-10 09:37:57.958  1496  1606 I HwBatteryService: switch not open, return, mWirelessTxFlag : 0
10-10 09:37:57.959  1496  1606 I UsbDeviceManager: water_intrused state= 0
10-10 09:37:58.335   747   803 I chatty  : uid=0(root) EventThread expire 2 lines
10-10 09:37:58.339   471   471 I chatty  : uid=1000(system) /vendor/bin/pmom_cat expire 14 lines
10-10 09:37:58.358   728  1594 I chatty  : uid=0(root) AbnormalityRout expire 11 lines
10-10 09:38:00.456  1994  2291 I HwNaturalBase: [CommonHandler]: 32375Kb ram is used.
10-10 09:38:10.029  1496  1889 W Watchdog: hungtask: writing kick
10-10 09:38:11.145 32212 10260 E MtpServer: request read returned -1, errno: 5
10-10 09:38:11.145 32212 10260 I HwMtpServerExJNI: cleanup MtpServerEx
10-10 09:38:11.145 32212 10260 V MtpServerEx: destructor
10-10 09:38:11.145 32212 10260 V HwMtpServerExJNI: finalize
10-10 09:38:11.146  4934 10212 E adbd    : aio: got error event on read total bufs 1: Cannot send after transport endpoint shutdown
10-10 09:38:11.146 32212 10260 I StagefrightMediaScannerEx: StagefrightMediaScanner destructor
10-10 09:38:11.147  4934  4934 I adbd    : closing functionfs transport
10-10 09:38:11.148  1934  2279 I chatty  : uid=1000(system) UEventObserver expire 72 lines
10-10 09:38:11.301  4934  4940 I adbd    : initializing functionfs
10-10 09:38:11.301  4934  4940 I adbd    : opening control endpoint /dev/usb-ffs/adb/ep0
10-10 09:38:11.303  4934  4940 I adbd    : functionfs successfully initialized
10-10 09:38:11.304  4934  4940 I adbd    : registering usb transport
10-10 09:38:11.654 32212 32212 D MtpReceiver: Debug MTP:ACTION_USB_STATE 
10-10 09:38:11.659 21737 21737 I chatty  : uid=1000(system) com.android.settings expire 13 lines
10-10 09:38:11.660 21737 21737 W ContextImpl: Calling a method in the system process without a qualified user: android.app.ContextImpl.startService:1771 android.content.ContextWrapper.startService:664 android.content.ContextWrapper.startService:664 com.android.settings.deviceinfo.UsbReceiver.startUsbService:322 com.android.settings.deviceinfo.UsbReceiver.onUsbStateReceive:168 
10-10 09:38:11.671 21737 21737 W ContextImpl: Calling a method in the system process without a qualified user: android.app.ContextImpl.startService:1771 android.content.ContextWrapper.startService:664 android.content.ContextWrapper.startService:664 com.android.settings.deviceinfo.UsbReceiver.startUsbService:322 com.android.settings.deviceinfo.UsbReceiver.onUsbStateReceive:231 
10-10 09:38:11.674  1496  1514 V BroadcastQueue: Finished with ordered broadcast BroadcastRecord{685f023 u-1 android.hardware.usb.action.USB_STATE}
10-10 09:38:11.675 21737 10285 I chatty  : uid=1000(system) com.android.settings expire 6 lines
10-10 09:38:12.377  1496  1514 I NotificationService: enqueueNotificationInternal: pkg=com.android.settings id=1000002 notification=Notification(channel=SETTINGS_USB pri=1 contentView=null vibrate=null sound=null tick defaults=0x0 flags=0x2 color=0x00000000 vis=PRIVATE)
10-10 09:38:12.378  1496  1514 I NotificationService: enqueueNotificationInternal Channel Info : pkg=com.android.settings id=1000002 importance =1
10-10 09:38:12.395  1496  1496 I chatty  : uid=1000 system_server expire 9 lines
10-10 09:38:12.402  3264 22876 E SQLiteLog: (1) 
10-10 09:38:12.403  1807  1807 D NotificationEntryMgr: updateNotification(StatusBarNotification(pkg=com.android.settings user=UserHandle{0} id=1000002 tag=null key=0|com.android.settings|1000002|null|1000: Notification(channel=SETTINGS_USB pri=1 contentView=null vibrate=null sound=null tick defaults=0x0 flags=0x2 color=0x00000000 vis=PRIVATE)))
10-10 09:38:12.409  1807  1807 I NotificationInflation2: start: entry=74221167,key=0|com.android.settings|1000002|null|1000
10-10 09:38:12.409  1807  1807 D NotificationEntryMgr: No peeking: not in use: 0|com.android.settings|1000002|null|1000
10-10 09:38:12.410  1807  3046 I NotificationInflation4: doInBackground is begin
10-10 09:38:12.410  1807  1807 W NotificationViewHierarchyManager: updateNotificationShade activeNotificationSize=1;hasFaceDT: false; Detected:false
10-10 09:38:12.412  1807  3046 I HwNotificationEx: new HwNotificationEx
10-10 09:38:12.412  1807  3046 I HwNotificationEx: isPureColorIcon
10-10 09:38:12.412  1807  3046 I HwNotificationEx: mHWColorUtil is null get it agin
10-10 09:38:12.413  1807  3046 I HwNotificationEx: isPureColorIcon
10-10 09:38:12.415  1807  3046 I HwNotificationEx: isPureColorIcon
10-10 09:38:12.415  1807  3046 I NotificationInflation5: doInBackground is end
10-10 09:38:12.426  1807  1807 W PanelView: set notification panel padding = 1556
10-10 09:38:12.426  1807  1807 W HwBackDropView: setAnimationParamInner 0.0   0
10-10 09:38:12.428  1807  1807 I NotificationInflation2: finish: entry=74221167
10-10 09:38:12.428  1807  1807 I NotificationInflation3: start: entry=74221167,key=0|com.android.settings|1000002|null|1000
10-10 09:38:12.454  1807  1807 W PanelView: set notification panel padding = 1556
10-10 09:38:12.454  1807  1807 W HwBackDropView: setAnimationParamInner 0.0   0
10-10 09:38:12.460  1807  1807 I NotificationInflation3: finish: entry=74221167
10-10 09:38:12.477  1807  1807 W PanelView: set notification panel padding = 1556
10-10 09:38:12.478  1807  1807 W HwBackDropView: setAnimationParamInner 0.0   0
10-10 09:38:19.204   765  3523 I chatty  : uid=0(root) erecovery-event expire 15 lines
10-10 09:38:28.677  1496  1606 I HwBatteryService: quick charge status : 0
10-10 09:38:28.678  1496  1606 D HwBatteryService: onUEvent fcpStatus = 0
10-10 09:38:28.678  1496  1606 D HwBatteryService: onUEvent scpStatus = 0 ,ovpStatus = 0
10-10 09:38:28.678  1496  1606 I HwBatteryService: handleWirelessTxStatus
10-10 09:38:28.678  1496  1606 I HwBatteryService: switch not open, return, mWirelessTxFlag : 0
10-10 09:38:28.679  1496  1606 I UsbDeviceManager: water_intrused state= 0
10-10 09:38:36.746  3697  3697 W [GT]HotPool#7: type=1400 audit(0.0:30315): avc: denied { getattr } for path="/sys/kernel/debug/tracing/trace_marker" dev="tracefs" ino=4210 scontext=u:r:untrusted_app:s0:c137,c256,c512,c768 tcontext=u:object_r:debugfs_trace_marker:s0 tclass=file permissive=0
10-10 09:38:36.751   478   478 W auditd  : type=2 
10-10 09:38:39.241  2030  2030 I ImsResolver: getMmTelFeatureAndListen - slot: 2 callback: com.android.ims.MmTelFeatureConnection$1@9f759d8
10-10 09:38:40.033  1496  1889 W Watchdog: hungtask: writing kick
10-10 09:38:40.104  3800  3946 I NetworkStatsManager: querySummary callingPid = 3800
10-10 09:38:40.104  3800  3932 I NetworkStatsManager: querySummary callingPid = 3800
10-10 09:38:40.105  1496  6168 I NetworkStats: openSessionForUsageStats, pid = 3800, pkg = com.tencent.mm
10-10 09:38:40.105  1496 22034 I NetworkStats: openSessionForUsageStats, pid = 3800, pkg = com.tencent.mm
10-10 09:38:40.105  1496 22034 I NetworkStats: openSessionInternal,pid = 3800
10-10 09:38:40.107  1496 22034 I NetworkStats: performPollLocked, pid = 1496
10-10 09:38:40.109  3800  3924 I NetworkStatsManager: querySummary callingPid = 3800
10-10 09:38:40.109  1496  6168 I NetworkStats: openSessionForUsageStats, pid = 3800, pkg = com.tencent.mm
10-10 09:38:40.142 10292 10292 I chatty  : uid=0(root) expire 1 line
10-10 09:38:40.166  3800  3862 I ThreadPool.Profiler: [, , 3862]:[onThreadStart] name=[GT]HotPool#1 id=1258
10-10 09:38:40.166 10293 10293 I chatty  : uid=0(root) expire 1 line
10-10 09:38:40.170  3800  3800 W [GT]HotPool#1: type=1400 audit(0.0:30316): avc: denied { getattr } for path="socket:[1117198]" dev="sockfs" ino=1117198 scontext=u:r:untrusted_app:s0:c137,c256,c512,c768 tcontext=u:r:zygote:s0 tclass=unix_dgram_socket permissive=0
10-10 09:38:40.170  3800  3800 W [GT]HotPool#1: type=1400 audit(0.0:30317): avc: denied { getattr } for path="/sys/kernel/debug/tracing/trace_marker" dev="tracefs" ino=4210 scontext=u:r:untrusted_app:s0:c137,c256,c512,c768 tcontext=u:object_r:debugfs_trace_marker:s0 tclass=file permissive=0
10-10 09:38:40.181  1496 22034 W NetworkStatsFactory: mStatsXtProcUid: /proc/net/comm/stats does not exist!
10-10 09:38:40.181  1496 22034 D HwNetworkStatsService: hwRecordUidAndProcSnapshotLocked currentTime = 1633829920112
10-10 09:38:40.183  1496 22034 I NetworkStatsFactory: javaReadNetworkStatsUidAndProcDetail. cost time = 1
10-10 09:38:40.186  1496 22034 D HwNetworkStatsService: hwMaybeUidAndProcPersistLocked currentTime = 1633829920112
10-10 09:38:40.197  3800  3946 I NetworkStatsManager: querySummary callingPid = 3800
10-10 09:38:40.197  3800  3924 I NetworkStatsManager: querySummary callingPid = 3800
10-10 09:38:40.198  1496  2622 I NetworkStats: openSessionForUsageStats, pid = 3800, pkg = com.tencent.mm
10-10 09:38:40.198  1496  1514 I NetworkStats: openSessionForUsageStats, pid = 3800, pkg = com.tencent.mm
10-10 09:38:40.206  3800  3932 I NetworkStatsManager: querySummary callingPid = 3800
10-10 09:38:40.206  1496 22034 I NetworkStats: openSessionForUsageStats, pid = 3800, pkg = com.tencent.mm
10-10 09:38:40.903   765  3523 I chatty  : uid=0(root) erecovery-event expire 56 lines
10-10 09:38:42.807  3697  5579 E memtrack: Couldn't load memtrack module
10-10 09:38:42.807  3697  5579 W android.os.Debug: failed to get memory consumption info: -1
10-10 09:38:42.921  3697  5579 I MicroMsg.MemoryWatchDog: [AutoCheck]  
10-10 09:38:42.921  3697  5579 I MicroMsg.MemoryWatchDog: >>>>>>>>>>>>>>>>>>>>>>>>>>>>>>>>>>>>>>>>>>>>>>>>>>> MemoryInfo(tid=1258) <<<<<<<<<<<<<<<<<<<<<<<<<<<<<<<<<<<<<<<<<<<<<<<<
10-10 09:38:42.921  3697  5579 I MicroMsg.MemoryWatchDog: | Activity:	default	AppForeground:true	ProcessForeground:false
10-10 09:38:42.921  3697  5579 I MicroMsg.MemoryWatchDog: | Source:	 3
10-10 09:38:42.921  3697  5579 I MicroMsg.MemoryWatchDog: | VmSize:	 5541320kB
10-10 09:38:42.921  3697  5579 I MicroMsg.MemoryWatchDog: | SystemMemoryInfo:	 totalMem=3889393664, availMem=2257252352, lowMemory=false, threshold=226492416
10-10 09:38:42.921  3697  5579 I MicroMsg.MemoryWatchDog: | Dalvik:	 memClass=384, memLargeClass=512 B, UsedMemory=16117344 B, RecycledMemory=2220680 B, MaxMemory=536870912 B
10-10 09:38:42.921  3697  5579 I MicroMsg.MemoryWatchDog: | NATIVE:	 HeapSize=27262976 B, AllocatedSize=23770488 B, RecycledSize=3492488 B
10-10 09:38:42.921  3697  5579 I MicroMsg.MemoryWatchDog: | Stats:	 pss-sum:0 KB, code=5276, stack=44, graphics=0, java-heap=6808, native-heap=18792, system=39702, total-pss=78594, private-other=7972, total-swap=7936
10-10 09:38:42.921  3697  5579 I MicroMsg.MemoryWatchDog: | AMSStats:	 code=5276, stack=44, graphics=0, java-heap=6812, native-heap=18792, system=39702, total-pss=78598, private-other=7972, total-swap=7936
10-10 09:38:42.921  3697  5579 I MicroMsg.MemoryWatchDog: | FgService:	[]
10-10 09:38:42.921  3697  5579 I MicroMsg.MemoryWatchDog: >>>>>>>>>>>>>>>>>>>>>>>>>>>>>>>>>>>>>>>>>>>>>>>>>>> END(cost:268ms) <<<<<<<<<<<<<<<<<<<<<<<<<<<<<<<<<<<<<<<<<<<<<<<<<<<
10-10 09:38:43.713  1934  2279 I chatty  : uid=1000(system) UEventObserver expire 48 lines
10-10 09:38:45.816  1994  2956 I HwNaturalBase: [Timer-0]: MultiUserManagerService:  getNotActiveUser start
10-10 09:38:47.347   441   441 I chatty  : uid=0(root) oeminfo_nvm_ser expire 14 lines
10-10 09:38:47.840  3800  3940 E memtrack: Couldn't load memtrack module
10-10 09:38:47.840  3800  3940 W android.os.Debug: failed to get memory consumption info: -1
10-10 09:38:48.110  3800  3940 I MicroMsg.MemoryWatchDog: [AutoCheck]  
10-10 09:38:48.110  3800  3940 I MicroMsg.MemoryWatchDog: >>>>>>>>>>>>>>>>>>>>>>>>>>>>>>>>>>>>>>>>>>>>>>>>>>> MemoryInfo(tid=1237) <<<<<<<<<<<<<<<<<<<<<<<<<<<<<<<<<<<<<<<<<<<<<<<<
10-10 09:38:48.110  3800  3940 I MicroMsg.MemoryWatchDog: | Activity:	default	AppForeground:true	ProcessForeground:false
10-10 09:38:48.110  3800  3940 I MicroMsg.MemoryWatchDog: | Source:	 3
10-10 09:38:48.110  3800  3940 I MicroMsg.MemoryWatchDog: | VmSize:	 5583824kB
10-10 09:38:48.110  3800  3940 I MicroMsg.MemoryWatchDog: | SystemMemoryInfo:	 totalMem=3889393664, availMem=2257047552, lowMemory=false, threshold=226492416
10-10 09:38:48.110  3800  3940 I MicroMsg.MemoryWatchDog: | Dalvik:	 memClass=384, memLargeClass=512 B, UsedMemory=18023466 B, RecycledMemory=741546 B, MaxMemory=536870912 B
10-10 09:38:48.110  3800  3940 I MicroMsg.MemoryWatchDog: | NATIVE:	 HeapSize=39845888 B, AllocatedSize=24457736 B, RecycledSize=15388152 B
10-10 09:38:48.110  3800  3940 I MicroMsg.MemoryWatchDog: | Stats:	 pss-sum:191247 KB, code=33464, stack=36, graphics=0, java-heap=9792, native-heap=20204, system=39861, total-pss=112433, private-other=9076, total-swap=7944
10-10 09:38:48.110  3800  3940 I MicroMsg.MemoryWatchDog: | AMSStats:	 code=33464, stack=36, graphics=0, java-heap=9792, native-heap=20204, system=39861, total-pss=112433, private-other=9076, total-swap=7944
10-10 09:38:48.110  3800  3940 I MicroMsg.MemoryWatchDog: | FgService:	[]
10-10 09:38:48.110  3800  3940 I MicroMsg.MemoryWatchDog: >>>>>>>>>>>>>>>>>>>>>>>>>>>>>>>>>>>>>>>>>>>>>>>>>>> END(cost:425ms) <<<<<<<<<<<<<<<<<<<<<<<<<<<<<<<<<<<<<<<<<<<<<<<<<<<
10-10 09:38:48.110  3800  3940 I MicroMsg.MemoryWatchDog: | Process: com.tencent.mm, pid: 3800, totalPss: 112437
10-10 09:38:48.110  3800  3940 I MicroMsg.MemoryWatchDog: | Process: com.tencent.mm:push, pid: 3697, totalPss: 78810
10-10 09:38:49.734   738   767 I storaged: storaged_t::event: storage_info refreshed.
10-10 09:38:50.263 10298 10298 I chatty  : uid=0(root) expire 1 line
10-10 09:38:50.495  3264  7140 V Cursor  : Filling cursor window with start position:0 required position:0
10-10 09:38:50.497  3264  7140 I chatty  : uid=10106(com.huawei.health) Timer-2 identical 2 lines
10-10 09:38:50.498  3264  7140 V Cursor  : Filling cursor window with start position:0 required position:0
10-10 09:38:52.942  1496  1883 V BroadcastQueue: Finished with ordered broadcast BroadcastRecord{4441920 u0 com.tencent.mm.plugin.report.service.KVCommCrossProcessReceiver}
10-10 09:38:57.357  1934  1934 I chatty  : uid=1000(system) com.huawei.systemserver expire 12 lines
10-10 09:38:59.389  1496  1606 I HwBatteryService: quick charge status : 0
10-10 09:38:59.390  1496  1606 D HwBatteryService: onUEvent fcpStatus = 0
10-10 09:38:59.390  1496  1606 D HwBatteryService: onUEvent scpStatus = 0 ,ovpStatus = 0
10-10 09:38:59.390  1496  1606 I HwBatteryService: handleWirelessTxStatus
10-10 09:38:59.390  1496  1606 I HwBatteryService: switch not open, return, mWirelessTxFlag : 0
10-10 09:38:59.391  1496  1606 I UsbDeviceManager: water_intrused state= 0
10-10 09:39:00.583  1994  2291 I HwNaturalBase: [CommonHandler]: 32360Kb ram is used.
10-10 09:39:01.866   739   739 I chatty  : uid=1000(system) /system/bin/thermal-daemon expire 17 lines
10-10 09:39:05.240  1934  2279 I chatty  : uid=1000(system) UEventObserver expire 96 lines
10-10 09:39:10.038  1496  1889 W Watchdog: hungtask: writing kick
10-10 09:39:12.495   441   441 I chatty  : uid=0(root) oeminfo_nvm_ser expire 26 lines
10-10 09:39:12.498  2285  2433 I chatty  : uid=1000(system) Thread-2 expire 14 lines
10-10 09:39:15.853   739  3013 I chatty  : uid=1000(system) /system/bin/thermal-daemon expire 12 lines
10-10 09:39:30.120  1496  1606 I HwBatteryService: quick charge status : 0
10-10 09:39:30.120  1496  1606 D HwBatteryService: onUEvent fcpStatus = 0
10-10 09:39:30.120  1496  1606 D HwBatteryService: onUEvent scpStatus = 0 ,ovpStatus = 0
10-10 09:39:30.120  1496  1606 I HwBatteryService: handleWirelessTxStatus
10-10 09:39:30.120  1496  1606 I HwBatteryService: switch not open, return, mWirelessTxFlag : 0
10-10 09:39:30.121  1496  1606 I UsbDeviceManager: water_intrused state= 0
10-10 09:39:38.910   765  3523 I chatty  : uid=0(root) erecovery-event expire 29 lines
10-10 09:39:40.042  1496  1889 W Watchdog: hungtask: writing kick
10-10 09:39:43.248  2030  2030 I ImsResolver: getMmTelFeatureAndListen - slot: 2 callback: com.android.ims.MmTelFeatureConnection$1@c14131
10-10 09:39:45.817  1994  2956 I HwNaturalBase: [Timer-0]: MultiUserManagerService:  getNotActiveUser start
10-10 09:39:48.072  1446  1446 I chatty  : uid=1000(system) /vendor/bin/octty expire 10 lines
10-10 09:39:48.076  1446  1446 D OCTTY   : [set_baud_rate:115] set_baud_rate
10-10 09:39:48.076  1446  1446 D OCTTY   : [set_baud_rate:146] set_baud_rate() done
10-10 09:39:48.076  1446  1446 D OCTTY   : [change_baud_rate:161] change_baud_rate
10-10 09:39:48.076  1446  1446 D OCTTY   : [change_baud_rate:199] change_baud_rate() done
10-10 09:39:48.077  1446  1446 D OCTTY   : [hisi_config_uart:330]Have installed N_HW_BFG Line displine
10-10 09:39:48.077  1446  1446 E OCTTY   : [main:370] install already set to 
10-10 09:39:48.077  1446  1446 E OCTTY   : 
10-10 09:39:48.101  1448  1474 I OAM     : [check_file_size:511]/data/vendor/log/hi110x/bfg_log/bfg_log_1 log file beyond size=10240Byte, creat new file
10-10 09:39:48.102  1448  1474 I OAM     : [rename_old_file:216]rename_old_file
10-10 09:39:48.102  1448  1474 I OAM     : 
10-10 09:39:48.409  1934  2279 I chatty  : uid=1000(system) UEventObserver expire 52 lines
10-10 09:39:49.736   738   767 I storaged: storaged_t::event: storage_info refreshed.
10-10 09:39:52.770  1496  1883 I AlarmManager: remove alarm:Alarm{e21a74c type 2 when 1075326249 PendingIntent{c44efbd: PendingIntentRecord{393d9b2 com.tencent.mm broadcastIntent}}com.tencent.mm} according to operation:127a49e
10-10 09:39:52.773  3697 10307 E libc    : Access denied finding property "net.dns1"
10-10 09:39:52.773  3697 10307 E libc    : Access denied finding property "net.dns2"
10-10 09:39:52.783   530 10308 I chatty  : uid=0(root) Binder:530_2 expire 2 lines
10-10 09:39:55.446  1451  1487 I chatty  : uid=1021(gps) ril0_send expire 2 lines
10-10 09:39:55.458  1451 10309 I chatty  : uid=1021(gps) /vendor/bin/hignss_hisi expire 6 lines
10-10 09:39:55.487 10310 10310 I chatty  : uid=1021(gps) expire 132 lines
10-10 09:39:55.543  1451  1493 I chatty  : uid=1021(gps) hppet expire 2 lines
10-10 09:39:56.953   739   739 I chatty  : uid=1000(system) /system/bin/thermal-daemon expire 11 lines
10-10 09:39:57.443  1934  1934 I chatty  : uid=1000(system) com.huawei.systemserver expire 11 lines
10-10 09:39:58.591   765  3523 I chatty  : uid=0(root) erecovery-event expire 25 lines
10-10 09:39:59.193   441   441 I chatty  : uid=0(root) oeminfo_nvm_ser expire 24 lines
10-10 09:40:00.698  1994  2291 I HwNaturalBase: [CommonHandler]: 32366Kb ram is used.
10-10 09:40:00.817  1496  1606 I HwBatteryService: quick charge status : 0
10-10 09:40:00.818  1496  1606 D HwBatteryService: onUEvent fcpStatus = 0
10-10 09:40:00.818  1496  1606 D HwBatteryService: onUEvent scpStatus = 0 ,ovpStatus = 0
10-10 09:40:00.818  1496  1606 I HwBatteryService: handleWirelessTxStatus
10-10 09:40:00.818  1496  1606 I HwBatteryService: switch not open, return, mWirelessTxFlag : 0
10-10 09:40:00.819  1496  1606 I UsbDeviceManager: water_intrused state= 0
10-10 09:40:10.046  1496  1889 W Watchdog: hungtask: writing kick
10-10 09:40:10.054  1934  2279 I chatty  : uid=1000(system) UEventObserver expire 48 lines
10-10 09:40:19.097  1934  2678 I chatty  : uid=1000(system) DaemonClientRec expire 8 lines
10-10 09:40:19.140  1934  4526 I chatty  : uid=1000(system) SmartcareThread expire 2 lines
10-10 09:40:25.401 22049 22049 W HiDecision: MinuteGeneratorService: This is no hour change
10-10 09:40:26.422   765  3523 I chatty  : uid=0(root) erecovery-event expire 12 lines
10-10 09:40:31.534  1496  1606 I HwBatteryService: quick charge status : 0
10-10 09:40:31.534  1496  1606 D HwBatteryService: onUEvent fcpStatus = 0
10-10 09:40:31.534  1496  1606 D HwBatteryService: onUEvent scpStatus = 0 ,ovpStatus = 0
10-10 09:40:31.534  1496  1606 I HwBatteryService: handleWirelessTxStatus
10-10 09:40:31.534  1496  1606 I HwBatteryService: switch not open, return, mWirelessTxFlag : 0
10-10 09:40:31.535  1496  1606 I UsbDeviceManager: water_intrused state= 0
10-10 09:40:31.584  1934  2279 I chatty  : uid=1000(system) UEventObserver expire 48 lines
10-10 09:40:37.493  1934  1934 I chatty  : uid=1000(system) com.huawei.systemserver expire 10 lines
10-10 09:40:40.050  1496  1889 W Watchdog: hungtask: writing kick
10-10 09:40:40.052  1496  1530 I EventHub: EventHub monitor: no key events in the past 5429s, no motion events in the past 5164s
10-10 09:40:40.838   765  3523 I chatty  : uid=0(root) erecovery-event expire 11 lines
10-10 09:40:42.246   441   441 I chatty  : uid=0(root) oeminfo_nvm_ser expire 12 lines
10-10 09:40:45.818  1994  2956 I HwNaturalBase: [Timer-0]: MultiUserManagerService:  getNotActiveUser start
10-10 09:40:47.255  2030  2030 I ImsResolver: getMmTelFeatureAndListen - slot: 2 callback: com.android.ims.MmTelFeatureConnection$1@10be016
10-10 09:40:49.738   738   767 I storaged: storaged_t::event: storage_info refreshed.
10-10 09:40:53.113  1934  2279 I chatty  : uid=1000(system) UEventObserver expire 44 lines
10-10 09:40:53.485  3697  4004 I mars::stn: [longlink_connect_monitor.cc, __IntervalConnect, 257]:longlink_progress next connect interval: 604800000, process active state: false, process foreground: false
10-10 09:40:53.499  3697  4004 I mars::stn: [longlink_connect_monitor.cc, __LongLinkStateToSystemLog, 119]:longlink_progress longlink state: connecting time: 816186989
10-10 09:40:53.504  3697 10324 E libc    : Access denied finding property "net.dns1"
10-10 09:40:53.504  3697 10324 E libc    : Access denied finding property "net.dns2"
10-10 09:40:53.511   530 10325 I chatty  : uid=0(root) Binder:530_2 expire 1 line
10-10 09:40:53.521  3697 10322 E libc    : Access denied finding property "net.dns1"
10-10 09:40:53.522  3697 10322 E libc    : Access denied finding property "net.dns2"
10-10 09:40:54.301   765  3523 I chatty  : uid=0(root) erecovery-event expire 17 lines
10-10 09:41:00.814  1994  2291 I HwNaturalBase: [CommonHandler]: 32369Kb ram is used.
10-10 09:41:02.265  1496  1606 I HwBatteryService: quick charge status : 0
10-10 09:41:02.265  1496  1606 D HwBatteryService: onUEvent fcpStatus = 0
10-10 09:41:02.265  1496  1606 D HwBatteryService: onUEvent scpStatus = 0 ,ovpStatus = 0
10-10 09:41:02.265  1496  1606 I HwBatteryService: handleWirelessTxStatus
10-10 09:41:02.265  1496  1606 I HwBatteryService: switch not open, return, mWirelessTxFlag : 0
10-10 09:41:02.266  1496  1606 I UsbDeviceManager: water_intrused state= 0
10-10 09:41:03.560  1496  1883 V BroadcastQueue: Finished with ordered broadcast BroadcastRecord{c67ec38 u0 com.tencent.mm.plugin.report.service.KVCommCrossProcessReceiver}
10-10 09:41:03.781   441   441 I chatty  : uid=0(root) oeminfo_nvm_ser expire 24 lines
10-10 09:41:09.611  1496 22034 I AlarmManager: remove alarm:Alarm{54f4b77 type 2 when 1075386973 PendingIntent{a62beaf: PendingIntentRecord{c7eb2bc com.tencent.mm broadcastIntent}}com.tencent.mm} according to operation:d88d411
10-10 09:41:09.622  3697  4004 I mars::stn: [longlink_connect_monitor.cc, __LongLinkStateToSystemLog, 119]:longlink_progress longlink state: connect failed connect socket error, disconnected time: 816203112
10-10 09:41:10.054  1496  1889 W Watchdog: hungtask: writing kick
10-10 09:41:10.056  1496  1530 I EventHub: EventHub monitor: no key events in the past 5459s, no motion events in the past 5194s
10-10 09:41:10.108  3697  4004 I mars::stn: [longlink_connect_monitor.cc, __IntervalConnect, 257]:longlink_progress next connect interval: 604800000, process active state: false, process foreground: false
10-10 09:41:10.115  1496  6168 I AlarmManager: remove alarm:Alarm{c9ae702 type 2 when 1075403596 PendingIntent{d88d411: PendingIntentRecord{a05a976 com.tencent.mm broadcastIntent}}com.tencent.mm} according to operation:cb93e4
10-10 09:41:10.125  3697  4004 I mars::stn: [longlink_connect_monitor.cc, __AutoIntervalConnect, 319]:longlink_progress set rebuild alarm, reason: rebuild longlink alarm, current time: 816203615, next rebuild time interval: 583389
10-10 09:41:14.531  1934  2279 I chatty  : uid=1000(system) UEventObserver expire 72 lines
10-10 09:41:16.082   765  3523 I chatty  : uid=0(root) erecovery-event expire 47 lines
10-10 09:41:19.650  1496  6168 V BroadcastQueue: Finished with ordered broadcast BroadcastRecord{de32813 u0 com.tencent.mm.plugin.report.service.KVCommCrossProcessReceiver}
10-10 09:41:32.988  1496  1606 I HwBatteryService: quick charge status : 0
10-10 09:41:32.988  1496  1606 D HwBatteryService: onUEvent fcpStatus = 0
10-10 09:41:32.988  1496  1606 D HwBatteryService: onUEvent scpStatus = 0 ,ovpStatus = 0
10-10 09:41:32.988  1496  1606 I HwBatteryService: handleWirelessTxStatus
10-10 09:41:32.988  1496  1606 I HwBatteryService: switch not open, return, mWirelessTxFlag : 0
10-10 09:41:32.989  1496  1606 I UsbDeviceManager: water_intrused state= 0
10-10 09:41:40.057  1496  1889 W Watchdog: hungtask: writing kick
10-10 09:41:40.059  1496  1530 I EventHub: EventHub monitor: no key events in the past 5489s, no motion events in the past 5224s
10-10 09:41:44.085   765  3523 I chatty  : uid=0(root) erecovery-event expire 13 lines
10-10 09:41:45.819  1994  2956 I HwNaturalBase: [Timer-0]: MultiUserManagerService:  getNotActiveUser start
10-10 09:41:46.824  1934  2279 I chatty  : uid=1000(system) UEventObserver expire 48 lines
10-10 09:41:46.838   441   441 I chatty  : uid=0(root) oeminfo_nvm_ser expire 14 lines
10-10 09:41:49.739   738   767 I storaged: storaged_t::event: storage_info refreshed.
10-10 09:41:51.262  2030  2030 I ImsResolver: getMmTelFeatureAndListen - slot: 2 callback: com.android.ims.MmTelFeatureConnection$1@7594d97
10-10 09:41:57.525  1934  1934 I chatty  : uid=1000(system) com.huawei.systemserver expire 15 lines
10-10 09:42:00.942  1994  2291 I HwNaturalBase: [CommonHandler]: 32369Kb ram is used.
10-10 09:42:03.699  1496  1606 I HwBatteryService: quick charge status : 0
10-10 09:42:03.700  1496  1606 D HwBatteryService: onUEvent fcpStatus = 0
10-10 09:42:03.700  1496  1606 D HwBatteryService: onUEvent scpStatus = 0 ,ovpStatus = 0
10-10 09:42:03.700  1496  1606 I HwBatteryService: handleWirelessTxStatus
10-10 09:42:03.700  1496  1606 I HwBatteryService: switch not open, return, mWirelessTxFlag : 0
10-10 09:42:03.701  1496  1606 I UsbDeviceManager: water_intrused state= 0
10-10 09:42:03.828   765  3523 I chatty  : uid=0(root) erecovery-event expire 13 lines
10-10 09:42:08.362  1934  2279 I chatty  : uid=1000(system) UEventObserver expire 32 lines
10-10 09:42:08.544  1496  1606 I HwBatteryService: quick charge status : 0
10-10 09:42:08.545  1496  1606 D HwBatteryService: onUEvent fcpStatus = 0
10-10 09:42:08.545  1496  1606 D HwBatteryService: onUEvent scpStatus = 0 ,ovpStatus = 0
10-10 09:42:08.545  1496  1606 I HwBatteryService: handleWirelessTxStatus
10-10 09:42:08.545  1496  1606 I HwBatteryService: switch not open, return, mWirelessTxFlag : 0
10-10 09:42:08.546  1496  1606 I UsbDeviceManager: water_intrused state= 0
10-10 09:42:08.553  1496 20020 I BatteryService: normal charge status : 1
10-10 09:42:08.561   573   573 D         : SetLightBattery colorRGB=FF00FF00, onMS=0, offMS=0 
10-10 09:42:08.565  1934  1934 I chatty  : uid=1000(system) com.huawei.systemserver expire 4 lines
10-10 09:42:08.565  1807  1807 W KeyguardUpdateMonitor: ACTION_BATTERY_CHANGED AMP: 0; Volt: 0
10-10 09:42:08.568  2005  2005 I chatty  : uid=1000(system) com.huawei.powergenie expire 13 lines
10-10 09:42:08.570 22049 22049 W HiDecision: SystemStateReceiver: other action
10-10 09:42:08.571  2285  2285 I chatty  : uid=1000(system) com.huawei.systemmanager:service expire 15 lines
10-10 09:42:08.572  2285  2426 I chatty  : uid=1000(system) Thread-2 expire 14 lines
10-10 09:42:08.572  2285  4571 I chatty  : uid=1000(system) Thread-10 expire 14 lines
10-10 09:42:08.575  1496  1496 D HwInnerWifiManagerImpl: SupplicantState = INACTIVE
10-10 09:42:08.575  1496  1496 D WifiStateMachine: mBcastReceiver: PluggedType = 2 mIsScanCtrlPluggedin = true
10-10 09:42:08.575  1496  1496 D HwWifiService: mPluggedType =2
10-10 09:42:08.576  1496  1496 D HwCustTethering: new plugged:2, current plugged:2
10-10 09:42:08.577  1807  1807 W MagazineUtils: check active connect, state = -1
10-10 09:42:08.581   576   576 E         : [hw_comm_get_power_state] test_scene: charger_type
10-10 09:42:08.581   576   576 E         : hw_pwr_read_int open:/sys/class/hw_power/charger/direct_charger/adaptor_detect err
10-10 09:42:08.581   576   576 E         : [hw_comm_get_power_state] test_scene: 31, result: 0 
10-10 09:42:08.590  1807  1807 W KeyguardUpdateMonitor: ChargingSpeed  Wattage: -1 ST: 5000000 --> 7500000
10-10 09:42:08.590  1807  1807 I KgBattery: BatteryInfo updated:  2lPc-1
10-10 09:42:08.591  1807  1807 W KG_FDT  : isFaceUnlockEnabled 0
10-10 09:42:08.592  1807  1807 W HwKgdBArea_BTY: updateBatteryInfo : false showBatteryInfo:  true isShowChargingFpDisplay:  false
10-10 09:42:08.592  1807  1807 W HwKgdBArea_BTY: updateBatteryInfo : false showBatteryInfo:  true isShowChargingFpDisplay:  false
10-10 09:42:08.593  1807  1807 W HwLockScreenPanel: refreshBatteryInfo: null
10-10 09:42:08.593  1807  1807 W HwLockScreenPanel: Handle message: 100
10-10 09:42:08.594  1807  1964 W KgBattery: getCharge info with type: text
10-10 09:42:08.610  1807  1807 W PanelView: set notification panel padding = 1556
10-10 09:42:08.610  1807  1807 W HwBackDropView: setAnimationParamInner 0.0   0
10-10 09:42:08.611  1807  1807 W HwKeyguardBottomArea: refresh Charge status layout when dp changed
10-10 09:42:08.613  1807  1807 W HwKeyguardBottomArea: refresh Charge status layout when dp changed
10-10 09:42:08.631  1807  1807 W PanelView: set notification panel padding = 1556
10-10 09:42:08.631  1807  1807 W HwBackDropView: setAnimationParamInner 0.0   0
10-10 09:42:10.061  1496  1889 W Watchdog: hungtask: writing kick
10-10 09:42:10.063  1496  1530 I EventHub: EventHub monitor: no key events in the past 5519s, no motion events in the past 5254s
10-10 09:42:11.990   576   576 I Legacy PowerHAL: get_number_of_platform_modes
10-10 09:42:11.990   576   576 I Legacy PowerHAL: get_voter_list!
10-10 09:42:11.990   576   576 I Legacy PowerHAL: get_platform_low_power_stats update list
10-10 09:42:11.998   441   441 I chatty  : uid=0(root) oeminfo_nvm_ser expire 19 lines
10-10 09:42:19.161  2005  3838 I chatty  : uid=1000(system) HandleHighTempT expire 17 lines
10-10 09:42:19.199   540   584 I ArHal   : (ar_data_netlink_cb:840):cmd[2].length[48]
10-10 09:42:19.201  1934  2119 I chatty  : uid=1000(system) HwBinder:1934_1 expire 3 lines
10-10 09:42:19.204  3576  3603 I chatty  : uid=10081(com.huawei.hiai) Binder:3576_1 expire 20 lines
10-10 09:42:19.211  1918  1947 D HwLBSService.HwNLPMSDPFunction: onMovementStatusChanged, type: 0
10-10 09:42:19.216  2494  2509 I chatty  : uid=10055(com.huawei.hwid) Binder:2494_2 expire 14 lines
10-10 09:42:19.223  3576  3721 I chatty  : uid=10081(com.huawei.hiai) myHandlerThread expire 46 lines
10-10 09:42:19.226  1974  1993 I chatty  : uid=1000(system) Binder:1974_2 expire 23 lines
10-10 09:42:19.228  1496  6168 W ActivityManager: Sending non-protected broadcast com.huawei.hiai.awareness.movement from system uid 1000 pkg com.huawei.powergenie
10-10 09:42:19.229  1496  6168 W ActivityManager: Sending non-protected broadcast com.huawei.hiai.awareness.movement from system uid 1000 pkg com.huawei.powergenie
10-10 09:42:19.232  1974  2266 I chatty  : uid=1000(system) OdmfCtrlThread expire 24 lines
10-10 09:42:19.234  2005  2154 I chatty  : uid=1000(system) core expire 10 lines
10-10 09:42:19.234  1974  2269 I chatty  : uid=1000(system) OdmfDataThread expire 16 lines
10-10 09:42:19.237  1496 22034 W ActivityManager: Sending non-protected broadcast com.huawei.hiai.awareness.movement from system uid 1000 pkg com.huawei.powergenie
10-10 09:42:19.237  1496 22034 W ActivityManager: Sending non-protected broadcast com.huawei.hiai.awareness.movement from system uid 1000 pkg com.huawei.powergenie
10-10 09:42:22.433   765  3523 I chatty  : uid=0(root) erecovery-event expire 14 lines
10-10 09:42:22.749  1934  2279 I chatty  : uid=1000(system) UEventObserver expire 48 lines
10-10 09:42:22.772  3697 10343 E libc    : Access denied finding property "net.dns1"
10-10 09:42:22.772  3697 10343 E libc    : Access denied finding property "net.dns2"
10-10 09:42:22.779   530 10344 I chatty  : uid=0(root) Binder:530_2 expire 2 lines
10-10 09:42:34.428  1496  1606 I HwBatteryService: quick charge status : 0
10-10 09:42:34.429  1496  1606 D HwBatteryService: onUEvent fcpStatus = 0
10-10 09:42:34.429  1496  1606 D HwBatteryService: onUEvent scpStatus = 0 ,ovpStatus = 0
10-10 09:42:34.429  1496  1606 I HwBatteryService: handleWirelessTxStatus
10-10 09:42:34.429  1496  1606 I HwBatteryService: switch not open, return, mWirelessTxFlag : 0
10-10 09:42:34.430  1496  1606 I UsbDeviceManager: water_intrused state= 0
10-10 09:42:40.065  1496  1889 W Watchdog: hungtask: writing kick
10-10 09:42:40.067  1496  1530 I EventHub: EventHub monitor: no key events in the past 5549s, no motion events in the past 5284s
10-10 09:42:44.280  1934  2279 I chatty  : uid=1000(system) UEventObserver expire 35 lines
10-10 09:42:44.303   441   441 I chatty  : uid=0(root) oeminfo_nvm_ser expire 15 lines
10-10 09:42:45.819  1994  2956 I chatty  : uid=1000(system) Timer-0 expire 11 lines
10-10 09:42:46.186   765  3523 I chatty  : uid=0(root) erecovery-event expire 52 lines
10-10 09:42:49.741   738   767 I storaged: storaged_t::event: storage_info refreshed.
10-10 09:42:52.956  2005  3835 I chatty  : uid=1000(system) ThermalTraceThr expire 6 lines
10-10 09:42:52.962 32212 32212 D MtpReceiver: Debug MTP:ACTION_USB_STATE 
10-10 09:42:52.963 21737 21737 I chatty  : uid=1000(system) com.android.settings expire 15 lines
10-10 09:42:52.963 32212 32212 D MtpReceiver: handleUsbState startService
10-10 09:42:52.963 32212 32212 D MtpReceiver: Debug MTP:srart MTP service 
10-10 09:42:52.963 32212 32274 D MediaProvider: fixParentIdIfNeeded called
10-10 09:42:52.967 32212 32212 D MtpService: starting MTP server in MTP mode with storage /storage/emulated/0 unlocked as user 0
10-10 09:42:52.967 32212 32212 I HWSERVICES: hwnative_get_component:libstagefright,Scanner
10-10 09:42:52.968   647   673 I HISEC   : [STATIC    ] static check started
10-10 09:42:52.968   647   672 I iMonitor: create: 940001000
10-10 09:42:52.969   647   672 I iMonitor: send: 940001000
10-10 09:42:52.969   647   672 I HISEC   : [ENGINE    ] upload threat succeed: name:usb-debug,stat:RISK,cred:Y,seq:441,table: 0 0 0 2,errno:5#1y,detail:"CONFIGURED"
10-10 09:42:52.970 32212 32212 I StagefrightMediaScannerEx: StagefrightMediaScanner Constructor
10-10 09:42:52.973 32212 32212 D MediaScanner: setStorageEjectFlag flag = 0
10-10 09:42:52.974 32212 32212 D MediaScanner: totalMemoryGb 3, lowRamDevice falsemMaxFileCacheEntrySize = 90000
10-10 09:42:52.976 21737 21737 W ContextImpl: Calling a method in the system process without a qualified user: android.app.ContextImpl.startService:1771 android.content.ContextWrapper.startService:664 android.content.ContextWrapper.startService:664 com.android.settings.deviceinfo.UsbReceiver.startUsbService:322 com.android.settings.deviceinfo.UsbReceiver.onUsbStateReceive:168 
10-10 09:42:52.978 32212 32212 I MtpService: Couldn't get control FD!
10-10 09:42:52.978 32212 32212 I HWSERVICES: hwnative_get_component_mtpServer  comes...
10-10 09:42:52.980 32212 32212 V MtpServerEx: constructor
10-10 09:42:52.980 32212 32212 I HwMtpServerExJNI: set MtpServerEx 0x70bb91ba00
10-10 09:42:52.980 32212 32212 I HwMtpServerExJNI: Finish to setup MtpServer
10-10 09:42:52.980   647   673 E OEMINFO_NVM_CLIENT: OinvRecvReturn: RET_FAIL return.
10-10 09:42:52.980   647   673 E OEMINFO_NVM_CLIENT: rmt_oeminfo_read: index(103) get data from server fail.
10-10 09:42:52.981 21737 21737 W ContextImpl: Calling a method in the system process without a qualified user: android.app.ContextImpl.startService:1771 android.content.ContextWrapper.startService:664 android.content.ContextWrapper.startService:664 com.android.settings.deviceinfo.UsbReceiver.startUsbService:322 com.android.settings.deviceinfo.UsbReceiver.onUsbStateReceive:231 
10-10 09:42:52.983 21737 10348 I chatty  : uid=1000(system) com.android.settings expire 6 lines
10-10 09:42:52.987 32212 32212 V MtpService: Adding MTP storage:/storage/emulated/0
10-10 09:42:52.988  1496  6168 V BroadcastQueue: Finished with ordered broadcast BroadcastRecord{b54714e u-1 android.hardware.usb.action.USB_STATE}
10-10 09:42:52.998 32212 32212 E MtpDatabase: addStorageId : 65537
10-10 09:42:52.999 32212 32212 E HwMtpServerExJNI: android_mtp_MtpServerEx_add_storage, line 134
10-10 09:42:52.999 32212 32212 I HWSERVICES: hwnative_get_component_mtpStorage  comes...
10-10 09:42:53.000 32212 32212 E HWSERVICES: hwnative_get_component_mtpStorage error: undefined symbol: _Z27createMyComponentMtpStoragePvjPKcS1_mbm
10-10 09:42:53.643  4934  4934 I adbd    : Calling send_auth_request...
10-10 09:42:53.647  4934  4934 I adbd    : Loading keys from /data/misc/adb/adb_keys
10-10 09:42:53.652  4934  4934 I adbd    : adb client authorized
10-10 09:42:53.688  1496  6168 I NotificationService: enqueueNotificationInternal: pkg=com.android.settings id=1000002 notification=Notification(channel=SETTINGS_USB pri=1 contentView=null vibrate=null sound=null tick defaults=0x0 flags=0x2 color=0x00000000 vis=PRIVATE)
10-10 09:42:53.688  1496  6168 I chatty  : uid=1000(system) Binder:1496_13 expire 10 lines
10-10 09:42:53.689  1496  6168 I NotificationService: enqueueNotificationInternal Channel Info : pkg=com.android.settings id=1000002 importance =1
10-10 09:42:53.709  3264 22876 E SQLiteLog: (1) 
10-10 09:42:53.710  1807  1807 D NotificationEntryMgr: updateNotification(StatusBarNotification(pkg=com.android.settings user=UserHandle{0} id=1000002 tag=null key=0|com.android.settings|1000002|null|1000: Notification(channel=SETTINGS_USB pri=1 contentView=null vibrate=null sound=null tick defaults=0x0 flags=0x2 color=0x00000000 vis=PRIVATE)))
10-10 09:42:53.715  1807  1807 I NotificationInflation2: start: entry=74221167,key=0|com.android.settings|1000002|null|1000
10-10 09:42:53.716  1807  1807 D NotificationEntryMgr: No peeking: not in use: 0|com.android.settings|1000002|null|1000
10-10 09:42:53.716  1807  3046 I NotificationInflation4: doInBackground is begin
