10-09 21:12:47.503 I/BoosterSwitchP( 1934): notifyUidState do nothing
10-09 21:12:47.503 I/DeepNoDisturbP( 1934): notifyUidState
10-09 21:12:47.503 I/BrowserChrP( 1934): notifyUidState
10-09 21:12:47.527 D/SmartDualCardSM( 1934): IdleState:got msg.what=EVENT_HARD_SWITCH_CONDITION_CHECK
10-09 21:12:47.542 E/SmartDualCardTraffic( 1934): getMealTrafficImpl fail,invalid imsi
10-09 21:12:47.542 D/SmartDualCardSM( 1934): boosterDump:prop=true SdcSwitchOn=false DataSwitchOn=true WifiConnect=false AirplaneOn=false ScreenOn=false VSimEnabled=false CallOn=false AppState=GENERAL_BACKGROUND HidataAppState=GENERAL_BACKGROUND defaultDataSub=1 default4GSlot=1 DataOn=false M_MmsUtPdp=false userType=2
10-09 21:12:47.554 D/SmartDualCardSM( 1934): isMasterCardNetworkBad return true case1,mNetworkType=-1
10-09 21:12:47.555 D/SmartDualCardSM( 1934): isSlaveCardNetworkBad return true,mSignalStrength=2,mNetworkType=3,mDownlinkSpeedLimit=1048576,mDataRoaming=false
10-09 21:12:47.559 E/SmartDualCardTraffic( 1934): getMealTrafficImpl fail,invalid imsi
10-09 21:12:47.559 D/SmartDualCardSM( 1934): boosterDump:SlaveActive=false SameOperator=false M_NetworkBad=true S_NetworkBad=true M_DLSpeedLimit=1048576 S_DLSpeedLimit=1048576 M_DataRoam=false S_DataRoam=false VPNMode=false TetherOn=false AppQoeSlow=false HidataAppQoeSlow=false GameExpBad=false DsdsState=0 S_TrafficEnough=true
10-09 21:12:47.823 W/SocketListener(  530): sending broadcast to Pid = 1496, Uid = 1000 
10-09 21:12:47.857 I/wificond(  740): Pno scan stopped
10-09 21:12:47.872 I/wificond(  740): Pno scan started
10-09 21:12:48.004 I/chatty  ( 1496): uid=1000(system) Thread-7 expire 1 line
10-09 21:42:47.310 I/chatty  ( 1496): uid=1000(system) Binder:1496_15 expire 5 lines
10-09 21:42:47.311 I/chatty  ( 1496): uid=1000(system) NetworkStats expire 16 lines
10-09 21:42:47.327 I/chatty  ( 1496): uid=1000 system_server expire 17 lines
10-09 21:42:47.328 I/chatty  ( 1496): uid=1000(system) WifiStateMachin expire 2 lines
10-09 21:42:47.345 I/chatty  ( 1496): uid=1000(system) NetdConnector expire 18 lines
10-09 21:42:47.352 I/chatty  ( 1496): uid=1000(system) WifiScanningSer expire 2 lines
10-09 21:42:47.353 I/wificond(  740): Pno scan result ready event
10-09 21:42:47.355 I/wificond(  740): Unexpected empty scan result!
10-09 21:42:47.379 I/chatty  ( 1496): uid=1000(system) Binder:1496_14 expire 5 lines
10-09 21:42:47.384 I/chatty  ( 1496): uid=1000(system) Binder:1496_1A expire 2 lines
10-09 21:42:47.385 I/chatty  ( 1496): uid=1000(system) tworkPolicy.uid expire 4 lines
10-09 21:42:47.397 I/chatty  ( 1496): uid=1000(system) Binder:1496_13 expire 6 lines
10-09 21:42:47.403 I/chatty  ( 1496): uid=1000(system) Binder:1496_1 expire 5 lines
10-09 21:42:47.417 I/chatty  ( 1496): uid=1000(system) android.bg expire 1 line
10-09 21:42:47.421 I/chatty  ( 1496): uid=1000(system) Binder:1496_3 expire 6 lines
10-09 21:42:47.494 I/chatty  ( 1496): uid=1000(system) Binder:1496_D expire 4 lines
10-09 21:42:47.756 I/chatty  ( 1496): uid=1000(system) watchdog expire 1 line
10-09 21:42:47.912 W/SocketListener(  530): sending broadcast to Pid = 1496, Uid = 1000 
10-09 21:42:47.916 I/chatty  ( 1496): uid=1000(system) android.fg expire 2 lines
10-09 21:42:47.949 I/wificond(  740): Pno scan stopped
10-09 21:42:47.968 I/wificond(  740): Pno scan started
10-09 22:00:00.272 I/chatty  ( 1496): uid=1000(system) AudioService expire 1 line
10-09 22:12:47.469 I/wificond(  740): Pno scan result ready event
10-09 22:12:47.472 I/wificond(  740): Unexpected empty scan result!
10-09 22:12:48.032 W/SocketListener(  530): sending broadcast to Pid = 1496, Uid = 1000 
10-09 22:12:48.033 I/chatty  ( 1496): uid=1000(system) NetdConnector expire 12 lines
10-09 22:12:48.035 I/chatty  ( 1496): uid=1000(system) android.fg expire 6 lines
10-09 22:12:48.052 I/wificond(  740): Pno scan stopped
10-09 22:12:48.065 I/wificond(  740): Pno scan started
10-09 22:42:47.510 I/chatty  ( 1496): uid=1000(system) NetworkStats expire 16 lines
10-09 22:42:47.533 I/chatty  ( 1496): uid=1000 system_server expire 14 lines
10-09 22:42:47.534 I/chatty  ( 1496): uid=1000(system) WifiStateMachin expire 2 lines
10-09 22:42:47.551 I/chatty  ( 1496): uid=1000(system) Binder:1496_1F expire 4 lines
10-09 22:42:47.556 I/chatty  ( 1496): uid=1000(system) Binder:1496_1 expire 35 lines
10-09 22:42:47.560 I/chatty  ( 1496): uid=1000(system) WifiScanningSer expire 2 lines
10-09 22:42:47.562 I/wificond(  740): Pno scan result ready event
10-09 22:42:47.563 I/wificond(  740): Unexpected empty scan result!
10-09 22:42:47.771 I/chatty  ( 1496): uid=1000(system) Binder:1496_13 expire 9 lines
10-09 22:42:47.778 I/chatty  ( 1496): uid=1000(system) Binder:1496_10 expire 29 lines
10-09 22:42:47.800 I/chatty  ( 1496): uid=1000(system) Binder:1496_1A expire 2 lines
10-09 22:42:47.985 I/chatty  ( 1496): uid=1000(system) android.bg expire 3 lines
10-09 22:42:48.118 W/SocketListener(  530): sending broadcast to Pid = 1496, Uid = 1000 
10-09 22:42:48.148 I/wificond(  740): Pno scan stopped
10-09 22:42:48.160 I/wificond(  740): Pno scan started
10-09 22:45:42.240 I/chatty  ( 1496): uid=1000(system) NetdConnector expire 10 lines
10-09 22:45:42.307 I/chatty  ( 1496): uid=1000(system) Binder:1496_3 expire 4 lines
10-09 22:58:07.248 I/chatty  ( 1496): uid=1000(system) Binder:1496_15 expire 4 lines
10-09 22:58:07.281 I/chatty  ( 1496): uid=1000(system) onProviders.ECP expire 1 line
10-09 22:58:07.284 I/chatty  ( 1496): uid=1000(system) tworkPolicy.uid expire 2 lines
10-09 23:12:47.668 I/wificond(  740): Pno scan result ready event
10-09 23:12:47.670 I/wificond(  740): Unexpected empty scan result!
10-09 23:12:47.692 I/chatty  ( 1496): uid=1000(system) ActivityManager expire 1 line
10-09 23:12:47.693 I/chatty  ( 1496): uid=1000(system) MultiTaskManage expire 1 line
10-09 23:12:47.724 D/ActivityThread( 3519): Attach thread to application
10-09 23:12:47.886 I/BoosterSwitchP( 1934): notifyUidState do nothing
10-09 23:12:47.886 I/DeepNoDisturbP( 1934): notifyUidState
10-09 23:12:47.886 I/BrowserChrP( 1934): notifyUidState
10-09 23:12:48.226 W/SocketListener(  530): sending broadcast to Pid = 1496, Uid = 1000 
10-09 23:12:48.227 I/chatty  ( 1496): uid=1000(system) NetdConnector expire 3 lines
10-09 23:12:48.232 I/chatty  ( 1496): uid=1000(system) Binder:1496_10 expire 20 lines
10-09 23:12:48.235 I/chatty  ( 1496): uid=1000(system) NetdConnector expire 19 lines
10-09 23:12:48.249 I/wificond(  740): Pno scan stopped
10-09 23:12:48.258 I/wificond(  740): Pno scan started
10-09 23:12:48.268 I/chatty  ( 1496): uid=1000(system) Binder:1496_1 expire 15 lines
10-09 23:12:48.388 I/chatty  ( 1496): uid=1000(system) Thread-7 expire 1 line
10-09 23:12:48.601 D/SmartDualCardSM( 1934): IdleState:got msg.what=EVENT_HARD_SWITCH_CONDITION_CHECK
10-09 23:12:48.616 E/SmartDualCardTraffic( 1934): getMealTrafficImpl fail,invalid imsi
10-09 23:12:48.617 D/SmartDualCardSM( 1934): boosterDump:prop=true SdcSwitchOn=false DataSwitchOn=true WifiConnect=false AirplaneOn=false ScreenOn=false VSimEnabled=false CallOn=false AppState=GENERAL_BACKGROUND HidataAppState=GENERAL_BACKGROUND defaultDataSub=1 default4GSlot=1 DataOn=false M_MmsUtPdp=false userType=2
10-09 23:12:48.626 D/SmartDualCardSM( 1934): isMasterCardNetworkBad return true case1,mNetworkType=-1
10-09 23:12:48.627 D/SmartDualCardSM( 1934): isSlaveCardNetworkBad return true,mSignalStrength=2,mNetworkType=3,mDownlinkSpeedLimit=1048576,mDataRoaming=false
10-09 23:12:48.630 E/SmartDualCardTraffic( 1934): getMealTrafficImpl fail,invalid imsi
10-09 23:12:48.631 D/SmartDualCardSM( 1934): boosterDump:SlaveActive=false SameOperator=false M_NetworkBad=true S_NetworkBad=true M_DLSpeedLimit=1048576 S_DLSpeedLimit=1048576 M_DataRoam=false S_DataRoam=false VPNMode=false TetherOn=false AppQoeSlow=false HidataAppQoeSlow=false GameExpBad=false DsdsState=0 S_TrafficEnough=true
10-09 23:42:47.703 I/chatty  ( 1496): uid=1000(system) NetworkStats expire 8 lines
10-09 23:42:47.730 I/chatty  ( 1496): uid=1000 system_server expire 8 lines
10-09 23:42:47.731 I/chatty  ( 1496): uid=1000(system) WifiStateMachin expire 2 lines
10-09 23:42:47.752 I/chatty  ( 1496): uid=1000(system) Binder:1496_3 expire 4 lines
10-09 23:42:47.756 I/chatty  ( 1496): uid=1000(system) WifiScanningSer expire 1 line
10-09 23:42:47.757 I/chatty  ( 1496): uid=1000(system) Binder:1496_13 expire 4 lines
10-09 23:42:47.758 I/chatty  ( 1496): uid=1000(system) Binder:1496_D expire 4 lines
10-09 23:42:47.767 I/wificond(  740): Pno scan result ready event
10-09 23:42:47.769 I/wificond(  740): Unexpected empty scan result!
10-09 23:42:47.799 I/chatty  ( 1496): uid=1000(system) Binder:1496_1 expire 13 lines
10-09 23:42:47.799 I/chatty  ( 1496): uid=1000(system) Binder:1496_C expire 5 lines
10-09 23:42:47.803 I/chatty  ( 1496): uid=1000(system) Binder:1496_15 expire 3 lines
10-09 23:42:47.936 I/chatty  ( 1496): uid=1000(system) NetworkWatchlis expire 2 lines
10-09 23:42:47.953 W/ContextImpl( 2005): Calling a method in the system process without a qualified user: android.app.ContextImpl.sendBroadcast:1183 android.content.ContextWrapper.sendBroadcast:449 com.huawei.iaware.userhabit.NRTUserHabitTrainManager$NRTUserHabitHandler.handleTrain:444 com.huawei.iaware.userhabit.NRTUserHabitTrainManager$NRTUserHabitHandler.handleMessage:252 android.os.Handler.dispatchMessage:112 
10-09 23:42:48.320 W/SocketListener(  530): sending broadcast to Pid = 1496, Uid = 1000 
10-09 23:42:48.324 I/chatty  ( 1496): uid=1000(system) NetdConnector expire 14 lines
10-09 23:42:48.328 I/chatty  ( 1496): uid=1000(system) android.fg expire 5 lines
10-09 23:42:48.344 I/wificond(  740): Pno scan stopped
10-09 23:42:48.352 I/wificond(  740): Pno scan started
10-09 23:42:48.389 I/chatty  ( 1496): uid=1000(system) WifiP2pService expire 3 lines
10-09 23:42:48.391 I/chatty  ( 1496): uid=1000(system) android.display expire 10 lines
10-09 23:42:48.411 W/ContextImpl(21737): Calling a method in the system process without a qualified user: android.app.ContextImpl.startService:1771 android.content.ContextWrapper.startService:664 android.content.ContextWrapper.startService:664 com.android.settings.wifi.cmcc.ConnectSwitchReceiver.onReceive:61 android.app.ActivityThread.handleReceiver:4018 
10-09 23:42:48.491 W/SocketListener(  530): sending broadcast to Pid = 1496, Uid = 1000 
10-09 23:42:48.491 W/SocketListener(  530): sending broadcast to Pid = 1496, Uid = 1000 
10-09 23:42:48.492 W/wificond(  740): Unexpected pno scan stopped event
10-09 23:42:48.493 W/SocketListener(  530): sending broadcast to Pid = 1496, Uid = 1000 
10-09 23:42:48.496 W/SocketListener(  530): sending broadcast to Pid = 1496, Uid = 1000 
10-09 23:42:48.502 I/wificond(  740): Unsubscribe scan result for interface with index: 33
10-09 23:42:48.504 W/wificond(  740): enter wifi_stop_supplicant ...
10-09 23:42:48.504 W/wificond(  740): supplicant prop is null, wait at most 2 seconds for completion
10-09 23:42:48.516 I/chatty  ( 1496): uid=1000(system) android.fg expire 17 lines
10-09 23:42:48.519 W/SocketListener(  530): sending broadcast to Pid = 1496, Uid = 1000 
10-09 23:42:48.521 I/chatty  ( 1496): uid=1000(system) NetdConnector expire 32 lines
10-09 23:42:48.549 W/SocketListener(  530): sending broadcast to Pid = 1496, Uid = 1000 
10-09 23:42:48.552 E/vendor.huawei.hardware.wifi@1.1-service(  578): Failed to open directory: Permission denied
10-09 23:42:48.552 E/vendor.huawei.hardware.wifi@1.1-service(  578): Error occurred while deleting old tombstone files
10-09 23:42:48.552 E/vendor.huawei.hardware.wifi@1.1-service(  578): Error writing files to flash
10-09 23:42:48.553 I/vendor.huawei.hardware.wifi@1.1-service(  578): Legacy HAL stop complete callback received
10-09 23:42:48.758 I/vendor.huawei.hardware.wifi@1.1-service(  578): Wifi HAL stopped
10-09 23:42:48.765 I/chatty  ( 1496): uid=1000 system_server expire 30 lines
10-09 23:42:48.768 I/chatty  ( 1934): uid=1000(system) com.huawei.systemserver expire 16 lines
10-09 23:42:48.768 I/chatty  ( 1496): uid=1000(system) NetworkStats expire 30 lines
10-09 23:42:48.773 I/chatty  ( 1934): uid=1000(system) HwCommBoosterTh expire 21 lines
10-09 23:42:48.790 I/chatty  ( 1496): uid=1000(system) WifiP2pService expire 14 lines
10-09 23:42:48.794 W/ContextImpl(21737): Calling a method in the system process without a qualified user: android.app.ContextImpl.startService:1771 android.content.ContextWrapper.startService:664 android.content.ContextWrapper.startService:664 com.android.settings.wifi.AccessPointConnectedReceiver.onReceive:43 android.app.ActivityThread.handleReceiver:4018 
10-09 23:42:48.809 I/chatty  ( 1496): uid=1000 system_server expire 1 line
10-09 23:42:48.813 W/ContextImpl(21737): Calling a method in the system process without a qualified user: android.app.ContextImpl.startService:1771 android.content.ContextWrapper.startService:664 android.content.ContextWrapper.startService:664 com.android.settings.wifi.cmcc.ConnectSwitchReceiver.onReceive:61 android.app.ActivityThread.handleReceiver:4018 
10-09 23:42:48.827 I/chatty  ( 1496): uid=1000(system) ActivityManager expire 10 lines
10-09 23:42:48.827 I/vendor.huawei.hardware.wifi@1.1-service(  578): Wifi HAL started
10-09 23:42:48.828 W/wificond(  740): enter StartSupplicant ...
10-09 23:42:48.834 W/wificond(  740): wifi_start_supplicant try to wait start
10-09 23:42:48.849 W/ContextImpl(21737): Calling a method in the system process without a qualified user: android.app.ContextImpl.startService:1771 android.content.ContextWrapper.startService:664 android.content.ContextWrapper.startService:664 com.android.settings.wifi.cmcc.ConnectSwitchReceiver.onReceive:61 android.app.ActivityThread.handleReceiver:4018 
10-09 23:42:48.855 I/chatty  ( 1496): uid=1000(system) Binder:1496_15 expire 12 lines
10-09 23:42:48.866 I/chatty  ( 1496): uid=1000(system) Binder:1496_4 expire 16 lines
10-09 23:42:49.429 W/SocketListener(  530): sending broadcast to Pid = 1496, Uid = 1000 
10-09 23:42:49.432 I/vendor.huawei.hardware.wifi@1.1-service(  578): Adding interface handle for p2p0
10-09 23:42:49.432 I/vendor.huawei.hardware.wifi@1.1-service(  578): Adding interface handle for wlan0
10-09 23:42:49.432 E/vendor.huawei.hardware.wifi@1.1-service(  578): Failed to register radio mode change callback
10-09 23:42:49.432 I/vendor.huawei.hardware.wifi@1.1-service(  578): Configured chip in mode 0
10-09 23:42:49.433 E/vendor.huawei.hardware.wifi@1.1-service(  578): Failed to set DFS flag; DFS channels may be unavailable.
10-09 23:42:49.453 I/wificond(  740): create scanner for interface with index: 33
10-09 23:42:49.453 I/wificond(  740): subscribe scan result for interface with index: 33
10-09 23:42:49.454 E/wificond(  740): No Offload Service available
10-09 23:42:49.454 I/wificond(  740): Offload HAL not supported 
10-09 23:42:49.463 W/SocketListener(  530): sending broadcast to Pid = 1496, Uid = 1000 
10-09 23:42:49.464 W/SocketListener(  530): sending broadcast to Pid = 1496, Uid = 1000 
10-09 23:42:49.551 I/chatty  ( 1496): uid=1000(system) WifiStateMachin expire 10 lines
10-09 23:42:49.570 W/wificond(  740): No pno scan started
10-09 23:42:49.570 W/wificond(  740): Scheduled scan is not running!
10-09 23:42:49.579 I/chatty  ( 1496): uid=1000(system) batterystats-wo expire 2 lines
10-09 23:59:14.227 I/chatty  ( 1496): uid=1000(system) Binder:1496_13 expire 13 lines
10-09 23:59:14.242 I/chatty  ( 1496): uid=1000(system) PowerManagerSer expire 15 lines
10-10 00:12:47.863 I/chatty  ( 1496): uid=1000(system) Binder:1496_D expire 12 lines
10-10 00:12:47.878 I/chatty  ( 1496): uid=1000(system) Binder:1496_C expire 9 lines
10-10 00:12:47.895 I/chatty  ( 1496): uid=1000(system) android.bg expire 31 lines
10-10 00:12:47.895 I/chatty  ( 1496): uid=1000(system) Binder:1496_1 expire 7 lines
10-10 00:42:48.270 I/chatty  ( 1496): uid=1000(system) watchdog expire 5 lines
10-10 00:57:47.189 I/chatty  ( 1496): uid=1000(system) UEventObserver expire 6 lines
10-10 00:57:47.206 I/chatty  ( 1496): uid=1000(system) HwBinder:1496_1 expire 1 line
10-10 01:13:35.467 I/chatty  ( 1496): uid=1000(system) Binder:1496_1F expire 12 lines
10-10 01:13:35.495 I/chatty  ( 1496): uid=1000(system) Binder:1496_10 expire 20 lines
10-10 01:13:35.678 I/chatty  ( 1496): uid=1000(system) ActivityManager expire 9 lines
10-10 01:13:35.679 I/chatty  ( 1496): uid=1000(system) MultiTaskManage expire 9 lines
10-10 01:13:35.705 D/ActivityThread( 3598): Attach thread to application
10-10 01:13:35.840 I/chatty  ( 1934): uid=1000(system) Binder:1934_1 expire 6 lines
10-10 01:13:36.342 I/chatty  ( 1496): uid=1000(system) Thread-7 expire 6 lines
10-10 01:13:38.488 I/chatty  ( 1496): uid=1000 system_server expire 31 lines
10-10 01:13:39.155 I/storaged(  738): storaged_t::event: storage_info refreshed.
10-10 01:14:05.572 I/chatty  ( 1496): uid=1000(system) android.bg expire 15 lines
10-10 01:14:05.585 I/chatty  ( 1496): uid=1000(system) NetdConnector expire 24 lines
10-10 02:27:47.199 I/chatty  ( 1496): uid=1000(system) NetworkStats expire 56 lines
10-10 02:27:47.308 I/chatty  ( 1496): uid=1000(system) Binder:1496_E expire 6 lines
10-10 04:42:47.258 I/chatty  ( 1496): uid=1000(system) Binder:1496_14 expire 2 lines
10-10 04:42:47.273 I/chatty  ( 1496): uid=1000(system) Binder:1496_4 expire 1 line
10-10 04:42:47.276 I/chatty  ( 1496): uid=1000(system) Binder:1496_1A expire 5 lines
10-10 04:42:47.276 I/chatty  ( 1496): uid=1000(system) ConnectivitySer expire 2 lines
10-10 04:42:47.277 I/chatty  ( 1496): uid=1000(system) Binder:1496_F expire 16 lines
10-10 04:42:47.289 I/chatty  ( 1934): uid=1000(system) Binder:1934_5 expire 3 lines
10-10 04:42:47.365 D/ActivityThread( 3670): Attach thread to application
10-10 04:42:47.481 I/chatty  ( 1496): uid=1000(system) Binder:1496_1D expire 28 lines
10-10 04:42:47.496 I/chatty  ( 1934): uid=1000(system) Binder:1934_7 expire 9 lines
10-10 04:42:47.519 I/chatty  ( 1496): uid=1000(system) Binder:1496_10 expire 16 lines
10-10 04:42:47.566 I/chatty  ( 1496): uid=1000(system) Binder:1496_5 expire 10 lines
10-10 04:57:47.419 D/ActivityThread( 3697): Attach thread to application
10-10 04:57:47.470 E/LoadedApk( 3697): Unable to instantiate appComponentFactory
10-10 04:57:47.470 E/LoadedApk( 3697): java.lang.ClassNotFoundException: Didn't find class "androidx.core.app.CoreComponentFactory" on path: DexPathList[[zip file "/system/framework/org.apache.http.legacy.boot.jar", zip file "/system/framework/hwkeystore.jar", zip file "/data/app/com.tencent.mm-DvCcgBI8u6Z6_0uAYi-04A==/base.apk"],nativeLibraryDirectories=[/data/app/com.tencent.mm-DvCcgBI8u6Z6_0uAYi-04A==/lib/arm64, /data/app/com.tencent.mm-DvCcgBI8u6Z6_0uAYi-04A==/base.apk!/lib/arm64-v8a, /system/lib64, /product/lib64]]
10-10 04:57:47.470 E/LoadedApk( 3697): 	at dalvik.system.BaseDexClassLoader.findClass(BaseDexClassLoader.java:134)
10-10 04:57:47.470 E/LoadedApk( 3697): 	at java.lang.ClassLoader.loadClass(ClassLoader.java:379)
10-10 04:57:47.470 E/LoadedApk( 3697): 	at java.lang.ClassLoader.loadClass(ClassLoader.java:312)
10-10 04:57:47.470 E/LoadedApk( 3697): 	at android.app.LoadedApk.createAppFactory(LoadedApk.java:255)
10-10 04:57:47.470 E/LoadedApk( 3697): 	at android.app.LoadedApk.createOrUpdateClassLoaderLocked(LoadedApk.java:803)
10-10 04:57:47.470 E/LoadedApk( 3697): 	at android.app.LoadedApk.getClassLoader(LoadedApk.java:882)
10-10 04:57:47.470 E/LoadedApk( 3697): 	at android.app.LoadedApk.getResources(LoadedApk.java:1142)
10-10 04:57:47.470 E/LoadedApk( 3697): 	at android.app.ContextImpl.createAppContext(ContextImpl.java:2630)
10-10 04:57:47.470 E/LoadedApk( 3697): 	at android.app.ActivityThread.handleBindApplication(ActivityThread.java:6591)
10-10 04:57:47.470 E/LoadedApk( 3697): 	at android.app.ActivityThread.access$2000(ActivityThread.java:259)
10-10 04:57:47.470 E/LoadedApk( 3697): 	at android.app.ActivityThread$H.handleMessage(ActivityThread.java:2028)
10-10 04:57:47.470 E/LoadedApk( 3697): 	at android.os.Handler.dispatchMessage(Handler.java:112)
10-10 04:57:47.470 E/LoadedApk( 3697): 	at android.os.Looper.loop(Looper.java:216)
10-10 04:57:47.470 E/LoadedApk( 3697): 	at android.app.ActivityThread.main(ActivityThread.java:7586)
10-10 04:57:47.470 E/LoadedApk( 3697): 	at java.lang.reflect.Method.invoke(Native Method)
10-10 04:57:47.470 E/LoadedApk( 3697): 	at com.android.internal.os.RuntimeInit$MethodAndArgsCaller.run(RuntimeInit.java:524)
10-10 04:57:47.470 E/LoadedApk( 3697): 	at com.android.internal.os.ZygoteInit.main(ZygoteInit.java:1034)
10-10 05:53:20.249 I/chatty  ( 1496): uid=1000(system) Binder:1496_5 expire 12 lines
10-10 05:53:20.252 I/chatty  ( 1496): uid=1000 system_server expire 52 lines
10-10 05:53:20.261 I/chatty  ( 1496): uid=1000(system) Binder:1496_3 expire 20 lines
10-10 05:53:20.262 I/chatty  ( 1496): uid=1000(system) NetworkStats expire 17 lines
10-10 05:53:20.288 I/chatty  ( 1496): uid=1000(system) NetdConnector expire 12 lines
10-10 05:53:20.338 D/ActivityThread( 3769): Attach thread to application
10-10 05:53:20.507 I/chatty  ( 1496): uid=1000(system) Binder:1496_D expire 11 lines
10-10 05:53:20.754 D/ActivityThread( 3800): Attach thread to application
10-10 05:53:20.818 E/LoadedApk( 3800): Unable to instantiate appComponentFactory
10-10 05:53:20.818 E/LoadedApk( 3800): java.lang.ClassNotFoundException: Didn't find class "androidx.core.app.CoreComponentFactory" on path: DexPathList[[zip file "/system/framework/org.apache.http.legacy.boot.jar", zip file "/system/framework/hwkeystore.jar", zip file "/data/app/com.tencent.mm-DvCcgBI8u6Z6_0uAYi-04A==/base.apk"],nativeLibraryDirectories=[/data/app/com.tencent.mm-DvCcgBI8u6Z6_0uAYi-04A==/lib/arm64, /data/app/com.tencent.mm-DvCcgBI8u6Z6_0uAYi-04A==/base.apk!/lib/arm64-v8a, /system/lib64, /product/lib64]]
10-10 05:53:20.818 E/LoadedApk( 3800): 	at dalvik.system.BaseDexClassLoader.findClass(BaseDexClassLoader.java:134)
10-10 05:53:20.818 E/LoadedApk( 3800): 	at java.lang.ClassLoader.loadClass(ClassLoader.java:379)
10-10 05:53:20.818 E/LoadedApk( 3800): 	at java.lang.ClassLoader.loadClass(ClassLoader.java:312)
10-10 05:53:20.818 E/LoadedApk( 3800): 	at android.app.LoadedApk.createAppFactory(LoadedApk.java:255)
10-10 05:53:20.818 E/LoadedApk( 3800): 	at android.app.LoadedApk.createOrUpdateClassLoaderLocked(LoadedApk.java:803)
10-10 05:53:20.818 E/LoadedApk( 3800): 	at android.app.LoadedApk.getClassLoader(LoadedApk.java:882)
10-10 05:53:20.818 E/LoadedApk( 3800): 	at android.app.LoadedApk.getResources(LoadedApk.java:1142)
10-10 05:53:20.818 E/LoadedApk( 3800): 	at android.app.ContextImpl.createAppContext(ContextImpl.java:2630)
10-10 05:53:20.818 E/LoadedApk( 3800): 	at android.app.ActivityThread.handleBindApplication(ActivityThread.java:6591)
10-10 05:53:20.818 E/LoadedApk( 3800): 	at android.app.ActivityThread.access$2000(ActivityThread.java:259)
10-10 05:53:20.818 E/LoadedApk( 3800): 	at android.app.ActivityThread$H.handleMessage(ActivityThread.java:2028)
10-10 05:53:20.818 E/LoadedApk( 3800): 	at android.os.Handler.dispatchMessage(Handler.java:112)
10-10 05:53:20.818 E/LoadedApk( 3800): 	at android.os.Looper.loop(Looper.java:216)
10-10 05:53:20.818 E/LoadedApk( 3800): 	at android.app.ActivityThread.main(ActivityThread.java:7586)
10-10 05:53:20.818 E/LoadedApk( 3800): 	at java.lang.reflect.Method.invoke(Native Method)
10-10 05:53:20.818 E/LoadedApk( 3800): 	at com.android.internal.os.RuntimeInit$MethodAndArgsCaller.run(RuntimeInit.java:524)
10-10 05:53:20.818 E/LoadedApk( 3800): 	at com.android.internal.os.ZygoteInit.main(ZygoteInit.java:1034)
10-10 05:53:20.866 D/HwCustConnectivityManagerImpl( 3697): isBlockNetworkRequestByNonAis, INVALID_SUBSCRIPTION_ID
10-10 05:53:20.972 I/chatty  ( 1934): uid=1000(system) com.huawei.systemserver expire 10 lines
10-10 05:53:23.211 I/chatty  ( 1496): uid=1000(system) backup expire 5 lines
10-10 05:53:23.273 I/chatty  ( 1496): uid=1000 system_server expire 5 lines
10-10 06:12:47.186 I/storaged(  738): storaged_t::event: storage_info refreshed.
10-10 06:57:47.209 I/chatty  ( 1496): uid=1000(system) Binder:1496_1D expire 20 lines
10-10 06:57:47.222 I/chatty  ( 1496): uid=1000(system) Binder:1496_F expire 8 lines
10-10 06:57:47.248 I/chatty  ( 1496): uid=1000(system) NetworkStats expire 16 lines
10-10 06:57:47.273 I/chatty  ( 1496): uid=1000(system) NetdConnector expire 68 lines
10-10 06:57:47.284 I/chatty  ( 1496): uid=1000(system) Binder:1496_19 expire 17 lines
10-10 06:57:47.394 I/chatty  ( 1496): uid=1000(system) tworkPolicy.uid expire 2 lines
10-10 06:57:47.405 I/chatty  ( 1496): uid=1000(system) Binder:1496_1F expire 14 lines
10-10 06:57:47.635 I/chatty  ( 1496): uid=1000(system) WifiStateMachin expire 14 lines
10-10 06:57:47.728 W/SocketListener(  530): sending broadcast to Pid = 1496, Uid = 1000 
10-10 06:57:47.728 W/SocketListener(  530): sending broadcast to Pid = 1496, Uid = 1000 
10-10 06:57:47.729 W/SocketListener(  530): sending broadcast to Pid = 1496, Uid = 1000 
10-10 06:57:47.777 W/SocketListener(  530): sending broadcast to Pid = 1496, Uid = 1000 
10-10 06:57:47.785 I/wificond(  740): Unsubscribe scan result for interface with index: 33
10-10 06:57:47.787 W/wificond(  740): enter wifi_stop_supplicant ...
10-10 06:57:47.787 W/wificond(  740): supplicant prop is null, wait at most 2 seconds for completion
10-10 06:57:47.803 E/vendor.huawei.hardware.wifi@1.1-service(  578): Failed to open directory: Permission denied
10-10 06:57:47.803 E/vendor.huawei.hardware.wifi@1.1-service(  578): Error occurred while deleting old tombstone files
10-10 06:57:47.803 E/vendor.huawei.hardware.wifi@1.1-service(  578): Error writing files to flash
10-10 06:57:47.804 I/vendor.huawei.hardware.wifi@1.1-service(  578): Legacy HAL stop complete callback received
10-10 06:57:48.008 I/vendor.huawei.hardware.wifi@1.1-service(  578): Wifi HAL stopped
10-10 06:57:48.016 I/chatty  ( 1496): uid=1000(system) WifiP2pService expire 34 lines
10-10 06:57:48.024 I/vendor.huawei.hardware.wifi@1.1-service(  578): Wifi HAL started
10-10 06:57:48.026 W/wificond(  740): enter StartSupplicant ...
10-10 06:57:48.035 W/wificond(  740): wifi_start_supplicant try to wait start
10-10 06:57:48.063 W/ContextImpl(21737): Calling a method in the system process without a qualified user: android.app.ContextImpl.startService:1771 android.content.ContextWrapper.startService:664 android.content.ContextWrapper.startService:664 com.android.settings.wifi.cmcc.ConnectSwitchReceiver.onReceive:61 android.app.ActivityThread.handleReceiver:4018 
10-10 06:57:48.682 W/SocketListener(  530): sending broadcast to Pid = 1496, Uid = 1000 
10-10 06:57:48.692 I/vendor.huawei.hardware.wifi@1.1-service(  578): Adding interface handle for p2p0
10-10 06:57:48.692 I/vendor.huawei.hardware.wifi@1.1-service(  578): Adding interface handle for wlan0
10-10 06:57:48.693 E/vendor.huawei.hardware.wifi@1.1-service(  578): Failed to register radio mode change callback
10-10 06:57:48.693 I/vendor.huawei.hardware.wifi@1.1-service(  578): Configured chip in mode 0
10-10 06:57:48.694 E/vendor.huawei.hardware.wifi@1.1-service(  578): Failed to set DFS flag; DFS channels may be unavailable.
10-10 06:57:48.714 I/wificond(  740): create scanner for interface with index: 33
10-10 06:57:48.714 I/wificond(  740): subscribe scan result for interface with index: 33
10-10 06:57:48.715 E/wificond(  740): No Offload Service available
10-10 06:57:48.716 I/wificond(  740): Offload HAL not supported 
10-10 06:57:48.729 W/SocketListener(  530): sending broadcast to Pid = 1496, Uid = 1000 
10-10 06:57:48.731 W/SocketListener(  530): sending broadcast to Pid = 1496, Uid = 1000 
10-10 06:57:48.831 W/wificond(  740): No pno scan started
10-10 06:57:48.831 W/wificond(  740): Scheduled scan is not running!
10-10 06:57:48.848 I/chatty  ( 1496): uid=1000(system) IpClient.wlan0 expire 2 lines
10-10 06:57:48.867 W/ContextImpl(21737): Calling a method in the system process without a qualified user: android.app.ContextImpl.startService:1771 android.content.ContextWrapper.startService:664 android.content.ContextWrapper.startService:664 com.android.settings.wifi.cmcc.ConnectSwitchReceiver.onReceive:61 android.app.ActivityThread.handleReceiver:4018 
10-10 06:57:48.875 W/SocketListener(  530): sending broadcast to Pid = 1496, Uid = 1000 
10-10 06:57:48.879 I/wificond(  740): Pno scan started
10-10 07:00:00.112 I/chatty  ( 1496): uid=1000(system) AudioService expire 1 line
10-10 07:00:00.244 W/ContextImpl( 2005): Calling a method in the system process without a qualified user: android.app.ContextImpl.sendBroadcast:1183 android.content.ContextWrapper.sendBroadcast:449 com.huawei.iaware.userhabit.NRTUserHabitTrainManager$NRTUserHabitHandler.handleTrain:444 com.huawei.iaware.userhabit.NRTUserHabitTrainManager$NRTUserHabitHandler.handleMessage:252 android.os.Handler.dispatchMessage:112 
10-10 07:00:01.849 I/chatty  ( 1934): uid=1000(system) com.huawei.systemserver expire 14 lines
10-10 07:06:50.205 I/chatty  ( 1496): uid=1000(system) AlarmManager expire 1 line
10-10 07:06:50.239 I/chatty  ( 1496): uid=1000(system) NetdConnector expire 10 lines
10-10 07:07:20.415 I/chatty  ( 1496): uid=1000 system_server expire 12 lines
10-10 07:42:47.219 I/chatty  ( 1496): uid=1000(system) NetworkStats expire 22 lines
10-10 07:42:47.244 I/chatty  ( 1496): uid=1000(system) WifiStateMachin expire 2 lines
10-10 07:42:47.268 I/wificond(  740): Pno scan result ready event
10-10 07:42:47.268 I/chatty  ( 1496): uid=1000(system) WifiScanningSer expire 3 lines
10-10 07:42:47.275 I/wificond(  740): Unexpected empty scan result!
10-10 07:42:47.280 I/chatty  ( 1934): uid=1000(system) com.huawei.systemserver expire 10 lines
10-10 07:42:47.303 I/chatty  ( 1496): uid=1000(system) Binder:1496_5 expire 23 lines
10-10 07:42:47.392 D/ActivityThread( 4062): Attach thread to application
10-10 07:42:47.495 I/chatty  ( 1496): uid=1000(system) Binder:1496_19 expire 4 lines
10-10 07:42:47.547 W/ContextImpl(21737): Calling a method in the system process without a qualified user: android.app.ContextImpl.startService:1771 android.content.ContextWrapper.startService:664 android.content.ContextWrapper.startService:664 com.android.settings.wifi.AccessPointConnectedReceiver.onReceive:43 android.app.ActivityThread.handleReceiver:4018 
10-10 07:42:47.554 W/ContextImpl(21737): Calling a method in the system process without a qualified user: android.app.ContextImpl.startService:1771 android.content.ContextWrapper.startService:664 android.content.ContextWrapper.startService:664 com.android.settings.wifi.cmcc.ConnectSwitchReceiver.onReceive:61 android.app.ActivityThread.handleReceiver:4018 
10-10 07:42:47.561 W/ContextImpl(21737): Calling a method in the system process without a qualified user: android.app.ContextImpl.startService:1771 android.content.ContextWrapper.startService:664 android.content.ContextWrapper.startService:664 com.android.settings.wifi.cmcc.ConnectSwitchReceiver.onReceive:61 android.app.ActivityThread.handleReceiver:4018 
10-10 07:42:47.825 W/SocketListener(  530): sending broadcast to Pid = 1496, Uid = 1000 
10-10 07:42:47.827 I/chatty  ( 1496): uid=1000(system) NetdConnector expire 12 lines
10-10 07:42:47.829 I/chatty  ( 1496): uid=1000(system) android.fg expire 4 lines
10-10 07:42:47.845 I/wificond(  740): Pno scan stopped
10-10 07:42:47.857 I/wificond(  740): Pno scan started
10-10 07:56:45.743 I/storaged(  738): storaged_t::event: storage_info refreshed.
10-10 08:09:47.392 I/chatty  ( 1496): uid=1000(system) InputReader expire 8 lines
10-10 08:09:47.442 W/KeyguardViewMediator( 1807): notifyDrawn as: ScreenTurningOn 
10-10 08:09:47.444 I/chatty  ( 1496): uid=1000(system) android.anim expire 5 lines
10-10 08:09:47.445 I/chatty  ( 1496): uid=1000(system) android.ui expire 10 lines
10-10 08:09:47.476 I/chatty  ( 1496): uid=1000(system) GraphicsStats-d expire 1 line
10-10 08:09:47.480 I/chatty  ( 1496): uid=1000 system_server expire 32 lines
10-10 08:09:47.486 I/chatty  ( 1496): uid=1000(system) Binder:1496_1D expire 12 lines
10-10 08:09:47.491 I/chatty  ( 1496): uid=1000(system) sManagerService expire 1 line
10-10 08:09:47.492 D/vold    (  483): idle maintenance stopped
10-10 08:09:47.500 I/chatty  ( 1496): uid=1000(system) WifiP2pService expire 9 lines
10-10 08:09:47.501 I/wificond(  740): Pno scan stopped
10-10 08:09:47.510 I/chatty  ( 1496): uid=1000(system) hw_finger_unloc expire 1 line
10-10 08:09:47.514 I/chatty  ( 1496): uid=1000(system) Binder:1496_D expire 4 lines
10-10 08:09:47.518 I/chatty  ( 1496): uid=1000(system) Binder:1496_10 expire 25 lines
10-10 08:09:47.552 I/chatty  ( 1496): uid=1000(system) android.io expire 24 lines
10-10 08:09:47.573 I/chatty  ( 1496): uid=1000(system) HeartBeatHandle expire 2 lines
10-10 08:09:47.590 D/ActivityThread( 4101): Attach thread to application
10-10 08:09:47.591 I/chatty  ( 1496): uid=1000(system) Binder:1496_3 expire 11 lines
10-10 08:09:47.607 I/chatty  ( 1934): uid=1000(system) com.huawei.systemserver expire 13 lines
10-10 08:09:47.612 I/chatty  ( 1934): uid=1000(system) HwCommBoosterTh expire 19 lines
10-10 08:09:47.623 I/chatty  ( 1496): uid=1000(system) PhotonicModulat expire 1 line
10-10 08:09:47.689 I/chatty  ( 1496): uid=1000(system) android.bg expire 1 line
10-10 08:09:47.731 D/Telephony-TelecomAccountRegistry( 2030): onServiceStateChanged1 newState : 1, mServiceState : 1
10-10 08:09:47.743 W/ContextImpl( 1974): Calling a method in the system process without a qualified user: android.app.ContextImpl.sendBroadcast:1183 com.huawei.android.chr.statistics.TelStatusService.updateStatisticDB:772 com.huawei.android.chr.statistics.TelStatusService.triggerStatsReport:649 com.huawei.android.chr.statistics.TelStatusService.triggerAllStatsReport:666 com.huawei.android.chr.statistics.TelStatusManager.triggerAllStatsReport:447 
10-10 08:09:47.749 W/ContextImpl( 1974): Calling a method in the system process without a qualified user: android.app.ContextImpl.sendBroadcast:1183 com.huawei.android.chr.statistics.TelStatusService.updateSimStatInfoDB:718 com.huawei.android.chr.statistics.TelStatusService.triggerStatsReport:645 com.huawei.android.chr.statistics.TelStatusService.triggerAllStatsReport:666 com.huawei.android.chr.statistics.TelStatusManager.triggerAllStatsReport:447 
10-10 08:09:47.760 I/Telephony-PstnPhoneCapabilitiesNotifier( 2030): handleVideoCapabilitesChanged. Video capability - false
10-10 08:09:47.797 W/ContextImpl( 2285): Calling a method in the system process without a qualified user: android.app.ContextImpl.startService:1771 android.content.ContextWrapper.startService:664 com.huawei.systemmanager.spacecleanner.receiver.SpaceCleanReceiver.checkRarelyUsedApp:98 com.huawei.systemmanager.spacecleanner.receiver.SpaceCleanReceiver.doInBackground:46 java.lang.reflect.Method.invoke:-2 
10-10 08:09:47.801 I/Telephony-PstnPhoneCapabilitiesNotifier( 2030): handleVideoCapabilitesChanged. Video capability - false
10-10 08:09:47.841 W/ContextImpl( 1974): Calling a method in the system process without a qualified user: android.app.ContextImpl.sendBroadcast:1183 com.huawei.android.chr.statistics.TelStatusService.updateStatisticDB:772 com.huawei.android.chr.statistics.TelStatusService.triggerStatsReport:649 com.huawei.android.chr.statistics.TelStatusService.triggerAllStatsReport:666 com.huawei.android.chr.statistics.TelStatusManager.triggerAllStatsReport:447 
10-10 08:09:47.970 W/ContextImpl( 1974): Calling a method in the system process without a qualified user: android.app.ContextImpl.sendBroadcast:1183 com.huawei.android.chr.statistics.TelStatusService.updateStatisticDB:772 com.huawei.android.chr.statistics.TelStatusService.triggerStatsReport:649 com.huawei.android.chr.statistics.TelStatusService.triggerAllStatsReport:666 com.huawei.android.chr.statistics.TelStatusManager.triggerAllStatsReport:447 
10-10 08:09:48.046 D/ActivityThread( 4187): Attach thread to application
10-10 08:09:48.084 W/SocketListener(  530): sending broadcast to Pid = 1496, Uid = 1000 
10-10 08:09:48.089 I/chatty  ( 1496): uid=1000(system) NetdConnector expire 4 lines
10-10 08:09:48.126 D/ActivityThread( 4207): Attach thread to application
10-10 08:09:48.324 W/ContextImpl( 4207): Calling a method in the system process without a qualified user: android.app.ContextImpl.bindService:1851 android.content.ContextWrapper.bindService:698 com.huawei.android.hwshare.common.HwShareAdapter.startBindHwNearby:799 com.huawei.android.hwshare.common.HwShareAdapter.registerReceiver:603 com.huawei.android.hwshare.common.HwShareAdapter.setDiscoverableState:169 
10-10 08:09:48.332 I/chatty  ( 1496): uid=1000(system) Binder:1496_13 expire 1 line
10-10 08:09:48.338 W/ContextImpl( 4187): Calling a method in the system process without a qualified user: android.app.ContextImpl.bindService:1851 android.content.ContextWrapper.bindService:698 com.huawei.nearbysdk.NearbyAdapter.bindAidlService:375 com.huawei.nearbysdk.NearbyAdapter.getNearbyAdapter:192 com.huawei.nearby.DTCP.HwDTCPService.onCreate:22 
10-10 08:09:48.342 W/ContextImpl( 4187): Calling a method in the system process without a qualified user: android.app.ContextImpl.bindService:1851 android.content.ContextWrapper.bindService:698 com.huawei.nearbysdk.NearbyAdapter.bindAidlService:400 com.huawei.nearbysdk.NearbyAdapter.getNearbyAdapter:192 com.huawei.nearby.DTCP.HwDTCPService.onCreate:22 
10-10 08:09:48.346 W/ContextImpl(21737): Calling a method in the system process without a qualified user: android.app.ContextImpl.startService:1771 android.content.ContextWrapper.startService:664 android.content.ContextWrapper.startService:664 com.android.settings.bluetooth.DockEventReceiver.beginStartingService:153 com.android.settings.bluetooth.DockEventReceiver.onReceive:134 
10-10 08:09:48.352 W/ContextImpl( 4207): Calling a method in the system process without a qualified user: android.app.ContextImpl.bindService:1851 android.content.ContextWrapper.bindService:698 com.huawei.nearbysdk.NearbyAdapter.bindAidlService:375 com.huawei.nearbysdk.NearbyAdapter.getNearbyAdapter:192 com.huawei.android.hwshare.common.HwShareAdapter$DTCPServiceConnection.onServiceConnected:736 
10-10 08:09:48.354 I/chatty  ( 1496): uid=1000(system) Binder:1496_1A expire 2 lines
10-10 08:09:48.354 W/ContextImpl( 4207): Calling a method in the system process without a qualified user: android.app.ContextImpl.bindService:1851 android.content.ContextWrapper.bindService:698 com.huawei.nearbysdk.NearbyAdapter.bindAidlService:400 com.huawei.nearbysdk.NearbyAdapter.getNearbyAdapter:192 com.huawei.android.hwshare.common.HwShareAdapter$DTCPServiceConnection.onServiceConnected:736 
10-10 08:09:48.359 I/chatty  ( 1496): uid=1000(system) Binder:1496_10 expire 3 lines
10-10 08:09:48.380 I/chatty  ( 1496): uid=1000(system) Binder:1496_D expire 1 line
10-10 08:09:48.383 I/chatty  ( 1496): uid=1000(system) Binder:1496_1A expire 1 line
10-10 08:09:48.387 I/chatty  ( 1496): uid=1000(system) Binder:1496_13 expire 1 line
10-10 08:09:48.391 I/chatty  ( 1496): uid=1000(system) android.io expire 2 lines
10-10 08:09:48.396 I/chatty  ( 1496): uid=1000(system) Binder:1496_13 expire 1 line
10-10 08:09:48.400 I/chatty  ( 1496): uid=1000(system) Binder:1496_D expire 1 line
10-10 08:09:48.403 I/chatty  ( 1496): uid=1000(system) Binder:1496_1A expire 1 line
10-10 08:09:48.407 I/chatty  ( 1496): uid=1000 system_server expire 2 lines
10-10 08:09:48.408 I/chatty  ( 1496): uid=1000(system) Binder:1496_13 expire 1 line
10-10 08:09:48.408 I/chatty  ( 1496): uid=1000 system_server expire 1 line
10-10 08:09:48.411 I/chatty  ( 1496): uid=1000(system) Binder:1496_D expire 1 line
10-10 08:09:48.436 W/SettingsEx( 4101): SettingsEx.Systemex.getInt deprecated use Settings.System.getInt instead ;callers=com.android.bluetooth.btservice.AdapterService.getReservedFilter:2669 com.android.bluetooth.gatt.ScanManager$ScanNative.initFilterIndexStack:1614 com.android.bluetooth.gatt.ScanManager$ScanNative.startRegularScan:989 
10-10 08:09:48.683 W/SocketListener(  530): sending broadcast to Pid = 1496, Uid = 1000 
10-10 08:09:48.684 I/chatty  ( 1496): uid=1000(system) NetdConnector expire 2 lines
10-10 08:09:48.685 I/chatty  ( 1496): uid=1000(system) android.fg expire 3 lines
10-10 08:09:48.688 I/chatty  ( 1496): uid=1000(system) NetdConnector expire 4 lines
10-10 08:09:48.709 I/chatty  ( 1496): uid=1000(system) WifiScanningSer expire 1 line
10-10 08:09:49.258 W/SocketListener(  530): sending broadcast to Pid = 1496, Uid = 1000 
10-10 08:09:49.261 I/chatty  ( 1496): uid=1000(system) android.fg expire 1 line
10-10 08:09:49.262 I/chatty  ( 1496): uid=1000(system) NetdConnector expire 2 lines
10-10 08:09:49.635 I/chatty  ( 1934): uid=1000(system) com.huawei.systemserver expire 10 lines
10-10 08:09:50.555 I/chatty  ( 1496): uid=1000 system_server expire 1 line
10-10 08:09:51.219 I/chatty  ( 1496): uid=1000(system) Binder:1496_D expire 1 line
10-10 08:09:51.256 I/chatty  ( 1934): uid=1000(system) HwCommBoosterTh expire 11 lines
10-10 08:09:52.677 I/chatty  ( 1496): uid=1000(system) Binder:1496_13 expire 1 line
10-10 08:09:52.727 I/chatty  ( 1496): uid=1000(system) Binder:1496_1A expire 1 line
10-10 08:09:52.753 I/chatty  ( 1496): uid=1000(system) Binder:1496_D expire 1 line
10-10 08:09:55.595 I/chatty  ( 1496): uid=1000 system_server expire 1 line
10-10 08:09:56.633 I/chatty  ( 1496): uid=1000(system) PowerManagerSer expire 2 lines
10-10 08:09:57.505 I/chatty  ( 1496): uid=1000(system) WifiStateMachin expire 1 line
10-10 08:09:57.515 I/chatty  ( 1496): uid=1000(system) WifiScanningSer expire 1 line
10-10 08:09:58.080 W/SocketListener(  530): sending broadcast to Pid = 1496, Uid = 1000 
10-10 08:09:58.083 I/chatty  ( 1496): uid=1000(system) NetdConnector expire 2 lines
10-10 08:09:58.087 I/chatty  ( 1496): uid=1000(system) android.fg expire 2 lines
10-10 08:09:58.095 I/chatty  ( 1496): uid=1000(system) NetdConnector expire 2 lines
10-10 08:09:58.632 I/chatty  ( 1496): uid=1000(system) PowerManagerSer expire 2 lines
10-10 08:09:58.635 I/chatty  ( 1496): uid=1000 system_server expire 2 lines
10-10 08:09:58.635 I/chatty  ( 1496): uid=1000(system) PowerManagerSer expire 5 lines
10-10 08:09:58.711 I/chatty  ( 1496): uid=1000(system) Binder:1496_A expire 1 line
10-10 08:09:58.713 D/vold    (  483): begin lockScreenPrepare
10-10 08:09:58.714 D/vold    (  483): e4crypt_lock_screen_prepare flag is: 1 user_id:0
10-10 08:09:58.910 I/chatty  ( 1496): uid=1000(system) PowerManagerSer expire 9 lines
10-10 08:09:58.933 I/chatty  ( 1496): uid=1000(system) android.display expire 2 lines
10-10 08:09:58.942 I/chatty  ( 1496): uid=1000(system) android.ui expire 2 lines
10-10 08:09:58.955 I/chatty  ( 1496): uid=1000(system) Binder:1496_1A expire 5 lines
10-10 08:09:59.208 I/chatty  ( 1496): uid=1000(system) PowerManagerSer expire 11 lines
10-10 08:09:59.241 I/chatty  ( 1496): uid=1000 system_server expire 10 lines
10-10 08:09:59.253 I/chatty  ( 1496): uid=1000(system) WifiP2pService expire 11 lines
10-10 08:09:59.257 I/wificond(  740): Pno scan started
10-10 08:09:59.296 I/chatty  ( 1934): uid=1000(system) com.huawei.systemserver expire 21 lines
10-10 08:09:59.296 I/chatty  ( 1496): uid=1000(system) Binder:1496_D expire 7 lines
10-10 08:09:59.297 I/chatty  ( 1934): uid=1000(system) HwCommBoosterTh expire 40 lines
10-10 08:09:59.409 I/chatty  ( 1496): uid=1000(system) android.ui expire 11 lines
10-10 08:09:59.460 I/chatty  ( 1496): uid=1000(system) HwDeviceUsageCo expire 1 line
10-10 08:09:59.728 I/chatty  ( 1496): uid=1000(system) Binder:1496_13 expire 26 lines
10-10 08:10:02.777 I/chatty  ( 1496): uid=1000(system) Binder:1496_5 expire 1 line
10-10 08:10:04.492 I/chatty  ( 1496): uid=1000(system) sManagerService expire 2 lines
10-10 08:10:04.495 D/RtgSched( 1807): resetRtgSchedHandle failed enable:0
10-10 08:10:05.322 I/chatty  ( 1496): uid=1000(system) Binder:1496_A expire 9 lines
10-10 08:10:09.403 I/chatty  ( 1496): uid=1000(system) watchdog expire 1 line
10-10 08:10:10.352 I/chatty  ( 1496): uid=1000(system) InputReader expire 8 lines
10-10 08:10:10.401 W/KeyguardViewMediator( 1807): notifyDrawn as: ScreenTurningOn 
10-10 08:10:10.402 I/chatty  ( 1496): uid=1000(system) Binder:1496_F expire 7 lines
10-10 08:10:10.403 I/chatty  ( 1496): uid=1000(system) android.display expire 2 lines
10-10 08:10:10.403 I/chatty  ( 1496): uid=1000(system) android.anim expire 5 lines
10-10 08:10:10.426 D/vold    (  483): idle maintenance stopped
10-10 08:10:10.435 I/wificond(  740): Pno scan stopped
10-10 08:10:10.452 I/chatty  ( 1496): uid=1000 system_server expire 3 lines
10-10 08:10:10.453 I/chatty  ( 1496): uid=1000(system) WifiStateMachin expire 1 line
10-10 08:10:10.458 I/chatty  ( 1496): uid=1000(system) WifiScanningSer expire 2 lines
10-10 08:10:10.466 I/chatty  ( 1496): uid=1000(system) hw_finger_unloc expire 1 line
10-10 08:10:10.497 I/Telephony-PstnPhoneCapabilitiesNotifier( 2030): handleVideoCapabilitesChanged. Video capability - false
10-10 08:10:10.553 I/Telephony-PstnPhoneCapabilitiesNotifier( 2030): handleVideoCapabilitesChanged. Video capability - false
10-10 08:10:10.558 I/chatty  ( 1496): uid=1000(system) PhotonicModulat expire 1 line
10-10 08:10:10.561 I/chatty  ( 1496): uid=1000(system) PowerManagerSer expire 3 lines
10-10 08:10:10.595 I/chatty  ( 1496): uid=1000(system) Binder:1496_10 expire 5 lines
10-10 08:10:11.009 W/SocketListener(  530): sending broadcast to Pid = 1496, Uid = 1000 
10-10 08:10:11.012 I/chatty  ( 1496): uid=1000(system) NetdConnector expire 8 lines
10-10 08:10:11.017 I/chatty  ( 1496): uid=1000(system) android.fg expire 4 lines
10-10 08:10:11.598 W/SocketListener(  530): sending broadcast to Pid = 1496, Uid = 1000 
10-10 08:10:16.613 W/KeyguardViewMediator( 1807): kgsvc callback -> .keyguardGoingAway 4 false false
10-10 08:10:16.641 I/chatty  ( 1496): uid=1000(system) android.ui expire 2 lines
10-10 08:10:16.646 I/chatty  ( 1496): uid=1000(system) Binder:1496_D expire 1 line
10-10 08:10:16.651 I/chatty  ( 1496): uid=1000(system) Binder:1496_A expire 1 line
10-10 08:10:16.654 I/chatty  ( 1496): uid=1000(system) android.ui expire 1 line
10-10 08:10:16.655 I/chatty  ( 1496): uid=1000(system) Binder:1496_D expire 2 lines
10-10 08:10:16.661 I/chatty  ( 1496): uid=1000(system) HwActivityManag expire 1 line
10-10 08:10:16.666 I/chatty  ( 1496): uid=1000(system) android.ui expire 1 line
10-10 08:10:16.666 I/chatty  ( 1496): uid=1000(system) Binder:1496_A expire 2 lines
10-10 08:10:16.675 I/chatty  ( 1496): uid=1000(system) android.ui expire 2 lines
10-10 08:10:16.675 I/chatty  ( 1496): uid=1000(system) android.anim expire 9 lines
10-10 08:10:16.740 I/chatty  ( 1496): uid=1000(system) android.ui expire 3 lines
10-10 08:10:16.745 I/chatty  ( 1496): uid=1000(system) Binder:1496_13 expire 2 lines
10-10 08:10:16.756 W/KeyguardViewMediator( 1807): callback -> onShowingStateChanged.
10-10 08:10:16.758 W/KeyguardViewMediator( 1807): KgSvc reportKeyguardShowingChanged. cost = 1
10-10 08:10:16.759 I/chatty  ( 1496): uid=1000(system) ActivityManager expire 1 line
10-10 08:10:16.760 I/chatty  ( 1496): uid=1000(system) Binder:1496_A expire 1 line
10-10 08:10:16.765 I/chatty  ( 1496): uid=1000(system) Binder:1496_13 expire 3 lines
10-10 08:10:16.770 I/chatty  ( 1496): uid=1000(system) ActivityManager expire 1 line
10-10 08:10:16.771 I/chatty  ( 1496): uid=1000(system) sManagerService expire 2 lines
10-10 08:10:16.772 I/chatty  ( 1496): uid=1000(system) android.ui expire 1 line
10-10 08:10:16.772 I/chatty  ( 1496): uid=1000(system) Binder:1496_13 expire 1 line
10-10 08:10:16.774 I/chatty  ( 1496): uid=1000(system) android.ui expire 1 line
10-10 08:10:16.775 I/chatty  ( 1496): uid=1000(system) Binder:1496_D expire 1 line
10-10 08:10:16.775 I/chatty  ( 1496): uid=1000(system) ActivityManager expire 6 lines
10-10 08:10:16.781 I/chatty  ( 1496): uid=1000(system) Binder:1496_F expire 1 line
10-10 08:10:16.784 I/chatty  ( 1496): uid=1000(system) Binder:1496_13 expire 3 lines
10-10 08:10:16.786 I/chatty  ( 1496): uid=1000(system) Binder:1496_D expire 1 line
10-10 08:10:16.787 I/chatty  ( 1496): uid=1000(system) NetdConnector expire 3 lines
10-10 08:10:16.788 I/chatty  ( 1496): uid=1000(system) Binder:1496_D expire 2 lines
10-10 08:10:16.789 I/chatty  ( 1496): uid=1000(system) NetdConnector expire 6 lines
10-10 08:10:16.792 I/chatty  ( 1496): uid=1000(system) Binder:1496_D expire 6 lines
10-10 08:10:16.796 I/chatty  ( 1496): uid=1000(system) NetdConnector expire 9 lines
10-10 08:10:16.810 I/chatty  ( 1496): uid=1000(system) Binder:1496_13 expire 5 lines
10-10 08:10:16.835 I/chatty  ( 1496): uid=1000(system) ActivityManager expire 1 line
10-10 08:10:16.837 I/chatty  ( 1496): uid=1000(system) MultiTaskManage expire 1 line
10-10 08:10:16.846 I/chatty  ( 1496): uid=1000(system) Binder:1496_10 expire 4 lines
10-10 08:10:16.850 I/chatty  ( 1496): uid=1000(system) Binder:1496_A expire 5 lines
10-10 08:10:16.851 I/chatty  ( 1496): uid=1000(system) android.ui expire 5 lines
10-10 08:10:16.860 D/ActivityThread( 4389): Attach thread to application
10-10 08:10:16.861 I/chatty  ( 1496): uid=1000(system) Binder:1496_5 expire 2 lines
10-10 08:10:16.861 I/chatty  ( 1496): uid=1000 system_server expire 4 lines
10-10 08:10:16.862 I/chatty  ( 1496): uid=1000(system) WifiP2pService expire 6 lines
10-10 08:10:16.874 D/RtgSched( 1807): resetRtgSchedHandle failed enable:0
10-10 08:10:16.957 I/chatty  ( 1496): uid=1000(system) Thread-7 expire 1 line
10-10 08:10:16.967 I/chatty  ( 1496): uid=1000(system) Binder:1496_F expire 3 lines
10-10 08:10:16.994 W/ContextImpl(22049): Calling a method in the system process without a qualified user: android.app.ContextImpl.bindService:1851 android.content.ContextWrapper.bindService:698 com.huawei.hiai.awareness.service.AwarenessManager.bindService:165 com.huawei.hiai.awareness.service.AwarenessManager.connectService:79 com.huawei.decision.integration.operator.devicestatus.CA.CAServiceImpl.connect:265 
10-10 08:10:17.035 I/chatty  ( 1496): uid=1000(system) Binder:1496_13 expire 1 line
10-10 08:10:17.037 I/chatty  ( 1496): uid=1000(system) android.ui expire 2 lines
