10-10 09:32:18.455 I/        (10195): GetCfgDirRealPolicyValue: cust_policy_dirs: /system/emui/base:/system/emui/china:/system/emui/lite:/vendor/etc:/odm/etc:/product/etc:/odm/hw_odm/ARTH-TL00:/product/region_comm/china:/preas/china:/product/hw_oem/ARTH-TL00:/preload/ARTH-TL00/cmcc/cn:/cust/global:/cust/hw/cn:/version/cust/cmcc/cn:/version/special_cust/ARTH-TL00/cmcc/cn:/cust/ecota 
10-10 09:32:18.455 I/dexoptanalyzer(10195): runtime mdmPath /product/etc/jar/Mdm/hw_mdm_framework.jar
10-10 09:32:18.457 I/dexoptanalyzer(10195): The ClassLoaderContext is a special shared library.
10-10 09:32:18.457 W/dexoptanalyzer(10195): Current thread not detached in Runtime shutdown
10-10 09:32:18.469 D/installed(  731): Processed secondary dex file /data/user/0/com.tal.tiku/files/ShadowPluginManager/UnpackedPlugin/mentoring-plugin/b16c84cd2b45dd2b2b1f205b467d9454/mentoring.so/dynamic-manager-release.apk result=0
10-10 09:32:18.470 D/installed(  731): Processing secondary dex path /data/user/0/com.tal.tiku/files/ShadowPluginManager/UnpackedPlugin/mentoring-plugin/b16c84cd2b45dd2b2b1f205b467d9454/mentoring.so/dynamic-runtime-release.apk
10-10 09:32:18.516 I/dexoptanalyzer(10197): The ClassLoaderContext is a special shared library.
10-10 09:32:18.517 E/        (10197): open file error
10-10 09:32:18.517 E/        (10197): open file error
10-10 09:32:18.517 I/        (10197): no cota liveupdate cust policy found
10-10 09:32:18.517 I/        (10197): GetCfgDirRealPolicyValue: cust_policy_dirs: /system/emui/base:/system/emui/china:/system/emui/lite:/vendor/etc:/odm/etc:/product/etc:/odm/hw_odm/ARTH-TL00:/product/region_comm/china:/preas/china:/product/hw_oem/ARTH-TL00:/preload/ARTH-TL00/cmcc/cn:/cust/global:/cust/hw/cn:/version/cust/cmcc/cn:/version/special_cust/ARTH-TL00/cmcc/cn:/cust/ecota 
10-10 09:32:18.535 E/        (10197): open file error
10-10 09:32:18.535 E/        (10197): open file error
10-10 09:32:18.535 I/        (10197): no cota liveupdate cust policy found
10-10 09:32:18.536 I/        (10197): GetCfgDirRealPolicyValue: cust_policy_dirs: /system/emui/base:/system/emui/china:/system/emui/lite:/vendor/etc:/odm/etc:/product/etc:/odm/hw_odm/ARTH-TL00:/product/region_comm/china:/preas/china:/product/hw_oem/ARTH-TL00:/preload/ARTH-TL00/cmcc/cn:/cust/global:/cust/hw/cn:/version/cust/cmcc/cn:/version/special_cust/ARTH-TL00/cmcc/cn:/cust/ecota 
10-10 09:32:18.536 I/dexoptanalyzer(10197): runtime mdmPath /product/etc/jar/Mdm/hw_mdm_framework.jar
10-10 09:32:18.537 I/dexoptanalyzer(10197): The ClassLoaderContext is a special shared library.
10-10 09:32:18.537 W/dexoptanalyzer(10197): Current thread not detached in Runtime shutdown
10-10 09:32:18.547 D/installed(  731): Processed secondary dex file /data/user/0/com.tal.tiku/files/ShadowPluginManager/UnpackedPlugin/mentoring-plugin/b16c84cd2b45dd2b2b1f205b467d9454/mentoring.so/dynamic-runtime-release.apk result=0
10-10 09:32:18.548 D/installed(  731): Processing secondary dex path /data/user/0/com.tal.tiku/files/ShadowPluginManager/UnpackedPlugin/mentoring-plugin/b16c84cd2b45dd2b2b1f205b467d9454/mentoring.so/dynamic-loader-release.apk
10-10 09:32:18.587 I/dexoptanalyzer(10199): The ClassLoaderContext is a special shared library.
10-10 09:32:18.588 E/        (10199): open file error
10-10 09:32:18.588 E/        (10199): open file error
10-10 09:32:18.588 I/        (10199): no cota liveupdate cust policy found
10-10 09:32:18.588 I/        (10199): GetCfgDirRealPolicyValue: cust_policy_dirs: /system/emui/base:/system/emui/china:/system/emui/lite:/vendor/etc:/odm/etc:/product/etc:/odm/hw_odm/ARTH-TL00:/product/region_comm/china:/preas/china:/product/hw_oem/ARTH-TL00:/preload/ARTH-TL00/cmcc/cn:/cust/global:/cust/hw/cn:/version/cust/cmcc/cn:/version/special_cust/ARTH-TL00/cmcc/cn:/cust/ecota 
10-10 09:32:18.607 E/        (10199): open file error
10-10 09:32:18.607 E/        (10199): open file error
10-10 09:32:18.607 I/        (10199): no cota liveupdate cust policy found
10-10 09:32:18.607 I/        (10199): GetCfgDirRealPolicyValue: cust_policy_dirs: /system/emui/base:/system/emui/china:/system/emui/lite:/vendor/etc:/odm/etc:/product/etc:/odm/hw_odm/ARTH-TL00:/product/region_comm/china:/preas/china:/product/hw_oem/ARTH-TL00:/preload/ARTH-TL00/cmcc/cn:/cust/global:/cust/hw/cn:/version/cust/cmcc/cn:/version/special_cust/ARTH-TL00/cmcc/cn:/cust/ecota 
10-10 09:32:18.607 I/dexoptanalyzer(10199): runtime mdmPath /product/etc/jar/Mdm/hw_mdm_framework.jar
10-10 09:32:18.608 I/dexoptanalyzer(10199): The ClassLoaderContext is a special shared library.
10-10 09:32:18.608 W/dexoptanalyzer(10199): Current thread not detached in Runtime shutdown
10-10 09:32:18.618 D/installed(  731): Processed secondary dex file /data/user/0/com.tal.tiku/files/ShadowPluginManager/UnpackedPlugin/mentoring-plugin/b16c84cd2b45dd2b2b1f205b467d9454/mentoring.so/dynamic-loader-release.apk result=0
10-10 09:32:18.619 D/installed(  731): Processing secondary dex path /data/user/0/com.tal.tiku/files/ShadowPluginManager/UnpackedPlugin/mentoring-plugin/b16c84cd2b45dd2b2b1f205b467d9454/mentoring.so/plugin-build-release.apk
10-10 09:32:18.641 I/chatty  ( 2005): uid=1000(system) HandleHighTempT expire 10 lines
10-10 09:32:18.660 I/dexoptanalyzer(10201): The ClassLoaderContext is a special shared library.
10-10 09:32:18.661 E/        (10201): open file error
10-10 09:32:18.661 E/        (10201): open file error
10-10 09:32:18.661 I/        (10201): no cota liveupdate cust policy found
10-10 09:32:18.661 I/        (10201): GetCfgDirRealPolicyValue: cust_policy_dirs: /system/emui/base:/system/emui/china:/system/emui/lite:/vendor/etc:/odm/etc:/product/etc:/odm/hw_odm/ARTH-TL00:/product/region_comm/china:/preas/china:/product/hw_oem/ARTH-TL00:/preload/ARTH-TL00/cmcc/cn:/cust/global:/cust/hw/cn:/version/cust/cmcc/cn:/version/special_cust/ARTH-TL00/cmcc/cn:/cust/ecota 
10-10 09:32:18.679 E/        (10201): open file error
10-10 09:32:18.679 E/        (10201): open file error
10-10 09:32:18.679 I/        (10201): no cota liveupdate cust policy found
10-10 09:32:18.679 I/        (10201): GetCfgDirRealPolicyValue: cust_policy_dirs: /system/emui/base:/system/emui/china:/system/emui/lite:/vendor/etc:/odm/etc:/product/etc:/odm/hw_odm/ARTH-TL00:/product/region_comm/china:/preas/china:/product/hw_oem/ARTH-TL00:/preload/ARTH-TL00/cmcc/cn:/cust/global:/cust/hw/cn:/version/cust/cmcc/cn:/version/special_cust/ARTH-TL00/cmcc/cn:/cust/ecota 
10-10 09:32:18.679 I/dexoptanalyzer(10201): runtime mdmPath /product/etc/jar/Mdm/hw_mdm_framework.jar
10-10 09:32:18.680 I/dexoptanalyzer(10201): The ClassLoaderContext is a special shared library.
10-10 09:32:18.681 W/dexoptanalyzer(10201): Current thread not detached in Runtime shutdown
10-10 09:32:18.688 D/installed(  731): Processed secondary dex file /data/user/0/com.tal.tiku/files/ShadowPluginManager/UnpackedPlugin/mentoring-plugin/b16c84cd2b45dd2b2b1f205b467d9454/mentoring.so/plugin-build-release.apk result=0
10-10 09:32:18.692 I/Legacy PowerHAL(  576): get_number_of_platform_modes
10-10 09:32:18.692 I/Legacy PowerHAL(  576): get_voter_list!
10-10 09:32:18.692 I/Legacy PowerHAL(  576): get_platform_low_power_stats update list
10-10 09:32:18.718 D/JobScheduler( 1496): queuing all ready jobs for execution:
10-10 09:32:18.736 E/LOGSERVER_UTILS(  765): [Erecovery]readEvent: eRecEventManager readEvent 0
10-10 09:32:20.028 I/HwBatteryService( 1496): quick charge status : 0
10-10 09:32:20.028 D/HwBatteryService( 1496): onUEvent fcpStatus = 0
10-10 09:32:20.029 D/HwBatteryService( 1496): onUEvent scpStatus = 0 ,ovpStatus = 0
10-10 09:32:20.029 I/HwBatteryService( 1496): handleWirelessTxStatus
10-10 09:32:20.029 I/HwBatteryService( 1496): switch not open, return, mWirelessTxFlag : 0
10-10 09:32:20.030 I/UsbDeviceManager( 1496): water_intrused state= 0
10-10 09:32:20.780 E/LOGSERVER_UTILS(  765): [Erecovery]readEvent: eRecEventManager readEvent 0
10-10 09:32:21.821 E/LOGSERVER_UTILS(  765): [Erecovery]readEvent: eRecEventManager readEvent 0
10-10 09:32:22.770 E/libc    ( 3697): Access denied finding property "net.dns1"
10-10 09:32:22.771 E/libc    ( 3697): Access denied finding property "net.dns2"
10-10 09:32:22.777 I/PreDnsController(  530): canPreDnsQuery,persist.sys.predns is false!
10-10 09:32:22.780 D/libc    (  530): GetAddrInfoHandler addr: 0.0
10-10 09:32:22.783 D/libc    (  530): GetAddrInfoHandler addr: 0.0
10-10 09:32:22.863 E/LOGSERVER_UTILS(  765): [Erecovery]readEvent: eRecEventManager readEvent 0
10-10 09:32:25.936 E/LOGSERVER_UTILS(  765): [Erecovery]readEvent: eRecEventManager readEvent 0
10-10 09:32:26.978 E/LOGSERVER_UTILS(  765): [Erecovery]readEvent: eRecEventManager readEvent 0
10-10 09:32:33.227 E/LOGSERVER_UTILS(  765): [Erecovery]readEvent: eRecEventManager readEvent 0
10-10 09:32:33.620 E/MtpServer(32212): request read returned -1, errno: 5
10-10 09:32:33.621 I/HwMtpServerExJNI(32212): cleanup MtpServerEx
10-10 09:32:33.621 V/MtpServerEx(32212): destructor
10-10 09:32:33.621 E/adbd    ( 4934): aio: got error event on read total bufs 1: Cannot send after transport endpoint shutdown
10-10 09:32:33.621 V/HwMtpServerExJNI(32212): finalize
10-10 09:32:33.621 I/chatty  ( 1934): uid=1000(system) UEventObserver expire 76 lines
10-10 09:32:33.622 I/StagefrightMediaScannerEx(32212): StagefrightMediaScanner destructor
10-10 09:32:33.624 I/adbd    ( 4934): closing functionfs transport
10-10 09:32:33.634 I/OEMINFO_NVM_SERVER(  441): GetValidOeminfoRegion: index is (67).
10-10 09:32:33.643 I/OEMINFO_NVM_SERVER(  441): GetValidOeminfoRegion: index is (67).
10-10 09:32:33.781 I/adbd    ( 4934): initializing functionfs
10-10 09:32:33.781 I/adbd    ( 4934): opening control endpoint /dev/usb-ffs/adb/ep0
10-10 09:32:33.783 I/adbd    ( 4934): functionfs successfully initialized
10-10 09:32:33.784 I/adbd    ( 4934): registering usb transport
10-10 09:32:34.131 I/chatty  (21737): uid=1000(system) com.android.settings expire 16 lines
10-10 09:32:34.142 D/MtpReceiver(32212): Debug MTP:ACTION_USB_STATE 
10-10 09:32:34.150 W/ContextImpl(21737): Calling a method in the system process without a qualified user: android.app.ContextImpl.startService:1771 android.content.ContextWrapper.startService:664 android.content.ContextWrapper.startService:664 com.android.settings.deviceinfo.UsbReceiver.startUsbService:322 com.android.settings.deviceinfo.UsbReceiver.onUsbStateReceive:168 
10-10 09:32:34.160 W/ContextImpl(21737): Calling a method in the system process without a qualified user: android.app.ContextImpl.startService:1771 android.content.ContextWrapper.startService:664 android.content.ContextWrapper.startService:664 com.android.settings.deviceinfo.UsbReceiver.startUsbService:322 com.android.settings.deviceinfo.UsbReceiver.onUsbStateReceive:231 
10-10 09:32:34.164 I/chatty  (21737): uid=1000(system) com.android.settings expire 6 lines
10-10 09:32:34.165 V/BroadcastQueue( 1496): Finished with ordered broadcast BroadcastRecord{82f9433 u-1 android.hardware.usb.action.USB_STATE}
10-10 09:32:34.265 E/LOGSERVER_UTILS(  765): [Erecovery]readEvent: eRecEventManager readEvent 0
10-10 09:32:34.867 I/NotificationService( 1496): enqueueNotificationInternal: pkg=com.android.settings id=1000002 notification=Notification(channel=SETTINGS_USB pri=1 contentView=null vibrate=null sound=null tick defaults=0x0 flags=0x2 color=0x00000000 vis=PRIVATE)
10-10 09:32:34.868 I/NotificationService( 1496): enqueueNotificationInternal Channel Info : pkg=com.android.settings id=1000002 importance =1
10-10 09:32:34.895 I/chatty  ( 2005): uid=1000(system) core expire 11 lines
10-10 09:32:34.896 D/NotificationEntryMgr( 1807): updateNotification(StatusBarNotification(pkg=com.android.settings user=UserHandle{0} id=1000002 tag=null key=0|com.android.settings|1000002|null|1000: Notification(channel=SETTINGS_USB pri=1 contentView=null vibrate=null sound=null tick defaults=0x0 flags=0x2 color=0x00000000 vis=PRIVATE)))
10-10 09:32:34.897 E/SQLiteLog( 3264): (1) 
10-10 09:32:34.903 I/NotificationInflation2( 1807): start: entry=74221167,key=0|com.android.settings|1000002|null|1000
10-10 09:32:34.903 D/NotificationEntryMgr( 1807): No peeking: not in use: 0|com.android.settings|1000002|null|1000
10-10 09:32:34.903 I/NotificationInflation4( 1807): doInBackground is begin
10-10 09:32:34.903 W/NotificationViewHierarchyManager( 1807): updateNotificationShade activeNotificationSize=1;hasFaceDT: false; Detected:false
10-10 09:32:34.908 I/HwNotificationEx( 1807): new HwNotificationEx
10-10 09:32:34.908 I/HwNotificationEx( 1807): isPureColorIcon
10-10 09:32:34.908 I/HwNotificationEx( 1807): mHWColorUtil is null get it agin
10-10 09:32:34.909 I/HwNotificationEx( 1807): isPureColorIcon
10-10 09:32:34.911 I/chatty  ( 1807): uid=10022(com.huawei.HwMultiScreenShot) SystemUIThreadF identical 6 lines
10-10 09:32:34.911 I/HwNotificationEx( 1807): isPureColorIcon
10-10 09:32:34.912 I/NotificationInflation5( 1807): doInBackground is end
10-10 09:32:34.920 W/PanelView( 1807): set notification panel padding = 1556
10-10 09:32:34.921 W/HwBackDropView( 1807): setAnimationParamInner 0.0   0
10-10 09:32:34.922 I/NotificationInflation2( 1807): finish: entry=74221167
10-10 09:32:34.922 I/NotificationInflation3( 1807): start: entry=74221167,key=0|com.android.settings|1000002|null|1000
10-10 09:32:34.947 W/PanelView( 1807): set notification panel padding = 1556
10-10 09:32:34.947 W/HwBackDropView( 1807): setAnimationParamInner 0.0   0
10-10 09:32:34.952 I/NotificationInflation3( 1807): finish: entry=74221167
10-10 09:32:34.970 W/PanelView( 1807): set notification panel padding = 1556
10-10 09:32:34.970 W/HwBackDropView( 1807): setAnimationParamInner 0.0   0
10-10 09:32:35.298 E/LOGSERVER_UTILS(  765): [Erecovery]readEvent: eRecEventManager readEvent 0
10-10 09:32:36.339 E/LOGSERVER_UTILS(  765): [Erecovery]readEvent: eRecEventManager readEvent 0
10-10 09:32:37.381 E/LOGSERVER_UTILS(  765): [Erecovery]readEvent: eRecEventManager readEvent 0
10-10 09:32:37.537 I/OEMINFO_NVM_SERVER(  441): GetValidOeminfoRegion: index is (67).
10-10 09:32:37.544 I/OEMINFO_NVM_SERVER(  441): GetValidOeminfoRegion: index is (67).
10-10 09:32:38.422 E/LOGSERVER_UTILS(  765): [Erecovery]readEvent: eRecEventManager readEvent 0
10-10 09:32:39.463 E/LOGSERVER_UTILS(  765): [Erecovery]readEvent: eRecEventManager readEvent 0
10-10 09:32:39.989 W/Watchdog( 1496): hungtask: writing kick
10-10 09:32:40.504 E/LOGSERVER_UTILS(  765): [Erecovery]readEvent: eRecEventManager readEvent 0
10-10 09:32:41.057 I/OEMINFO_NVM_SERVER(  441): GetValidOeminfoRegion: index is (67).
10-10 09:32:41.065 I/OEMINFO_NVM_SERVER(  441): GetValidOeminfoRegion: index is (67).
10-10 09:32:41.361 I/chatty  (  739): uid=1000(system) /system/bin/thermal-daemon expire 11 lines
10-10 09:32:41.545 E/LOGSERVER_UTILS(  765): [Erecovery]readEvent: eRecEventManager readEvent 0
10-10 09:32:44.681 I/chatty  (  441): uid=0(root) oeminfo_nvm_ser expire 15 lines
10-10 09:32:49.726 I/storaged(  738): storaged_t::event: storage_info refreshed.
10-10 09:32:50.727 I/HwBatteryService( 1496): quick charge status : 0
10-10 09:32:50.727 D/HwBatteryService( 1496): onUEvent fcpStatus = 0
10-10 09:32:50.727 D/HwBatteryService( 1496): onUEvent scpStatus = 0 ,ovpStatus = 0
10-10 09:32:50.727 I/HwBatteryService( 1496): handleWirelessTxStatus
10-10 09:32:50.728 I/HwBatteryService( 1496): switch not open, return, mWirelessTxFlag : 0
10-10 09:32:50.729 I/UsbDeviceManager( 1496): water_intrused state= 0
10-10 09:33:01.185 I/chatty  ( 3576): uid=10081(com.huawei.hiai) myHandlerThread expire 25 lines
10-10 09:33:01.195 I/chatty  ( 3576): uid=10081(com.huawei.hiai) ServiceRestartT expire 2 lines
10-10 09:33:01.200 I/chatty  ( 3576): uid=10081 com.huawei.hiai.engineservice expire 1 line
10-10 09:33:01.207 I/chatty  ( 3576): uid=10081(com.huawei.hiai) LocationManager expire 18 lines
10-10 09:33:01.217 I/chatty  ( 3576): uid=10081 com.huawei.hiai.engineservice expire 1 line
10-10 09:33:01.218 W/PhoneInterfaceManager( 2030): shouldBlockLocation running ...
10-10 09:33:01.219 I/PhoneInterfaceManager( 2030): shouldBlockLocation  ret:false
10-10 09:33:02.590 I/chatty  (  441): uid=0(root) oeminfo_nvm_ser expire 10 lines
10-10 09:33:06.315 I/chatty  ( 1934): uid=1000(system) UEventObserver expire 47 lines
10-10 09:33:09.993 W/Watchdog( 1496): hungtask: writing kick
10-10 09:33:17.105 I/chatty  ( 1934): uid=1000(system) com.huawei.systemserver expire 11 lines
10-10 09:33:19.188 I/ImsResolver( 2030): getMmTelFeatureAndListen - slot: 2 callback: com.android.ims.MmTelFeatureConnection$1@49dc99f
10-10 09:33:19.726 I/chatty  (  765): uid=0(root) erecovery-event expire 30 lines
10-10 09:33:20.600 I/chatty  (  441): uid=0(root) oeminfo_nvm_ser expire 22 lines
10-10 09:33:21.450 I/HwBatteryService( 1496): quick charge status : 0
10-10 09:33:21.451 D/HwBatteryService( 1496): onUEvent fcpStatus = 0
10-10 09:33:21.451 D/HwBatteryService( 1496): onUEvent scpStatus = 0 ,ovpStatus = 0
10-10 09:33:21.451 I/HwBatteryService( 1496): handleWirelessTxStatus
10-10 09:33:21.451 I/HwBatteryService( 1496): switch not open, return, mWirelessTxFlag : 0
10-10 09:33:21.452 I/UsbDeviceManager( 1496): water_intrused state= 0
10-10 09:33:27.746 I/chatty  ( 1934): uid=1000(system) UEventObserver expire 45 lines
10-10 09:33:38.094 I/chatty  ( 2005): uid=1000(system) actions handler expire 10 lines
10-10 09:33:39.997 W/Watchdog( 1496): hungtask: writing kick
10-10 09:33:40.107 I/NetworkStatsManager( 3800): querySummary callingPid = 3800
10-10 09:33:40.109 I/NetworkStats( 1496): openSessionForUsageStats, pid = 3800, pkg = com.tencent.mm
10-10 09:33:40.109 I/NetworkStats( 1496): openSessionInternal,pid = 3800
10-10 09:33:40.110 I/NetworkStats( 1496): performPollLocked, pid = 1496
10-10 09:33:40.115 I/chatty  ( 1496): uid=1000(system) Binder:1496_1E expire 18 lines
10-10 09:33:40.182 I/chatty  (10229): uid=0(root) expire 1 line
10-10 09:33:40.207 I/chatty  (10230): uid=0(root) expire 1 line
10-10 09:33:40.216 W/NetworkStatsFactory( 1496): mStatsXtProcUid: /proc/net/comm/stats does not exist!
10-10 09:33:40.216 D/HwNetworkStatsService( 1496): hwRecordUidAndProcSnapshotLocked currentTime = 1633829620116
10-10 09:33:40.217 I/NetworkStatsFactory( 1496): javaReadNetworkStatsUidAndProcDetail. cost time = 1
10-10 09:33:40.219 D/HwNetworkStatsService( 1496): hwMaybeUidAndProcPersistLocked currentTime = 1633829620116
10-10 09:33:40.228 I/chatty  ( 1496): uid=1000(system) NetworkPolicy expire 4 lines
10-10 09:33:40.229 I/NetworkStatsManager( 3800): querySummary callingPid = 3800
10-10 09:33:40.229 I/NetworkStats( 1496): openSessionForUsageStats, pid = 3800, pkg = com.tencent.mm
10-10 09:33:40.230 I/chatty  ( 2285): uid=1000(system) NatTrafficNotif expire 4 lines
10-10 09:33:41.497 I/chatty  (  765): uid=0(root) erecovery-event expire 33 lines
10-10 09:33:42.137 I/chatty  (  441): uid=0(root) oeminfo_nvm_ser expire 24 lines
10-10 09:33:42.497 E/memtrack( 3697): Couldn't load memtrack module
10-10 09:33:42.498 W/android.os.Debug( 3697): failed to get memory consumption info: -1
10-10 09:33:42.625 I/MicroMsg.MemoryWatchDog( 3697): [AutoCheck]  
10-10 09:33:42.625 I/MicroMsg.MemoryWatchDog( 3697): >>>>>>>>>>>>>>>>>>>>>>>>>>>>>>>>>>>>>>>>>>>>>>>>>>> MemoryInfo(tid=1282) <<<<<<<<<<<<<<<<<<<<<<<<<<<<<<<<<<<<<<<<<<<<<<<<
10-10 09:33:42.625 I/MicroMsg.MemoryWatchDog( 3697): | Activity:	default	AppForeground:true	ProcessForeground:false
10-10 09:33:42.625 I/MicroMsg.MemoryWatchDog( 3697): | Source:	 3
10-10 09:33:42.625 I/MicroMsg.MemoryWatchDog( 3697): | VmSize:	 5541320kB
10-10 09:33:42.625 I/MicroMsg.MemoryWatchDog( 3697): | SystemMemoryInfo:	 totalMem=3889393664, availMem=2257739776, lowMemory=false, threshold=226492416
10-10 09:33:42.625 I/MicroMsg.MemoryWatchDog( 3697): | Dalvik:	 memClass=384, memLargeClass=512 B, UsedMemory=16117344 B, RecycledMemory=2800536 B, MaxMemory=536870912 B
10-10 09:33:42.625 I/MicroMsg.MemoryWatchDog( 3697): | NATIVE:	 HeapSize=27262976 B, AllocatedSize=23428728 B, RecycledSize=3834248 B
10-10 09:33:42.625 I/MicroMsg.MemoryWatchDog( 3697): | Stats:	 pss-sum:0 KB, code=5276, stack=44, graphics=0, java-heap=6312, native-heap=18668, system=39702, total-pss=77974, private-other=7972, total-swap=7936
10-10 09:33:42.625 I/MicroMsg.MemoryWatchDog( 3697): | AMSStats:	 code=5276, stack=44, graphics=0, java-heap=6316, native-heap=18668, system=39702, total-pss=77978, private-other=7972, total-swap=7936
10-10 09:33:42.625 I/MicroMsg.MemoryWatchDog( 3697): | FgService:	[]
10-10 09:33:42.625 I/MicroMsg.MemoryWatchDog( 3697): >>>>>>>>>>>>>>>>>>>>>>>>>>>>>>>>>>>>>>>>>>>>>>>>>>> END(cost:279ms) <<<<<<<<<<<<<<<<<<<<<<<<<<<<<<<<<<<<<<<<<<<<<<<<<<<
10-10 09:33:47.391 E/memtrack( 3800): Couldn't load memtrack module
10-10 09:33:47.391 W/android.os.Debug( 3800): failed to get memory consumption info: -1
10-10 09:33:47.652 I/MicroMsg.MemoryWatchDog( 3800): [AutoCheck]  
10-10 09:33:47.652 I/MicroMsg.MemoryWatchDog( 3800): >>>>>>>>>>>>>>>>>>>>>>>>>>>>>>>>>>>>>>>>>>>>>>>>>>> MemoryInfo(tid=1220) <<<<<<<<<<<<<<<<<<<<<<<<<<<<<<<<<<<<<<<<<<<<<<<<
10-10 09:33:47.652 I/MicroMsg.MemoryWatchDog( 3800): | Activity:	default	AppForeground:true	ProcessForeground:false
10-10 09:33:47.652 I/MicroMsg.MemoryWatchDog( 3800): | Source:	 3
10-10 09:33:47.652 I/MicroMsg.MemoryWatchDog( 3800): | VmSize:	 5582728kB
10-10 09:33:47.652 I/MicroMsg.MemoryWatchDog( 3800): | SystemMemoryInfo:	 totalMem=3889393664, availMem=2258214912, lowMemory=false, threshold=226492416
10-10 09:33:47.652 I/MicroMsg.MemoryWatchDog( 3800): | Dalvik:	 memClass=384, memLargeClass=512 B, UsedMemory=18023466 B, RecycledMemory=1384714 B, MaxMemory=536870912 B
10-10 09:33:47.652 I/MicroMsg.MemoryWatchDog( 3800): | NATIVE:	 HeapSize=39845888 B, AllocatedSize=24074984 B, RecycledSize=15770904 B
10-10 09:33:47.652 I/MicroMsg.MemoryWatchDog( 3800): | Stats:	 pss-sum:189839 KB, code=33464, stack=36, graphics=0, java-heap=9208, native-heap=20048, system=39861, total-pss=111637, private-other=9020, total-swap=7944
10-10 09:33:47.652 I/MicroMsg.MemoryWatchDog( 3800): | AMSStats:	 code=33464, stack=36, graphics=0, java-heap=9208, native-heap=20048, system=39861, total-pss=111637, private-other=9020, total-swap=7944
10-10 09:33:47.652 I/MicroMsg.MemoryWatchDog( 3800): | FgService:	[]
10-10 09:33:47.652 I/MicroMsg.MemoryWatchDog( 3800): >>>>>>>>>>>>>>>>>>>>>>>>>>>>>>>>>>>>>>>>>>>>>>>>>>> END(cost:413ms) <<<<<<<<<<<<<<<<<<<<<<<<<<<<<<<<<<<<<<<<<<<<<<<<<<<
10-10 09:33:47.652 I/MicroMsg.MemoryWatchDog( 3800): | Process: com.tencent.mm, pid: 3800, totalPss: 111645
10-10 09:33:47.652 I/MicroMsg.MemoryWatchDog( 3800): | Process: com.tencent.mm:push, pid: 3697, totalPss: 78194
10-10 09:33:49.265 I/chatty  ( 1934): uid=1000(system) UEventObserver expire 96 lines
10-10 09:33:49.728 I/storaged(  738): storaged_t::event: storage_info refreshed.
10-10 09:33:52.198 I/HwBatteryService( 1496): quick charge status : 0
10-10 09:33:52.198 D/HwBatteryService( 1496): onUEvent fcpStatus = 0
10-10 09:33:52.198 D/HwBatteryService( 1496): onUEvent scpStatus = 0 ,ovpStatus = 0
10-10 09:33:52.198 I/HwBatteryService( 1496): handleWirelessTxStatus
10-10 09:33:52.198 I/HwBatteryService( 1496): switch not open, return, mWirelessTxFlag : 0
10-10 09:33:52.199 I/UsbDeviceManager( 1496): water_intrused state= 0
10-10 09:33:52.645 V/BroadcastQueue( 1496): Finished with ordered broadcast BroadcastRecord{ccc8d69 u0 com.tencent.mm.plugin.report.service.KVCommCrossProcessReceiver}
10-10 09:34:10.000 W/Watchdog( 1496): hungtask: writing kick
10-10 09:34:10.213 I/chatty  (  530): uid=0(root) POSIX timer 0 expire 16 lines
10-10 09:34:17.131 I/chatty  ( 1934): uid=1000(system) com.huawei.systemserver expire 13 lines
10-10 09:34:22.906 I/HwBatteryService( 1496): quick charge status : 0
10-10 09:34:22.907 D/HwBatteryService( 1496): onUEvent fcpStatus = 0
10-10 09:34:22.907 D/HwBatteryService( 1496): onUEvent scpStatus = 0 ,ovpStatus = 0
10-10 09:34:22.907 I/HwBatteryService( 1496): handleWirelessTxStatus
10-10 09:34:22.907 I/HwBatteryService( 1496): switch not open, return, mWirelessTxFlag : 0
10-10 09:34:22.908 I/UsbDeviceManager( 1496): water_intrused state= 0
10-10 09:34:23.194 I/ImsResolver( 2030): getMmTelFeatureAndListen - slot: 2 callback: com.android.ims.MmTelFeatureConnection$1@a977aec
10-10 09:34:23.775 I/chatty  (  765): uid=0(root) erecovery-event expire 19 lines
10-10 09:34:25.201 I/chatty  (  441): uid=0(root) oeminfo_nvm_ser expire 15 lines
10-10 09:34:32.437 I/chatty  ( 1934): uid=1000(system) UEventObserver expire 48 lines
10-10 09:34:40.004 W/Watchdog( 1496): hungtask: writing kick
10-10 09:34:49.729 I/storaged(  738): storaged_t::event: storage_info refreshed.
10-10 09:34:52.770 E/libc    ( 3697): Access denied finding property "net.dns1"
10-10 09:34:52.770 E/libc    ( 3697): Access denied finding property "net.dns2"
10-10 09:34:52.776 I/chatty  (  530): uid=0(root) /system/bin/netd expire 16 lines
10-10 09:34:52.780 I/chatty  (  530): uid=0(root) Binder:530_2 expire 1 line
10-10 09:34:53.634 I/HwBatteryService( 1496): quick charge status : 0
10-10 09:34:53.635 D/HwBatteryService( 1496): onUEvent fcpStatus = 0
10-10 09:34:53.635 D/HwBatteryService( 1496): onUEvent scpStatus = 0 ,ovpStatus = 0
10-10 09:34:53.635 I/HwBatteryService( 1496): handleWirelessTxStatus
10-10 09:34:53.635 I/HwBatteryService( 1496): switch not open, return, mWirelessTxFlag : 0
10-10 09:34:53.636 I/UsbDeviceManager( 1496): water_intrused state= 0
10-10 09:34:53.673 I/chatty  (  765): uid=0(root) erecovery-event expire 25 lines
10-10 09:34:53.971 I/chatty  ( 1934): uid=1000(system) UEventObserver expire 72 lines
10-10 09:34:53.983 I/chatty  (  441): uid=0(root) oeminfo_nvm_ser expire 46 lines
10-10 09:35:10.007 W/Watchdog( 1496): hungtask: writing kick
10-10 09:35:17.221 I/chatty  ( 1934): uid=1000(system) com.huawei.systemserver expire 11 lines
10-10 09:35:24.341 I/HwBatteryService( 1496): quick charge status : 0
10-10 09:35:24.341 D/HwBatteryService( 1496): onUEvent fcpStatus = 0
10-10 09:35:24.341 D/HwBatteryService( 1496): onUEvent scpStatus = 0 ,ovpStatus = 0
10-10 09:35:24.341 I/HwBatteryService( 1496): handleWirelessTxStatus
10-10 09:35:24.341 I/HwBatteryService( 1496): switch not open, return, mWirelessTxFlag : 0
10-10 09:35:24.342 I/UsbDeviceManager( 1496): water_intrused state= 0
10-10 09:35:25.244 I/aiserver(  757): AiStatsLogTimer::start:has sleep 20 minute,call Proc->timeout
10-10 09:35:25.245 I/aiserver(  757): AiStatsLogUtils::getFileName opendir[/data/vendor/hiai/stats/log/mngr/] not exist.
10-10 09:35:25.245 I/aiserver(  757): AiStatsLogCfgUtils::getStatsLogReserveDays::not has [mngr_stats_log_reserve_days] cfg
10-10 09:35:25.245 I/aiserver(  757): AiMMStatsLogWriter::DeleteLogFile: getStatsLogReserveDays failed,not need to delete.
10-10 09:35:25.309 W/HiDecision(22049): MinuteGeneratorService: This is no hour change
10-10 09:35:26.274 I/chatty  ( 1934): uid=1000(system) UEventObserver expire 48 lines
10-10 09:35:26.286 I/chatty  (  441): uid=0(root) oeminfo_nvm_ser expire 26 lines
10-10 09:35:26.862 I/chatty  (  765): uid=0(root) erecovery-event expire 32 lines
10-10 09:35:27.201 I/ImsResolver( 2030): getMmTelFeatureAndListen - slot: 2 callback: com.android.ims.MmTelFeatureConnection$1@87b6eb5
10-10 09:35:28.031 I/chatty  (21737): uid=1000(system) com.android.settings expire 10 lines
10-10 09:35:33.322 I/UsageStatsService( 1496): User[0] Flushing usage stats to disk
10-10 09:35:40.011 W/Watchdog( 1496): hungtask: writing kick
10-10 09:35:45.810 I/HwNaturalBase( 1994): [Timer-0]: MultiUserManagerService:  getNotActiveUser start
10-10 09:35:47.805 I/chatty  ( 1934): uid=1000(system) UEventObserver expire 120 lines
10-10 09:35:49.731 I/storaged(  738): storaged_t::event: storage_info refreshed.
10-10 09:35:50.646 I/chatty  (  765): uid=0(root) erecovery-event expire 63 lines
10-10 09:35:55.056 I/HwBatteryService( 1496): quick charge status : 0
10-10 09:35:55.056 D/HwBatteryService( 1496): onUEvent fcpStatus = 0
10-10 09:35:55.056 D/HwBatteryService( 1496): onUEvent scpStatus = 0 ,ovpStatus = 0
10-10 09:35:55.056 I/HwBatteryService( 1496): handleWirelessTxStatus
10-10 09:35:55.057 I/HwBatteryService( 1496): switch not open, return, mWirelessTxFlag : 0
10-10 09:35:55.058 I/UsbDeviceManager( 1496): water_intrused state= 0
10-10 09:36:00.223 I/HwNaturalBase( 1994): [CommonHandler]: 32355Kb ram is used.
10-10 09:36:10.014 W/Watchdog( 1496): hungtask: writing kick
10-10 09:36:12.227 I/chatty  ( 2285): uid=1000(system) Thread-2 expire 10 lines
10-10 09:36:17.217 I/chatty  ( 1934): uid=1000(system) com.huawei.systemserver expire 10 lines
10-10 09:36:25.792 I/HwBatteryService( 1496): quick charge status : 0
10-10 09:36:25.793 D/HwBatteryService( 1496): onUEvent fcpStatus = 0
10-10 09:36:25.793 D/HwBatteryService( 1496): onUEvent scpStatus = 0 ,ovpStatus = 0
10-10 09:36:25.793 I/HwBatteryService( 1496): handleWirelessTxStatus
10-10 09:36:25.793 I/HwBatteryService( 1496): switch not open, return, mWirelessTxFlag : 0
10-10 09:36:25.794 I/UsbDeviceManager( 1496): water_intrused state= 0
10-10 09:36:31.207 I/ImsResolver( 2030): getMmTelFeatureAndListen - slot: 2 callback: com.android.ims.MmTelFeatureConnection$1@d47794a
10-10 09:36:40.018 W/Watchdog( 1496): hungtask: writing kick
10-10 09:36:41.630 I/chatty  ( 1934): uid=1000(system) UEventObserver expire 48 lines
10-10 09:36:45.812 I/HwNaturalBase( 1994): [Timer-0]: MultiUserManagerService:  getNotActiveUser start
10-10 09:36:46.283 I/chatty  ( 2005): uid=1000(system) actions handler expire 10 lines
10-10 09:36:49.732 I/storaged(  738): storaged_t::event: storage_info refreshed.
10-10 09:36:56.501 I/HwBatteryService( 1496): quick charge status : 0
10-10 09:36:56.501 D/HwBatteryService( 1496): onUEvent fcpStatus = 0
10-10 09:36:56.501 D/HwBatteryService( 1496): onUEvent scpStatus = 0 ,ovpStatus = 0
10-10 09:36:56.502 I/HwBatteryService( 1496): handleWirelessTxStatus
10-10 09:36:56.502 I/HwBatteryService( 1496): switch not open, return, mWirelessTxFlag : 0
10-10 09:36:56.503 I/UsbDeviceManager( 1496): water_intrused state= 0
10-10 09:37:00.338 I/HwNaturalBase( 1994): [CommonHandler]: 32355Kb ram is used.
10-10 09:37:02.971 I/chatty  (  765): uid=0(root) erecovery-event expire 10 lines
10-10 09:37:03.170 I/chatty  ( 1934): uid=1000(system) UEventObserver expire 43 lines
10-10 09:37:03.181 I/chatty  (  441): uid=0(root) oeminfo_nvm_ser expire 12 lines
10-10 09:37:06.313 I/chatty  ( 2005): uid=1000(system) thermal-core-th expire 14 lines
10-10 09:37:06.319 I/chatty  ( 2005): uid=1000(system) actions handler expire 16 lines
10-10 09:37:10.021 W/Watchdog( 1496): hungtask: writing kick
10-10 09:37:10.022 I/chatty  ( 1496): uid=1000(system) android.fg expire 17 lines
10-10 09:37:15.195 D/MtpReceiver(32212): Debug MTP:ACTION_USB_STATE 
10-10 09:37:15.197 D/MtpReceiver(32212): handleUsbState startService
10-10 09:37:15.197 D/MediaProvider(32212): fixParentIdIfNeeded called
10-10 09:37:15.197 D/MtpReceiver(32212): Debug MTP:srart MTP service 
10-10 09:37:15.200 D/MtpService(32212): starting MTP server in MTP mode with storage /storage/emulated/0 unlocked as user 0
10-10 09:37:15.201 I/HWSERVICES(32212): hwnative_get_component:libstagefright,Scanner
10-10 09:37:15.202 I/chatty  (21737): uid=1000(system) com.android.settings expire 14 lines
10-10 09:37:15.203 W/ContextImpl(21737): Calling a method in the system process without a qualified user: android.app.ContextImpl.startService:1771 android.content.ContextWrapper.startService:664 android.content.ContextWrapper.startService:664 com.android.settings.deviceinfo.UsbReceiver.startUsbService:322 com.android.settings.deviceinfo.UsbReceiver.onUsbStateReceive:168 
10-10 09:37:15.203 I/StagefrightMediaScannerEx(32212): StagefrightMediaScanner Constructor
10-10 09:37:15.205 I/HISEC   (  647): [STATIC    ] static check started
10-10 09:37:15.205 I/iMonitor(  647): create: 940001000
10-10 09:37:15.206 I/iMonitor(  647): send: 940001000
10-10 09:37:15.206 I/HISEC   (  647): [ENGINE    ] upload threat succeed: name:usb-debug,stat:RISK,cred:Y,seq:344,table: 0 0 0 2,errno:5#1y,detail:"CONFIGURED"
10-10 09:37:15.207 D/MediaScanner(32212): setStorageEjectFlag flag = 0
10-10 09:37:15.209 D/MediaScanner(32212): totalMemoryGb 3, lowRamDevice falsemMaxFileCacheEntrySize = 90000
10-10 09:37:15.213 I/MtpService(32212): Couldn't get control FD!
10-10 09:37:15.213 I/HWSERVICES(32212): hwnative_get_component_mtpServer  comes...
10-10 09:37:15.215 V/MtpServerEx(32212): constructor
10-10 09:37:15.215 I/HwMtpServerExJNI(32212): set MtpServerEx 0x70b9eb2800
10-10 09:37:15.215 I/HwMtpServerExJNI(32212): Finish to setup MtpServer
10-10 09:37:15.215 W/ContextImpl(21737): Calling a method in the system process without a qualified user: android.app.ContextImpl.startService:1771 android.content.ContextWrapper.startService:664 android.content.ContextWrapper.startService:664 com.android.settings.deviceinfo.UsbReceiver.startUsbService:322 com.android.settings.deviceinfo.UsbReceiver.onUsbStateReceive:231 
10-10 09:37:15.215 I/chatty  (  441): uid=0(root) oeminfo_nvm_ser expire 12 lines
10-10 09:37:15.216 E/OEMINFO_NVM_CLIENT(  647): OinvRecvReturn: RET_FAIL return.
10-10 09:37:15.216 E/OEMINFO_NVM_CLIENT(  647): rmt_oeminfo_read: index(103) get data from server fail.
10-10 09:37:15.218 V/BroadcastQueue( 1496): Finished with ordered broadcast BroadcastRecord{a5f56ab u-1 android.hardware.usb.action.USB_STATE}
10-10 09:37:15.224 I/chatty  (21737): uid=1000(system) com.android.settings expire 6 lines
10-10 09:37:15.226 V/MtpService(32212): Adding MTP storage:/storage/emulated/0
10-10 09:37:15.236 E/MtpDatabase(32212): addStorageId : 65537
10-10 09:37:15.236 E/HwMtpServerExJNI(32212): android_mtp_MtpServerEx_add_storage, line 134
10-10 09:37:15.236 I/HWSERVICES(32212): hwnative_get_component_mtpStorage  comes...
10-10 09:37:15.238 E/HWSERVICES(32212): hwnative_get_component_mtpStorage error: undefined symbol: _Z27createMyComponentMtpStoragePvjPKcS1_mbm
10-10 09:37:15.292 I/chatty  (  765): uid=0(root) erecovery-event expire 29 lines
10-10 09:37:15.920 I/NotificationService( 1496): enqueueNotificationInternal: pkg=com.android.settings id=1000002 notification=Notification(channel=SETTINGS_USB pri=1 contentView=null vibrate=null sound=null tick defaults=0x0 flags=0x2 color=0x00000000 vis=PRIVATE)
10-10 09:37:15.921 I/NotificationService( 1496): enqueueNotificationInternal Channel Info : pkg=com.android.settings id=1000002 importance =1
10-10 09:37:15.941 D/NotificationEntryMgr( 1807): updateNotification(StatusBarNotification(pkg=com.android.settings user=UserHandle{0} id=1000002 tag=null key=0|com.android.settings|1000002|null|1000: Notification(channel=SETTINGS_USB pri=1 contentView=null vibrate=null sound=null tick defaults=0x0 flags=0x2 color=0x00000000 vis=PRIVATE)))
10-10 09:37:15.946 I/NotificationInflation2( 1807): start: entry=74221167,key=0|com.android.settings|1000002|null|1000
10-10 09:37:15.947 D/NotificationEntryMgr( 1807): No peeking: not in use: 0|com.android.settings|1000002|null|1000
10-10 09:37:15.947 E/SQLiteLog( 3264): (1) 
10-10 09:37:15.948 W/NotificationViewHierarchyManager( 1807): updateNotificationShade activeNotificationSize=1;hasFaceDT: false; Detected:false
10-10 09:37:15.950 I/NotificationInflation4( 1807): doInBackground is begin
10-10 09:37:15.952 I/HwNotificationEx( 1807): new HwNotificationEx
10-10 09:37:15.952 I/HwNotificationEx( 1807): isPureColorIcon
10-10 09:37:15.952 I/HwNotificationEx( 1807): mHWColorUtil is null get it agin
10-10 09:37:15.953 I/HwNotificationEx( 1807): isPureColorIcon
10-10 09:37:15.956 I/HwNotificationEx( 1807): isPureColorIcon
10-10 09:37:15.957 I/NotificationInflation5( 1807): doInBackground is end
10-10 09:37:15.964 W/PanelView( 1807): set notification panel padding = 1556
10-10 09:37:15.964 W/HwBackDropView( 1807): setAnimationParamInner 0.0   0
10-10 09:37:15.966 I/NotificationInflation2( 1807): finish: entry=74221167
10-10 09:37:15.966 I/NotificationInflation3( 1807): start: entry=74221167,key=0|com.android.settings|1000002|null|1000
10-10 09:37:15.993 W/PanelView( 1807): set notification panel padding = 1556
10-10 09:37:15.993 W/HwBackDropView( 1807): setAnimationParamInner 0.0   0
10-10 09:37:15.999 I/NotificationInflation3( 1807): finish: entry=74221167
10-10 09:37:16.017 W/PanelView( 1807): set notification panel padding = 1556
10-10 09:37:16.017 W/HwBackDropView( 1807): setAnimationParamInner 0.0   0
10-10 09:37:16.282 I/adbd    ( 4934): Calling send_auth_request...
10-10 09:37:16.290 I/adbd    ( 4934): Loading keys from /data/misc/adb/adb_keys
10-10 09:37:16.294 I/adbd    ( 4934): adb client authorized
10-10 09:37:17.291 I/chatty  ( 1934): uid=1000(system) com.huawei.systemserver expire 11 lines
10-10 09:37:21.826 I/HwBatteryService( 1496): quick charge status : 0
10-10 09:37:21.827 D/HwBatteryService( 1496): onUEvent fcpStatus = 0
10-10 09:37:21.827 D/HwBatteryService( 1496): onUEvent scpStatus = 0 ,ovpStatus = 0
10-10 09:37:21.827 I/HwBatteryService( 1496): handleWirelessTxStatus
10-10 09:37:21.827 I/HwBatteryService( 1496): switch not open, return, mWirelessTxFlag : 0
10-10 09:37:21.828 I/UsbDeviceManager( 1496): water_intrused state= 0
10-10 09:37:21.835 I/BatteryService( 1496): normal charge status : 1
10-10 09:37:21.846 W/KeyguardUpdateMonitor( 1807): ACTION_BATTERY_CHANGED AMP: 0; Volt: 0
10-10 09:37:21.861 W/HiDecision(22049): SystemStateReceiver: other action
10-10 09:37:21.865 E/        (  576): [hw_comm_get_power_state] test_scene: charger_type
10-10 09:37:21.865 E/        (  576): hw_pwr_read_int open:/sys/class/hw_power/charger/direct_charger/adaptor_detect err
10-10 09:37:21.865 E/        (  576): [hw_comm_get_power_state] test_scene: 31, result: 0 
10-10 09:37:21.870 W/MagazineUtils( 1807): check active connect, state = -1
10-10 09:37:21.883 W/KeyguardUpdateMonitor( 1807): ChargingSpeed  Wattage: -1 ST: 5000000 --> 7500000
10-10 09:37:21.883 I/KgBattery( 1807): BatteryInfo updated:  2lPc-1
10-10 09:37:21.883 W/KG_FDT  ( 1807): isFaceUnlockEnabled 0
10-10 09:37:21.885 W/HwKgdBArea_BTY( 1807): updateBatteryInfo : false showBatteryInfo:  true isShowChargingFpDisplay:  false
10-10 09:37:21.885 W/HwKgdBArea_BTY( 1807): updateBatteryInfo : false showBatteryInfo:  true isShowChargingFpDisplay:  false
10-10 09:37:21.885 W/HwLockScreenPanel( 1807): refreshBatteryInfo: null
10-10 09:37:21.885 W/HwLockScreenPanel( 1807): Handle message: 100
10-10 09:37:21.886 W/KgBattery( 1807): getCharge info with type: text
10-10 09:37:21.902 W/PanelView( 1807): set notification panel padding = 1556
10-10 09:37:21.902 W/HwBackDropView( 1807): setAnimationParamInner 0.0   0
10-10 09:37:21.904 W/HwKeyguardBottomArea( 1807): refresh Charge status layout when dp changed
10-10 09:37:21.904 W/HwKeyguardBottomArea( 1807): refresh Charge status layout when dp changed
10-10 09:37:21.923 W/PanelView( 1807): set notification panel padding = 1556
10-10 09:37:21.923 W/HwBackDropView( 1807): setAnimationParamInner 0.0   0
10-10 09:37:22.773 E/libc    ( 3697): Access denied finding property "net.dns1"
10-10 09:37:22.774 E/libc    ( 3697): Access denied finding property "net.dns2"
10-10 09:37:22.781 I/chatty  (  530): uid=0(root) Binder:530_2 expire 2 lines
10-10 09:37:27.223 I/HwBatteryService( 1496): quick charge status : 0
10-10 09:37:27.224 D/HwBatteryService( 1496): onUEvent fcpStatus = 0
10-10 09:37:27.224 D/HwBatteryService( 1496): onUEvent scpStatus = 0 ,ovpStatus = 0
10-10 09:37:27.224 I/HwBatteryService( 1496): handleWirelessTxStatus
10-10 09:37:27.224 I/HwBatteryService( 1496): switch not open, return, mWirelessTxFlag : 0
10-10 09:37:27.225 I/UsbDeviceManager( 1496): water_intrused state= 0
10-10 09:37:27.227 I/Legacy PowerHAL(  576): get_number_of_platform_modes
10-10 09:37:27.227 I/Legacy PowerHAL(  576): get_voter_list!
10-10 09:37:27.227 I/Legacy PowerHAL(  576): get_platform_low_power_stats update list
10-10 09:37:35.213 I/ImsResolver( 2030): getMmTelFeatureAndListen - slot: 2 callback: com.android.ims.MmTelFeatureConnection$1@79f60bb
10-10 09:37:40.024 W/Watchdog( 1496): hungtask: writing kick
10-10 09:37:45.125 I/chatty  (  765): uid=0(root) erecovery-event expire 39 lines
10-10 09:37:45.814 I/HwNaturalBase( 1994): [Timer-0]: MultiUserManagerService:  getNotActiveUser start
10-10 09:37:49.733 I/storaged(  738): storaged_t::event: storage_info refreshed.
10-10 09:37:57.341 I/chatty  ( 1934): uid=1000(system) com.huawei.systemserver expire 11 lines
10-10 09:37:57.957 I/HwBatteryService( 1496): quick charge status : 0
10-10 09:37:57.958 D/HwBatteryService( 1496): onUEvent fcpStatus = 0
10-10 09:37:57.958 D/HwBatteryService( 1496): onUEvent scpStatus = 0 ,ovpStatus = 0
10-10 09:37:57.958 I/HwBatteryService( 1496): handleWirelessTxStatus
10-10 09:37:57.958 I/HwBatteryService( 1496): switch not open, return, mWirelessTxFlag : 0
10-10 09:37:57.959 I/UsbDeviceManager( 1496): water_intrused state= 0
10-10 09:37:58.335 I/chatty  (  747): uid=0(root) EventThread expire 2 lines
10-10 09:37:58.339 I/chatty  (  471): uid=1000(system) /vendor/bin/pmom_cat expire 14 lines
10-10 09:37:58.358 I/chatty  (  728): uid=0(root) AbnormalityRout expire 11 lines
10-10 09:38:00.456 I/HwNaturalBase( 1994): [CommonHandler]: 32375Kb ram is used.
10-10 09:38:10.029 W/Watchdog( 1496): hungtask: writing kick
10-10 09:38:11.145 E/MtpServer(32212): request read returned -1, errno: 5
10-10 09:38:11.145 I/HwMtpServerExJNI(32212): cleanup MtpServerEx
10-10 09:38:11.145 V/MtpServerEx(32212): destructor
10-10 09:38:11.145 V/HwMtpServerExJNI(32212): finalize
10-10 09:38:11.146 E/adbd    ( 4934): aio: got error event on read total bufs 1: Cannot send after transport endpoint shutdown
10-10 09:38:11.146 I/StagefrightMediaScannerEx(32212): StagefrightMediaScanner destructor
10-10 09:38:11.147 I/adbd    ( 4934): closing functionfs transport
10-10 09:38:11.148 I/chatty  ( 1934): uid=1000(system) UEventObserver expire 72 lines
10-10 09:38:11.301 I/adbd    ( 4934): initializing functionfs
10-10 09:38:11.301 I/adbd    ( 4934): opening control endpoint /dev/usb-ffs/adb/ep0
10-10 09:38:11.303 I/adbd    ( 4934): functionfs successfully initialized
10-10 09:38:11.304 I/adbd    ( 4934): registering usb transport
10-10 09:38:11.654 D/MtpReceiver(32212): Debug MTP:ACTION_USB_STATE 
10-10 09:38:11.659 I/chatty  (21737): uid=1000(system) com.android.settings expire 13 lines
10-10 09:38:11.660 W/ContextImpl(21737): Calling a method in the system process without a qualified user: android.app.ContextImpl.startService:1771 android.content.ContextWrapper.startService:664 android.content.ContextWrapper.startService:664 com.android.settings.deviceinfo.UsbReceiver.startUsbService:322 com.android.settings.deviceinfo.UsbReceiver.onUsbStateReceive:168 
10-10 09:38:11.671 W/ContextImpl(21737): Calling a method in the system process without a qualified user: android.app.ContextImpl.startService:1771 android.content.ContextWrapper.startService:664 android.content.ContextWrapper.startService:664 com.android.settings.deviceinfo.UsbReceiver.startUsbService:322 com.android.settings.deviceinfo.UsbReceiver.onUsbStateReceive:231 
10-10 09:38:11.674 V/BroadcastQueue( 1496): Finished with ordered broadcast BroadcastRecord{685f023 u-1 android.hardware.usb.action.USB_STATE}
10-10 09:38:11.675 I/chatty  (21737): uid=1000(system) com.android.settings expire 6 lines
10-10 09:38:12.377 I/NotificationService( 1496): enqueueNotificationInternal: pkg=com.android.settings id=1000002 notification=Notification(channel=SETTINGS_USB pri=1 contentView=null vibrate=null sound=null tick defaults=0x0 flags=0x2 color=0x00000000 vis=PRIVATE)
10-10 09:38:12.378 I/NotificationService( 1496): enqueueNotificationInternal Channel Info : pkg=com.android.settings id=1000002 importance =1
10-10 09:38:12.395 I/chatty  ( 1496): uid=1000 system_server expire 9 lines
10-10 09:38:12.402 E/SQLiteLog( 3264): (1) 
10-10 09:38:12.403 D/NotificationEntryMgr( 1807): updateNotification(StatusBarNotification(pkg=com.android.settings user=UserHandle{0} id=1000002 tag=null key=0|com.android.settings|1000002|null|1000: Notification(channel=SETTINGS_USB pri=1 contentView=null vibrate=null sound=null tick defaults=0x0 flags=0x2 color=0x00000000 vis=PRIVATE)))
10-10 09:38:12.409 I/NotificationInflation2( 1807): start: entry=74221167,key=0|com.android.settings|1000002|null|1000
10-10 09:38:12.409 D/NotificationEntryMgr( 1807): No peeking: not in use: 0|com.android.settings|1000002|null|1000
10-10 09:38:12.410 I/NotificationInflation4( 1807): doInBackground is begin
10-10 09:38:12.410 W/NotificationViewHierarchyManager( 1807): updateNotificationShade activeNotificationSize=1;hasFaceDT: false; Detected:false
10-10 09:38:12.412 I/HwNotificationEx( 1807): new HwNotificationEx
10-10 09:38:12.412 I/HwNotificationEx( 1807): isPureColorIcon
10-10 09:38:12.412 I/HwNotificationEx( 1807): mHWColorUtil is null get it agin
10-10 09:38:12.413 I/HwNotificationEx( 1807): isPureColorIcon
10-10 09:38:12.415 I/HwNotificationEx( 1807): isPureColorIcon
10-10 09:38:12.415 I/NotificationInflation5( 1807): doInBackground is end
10-10 09:38:12.426 W/PanelView( 1807): set notification panel padding = 1556
10-10 09:38:12.426 W/HwBackDropView( 1807): setAnimationParamInner 0.0   0
10-10 09:38:12.428 I/NotificationInflation2( 1807): finish: entry=74221167
10-10 09:38:12.428 I/NotificationInflation3( 1807): start: entry=74221167,key=0|com.android.settings|1000002|null|1000
10-10 09:38:12.454 W/PanelView( 1807): set notification panel padding = 1556
10-10 09:38:12.454 W/HwBackDropView( 1807): setAnimationParamInner 0.0   0
10-10 09:38:12.460 I/NotificationInflation3( 1807): finish: entry=74221167
10-10 09:38:12.477 W/PanelView( 1807): set notification panel padding = 1556
10-10 09:38:12.478 W/HwBackDropView( 1807): setAnimationParamInner 0.0   0
10-10 09:38:19.204 I/chatty  (  765): uid=0(root) erecovery-event expire 15 lines
10-10 09:38:28.677 I/HwBatteryService( 1496): quick charge status : 0
10-10 09:38:28.678 D/HwBatteryService( 1496): onUEvent fcpStatus = 0
10-10 09:38:28.678 D/HwBatteryService( 1496): onUEvent scpStatus = 0 ,ovpStatus = 0
10-10 09:38:28.678 I/HwBatteryService( 1496): handleWirelessTxStatus
10-10 09:38:28.678 I/HwBatteryService( 1496): switch not open, return, mWirelessTxFlag : 0
10-10 09:38:28.679 I/UsbDeviceManager( 1496): water_intrused state= 0
10-10 09:38:36.746 W/[GT]HotPool#7( 3697): type=1400 audit(0.0:30315): avc: denied { getattr } for path="/sys/kernel/debug/tracing/trace_marker" dev="tracefs" ino=4210 scontext=u:r:untrusted_app:s0:c137,c256,c512,c768 tcontext=u:object_r:debugfs_trace_marker:s0 tclass=file permissive=0
10-10 09:38:36.751 W/auditd  (  478): type=2 
10-10 09:38:39.241 I/ImsResolver( 2030): getMmTelFeatureAndListen - slot: 2 callback: com.android.ims.MmTelFeatureConnection$1@9f759d8
10-10 09:38:40.033 W/Watchdog( 1496): hungtask: writing kick
10-10 09:38:40.104 I/NetworkStatsManager( 3800): querySummary callingPid = 3800
10-10 09:38:40.104 I/NetworkStatsManager( 3800): querySummary callingPid = 3800
10-10 09:38:40.105 I/NetworkStats( 1496): openSessionForUsageStats, pid = 3800, pkg = com.tencent.mm
10-10 09:38:40.105 I/NetworkStats( 1496): openSessionForUsageStats, pid = 3800, pkg = com.tencent.mm
10-10 09:38:40.105 I/NetworkStats( 1496): openSessionInternal,pid = 3800
10-10 09:38:40.107 I/NetworkStats( 1496): performPollLocked, pid = 1496
10-10 09:38:40.109 I/NetworkStatsManager( 3800): querySummary callingPid = 3800
10-10 09:38:40.109 I/NetworkStats( 1496): openSessionForUsageStats, pid = 3800, pkg = com.tencent.mm
10-10 09:38:40.142 I/chatty  (10292): uid=0(root) expire 1 line
10-10 09:38:40.166 I/ThreadPool.Profiler( 3800): [, , 3862]:[onThreadStart] name=[GT]HotPool#1 id=1258
10-10 09:38:40.166 I/chatty  (10293): uid=0(root) expire 1 line
10-10 09:38:40.170 W/[GT]HotPool#1( 3800): type=1400 audit(0.0:30316): avc: denied { getattr } for path="socket:[1117198]" dev="sockfs" ino=1117198 scontext=u:r:untrusted_app:s0:c137,c256,c512,c768 tcontext=u:r:zygote:s0 tclass=unix_dgram_socket permissive=0
10-10 09:38:40.170 W/[GT]HotPool#1( 3800): type=1400 audit(0.0:30317): avc: denied { getattr } for path="/sys/kernel/debug/tracing/trace_marker" dev="tracefs" ino=4210 scontext=u:r:untrusted_app:s0:c137,c256,c512,c768 tcontext=u:object_r:debugfs_trace_marker:s0 tclass=file permissive=0
10-10 09:38:40.181 W/NetworkStatsFactory( 1496): mStatsXtProcUid: /proc/net/comm/stats does not exist!
10-10 09:38:40.181 D/HwNetworkStatsService( 1496): hwRecordUidAndProcSnapshotLocked currentTime = 1633829920112
10-10 09:38:40.183 I/NetworkStatsFactory( 1496): javaReadNetworkStatsUidAndProcDetail. cost time = 1
10-10 09:38:40.186 D/HwNetworkStatsService( 1496): hwMaybeUidAndProcPersistLocked currentTime = 1633829920112
10-10 09:38:40.197 I/NetworkStatsManager( 3800): querySummary callingPid = 3800
10-10 09:38:40.197 I/NetworkStatsManager( 3800): querySummary callingPid = 3800
10-10 09:38:40.198 I/NetworkStats( 1496): openSessionForUsageStats, pid = 3800, pkg = com.tencent.mm
10-10 09:38:40.198 I/NetworkStats( 1496): openSessionForUsageStats, pid = 3800, pkg = com.tencent.mm
10-10 09:38:40.206 I/NetworkStatsManager( 3800): querySummary callingPid = 3800
10-10 09:38:40.206 I/NetworkStats( 1496): openSessionForUsageStats, pid = 3800, pkg = com.tencent.mm
10-10 09:38:40.903 I/chatty  (  765): uid=0(root) erecovery-event expire 56 lines
10-10 09:38:42.807 E/memtrack( 3697): Couldn't load memtrack module
10-10 09:38:42.807 W/android.os.Debug( 3697): failed to get memory consumption info: -1
10-10 09:38:42.921 I/MicroMsg.MemoryWatchDog( 3697): [AutoCheck]  
10-10 09:38:42.921 I/MicroMsg.MemoryWatchDog( 3697): >>>>>>>>>>>>>>>>>>>>>>>>>>>>>>>>>>>>>>>>>>>>>>>>>>> MemoryInfo(tid=1258) <<<<<<<<<<<<<<<<<<<<<<<<<<<<<<<<<<<<<<<<<<<<<<<<
10-10 09:38:42.921 I/MicroMsg.MemoryWatchDog( 3697): | Activity:	default	AppForeground:true	ProcessForeground:false
10-10 09:38:42.921 I/MicroMsg.MemoryWatchDog( 3697): | Source:	 3
10-10 09:38:42.921 I/MicroMsg.MemoryWatchDog( 3697): | VmSize:	 5541320kB
