10-10 08:19:35.128  1496  1496 I chatty  : uid=1000 system_server expire 30 lines
10-10 08:19:35.182  1496  2622 I chatty  : uid=1000(system) Binder:1496_F expire 17 lines
10-10 08:19:35.191   483   492 D vold    : begin lockScreenPrepare
10-10 08:19:35.191   483   492 D vold    : e4crypt_lock_screen_prepare flag is: 1 user_id:0
10-10 08:19:35.219  1496  6403 I chatty  : uid=1000(system) Binder:1496_14 expire 12 lines
10-10 08:19:35.386  1496  1675 I chatty  : uid=1000(system) Thread-7 expire 1 line
10-10 08:19:35.446  1496  2624 I chatty  : uid=1000(system) Binder:1496_11 expire 5 lines
10-10 08:19:35.482  1496  1532 I chatty  : uid=1000(system) android.display expire 2 lines
10-10 08:19:35.492  1496  2623 I chatty  : uid=1000(system) Binder:1496_10 expire 17 lines
10-10 08:19:35.495  1496  1863 I chatty  : uid=1000(system) Binder:1496_5 expire 9 lines
10-10 08:19:35.501  1496  1522 I chatty  : uid=1000(system) android.ui expire 16 lines
10-10 08:19:35.508  1934  1934 I chatty  : uid=1000(system) com.huawei.systemserver expire 12 lines
10-10 08:19:35.513  1496  1519 I chatty  : uid=1000(system) HwActivityManag expire 1 line
10-10 08:19:35.519  1934  6408 I chatty  : uid=1000(system) Binder:1934_7 expire 4 lines
10-10 08:19:35.521  1496  1518 I chatty  : uid=1000(system) android.bg expire 7 lines
10-10 08:19:35.765  4207  4207 D ActivityThread: Remove activity client record, r= ActivityRecord{a809b89 token=android.os.BinderProxy@e5797ef {com.huawei.android.instantshare/com.huawei.android.hwshare.ui.hwsync.HwSyncRecTipsActivity}} token= android.os.BinderProxy@e5797ef
10-10 08:19:35.816  1807  1807 W KeyguardViewMediator: callback -> onShowingStateChanged.
10-10 08:19:35.819  1807  2046 W KeyguardViewMediator: KgSvc reportKeyguardShowingChanged. cost = 3
10-10 08:19:35.822  1496  1513 I chatty  : uid=1000(system) Binder:1496_1 expire 11 lines
10-10 08:19:35.853  1496  1521 I chatty  : uid=1000(system) ActivityManager expire 1 line
10-10 08:19:35.868   740   740 I wificond: Pno scan started
10-10 08:19:35.874  1496  1659 I chatty  : uid=1000(system) WifiP2pService expire 5 lines
10-10 08:19:35.913  1496  1625 I chatty  : uid=1000(system) sManagerService expire 3 lines
10-10 08:19:35.915  4207  4207 D RtgSched: resetRtgSchedHandle failed enable:0
10-10 08:19:35.940  1934  2101 I chatty  : uid=1000(system) HwCommBoosterTh expire 17 lines
10-10 08:19:35.953  1496  1635 I chatty  : uid=1000(system) GestureNavManag expire 4 lines
10-10 08:19:35.995  1496  1599 I chatty  : uid=1000(system) android.anim expire 1 line
10-10 08:19:36.086  2285  2285 W ContextImpl: Calling a method in the system process without a qualified user: android.app.ContextImpl.startService:1771 android.content.ContextWrapper.startService:664 com.huawei.systemmanager.spacecleanner.service.AutoCleanReceiveServer.scheduleSpaceCleanUpdate:301 com.huawei.systemmanager.spacecleanner.service.AutoCleanReceiveServer.checkToStartCleanService:185 com.huawei.systemmanager.spacecleanner.service.AutoCleanReceiveServer.access$100:38 
10-10 08:19:36.179  1496  2963 I chatty  : uid=1000(system) HwDeviceUsageCo expire 1 line
10-10 08:19:36.448  1496  1524 I chatty  : uid=1000(system) ActivityManager expire 2 lines
10-10 08:19:36.448  1496  1914 I chatty  : uid=1000(system) MultiTaskManage expire 2 lines
10-10 08:19:36.459  5161  5161 D ActivityThread: Attach thread to application
10-10 08:19:36.638  5161  5179 W DE J ImageProcessorAlgoImpl: [effect] initAlgoXmlPath() error! can't find xml
10-10 08:19:36.661  5201  5201 D ActivityThread: Attach thread to application
10-10 08:19:40.999  1807  1807 D RtgSched: resetRtgSchedHandle failed enable:0
10-10 08:19:48.286   738   767 I storaged: storaged_t::event: storage_info refreshed.
10-10 08:19:50.614  1496  1649 I chatty  : uid=1000(system) NetdConnector expire 12 lines
10-10 08:19:52.894  1934  1934 I chatty  : uid=1000(system) com.huawei.systemserver expire 12 lines
10-10 08:20:08.512  1496  1606 I chatty  : uid=1000(system) UEventObserver expire 6 lines
10-10 08:20:19.486  1496  6403 I chatty  : uid=1000(system) Binder:1496_14 expire 2 lines
10-10 08:20:25.093  1496  2622 I chatty  : uid=1000(system) Binder:1496_F expire 2 lines
10-10 08:20:26.836  1496  2624 I chatty  : uid=1000(system) Binder:1496_11 expire 7 lines
10-10 08:20:26.920  1496  1496 I chatty  : uid=1000 system_server expire 2 lines
10-10 08:20:39.204  1496  1606 I chatty  : uid=1000(system) UEventObserver expire 6 lines
10-10 08:20:39.464  1496  1889 I chatty  : uid=1000(system) watchdog expire 3 lines
10-10 08:20:48.287   738   767 I storaged: storaged_t::event: storage_info refreshed.
10-10 08:20:52.909  1934  1934 I chatty  : uid=1000(system) com.huawei.systemserver expire 12 lines
10-10 08:21:09.943  1496  1606 I chatty  : uid=1000(system) UEventObserver expire 7 lines
10-10 08:21:19.494  1496  1496 I chatty  : uid=1000 system_server expire 1 line
10-10 08:21:40.649  1496  1606 I chatty  : uid=1000(system) UEventObserver expire 17 lines
10-10 08:21:48.288   738   767 I storaged: storaged_t::event: storage_info refreshed.
10-10 08:21:53.016  1934  1934 I chatty  : uid=1000(system) com.huawei.systemserver expire 12 lines
10-10 08:22:09.476  1496  1889 I chatty  : uid=1000(system) watchdog expire 10 lines
10-10 08:22:48.290   738   767 I storaged: storaged_t::event: storage_info refreshed.
10-10 08:22:53.025  1934  1934 I chatty  : uid=1000(system) com.huawei.systemserver expire 13 lines
10-10 08:23:03.379  1496  1513 I chatty  : uid=1000(system) Binder:1496_1 expire 15 lines
10-10 08:23:12.827  1496  1606 I chatty  : uid=1000(system) UEventObserver expire 12 lines
10-10 08:23:40.176  1496  6403 I chatty  : uid=1000(system) Binder:1496_14 expire 3 lines
10-10 08:23:48.291   738   767 I storaged: storaged_t::event: storage_info refreshed.
10-10 08:23:53.122  1934  1934 I chatty  : uid=1000(system) com.huawei.systemserver expire 11 lines
10-10 08:24:00.005  1496  1496 I chatty  : uid=1000 system_server expire 9 lines
10-10 08:24:00.014  1496  1513 I chatty  : uid=1000(system) Binder:1496_1 expire 1 line
10-10 08:24:00.018  1496  2623 I chatty  : uid=1000(system) Binder:1496_10 expire 8 lines
10-10 08:24:08.866  1496  1606 I chatty  : uid=1000(system) UEventObserver expire 18 lines
10-10 08:24:08.870  1496 20020 I chatty  : uid=1000(system) HwBinder:1496_5 expire 2 lines
10-10 08:24:48.293   738   767 I storaged: storaged_t::event: storage_info refreshed.
10-10 08:24:53.126  1934  1934 I chatty  : uid=1000(system) com.huawei.systemserver expire 16 lines
10-10 08:25:15.710  1496  1606 I chatty  : uid=1000(system) UEventObserver expire 12 lines
10-10 08:25:48.295   738   767 I storaged: storaged_t::event: storage_info refreshed.
10-10 08:26:13.215  1934  1934 I chatty  : uid=1000(system) com.huawei.systemserver expire 16 lines
10-10 08:26:17.151  1496  1606 I chatty  : uid=1000(system) UEventObserver expire 12 lines
10-10 08:26:48.297   738   767 I storaged: storaged_t::event: storage_info refreshed.
10-10 08:27:09.514  1496  1889 I chatty  : uid=1000(system) watchdog expire 4 lines
10-10 08:27:18.615  1496  1606 I chatty  : uid=1000(system) UEventObserver expire 12 lines
10-10 08:27:33.303  1934  1934 I chatty  : uid=1000(system) com.huawei.systemserver expire 21 lines
10-10 08:27:48.298   738   767 I storaged: storaged_t::event: storage_info refreshed.
10-10 08:28:00.213  1496  1652 I chatty  : uid=1000(system) NetworkStats expire 8 lines
10-10 08:28:00.246  1496  2215 I chatty  : uid=1000(system) Binder:1496_8 expire 10 lines
10-10 08:28:00.249  1934  1948 I chatty  : uid=1000(system) Binder:1934_1 expire 3 lines
10-10 08:28:00.276  1934  2961 I chatty  : uid=1000(system) Binder:1934_5 expire 6 lines
10-10 08:28:00.299  1496  1649 I chatty  : uid=1000(system) NetdConnector expire 2 lines
10-10 08:28:00.306  1496  1700 I chatty  : uid=1000(system) Binder:1496_3 expire 8 lines
10-10 08:28:00.337  1496  1524 I chatty  : uid=1000(system) ActivityManager expire 4 lines
10-10 08:28:00.338  1496  1914 I chatty  : uid=1000(system) MultiTaskManage expire 4 lines
10-10 08:28:00.363  5617  5617 D ActivityThread: Attach thread to application
10-10 08:28:00.551  5617  5617 W ContextImpl: Calling a method in the system process without a qualified user: android.app.ContextImpl.bindService:1851 android.content.ContextWrapper.bindService:698 com.huawei.hiai.vision.internal.HwVisionManager.connectBinderService:132 com.huawei.hiai.vision.internal.HwVisionManager.init:48 com.huawei.hiai.vision.common.VisionBase.init:34 
10-10 08:28:00.583  5617  5617 W ContextImpl: Calling a method in the system process without a qualified user: android.app.ContextImpl.bindService:1851 android.content.ContextWrapper.bindService:698 com.huawei.library.stat.client.HsmStatProxy.bindService:276 com.huawei.library.stat.client.HsmStatProxy.access$000:34 com.huawei.library.stat.client.HsmStatProxy$1.handleMessage:67 
10-10 08:28:00.750  1496  1675 I chatty  : uid=1000(system) Thread-7 expire 3 lines
10-10 08:28:05.344  5669  5669 D ActivityThread: Attach thread to application
10-10 08:28:08.225  1496  1542 I chatty  : uid=1000(system) PackageManager expire 1 line
10-10 08:28:08.282  5751  5751 D ActivityThread: Attach thread to application
10-10 08:28:08.432  5771  5771 D ActivityThread: Attach thread to application
10-10 08:28:08.550  1496  2622 I chatty  : uid=1000(system) Binder:1496_F expire 1 line
10-10 08:28:08.992  1496  6405 I chatty  : uid=1000(system) Binder:1496_16 expire 7 lines
10-10 08:28:11.125  5617  5772 W ContextImpl: Calling a method in the system process without a qualified user: android.app.ContextImpl.bindService:1851 android.content.ContextWrapper.bindService:698 clear.sdk.ch.d:278 clear.sdk.ch.create:254 clear.sdk.cg.a:22 
10-10 08:28:11.141  5617  5834 W ContextImpl: Calling a method in the system process without a qualified user: android.app.ContextImpl.bindService:1851 android.content.ContextWrapper.bindService:698 clear.sdk.ch.d:278 clear.sdk.ch.e:441 clear.sdk.ch.scanApk:353 
10-10 08:28:11.247  5617  5837 W ContextImpl: Calling a method in the system process without a qualified user: android.app.ContextImpl.bindService:1851 android.content.ContextWrapper.bindService:698 clear.sdk.ch.d:278 clear.sdk.ch.e:441 clear.sdk.ch.scanApk:353 
10-10 08:28:11.252  5617  5837 W ContextImpl: Calling a method in the system process without a qualified user: android.app.ContextImpl.bindService:1851 android.content.ContextWrapper.bindService:698 clear.sdk.ch.d:278 clear.sdk.ch.e:441 clear.sdk.ch.scanApk:353 
10-10 08:28:11.280  5617  5772 W ContextImpl: Calling a method in the system process without a qualified user: android.app.ContextImpl.bindService:1851 android.content.ContextWrapper.bindService:698 clear.sdk.ch.d:278 clear.sdk.ch.e:441 clear.sdk.ch.scanApk:353 
10-10 08:28:11.665  5617  5648 W PackageParser: Ignoring duplicate uses-permissions/uses-permissions-sdk-m: android.permission.REAL_GET_TASKS in package: com.huawei.hwid at: Binary XML file line #0
10-10 08:28:11.689  1496  2215 I chatty  : uid=1000(system) Binder:1496_8 expire 7 lines
10-10 08:28:11.827  5617  5648 W PackageParser: Ignoring duplicate uses-permissions/uses-permissions-sdk-m: android.permission.REAL_GET_TASKS in package: com.huawei.hwid at: Binary XML file line #0
10-10 08:28:11.958  5617  5648 W PackageParser: No actions in intent filter at /storage/emulated/0/Download/souti_2.6.2_aligned_signed_guanwang.apk Binary XML file line #262
10-10 08:28:11.992  5617  5648 W PackageParser: No actions in intent filter at /storage/emulated/0/Download/souti_2.6.2_aligned_signed_hwpps4.apk Binary XML file line #262
10-10 08:28:20.027  1496  1606 I chatty  : uid=1000(system) UEventObserver expire 12 lines
10-10 08:28:40.187  1496  2235 I chatty  : uid=1000(system) Binder:1496_9 expire 2 lines
10-10 08:28:48.300   738   767 I storaged: storaged_t::event: storage_info refreshed.
10-10 08:28:50.750  1496  1606 I chatty  : uid=1000(system) UEventObserver expire 6 lines
10-10 08:29:01.735  1496  1518 I chatty  : uid=1000(system) android.bg expire 1 line
10-10 08:29:01.739  1496  1649 I chatty  : uid=1000(system) NetdConnector expire 2 lines
10-10 08:29:09.526  1496  1889 I chatty  : uid=1000(system) watchdog expire 1 line
10-10 08:29:10.437  1496  1518 I chatty  : uid=1000(system) android.bg expire 1 line
10-10 08:29:13.442  1934  1934 I chatty  : uid=1000(system) com.huawei.systemserver expire 11 lines
10-10 08:29:21.496  1496  1606 I chatty  : uid=1000(system) UEventObserver expire 9 lines
10-10 08:29:39.529  1496  1889 I chatty  : uid=1000(system) watchdog expire 2 lines
10-10 08:29:48.302   738   767 I storaged: storaged_t::event: storage_info refreshed.
10-10 08:29:52.189  1496  1606 I chatty  : uid=1000(system) UEventObserver expire 3 lines
10-10 08:30:13.471  1934  1934 I chatty  : uid=1000(system) com.huawei.systemserver expire 12 lines
10-10 08:30:19.551  1496  1496 I chatty  : uid=1000 system_server expire 2 lines
10-10 08:30:20.273  1496  1518 I chatty  : uid=1000(system) android.bg expire 1 line
10-10 08:30:20.274  1496  1649 I chatty  : uid=1000(system) NetdConnector expire 2 lines
10-10 08:30:20.276  1496  1496 I chatty  : uid=1000 system_server expire 1 line
10-10 08:30:22.912  1496  1606 I chatty  : uid=1000(system) UEventObserver expire 6 lines
10-10 08:30:25.134  1496  1518 I chatty  : uid=1000(system) android.bg expire 1 line
10-10 08:30:25.136  1496  1649 I chatty  : uid=1000(system) NetdConnector expire 2 lines
10-10 08:30:25.138  1496  1496 I chatty  : uid=1000 system_server expire 1 line
10-10 08:30:39.535  1496  1889 I chatty  : uid=1000(system) watchdog expire 1 line
10-10 08:30:48.303   738   767 I storaged: storaged_t::event: storage_info refreshed.
10-10 08:30:48.303   738   767 I storaged: storaged_t::event: Pidm reported.
10-10 08:30:48.304   738   767 E storaged: pid_info get_pids failed
10-10 08:30:53.628  1496  1606 I chatty  : uid=1000(system) UEventObserver expire 6 lines
10-10 08:31:03.407  1496  2235 I chatty  : uid=1000(system) Binder:1496_9 expire 2 lines
10-10 08:31:09.538  1496  1889 I chatty  : uid=1000(system) watchdog expire 1 line
10-10 08:31:09.965  1496  1700 I chatty  : uid=1000(system) Binder:1496_3 expire 2 lines
10-10 08:31:13.578  1934  1934 I chatty  : uid=1000(system) com.huawei.systemserver expire 12 lines
10-10 08:31:24.333  1496  1606 I chatty  : uid=1000(system) UEventObserver expire 13 lines
10-10 08:31:39.542  1496  1889 I chatty  : uid=1000(system) watchdog expire 2 lines
10-10 08:31:48.305   738   767 I storaged: storaged_t::event: storage_info refreshed.
10-10 08:32:13.596  1934  1934 I chatty  : uid=1000(system) com.huawei.systemserver expire 16 lines
10-10 08:32:25.782  1496  1606 I chatty  : uid=1000(system) UEventObserver expire 13 lines
10-10 08:32:39.548  1496  1889 I chatty  : uid=1000(system) watchdog expire 1 line
10-10 08:32:48.307   738   767 I storaged: storaged_t::event: storage_info refreshed.
10-10 08:33:01.345  1496  1606 I chatty  : uid=1000(system) UEventObserver expire 9 lines
10-10 08:33:01.351  1496 20020 I chatty  : uid=1000(system) HwBinder:1496_5 expire 1 line
10-10 08:33:09.551  1496  1889 I chatty  : uid=1000(system) watchdog expire 2 lines
10-10 08:33:27.220  1496  1606 I chatty  : uid=1000(system) UEventObserver expire 1 line
10-10 08:33:33.668  1934  1934 I chatty  : uid=1000(system) com.huawei.systemserver expire 13 lines
10-10 08:33:40.110  1496  1700 I chatty  : uid=1000(system) Binder:1496_3 expire 7 lines
10-10 08:33:40.204  1496  2215 I chatty  : uid=1000(system) Binder:1496_8 expire 2 lines
10-10 08:33:48.308   738   767 I storaged: storaged_t::event: storage_info refreshed.
10-10 08:33:57.982  1496  1606 I chatty  : uid=1000(system) UEventObserver expire 10 lines
10-10 08:34:09.557  1496  1889 I chatty  : uid=1000(system) watchdog expire 2 lines
10-10 08:34:28.675  1496  1606 I chatty  : uid=1000(system) UEventObserver expire 14 lines
10-10 08:34:33.777  1934  1934 I chatty  : uid=1000(system) com.huawei.systemserver expire 10 lines
10-10 08:34:48.310   738   767 I storaged: storaged_t::event: storage_info refreshed.
10-10 08:35:09.564  1496  1889 I chatty  : uid=1000(system) watchdog expire 2 lines
10-10 08:35:13.823  1934  1934 I chatty  : uid=1000(system) com.huawei.systemserver expire 10 lines
10-10 08:35:48.312   738   767 I storaged: storaged_t::event: storage_info refreshed.
10-10 08:36:00.812  1496  1606 I chatty  : uid=1000(system) UEventObserver expire 12 lines
10-10 08:36:09.572  1496  1889 I chatty  : uid=1000(system) watchdog expire 2 lines
10-10 08:36:33.858  1934  1934 I chatty  : uid=1000(system) com.huawei.systemserver expire 12 lines
10-10 08:36:48.313   738   767 I storaged: storaged_t::event: storage_info refreshed.
10-10 08:37:02.266  1496  1606 I chatty  : uid=1000(system) UEventObserver expire 10 lines
10-10 08:37:09.579  1496  1889 I chatty  : uid=1000(system) watchdog expire 1 line
10-10 08:37:13.923  1934  1934 I chatty  : uid=1000(system) com.huawei.systemserver expire 11 lines
10-10 08:37:17.343  1496  1606 I chatty  : uid=1000(system) UEventObserver expire 3 lines
10-10 08:37:17.345  1496 20020 I chatty  : uid=1000(system) HwBinder:1496_5 expire 1 line
10-10 08:37:32.984  1496  1606 I chatty  : uid=1000(system) UEventObserver expire 8 lines
10-10 08:37:39.583  1496  1889 I chatty  : uid=1000(system) watchdog expire 2 lines
10-10 08:37:48.314   738   767 I storaged: storaged_t::event: storage_info refreshed.
10-10 08:38:03.709  1496  1606 I chatty  : uid=1000(system) UEventObserver expire 7 lines
10-10 08:38:08.392  1496  1496 I chatty  : uid=1000 system_server expire 1 line
10-10 08:38:13.920  1934  1934 I chatty  : uid=1000(system) com.huawei.systemserver expire 13 lines
10-10 08:38:34.427  1496  1606 I chatty  : uid=1000(system) UEventObserver expire 2 lines
10-10 08:38:39.591  1496  1889 I chatty  : uid=1000(system) watchdog expire 1 line
10-10 08:38:40.031  1496  1700 I chatty  : uid=1000(system) Binder:1496_3 expire 6 lines
10-10 08:38:40.031  1496  2235 I chatty  : uid=1000(system) Binder:1496_9 expire 1 line
10-10 08:38:40.032  1496  2215 I chatty  : uid=1000(system) Binder:1496_8 expire 3 lines
10-10 08:38:40.109  1496  1700 I chatty  : uid=1000(system) Binder:1496_3 expire 2 lines
10-10 08:38:46.626  1496  2235 I chatty  : uid=1000(system) Binder:1496_9 expire 1 line
10-10 08:38:48.316   738   767 I storaged: storaged_t::event: storage_info refreshed.
10-10 08:39:05.151  1496  1606 I chatty  : uid=1000(system) UEventObserver expire 6 lines
10-10 08:39:09.595  1496  1889 I chatty  : uid=1000(system) watchdog expire 1 line
10-10 08:39:14.033  1934  1934 I chatty  : uid=1000(system) com.huawei.systemserver expire 10 lines
10-10 08:39:35.859  1496  1606 I chatty  : uid=1000(system) UEventObserver expire 8 lines
10-10 08:39:39.598  1496  1889 I chatty  : uid=1000(system) watchdog expire 1 line
10-10 08:39:48.318   738   767 I storaged: storaged_t::event: storage_info refreshed.
10-10 08:39:52.758  1496  2235 I chatty  : uid=1000(system) Binder:1496_9 expire 1 line
10-10 08:39:54.063  1934  1934 I chatty  : uid=1000(system) com.huawei.systemserver expire 10 lines
10-10 08:40:06.586  1496  1606 I chatty  : uid=1000(system) UEventObserver expire 8 lines
10-10 08:40:09.603  1496  1889 I chatty  : uid=1000(system) watchdog expire 2 lines
10-10 08:40:37.329  1496  1606 I chatty  : uid=1000(system) UEventObserver expire 2 lines
10-10 08:40:48.319   738   767 I storaged: storaged_t::event: storage_info refreshed.
10-10 08:41:03.423  1496  1527 I chatty  : uid=1000(system) keyAppHanderThr expire 8 lines
10-10 08:41:03.441  1496  2235 I chatty  : uid=1000(system) Binder:1496_9 expire 1 line
10-10 08:41:03.464  1496  1700 I chatty  : uid=1000(system) Binder:1496_3 expire 1 line
10-10 08:41:03.467  1934  2961 I chatty  : uid=1000(system) Binder:1934_5 expire 6 lines
10-10 08:41:03.468  1496  6405 I chatty  : uid=1000(system) Binder:1496_16 expire 2 lines
10-10 08:41:03.471  1934  1948 I chatty  : uid=1000(system) Binder:1934_1 expire 3 lines
10-10 08:41:03.474  1496  1863 I chatty  : uid=1000(system) Binder:1496_5 expire 1 line
10-10 08:41:03.474  1496  1662 I chatty  : uid=1000(system) ConnectivitySer expire 1 line
10-10 08:41:03.481  1496  8828 I chatty  : uid=1000(system) Binder:1496_18 expire 1 line
10-10 08:41:03.486  1496  2215 I chatty  : uid=1000(system) Binder:1496_8 expire 1 line
10-10 08:41:03.487  1496  2622 I chatty  : uid=1000(system) Binder:1496_F expire 1 line
10-10 08:41:03.490  1496  1662 I chatty  : uid=1000(system) ConnectivitySer expire 1 line
10-10 08:41:03.491  1496  2621 I chatty  : uid=1000(system) Binder:1496_E expire 1 line
10-10 08:41:03.497  1934  6408 I chatty  : uid=1000(system) Binder:1934_7 expire 3 lines
10-10 08:41:03.499  1496 22034 I chatty  : uid=1000(system) Binder:1496_1E expire 1 line
10-10 08:41:03.502  1934  2961 I chatty  : uid=1000(system) Binder:1934_5 expire 12 lines
10-10 08:41:03.547  1496  1765 I chatty  : uid=1000(system) Binder:1496_4 expire 1 line
10-10 08:41:03.551  1496  1532 I chatty  : uid=1000(system) android.display expire 1 line
10-10 08:41:03.971  1496  1675 I chatty  : uid=1000(system) Thread-7 expire 8 lines
10-10 08:41:08.047  1496  1606 I chatty  : uid=1000(system) UEventObserver expire 6 lines
10-10 08:41:08.541  1496  1524 I chatty  : uid=1000(system) ActivityManager expire 1 line
10-10 08:41:08.541  1496  1914 I chatty  : uid=1000(system) MultiTaskManage expire 1 line
10-10 08:41:08.576  6582  6582 D ActivityThread: Attach thread to application
10-10 08:41:08.711  1496  1765 I chatty  : uid=1000(system) Binder:1496_4 expire 2 lines
10-10 08:41:08.862  1496  2235 I chatty  : uid=1000(system) Binder:1496_9 expire 3 lines
10-10 08:41:08.863  1496  6405 I chatty  : uid=1000(system) Binder:1496_16 expire 1 line
10-10 08:41:08.876  1496  1518 I chatty  : uid=1000(system) android.bg expire 1 line
10-10 08:41:09.017  1496  2235 I chatty  : uid=1000(system) Binder:1496_9 expire 1 line
10-10 08:41:09.049  1496  6405 I chatty  : uid=1000(system) Binder:1496_16 expire 1 line
10-10 08:41:09.067  1496  1765 I chatty  : uid=1000(system) Binder:1496_4 expire 1 line
10-10 08:41:09.074  1496  1524 I chatty  : uid=1000(system) ActivityManager expire 1 line
10-10 08:41:09.074  1496  1914 I chatty  : uid=1000(system) MultiTaskManage expire 1 line
10-10 08:41:09.103  6627  6627 D ActivityThread: Attach thread to application
10-10 08:41:09.103  1496  1765 I chatty  : uid=1000(system) Binder:1496_4 expire 2 lines
10-10 08:41:09.186  1496  6405 I chatty  : uid=1000(system) Binder:1496_16 expire 1 line
10-10 08:41:09.274  1496  1883 I chatty  : uid=1000(system) Binder:1496_7 expire 4 lines
10-10 08:41:09.278  1934  6408 I chatty  : uid=1000(system) Binder:1934_7 expire 6 lines
10-10 08:41:09.610  1496  1889 I chatty  : uid=1000(system) watchdog expire 1 line
10-10 08:41:09.672  6582  6660 D HwCustConnectivityManagerImpl: isBlockNetworkRequestByNonAis, INVALID_SUBSCRIPTION_ID
10-10 08:41:09.674  1496  2235 I chatty  : uid=1000(system) Binder:1496_9 expire 3 lines
10-10 08:41:09.779  1496  1675 I chatty  : uid=1000(system) Thread-7 expire 1 line
10-10 08:41:09.966  1496  6403 I chatty  : uid=1000(system) Binder:1496_14 expire 1 line
10-10 08:41:09.979  2030 19966 W SettingsEx: SettingsEx.Systemex.getString deprecated use Settings.System.getString instead ;callers=com.huawei.db.util.MmsSmsUtil.isEnableFilterUnknowSender:1512 com.android.providers.telephony.MmsSmsProvider.query:1097 android.content.ContentProvider.query:1086 
10-10 08:41:09.979  1496  1883 I chatty  : uid=1000(system) Binder:1496_7 expire 1 line
10-10 08:41:10.003  1496  2235 I chatty  : uid=1000(system) Binder:1496_9 expire 1 line
10-10 08:41:10.276  1496  1521 I chatty  : uid=1000(system) ActivityManager expire 1 line
10-10 08:41:10.300  1496  1524 I chatty  : uid=1000(system) ActivityManager expire 1 line
10-10 08:41:10.301  1496  1914 I chatty  : uid=1000(system) MultiTaskManage expire 1 line
10-10 08:41:10.334  6699  6699 D ActivityThread: Attach thread to application
10-10 08:41:10.428  1496  1883 I chatty  : uid=1000(system) Binder:1496_7 expire 3 lines
10-10 08:41:10.493  1496  2622 I chatty  : uid=1000(system) Binder:1496_F expire 3 lines
10-10 08:41:10.507  1496  1700 I chatty  : uid=1000(system) Binder:1496_3 expire 2 lines
10-10 08:41:10.535  1496  6405 I chatty  : uid=1000(system) Binder:1496_16 expire 2 lines
10-10 08:41:10.991  2030 19966 W SettingsEx: SettingsEx.Systemex.getString deprecated use Settings.System.getString instead ;callers=com.huawei.db.util.MmsSmsUtil.isEnableFilterUnknowSender:1512 com.android.providers.telephony.MmsSmsProvider.query:1097 android.content.ContentProvider.query:1086 
10-10 08:41:10.999  1496  1675 I chatty  : uid=1000(system) Thread-7 expire 1 line
10-10 08:41:11.013  2030 19966 W SettingsEx: SettingsEx.Systemex.getString deprecated use Settings.System.getString instead ;callers=com.huawei.db.util.MmsSmsUtil.isEnableFilterUnknowSender:1512 com.android.providers.telephony.MmsSmsProvider.query:1097 android.content.ContentProvider.query:1086 
10-10 08:41:11.031  1496  6405 I chatty  : uid=1000(system) Binder:1496_16 expire 2 lines
10-10 08:41:14.095  1934  1934 I chatty  : uid=1000(system) com.huawei.systemserver expire 7 lines
10-10 08:41:14.496  1496  1521 I chatty  : uid=1000(system) ActivityManager expire 1 line
10-10 08:41:14.524  1496  1524 I chatty  : uid=1000(system) ActivityManager expire 1 line
10-10 08:41:14.527  1496  1914 I chatty  : uid=1000(system) MultiTaskManage expire 1 line
10-10 08:41:14.555  6721  6721 D ActivityThread: Attach thread to application
10-10 08:41:14.674  1496  2622 I chatty  : uid=1000(system) Binder:1496_F expire 4 lines
10-10 08:41:14.747  1934  1948 I chatty  : uid=1000(system) Binder:1934_1 expire 3 lines
10-10 08:41:15.248  1496  1675 I chatty  : uid=1000(system) Thread-7 expire 1 line
10-10 08:41:19.519  1496  1700 I chatty  : uid=1000(system) Binder:1496_3 expire 1 line
10-10 08:41:30.751  1496  1521 I chatty  : uid=1000(system) ActivityManager expire 1 line
10-10 08:41:30.782  1496  1524 I chatty  : uid=1000(system) ActivityManager expire 1 line
10-10 08:41:30.783  1496  1914 I chatty  : uid=1000(system) MultiTaskManage expire 1 line
10-10 08:41:30.816  6743  6743 D ActivityThread: Attach thread to application
10-10 08:41:30.929  1496  1700 I chatty  : uid=1000(system) Binder:1496_3 expire 1 line
10-10 08:41:31.018  1496  1765 I chatty  : uid=1000(system) Binder:1496_4 expire 3 lines
10-10 08:41:31.023  1934  2961 I chatty  : uid=1000(system) Binder:1934_5 expire 3 lines
10-10 08:41:31.524  1496  1675 I chatty  : uid=1000(system) Thread-7 expire 1 line
10-10 08:41:34.105  1934  1934 I chatty  : uid=1000(system) com.huawei.systemserver expire 12 lines
10-10 08:41:38.749  1496  1606 I chatty  : uid=1000(system) UEventObserver expire 10 lines
10-10 08:41:39.614  1496  1889 I chatty  : uid=1000(system) watchdog expire 1 line
10-10 08:41:48.321   738   767 I storaged: storaged_t::event: storage_info refreshed.
10-10 08:41:53.824  1496  1606 I chatty  : uid=1000(system) UEventObserver expire 2 lines
10-10 08:41:53.830  1496 20020 I chatty  : uid=1000(system) HwBinder:1496_5 expire 1 line
10-10 08:42:09.466  1496  1606 I chatty  : uid=1000(system) UEventObserver expire 6 lines
10-10 08:42:09.618  1496  1889 I chatty  : uid=1000(system) watchdog expire 1 line
10-10 08:42:34.194  1934  1934 I chatty  : uid=1000(system) com.huawei.systemserver expire 4 lines
10-10 08:42:35.046  1496  1521 I chatty  : uid=1000(system) ActivityManager expire 1 line
10-10 08:42:35.072  1496  1524 I chatty  : uid=1000(system) ActivityManager expire 1 line
10-10 08:42:35.072  1496  1914 I chatty  : uid=1000(system) MultiTaskManage expire 1 line
10-10 08:42:35.107  6788  6788 D ActivityThread: Attach thread to application
10-10 08:42:35.224  1496  6405 I chatty  : uid=1000(system) Binder:1496_16 expire 4 lines
10-10 08:42:35.297  1934  2961 I chatty  : uid=1000(system) Binder:1934_5 expire 3 lines
10-10 08:42:35.801  1496  1675 I chatty  : uid=1000(system) Thread-7 expire 1 line
10-10 08:42:39.622  1496  1889 I chatty  : uid=1000(system) watchdog expire 1 line
10-10 08:42:40.181  1496  1606 I chatty  : uid=1000(system) UEventObserver expire 12 lines
10-10 08:42:48.323   738   767 I storaged: storaged_t::event: storage_info refreshed.
10-10 08:42:54.173  1934  1934 I chatty  : uid=1000(system) com.huawei.systemserver expire 8 lines
10-10 08:43:09.627  1496  1889 I chatty  : uid=1000(system) watchdog expire 1 line
10-10 08:43:21.280  1496  1496 I chatty  : uid=1000 system_server expire 1 line
10-10 08:43:21.301  1496  1765 I chatty  : uid=1000(system) Binder:1496_4 expire 3 lines
10-10 08:43:21.315  1496  6405 I chatty  : uid=1000(system) Binder:1496_16 expire 2 lines
10-10 08:43:21.315  1496  1496 I chatty  : uid=1000 system_server expire 1 line
10-10 08:43:21.326  1496  1656 I chatty  : uid=1000(system) WifiStateMachin expire 1 line
10-10 08:43:21.326  1496  1883 I chatty  : uid=1000(system) Binder:1496_7 expire 1 line
10-10 08:43:21.329  1934  6408 I chatty  : uid=1000(system) Binder:1934_7 expire 3 lines
10-10 08:43:21.333  1496  6405 I chatty  : uid=1000(system) Binder:1496_16 expire 2 lines
10-10 08:43:21.338   740   740 I wificond: Pno scan result ready event
10-10 08:43:21.339  1496  1496 I chatty  : uid=1000 system_server expire 1 line
10-10 08:43:21.341  1496  1658 I chatty  : uid=1000(system) WifiScanningSer expire 1 line
10-10 08:43:21.350   740   740 I wificond: Unexpected empty scan result!
10-10 08:43:21.359  1496  6403 I chatty  : uid=1000(system) Binder:1496_14 expire 2 lines
10-10 08:43:21.831  1496  1675 I chatty  : uid=1000(system) Thread-7 expire 1 line
10-10 08:43:21.897   530   596 W SocketListener: sending broadcast to Pid = 1496, Uid = 1000 
10-10 08:43:21.902  1496  1649 I chatty  : uid=1000(system) NetdConnector expire 4 lines
10-10 08:43:21.903  1496  1530 I chatty  : uid=1000(system) android.fg expire 2 lines
10-10 08:43:21.913   740   740 I wificond: Pno scan stopped
10-10 08:43:21.924   740   740 I wificond: Pno scan started
10-10 08:43:34.219  1934  1934 I chatty  : uid=1000(system) com.huawei.systemserver expire 12 lines
10-10 08:43:39.630  1496  1889 I chatty  : uid=1000(system) watchdog expire 1 line
10-10 08:43:40.046  1496  2620 I chatty  : uid=1000(system) Binder:1496_D expire 7 lines
10-10 08:43:40.139  1496  6403 I chatty  : uid=1000(system) Binder:1496_14 expire 1 line
10-10 08:43:41.625  1496  1606 I chatty  : uid=1000(system) UEventObserver expire 6 lines
10-10 08:43:48.324   738   767 I storaged: storaged_t::event: storage_info refreshed.
10-10 08:43:48.890  1496  2620 I chatty  : uid=1000(system) Binder:1496_D expire 2 lines
10-10 08:44:09.633  1496  1889 I chatty  : uid=1000(system) watchdog expire 1 line
10-10 08:44:12.353  1496  1606 I chatty  : uid=1000(system) UEventObserver expire 12 lines
10-10 08:44:34.318  1934  1934 I chatty  : uid=1000(system) com.huawei.systemserver expire 10 lines
10-10 08:44:39.637  1496  1889 I chatty  : uid=1000(system) watchdog expire 2 lines
10-10 08:44:48.326   738   767 I storaged: storaged_t::event: storage_info refreshed.
10-10 08:45:13.782  1496  1606 I chatty  : uid=1000(system) UEventObserver expire 8 lines
10-10 08:45:14.365  1934  1934 I chatty  : uid=1000(system) com.huawei.systemserver expire 10 lines
10-10 08:45:19.051  1496  1528 I chatty  : uid=1000(system) batterystats-wo expire 2 lines
10-10 08:45:39.644  1496  1889 I chatty  : uid=1000(system) watchdog expire 1 line
10-10 08:45:44.520  1496  1606 I chatty  : uid=1000(system) UEventObserver expire 6 lines
10-10 08:45:48.327   738   767 I storaged: storaged_t::event: storage_info refreshed.
10-10 08:45:48.328   738   767 I storaged: storaged_t::event: Pidm reported.
10-10 08:45:48.329   738   767 E storaged: pid_info get_pids failed
10-10 08:46:08.927  1496  6620 I chatty  : uid=1000 system_server expire 1 line
10-10 08:46:08.972  1496  7159 I chatty  : uid=1000 system_server expire 1 line
10-10 08:46:09.648  1496  1889 I chatty  : uid=1000(system) watchdog expire 1 line
10-10 08:46:14.394  1934  1934 I chatty  : uid=1000(system) com.huawei.systemserver expire 8 lines
10-10 08:46:15.221  1496  1606 I chatty  : uid=1000(system) UEventObserver expire 10 lines
10-10 08:46:39.652  1496  1889 I chatty  : uid=1000(system) watchdog expire 1 line
10-10 08:46:40.552  1496 20020 I chatty  : uid=1000(system) HwBinder:1496_5 expire 1 line
10-10 08:46:45.949  1496  1606 I chatty  : uid=1000(system) UEventObserver expire 6 lines
10-10 08:46:48.329   738   767 I storaged: storaged_t::event: storage_info refreshed.
10-10 08:46:51.301  1496  1521 I chatty  : uid=1000(system) ActivityManager expire 1 line
10-10 08:46:51.330  1496  1524 I chatty  : uid=1000(system) ActivityManager expire 1 line
10-10 08:46:51.331  1496  1914 I chatty  : uid=1000(system) MultiTaskManage expire 1 line
10-10 08:46:51.365  7273  7273 D ActivityThread: Attach thread to application
10-10 08:46:51.374  1496  6405 I chatty  : uid=1000(system) Binder:1496_16 expire 4 lines
10-10 08:46:51.401  1934  1948 I chatty  : uid=1000(system) Binder:1934_1 expire 6 lines
10-10 08:46:51.402  1496  2622 I chatty  : uid=1000(system) Binder:1496_F expire 9 lines
10-10 08:46:51.435  1496  2620 I chatty  : uid=1000(system) Binder:1496_D expire 1 line
10-10 08:46:51.443  1934  4284 I chatty  : uid=1000(system) Binder:1934_6 expire 6 lines
10-10 08:46:51.900  1496  1675 I chatty  : uid=1000(system) Thread-7 expire 4 lines
10-10 08:46:54.432  1934  1934 I chatty  : uid=1000(system) com.huawei.systemserver expire 10 lines
10-10 08:46:56.485  1496  1524 I chatty  : uid=1000(system) ActivityManager expire 1 line
10-10 08:46:56.488  1496  1914 I chatty  : uid=1000(system) MultiTaskManage expire 1 line
10-10 08:46:56.518  7313  7313 D ActivityThread: Attach thread to application
10-10 08:46:56.673  1496  1518 I chatty  : uid=1000(system) android.bg expire 1 line
10-10 08:46:56.699  1496  2622 I chatty  : uid=1000(system) Binder:1496_F expire 1 line
10-10 08:46:56.722  1496  1524 I chatty  : uid=1000(system) ActivityManager expire 1 line
10-10 08:46:56.722  1496  1914 I chatty  : uid=1000(system) MultiTaskManage expire 1 line
10-10 08:46:56.755  7346  7346 D ActivityThread: Attach thread to application
10-10 08:46:56.773  1496  2620 I chatty  : uid=1000(system) Binder:1496_D expire 1 line
10-10 08:46:56.773  1496 21212 I chatty  : uid=1000(system) Binder:1496_1C expire 1 line
10-10 08:46:56.855  1496  2622 I chatty  : uid=1000(system) Binder:1496_F expire 2 lines
10-10 08:47:09.656  1496  1889 I chatty  : uid=1000(system) watchdog expire 1 line
10-10 08:47:16.687  1496  1606 I chatty  : uid=1000(system) UEventObserver expire 12 lines
10-10 08:47:39.660  1496  1889 I chatty  : uid=1000(system) watchdog expire 2 lines
10-10 08:47:48.330   738   767 I storaged: storaged_t::event: storage_info refreshed.
10-10 08:47:54.511  1934  1934 I chatty  : uid=1000(system) com.huawei.systemserver expire 11 lines
10-10 08:48:18.093  1496  1606 I chatty  : uid=1000(system) UEventObserver expire 6 lines
10-10 08:48:34.564  1934  1934 I chatty  : uid=1000(system) com.huawei.systemserver expire 11 lines
10-10 08:48:39.668  1496  1889 I chatty  : uid=1000(system) watchdog expire 1 line
10-10 08:48:40.024  1496  6690 I chatty  : uid=1000(system) Binder:1496_17 expire 3 lines
10-10 08:48:40.026  1496  2622 I chatty  : uid=1000(system) Binder:1496_F expire 2 lines
10-10 08:48:40.101  1496  6690 I chatty  : uid=1000(system) Binder:1496_17 expire 4 lines
10-10 08:48:40.121  1496  2620 I chatty  : uid=1000(system) Binder:1496_D expire 1 line
10-10 08:48:48.331   738   767 I storaged: storaged_t::event: storage_info refreshed.
10-10 08:48:48.828  1496  1606 I chatty  : uid=1000(system) UEventObserver expire 9 lines
10-10 08:48:49.297  1496  2620 I chatty  : uid=1000(system) Binder:1496_D expire 1 line
10-10 08:49:09.673  1496  1889 I chatty  : uid=1000(system) watchdog expire 1 line
10-10 08:49:19.545  1496  1606 I chatty  : uid=1000(system) UEventObserver expire 3 lines
10-10 08:49:34.598  1934  1934 I chatty  : uid=1000(system) com.huawei.systemserver expire 16 lines
10-10 08:49:36.130  2285  2725 W ContextImpl: Calling a method in the system process without a qualified user: android.app.ContextImpl.sendBroadcast:1162 android.content.ContextWrapper.sendBroadcast:444 com.huawei.systemmanager.spacecleanner.autoclean.AutoCleanFragmentReceiveServer.createCheckPieceIntent:275 com.huawei.systemmanager.spacecleanner.autoclean.AutoCleanFragmentReceiveServer.sendCheckPieceMsg:268 com.huawei.systemmanager.spacecleanner.autoclean.AutoCleanFragmentReceiveServer.access$1400:36 
10-10 08:49:36.139  1496  2620 I chatty  : uid=1000(system) Binder:1496_D expire 2 lines
10-10 08:49:36.530  2285  2285 W ContextImpl: Calling a method in the system process without a qualified user: android.app.ContextImpl.startService:1771 android.content.ContextWrapper.startService:664 com.huawei.systemmanager.antivirus.newengine.FreeTimeScanManager$2.run:128 android.os.Handler.handleCallback:907 android.os.Handler.dispatchMessage:105 
10-10 08:49:36.562  1496  1524 I chatty  : uid=1000(system) ActivityManager expire 1 line
10-10 08:49:36.564  1496  1914 I chatty  : uid=1000(system) MultiTaskManage expire 1 line
10-10 08:49:36.599  7695  7695 D ActivityThread: Attach thread to application
10-10 08:49:36.602  1496  2620 I chatty  : uid=1000(system) Binder:1496_D expire 2 lines
10-10 08:49:36.626  1496 22034 I chatty  : uid=1000(system) Binder:1496_1E expire 1 line
10-10 08:49:36.631  1934  1948 I chatty  : uid=1000(system) Binder:1934_1 expire 6 lines
10-10 08:49:36.737  7695  7695 W ContextImpl: Calling a method in the system process without a qualified user: android.app.ContextImpl.bindService:1851 android.content.ContextWrapper.bindService:698 com.huawei.library.stat.client.HsmStatProxy.bindService:276 com.huawei.library.stat.client.HsmStatProxy.access$000:34 com.huawei.library.stat.client.HsmStatProxy$1.handleMessage:67 
10-10 08:49:36.761  1496  6168 I chatty  : uid=1000(system) Binder:1496_13 expire 3 lines
10-10 08:49:36.781  7695  7716 W ContextImpl: Calling a method in the system process without a qualified user: android.app.ContextImpl.bindService:1851 android.content.ContextWrapper.bindService:698 com.qihoo.qvssdk.AntivirusEngineImpl.install:85 com.qihoo.qvssdk.AntivirusProviderImpl.install:123 com.huawei.systemmanager.antivirus.newengine.AntivirusEngineManager.initIdleEngine:380 
10-10 08:49:36.819  1496  2235 I chatty  : uid=1000(system) Binder:1496_9 expire 1 line
10-10 08:49:36.824  1934  4284 I chatty  : uid=1000(system) Binder:1934_6 expire 6 lines
10-10 08:49:37.039  7695  7723 W PackageParser: Ignoring duplicate uses-permissions/uses-permissions-sdk-m: android.permission.ACCESS_FINE_LOCATION in package: com.nativeapp.rcsapp at: Binary XML file line #32
10-10 08:49:37.130  1496  1675 I chatty  : uid=1000(system) Thread-7 expire 2 lines
10-10 08:49:37.194  7695  7723 W PackageParser: Ignoring duplicate uses-permissions/uses-permissions-sdk-m: android.permission.READ_EXTERNAL_STORAGE in package: com.sankuai.meituan at: Binary XML file line #37
10-10 08:49:37.195  7695  7723 W PackageParser: Unknown element under <manifest>: supports-gl-texture at /preload/app/Meituan/Meituan.apk Binary XML file line #61
10-10 08:49:37.195  7695  7723 W PackageParser: Unknown element under <manifest>: supports-gl-texture at /preload/app/Meituan/Meituan.apk Binary XML file line #62
10-10 08:49:37.196  7695  7723 W PackageParser: Unknown element under <service>: intent-filer at /preload/app/Meituan/Meituan.apk Binary XML file line #161
10-10 08:49:37.249  7695  7723 W PackageParser: Unknown element under <intent-filter>: meta-data at /preload/app/Meituan/Meituan.apk Binary XML file line #5971
10-10 08:49:37.249  7695  7723 W PackageParser: Unknown element under <intent-filter>: meta-data at /preload/app/Meituan/Meituan.apk Binary XML file line #5974
10-10 08:49:37.250  7695  7723 W PackageParser: Unknown element under <intent-filter>: meta-data at /preload/app/Meituan/Meituan.apk Binary XML file line #5978
10-10 08:49:37.267  7695  7723 W PackageParser: Unknown element under <intent-filter>: meta-data at /preload/app/Meituan/Meituan.apk Binary XML file line #7823
10-10 08:49:37.267  7695  7723 W PackageParser: Unknown element under <intent-filter>: meta-data at /preload/app/Meituan/Meituan.apk Binary XML file line #7826
10-10 08:49:37.473  7695  7723 W PackageParser: Ignoring duplicate uses-permissions/uses-permissions-sdk-m: android.permission.ACCESS_LOCATION_EXTRA_COMMANDS in package: com.youku.phone at: Binary XML file line #41
10-10 08:49:37.475  7695  7723 W PackageParser: Unknown element under <manifest>: user-permission at /preload/app/Youku/Youku.apk Binary XML file line #93
10-10 08:49:37.475  7695  7723 W PackageParser: Unknown element under <manifest>: service at /preload/app/Youku/Youku.apk Binary XML file line #97
10-10 08:49:37.475  7695  7723 W PackageParser: Unknown element under <manifest>: meta-data at /preload/app/Youku/Youku.apk Binary XML file line #105
10-10 08:49:37.476  7695  7723 W PackageParser: No actions in intent filter at /preload/app/Youku/Youku.apk Binary XML file line #142
10-10 08:49:37.476  7695  7723 W PackageParser: No actions in intent filter at /preload/app/Youku/Youku.apk Binary XML file line #143
10-10 08:49:37.476  7695  7723 W PackageParser: No actions in intent filter at /preload/app/Youku/Youku.apk Binary XML file line #144
10-10 08:49:37.476  7695  7723 W PackageParser: No actions in intent filter at /preload/app/Youku/Youku.apk Binary XML file line #145
10-10 08:49:37.551  7695  7723 W PackageParser: No actions in intent filter at /preload/app/Youku/Youku.apk Binary XML file line #4519
10-10 08:49:39.677  1496  1889 I chatty  : uid=1000(system) watchdog expire 1 line
10-10 08:49:47.944  7695  7723 W PackageParser: Unknown element under <manifest>: user-permission at /preload/app/BaiduSearch/BaiduSearch.apk Binary XML file line #196
10-10 08:49:47.963  7695  7723 W PackageParser: No actions in intent filter at /preload/app/BaiduSearch/BaiduSearch.apk Binary XML file line #1675
10-10 08:49:47.963  7695  7723 W PackageParser: No actions in intent filter at /preload/app/BaiduSearch/BaiduSearch.apk Binary XML file line #1709
10-10 08:49:47.970  7695  7723 W PackageParser: No actions in intent filter at /preload/app/BaiduSearch/BaiduSearch.apk Binary XML file line #2600
10-10 08:49:47.980  7695  7723 W PackageParser: No actions in intent filter at /preload/app/BaiduSearch/BaiduSearch.apk Binary XML file line #3906
10-10 08:49:47.985  7695  7723 W PackageParser: Unknown element under <application>: uses-permission at /preload/app/BaiduSearch/BaiduSearch.apk Binary XML file line #4677
10-10 08:49:48.332   738   767 I storaged: storaged_t::event: storage_info refreshed.
10-10 08:49:50.259  1496  1606 I chatty  : uid=1000(system) UEventObserver expire 10 lines
10-10 08:49:50.381  7695  7723 W PackageParser: Ignoring duplicate uses-permissions/uses-permissions-sdk-m: android.permission.SYSTEM_ALERT_WINDOW in package: com.wuba at: Binary XML file line #40
10-10 08:49:50.383  7695  7723 W PackageParser: No actions in intent filter at /preload/app/58Client/58Client.apk Binary XML file line #78
10-10 08:49:50.383  7695  7723 W PackageParser: No actions in intent filter at /preload/app/58Client/58Client.apk Binary XML file line #81
10-10 08:49:50.383  7695  7723 W PackageParser: No actions in intent filter at /preload/app/58Client/58Client.apk Binary XML file line #84
10-10 08:49:50.383  7695  7723 W PackageParser: No actions in intent filter at /preload/app/58Client/58Client.apk Binary XML file line #87
10-10 08:49:50.383  7695  7723 W PackageParser: No actions in intent filter at /preload/app/58Client/58Client.apk Binary XML file line #90
10-10 08:49:50.506  7695  7723 W PackageParser: Unknown element under <manifest>: meta-data at /preload/app/QQBrowser/QQBrowser.apk Binary XML file line #634
10-10 08:49:50.507  7695  7723 W PackageParser: Ignoring duplicate uses-permissions/uses-permissions-sdk-m: android.permission.READ_EXTERNAL_STORAGE in package: com.tencent.mtt at: Binary XML file line #639
10-10 08:49:59.021  7695  7723 W PackageParser: No actions in intent filter at /data/app/com.tal.tiku-YWfM-VCF1ehbC-v7C4NVJg==/base.apk Binary XML file line #262
10-10 08:49:59.227  7695  7723 W PackageParser: Unknown element under <manifest>: meta-data at /preload/app/Douyin/Douyin.apk Binary XML file line #80
10-10 08:49:59.344  7695  7723 W PackageParser: Ignoring duplicate uses-permissions/uses-permissions-sdk-m: android.permission.ACCESS_NETWORK_STATE in package: com.jingdong.app.mall at: Binary XML file line #17
10-10 08:49:59.346  7695  7723 W PackageParser: Ignoring duplicate uses-permissions/uses-permissions-sdk-m: android.permission.BLUETOOTH_ADMIN in package: com.jingdong.app.mall at: Binary XML file line #64
10-10 08:49:59.348  7695  7723 W PackageParser: No actions in intent filter at /preload/app/Jingdong/Jingdong.apk Binary XML file line #108
10-10 08:50:07.629  7695  7723 W PackageParser: Ignoring duplicate uses-permissions/uses-permissions-sdk-m: com.huawei.android.launcher.permission.CHANGE_BADGE in package: com.autonavi.minimap at: Binary XML file line #128
10-10 08:50:07.629  7695  7723 W PackageParser: Ignoring duplicate uses-permissions/uses-permissions-sdk-m: com.huawei.authentication.HW_ACCESS_AUTH_SERVICE in package: com.autonavi.minimap at: Binary XML file line #129
10-10 08:50:07.629  7695  7723 W PackageParser: Ignoring duplicate uses-permissions/uses-permissions-sdk-m: com.huawei.android.launcher.permission.READ_SETTINGS in package: com.autonavi.minimap at: Binary XML file line #130
10-10 08:50:07.630  7695  7723 W PackageParser: Ignoring duplicate uses-permissions/uses-permissions-sdk-m: com.huawei.android.launcher.permission.WRITE_SETTINGS in package: com.autonavi.minimap at: Binary XML file line #131
10-10 08:50:07.809  7695  7723 W PackageParser: Ignoring duplicate uses-permissions/uses-permissions-sdk-m: android.permission.KILL_BACKGROUND_PROCESSES in package: com.sina.weibo at: Binary XML file line #16
10-10 08:50:09.679  1496  1889 I chatty  : uid=1000(system) watchdog expire 1 line
10-10 08:50:13.030  7695  7723 W PackageParser: Ignoring duplicate uses-permissions/uses-permissions-sdk-m: android.permission.INTERNET in package: com.smile.gifmaker at: Binary XML file line #27
10-10 08:50:13.031  7695  7723 W PackageParser: Ignoring duplicate uses-permissions/uses-permissions-sdk-m: android.permission.READ_PHONE_STATE in package: com.smile.gifmaker at: Binary XML file line #28
10-10 08:50:13.031  7695  7723 W PackageParser: Ignoring duplicate uses-permissions/uses-permissions-sdk-m: android.permission.ACCESS_NETWORK_STATE in package: com.smile.gifmaker at: Binary XML file line #29
10-10 08:50:13.031  7695  7723 W PackageParser: Ignoring duplicate uses-permissions/uses-permissions-sdk-m: android.permission.CHANGE_WIFI_STATE in package: com.smile.gifmaker at: Binary XML file line #30
10-10 08:50:13.031  7695  7723 W PackageParser: Ignoring duplicate uses-permissions/uses-permissions-sdk-m: android.permission.ACCESS_WIFI_STATE in package: com.smile.gifmaker at: Binary XML file line #31
10-10 08:50:13.031  7695  7723 W PackageParser: Ignoring duplicate uses-permissions/uses-permissions-sdk-m: android.permission.WAKE_LOCK in package: com.smile.gifmaker at: Binary XML file line #32
10-10 08:50:13.031  7695  7723 W PackageParser: Ignoring duplicate uses-permissions/uses-permissions-sdk-m: android.permission.RECEIVE_BOOT_COMPLETED in package: com.smile.gifmaker at: Binary XML file line #33
10-10 08:50:13.031  7695  7723 W PackageParser: Ignoring duplicate uses-permissions/uses-permissions-sdk-m: android.permission.WRITE_EXTERNAL_STORAGE in package: com.smile.gifmaker at: Binary XML file line #34
10-10 08:50:13.031  7695  7723 W PackageParser: Ignoring duplicate uses-permissions/uses-permissions-sdk-m: android.permission.VIBRATE in package: com.smile.gifmaker at: Binary XML file line #35
10-10 08:50:13.031  7695  7723 W PackageParser: Ignoring duplicate uses-permissions/uses-permissions-sdk-m: android.permission.GET_TASKS in package: com.smile.gifmaker at: Binary XML file line #36
10-10 08:50:13.031  7695  7723 W PackageParser: Ignoring duplicate uses-permissions/uses-permissions-sdk-m: android.permission.INTERNET in package: com.smile.gifmaker at: Binary XML file line #40
10-10 08:50:13.031  7695  7723 W PackageParser: Ignoring duplicate uses-permissions/uses-permissions-sdk-m: android.permission.ACCESS_NETWORK_STATE in package: com.smile.gifmaker at: Binary XML file line #41
10-10 08:50:13.031  7695  7723 W PackageParser: Ignoring duplicate uses-permissions/uses-permissions-sdk-m: android.permission.ACCESS_WIFI_STATE in package: com.smile.gifmaker at: Binary XML file line #42
10-10 08:50:13.031  7695  7723 W PackageParser: Ignoring duplicate uses-permissions/uses-permissions-sdk-m: android.permission.READ_PHONE_STATE in package: com.smile.gifmaker at: Binary XML file line #43
10-10 08:50:13.031  7695  7723 W PackageParser: Ignoring duplicate uses-permissions/uses-permissions-sdk-m: android.permission.GET_TASKS in package: com.smile.gifmaker at: Binary XML file line #44
10-10 08:50:13.031  7695  7723 W PackageParser: Ignoring duplicate uses-permissions/uses-permissions-sdk-m: android.permission.VIBRATE in package: com.smile.gifmaker at: Binary XML file line #45
10-10 08:50:13.110  7695  7723 W PackageParser: Ignoring duplicate uses-permissions/uses-permissions-sdk-m: android.permission.RECORD_AUDIO in package: com.baidu.haokan at: Binary XML file line #56
10-10 08:50:13.110  7695  7723 W PackageParser: Ignoring duplicate uses-permissions/uses-permissions-sdk-m: com.android.launcher.permission.INSTALL_SHORTCUT in package: com.baidu.haokan at: Binary XML file line #79
