10-10 08:56:14.869 W/ContextImpl(21737): Calling a method in the system process without a qualified user: android.app.ContextImpl.startService:1771 android.content.ContextWrapper.startService:664 android.content.ContextWrapper.startService:664 com.android.settings.deviceinfo.UsbReceiver.startUsbService:322 com.android.settings.deviceinfo.UsbReceiver.onUsbStateReceive:168 
10-10 08:56:14.879 W/ContextImpl(21737): Calling a method in the system process without a qualified user: android.app.ContextImpl.startService:1771 android.content.ContextWrapper.startService:664 android.content.ContextWrapper.startService:664 com.android.settings.deviceinfo.UsbReceiver.startUsbService:322 com.android.settings.deviceinfo.UsbReceiver.onUsbStateReceive:231 
10-10 08:56:14.887 I/chatty  ( 1496): uid=1000(system) Binder:1496_B expire 1 line
10-10 08:56:15.586 I/chatty  ( 1496): uid=1000(system) Binder:1496_1B expire 2 lines
10-10 08:56:29.628 I/chatty  ( 1496): uid=1000(system) UEventObserver expire 10 lines
10-10 08:56:35.031 I/chatty  ( 1934): uid=1000(system) com.huawei.systemserver expire 15 lines
10-10 08:56:39.730 I/chatty  ( 1496): uid=1000(system) watchdog expire 2 lines
10-10 08:56:48.343 I/storaged(  738): storaged_t::event: storage_info refreshed.
10-10 08:57:00.379 I/chatty  ( 1496): uid=1000(system) UEventObserver expire 8 lines
10-10 08:57:35.087 I/chatty  ( 1934): uid=1000(system) com.huawei.systemserver expire 13 lines
10-10 08:57:39.738 I/chatty  ( 1496): uid=1000(system) watchdog expire 1 line
10-10 08:57:47.393 I/chatty  ( 1496): uid=1000 system_server expire 1 line
10-10 08:57:47.403 I/chatty  ( 1496): uid=1000(system) Binder:1496_1B expire 1 line
10-10 08:57:47.418 I/chatty  ( 1496): uid=1000(system) Binder:1496_9 expire 2 lines
10-10 08:57:47.433 I/chatty  ( 1496): uid=1000 system_server expire 1 line
10-10 08:57:47.446 I/chatty  ( 1496): uid=1000(system) Binder:1496_4 expire 1 line
10-10 08:57:47.495 I/chatty  ( 1496): uid=1000(system) Binder:1496_B expire 1 line
10-10 08:57:48.345 I/storaged(  738): storaged_t::event: storage_info refreshed.
10-10 08:58:01.804 I/chatty  ( 1496): uid=1000(system) UEventObserver expire 9 lines
10-10 08:58:09.742 I/chatty  ( 1496): uid=1000(system) watchdog expire 2 lines
10-10 08:58:32.519 I/chatty  ( 1496): uid=1000(system) UEventObserver expire 3 lines
10-10 08:58:35.189 I/chatty  ( 1934): uid=1000(system) com.huawei.systemserver expire 11 lines
10-10 08:58:40.064 I/chatty  ( 1496): uid=1000(system) Binder:1496_B expire 6 lines
10-10 08:58:40.068 I/chatty  ( 1496): uid=1000(system) Binder:1496_4 expire 1 line
10-10 08:58:40.127 I/chatty  ( 1496): uid=1000(system) Binder:1496_B expire 3 lines
10-10 08:58:40.164 I/chatty  ( 1496): uid=1000(system) Binder:1496_9 expire 1 line
10-10 08:58:48.346 I/storaged(  738): storaged_t::event: storage_info refreshed.
10-10 08:59:03.240 I/chatty  ( 1496): uid=1000(system) UEventObserver expire 12 lines
10-10 08:59:09.750 I/chatty  ( 1496): uid=1000(system) watchdog expire 2 lines
10-10 08:59:35.220 I/chatty  ( 1934): uid=1000(system) com.huawei.systemserver expire 13 lines
10-10 08:59:48.349 I/storaged(  738): storaged_t::event: storage_info refreshed.
10-10 09:00:04.679 I/chatty  ( 1496): uid=1000(system) UEventObserver expire 11 lines
10-10 09:00:09.758 I/chatty  ( 1496): uid=1000(system) watchdog expire 1 line
10-10 09:00:29.992 I/chatty  ( 1496): uid=1000(system) UEventObserver expire 3 lines
10-10 09:00:30.001 I/chatty  ( 1496): uid=1000(system) HwBinder:1496_5 expire 1 line
10-10 09:00:35.316 I/chatty  ( 1934): uid=1000(system) com.huawei.systemserver expire 10 lines
10-10 09:00:35.385 I/chatty  ( 1496): uid=1000(system) UEventObserver expire 4 lines
10-10 09:00:39.762 I/chatty  ( 1496): uid=1000(system) watchdog expire 1 line
10-10 09:00:48.350 I/storaged(  738): storaged_t::event: storage_info refreshed.
10-10 09:00:48.351 I/storaged(  738): storaged_t::event: Pidm reported.
10-10 09:00:48.351 E/storaged(  738): pid_info get_pids failed
10-10 09:01:03.476 I/chatty  ( 1496): uid=1000(system) Binder:1496_4 expire 1 line
10-10 09:01:05.296 I/chatty  ( 1496): uid=1000(system) android.bg expire 1 line
10-10 09:01:06.120 I/chatty  ( 1496): uid=1000(system) UEventObserver expire 6 lines
10-10 09:01:09.528 I/chatty  ( 1496): uid=1000(system) Binder:1496_4 expire 1 line
10-10 09:01:09.766 I/chatty  ( 1496): uid=1000(system) watchdog expire 1 line
10-10 09:01:10.035 I/chatty  ( 1496): uid=1000(system) Binder:1496_4 expire 2 lines
10-10 09:01:15.343 I/chatty  ( 1934): uid=1000(system) com.huawei.systemserver expire 10 lines
10-10 09:01:36.840 I/chatty  ( 1496): uid=1000(system) UEventObserver expire 11 lines
10-10 09:01:39.770 I/chatty  ( 1496): uid=1000(system) watchdog expire 3 lines
10-10 09:01:48.353 I/storaged(  738): storaged_t::event: storage_info refreshed.
10-10 09:02:07.583 I/chatty  ( 1496): uid=1000(system) UEventObserver expire 10 lines
10-10 09:02:35.386 I/chatty  ( 1934): uid=1000(system) com.huawei.systemserver expire 12 lines
10-10 09:02:48.355 I/storaged(  738): storaged_t::event: storage_info refreshed.
10-10 09:03:08.978 I/chatty  ( 1496): uid=1000(system) UEventObserver expire 7 lines
10-10 09:03:09.782 I/chatty  ( 1496): uid=1000(system) watchdog expire 2 lines
10-10 09:03:15.467 I/chatty  ( 1934): uid=1000(system) com.huawei.systemserver expire 11 lines
10-10 09:03:39.701 I/chatty  ( 1496): uid=1000(system) UEventObserver expire 2 lines
10-10 09:03:40.105 I/chatty  ( 1496): uid=1000(system) Binder:1496_4 expire 7 lines
10-10 09:03:40.195 I/chatty  ( 1496): uid=1000(system) Binder:1496_B expire 2 lines
10-10 09:03:48.357 I/storaged(  738): storaged_t::event: storage_info refreshed.
10-10 09:03:55.608 I/chatty  ( 1496): uid=1000(system) ActivityManager expire 1 line
10-10 09:03:55.638 I/chatty  ( 1496): uid=1000(system) ActivityManager expire 1 line
10-10 09:03:55.639 I/chatty  ( 1496): uid=1000(system) MultiTaskManage expire 1 line
10-10 09:03:55.675 D/ActivityThread( 8444): Attach thread to application
10-10 09:03:55.788 I/chatty  ( 1496): uid=1000(system) Binder:1496_B expire 1 line
10-10 09:03:55.899 I/chatty  ( 1496): uid=1000(system) Binder:1496_4 expire 3 lines
10-10 09:03:55.907 I/chatty  ( 1934): uid=1000(system) Binder:1934_6 expire 3 lines
10-10 09:03:56.405 I/chatty  ( 1496): uid=1000(system) Thread-7 expire 1 line
10-10 09:04:09.789 I/chatty  ( 1496): uid=1000(system) watchdog expire 2 lines
10-10 09:04:10.440 I/chatty  ( 1496): uid=1000(system) UEventObserver expire 18 lines
10-10 09:04:15.481 I/chatty  ( 1934): uid=1000(system) com.huawei.systemserver expire 11 lines
10-10 09:04:45.996 I/chatty  ( 1496): uid=1000(system) HwBinder:1496_5 expire 1 line
10-10 09:04:48.359 I/storaged(  738): storaged_t::event: storage_info refreshed.
10-10 09:05:09.796 I/chatty  ( 1496): uid=1000(system) watchdog expire 1 line
10-10 09:05:11.863 I/chatty  ( 1496): uid=1000(system) UEventObserver expire 8 lines
10-10 09:05:15.551 I/chatty  ( 1934): uid=1000(system) com.huawei.systemserver expire 11 lines
10-10 09:05:39.800 I/chatty  ( 1496): uid=1000(system) watchdog expire 1 line
10-10 09:05:42.584 I/chatty  ( 1496): uid=1000(system) UEventObserver expire 11 lines
10-10 09:05:48.360 I/storaged(  738): storaged_t::event: storage_info refreshed.
10-10 09:05:55.604 I/chatty  ( 1934): uid=1000(system) com.huawei.systemserver expire 10 lines
10-10 09:06:09.804 I/chatty  ( 1496): uid=1000(system) watchdog expire 3 lines
10-10 09:06:44.052 I/chatty  ( 1496): uid=1000(system) UEventObserver expire 11 lines
10-10 09:06:48.362 I/storaged(  738): storaged_t::event: storage_info refreshed.
10-10 09:06:55.622 I/chatty  ( 1934): uid=1000(system) com.huawei.systemserver expire 16 lines
10-10 09:07:39.817 I/chatty  ( 1496): uid=1000(system) watchdog expire 2 lines
10-10 09:07:45.468 I/chatty  ( 1496): uid=1000(system) UEventObserver expire 12 lines
10-10 09:07:48.364 I/storaged(  738): storaged_t::event: storage_info refreshed.
10-10 09:08:15.712 I/chatty  ( 1934): uid=1000(system) com.huawei.systemserver expire 16 lines
10-10 09:08:39.824 I/chatty  ( 1496): uid=1000(system) watchdog expire 1 line
10-10 09:08:40.108 I/chatty  ( 1496): uid=1000(system) Binder:1496_13 expire 4 lines
10-10 09:08:40.113 I/chatty  ( 1496): uid=1000(system) Binder:1496_1B expire 1 line
10-10 09:08:40.114 I/chatty  ( 1496): uid=1000(system) Binder:1496_7 expire 1 line
10-10 09:08:40.176 I/chatty  ( 1496): uid=1000(system) Binder:1496_13 expire 4 lines
10-10 09:08:40.192 I/chatty  ( 1496): uid=1000(system) Binder:1496_7 expire 2 lines
10-10 09:08:40.193 I/chatty  ( 1496): uid=1000(system) Binder:1496_1B expire 1 line
10-10 09:08:43.056 I/chatty  ( 1496): uid=1000(system) Binder:1496_7 expire 2 lines
10-10 09:08:46.923 I/chatty  ( 1496): uid=1000(system) UEventObserver expire 16 lines
10-10 09:08:48.365 I/storaged(  738): storaged_t::event: storage_info refreshed.
10-10 09:09:01.996 I/chatty  ( 1496): uid=1000(system) HwBinder:1496_5 expire 1 line
10-10 09:09:09.827 I/chatty  ( 1496): uid=1000(system) watchdog expire 2 lines
10-10 09:09:17.638 I/chatty  ( 1496): uid=1000(system) UEventObserver expire 8 lines
10-10 09:09:35.769 I/chatty  ( 1934): uid=1000(system) com.huawei.systemserver expire 11 lines
10-10 09:09:48.366 I/storaged(  738): storaged_t::event: storage_info refreshed.
10-10 09:09:52.764 I/chatty  ( 1496): uid=1000(system) Binder:1496_7 expire 1 line
10-10 09:10:09.834 I/chatty  ( 1496): uid=1000(system) watchdog expire 2 lines
10-10 09:10:19.078 I/chatty  ( 1496): uid=1000(system) UEventObserver expire 12 lines
10-10 09:10:35.865 I/chatty  ( 1934): uid=1000(system) com.huawei.systemserver expire 10 lines
10-10 09:10:48.368 I/storaged(  738): storaged_t::event: storage_info refreshed.
10-10 09:11:03.508 I/chatty  ( 1496): uid=1000(system) Binder:1496_7 expire 2 lines
10-10 09:11:09.842 I/chatty  ( 1496): uid=1000(system) watchdog expire 1 line
10-10 09:11:10.060 I/chatty  ( 1496): uid=1000(system) Binder:1496_1B expire 2 lines
10-10 09:11:15.912 I/chatty  ( 1934): uid=1000(system) com.huawei.systemserver expire 10 lines
10-10 09:11:20.493 I/chatty  ( 1496): uid=1000(system) UEventObserver expire 12 lines
10-10 09:11:39.846 I/chatty  ( 1496): uid=1000(system) watchdog expire 2 lines
10-10 09:11:48.370 I/storaged(  738): storaged_t::event: storage_info refreshed.
10-10 09:11:55.971 I/chatty  ( 1934): uid=1000(system) com.huawei.systemserver expire 10 lines
10-10 09:12:21.952 I/chatty  ( 1496): uid=1000(system) UEventObserver expire 10 lines
10-10 09:12:39.854 I/chatty  ( 1496): uid=1000(system) watchdog expire 1 line
10-10 09:12:48.371 I/storaged(  738): storaged_t::event: storage_info refreshed.
10-10 09:12:52.674 I/chatty  ( 1496): uid=1000(system) UEventObserver expire 9 lines
10-10 09:13:09.857 I/chatty  ( 1496): uid=1000(system) watchdog expire 1 line
10-10 09:13:16.000 I/chatty  ( 1934): uid=1000(system) com.huawei.systemserver expire 11 lines
10-10 09:13:17.993 I/chatty  ( 1496): uid=1000(system) HwBinder:1496_5 expire 1 line
10-10 09:13:23.416 I/chatty  ( 1496): uid=1000(system) UEventObserver expire 5 lines
10-10 09:13:39.860 I/chatty  ( 1496): uid=1000(system) watchdog expire 1 line
10-10 09:13:40.033 I/chatty  ( 1496): uid=1000(system) Binder:1496_1B expire 8 lines
10-10 09:13:40.115 I/chatty  ( 1496): uid=1000(system) Binder:1496_13 expire 1 line
10-10 09:13:48.372 I/storaged(  738): storaged_t::event: storage_info refreshed.
10-10 09:13:54.111 I/chatty  ( 1496): uid=1000(system) UEventObserver expire 12 lines
10-10 09:13:56.080 I/chatty  ( 1934): uid=1000(system) com.huawei.systemserver expire 20 lines
10-10 09:14:09.863 I/chatty  ( 1496): uid=1000(system) watchdog expire 2 lines
10-10 09:14:48.374 I/storaged(  738): storaged_t::event: storage_info refreshed.
10-10 09:14:55.554 I/chatty  ( 1496): uid=1000(system) UEventObserver expire 7 lines
10-10 09:15:09.870 I/chatty  ( 1496): uid=1000(system) watchdog expire 1 line
10-10 09:15:19.049 I/chatty  ( 1496): uid=1000(system) batterystats-wo expire 2 lines
10-10 09:15:26.273 I/chatty  ( 1496): uid=1000(system) UEventObserver expire 6 lines
10-10 09:15:30.873 I/chatty  ( 1496): uid=1000(system) android.io expire 1 line
10-10 09:15:33.222 I/chatty  ( 1496): uid=1000 system_server expire 1 line
10-10 09:15:35.094 I/chatty  ( 1934): uid=1000(system) DollieChrTh expire 8 lines
10-10 09:15:36.131 I/chatty  ( 1934): uid=1000(system) com.huawei.systemserver expire 10 lines
10-10 09:15:39.874 I/chatty  ( 1496): uid=1000(system) watchdog expire 1 line
10-10 09:15:48.375 I/storaged(  738): storaged_t::event: DSM updated and published.
10-10 09:15:48.379 E/storaged(  738): open file /data/storaged/storaged.txt failed!2
10-10 09:15:48.379 E/storaged(  738): write(append)  diskstat data failed!ts:1633828548,read bytes:0, write bytes: 0
10-10 09:15:48.379 I/storaged(  738): storaged_t::event: Uidm reported.
10-10 09:15:48.401 I/storaged(  738): uid_monitor::update_curr_io_stats_locked: last_uid_io_stats_ size is 189
10-10 09:15:48.401 I/storaged(  738): uid_monitor::update_curr_io_stats_locked: curr_io_stats_ size is 189
10-10 09:15:48.401 E/storaged(  738): curr_io_stats:  size: 189
10-10 09:15:48.419 E/storaged(  738): open file /data/storaged/storaged.txt failed!2
10-10 09:15:48.419 E/storaged(  738): write(append)  uid data failed!
10-10 09:15:48.420 I/storaged(  738): uid_monitor::update_uid_io_proto: io_history_ size is 108
10-10 09:15:48.420 I/storaged(  738): storaged_t::event: storage_info refreshed.
10-10 09:15:48.420 I/storaged(  738): storaged_t::event: proto flushed.
10-10 09:15:49.705 I/storaged(  738): storaged_t::event: Pidm reported.
10-10 09:15:49.706 E/storaged(  738): pid_info get_pids failed
10-10 09:15:57.015 I/chatty  ( 1496): uid=1000(system) UEventObserver expire 10 lines
10-10 09:16:09.877 I/chatty  ( 1496): uid=1000(system) watchdog expire 2 lines
10-10 09:16:27.725 I/chatty  ( 1496): uid=1000(system) UEventObserver expire 12 lines
10-10 09:16:36.212 I/chatty  ( 1934): uid=1000(system) com.huawei.systemserver expire 10 lines
10-10 09:16:49.708 I/storaged(  738): storaged_t::event: storage_info refreshed.
10-10 09:17:09.884 I/chatty  ( 1496): uid=1000(system) watchdog expire 2 lines
10-10 09:17:16.266 I/chatty  ( 1934): uid=1000(system) com.huawei.systemserver expire 11 lines
10-10 09:17:29.147 I/chatty  ( 1496): uid=1000(system) UEventObserver expire 7 lines
10-10 09:17:49.710 I/storaged(  738): storaged_t::event: storage_info refreshed.
10-10 09:17:54.470 I/chatty  ( 1496): uid=1000(system) HwBinder:1496_5 expire 1 line
10-10 09:17:56.287 I/chatty  ( 1934): uid=1000(system) com.huawei.systemserver expire 10 lines
10-10 09:17:59.864 I/chatty  ( 1496): uid=1000(system) UEventObserver expire 12 lines
10-10 09:18:09.890 I/chatty  ( 1496): uid=1000(system) watchdog expire 2 lines
10-10 09:18:40.102 I/chatty  ( 1496): uid=1000(system) Binder:1496_7 expire 7 lines
10-10 09:18:40.104 I/chatty  ( 1496): uid=1000(system) Binder:1496_13 expire 2 lines
10-10 09:18:40.186 I/chatty  ( 1496): uid=1000(system) Binder:1496_1B expire 1 line
10-10 09:18:49.711 I/storaged(  738): storaged_t::event: storage_info refreshed.
10-10 09:18:51.545 I/chatty  ( 1496): uid=1000(system) Binder:1496_7 expire 1 line
10-10 09:19:01.307 I/chatty  ( 1496): uid=1000(system) UEventObserver expire 12 lines
10-10 09:19:09.896 I/chatty  ( 1496): uid=1000(system) watchdog expire 4 lines
10-10 09:19:16.310 I/chatty  ( 1934): uid=1000(system) com.huawei.systemserver expire 11 lines
10-10 09:19:49.713 I/storaged(  738): storaged_t::event: storage_info refreshed.
10-10 09:19:56.380 I/chatty  ( 1934): uid=1000(system) com.huawei.systemserver expire 17 lines
10-10 09:20:02.754 I/chatty  ( 1496): uid=1000(system) UEventObserver expire 12 lines
10-10 09:20:25.056 I/chatty  ( 1496): uid=1000 system_server expire 4 lines
10-10 09:20:25.072 I/chatty  ( 1496): uid=1000(system) NetworkStats expire 8 lines
10-10 09:20:25.109 I/chatty  ( 1496): uid=1000(system) WifiStateMachin expire 1 line
10-10 09:20:25.117 I/wificond(  740): Pno scan result ready event
10-10 09:20:25.118 I/chatty  ( 1496): uid=1000(system) WifiScanningSer expire 1 line
10-10 09:20:25.120 I/wificond(  740): Unexpected empty scan result!
10-10 09:20:25.150 I/chatty  ( 1496): uid=1000(system) NetdConnector expire 6 lines
10-10 09:20:25.162 I/chatty  ( 1496): uid=1000(system) Binder:1496_13 expire 1 line
10-10 09:20:25.169 I/chatty  ( 1496): uid=1000(system) Binder:1496_1B expire 4 lines
10-10 09:20:25.190 I/chatty  ( 1496): uid=1000(system) Binder:1496_4 expire 4 lines
10-10 09:20:25.223 I/chatty  ( 1496): uid=1000(system) ActivityManager expire 1 line
10-10 09:20:25.223 I/chatty  ( 1496): uid=1000(system) MultiTaskManage expire 1 line
10-10 09:20:25.246 D/ActivityThread( 8648): Attach thread to application
10-10 09:20:25.336 I/chatty  ( 1496): uid=1000(system) Binder:1496_B expire 5 lines
10-10 09:20:25.341 I/chatty  ( 1496): uid=1000(system) Binder:1496_1E expire 2 lines
10-10 09:20:25.366 I/chatty  ( 1496): uid=1000(system) Binder:1496_F expire 4 lines
10-10 09:20:25.372 I/chatty  ( 1934): uid=1000(system) Binder:1934_7 expire 3 lines
10-10 09:20:25.397 I/chatty  ( 1934): uid=1000(system) Binder:1934_6 expire 3 lines
10-10 09:20:25.678 W/SocketListener(  530): sending broadcast to Pid = 1496, Uid = 1000 
10-10 09:20:25.682 I/chatty  ( 1496): uid=1000(system) android.fg expire 2 lines
10-10 09:20:25.696 I/wificond(  740): Pno scan stopped
10-10 09:20:25.704 I/wificond(  740): Pno scan started
10-10 09:20:25.867 I/chatty  ( 1496): uid=1000(system) Thread-7 expire 2 lines
10-10 09:20:49.715 I/storaged(  738): storaged_t::event: storage_info refreshed.
10-10 09:21:03.523 I/chatty  ( 1496): uid=1000(system) Binder:1496_4 expire 1 line
10-10 09:21:04.212 I/chatty  ( 1496): uid=1000(system) UEventObserver expire 6 lines
10-10 09:21:09.582 I/chatty  ( 1496): uid=1000(system) Binder:1496_4 expire 1 line
10-10 09:21:09.908 I/chatty  ( 1496): uid=1000(system) watchdog expire 1 line
10-10 09:21:10.090 I/chatty  ( 1496): uid=1000(system) Binder:1496_2 expire 1 line
10-10 09:21:16.441 I/chatty  ( 1934): uid=1000(system) com.huawei.systemserver expire 11 lines
10-10 09:21:19.628 I/chatty  ( 1496): uid=1000(system) Binder:1496_4 expire 1 line
10-10 09:21:34.906 I/chatty  ( 1496): uid=1000(system) UEventObserver expire 12 lines
10-10 09:21:39.911 I/chatty  ( 1496): uid=1000(system) watchdog expire 2 lines
10-10 09:21:49.716 I/storaged(  738): storaged_t::event: storage_info refreshed.
10-10 09:22:16.457 I/chatty  ( 1934): uid=1000(system) com.huawei.systemserver expire 13 lines
10-10 09:22:30.951 I/chatty  ( 1496): uid=1000(system) UEventObserver expire 11 lines
10-10 09:22:30.962 I/chatty  ( 1496): uid=1000(system) HwBinder:1496_5 expire 1 line
10-10 09:22:36.343 I/chatty  ( 1496): uid=1000(system) UEventObserver expire 7 lines
10-10 09:22:39.918 I/chatty  ( 1496): uid=1000(system) watchdog expire 2 lines
10-10 09:22:49.717 I/storaged(  738): storaged_t::event: storage_info refreshed.
10-10 09:23:16.553 I/chatty  ( 1934): uid=1000(system) com.huawei.systemserver expire 11 lines
10-10 09:23:37.806 I/chatty  ( 1496): uid=1000(system) UEventObserver expire 6 lines
10-10 09:23:39.924 I/chatty  ( 1496): uid=1000(system) watchdog expire 1 line
10-10 09:23:40.095 I/chatty  ( 1496): uid=1000(system) Binder:1496_2 expire 8 lines
10-10 09:23:40.183 I/chatty  ( 1496): uid=1000(system) Binder:1496_4 expire 1 line
10-10 09:23:49.718 I/storaged(  738): storaged_t::event: storage_info refreshed.
10-10 09:24:08.514 I/chatty  ( 1496): uid=1000(system) UEventObserver expire 6 lines
10-10 09:24:09.927 I/chatty  ( 1496): uid=1000(system) watchdog expire 3 lines
10-10 09:24:16.577 I/chatty  ( 1934): uid=1000(system) com.huawei.systemserver expire 13 lines
10-10 09:24:39.228 I/chatty  ( 1496): uid=1000(system) UEventObserver expire 10 lines
10-10 09:24:49.719 I/storaged(  738): storaged_t::event: storage_info refreshed.
10-10 09:25:09.944 I/chatty  ( 1496): uid=1000(system) UEventObserver expire 3 lines
10-10 09:25:16.665 I/chatty  ( 1934): uid=1000(system) com.huawei.systemserver expire 11 lines
10-10 09:25:36.352 I/chatty  ( 1496): uid=1000(system) Binder:1496_4 expire 1 line
10-10 09:25:39.936 I/chatty  ( 1496): uid=1000(system) watchdog expire 1 line
10-10 09:25:40.671 I/chatty  ( 1496): uid=1000(system) UEventObserver expire 11 lines
10-10 09:25:49.720 I/storaged(  738): storaged_t::event: storage_info refreshed.
10-10 09:26:09.941 I/chatty  ( 1496): uid=1000(system) watchdog expire 2 lines
10-10 09:26:16.672 I/chatty  ( 1934): uid=1000(system) com.huawei.systemserver expire 13 lines
10-10 09:26:42.110 I/chatty  ( 1496): uid=1000(system) UEventObserver expire 6 lines
10-10 09:26:49.720 I/storaged(  738): storaged_t::event: storage_info refreshed.
10-10 09:26:56.621 W/ContextImpl(21737): Calling a method in the system process without a qualified user: android.app.ContextImpl.startService:1771 android.content.ContextWrapper.startService:664 android.content.ContextWrapper.startService:664 com.android.settings.deviceinfo.UsbReceiver.startUsbService:322 com.android.settings.deviceinfo.UsbReceiver.onUsbStateReceive:168 
10-10 09:26:56.626 W/ContextImpl(21737): Calling a method in the system process without a qualified user: android.app.ContextImpl.startService:1771 android.content.ContextWrapper.startService:664 android.content.ContextWrapper.startService:664 com.android.settings.deviceinfo.UsbReceiver.startUsbService:322 com.android.settings.deviceinfo.UsbReceiver.onUsbStateReceive:231 
10-10 09:26:56.630 I/chatty  ( 1496): uid=1000(system) Binder:1496_4 expire 1 line
10-10 09:26:57.339 I/chatty  ( 1496): uid=1000(system) Binder:1496_2 expire 2 lines
10-10 09:27:07.429 I/chatty  ( 1496): uid=1000(system) UEventObserver expire 8 lines
10-10 09:27:07.436 I/chatty  ( 1496): uid=1000(system) HwBinder:1496_5 expire 1 line
10-10 09:27:09.949 I/chatty  ( 1496): uid=1000(system) watchdog expire 2 lines
10-10 09:27:12.841 I/chatty  ( 1496): uid=1000(system) UEventObserver expire 8 lines
10-10 09:27:16.768 I/chatty  ( 1934): uid=1000(system) com.huawei.systemserver expire 11 lines
10-10 09:27:43.577 I/HwBatteryService( 1496): switch not open, return, mWirelessTxFlag : 0
10-10 09:27:43.578 I/UsbDeviceManager( 1496): water_intrused state= 0
10-10 09:27:49.721 I/storaged(  738): storaged_t::event: storage_info refreshed.
10-10 09:28:09.958 W/Watchdog( 1496): hungtask: writing kick
10-10 09:28:14.268 I/HwBatteryService( 1496): quick charge status : 0
10-10 09:28:14.269 D/HwBatteryService( 1496): onUEvent fcpStatus = 0
10-10 09:28:14.269 D/HwBatteryService( 1496): onUEvent scpStatus = 0 ,ovpStatus = 0
10-10 09:28:14.269 I/HwBatteryService( 1496): handleWirelessTxStatus
10-10 09:28:14.269 I/HwBatteryService( 1496): switch not open, return, mWirelessTxFlag : 0
10-10 09:28:14.270 I/UsbDeviceManager( 1496): water_intrused state= 0
10-10 09:28:16.799 I/chatty  ( 1934): uid=1000(system) com.huawei.systemserver expire 13 lines
10-10 09:28:39.962 W/Watchdog( 1496): hungtask: writing kick
10-10 09:28:40.110 I/NetworkStats( 1496): openSessionForUsageStats, pid = 3800, pkg = com.tencent.mm
10-10 09:28:40.110 I/NetworkStats( 1496): openSessionForUsageStats, pid = 3800, pkg = com.tencent.mm
10-10 09:28:40.110 I/NetworkStats( 1496): openSessionInternal,pid = 3800
10-10 09:28:40.114 I/NetworkStats( 1496): performPollLocked, pid = 1496
10-10 09:28:40.175 W/NetworkStatsFactory( 1496): mStatsXtProcUid: /proc/net/comm/stats does not exist!
10-10 09:28:40.175 D/HwNetworkStatsService( 1496): hwRecordUidAndProcSnapshotLocked currentTime = 1633829320118
10-10 09:28:40.176 I/NetworkStatsFactory( 1496): javaReadNetworkStatsUidAndProcDetail. cost time = 1
10-10 09:28:40.178 D/HwNetworkStatsService( 1496): hwMaybeUidAndProcPersistLocked currentTime = 1633829320118
10-10 09:28:40.188 I/NetworkStats( 1496): openSessionForUsageStats, pid = 3800, pkg = com.tencent.mm
10-10 09:28:40.193 I/NetworkStats( 1496): openSessionForUsageStats, pid = 3800, pkg = com.tencent.mm
10-10 09:28:44.988 I/HwBatteryService( 1496): quick charge status : 0
10-10 09:28:44.988 D/HwBatteryService( 1496): onUEvent fcpStatus = 0
10-10 09:28:44.988 D/HwBatteryService( 1496): onUEvent scpStatus = 0 ,ovpStatus = 0
10-10 09:28:44.988 I/HwBatteryService( 1496): handleWirelessTxStatus
10-10 09:28:44.988 I/HwBatteryService( 1496): switch not open, return, mWirelessTxFlag : 0
10-10 09:28:44.989 I/UsbDeviceManager( 1496): water_intrused state= 0
10-10 09:28:49.722 I/storaged(  738): storaged_t::event: storage_info refreshed.
10-10 09:28:52.246 V/BroadcastQueue( 1496): Finished with ordered broadcast BroadcastRecord{8e7b3ca u0 com.tencent.mm.plugin.report.service.KVCommCrossProcessReceiver}
10-10 09:29:09.965 W/Watchdog( 1496): hungtask: writing kick
10-10 09:29:15.716 I/HwBatteryService( 1496): quick charge status : 0
10-10 09:29:15.716 D/HwBatteryService( 1496): onUEvent fcpStatus = 0
10-10 09:29:15.716 D/HwBatteryService( 1496): onUEvent scpStatus = 0 ,ovpStatus = 0
10-10 09:29:15.716 I/HwBatteryService( 1496): handleWirelessTxStatus
10-10 09:29:15.716 I/HwBatteryService( 1496): switch not open, return, mWirelessTxFlag : 0
10-10 09:29:15.718 I/UsbDeviceManager( 1496): water_intrused state= 0
10-10 09:29:16.888 I/chatty  ( 1934): uid=1000(system) com.huawei.systemserver expire 11 lines
10-10 09:29:39.968 W/Watchdog( 1496): hungtask: writing kick
10-10 09:29:46.442 I/HwBatteryService( 1496): quick charge status : 0
10-10 09:29:46.442 D/HwBatteryService( 1496): onUEvent fcpStatus = 0
10-10 09:29:46.443 D/HwBatteryService( 1496): onUEvent scpStatus = 0 ,ovpStatus = 0
10-10 09:29:46.443 I/HwBatteryService( 1496): handleWirelessTxStatus
10-10 09:29:46.443 I/HwBatteryService( 1496): switch not open, return, mWirelessTxFlag : 0
10-10 09:29:46.444 I/UsbDeviceManager( 1496): water_intrused state= 0
10-10 09:29:49.723 I/storaged(  738): storaged_t::event: storage_info refreshed.
10-10 09:30:09.972 W/Watchdog( 1496): hungtask: writing kick
10-10 09:30:16.904 I/chatty  ( 1934): uid=1000(system) com.huawei.systemserver expire 13 lines
10-10 09:30:17.168 I/HwBatteryService( 1496): quick charge status : 0
10-10 09:30:17.168 D/HwBatteryService( 1496): onUEvent fcpStatus = 0
10-10 09:30:17.169 D/HwBatteryService( 1496): onUEvent scpStatus = 0 ,ovpStatus = 0
10-10 09:30:17.169 I/HwBatteryService( 1496): handleWirelessTxStatus
10-10 09:30:17.169 I/HwBatteryService( 1496): switch not open, return, mWirelessTxFlag : 0
10-10 09:30:17.170 I/UsbDeviceManager( 1496): water_intrused state= 0
10-10 09:30:35.890 V/AlarmManager( 1496): Received TIME_TICK alarm; rescheduling
10-10 09:30:35.906 I/NetworkStats( 1496): Alarm manager triggered
10-10 09:30:35.907 I/NetworkStats( 1496): performPollLocked, pid = 1496
10-10 09:30:35.917 I/HwAlarmManagerService( 1496): hwSetAlarm listenerTag: time_tick
10-10 09:30:35.922 I/HwAlarmManagerService( 1496): hwSetAlarm listenerTag: *job.heartbeat*
10-10 09:30:35.923 D/JobScheduler( 1496): Maybe queuing ready jobs...
10-10 09:30:35.966 W/NetworkStatsFactory( 1496): mStatsXtProcUid: /proc/net/comm/stats does not exist!
10-10 09:30:35.966 D/HwNetworkStatsService( 1496): hwRecordUidAndProcSnapshotLocked currentTime = 1633829435911
10-10 09:30:35.967 I/NetworkStatsFactory( 1496): javaReadNetworkStatsUidAndProcDetail. cost time = 1
10-10 09:30:35.969 W/HwAlarmManagerService( 1496): isContainsAppUidInWorksource-->happend NameNotFoundException
10-10 09:30:35.969 W/HwAlarmManagerService( 1496): isContainsAppUidInWorksource-->happend NameNotFoundException
10-10 09:30:35.970 D/HwNetworkStatsService( 1496): hwMaybeUidAndProcPersistLocked currentTime = 1633829435911
10-10 09:30:35.972 I/HwAlarmManagerService( 1496): hwSetAlarm listenerTag: *job.delay*
10-10 09:30:35.972 I/JobScheduler.Time( 1496): mNextDelayExpiredElapsedMillis: 815599451
10-10 09:30:35.982 D/NetdConnector( 1496): SND -> {1718 bandwidth setglobalalert 2097152}
10-10 09:30:35.985 D/NetdConnector( 1496): RCV <- {200 1718 Bandwidth command succeeeded}
10-10 09:30:35.986 D/NetdConnector( 1496): RCV <- {200 1718 Bandwidth command succeeeded}
10-10 09:30:35.987 V/BroadcastQueue( 1496): Finished with ordered broadcast BroadcastRecord{3faf222 u0 com.android.server.action.NETWORK_STATS_POLL}
10-10 09:30:35.987 W/HwAlarmManagerService( 1496): isContainsAppUidInWorksource-->happend NameNotFoundException
10-10 09:30:35.989 W/HwAlarmManagerService( 1496): isContainsAppUidInWorksource-->happend NameNotFoundException
10-10 09:30:35.992 V/BroadcastQueue( 1496): Finished with ordered broadcast BroadcastRecord{8ce011b u0 null}
10-10 09:30:35.995 I/HwAlarmManagerService( 1496): hwSetAlarm listenerTag: *job.delay*
10-10 09:30:35.995 I/JobScheduler.Time( 1496): mNextDelayExpiredElapsedMillis: 815569471
10-10 09:30:35.998 D/JobScheduler( 1496): queuing all ready jobs for execution:
10-10 09:30:35.999 V/BroadcastQueue( 1496): Finished with ordered broadcast BroadcastRecord{9eee2b8 u0 null}
10-10 09:30:36.023 V/BroadcastQueue( 1496): Finished with ordered broadcast BroadcastRecord{3a9c3f6 u0 com.huawei.hwsystemmanager.power.SCHEDULE_RECORD_REMAING_TIME_SCENE}
10-10 09:30:36.030 D/JobScheduler( 1496): queuing all ready jobs for execution:
10-10 09:30:36.033 D/JobScheduler( 1496): queuing all ready jobs for execution:
10-10 09:30:36.034 V/BroadcastQueue( 1496): Finished with ordered broadcast BroadcastRecord{d115bce u0 com.huawei.bd.action.heartbeat_hour}
10-10 09:30:36.039 D/DownloadManager(32212): Removed 0 stale downloads
10-10 09:30:36.041 V/BroadcastQueue( 1496): Finished with ordered broadcast BroadcastRecord{77b3e17 u-1 android.intent.action.TIME_TICK}
10-10 09:30:36.063 D/DownloadManager(32212): Found 0 files in database
10-10 09:30:36.063 D/DownloadManager(32212): Found 0 files on disk
10-10 09:30:36.080 D/JobScheduler( 1496): queuing all ready jobs for execution:
10-10 09:30:36.091 I/JobScheduler.Time( 1496): onControllerStateChanged
10-10 09:30:36.093 W/HwAlarmManagerService( 1496): isContainsAppUidInWorksource-->happend NameNotFoundException
10-10 09:30:36.099 W/HwAlarmManagerService( 1496): isContainsAppUidInWorksource-->happend NameNotFoundException
10-10 09:30:36.102 I/HwAlarmManagerService( 1496): hwSetAlarm listenerTag: *job.delay*
10-10 09:30:36.103 I/JobScheduler.Time( 1496): mNextDelayExpiredElapsedMillis: 815599451
10-10 09:30:36.104 D/JobScheduler( 1496): queuing all ready jobs for execution:
10-10 09:30:36.113 D/JobScheduler( 1496): queuing all ready jobs for execution:
10-10 09:30:36.140 D/DownloadManager(32212): Removed 0 stale downloads
10-10 09:30:36.159 D/DownloadManager(32212): Found 0 files in database
10-10 09:30:36.159 D/DownloadManager(32212): Found 0 files on disk
10-10 09:30:36.165 D/JobScheduler( 1496): queuing all ready jobs for execution:
10-10 09:30:36.683 W/HwAlarmManagerService( 1496): isContainsAppUidInWorksource-->happend NameNotFoundException
10-10 09:30:36.684 W/HwAlarmManagerService( 1496): isContainsAppUidInWorksource-->happend NameNotFoundException
10-10 09:30:36.688 I/HwAlarmManagerService( 1496): hwSetAlarm listenerTag: *job.delay*
10-10 09:30:36.688 I/JobScheduler.Time( 1496): mNextDelayExpiredElapsedMillis: 815570172
10-10 09:30:36.689 D/JobScheduler( 1496): queuing all ready jobs for execution:
10-10 09:30:37.213 W/HwAlarmManagerService( 1496): isContainsAppUidInWorksource-->happend NameNotFoundException
10-10 09:30:37.214 W/HwAlarmManagerService( 1496): isContainsAppUidInWorksource-->happend NameNotFoundException
10-10 09:30:37.217 I/HwAlarmManagerService( 1496): hwSetAlarm listenerTag: *job.delay*
10-10 09:30:37.217 I/JobScheduler.Time( 1496): mNextDelayExpiredElapsedMillis: 815599451
10-10 09:30:37.218 D/JobScheduler( 1496): queuing all ready jobs for execution:
10-10 09:30:39.064 I/ActivityManager( 1496): Need to start process com.huawei.hwid.container3 for provider ContentProviderInfo{name=com.huawei.hms.runtimekit.kitcontainerservice.KitProcessAgent3Provider className=com.huawei.hms.runtimekit.kitcontainerservice.KitProcessAgent3Provider}, callerApp: ProcessRecord{ad011cf 2494:com.huawei.hwid.core/u0a55}
10-10 09:30:39.064 V/ActivityManager( 1496): startProcess: name=com.huawei.hwid.container3 app=null knownToBeDead=false thread=null pid=-1
10-10 09:30:39.065 V/ActivityManager_MU( 1496): Waiting to start provider ContentProviderRecord{8c37730 u0 com.huawei.hwid/com.huawei.hms.runtimekit.kitcontainerservice.KitProcessAgent3Provider} launchingApp=ProcessRecord{1aebc73 0:com.huawei.hwid.container3/u0a55} caller pid= 2494
10-10 09:30:39.068 D/JobScheduler( 1496): queuing all ready jobs for execution:
10-10 09:30:39.087 I/ActivityManager( 1496): Start proc 8820:com.huawei.hwid.container3/u0a55 for content provider com.huawei.hwid/com.huawei.hms.runtimekit.kitcontainerservice.KitProcessAgent3Provider
10-10 09:30:39.088 E/ProcessInfoCollector( 1496): getProcessInfo: failed to find this proc 
10-10 09:30:39.112 D/ActivityThread( 8820): Attach thread to application
10-10 09:30:39.467 V/ActivityManager( 1496): Successfully start provider ContentProviderRecord{8c37730 u0 com.huawei.hwid/com.huawei.hms.runtimekit.kitcontainerservice.KitProcessAgent3Provider} launchingApp=ProcessRecord{1aebc73 8820:com.huawei.hwid.container3/u0a55} caller pid= 2494
10-10 09:30:39.487 V/ActivityManager( 1496): Successfully start provider ContentProviderRecord{1316520 u0 com.android.providers.settings/.SettingsProvider} launchingApp=null caller pid= 8820
10-10 09:30:39.517 V/ActivityManager( 1496): Successfully start provider ContentProviderRecord{51ed75c u0 com.huawei.hwid/com.huawei.hms.fwkit.provider.HMSFrameworkProvider} launchingApp=ProcessRecord{ad011cf 2494:com.huawei.hwid.core/u0a55} caller pid= 8820
10-10 09:30:39.609 V/ActivityManager( 1496): Successfully start provider ContentProviderRecord{e7820dd u0 com.huawei.hwid/com.huawei.hms.commonkit.config.CommonKitProvider} launchingApp=null caller pid= 8820
10-10 09:30:39.673 V/ActivityManager( 1496): Successfully start provider ContentProviderRecord{e7820dd u0 com.huawei.hwid/com.huawei.hms.commonkit.config.CommonKitProvider} launchingApp=null caller pid= 8820
10-10 09:30:39.701 V/ActivityManager( 1496): Successfully start provider ContentProviderRecord{51ed75c u0 com.huawei.hwid/com.huawei.hms.fwkit.provider.HMSFrameworkProvider} launchingApp=ProcessRecord{ad011cf 2494:com.huawei.hwid.core/u0a55} caller pid= 8820
10-10 09:30:39.974 W/Watchdog( 1496): hungtask: writing kick
10-10 09:30:47.858 I/HwBatteryService( 1496): quick charge status : 0
10-10 09:30:47.859 D/HwBatteryService( 1496): onUEvent fcpStatus = 0
10-10 09:30:47.860 D/HwBatteryService( 1496): onUEvent scpStatus = 0 ,ovpStatus = 0
10-10 09:30:47.860 I/HwBatteryService( 1496): handleWirelessTxStatus
10-10 09:30:47.860 I/HwBatteryService( 1496): switch not open, return, mWirelessTxFlag : 0
10-10 09:30:47.861 I/UsbDeviceManager( 1496): water_intrused state= 0
10-10 09:30:49.723 I/storaged(  738): storaged_t::event: storage_info refreshed.
10-10 09:30:49.724 I/storaged(  738): storaged_t::event: Pidm reported.
10-10 09:30:49.725 E/storaged(  738): pid_info get_pids failed
10-10 09:31:03.553 V/BroadcastQueue( 1496): Finished with ordered broadcast BroadcastRecord{792fc48 u0 com.tencent.mm.plugin.report.service.KVCommCrossProcessReceiver}
10-10 09:31:05.965 V/AlarmManager( 1496): Received TIME_TICK alarm; rescheduling
10-10 09:31:05.969 I/HwAlarmManagerService( 1496): hwSetAlarm listenerTag: time_tick
10-10 09:31:05.976 D/JobScheduler.Time( 1496): Delay-expired alarm fired
10-10 09:31:05.976 I/JobScheduler.Time( 1496): onControllerStateChanged
10-10 09:31:05.979 W/HwAlarmManagerService( 1496): isContainsAppUidInWorksource-->happend NameNotFoundException
10-10 09:31:05.980 W/HwAlarmManagerService( 1496): isContainsAppUidInWorksource-->happend NameNotFoundException
10-10 09:31:05.981 I/HwAlarmManagerService( 1496): hwSetAlarm listenerTag: *job.delay*
10-10 09:31:05.981 I/JobScheduler.Time( 1496): mNextDelayExpiredElapsedMillis: 816465761
10-10 09:31:05.981 D/JobScheduler( 1496): Maybe queuing ready jobs...
10-10 09:31:06.035 V/BroadcastQueue( 1496): Finished with ordered broadcast BroadcastRecord{25d66c7 u-1 android.intent.action.TIME_TICK}
10-10 09:31:06.066 W/HwAlarmManagerService( 1496): isContainsAppUidInWorksource-->happend NameNotFoundException
10-10 09:31:06.067 W/HwAlarmManagerService( 1496): isContainsAppUidInWorksource-->happend NameNotFoundException
10-10 09:31:06.070 I/HwAlarmManagerService( 1496): hwSetAlarm listenerTag: *job.delay*
10-10 09:31:06.070 I/JobScheduler.Time( 1496): mNextDelayExpiredElapsedMillis: 815599555
10-10 09:31:06.071 D/JobScheduler( 1496): queuing all ready jobs for execution:
10-10 09:31:06.083 D/JobScheduler( 1496): queuing all ready jobs for execution:
10-10 09:31:06.099 I/JobScheduler.Time( 1496): onControllerStateChanged
10-10 09:31:06.100 W/HwAlarmManagerService( 1496): isContainsAppUidInWorksource-->happend NameNotFoundException
10-10 09:31:06.101 W/HwAlarmManagerService( 1496): isContainsAppUidInWorksource-->happend NameNotFoundException
10-10 09:31:06.104 I/HwAlarmManagerService( 1496): hwSetAlarm listenerTag: *job.delay*
10-10 09:31:06.104 I/JobScheduler.Time( 1496): mNextDelayExpiredElapsedMillis: 816465761
10-10 09:31:06.106 D/JobScheduler( 1496): Maybe queuing ready jobs...
10-10 09:31:06.106 D/JobScheduler( 1496): queuing all ready jobs for execution:
10-10 09:31:06.111 D/JobScheduler( 1496): queuing all ready jobs for execution:
10-10 09:31:09.571 I/AlarmManager( 1496): remove alarm:Alarm{8ee868e type 2 when 1074799594 PendingIntent{9cf217d: PendingIntentRecord{d138872 com.tencent.mm broadcastIntent}}com.tencent.mm} according to operation:e9a4d90
10-10 09:31:09.976 W/Watchdog( 1496): hungtask: writing kick
10-10 09:31:10.076 I/AlarmManager( 1496): remove alarm:Alarm{5cf9245 type 2 when 1074803556 PendingIntent{e9a4d90: PendingIntentRecord{8b51689 com.tencent.mm broadcastIntent}}com.tencent.mm} according to operation:a62beaf
10-10 09:31:17.016 I/chatty  ( 1934): uid=1000(system) com.huawei.systemserver expire 11 lines
10-10 09:31:18.571 I/HwBatteryService( 1496): quick charge status : 0
10-10 09:31:18.571 D/HwBatteryService( 1496): onUEvent fcpStatus = 0
10-10 09:31:18.571 D/HwBatteryService( 1496): onUEvent scpStatus = 0 ,ovpStatus = 0
10-10 09:31:18.571 I/HwBatteryService( 1496): handleWirelessTxStatus
10-10 09:31:18.572 I/HwBatteryService( 1496): switch not open, return, mWirelessTxFlag : 0
10-10 09:31:18.574 I/UsbDeviceManager( 1496): water_intrused state= 0
10-10 09:31:19.614 V/BroadcastQueue( 1496): Finished with ordered broadcast BroadcastRecord{e507d9a u0 com.tencent.mm.plugin.report.service.KVCommCrossProcessReceiver}
10-10 09:31:37.659 W/ContextImpl(21737): Calling a method in the system process without a qualified user: android.app.ContextImpl.startService:1771 android.content.ContextWrapper.startService:664 android.content.ContextWrapper.startService:664 com.android.settings.deviceinfo.UsbReceiver.startUsbService:322 com.android.settings.deviceinfo.UsbReceiver.onUsbStateReceive:168 
10-10 09:31:37.663 W/ContextImpl(21737): Calling a method in the system process without a qualified user: android.app.ContextImpl.startService:1771 android.content.ContextWrapper.startService:664 android.content.ContextWrapper.startService:664 com.android.settings.deviceinfo.UsbReceiver.startUsbService:322 com.android.settings.deviceinfo.UsbReceiver.onUsbStateReceive:231 
10-10 09:31:37.666 V/BroadcastQueue( 1496): Finished with ordered broadcast BroadcastRecord{de23ea8 u-1 android.hardware.usb.action.USB_STATE}
10-10 09:31:38.374 I/NotificationService( 1496): enqueueNotificationInternal: pkg=com.android.settings id=1000002 notification=Notification(channel=SETTINGS_USB pri=1 contentView=null vibrate=null sound=null tick defaults=0x0 flags=0x2 color=0x00000000 vis=PRIVATE)
10-10 09:31:38.375 I/NotificationService( 1496): enqueueNotificationInternal Channel Info : pkg=com.android.settings id=1000002 importance =1
10-10 09:31:39.768 W/HwAlarmManagerService( 1496): isContainsAppUidInWorksource-->happend NameNotFoundException
10-10 09:31:39.769 W/HwAlarmManagerService( 1496): isContainsAppUidInWorksource-->happend NameNotFoundException
10-10 09:31:39.776 I/HwAlarmManagerService( 1496): hwSetAlarm listenerTag: *job.delay*
10-10 09:31:39.777 I/JobScheduler.Time( 1496): mNextDelayExpiredElapsedMillis: 815633256
10-10 09:31:39.778 D/JobScheduler( 1496): queuing all ready jobs for execution:
10-10 09:31:39.979 W/Watchdog( 1496): hungtask: writing kick
10-10 09:31:43.907 I/HwBatteryService( 1496): quick charge status : 0
10-10 09:31:43.908 D/HwBatteryService( 1496): onUEvent fcpStatus = 0
10-10 09:31:43.908 D/HwBatteryService( 1496): onUEvent scpStatus = 0 ,ovpStatus = 0
10-10 09:31:43.908 I/HwBatteryService( 1496): handleWirelessTxStatus
10-10 09:31:43.908 I/HwBatteryService( 1496): switch not open, return, mWirelessTxFlag : 0
10-10 09:31:43.909 I/UsbDeviceManager( 1496): water_intrused state= 0
10-10 09:31:43.912 I/BatteryService( 1496): normal charge status : 1
10-10 09:31:44.771 D/JobScheduler.Time( 1496): Delay-expired alarm fired
10-10 09:31:44.772 I/JobScheduler.Time( 1496): onControllerStateChanged
10-10 09:31:44.775 W/HwAlarmManagerService( 1496): isContainsAppUidInWorksource-->happend NameNotFoundException
10-10 09:31:44.777 W/HwAlarmManagerService( 1496): isContainsAppUidInWorksource-->happend NameNotFoundException
10-10 09:31:44.782 V/BroadcastQueue( 1496): Finished with ordered broadcast BroadcastRecord{b76a1d8 u0 null}
10-10 09:31:44.789 I/HwAlarmManagerService( 1496): hwSetAlarm listenerTag: *job.delay*
10-10 09:31:44.789 V/BroadcastQueue( 1496): Finished with ordered broadcast BroadcastRecord{7373597 u0 null}
10-10 09:31:44.790 I/JobScheduler.Time( 1496): mNextDelayExpiredElapsedMillis: 816465761
10-10 09:31:44.790 D/JobScheduler( 1496): Maybe queuing ready jobs...
10-10 09:31:49.308 I/HwBatteryService( 1496): quick charge status : 0
10-10 09:31:49.308 D/HwBatteryService( 1496): onUEvent fcpStatus = 0
10-10 09:31:49.308 D/HwBatteryService( 1496): onUEvent scpStatus = 0 ,ovpStatus = 0
10-10 09:31:49.308 I/HwBatteryService( 1496): handleWirelessTxStatus
10-10 09:31:49.308 I/HwBatteryService( 1496): switch not open, return, mWirelessTxFlag : 0
10-10 09:31:49.309 I/UsbDeviceManager( 1496): water_intrused state= 0
10-10 09:31:49.725 I/storaged(  738): storaged_t::event: storage_info refreshed.
10-10 09:32:09.983 W/Watchdog( 1496): hungtask: writing kick
10-10 09:32:17.023 I/chatty  ( 1934): uid=1000(system) com.huawei.systemserver expire 13 lines
--------- beginning of main
10-10 09:32:17.387 I/chatty  (10178): uid=10055(com.huawei.hwid) expire 12 lines
10-10 09:32:17.438 I/chatty  (10179): uid=10055(com.huawei.hwid) expire 12 lines
10-10 09:32:17.490 I/chatty  (10180): uid=10055(com.huawei.hwid) expire 12 lines
10-10 09:32:17.541 I/chatty  (10181): uid=10055(com.huawei.hwid) expire 12 lines
10-10 09:32:17.594 I/chatty  (10182): uid=10055(com.huawei.hwid) expire 12 lines
10-10 09:32:17.625 D/installed(  731): Processed secondary dex file /data/user_de/0/com.huawei.hwid/files/framework/earlyinstall/com.huawei.hms.commonkit/60001302/Framework-common.apk result=0
10-10 09:32:17.626 D/installed(  731): Processing secondary dex path /data/user_de/0/com.huawei.hwid/files/kits/com.huawei.hms.analytics/50300303/com.huawei.hms.analytics.apk
10-10 09:32:17.646 I/chatty  (10183): uid=10055(com.huawei.hwid) expire 12 lines
10-10 09:32:17.677 D/installed(  731): Processed secondary dex file /data/user_de/0/com.huawei.hwid/files/kits/com.huawei.hms.analytics/50300303/com.huawei.hms.analytics.apk result=0
10-10 09:32:17.682 D/installed(  731): Processing secondary dex path /data/user_de/0/com.huawei.hwid/files/kits/com.huawei.hms.ekr/60100304/com.huawei.hms.ekr.apk
10-10 09:32:17.703 I/chatty  (10184): uid=10055(com.huawei.hwid) expire 12 lines
10-10 09:32:17.721 E/LOGSERVER_UTILS(  765): [Erecovery]readEvent: eRecEventManager readEvent 0
10-10 09:32:17.734 D/installed(  731): Processed secondary dex file /data/user_de/0/com.huawei.hwid/files/kits/com.huawei.hms.ekr/60100304/com.huawei.hms.ekr.apk result=0
10-10 09:32:17.735 D/installed(  731): Processing secondary dex path /data/user_de/0/com.huawei.hwid/files/framework/earlyinstall/com.huawei.hms.account/60000316/com.huawei.hms.account.apk
10-10 09:32:17.753 I/chatty  (10185): uid=10055(com.huawei.hwid) expire 12 lines
10-10 09:32:17.787 D/installed(  731): Processed secondary dex file /data/user_de/0/com.huawei.hwid/files/framework/earlyinstall/com.huawei.hms.account/60000316/com.huawei.hms.account.apk result=0
10-10 09:32:17.788 D/installed(  731): Processing secondary dex path /data/user_de/0/com.huawei.hwid/files/kits/com.huawei.hms.ads/30446300/com.huawei.hms.ads.apk
10-10 09:32:17.806 I/chatty  (10186): uid=10055(com.huawei.hwid) expire 12 lines
10-10 09:32:17.837 D/installed(  731): Processed secondary dex file /data/user_de/0/com.huawei.hwid/files/kits/com.huawei.hms.ads/30446300/com.huawei.hms.ads.apk result=0
10-10 09:32:17.838 D/installed(  731): Processing secondary dex path /data/user_de/0/com.huawei.hwid/files/kits/com.huawei.hms.safetydetect/60100302/com.huawei.hms.safetydetect.apk
10-10 09:32:17.857 I/chatty  (10187): uid=10055(com.huawei.hwid) expire 12 lines
10-10 09:32:17.888 D/installed(  731): Processed secondary dex file /data/user_de/0/com.huawei.hwid/files/kits/com.huawei.hms.safetydetect/60100302/com.huawei.hms.safetydetect.apk result=0
10-10 09:32:17.892 D/installed(  731): Processing secondary dex path /data/user_de/0/com.huawei.hwid/files/kits/com.huawei.hms.push/60100302/com.huawei.hms.push.apk
10-10 09:32:17.914 I/chatty  (10188): uid=10055(com.huawei.hwid) expire 12 lines
10-10 09:32:17.947 D/installed(  731): Processed secondary dex file /data/user_de/0/com.huawei.hwid/files/kits/com.huawei.hms.push/60100302/com.huawei.hms.push.apk result=0
10-10 09:32:17.948 D/installed(  731): Processing secondary dex path /data/user_de/0/com.huawei.hwid/files/kits/com.huawei.hms.sns/60100309/com.huawei.hms.sns.apk
10-10 09:32:17.969 I/chatty  (10189): uid=10055(com.huawei.hwid) expire 12 lines
10-10 09:32:18.002 D/installed(  731): Processed secondary dex file /data/user_de/0/com.huawei.hwid/files/kits/com.huawei.hms.sns/60100309/com.huawei.hms.sns.apk result=0
10-10 09:32:18.003 D/installed(  731): Processing secondary dex path /data/user_de/0/com.huawei.hwid/files/kits/com.huawei.hms.network.baseservice/50004300/com.huawei.hms.network.baseservice.apk
10-10 09:32:18.023 I/chatty  (10190): uid=10055(com.huawei.hwid) expire 12 lines
10-10 09:32:18.056 D/installed(  731): Processed secondary dex file /data/user_de/0/com.huawei.hwid/files/kits/com.huawei.hms.network.baseservice/50004300/com.huawei.hms.network.baseservice.apk result=0
10-10 09:32:18.057 D/installed(  731): Processing secondary dex path /data/user_de/0/com.huawei.hwid/files/kits/com.huawei.hms.runtimekit/60100304/com.huawei.hms.runtimekit.apk
10-10 09:32:18.074 I/chatty  (10191): uid=10055(com.huawei.hwid) /system/bin/dexoptanalyzer expire 14 lines
10-10 09:32:18.122 D/installed(  731): Processed secondary dex file /data/user_de/0/com.huawei.hwid/files/kits/com.huawei.hms.runtimekit/60100304/com.huawei.hms.runtimekit.apk result=0
10-10 09:32:18.124 D/installed(  731): Processing secondary dex path /data/user_de/0/com.huawei.hwid/files/framework/earlyinstall/com.huawei.hms.runtimekit/60100304/com.huawei.hms.runtimekit.apk
10-10 09:32:18.150 I/chatty  (10192): uid=10055(com.huawei.hwid) /system/bin/dexoptanalyzer expire 14 lines
10-10 09:32:18.193 D/installed(  731): Processed secondary dex file /data/user_de/0/com.huawei.hwid/files/framework/earlyinstall/com.huawei.hms.runtimekit/60100304/com.huawei.hms.runtimekit.apk result=0
10-10 09:32:18.194 D/installed(  731): Processing secondary dex path /data/user_de/0/com.huawei.hwid/files/kits/com.huawei.hms.fwui/60100304/com.huawei.hms.fwui.apk
10-10 09:32:18.214 I/chatty  (10193): uid=10055(com.huawei.hwid) /system/bin/dexoptanalyzer expire 13 lines
10-10 09:32:18.258 D/installed(  731): Processed secondary dex file /data/user_de/0/com.huawei.hwid/files/kits/com.huawei.hms.fwui/60100304/com.huawei.hms.fwui.apk result=0
10-10 09:32:18.259 D/installed(  731): Processing secondary dex path /data/user_de/0/com.huawei.hwid/files/kits/com.huawei.hms.kitstore/60100304/com.huawei.hms.kitstore.apk
10-10 09:32:18.286 I/chatty  (10194): uid=10055(com.huawei.hwid) expire 12 lines
10-10 09:32:18.333 D/installed(  731): Processed secondary dex file /data/user_de/0/com.huawei.hwid/files/kits/com.huawei.hms.kitstore/60100304/com.huawei.hms.kitstore.apk result=0
10-10 09:32:18.347 D/installed(  731): Processing secondary dex path /data/user/0/com.tal.tiku/files/ShadowPluginManager/UnpackedPlugin/mentoring-plugin/b16c84cd2b45dd2b2b1f205b467d9454/mentoring.so/dynamic-manager-release.apk
10-10 09:32:18.428 I/dexoptanalyzer(10195): The ClassLoaderContext is a special shared library.
10-10 09:32:18.429 E/        (10195): open file error
10-10 09:32:18.429 E/        (10195): open file error
10-10 09:32:18.429 I/        (10195): no cota liveupdate cust policy found
10-10 09:32:18.429 I/        (10195): GetCfgDirRealPolicyValue: cust_policy_dirs: /system/emui/base:/system/emui/china:/system/emui/lite:/vendor/etc:/odm/etc:/product/etc:/odm/hw_odm/ARTH-TL00:/product/region_comm/china:/preas/china:/product/hw_oem/ARTH-TL00:/preload/ARTH-TL00/cmcc/cn:/cust/global:/cust/hw/cn:/version/cust/cmcc/cn:/version/special_cust/ARTH-TL00/cmcc/cn:/cust/ecota 
10-10 09:32:18.455 E/        (10195): open file error
10-10 09:32:18.455 E/        (10195): open file error
10-10 09:32:18.455 I/        (10195): no cota liveupdate cust policy found
