10-07 22:35:55.800   530   596 W SocketListener: sending broadcast to Pid = 1496, Uid = 1000 
10-07 22:35:55.816   740   740 I wificond: Pno scan stopped
10-07 22:35:55.824   740   740 I wificond: Pno scan started
10-07 22:35:58.425  1496  1496 I chatty  : uid=1000 system_server expire 3 lines
10-07 22:36:07.317  1496  1889 I chatty  : uid=1000(system) watchdog expire 1 line
10-07 22:36:08.241  1496  1521 I chatty  : uid=1000(system) ActivityManager expire 1 line
10-07 22:36:13.033  1934  1934 D SmartDualCardSM: IdleState:got msg.what=EVENT_HARD_SWITCH_CONDITION_CHECK
10-07 22:36:13.053  1934  1934 E SmartDualCardTraffic: getMealTrafficImpl fail,invalid imsi
10-07 22:36:13.054  1934  1934 D SmartDualCardSM: boosterDump:prop=true SdcSwitchOn=false DataSwitchOn=true WifiConnect=false AirplaneOn=false ScreenOn=false VSimEnabled=false CallOn=false AppState=GENERAL_BACKGROUND HidataAppState=GENERAL_BACKGROUND defaultDataSub=1 default4GSlot=1 DataOn=false M_MmsUtPdp=false userType=2
10-07 22:36:13.064  1934  1934 D SmartDualCardSM: isMasterCardNetworkBad return true case1,mNetworkType=-1
10-07 22:36:13.066  1934  1934 D SmartDualCardSM: isSlaveCardNetworkBad return true,mSignalStrength=2,mNetworkType=3,mDownlinkSpeedLimit=1048576,mDataRoaming=false
10-07 22:36:13.069  1934  1934 E SmartDualCardTraffic: getMealTrafficImpl fail,invalid imsi
10-07 22:36:13.070  1934  1934 D SmartDualCardSM: boosterDump:SlaveActive=false SameOperator=false M_NetworkBad=true S_NetworkBad=true M_DLSpeedLimit=1048576 S_DLSpeedLimit=1048576 M_DataRoam=false S_DataRoam=false VPNMode=false TetherOn=false AppQoeSlow=false HidataAppQoeSlow=false GameExpBad=false DsdsState=0 S_TrafficEnough=true
10-07 22:36:14.706   738   767 I storaged: storaged_t::event: storage_info refreshed.
10-07 22:36:25.544  1496  1518 I chatty  : uid=1000(system) android.bg expire 2 lines
10-07 22:36:25.552  1496  1649 I chatty  : uid=1000(system) NetdConnector expire 2 lines
10-07 22:36:25.581  1496  1496 I chatty  : uid=1000 system_server expire 10 lines
10-07 22:58:05.418  1496  1521 I chatty  : uid=1000(system) ActivityManager expire 1 line
10-07 22:58:05.426  1496  1700 I chatty  : uid=1000(system) Binder:1496_3 expire 5 lines
10-07 22:58:05.433  1496  2623 I chatty  : uid=1000(system) Binder:1496_10 expire 16 lines
10-07 22:58:05.450  1496  2235 I chatty  : uid=1000(system) Binder:1496_9 expire 44 lines
10-07 22:58:05.453  1934  6408 I BoosterSwitchP: notifyUidState do nothing
10-07 22:58:05.453  1934  6408 I DeepNoDisturbP: notifyUidState
10-07 22:58:05.453  1934  6408 I BrowserChrP: notifyUidState
10-07 22:58:05.454  1496  8829 I chatty  : uid=1000(system) Binder:1496_19 expire 5 lines
10-07 22:58:05.954  1496  1675 I chatty  : uid=1000(system) Thread-7 expire 2 lines
10-07 22:58:07.217  1496  1670 I chatty  : uid=1000(system) onProviders.ECP expire 4 lines
10-07 22:58:07.249  1496  1524 I chatty  : uid=1000(system) ActivityManager expire 2 lines
10-07 22:58:07.250  1496  1914 I chatty  : uid=1000(system) MultiTaskManage expire 2 lines
10-07 22:58:07.286 32370 32370 D ActivityThread: Attach thread to application
10-07 22:58:07.296  1496  1654 I chatty  : uid=1000(system) tworkPolicy.uid expire 2 lines
10-07 22:58:07.298  1496  1649 I chatty  : uid=1000(system) NetdConnector expire 12 lines
10-07 22:58:07.401  1496  1518 I chatty  : uid=1000(system) android.bg expire 1 line
10-07 23:01:25.789  1934  1934 D SmartDualCardSM: IdleState:got msg.what=EVENT_HARD_SWITCH_CONDITION_CHECK
10-07 23:01:25.807  1934  1934 E SmartDualCardTraffic: getMealTrafficImpl fail,invalid imsi
10-07 23:01:25.807  1934  1934 D SmartDualCardSM: boosterDump:prop=true SdcSwitchOn=false DataSwitchOn=true WifiConnect=false AirplaneOn=false ScreenOn=false VSimEnabled=false CallOn=false AppState=GENERAL_BACKGROUND HidataAppState=GENERAL_BACKGROUND defaultDataSub=1 default4GSlot=1 DataOn=false M_MmsUtPdp=false userType=2
10-07 23:01:25.817  1934  1934 D SmartDualCardSM: isMasterCardNetworkBad return true case1,mNetworkType=-1
10-07 23:01:25.819  1934  1934 D SmartDualCardSM: isSlaveCardNetworkBad return true,mSignalStrength=2,mNetworkType=3,mDownlinkSpeedLimit=1048576,mDataRoaming=false
10-07 23:01:25.822  1934  1934 E SmartDualCardTraffic: getMealTrafficImpl fail,invalid imsi
10-07 23:01:25.822  1934  1934 D SmartDualCardSM: boosterDump:SlaveActive=false SameOperator=false M_NetworkBad=true S_NetworkBad=true M_DLSpeedLimit=1048576 S_DLSpeedLimit=1048576 M_DataRoam=false S_DataRoam=false VPNMode=false TetherOn=false AppQoeSlow=false HidataAppQoeSlow=false GameExpBad=false DsdsState=0 S_TrafficEnough=true
10-07 23:12:47.189  1496  1606 I chatty  : uid=1000(system) UEventObserver expire 6 lines
10-07 23:12:47.196  1496  1639 I chatty  : uid=1000(system) HwBinder:1496_2 expire 1 line
10-07 23:12:47.233  1496  1652 I chatty  : uid=1000(system) NetworkStats expire 14 lines
10-07 23:12:47.259  1496  1656 I chatty  : uid=1000(system) WifiStateMachin expire 2 lines
10-07 23:12:47.271   740   740 I wificond: Pno scan result ready event
10-07 23:12:47.272  1496  1658 I chatty  : uid=1000(system) WifiScanningSer expire 2 lines
10-07 23:12:47.275   740   740 I wificond: Unexpected empty scan result!
10-07 23:12:47.304  1496  1513 I chatty  : uid=1000(system) Binder:1496_1 expire 13 lines
10-07 23:12:47.367 32405 32405 D ActivityThread: Attach thread to application
10-07 23:12:47.444  1496  2622 I chatty  : uid=1000(system) Binder:1496_F expire 2 lines
10-07 23:12:47.455  1496  1765 I chatty  : uid=1000(system) Binder:1496_4 expire 2 lines
10-07 23:12:47.458  1496  2456 I chatty  : uid=1000(system) Binder:1496_C expire 6 lines
10-07 23:12:47.467  1934  4284 I BoosterSwitchP: notifyUidState do nothing
10-07 23:12:47.468  1934  4284 I DeepNoDisturbP: notifyUidState
10-07 23:12:47.468  1934  4284 I BrowserChrP: notifyUidState
10-07 23:12:47.831   530   596 W SocketListener: sending broadcast to Pid = 1496, Uid = 1000 
10-07 23:12:47.835  1496  1530 I chatty  : uid=1000(system) android.fg expire 2 lines
10-07 23:12:47.850   740   740 I wificond: Pno scan stopped
10-07 23:12:47.860   740   740 I wificond: Pno scan started
10-07 23:27:47.800  1496  1889 I chatty  : uid=1000(system) watchdog expire 1 line
10-07 23:42:47.334  1496  1649 I chatty  : uid=1000(system) NetdConnector expire 18 lines
10-07 23:42:47.366   740   740 I wificond: Pno scan result ready event
10-07 23:42:47.368   740   740 I wificond: Unexpected empty scan result!
10-07 23:42:47.372  1496  1652 I chatty  : uid=1000(system) NetworkStats expire 2 lines
10-07 23:42:47.481  1496  1496 I chatty  : uid=1000 system_server expire 9 lines
10-07 23:42:47.513  1496  1644 I chatty  : uid=1000(system) NetworkWatchlis expire 2 lines
10-07 23:42:47.525  2005  3890 W ContextImpl: Calling a method in the system process without a qualified user: android.app.ContextImpl.sendBroadcast:1183 android.content.ContextWrapper.sendBroadcast:449 com.huawei.iaware.userhabit.NRTUserHabitTrainManager$NRTUserHabitHandler.handleTrain:444 com.huawei.iaware.userhabit.NRTUserHabitTrainManager$NRTUserHabitHandler.handleMessage:252 android.os.Handler.dispatchMessage:112 
10-07 23:42:47.595  1496 22035 I chatty  : uid=1000(system) Binder:1496_1F expire 21 lines
10-07 23:42:47.853  1496  2623 I chatty  : uid=1000(system) Binder:1496_10 expire 14 lines
10-07 23:42:47.909  1496 22035 I chatty  : uid=1000(system) Binder:1496_1F expire 3 lines
10-07 23:42:47.911   530   596 W SocketListener: sending broadcast to Pid = 1496, Uid = 1000 
10-07 23:42:47.912  1496  1649 I chatty  : uid=1000(system) NetdConnector expire 3 lines
10-07 23:42:47.918  1496  1530 I chatty  : uid=1000(system) android.fg expire 2 lines
10-07 23:42:47.923  1496  1649 I chatty  : uid=1000(system) NetdConnector expire 1 line
10-07 23:42:47.926  1496 22035 I chatty  : uid=1000(system) Binder:1496_1F expire 14 lines
10-07 23:42:47.935   740   740 I wificond: Pno scan stopped
10-07 23:42:47.950   740   740 I wificond: Pno scan started
10-07 23:42:47.973  1496  2623 I chatty  : uid=1000(system) Binder:1496_10 expire 3 lines
10-07 23:42:47.986  1496  1656 I chatty  : uid=1000(system) WifiStateMachin expire 12 lines
10-07 23:42:47.991  1496  1496 I chatty  : uid=1000 system_server expire 8 lines
10-07 23:42:47.991  1496  1659 I chatty  : uid=1000(system) WifiP2pService expire 17 lines
10-07 23:42:47.993  1496  1532 I chatty  : uid=1000(system) android.display expire 3 lines
10-07 23:42:48.008 21737 21737 W ContextImpl: Calling a method in the system process without a qualified user: android.app.ContextImpl.startService:1771 android.content.ContextWrapper.startService:664 android.content.ContextWrapper.startService:664 com.android.settings.wifi.cmcc.ConnectSwitchReceiver.onReceive:61 android.app.ActivityThread.handleReceiver:4018 
10-07 23:42:48.012  1496  1649 I chatty  : uid=1000(system) NetdConnector expire 32 lines
10-07 23:42:48.055   530   596 W SocketListener: sending broadcast to Pid = 1496, Uid = 1000 
10-07 23:42:48.055   530   596 W SocketListener: sending broadcast to Pid = 1496, Uid = 1000 
10-07 23:42:48.056   740   740 W wificond: Unexpected pno scan stopped event
10-07 23:42:48.056   530   601 W SocketListener: sending broadcast to Pid = 1496, Uid = 1000 
10-07 23:42:48.058  1496  1530 I chatty  : uid=1000(system) android.fg expire 11 lines
10-07 23:42:48.059   530   596 W SocketListener: sending broadcast to Pid = 1496, Uid = 1000 
10-07 23:42:48.061   740   740 I wificond: Unsubscribe scan result for interface with index: 33
10-07 23:42:48.063   740   740 W wificond: enter wifi_stop_supplicant ...
10-07 23:42:48.063   740   740 W wificond: supplicant prop is null, wait at most 2 seconds for completion
10-07 23:42:48.197   530   601 W SocketListener: sending broadcast to Pid = 1496, Uid = 1000 
10-07 23:42:48.233   530   596 W SocketListener: sending broadcast to Pid = 1496, Uid = 1000 
10-07 23:42:48.236   578   578 E vendor.huawei.hardware.wifi@1.1-service: Failed to open directory: Permission denied
10-07 23:42:48.237   578   578 E vendor.huawei.hardware.wifi@1.1-service: Error occurred while deleting old tombstone files
10-07 23:42:48.237   578   578 E vendor.huawei.hardware.wifi@1.1-service: Error writing files to flash
10-07 23:42:48.238   578   578 I vendor.huawei.hardware.wifi@1.1-service: Legacy HAL stop complete callback received
10-07 23:42:48.443   578   578 I vendor.huawei.hardware.wifi@1.1-service: Wifi HAL stopped
10-07 23:42:48.460  1934  1934 I BoosterTelephonyCollector: WifiManager:Wifi disconnected
10-07 23:42:48.461  1496  1652 I chatty  : uid=1000(system) NetworkStats expire 12 lines
10-07 23:42:48.466  1934  2101 I PreDnsQuery: handleStateChanged reason=-1
10-07 23:42:48.471  1934  2101 I BrowserChrP: handleStateChanged
10-07 23:42:48.487 21737 21737 W ContextImpl: Calling a method in the system process without a qualified user: android.app.ContextImpl.startService:1771 android.content.ContextWrapper.startService:664 android.content.ContextWrapper.startService:664 com.android.settings.wifi.AccessPointConnectedReceiver.onReceive:43 android.app.ActivityThread.handleReceiver:4018 
10-07 23:42:48.499  1496 29856 I chatty  : uid=1000 system_server expire 1 line
10-07 23:42:48.507 21737 21737 W ContextImpl: Calling a method in the system process without a qualified user: android.app.ContextImpl.startService:1771 android.content.ContextWrapper.startService:664 android.content.ContextWrapper.startService:664 com.android.settings.wifi.cmcc.ConnectSwitchReceiver.onReceive:61 android.app.ActivityThread.handleReceiver:4018 
10-07 23:42:48.512  1496  1521 I chatty  : uid=1000(system) ActivityManager expire 1 line
10-07 23:42:48.514   578   578 I vendor.huawei.hardware.wifi@1.1-service: Wifi HAL started
10-07 23:42:48.519   740   740 W wificond: enter StartSupplicant ...
10-07 23:42:48.529   740   740 W wificond: wifi_start_supplicant try to wait start
10-07 23:42:48.539 21737 21737 W ContextImpl: Calling a method in the system process without a qualified user: android.app.ContextImpl.startService:1771 android.content.ContextWrapper.startService:664 android.content.ContextWrapper.startService:664 com.android.settings.wifi.cmcc.ConnectSwitchReceiver.onReceive:61 android.app.ActivityThread.handleReceiver:4018 
10-07 23:42:48.541  1496  6403 I chatty  : uid=1000(system) Binder:1496_14 expire 2 lines
10-07 23:42:49.067   530   596 W SocketListener: sending broadcast to Pid = 1496, Uid = 1000 
10-07 23:42:49.078   578   578 I vendor.huawei.hardware.wifi@1.1-service: Adding interface handle for p2p0
10-07 23:42:49.078   578   578 I vendor.huawei.hardware.wifi@1.1-service: Adding interface handle for wlan0
10-07 23:42:49.079   578   578 E vendor.huawei.hardware.wifi@1.1-service: Failed to register radio mode change callback
10-07 23:42:49.079   578   578 I vendor.huawei.hardware.wifi@1.1-service: Configured chip in mode 0
10-07 23:42:49.083   578   578 E vendor.huawei.hardware.wifi@1.1-service: Failed to set DFS flag; DFS channels may be unavailable.
10-07 23:42:49.105   740   740 I wificond: create scanner for interface with index: 33
10-07 23:42:49.105   740   740 I wificond: subscribe scan result for interface with index: 33
10-07 23:42:49.107   740   740 E wificond: No Offload Service available
10-07 23:42:49.107   740   740 I wificond: Offload HAL not supported 
10-07 23:42:49.119   530   596 W SocketListener: sending broadcast to Pid = 1496, Uid = 1000 
10-07 23:42:49.120   530   596 W SocketListener: sending broadcast to Pid = 1496, Uid = 1000 
10-07 23:42:49.240   740   740 W wificond: No pno scan started
10-07 23:42:49.240   740   740 W wificond: Scheduled scan is not running!
10-07 23:42:49.249  1496  1528 I chatty  : uid=1000(system) batterystats-wo expire 2 lines
10-07 23:59:14.229  1496  8829 I chatty  : uid=1000(system) Binder:1496_19 expire 1 line
10-07 23:59:14.235  1496  2235 I chatty  : uid=1000(system) Binder:1496_9 expire 2 lines
10-07 23:59:14.250  1496  1513 I chatty  : uid=1000(system) Binder:1496_1 expire 2 lines
10-07 23:59:14.257  1496  1535 I chatty  : uid=1000(system) PowerManagerSer expire 1 line
10-08 00:12:47.503  1496  1496 I chatty  : uid=1000 system_server expire 1 line
10-08 00:12:47.506  1496  1652 I chatty  : uid=1000(system) NetworkStats expire 2 lines
10-08 00:12:47.507  1496  1649 I chatty  : uid=1000(system) NetdConnector expire 2 lines
10-08 00:12:47.513  1496  1513 I chatty  : uid=1000(system) Binder:1496_1 expire 1 line
10-08 00:12:47.517  1496  2235 I chatty  : uid=1000(system) Binder:1496_9 expire 3 lines
10-08 00:12:47.523  1496  8829 I chatty  : uid=1000(system) Binder:1496_19 expire 5 lines
10-08 00:12:47.549  1496  1518 I chatty  : uid=1000(system) android.bg expire 26 lines
10-08 00:12:47.550  1496  2235 I chatty  : uid=1000(system) Binder:1496_9 expire 1 line
10-08 00:12:47.565  1496  1513 I chatty  : uid=1000(system) Binder:1496_1 expire 6 lines
10-08 00:12:47.660  1496  1649 I chatty  : uid=1000(system) NetdConnector expire 10 lines
10-08 00:12:47.662  1496  1496 I chatty  : uid=1000 system_server expire 17 lines
10-08 01:27:47.202  1496  2620 I chatty  : uid=1000(system) Binder:1496_D expire 4 lines
10-08 01:27:47.220  1496  2623 I chatty  : uid=1000(system) Binder:1496_10 expire 7 lines
10-08 01:27:47.221  1496  1652 I chatty  : uid=1000(system) NetworkStats expire 17 lines
10-08 01:27:47.253  1496  6690 I chatty  : uid=1000(system) Binder:1496_17 expire 2 lines
10-08 01:27:47.308  1496  1524 I chatty  : uid=1000(system) ActivityManager expire 1 line
10-08 01:27:47.308  1496  1914 I chatty  : uid=1000(system) MultiTaskManage expire 1 line
10-08 01:27:47.324 32454 32454 D ActivityThread: Attach thread to application
10-08 01:27:47.453  1934  4284 I BoosterSwitchP: notifyUidState do nothing
10-08 01:27:47.453  1934  4284 I DeepNoDisturbP: notifyUidState
10-08 01:27:47.453  1934  4284 I BrowserChrP: notifyUidState
10-08 01:27:47.953  1496  1675 I chatty  : uid=1000(system) Thread-7 expire 1 line
10-08 01:55:24.202  1934  1934 D SmartDualCardSM: IdleState:got msg.what=EVENT_HARD_SWITCH_CONDITION_CHECK
10-08 01:55:24.230  1934  1934 E SmartDualCardTraffic: getMealTrafficImpl fail,invalid imsi
10-08 01:55:24.231  1934  1934 D SmartDualCardSM: boosterDump:prop=true SdcSwitchOn=false DataSwitchOn=true WifiConnect=false AirplaneOn=false ScreenOn=false VSimEnabled=false CallOn=false AppState=GENERAL_BACKGROUND HidataAppState=GENERAL_BACKGROUND defaultDataSub=1 default4GSlot=1 DataOn=false M_MmsUtPdp=false userType=2
10-08 01:55:24.241  1934  1934 D SmartDualCardSM: isMasterCardNetworkBad return true case1,mNetworkType=-1
10-08 01:55:24.243  1934  1934 D SmartDualCardSM: isSlaveCardNetworkBad return true,mSignalStrength=2,mNetworkType=3,mDownlinkSpeedLimit=1048576,mDataRoaming=false
10-08 01:55:24.248  1934  1934 E SmartDualCardTraffic: getMealTrafficImpl fail,invalid imsi
10-08 01:55:24.248  1934  1934 D SmartDualCardSM: boosterDump:SlaveActive=false SameOperator=false M_NetworkBad=true S_NetworkBad=true M_DLSpeedLimit=1048576 S_DLSpeedLimit=1048576 M_DataRoam=false S_DataRoam=false VPNMode=false TetherOn=false AppQoeSlow=false HidataAppQoeSlow=false GameExpBad=false DsdsState=0 S_TrafficEnough=true
10-08 02:15:36.230  1496  1518 I chatty  : uid=1000(system) android.bg expire 2 lines
10-08 02:15:36.264  1496  2215 I chatty  : uid=1000(system) Binder:1496_8 expire 1 line
10-08 02:15:36.265  1496  1662 I chatty  : uid=1000(system) ConnectivitySer expire 1 line
10-08 02:15:36.267  1496  1765 I chatty  : uid=1000(system) Binder:1496_4 expire 4 lines
10-08 02:15:36.268  1496  1863 I chatty  : uid=1000(system) Binder:1496_5 expire 5 lines
10-08 02:15:36.289  1934  4284 I BoosterSwitchP: notifyUidState do nothing
10-08 02:15:36.289  1934  4284 I DeepNoDisturbP: notifyUidState
10-08 02:15:36.289  1934  4284 I BrowserChrP: notifyUidState
10-08 02:15:36.292  1496  6168 I chatty  : uid=1000(system) Binder:1496_13 expire 1 line
10-08 02:15:36.294  1496  1496 I chatty  : uid=1000 system_server expire 4 lines
10-08 02:15:36.306  1496  9475 I chatty  : uid=1000(system) Binder:1496_1A expire 1 line
10-08 02:15:36.313  1934  4284 I BoosterSwitchP: notifyUidState do nothing
10-08 02:15:36.313  1934  4284 I DeepNoDisturbP: notifyUidState
10-08 02:15:36.313  1934  4284 I BrowserChrP: notifyUidState
10-08 02:15:36.344  1496  2622 I chatty  : uid=1000(system) Binder:1496_F expire 3 lines
10-08 02:15:36.368  1496  1649 I chatty  : uid=1000(system) NetdConnector expire 2 lines
10-08 02:15:36.386  1496  2622 I chatty  : uid=1000(system) Binder:1496_F expire 1 line
10-08 02:15:36.386  1496  1496 I chatty  : uid=1000 system_server expire 4 lines
10-08 02:15:36.387  1496  2622 I chatty  : uid=1000(system) Binder:1496_F expire 1 line
10-08 02:15:36.388  1496  1652 I chatty  : uid=1000(system) NetworkStats expire 3 lines
10-08 02:15:36.395  1496  1863 I chatty  : uid=1000(system) Binder:1496_5 expire 1 line
10-08 02:15:36.398  1496  1652 I chatty  : uid=1000(system) NetworkStats expire 6 lines
10-08 02:15:36.403  1496  1649 I chatty  : uid=1000(system) NetdConnector expire 2 lines
10-08 02:15:36.408  1496  1863 I chatty  : uid=1000(system) Binder:1496_5 expire 1 line
10-08 02:15:36.419  1496  1652 I chatty  : uid=1000(system) NetworkStats expire 7 lines
10-08 02:15:36.436  1496  1649 I chatty  : uid=1000(system) NetdConnector expire 2 lines
10-08 02:15:36.475  1496  2456 I chatty  : uid=1000(system) Binder:1496_C expire 3 lines
10-08 02:15:36.486  1496  1863 I chatty  : uid=1000(system) Binder:1496_5 expire 1 line
10-08 02:15:36.490  1496  2622 I chatty  : uid=1000(system) Binder:1496_F expire 1 line
10-08 02:15:36.506  1496  9475 I chatty  : uid=1000(system) Binder:1496_1A expire 6 lines
10-08 02:15:36.710  1496  1863 I chatty  : uid=1000(system) Binder:1496_5 expire 28 lines
10-08 02:15:36.731  1496  2456 I chatty  : uid=1000(system) Binder:1496_C expire 12 lines
10-08 02:15:36.755  1496  2622 I chatty  : uid=1000(system) Binder:1496_F expire 4 lines
10-08 02:15:36.759  1496  9475 I chatty  : uid=1000(system) Binder:1496_1A expire 15 lines
10-08 02:15:36.771  1496  1675 I chatty  : uid=1000(system) Thread-7 expire 3 lines
10-08 02:15:37.280  1496  1521 I chatty  : uid=1000(system) ActivityManager expire 2 lines
10-08 02:15:37.305  1496  1524 I chatty  : uid=1000(system) ActivityManager expire 3 lines
10-08 02:15:37.305  1496  1914 I chatty  : uid=1000(system) MultiTaskManage expire 3 lines
10-08 02:15:37.316  1496  1649 I chatty  : uid=1000(system) NetdConnector expire 10 lines
10-08 02:15:37.337 32490 32490 D ActivityThread: Attach thread to application
10-08 02:15:37.395 32490 32490 E LoadedApk: Unable to instantiate appComponentFactory
10-08 02:15:37.395 32490 32490 E LoadedApk: java.lang.ClassNotFoundException: Didn't find class "androidx.core.app.CoreComponentFactory" on path: DexPathList[[zip file "/system/framework/org.apache.http.legacy.boot.jar", zip file "/system/framework/hwkeystore.jar", zip file "/data/app/com.tencent.mm-DvCcgBI8u6Z6_0uAYi-04A==/base.apk"],nativeLibraryDirectories=[/data/app/com.tencent.mm-DvCcgBI8u6Z6_0uAYi-04A==/lib/arm64, /data/app/com.tencent.mm-DvCcgBI8u6Z6_0uAYi-04A==/base.apk!/lib/arm64-v8a, /system/lib64, /product/lib64]]
10-08 02:15:37.395 32490 32490 E LoadedApk: 	at dalvik.system.BaseDexClassLoader.findClass(BaseDexClassLoader.java:134)
10-08 02:15:37.395 32490 32490 E LoadedApk: 	at java.lang.ClassLoader.loadClass(ClassLoader.java:379)
10-08 02:15:37.395 32490 32490 E LoadedApk: 	at java.lang.ClassLoader.loadClass(ClassLoader.java:312)
10-08 02:15:37.395 32490 32490 E LoadedApk: 	at android.app.LoadedApk.createAppFactory(LoadedApk.java:255)
10-08 02:15:37.395 32490 32490 E LoadedApk: 	at android.app.LoadedApk.createOrUpdateClassLoaderLocked(LoadedApk.java:803)
10-08 02:15:37.395 32490 32490 E LoadedApk: 	at android.app.LoadedApk.getClassLoader(LoadedApk.java:882)
10-08 02:15:37.395 32490 32490 E LoadedApk: 	at android.app.LoadedApk.getResources(LoadedApk.java:1142)
10-08 02:15:37.395 32490 32490 E LoadedApk: 	at android.app.ContextImpl.createAppContext(ContextImpl.java:2630)
10-08 02:15:37.395 32490 32490 E LoadedApk: 	at android.app.ActivityThread.handleBindApplication(ActivityThread.java:6591)
10-08 02:15:37.395 32490 32490 E LoadedApk: 	at android.app.ActivityThread.access$2000(ActivityThread.java:259)
10-08 02:15:37.395 32490 32490 E LoadedApk: 	at android.app.ActivityThread$H.handleMessage(ActivityThread.java:2028)
10-08 02:15:37.395 32490 32490 E LoadedApk: 	at android.os.Handler.dispatchMessage(Handler.java:112)
10-08 02:15:37.395 32490 32490 E LoadedApk: 	at android.os.Looper.loop(Looper.java:216)
10-08 02:15:37.395 32490 32490 E LoadedApk: 	at android.app.ActivityThread.main(ActivityThread.java:7586)
10-08 02:15:37.395 32490 32490 E LoadedApk: 	at java.lang.reflect.Method.invoke(Native Method)
10-08 02:15:37.395 32490 32490 E LoadedApk: 	at com.android.internal.os.RuntimeInit$MethodAndArgsCaller.run(RuntimeInit.java:524)
10-08 02:15:37.395 32490 32490 E LoadedApk: 	at com.android.internal.os.ZygoteInit.main(ZygoteInit.java:1034)
10-08 02:15:39.387  1496  1496 I chatty  : uid=1000 system_server expire 10 lines
10-08 02:15:39.850 32549 32549 D ActivityThread: Attach thread to application
10-08 02:15:39.917 32549 32549 E LoadedApk: Unable to instantiate appComponentFactory
10-08 02:15:39.917 32549 32549 E LoadedApk: java.lang.ClassNotFoundException: Didn't find class "androidx.core.app.CoreComponentFactory" on path: DexPathList[[zip file "/system/framework/org.apache.http.legacy.boot.jar", zip file "/system/framework/hwkeystore.jar", zip file "/data/app/com.tencent.mm-DvCcgBI8u6Z6_0uAYi-04A==/base.apk"],nativeLibraryDirectories=[/data/app/com.tencent.mm-DvCcgBI8u6Z6_0uAYi-04A==/lib/arm64, /data/app/com.tencent.mm-DvCcgBI8u6Z6_0uAYi-04A==/base.apk!/lib/arm64-v8a, /system/lib64, /product/lib64]]
10-08 02:15:39.917 32549 32549 E LoadedApk: 	at dalvik.system.BaseDexClassLoader.findClass(BaseDexClassLoader.java:134)
10-08 02:15:39.917 32549 32549 E LoadedApk: 	at java.lang.ClassLoader.loadClass(ClassLoader.java:379)
10-08 02:15:39.917 32549 32549 E LoadedApk: 	at java.lang.ClassLoader.loadClass(ClassLoader.java:312)
10-08 02:15:39.917 32549 32549 E LoadedApk: 	at android.app.LoadedApk.createAppFactory(LoadedApk.java:255)
10-08 02:15:39.917 32549 32549 E LoadedApk: 	at android.app.LoadedApk.createOrUpdateClassLoaderLocked(LoadedApk.java:803)
10-08 02:15:39.917 32549 32549 E LoadedApk: 	at android.app.LoadedApk.getClassLoader(LoadedApk.java:882)
10-08 02:15:39.917 32549 32549 E LoadedApk: 	at android.app.LoadedApk.getResources(LoadedApk.java:1142)
10-08 02:15:39.917 32549 32549 E LoadedApk: 	at android.app.ContextImpl.createAppContext(ContextImpl.java:2630)
10-08 02:15:39.917 32549 32549 E LoadedApk: 	at android.app.ActivityThread.handleBindApplication(ActivityThread.java:6591)
10-08 02:15:39.917 32549 32549 E LoadedApk: 	at android.app.ActivityThread.access$2000(ActivityThread.java:259)
10-08 02:15:39.917 32549 32549 E LoadedApk: 	at android.app.ActivityThread$H.handleMessage(ActivityThread.java:2028)
10-08 02:15:39.917 32549 32549 E LoadedApk: 	at android.os.Handler.dispatchMessage(Handler.java:112)
10-08 02:15:39.917 32549 32549 E LoadedApk: 	at android.os.Looper.loop(Looper.java:216)
10-08 02:15:39.917 32549 32549 E LoadedApk: 	at android.app.ActivityThread.main(ActivityThread.java:7586)
10-08 02:15:39.917 32549 32549 E LoadedApk: 	at java.lang.reflect.Method.invoke(Native Method)
10-08 02:15:39.917 32549 32549 E LoadedApk: 	at com.android.internal.os.RuntimeInit$MethodAndArgsCaller.run(RuntimeInit.java:524)
10-08 02:15:39.917 32549 32549 E LoadedApk: 	at com.android.internal.os.ZygoteInit.main(ZygoteInit.java:1034)
10-08 02:15:39.960 32490 32490 D HwCustConnectivityManagerImpl: isBlockNetworkRequestByNonAis, INVALID_SUBSCRIPTION_ID
10-08 02:15:39.963  1496  1662 I chatty  : uid=1000(system) ConnectivitySer expire 1 line
10-08 02:15:40.010  1934  1934 E BoosterTelephonyCollector: isSkipApnType, apnType:default
10-08 02:15:40.040  1934  1934 E BoosterTelephonyCollector: isSkipApnType, apnType:default
10-08 02:15:40.077  1496 21735 I chatty  : uid=1000(system) Binder:1496_1D expire 15 lines
10-08 02:15:40.080  1934  1934 E BoosterTelephonyCollector: isSkipApnType, apnType:default
10-08 02:15:41.473  1496 32648 I chatty  : uid=1000 system_server expire 5 lines
10-08 02:15:46.259  1496  1889 I chatty  : uid=1000(system) watchdog expire 2 lines
10-08 02:15:49.376  1496  1535 I chatty  : uid=1000(system) PowerManagerSer expire 1 line
10-08 02:15:52.171  1934  1934 D SmartDualCardSM: IdleState:got msg.what=EVENT_HARD_SWITCH_CONDITION_CHECK
10-08 02:15:52.200  1934  1934 E SmartDualCardTraffic: getMealTrafficImpl fail,invalid imsi
10-08 02:15:52.200  1934  1934 D SmartDualCardSM: boosterDump:prop=true SdcSwitchOn=false DataSwitchOn=true WifiConnect=false AirplaneOn=false ScreenOn=false VSimEnabled=false CallOn=false AppState=GENERAL_BACKGROUND HidataAppState=GENERAL_BACKGROUND defaultDataSub=1 default4GSlot=1 DataOn=false M_MmsUtPdp=false userType=2
10-08 02:15:52.209  1934  1934 D SmartDualCardSM: isMasterCardNetworkBad return true case1,mNetworkType=-1
10-08 02:15:52.211  1934  1934 D SmartDualCardSM: isSlaveCardNetworkBad return true,mSignalStrength=2,mNetworkType=3,mDownlinkSpeedLimit=1048576,mDataRoaming=false
10-08 02:15:52.215  1934  1934 E SmartDualCardTraffic: getMealTrafficImpl fail,invalid imsi
10-08 02:15:52.215  1934  1934 D SmartDualCardSM: boosterDump:SlaveActive=false SameOperator=false M_NetworkBad=true S_NetworkBad=true M_DLSpeedLimit=1048576 S_DLSpeedLimit=1048576 M_DataRoam=false S_DataRoam=false VPNMode=false TetherOn=false AppQoeSlow=false HidataAppQoeSlow=false GameExpBad=false DsdsState=0 S_TrafficEnough=true
10-08 02:15:53.645   738   767 I storaged: storaged_t::event: storage_info refreshed.
10-08 02:16:06.497  1496  1518 I chatty  : uid=1000(system) android.bg expire 2 lines
10-08 03:12:47.640  1934  1934 D SmartDualCardSM: IdleState:got msg.what=EVENT_HARD_SWITCH_CONDITION_CHECK
10-08 03:12:47.668  1934  1934 E SmartDualCardTraffic: getMealTrafficImpl fail,invalid imsi
10-08 03:12:47.668  1934  1934 D SmartDualCardSM: boosterDump:prop=true SdcSwitchOn=false DataSwitchOn=true WifiConnect=false AirplaneOn=false ScreenOn=false VSimEnabled=false CallOn=false AppState=GENERAL_BACKGROUND HidataAppState=GENERAL_BACKGROUND defaultDataSub=1 default4GSlot=1 DataOn=false M_MmsUtPdp=false userType=2
10-08 03:12:47.679  1934  1934 D SmartDualCardSM: isMasterCardNetworkBad return true case1,mNetworkType=-1
10-08 03:12:47.681  1934  1934 D SmartDualCardSM: isSlaveCardNetworkBad return true,mSignalStrength=2,mNetworkType=3,mDownlinkSpeedLimit=1048576,mDataRoaming=false
10-08 03:12:47.684  1934  1934 E SmartDualCardTraffic: getMealTrafficImpl fail,invalid imsi
10-08 03:12:47.684  1934  1934 D SmartDualCardSM: boosterDump:SlaveActive=false SameOperator=false M_NetworkBad=true S_NetworkBad=true M_DLSpeedLimit=1048576 S_DLSpeedLimit=1048576 M_DataRoam=false S_DataRoam=false VPNMode=false TetherOn=false AppQoeSlow=false HidataAppQoeSlow=false GameExpBad=false DsdsState=0 S_TrafficEnough=true
10-08 03:27:47.214  1496  1652 I chatty  : uid=1000(system) NetworkStats expire 16 lines
10-08 03:27:47.295  1496  9475 I chatty  : uid=1000(system) Binder:1496_1A expire 8 lines
10-08 03:27:47.322  1496  1513 I chatty  : uid=1000(system) Binder:1496_1 expire 5 lines
10-08 03:27:47.354  1496 21735 I chatty  : uid=1000(system) Binder:1496_1D expire 3 lines
10-08 03:27:47.369  1496  1863 I chatty  : uid=1000(system) Binder:1496_5 expire 4 lines
10-08 04:12:47.293  1496  2620 I chatty  : uid=1000(system) Binder:1496_D expire 5 lines
10-08 04:12:47.353 32701 32701 D ActivityThread: Attach thread to application
10-08 04:12:47.433  1496  2621 I chatty  : uid=1000(system) Binder:1496_E expire 1 line
10-08 04:12:47.439  1496  1652 I chatty  : uid=1000(system) NetworkStats expire 20 lines
10-08 04:12:47.469  1496  6403 I chatty  : uid=1000(system) Binder:1496_14 expire 1 line
10-08 04:12:47.475  1934  4284 I BoosterSwitchP: notifyUidState do nothing
10-08 04:12:47.475  1934  4284 I DeepNoDisturbP: notifyUidState
10-08 04:12:47.475  1934  4284 I BrowserChrP: notifyUidState
10-08 04:12:47.498  1496  1649 I chatty  : uid=1000(system) NetdConnector expire 2 lines
10-08 05:12:47.234  1496  1496 I chatty  : uid=1000 system_server expire 2 lines
10-08 05:12:47.271  1496  1652 I chatty  : uid=1000(system) NetworkStats expire 4 lines
10-08 05:12:47.278  1496  1649 I chatty  : uid=1000(system) NetdConnector expire 2 lines
10-08 05:12:47.282  1496  1513 I chatty  : uid=1000(system) Binder:1496_1 expire 1 line
10-08 05:12:47.286  1496  2456 I chatty  : uid=1000(system) Binder:1496_C expire 2 lines
10-08 05:12:47.296  1496  9475 I chatty  : uid=1000(system) Binder:1496_1A expire 1 line
10-08 05:12:47.300  1496  2621 I chatty  : uid=1000(system) Binder:1496_E expire 1 line
10-08 05:12:47.301  1496  1652 I chatty  : uid=1000(system) NetworkStats expire 24 lines
10-08 05:12:47.330  1496  1649 I chatty  : uid=1000(system) NetdConnector expire 24 lines
10-08 05:12:47.334  1496  2456 I chatty  : uid=1000(system) Binder:1496_C expire 6 lines
10-08 05:12:47.338  1496  6403 I chatty  : uid=1000(system) Binder:1496_14 expire 6 lines
10-08 06:27:47.207  1496  1521 I chatty  : uid=1000(system) ActivityManager expire 1 line
10-08 06:27:47.233  1496  1496 I chatty  : uid=1000 system_server expire 4 lines
10-08 06:27:47.234  1496  1524 I chatty  : uid=1000(system) ActivityManager expire 1 line
10-08 06:27:47.235  1496  1914 I chatty  : uid=1000(system) MultiTaskManage expire 1 line
10-08 06:27:47.237  1496  1863 I chatty  : uid=1000(system) Binder:1496_5 expire 17 lines
10-08 06:27:47.262 32735 32735 D ActivityThread: Attach thread to application
10-08 06:27:47.352  1496  9475 I chatty  : uid=1000(system) Binder:1496_1A expire 6 lines
10-08 06:27:47.388  1496  1513 I chatty  : uid=1000(system) Binder:1496_1 expire 18 lines
10-08 06:27:47.392  1496  2620 I chatty  : uid=1000(system) Binder:1496_D expire 1 line
10-08 06:27:47.392  1496  1654 I chatty  : uid=1000(system) tworkPolicy.uid expire 4 lines
10-08 06:27:47.406  1496 21735 I chatty  : uid=1000(system) Binder:1496_1D expire 7 lines
10-08 06:27:47.410  1934  4284 I BoosterSwitchP: notifyUidState do nothing
10-08 06:27:47.410  1934  4284 I DeepNoDisturbP: notifyUidState
10-08 06:27:47.410  1934  4284 I BrowserChrP: notifyUidState
10-08 06:27:47.443  1496  1649 I chatty  : uid=1000(system) NetdConnector expire 46 lines
10-08 06:27:47.505  1496  1700 I chatty  : uid=1000(system) Binder:1496_3 expire 1 line
10-08 06:27:47.699  1496  1522 I chatty  : uid=1000(system) android.ui expire 1 line
10-08 06:27:47.868  1496  1656 I chatty  : uid=1000(system) WifiStateMachin expire 8 lines
10-08 06:27:47.913  1496  1675 I chatty  : uid=1000(system) Thread-7 expire 1 line
10-08 06:27:47.960   530   596 W SocketListener: sending broadcast to Pid = 1496, Uid = 1000 
10-08 06:27:47.961   530   596 W SocketListener: sending broadcast to Pid = 1496, Uid = 1000 
10-08 06:27:47.961   530   601 W SocketListener: sending broadcast to Pid = 1496, Uid = 1000 
10-08 06:27:47.964  1496  1530 I chatty  : uid=1000(system) android.fg expire 8 lines
10-08 06:27:47.997   530   596 W SocketListener: sending broadcast to Pid = 1496, Uid = 1000 
10-08 06:27:47.999   740   740 I wificond: Unsubscribe scan result for interface with index: 33
10-08 06:27:48.001   740   740 W wificond: enter wifi_stop_supplicant ...
10-08 06:27:48.001   740   740 W wificond: supplicant prop is null, wait at most 2 seconds for completion
10-08 06:27:48.018   578   578 E vendor.huawei.hardware.wifi@1.1-service: Failed to open directory: Permission denied
10-08 06:27:48.018   578   578 E vendor.huawei.hardware.wifi@1.1-service: Error occurred while deleting old tombstone files
10-08 06:27:48.018   578   578 E vendor.huawei.hardware.wifi@1.1-service: Error writing files to flash
10-08 06:27:48.019   578   578 I vendor.huawei.hardware.wifi@1.1-service: Legacy HAL stop complete callback received
10-08 06:27:48.223   578   578 I vendor.huawei.hardware.wifi@1.1-service: Wifi HAL stopped
10-08 06:27:48.228  1496  1528 I chatty  : uid=1000(system) batterystats-wo expire 1 line
10-08 06:27:48.231  1496  1659 I chatty  : uid=1000(system) WifiP2pService expire 3 lines
10-08 06:27:48.234   578   578 I vendor.huawei.hardware.wifi@1.1-service: Wifi HAL started
10-08 06:27:48.237   740   740 W wificond: enter StartSupplicant ...
10-08 06:27:48.242   740   740 W wificond: wifi_start_supplicant try to wait start
10-08 06:27:48.247  1496  1532 I chatty  : uid=1000(system) android.display expire 2 lines
10-08 06:27:48.263 21737 21737 W ContextImpl: Calling a method in the system process without a qualified user: android.app.ContextImpl.startService:1771 android.content.ContextWrapper.startService:664 android.content.ContextWrapper.startService:664 com.android.settings.wifi.cmcc.ConnectSwitchReceiver.onReceive:61 android.app.ActivityThread.handleReceiver:4018 
10-08 06:27:48.851   530   596 W SocketListener: sending broadcast to Pid = 1496, Uid = 1000 
10-08 06:27:48.855   578   578 I vendor.huawei.hardware.wifi@1.1-service: Adding interface handle for p2p0
10-08 06:27:48.855   578   578 I vendor.huawei.hardware.wifi@1.1-service: Adding interface handle for wlan0
10-08 06:27:48.855   578   578 E vendor.huawei.hardware.wifi@1.1-service: Failed to register radio mode change callback
10-08 06:27:48.856   578   578 I vendor.huawei.hardware.wifi@1.1-service: Configured chip in mode 0
10-08 06:27:48.857   578   578 E vendor.huawei.hardware.wifi@1.1-service: Failed to set DFS flag; DFS channels may be unavailable.
10-08 06:27:48.875   740   740 I wificond: create scanner for interface with index: 33
10-08 06:27:48.876   740   740 I wificond: subscribe scan result for interface with index: 33
10-08 06:27:48.877   740   740 E wificond: No Offload Service available
10-08 06:27:48.877   740   740 I wificond: Offload HAL not supported 
10-08 06:27:48.889   530   596 W SocketListener: sending broadcast to Pid = 1496, Uid = 1000 
10-08 06:27:48.891   530   596 W SocketListener: sending broadcast to Pid = 1496, Uid = 1000 
10-08 06:27:49.018   740   740 W wificond: No pno scan started
10-08 06:27:49.018   740   740 W wificond: Scheduled scan is not running!
10-08 06:27:49.029  1496  1496 I chatty  : uid=1000 system_server expire 1 line
10-08 06:27:49.029  1496  1659 I chatty  : uid=1000(system) WifiP2pService expire 1 line
10-08 06:27:49.033  1496  1656 I chatty  : uid=1000(system) WifiStateMachin expire 2 lines
10-08 06:27:49.034  1496   364 I chatty  : uid=1000 system_server expire 2 lines
10-08 06:27:49.036  1496  1649 I chatty  : uid=1000(system) NetdConnector expire 10 lines
10-08 06:27:49.049  1496  1532 I chatty  : uid=1000(system) android.display expire 3 lines
10-08 06:27:49.055   530   596 W SocketListener: sending broadcast to Pid = 1496, Uid = 1000 
10-08 06:27:49.058  1496  1530 I chatty  : uid=1000(system) android.fg expire 5 lines
10-08 06:27:49.066 21737 21737 W ContextImpl: Calling a method in the system process without a qualified user: android.app.ContextImpl.startService:1771 android.content.ContextWrapper.startService:664 android.content.ContextWrapper.startService:664 com.android.settings.wifi.cmcc.ConnectSwitchReceiver.onReceive:61 android.app.ActivityThread.handleReceiver:4018 
10-08 06:27:49.069  1496 21735 I chatty  : uid=1000(system) Binder:1496_1D expire 4 lines
10-08 06:27:49.070  1496  1659 I chatty  : uid=1000(system) WifiP2pService expire 25 lines
10-08 06:27:49.079  1496  1496 I chatty  : uid=1000 system_server expire 12 lines
10-08 06:27:49.082  1496  1521 I chatty  : uid=1000(system) ActivityManager expire 4 lines
10-08 06:27:49.100  1496  1656 I chatty  : uid=1000(system) WifiStateMachin expire 6 lines
10-08 06:27:49.107   740   740 I wificond: Pno scan started
10-08 06:28:06.707  1934  1934 D SmartDualCardSM: IdleState:got msg.what=EVENT_HARD_SWITCH_CONDITION_CHECK
10-08 06:28:06.736  1934  1934 E SmartDualCardTraffic: getMealTrafficImpl fail,invalid imsi
10-08 06:28:06.736  1934  1934 D SmartDualCardSM: boosterDump:prop=true SdcSwitchOn=false DataSwitchOn=true WifiConnect=false AirplaneOn=false ScreenOn=false VSimEnabled=false CallOn=false AppState=GENERAL_BACKGROUND HidataAppState=GENERAL_BACKGROUND defaultDataSub=1 default4GSlot=1 DataOn=false M_MmsUtPdp=false userType=2
10-08 06:28:06.745  1934  1934 D SmartDualCardSM: isMasterCardNetworkBad return true case1,mNetworkType=-1
10-08 06:28:06.747  1934  1934 D SmartDualCardSM: isSlaveCardNetworkBad return true,mSignalStrength=2,mNetworkType=3,mDownlinkSpeedLimit=1048576,mDataRoaming=false
10-08 06:28:06.753  1934  1934 E SmartDualCardTraffic: getMealTrafficImpl fail,invalid imsi
10-08 06:28:06.753  1934  1934 D SmartDualCardSM: boosterDump:SlaveActive=false SameOperator=false M_NetworkBad=true S_NetworkBad=true M_DLSpeedLimit=1048576 S_DLSpeedLimit=1048576 M_DataRoam=false S_DataRoam=false VPNMode=false TetherOn=false AppQoeSlow=false HidataAppQoeSlow=false GameExpBad=false DsdsState=0 S_TrafficEnough=true
10-08 06:42:47.188  1496  1659 I chatty  : uid=1000(system) WifiP2pService expire 5 lines
10-08 07:00:00.204  1496  1652 I chatty  : uid=1000(system) NetworkStats expire 29 lines
10-08 07:00:00.233  1496  1649 I chatty  : uid=1000(system) NetdConnector expire 10 lines
10-08 07:00:00.253   740   740 I wificond: Pno scan result ready event
10-08 07:00:00.267  1496  1658 I chatty  : uid=1000(system) WifiScanningSer expire 2 lines
10-08 07:00:00.270   740   740 I wificond: Unexpected empty scan result!
10-08 07:00:00.281  1934  1934 I BoosterTelephonyCollector: WifiManager:Wifi disconnected
10-08 07:00:00.284  1934  2101 I PreDnsQuery: handleStateChanged reason=-1
10-08 07:00:00.285  1934  2101 I BrowserChrP: handleStateChanged
10-08 07:00:00.313  1496  2622 I chatty  : uid=1000(system) Binder:1496_F expire 11 lines
10-08 07:00:00.338  1496  9475 I chatty  : uid=1000(system) Binder:1496_1A expire 16 lines
10-08 07:00:00.397  1496  1524 I chatty  : uid=1000(system) ActivityManager expire 1 line
10-08 07:00:00.398  1496  1914 I chatty  : uid=1000(system) MultiTaskManage expire 1 line
10-08 07:00:00.425   442   442 D ActivityThread: Attach thread to application
10-08 07:00:00.435  1496  1496 I chatty  : uid=1000 system_server expire 7 lines
10-08 07:00:00.458  1496  1700 I chatty  : uid=1000(system) Binder:1496_3 expire 6 lines
10-08 07:00:00.480  2005  3890 W ContextImpl: Calling a method in the system process without a qualified user: android.app.ContextImpl.sendBroadcast:1183 android.content.ContextWrapper.sendBroadcast:449 com.huawei.iaware.userhabit.NRTUserHabitTrainManager$NRTUserHabitHandler.handleTrain:444 com.huawei.iaware.userhabit.NRTUserHabitTrainManager$NRTUserHabitHandler.handleMessage:252 android.os.Handler.dispatchMessage:112 
10-08 07:00:00.541 21737 21737 W ContextImpl: Calling a method in the system process without a qualified user: android.app.ContextImpl.startService:1771 android.content.ContextWrapper.startService:664 android.content.ContextWrapper.startService:664 com.android.settings.wifi.AccessPointConnectedReceiver.onReceive:43 android.app.ActivityThread.handleReceiver:4018 
10-08 07:00:00.548 21737 21737 W ContextImpl: Calling a method in the system process without a qualified user: android.app.ContextImpl.startService:1771 android.content.ContextWrapper.startService:664 android.content.ContextWrapper.startService:664 com.android.settings.wifi.cmcc.ConnectSwitchReceiver.onReceive:61 android.app.ActivityThread.handleReceiver:4018 
10-08 07:00:00.555 21737 21737 W ContextImpl: Calling a method in the system process without a qualified user: android.app.ContextImpl.startService:1771 android.content.ContextWrapper.startService:664 android.content.ContextWrapper.startService:664 com.android.settings.wifi.cmcc.ConnectSwitchReceiver.onReceive:61 android.app.ActivityThread.handleReceiver:4018 
10-08 07:00:00.559  1934  4284 I BoosterSwitchP: notifyUidState do nothing
10-08 07:00:00.559  1934  4284 I DeepNoDisturbP: notifyUidState
10-08 07:00:00.559  1934  4284 I BrowserChrP: notifyUidState
10-08 07:00:00.809   530   596 W SocketListener: sending broadcast to Pid = 1496, Uid = 1000 
10-08 07:00:00.839   740   740 I wificond: Pno scan stopped
10-08 07:00:00.849   740   740 I wificond: Pno scan started
10-08 07:00:01.063  1496  1675 I chatty  : uid=1000(system) Thread-7 expire 1 line
10-08 07:42:47.215  1496  1863 I chatty  : uid=1000(system) Binder:1496_5 expire 2 lines
10-08 07:42:47.262   740   740 I wificond: Pno scan result ready event
10-08 07:42:47.262  1496  1652 I chatty  : uid=1000(system) NetworkStats expire 1 line
10-08 07:42:47.265   740   740 I wificond: Unexpected empty scan result!
10-08 07:42:47.280  2285  3826 W ContextImpl: Calling a method in the system process without a qualified user: android.app.ContextImpl.startService:1771 android.content.ContextWrapper.startService:664 com.huawei.systemmanager.spacecleanner.receiver.SpaceCleanReceiver.checkRarelyUsedApp:98 com.huawei.systemmanager.spacecleanner.receiver.SpaceCleanReceiver.doInBackground:46 java.lang.reflect.Method.invoke:-2 
10-08 07:42:47.283  1496  2620 I chatty  : uid=1000(system) Binder:1496_D expire 6 lines
10-08 07:42:47.302  1496  1513 I chatty  : uid=1000(system) Binder:1496_1 expire 2 lines
10-08 07:42:47.378  1974  4121 W ContextImpl: Calling a method in the system process without a qualified user: android.app.ContextImpl.sendBroadcast:1183 com.huawei.android.chr.statistics.TelStatusService.updateStatisticDB:772 com.huawei.android.chr.statistics.TelStatusService.triggerStatsReport:649 com.huawei.android.chr.statistics.TelStatusService.triggerAllStatsReport:666 com.huawei.android.chr.statistics.TelStatusManager.triggerAllStatsReport:447 
10-08 07:42:47.385  1974  4121 W ContextImpl: Calling a method in the system process without a qualified user: android.app.ContextImpl.sendBroadcast:1183 com.huawei.android.chr.statistics.TelStatusService.updateSimStatInfoDB:718 com.huawei.android.chr.statistics.TelStatusService.triggerStatsReport:645 com.huawei.android.chr.statistics.TelStatusService.triggerAllStatsReport:666 com.huawei.android.chr.statistics.TelStatusManager.triggerAllStatsReport:447 
10-08 07:42:47.450  1974  4121 W ContextImpl: Calling a method in the system process without a qualified user: android.app.ContextImpl.sendBroadcast:1183 com.huawei.android.chr.statistics.TelStatusService.updateStatisticDB:772 com.huawei.android.chr.statistics.TelStatusService.triggerStatsReport:649 com.huawei.android.chr.statistics.TelStatusService.triggerAllStatsReport:666 com.huawei.android.chr.statistics.TelStatusManager.triggerAllStatsReport:447 
10-08 07:42:47.465  1496  2622 I chatty  : uid=1000(system) Binder:1496_F expire 3 lines
10-08 07:42:47.533  1974  4121 W ContextImpl: Calling a method in the system process without a qualified user: android.app.ContextImpl.sendBroadcast:1183 com.huawei.android.chr.statistics.TelStatusService.updateStatisticDB:772 com.huawei.android.chr.statistics.TelStatusService.triggerStatsReport:649 com.huawei.android.chr.statistics.TelStatusService.triggerAllStatsReport:666 com.huawei.android.chr.statistics.TelStatusManager.triggerAllStatsReport:447 
10-08 07:42:47.820   530   596 W SocketListener: sending broadcast to Pid = 1496, Uid = 1000 
10-08 07:42:47.823  1496  1649 I chatty  : uid=1000(system) NetdConnector expire 4 lines
10-08 07:42:47.854   740   740 I wificond: Pno scan stopped
10-08 07:42:47.866   740   740 I wificond: Pno scan started
10-08 07:57:47.198  1496  1606 I chatty  : uid=1000(system) UEventObserver expire 6 lines
10-08 07:57:47.206  1496  1538 I chatty  : uid=1000(system) HwBinder:1496_1 expire 1 line
10-08 08:09:05.217  1496  1496 I chatty  : uid=1000 system_server expire 2 lines
10-08 08:09:05.221  1496  2622 I chatty  : uid=1000(system) Binder:1496_F expire 1 line
10-08 08:09:05.227  1496  9475 I chatty  : uid=1000(system) Binder:1496_1A expire 1 line
10-08 08:09:05.228  1496  1496 I chatty  : uid=1000 system_server expire 2 lines
10-08 08:09:05.235  1496  1694 I chatty  : uid=1000(system) GraphicsStats-d expire 1 line
10-08 08:09:05.237  1496  1518 I chatty  : uid=1000(system) android.bg expire 6 lines
10-08 08:09:05.246  1496  1649 I chatty  : uid=1000(system) NetdConnector expire 10 lines
10-08 08:09:05.277  1496  1513 I chatty  : uid=1000(system) Binder:1496_1 expire 2 lines
10-08 08:09:05.291  1496  1496 I chatty  : uid=1000 system_server expire 12 lines
10-08 08:09:05.304  1496  2620 I chatty  : uid=1000(system) Binder:1496_D expire 10 lines
10-08 08:09:10.546  1496  1889 I chatty  : uid=1000(system) watchdog expire 2 lines
10-08 08:09:16.490  1934  1934 D SmartDualCardSM: IdleState:got msg.what=EVENT_HARD_SWITCH_CONDITION_CHECK
10-08 08:09:16.516  1934  1934 E SmartDualCardTraffic: getMealTrafficImpl fail,invalid imsi
10-08 08:09:16.516  1934  1934 D SmartDualCardSM: boosterDump:prop=true SdcSwitchOn=false DataSwitchOn=true WifiConnect=false AirplaneOn=false ScreenOn=false VSimEnabled=false CallOn=false AppState=GENERAL_BACKGROUND HidataAppState=GENERAL_BACKGROUND defaultDataSub=1 default4GSlot=1 DataOn=false M_MmsUtPdp=false userType=2
10-08 08:09:16.532  1934  1934 D SmartDualCardSM: isMasterCardNetworkBad return true case1,mNetworkType=-1
10-08 08:09:16.535  1934  1934 D SmartDualCardSM: isSlaveCardNetworkBad return true,mSignalStrength=2,mNetworkType=3,mDownlinkSpeedLimit=1048576,mDataRoaming=false
10-08 08:09:16.538  1934  1934 E SmartDualCardTraffic: getMealTrafficImpl fail,invalid imsi
10-08 08:09:16.538  1934  1934 D SmartDualCardSM: boosterDump:SlaveActive=false SameOperator=false M_NetworkBad=true S_NetworkBad=true M_DLSpeedLimit=1048576 S_DLSpeedLimit=1048576 M_DataRoam=false S_DataRoam=false VPNMode=false TetherOn=false AppQoeSlow=false HidataAppQoeSlow=false GameExpBad=false DsdsState=0 S_TrafficEnough=true
10-08 08:09:17.926   738   767 I storaged: storaged_t::event: storage_info refreshed.
10-08 08:09:35.446  1496  1496 I chatty  : uid=1000 system_server expire 8 lines
10-08 08:12:47.186  1934  1934 D SmartDualCardSM: IdleState:got msg.what=EVENT_HARD_SWITCH_CONDITION_CHECK
10-08 08:12:47.218  1934  1934 E SmartDualCardTraffic: getMealTrafficImpl fail,invalid imsi
10-08 08:12:47.218  1934  1934 D SmartDualCardSM: boosterDump:prop=true SdcSwitchOn=false DataSwitchOn=true WifiConnect=false AirplaneOn=false ScreenOn=false VSimEnabled=false CallOn=false AppState=GENERAL_BACKGROUND HidataAppState=GENERAL_BACKGROUND defaultDataSub=1 default4GSlot=1 DataOn=false M_MmsUtPdp=false userType=2
10-08 08:12:47.227  1496  1652 I chatty  : uid=1000(system) NetworkStats expire 16 lines
10-08 08:12:47.234  1934  1934 D SmartDualCardSM: isMasterCardNetworkBad return true case1,mNetworkType=-1
10-08 08:12:47.236  1934  1934 D SmartDualCardSM: isSlaveCardNetworkBad return true,mSignalStrength=2,mNetworkType=3,mDownlinkSpeedLimit=1048576,mDataRoaming=false
10-08 08:12:47.242  1934  1934 E SmartDualCardTraffic: getMealTrafficImpl fail,invalid imsi
10-08 08:12:47.242  1934  1934 D SmartDualCardSM: boosterDump:SlaveActive=false SameOperator=false M_NetworkBad=true S_NetworkBad=true M_DLSpeedLimit=1048576 S_DLSpeedLimit=1048576 M_DataRoam=false S_DataRoam=false VPNMode=false TetherOn=false AppQoeSlow=false HidataAppQoeSlow=false GameExpBad=false DsdsState=0 S_TrafficEnough=true
10-08 08:12:47.254  1496  1656 I chatty  : uid=1000(system) WifiStateMachin expire 5 lines
10-08 08:12:47.272   740   740 I wificond: Pno scan result ready event
10-08 08:12:47.273  1496  1658 I chatty  : uid=1000(system) WifiScanningSer expire 5 lines
10-08 08:12:47.275   740   740 I wificond: Unexpected empty scan result!
10-08 08:12:47.313  1496 21735 I chatty  : uid=1000(system) Binder:1496_1D expire 8 lines
10-08 08:12:47.840   530   596 W SocketListener: sending broadcast to Pid = 1496, Uid = 1000 
