10-10 08:50:13.111  7695  7723 W PackageParser: Ignoring duplicate uses-permissions/uses-permissions-sdk-m: android.permission.WAKE_LOCK in package: com.baidu.haokan at: Binary XML file line #91
10-10 08:50:13.111  7695  7723 W PackageParser: Unknown element under <manifest>: meta-data at /preload/app/HaokanShipin/HaokanShipin.apk Binary XML file line #123
10-10 08:50:13.112  7695  7723 W PackageParser: Unknown element under <manifest>: supports-gl-texture at /preload/app/HaokanShipin/HaokanShipin.apk Binary XML file line #164
10-10 08:50:13.112  7695  7723 W PackageParser: Unknown element under <manifest>: supports-gl-texture at /preload/app/HaokanShipin/HaokanShipin.apk Binary XML file line #165
10-10 08:50:13.229  7695  7723 W PackageParser: Unknown element under <manifest>: meta-data at /preload/app/Taobao/Taobao.apk Binary XML file line #43
10-10 08:50:13.229  7695  7723 W PackageParser: Unknown element under <manifest>: meta-data at /preload/app/Taobao/Taobao.apk Binary XML file line #44
10-10 08:50:13.230  7695  7723 W PackageParser: Unknown element under <manifest>: meta-data at /preload/app/Taobao/Taobao.apk Binary XML file line #45
10-10 08:50:13.654  7695  7723 W PackageParser: No actions in intent filter at /preload/app/WPS/WPS.apk Binary XML file line #4454
10-10 08:50:19.652  1496  1518 I chatty  : uid=1000(system) android.bg expire 1 line
10-10 08:50:20.969  1496  1606 I chatty  : uid=1000(system) UEventObserver expire 2 lines
10-10 08:50:25.050  1496  1496 I chatty  : uid=1000 system_server expire 2 lines
10-10 08:50:25.065  1496  2235 I chatty  : uid=1000(system) Binder:1496_9 expire 2 lines
10-10 08:50:25.081  1496  6403 I chatty  : uid=1000(system) Binder:1496_14 expire 1 line
10-10 08:50:25.087  1496  1496 I chatty  : uid=1000 system_server expire 7 lines
10-10 08:50:25.094  1496  2456 I chatty  : uid=1000(system) Binder:1496_C expire 1 line
10-10 08:50:25.095  1496  1496 I chatty  : uid=1000 system_server expire 5 lines
10-10 08:50:25.145  1496  6403 I chatty  : uid=1000(system) Binder:1496_14 expire 2 lines
10-10 08:50:26.115   483  7742 D vold    : idle maintenance started
10-10 08:50:26.119   483  7742 D vold    : Start GC on /sys/fs/f2fs/mmcblk0p70
10-10 08:50:27.643  1496  2620 I chatty  : uid=1000(system) Binder:1496_D expire 2 lines
10-10 08:50:27.666  1496  6403 I chatty  : uid=1000(system) Binder:1496_14 expire 2 lines
10-10 08:50:27.748  1496  2620 I chatty  : uid=1000(system) Binder:1496_D expire 3 lines
10-10 08:50:27.766  1496  6403 I chatty  : uid=1000(system) Binder:1496_14 expire 3 lines
10-10 08:50:27.863  1496  2620 I chatty  : uid=1000(system) Binder:1496_D expire 1 line
10-10 08:50:27.876  1496  6403 I chatty  : uid=1000(system) Binder:1496_14 expire 2 lines
10-10 08:50:27.924  1496  2456 I chatty  : uid=1000(system) Binder:1496_C expire 3 lines
10-10 08:50:27.944  1496  2620 I chatty  : uid=1000(system) Binder:1496_D expire 3 lines
10-10 08:50:27.991  1496  2456 I chatty  : uid=1000(system) Binder:1496_C expire 1 line
10-10 08:50:28.018  1496  6403 I chatty  : uid=1000(system) Binder:1496_14 expire 2 lines
10-10 08:50:28.051  1496  2620 I chatty  : uid=1000(system) Binder:1496_D expire 1 line
10-10 08:50:28.073  1496  2455 I chatty  : uid=1000(system) Binder:1496_B expire 2 lines
10-10 08:50:28.101  1496  6403 I chatty  : uid=1000(system) Binder:1496_14 expire 3 lines
10-10 08:50:28.145  1496  2455 I chatty  : uid=1000(system) Binder:1496_B expire 2 lines
10-10 08:50:28.203  1496  6403 I chatty  : uid=1000(system) Binder:1496_14 expire 1 line
10-10 08:50:28.214  1496  2235 I chatty  : uid=1000(system) Binder:1496_9 expire 5 lines
10-10 08:50:28.238  1496  2456 I chatty  : uid=1000(system) Binder:1496_C expire 5 lines
10-10 08:50:28.355  1496  2622 I chatty  : uid=1000(system) Binder:1496_F expire 6 lines
10-10 08:50:28.502  1496  2235 I chatty  : uid=1000(system) Binder:1496_9 expire 2 lines
10-10 08:50:28.509  1496  2622 I chatty  : uid=1000(system) Binder:1496_F expire 4 lines
10-10 08:50:28.593  1496  2235 I chatty  : uid=1000(system) Binder:1496_9 expire 3 lines
10-10 08:50:28.651  1496  2622 I chatty  : uid=1000(system) Binder:1496_F expire 1 line
10-10 08:50:28.671  1496  2456 I chatty  : uid=1000(system) Binder:1496_C expire 3 lines
10-10 08:50:31.510  1496  9850 I chatty  : uid=1000(system) Binder:1496_1B expire 2 lines
10-10 08:50:31.539  1496  2622 I chatty  : uid=1000(system) Binder:1496_F expire 2 lines
10-10 08:50:31.548  1496  9850 I chatty  : uid=1000(system) Binder:1496_1B expire 4 lines
10-10 08:50:31.621  1496  2622 I chatty  : uid=1000(system) Binder:1496_F expire 3 lines
10-10 08:50:31.667  1496  9850 I chatty  : uid=1000(system) Binder:1496_1B expire 3 lines
10-10 08:50:31.710  1496  2235 I chatty  : uid=1000(system) Binder:1496_9 expire 3 lines
10-10 08:50:31.775  1496  2456 I chatty  : uid=1000(system) Binder:1496_C expire 2 lines
10-10 08:50:31.782  1496  2622 I chatty  : uid=1000(system) Binder:1496_F expire 3 lines
10-10 08:50:31.841  1496  2456 I chatty  : uid=1000(system) Binder:1496_C expire 4 lines
10-10 08:50:31.885  1496  2622 I chatty  : uid=1000(system) Binder:1496_F expire 2 lines
10-10 08:50:31.937  1496  2456 I chatty  : uid=1000(system) Binder:1496_C expire 3 lines
10-10 08:50:31.956  1496  2622 I chatty  : uid=1000(system) Binder:1496_F expire 4 lines
10-10 08:50:32.010  1496  2235 I chatty  : uid=1000(system) Binder:1496_9 expire 4 lines
10-10 08:50:32.087  1496  2622 I chatty  : uid=1000(system) Binder:1496_F expire 3 lines
10-10 08:50:32.136  1496  2235 I chatty  : uid=1000(system) Binder:1496_9 expire 2 lines
10-10 08:50:32.162  1496  2622 I chatty  : uid=1000(system) Binder:1496_F expire 4 lines
10-10 08:50:32.221  1496  2235 I chatty  : uid=1000(system) Binder:1496_9 expire 3 lines
10-10 08:50:32.251  1496  2622 I chatty  : uid=1000(system) Binder:1496_F expire 3 lines
10-10 08:50:32.295  1496  2235 I chatty  : uid=1000(system) Binder:1496_9 expire 1 line
10-10 08:50:32.344  1496  9850 I chatty  : uid=1000(system) Binder:1496_1B expire 3 lines
10-10 08:50:32.398  1496  6403 I chatty  : uid=1000(system) Binder:1496_14 expire 3 lines
10-10 08:50:32.423  1496  9850 I chatty  : uid=1000(system) Binder:1496_1B expire 4 lines
10-10 08:50:32.462  7695  7716 W ContextImpl: Calling a method in the system process without a qualified user: android.app.ContextImpl.bindService:1851 android.content.ContextWrapper.bindService:698 tmsdkobf.hj.bn:41 tmsdk.common.TMSDKContext.init:63 com.huawei.library.sdk.tmsdk.TmSdkEngine.initSdk:58 
10-10 08:50:32.508  7695  7716 W ContextImpl: Calling a method in the system process without a qualified user: android.app.ContextImpl.startService:1771 android.content.ContextWrapper.startService:664 tmsdk.common.TMSDKContext.init:214 com.huawei.library.sdk.tmsdk.TmSdkEngine.initSdk:58 com.huawei.library.sdk.SdkCommUtil.lambda$initSDK$0$SdkCommUtil:17 
10-10 08:50:32.579  1496  6403 I chatty  : uid=1000(system) Binder:1496_14 expire 3 lines
10-10 08:50:39.682  1496  1889 I chatty  : uid=1000(system) watchdog expire 1 line
10-10 08:50:40.929  1496  2456 I chatty  : uid=1000(system) Binder:1496_C expire 3 lines
10-10 08:50:40.937  1496  9850 I chatty  : uid=1000(system) Binder:1496_1B expire 3 lines
10-10 08:50:41.041  1496  2456 I chatty  : uid=1000(system) Binder:1496_C expire 3 lines
10-10 08:50:41.069  1496  6403 I chatty  : uid=1000(system) Binder:1496_14 expire 4 lines
10-10 08:50:41.135  1496  2456 I chatty  : uid=1000(system) Binder:1496_C expire 4 lines
10-10 08:50:41.200  1496  9850 I chatty  : uid=1000(system) Binder:1496_1B expire 3 lines
10-10 08:50:41.236  1496  2456 I chatty  : uid=1000(system) Binder:1496_C expire 3 lines
10-10 08:50:41.275  1496  9850 I chatty  : uid=1000(system) Binder:1496_1B expire 3 lines
10-10 08:50:41.316  1496  2456 I chatty  : uid=1000(system) Binder:1496_C expire 2 lines
10-10 08:50:41.361  1496  6403 I chatty  : uid=1000(system) Binder:1496_14 expire 1 line
10-10 08:50:41.373  1496  2235 I chatty  : uid=1000(system) Binder:1496_9 expire 4 lines
10-10 08:50:41.455  1496  6403 I chatty  : uid=1000(system) Binder:1496_14 expire 3 lines
10-10 08:50:41.491  1496  2620 I chatty  : uid=1000(system) Binder:1496_D expire 5 lines
10-10 08:50:41.584  1496  6403 I chatty  : uid=1000(system) Binder:1496_14 expire 4 lines
10-10 08:50:41.637  1496  2620 I chatty  : uid=1000(system) Binder:1496_D expire 1 line
10-10 08:50:41.706  1496  6403 I chatty  : uid=1000(system) Binder:1496_14 expire 1 line
10-10 08:50:41.716  1496  2235 I chatty  : uid=1000(system) Binder:1496_9 expire 3 lines
10-10 08:50:41.767  1496  6403 I chatty  : uid=1000(system) Binder:1496_14 expire 1 line
10-10 08:50:41.823  1496  2235 I chatty  : uid=1000(system) Binder:1496_9 expire 2 lines
10-10 08:50:41.885  7695  7716 W ContextImpl: Calling a method in the system process without a qualified user: android.app.ContextImpl.startService:1771 android.content.ContextWrapper.startService:664 com.huawei.systemmanager.antivirus.newengine.FreeTimeScanService.handleScanResult:327 com.huawei.systemmanager.antivirus.newengine.FreeTimeScanService.access$2600:49 com.huawei.systemmanager.antivirus.newengine.FreeTimeScanService$FreeTimeScanHandler.handleMessage:310 
10-10 08:50:41.893  1496  2455 I chatty  : uid=1000(system) Binder:1496_B expire 1 line
10-10 08:50:41.922  1496  1765 I chatty  : uid=1000(system) Binder:1496_4 expire 2 lines
10-10 08:50:41.959  1496  1514 I chatty  : uid=1000(system) Binder:1496_2 expire 1 line
10-10 08:50:42.429  1496  1675 I chatty  : uid=1000(system) Thread-7 expire 2 lines
10-10 08:50:47.008  1496  1524 I chatty  : uid=1000(system) ActivityManager expire 1 line
10-10 08:50:47.009  1496  1914 I chatty  : uid=1000(system) MultiTaskManage expire 1 line
10-10 08:50:47.045  7798  7798 D ActivityThread: Attach thread to application
10-10 08:50:47.162  1496  1514 I chatty  : uid=1000(system) Binder:1496_2 expire 1 line
10-10 08:50:47.190  1496  1765 I chatty  : uid=1000(system) Binder:1496_4 expire 3 lines
10-10 08:50:47.210  1496  6168 I chatty  : uid=1000(system) Binder:1496_13 expire 1 line
10-10 08:50:47.216  1496  1524 I chatty  : uid=1000(system) ActivityManager expire 1 line
10-10 08:50:47.216  1496  1914 I chatty  : uid=1000(system) MultiTaskManage expire 1 line
10-10 08:50:47.246  7828  7828 D ActivityThread: Attach thread to application
10-10 08:50:47.254  1496  1514 I chatty  : uid=1000(system) Binder:1496_2 expire 1 line
10-10 08:50:47.273  1496  9850 I chatty  : uid=1000(system) Binder:1496_1B expire 1 line
10-10 08:50:47.274  1496 25104 I chatty  : uid=1000(system) Binder:1496_20 expire 2 lines
10-10 08:50:47.276  1934  6408 I chatty  : uid=1000(system) Binder:1934_7 expire 3 lines
10-10 08:50:47.330  1496  9850 I chatty  : uid=1000(system) Binder:1496_1B expire 2 lines
10-10 08:50:47.506  1496  1765 I chatty  : uid=1000(system) Binder:1496_4 expire 2 lines
10-10 08:50:47.515  1496  9850 I chatty  : uid=1000(system) Binder:1496_1B expire 1 line
10-10 08:50:47.518  1496 25104 I chatty  : uid=1000(system) Binder:1496_20 expire 1 line
10-10 08:50:47.522  1496  9850 I chatty  : uid=1000(system) Binder:1496_1B expire 1 line
10-10 08:50:47.779  1496  1675 I chatty  : uid=1000(system) Thread-7 expire 1 line
10-10 08:50:48.332   738   767 I storaged: storaged_t::event: storage_info refreshed.
10-10 08:50:49.572  1496  1496 I chatty  : uid=1000 system_server expire 3 lines
10-10 08:50:51.696  1496  1606 I chatty  : uid=1000(system) UEventObserver expire 6 lines
10-10 08:50:54.683  1934  1934 I chatty  : uid=1000(system) com.huawei.systemserver expire 11 lines
10-10 08:51:03.456  1496  9850 I chatty  : uid=1000(system) Binder:1496_1B expire 3 lines
10-10 08:51:09.684  1496  1889 I chatty  : uid=1000(system) watchdog expire 1 line
10-10 08:51:17.026  1496  1606 I chatty  : uid=1000(system) UEventObserver expire 9 lines
10-10 08:51:17.030  1496 20020 I chatty  : uid=1000(system) HwBinder:1496_5 expire 1 line
10-10 08:51:19.539  1496  1765 I chatty  : uid=1000(system) Binder:1496_4 expire 1 line
10-10 08:51:22.407  1496  1606 I chatty  : uid=1000(system) UEventObserver expire 4 lines
10-10 08:51:39.688  1496  1889 I chatty  : uid=1000(system) watchdog expire 1 line
10-10 08:51:48.334   738   767 I storaged: storaged_t::event: storage_info refreshed.
10-10 08:51:53.142  1496  1606 I chatty  : uid=1000(system) UEventObserver expire 5 lines
10-10 08:51:54.758  1934  1934 I chatty  : uid=1000(system) com.huawei.systemserver expire 11 lines
10-10 08:51:56.731  1496  7340 I chatty  : uid=1000 system_server expire 1 line
10-10 08:51:56.769  1496  7941 I chatty  : uid=1000 system_server expire 1 line
10-10 08:52:09.690  1496  1889 I chatty  : uid=1000(system) watchdog expire 2 lines
10-10 08:52:23.864  1496  1606 I chatty  : uid=1000(system) UEventObserver expire 12 lines
10-10 08:52:34.834  1934  1934 I chatty  : uid=1000(system) com.huawei.systemserver expire 10 lines
10-10 08:52:48.336   738   767 I storaged: storaged_t::event: storage_info refreshed.
10-10 08:53:09.700  1496  1889 I chatty  : uid=1000(system) watchdog expire 1 line
10-10 08:53:16.140   483  7742 D vold    : Stop GC on /sys/fs/f2fs/mmcblk0p70
10-10 08:53:16.152   483  7742 D vold    : Starting trim of /splash2
10-10 08:53:16.153   483  7742 I vold    : Trimmed 0 bytes on /splash2 in 0ms
10-10 08:53:16.153   483  7742 D vold    : Starting trim of /data
10-10 08:53:25.292  1496  1606 I chatty  : uid=1000(system) UEventObserver expire 6 lines
10-10 08:53:25.485   483  7742 I vold    : Trimmed 109277184 bytes on /data in 9320ms
10-10 08:53:25.491   483  7742 D vold    : Starting trim of /cache
10-10 08:53:25.492   483  7742 I vold    : Trimmed 0 bytes on /cache in 1ms
10-10 08:53:25.493   483  7742 D vold    : Starting trim of none
10-10 08:53:25.493   483  7742 W vold    : Failed to open none: No such file or directory
10-10 08:53:25.498   483  7742 D vold    : idle maintenance completed
10-10 08:53:25.510  1496  1518 I chatty  : uid=1000(system) android.bg expire 3 lines
10-10 08:53:25.515  1496  1496 I chatty  : uid=1000 system_server expire 1 line
10-10 08:53:34.848  1934  1934 I chatty  : uid=1000(system) com.huawei.systemserver expire 12 lines
10-10 08:53:39.705  1496  1889 I chatty  : uid=1000(system) watchdog expire 1 line
10-10 08:53:40.036  1496  9850 I chatty  : uid=1000(system) Binder:1496_1B expire 7 lines
10-10 08:53:40.118  1496  1765 I chatty  : uid=1000(system) Binder:1496_4 expire 1 line
10-10 08:53:48.338   738   767 I storaged: storaged_t::event: storage_info refreshed.
10-10 08:53:49.671  1496  9850 I chatty  : uid=1000(system) Binder:1496_1B expire 1 line
10-10 08:53:56.039  1496  1606 I chatty  : uid=1000(system) UEventObserver expire 12 lines
10-10 08:54:09.709  1496  1889 I chatty  : uid=1000(system) watchdog expire 2 lines
10-10 08:54:34.956  1934  1934 I chatty  : uid=1000(system) com.huawei.systemserver expire 11 lines
10-10 08:54:48.340   738   767 I storaged: storaged_t::event: storage_info refreshed.
10-10 08:54:57.469  1496  1606 I chatty  : uid=1000(system) UEventObserver expire 12 lines
10-10 08:55:09.718  1496  1889 I chatty  : uid=1000(system) watchdog expire 2 lines
10-10 08:55:15.004  1934  1934 I chatty  : uid=1000(system) com.huawei.systemserver expire 10 lines
10-10 08:55:45.040 21737 21737 W ContextImpl: Calling a method in the system process without a qualified user: android.app.ContextImpl.startService:1771 android.content.ContextWrapper.startService:664 android.content.ContextWrapper.startService:664 com.android.settings.deviceinfo.UsbReceiver.startUsbService:322 com.android.settings.deviceinfo.UsbReceiver.onUsbStateReceive:168 
10-10 08:55:45.048 21737 21737 W ContextImpl: Calling a method in the system process without a qualified user: android.app.ContextImpl.startService:1771 android.content.ContextWrapper.startService:664 android.content.ContextWrapper.startService:664 com.android.settings.deviceinfo.UsbReceiver.startUsbService:322 com.android.settings.deviceinfo.UsbReceiver.onUsbStateReceive:231 
10-10 08:55:45.052  1496  1765 I chatty  : uid=1000(system) Binder:1496_4 expire 1 line
10-10 08:55:45.757  1496  2235 I chatty  : uid=1000(system) Binder:1496_9 expire 2 lines
10-10 08:55:48.341   738   767 I storaged: storaged_t::event: storage_info refreshed.
10-10 08:55:53.505  1496  1606 I chatty  : uid=1000(system) UEventObserver expire 11 lines
10-10 08:55:53.510  1496 20020 I chatty  : uid=1000(system) HwBinder:1496_5 expire 1 line
10-10 08:55:58.922  1496  1606 I chatty  : uid=1000(system) UEventObserver expire 1 line
10-10 08:56:09.726  1496  1889 I chatty  : uid=1000(system) watchdog expire 1 line
10-10 08:56:14.869 21737 21737 W ContextImpl: Calling a method in the system process without a qualified user: android.app.ContextImpl.startService:1771 android.content.ContextWrapper.startService:664 android.content.ContextWrapper.startService:664 com.android.settings.deviceinfo.UsbReceiver.startUsbService:322 com.android.settings.deviceinfo.UsbReceiver.onUsbStateReceive:168 
10-10 08:56:14.879 21737 21737 W ContextImpl: Calling a method in the system process without a qualified user: android.app.ContextImpl.startService:1771 android.content.ContextWrapper.startService:664 android.content.ContextWrapper.startService:664 com.android.settings.deviceinfo.UsbReceiver.startUsbService:322 com.android.settings.deviceinfo.UsbReceiver.onUsbStateReceive:231 
10-10 08:56:14.887  1496  2455 I chatty  : uid=1000(system) Binder:1496_B expire 1 line
10-10 08:56:15.586  1496  9850 I chatty  : uid=1000(system) Binder:1496_1B expire 2 lines
10-10 08:56:29.628  1496  1606 I chatty  : uid=1000(system) UEventObserver expire 10 lines
10-10 08:56:35.031  1934  1934 I chatty  : uid=1000(system) com.huawei.systemserver expire 15 lines
10-10 08:56:39.730  1496  1889 I chatty  : uid=1000(system) watchdog expire 2 lines
10-10 08:56:48.343   738   767 I storaged: storaged_t::event: storage_info refreshed.
10-10 08:57:00.379  1496  1606 I chatty  : uid=1000(system) UEventObserver expire 8 lines
10-10 08:57:35.087  1934  1934 I chatty  : uid=1000(system) com.huawei.systemserver expire 13 lines
10-10 08:57:39.738  1496  1889 I chatty  : uid=1000(system) watchdog expire 1 line
10-10 08:57:47.393  1496  1496 I chatty  : uid=1000 system_server expire 1 line
10-10 08:57:47.403  1496  9850 I chatty  : uid=1000(system) Binder:1496_1B expire 1 line
10-10 08:57:47.418  1496  2235 I chatty  : uid=1000(system) Binder:1496_9 expire 2 lines
10-10 08:57:47.433  1496  1496 I chatty  : uid=1000 system_server expire 1 line
10-10 08:57:47.446  1496  1765 I chatty  : uid=1000(system) Binder:1496_4 expire 1 line
10-10 08:57:47.495  1496  2455 I chatty  : uid=1000(system) Binder:1496_B expire 1 line
10-10 08:57:48.345   738   767 I storaged: storaged_t::event: storage_info refreshed.
10-10 08:58:01.804  1496  1606 I chatty  : uid=1000(system) UEventObserver expire 9 lines
10-10 08:58:09.742  1496  1889 I chatty  : uid=1000(system) watchdog expire 2 lines
10-10 08:58:32.519  1496  1606 I chatty  : uid=1000(system) UEventObserver expire 3 lines
10-10 08:58:35.189  1934  1934 I chatty  : uid=1000(system) com.huawei.systemserver expire 11 lines
10-10 08:58:40.064  1496  2455 I chatty  : uid=1000(system) Binder:1496_B expire 6 lines
10-10 08:58:40.068  1496  1765 I chatty  : uid=1000(system) Binder:1496_4 expire 1 line
10-10 08:58:40.127  1496  2455 I chatty  : uid=1000(system) Binder:1496_B expire 3 lines
10-10 08:58:40.164  1496  2235 I chatty  : uid=1000(system) Binder:1496_9 expire 1 line
10-10 08:58:48.346   738   767 I storaged: storaged_t::event: storage_info refreshed.
10-10 08:59:03.240  1496  1606 I chatty  : uid=1000(system) UEventObserver expire 12 lines
10-10 08:59:09.750  1496  1889 I chatty  : uid=1000(system) watchdog expire 2 lines
10-10 08:59:35.220  1934  1934 I chatty  : uid=1000(system) com.huawei.systemserver expire 13 lines
10-10 08:59:48.349   738   767 I storaged: storaged_t::event: storage_info refreshed.
10-10 09:00:04.679  1496  1606 I chatty  : uid=1000(system) UEventObserver expire 11 lines
10-10 09:00:09.758  1496  1889 I chatty  : uid=1000(system) watchdog expire 1 line
10-10 09:00:29.992  1496  1606 I chatty  : uid=1000(system) UEventObserver expire 3 lines
10-10 09:00:30.001  1496 20020 I chatty  : uid=1000(system) HwBinder:1496_5 expire 1 line
10-10 09:00:35.316  1934  1934 I chatty  : uid=1000(system) com.huawei.systemserver expire 10 lines
10-10 09:00:35.385  1496  1606 I chatty  : uid=1000(system) UEventObserver expire 4 lines
10-10 09:00:39.762  1496  1889 I chatty  : uid=1000(system) watchdog expire 1 line
10-10 09:00:48.350   738   767 I storaged: storaged_t::event: storage_info refreshed.
10-10 09:00:48.351   738   767 I storaged: storaged_t::event: Pidm reported.
10-10 09:00:48.351   738   767 E storaged: pid_info get_pids failed
10-10 09:01:03.476  1496  1765 I chatty  : uid=1000(system) Binder:1496_4 expire 1 line
10-10 09:01:05.296  1496  1518 I chatty  : uid=1000(system) android.bg expire 1 line
10-10 09:01:06.120  1496  1606 I chatty  : uid=1000(system) UEventObserver expire 6 lines
10-10 09:01:09.528  1496  1765 I chatty  : uid=1000(system) Binder:1496_4 expire 1 line
10-10 09:01:09.766  1496  1889 I chatty  : uid=1000(system) watchdog expire 1 line
10-10 09:01:10.035  1496  1765 I chatty  : uid=1000(system) Binder:1496_4 expire 2 lines
10-10 09:01:15.343  1934  1934 I chatty  : uid=1000(system) com.huawei.systemserver expire 10 lines
10-10 09:01:36.840  1496  1606 I chatty  : uid=1000(system) UEventObserver expire 11 lines
10-10 09:01:39.770  1496  1889 I chatty  : uid=1000(system) watchdog expire 3 lines
10-10 09:01:48.353   738   767 I storaged: storaged_t::event: storage_info refreshed.
10-10 09:02:07.583  1496  1606 I chatty  : uid=1000(system) UEventObserver expire 10 lines
10-10 09:02:35.386  1934  1934 I chatty  : uid=1000(system) com.huawei.systemserver expire 12 lines
10-10 09:02:48.355   738   767 I storaged: storaged_t::event: storage_info refreshed.
10-10 09:03:08.978  1496  1606 I chatty  : uid=1000(system) UEventObserver expire 7 lines
10-10 09:03:09.782  1496  1889 I chatty  : uid=1000(system) watchdog expire 2 lines
10-10 09:03:15.467  1934  1934 I chatty  : uid=1000(system) com.huawei.systemserver expire 11 lines
10-10 09:03:39.701  1496  1606 I chatty  : uid=1000(system) UEventObserver expire 2 lines
10-10 09:03:40.105  1496  1765 I chatty  : uid=1000(system) Binder:1496_4 expire 7 lines
10-10 09:03:40.195  1496  2455 I chatty  : uid=1000(system) Binder:1496_B expire 2 lines
10-10 09:03:48.357   738   767 I storaged: storaged_t::event: storage_info refreshed.
10-10 09:03:55.608  1496  1521 I chatty  : uid=1000(system) ActivityManager expire 1 line
10-10 09:03:55.638  1496  1524 I chatty  : uid=1000(system) ActivityManager expire 1 line
10-10 09:03:55.639  1496  1914 I chatty  : uid=1000(system) MultiTaskManage expire 1 line
10-10 09:03:55.675  8444  8444 D ActivityThread: Attach thread to application
10-10 09:03:55.788  1496  2455 I chatty  : uid=1000(system) Binder:1496_B expire 1 line
10-10 09:03:55.899  1496  1765 I chatty  : uid=1000(system) Binder:1496_4 expire 3 lines
10-10 09:03:55.907  1934  4284 I chatty  : uid=1000(system) Binder:1934_6 expire 3 lines
10-10 09:03:56.405  1496  1675 I chatty  : uid=1000(system) Thread-7 expire 1 line
10-10 09:04:09.789  1496  1889 I chatty  : uid=1000(system) watchdog expire 2 lines
10-10 09:04:10.440  1496  1606 I chatty  : uid=1000(system) UEventObserver expire 18 lines
10-10 09:04:15.481  1934  1934 I chatty  : uid=1000(system) com.huawei.systemserver expire 11 lines
10-10 09:04:45.996  1496 20020 I chatty  : uid=1000(system) HwBinder:1496_5 expire 1 line
10-10 09:04:48.359   738   767 I storaged: storaged_t::event: storage_info refreshed.
10-10 09:05:09.796  1496  1889 I chatty  : uid=1000(system) watchdog expire 1 line
10-10 09:05:11.863  1496  1606 I chatty  : uid=1000(system) UEventObserver expire 8 lines
10-10 09:05:15.551  1934  1934 I chatty  : uid=1000(system) com.huawei.systemserver expire 11 lines
10-10 09:05:39.800  1496  1889 I chatty  : uid=1000(system) watchdog expire 1 line
10-10 09:05:42.584  1496  1606 I chatty  : uid=1000(system) UEventObserver expire 11 lines
10-10 09:05:48.360   738   767 I storaged: storaged_t::event: storage_info refreshed.
10-10 09:05:55.604  1934  1934 I chatty  : uid=1000(system) com.huawei.systemserver expire 10 lines
10-10 09:06:09.804  1496  1889 I chatty  : uid=1000(system) watchdog expire 3 lines
10-10 09:06:44.052  1496  1606 I chatty  : uid=1000(system) UEventObserver expire 11 lines
10-10 09:06:48.362   738   767 I storaged: storaged_t::event: storage_info refreshed.
10-10 09:06:55.622  1934  1934 I chatty  : uid=1000(system) com.huawei.systemserver expire 16 lines
10-10 09:07:39.817  1496  1889 I chatty  : uid=1000(system) watchdog expire 2 lines
10-10 09:07:45.468  1496  1606 I chatty  : uid=1000(system) UEventObserver expire 12 lines
10-10 09:07:48.364   738   767 I storaged: storaged_t::event: storage_info refreshed.
10-10 09:08:15.712  1934  1934 I chatty  : uid=1000(system) com.huawei.systemserver expire 16 lines
10-10 09:08:39.824  1496  1889 I chatty  : uid=1000(system) watchdog expire 1 line
10-10 09:08:40.108  1496  6168 I chatty  : uid=1000(system) Binder:1496_13 expire 4 lines
10-10 09:08:40.113  1496  9850 I chatty  : uid=1000(system) Binder:1496_1B expire 1 line
10-10 09:08:40.114  1496  1883 I chatty  : uid=1000(system) Binder:1496_7 expire 1 line
10-10 09:08:40.176  1496  6168 I chatty  : uid=1000(system) Binder:1496_13 expire 4 lines
10-10 09:08:40.192  1496  1883 I chatty  : uid=1000(system) Binder:1496_7 expire 2 lines
10-10 09:08:40.193  1496  9850 I chatty  : uid=1000(system) Binder:1496_1B expire 1 line
10-10 09:08:43.056  1496  1883 I chatty  : uid=1000(system) Binder:1496_7 expire 2 lines
10-10 09:08:46.923  1496  1606 I chatty  : uid=1000(system) UEventObserver expire 16 lines
10-10 09:08:48.365   738   767 I storaged: storaged_t::event: storage_info refreshed.
10-10 09:09:01.996  1496 20020 I chatty  : uid=1000(system) HwBinder:1496_5 expire 1 line
10-10 09:09:09.827  1496  1889 I chatty  : uid=1000(system) watchdog expire 2 lines
10-10 09:09:17.638  1496  1606 I chatty  : uid=1000(system) UEventObserver expire 8 lines
10-10 09:09:35.769  1934  1934 I chatty  : uid=1000(system) com.huawei.systemserver expire 11 lines
10-10 09:09:48.366   738   767 I storaged: storaged_t::event: storage_info refreshed.
10-10 09:09:52.764  1496  1883 I chatty  : uid=1000(system) Binder:1496_7 expire 1 line
10-10 09:10:09.834  1496  1889 I chatty  : uid=1000(system) watchdog expire 2 lines
10-10 09:10:19.078  1496  1606 I chatty  : uid=1000(system) UEventObserver expire 12 lines
10-10 09:10:35.865  1934  1934 I chatty  : uid=1000(system) com.huawei.systemserver expire 10 lines
10-10 09:10:48.368   738   767 I storaged: storaged_t::event: storage_info refreshed.
10-10 09:11:03.508  1496  1883 I chatty  : uid=1000(system) Binder:1496_7 expire 2 lines
10-10 09:11:09.842  1496  1889 I chatty  : uid=1000(system) watchdog expire 1 line
10-10 09:11:10.060  1496  9850 I chatty  : uid=1000(system) Binder:1496_1B expire 2 lines
10-10 09:11:15.912  1934  1934 I chatty  : uid=1000(system) com.huawei.systemserver expire 10 lines
10-10 09:11:20.493  1496  1606 I chatty  : uid=1000(system) UEventObserver expire 12 lines
10-10 09:11:39.846  1496  1889 I chatty  : uid=1000(system) watchdog expire 2 lines
10-10 09:11:48.370   738   767 I storaged: storaged_t::event: storage_info refreshed.
10-10 09:11:55.971  1934  1934 I chatty  : uid=1000(system) com.huawei.systemserver expire 10 lines
10-10 09:12:21.952  1496  1606 I chatty  : uid=1000(system) UEventObserver expire 10 lines
10-10 09:12:39.854  1496  1889 I chatty  : uid=1000(system) watchdog expire 1 line
10-10 09:12:48.371   738   767 I storaged: storaged_t::event: storage_info refreshed.
10-10 09:12:52.674  1496  1606 I chatty  : uid=1000(system) UEventObserver expire 9 lines
10-10 09:13:09.857  1496  1889 I chatty  : uid=1000(system) watchdog expire 1 line
10-10 09:13:16.000  1934  1934 I chatty  : uid=1000(system) com.huawei.systemserver expire 11 lines
10-10 09:13:17.993  1496 20020 I chatty  : uid=1000(system) HwBinder:1496_5 expire 1 line
10-10 09:13:23.416  1496  1606 I chatty  : uid=1000(system) UEventObserver expire 5 lines
10-10 09:13:39.860  1496  1889 I chatty  : uid=1000(system) watchdog expire 1 line
10-10 09:13:40.033  1496  9850 I chatty  : uid=1000(system) Binder:1496_1B expire 8 lines
10-10 09:13:40.115  1496  6168 I chatty  : uid=1000(system) Binder:1496_13 expire 1 line
10-10 09:13:48.372   738   767 I storaged: storaged_t::event: storage_info refreshed.
10-10 09:13:54.111  1496  1606 I chatty  : uid=1000(system) UEventObserver expire 12 lines
10-10 09:13:56.080  1934  1934 I chatty  : uid=1000(system) com.huawei.systemserver expire 20 lines
10-10 09:14:09.863  1496  1889 I chatty  : uid=1000(system) watchdog expire 2 lines
10-10 09:14:48.374   738   767 I storaged: storaged_t::event: storage_info refreshed.
10-10 09:14:55.554  1496  1606 I chatty  : uid=1000(system) UEventObserver expire 7 lines
10-10 09:15:09.870  1496  1889 I chatty  : uid=1000(system) watchdog expire 1 line
10-10 09:15:19.049  1496  1528 I chatty  : uid=1000(system) batterystats-wo expire 2 lines
10-10 09:15:26.273  1496  1606 I chatty  : uid=1000(system) UEventObserver expire 6 lines
10-10 09:15:30.873  1496  1531 I chatty  : uid=1000(system) android.io expire 1 line
10-10 09:15:33.222  1496  1496 I chatty  : uid=1000 system_server expire 1 line
10-10 09:15:35.094  1934  2281 I chatty  : uid=1000(system) DollieChrTh expire 8 lines
10-10 09:15:36.131  1934  1934 I chatty  : uid=1000(system) com.huawei.systemserver expire 10 lines
10-10 09:15:39.874  1496  1889 I chatty  : uid=1000(system) watchdog expire 1 line
10-10 09:15:48.375   738   767 I storaged: storaged_t::event: DSM updated and published.
10-10 09:15:48.379   738   767 E storaged: open file /data/storaged/storaged.txt failed!2
10-10 09:15:48.379   738   767 E storaged: write(append)  diskstat data failed!ts:1633828548,read bytes:0, write bytes: 0
10-10 09:15:48.379   738   767 I storaged: storaged_t::event: Uidm reported.
10-10 09:15:48.401   738   767 I storaged: uid_monitor::update_curr_io_stats_locked: last_uid_io_stats_ size is 189
10-10 09:15:48.401   738   767 I storaged: uid_monitor::update_curr_io_stats_locked: curr_io_stats_ size is 189
10-10 09:15:48.401   738   767 E storaged: curr_io_stats:  size: 189
10-10 09:15:48.419   738   767 E storaged: open file /data/storaged/storaged.txt failed!2
10-10 09:15:48.419   738   767 E storaged: write(append)  uid data failed!
10-10 09:15:48.420   738   767 I storaged: uid_monitor::update_uid_io_proto: io_history_ size is 108
10-10 09:15:48.420   738   767 I storaged: storaged_t::event: storage_info refreshed.
10-10 09:15:48.420   738   767 I storaged: storaged_t::event: proto flushed.
10-10 09:15:49.705   738   767 I storaged: storaged_t::event: Pidm reported.
10-10 09:15:49.706   738   767 E storaged: pid_info get_pids failed
10-10 09:15:57.015  1496  1606 I chatty  : uid=1000(system) UEventObserver expire 10 lines
10-10 09:16:09.877  1496  1889 I chatty  : uid=1000(system) watchdog expire 2 lines
10-10 09:16:27.725  1496  1606 I chatty  : uid=1000(system) UEventObserver expire 12 lines
10-10 09:16:36.212  1934  1934 I chatty  : uid=1000(system) com.huawei.systemserver expire 10 lines
10-10 09:16:49.708   738   767 I storaged: storaged_t::event: storage_info refreshed.
10-10 09:17:09.884  1496  1889 I chatty  : uid=1000(system) watchdog expire 2 lines
10-10 09:17:16.266  1934  1934 I chatty  : uid=1000(system) com.huawei.systemserver expire 11 lines
10-10 09:17:29.147  1496  1606 I chatty  : uid=1000(system) UEventObserver expire 7 lines
10-10 09:17:49.710   738   767 I storaged: storaged_t::event: storage_info refreshed.
10-10 09:17:54.470  1496 20020 I chatty  : uid=1000(system) HwBinder:1496_5 expire 1 line
10-10 09:17:56.287  1934  1934 I chatty  : uid=1000(system) com.huawei.systemserver expire 10 lines
10-10 09:17:59.864  1496  1606 I chatty  : uid=1000(system) UEventObserver expire 12 lines
10-10 09:18:09.890  1496  1889 I chatty  : uid=1000(system) watchdog expire 2 lines
10-10 09:18:40.102  1496  1883 I chatty  : uid=1000(system) Binder:1496_7 expire 7 lines
10-10 09:18:40.104  1496  6168 I chatty  : uid=1000(system) Binder:1496_13 expire 2 lines
10-10 09:18:40.186  1496  9850 I chatty  : uid=1000(system) Binder:1496_1B expire 1 line
10-10 09:18:49.711   738   767 I storaged: storaged_t::event: storage_info refreshed.
10-10 09:18:51.545  1496  1883 I chatty  : uid=1000(system) Binder:1496_7 expire 1 line
10-10 09:19:01.307  1496  1606 I chatty  : uid=1000(system) UEventObserver expire 12 lines
10-10 09:19:09.896  1496  1889 I chatty  : uid=1000(system) watchdog expire 4 lines
10-10 09:19:16.310  1934  1934 I chatty  : uid=1000(system) com.huawei.systemserver expire 11 lines
10-10 09:19:49.713   738   767 I storaged: storaged_t::event: storage_info refreshed.
10-10 09:19:56.380  1934  1934 I chatty  : uid=1000(system) com.huawei.systemserver expire 17 lines
10-10 09:20:02.754  1496  1606 I chatty  : uid=1000(system) UEventObserver expire 12 lines
10-10 09:20:25.056  1496  1496 I chatty  : uid=1000 system_server expire 4 lines
10-10 09:20:25.072  1496  1652 I chatty  : uid=1000(system) NetworkStats expire 8 lines
10-10 09:20:25.109  1496  1656 I chatty  : uid=1000(system) WifiStateMachin expire 1 line
10-10 09:20:25.117   740   740 I wificond: Pno scan result ready event
10-10 09:20:25.118  1496  1658 I chatty  : uid=1000(system) WifiScanningSer expire 1 line
10-10 09:20:25.120   740   740 I wificond: Unexpected empty scan result!
10-10 09:20:25.150  1496  1649 I chatty  : uid=1000(system) NetdConnector expire 6 lines
10-10 09:20:25.162  1496  6168 I chatty  : uid=1000(system) Binder:1496_13 expire 1 line
10-10 09:20:25.169  1496  9850 I chatty  : uid=1000(system) Binder:1496_1B expire 4 lines
10-10 09:20:25.190  1496  1765 I chatty  : uid=1000(system) Binder:1496_4 expire 4 lines
10-10 09:20:25.223  1496  1524 I chatty  : uid=1000(system) ActivityManager expire 1 line
10-10 09:20:25.223  1496  1914 I chatty  : uid=1000(system) MultiTaskManage expire 1 line
10-10 09:20:25.246  8648  8648 D ActivityThread: Attach thread to application
10-10 09:20:25.336  1496  2455 I chatty  : uid=1000(system) Binder:1496_B expire 5 lines
10-10 09:20:25.341  1496 22034 I chatty  : uid=1000(system) Binder:1496_1E expire 2 lines
10-10 09:20:25.366  1496  2622 I chatty  : uid=1000(system) Binder:1496_F expire 4 lines
10-10 09:20:25.372  1934  6408 I chatty  : uid=1000(system) Binder:1934_7 expire 3 lines
10-10 09:20:25.397  1934  4284 I chatty  : uid=1000(system) Binder:1934_6 expire 3 lines
10-10 09:20:25.678   530   596 W SocketListener: sending broadcast to Pid = 1496, Uid = 1000 
10-10 09:20:25.682  1496  1530 I chatty  : uid=1000(system) android.fg expire 2 lines
10-10 09:20:25.696   740   740 I wificond: Pno scan stopped
10-10 09:20:25.704   740   740 I wificond: Pno scan started
10-10 09:20:25.867  1496  1675 I chatty  : uid=1000(system) Thread-7 expire 2 lines
10-10 09:20:49.715   738   767 I storaged: storaged_t::event: storage_info refreshed.
10-10 09:21:03.523  1496  1765 I chatty  : uid=1000(system) Binder:1496_4 expire 1 line
10-10 09:21:04.212  1496  1606 I chatty  : uid=1000(system) UEventObserver expire 6 lines
10-10 09:21:09.582  1496  1765 I chatty  : uid=1000(system) Binder:1496_4 expire 1 line
10-10 09:21:09.908  1496  1889 I chatty  : uid=1000(system) watchdog expire 1 line
10-10 09:21:10.090  1496  1514 I chatty  : uid=1000(system) Binder:1496_2 expire 1 line
10-10 09:21:16.441  1934  1934 I chatty  : uid=1000(system) com.huawei.systemserver expire 11 lines
10-10 09:21:19.628  1496  1765 I chatty  : uid=1000(system) Binder:1496_4 expire 1 line
10-10 09:21:34.906  1496  1606 I chatty  : uid=1000(system) UEventObserver expire 12 lines
10-10 09:21:39.911  1496  1889 I chatty  : uid=1000(system) watchdog expire 2 lines
10-10 09:21:49.716   738   767 I storaged: storaged_t::event: storage_info refreshed.
10-10 09:22:16.457  1934  1934 I chatty  : uid=1000(system) com.huawei.systemserver expire 13 lines
10-10 09:22:30.951  1496  1606 I chatty  : uid=1000(system) UEventObserver expire 11 lines
10-10 09:22:30.962  1496 20020 I chatty  : uid=1000(system) HwBinder:1496_5 expire 1 line
10-10 09:22:36.343  1496  1606 I chatty  : uid=1000(system) UEventObserver expire 7 lines
10-10 09:22:39.918  1496  1889 I chatty  : uid=1000(system) watchdog expire 2 lines
10-10 09:22:49.717   738   767 I storaged: storaged_t::event: storage_info refreshed.
10-10 09:23:16.553  1934  1934 I chatty  : uid=1000(system) com.huawei.systemserver expire 11 lines
10-10 09:23:37.806  1496  1606 I chatty  : uid=1000(system) UEventObserver expire 6 lines
10-10 09:23:39.924  1496  1889 I chatty  : uid=1000(system) watchdog expire 1 line
10-10 09:23:40.095  1496  1514 I chatty  : uid=1000(system) Binder:1496_2 expire 8 lines
10-10 09:23:40.183  1496  1765 I chatty  : uid=1000(system) Binder:1496_4 expire 1 line
10-10 09:23:49.718   738   767 I storaged: storaged_t::event: storage_info refreshed.
10-10 09:24:08.514  1496  1606 I chatty  : uid=1000(system) UEventObserver expire 6 lines
10-10 09:24:09.927  1496  1889 I chatty  : uid=1000(system) watchdog expire 3 lines
10-10 09:24:16.577  1934  1934 I chatty  : uid=1000(system) com.huawei.systemserver expire 13 lines
10-10 09:24:39.228  1496  1606 I chatty  : uid=1000(system) UEventObserver expire 10 lines
10-10 09:24:49.719   738   767 I storaged: storaged_t::event: storage_info refreshed.
10-10 09:25:09.944  1496  1606 I chatty  : uid=1000(system) UEventObserver expire 3 lines
10-10 09:25:16.665  1934  1934 I chatty  : uid=1000(system) com.huawei.systemserver expire 11 lines
10-10 09:25:36.352  1496  1765 I chatty  : uid=1000(system) Binder:1496_4 expire 1 line
10-10 09:25:39.936  1496  1889 I chatty  : uid=1000(system) watchdog expire 1 line
10-10 09:25:40.671  1496  1606 I chatty  : uid=1000(system) UEventObserver expire 11 lines
10-10 09:25:49.720   738   767 I storaged: storaged_t::event: storage_info refreshed.
10-10 09:26:09.941  1496  1889 I chatty  : uid=1000(system) watchdog expire 2 lines
10-10 09:26:16.672  1934  1934 I chatty  : uid=1000(system) com.huawei.systemserver expire 13 lines
10-10 09:26:42.110  1496  1606 I chatty  : uid=1000(system) UEventObserver expire 6 lines
10-10 09:26:49.720   738   767 I storaged: storaged_t::event: storage_info refreshed.
10-10 09:26:56.621 21737 21737 W ContextImpl: Calling a method in the system process without a qualified user: android.app.ContextImpl.startService:1771 android.content.ContextWrapper.startService:664 android.content.ContextWrapper.startService:664 com.android.settings.deviceinfo.UsbReceiver.startUsbService:322 com.android.settings.deviceinfo.UsbReceiver.onUsbStateReceive:168 
10-10 09:26:56.626 21737 21737 W ContextImpl: Calling a method in the system process without a qualified user: android.app.ContextImpl.startService:1771 android.content.ContextWrapper.startService:664 android.content.ContextWrapper.startService:664 com.android.settings.deviceinfo.UsbReceiver.startUsbService:322 com.android.settings.deviceinfo.UsbReceiver.onUsbStateReceive:231 
10-10 09:26:56.630  1496  1765 I chatty  : uid=1000(system) Binder:1496_4 expire 1 line
10-10 09:26:57.339  1496  1514 I chatty  : uid=1000(system) Binder:1496_2 expire 2 lines
10-10 09:27:07.429  1496  1606 I chatty  : uid=1000(system) UEventObserver expire 8 lines
10-10 09:27:07.436  1496 20020 I chatty  : uid=1000(system) HwBinder:1496_5 expire 1 line
10-10 09:27:09.949  1496  1889 I chatty  : uid=1000(system) watchdog expire 2 lines
10-10 09:27:12.841  1496  1606 I chatty  : uid=1000(system) UEventObserver expire 8 lines
10-10 09:27:16.768  1934  1934 I chatty  : uid=1000(system) com.huawei.systemserver expire 11 lines
10-10 09:27:43.577  1496  1606 I HwBatteryService: switch not open, return, mWirelessTxFlag : 0
10-10 09:27:43.578  1496  1606 I UsbDeviceManager: water_intrused state= 0
10-10 09:27:49.721   738   767 I storaged: storaged_t::event: storage_info refreshed.
10-10 09:28:09.958  1496  1889 W Watchdog: hungtask: writing kick
10-10 09:28:14.268  1496  1606 I HwBatteryService: quick charge status : 0
10-10 09:28:14.269  1496  1606 D HwBatteryService: onUEvent fcpStatus = 0
10-10 09:28:14.269  1496  1606 D HwBatteryService: onUEvent scpStatus = 0 ,ovpStatus = 0
10-10 09:28:14.269  1496  1606 I HwBatteryService: handleWirelessTxStatus
10-10 09:28:14.269  1496  1606 I HwBatteryService: switch not open, return, mWirelessTxFlag : 0
10-10 09:28:14.270  1496  1606 I UsbDeviceManager: water_intrused state= 0
10-10 09:28:16.799  1934  1934 I chatty  : uid=1000(system) com.huawei.systemserver expire 13 lines
10-10 09:28:39.962  1496  1889 W Watchdog: hungtask: writing kick
10-10 09:28:40.110  1496  1765 I NetworkStats: openSessionForUsageStats, pid = 3800, pkg = com.tencent.mm
10-10 09:28:40.110  1496  2455 I NetworkStats: openSessionForUsageStats, pid = 3800, pkg = com.tencent.mm
10-10 09:28:40.110  1496  1765 I NetworkStats: openSessionInternal,pid = 3800
10-10 09:28:40.114  1496  1765 I NetworkStats: performPollLocked, pid = 1496
10-10 09:28:40.175  1496  1765 W NetworkStatsFactory: mStatsXtProcUid: /proc/net/comm/stats does not exist!
10-10 09:28:40.175  1496  1765 D HwNetworkStatsService: hwRecordUidAndProcSnapshotLocked currentTime = 1633829320118
10-10 09:28:40.176  1496  1765 I NetworkStatsFactory: javaReadNetworkStatsUidAndProcDetail. cost time = 1
10-10 09:28:40.178  1496  1765 D HwNetworkStatsService: hwMaybeUidAndProcPersistLocked currentTime = 1633829320118
10-10 09:28:40.188  1496  2622 I NetworkStats: openSessionForUsageStats, pid = 3800, pkg = com.tencent.mm
10-10 09:28:40.193  1496  2622 I NetworkStats: openSessionForUsageStats, pid = 3800, pkg = com.tencent.mm
10-10 09:28:44.988  1496  1606 I HwBatteryService: quick charge status : 0
10-10 09:28:44.988  1496  1606 D HwBatteryService: onUEvent fcpStatus = 0
10-10 09:28:44.988  1496  1606 D HwBatteryService: onUEvent scpStatus = 0 ,ovpStatus = 0
10-10 09:28:44.988  1496  1606 I HwBatteryService: handleWirelessTxStatus
10-10 09:28:44.988  1496  1606 I HwBatteryService: switch not open, return, mWirelessTxFlag : 0
10-10 09:28:44.989  1496  1606 I UsbDeviceManager: water_intrused state= 0
10-10 09:28:49.722   738   767 I storaged: storaged_t::event: storage_info refreshed.
10-10 09:28:52.246  1496  6168 V BroadcastQueue: Finished with ordered broadcast BroadcastRecord{8e7b3ca u0 com.tencent.mm.plugin.report.service.KVCommCrossProcessReceiver}
10-10 09:29:09.965  1496  1889 W Watchdog: hungtask: writing kick
10-10 09:29:15.716  1496  1606 I HwBatteryService: quick charge status : 0
10-10 09:29:15.716  1496  1606 D HwBatteryService: onUEvent fcpStatus = 0
10-10 09:29:15.716  1496  1606 D HwBatteryService: onUEvent scpStatus = 0 ,ovpStatus = 0
10-10 09:29:15.716  1496  1606 I HwBatteryService: handleWirelessTxStatus
10-10 09:29:15.716  1496  1606 I HwBatteryService: switch not open, return, mWirelessTxFlag : 0
10-10 09:29:15.718  1496  1606 I UsbDeviceManager: water_intrused state= 0
10-10 09:29:16.888  1934  1934 I chatty  : uid=1000(system) com.huawei.systemserver expire 11 lines
10-10 09:29:39.968  1496  1889 W Watchdog: hungtask: writing kick
10-10 09:29:46.442  1496  1606 I HwBatteryService: quick charge status : 0
10-10 09:29:46.442  1496  1606 D HwBatteryService: onUEvent fcpStatus = 0
10-10 09:29:46.443  1496  1606 D HwBatteryService: onUEvent scpStatus = 0 ,ovpStatus = 0
10-10 09:29:46.443  1496  1606 I HwBatteryService: handleWirelessTxStatus
10-10 09:29:46.443  1496  1606 I HwBatteryService: switch not open, return, mWirelessTxFlag : 0
10-10 09:29:46.444  1496  1606 I UsbDeviceManager: water_intrused state= 0
10-10 09:29:49.723   738   767 I storaged: storaged_t::event: storage_info refreshed.
10-10 09:30:09.972  1496  1889 W Watchdog: hungtask: writing kick
10-10 09:30:16.904  1934  1934 I chatty  : uid=1000(system) com.huawei.systemserver expire 13 lines
10-10 09:30:17.168  1496  1606 I HwBatteryService: quick charge status : 0
10-10 09:30:17.168  1496  1606 D HwBatteryService: onUEvent fcpStatus = 0
10-10 09:30:17.169  1496  1606 D HwBatteryService: onUEvent scpStatus = 0 ,ovpStatus = 0
10-10 09:30:17.169  1496  1606 I HwBatteryService: handleWirelessTxStatus
10-10 09:30:17.169  1496  1606 I HwBatteryService: switch not open, return, mWirelessTxFlag : 0
10-10 09:30:17.170  1496  1606 I UsbDeviceManager: water_intrused state= 0
10-10 09:30:35.890  1496  1496 V AlarmManager: Received TIME_TICK alarm; rescheduling
10-10 09:30:35.906  1496  1652 I NetworkStats: Alarm manager triggered
10-10 09:30:35.907  1496  1652 I NetworkStats: performPollLocked, pid = 1496
10-10 09:30:35.917  1496  1496 I HwAlarmManagerService: hwSetAlarm listenerTag: time_tick
10-10 09:30:35.922  1496  1496 I HwAlarmManagerService: hwSetAlarm listenerTag: *job.heartbeat*
10-10 09:30:35.923  1496  1496 D JobScheduler: Maybe queuing ready jobs...
10-10 09:30:35.966  1496  1652 W NetworkStatsFactory: mStatsXtProcUid: /proc/net/comm/stats does not exist!
10-10 09:30:35.966  1496  1652 D HwNetworkStatsService: hwRecordUidAndProcSnapshotLocked currentTime = 1633829435911
10-10 09:30:35.967  1496  1652 I NetworkStatsFactory: javaReadNetworkStatsUidAndProcDetail. cost time = 1
10-10 09:30:35.969  1496  1496 W HwAlarmManagerService: isContainsAppUidInWorksource-->happend NameNotFoundException
10-10 09:30:35.969  1496  1496 W HwAlarmManagerService: isContainsAppUidInWorksource-->happend NameNotFoundException
10-10 09:30:35.970  1496  1652 D HwNetworkStatsService: hwMaybeUidAndProcPersistLocked currentTime = 1633829435911
10-10 09:30:35.972  1496  1496 I HwAlarmManagerService: hwSetAlarm listenerTag: *job.delay*
10-10 09:30:35.972  1496  1496 I JobScheduler.Time: mNextDelayExpiredElapsedMillis: 815599451
10-10 09:30:35.982  1496  1652 D NetdConnector: SND -> {1718 bandwidth setglobalalert 2097152}
10-10 09:30:35.985  1496  1649 D NetdConnector: RCV <- {200 1718 Bandwidth command succeeeded}
10-10 09:30:35.986  1496  1649 D NetdConnector: RCV <- {200 1718 Bandwidth command succeeeded}
10-10 09:30:35.987  1496  1652 V BroadcastQueue: Finished with ordered broadcast BroadcastRecord{3faf222 u0 com.android.server.action.NETWORK_STATS_POLL}
10-10 09:30:35.987  1496  2455 W HwAlarmManagerService: isContainsAppUidInWorksource-->happend NameNotFoundException
10-10 09:30:35.989  1496  2455 W HwAlarmManagerService: isContainsAppUidInWorksource-->happend NameNotFoundException
10-10 09:30:35.992  1496  1765 V BroadcastQueue: Finished with ordered broadcast BroadcastRecord{8ce011b u0 null}
10-10 09:30:35.995  1496  2455 I HwAlarmManagerService: hwSetAlarm listenerTag: *job.delay*
10-10 09:30:35.995  1496  2455 I JobScheduler.Time: mNextDelayExpiredElapsedMillis: 815569471
10-10 09:30:35.998  1496  1496 D JobScheduler: queuing all ready jobs for execution:
10-10 09:30:35.999  1496  1765 V BroadcastQueue: Finished with ordered broadcast BroadcastRecord{9eee2b8 u0 null}
10-10 09:30:36.023  1496  1765 V BroadcastQueue: Finished with ordered broadcast BroadcastRecord{3a9c3f6 u0 com.huawei.hwsystemmanager.power.SCHEDULE_RECORD_REMAING_TIME_SCENE}
10-10 09:30:36.030  1496  1496 D JobScheduler: queuing all ready jobs for execution:
10-10 09:30:36.033  1496  1496 D JobScheduler: queuing all ready jobs for execution:
10-10 09:30:36.034  1496  1765 V BroadcastQueue: Finished with ordered broadcast BroadcastRecord{d115bce u0 com.huawei.bd.action.heartbeat_hour}
10-10 09:30:36.039 32212  8788 D DownloadManager: Removed 0 stale downloads
10-10 09:30:36.041  1496  2622 V BroadcastQueue: Finished with ordered broadcast BroadcastRecord{77b3e17 u-1 android.intent.action.TIME_TICK}
10-10 09:30:36.063 32212  8788 D DownloadManager: Found 0 files in database
10-10 09:30:36.063 32212  8788 D DownloadManager: Found 0 files on disk
10-10 09:30:36.080  1496  1496 D JobScheduler: queuing all ready jobs for execution:
10-10 09:30:36.091  1496  1765 I JobScheduler.Time: onControllerStateChanged
10-10 09:30:36.093  1496  1765 W HwAlarmManagerService: isContainsAppUidInWorksource-->happend NameNotFoundException
10-10 09:30:36.099  1496  1765 W HwAlarmManagerService: isContainsAppUidInWorksource-->happend NameNotFoundException
10-10 09:30:36.102  1496  1765 I HwAlarmManagerService: hwSetAlarm listenerTag: *job.delay*
10-10 09:30:36.103  1496  1765 I JobScheduler.Time: mNextDelayExpiredElapsedMillis: 815599451
10-10 09:30:36.104  1496  1496 D JobScheduler: queuing all ready jobs for execution:
10-10 09:30:36.113  1496  1496 D JobScheduler: queuing all ready jobs for execution:
10-10 09:30:36.140 32212  8788 D DownloadManager: Removed 0 stale downloads
10-10 09:30:36.159 32212  8788 D DownloadManager: Found 0 files in database
10-10 09:30:36.159 32212  8788 D DownloadManager: Found 0 files on disk
10-10 09:30:36.165  1496  1496 D JobScheduler: queuing all ready jobs for execution:
10-10 09:30:36.683  1496  1496 W HwAlarmManagerService: isContainsAppUidInWorksource-->happend NameNotFoundException
10-10 09:30:36.684  1496  1496 W HwAlarmManagerService: isContainsAppUidInWorksource-->happend NameNotFoundException
10-10 09:30:36.688  1496  1496 I HwAlarmManagerService: hwSetAlarm listenerTag: *job.delay*
10-10 09:30:36.688  1496  1496 I JobScheduler.Time: mNextDelayExpiredElapsedMillis: 815570172
10-10 09:30:36.689  1496  1496 D JobScheduler: queuing all ready jobs for execution:
10-10 09:30:37.213  1496  1496 W HwAlarmManagerService: isContainsAppUidInWorksource-->happend NameNotFoundException
10-10 09:30:37.214  1496  1496 W HwAlarmManagerService: isContainsAppUidInWorksource-->happend NameNotFoundException
10-10 09:30:37.217  1496  1496 I HwAlarmManagerService: hwSetAlarm listenerTag: *job.delay*
