10-10 09:38:42.921 I/MicroMsg.MemoryWatchDog( 3697): | SystemMemoryInfo:	 totalMem=3889393664, availMem=2257252352, lowMemory=false, threshold=226492416
10-10 09:38:42.921 I/MicroMsg.MemoryWatchDog( 3697): | Dalvik:	 memClass=384, memLargeClass=512 B, UsedMemory=16117344 B, RecycledMemory=2220680 B, MaxMemory=536870912 B
10-10 09:38:42.921 I/MicroMsg.MemoryWatchDog( 3697): | NATIVE:	 HeapSize=27262976 B, AllocatedSize=23770488 B, RecycledSize=3492488 B
10-10 09:38:42.921 I/MicroMsg.MemoryWatchDog( 3697): | Stats:	 pss-sum:0 KB, code=5276, stack=44, graphics=0, java-heap=6808, native-heap=18792, system=39702, total-pss=78594, private-other=7972, total-swap=7936
10-10 09:38:42.921 I/MicroMsg.MemoryWatchDog( 3697): | AMSStats:	 code=5276, stack=44, graphics=0, java-heap=6812, native-heap=18792, system=39702, total-pss=78598, private-other=7972, total-swap=7936
10-10 09:38:42.921 I/MicroMsg.MemoryWatchDog( 3697): | FgService:	[]
10-10 09:38:42.921 I/MicroMsg.MemoryWatchDog( 3697): >>>>>>>>>>>>>>>>>>>>>>>>>>>>>>>>>>>>>>>>>>>>>>>>>>> END(cost:268ms) <<<<<<<<<<<<<<<<<<<<<<<<<<<<<<<<<<<<<<<<<<<<<<<<<<<
10-10 09:38:43.713 I/chatty  ( 1934): uid=1000(system) UEventObserver expire 48 lines
10-10 09:38:45.816 I/HwNaturalBase( 1994): [Timer-0]: MultiUserManagerService:  getNotActiveUser start
10-10 09:38:47.347 I/chatty  (  441): uid=0(root) oeminfo_nvm_ser expire 14 lines
10-10 09:38:47.840 E/memtrack( 3800): Couldn't load memtrack module
10-10 09:38:47.840 W/android.os.Debug( 3800): failed to get memory consumption info: -1
10-10 09:38:48.110 I/MicroMsg.MemoryWatchDog( 3800): [AutoCheck]  
10-10 09:38:48.110 I/MicroMsg.MemoryWatchDog( 3800): >>>>>>>>>>>>>>>>>>>>>>>>>>>>>>>>>>>>>>>>>>>>>>>>>>> MemoryInfo(tid=1237) <<<<<<<<<<<<<<<<<<<<<<<<<<<<<<<<<<<<<<<<<<<<<<<<
10-10 09:38:48.110 I/MicroMsg.MemoryWatchDog( 3800): | Activity:	default	AppForeground:true	ProcessForeground:false
10-10 09:38:48.110 I/MicroMsg.MemoryWatchDog( 3800): | Source:	 3
10-10 09:38:48.110 I/MicroMsg.MemoryWatchDog( 3800): | VmSize:	 5583824kB
10-10 09:38:48.110 I/MicroMsg.MemoryWatchDog( 3800): | SystemMemoryInfo:	 totalMem=3889393664, availMem=2257047552, lowMemory=false, threshold=226492416
10-10 09:38:48.110 I/MicroMsg.MemoryWatchDog( 3800): | Dalvik:	 memClass=384, memLargeClass=512 B, UsedMemory=18023466 B, RecycledMemory=741546 B, MaxMemory=536870912 B
10-10 09:38:48.110 I/MicroMsg.MemoryWatchDog( 3800): | NATIVE:	 HeapSize=39845888 B, AllocatedSize=24457736 B, RecycledSize=15388152 B
10-10 09:38:48.110 I/MicroMsg.MemoryWatchDog( 3800): | Stats:	 pss-sum:191247 KB, code=33464, stack=36, graphics=0, java-heap=9792, native-heap=20204, system=39861, total-pss=112433, private-other=9076, total-swap=7944
10-10 09:38:48.110 I/MicroMsg.MemoryWatchDog( 3800): | AMSStats:	 code=33464, stack=36, graphics=0, java-heap=9792, native-heap=20204, system=39861, total-pss=112433, private-other=9076, total-swap=7944
10-10 09:38:48.110 I/MicroMsg.MemoryWatchDog( 3800): | FgService:	[]
10-10 09:38:48.110 I/MicroMsg.MemoryWatchDog( 3800): >>>>>>>>>>>>>>>>>>>>>>>>>>>>>>>>>>>>>>>>>>>>>>>>>>> END(cost:425ms) <<<<<<<<<<<<<<<<<<<<<<<<<<<<<<<<<<<<<<<<<<<<<<<<<<<
10-10 09:38:48.110 I/MicroMsg.MemoryWatchDog( 3800): | Process: com.tencent.mm, pid: 3800, totalPss: 112437
10-10 09:38:48.110 I/MicroMsg.MemoryWatchDog( 3800): | Process: com.tencent.mm:push, pid: 3697, totalPss: 78810
10-10 09:38:49.734 I/storaged(  738): storaged_t::event: storage_info refreshed.
10-10 09:38:50.263 I/chatty  (10298): uid=0(root) expire 1 line
10-10 09:38:50.495 V/Cursor  ( 3264): Filling cursor window with start position:0 required position:0
10-10 09:38:50.497 I/chatty  ( 3264): uid=10106(com.huawei.health) Timer-2 identical 2 lines
10-10 09:38:50.498 V/Cursor  ( 3264): Filling cursor window with start position:0 required position:0
10-10 09:38:52.942 V/BroadcastQueue( 1496): Finished with ordered broadcast BroadcastRecord{4441920 u0 com.tencent.mm.plugin.report.service.KVCommCrossProcessReceiver}
10-10 09:38:57.357 I/chatty  ( 1934): uid=1000(system) com.huawei.systemserver expire 12 lines
10-10 09:38:59.389 I/HwBatteryService( 1496): quick charge status : 0
10-10 09:38:59.390 D/HwBatteryService( 1496): onUEvent fcpStatus = 0
10-10 09:38:59.390 D/HwBatteryService( 1496): onUEvent scpStatus = 0 ,ovpStatus = 0
10-10 09:38:59.390 I/HwBatteryService( 1496): handleWirelessTxStatus
10-10 09:38:59.390 I/HwBatteryService( 1496): switch not open, return, mWirelessTxFlag : 0
10-10 09:38:59.391 I/UsbDeviceManager( 1496): water_intrused state= 0
10-10 09:39:00.583 I/HwNaturalBase( 1994): [CommonHandler]: 32360Kb ram is used.
10-10 09:39:01.866 I/chatty  (  739): uid=1000(system) /system/bin/thermal-daemon expire 17 lines
10-10 09:39:05.240 I/chatty  ( 1934): uid=1000(system) UEventObserver expire 96 lines
10-10 09:39:10.038 W/Watchdog( 1496): hungtask: writing kick
10-10 09:39:12.495 I/chatty  (  441): uid=0(root) oeminfo_nvm_ser expire 26 lines
10-10 09:39:12.498 I/chatty  ( 2285): uid=1000(system) Thread-2 expire 14 lines
10-10 09:39:15.853 I/chatty  (  739): uid=1000(system) /system/bin/thermal-daemon expire 12 lines
10-10 09:39:30.120 I/HwBatteryService( 1496): quick charge status : 0
10-10 09:39:30.120 D/HwBatteryService( 1496): onUEvent fcpStatus = 0
10-10 09:39:30.120 D/HwBatteryService( 1496): onUEvent scpStatus = 0 ,ovpStatus = 0
10-10 09:39:30.120 I/HwBatteryService( 1496): handleWirelessTxStatus
10-10 09:39:30.120 I/HwBatteryService( 1496): switch not open, return, mWirelessTxFlag : 0
10-10 09:39:30.121 I/UsbDeviceManager( 1496): water_intrused state= 0
10-10 09:39:38.910 I/chatty  (  765): uid=0(root) erecovery-event expire 29 lines
10-10 09:39:40.042 W/Watchdog( 1496): hungtask: writing kick
10-10 09:39:43.248 I/ImsResolver( 2030): getMmTelFeatureAndListen - slot: 2 callback: com.android.ims.MmTelFeatureConnection$1@c14131
10-10 09:39:45.817 I/HwNaturalBase( 1994): [Timer-0]: MultiUserManagerService:  getNotActiveUser start
10-10 09:39:48.072 I/chatty  ( 1446): uid=1000(system) /vendor/bin/octty expire 10 lines
10-10 09:39:48.076 D/OCTTY   ( 1446): [set_baud_rate:115] set_baud_rate
10-10 09:39:48.076 D/OCTTY   ( 1446): [set_baud_rate:146] set_baud_rate() done
10-10 09:39:48.076 D/OCTTY   ( 1446): [change_baud_rate:161] change_baud_rate
10-10 09:39:48.076 D/OCTTY   ( 1446): [change_baud_rate:199] change_baud_rate() done
10-10 09:39:48.077 D/OCTTY   ( 1446): [hisi_config_uart:330]Have installed N_HW_BFG Line displine
10-10 09:39:48.077 E/OCTTY   ( 1446): [main:370] install already set to 
10-10 09:39:48.077 E/OCTTY   ( 1446): 
10-10 09:39:48.101 I/OAM     ( 1448): [check_file_size:511]/data/vendor/log/hi110x/bfg_log/bfg_log_1 log file beyond size=10240Byte, creat new file
10-10 09:39:48.102 I/OAM     ( 1448): [rename_old_file:216]rename_old_file
10-10 09:39:48.102 I/OAM     ( 1448): 
10-10 09:39:48.409 I/chatty  ( 1934): uid=1000(system) UEventObserver expire 52 lines
10-10 09:39:49.736 I/storaged(  738): storaged_t::event: storage_info refreshed.
10-10 09:39:52.770 I/AlarmManager( 1496): remove alarm:Alarm{e21a74c type 2 when 1075326249 PendingIntent{c44efbd: PendingIntentRecord{393d9b2 com.tencent.mm broadcastIntent}}com.tencent.mm} according to operation:127a49e
10-10 09:39:52.773 E/libc    ( 3697): Access denied finding property "net.dns1"
10-10 09:39:52.773 E/libc    ( 3697): Access denied finding property "net.dns2"
10-10 09:39:52.783 I/chatty  (  530): uid=0(root) Binder:530_2 expire 2 lines
10-10 09:39:55.446 I/chatty  ( 1451): uid=1021(gps) ril0_send expire 2 lines
10-10 09:39:55.458 I/chatty  ( 1451): uid=1021(gps) /vendor/bin/hignss_hisi expire 6 lines
10-10 09:39:55.487 I/chatty  (10310): uid=1021(gps) expire 132 lines
10-10 09:39:55.543 I/chatty  ( 1451): uid=1021(gps) hppet expire 2 lines
10-10 09:39:56.953 I/chatty  (  739): uid=1000(system) /system/bin/thermal-daemon expire 11 lines
10-10 09:39:57.443 I/chatty  ( 1934): uid=1000(system) com.huawei.systemserver expire 11 lines
10-10 09:39:58.591 I/chatty  (  765): uid=0(root) erecovery-event expire 25 lines
10-10 09:39:59.193 I/chatty  (  441): uid=0(root) oeminfo_nvm_ser expire 24 lines
10-10 09:40:00.698 I/HwNaturalBase( 1994): [CommonHandler]: 32366Kb ram is used.
10-10 09:40:00.817 I/HwBatteryService( 1496): quick charge status : 0
10-10 09:40:00.818 D/HwBatteryService( 1496): onUEvent fcpStatus = 0
10-10 09:40:00.818 D/HwBatteryService( 1496): onUEvent scpStatus = 0 ,ovpStatus = 0
10-10 09:40:00.818 I/HwBatteryService( 1496): handleWirelessTxStatus
10-10 09:40:00.818 I/HwBatteryService( 1496): switch not open, return, mWirelessTxFlag : 0
10-10 09:40:00.819 I/UsbDeviceManager( 1496): water_intrused state= 0
10-10 09:40:10.046 W/Watchdog( 1496): hungtask: writing kick
10-10 09:40:10.054 I/chatty  ( 1934): uid=1000(system) UEventObserver expire 48 lines
10-10 09:40:19.097 I/chatty  ( 1934): uid=1000(system) DaemonClientRec expire 8 lines
10-10 09:40:19.140 I/chatty  ( 1934): uid=1000(system) SmartcareThread expire 2 lines
10-10 09:40:25.401 W/HiDecision(22049): MinuteGeneratorService: This is no hour change
10-10 09:40:26.422 I/chatty  (  765): uid=0(root) erecovery-event expire 12 lines
10-10 09:40:31.534 I/HwBatteryService( 1496): quick charge status : 0
10-10 09:40:31.534 D/HwBatteryService( 1496): onUEvent fcpStatus = 0
10-10 09:40:31.534 D/HwBatteryService( 1496): onUEvent scpStatus = 0 ,ovpStatus = 0
10-10 09:40:31.534 I/HwBatteryService( 1496): handleWirelessTxStatus
10-10 09:40:31.534 I/HwBatteryService( 1496): switch not open, return, mWirelessTxFlag : 0
10-10 09:40:31.535 I/UsbDeviceManager( 1496): water_intrused state= 0
10-10 09:40:31.584 I/chatty  ( 1934): uid=1000(system) UEventObserver expire 48 lines
10-10 09:40:37.493 I/chatty  ( 1934): uid=1000(system) com.huawei.systemserver expire 10 lines
10-10 09:40:40.050 W/Watchdog( 1496): hungtask: writing kick
10-10 09:40:40.052 I/EventHub( 1496): EventHub monitor: no key events in the past 5429s, no motion events in the past 5164s
10-10 09:40:40.838 I/chatty  (  765): uid=0(root) erecovery-event expire 11 lines
10-10 09:40:42.246 I/chatty  (  441): uid=0(root) oeminfo_nvm_ser expire 12 lines
10-10 09:40:45.818 I/HwNaturalBase( 1994): [Timer-0]: MultiUserManagerService:  getNotActiveUser start
10-10 09:40:47.255 I/ImsResolver( 2030): getMmTelFeatureAndListen - slot: 2 callback: com.android.ims.MmTelFeatureConnection$1@10be016
10-10 09:40:49.738 I/storaged(  738): storaged_t::event: storage_info refreshed.
10-10 09:40:53.113 I/chatty  ( 1934): uid=1000(system) UEventObserver expire 44 lines
10-10 09:40:53.485 I/mars::stn( 3697): [longlink_connect_monitor.cc, __IntervalConnect, 257]:longlink_progress next connect interval: 604800000, process active state: false, process foreground: false
10-10 09:40:53.499 I/mars::stn( 3697): [longlink_connect_monitor.cc, __LongLinkStateToSystemLog, 119]:longlink_progress longlink state: connecting time: 816186989
10-10 09:40:53.504 E/libc    ( 3697): Access denied finding property "net.dns1"
10-10 09:40:53.504 E/libc    ( 3697): Access denied finding property "net.dns2"
10-10 09:40:53.511 I/chatty  (  530): uid=0(root) Binder:530_2 expire 1 line
10-10 09:40:53.521 E/libc    ( 3697): Access denied finding property "net.dns1"
10-10 09:40:53.522 E/libc    ( 3697): Access denied finding property "net.dns2"
10-10 09:40:54.301 I/chatty  (  765): uid=0(root) erecovery-event expire 17 lines
10-10 09:41:00.814 I/HwNaturalBase( 1994): [CommonHandler]: 32369Kb ram is used.
10-10 09:41:02.265 I/HwBatteryService( 1496): quick charge status : 0
10-10 09:41:02.265 D/HwBatteryService( 1496): onUEvent fcpStatus = 0
10-10 09:41:02.265 D/HwBatteryService( 1496): onUEvent scpStatus = 0 ,ovpStatus = 0
10-10 09:41:02.265 I/HwBatteryService( 1496): handleWirelessTxStatus
10-10 09:41:02.265 I/HwBatteryService( 1496): switch not open, return, mWirelessTxFlag : 0
10-10 09:41:02.266 I/UsbDeviceManager( 1496): water_intrused state= 0
10-10 09:41:03.560 V/BroadcastQueue( 1496): Finished with ordered broadcast BroadcastRecord{c67ec38 u0 com.tencent.mm.plugin.report.service.KVCommCrossProcessReceiver}
10-10 09:41:03.781 I/chatty  (  441): uid=0(root) oeminfo_nvm_ser expire 24 lines
10-10 09:41:09.611 I/AlarmManager( 1496): remove alarm:Alarm{54f4b77 type 2 when 1075386973 PendingIntent{a62beaf: PendingIntentRecord{c7eb2bc com.tencent.mm broadcastIntent}}com.tencent.mm} according to operation:d88d411
10-10 09:41:09.622 I/mars::stn( 3697): [longlink_connect_monitor.cc, __LongLinkStateToSystemLog, 119]:longlink_progress longlink state: connect failed connect socket error, disconnected time: 816203112
10-10 09:41:10.054 W/Watchdog( 1496): hungtask: writing kick
10-10 09:41:10.056 I/EventHub( 1496): EventHub monitor: no key events in the past 5459s, no motion events in the past 5194s
10-10 09:41:10.108 I/mars::stn( 3697): [longlink_connect_monitor.cc, __IntervalConnect, 257]:longlink_progress next connect interval: 604800000, process active state: false, process foreground: false
10-10 09:41:10.115 I/AlarmManager( 1496): remove alarm:Alarm{c9ae702 type 2 when 1075403596 PendingIntent{d88d411: PendingIntentRecord{a05a976 com.tencent.mm broadcastIntent}}com.tencent.mm} according to operation:cb93e4
10-10 09:41:10.125 I/mars::stn( 3697): [longlink_connect_monitor.cc, __AutoIntervalConnect, 319]:longlink_progress set rebuild alarm, reason: rebuild longlink alarm, current time: 816203615, next rebuild time interval: 583389
10-10 09:41:14.531 I/chatty  ( 1934): uid=1000(system) UEventObserver expire 72 lines
10-10 09:41:16.082 I/chatty  (  765): uid=0(root) erecovery-event expire 47 lines
10-10 09:41:19.650 V/BroadcastQueue( 1496): Finished with ordered broadcast BroadcastRecord{de32813 u0 com.tencent.mm.plugin.report.service.KVCommCrossProcessReceiver}
10-10 09:41:32.988 I/HwBatteryService( 1496): quick charge status : 0
10-10 09:41:32.988 D/HwBatteryService( 1496): onUEvent fcpStatus = 0
10-10 09:41:32.988 D/HwBatteryService( 1496): onUEvent scpStatus = 0 ,ovpStatus = 0
10-10 09:41:32.988 I/HwBatteryService( 1496): handleWirelessTxStatus
10-10 09:41:32.988 I/HwBatteryService( 1496): switch not open, return, mWirelessTxFlag : 0
10-10 09:41:32.989 I/UsbDeviceManager( 1496): water_intrused state= 0
10-10 09:41:40.057 W/Watchdog( 1496): hungtask: writing kick
10-10 09:41:40.059 I/EventHub( 1496): EventHub monitor: no key events in the past 5489s, no motion events in the past 5224s
10-10 09:41:44.085 I/chatty  (  765): uid=0(root) erecovery-event expire 13 lines
10-10 09:41:45.819 I/HwNaturalBase( 1994): [Timer-0]: MultiUserManagerService:  getNotActiveUser start
10-10 09:41:46.824 I/chatty  ( 1934): uid=1000(system) UEventObserver expire 48 lines
10-10 09:41:46.838 I/chatty  (  441): uid=0(root) oeminfo_nvm_ser expire 14 lines
10-10 09:41:49.739 I/storaged(  738): storaged_t::event: storage_info refreshed.
10-10 09:41:51.262 I/ImsResolver( 2030): getMmTelFeatureAndListen - slot: 2 callback: com.android.ims.MmTelFeatureConnection$1@7594d97
10-10 09:41:57.525 I/chatty  ( 1934): uid=1000(system) com.huawei.systemserver expire 15 lines
10-10 09:42:00.942 I/HwNaturalBase( 1994): [CommonHandler]: 32369Kb ram is used.
10-10 09:42:03.699 I/HwBatteryService( 1496): quick charge status : 0
10-10 09:42:03.700 D/HwBatteryService( 1496): onUEvent fcpStatus = 0
10-10 09:42:03.700 D/HwBatteryService( 1496): onUEvent scpStatus = 0 ,ovpStatus = 0
10-10 09:42:03.700 I/HwBatteryService( 1496): handleWirelessTxStatus
10-10 09:42:03.700 I/HwBatteryService( 1496): switch not open, return, mWirelessTxFlag : 0
10-10 09:42:03.701 I/UsbDeviceManager( 1496): water_intrused state= 0
10-10 09:42:03.828 I/chatty  (  765): uid=0(root) erecovery-event expire 13 lines
10-10 09:42:08.362 I/chatty  ( 1934): uid=1000(system) UEventObserver expire 32 lines
10-10 09:42:08.544 I/HwBatteryService( 1496): quick charge status : 0
10-10 09:42:08.545 D/HwBatteryService( 1496): onUEvent fcpStatus = 0
10-10 09:42:08.545 D/HwBatteryService( 1496): onUEvent scpStatus = 0 ,ovpStatus = 0
10-10 09:42:08.545 I/HwBatteryService( 1496): handleWirelessTxStatus
10-10 09:42:08.545 I/HwBatteryService( 1496): switch not open, return, mWirelessTxFlag : 0
10-10 09:42:08.546 I/UsbDeviceManager( 1496): water_intrused state= 0
10-10 09:42:08.553 I/BatteryService( 1496): normal charge status : 1
10-10 09:42:08.561 D/        (  573): SetLightBattery colorRGB=FF00FF00, onMS=0, offMS=0 
10-10 09:42:08.565 I/chatty  ( 1934): uid=1000(system) com.huawei.systemserver expire 4 lines
10-10 09:42:08.565 W/KeyguardUpdateMonitor( 1807): ACTION_BATTERY_CHANGED AMP: 0; Volt: 0
10-10 09:42:08.568 I/chatty  ( 2005): uid=1000(system) com.huawei.powergenie expire 13 lines
10-10 09:42:08.570 W/HiDecision(22049): SystemStateReceiver: other action
10-10 09:42:08.571 I/chatty  ( 2285): uid=1000(system) com.huawei.systemmanager:service expire 15 lines
10-10 09:42:08.572 I/chatty  ( 2285): uid=1000(system) Thread-2 expire 14 lines
10-10 09:42:08.572 I/chatty  ( 2285): uid=1000(system) Thread-10 expire 14 lines
10-10 09:42:08.575 D/HwInnerWifiManagerImpl( 1496): SupplicantState = INACTIVE
10-10 09:42:08.575 D/WifiStateMachine( 1496): mBcastReceiver: PluggedType = 2 mIsScanCtrlPluggedin = true
10-10 09:42:08.575 D/HwWifiService( 1496): mPluggedType =2
10-10 09:42:08.576 D/HwCustTethering( 1496): new plugged:2, current plugged:2
10-10 09:42:08.577 W/MagazineUtils( 1807): check active connect, state = -1
10-10 09:42:08.581 E/        (  576): [hw_comm_get_power_state] test_scene: charger_type
10-10 09:42:08.581 E/        (  576): hw_pwr_read_int open:/sys/class/hw_power/charger/direct_charger/adaptor_detect err
10-10 09:42:08.581 E/        (  576): [hw_comm_get_power_state] test_scene: 31, result: 0 
10-10 09:42:08.590 W/KeyguardUpdateMonitor( 1807): ChargingSpeed  Wattage: -1 ST: 5000000 --> 7500000
10-10 09:42:08.590 I/KgBattery( 1807): BatteryInfo updated:  2lPc-1
10-10 09:42:08.591 W/KG_FDT  ( 1807): isFaceUnlockEnabled 0
10-10 09:42:08.592 W/HwKgdBArea_BTY( 1807): updateBatteryInfo : false showBatteryInfo:  true isShowChargingFpDisplay:  false
10-10 09:42:08.592 W/HwKgdBArea_BTY( 1807): updateBatteryInfo : false showBatteryInfo:  true isShowChargingFpDisplay:  false
10-10 09:42:08.593 W/HwLockScreenPanel( 1807): refreshBatteryInfo: null
10-10 09:42:08.593 W/HwLockScreenPanel( 1807): Handle message: 100
10-10 09:42:08.594 W/KgBattery( 1807): getCharge info with type: text
10-10 09:42:08.610 W/PanelView( 1807): set notification panel padding = 1556
10-10 09:42:08.610 W/HwBackDropView( 1807): setAnimationParamInner 0.0   0
10-10 09:42:08.611 W/HwKeyguardBottomArea( 1807): refresh Charge status layout when dp changed
10-10 09:42:08.613 W/HwKeyguardBottomArea( 1807): refresh Charge status layout when dp changed
10-10 09:42:08.631 W/PanelView( 1807): set notification panel padding = 1556
10-10 09:42:08.631 W/HwBackDropView( 1807): setAnimationParamInner 0.0   0
10-10 09:42:10.061 W/Watchdog( 1496): hungtask: writing kick
10-10 09:42:10.063 I/EventHub( 1496): EventHub monitor: no key events in the past 5519s, no motion events in the past 5254s
10-10 09:42:11.990 I/Legacy PowerHAL(  576): get_number_of_platform_modes
10-10 09:42:11.990 I/Legacy PowerHAL(  576): get_voter_list!
10-10 09:42:11.990 I/Legacy PowerHAL(  576): get_platform_low_power_stats update list
10-10 09:42:11.998 I/chatty  (  441): uid=0(root) oeminfo_nvm_ser expire 19 lines
10-10 09:42:19.161 I/chatty  ( 2005): uid=1000(system) HandleHighTempT expire 17 lines
10-10 09:42:19.199 I/ArHal   (  540): (ar_data_netlink_cb:840):cmd[2].length[48]
10-10 09:42:19.201 I/chatty  ( 1934): uid=1000(system) HwBinder:1934_1 expire 3 lines
10-10 09:42:19.204 I/chatty  ( 3576): uid=10081(com.huawei.hiai) Binder:3576_1 expire 20 lines
10-10 09:42:19.211 D/HwLBSService.HwNLPMSDPFunction( 1918): onMovementStatusChanged, type: 0
10-10 09:42:19.216 I/chatty  ( 2494): uid=10055(com.huawei.hwid) Binder:2494_2 expire 14 lines
10-10 09:42:19.223 I/chatty  ( 3576): uid=10081(com.huawei.hiai) myHandlerThread expire 46 lines
10-10 09:42:19.226 I/chatty  ( 1974): uid=1000(system) Binder:1974_2 expire 23 lines
10-10 09:42:19.228 W/ActivityManager( 1496): Sending non-protected broadcast com.huawei.hiai.awareness.movement from system uid 1000 pkg com.huawei.powergenie
10-10 09:42:19.229 W/ActivityManager( 1496): Sending non-protected broadcast com.huawei.hiai.awareness.movement from system uid 1000 pkg com.huawei.powergenie
10-10 09:42:19.232 I/chatty  ( 1974): uid=1000(system) OdmfCtrlThread expire 24 lines
10-10 09:42:19.234 I/chatty  ( 2005): uid=1000(system) core expire 10 lines
10-10 09:42:19.234 I/chatty  ( 1974): uid=1000(system) OdmfDataThread expire 16 lines
10-10 09:42:19.237 W/ActivityManager( 1496): Sending non-protected broadcast com.huawei.hiai.awareness.movement from system uid 1000 pkg com.huawei.powergenie
10-10 09:42:19.237 W/ActivityManager( 1496): Sending non-protected broadcast com.huawei.hiai.awareness.movement from system uid 1000 pkg com.huawei.powergenie
10-10 09:42:22.433 I/chatty  (  765): uid=0(root) erecovery-event expire 14 lines
10-10 09:42:22.749 I/chatty  ( 1934): uid=1000(system) UEventObserver expire 48 lines
10-10 09:42:22.772 E/libc    ( 3697): Access denied finding property "net.dns1"
10-10 09:42:22.772 E/libc    ( 3697): Access denied finding property "net.dns2"
10-10 09:42:22.779 I/chatty  (  530): uid=0(root) Binder:530_2 expire 2 lines
10-10 09:42:34.428 I/HwBatteryService( 1496): quick charge status : 0
10-10 09:42:34.429 D/HwBatteryService( 1496): onUEvent fcpStatus = 0
10-10 09:42:34.429 D/HwBatteryService( 1496): onUEvent scpStatus = 0 ,ovpStatus = 0
10-10 09:42:34.429 I/HwBatteryService( 1496): handleWirelessTxStatus
10-10 09:42:34.429 I/HwBatteryService( 1496): switch not open, return, mWirelessTxFlag : 0
10-10 09:42:34.430 I/UsbDeviceManager( 1496): water_intrused state= 0
10-10 09:42:40.065 W/Watchdog( 1496): hungtask: writing kick
10-10 09:42:40.067 I/EventHub( 1496): EventHub monitor: no key events in the past 5549s, no motion events in the past 5284s
10-10 09:42:44.280 I/chatty  ( 1934): uid=1000(system) UEventObserver expire 35 lines
10-10 09:42:44.303 I/chatty  (  441): uid=0(root) oeminfo_nvm_ser expire 15 lines
10-10 09:42:45.819 I/chatty  ( 1994): uid=1000(system) Timer-0 expire 11 lines
10-10 09:42:46.186 I/chatty  (  765): uid=0(root) erecovery-event expire 52 lines
10-10 09:42:49.741 I/storaged(  738): storaged_t::event: storage_info refreshed.
10-10 09:42:52.956 I/chatty  ( 2005): uid=1000(system) ThermalTraceThr expire 6 lines
10-10 09:42:52.962 D/MtpReceiver(32212): Debug MTP:ACTION_USB_STATE 
10-10 09:42:52.963 I/chatty  (21737): uid=1000(system) com.android.settings expire 15 lines
10-10 09:42:52.963 D/MtpReceiver(32212): handleUsbState startService
10-10 09:42:52.963 D/MtpReceiver(32212): Debug MTP:srart MTP service 
10-10 09:42:52.963 D/MediaProvider(32212): fixParentIdIfNeeded called
10-10 09:42:52.967 D/MtpService(32212): starting MTP server in MTP mode with storage /storage/emulated/0 unlocked as user 0
10-10 09:42:52.967 I/HWSERVICES(32212): hwnative_get_component:libstagefright,Scanner
10-10 09:42:52.968 I/HISEC   (  647): [STATIC    ] static check started
10-10 09:42:52.968 I/iMonitor(  647): create: 940001000
10-10 09:42:52.969 I/iMonitor(  647): send: 940001000
10-10 09:42:52.969 I/HISEC   (  647): [ENGINE    ] upload threat succeed: name:usb-debug,stat:RISK,cred:Y,seq:441,table: 0 0 0 2,errno:5#1y,detail:"CONFIGURED"
10-10 09:42:52.970 I/StagefrightMediaScannerEx(32212): StagefrightMediaScanner Constructor
10-10 09:42:52.973 D/MediaScanner(32212): setStorageEjectFlag flag = 0
10-10 09:42:52.974 D/MediaScanner(32212): totalMemoryGb 3, lowRamDevice falsemMaxFileCacheEntrySize = 90000
10-10 09:42:52.976 W/ContextImpl(21737): Calling a method in the system process without a qualified user: android.app.ContextImpl.startService:1771 android.content.ContextWrapper.startService:664 android.content.ContextWrapper.startService:664 com.android.settings.deviceinfo.UsbReceiver.startUsbService:322 com.android.settings.deviceinfo.UsbReceiver.onUsbStateReceive:168 
10-10 09:42:52.978 I/MtpService(32212): Couldn't get control FD!
10-10 09:42:52.978 I/HWSERVICES(32212): hwnative_get_component_mtpServer  comes...
10-10 09:42:52.980 V/MtpServerEx(32212): constructor
10-10 09:42:52.980 I/HwMtpServerExJNI(32212): set MtpServerEx 0x70bb91ba00
10-10 09:42:52.980 I/HwMtpServerExJNI(32212): Finish to setup MtpServer
10-10 09:42:52.980 E/OEMINFO_NVM_CLIENT(  647): OinvRecvReturn: RET_FAIL return.
10-10 09:42:52.980 E/OEMINFO_NVM_CLIENT(  647): rmt_oeminfo_read: index(103) get data from server fail.
10-10 09:42:52.981 W/ContextImpl(21737): Calling a method in the system process without a qualified user: android.app.ContextImpl.startService:1771 android.content.ContextWrapper.startService:664 android.content.ContextWrapper.startService:664 com.android.settings.deviceinfo.UsbReceiver.startUsbService:322 com.android.settings.deviceinfo.UsbReceiver.onUsbStateReceive:231 
10-10 09:42:52.983 I/chatty  (21737): uid=1000(system) com.android.settings expire 6 lines
10-10 09:42:52.987 V/MtpService(32212): Adding MTP storage:/storage/emulated/0
10-10 09:42:52.988 V/BroadcastQueue( 1496): Finished with ordered broadcast BroadcastRecord{b54714e u-1 android.hardware.usb.action.USB_STATE}
10-10 09:42:52.998 E/MtpDatabase(32212): addStorageId : 65537
10-10 09:42:52.999 E/HwMtpServerExJNI(32212): android_mtp_MtpServerEx_add_storage, line 134
10-10 09:42:52.999 I/HWSERVICES(32212): hwnative_get_component_mtpStorage  comes...
10-10 09:42:53.000 E/HWSERVICES(32212): hwnative_get_component_mtpStorage error: undefined symbol: _Z27createMyComponentMtpStoragePvjPKcS1_mbm
10-10 09:42:53.643 I/adbd    ( 4934): Calling send_auth_request...
10-10 09:42:53.647 I/adbd    ( 4934): Loading keys from /data/misc/adb/adb_keys
10-10 09:42:53.652 I/adbd    ( 4934): adb client authorized
10-10 09:42:53.688 I/NotificationService( 1496): enqueueNotificationInternal: pkg=com.android.settings id=1000002 notification=Notification(channel=SETTINGS_USB pri=1 contentView=null vibrate=null sound=null tick defaults=0x0 flags=0x2 color=0x00000000 vis=PRIVATE)
10-10 09:42:53.688 I/chatty  ( 1496): uid=1000(system) Binder:1496_13 expire 10 lines
10-10 09:42:53.689 I/NotificationService( 1496): enqueueNotificationInternal Channel Info : pkg=com.android.settings id=1000002 importance =1
10-10 09:42:53.709 E/SQLiteLog( 3264): (1) 
10-10 09:42:53.710 D/NotificationEntryMgr( 1807): updateNotification(StatusBarNotification(pkg=com.android.settings user=UserHandle{0} id=1000002 tag=null key=0|com.android.settings|1000002|null|1000: Notification(channel=SETTINGS_USB pri=1 contentView=null vibrate=null sound=null tick defaults=0x0 flags=0x2 color=0x00000000 vis=PRIVATE)))
10-10 09:42:53.715 I/NotificationInflation2( 1807): start: entry=74221167,key=0|com.android.settings|1000002|null|1000
10-10 09:42:53.716 D/NotificationEntryMgr( 1807): No peeking: not in use: 0|com.android.settings|1000002|null|1000
10-10 09:42:53.716 I/NotificationInflation4( 1807): doInBackground is begin
10-10 09:42:53.716 W/NotificationViewHierarchyManager( 1807): updateNotificationShade activeNotificationSize=1;hasFaceDT: false; Detected:false
10-10 09:42:53.719 I/HwNotificationEx( 1807): new HwNotificationEx
10-10 09:42:53.719 I/HwNotificationEx( 1807): isPureColorIcon
10-10 09:42:53.719 I/HwNotificationEx( 1807): mHWColorUtil is null get it agin
10-10 09:42:53.719 I/HwNotificationEx( 1807): isPureColorIcon
10-10 09:42:53.722 I/HwNotificationEx( 1807): isPureColorIcon
10-10 09:42:53.722 I/NotificationInflation5( 1807): doInBackground is end
10-10 09:42:53.733 W/PanelView( 1807): set notification panel padding = 1556
10-10 09:42:53.733 W/HwBackDropView( 1807): setAnimationParamInner 0.0   0
10-10 09:42:53.735 I/NotificationInflation2( 1807): finish: entry=74221167
10-10 09:42:53.735 I/NotificationInflation3( 1807): start: entry=74221167,key=0|com.android.settings|1000002|null|1000
10-10 09:42:53.760 W/PanelView( 1807): set notification panel padding = 1556
10-10 09:42:53.760 W/HwBackDropView( 1807): setAnimationParamInner 0.0   0
10-10 09:42:53.765 I/NotificationInflation3( 1807): finish: entry=74221167
10-10 09:42:53.782 W/PanelView( 1807): set notification panel padding = 1556
10-10 09:42:53.783 W/HwBackDropView( 1807): setAnimationParamInner 0.0   0
10-10 09:42:55.267 I/ImsResolver( 2030): getMmTelFeatureAndListen - slot: 2 callback: com.android.ims.MmTelFeatureConnection$1@743b84
10-10 09:42:57.569 I/chatty  ( 1934): uid=1000(system) com.huawei.systemserver expire 11 lines
10-10 09:43:05.145 I/HwBatteryService( 1496): quick charge status : 0
10-10 09:43:05.145 D/HwBatteryService( 1496): onUEvent fcpStatus = 0
10-10 09:43:05.146 D/HwBatteryService( 1496): onUEvent scpStatus = 0 ,ovpStatus = 0
10-10 09:43:05.146 I/HwBatteryService( 1496): handleWirelessTxStatus
10-10 09:43:05.146 I/HwBatteryService( 1496): switch not open, return, mWirelessTxFlag : 0
10-10 09:43:05.147 I/UsbDeviceManager( 1496): water_intrused state= 0
10-10 09:43:05.890 I/chatty  (10358): uid=1021(gps) expire 308 lines
10-10 09:43:10.069 W/Watchdog( 1496): hungtask: writing kick
10-10 09:43:35.867 I/HwBatteryService( 1496): quick charge status : 0
10-10 09:43:35.868 D/HwBatteryService( 1496): onUEvent fcpStatus = 0
10-10 09:43:35.868 D/HwBatteryService( 1496): onUEvent scpStatus = 0 ,ovpStatus = 0
10-10 09:43:35.868 I/HwBatteryService( 1496): handleWirelessTxStatus
10-10 09:43:35.868 I/HwBatteryService( 1496): switch not open, return, mWirelessTxFlag : 0
10-10 09:43:35.870 I/UsbDeviceManager( 1496): water_intrused state= 0
10-10 09:43:40.035 I/NetworkStatsManager( 3800): querySummary callingPid = 3800
10-10 09:43:40.037 I/NetworkStats( 1496): openSessionForUsageStats, pid = 3800, pkg = com.tencent.mm
10-10 09:43:40.037 I/NetworkStats( 1496): openSessionInternal,pid = 3800
10-10 09:43:40.038 I/NetworkStats( 1496): performPollLocked, pid = 1496
10-10 09:43:40.066 I/chatty  (  765): uid=0(root) erecovery-event expire 13 lines
10-10 09:43:40.071 W/Watchdog( 1496): hungtask: writing kick
10-10 09:43:40.072 I/chatty  (10364): uid=0(root) expire 1 line
10-10 09:43:40.094 I/chatty  (10365): uid=0(root) expire 1 line
10-10 09:43:40.103 W/NetworkStatsFactory( 1496): mStatsXtProcUid: /proc/net/comm/stats does not exist!
10-10 09:43:40.103 D/HwNetworkStatsService( 1496): hwRecordUidAndProcSnapshotLocked currentTime = 1633830220043
10-10 09:43:40.104 I/NetworkStatsFactory( 1496): javaReadNetworkStatsUidAndProcDetail. cost time = 0
10-10 09:43:40.106 D/HwNetworkStatsService( 1496): hwMaybeUidAndProcPersistLocked currentTime = 1633830220043
10-10 09:43:40.117 I/NetworkStatsManager( 3800): querySummary callingPid = 3800
10-10 09:43:40.118 I/NetworkStats( 1496): openSessionForUsageStats, pid = 3800, pkg = com.tencent.mm
10-10 09:43:43.169 E/memtrack( 3697): Couldn't load memtrack module
10-10 09:43:43.169 W/android.os.Debug( 3697): failed to get memory consumption info: -1
10-10 09:43:43.288 I/MicroMsg.MemoryWatchDog( 3697): [AutoCheck]  
10-10 09:43:43.288 I/MicroMsg.MemoryWatchDog( 3697): >>>>>>>>>>>>>>>>>>>>>>>>>>>>>>>>>>>>>>>>>>>>>>>>>>> MemoryInfo(tid=1261) <<<<<<<<<<<<<<<<<<<<<<<<<<<<<<<<<<<<<<<<<<<<<<<<
10-10 09:43:43.288 I/MicroMsg.MemoryWatchDog( 3697): | Activity:	default	AppForeground:true	ProcessForeground:false
10-10 09:43:43.288 I/MicroMsg.MemoryWatchDog( 3697): | Source:	 3
10-10 09:43:43.288 I/MicroMsg.MemoryWatchDog( 3697): | VmSize:	 5541320kB
10-10 09:43:43.288 I/MicroMsg.MemoryWatchDog( 3697): | SystemMemoryInfo:	 totalMem=3889393664, availMem=2256076800, lowMemory=false, threshold=226492416
10-10 09:43:43.288 I/MicroMsg.MemoryWatchDog( 3697): | Dalvik:	 memClass=384, memLargeClass=512 B, UsedMemory=16117344 B, RecycledMemory=1757832 B, MaxMemory=536870912 B
10-10 09:43:43.288 I/MicroMsg.MemoryWatchDog( 3697): | NATIVE:	 HeapSize=27262976 B, AllocatedSize=23947720 B, RecycledSize=3315256 B
10-10 09:43:43.288 I/MicroMsg.MemoryWatchDog( 3697): | Stats:	 pss-sum:0 KB, code=5276, stack=44, graphics=0, java-heap=7132, native-heap=18940, system=39702, total-pss=79070, private-other=7976, total-swap=7936
10-10 09:43:43.288 I/MicroMsg.MemoryWatchDog( 3697): | AMSStats:	 code=5276, stack=44, graphics=0, java-heap=7136, native-heap=18940, system=39702, total-pss=79074, private-other=7976, total-swap=7936
10-10 09:43:43.288 I/MicroMsg.MemoryWatchDog( 3697): | FgService:	[]
10-10 09:43:43.288 I/MicroMsg.MemoryWatchDog( 3697): >>>>>>>>>>>>>>>>>>>>>>>>>>>>>>>>>>>>>>>>>>>>>>>>>>> END(cost:266ms) <<<<<<<<<<<<<<<<<<<<<<<<<<<<<<<<<<<<<<<<<<<<<<<<<<<
10-10 09:43:48.300 E/memtrack( 3800): Couldn't load memtrack module
10-10 09:43:48.300 W/android.os.Debug( 3800): failed to get memory consumption info: -1
10-10 09:43:48.564 I/MicroMsg.MemoryWatchDog( 3800): [AutoCheck]  
10-10 09:43:48.564 I/MicroMsg.MemoryWatchDog( 3800): >>>>>>>>>>>>>>>>>>>>>>>>>>>>>>>>>>>>>>>>>>>>>>>>>>> MemoryInfo(tid=1198) <<<<<<<<<<<<<<<<<<<<<<<<<<<<<<<<<<<<<<<<<<<<<<<<
10-10 09:43:48.564 I/MicroMsg.MemoryWatchDog( 3800): | Activity:	default	AppForeground:true	ProcessForeground:false
10-10 09:43:48.564 I/MicroMsg.MemoryWatchDog( 3800): | Source:	 3
10-10 09:43:48.564 I/MicroMsg.MemoryWatchDog( 3800): | VmSize:	 5584080kB
10-10 09:43:48.564 I/MicroMsg.MemoryWatchDog( 3800): | SystemMemoryInfo:	 totalMem=3889393664, availMem=2255794176, lowMemory=false, threshold=226492416
10-10 09:43:48.564 I/MicroMsg.MemoryWatchDog( 3800): | Dalvik:	 memClass=384, memLargeClass=512 B, UsedMemory=18023466 B, RecycledMemory=409770 B, MaxMemory=536870912 B
10-10 09:43:48.564 I/MicroMsg.MemoryWatchDog( 3800): | NATIVE:	 HeapSize=39845888 B, AllocatedSize=24735256 B, RecycledSize=15110632 B
10-10 09:43:48.564 I/MicroMsg.MemoryWatchDog( 3800): | Stats:	 pss-sum:192193 KB, code=33464, stack=36, graphics=0, java-heap=10068, native-heap=20364, system=39887, total-pss=112899, private-other=9080, total-swap=7944
10-10 09:43:48.564 I/MicroMsg.MemoryWatchDog( 3800): | AMSStats:	 code=33464, stack=36, graphics=0, java-heap=10072, native-heap=20364, system=39887, total-pss=112903, private-other=9080, total-swap=7944
10-10 09:43:48.564 I/MicroMsg.MemoryWatchDog( 3800): | FgService:	[]
10-10 09:43:48.564 I/MicroMsg.MemoryWatchDog( 3800): >>>>>>>>>>>>>>>>>>>>>>>>>>>>>>>>>>>>>>>>>>>>>>>>>>> END(cost:420ms) <<<<<<<<<<<<<<<<<<<<<<<<<<<<<<<<<<<<<<<<<<<<<<<<<<<
10-10 09:43:48.564 I/MicroMsg.MemoryWatchDog( 3800): | Process: com.tencent.mm, pid: 3800, totalPss: 112907
10-10 09:43:48.564 I/MicroMsg.MemoryWatchDog( 3800): | Process: com.tencent.mm:push, pid: 3697, totalPss: 79286
10-10 09:43:49.186 E/MtpServer(32212): request read returned -1, errno: 5
10-10 09:43:49.186 I/HwMtpServerExJNI(32212): cleanup MtpServerEx
10-10 09:43:49.186 E/adbd    ( 4934): aio: got error event on read total bufs 1: Cannot send after transport endpoint shutdown
10-10 09:43:49.186 V/MtpServerEx(32212): destructor
10-10 09:43:49.186 V/HwMtpServerExJNI(32212): finalize
10-10 09:43:49.187 I/StagefrightMediaScannerEx(32212): StagefrightMediaScanner destructor
10-10 09:43:49.188 I/adbd    ( 4934): closing functionfs transport
10-10 09:43:49.193 I/chatty  ( 1934): uid=1000(system) UEventObserver expire 24 lines
10-10 09:43:49.201 I/chatty  (  441): uid=0(root) oeminfo_nvm_ser expire 19 lines
10-10 09:43:49.309 I/adbd    ( 4934): initializing functionfs
10-10 09:43:49.309 I/adbd    ( 4934): opening control endpoint /dev/usb-ffs/adb/ep0
10-10 09:43:49.313 I/adbd    ( 4934): functionfs successfully initialized
10-10 09:43:49.313 I/adbd    ( 4934): registering usb transport
10-10 09:43:49.654 I/chatty  (21737): uid=1000(system) com.android.settings expire 16 lines
10-10 09:43:49.660 D/MtpReceiver(32212): Debug MTP:ACTION_USB_STATE 
10-10 09:43:49.670 W/ContextImpl(21737): Calling a method in the system process without a qualified user: android.app.ContextImpl.startService:1771 android.content.ContextWrapper.startService:664 android.content.ContextWrapper.startService:664 com.android.settings.deviceinfo.UsbReceiver.startUsbService:322 com.android.settings.deviceinfo.UsbReceiver.onUsbStateReceive:168 
10-10 09:43:49.673 W/ContextImpl(21737): Calling a method in the system process without a qualified user: android.app.ContextImpl.startService:1771 android.content.ContextWrapper.startService:664 android.content.ContextWrapper.startService:664 com.android.settings.deviceinfo.UsbReceiver.startUsbService:322 com.android.settings.deviceinfo.UsbReceiver.onUsbStateReceive:231 
10-10 09:43:49.676 V/BroadcastQueue( 1496): Finished with ordered broadcast BroadcastRecord{4095c26 u-1 android.hardware.usb.action.USB_STATE}
10-10 09:43:49.676 I/chatty  (21737): uid=1000(system) com.android.settings expire 6 lines
10-10 09:43:49.742 I/storaged(  738): storaged_t::event: storage_info refreshed.
10-10 09:43:50.387 I/NotificationService( 1496): enqueueNotificationInternal: pkg=com.android.settings id=1000002 notification=Notification(channel=SETTINGS_USB pri=1 contentView=null vibrate=null sound=null tick defaults=0x0 flags=0x2 color=0x00000000 vis=PRIVATE)
10-10 09:43:50.387 I/chatty  ( 1496): uid=1000(system) Binder:1496_7 expire 6 lines
10-10 09:43:50.388 I/NotificationService( 1496): enqueueNotificationInternal Channel Info : pkg=com.android.settings id=1000002 importance =1
10-10 09:43:50.407 I/chatty  ( 2005): uid=1000(system) core expire 11 lines
10-10 09:43:50.408 D/NotificationEntryMgr( 1807): updateNotification(StatusBarNotification(pkg=com.android.settings user=UserHandle{0} id=1000002 tag=null key=0|com.android.settings|1000002|null|1000: Notification(channel=SETTINGS_USB pri=1 contentView=null vibrate=null sound=null tick defaults=0x0 flags=0x2 color=0x00000000 vis=PRIVATE)))
10-10 09:43:50.411 E/SQLiteLog( 3264): (1) 
10-10 09:43:50.413 I/NotificationInflation2( 1807): start: entry=74221167,key=0|com.android.settings|1000002|null|1000
10-10 09:43:50.414 D/NotificationEntryMgr( 1807): No peeking: not in use: 0|com.android.settings|1000002|null|1000
10-10 09:43:50.414 I/NotificationInflation4( 1807): doInBackground is begin
10-10 09:43:50.414 W/NotificationViewHierarchyManager( 1807): updateNotificationShade activeNotificationSize=1;hasFaceDT: false; Detected:false
10-10 09:43:50.417 I/HwNotificationEx( 1807): new HwNotificationEx
10-10 09:43:50.417 I/HwNotificationEx( 1807): isPureColorIcon
10-10 09:43:50.417 I/HwNotificationEx( 1807): mHWColorUtil is null get it agin
10-10 09:43:50.417 I/HwNotificationEx( 1807): isPureColorIcon
10-10 09:43:50.419 I/HwNotificationEx( 1807): isPureColorIcon
10-10 09:43:50.420 I/NotificationInflation5( 1807): doInBackground is end
10-10 09:43:50.430 W/PanelView( 1807): set notification panel padding = 1556
10-10 09:43:50.431 W/HwBackDropView( 1807): setAnimationParamInner 0.0   0
10-10 09:43:50.432 I/NotificationInflation2( 1807): finish: entry=74221167
10-10 09:43:50.432 I/NotificationInflation3( 1807): start: entry=74221167,key=0|com.android.settings|1000002|null|1000
10-10 09:43:50.459 W/PanelView( 1807): set notification panel padding = 1556
10-10 09:43:50.459 W/HwBackDropView( 1807): setAnimationParamInner 0.0   0
10-10 09:43:50.462 I/NotificationInflation3( 1807): finish: entry=74221167
10-10 09:43:50.482 W/PanelView( 1807): set notification panel padding = 1556
10-10 09:43:50.482 W/HwBackDropView( 1807): setAnimationParamInner 0.0   0
10-10 09:43:53.309 V/BroadcastQueue( 1496): Finished with ordered broadcast BroadcastRecord{d740067 u0 com.tencent.mm.plugin.report.service.KVCommCrossProcessReceiver}
10-10 09:43:53.522 I/chatty  (  765): uid=0(root) erecovery-event expire 37 lines
10-10 09:43:57.651 I/chatty  ( 1934): uid=1000(system) com.huawei.systemserver expire 10 lines
10-10 09:43:59.277 I/ImsResolver( 2030): getMmTelFeatureAndListen - slot: 2 callback: com.android.ims.MmTelFeatureConnection$1@7b7bf6d
10-10 09:44:00.193 I/chatty  ( 1934): uid=1000(system) UEventObserver expire 72 lines
10-10 09:44:06.585 I/HwBatteryService( 1496): quick charge status : 0
10-10 09:44:06.585 D/HwBatteryService( 1496): onUEvent fcpStatus = 0
10-10 09:44:06.585 D/HwBatteryService( 1496): onUEvent scpStatus = 0 ,ovpStatus = 0
10-10 09:44:06.585 I/HwBatteryService( 1496): handleWirelessTxStatus
10-10 09:44:06.585 I/HwBatteryService( 1496): switch not open, return, mWirelessTxFlag : 0
10-10 09:44:06.586 I/UsbDeviceManager( 1496): water_intrused state= 0
10-10 09:44:10.075 W/Watchdog( 1496): hungtask: writing kick
10-10 09:44:12.951 I/chatty  ( 2285): uid=1000(system) Thread-2 expire 10 lines
10-10 09:44:21.843 I/OEMINFO_NVM_SERVER(  441): GetValidOeminfoRegion: index is (67).
10-10 09:44:22.516 E/LOGSERVER_UTILS(  765): [Erecovery]readEvent: eRecEventManager readEvent 0
10-10 09:44:24.558 E/LOGSERVER_UTILS(  765): [Erecovery]readEvent: eRecEventManager readEvent 0
10-10 09:44:25.361 I/OEMINFO_NVM_SERVER(  441): GetValidOeminfoRegion: index is (67).
10-10 09:44:25.369 I/OEMINFO_NVM_SERVER(  441): GetValidOeminfoRegion: index is (67).
10-10 09:44:25.600 E/LOGSERVER_UTILS(  765): [Erecovery]readEvent: eRecEventManager readEvent 0
10-10 09:44:28.722 E/LOGSERVER_UTILS(  765): [Erecovery]readEvent: eRecEventManager readEvent 0
10-10 09:44:28.977 I/OEMINFO_NVM_SERVER(  441): GetValidOeminfoRegion: index is (67).
10-10 09:44:28.985 I/OEMINFO_NVM_SERVER(  441): GetValidOeminfoRegion: index is (67).
10-10 09:44:29.764 E/LOGSERVER_UTILS(  765): [Erecovery]readEvent: eRecEventManager readEvent 0
10-10 09:44:31.847 E/LOGSERVER_UTILS(  765): [Erecovery]readEvent: eRecEventManager readEvent 0
10-10 09:44:32.588 I/chatty  ( 1934): uid=1000(system) UEventObserver expire 24 lines
10-10 09:44:32.601 I/OEMINFO_NVM_SERVER(  441): GetValidOeminfoRegion: index is (67).
10-10 09:44:32.609 I/OEMINFO_NVM_SERVER(  441): GetValidOeminfoRegion: index is (67).
10-10 09:44:32.889 E/LOGSERVER_UTILS(  765): [Erecovery]readEvent: eRecEventManager readEvent 0
10-10 09:44:35.987 E/LOGSERVER_UTILS(  765): [Erecovery]readEvent: eRecEventManager readEvent 0
10-10 09:44:36.118 I/OEMINFO_NVM_SERVER(  441): GetValidOeminfoRegion: index is (67).
10-10 09:44:36.126 I/OEMINFO_NVM_SERVER(  441): GetValidOeminfoRegion: index is (67).
10-10 09:44:36.989 E/LOGSERVER_UTILS(  765): [Erecovery]readEvent: eRecEventManager readEvent 0
10-10 09:44:37.302 I/HwBatteryService( 1496): quick charge status : 0
10-10 09:44:37.303 D/HwBatteryService( 1496): onUEvent fcpStatus = 0
10-10 09:44:37.303 D/HwBatteryService( 1496): onUEvent scpStatus = 0 ,ovpStatus = 0
10-10 09:44:37.303 I/HwBatteryService( 1496): handleWirelessTxStatus
10-10 09:44:37.303 I/HwBatteryService( 1496): switch not open, return, mWirelessTxFlag : 0
10-10 09:44:37.304 I/UsbDeviceManager( 1496): water_intrused state= 0
10-10 09:44:37.703 I/chatty  ( 1934): uid=1000(system) com.huawei.systemserver expire 10 lines
10-10 09:44:39.031 E/LOGSERVER_UTILS(  765): [Erecovery]readEvent: eRecEventManager readEvent 0
10-10 09:44:39.740 I/OEMINFO_NVM_SERVER(  441): GetValidOeminfoRegion: index is (67).
10-10 09:44:39.749 I/OEMINFO_NVM_SERVER(  441): GetValidOeminfoRegion: index is (67).
10-10 09:44:40.073 E/LOGSERVER_UTILS(  765): [Erecovery]readEvent: eRecEventManager readEvent 0
10-10 09:44:40.078 W/Watchdog( 1496): hungtask: writing kick
10-10 09:44:41.114 E/LOGSERVER_UTILS(  765): [Erecovery]readEvent: eRecEventManager readEvent 0
10-10 09:44:42.155 E/LOGSERVER_UTILS(  765): [Erecovery]readEvent: eRecEventManager readEvent 0
10-10 09:44:42.318 I/chatty  (  739): uid=1000(system) /system/bin/thermal-daemon expire 10 lines
10-10 09:44:43.197 E/LOGSERVER_UTILS(  765): [Erecovery]readEvent: eRecEventManager readEvent 0
10-10 09:44:43.350 I/chatty  ( 1934): uid=1000(system) UEventObserver expire 24 lines
10-10 09:44:43.359 I/OEMINFO_NVM_SERVER(  441): GetValidOeminfoRegion: index is (67).
10-10 09:44:43.367 I/OEMINFO_NVM_SERVER(  441): GetValidOeminfoRegion: index is (67).
10-10 09:44:44.239 E/LOGSERVER_UTILS(  765): [Erecovery]readEvent: eRecEventManager readEvent 0
10-10 09:44:45.280 E/LOGSERVER_UTILS(  765): [Erecovery]readEvent: eRecEventManager readEvent 0
10-10 09:44:46.322 E/LOGSERVER_UTILS(  765): [Erecovery]readEvent: eRecEventManager readEvent 0
10-10 09:44:46.889 I/OEMINFO_NVM_SERVER(  441): GetValidOeminfoRegion: index is (67).
10-10 09:44:46.895 I/OEMINFO_NVM_SERVER(  441): GetValidOeminfoRegion: index is (67).
10-10 09:44:47.363 E/LOGSERVER_UTILS(  765): [Erecovery]readEvent: eRecEventManager readEvent 0
10-10 09:44:49.743 I/storaged(  738): storaged_t::event: storage_info refreshed.
10-10 09:44:50.486 E/LOGSERVER_UTILS(  765): [Erecovery]readEvent: eRecEventManager readEvent 0
10-10 09:44:50.509 I/OEMINFO_NVM_SERVER(  441): GetValidOeminfoRegion: index is (67).
10-10 09:44:50.517 I/OEMINFO_NVM_SERVER(  441): GetValidOeminfoRegion: index is (67).
10-10 09:44:51.527 E/LOGSERVER_UTILS(  765): [Erecovery]readEvent: eRecEventManager readEvent 0
10-10 09:44:52.568 E/LOGSERVER_UTILS(  765): [Erecovery]readEvent: eRecEventManager readEvent 0
10-10 09:44:52.774 E/libc    ( 3697): Access denied finding property "net.dns1"
10-10 09:44:52.774 E/libc    ( 3697): Access denied finding property "net.dns2"
10-10 09:44:52.780 I/PreDnsController(  530): canPreDnsQuery,persist.sys.predns is false!
10-10 09:44:52.784 D/libc    (  530): GetAddrInfoHandler addr: 0.0
10-10 09:44:53.610 E/LOGSERVER_UTILS(  765): [Erecovery]readEvent: eRecEventManager readEvent 0
10-10 09:44:54.120 I/chatty  ( 1934): uid=1000(system) UEventObserver expire 72 lines
10-10 09:44:54.133 I/OEMINFO_NVM_SERVER(  441): GetValidOeminfoRegion: index is (67).
10-10 09:44:54.141 I/OEMINFO_NVM_SERVER(  441): GetValidOeminfoRegion: index is (67).
10-10 09:44:54.646 E/LOGSERVER_UTILS(  765): [Erecovery]readEvent: eRecEventManager readEvent 0
10-10 09:44:55.687 I/chatty  (  765): uid=0(root) erecovery-event identical 27 lines
10-10 09:44:57.654 I/chatty  (  441): uid=0(root) oeminfo_nvm_ser expire 16 lines
10-10 09:45:01.300 I/chatty  ( 1994): uid=1000(system) CommonHandler expire 10 lines
10-10 09:45:03.285 I/ImsResolver( 2030): getMmTelFeatureAndListen - slot: 2 callback: com.android.ims.MmTelFeatureConnection$1@dde7a2
10-10 09:45:08.029 I/HwBatteryService( 1496): quick charge status : 0
10-10 09:45:08.030 D/HwBatteryService( 1496): onUEvent fcpStatus = 0
10-10 09:45:08.030 D/HwBatteryService( 1496): onUEvent scpStatus = 0 ,ovpStatus = 0
10-10 09:45:08.030 I/HwBatteryService( 1496): handleWirelessTxStatus
10-10 09:45:08.030 I/HwBatteryService( 1496): switch not open, return, mWirelessTxFlag : 0
10-10 09:45:08.031 I/UsbDeviceManager( 1496): water_intrused state= 0
10-10 09:45:10.082 W/Watchdog( 1496): hungtask: writing kick
10-10 09:45:17.748 I/chatty  ( 1934): uid=1000(system) com.huawei.systemserver expire 10 lines
10-10 09:45:19.045 E/WifiHAL (  578): enter wifi_get_link_stats
10-10 09:45:19.050 E/BatteryExternalStatsWorker( 1496): no controller energy info supplied for bluetooth
10-10 09:45:19.071 I/chatty  (  576): uid=1000(system) power@1.0-servi expire 10 lines
10-10 09:45:19.072 W/BatteryExternalStatsWorker( 1496): modem info is invalid: ModemActivityInfo{ mTimestamp=0 mSleepTimeMs=0 mIdleTimeMs=0 mTxTimeMs[]=[0, 0, 0, 0, 0] mRxTimeMs=0 mEnergyUsed=0}
10-10 09:45:19.578 I/chatty  (  765): uid=0(root) erecovery-event expire 12 lines
10-10 09:45:21.686 I/chatty  (  739): uid=1000(system) /system/bin/thermal-daemon expire 10 lines
10-10 09:45:25.489 W/HiDecision(22049): MinuteGeneratorService: This is no hour change
10-10 09:45:26.414 I/chatty  ( 1934): uid=1000(system) UEventObserver expire 24 lines
10-10 09:45:26.429 I/chatty  (  441): uid=0(root) oeminfo_nvm_ser expire 10 lines
10-10 09:45:28.090 I/chatty  (21737): uid=1000(system) com.android.settings expire 3 lines
10-10 09:45:33.570 I/OEMINFO_NVM_SERVER(  441): GetValidOeminfoRegion: index is (67).
10-10 09:45:33.577 I/OEMINFO_NVM_SERVER(  441): GetValidOeminfoRegion: index is (67).
10-10 09:45:33.906 I/chatty  ( 1496): uid=1000(system) WifiProStateMac expire 3 lines
10-10 09:45:34.027 E/LOGSERVER_UTILS(  765): [Erecovery]readEvent: eRecEventManager readEvent 0
10-10 09:45:37.089 E/LOGSERVER_UTILS(  765): [Erecovery]readEvent: eRecEventManager readEvent 0
10-10 09:45:37.179 I/chatty  ( 1934): uid=1000(system) UEventObserver expire 52 lines
10-10 09:45:37.194 I/OEMINFO_NVM_SERVER(  441): GetValidOeminfoRegion: index is (67).
10-10 09:45:37.202 I/OEMINFO_NVM_SERVER(  441): GetValidOeminfoRegion: index is (67).
10-10 09:45:38.105 E/LOGSERVER_UTILS(  765): [Erecovery]readEvent: eRecEventManager readEvent 0
10-10 09:45:38.749 I/HwBatteryService( 1496): quick charge status : 0
10-10 09:45:38.749 D/HwBatteryService( 1496): onUEvent fcpStatus = 0
10-10 09:45:38.750 D/HwBatteryService( 1496): onUEvent scpStatus = 0 ,ovpStatus = 0
10-10 09:45:38.750 I/HwBatteryService( 1496): handleWirelessTxStatus
10-10 09:45:38.750 I/HwBatteryService( 1496): switch not open, return, mWirelessTxFlag : 0
10-10 09:45:38.751 I/UsbDeviceManager( 1496): water_intrused state= 0
10-10 09:45:39.138 E/LOGSERVER_UTILS(  765): [Erecovery]readEvent: eRecEventManager readEvent 0
10-10 09:45:40.085 W/Watchdog( 1496): hungtask: writing kick
10-10 09:45:40.179 E/LOGSERVER_UTILS(  765): [Erecovery]readEvent: eRecEventManager readEvent 0
10-10 09:45:40.811 I/OEMINFO_NVM_SERVER(  441): GetValidOeminfoRegion: index is (67).
10-10 09:45:40.819 I/OEMINFO_NVM_SERVER(  441): GetValidOeminfoRegion: index is (67).
10-10 09:45:41.221 E/LOGSERVER_UTILS(  765): [Erecovery]readEvent: eRecEventManager readEvent 0
10-10 09:45:42.263 I/chatty  (  765): uid=0(root) erecovery-event identical 21 lines
10-10 09:45:49.744 I/storaged(  738): storaged_t::event: storage_info refreshed.
10-10 09:45:49.744 I/storaged(  738): storaged_t::event: Pidm reported.
10-10 09:45:49.745 E/storaged(  738): pid_info get_pids failed
10-10 09:45:52.416 I/chatty  (  739): uid=1000(system) /system/bin/thermal-daemon expire 10 lines
10-10 09:45:52.417 I/chatty  ( 2005): uid=1000(system) Binder:2005_A expire 5 lines
