12-10 16:05:18.548 I/WindowManager(  634): Focus moving from null to Window{1b3990a u0 com.tal.genie.launcher/com.tal.genie.lockscreen.activity.LockScreenActivity}
12-10 16:05:39.954 E/storaged(  454): getDiskStats failed with result NOT_SUPPORTED and size 0
12-10 16:05:47.117 W/BroadcastQueue(  634): Background execution not allowed: receiving Intent { act=com.android.providers.media.ACTIVATE_MEDIAPROCESS flg=0x10 } to com.android.providers.media/.MtpReceiver
12-10 16:05:47.162 I/UsageStatsService(  634): User[0] Flushing usage stats to disk
12-10 16:06:09.779 W/ContextImpl( 1153): Calling a method in the system process without a qualified user: android.app.ContextImpl.sendBroadcast:1006 android.content.ContextWrapper.sendBroadcast:444 com.tal.genie.lockscreen.receiver.LockScreenReceiver.sendUnlockScreenOnBroadcast:155 com.tal.genie.lockscreen.receiver.LockScreenReceiver.onReceive:47 android.app.LoadedApk$ReceiverDispatcher$Args.lambda$getRunnable$0:1391 
12-10 16:06:09.810 W/ContextImpl( 1153): Calling a method in the system process without a qualified user: android.app.ContextImpl.sendBroadcast:1006 android.content.ContextWrapper.sendBroadcast:444 com.tal.genie.lockscreen.utils.PushNotificationDialogManager.sendPushNotificationStatus:54 com.tal.genie.lockscreen.utils.PushNotificationDialogManager.sendPushNotificationShow:23 com.tal.genie.lockscreen.activity.LockScreenActivity.onFinish:187 
12-10 16:06:09.971 I/PowerManagerService(  634): Going to sleep due to power button (uid 1000)...
12-10 16:06:09.972 W/UsageStatsService(  634): Event reported without a package name
12-10 16:06:09.973 I/PowerManagerService(  634): Sleeping (uid 1000)...
12-10 16:06:09.973 I/DisplayPowerController(  634): Blocking screen off
12-10 16:06:09.973 I/DisplayPowerController(  634): Unblocked screen off after 0 ms
12-10 16:06:09.982 E/KernelCpuSpeedReader(  634): Failed to read cpu-freq: /sys/devices/system/cpu/cpu0/cpufreq/stats/time_in_state (No such file or directory)
12-10 16:06:10.000 I/DisplayManagerService(  634): Display device changed state: "内置屏幕", OFF
12-10 16:06:10.046 I/WindowManager(  634): Focus moving from Window{1b3990a u0 com.tal.genie.launcher/com.tal.genie.lockscreen.activity.LockScreenActivity} to null
12-10 16:06:10.082 I/ActivityManager(  634): Activity reported stop, but no longer stopping: ActivityRecord{4778513 u0 com.tal.genie.launcher/com.tal.genie.lockscreen.activity.LockScreenActivity t76 f}
12-10 16:06:10.203 W/ContextImpl( 1153): Calling a method in the system process without a qualified user: android.app.ContextImpl.startService:1532 android.content.ContextWrapper.startService:664 android.content.ContextWrapper.startService:664 android.app.Activity.onEnterAnimationComplete:6662 android.app.Activity.dispatchEnterAnimationComplete:6673 
12-10 16:06:10.205 I/WindowManager(  634): Relayout Window{b770103 u0 com.tal.genie.launcher/com.tal.genie.launcher.ui.main.MainActivity}: oldVis=4 newVis=0 focusMayChange = true
12-10 16:06:10.211 I/WindowManager(  634): Focus moving from null to Window{b770103 u0 com.tal.genie.launcher/com.tal.genie.launcher.ui.main.MainActivity}
12-10 16:06:10.220 I/WindowManager(  634): Relayout Window{836792 u0 com.tal.genie.voice/com.tal.genie.dicbook.dic.DicExtResultActivity}: oldVis=4 newVis=0 focusMayChange = true
12-10 16:06:10.226 I/WindowManager(  634): Focus moving from Window{b770103 u0 com.tal.genie.launcher/com.tal.genie.launcher.ui.main.MainActivity} to Window{836792 u0 com.tal.genie.voice/com.tal.genie.dicbook.dic.DicExtResultActivity}
12-10 16:06:10.229 I/WindowManager(  634): Relayout Window{4574b1 u0 com.tal.genie.voice/com.tal.genie.dicbook.dic.DicExtResultActivity}: oldVis=8 newVis=0 focusMayChange = true
12-10 16:06:10.239 I/WindowManager(  634): Relayout Window{36ed0f8 u0 com.tal.genie.voice/com.tal.genie.dicbook.dic.DicExtResultActivity}: oldVis=8 newVis=0 focusMayChange = true
12-10 16:06:10.248 I/WindowManager(  634): Relayout Window{76f3801 u0 com.tal.genie.voice/com.tal.genie.dicbook.dic.DicResultActivity}: oldVis=8 newVis=0 focusMayChange = true
12-10 16:06:10.359 I/WindowManager(  634): Losing delayed focus: Window{b770103 u0 com.tal.genie.launcher/com.tal.genie.launcher.ui.main.MainActivity}
12-10 16:06:10.400 I/PowerManagerService(  634): Waking up from sleep (uid=1000 reason=android.policy:POWER)...
12-10 16:06:10.401 W/UsageStatsService(  634): Event reported without a package name
12-10 16:06:10.401 I/DisplayPowerController(  634): Blocking screen on until initial contents have been drawn.
12-10 16:06:10.402 E/KernelCpuSpeedReader(  634): Failed to read cpu-freq: /sys/devices/system/cpu/cpu0/cpufreq/stats/time_in_state (No such file or directory)
12-10 16:06:10.435 I/WindowManager(  634): Waiting for drawn Window{b770103 u0 com.tal.genie.launcher/com.tal.genie.launcher.ui.main.MainActivity}: removed=false visible=true mHasSurface=true drawState=1
12-10 16:06:10.435 I/WindowManager(  634): Waiting for drawn Window{76f3801 u0 com.tal.genie.voice/com.tal.genie.dicbook.dic.DicResultActivity}: removed=false visible=true mHasSurface=true drawState=1
12-10 16:06:10.435 I/WindowManager(  634): Waiting for drawn Window{36ed0f8 u0 com.tal.genie.voice/com.tal.genie.dicbook.dic.DicExtResultActivity}: removed=false visible=true mHasSurface=true drawState=1
12-10 16:06:10.435 I/WindowManager(  634): Waiting for drawn Window{4574b1 u0 com.tal.genie.voice/com.tal.genie.dicbook.dic.DicExtResultActivity}: removed=false visible=true mHasSurface=true drawState=1
12-10 16:06:10.435 I/WindowManager(  634): Waiting for drawn Window{836792 u0 com.tal.genie.voice/com.tal.genie.dicbook.dic.DicExtResultActivity}: removed=false visible=true mHasSurface=true drawState=1
12-10 16:06:10.437 I/WindowManager(  634): Waiting for drawn Window{b770103 u0 com.tal.genie.launcher/com.tal.genie.launcher.ui.main.MainActivity}: removed=false visible=true mHasSurface=true drawState=1
12-10 16:06:10.437 I/WindowManager(  634): Waiting for drawn Window{76f3801 u0 com.tal.genie.voice/com.tal.genie.dicbook.dic.DicResultActivity}: removed=false visible=true mHasSurface=true drawState=1
12-10 16:06:10.438 I/WindowManager(  634): Waiting for drawn Window{36ed0f8 u0 com.tal.genie.voice/com.tal.genie.dicbook.dic.DicExtResultActivity}: removed=false visible=true mHasSurface=true drawState=1
12-10 16:06:10.438 I/WindowManager(  634): Waiting for drawn Window{4574b1 u0 com.tal.genie.voice/com.tal.genie.dicbook.dic.DicExtResultActivity}: removed=false visible=true mHasSurface=true drawState=1
12-10 16:06:10.438 I/WindowManager(  634): Waiting for drawn Window{836792 u0 com.tal.genie.voice/com.tal.genie.dicbook.dic.DicExtResultActivity}: removed=false visible=true mHasSurface=true drawState=1
12-10 16:06:10.439 W/BroadcastQueue(  634): Background execution not allowed: receiving Intent { act=android.intent.action.USER_PRESENT flg=0x24200010 } to com.tal.genie.launcher/com.tal.genie.lockscreen.receiver.LockScreenReceiver
12-10 16:06:10.451 I/WindowManager(  634): Waiting for drawn Window{b770103 u0 com.tal.genie.launcher/com.tal.genie.launcher.ui.main.MainActivity}: removed=false visible=true mHasSurface=true drawState=1
12-10 16:06:10.451 I/WindowManager(  634): Waiting for drawn Window{76f3801 u0 com.tal.genie.voice/com.tal.genie.dicbook.dic.DicResultActivity}: removed=false visible=true mHasSurface=true drawState=1
12-10 16:06:10.451 I/WindowManager(  634): Waiting for drawn Window{36ed0f8 u0 com.tal.genie.voice/com.tal.genie.dicbook.dic.DicExtResultActivity}: removed=false visible=true mHasSurface=true drawState=1
12-10 16:06:10.451 I/WindowManager(  634): Waiting for drawn Window{4574b1 u0 com.tal.genie.voice/com.tal.genie.dicbook.dic.DicExtResultActivity}: removed=false visible=true mHasSurface=true drawState=1
12-10 16:06:10.451 I/WindowManager(  634): Waiting for drawn Window{836792 u0 com.tal.genie.voice/com.tal.genie.dicbook.dic.DicExtResultActivity}: removed=false visible=true mHasSurface=true drawState=1
12-10 16:06:10.453 I/WindowManager(  634): Waiting for drawn Window{b770103 u0 com.tal.genie.launcher/com.tal.genie.launcher.ui.main.MainActivity}: removed=false visible=true mHasSurface=true drawState=1
12-10 16:06:10.453 I/WindowManager(  634): Waiting for drawn Window{76f3801 u0 com.tal.genie.voice/com.tal.genie.dicbook.dic.DicResultActivity}: removed=false visible=true mHasSurface=true drawState=1
12-10 16:06:10.453 I/WindowManager(  634): Waiting for drawn Window{36ed0f8 u0 com.tal.genie.voice/com.tal.genie.dicbook.dic.DicExtResultActivity}: removed=false visible=true mHasSurface=true drawState=1
12-10 16:06:10.453 I/WindowManager(  634): Waiting for drawn Window{4574b1 u0 com.tal.genie.voice/com.tal.genie.dicbook.dic.DicExtResultActivity}: removed=false visible=true mHasSurface=true drawState=1
12-10 16:06:10.453 I/WindowManager(  634): Waiting for drawn Window{836792 u0 com.tal.genie.voice/com.tal.genie.dicbook.dic.DicExtResultActivity}: removed=false visible=true mHasSurface=true drawState=1
12-10 16:06:10.455 I/DisplayManagerService(  634): Display device changed state: "内置屏幕", ON
12-10 16:06:10.459 I/WindowManager(  634): Waiting for drawn Window{b770103 u0 com.tal.genie.launcher/com.tal.genie.launcher.ui.main.MainActivity}: removed=false visible=true mHasSurface=true drawState=1
12-10 16:06:10.459 I/WindowManager(  634): Waiting for drawn Window{76f3801 u0 com.tal.genie.voice/com.tal.genie.dicbook.dic.DicResultActivity}: removed=false visible=true mHasSurface=true drawState=1
12-10 16:06:10.459 I/WindowManager(  634): Waiting for drawn Window{36ed0f8 u0 com.tal.genie.voice/com.tal.genie.dicbook.dic.DicExtResultActivity}: removed=false visible=true mHasSurface=true drawState=1
12-10 16:06:10.459 I/WindowManager(  634): Waiting for drawn Window{4574b1 u0 com.tal.genie.voice/com.tal.genie.dicbook.dic.DicExtResultActivity}: removed=false visible=true mHasSurface=true drawState=1
12-10 16:06:10.459 I/WindowManager(  634): Waiting for drawn Window{836792 u0 com.tal.genie.voice/com.tal.genie.dicbook.dic.DicExtResultActivity}: removed=false visible=true mHasSurface=true drawState=1
12-10 16:06:10.468 I/WindowManager(  634): Waiting for drawn Window{b770103 u0 com.tal.genie.launcher/com.tal.genie.launcher.ui.main.MainActivity}: removed=false visible=true mHasSurface=true drawState=1
12-10 16:06:10.468 I/WindowManager(  634): Waiting for drawn Window{76f3801 u0 com.tal.genie.voice/com.tal.genie.dicbook.dic.DicResultActivity}: removed=false visible=true mHasSurface=true drawState=1
12-10 16:06:10.468 I/WindowManager(  634): Waiting for drawn Window{36ed0f8 u0 com.tal.genie.voice/com.tal.genie.dicbook.dic.DicExtResultActivity}: removed=false visible=true mHasSurface=true drawState=1
12-10 16:06:10.468 I/WindowManager(  634): Waiting for drawn Window{4574b1 u0 com.tal.genie.voice/com.tal.genie.dicbook.dic.DicExtResultActivity}: removed=false visible=true mHasSurface=true drawState=1
12-10 16:06:10.468 I/WindowManager(  634): Waiting for drawn Window{836792 u0 com.tal.genie.voice/com.tal.genie.dicbook.dic.DicExtResultActivity}: removed=false visible=true mHasSurface=true drawState=1
12-10 16:06:10.485 I/WindowManager(  634): Waiting for drawn Window{b770103 u0 com.tal.genie.launcher/com.tal.genie.launcher.ui.main.MainActivity}: removed=false visible=true mHasSurface=true drawState=1
12-10 16:06:10.485 I/WindowManager(  634): Waiting for drawn Window{76f3801 u0 com.tal.genie.voice/com.tal.genie.dicbook.dic.DicResultActivity}: removed=false visible=true mHasSurface=true drawState=1
12-10 16:06:10.485 I/WindowManager(  634): Waiting for drawn Window{36ed0f8 u0 com.tal.genie.voice/com.tal.genie.dicbook.dic.DicExtResultActivity}: removed=false visible=true mHasSurface=true drawState=1
12-10 16:06:10.485 I/WindowManager(  634): Waiting for drawn Window{4574b1 u0 com.tal.genie.voice/com.tal.genie.dicbook.dic.DicExtResultActivity}: removed=false visible=true mHasSurface=true drawState=1
12-10 16:06:10.485 I/WindowManager(  634): Waiting for drawn Window{836792 u0 com.tal.genie.voice/com.tal.genie.dicbook.dic.DicExtResultActivity}: removed=false visible=true mHasSurface=true drawState=1
12-10 16:06:10.493 I/WindowManager(  634): Waiting for drawn Window{b770103 u0 com.tal.genie.launcher/com.tal.genie.launcher.ui.main.MainActivity}: removed=false visible=true mHasSurface=true drawState=4
12-10 16:06:10.493 I/WindowManager(  634): Waiting for drawn Window{76f3801 u0 com.tal.genie.voice/com.tal.genie.dicbook.dic.DicResultActivity}: removed=false visible=true mHasSurface=true drawState=1
12-10 16:06:10.493 I/WindowManager(  634): Waiting for drawn Window{36ed0f8 u0 com.tal.genie.voice/com.tal.genie.dicbook.dic.DicExtResultActivity}: removed=false visible=true mHasSurface=true drawState=1
12-10 16:06:10.493 I/WindowManager(  634): Waiting for drawn Window{4574b1 u0 com.tal.genie.voice/com.tal.genie.dicbook.dic.DicExtResultActivity}: removed=false visible=true mHasSurface=true drawState=1
12-10 16:06:10.493 I/WindowManager(  634): Waiting for drawn Window{836792 u0 com.tal.genie.voice/com.tal.genie.dicbook.dic.DicExtResultActivity}: removed=false visible=true mHasSurface=true drawState=1
12-10 16:06:10.518 I/WindowManager(  634): Waiting for drawn Window{76f3801 u0 com.tal.genie.voice/com.tal.genie.dicbook.dic.DicResultActivity}: removed=false visible=true mHasSurface=true drawState=1
12-10 16:06:10.518 I/WindowManager(  634): Waiting for drawn Window{36ed0f8 u0 com.tal.genie.voice/com.tal.genie.dicbook.dic.DicExtResultActivity}: removed=false visible=true mHasSurface=true drawState=1
12-10 16:06:10.518 I/WindowManager(  634): Waiting for drawn Window{4574b1 u0 com.tal.genie.voice/com.tal.genie.dicbook.dic.DicExtResultActivity}: removed=false visible=true mHasSurface=true drawState=1
12-10 16:06:10.518 I/WindowManager(  634): Waiting for drawn Window{836792 u0 com.tal.genie.voice/com.tal.genie.dicbook.dic.DicExtResultActivity}: removed=false visible=true mHasSurface=true drawState=4
12-10 16:06:10.520 I/WindowManager(  634): Waiting for drawn Window{76f3801 u0 com.tal.genie.voice/com.tal.genie.dicbook.dic.DicResultActivity}: removed=false visible=true mHasSurface=true drawState=1
12-10 16:06:10.520 I/WindowManager(  634): Waiting for drawn Window{36ed0f8 u0 com.tal.genie.voice/com.tal.genie.dicbook.dic.DicExtResultActivity}: removed=false visible=true mHasSurface=true drawState=4
12-10 16:06:10.520 I/WindowManager(  634): Waiting for drawn Window{4574b1 u0 com.tal.genie.voice/com.tal.genie.dicbook.dic.DicExtResultActivity}: removed=false visible=true mHasSurface=true drawState=1
12-10 16:06:10.522 I/WindowManager(  634): Waiting for drawn Window{76f3801 u0 com.tal.genie.voice/com.tal.genie.dicbook.dic.DicResultActivity}: removed=false visible=true mHasSurface=true drawState=4
12-10 16:06:10.522 I/WindowManager(  634): Waiting for drawn Window{4574b1 u0 com.tal.genie.voice/com.tal.genie.dicbook.dic.DicExtResultActivity}: removed=false visible=true mHasSurface=true drawState=1
12-10 16:06:10.525 I/WindowManager(  634): Waiting for drawn Window{4574b1 u0 com.tal.genie.voice/com.tal.genie.dicbook.dic.DicExtResultActivity}: removed=false visible=true mHasSurface=true drawState=4
12-10 16:06:10.528 I/DisplayPowerController(  634): Unblocked screen on after 126 ms
12-10 16:06:10.814 W/PowerManagerService(  634): Screen on took 414 ms
12-10 16:06:39.955 E/storaged(  454): getDiskStats failed with result NOT_SUPPORTED and size 0
12-10 16:07:10.465 W/ContextImpl( 1153): Calling a method in the system process without a qualified user: android.app.ContextImpl.startActivity:888 android.content.ContextWrapper.startActivity:379 com.tal.genie.lockscreen.receiver.LockScreenReceiver.lockScreen:117 com.tal.genie.lockscreen.receiver.LockScreenReceiver.onReceive:51 android.app.LoadedApk$ReceiverDispatcher$Args.lambda$getRunnable$0:1391 
12-10 16:07:10.466 W/ContextImpl( 1153): Calling a method in the system process without a qualified user: android.app.ContextImpl.startActivity:900 android.app.ContextImpl.startActivity:889 android.content.ContextWrapper.startActivity:379 com.tal.genie.lockscreen.receiver.LockScreenReceiver.lockScreen:117 com.tal.genie.lockscreen.receiver.LockScreenReceiver.onReceive:51 
12-10 16:07:10.467 I/ActivityManager(  634): START u0 {flg=0x10800000 cmp=com.tal.genie.launcher/com.tal.genie.lockscreen.activity.LockScreenActivity} from uid 1000
12-10 16:07:10.490 W/ContextImpl( 1153): Calling a method in the system process without a qualified user: android.app.ContextImpl.sendBroadcast:1006 android.content.ContextWrapper.sendBroadcast:444 com.tal.genie.lockscreen.utils.PushNotificationDialogManager.sendPushNotificationStatus:54 com.tal.genie.lockscreen.utils.PushNotificationDialogManager.sendPushNotificationShow:23 com.tal.genie.lockscreen.receiver.LockScreenReceiver.lockScreen:122 
12-10 16:07:10.494 I/WindowManager(  634): Focus moving from Window{836792 u0 com.tal.genie.voice/com.tal.genie.dicbook.dic.DicExtResultActivity} to null
12-10 16:07:10.599 W/ContextImpl( 1153): Calling a method in the system process without a qualified user: android.app.ContextImpl.startForegroundService:1538 android.content.ContextWrapper.startForegroundService:669 android.content.ContextWrapper.startForegroundService:669 com.tal.genie.lockscreen.activity.LockScreenActivity.initSevice:84 com.tal.genie.lockscreen.activity.LockScreenActivity.onCreate:77 
12-10 16:07:10.642 W/ContextImpl( 1153): Calling a method in the system process without a qualified user: android.app.ContextImpl.startService:1532 android.content.ContextWrapper.startService:664 android.content.ContextWrapper.startService:664 android.app.Activity.onEnterAnimationComplete:6662 android.app.Activity.dispatchEnterAnimationComplete:6673 
12-10 16:07:10.643 W/ContextImpl( 1153): Calling a method in the system process without a qualified user: android.app.ContextImpl.startService:1532 android.content.ContextWrapper.startService:664 android.content.ContextWrapper.startService:664 android.app.Activity.onEnterAnimationComplete:6662 android.app.Activity.dispatchEnterAnimationComplete:6673 
12-10 16:07:10.648 I/WindowManager(  634): Relayout Window{4558a51 u0 com.tal.genie.launcher/com.tal.genie.lockscreen.activity.LockScreenActivity}: oldVis=4 newVis=0 focusMayChange = true
12-10 16:07:10.652 I/WindowManager(  634): Focus moving from null to Window{4558a51 u0 com.tal.genie.launcher/com.tal.genie.lockscreen.activity.LockScreenActivity}
12-10 16:07:39.956 E/storaged(  454): getDiskStats failed with result NOT_SUPPORTED and size 0
12-10 16:07:54.337 W/ContextImpl( 1153): Calling a method in the system process without a qualified user: android.app.ContextImpl.sendBroadcast:1006 android.content.ContextWrapper.sendBroadcast:444 com.tal.genie.lockscreen.receiver.LockScreenReceiver.sendUnlockScreenOnBroadcast:155 com.tal.genie.lockscreen.receiver.LockScreenReceiver.onReceive:47 android.app.LoadedApk$ReceiverDispatcher$Args.lambda$getRunnable$0:1391 
12-10 16:07:54.354 W/ContextImpl( 1153): Calling a method in the system process without a qualified user: android.app.ContextImpl.sendBroadcast:1006 android.content.ContextWrapper.sendBroadcast:444 com.tal.genie.lockscreen.utils.PushNotificationDialogManager.sendPushNotificationStatus:54 com.tal.genie.lockscreen.utils.PushNotificationDialogManager.sendPushNotificationShow:23 com.tal.genie.lockscreen.activity.LockScreenActivity.onFinish:187 
12-10 16:07:54.517 I/PowerManagerService(  634): Going to sleep due to power button (uid 1000)...
12-10 16:07:54.517 W/UsageStatsService(  634): Event reported without a package name
12-10 16:07:54.518 I/PowerManagerService(  634): Sleeping (uid 1000)...
12-10 16:07:54.519 I/DisplayPowerController(  634): Blocking screen off
12-10 16:07:54.519 I/DisplayPowerController(  634): Unblocked screen off after 0 ms
12-10 16:07:54.526 E/KernelCpuSpeedReader(  634): Failed to read cpu-freq: /sys/devices/system/cpu/cpu0/cpufreq/stats/time_in_state (No such file or directory)
12-10 16:07:54.539 I/DisplayManagerService(  634): Display device changed state: "内置屏幕", OFF
12-10 16:07:54.583 I/WindowManager(  634): Focus moving from Window{4558a51 u0 com.tal.genie.launcher/com.tal.genie.lockscreen.activity.LockScreenActivity} to null
12-10 16:07:54.612 I/ActivityManager(  634): Activity reported stop, but no longer stopping: ActivityRecord{32528cf u0 com.tal.genie.launcher/com.tal.genie.lockscreen.activity.LockScreenActivity t77 f}
12-10 16:07:54.730 I/WindowManager(  634): Relayout Window{836792 u0 com.tal.genie.voice/com.tal.genie.dicbook.dic.DicExtResultActivity}: oldVis=4 newVis=0 focusMayChange = true
12-10 16:07:54.739 I/WindowManager(  634): Focus moving from null to Window{836792 u0 com.tal.genie.voice/com.tal.genie.dicbook.dic.DicExtResultActivity}
12-10 16:07:54.763 W/ContextImpl( 1153): Calling a method in the system process without a qualified user: android.app.ContextImpl.startService:1532 android.content.ContextWrapper.startService:664 android.content.ContextWrapper.startService:664 android.app.Activity.onEnterAnimationComplete:6662 android.app.Activity.dispatchEnterAnimationComplete:6673 
12-10 16:07:54.765 I/WindowManager(  634): Relayout Window{b770103 u0 com.tal.genie.launcher/com.tal.genie.launcher.ui.main.MainActivity}: oldVis=4 newVis=0 focusMayChange = true
12-10 16:07:54.771 I/WindowManager(  634): Relayout Window{4574b1 u0 com.tal.genie.voice/com.tal.genie.dicbook.dic.DicExtResultActivity}: oldVis=8 newVis=0 focusMayChange = true
12-10 16:07:54.788 I/WindowManager(  634): Relayout Window{36ed0f8 u0 com.tal.genie.voice/com.tal.genie.dicbook.dic.DicExtResultActivity}: oldVis=8 newVis=0 focusMayChange = true
12-10 16:07:54.811 I/WindowManager(  634): Relayout Window{76f3801 u0 com.tal.genie.voice/com.tal.genie.dicbook.dic.DicResultActivity}: oldVis=8 newVis=0 focusMayChange = true
12-10 16:07:55.321 I/PowerManagerService(  634): Waking up from sleep (uid=1000 reason=android.policy:POWER)...
12-10 16:07:55.321 W/UsageStatsService(  634): Event reported without a package name
12-10 16:07:55.321 I/DisplayPowerController(  634): Blocking screen on until initial contents have been drawn.
12-10 16:07:55.322 E/KernelCpuSpeedReader(  634): Failed to read cpu-freq: /sys/devices/system/cpu/cpu0/cpufreq/stats/time_in_state (No such file or directory)
12-10 16:07:55.352 W/BroadcastQueue(  634): Background execution not allowed: receiving Intent { act=android.intent.action.USER_PRESENT flg=0x24200010 } to com.tal.genie.launcher/com.tal.genie.lockscreen.receiver.LockScreenReceiver
12-10 16:07:55.363 I/WindowManager(  634): Waiting for drawn Window{b770103 u0 com.tal.genie.launcher/com.tal.genie.launcher.ui.main.MainActivity}: removed=false visible=true mHasSurface=true drawState=1
12-10 16:07:55.363 I/WindowManager(  634): Waiting for drawn Window{76f3801 u0 com.tal.genie.voice/com.tal.genie.dicbook.dic.DicResultActivity}: removed=false visible=true mHasSurface=true drawState=1
12-10 16:07:55.363 I/WindowManager(  634): Waiting for drawn Window{36ed0f8 u0 com.tal.genie.voice/com.tal.genie.dicbook.dic.DicExtResultActivity}: removed=false visible=true mHasSurface=true drawState=1
12-10 16:07:55.363 I/WindowManager(  634): Waiting for drawn Window{4574b1 u0 com.tal.genie.voice/com.tal.genie.dicbook.dic.DicExtResultActivity}: removed=false visible=true mHasSurface=true drawState=1
12-10 16:07:55.363 I/WindowManager(  634): Waiting for drawn Window{836792 u0 com.tal.genie.voice/com.tal.genie.dicbook.dic.DicExtResultActivity}: removed=false visible=true mHasSurface=true drawState=1
12-10 16:07:55.366 I/WindowManager(  634): Waiting for drawn Window{b770103 u0 com.tal.genie.launcher/com.tal.genie.launcher.ui.main.MainActivity}: removed=false visible=true mHasSurface=true drawState=1
12-10 16:07:55.366 I/WindowManager(  634): Waiting for drawn Window{76f3801 u0 com.tal.genie.voice/com.tal.genie.dicbook.dic.DicResultActivity}: removed=false visible=true mHasSurface=true drawState=1
12-10 16:07:55.366 I/WindowManager(  634): Waiting for drawn Window{36ed0f8 u0 com.tal.genie.voice/com.tal.genie.dicbook.dic.DicExtResultActivity}: removed=false visible=true mHasSurface=true drawState=1
12-10 16:07:55.366 I/WindowManager(  634): Waiting for drawn Window{4574b1 u0 com.tal.genie.voice/com.tal.genie.dicbook.dic.DicExtResultActivity}: removed=false visible=true mHasSurface=true drawState=1
12-10 16:07:55.366 I/WindowManager(  634): Waiting for drawn Window{836792 u0 com.tal.genie.voice/com.tal.genie.dicbook.dic.DicExtResultActivity}: removed=false visible=true mHasSurface=true drawState=1
12-10 16:07:55.371 I/DisplayManagerService(  634): Display device changed state: "内置屏幕", ON
12-10 16:07:55.375 I/WindowManager(  634): Waiting for drawn Window{b770103 u0 com.tal.genie.launcher/com.tal.genie.launcher.ui.main.MainActivity}: removed=false visible=true mHasSurface=true drawState=1
12-10 16:07:55.375 I/WindowManager(  634): Waiting for drawn Window{76f3801 u0 com.tal.genie.voice/com.tal.genie.dicbook.dic.DicResultActivity}: removed=false visible=true mHasSurface=true drawState=1
12-10 16:07:55.375 I/WindowManager(  634): Waiting for drawn Window{36ed0f8 u0 com.tal.genie.voice/com.tal.genie.dicbook.dic.DicExtResultActivity}: removed=false visible=true mHasSurface=true drawState=1
12-10 16:07:55.375 I/WindowManager(  634): Waiting for drawn Window{4574b1 u0 com.tal.genie.voice/com.tal.genie.dicbook.dic.DicExtResultActivity}: removed=false visible=true mHasSurface=true drawState=1
12-10 16:07:55.375 I/WindowManager(  634): Waiting for drawn Window{836792 u0 com.tal.genie.voice/com.tal.genie.dicbook.dic.DicExtResultActivity}: removed=false visible=true mHasSurface=true drawState=1
12-10 16:07:55.388 I/WindowManager(  634): Waiting for drawn Window{b770103 u0 com.tal.genie.launcher/com.tal.genie.launcher.ui.main.MainActivity}: removed=false visible=true mHasSurface=true drawState=1
12-10 16:07:55.388 I/WindowManager(  634): Waiting for drawn Window{76f3801 u0 com.tal.genie.voice/com.tal.genie.dicbook.dic.DicResultActivity}: removed=false visible=true mHasSurface=true drawState=1
12-10 16:07:55.388 I/WindowManager(  634): Waiting for drawn Window{36ed0f8 u0 com.tal.genie.voice/com.tal.genie.dicbook.dic.DicExtResultActivity}: removed=false visible=true mHasSurface=true drawState=1
12-10 16:07:55.388 I/WindowManager(  634): Waiting for drawn Window{4574b1 u0 com.tal.genie.voice/com.tal.genie.dicbook.dic.DicExtResultActivity}: removed=false visible=true mHasSurface=true drawState=1
12-10 16:07:55.388 I/WindowManager(  634): Waiting for drawn Window{836792 u0 com.tal.genie.voice/com.tal.genie.dicbook.dic.DicExtResultActivity}: removed=false visible=true mHasSurface=true drawState=1
12-10 16:07:55.432 I/WindowManager(  634): Waiting for drawn Window{b770103 u0 com.tal.genie.launcher/com.tal.genie.launcher.ui.main.MainActivity}: removed=false visible=true mHasSurface=true drawState=1
12-10 16:07:55.432 I/WindowManager(  634): Waiting for drawn Window{76f3801 u0 com.tal.genie.voice/com.tal.genie.dicbook.dic.DicResultActivity}: removed=false visible=true mHasSurface=true drawState=1
12-10 16:07:55.432 I/WindowManager(  634): Waiting for drawn Window{36ed0f8 u0 com.tal.genie.voice/com.tal.genie.dicbook.dic.DicExtResultActivity}: removed=false visible=true mHasSurface=true drawState=1
12-10 16:07:55.432 I/WindowManager(  634): Waiting for drawn Window{4574b1 u0 com.tal.genie.voice/com.tal.genie.dicbook.dic.DicExtResultActivity}: removed=false visible=true mHasSurface=true drawState=1
12-10 16:07:55.432 I/WindowManager(  634): Waiting for drawn Window{836792 u0 com.tal.genie.voice/com.tal.genie.dicbook.dic.DicExtResultActivity}: removed=false visible=true mHasSurface=true drawState=1
12-10 16:07:55.461 I/WindowManager(  634): Waiting for drawn Window{b770103 u0 com.tal.genie.launcher/com.tal.genie.launcher.ui.main.MainActivity}: removed=false visible=true mHasSurface=true drawState=1
12-10 16:07:55.461 I/WindowManager(  634): Waiting for drawn Window{76f3801 u0 com.tal.genie.voice/com.tal.genie.dicbook.dic.DicResultActivity}: removed=false visible=true mHasSurface=true drawState=1
12-10 16:07:55.461 I/WindowManager(  634): Waiting for drawn Window{36ed0f8 u0 com.tal.genie.voice/com.tal.genie.dicbook.dic.DicExtResultActivity}: removed=false visible=true mHasSurface=true drawState=4
12-10 16:07:55.461 I/WindowManager(  634): Waiting for drawn Window{4574b1 u0 com.tal.genie.voice/com.tal.genie.dicbook.dic.DicExtResultActivity}: removed=false visible=true mHasSurface=true drawState=1
12-10 16:07:55.461 I/WindowManager(  634): Waiting for drawn Window{836792 u0 com.tal.genie.voice/com.tal.genie.dicbook.dic.DicExtResultActivity}: removed=false visible=true mHasSurface=true drawState=1
12-10 16:07:55.467 I/WindowManager(  634): Waiting for drawn Window{b770103 u0 com.tal.genie.launcher/com.tal.genie.launcher.ui.main.MainActivity}: removed=false visible=true mHasSurface=true drawState=1
12-10 16:07:55.467 I/WindowManager(  634): Waiting for drawn Window{76f3801 u0 com.tal.genie.voice/com.tal.genie.dicbook.dic.DicResultActivity}: removed=false visible=true mHasSurface=true drawState=4
12-10 16:07:55.467 I/WindowManager(  634): Waiting for drawn Window{4574b1 u0 com.tal.genie.voice/com.tal.genie.dicbook.dic.DicExtResultActivity}: removed=false visible=true mHasSurface=true drawState=1
12-10 16:07:55.467 I/WindowManager(  634): Waiting for drawn Window{836792 u0 com.tal.genie.voice/com.tal.genie.dicbook.dic.DicExtResultActivity}: removed=false visible=true mHasSurface=true drawState=1
12-10 16:07:55.470 I/WindowManager(  634): Waiting for drawn Window{b770103 u0 com.tal.genie.launcher/com.tal.genie.launcher.ui.main.MainActivity}: removed=false visible=true mHasSurface=true drawState=1
12-10 16:07:55.470 I/WindowManager(  634): Waiting for drawn Window{4574b1 u0 com.tal.genie.voice/com.tal.genie.dicbook.dic.DicExtResultActivity}: removed=false visible=true mHasSurface=true drawState=1
12-10 16:07:55.470 I/WindowManager(  634): Waiting for drawn Window{836792 u0 com.tal.genie.voice/com.tal.genie.dicbook.dic.DicExtResultActivity}: removed=false visible=true mHasSurface=true drawState=4
12-10 16:07:55.472 I/WindowManager(  634): Waiting for drawn Window{b770103 u0 com.tal.genie.launcher/com.tal.genie.launcher.ui.main.MainActivity}: removed=false visible=true mHasSurface=true drawState=1
12-10 16:07:55.472 I/WindowManager(  634): Waiting for drawn Window{4574b1 u0 com.tal.genie.voice/com.tal.genie.dicbook.dic.DicExtResultActivity}: removed=false visible=true mHasSurface=true drawState=4
12-10 16:07:55.474 I/WindowManager(  634): Waiting for drawn Window{b770103 u0 com.tal.genie.launcher/com.tal.genie.launcher.ui.main.MainActivity}: removed=false visible=true mHasSurface=true drawState=4
12-10 16:07:55.478 I/DisplayPowerController(  634): Unblocked screen on after 157 ms
12-10 16:07:55.720 W/PowerManagerService(  634): Screen on took 401 ms
12-10 16:07:57.248 I/WindowManager(  634): Focus moving from Window{836792 u0 com.tal.genie.voice/com.tal.genie.dicbook.dic.DicExtResultActivity} to Window{4574b1 u0 com.tal.genie.voice/com.tal.genie.dicbook.dic.DicExtResultActivity}
12-10 16:08:05.145 I/WindowManager(  634): Focus moving from Window{4574b1 u0 com.tal.genie.voice/com.tal.genie.dicbook.dic.DicExtResultActivity} to Window{b770103 u0 com.tal.genie.launcher/com.tal.genie.launcher.ui.main.MainActivity}
12-10 16:08:05.202 W/ContextImpl( 1153): Calling a method in the system process without a qualified user: android.app.ContextImpl.startService:1532 android.content.ContextWrapper.startService:664 android.content.ContextWrapper.startService:664 android.app.Activity.onEnterAnimationComplete:6662 android.app.Activity.dispatchEnterAnimationComplete:6673 
12-10 16:08:06.108 W/ContextImpl( 1153): Calling a method in the system process without a qualified user: android.app.ContextImpl.sendBroadcast:1006 android.content.ContextWrapper.sendBroadcast:444 android.content.ContextWrapper.sendBroadcast:444 android.view.View.dispatchTouchEvent:12526 android.view.ViewGroup.dispatchTransformedTouchEvent:3077 
12-10 16:08:08.860 W/ContextImpl( 1153): Calling a method in the system process without a qualified user: android.app.ContextImpl.sendBroadcast:1006 android.content.ContextWrapper.sendBroadcast:444 android.content.ContextWrapper.sendBroadcast:444 android.view.View.dispatchTouchEvent:12526 android.view.ViewGroup.dispatchTransformedTouchEvent:3083 
12-10 16:08:09.007 W/ContextImpl( 1153): Calling a method in the system process without a qualified user: android.app.ContextImpl.startActivity:900 android.content.ContextWrapper.startActivity:401 com.tal.genie.launcher.ui.voice.view.VoiceCallBackImplNew.toVoiceActivity:55 com.tal.genie.launcher.ui.voice.view.VoiceCallBackImplNew.toVoiceView:44 com.tal.genie.launcher.ui.voice.view.VoiceCallBackImplNew.start:38 
12-10 16:08:09.008 I/ActivityManager(  634): START u0 {flg=0x10000000 cmp=com.tal.genie.launcher/.ui.voice.VoiceNewActivity} from uid 1000
12-10 16:08:09.030 I/WindowManager(  634): Focus moving from Window{b770103 u0 com.tal.genie.launcher/com.tal.genie.launcher.ui.main.MainActivity} to null
12-10 16:08:09.030 W/ActivityManager(  634): Request to remove task ignored for non-existent task 77
12-10 16:08:09.162 I/WindowManager(  634): Focus moving from null to Window{b770103 u0 com.tal.genie.launcher/com.tal.genie.launcher.ui.main.MainActivity}
12-10 16:08:09.170 I/WindowManager(  634): Relayout Window{e4fe22f u0 com.tal.genie.launcher/com.tal.genie.launcher.ui.voice.VoiceNewActivity}: oldVis=4 newVis=0 focusMayChange = true
12-10 16:08:09.251 W/ContextImpl( 1153): Calling a method in the system process without a qualified user: android.app.ContextImpl.startService:1532 android.content.ContextWrapper.startService:664 android.content.ContextWrapper.startService:664 android.app.Activity.onEnterAnimationComplete:6662 android.app.Activity.dispatchEnterAnimationComplete:6673 
12-10 16:08:11.079 W/NotificationService(  634): Toast already killed. pkg=com.tal.genie.voice callback=android.app.ITransientNotification$Stub$Proxy@86ae040
12-10 16:08:12.574 W/WindowManager(  634): Unable to start animation, surface is null or no children.
12-10 16:08:22.079 W/WindowManager(  634): removeWindowToken: Attempted to remove non-existing token: android.os.Binder@e4c2836
12-10 16:08:39.957 E/storaged(  454): getDiskStats failed with result NOT_SUPPORTED and size 0
12-10 16:08:45.797 W/ContextImpl( 1153): Calling a method in the system process without a qualified user: android.app.ContextImpl.sendBroadcast:1006 android.content.ContextWrapper.sendBroadcast:444 android.content.ContextWrapper.sendBroadcast:444 android.view.View.dispatchTouchEvent:12526 android.view.ViewGroup.dispatchTransformedTouchEvent:3083 
12-10 16:08:45.999 W/ContextImpl( 1153): Calling a method in the system process without a qualified user: android.app.ContextImpl.startActivity:900 android.content.ContextWrapper.startActivity:401 com.tal.genie.launcher.ui.voice.view.VoiceCallBackImplNew.toVoiceActivity:55 com.tal.genie.launcher.ui.voice.view.VoiceCallBackImplNew.toVoiceView:44 com.tal.genie.launcher.ui.voice.view.VoiceCallBackImplNew.start:38 
12-10 16:08:46.000 I/ActivityManager(  634): START u0 {flg=0x10000000 cmp=com.tal.genie.launcher/.ui.voice.VoiceNewActivity} from uid 1000
12-10 16:08:46.018 I/WindowManager(  634): Focus moving from Window{b770103 u0 com.tal.genie.launcher/com.tal.genie.launcher.ui.main.MainActivity} to null
12-10 16:08:46.133 I/WindowManager(  634): Relayout Window{37d9b85 u0 com.tal.genie.launcher/com.tal.genie.launcher.ui.voice.VoiceNewActivity}: oldVis=4 newVis=0 focusMayChange = true
12-10 16:08:46.137 I/WindowManager(  634): Focus moving from null to Window{37d9b85 u0 com.tal.genie.launcher/com.tal.genie.launcher.ui.voice.VoiceNewActivity}
12-10 16:08:46.169 W/ContextImpl( 1153): Calling a method in the system process without a qualified user: android.app.ContextImpl.startService:1532 android.content.ContextWrapper.startService:664 android.content.ContextWrapper.startService:664 android.app.Activity.onEnterAnimationComplete:6662 android.app.Activity.dispatchEnterAnimationComplete:6673 
12-10 16:08:46.170 W/ContextImpl( 1153): Calling a method in the system process without a qualified user: android.app.ContextImpl.startService:1532 android.content.ContextWrapper.startService:664 android.content.ContextWrapper.startService:664 android.app.Activity.onEnterAnimationComplete:6662 android.app.Activity.dispatchEnterAnimationComplete:6673 
12-10 16:08:52.650 I/NetworkStatsRecorder(  634): recordSnapshotLocked: ident[[{type=WIFI, subType=COMBINED, networkId="TAL-Device", metered=false, defaultNetwork=true}]]
12-10 16:08:52.651 W/NetworkStatsRecorder(  634): unknown interfaces [lo], ignoring those stats
12-10 16:08:52.651 I/NetworkStatsRecorder(  634): recordSnapshotLocked: ident[[{type=WIFI, subType=COMBINED, networkId="TAL-Device", metered=false, defaultNetwork=true}]]
12-10 16:08:52.651 W/NetworkStatsRecorder(  634): unknown interfaces [lo], ignoring those stats
12-10 16:08:52.651 I/NetworkStatsRecorder(  634): recordSnapshotLocked: ident[[{type=WIFI, subType=COMBINED, networkId="TAL-Device", metered=false, defaultNetwork=true}]]
12-10 16:08:52.651 I/chatty  (  634): uid=1000(system) NetworkStats identical 2 lines
12-10 16:08:52.651 I/NetworkStatsRecorder(  634): recordSnapshotLocked: ident[[{type=WIFI, subType=COMBINED, networkId="TAL-Device", metered=false, defaultNetwork=true}]]
12-10 16:08:52.651 W/NetworkStatsRecorder(  634): unknown interfaces [lo], ignoring those stats
12-10 16:08:52.651 W/NetworkStatsRecorder(  634): unknown interfaces [lo], ignoring those stats
12-10 16:09:11.585 I/WindowManager(  634): Focus moving from Window{37d9b85 u0 com.tal.genie.launcher/com.tal.genie.launcher.ui.voice.VoiceNewActivity} to Window{b770103 u0 com.tal.genie.launcher/com.tal.genie.launcher.ui.main.MainActivity}
12-10 16:09:11.654 W/ContextImpl( 1153): Calling a method in the system process without a qualified user: android.app.ContextImpl.startService:1532 android.content.ContextWrapper.startService:664 android.content.ContextWrapper.startService:664 android.app.Activity.onEnterAnimationComplete:6662 android.app.Activity.dispatchEnterAnimationComplete:6673 
12-10 16:09:17.547 W/ContextImpl( 1153): Calling a method in the system process without a qualified user: android.app.ContextImpl.sendBroadcast:1006 android.content.ContextWrapper.sendBroadcast:444 android.content.ContextWrapper.sendBroadcast:444 android.view.View.dispatchTouchEvent:12526 android.view.ViewGroup.dispatchTransformedTouchEvent:3083 
12-10 16:09:17.701 W/ContextImpl( 1153): Calling a method in the system process without a qualified user: android.app.ContextImpl.startActivity:900 android.content.ContextWrapper.startActivity:401 com.tal.genie.launcher.ui.voice.view.VoiceCallBackImplNew.toVoiceActivity:55 com.tal.genie.launcher.ui.voice.view.VoiceCallBackImplNew.toVoiceView:44 com.tal.genie.launcher.ui.voice.view.VoiceCallBackImplNew.start:38 
12-10 16:09:17.702 I/ActivityManager(  634): START u0 {flg=0x10000000 cmp=com.tal.genie.launcher/.ui.voice.VoiceNewActivity} from uid 1000
12-10 16:09:17.729 I/WindowManager(  634): Focus moving from Window{b770103 u0 com.tal.genie.launcher/com.tal.genie.launcher.ui.main.MainActivity} to null
12-10 16:09:17.830 I/WindowManager(  634): Relayout Window{463cf42 u0 com.tal.genie.launcher/com.tal.genie.launcher.ui.voice.VoiceNewActivity}: oldVis=4 newVis=0 focusMayChange = true
12-10 16:09:17.834 I/WindowManager(  634): Focus moving from null to Window{463cf42 u0 com.tal.genie.launcher/com.tal.genie.launcher.ui.voice.VoiceNewActivity}
12-10 16:09:17.867 W/ContextImpl( 1153): Calling a method in the system process without a qualified user: android.app.ContextImpl.startService:1532 android.content.ContextWrapper.startService:664 android.content.ContextWrapper.startService:664 android.app.Activity.onEnterAnimationComplete:6662 android.app.Activity.dispatchEnterAnimationComplete:6673 
12-10 16:09:17.871 W/ContextImpl( 1153): Calling a method in the system process without a qualified user: android.app.ContextImpl.startService:1532 android.content.ContextWrapper.startService:664 android.content.ContextWrapper.startService:664 android.app.Activity.onEnterAnimationComplete:6662 android.app.Activity.dispatchEnterAnimationComplete:6673 
12-10 16:09:19.475 W/ContextImpl( 1153): Calling a method in the system process without a qualified user: android.app.ContextImpl.sendBroadcast:1006 android.content.ContextWrapper.sendBroadcast:444 android.content.ContextWrapper.sendBroadcast:444 android.view.View.dispatchTouchEvent:12526 android.view.ViewGroup.dispatchTransformedTouchEvent:3083 
12-10 16:09:19.550 I/WindowManager(  634): Focus moving from Window{463cf42 u0 com.tal.genie.launcher/com.tal.genie.launcher.ui.voice.VoiceNewActivity} to Window{b770103 u0 com.tal.genie.launcher/com.tal.genie.launcher.ui.main.MainActivity}
12-10 16:09:19.636 W/ContextImpl( 1153): Calling a method in the system process without a qualified user: android.app.ContextImpl.startService:1532 android.content.ContextWrapper.startService:664 android.content.ContextWrapper.startService:664 android.app.Activity.onEnterAnimationComplete:6662 android.app.Activity.dispatchEnterAnimationComplete:6673 
12-10 16:09:21.332 W/ContextImpl( 1153): Calling a method in the system process without a qualified user: android.app.ContextImpl.sendBroadcast:1006 android.content.ContextWrapper.sendBroadcast:444 android.content.ContextWrapper.sendBroadcast:444 android.view.View.dispatchTouchEvent:12526 android.view.ViewGroup.dispatchTransformedTouchEvent:3083 
12-10 16:09:21.503 W/ContextImpl( 1153): Calling a method in the system process without a qualified user: android.app.ContextImpl.startActivity:900 android.content.ContextWrapper.startActivity:401 com.tal.genie.launcher.ui.voice.view.VoiceCallBackImplNew.toVoiceActivity:55 com.tal.genie.launcher.ui.voice.view.VoiceCallBackImplNew.toVoiceView:44 com.tal.genie.launcher.ui.voice.view.VoiceCallBackImplNew.start:38 
12-10 16:09:21.504 I/ActivityManager(  634): START u0 {flg=0x10000000 cmp=com.tal.genie.launcher/.ui.voice.VoiceNewActivity} from uid 1000
12-10 16:09:21.523 I/WindowManager(  634): Focus moving from Window{b770103 u0 com.tal.genie.launcher/com.tal.genie.launcher.ui.main.MainActivity} to null
12-10 16:09:21.632 I/WindowManager(  634): Relayout Window{880c0d8 u0 com.tal.genie.launcher/com.tal.genie.launcher.ui.voice.VoiceNewActivity}: oldVis=4 newVis=0 focusMayChange = true
12-10 16:09:21.637 I/WindowManager(  634): Focus moving from null to Window{880c0d8 u0 com.tal.genie.launcher/com.tal.genie.launcher.ui.voice.VoiceNewActivity}
12-10 16:09:21.672 W/ContextImpl( 1153): Calling a method in the system process without a qualified user: android.app.ContextImpl.startService:1532 android.content.ContextWrapper.startService:664 android.content.ContextWrapper.startService:664 android.app.Activity.onEnterAnimationComplete:6662 android.app.Activity.dispatchEnterAnimationComplete:6673 
12-10 16:09:21.675 W/ContextImpl( 1153): Calling a method in the system process without a qualified user: android.app.ContextImpl.startService:1532 android.content.ContextWrapper.startService:664 android.content.ContextWrapper.startService:664 android.app.Activity.onEnterAnimationComplete:6662 android.app.Activity.dispatchEnterAnimationComplete:6673 
12-10 16:09:24.918 I/WindowManager(  634): Focus moving from Window{880c0d8 u0 com.tal.genie.launcher/com.tal.genie.launcher.ui.voice.VoiceNewActivity} to Window{b770103 u0 com.tal.genie.launcher/com.tal.genie.launcher.ui.main.MainActivity}
12-10 16:09:25.003 W/ContextImpl( 1153): Calling a method in the system process without a qualified user: android.app.ContextImpl.startService:1532 android.content.ContextWrapper.startService:664 android.content.ContextWrapper.startService:664 android.app.Activity.onEnterAnimationComplete:6662 android.app.Activity.dispatchEnterAnimationComplete:6673 
12-10 16:09:26.575 W/ContextImpl( 1153): Calling a method in the system process without a qualified user: android.app.ContextImpl.sendBroadcast:1006 android.content.ContextWrapper.sendBroadcast:444 android.content.ContextWrapper.sendBroadcast:444 android.view.View.dispatchTouchEvent:12526 android.view.ViewGroup.dispatchTransformedTouchEvent:3083 
12-10 16:09:26.746 W/ContextImpl( 1153): Calling a method in the system process without a qualified user: android.app.ContextImpl.startActivity:900 android.content.ContextWrapper.startActivity:401 com.tal.genie.launcher.ui.voice.view.VoiceCallBackImplNew.toVoiceActivity:55 com.tal.genie.launcher.ui.voice.view.VoiceCallBackImplNew.toVoiceView:44 com.tal.genie.launcher.ui.voice.view.VoiceCallBackImplNew.start:38 
12-10 16:09:26.746 I/ActivityManager(  634): START u0 {flg=0x10000000 cmp=com.tal.genie.launcher/.ui.voice.VoiceNewActivity} from uid 1000
12-10 16:09:26.761 I/WindowManager(  634): Focus moving from Window{b770103 u0 com.tal.genie.launcher/com.tal.genie.launcher.ui.main.MainActivity} to null
12-10 16:09:26.873 I/WindowManager(  634): Relayout Window{e79e076 u0 com.tal.genie.launcher/com.tal.genie.launcher.ui.voice.VoiceNewActivity}: oldVis=4 newVis=0 focusMayChange = true
12-10 16:09:26.877 I/WindowManager(  634): Focus moving from null to Window{e79e076 u0 com.tal.genie.launcher/com.tal.genie.launcher.ui.voice.VoiceNewActivity}
12-10 16:09:26.909 W/ContextImpl( 1153): Calling a method in the system process without a qualified user: android.app.ContextImpl.startService:1532 android.content.ContextWrapper.startService:664 android.content.ContextWrapper.startService:664 android.app.Activity.onEnterAnimationComplete:6662 android.app.Activity.dispatchEnterAnimationComplete:6673 
12-10 16:09:26.912 W/ContextImpl( 1153): Calling a method in the system process without a qualified user: android.app.ContextImpl.startService:1532 android.content.ContextWrapper.startService:664 android.content.ContextWrapper.startService:664 android.app.Activity.onEnterAnimationComplete:6662 android.app.Activity.dispatchEnterAnimationComplete:6673 
12-10 16:09:32.040 W/ContextImpl( 1153): Calling a method in the system process without a qualified user: android.app.ContextImpl.sendBroadcast:1006 android.content.ContextWrapper.sendBroadcast:444 android.content.ContextWrapper.sendBroadcast:444 android.view.View.dispatchTouchEvent:12526 android.view.ViewGroup.dispatchTransformedTouchEvent:3083 
12-10 16:09:32.178 W/ContextImpl( 1153): Calling a method in the system process without a qualified user: android.app.ContextImpl.startActivity:900 android.content.ContextWrapper.startActivity:401 com.tal.genie.launcher.ui.voice.view.VoiceCallBackImplNew.toVoiceActivity:55 com.tal.genie.launcher.ui.voice.view.VoiceCallBackImplNew.toVoiceView:44 com.tal.genie.launcher.ui.voice.view.VoiceCallBackImplNew.start:38 
12-10 16:09:32.179 I/ActivityManager(  634): START u0 {flg=0x10000000 cmp=com.tal.genie.launcher/.ui.voice.VoiceNewActivity} from uid 1000
12-10 16:09:32.763 I/WindowManager(  634): Focus moving from Window{e79e076 u0 com.tal.genie.launcher/com.tal.genie.launcher.ui.voice.VoiceNewActivity} to Window{b770103 u0 com.tal.genie.launcher/com.tal.genie.launcher.ui.main.MainActivity}
12-10 16:09:32.862 W/ContextImpl( 1153): Calling a method in the system process without a qualified user: android.app.ContextImpl.startService:1532 android.content.ContextWrapper.startService:664 android.content.ContextWrapper.startService:664 android.app.Activity.onEnterAnimationComplete:6662 android.app.Activity.dispatchEnterAnimationComplete:6673 
12-10 16:09:33.502 W/ContextImpl( 1153): Calling a method in the system process without a qualified user: android.app.ContextImpl.startActivity:900 android.content.ContextWrapper.startActivity:401 com.tal.genie.launcher.ui.voice.view.VoiceCallBackImplNew.toVoiceActivity:55 com.tal.genie.launcher.ui.voice.view.VoiceCallBackImplNew.toVoiceView:44 com.tal.genie.launcher.ui.voice.view.VoiceCallBackImplNew.start:38 
12-10 16:09:33.503 I/ActivityManager(  634): START u0 {flg=0x10000000 cmp=com.tal.genie.launcher/.ui.voice.VoiceNewActivity} from uid 1000
12-10 16:09:33.522 I/WindowManager(  634): Focus moving from Window{b770103 u0 com.tal.genie.launcher/com.tal.genie.launcher.ui.main.MainActivity} to null
12-10 16:09:33.617 I/WindowManager(  634): Relayout Window{d023562 u0 com.tal.genie.launcher/com.tal.genie.launcher.ui.voice.VoiceNewActivity}: oldVis=4 newVis=0 focusMayChange = true
12-10 16:09:33.621 I/WindowManager(  634): Focus moving from null to Window{d023562 u0 com.tal.genie.launcher/com.tal.genie.launcher.ui.voice.VoiceNewActivity}
12-10 16:09:33.656 W/ContextImpl( 1153): Calling a method in the system process without a qualified user: android.app.ContextImpl.startService:1532 android.content.ContextWrapper.startService:664 android.content.ContextWrapper.startService:664 android.app.Activity.onEnterAnimationComplete:6662 android.app.Activity.dispatchEnterAnimationComplete:6673 
12-10 16:09:33.658 W/ContextImpl( 1153): Calling a method in the system process without a qualified user: android.app.ContextImpl.startService:1532 android.content.ContextWrapper.startService:664 android.content.ContextWrapper.startService:664 android.app.Activity.onEnterAnimationComplete:6662 android.app.Activity.dispatchEnterAnimationComplete:6673 
12-10 16:09:37.322 I/WindowManager(  634): Focus moving from Window{d023562 u0 com.tal.genie.launcher/com.tal.genie.launcher.ui.voice.VoiceNewActivity} to Window{b770103 u0 com.tal.genie.launcher/com.tal.genie.launcher.ui.main.MainActivity}
12-10 16:09:37.393 W/ContextImpl( 1153): Calling a method in the system process without a qualified user: android.app.ContextImpl.startService:1532 android.content.ContextWrapper.startService:664 android.content.ContextWrapper.startService:664 android.app.Activity.onEnterAnimationComplete:6662 android.app.Activity.dispatchEnterAnimationComplete:6673 
