10-16 10:59:04.054 I/sn      (  484): Fail to access err=2
10-16 10:59:04.054 I/sn      (  484): Check all possible paths
10-16 10:59:14.055 I/sn      (  484): Retry 10
10-16 10:59:14.055 I/sn      (  484): Fail to access err=2
10-16 10:59:14.055 I/chatty  (  484): uid=1000(system) identical 1 line
10-16 10:59:14.055 I/sn      (  484): Fail to access err=2
10-16 10:59:14.055 I/sn      (  484): Check all possible paths
10-16 10:59:24.055 I/sn      (  484): Retry 11
10-16 10:59:24.056 I/sn      (  484): Fail to access err=2
10-16 10:59:24.056 I/chatty  (  484): uid=1000(system) identical 1 line
10-16 10:59:24.056 I/sn      (  484): Fail to access err=2
10-16 10:59:24.056 I/sn      (  484): Check all possible paths
10-16 10:59:34.056 I/sn      (  484): Retry 12
10-16 10:59:34.056 I/sn      (  484): Fail to access err=2
10-16 10:59:34.056 I/chatty  (  484): uid=1000(system) identical 1 line
10-16 10:59:34.057 I/sn      (  484): Fail to access err=2
10-16 10:59:34.057 I/sn      (  484): Check all possible paths
10-16 10:59:41.529 E/storaged(  466): getDiskStats failed with result NOT_SUPPORTED and size 0
10-16 10:59:44.057 I/sn      (  484): Retry 13
10-16 10:59:44.057 I/sn      (  484): Fail to access err=2
10-16 10:59:44.057 I/chatty  (  484): uid=1000(system) identical 1 line
10-16 10:59:44.057 I/sn      (  484): Fail to access err=2
10-16 10:59:44.057 I/sn      (  484): Check all possible paths
10-16 10:59:54.057 I/sn      (  484): Retry 14
10-16 10:59:54.058 I/sn      (  484): Fail to access err=2
10-16 10:59:54.058 I/chatty  (  484): uid=1000(system) identical 1 line
10-16 10:59:54.058 I/sn      (  484): Fail to access err=2
10-16 10:59:54.058 I/sn      (  484): Check all possible paths
10-16 11:00:00.024 W/ContextImpl( 1144): Calling a method in the system process without a qualified user: android.app.ContextImpl.sendBroadcast:1006 android.content.ContextWrapper.sendBroadcast:444 com.tal.genie.launcher.service.TimeTickListener.sendOTASilentBroadcast:52 com.tal.genie.launcher.service.TimeTickListener.onTimeTickReceived:31 com.tal.genie.base_receiver.time.TimeTickManager.onTimeTickReceived:80 
10-16 11:00:00.037 W/ContextImpl( 1144): Calling a method in the system process without a qualified user: android.app.ContextImpl.sendBroadcast:1006 android.content.ContextWrapper.sendBroadcast:444 com.tal.genie.service_controldata.EyesProtectorManager.sendEyesProtectorBroadcast:186 com.tal.genie.service_controldata.EyesProtectorManager.eyesProtectDetector:63 com.tal.genie.launcher.service.TimeTickListener.onTimeTickReceived:34 
10-16 11:00:41.529 E/storaged(  466): getDiskStats failed with result NOT_SUPPORTED and size 0
10-16 11:01:00.024 W/ContextImpl( 1144): Calling a method in the system process without a qualified user: android.app.ContextImpl.sendBroadcast:1006 android.content.ContextWrapper.sendBroadcast:444 com.tal.genie.launcher.service.TimeTickListener.sendOTASilentBroadcast:52 com.tal.genie.launcher.service.TimeTickListener.onTimeTickReceived:31 com.tal.genie.base_receiver.time.TimeTickManager.onTimeTickReceived:80 
10-16 11:01:00.039 W/ContextImpl( 1144): Calling a method in the system process without a qualified user: android.app.ContextImpl.sendBroadcast:1006 android.content.ContextWrapper.sendBroadcast:444 com.tal.genie.service_controldata.EyesProtectorManager.sendEyesProtectorBroadcast:186 com.tal.genie.service_controldata.EyesProtectorManager.eyesProtectDetector:63 com.tal.genie.launcher.service.TimeTickListener.onTimeTickReceived:34 
10-16 11:01:41.530 E/storaged(  466): getDiskStats failed with result NOT_SUPPORTED and size 0
10-16 11:02:00.026 W/ContextImpl( 1144): Calling a method in the system process without a qualified user: android.app.ContextImpl.sendBroadcast:1006 android.content.ContextWrapper.sendBroadcast:444 com.tal.genie.launcher.service.TimeTickListener.sendOTASilentBroadcast:52 com.tal.genie.launcher.service.TimeTickListener.onTimeTickReceived:31 com.tal.genie.base_receiver.time.TimeTickManager.onTimeTickReceived:80 
10-16 11:02:00.041 W/ContextImpl( 1144): Calling a method in the system process without a qualified user: android.app.ContextImpl.sendBroadcast:1006 android.content.ContextWrapper.sendBroadcast:444 com.tal.genie.service_controldata.EyesProtectorManager.sendEyesProtectorBroadcast:186 com.tal.genie.service_controldata.EyesProtectorManager.eyesProtectDetector:63 com.tal.genie.launcher.service.TimeTickListener.onTimeTickReceived:34 
10-16 11:02:41.531 E/storaged(  466): getDiskStats failed with result NOT_SUPPORTED and size 0
10-16 11:03:00.026 W/ContextImpl( 1144): Calling a method in the system process without a qualified user: android.app.ContextImpl.sendBroadcast:1006 android.content.ContextWrapper.sendBroadcast:444 com.tal.genie.launcher.service.TimeTickListener.sendOTASilentBroadcast:52 com.tal.genie.launcher.service.TimeTickListener.onTimeTickReceived:31 com.tal.genie.base_receiver.time.TimeTickManager.onTimeTickReceived:80 
10-16 11:03:00.043 W/ContextImpl( 1144): Calling a method in the system process without a qualified user: android.app.ContextImpl.sendBroadcast:1006 android.content.ContextWrapper.sendBroadcast:444 com.tal.genie.service_controldata.EyesProtectorManager.sendEyesProtectorBroadcast:186 com.tal.genie.service_controldata.EyesProtectorManager.eyesProtectDetector:63 com.tal.genie.launcher.service.TimeTickListener.onTimeTickReceived:34 
10-16 11:03:41.533 E/storaged(  466): getDiskStats failed with result NOT_SUPPORTED and size 0
10-16 11:04:00.022 W/ContextImpl( 1144): Calling a method in the system process without a qualified user: android.app.ContextImpl.sendBroadcast:1006 android.content.ContextWrapper.sendBroadcast:444 com.tal.genie.launcher.service.TimeTickListener.sendOTASilentBroadcast:52 com.tal.genie.launcher.service.TimeTickListener.onTimeTickReceived:31 com.tal.genie.base_receiver.time.TimeTickManager.onTimeTickReceived:80 
10-16 11:04:00.037 W/ContextImpl( 1144): Calling a method in the system process without a qualified user: android.app.ContextImpl.sendBroadcast:1006 android.content.ContextWrapper.sendBroadcast:444 com.tal.genie.service_controldata.EyesProtectorManager.sendEyesProtectorBroadcast:186 com.tal.genie.service_controldata.EyesProtectorManager.eyesProtectDetector:63 com.tal.genie.launcher.service.TimeTickListener.onTimeTickReceived:34 
10-16 11:04:41.534 E/storaged(  466): getDiskStats failed with result NOT_SUPPORTED and size 0
10-16 11:05:00.023 W/ContextImpl( 1144): Calling a method in the system process without a qualified user: android.app.ContextImpl.sendBroadcast:1006 android.content.ContextWrapper.sendBroadcast:444 com.tal.genie.launcher.service.TimeTickListener.sendOTASilentBroadcast:52 com.tal.genie.launcher.service.TimeTickListener.onTimeTickReceived:31 com.tal.genie.base_receiver.time.TimeTickManager.onTimeTickReceived:80 
10-16 11:05:00.048 W/ContextImpl( 1144): Calling a method in the system process without a qualified user: android.app.ContextImpl.sendBroadcast:1006 android.content.ContextWrapper.sendBroadcast:444 com.tal.genie.service_controldata.EyesProtectorManager.sendEyesProtectorBroadcast:186 com.tal.genie.service_controldata.EyesProtectorManager.eyesProtectDetector:63 com.tal.genie.launcher.service.TimeTickListener.onTimeTickReceived:34 
10-16 11:05:41.535 E/storaged(  466): getDiskStats failed with result NOT_SUPPORTED and size 0
10-16 11:06:00.018 W/ContextImpl( 1144): Calling a method in the system process without a qualified user: android.app.ContextImpl.sendBroadcast:1006 android.content.ContextWrapper.sendBroadcast:444 com.tal.genie.launcher.service.TimeTickListener.sendOTASilentBroadcast:52 com.tal.genie.launcher.service.TimeTickListener.onTimeTickReceived:31 com.tal.genie.base_receiver.time.TimeTickManager.onTimeTickReceived:80 
--------- beginning of main
10-16 11:06:00.022 W/lmkd    (  312): type=1400 audit(0.0:7118): avc: denied { dac_read_search } for capability=2 scontext=u:r:lmkd:s0 tcontext=u:r:lmkd:s0 tclass=capability permissive=0
10-16 11:06:00.023 W/AES     (  628): Exception Log handling...
10-16 11:06:00.024 W/AES     (  628): skip for Exp level 0
10-16 11:06:00.027 I/CustomReceiver( 1690): action ::: com.tal.genie.setting.action_silent_upgrade
10-16 11:06:00.027 W/ContextImpl( 1144): Calling a method in the system process without a qualified user: android.app.ContextImpl.sendBroadcast:1006 android.content.ContextWrapper.sendBroadcast:444 com.tal.genie.service_controldata.EyesProtectorManager.sendEyesProtectorBroadcast:186 com.tal.genie.service_controldata.EyesProtectorManager.eyesProtectDetector:63 com.tal.genie.launcher.service.TimeTickListener.onTimeTickReceived:34 
10-16 11:06:00.035 E/ActivityManager(  628): Sending non-protected broadcast com.tal.genie.lock.eyes.protect from system 1144:com.tal.genie.launcher/1000 pkg com.tal.genie.launcher
10-16 11:06:00.035 E/ActivityManager(  628): java.lang.Throwable
10-16 11:06:00.035 E/ActivityManager(  628): 	at com.android.server.am.ActivityManagerService.checkBroadcastFromSystem(ActivityManagerService.java:21467)
10-16 11:06:00.035 E/ActivityManager(  628): 	at com.android.server.am.ActivityManagerService.broadcastIntentLocked(ActivityManagerService.java:22071)
10-16 11:06:00.035 E/ActivityManager(  628): 	at com.android.server.am.ActivityManagerService.broadcastIntent(ActivityManagerService.java:22221)
10-16 11:06:00.035 E/ActivityManager(  628): 	at android.app.IActivityManager$Stub.onTransact$broadcastIntent$(IActivityManager.java:10181)
10-16 11:06:00.035 E/ActivityManager(  628): 	at android.app.IActivityManager$Stub.onTransact(IActivityManager.java:167)
10-16 11:06:00.035 E/ActivityManager(  628): 	at com.android.server.am.ActivityManagerService.onTransact(ActivityManagerService.java:3350)
10-16 11:06:00.035 E/ActivityManager(  628): 	at android.os.Binder.execTransact(Binder.java:731)
10-16 11:06:00.036 E/NotificationShelf(  757): iconState is null. ExpandedIcon: StatusBarIconView(slot=com.tal.genie.lockscreen/0x3e7 icon=StatusBarIcon(icon=Icon(typ=RESOURCE pkg=com.tal.genie.lockscreen id=0x7f07006f) visible user=0 ) notification=StatusBarNotification(pkg=com.tal.genie.lockscreen user=UserHandle{0} id=999 tag=null key=0|com.tal.genie.lockscreen|999|null|10025: Notification(channel=com.tal.genie.lockscreen pri=2 contentView=null vibrate=null sound=null defaults=0x0 flags=0x62 color=0x00000000 category=service vis=PRIVATE)))
10-16 11:06:00.036 E/NotificationShelf(  757):  icon parent: null 
10-16 11:06:00.036 E/NotificationShelf(  757):  number of notifications: 8
10-16 11:06:00.038 W/AES     (  628): Exception Log handling...
10-16 11:06:00.040 W/AES     (  628): skip for Exp level 0
10-16 11:06:00.043 I/LockScreenReceiver( 1708): action ::: com.tal.genie.lock.eyes.protect
10-16 11:06:00.047 I/TtSy    ( 1090): [ (BrHelp.java:37)#onReceive ] action:com.tal.genie.lock.screen.protect
10-16 11:06:00.051 I/TtSy    ( 1090): [ (BrHelp.java:37)#onReceive ] action:com.tal.genie.lock.screen.protect
10-16 11:06:00.056 W/AES     (  628): Exception Log handling...
10-16 11:06:00.059 I/BufferQueueProducer(  313): [StatusBar#0](this:0xa1e60000,id:3,api:1,p:757,c:313) queueBuffer: fps=0.03 dur=59975.27 max=59945.74 min=29.53
10-16 11:06:00.059 W/AES     (  628): skip for Exp level 0
10-16 11:06:00.077 E/NotificationShelf(  757): iconState is null. ExpandedIcon: StatusBarIconView(slot=com.tal.genie.lockscreen/0x3e7 icon=StatusBarIcon(icon=Icon(typ=RESOURCE pkg=com.tal.genie.lockscreen id=0x7f07006f) visible user=0 ) notification=StatusBarNotification(pkg=com.tal.genie.lockscreen user=UserHandle{0} id=999 tag=null key=0|com.tal.genie.lockscreen|999|null|10025: Notification(channel=com.tal.genie.lockscreen pri=2 contentView=null vibrate=null sound=null defaults=0x0 flags=0x62 color=0x00000000 category=service vis=PRIVATE)))
10-16 11:06:00.077 E/NotificationShelf(  757):  icon parent: null 
10-16 11:06:00.077 E/NotificationShelf(  757):  number of notifications: 8
10-16 11:06:00.079 I/SurfaceFlinger(  313): [Built-in Screen (type:0)] fps:0.050018,dur:59978.05,max:59926.00,min:17.89
10-16 11:06:00.088 I/BufferQueueProducer(  313): [com.tal.genie.lockscreen/com.tal.genie.lockscreen.activity.LockScreenActivity#0](this:0xa1d0c000,id:8,api:1,p:1708,c:313) queueBuffer: fps=0.02 dur=59978.82 max=59978.82 min=59978.82
10-16 11:06:00.090 W/AES     (  628): Exception Log handling...
10-16 11:06:00.092 W/AES     (  628): skip for Exp level 0
10-16 11:06:00.121 I/BufferQueueProducer(  313): [com.tal.genie.launcher/com.tal.genie.launcher.ui.main.MainActivity#0](this:0xa1d29000,id:7,api:1,p:1144,c:313) queueBuffer: fps=0.02 dur=59977.98 max=59977.98 min=59977.98
10-16 11:06:00.202 E/WifiVendorHal(  628): getWifiLinkLayerStats(l.937) failed {.code = ERROR_NOT_SUPPORTED, .description = }
10-16 11:06:01.491 I/[push]AlarmKeepAlive( 1301): 91/do keep alive
10-16 11:06:01.493 I/[push]AlarmKeepAlive( 1301): 91/start keep alive alarm, delay=15000 executor:java.util.concurrent.Executors$DelegatedScheduledExecutorService@26ca46
10-16 11:06:01.496 I/[push]im_packet( 1301): 85/send PacketHeader [SID 1 , CID 2 , SER 0 , RES 200 , TAG 0 , LEN 5]
10-16 11:06:01.550 I/[push]im_packet( 1301): 85/received PacketHeader [SID 1 , CID 2 , SER 0 , RES 200 , TAG 2 , LEN 7]
10-16 11:06:03.216 E/WifiVendorHal(  628): getWifiLinkLayerStats(l.937) failed {.code = ERROR_NOT_SUPPORTED, .description = }
10-16 11:06:06.233 E/WifiVendorHal(  628): getWifiLinkLayerStats(l.937) failed {.code = ERROR_NOT_SUPPORTED, .description = }
10-16 11:06:06.709 E/MtkDataShapingUtils(  628): Exception openLteGateByDataShaping  in java.lang.NullPointerException: null receiver
10-16 11:06:06.709 W/System.err(  628): java.lang.NullPointerException: null receiver
10-16 11:06:06.710 W/System.err(  628): 	at java.lang.reflect.Method.invoke(Native Method)
10-16 11:06:06.710 W/System.err(  628): 	at com.mediatek.server.MtkDataShaping.openLteGateByDataShaping(MtkDataShaping.java:36)
10-16 11:06:06.710 W/System.err(  628): 	at com.android.server.AlarmManagerService.deliverAlarmsLocked(AlarmManagerService.java:3603)
10-16 11:06:06.710 W/System.err(  628): 	at com.android.server.AlarmManagerService$AlarmThread.run(AlarmManagerService.java:3781)
10-16 11:06:06.713 E/ActivityManager(  628): Sending non-protected broadcast ALARM_ACTION(1084) from system uid 1000 pkg com.tal.genie.push
10-16 11:06:06.713 E/ActivityManager(  628): java.lang.Throwable
10-16 11:06:06.713 E/ActivityManager(  628): 	at com.android.server.am.ActivityManagerService.checkBroadcastFromSystem(ActivityManagerService.java:21471)
10-16 11:06:06.713 E/ActivityManager(  628): 	at com.android.server.am.ActivityManagerService.broadcastIntentLocked(ActivityManagerService.java:22071)
10-16 11:06:06.713 E/ActivityManager(  628): 	at com.android.server.am.ActivityManagerService.broadcastIntentInPackage(ActivityManagerService.java:22250)
10-16 11:06:06.713 E/ActivityManager(  628): 	at com.android.server.am.PendingIntentRecord.sendInner(PendingIntentRecord.java:372)
10-16 11:06:06.713 E/ActivityManager(  628): 	at com.android.server.am.PendingIntentRecord.sendWithResult(PendingIntentRecord.java:245)
10-16 11:06:06.713 E/ActivityManager(  628): 	at com.android.server.am.ActivityManagerService.sendIntentSender(ActivityManagerService.java:8607)
10-16 11:06:06.713 E/ActivityManager(  628): 	at android.app.PendingIntent.sendAndReturnResult(PendingIntent.java:892)
10-16 11:06:06.713 E/ActivityManager(  628): 	at android.app.PendingIntent.send(PendingIntent.java:874)
10-16 11:06:06.713 E/ActivityManager(  628): 	at com.android.server.AlarmManagerService$DeliveryTracker.deliverLocked(AlarmManagerService.java:4387)
10-16 11:06:06.713 E/ActivityManager(  628): 	at com.android.server.AlarmManagerService.deliverAlarmsLocked(AlarmManagerService.java:3632)
10-16 11:06:06.713 E/ActivityManager(  628): 	at com.android.server.AlarmManagerService$AlarmThread.run(AlarmManagerService.java:3781)
10-16 11:06:08.158 I/EthernetTracker(  628): interfaceLinkStateChanged, iface: wlan0, up: true
10-16 11:06:09.251 E/WifiVendorHal(  628): getWifiLinkLayerStats(l.937) failed {.code = ERROR_NOT_SUPPORTED, .description = }
10-16 11:06:12.266 E/WifiVendorHal(  628): getWifiLinkLayerStats(l.937) failed {.code = ERROR_NOT_SUPPORTED, .description = }
10-16 11:06:14.721 E/MtkDataShapingUtils(  628): Exception openLteGateByDataShaping  in java.lang.NullPointerException: null receiver
10-16 11:06:14.721 W/System.err(  628): java.lang.NullPointerException: null receiver
10-16 11:06:14.721 W/System.err(  628): 	at java.lang.reflect.Method.invoke(Native Method)
10-16 11:06:14.721 W/System.err(  628): 	at com.mediatek.server.MtkDataShaping.openLteGateByDataShaping(MtkDataShaping.java:36)
10-16 11:06:14.721 W/System.err(  628): 	at com.android.server.AlarmManagerService.deliverAlarmsLocked(AlarmManagerService.java:3603)
10-16 11:06:14.721 W/System.err(  628): 	at com.android.server.AlarmManagerService$AlarmThread.run(AlarmManagerService.java:3781)
10-16 11:06:14.723 E/ActivityManager(  628): Sending non-protected broadcast ALARM_ACTION(1084) from system uid 1000 pkg com.tal.genie.push
10-16 11:06:14.723 E/ActivityManager(  628): java.lang.Throwable
10-16 11:06:14.723 E/ActivityManager(  628): 	at com.android.server.am.ActivityManagerService.checkBroadcastFromSystem(ActivityManagerService.java:21471)
10-16 11:06:14.723 E/ActivityManager(  628): 	at com.android.server.am.ActivityManagerService.broadcastIntentLocked(ActivityManagerService.java:22071)
10-16 11:06:14.723 E/ActivityManager(  628): 	at com.android.server.am.ActivityManagerService.broadcastIntentInPackage(ActivityManagerService.java:22250)
10-16 11:06:14.723 E/ActivityManager(  628): 	at com.android.server.am.PendingIntentRecord.sendInner(PendingIntentRecord.java:372)
10-16 11:06:14.723 E/ActivityManager(  628): 	at com.android.server.am.PendingIntentRecord.sendWithResult(PendingIntentRecord.java:245)
10-16 11:06:14.723 E/ActivityManager(  628): 	at com.android.server.am.ActivityManagerService.sendIntentSender(ActivityManagerService.java:8607)
10-16 11:06:14.723 E/ActivityManager(  628): 	at android.app.PendingIntent.sendAndReturnResult(PendingIntent.java:892)
10-16 11:06:14.723 E/ActivityManager(  628): 	at android.app.PendingIntent.send(PendingIntent.java:874)
10-16 11:06:14.723 E/ActivityManager(  628): 	at com.android.server.AlarmManagerService$DeliveryTracker.deliverLocked(AlarmManagerService.java:4387)
10-16 11:06:14.723 E/ActivityManager(  628): 	at com.android.server.AlarmManagerService.deliverAlarmsLocked(AlarmManagerService.java:3632)
10-16 11:06:14.723 E/ActivityManager(  628): 	at com.android.server.AlarmManagerService$AlarmThread.run(AlarmManagerService.java:3781)
10-16 11:06:14.727 W/AES     (  628): Exception Log handling...
10-16 11:06:14.729 W/AES     (  628): skip for Exp level 0
10-16 11:06:15.283 E/WifiVendorHal(  628): getWifiLinkLayerStats(l.937) failed {.code = ERROR_NOT_SUPPORTED, .description = }
10-16 11:06:16.493 I/[push]AlarmKeepAlive( 1301): 91/do keep alive
10-16 11:06:16.496 I/[push]AlarmKeepAlive( 1301): 91/start keep alive alarm, delay=225057 executor:java.util.concurrent.Executors$DelegatedScheduledExecutorService@26ca46
10-16 11:06:18.296 E/WifiVendorHal(  628): getWifiLinkLayerStats(l.937) failed {.code = ERROR_NOT_SUPPORTED, .description = }
10-16 11:06:21.018 I/test    ( 1079): check code:45 name 0.2.0 10-15 18:26:22
10-16 11:06:21.019 I/com.tal.genie.rtc( 1079): check code:45 name 0.2.0 10-15 18:26:22
10-16 11:06:21.031 I/Rtc-OkHttp( 1079): --> GET http://bugly.liyafeng.com/users/rtc/update
10-16 11:06:21.031 I/Rtc-OkHttp( 1079): timestamp: 1634353581
10-16 11:06:21.031 I/Rtc-OkHttp( 1079): trace-id: 163435358165133
10-16 11:06:21.031 I/Rtc-OkHttp( 1079): nonce: android-0.2.0-b16ea1e4-d5d1-450a-9867-68df0595243f
10-16 11:06:21.031 I/Rtc-OkHttp( 1079): device-id: 00000000-63eb-35b8-ffff-ffffef05ac4a
10-16 11:06:21.031 I/Rtc-OkHttp( 1079): app-version: 0.2.0
10-16 11:06:21.031 I/Rtc-OkHttp( 1079): app-refer: lamp_stu
10-16 11:06:21.031 I/Rtc-OkHttp( 1079): user-agent: genie_device_user_agent
10-16 11:06:21.031 I/Rtc-OkHttp( 1079): sign: 6501fcd734dce3969fa4f8fd76a1699a
10-16 11:06:21.031 I/Rtc-OkHttp( 1079): Authorization: Bearer eyJhbGciOiJIUzI1NiIsInR5cCI6IkpXVCJ9.eyJ1c2VyX2lkIjoxMDAwMTcyLCJ1c2VyX3NvdXJjZSI6ImxhbXBfc3R1IiwiYXVkIjoiQWNjZXNzVG9rZW4iLCJleHAiOjE2MzQ5NTcyODYsImlhdCI6MTYzNDM1MjQ4NiwibmJmIjoxNjM0MzUyNDg2LCJzdWIiOiIxMDAwMTcyIn0._2sijz3g5LmMPUO0I_3e5HnrL8_rx88cafJryqoIPMY
10-16 11:06:21.031 I/Rtc-OkHttp( 1079): --> END GET
10-16 11:06:21.064 I/Rtc-OkHttp( 1079): <-- 200 OK http://bugly.liyafeng.com/users/rtc/update (31ms)
10-16 11:06:21.064 I/Rtc-OkHttp( 1079): Server: nginx/1.12.2
10-16 11:06:21.064 I/Rtc-OkHttp( 1079): Date: Sat, 16 Oct 2021 03:06:21 GMT
10-16 11:06:21.064 I/Rtc-OkHttp( 1079): Content-Type: text/html; charset=utf-8
10-16 11:06:21.064 I/Rtc-OkHttp( 1079): Content-Length: 60
10-16 11:06:21.064 I/Rtc-OkHttp( 1079): Connection: keep-alive
10-16 11:06:21.064 I/Rtc-OkHttp( 1079): X-Powered-By: Express
10-16 11:06:21.064 I/Rtc-OkHttp( 1079): ETag: W/"3c-P5+aacLvND30T8bbG25OLg84qJM"
10-16 11:06:21.066 I/Rtc-OkHttp( 1079): 
10-16 11:06:21.067 I/Rtc-OkHttp( 1079): {"gpath":"{\"volume\":100}","gcode":"","gisForce":"isForce"}
10-16 11:06:21.067 I/Rtc-OkHttp( 1079): <-- END HTTP (60-byte body)
10-16 11:06:21.312 E/WifiVendorHal(  628): getWifiLinkLayerStats(l.937) failed {.code = ERROR_NOT_SUPPORTED, .description = }
10-16 11:06:21.430 I/system_server(  628): Background concurrent copying GC freed 206580(9MB) AllocSpace objects, 0(0B) LOS objects, 59% free, 6MB/17MB, paused 232us total 117.855ms
10-16 11:06:22.737 E/MtkDataShapingUtils(  628): Exception openLteGateByDataShaping  in java.lang.NullPointerException: null receiver
10-16 11:06:22.737 W/System.err(  628): java.lang.NullPointerException: null receiver
10-16 11:06:22.737 W/System.err(  628): 	at java.lang.reflect.Method.invoke(Native Method)
10-16 11:06:22.737 W/System.err(  628): 	at com.mediatek.server.MtkDataShaping.openLteGateByDataShaping(MtkDataShaping.java:36)
10-16 11:06:22.737 W/System.err(  628): 	at com.android.server.AlarmManagerService.deliverAlarmsLocked(AlarmManagerService.java:3603)
10-16 11:06:22.737 W/System.err(  628): 	at com.android.server.AlarmManagerService$AlarmThread.run(AlarmManagerService.java:3781)
10-16 11:06:22.738 E/ActivityManager(  628): Sending non-protected broadcast ALARM_ACTION(1084) from system uid 1000 pkg com.tal.genie.push
10-16 11:06:22.738 E/ActivityManager(  628): java.lang.Throwable
10-16 11:06:22.738 E/ActivityManager(  628): 	at com.android.server.am.ActivityManagerService.checkBroadcastFromSystem(ActivityManagerService.java:21471)
10-16 11:06:22.738 E/ActivityManager(  628): 	at com.android.server.am.ActivityManagerService.broadcastIntentLocked(ActivityManagerService.java:22071)
10-16 11:06:22.738 E/ActivityManager(  628): 	at com.android.server.am.ActivityManagerService.broadcastIntentInPackage(ActivityManagerService.java:22250)
10-16 11:06:22.738 E/ActivityManager(  628): 	at com.android.server.am.PendingIntentRecord.sendInner(PendingIntentRecord.java:372)
10-16 11:06:22.738 E/ActivityManager(  628): 	at com.android.server.am.PendingIntentRecord.sendWithResult(PendingIntentRecord.java:245)
10-16 11:06:22.738 E/ActivityManager(  628): 	at com.android.server.am.ActivityManagerService.sendIntentSender(ActivityManagerService.java:8607)
10-16 11:06:22.738 E/ActivityManager(  628): 	at android.app.PendingIntent.sendAndReturnResult(PendingIntent.java:892)
10-16 11:06:22.738 E/ActivityManager(  628): 	at android.app.PendingIntent.send(PendingIntent.java:874)
10-16 11:06:22.738 E/ActivityManager(  628): 	at com.android.server.AlarmManagerService$DeliveryTracker.deliverLocked(AlarmManagerService.java:4387)
10-16 11:06:22.738 E/ActivityManager(  628): 	at com.android.server.AlarmManagerService.deliverAlarmsLocked(AlarmManagerService.java:3632)
10-16 11:06:22.738 E/ActivityManager(  628): 	at com.android.server.AlarmManagerService$AlarmThread.run(AlarmManagerService.java:3781)
10-16 11:06:22.742 W/AES     (  628): Exception Log handling...
10-16 11:06:22.743 W/AES     (  628): skip for Exp level 0
10-16 11:06:24.326 E/WifiVendorHal(  628): getWifiLinkLayerStats(l.937) failed {.code = ERROR_NOT_SUPPORTED, .description = }
10-16 11:06:27.342 E/WifiVendorHal(  628): getWifiLinkLayerStats(l.937) failed {.code = ERROR_NOT_SUPPORTED, .description = }
10-16 11:06:27.557 I/native  ( 1090): I20211016 11:06:27.557839  1525 torch_asr_decoder.cc:326] Endpoint is detected at 1219
10-16 11:06:30.359 E/WifiVendorHal(  628): getWifiLinkLayerStats(l.937) failed {.code = ERROR_NOT_SUPPORTED, .description = }
10-16 11:06:30.749 E/MtkDataShapingUtils(  628): Exception openLteGateByDataShaping  in java.lang.NullPointerException: null receiver
10-16 11:06:30.749 W/System.err(  628): java.lang.NullPointerException: null receiver
10-16 11:06:30.749 W/System.err(  628): 	at java.lang.reflect.Method.invoke(Native Method)
10-16 11:06:30.749 W/System.err(  628): 	at com.mediatek.server.MtkDataShaping.openLteGateByDataShaping(MtkDataShaping.java:36)
10-16 11:06:30.749 W/System.err(  628): 	at com.android.server.AlarmManagerService.deliverAlarmsLocked(AlarmManagerService.java:3603)
10-16 11:06:30.749 W/System.err(  628): 	at com.android.server.AlarmManagerService$AlarmThread.run(AlarmManagerService.java:3781)
10-16 11:06:30.750 E/ActivityManager(  628): Sending non-protected broadcast ALARM_ACTION(1084) from system uid 1000 pkg com.tal.genie.push
10-16 11:06:30.750 E/ActivityManager(  628): java.lang.Throwable
10-16 11:06:30.750 E/ActivityManager(  628): 	at com.android.server.am.ActivityManagerService.checkBroadcastFromSystem(ActivityManagerService.java:21471)
10-16 11:06:30.750 E/ActivityManager(  628): 	at com.android.server.am.ActivityManagerService.broadcastIntentLocked(ActivityManagerService.java:22071)
10-16 11:06:30.750 E/ActivityManager(  628): 	at com.android.server.am.ActivityManagerService.broadcastIntentInPackage(ActivityManagerService.java:22250)
10-16 11:06:30.750 E/ActivityManager(  628): 	at com.android.server.am.PendingIntentRecord.sendInner(PendingIntentRecord.java:372)
10-16 11:06:30.750 E/ActivityManager(  628): 	at com.android.server.am.PendingIntentRecord.sendWithResult(PendingIntentRecord.java:245)
10-16 11:06:30.750 E/ActivityManager(  628): 	at com.android.server.am.ActivityManagerService.sendIntentSender(ActivityManagerService.java:8607)
10-16 11:06:30.750 E/ActivityManager(  628): 	at android.app.PendingIntent.sendAndReturnResult(PendingIntent.java:892)
10-16 11:06:30.750 E/ActivityManager(  628): 	at android.app.PendingIntent.send(PendingIntent.java:874)
10-16 11:06:30.750 E/ActivityManager(  628): 	at com.android.server.AlarmManagerService$DeliveryTracker.deliverLocked(AlarmManagerService.java:4387)
10-16 11:06:30.750 E/ActivityManager(  628): 	at com.android.server.AlarmManagerService.deliverAlarmsLocked(AlarmManagerService.java:3632)
10-16 11:06:30.750 E/ActivityManager(  628): 	at com.android.server.AlarmManagerService$AlarmThread.run(AlarmManagerService.java:3781)
10-16 11:06:30.754 W/AES     (  628): Exception Log handling...
10-16 11:06:30.756 W/AES     (  628): skip for Exp level 0
10-16 11:06:33.370 E/WifiVendorHal(  628): getWifiLinkLayerStats(l.937) failed {.code = ERROR_NOT_SUPPORTED, .description = }
10-16 11:06:36.385 E/WifiVendorHal(  628): getWifiLinkLayerStats(l.937) failed {.code = ERROR_NOT_SUPPORTED, .description = }
10-16 11:06:38.761 E/MtkDataShapingUtils(  628): Exception openLteGateByDataShaping  in java.lang.NullPointerException: null receiver
10-16 11:06:38.761 W/System.err(  628): java.lang.NullPointerException: null receiver
10-16 11:06:38.762 W/System.err(  628): 	at java.lang.reflect.Method.invoke(Native Method)
10-16 11:06:38.762 W/System.err(  628): 	at com.mediatek.server.MtkDataShaping.openLteGateByDataShaping(MtkDataShaping.java:36)
10-16 11:06:38.762 W/System.err(  628): 	at com.android.server.AlarmManagerService.deliverAlarmsLocked(AlarmManagerService.java:3603)
10-16 11:06:38.762 W/System.err(  628): 	at com.android.server.AlarmManagerService$AlarmThread.run(AlarmManagerService.java:3781)
10-16 11:06:38.763 E/ActivityManager(  628): Sending non-protected broadcast ALARM_ACTION(1084) from system uid 1000 pkg com.tal.genie.push
10-16 11:06:38.763 E/ActivityManager(  628): java.lang.Throwable
10-16 11:06:38.763 E/ActivityManager(  628): 	at com.android.server.am.ActivityManagerService.checkBroadcastFromSystem(ActivityManagerService.java:21471)
10-16 11:06:38.763 E/ActivityManager(  628): 	at com.android.server.am.ActivityManagerService.broadcastIntentLocked(ActivityManagerService.java:22071)
10-16 11:06:38.763 E/ActivityManager(  628): 	at com.android.server.am.ActivityManagerService.broadcastIntentInPackage(ActivityManagerService.java:22250)
10-16 11:06:38.763 E/ActivityManager(  628): 	at com.android.server.am.PendingIntentRecord.sendInner(PendingIntentRecord.java:372)
10-16 11:06:38.763 E/ActivityManager(  628): 	at com.android.server.am.PendingIntentRecord.sendWithResult(PendingIntentRecord.java:245)
10-16 11:06:38.763 E/ActivityManager(  628): 	at com.android.server.am.ActivityManagerService.sendIntentSender(ActivityManagerService.java:8607)
10-16 11:06:38.763 E/ActivityManager(  628): 	at android.app.PendingIntent.sendAndReturnResult(PendingIntent.java:892)
10-16 11:06:38.763 E/ActivityManager(  628): 	at android.app.PendingIntent.send(PendingIntent.java:874)
10-16 11:06:38.763 E/ActivityManager(  628): 	at com.android.server.AlarmManagerService$DeliveryTracker.deliverLocked(AlarmManagerService.java:4387)
10-16 11:06:38.763 E/ActivityManager(  628): 	at com.android.server.AlarmManagerService.deliverAlarmsLocked(AlarmManagerService.java:3632)
10-16 11:06:38.763 E/ActivityManager(  628): 	at com.android.server.AlarmManagerService$AlarmThread.run(AlarmManagerService.java:3781)
10-16 11:06:38.766 W/AES     (  628): Exception Log handling...
10-16 11:06:38.767 W/AES     (  628): skip for Exp level 0
10-16 11:06:39.402 E/WifiVendorHal(  628): getWifiLinkLayerStats(l.937) failed {.code = ERROR_NOT_SUPPORTED, .description = }
10-16 11:06:41.536 E/storaged(  466): getDiskStats failed with result NOT_SUPPORTED and size 0
10-16 11:06:42.416 I/chatty  (  628): uid=1000(system) WifiStateMachin identical 1 line
10-16 11:06:45.432 E/WifiVendorHal(  628): getWifiLinkLayerStats(l.937) failed {.code = ERROR_NOT_SUPPORTED, .description = }
10-16 11:06:46.772 E/MtkDataShapingUtils(  628): Exception openLteGateByDataShaping  in java.lang.NullPointerException: null receiver
10-16 11:06:46.772 W/System.err(  628): java.lang.NullPointerException: null receiver
10-16 11:06:46.772 W/System.err(  628): 	at java.lang.reflect.Method.invoke(Native Method)
10-16 11:06:46.772 W/System.err(  628): 	at com.mediatek.server.MtkDataShaping.openLteGateByDataShaping(MtkDataShaping.java:36)
10-16 11:06:46.772 W/System.err(  628): 	at com.android.server.AlarmManagerService.deliverAlarmsLocked(AlarmManagerService.java:3603)
10-16 11:06:46.772 W/System.err(  628): 	at com.android.server.AlarmManagerService$AlarmThread.run(AlarmManagerService.java:3781)
10-16 11:06:46.773 E/ActivityManager(  628): Sending non-protected broadcast ALARM_ACTION(1084) from system uid 1000 pkg com.tal.genie.push
10-16 11:06:46.773 E/ActivityManager(  628): java.lang.Throwable
10-16 11:06:46.773 E/ActivityManager(  628): 	at com.android.server.am.ActivityManagerService.checkBroadcastFromSystem(ActivityManagerService.java:21471)
10-16 11:06:46.773 E/ActivityManager(  628): 	at com.android.server.am.ActivityManagerService.broadcastIntentLocked(ActivityManagerService.java:22071)
10-16 11:06:46.773 E/ActivityManager(  628): 	at com.android.server.am.ActivityManagerService.broadcastIntentInPackage(ActivityManagerService.java:22250)
10-16 11:06:46.773 E/ActivityManager(  628): 	at com.android.server.am.PendingIntentRecord.sendInner(PendingIntentRecord.java:372)
10-16 11:06:46.773 E/ActivityManager(  628): 	at com.android.server.am.PendingIntentRecord.sendWithResult(PendingIntentRecord.java:245)
10-16 11:06:46.773 E/ActivityManager(  628): 	at com.android.server.am.ActivityManagerService.sendIntentSender(ActivityManagerService.java:8607)
10-16 11:06:46.773 E/ActivityManager(  628): 	at android.app.PendingIntent.sendAndReturnResult(PendingIntent.java:892)
10-16 11:06:46.773 E/ActivityManager(  628): 	at android.app.PendingIntent.send(PendingIntent.java:874)
10-16 11:06:46.773 E/ActivityManager(  628): 	at com.android.server.AlarmManagerService$DeliveryTracker.deliverLocked(AlarmManagerService.java:4387)
10-16 11:06:46.773 E/ActivityManager(  628): 	at com.android.server.AlarmManagerService.deliverAlarmsLocked(AlarmManagerService.java:3632)
10-16 11:06:46.773 E/ActivityManager(  628): 	at com.android.server.AlarmManagerService$AlarmThread.run(AlarmManagerService.java:3781)
10-16 11:06:46.778 W/AES     (  628): Exception Log handling...
10-16 11:06:46.779 W/AES     (  628): skip for Exp level 0
10-16 11:06:48.449 E/WifiVendorHal(  628): getWifiLinkLayerStats(l.937) failed {.code = ERROR_NOT_SUPPORTED, .description = }
10-16 11:06:49.314 I/native  ( 1090): I20211016 11:06:49.314128  1525 torch_asr_decoder.cc:326] Endpoint is detected at 1619
10-16 11:06:51.028 I/test    ( 1079): check code:45 name 0.2.0 10-15 18:26:22
10-16 11:06:51.032 I/com.tal.genie.rtc( 1079): check code:45 name 0.2.0 10-15 18:26:22
10-16 11:06:51.055 I/Rtc-OkHttp( 1079): --> GET http://bugly.liyafeng.com/users/rtc/update
10-16 11:06:51.055 I/Rtc-OkHttp( 1079): timestamp: 1634353611
10-16 11:06:51.055 I/Rtc-OkHttp( 1079): trace-id: 163435361143254
10-16 11:06:51.055 I/Rtc-OkHttp( 1079): nonce: android-0.2.0-94f87d47-e5c0-417e-bd1c-e7d693584847
10-16 11:06:51.055 I/Rtc-OkHttp( 1079): device-id: 00000000-63eb-35b8-ffff-ffffef05ac4a
10-16 11:06:51.055 I/Rtc-OkHttp( 1079): app-version: 0.2.0
10-16 11:06:51.055 I/Rtc-OkHttp( 1079): app-refer: lamp_stu
10-16 11:06:51.056 I/Rtc-OkHttp( 1079): user-agent: genie_device_user_agent
10-16 11:06:51.056 I/Rtc-OkHttp( 1079): sign: 9930fc2d2f051773d5097e0da2d3c0aa
10-16 11:06:51.056 I/Rtc-OkHttp( 1079): Authorization: Bearer eyJhbGciOiJIUzI1NiIsInR5cCI6IkpXVCJ9.eyJ1c2VyX2lkIjoxMDAwMTcyLCJ1c2VyX3NvdXJjZSI6ImxhbXBfc3R1IiwiYXVkIjoiQWNjZXNzVG9rZW4iLCJleHAiOjE2MzQ5NTcyODYsImlhdCI6MTYzNDM1MjQ4NiwibmJmIjoxNjM0MzUyNDg2LCJzdWIiOiIxMDAwMTcyIn0._2sijz3g5LmMPUO0I_3e5HnrL8_rx88cafJryqoIPMY
10-16 11:06:51.056 I/Rtc-OkHttp( 1079): --> END GET
10-16 11:06:51.100 I/Rtc-OkHttp( 1079): <-- 200 OK http://bugly.liyafeng.com/users/rtc/update (44ms)
10-16 11:06:51.100 I/Rtc-OkHttp( 1079): Server: nginx/1.12.2
10-16 11:06:51.101 I/Rtc-OkHttp( 1079): Date: Sat, 16 Oct 2021 03:06:51 GMT
10-16 11:06:51.101 I/Rtc-OkHttp( 1079): Content-Type: text/html; charset=utf-8
10-16 11:06:51.101 I/Rtc-OkHttp( 1079): Content-Length: 60
10-16 11:06:51.101 I/Rtc-OkHttp( 1079): Connection: keep-alive
10-16 11:06:51.101 I/Rtc-OkHttp( 1079): X-Powered-By: Express
10-16 11:06:51.101 I/Rtc-OkHttp( 1079): ETag: W/"3c-P5+aacLvND30T8bbG25OLg84qJM"
10-16 11:06:51.102 I/Rtc-OkHttp( 1079): 
10-16 11:06:51.103 I/Rtc-OkHttp( 1079): {"gpath":"{\"volume\":100}","gcode":"","gisForce":"isForce"}
10-16 11:06:51.103 I/Rtc-OkHttp( 1079): <-- END HTTP (60-byte body)
10-16 11:06:51.459 E/WifiVendorHal(  628): getWifiLinkLayerStats(l.937) failed {.code = ERROR_NOT_SUPPORTED, .description = }
10-16 11:06:54.479 E/WifiVendorHal(  628): getWifiLinkLayerStats(l.937) failed {.code = ERROR_NOT_SUPPORTED, .description = }
10-16 11:06:54.785 E/MtkDataShapingUtils(  628): Exception openLteGateByDataShaping  in java.lang.NullPointerException: null receiver
10-16 11:06:54.785 W/System.err(  628): java.lang.NullPointerException: null receiver
10-16 11:06:54.785 W/System.err(  628): 	at java.lang.reflect.Method.invoke(Native Method)
10-16 11:06:54.785 W/System.err(  628): 	at com.mediatek.server.MtkDataShaping.openLteGateByDataShaping(MtkDataShaping.java:36)
10-16 11:06:54.785 W/System.err(  628): 	at com.android.server.AlarmManagerService.deliverAlarmsLocked(AlarmManagerService.java:3603)
10-16 11:06:54.785 W/System.err(  628): 	at com.android.server.AlarmManagerService$AlarmThread.run(AlarmManagerService.java:3781)
10-16 11:06:54.786 E/ActivityManager(  628): Sending non-protected broadcast ALARM_ACTION(1084) from system uid 1000 pkg com.tal.genie.push
10-16 11:06:54.786 E/ActivityManager(  628): java.lang.Throwable
10-16 11:06:54.786 E/ActivityManager(  628): 	at com.android.server.am.ActivityManagerService.checkBroadcastFromSystem(ActivityManagerService.java:21471)
10-16 11:06:54.786 E/ActivityManager(  628): 	at com.android.server.am.ActivityManagerService.broadcastIntentLocked(ActivityManagerService.java:22071)
10-16 11:06:54.786 E/ActivityManager(  628): 	at com.android.server.am.ActivityManagerService.broadcastIntentInPackage(ActivityManagerService.java:22250)
10-16 11:06:54.786 E/ActivityManager(  628): 	at com.android.server.am.PendingIntentRecord.sendInner(PendingIntentRecord.java:372)
10-16 11:06:54.786 E/ActivityManager(  628): 	at com.android.server.am.PendingIntentRecord.sendWithResult(PendingIntentRecord.java:245)
10-16 11:06:54.786 E/ActivityManager(  628): 	at com.android.server.am.ActivityManagerService.sendIntentSender(ActivityManagerService.java:8607)
10-16 11:06:54.786 E/ActivityManager(  628): 	at android.app.PendingIntent.sendAndReturnResult(PendingIntent.java:892)
10-16 11:06:54.786 E/ActivityManager(  628): 	at android.app.PendingIntent.send(PendingIntent.java:874)
10-16 11:06:54.786 E/ActivityManager(  628): 	at com.android.server.AlarmManagerService$DeliveryTracker.deliverLocked(AlarmManagerService.java:4387)
10-16 11:06:54.786 E/ActivityManager(  628): 	at com.android.server.AlarmManagerService.deliverAlarmsLocked(AlarmManagerService.java:3632)
10-16 11:06:54.786 E/ActivityManager(  628): 	at com.android.server.AlarmManagerService$AlarmThread.run(AlarmManagerService.java:3781)
10-16 11:06:54.790 W/AES     (  628): Exception Log handling...
10-16 11:06:54.792 W/AES     (  628): skip for Exp level 0
10-16 11:06:55.407 I/native  ( 1090): I20211016 11:06:55.407761  1525 torch_asr_decoder.cc:326] Endpoint is detected at 451
10-16 11:06:57.488 E/WifiVendorHal(  628): getWifiLinkLayerStats(l.937) failed {.code = ERROR_NOT_SUPPORTED, .description = }
10-16 11:06:59.567 I/native  ( 1090): I20211016 11:06:59.567601  1525 torch_asr_decoder.cc:326] Endpoint is detected at 403
10-16 11:07:00.001 E/MtkDataShapingUtils(  628): Exception openLteGateByDataShaping  in java.lang.NullPointerException: null receiver
10-16 11:07:00.001 W/System.err(  628): java.lang.NullPointerException: null receiver
10-16 11:07:00.001 W/System.err(  628): 	at java.lang.reflect.Method.invoke(Native Method)
10-16 11:07:00.001 W/System.err(  628): 	at com.mediatek.server.MtkDataShaping.openLteGateByDataShaping(MtkDataShaping.java:36)
10-16 11:07:00.001 W/System.err(  628): 	at com.android.server.AlarmManagerService.deliverAlarmsLocked(AlarmManagerService.java:3603)
10-16 11:07:00.001 W/System.err(  628): 	at com.android.server.AlarmManagerService$AlarmThread.run(AlarmManagerService.java:3781)
10-16 11:07:00.012 W/lmkd    (  312): type=1400 audit(0.0:7154): avc: denied { dac_read_search } for capability=2 scontext=u:r:lmkd:s0 tcontext=u:r:lmkd:s0 tclass=capability permissive=0
10-16 11:07:00.012 W/lmkd    (  312): type=1400 audit(0.0:7155): avc: denied { dac_read_search } for capability=2 scontext=u:r:lmkd:s0 tcontext=u:r:lmkd:s0 tclass=capability permissive=0
10-16 11:07:00.023 W/ContextImpl( 1144): Calling a method in the system process without a qualified user: android.app.ContextImpl.sendBroadcast:1006 android.content.ContextWrapper.sendBroadcast:444 com.tal.genie.launcher.service.TimeTickListener.sendOTASilentBroadcast:52 com.tal.genie.launcher.service.TimeTickListener.onTimeTickReceived:31 com.tal.genie.base_receiver.time.TimeTickManager.onTimeTickReceived:80 
10-16 11:07:00.025 E/ActivityManager(  628): Sending non-protected broadcast com.tal.genie.setting.action_silent_upgrade from system 1144:com.tal.genie.launcher/1000 pkg com.tal.genie.launcher
10-16 11:07:00.025 E/ActivityManager(  628): java.lang.Throwable
10-16 11:07:00.025 E/ActivityManager(  628): 	at com.android.server.am.ActivityManagerService.checkBroadcastFromSystem(ActivityManagerService.java:21467)
10-16 11:07:00.025 E/ActivityManager(  628): 	at com.android.server.am.ActivityManagerService.broadcastIntentLocked(ActivityManagerService.java:22071)
10-16 11:07:00.025 E/ActivityManager(  628): 	at com.android.server.am.ActivityManagerService.broadcastIntent(ActivityManagerService.java:22221)
10-16 11:07:00.025 E/ActivityManager(  628): 	at android.app.IActivityManager$Stub.onTransact$broadcastIntent$(IActivityManager.java:10181)
10-16 11:07:00.025 E/ActivityManager(  628): 	at android.app.IActivityManager$Stub.onTransact(IActivityManager.java:167)
10-16 11:07:00.025 E/ActivityManager(  628): 	at com.android.server.am.ActivityManagerService.onTransact(ActivityManagerService.java:3350)
10-16 11:07:00.025 E/ActivityManager(  628): 	at android.os.Binder.execTransact(Binder.java:731)
10-16 11:07:00.030 E/NotificationShelf(  757): iconState is null. ExpandedIcon: StatusBarIconView(slot=com.tal.genie.lockscreen/0x3e7 icon=StatusBarIcon(icon=Icon(typ=RESOURCE pkg=com.tal.genie.lockscreen id=0x7f07006f) visible user=0 ) notification=StatusBarNotification(pkg=com.tal.genie.lockscreen user=UserHandle{0} id=999 tag=null key=0|com.tal.genie.lockscreen|999|null|10025: Notification(channel=com.tal.genie.lockscreen pri=2 contentView=null vibrate=null sound=null defaults=0x0 flags=0x62 color=0x00000000 category=service vis=PRIVATE)))
10-16 11:07:00.030 E/NotificationShelf(  757):  icon parent: null 
10-16 11:07:00.030 E/NotificationShelf(  757):  number of notifications: 8
10-16 11:07:00.031 W/AES     (  628): Exception Log handling...
10-16 11:07:00.033 W/AES     (  628): skip for Exp level 0
10-16 11:07:00.035 W/lmkd    (  312): type=1400 audit(0.0:7156): avc: denied { dac_read_search } for capability=2 scontext=u:r:lmkd:s0 tcontext=u:r:lmkd:s0 tclass=capability permissive=0
10-16 11:07:00.035 I/chatty  (  312): uid=0(root) /system/bin/lmkd identical 1 line
10-16 11:07:00.035 W/lmkd    (  312): type=1400 audit(0.0:7158): avc: denied { dac_read_search } for capability=2 scontext=u:r:lmkd:s0 tcontext=u:r:lmkd:s0 tclass=capability permissive=0
10-16 11:07:00.036 W/ContextImpl( 1144): Calling a method in the system process without a qualified user: android.app.ContextImpl.sendBroadcast:1006 android.content.ContextWrapper.sendBroadcast:444 com.tal.genie.service_controldata.EyesProtectorManager.sendEyesProtectorBroadcast:186 com.tal.genie.service_controldata.EyesProtectorManager.eyesProtectDetector:63 com.tal.genie.launcher.service.TimeTickListener.onTimeTickReceived:34 
10-16 11:07:00.041 W/AES     (  628): Exception Log handling...
10-16 11:07:00.041 I/CustomReceiver( 1690): action ::: com.tal.genie.setting.action_silent_upgrade
10-16 11:07:00.043 E/ActivityManager(  628): Sending non-protected broadcast com.tal.genie.lock.eyes.protect from system 1144:com.tal.genie.launcher/1000 pkg com.tal.genie.launcher
10-16 11:07:00.043 E/ActivityManager(  628): java.lang.Throwable
10-16 11:07:00.043 E/ActivityManager(  628): 	at com.android.server.am.ActivityManagerService.checkBroadcastFromSystem(ActivityManagerService.java:21467)
10-16 11:07:00.043 E/ActivityManager(  628): 	at com.android.server.am.ActivityManagerService.broadcastIntentLocked(ActivityManagerService.java:22071)
10-16 11:07:00.043 E/ActivityManager(  628): 	at com.android.server.am.ActivityManagerService.broadcastIntent(ActivityManagerService.java:22221)
10-16 11:07:00.043 E/ActivityManager(  628): 	at android.app.IActivityManager$Stub.onTransact$broadcastIntent$(IActivityManager.java:10181)
10-16 11:07:00.043 E/ActivityManager(  628): 	at android.app.IActivityManager$Stub.onTransact(IActivityManager.java:167)
10-16 11:07:00.043 E/ActivityManager(  628): 	at com.android.server.am.ActivityManagerService.onTransact(ActivityManagerService.java:3350)
10-16 11:07:00.043 E/ActivityManager(  628): 	at android.os.Binder.execTransact(Binder.java:731)
10-16 11:07:00.043 W/AES     (  628): skip for Exp level 0
10-16 11:07:00.047 W/AES     (  628): Exception Log handling...
10-16 11:07:00.049 I/BufferQueueProducer(  313): [StatusBar#0](this:0xa1e60000,id:3,api:1,p:757,c:313) queueBuffer: fps=0.03 dur=59989.69 max=59954.75 min=34.94
10-16 11:07:00.049 W/AES     (  628): skip for Exp level 0
10-16 11:07:00.053 I/LockScreenReceiver( 1708): action ::: com.tal.genie.lock.eyes.protect
10-16 11:07:00.058 I/SurfaceFlinger(  313): [Built-in Screen (type:0)] fps:0.050017,dur:59979.13,max:59925.75,min:18.37
10-16 11:07:00.060 I/TtSy    ( 1090): [ (BrHelp.java:37)#onReceive ] action:com.tal.genie.lock.screen.protect
10-16 11:07:00.069 I/TtSy    ( 1090): [ (BrHelp.java:37)#onReceive ] action:com.tal.genie.lock.screen.protect
10-16 11:07:00.071 E/NotificationShelf(  757): iconState is null. ExpandedIcon: StatusBarIconView(slot=com.tal.genie.lockscreen/0x3e7 icon=StatusBarIcon(icon=Icon(typ=RESOURCE pkg=com.tal.genie.lockscreen id=0x7f07006f) visible user=0 ) notification=StatusBarNotification(pkg=com.tal.genie.lockscreen user=UserHandle{0} id=999 tag=null key=0|com.tal.genie.lockscreen|999|null|10025: Notification(channel=com.tal.genie.lockscreen pri=2 contentView=null vibrate=null sound=null defaults=0x0 flags=0x62 color=0x00000000 category=service vis=PRIVATE)))
10-16 11:07:00.071 E/NotificationShelf(  757):  icon parent: null 
10-16 11:07:00.071 E/NotificationShelf(  757):  number of notifications: 8
10-16 11:07:00.081 W/AES     (  628): Exception Log handling...
10-16 11:07:00.083 W/AES     (  628): skip for Exp level 0
10-16 11:07:00.102 I/BufferQueueProducer(  313): [com.tal.genie.lockscreen/com.tal.genie.lockscreen.activity.LockScreenActivity#0](this:0xa1d0c000,id:8,api:1,p:1708,c:313) queueBuffer: fps=0.02 dur=60013.49 max=60013.49 min=60013.49
10-16 11:07:00.112 I/BufferQueueProducer(  313): [com.tal.genie.launcher/com.tal.genie.launcher.ui.main.MainActivity#0](this:0xa1d29000,id:7,api:1,p:1144,c:313) queueBuffer: fps=0.02 dur=59991.24 max=59991.24 min=59991.24
10-16 11:07:00.505 E/WifiVendorHal(  628): getWifiLinkLayerStats(l.937) failed {.code = ERROR_NOT_SUPPORTED, .description = }
10-16 11:07:02.798 E/MtkDataShapingUtils(  628): Exception openLteGateByDataShaping  in java.lang.NullPointerException: null receiver
10-16 11:07:02.798 W/System.err(  628): java.lang.NullPointerException: null receiver
10-16 11:07:02.798 W/System.err(  628): 	at java.lang.reflect.Method.invoke(Native Method)
10-16 11:07:02.798 W/System.err(  628): 	at com.mediatek.server.MtkDataShaping.openLteGateByDataShaping(MtkDataShaping.java:36)
10-16 11:07:02.798 W/System.err(  628): 	at com.android.server.AlarmManagerService.deliverAlarmsLocked(AlarmManagerService.java:3603)
10-16 11:07:02.798 W/System.err(  628): 	at com.android.server.AlarmManagerService$AlarmThread.run(AlarmManagerService.java:3781)
10-16 11:07:02.800 E/ActivityManager(  628): Sending non-protected broadcast ALARM_ACTION(1084) from system uid 1000 pkg com.tal.genie.push
10-16 11:07:02.800 E/ActivityManager(  628): java.lang.Throwable
10-16 11:07:02.800 E/ActivityManager(  628): 	at com.android.server.am.ActivityManagerService.checkBroadcastFromSystem(ActivityManagerService.java:21471)
10-16 11:07:02.800 E/ActivityManager(  628): 	at com.android.server.am.ActivityManagerService.broadcastIntentLocked(ActivityManagerService.java:22071)
10-16 11:07:02.800 E/ActivityManager(  628): 	at com.android.server.am.ActivityManagerService.broadcastIntentInPackage(ActivityManagerService.java:22250)
10-16 11:07:02.800 E/ActivityManager(  628): 	at com.android.server.am.PendingIntentRecord.sendInner(PendingIntentRecord.java:372)
10-16 11:07:02.800 E/ActivityManager(  628): 	at com.android.server.am.PendingIntentRecord.sendWithResult(PendingIntentRecord.java:245)
10-16 11:07:02.800 E/ActivityManager(  628): 	at com.android.server.am.ActivityManagerService.sendIntentSender(ActivityManagerService.java:8607)
10-16 11:07:02.800 E/ActivityManager(  628): 	at android.app.PendingIntent.sendAndReturnResult(PendingIntent.java:892)
10-16 11:07:02.800 E/ActivityManager(  628): 	at android.app.PendingIntent.send(PendingIntent.java:874)
10-16 11:07:02.800 E/ActivityManager(  628): 	at com.android.server.AlarmManagerService$DeliveryTracker.deliverLocked(AlarmManagerService.java:4387)
10-16 11:07:02.800 E/ActivityManager(  628): 	at com.android.server.AlarmManagerService.deliverAlarmsLocked(AlarmManagerService.java:3632)
10-16 11:07:02.800 E/ActivityManager(  628): 	at com.android.server.AlarmManagerService$AlarmThread.run(AlarmManagerService.java:3781)
10-16 11:07:02.806 W/AES     (  628): Exception Log handling...
10-16 11:07:02.809 W/AES     (  628): skip for Exp level 0
10-16 11:07:03.512 E/WifiVendorHal(  628): getWifiLinkLayerStats(l.937) failed {.code = ERROR_NOT_SUPPORTED, .description = }
10-16 11:07:06.526 I/chatty  (  628): uid=1000(system) WifiStateMachin identical 1 line
10-16 11:07:09.536 E/WifiVendorHal(  628): getWifiLinkLayerStats(l.937) failed {.code = ERROR_NOT_SUPPORTED, .description = }
10-16 11:07:10.815 E/MtkDataShapingUtils(  628): Exception openLteGateByDataShaping  in java.lang.NullPointerException: null receiver
10-16 11:07:10.815 W/System.err(  628): java.lang.NullPointerException: null receiver
10-16 11:07:10.815 W/System.err(  628): 	at java.lang.reflect.Method.invoke(Native Method)
10-16 11:07:10.816 W/System.err(  628): 	at com.mediatek.server.MtkDataShaping.openLteGateByDataShaping(MtkDataShaping.java:36)
10-16 11:07:10.816 W/System.err(  628): 	at com.android.server.AlarmManagerService.deliverAlarmsLocked(AlarmManagerService.java:3603)
10-16 11:07:10.816 W/System.err(  628): 	at com.android.server.AlarmManagerService$AlarmThread.run(AlarmManagerService.java:3781)
