11-30 11:38:58.424 W/BroadcastQueue(  636): Permission Denial: broadcasting Intent { act=android.net.conn.CONNECTIVITY_CHANGE flg=0x4200010 (has extras) } from null (pid=-1, uid=-1) requires android.permission.CHANGE_NETWORK_STATE due to registered receiver BroadcastFilter{4e09e7e u0 ReceiverList{7a1d839 1012 com.android.settings/1000/u0 remote:fff4800}}
11-30 11:38:58.424 W/BroadcastQueue(  636): Permission Denial: broadcasting Intent { act=android.net.wifi.STATE_CHANGE flg=0x4000010 (has extras) } from null (pid=-1, uid=-1) requires android.permission.CHANGE_NETWORK_STATE due to registered receiver BroadcastFilter{4e09e7e u0 ReceiverList{7a1d839 1012 com.android.settings/1000/u0 remote:fff4800}}
11-30 11:38:58.450 I/WindowManager(  636): Relayout Window{38cd7ad u0 com.android.settings/com.android.settings.SubSettings}: oldVis=4 newVis=0 focusMayChange = true
11-30 11:38:58.456 I/WindowManager(  636): Focus moving from null to Window{38cd7ad u0 com.android.settings/com.android.settings.SubSettings}
11-30 11:38:58.983 W/ContextImpl( 1012): Calling a method in the system process without a qualified user: android.app.ContextImpl.startService:1532 android.content.ContextWrapper.startService:664 android.app.Activity.onEnterAnimationComplete:6662 android.app.Activity.dispatchEnterAnimationComplete:6673 android.app.ActivityThread.handleEnterAnimationComplete:3275 
11-30 11:39:00.038 W/ContextImpl( 1236): Calling a method in the system process without a qualified user: android.app.ContextImpl.sendBroadcast:1006 android.content.ContextWrapper.sendBroadcast:444 com.tal.genie.launcher.service.TimeTickListener.sendOTASilentBroadcast:62 com.tal.genie.launcher.service.TimeTickListener.onTimeTickReceived:31 com.tal.genie.base_receiver.time.TimeTickManager.onTimeTickReceived:80 
11-30 11:39:00.061 W/ContextImpl( 1236): Calling a method in the system process without a qualified user: android.app.ContextImpl.sendBroadcast:1006 android.content.ContextWrapper.sendBroadcast:444 com.tal.genie.service_controldata.EyesProtectManager.sendEyesProtectorBroadcast:362 com.tal.genie.service_controldata.EyesProtectManager.eyesProtectDetector:135 com.tal.genie.launcher.service.TimeTickListener.onTimeTickReceived:34 
11-30 11:39:00.083 W/ContextImpl( 1236): Calling a method in the system process without a qualified user: android.app.ContextImpl.sendBroadcast:1006 android.content.ContextWrapper.sendBroadcast:444 com.tal.genie.lockscreen.receiver.LockScreenReceiver.sendBroadCastToVoice:180 com.tal.genie.lockscreen.receiver.LockScreenReceiver.onReceive:67 android.app.LoadedApk$ReceiverDispatcher$Args.lambda$getRunnable$0:1391 
11-30 11:39:00.616 E/storaged(  456): getDiskStats failed with result NOT_SUPPORTED and size 0
11-30 11:39:02.392 W/ContextImpl( 1012): Calling a method in the system process without a qualified user: android.app.ContextImpl.sendBroadcast:1006 android.content.ContextWrapper.sendBroadcast:444 android.content.ContextWrapper.sendBroadcast:444 android.view.View.dispatchTouchEvent:12526 android.view.ViewGroup.dispatchTransformedTouchEvent:3083 
11-30 11:39:03.070 W/WindowManager(  636): removeWindowToken: Attempted to remove non-existing token: android.os.Binder@6b0508e
11-30 11:39:03.071 I/NotificationService(  636): cancelToast pkg=com.android.settings callback=android.app.ITransientNotification$Stub$Proxy@886e5f9
11-30 11:39:03.071 W/WindowManager(  636): removeWindowToken: Attempted to remove non-existing token: android.os.Binder@6b0508e
11-30 11:39:03.246 W/WindowManager(  636): removeWindowToken: Attempted to remove non-existing token: android.os.Binder@7b316a7
11-30 11:39:03.248 I/NotificationService(  636): cancelToast pkg=com.android.settings callback=android.app.ITransientNotification$Stub$Proxy@afb9d84
11-30 11:39:03.248 W/WindowManager(  636): removeWindowToken: Attempted to remove non-existing token: android.os.Binder@7b316a7
11-30 11:39:03.416 W/WindowManager(  636): removeWindowToken: Attempted to remove non-existing token: android.os.Binder@56c9bd8
11-30 11:39:03.420 I/NotificationService(  636): cancelToast pkg=com.android.settings callback=android.app.ITransientNotification$Stub$Proxy@d9578ab
11-30 11:39:03.421 W/WindowManager(  636): removeWindowToken: Attempted to remove non-existing token: android.os.Binder@56c9bd8
11-30 11:39:03.675 W/VoiceInteractionManagerService(  636): no available voice interaction services found for user 0
11-30 11:39:03.678 I/Telecom (  636): DefaultDialerCache: Refreshing default dialer for user 0: now null: DDC.oR@AA8
11-30 11:39:03.705 W/WindowManager(  636): removeWindowToken: Attempted to remove non-existing token: android.os.Binder@1fd428f
11-30 11:39:03.706 I/NotificationService(  636): cancelToast pkg=com.android.settings callback=android.app.ITransientNotification$Stub$Proxy@2556aa
11-30 11:39:03.706 W/WindowManager(  636): removeWindowToken: Attempted to remove non-existing token: android.os.Binder@1fd428f
11-30 11:39:05.283 W/ContextImpl( 1012): Calling a method in the system process without a qualified user: android.app.ContextImpl.sendBroadcast:1006 android.content.ContextWrapper.sendBroadcast:444 android.content.ContextWrapper.sendBroadcast:444 android.view.View.dispatchTouchEvent:12526 android.view.ViewGroup.dispatchTransformedTouchEvent:3077 
11-30 11:39:05.843 W/ContextImpl( 1012): Calling a method in the system process without a qualified user: android.app.ContextImpl.startService:1532 android.content.ContextWrapper.startService:664 android.content.ContextWrapper.startService:664 com.android.internal.policy.DecorView.dispatchTouchEvent:422 android.view.View.dispatchPointerEvent:12808 
11-30 11:39:05.912 W/ContextImpl( 1012): Calling a method in the system process without a qualified user: android.app.ContextImpl.startService:1532 android.content.ContextWrapper.startService:664 android.content.ContextWrapper.startService:664 com.android.internal.policy.DecorView.dispatchTouchEvent:422 android.view.View.dispatchPointerEvent:12808 
11-30 11:39:06.384 W/WindowManager(  636): Unable to start animation, surface is null or no children.
11-30 11:39:06.585 I/chatty  (  636): uid=1000(system) android.display identical 1 line
11-30 11:39:06.763 W/WindowManager(  636): Unable to start animation, surface is null or no children.
11-30 11:39:06.859 W/ContextImpl( 1012): Calling a method in the system process without a qualified user: android.app.ContextImpl.startService:1532 android.content.ContextWrapper.startService:664 android.content.ContextWrapper.startService:664 com.android.internal.policy.DecorView.dispatchTouchEvent:422 android.view.View.dispatchPointerEvent:12808 
11-30 11:39:06.933 W/WindowManager(  636): Unable to start animation, surface is null or no children.
11-30 11:39:06.946 W/ContextImpl( 1012): Calling a method in the system process without a qualified user: android.app.ContextImpl.startService:1532 android.content.ContextWrapper.startService:664 android.content.ContextWrapper.startService:664 com.android.internal.policy.DecorView.dispatchTouchEvent:422 android.view.View.dispatchPointerEvent:12808 
11-30 11:39:06.948 W/ContextImpl( 1012): Calling a method in the system process without a qualified user: android.app.ContextImpl.startService:1532 android.content.ContextWrapper.startService:664 android.content.ContextWrapper.startService:664 com.android.internal.policy.DecorView.dispatchTouchEvent:422 android.view.View.dispatchPointerEvent:12808 
11-30 11:39:07.022 I/WindowManager(  636): Focus moving from Window{38cd7ad u0 com.android.settings/com.android.settings.SubSettings} to Window{1eed275 u0 com.android.systemui}
11-30 11:39:07.033 I/WindowManager(  636): Focus moving from Window{1eed275 u0 com.android.systemui} to Window{a8de098 u0 com.android.systemui}
11-30 11:39:07.131 I/WindowManager(  636): Focus moving from Window{a8de098 u0 com.android.systemui} to Window{38cd7ad u0 com.android.settings/com.android.settings.SubSettings}
11-30 11:39:07.132 I/WindowManager(  636): Losing delayed focus: Window{1eed275 u0 com.android.systemui}
11-30 11:39:07.219 W/NotificationService(  636): Toast already killed. pkg=com.android.settings callback=android.app.ITransientNotification$Stub$Proxy@8123862
11-30 11:39:07.839 W/ContextImpl( 1012): Calling a method in the system process without a qualified user: android.app.ContextImpl.startService:1532 android.content.ContextWrapper.startService:664 android.content.ContextWrapper.startService:664 com.android.internal.policy.DecorView.dispatchTouchEvent:422 android.view.View.dispatchPointerEvent:12808 
11-30 11:39:07.945 W/ContextImpl( 1012): Calling a method in the system process without a qualified user: android.app.ContextImpl.startService:1532 android.content.ContextWrapper.startService:664 android.content.ContextWrapper.startService:664 com.android.internal.policy.DecorView.dispatchTouchEvent:422 android.view.View.dispatchPointerEvent:12808 
11-30 11:39:08.489 W/ContextImpl( 1012): Calling a method in the system process without a qualified user: android.app.ContextImpl.sendBroadcast:1006 android.content.ContextWrapper.sendBroadcast:444 android.content.ContextWrapper.sendBroadcast:444 android.view.View.dispatchTouchEvent:12526 android.view.ViewGroup.dispatchTransformedTouchEvent:3083 
11-30 11:39:08.618 I/WindowManager(  636): Focus moving from Window{38cd7ad u0 com.android.settings/com.android.settings.SubSettings} to null
11-30 11:39:08.632 I/WindowManager(  636): Relayout Window{8fc03e9 u0 com.android.settings/com.android.settings.Settings$SystemDashboardActivity}: oldVis=8 newVis=0 focusMayChange = true
11-30 11:39:08.637 I/WindowManager(  636): Focus moving from null to Window{8fc03e9 u0 com.android.settings/com.android.settings.Settings$SystemDashboardActivity}
11-30 11:39:09.125 W/ContextImpl( 1012): Calling a method in the system process without a qualified user: android.app.ContextImpl.startService:1532 android.content.ContextWrapper.startService:664 android.app.Activity.onEnterAnimationComplete:6662 android.app.Activity.dispatchEnterAnimationComplete:6673 android.app.ActivityThread.handleEnterAnimationComplete:3275 
11-30 11:39:10.819 W/ContextImpl( 1012): Calling a method in the system process without a qualified user: android.app.ContextImpl.startService:1532 android.content.ContextWrapper.startService:664 android.content.ContextWrapper.startService:664 com.android.internal.policy.DecorView.dispatchTouchEvent:422 android.view.View.dispatchPointerEvent:12808 
11-30 11:39:11.976 I/chatty  ( 1012): uid=1000(system) com.android.settings identical 2 lines
11-30 11:39:12.061 W/ContextImpl( 1012): Calling a method in the system process without a qualified user: android.app.ContextImpl.startService:1532 android.content.ContextWrapper.startService:664 android.content.ContextWrapper.startService:664 com.android.internal.policy.DecorView.dispatchTouchEvent:422 android.view.View.dispatchPointerEvent:12808 
11-30 11:39:12.130 I/WindowManager(  636): Focus moving from Window{8fc03e9 u0 com.android.settings/com.android.settings.Settings$SystemDashboardActivity} to Window{c4717c5 u0 com.android.systemui}
11-30 11:39:12.142 I/WindowManager(  636): Focus moving from Window{c4717c5 u0 com.android.systemui} to Window{5eda228 u0 com.android.systemui}
11-30 11:39:12.244 I/WindowManager(  636): Losing delayed focus: Window{8fc03e9 u0 com.android.settings/com.android.settings.Settings$SystemDashboardActivity}
11-30 11:39:12.245 I/WindowManager(  636): Losing delayed focus: Window{c4717c5 u0 com.android.systemui}
11-30 11:39:13.334 I/WindowManager(  636): Focus moving from Window{5eda228 u0 com.android.systemui} to Window{8fc03e9 u0 com.android.settings/com.android.settings.Settings$SystemDashboardActivity}
11-30 11:39:13.773 I/Telecom (  636): DefaultDialerCache: Refreshing default dialer for user 0: now null: DDC.oR@ABA
11-30 11:39:13.876 W/VoiceInteractionManagerService(  636): no available voice interaction services found for user 0
11-30 11:39:14.072 W/WindowManager(  636): removeWindowToken: Attempted to remove non-existing token: android.os.Binder@6b0508e
11-30 11:39:14.249 W/WindowManager(  636): removeWindowToken: Attempted to remove non-existing token: android.os.Binder@7b316a7
11-30 11:39:14.422 W/WindowManager(  636): removeWindowToken: Attempted to remove non-existing token: android.os.Binder@56c9bd8
11-30 11:39:14.707 W/WindowManager(  636): removeWindowToken: Attempted to remove non-existing token: android.os.Binder@1fd428f
11-30 11:39:14.814 W/ContextImpl( 1012): Calling a method in the system process without a qualified user: android.app.ContextImpl.sendBroadcast:1006 android.content.ContextWrapper.sendBroadcast:444 android.content.ContextWrapper.sendBroadcast:444 android.view.View.dispatchTouchEvent:12526 android.view.ViewGroup.dispatchTransformedTouchEvent:3083 
11-30 11:39:14.954 I/WindowManager(  636): Focus moving from Window{8fc03e9 u0 com.android.settings/com.android.settings.Settings$SystemDashboardActivity} to null
11-30 11:39:14.975 I/WindowManager(  636): Relayout Window{768233c u0 com.android.settings/com.android.settings.Settings}: oldVis=8 newVis=0 focusMayChange = true
11-30 11:39:14.984 I/WindowManager(  636): Focus moving from null to Window{768233c u0 com.android.settings/com.android.settings.Settings}
11-30 11:39:15.049 E/BatteryExternalStatsWorker(  636): no controller energy info supplied for wifi
11-30 11:39:15.049 E/BatteryExternalStatsWorker(  636): no controller energy info supplied for bluetooth
11-30 11:39:15.053 E/KernelCpuSpeedReader(  636): Failed to read cpu-freq: /sys/devices/system/cpu/cpu0/cpufreq/stats/time_in_state (No such file or directory)
11-30 11:39:15.055 W/BatteryExternalStatsWorker(  636): modem info is invalid: ModemActivityInfo{ mTimestamp=0 mSleepTimeMs=0 mIdleTimeMs=0 mTxTimeMs[]=[0, 0, 0, 0, 0] mRxTimeMs=0 mEnergyUsed=0}
11-30 11:39:15.472 W/ContextImpl( 1012): Calling a method in the system process without a qualified user: android.app.ContextImpl.startService:1532 android.content.ContextWrapper.startService:664 android.app.Activity.onEnterAnimationComplete:6662 android.app.Activity.dispatchEnterAnimationComplete:6673 android.app.ActivityThread.handleEnterAnimationComplete:3275 
11-30 11:39:16.496 W/ContextImpl( 1012): Calling a method in the system process without a qualified user: android.app.ContextImpl.startService:1532 android.content.ContextWrapper.startService:664 android.content.ContextWrapper.startService:664 com.android.internal.policy.DecorView.dispatchTouchEvent:422 android.view.View.dispatchPointerEvent:12808 
11-30 11:39:16.568 I/chatty  ( 1012): uid=1000(system) com.android.settings identical 2 lines
11-30 11:39:16.585 W/ContextImpl( 1012): Calling a method in the system process without a qualified user: android.app.ContextImpl.startService:1532 android.content.ContextWrapper.startService:664 android.content.ContextWrapper.startService:664 com.android.internal.policy.DecorView.dispatchTouchEvent:422 android.view.View.dispatchPointerEvent:12808 
11-30 11:39:16.597 I/WindowManager(  636): Focus moving from Window{768233c u0 com.android.settings/com.android.settings.Settings} to Window{824b993 u0 com.android.systemui}
11-30 11:39:16.604 W/ContextImpl( 1012): Calling a method in the system process without a qualified user: android.app.ContextImpl.startService:1532 android.content.ContextWrapper.startService:664 android.content.ContextWrapper.startService:664 com.android.internal.policy.DecorView.dispatchTouchEvent:422 android.view.View.dispatchPointerEvent:12808 
11-30 11:39:16.609 I/WindowManager(  636): Focus moving from Window{824b993 u0 com.android.systemui} to Window{e0a50ce u0 com.android.systemui}
11-30 11:39:16.621 W/ContextImpl( 1012): Calling a method in the system process without a qualified user: android.app.ContextImpl.startService:1532 android.content.ContextWrapper.startService:664 android.content.ContextWrapper.startService:664 com.android.internal.policy.DecorView.dispatchTouchEvent:422 android.view.View.dispatchPointerEvent:12808 
11-30 11:39:16.691 I/chatty  ( 1012): uid=1000(system) com.android.settings identical 4 lines
11-30 11:39:16.708 W/ContextImpl( 1012): Calling a method in the system process without a qualified user: android.app.ContextImpl.startService:1532 android.content.ContextWrapper.startService:664 android.content.ContextWrapper.startService:664 com.android.internal.policy.DecorView.dispatchTouchEvent:422 android.view.View.dispatchPointerEvent:12808 
11-30 11:39:16.721 I/WindowManager(  636): Losing delayed focus: Window{768233c u0 com.android.settings/com.android.settings.Settings}
11-30 11:39:16.722 I/WindowManager(  636): Losing delayed focus: Window{824b993 u0 com.android.systemui}
11-30 11:39:16.728 W/ContextImpl( 1012): Calling a method in the system process without a qualified user: android.app.ContextImpl.startService:1532 android.content.ContextWrapper.startService:664 android.content.ContextWrapper.startService:664 com.android.internal.policy.DecorView.dispatchTouchEvent:422 android.view.View.dispatchPointerEvent:12808 
11-30 11:39:16.775 I/chatty  ( 1012): uid=1000(system) com.android.settings identical 3 lines
11-30 11:39:16.778 W/ContextImpl( 1012): Calling a method in the system process without a qualified user: android.app.ContextImpl.startService:1532 android.content.ContextWrapper.startService:664 android.content.ContextWrapper.startService:664 com.android.internal.policy.DecorView.dispatchTouchEvent:422 android.view.View.dispatchPointerEvent:12808 
11-30 11:39:18.214 W/WindowManager(  636): removeWindowToken: Attempted to remove non-existing token: android.os.Binder@21e5223
11-30 11:39:19.212 I/ActivityManager(  636): START u0 {flg=0x30000000 cmp=com.example.myapplication2/.MainActivity} from uid 10017
11-30 11:39:19.265 I/WindowManager(  636): Relayout Window{8ae1117 u0 com.example.myapplication2/com.example.myapplication2.MainActivity}: oldVis=8 newVis=0 focusMayChange = true
11-30 11:39:19.354 I/WindowManager(  636): Focus moving from Window{e0a50ce u0 com.android.systemui} to Window{8ae1117 u0 com.example.myapplication2/com.example.myapplication2.MainActivity}
11-30 11:39:19.401 I/WindowManager(  636): Losing delayed focus: Window{e0a50ce u0 com.android.systemui}
11-30 11:39:19.479 W/ContextImpl( 3930): Calling a method in the system process without a qualified user: android.app.ContextImpl.sendBroadcast:1006 android.content.ContextWrapper.sendBroadcast:444 android.view.View.dispatchTouchEvent:12526 android.view.ViewGroup.dispatchTransformedTouchEvent:3083 android.view.ViewGroup.dispatchTouchEvent:2684 
11-30 11:39:19.995 W/ContextImpl( 3930): Calling a method in the system process without a qualified user: android.app.ContextImpl.startService:1532 android.content.ContextWrapper.startService:664 android.app.Activity.onEnterAnimationComplete:6662 android.app.Activity.dispatchEnterAnimationComplete:6673 android.app.ActivityThread.handleEnterAnimationComplete:3275 
11-30 11:39:20.588 I/ActivityManager(  636): START u0 {flg=0x4000000 cmp=com.tal.genie.launcher/.ui.main.MainActivity} from uid 1000
11-30 11:39:20.663 I/WindowManager(  636): WIN DEATH: Window{8ae1117 u0 com.example.myapplication2/com.example.myapplication2.MainActivity}
11-30 11:39:20.664 I/ActivityManager(  636): Process com.example.myapplication2 (pid 3930) has died: fore TOP 
11-30 11:39:20.664 W/ActivityManager(  636): Force removing ActivityRecord{24fbdc u0 com.example.myapplication2/.MainActivity t43}: app died, no saved state
11-30 11:39:20.668 I/WindowManager(  636): WIN DEATH: Window{c1b7960 u0 Toast}
11-30 11:39:20.674 I/WindowManager(  636): Focus moving from Window{8ae1117 u0 com.example.myapplication2/com.example.myapplication2.MainActivity} to null
11-30 11:39:20.722 I/WindowManager(  636): Relayout Window{7579792 u0 com.tal.genie.launcher/com.tal.genie.launcher.ui.main.MainActivity}: oldVis=4 newVis=0 focusMayChange = true
11-30 11:39:20.729 I/WindowManager(  636): Focus moving from null to Window{7579792 u0 com.tal.genie.launcher/com.tal.genie.launcher.ui.main.MainActivity}
11-30 11:39:20.797 W/ContextImpl( 1236): Calling a method in the system process without a qualified user: android.app.ContextImpl.startService:1532 android.content.ContextWrapper.startService:664 android.content.ContextWrapper.startService:664 android.app.Activity.onEnterAnimationComplete:6662 android.app.Activity.dispatchEnterAnimationComplete:6673 
11-30 11:39:20.805 W/ContextImpl( 1236): Calling a method in the system process without a qualified user: android.app.ContextImpl.startService:1532 android.content.ContextWrapper.startService:664 android.content.ContextWrapper.startService:664 android.app.Activity.onEnterAnimationComplete:6662 android.app.Activity.dispatchEnterAnimationComplete:6673 
11-30 11:39:21.215 W/ActivityManager(  636): setHasOverlayUi called on unknown pid: 3930
11-30 11:39:23.186 W/NotificationService(  636): Object died trying to hide notification android.app.ITransientNotification$Stub$Proxy@7e08ba8 in package com.example.myapplication2
11-30 11:39:23.239 W/WindowManager(  636): Unable to start animation, surface is null or no children.
11-30 11:39:24.101 W/ContextImpl( 1236): Calling a method in the system process without a qualified user: android.app.ContextImpl.sendBroadcast:1006 android.content.ContextWrapper.sendBroadcast:444 android.content.ContextWrapper.sendBroadcast:444 android.view.View.dispatchTouchEvent:12526 android.view.ViewGroup.dispatchTransformedTouchEvent:3083 
11-30 11:39:24.228 I/ActivityManager(  636): START u0 {cmp=com.tal.genie.launcher/com.tal.genie.setting.activity.SettingActivity} from uid 1000
11-30 11:39:24.251 I/WindowManager(  636): Focus moving from Window{7579792 u0 com.tal.genie.launcher/com.tal.genie.launcher.ui.main.MainActivity} to null
11-30 11:39:24.342 I/WindowManager(  636): Relayout Window{2bf3d16 u0 com.tal.genie.launcher/com.tal.genie.setting.activity.SettingActivity}: oldVis=4 newVis=0 focusMayChange = true
11-30 11:39:24.350 I/WindowManager(  636): Focus moving from null to Window{2bf3d16 u0 com.tal.genie.launcher/com.tal.genie.setting.activity.SettingActivity}
11-30 11:39:24.706 W/ContextImpl( 1236): Calling a method in the system process without a qualified user: android.app.ContextImpl.startService:1532 android.content.ContextWrapper.startService:664 android.content.ContextWrapper.startService:664 android.app.Activity.onEnterAnimationComplete:6662 android.app.Activity.dispatchEnterAnimationComplete:6673 
11-30 11:39:26.574 W/ContextImpl( 1236): Calling a method in the system process without a qualified user: android.app.ContextImpl.sendBroadcast:1006 android.content.ContextWrapper.sendBroadcast:444 android.content.ContextWrapper.sendBroadcast:444 android.view.View.dispatchTouchEvent:12526 android.view.ViewGroup.dispatchTransformedTouchEvent:3077 
11-30 11:39:27.711 W/ContextImpl( 1236): Calling a method in the system process without a qualified user: android.app.ContextImpl.startService:1532 android.content.ContextWrapper.startService:664 android.content.ContextWrapper.startService:664 com.android.internal.policy.DecorView.dispatchTouchEvent:422 android.view.View.dispatchPointerEvent:12808 
11-30 11:39:27.783 I/chatty  ( 1236): uid=1000(system) com.tal.genie.launcher identical 3 lines
11-30 11:39:27.800 W/ContextImpl( 1236): Calling a method in the system process without a qualified user: android.app.ContextImpl.startService:1532 android.content.ContextWrapper.startService:664 android.content.ContextWrapper.startService:664 com.android.internal.policy.DecorView.dispatchTouchEvent:422 android.view.View.dispatchPointerEvent:12808 
11-30 11:39:27.815 I/WindowManager(  636): Focus moving from Window{2bf3d16 u0 com.tal.genie.launcher/com.tal.genie.setting.activity.SettingActivity} to Window{50771aa u0 com.android.systemui}
11-30 11:39:27.817 W/ContextImpl( 1236): Calling a method in the system process without a qualified user: android.app.ContextImpl.startService:1532 android.content.ContextWrapper.startService:664 android.content.ContextWrapper.startService:664 com.android.internal.policy.DecorView.dispatchTouchEvent:422 android.view.View.dispatchPointerEvent:12808 
11-30 11:39:27.826 I/WindowManager(  636): Focus moving from Window{50771aa u0 com.android.systemui} to Window{cc25d11 u0 com.android.systemui}
11-30 11:39:27.835 W/ContextImpl( 1236): Calling a method in the system process without a qualified user: android.app.ContextImpl.startService:1532 android.content.ContextWrapper.startService:664 android.content.ContextWrapper.startService:664 com.android.internal.policy.DecorView.dispatchTouchEvent:422 android.view.View.dispatchPointerEvent:12808 
11-30 11:39:27.866 I/chatty  ( 1236): uid=1000(system) com.tal.genie.launcher identical 2 lines
11-30 11:39:27.869 W/ContextImpl( 1236): Calling a method in the system process without a qualified user: android.app.ContextImpl.startService:1532 android.content.ContextWrapper.startService:664 android.content.ContextWrapper.startService:664 com.android.internal.policy.DecorView.dispatchTouchEvent:422 android.view.View.dispatchPointerEvent:12808 
11-30 11:39:27.902 I/WindowManager(  636): Losing delayed focus: Window{2bf3d16 u0 com.tal.genie.launcher/com.tal.genie.setting.activity.SettingActivity}
11-30 11:39:27.902 I/WindowManager(  636): Losing delayed focus: Window{50771aa u0 com.android.systemui}
11-30 11:39:30.654 I/ActivityManager(  636): START u0 {flg=0x30000000 cmp=com.example.myapplication2/.MainActivity} from uid 10017
11-30 11:39:30.692 I/ActivityManager(  636): Start proc 4100:com.example.myapplication2/1000 for activity com.example.myapplication2/.MainActivity
11-30 11:39:30.810 I/WindowManager(  636): Focus moving from Window{cc25d11 u0 com.android.systemui} to null
11-30 11:39:30.882 W/ContextImpl( 1236): Calling a method in the system process without a qualified user: android.app.ContextImpl.sendBroadcast:1006 android.content.ContextWrapper.sendBroadcast:444 android.content.ContextWrapper.sendBroadcast:444 android.view.View.dispatchTouchEvent:12526 android.view.ViewGroup.dispatchTransformedTouchEvent:3083 
11-30 11:39:30.987 I/ActivityManager(  636): START u0 {flg=0x10000000 cmp=com.tal.genie.wifisetup/.MainActivity} from uid 1000
11-30 11:39:31.089 I/WindowManager(  636): Relayout Window{b5252e0 u0 com.example.myapplication2/com.example.myapplication2.MainActivity}: oldVis=4 newVis=0 focusMayChange = true
11-30 11:39:31.372 I/WindowManager(  636): Relayout Window{1a33b09 u0 com.tal.genie.wifisetup/com.tal.genie.wifisetup.MainActivity}: oldVis=4 newVis=0 focusMayChange = true
11-30 11:39:31.384 I/WindowManager(  636): Focus moving from null to Window{1a33b09 u0 com.tal.genie.wifisetup/com.tal.genie.wifisetup.MainActivity}
11-30 11:39:31.407 W/ContextImpl( 4100): Calling a method in the system process without a qualified user: android.app.ContextImpl.startService:1532 android.content.ContextWrapper.startService:664 android.app.Activity.onEnterAnimationComplete:6662 android.app.Activity.dispatchEnterAnimationComplete:6673 android.app.ActivityThread.handleEnterAnimationComplete:3275 
11-30 11:39:31.973 W/ContextImpl( 1429): Calling a method in the system process without a qualified user: android.app.ContextImpl.startService:1532 android.content.ContextWrapper.startService:664 android.content.ContextWrapper.startService:664 android.app.Activity.onEnterAnimationComplete:6662 android.app.Activity.dispatchEnterAnimationComplete:6673 
11-30 11:39:33.024 W/ContextImpl( 1429): Calling a method in the system process without a qualified user: android.app.ContextImpl.sendBroadcast:1006 android.content.ContextWrapper.sendBroadcast:444 android.content.ContextWrapper.sendBroadcast:444 android.content.ContextWrapper.sendBroadcast:444 android.view.View.dispatchTouchEvent:12526 
11-30 11:39:33.462 I/WindowManager(  636): Focus moving from Window{1a33b09 u0 com.tal.genie.wifisetup/com.tal.genie.wifisetup.MainActivity} to Window{b5252e0 u0 com.example.myapplication2/com.example.myapplication2.MainActivity}
11-30 11:39:33.499 W/ContextImpl( 4100): Calling a method in the system process without a qualified user: android.app.ContextImpl.startService:1532 android.content.ContextWrapper.startService:664 android.app.Activity.onEnterAnimationComplete:6662 android.app.Activity.dispatchEnterAnimationComplete:6673 android.app.ActivityThread.handleEnterAnimationComplete:3275 
11-30 11:39:34.188 W/WindowManager(  636): removeWindowToken: Attempted to remove non-existing token: android.os.Binder@d4ccd1d
11-30 11:39:34.761 W/ContextImpl( 4100): Calling a method in the system process without a qualified user: android.app.ContextImpl.sendBroadcast:1006 android.content.ContextWrapper.sendBroadcast:444 android.view.View.dispatchTouchEvent:12526 android.view.ViewGroup.dispatchTransformedTouchEvent:3083 android.view.ViewGroup.dispatchTouchEvent:2684 
11-30 11:39:35.151 I/WindowManager(  636): Focus moving from Window{b5252e0 u0 com.example.myapplication2/com.example.myapplication2.MainActivity} to Window{89ba788 u0 com.example.myapplication2/com.example.myapplication2.MainActivity}
11-30 11:39:35.365 I/WindowManager(  636): Losing delayed focus: Window{b5252e0 u0 com.example.myapplication2/com.example.myapplication2.MainActivity}
11-30 11:39:35.428 I/WindowManager(  636): Relayout Window{bbebcf2 u0 InputMethod}: oldVis=8 newVis=0 focusMayChange = true
11-30 11:39:38.069 W/ContextImpl( 4100): Calling a method in the system process without a qualified user: android.app.ContextImpl.sendBroadcast:1006 android.content.ContextWrapper.sendBroadcast:444 android.view.View.dispatchTouchEvent:12526 android.view.ViewGroup.dispatchTransformedTouchEvent:3083 android.view.ViewGroup.dispatchTouchEvent:2684 
11-30 11:39:38.191 I/WindowManager(  636): Focus moving from Window{89ba788 u0 com.example.myapplication2/com.example.myapplication2.MainActivity EXITING} to Window{b5252e0 u0 com.example.myapplication2/com.example.myapplication2.MainActivity}
11-30 11:39:38.192 I/ActivityManager(  636): START u0 {cmp=com.example.myapplication2/.PWDActivity} from uid 1000
11-30 11:39:38.213 I/WindowManager(  636): Focus moving from Window{b5252e0 u0 com.example.myapplication2/com.example.myapplication2.MainActivity} to null
11-30 11:39:38.441 I/WindowManager(  636): Relayout Window{284b0e2 u0 com.example.myapplication2/com.example.myapplication2.PWDActivity}: oldVis=4 newVis=0 focusMayChange = true
11-30 11:39:38.446 I/WindowManager(  636): Focus moving from null to Window{284b0e2 u0 com.example.myapplication2/com.example.myapplication2.PWDActivity}
11-30 11:39:38.948 W/ContextImpl( 4100): Calling a method in the system process without a qualified user: android.app.ContextImpl.startService:1532 android.content.ContextWrapper.startService:664 android.app.Activity.onEnterAnimationComplete:6662 android.app.Activity.dispatchEnterAnimationComplete:6673 android.app.ActivityThread.handleEnterAnimationComplete:3275 
11-30 11:39:39.805 W/ContextImpl( 4100): Calling a method in the system process without a qualified user: android.app.ContextImpl.sendBroadcast:1006 android.content.ContextWrapper.sendBroadcast:444 android.view.View.dispatchTouchEvent:12526 android.view.ViewGroup.dispatchTransformedTouchEvent:3083 android.view.ViewGroup.dispatchTouchEvent:2684 
11-30 11:39:39.944 I/ActivityManager(  636): START u0 {cmp=com.android.settings/.Settings} from uid 1000
11-30 11:39:39.975 I/WindowManager(  636): Focus moving from Window{284b0e2 u0 com.example.myapplication2/com.example.myapplication2.PWDActivity} to null
11-30 11:39:40.001 I/WindowManager(  636): Relayout Window{768233c u0 com.android.settings/com.android.settings.Settings}: oldVis=4 newVis=0 focusMayChange = true
11-30 11:39:40.007 I/WindowManager(  636): Focus moving from null to Window{768233c u0 com.android.settings/com.android.settings.Settings}
11-30 11:39:40.108 E/BatteryExternalStatsWorker(  636): no controller energy info supplied for wifi
11-30 11:39:40.108 E/BatteryExternalStatsWorker(  636): no controller energy info supplied for bluetooth
11-30 11:39:40.115 E/KernelCpuSpeedReader(  636): Failed to read cpu-freq: /sys/devices/system/cpu/cpu0/cpufreq/stats/time_in_state (No such file or directory)
11-30 11:39:40.124 W/BatteryExternalStatsWorker(  636): modem info is invalid: ModemActivityInfo{ mTimestamp=0 mSleepTimeMs=0 mIdleTimeMs=0 mTxTimeMs[]=[0, 0, 0, 0, 0] mRxTimeMs=0 mEnergyUsed=0}
11-30 11:39:40.647 W/ContextImpl( 1012): Calling a method in the system process without a qualified user: android.app.ContextImpl.startService:1532 android.content.ContextWrapper.startService:664 android.app.Activity.onEnterAnimationComplete:6662 android.app.Activity.dispatchEnterAnimationComplete:6673 android.app.ActivityThread.handleEnterAnimationComplete:3275 
11-30 11:39:40.696 W/ContextImpl( 1012): Calling a method in the system process without a qualified user: android.app.ContextImpl.sendBroadcast:1006 android.content.ContextWrapper.sendBroadcast:444 android.view.View.dispatchTouchEvent:12526 android.view.ViewGroup.dispatchTransformedTouchEvent:3077 android.view.ViewGroup.dispatchTouchEvent:2727 
11-30 11:39:41.646 I/ActivityManager(  636): START u0 {flg=0x8000 cmp=com.android.settings/.Settings$SystemDashboardActivity (has extras)} from uid 1000
11-30 11:39:41.662 I/WindowManager(  636): Focus moving from Window{768233c u0 com.android.settings/com.android.settings.Settings} to null
11-30 11:39:41.787 I/WindowManager(  636): Relayout Window{4470fa2 u0 com.android.settings/com.android.settings.Settings$SystemDashboardActivity}: oldVis=4 newVis=0 focusMayChange = true
11-30 11:39:41.794 I/WindowManager(  636): Focus moving from null to Window{4470fa2 u0 com.android.settings/com.android.settings.Settings$SystemDashboardActivity}
11-30 11:39:42.323 W/ContextImpl( 1012): Calling a method in the system process without a qualified user: android.app.ContextImpl.startService:1532 android.content.ContextWrapper.startService:664 android.app.Activity.onEnterAnimationComplete:6662 android.app.Activity.dispatchEnterAnimationComplete:6673 android.app.ActivityThread.handleEnterAnimationComplete:3275 
11-30 11:39:42.833 W/ContextImpl( 1012): Calling a method in the system process without a qualified user: android.app.ContextImpl.sendBroadcast:1006 android.content.ContextWrapper.sendBroadcast:444 android.content.ContextWrapper.sendBroadcast:444 android.view.View.dispatchTouchEvent:12526 android.view.ViewGroup.dispatchTransformedTouchEvent:3083 
11-30 11:39:44.480 W/ContextImpl( 1012): Calling a method in the system process without a qualified user: android.app.ContextImpl.sendBroadcast:1006 android.content.ContextWrapper.sendBroadcast:444 android.content.ContextWrapper.sendBroadcast:444 android.view.View.dispatchTouchEvent:12526 android.view.ViewGroup.dispatchTransformedTouchEvent:3077 
11-30 11:39:44.611 I/ActivityManager(  636): START u0 {act=android.intent.action.MAIN cmp=com.android.settings/.SubSettings (has extras)} from uid 1000
11-30 11:39:44.630 I/WindowManager(  636): Focus moving from Window{4470fa2 u0 com.android.settings/com.android.settings.Settings$SystemDashboardActivity} to null
11-30 11:39:44.726 E/UserRestrictionsUtils(  636): Unknown restriction: null
11-30 11:39:44.728 I/chatty  (  636): uid=1000(system) Binder:636_D identical 1 line
11-30 11:39:44.753 E/UserRestrictionsUtils(  636): Unknown restriction: null
11-30 11:39:44.792 I/ProcessStatsService(  636): Added stats: 2010-01-01-08-00-40, over +10m57s700ms
11-30 11:39:44.916 I/ProcessStatsService(  636): Added stats: 2010-01-01-08-00-40, over +10m57s700ms
11-30 11:39:44.966 I/WindowManager(  636): Relayout Window{feff368 u0 com.android.settings/com.android.settings.SubSettings}: oldVis=4 newVis=0 focusMayChange = true
11-30 11:39:44.972 I/WindowManager(  636): Focus moving from null to Window{feff368 u0 com.android.settings/com.android.settings.SubSettings}
11-30 11:39:45.553 W/ContextImpl( 1012): Calling a method in the system process without a qualified user: android.app.ContextImpl.startService:1532 android.content.ContextWrapper.startService:664 android.app.Activity.onEnterAnimationComplete:6662 android.app.Activity.dispatchEnterAnimationComplete:6673 android.app.ActivityThread.handleEnterAnimationComplete:3275 
11-30 11:39:45.724 W/ContextImpl( 1012): Calling a method in the system process without a qualified user: android.app.ContextImpl.sendBroadcast:1006 android.content.ContextWrapper.sendBroadcast:444 android.content.ContextWrapper.sendBroadcast:444 android.view.View.dispatchTouchEvent:12526 android.view.ViewGroup.dispatchTransformedTouchEvent:3077 
11-30 11:39:48.212 I/WindowManager(  636): Focus moving from Window{feff368 u0 com.android.settings/com.android.settings.SubSettings} to Window{63010b0 u0 com.android.settings/com.android.settings.SubSettings}
11-30 11:39:48.289 I/WindowManager(  636): Losing delayed focus: Window{feff368 u0 com.android.settings/com.android.settings.SubSettings}
11-30 11:39:49.096 I/UsbDeviceManager(  636): Setting USB config to adb
11-30 11:39:49.151 I/WindowManager(  636): Focus moving from Window{63010b0 u0 com.android.settings/com.android.settings.SubSettings EXITING} to Window{feff368 u0 com.android.settings/com.android.settings.SubSettings}
11-30 11:39:49.201 W/Looper  (  636): Slow dispatch took 109ms android.fg h=com.android.server.usb.UsbDeviceManager$UsbHandlerLegacy c=null m=1
11-30 11:39:50.472 W/ContextImpl( 1012): Calling a method in the system process without a qualified user: android.app.ContextImpl.startService:1532 android.content.ContextWrapper.startService:664 android.content.ContextWrapper.startService:664 com.android.internal.policy.DecorView.dispatchTouchEvent:422 android.view.View.dispatchPointerEvent:12808 
11-30 11:39:51.628 I/chatty  ( 1012): uid=1000(system) com.android.settings identical 2 lines
11-30 11:39:51.767 W/ContextImpl( 1012): Calling a method in the system process without a qualified user: android.app.ContextImpl.startService:1532 android.content.ContextWrapper.startService:664 android.content.ContextWrapper.startService:664 com.android.internal.policy.DecorView.dispatchTouchEvent:422 android.view.View.dispatchPointerEvent:12808 
11-30 11:39:52.417 W/ContextImpl( 1012): Calling a method in the system process without a qualified user: android.app.ContextImpl.sendBroadcast:1006 android.content.ContextWrapper.sendBroadcast:444 android.content.ContextWrapper.sendBroadcast:444 android.view.View.dispatchTouchEvent:12526 android.view.ViewGroup.dispatchTransformedTouchEvent:3083 
11-30 11:39:52.525 I/WindowManager(  636): Focus moving from Window{feff368 u0 com.android.settings/com.android.settings.SubSettings} to null
11-30 11:39:52.551 I/WindowManager(  636): Relayout Window{4470fa2 u0 com.android.settings/com.android.settings.Settings$SystemDashboardActivity}: oldVis=4 newVis=0 focusMayChange = true
11-30 11:39:52.556 I/WindowManager(  636): Focus moving from null to Window{4470fa2 u0 com.android.settings/com.android.settings.Settings$SystemDashboardActivity}
11-30 11:39:53.057 W/ContextImpl( 1012): Calling a method in the system process without a qualified user: android.app.ContextImpl.startService:1532 android.content.ContextWrapper.startService:664 android.app.Activity.onEnterAnimationComplete:6662 android.app.Activity.dispatchEnterAnimationComplete:6673 android.app.ActivityThread.handleEnterAnimationComplete:3275 
11-30 11:39:53.068 E/ActivityThread( 1012): Activity com.android.settings.SubSettings has leaked ServiceConnection android.bluetooth.BluetoothA2dp$2@2ec08e3 that was originally bound here
11-30 11:39:53.068 E/ActivityThread( 1012): android.app.ServiceConnectionLeaked: Activity com.android.settings.SubSettings has leaked ServiceConnection android.bluetooth.BluetoothA2dp$2@2ec08e3 that was originally bound here
11-30 11:39:53.068 E/ActivityThread( 1012): 	at android.app.LoadedApk$ServiceDispatcher.<init>(LoadedApk.java:1610)
11-30 11:39:53.068 E/ActivityThread( 1012): 	at android.app.LoadedApk.getServiceDispatcher(LoadedApk.java:1502)
11-30 11:39:53.068 E/ActivityThread( 1012): 	at android.app.ContextImpl.bindServiceCommon(ContextImpl.java:1660)
11-30 11:39:53.068 E/ActivityThread( 1012): 	at android.app.ContextImpl.bindServiceAsUser(ContextImpl.java:1620)
11-30 11:39:53.068 E/ActivityThread( 1012): 	at android.content.ContextWrapper.bindServiceAsUser(ContextWrapper.java:705)
11-30 11:39:53.068 E/ActivityThread( 1012): 	at android.bluetooth.BluetoothA2dp.doBind(BluetoothA2dp.java:263)
11-30 11:39:53.068 E/ActivityThread( 1012): 	at android.bluetooth.BluetoothA2dp.<init>(BluetoothA2dp.java:256)
11-30 11:39:53.068 E/ActivityThread( 1012): 	at android.bluetooth.BluetoothAdapter.getProfileProxy(BluetoothAdapter.java:2278)
11-30 11:39:53.068 E/ActivityThread( 1012): 	at com.android.settings.development.DevelopmentSettingsDashboardFragment.onCreateView(DevelopmentSettingsDashboardFragment.java:184)
11-30 11:39:53.068 E/ActivityThread( 1012): 	at android.app.Fragment.performCreateView(Fragment.java:2522)
11-30 11:39:53.068 E/ActivityThread( 1012): 	at android.app.FragmentManagerImpl.moveToState(FragmentManager.java:1298)
11-30 11:39:53.068 E/ActivityThread( 1012): 	at android.app.FragmentManagerImpl.moveFragmentToExpectedState(FragmentManager.java:1576)
11-30 11:39:53.068 E/ActivityThread( 1012): 	at android.app.FragmentManagerImpl.moveToState(FragmentManager.java:1637)
11-30 11:39:53.068 E/ActivityThread( 1012): 	at android.app.FragmentManagerImpl.dispatchMoveToState(FragmentManager.java:3046)
11-30 11:39:53.068 E/ActivityThread( 1012): 	at android.app.FragmentManagerImpl.dispatchActivityCreated(FragmentManager.java:2998)
11-30 11:39:53.068 E/ActivityThread( 1012): 	at android.app.FragmentController.dispatchActivityCreated(FragmentController.java:182)
11-30 11:39:53.068 E/ActivityThread( 1012): 	at android.app.Activity.performCreate(Activity.java:7171)
11-30 11:39:53.068 E/ActivityThread( 1012): 	at android.app.Activity.performCreate(Activity.java:7155)
11-30 11:39:53.068 E/ActivityThread( 1012): 	at android.app.Instrumentation.callActivityOnCreate(Instrumentation.java:1271)
11-30 11:39:53.068 E/ActivityThread( 1012): 	at android.app.ActivityThread.performLaunchActivity(ActivityThread.java:2924)
11-30 11:39:53.068 E/ActivityThread( 1012): 	at android.app.ActivityThread.handleLaunchActivity(ActivityThread.java:3079)
11-30 11:39:53.068 E/ActivityThread( 1012): 	at android.app.servertransaction.LaunchActivityItem.execute(LaunchActivityItem.java:78)
11-30 11:39:53.068 E/ActivityThread( 1012): 	at android.app.servertransaction.TransactionExecutor.executeCallbacks(TransactionExecutor.java:108)
11-30 11:39:53.068 E/ActivityThread( 1012): 	at android.app.servertransaction.TransactionExecutor.execute(TransactionExecutor.java:68)
11-30 11:39:53.068 E/ActivityThread( 1012): 	at android.app.ActivityThread$H.handleMessage(ActivityThread.java:1836)
11-30 11:39:53.068 E/ActivityThread( 1012): 	at android.os.Handler.dispatchMessage(Handler.java:106)
11-30 11:39:53.068 E/ActivityThread( 1012): 	at android.os.Looper.loop(Looper.java:193)
11-30 11:39:53.068 E/ActivityThread( 1012): 	at android.app.ActivityThread.main(ActivityThread.java:6702)
11-30 11:39:53.068 E/ActivityThread( 1012): 	at java.lang.reflect.Method.invoke(Native Method)
11-30 11:39:53.068 E/ActivityThread( 1012): 	at com.android.internal.os.RuntimeInit$MethodAndArgsCaller.run(RuntimeInit.java:493)
11-30 11:39:53.068 E/ActivityThread( 1012): 	at com.android.internal.os.ZygoteInit.main(ZygoteInit.java:911)
11-30 11:39:53.069 W/ActivityManager(  636): Unbind failed: could not find connection for android.os.BinderProxy@e4f0702
11-30 11:39:53.421 I/WindowManager(  636): Focus moving from Window{4470fa2 u0 com.android.settings/com.android.settings.Settings$SystemDashboardActivity} to null
11-30 11:39:53.438 I/WindowManager(  636): Relayout Window{768233c u0 com.android.settings/com.android.settings.Settings}: oldVis=8 newVis=0 focusMayChange = true
11-30 11:39:53.443 I/WindowManager(  636): Focus moving from null to Window{768233c u0 com.android.settings/com.android.settings.Settings}
11-30 11:39:53.525 E/BatteryExternalStatsWorker(  636): no controller energy info supplied for wifi
11-30 11:39:53.525 E/BatteryExternalStatsWorker(  636): no controller energy info supplied for bluetooth
11-30 11:39:53.535 E/KernelCpuSpeedReader(  636): Failed to read cpu-freq: /sys/devices/system/cpu/cpu0/cpufreq/stats/time_in_state (No such file or directory)
11-30 11:39:53.538 W/BatteryExternalStatsWorker(  636): modem info is invalid: ModemActivityInfo{ mTimestamp=0 mSleepTimeMs=0 mIdleTimeMs=0 mTxTimeMs[]=[0, 0, 0, 0, 0] mRxTimeMs=0 mEnergyUsed=0}
11-30 11:39:53.909 W/ContextImpl( 1012): Calling a method in the system process without a qualified user: android.app.ContextImpl.startService:1532 android.content.ContextWrapper.startService:664 android.app.Activity.onEnterAnimationComplete:6662 android.app.Activity.dispatchEnterAnimationComplete:6673 android.app.ActivityThread.handleEnterAnimationComplete:3275 
11-30 11:39:54.854 W/ContextImpl( 1012): Calling a method in the system process without a qualified user: android.app.ContextImpl.sendBroadcast:1006 android.content.ContextWrapper.sendBroadcast:444 android.view.View.dispatchTouchEvent:12526 android.view.ViewGroup.dispatchTransformedTouchEvent:3077 android.view.ViewGroup.dispatchTouchEvent:2727 
11-30 11:40:00.027 W/ContextImpl( 1236): Calling a method in the system process without a qualified user: android.app.ContextImpl.sendBroadcast:1006 android.content.ContextWrapper.sendBroadcast:444 com.tal.genie.launcher.service.TimeTickListener.sendOTASilentBroadcast:62 com.tal.genie.launcher.service.TimeTickListener.onTimeTickReceived:31 com.tal.genie.base_receiver.time.TimeTickManager.onTimeTickReceived:80 
11-30 11:40:00.040 W/ContextImpl( 1236): Calling a method in the system process without a qualified user: android.app.ContextImpl.sendBroadcast:1006 android.content.ContextWrapper.sendBroadcast:444 com.tal.genie.service_controldata.EyesProtectManager.sendEyesProtectorBroadcast:362 com.tal.genie.service_controldata.EyesProtectManager.eyesProtectDetector:135 com.tal.genie.launcher.service.TimeTickListener.onTimeTickReceived:34 
11-30 11:40:00.057 W/ContextImpl( 1236): Calling a method in the system process without a qualified user: android.app.ContextImpl.sendBroadcast:1006 android.content.ContextWrapper.sendBroadcast:444 com.tal.genie.lockscreen.receiver.LockScreenReceiver.sendBroadCastToVoice:180 com.tal.genie.lockscreen.receiver.LockScreenReceiver.onReceive:67 android.app.LoadedApk$ReceiverDispatcher$Args.lambda$getRunnable$0:1391 
11-30 11:40:00.617 E/storaged(  456): getDiskStats failed with result NOT_SUPPORTED and size 0
11-30 11:41:00.020 W/ContextImpl( 1236): Calling a method in the system process without a qualified user: android.app.ContextImpl.sendBroadcast:1006 android.content.ContextWrapper.sendBroadcast:444 com.tal.genie.launcher.service.TimeTickListener.sendOTASilentBroadcast:62 com.tal.genie.launcher.service.TimeTickListener.onTimeTickReceived:31 com.tal.genie.base_receiver.time.TimeTickManager.onTimeTickReceived:80 
11-30 11:41:00.032 W/ContextImpl( 1236): Calling a method in the system process without a qualified user: android.app.ContextImpl.sendBroadcast:1006 android.content.ContextWrapper.sendBroadcast:444 com.tal.genie.service_controldata.EyesProtectManager.sendEyesProtectorBroadcast:362 com.tal.genie.service_controldata.EyesProtectManager.eyesProtectDetector:135 com.tal.genie.launcher.service.TimeTickListener.onTimeTickReceived:34 
11-30 11:41:00.054 W/ContextImpl( 1236): Calling a method in the system process without a qualified user: android.app.ContextImpl.sendBroadcast:1006 android.content.ContextWrapper.sendBroadcast:444 com.tal.genie.lockscreen.receiver.LockScreenReceiver.sendBroadCastToVoice:180 com.tal.genie.lockscreen.receiver.LockScreenReceiver.onReceive:67 android.app.LoadedApk$ReceiverDispatcher$Args.lambda$getRunnable$0:1391 
11-30 11:41:00.618 E/storaged(  456): getDiskStats failed with result NOT_SUPPORTED and size 0
11-30 11:42:00.023 W/ContextImpl( 1236): Calling a method in the system process without a qualified user: android.app.ContextImpl.sendBroadcast:1006 android.content.ContextWrapper.sendBroadcast:444 com.tal.genie.launcher.service.TimeTickListener.sendOTASilentBroadcast:62 com.tal.genie.launcher.service.TimeTickListener.onTimeTickReceived:31 com.tal.genie.base_receiver.time.TimeTickManager.onTimeTickReceived:80 
11-30 11:42:00.039 W/ContextImpl( 1236): Calling a method in the system process without a qualified user: android.app.ContextImpl.sendBroadcast:1006 android.content.ContextWrapper.sendBroadcast:444 com.tal.genie.service_controldata.EyesProtectManager.sendEyesProtectorBroadcast:362 com.tal.genie.service_controldata.EyesProtectManager.eyesProtectDetector:135 com.tal.genie.launcher.service.TimeTickListener.onTimeTickReceived:34 
11-30 11:42:00.063 W/ContextImpl( 1236): Calling a method in the system process without a qualified user: android.app.ContextImpl.sendBroadcast:1006 android.content.ContextWrapper.sendBroadcast:444 com.tal.genie.lockscreen.receiver.LockScreenReceiver.sendBroadCastToVoice:180 com.tal.genie.lockscreen.receiver.LockScreenReceiver.onReceive:67 android.app.LoadedApk$ReceiverDispatcher$Args.lambda$getRunnable$0:1391 
11-30 11:42:00.619 E/storaged(  456): getDiskStats failed with result NOT_SUPPORTED and size 0
11-30 11:42:39.021 W/ContextImpl( 1236): Calling a method in the system process without a qualified user: android.app.ContextImpl.startActivity:888 android.content.ContextWrapper.startActivity:379 com.tal.genie.lockscreen.receiver.LockScreenReceiver.lockScreen:115 com.tal.genie.lockscreen.receiver.LockScreenReceiver.onReceive:49 android.app.LoadedApk$ReceiverDispatcher$Args.lambda$getRunnable$0:1391 
