10-10 08:31:48.305 I/storaged(  738): storaged_t::event: storage_info refreshed.
10-10 08:32:13.596 I/chatty  ( 1934): uid=1000(system) com.huawei.systemserver expire 16 lines
10-10 08:32:25.782 I/chatty  ( 1496): uid=1000(system) UEventObserver expire 13 lines
10-10 08:32:39.548 I/chatty  ( 1496): uid=1000(system) watchdog expire 1 line
10-10 08:32:48.307 I/storaged(  738): storaged_t::event: storage_info refreshed.
10-10 08:33:01.345 I/chatty  ( 1496): uid=1000(system) UEventObserver expire 9 lines
10-10 08:33:01.351 I/chatty  ( 1496): uid=1000(system) HwBinder:1496_5 expire 1 line
10-10 08:33:09.551 I/chatty  ( 1496): uid=1000(system) watchdog expire 2 lines
10-10 08:33:27.220 I/chatty  ( 1496): uid=1000(system) UEventObserver expire 1 line
10-10 08:33:33.668 I/chatty  ( 1934): uid=1000(system) com.huawei.systemserver expire 13 lines
10-10 08:33:40.110 I/chatty  ( 1496): uid=1000(system) Binder:1496_3 expire 7 lines
10-10 08:33:40.204 I/chatty  ( 1496): uid=1000(system) Binder:1496_8 expire 2 lines
10-10 08:33:48.308 I/storaged(  738): storaged_t::event: storage_info refreshed.
10-10 08:33:57.982 I/chatty  ( 1496): uid=1000(system) UEventObserver expire 10 lines
10-10 08:34:09.557 I/chatty  ( 1496): uid=1000(system) watchdog expire 2 lines
10-10 08:34:28.675 I/chatty  ( 1496): uid=1000(system) UEventObserver expire 14 lines
10-10 08:34:33.777 I/chatty  ( 1934): uid=1000(system) com.huawei.systemserver expire 10 lines
10-10 08:34:48.310 I/storaged(  738): storaged_t::event: storage_info refreshed.
10-10 08:35:09.564 I/chatty  ( 1496): uid=1000(system) watchdog expire 2 lines
10-10 08:35:13.823 I/chatty  ( 1934): uid=1000(system) com.huawei.systemserver expire 10 lines
10-10 08:35:48.312 I/storaged(  738): storaged_t::event: storage_info refreshed.
10-10 08:36:00.812 I/chatty  ( 1496): uid=1000(system) UEventObserver expire 12 lines
10-10 08:36:09.572 I/chatty  ( 1496): uid=1000(system) watchdog expire 2 lines
10-10 08:36:33.858 I/chatty  ( 1934): uid=1000(system) com.huawei.systemserver expire 12 lines
10-10 08:36:48.313 I/storaged(  738): storaged_t::event: storage_info refreshed.
10-10 08:37:02.266 I/chatty  ( 1496): uid=1000(system) UEventObserver expire 10 lines
10-10 08:37:09.579 I/chatty  ( 1496): uid=1000(system) watchdog expire 1 line
10-10 08:37:13.923 I/chatty  ( 1934): uid=1000(system) com.huawei.systemserver expire 11 lines
10-10 08:37:17.343 I/chatty  ( 1496): uid=1000(system) UEventObserver expire 3 lines
10-10 08:37:17.345 I/chatty  ( 1496): uid=1000(system) HwBinder:1496_5 expire 1 line
10-10 08:37:32.984 I/chatty  ( 1496): uid=1000(system) UEventObserver expire 8 lines
10-10 08:37:39.583 I/chatty  ( 1496): uid=1000(system) watchdog expire 2 lines
10-10 08:37:48.314 I/storaged(  738): storaged_t::event: storage_info refreshed.
10-10 08:38:03.709 I/chatty  ( 1496): uid=1000(system) UEventObserver expire 7 lines
10-10 08:38:08.392 I/chatty  ( 1496): uid=1000 system_server expire 1 line
10-10 08:38:13.920 I/chatty  ( 1934): uid=1000(system) com.huawei.systemserver expire 13 lines
10-10 08:38:34.427 I/chatty  ( 1496): uid=1000(system) UEventObserver expire 2 lines
10-10 08:38:39.591 I/chatty  ( 1496): uid=1000(system) watchdog expire 1 line
10-10 08:38:40.031 I/chatty  ( 1496): uid=1000(system) Binder:1496_3 expire 6 lines
10-10 08:38:40.031 I/chatty  ( 1496): uid=1000(system) Binder:1496_9 expire 1 line
10-10 08:38:40.032 I/chatty  ( 1496): uid=1000(system) Binder:1496_8 expire 3 lines
10-10 08:38:40.109 I/chatty  ( 1496): uid=1000(system) Binder:1496_3 expire 2 lines
10-10 08:38:46.626 I/chatty  ( 1496): uid=1000(system) Binder:1496_9 expire 1 line
10-10 08:38:48.316 I/storaged(  738): storaged_t::event: storage_info refreshed.
10-10 08:39:05.151 I/chatty  ( 1496): uid=1000(system) UEventObserver expire 6 lines
10-10 08:39:09.595 I/chatty  ( 1496): uid=1000(system) watchdog expire 1 line
10-10 08:39:14.033 I/chatty  ( 1934): uid=1000(system) com.huawei.systemserver expire 10 lines
10-10 08:39:35.859 I/chatty  ( 1496): uid=1000(system) UEventObserver expire 8 lines
10-10 08:39:39.598 I/chatty  ( 1496): uid=1000(system) watchdog expire 1 line
10-10 08:39:48.318 I/storaged(  738): storaged_t::event: storage_info refreshed.
10-10 08:39:52.758 I/chatty  ( 1496): uid=1000(system) Binder:1496_9 expire 1 line
10-10 08:39:54.063 I/chatty  ( 1934): uid=1000(system) com.huawei.systemserver expire 10 lines
10-10 08:40:06.586 I/chatty  ( 1496): uid=1000(system) UEventObserver expire 8 lines
10-10 08:40:09.603 I/chatty  ( 1496): uid=1000(system) watchdog expire 2 lines
10-10 08:40:37.329 I/chatty  ( 1496): uid=1000(system) UEventObserver expire 2 lines
10-10 08:40:48.319 I/storaged(  738): storaged_t::event: storage_info refreshed.
10-10 08:41:03.423 I/chatty  ( 1496): uid=1000(system) keyAppHanderThr expire 8 lines
10-10 08:41:03.441 I/chatty  ( 1496): uid=1000(system) Binder:1496_9 expire 1 line
10-10 08:41:03.464 I/chatty  ( 1496): uid=1000(system) Binder:1496_3 expire 1 line
10-10 08:41:03.467 I/chatty  ( 1934): uid=1000(system) Binder:1934_5 expire 6 lines
10-10 08:41:03.468 I/chatty  ( 1496): uid=1000(system) Binder:1496_16 expire 2 lines
10-10 08:41:03.471 I/chatty  ( 1934): uid=1000(system) Binder:1934_1 expire 3 lines
10-10 08:41:03.474 I/chatty  ( 1496): uid=1000(system) Binder:1496_5 expire 1 line
10-10 08:41:03.474 I/chatty  ( 1496): uid=1000(system) ConnectivitySer expire 1 line
10-10 08:41:03.481 I/chatty  ( 1496): uid=1000(system) Binder:1496_18 expire 1 line
10-10 08:41:03.486 I/chatty  ( 1496): uid=1000(system) Binder:1496_8 expire 1 line
10-10 08:41:03.487 I/chatty  ( 1496): uid=1000(system) Binder:1496_F expire 1 line
10-10 08:41:03.490 I/chatty  ( 1496): uid=1000(system) ConnectivitySer expire 1 line
10-10 08:41:03.491 I/chatty  ( 1496): uid=1000(system) Binder:1496_E expire 1 line
10-10 08:41:03.497 I/chatty  ( 1934): uid=1000(system) Binder:1934_7 expire 3 lines
10-10 08:41:03.499 I/chatty  ( 1496): uid=1000(system) Binder:1496_1E expire 1 line
10-10 08:41:03.502 I/chatty  ( 1934): uid=1000(system) Binder:1934_5 expire 12 lines
10-10 08:41:03.547 I/chatty  ( 1496): uid=1000(system) Binder:1496_4 expire 1 line
10-10 08:41:03.551 I/chatty  ( 1496): uid=1000(system) android.display expire 1 line
10-10 08:41:03.971 I/chatty  ( 1496): uid=1000(system) Thread-7 expire 8 lines
10-10 08:41:08.047 I/chatty  ( 1496): uid=1000(system) UEventObserver expire 6 lines
10-10 08:41:08.541 I/chatty  ( 1496): uid=1000(system) ActivityManager expire 1 line
10-10 08:41:08.541 I/chatty  ( 1496): uid=1000(system) MultiTaskManage expire 1 line
10-10 08:41:08.576 D/ActivityThread( 6582): Attach thread to application
10-10 08:41:08.711 I/chatty  ( 1496): uid=1000(system) Binder:1496_4 expire 2 lines
10-10 08:41:08.862 I/chatty  ( 1496): uid=1000(system) Binder:1496_9 expire 3 lines
10-10 08:41:08.863 I/chatty  ( 1496): uid=1000(system) Binder:1496_16 expire 1 line
10-10 08:41:08.876 I/chatty  ( 1496): uid=1000(system) android.bg expire 1 line
10-10 08:41:09.017 I/chatty  ( 1496): uid=1000(system) Binder:1496_9 expire 1 line
10-10 08:41:09.049 I/chatty  ( 1496): uid=1000(system) Binder:1496_16 expire 1 line
10-10 08:41:09.067 I/chatty  ( 1496): uid=1000(system) Binder:1496_4 expire 1 line
10-10 08:41:09.074 I/chatty  ( 1496): uid=1000(system) ActivityManager expire 1 line
10-10 08:41:09.074 I/chatty  ( 1496): uid=1000(system) MultiTaskManage expire 1 line
10-10 08:41:09.103 D/ActivityThread( 6627): Attach thread to application
10-10 08:41:09.103 I/chatty  ( 1496): uid=1000(system) Binder:1496_4 expire 2 lines
10-10 08:41:09.186 I/chatty  ( 1496): uid=1000(system) Binder:1496_16 expire 1 line
10-10 08:41:09.274 I/chatty  ( 1496): uid=1000(system) Binder:1496_7 expire 4 lines
10-10 08:41:09.278 I/chatty  ( 1934): uid=1000(system) Binder:1934_7 expire 6 lines
10-10 08:41:09.610 I/chatty  ( 1496): uid=1000(system) watchdog expire 1 line
10-10 08:41:09.672 D/HwCustConnectivityManagerImpl( 6582): isBlockNetworkRequestByNonAis, INVALID_SUBSCRIPTION_ID
10-10 08:41:09.674 I/chatty  ( 1496): uid=1000(system) Binder:1496_9 expire 3 lines
10-10 08:41:09.779 I/chatty  ( 1496): uid=1000(system) Thread-7 expire 1 line
10-10 08:41:09.966 I/chatty  ( 1496): uid=1000(system) Binder:1496_14 expire 1 line
10-10 08:41:09.979 W/SettingsEx( 2030): SettingsEx.Systemex.getString deprecated use Settings.System.getString instead ;callers=com.huawei.db.util.MmsSmsUtil.isEnableFilterUnknowSender:1512 com.android.providers.telephony.MmsSmsProvider.query:1097 android.content.ContentProvider.query:1086 
10-10 08:41:09.979 I/chatty  ( 1496): uid=1000(system) Binder:1496_7 expire 1 line
10-10 08:41:10.003 I/chatty  ( 1496): uid=1000(system) Binder:1496_9 expire 1 line
10-10 08:41:10.276 I/chatty  ( 1496): uid=1000(system) ActivityManager expire 1 line
10-10 08:41:10.300 I/chatty  ( 1496): uid=1000(system) ActivityManager expire 1 line
10-10 08:41:10.301 I/chatty  ( 1496): uid=1000(system) MultiTaskManage expire 1 line
10-10 08:41:10.334 D/ActivityThread( 6699): Attach thread to application
10-10 08:41:10.428 I/chatty  ( 1496): uid=1000(system) Binder:1496_7 expire 3 lines
10-10 08:41:10.493 I/chatty  ( 1496): uid=1000(system) Binder:1496_F expire 3 lines
10-10 08:41:10.507 I/chatty  ( 1496): uid=1000(system) Binder:1496_3 expire 2 lines
10-10 08:41:10.535 I/chatty  ( 1496): uid=1000(system) Binder:1496_16 expire 2 lines
10-10 08:41:10.991 W/SettingsEx( 2030): SettingsEx.Systemex.getString deprecated use Settings.System.getString instead ;callers=com.huawei.db.util.MmsSmsUtil.isEnableFilterUnknowSender:1512 com.android.providers.telephony.MmsSmsProvider.query:1097 android.content.ContentProvider.query:1086 
10-10 08:41:10.999 I/chatty  ( 1496): uid=1000(system) Thread-7 expire 1 line
10-10 08:41:11.013 W/SettingsEx( 2030): SettingsEx.Systemex.getString deprecated use Settings.System.getString instead ;callers=com.huawei.db.util.MmsSmsUtil.isEnableFilterUnknowSender:1512 com.android.providers.telephony.MmsSmsProvider.query:1097 android.content.ContentProvider.query:1086 
10-10 08:41:11.031 I/chatty  ( 1496): uid=1000(system) Binder:1496_16 expire 2 lines
10-10 08:41:14.095 I/chatty  ( 1934): uid=1000(system) com.huawei.systemserver expire 7 lines
10-10 08:41:14.496 I/chatty  ( 1496): uid=1000(system) ActivityManager expire 1 line
10-10 08:41:14.524 I/chatty  ( 1496): uid=1000(system) ActivityManager expire 1 line
10-10 08:41:14.527 I/chatty  ( 1496): uid=1000(system) MultiTaskManage expire 1 line
10-10 08:41:14.555 D/ActivityThread( 6721): Attach thread to application
10-10 08:41:14.674 I/chatty  ( 1496): uid=1000(system) Binder:1496_F expire 4 lines
10-10 08:41:14.747 I/chatty  ( 1934): uid=1000(system) Binder:1934_1 expire 3 lines
10-10 08:41:15.248 I/chatty  ( 1496): uid=1000(system) Thread-7 expire 1 line
10-10 08:41:19.519 I/chatty  ( 1496): uid=1000(system) Binder:1496_3 expire 1 line
10-10 08:41:30.751 I/chatty  ( 1496): uid=1000(system) ActivityManager expire 1 line
10-10 08:41:30.782 I/chatty  ( 1496): uid=1000(system) ActivityManager expire 1 line
10-10 08:41:30.783 I/chatty  ( 1496): uid=1000(system) MultiTaskManage expire 1 line
10-10 08:41:30.816 D/ActivityThread( 6743): Attach thread to application
10-10 08:41:30.929 I/chatty  ( 1496): uid=1000(system) Binder:1496_3 expire 1 line
10-10 08:41:31.018 I/chatty  ( 1496): uid=1000(system) Binder:1496_4 expire 3 lines
10-10 08:41:31.023 I/chatty  ( 1934): uid=1000(system) Binder:1934_5 expire 3 lines
10-10 08:41:31.524 I/chatty  ( 1496): uid=1000(system) Thread-7 expire 1 line
10-10 08:41:34.105 I/chatty  ( 1934): uid=1000(system) com.huawei.systemserver expire 12 lines
10-10 08:41:38.749 I/chatty  ( 1496): uid=1000(system) UEventObserver expire 10 lines
10-10 08:41:39.614 I/chatty  ( 1496): uid=1000(system) watchdog expire 1 line
10-10 08:41:48.321 I/storaged(  738): storaged_t::event: storage_info refreshed.
10-10 08:41:53.824 I/chatty  ( 1496): uid=1000(system) UEventObserver expire 2 lines
10-10 08:41:53.830 I/chatty  ( 1496): uid=1000(system) HwBinder:1496_5 expire 1 line
10-10 08:42:09.466 I/chatty  ( 1496): uid=1000(system) UEventObserver expire 6 lines
10-10 08:42:09.618 I/chatty  ( 1496): uid=1000(system) watchdog expire 1 line
10-10 08:42:34.194 I/chatty  ( 1934): uid=1000(system) com.huawei.systemserver expire 4 lines
10-10 08:42:35.046 I/chatty  ( 1496): uid=1000(system) ActivityManager expire 1 line
10-10 08:42:35.072 I/chatty  ( 1496): uid=1000(system) ActivityManager expire 1 line
10-10 08:42:35.072 I/chatty  ( 1496): uid=1000(system) MultiTaskManage expire 1 line
10-10 08:42:35.107 D/ActivityThread( 6788): Attach thread to application
10-10 08:42:35.224 I/chatty  ( 1496): uid=1000(system) Binder:1496_16 expire 4 lines
10-10 08:42:35.297 I/chatty  ( 1934): uid=1000(system) Binder:1934_5 expire 3 lines
10-10 08:42:35.801 I/chatty  ( 1496): uid=1000(system) Thread-7 expire 1 line
10-10 08:42:39.622 I/chatty  ( 1496): uid=1000(system) watchdog expire 1 line
10-10 08:42:40.181 I/chatty  ( 1496): uid=1000(system) UEventObserver expire 12 lines
10-10 08:42:48.323 I/storaged(  738): storaged_t::event: storage_info refreshed.
10-10 08:42:54.173 I/chatty  ( 1934): uid=1000(system) com.huawei.systemserver expire 8 lines
10-10 08:43:09.627 I/chatty  ( 1496): uid=1000(system) watchdog expire 1 line
10-10 08:43:21.280 I/chatty  ( 1496): uid=1000 system_server expire 1 line
10-10 08:43:21.301 I/chatty  ( 1496): uid=1000(system) Binder:1496_4 expire 3 lines
10-10 08:43:21.315 I/chatty  ( 1496): uid=1000(system) Binder:1496_16 expire 2 lines
10-10 08:43:21.315 I/chatty  ( 1496): uid=1000 system_server expire 1 line
10-10 08:43:21.326 I/chatty  ( 1496): uid=1000(system) WifiStateMachin expire 1 line
10-10 08:43:21.326 I/chatty  ( 1496): uid=1000(system) Binder:1496_7 expire 1 line
10-10 08:43:21.329 I/chatty  ( 1934): uid=1000(system) Binder:1934_7 expire 3 lines
10-10 08:43:21.333 I/chatty  ( 1496): uid=1000(system) Binder:1496_16 expire 2 lines
10-10 08:43:21.338 I/wificond(  740): Pno scan result ready event
10-10 08:43:21.339 I/chatty  ( 1496): uid=1000 system_server expire 1 line
10-10 08:43:21.341 I/chatty  ( 1496): uid=1000(system) WifiScanningSer expire 1 line
10-10 08:43:21.350 I/wificond(  740): Unexpected empty scan result!
10-10 08:43:21.359 I/chatty  ( 1496): uid=1000(system) Binder:1496_14 expire 2 lines
10-10 08:43:21.831 I/chatty  ( 1496): uid=1000(system) Thread-7 expire 1 line
10-10 08:43:21.897 W/SocketListener(  530): sending broadcast to Pid = 1496, Uid = 1000 
10-10 08:43:21.902 I/chatty  ( 1496): uid=1000(system) NetdConnector expire 4 lines
10-10 08:43:21.903 I/chatty  ( 1496): uid=1000(system) android.fg expire 2 lines
10-10 08:43:21.913 I/wificond(  740): Pno scan stopped
10-10 08:43:21.924 I/wificond(  740): Pno scan started
10-10 08:43:34.219 I/chatty  ( 1934): uid=1000(system) com.huawei.systemserver expire 12 lines
10-10 08:43:39.630 I/chatty  ( 1496): uid=1000(system) watchdog expire 1 line
10-10 08:43:40.046 I/chatty  ( 1496): uid=1000(system) Binder:1496_D expire 7 lines
10-10 08:43:40.139 I/chatty  ( 1496): uid=1000(system) Binder:1496_14 expire 1 line
10-10 08:43:41.625 I/chatty  ( 1496): uid=1000(system) UEventObserver expire 6 lines
10-10 08:43:48.324 I/storaged(  738): storaged_t::event: storage_info refreshed.
10-10 08:43:48.890 I/chatty  ( 1496): uid=1000(system) Binder:1496_D expire 2 lines
10-10 08:44:09.633 I/chatty  ( 1496): uid=1000(system) watchdog expire 1 line
10-10 08:44:12.353 I/chatty  ( 1496): uid=1000(system) UEventObserver expire 12 lines
10-10 08:44:34.318 I/chatty  ( 1934): uid=1000(system) com.huawei.systemserver expire 10 lines
10-10 08:44:39.637 I/chatty  ( 1496): uid=1000(system) watchdog expire 2 lines
10-10 08:44:48.326 I/storaged(  738): storaged_t::event: storage_info refreshed.
10-10 08:45:13.782 I/chatty  ( 1496): uid=1000(system) UEventObserver expire 8 lines
10-10 08:45:14.365 I/chatty  ( 1934): uid=1000(system) com.huawei.systemserver expire 10 lines
10-10 08:45:19.051 I/chatty  ( 1496): uid=1000(system) batterystats-wo expire 2 lines
10-10 08:45:39.644 I/chatty  ( 1496): uid=1000(system) watchdog expire 1 line
10-10 08:45:44.520 I/chatty  ( 1496): uid=1000(system) UEventObserver expire 6 lines
10-10 08:45:48.327 I/storaged(  738): storaged_t::event: storage_info refreshed.
10-10 08:45:48.328 I/storaged(  738): storaged_t::event: Pidm reported.
10-10 08:45:48.329 E/storaged(  738): pid_info get_pids failed
10-10 08:46:08.927 I/chatty  ( 1496): uid=1000 system_server expire 1 line
10-10 08:46:08.972 I/chatty  ( 1496): uid=1000 system_server expire 1 line
10-10 08:46:09.648 I/chatty  ( 1496): uid=1000(system) watchdog expire 1 line
10-10 08:46:14.394 I/chatty  ( 1934): uid=1000(system) com.huawei.systemserver expire 8 lines
10-10 08:46:15.221 I/chatty  ( 1496): uid=1000(system) UEventObserver expire 10 lines
10-10 08:46:39.652 I/chatty  ( 1496): uid=1000(system) watchdog expire 1 line
10-10 08:46:40.552 I/chatty  ( 1496): uid=1000(system) HwBinder:1496_5 expire 1 line
10-10 08:46:45.949 I/chatty  ( 1496): uid=1000(system) UEventObserver expire 6 lines
10-10 08:46:48.329 I/storaged(  738): storaged_t::event: storage_info refreshed.
10-10 08:46:51.301 I/chatty  ( 1496): uid=1000(system) ActivityManager expire 1 line
10-10 08:46:51.330 I/chatty  ( 1496): uid=1000(system) ActivityManager expire 1 line
10-10 08:46:51.331 I/chatty  ( 1496): uid=1000(system) MultiTaskManage expire 1 line
10-10 08:46:51.365 D/ActivityThread( 7273): Attach thread to application
10-10 08:46:51.374 I/chatty  ( 1496): uid=1000(system) Binder:1496_16 expire 4 lines
10-10 08:46:51.401 I/chatty  ( 1934): uid=1000(system) Binder:1934_1 expire 6 lines
10-10 08:46:51.402 I/chatty  ( 1496): uid=1000(system) Binder:1496_F expire 9 lines
10-10 08:46:51.435 I/chatty  ( 1496): uid=1000(system) Binder:1496_D expire 1 line
10-10 08:46:51.443 I/chatty  ( 1934): uid=1000(system) Binder:1934_6 expire 6 lines
10-10 08:46:51.900 I/chatty  ( 1496): uid=1000(system) Thread-7 expire 4 lines
10-10 08:46:54.432 I/chatty  ( 1934): uid=1000(system) com.huawei.systemserver expire 10 lines
10-10 08:46:56.485 I/chatty  ( 1496): uid=1000(system) ActivityManager expire 1 line
10-10 08:46:56.488 I/chatty  ( 1496): uid=1000(system) MultiTaskManage expire 1 line
10-10 08:46:56.518 D/ActivityThread( 7313): Attach thread to application
10-10 08:46:56.673 I/chatty  ( 1496): uid=1000(system) android.bg expire 1 line
10-10 08:46:56.699 I/chatty  ( 1496): uid=1000(system) Binder:1496_F expire 1 line
10-10 08:46:56.722 I/chatty  ( 1496): uid=1000(system) ActivityManager expire 1 line
10-10 08:46:56.722 I/chatty  ( 1496): uid=1000(system) MultiTaskManage expire 1 line
10-10 08:46:56.755 D/ActivityThread( 7346): Attach thread to application
10-10 08:46:56.773 I/chatty  ( 1496): uid=1000(system) Binder:1496_D expire 1 line
10-10 08:46:56.773 I/chatty  ( 1496): uid=1000(system) Binder:1496_1C expire 1 line
10-10 08:46:56.855 I/chatty  ( 1496): uid=1000(system) Binder:1496_F expire 2 lines
10-10 08:47:09.656 I/chatty  ( 1496): uid=1000(system) watchdog expire 1 line
10-10 08:47:16.687 I/chatty  ( 1496): uid=1000(system) UEventObserver expire 12 lines
10-10 08:47:39.660 I/chatty  ( 1496): uid=1000(system) watchdog expire 2 lines
10-10 08:47:48.330 I/storaged(  738): storaged_t::event: storage_info refreshed.
10-10 08:47:54.511 I/chatty  ( 1934): uid=1000(system) com.huawei.systemserver expire 11 lines
10-10 08:48:18.093 I/chatty  ( 1496): uid=1000(system) UEventObserver expire 6 lines
10-10 08:48:34.564 I/chatty  ( 1934): uid=1000(system) com.huawei.systemserver expire 11 lines
10-10 08:48:39.668 I/chatty  ( 1496): uid=1000(system) watchdog expire 1 line
10-10 08:48:40.024 I/chatty  ( 1496): uid=1000(system) Binder:1496_17 expire 3 lines
10-10 08:48:40.026 I/chatty  ( 1496): uid=1000(system) Binder:1496_F expire 2 lines
10-10 08:48:40.101 I/chatty  ( 1496): uid=1000(system) Binder:1496_17 expire 4 lines
10-10 08:48:40.121 I/chatty  ( 1496): uid=1000(system) Binder:1496_D expire 1 line
10-10 08:48:48.331 I/storaged(  738): storaged_t::event: storage_info refreshed.
10-10 08:48:48.828 I/chatty  ( 1496): uid=1000(system) UEventObserver expire 9 lines
10-10 08:48:49.297 I/chatty  ( 1496): uid=1000(system) Binder:1496_D expire 1 line
10-10 08:49:09.673 I/chatty  ( 1496): uid=1000(system) watchdog expire 1 line
10-10 08:49:19.545 I/chatty  ( 1496): uid=1000(system) UEventObserver expire 3 lines
10-10 08:49:34.598 I/chatty  ( 1934): uid=1000(system) com.huawei.systemserver expire 16 lines
10-10 08:49:36.130 W/ContextImpl( 2285): Calling a method in the system process without a qualified user: android.app.ContextImpl.sendBroadcast:1162 android.content.ContextWrapper.sendBroadcast:444 com.huawei.systemmanager.spacecleanner.autoclean.AutoCleanFragmentReceiveServer.createCheckPieceIntent:275 com.huawei.systemmanager.spacecleanner.autoclean.AutoCleanFragmentReceiveServer.sendCheckPieceMsg:268 com.huawei.systemmanager.spacecleanner.autoclean.AutoCleanFragmentReceiveServer.access$1400:36 
10-10 08:49:36.139 I/chatty  ( 1496): uid=1000(system) Binder:1496_D expire 2 lines
10-10 08:49:36.530 W/ContextImpl( 2285): Calling a method in the system process without a qualified user: android.app.ContextImpl.startService:1771 android.content.ContextWrapper.startService:664 com.huawei.systemmanager.antivirus.newengine.FreeTimeScanManager$2.run:128 android.os.Handler.handleCallback:907 android.os.Handler.dispatchMessage:105 
10-10 08:49:36.562 I/chatty  ( 1496): uid=1000(system) ActivityManager expire 1 line
10-10 08:49:36.564 I/chatty  ( 1496): uid=1000(system) MultiTaskManage expire 1 line
10-10 08:49:36.599 D/ActivityThread( 7695): Attach thread to application
10-10 08:49:36.602 I/chatty  ( 1496): uid=1000(system) Binder:1496_D expire 2 lines
10-10 08:49:36.626 I/chatty  ( 1496): uid=1000(system) Binder:1496_1E expire 1 line
10-10 08:49:36.631 I/chatty  ( 1934): uid=1000(system) Binder:1934_1 expire 6 lines
10-10 08:49:36.737 W/ContextImpl( 7695): Calling a method in the system process without a qualified user: android.app.ContextImpl.bindService:1851 android.content.ContextWrapper.bindService:698 com.huawei.library.stat.client.HsmStatProxy.bindService:276 com.huawei.library.stat.client.HsmStatProxy.access$000:34 com.huawei.library.stat.client.HsmStatProxy$1.handleMessage:67 
10-10 08:49:36.761 I/chatty  ( 1496): uid=1000(system) Binder:1496_13 expire 3 lines
10-10 08:49:36.781 W/ContextImpl( 7695): Calling a method in the system process without a qualified user: android.app.ContextImpl.bindService:1851 android.content.ContextWrapper.bindService:698 com.qihoo.qvssdk.AntivirusEngineImpl.install:85 com.qihoo.qvssdk.AntivirusProviderImpl.install:123 com.huawei.systemmanager.antivirus.newengine.AntivirusEngineManager.initIdleEngine:380 
10-10 08:49:36.819 I/chatty  ( 1496): uid=1000(system) Binder:1496_9 expire 1 line
10-10 08:49:36.824 I/chatty  ( 1934): uid=1000(system) Binder:1934_6 expire 6 lines
10-10 08:49:37.039 W/PackageParser( 7695): Ignoring duplicate uses-permissions/uses-permissions-sdk-m: android.permission.ACCESS_FINE_LOCATION in package: com.nativeapp.rcsapp at: Binary XML file line #32
10-10 08:49:37.130 I/chatty  ( 1496): uid=1000(system) Thread-7 expire 2 lines
10-10 08:49:37.194 W/PackageParser( 7695): Ignoring duplicate uses-permissions/uses-permissions-sdk-m: android.permission.READ_EXTERNAL_STORAGE in package: com.sankuai.meituan at: Binary XML file line #37
10-10 08:49:37.195 W/PackageParser( 7695): Unknown element under <manifest>: supports-gl-texture at /preload/app/Meituan/Meituan.apk Binary XML file line #61
10-10 08:49:37.195 W/PackageParser( 7695): Unknown element under <manifest>: supports-gl-texture at /preload/app/Meituan/Meituan.apk Binary XML file line #62
10-10 08:49:37.196 W/PackageParser( 7695): Unknown element under <service>: intent-filer at /preload/app/Meituan/Meituan.apk Binary XML file line #161
10-10 08:49:37.249 W/PackageParser( 7695): Unknown element under <intent-filter>: meta-data at /preload/app/Meituan/Meituan.apk Binary XML file line #5971
10-10 08:49:37.249 W/PackageParser( 7695): Unknown element under <intent-filter>: meta-data at /preload/app/Meituan/Meituan.apk Binary XML file line #5974
10-10 08:49:37.250 W/PackageParser( 7695): Unknown element under <intent-filter>: meta-data at /preload/app/Meituan/Meituan.apk Binary XML file line #5978
10-10 08:49:37.267 W/PackageParser( 7695): Unknown element under <intent-filter>: meta-data at /preload/app/Meituan/Meituan.apk Binary XML file line #7823
10-10 08:49:37.267 W/PackageParser( 7695): Unknown element under <intent-filter>: meta-data at /preload/app/Meituan/Meituan.apk Binary XML file line #7826
10-10 08:49:37.473 W/PackageParser( 7695): Ignoring duplicate uses-permissions/uses-permissions-sdk-m: android.permission.ACCESS_LOCATION_EXTRA_COMMANDS in package: com.youku.phone at: Binary XML file line #41
10-10 08:49:37.475 W/PackageParser( 7695): Unknown element under <manifest>: user-permission at /preload/app/Youku/Youku.apk Binary XML file line #93
10-10 08:49:37.475 W/PackageParser( 7695): Unknown element under <manifest>: service at /preload/app/Youku/Youku.apk Binary XML file line #97
10-10 08:49:37.475 W/PackageParser( 7695): Unknown element under <manifest>: meta-data at /preload/app/Youku/Youku.apk Binary XML file line #105
10-10 08:49:37.476 W/PackageParser( 7695): No actions in intent filter at /preload/app/Youku/Youku.apk Binary XML file line #142
10-10 08:49:37.476 W/PackageParser( 7695): No actions in intent filter at /preload/app/Youku/Youku.apk Binary XML file line #143
10-10 08:49:37.476 W/PackageParser( 7695): No actions in intent filter at /preload/app/Youku/Youku.apk Binary XML file line #144
10-10 08:49:37.476 W/PackageParser( 7695): No actions in intent filter at /preload/app/Youku/Youku.apk Binary XML file line #145
10-10 08:49:37.551 W/PackageParser( 7695): No actions in intent filter at /preload/app/Youku/Youku.apk Binary XML file line #4519
10-10 08:49:39.677 I/chatty  ( 1496): uid=1000(system) watchdog expire 1 line
10-10 08:49:47.944 W/PackageParser( 7695): Unknown element under <manifest>: user-permission at /preload/app/BaiduSearch/BaiduSearch.apk Binary XML file line #196
10-10 08:49:47.963 W/PackageParser( 7695): No actions in intent filter at /preload/app/BaiduSearch/BaiduSearch.apk Binary XML file line #1675
10-10 08:49:47.963 W/PackageParser( 7695): No actions in intent filter at /preload/app/BaiduSearch/BaiduSearch.apk Binary XML file line #1709
10-10 08:49:47.970 W/PackageParser( 7695): No actions in intent filter at /preload/app/BaiduSearch/BaiduSearch.apk Binary XML file line #2600
10-10 08:49:47.980 W/PackageParser( 7695): No actions in intent filter at /preload/app/BaiduSearch/BaiduSearch.apk Binary XML file line #3906
10-10 08:49:47.985 W/PackageParser( 7695): Unknown element under <application>: uses-permission at /preload/app/BaiduSearch/BaiduSearch.apk Binary XML file line #4677
10-10 08:49:48.332 I/storaged(  738): storaged_t::event: storage_info refreshed.
10-10 08:49:50.259 I/chatty  ( 1496): uid=1000(system) UEventObserver expire 10 lines
10-10 08:49:50.381 W/PackageParser( 7695): Ignoring duplicate uses-permissions/uses-permissions-sdk-m: android.permission.SYSTEM_ALERT_WINDOW in package: com.wuba at: Binary XML file line #40
10-10 08:49:50.383 W/PackageParser( 7695): No actions in intent filter at /preload/app/58Client/58Client.apk Binary XML file line #78
10-10 08:49:50.383 W/PackageParser( 7695): No actions in intent filter at /preload/app/58Client/58Client.apk Binary XML file line #81
10-10 08:49:50.383 W/PackageParser( 7695): No actions in intent filter at /preload/app/58Client/58Client.apk Binary XML file line #84
10-10 08:49:50.383 W/PackageParser( 7695): No actions in intent filter at /preload/app/58Client/58Client.apk Binary XML file line #87
10-10 08:49:50.383 W/PackageParser( 7695): No actions in intent filter at /preload/app/58Client/58Client.apk Binary XML file line #90
10-10 08:49:50.506 W/PackageParser( 7695): Unknown element under <manifest>: meta-data at /preload/app/QQBrowser/QQBrowser.apk Binary XML file line #634
10-10 08:49:50.507 W/PackageParser( 7695): Ignoring duplicate uses-permissions/uses-permissions-sdk-m: android.permission.READ_EXTERNAL_STORAGE in package: com.tencent.mtt at: Binary XML file line #639
10-10 08:49:59.021 W/PackageParser( 7695): No actions in intent filter at /data/app/com.tal.tiku-YWfM-VCF1ehbC-v7C4NVJg==/base.apk Binary XML file line #262
10-10 08:49:59.227 W/PackageParser( 7695): Unknown element under <manifest>: meta-data at /preload/app/Douyin/Douyin.apk Binary XML file line #80
10-10 08:49:59.344 W/PackageParser( 7695): Ignoring duplicate uses-permissions/uses-permissions-sdk-m: android.permission.ACCESS_NETWORK_STATE in package: com.jingdong.app.mall at: Binary XML file line #17
10-10 08:49:59.346 W/PackageParser( 7695): Ignoring duplicate uses-permissions/uses-permissions-sdk-m: android.permission.BLUETOOTH_ADMIN in package: com.jingdong.app.mall at: Binary XML file line #64
10-10 08:49:59.348 W/PackageParser( 7695): No actions in intent filter at /preload/app/Jingdong/Jingdong.apk Binary XML file line #108
10-10 08:50:07.629 W/PackageParser( 7695): Ignoring duplicate uses-permissions/uses-permissions-sdk-m: com.huawei.android.launcher.permission.CHANGE_BADGE in package: com.autonavi.minimap at: Binary XML file line #128
10-10 08:50:07.629 W/PackageParser( 7695): Ignoring duplicate uses-permissions/uses-permissions-sdk-m: com.huawei.authentication.HW_ACCESS_AUTH_SERVICE in package: com.autonavi.minimap at: Binary XML file line #129
10-10 08:50:07.629 W/PackageParser( 7695): Ignoring duplicate uses-permissions/uses-permissions-sdk-m: com.huawei.android.launcher.permission.READ_SETTINGS in package: com.autonavi.minimap at: Binary XML file line #130
10-10 08:50:07.630 W/PackageParser( 7695): Ignoring duplicate uses-permissions/uses-permissions-sdk-m: com.huawei.android.launcher.permission.WRITE_SETTINGS in package: com.autonavi.minimap at: Binary XML file line #131
10-10 08:50:07.809 W/PackageParser( 7695): Ignoring duplicate uses-permissions/uses-permissions-sdk-m: android.permission.KILL_BACKGROUND_PROCESSES in package: com.sina.weibo at: Binary XML file line #16
10-10 08:50:09.679 I/chatty  ( 1496): uid=1000(system) watchdog expire 1 line
10-10 08:50:13.030 W/PackageParser( 7695): Ignoring duplicate uses-permissions/uses-permissions-sdk-m: android.permission.INTERNET in package: com.smile.gifmaker at: Binary XML file line #27
10-10 08:50:13.031 W/PackageParser( 7695): Ignoring duplicate uses-permissions/uses-permissions-sdk-m: android.permission.READ_PHONE_STATE in package: com.smile.gifmaker at: Binary XML file line #28
10-10 08:50:13.031 W/PackageParser( 7695): Ignoring duplicate uses-permissions/uses-permissions-sdk-m: android.permission.ACCESS_NETWORK_STATE in package: com.smile.gifmaker at: Binary XML file line #29
10-10 08:50:13.031 W/PackageParser( 7695): Ignoring duplicate uses-permissions/uses-permissions-sdk-m: android.permission.CHANGE_WIFI_STATE in package: com.smile.gifmaker at: Binary XML file line #30
10-10 08:50:13.031 W/PackageParser( 7695): Ignoring duplicate uses-permissions/uses-permissions-sdk-m: android.permission.ACCESS_WIFI_STATE in package: com.smile.gifmaker at: Binary XML file line #31
10-10 08:50:13.031 W/PackageParser( 7695): Ignoring duplicate uses-permissions/uses-permissions-sdk-m: android.permission.WAKE_LOCK in package: com.smile.gifmaker at: Binary XML file line #32
10-10 08:50:13.031 W/PackageParser( 7695): Ignoring duplicate uses-permissions/uses-permissions-sdk-m: android.permission.RECEIVE_BOOT_COMPLETED in package: com.smile.gifmaker at: Binary XML file line #33
10-10 08:50:13.031 W/PackageParser( 7695): Ignoring duplicate uses-permissions/uses-permissions-sdk-m: android.permission.WRITE_EXTERNAL_STORAGE in package: com.smile.gifmaker at: Binary XML file line #34
10-10 08:50:13.031 W/PackageParser( 7695): Ignoring duplicate uses-permissions/uses-permissions-sdk-m: android.permission.VIBRATE in package: com.smile.gifmaker at: Binary XML file line #35
10-10 08:50:13.031 W/PackageParser( 7695): Ignoring duplicate uses-permissions/uses-permissions-sdk-m: android.permission.GET_TASKS in package: com.smile.gifmaker at: Binary XML file line #36
10-10 08:50:13.031 W/PackageParser( 7695): Ignoring duplicate uses-permissions/uses-permissions-sdk-m: android.permission.INTERNET in package: com.smile.gifmaker at: Binary XML file line #40
10-10 08:50:13.031 W/PackageParser( 7695): Ignoring duplicate uses-permissions/uses-permissions-sdk-m: android.permission.ACCESS_NETWORK_STATE in package: com.smile.gifmaker at: Binary XML file line #41
10-10 08:50:13.031 W/PackageParser( 7695): Ignoring duplicate uses-permissions/uses-permissions-sdk-m: android.permission.ACCESS_WIFI_STATE in package: com.smile.gifmaker at: Binary XML file line #42
10-10 08:50:13.031 W/PackageParser( 7695): Ignoring duplicate uses-permissions/uses-permissions-sdk-m: android.permission.READ_PHONE_STATE in package: com.smile.gifmaker at: Binary XML file line #43
10-10 08:50:13.031 W/PackageParser( 7695): Ignoring duplicate uses-permissions/uses-permissions-sdk-m: android.permission.GET_TASKS in package: com.smile.gifmaker at: Binary XML file line #44
10-10 08:50:13.031 W/PackageParser( 7695): Ignoring duplicate uses-permissions/uses-permissions-sdk-m: android.permission.VIBRATE in package: com.smile.gifmaker at: Binary XML file line #45
10-10 08:50:13.110 W/PackageParser( 7695): Ignoring duplicate uses-permissions/uses-permissions-sdk-m: android.permission.RECORD_AUDIO in package: com.baidu.haokan at: Binary XML file line #56
10-10 08:50:13.110 W/PackageParser( 7695): Ignoring duplicate uses-permissions/uses-permissions-sdk-m: com.android.launcher.permission.INSTALL_SHORTCUT in package: com.baidu.haokan at: Binary XML file line #79
10-10 08:50:13.111 W/PackageParser( 7695): Ignoring duplicate uses-permissions/uses-permissions-sdk-m: android.permission.WAKE_LOCK in package: com.baidu.haokan at: Binary XML file line #91
10-10 08:50:13.111 W/PackageParser( 7695): Unknown element under <manifest>: meta-data at /preload/app/HaokanShipin/HaokanShipin.apk Binary XML file line #123
10-10 08:50:13.112 W/PackageParser( 7695): Unknown element under <manifest>: supports-gl-texture at /preload/app/HaokanShipin/HaokanShipin.apk Binary XML file line #164
10-10 08:50:13.112 W/PackageParser( 7695): Unknown element under <manifest>: supports-gl-texture at /preload/app/HaokanShipin/HaokanShipin.apk Binary XML file line #165
10-10 08:50:13.229 W/PackageParser( 7695): Unknown element under <manifest>: meta-data at /preload/app/Taobao/Taobao.apk Binary XML file line #43
10-10 08:50:13.229 W/PackageParser( 7695): Unknown element under <manifest>: meta-data at /preload/app/Taobao/Taobao.apk Binary XML file line #44
10-10 08:50:13.230 W/PackageParser( 7695): Unknown element under <manifest>: meta-data at /preload/app/Taobao/Taobao.apk Binary XML file line #45
10-10 08:50:13.654 W/PackageParser( 7695): No actions in intent filter at /preload/app/WPS/WPS.apk Binary XML file line #4454
10-10 08:50:19.652 I/chatty  ( 1496): uid=1000(system) android.bg expire 1 line
10-10 08:50:20.969 I/chatty  ( 1496): uid=1000(system) UEventObserver expire 2 lines
10-10 08:50:25.050 I/chatty  ( 1496): uid=1000 system_server expire 2 lines
10-10 08:50:25.065 I/chatty  ( 1496): uid=1000(system) Binder:1496_9 expire 2 lines
10-10 08:50:25.081 I/chatty  ( 1496): uid=1000(system) Binder:1496_14 expire 1 line
10-10 08:50:25.087 I/chatty  ( 1496): uid=1000 system_server expire 7 lines
10-10 08:50:25.094 I/chatty  ( 1496): uid=1000(system) Binder:1496_C expire 1 line
10-10 08:50:25.095 I/chatty  ( 1496): uid=1000 system_server expire 5 lines
10-10 08:50:25.145 I/chatty  ( 1496): uid=1000(system) Binder:1496_14 expire 2 lines
10-10 08:50:26.115 D/vold    (  483): idle maintenance started
10-10 08:50:26.119 D/vold    (  483): Start GC on /sys/fs/f2fs/mmcblk0p70
10-10 08:50:27.643 I/chatty  ( 1496): uid=1000(system) Binder:1496_D expire 2 lines
10-10 08:50:27.666 I/chatty  ( 1496): uid=1000(system) Binder:1496_14 expire 2 lines
10-10 08:50:27.748 I/chatty  ( 1496): uid=1000(system) Binder:1496_D expire 3 lines
10-10 08:50:27.766 I/chatty  ( 1496): uid=1000(system) Binder:1496_14 expire 3 lines
10-10 08:50:27.863 I/chatty  ( 1496): uid=1000(system) Binder:1496_D expire 1 line
10-10 08:50:27.876 I/chatty  ( 1496): uid=1000(system) Binder:1496_14 expire 2 lines
10-10 08:50:27.924 I/chatty  ( 1496): uid=1000(system) Binder:1496_C expire 3 lines
10-10 08:50:27.944 I/chatty  ( 1496): uid=1000(system) Binder:1496_D expire 3 lines
10-10 08:50:27.991 I/chatty  ( 1496): uid=1000(system) Binder:1496_C expire 1 line
10-10 08:50:28.018 I/chatty  ( 1496): uid=1000(system) Binder:1496_14 expire 2 lines
10-10 08:50:28.051 I/chatty  ( 1496): uid=1000(system) Binder:1496_D expire 1 line
10-10 08:50:28.073 I/chatty  ( 1496): uid=1000(system) Binder:1496_B expire 2 lines
10-10 08:50:28.101 I/chatty  ( 1496): uid=1000(system) Binder:1496_14 expire 3 lines
10-10 08:50:28.145 I/chatty  ( 1496): uid=1000(system) Binder:1496_B expire 2 lines
10-10 08:50:28.203 I/chatty  ( 1496): uid=1000(system) Binder:1496_14 expire 1 line
10-10 08:50:28.214 I/chatty  ( 1496): uid=1000(system) Binder:1496_9 expire 5 lines
10-10 08:50:28.238 I/chatty  ( 1496): uid=1000(system) Binder:1496_C expire 5 lines
10-10 08:50:28.355 I/chatty  ( 1496): uid=1000(system) Binder:1496_F expire 6 lines
10-10 08:50:28.502 I/chatty  ( 1496): uid=1000(system) Binder:1496_9 expire 2 lines
10-10 08:50:28.509 I/chatty  ( 1496): uid=1000(system) Binder:1496_F expire 4 lines
10-10 08:50:28.593 I/chatty  ( 1496): uid=1000(system) Binder:1496_9 expire 3 lines
10-10 08:50:28.651 I/chatty  ( 1496): uid=1000(system) Binder:1496_F expire 1 line
10-10 08:50:28.671 I/chatty  ( 1496): uid=1000(system) Binder:1496_C expire 3 lines
10-10 08:50:31.510 I/chatty  ( 1496): uid=1000(system) Binder:1496_1B expire 2 lines
10-10 08:50:31.539 I/chatty  ( 1496): uid=1000(system) Binder:1496_F expire 2 lines
10-10 08:50:31.548 I/chatty  ( 1496): uid=1000(system) Binder:1496_1B expire 4 lines
10-10 08:50:31.621 I/chatty  ( 1496): uid=1000(system) Binder:1496_F expire 3 lines
10-10 08:50:31.667 I/chatty  ( 1496): uid=1000(system) Binder:1496_1B expire 3 lines
10-10 08:50:31.710 I/chatty  ( 1496): uid=1000(system) Binder:1496_9 expire 3 lines
10-10 08:50:31.775 I/chatty  ( 1496): uid=1000(system) Binder:1496_C expire 2 lines
10-10 08:50:31.782 I/chatty  ( 1496): uid=1000(system) Binder:1496_F expire 3 lines
10-10 08:50:31.841 I/chatty  ( 1496): uid=1000(system) Binder:1496_C expire 4 lines
10-10 08:50:31.885 I/chatty  ( 1496): uid=1000(system) Binder:1496_F expire 2 lines
10-10 08:50:31.937 I/chatty  ( 1496): uid=1000(system) Binder:1496_C expire 3 lines
10-10 08:50:31.956 I/chatty  ( 1496): uid=1000(system) Binder:1496_F expire 4 lines
10-10 08:50:32.010 I/chatty  ( 1496): uid=1000(system) Binder:1496_9 expire 4 lines
10-10 08:50:32.087 I/chatty  ( 1496): uid=1000(system) Binder:1496_F expire 3 lines
10-10 08:50:32.136 I/chatty  ( 1496): uid=1000(system) Binder:1496_9 expire 2 lines
10-10 08:50:32.162 I/chatty  ( 1496): uid=1000(system) Binder:1496_F expire 4 lines
10-10 08:50:32.221 I/chatty  ( 1496): uid=1000(system) Binder:1496_9 expire 3 lines
10-10 08:50:32.251 I/chatty  ( 1496): uid=1000(system) Binder:1496_F expire 3 lines
10-10 08:50:32.295 I/chatty  ( 1496): uid=1000(system) Binder:1496_9 expire 1 line
10-10 08:50:32.344 I/chatty  ( 1496): uid=1000(system) Binder:1496_1B expire 3 lines
10-10 08:50:32.398 I/chatty  ( 1496): uid=1000(system) Binder:1496_14 expire 3 lines
10-10 08:50:32.423 I/chatty  ( 1496): uid=1000(system) Binder:1496_1B expire 4 lines
10-10 08:50:32.462 W/ContextImpl( 7695): Calling a method in the system process without a qualified user: android.app.ContextImpl.bindService:1851 android.content.ContextWrapper.bindService:698 tmsdkobf.hj.bn:41 tmsdk.common.TMSDKContext.init:63 com.huawei.library.sdk.tmsdk.TmSdkEngine.initSdk:58 
10-10 08:50:32.508 W/ContextImpl( 7695): Calling a method in the system process without a qualified user: android.app.ContextImpl.startService:1771 android.content.ContextWrapper.startService:664 tmsdk.common.TMSDKContext.init:214 com.huawei.library.sdk.tmsdk.TmSdkEngine.initSdk:58 com.huawei.library.sdk.SdkCommUtil.lambda$initSDK$0$SdkCommUtil:17 
10-10 08:50:32.579 I/chatty  ( 1496): uid=1000(system) Binder:1496_14 expire 3 lines
10-10 08:50:39.682 I/chatty  ( 1496): uid=1000(system) watchdog expire 1 line
10-10 08:50:40.929 I/chatty  ( 1496): uid=1000(system) Binder:1496_C expire 3 lines
10-10 08:50:40.937 I/chatty  ( 1496): uid=1000(system) Binder:1496_1B expire 3 lines
10-10 08:50:41.041 I/chatty  ( 1496): uid=1000(system) Binder:1496_C expire 3 lines
10-10 08:50:41.069 I/chatty  ( 1496): uid=1000(system) Binder:1496_14 expire 4 lines
10-10 08:50:41.135 I/chatty  ( 1496): uid=1000(system) Binder:1496_C expire 4 lines
10-10 08:50:41.200 I/chatty  ( 1496): uid=1000(system) Binder:1496_1B expire 3 lines
10-10 08:50:41.236 I/chatty  ( 1496): uid=1000(system) Binder:1496_C expire 3 lines
10-10 08:50:41.275 I/chatty  ( 1496): uid=1000(system) Binder:1496_1B expire 3 lines
10-10 08:50:41.316 I/chatty  ( 1496): uid=1000(system) Binder:1496_C expire 2 lines
10-10 08:50:41.361 I/chatty  ( 1496): uid=1000(system) Binder:1496_14 expire 1 line
10-10 08:50:41.373 I/chatty  ( 1496): uid=1000(system) Binder:1496_9 expire 4 lines
10-10 08:50:41.455 I/chatty  ( 1496): uid=1000(system) Binder:1496_14 expire 3 lines
10-10 08:50:41.491 I/chatty  ( 1496): uid=1000(system) Binder:1496_D expire 5 lines
10-10 08:50:41.584 I/chatty  ( 1496): uid=1000(system) Binder:1496_14 expire 4 lines
10-10 08:50:41.637 I/chatty  ( 1496): uid=1000(system) Binder:1496_D expire 1 line
10-10 08:50:41.706 I/chatty  ( 1496): uid=1000(system) Binder:1496_14 expire 1 line
10-10 08:50:41.716 I/chatty  ( 1496): uid=1000(system) Binder:1496_9 expire 3 lines
10-10 08:50:41.767 I/chatty  ( 1496): uid=1000(system) Binder:1496_14 expire 1 line
10-10 08:50:41.823 I/chatty  ( 1496): uid=1000(system) Binder:1496_9 expire 2 lines
10-10 08:50:41.885 W/ContextImpl( 7695): Calling a method in the system process without a qualified user: android.app.ContextImpl.startService:1771 android.content.ContextWrapper.startService:664 com.huawei.systemmanager.antivirus.newengine.FreeTimeScanService.handleScanResult:327 com.huawei.systemmanager.antivirus.newengine.FreeTimeScanService.access$2600:49 com.huawei.systemmanager.antivirus.newengine.FreeTimeScanService$FreeTimeScanHandler.handleMessage:310 
10-10 08:50:41.893 I/chatty  ( 1496): uid=1000(system) Binder:1496_B expire 1 line
10-10 08:50:41.922 I/chatty  ( 1496): uid=1000(system) Binder:1496_4 expire 2 lines
10-10 08:50:41.959 I/chatty  ( 1496): uid=1000(system) Binder:1496_2 expire 1 line
10-10 08:50:42.429 I/chatty  ( 1496): uid=1000(system) Thread-7 expire 2 lines
10-10 08:50:47.008 I/chatty  ( 1496): uid=1000(system) ActivityManager expire 1 line
10-10 08:50:47.009 I/chatty  ( 1496): uid=1000(system) MultiTaskManage expire 1 line
10-10 08:50:47.045 D/ActivityThread( 7798): Attach thread to application
10-10 08:50:47.162 I/chatty  ( 1496): uid=1000(system) Binder:1496_2 expire 1 line
10-10 08:50:47.190 I/chatty  ( 1496): uid=1000(system) Binder:1496_4 expire 3 lines
10-10 08:50:47.210 I/chatty  ( 1496): uid=1000(system) Binder:1496_13 expire 1 line
10-10 08:50:47.216 I/chatty  ( 1496): uid=1000(system) ActivityManager expire 1 line
10-10 08:50:47.216 I/chatty  ( 1496): uid=1000(system) MultiTaskManage expire 1 line
10-10 08:50:47.246 D/ActivityThread( 7828): Attach thread to application
10-10 08:50:47.254 I/chatty  ( 1496): uid=1000(system) Binder:1496_2 expire 1 line
10-10 08:50:47.273 I/chatty  ( 1496): uid=1000(system) Binder:1496_1B expire 1 line
10-10 08:50:47.274 I/chatty  ( 1496): uid=1000(system) Binder:1496_20 expire 2 lines
10-10 08:50:47.276 I/chatty  ( 1934): uid=1000(system) Binder:1934_7 expire 3 lines
10-10 08:50:47.330 I/chatty  ( 1496): uid=1000(system) Binder:1496_1B expire 2 lines
10-10 08:50:47.506 I/chatty  ( 1496): uid=1000(system) Binder:1496_4 expire 2 lines
10-10 08:50:47.515 I/chatty  ( 1496): uid=1000(system) Binder:1496_1B expire 1 line
10-10 08:50:47.518 I/chatty  ( 1496): uid=1000(system) Binder:1496_20 expire 1 line
10-10 08:50:47.522 I/chatty  ( 1496): uid=1000(system) Binder:1496_1B expire 1 line
10-10 08:50:47.779 I/chatty  ( 1496): uid=1000(system) Thread-7 expire 1 line
10-10 08:50:48.332 I/storaged(  738): storaged_t::event: storage_info refreshed.
10-10 08:50:49.572 I/chatty  ( 1496): uid=1000 system_server expire 3 lines
10-10 08:50:51.696 I/chatty  ( 1496): uid=1000(system) UEventObserver expire 6 lines
10-10 08:50:54.683 I/chatty  ( 1934): uid=1000(system) com.huawei.systemserver expire 11 lines
10-10 08:51:03.456 I/chatty  ( 1496): uid=1000(system) Binder:1496_1B expire 3 lines
10-10 08:51:09.684 I/chatty  ( 1496): uid=1000(system) watchdog expire 1 line
10-10 08:51:17.026 I/chatty  ( 1496): uid=1000(system) UEventObserver expire 9 lines
10-10 08:51:17.030 I/chatty  ( 1496): uid=1000(system) HwBinder:1496_5 expire 1 line
10-10 08:51:19.539 I/chatty  ( 1496): uid=1000(system) Binder:1496_4 expire 1 line
10-10 08:51:22.407 I/chatty  ( 1496): uid=1000(system) UEventObserver expire 4 lines
10-10 08:51:39.688 I/chatty  ( 1496): uid=1000(system) watchdog expire 1 line
10-10 08:51:48.334 I/storaged(  738): storaged_t::event: storage_info refreshed.
10-10 08:51:53.142 I/chatty  ( 1496): uid=1000(system) UEventObserver expire 5 lines
10-10 08:51:54.758 I/chatty  ( 1934): uid=1000(system) com.huawei.systemserver expire 11 lines
10-10 08:51:56.731 I/chatty  ( 1496): uid=1000 system_server expire 1 line
10-10 08:51:56.769 I/chatty  ( 1496): uid=1000 system_server expire 1 line
10-10 08:52:09.690 I/chatty  ( 1496): uid=1000(system) watchdog expire 2 lines
10-10 08:52:23.864 I/chatty  ( 1496): uid=1000(system) UEventObserver expire 12 lines
10-10 08:52:34.834 I/chatty  ( 1934): uid=1000(system) com.huawei.systemserver expire 10 lines
10-10 08:52:48.336 I/storaged(  738): storaged_t::event: storage_info refreshed.
10-10 08:53:09.700 I/chatty  ( 1496): uid=1000(system) watchdog expire 1 line
10-10 08:53:16.140 D/vold    (  483): Stop GC on /sys/fs/f2fs/mmcblk0p70
10-10 08:53:16.152 D/vold    (  483): Starting trim of /splash2
10-10 08:53:16.153 I/vold    (  483): Trimmed 0 bytes on /splash2 in 0ms
10-10 08:53:16.153 D/vold    (  483): Starting trim of /data
10-10 08:53:25.292 I/chatty  ( 1496): uid=1000(system) UEventObserver expire 6 lines
10-10 08:53:25.485 I/vold    (  483): Trimmed 109277184 bytes on /data in 9320ms
10-10 08:53:25.491 D/vold    (  483): Starting trim of /cache
10-10 08:53:25.492 I/vold    (  483): Trimmed 0 bytes on /cache in 1ms
10-10 08:53:25.493 D/vold    (  483): Starting trim of none
10-10 08:53:25.493 W/vold    (  483): Failed to open none: No such file or directory
10-10 08:53:25.498 D/vold    (  483): idle maintenance completed
10-10 08:53:25.510 I/chatty  ( 1496): uid=1000(system) android.bg expire 3 lines
10-10 08:53:25.515 I/chatty  ( 1496): uid=1000 system_server expire 1 line
10-10 08:53:34.848 I/chatty  ( 1934): uid=1000(system) com.huawei.systemserver expire 12 lines
10-10 08:53:39.705 I/chatty  ( 1496): uid=1000(system) watchdog expire 1 line
10-10 08:53:40.036 I/chatty  ( 1496): uid=1000(system) Binder:1496_1B expire 7 lines
10-10 08:53:40.118 I/chatty  ( 1496): uid=1000(system) Binder:1496_4 expire 1 line
10-10 08:53:48.338 I/storaged(  738): storaged_t::event: storage_info refreshed.
10-10 08:53:49.671 I/chatty  ( 1496): uid=1000(system) Binder:1496_1B expire 1 line
10-10 08:53:56.039 I/chatty  ( 1496): uid=1000(system) UEventObserver expire 12 lines
10-10 08:54:09.709 I/chatty  ( 1496): uid=1000(system) watchdog expire 2 lines
10-10 08:54:34.956 I/chatty  ( 1934): uid=1000(system) com.huawei.systemserver expire 11 lines
10-10 08:54:48.340 I/storaged(  738): storaged_t::event: storage_info refreshed.
10-10 08:54:57.469 I/chatty  ( 1496): uid=1000(system) UEventObserver expire 12 lines
10-10 08:55:09.718 I/chatty  ( 1496): uid=1000(system) watchdog expire 2 lines
10-10 08:55:15.004 I/chatty  ( 1934): uid=1000(system) com.huawei.systemserver expire 10 lines
10-10 08:55:45.040 W/ContextImpl(21737): Calling a method in the system process without a qualified user: android.app.ContextImpl.startService:1771 android.content.ContextWrapper.startService:664 android.content.ContextWrapper.startService:664 com.android.settings.deviceinfo.UsbReceiver.startUsbService:322 com.android.settings.deviceinfo.UsbReceiver.onUsbStateReceive:168 
10-10 08:55:45.048 W/ContextImpl(21737): Calling a method in the system process without a qualified user: android.app.ContextImpl.startService:1771 android.content.ContextWrapper.startService:664 android.content.ContextWrapper.startService:664 com.android.settings.deviceinfo.UsbReceiver.startUsbService:322 com.android.settings.deviceinfo.UsbReceiver.onUsbStateReceive:231 
10-10 08:55:45.052 I/chatty  ( 1496): uid=1000(system) Binder:1496_4 expire 1 line
10-10 08:55:45.757 I/chatty  ( 1496): uid=1000(system) Binder:1496_9 expire 2 lines
10-10 08:55:48.341 I/storaged(  738): storaged_t::event: storage_info refreshed.
10-10 08:55:53.505 I/chatty  ( 1496): uid=1000(system) UEventObserver expire 11 lines
10-10 08:55:53.510 I/chatty  ( 1496): uid=1000(system) HwBinder:1496_5 expire 1 line
10-10 08:55:58.922 I/chatty  ( 1496): uid=1000(system) UEventObserver expire 1 line
10-10 08:56:09.726 I/chatty  ( 1496): uid=1000(system) watchdog expire 1 line
