12-23 15:48:58.797 W/ContextImpl( 1155): Calling a method in the system process without a qualified user: android.app.ContextImpl.sendBroadcast:1006 android.content.ContextWrapper.sendBroadcast:444 com.tal.genie.launcher.service.RemoteServiceManager.startVoiceService:106 com.tal.genie.launcher.service.RemoteServiceManager.startVoiceAction:135 com.tal.genie.launcher.service.RemoteServiceManager.startService:31 
12-23 15:48:59.537 W/ContextImpl( 1155): Calling a method in the system process without a qualified user: android.app.ContextImpl.sendBroadcast:1006 android.content.ContextWrapper.sendBroadcast:444 android.content.ContextWrapper.sendBroadcast:444 android.view.View.dispatchTouchEvent:12526 android.view.ViewGroup.dispatchTransformedTouchEvent:3077 
12-23 15:49:00.778 W/ContextImpl( 1155): Calling a method in the system process without a qualified user: android.app.ContextImpl.sendBroadcast:1006 android.content.ContextWrapper.sendBroadcast:444 android.content.ContextWrapper.sendBroadcast:444 android.view.View.dispatchTouchEvent:12526 android.view.ViewGroup.dispatchTransformedTouchEvent:3077 
12-23 15:49:00.800 W/NotificationService(  634): Toast already killed. pkg=com.tal.genie.launcher callback=android.app.ITransientNotification$Stub$Proxy@4949ff5
12-23 15:49:02.330 W/WindowManager(  634): Unable to start animation, surface is null or no children.
12-23 15:49:03.306 I/ActivityManager(  634): START u0 {cmp=com.tal.genie.launcher/.ui.main.MainActivity} from uid 1000
12-23 15:49:03.328 I/WindowManager(  634): Focus moving from Window{8ca3607 u0 com.tal.genie.launcher/com.tal.genie.launcher.ui.initializer.InitializerBindActivity} to null
12-23 15:49:03.407 W/ContextImpl(  634): Calling a method in the system process without a qualified user: android.app.ContextImpl.sendBroadcast:1006 com.android.server.audio.AudioService.setMicrophoneMuteNoCallerCheck:2539 com.android.server.audio.AudioService.setMicrophoneMute:2525 android.media.IAudioService$Stub.onTransact:236 android.os.Binder.execTransact:731 
12-23 15:49:03.427 W/ContextImpl( 1155): Calling a method in the system process without a qualified user: android.app.ContextImpl.sendBroadcast:1006 android.content.ContextWrapper.sendBroadcast:444 com.tal.genie.launcher.service.RemoteServiceManager.startVideoChatService:78 com.tal.genie.launcher.service.RemoteServiceManager.startLauncherAction:58 com.tal.genie.launcher.service.RemoteServiceManager.startService:29 
12-23 15:49:03.428 W/ContextImpl( 1155): Calling a method in the system process without a qualified user: android.app.ContextImpl.sendBroadcast:1006 android.content.ContextWrapper.sendBroadcast:444 com.tal.genie.launcher.service.RemoteServiceManager.startPushService:95 com.tal.genie.launcher.service.RemoteServiceManager.startLauncherAction:60 com.tal.genie.launcher.service.RemoteServiceManager.startService:29 
12-23 15:49:03.431 W/ContextImpl( 1155): Calling a method in the system process without a qualified user: android.app.ContextImpl.startForegroundService:1538 android.content.ContextWrapper.startForegroundService:669 com.tal.genie.launcher.service.RemoteServiceManager.startLockScreenAction:44 com.tal.genie.launcher.service.RemoteServiceManager.startLauncherAction:62 com.tal.genie.launcher.service.RemoteServiceManager.startService:29 
12-23 15:49:03.439 W/ContextImpl( 1155): Calling a method in the system process without a qualified user: android.app.ContextImpl.sendBroadcast:1006 android.content.ContextWrapper.sendBroadcast:444 com.tal.genie.push_receiver.PushSenderBindManager.sendPushBindBroadcastStatic:31 com.tal.genie.push_receiver.PushSenderManager.sendPushBindBroadcastStatic:18 com.tal.genie.launcher.ui.main.MainActivity.onPostCreate:125 
12-23 15:49:03.471 I/WindowManager(  634): Relayout Window{c28c1c7 u0 com.tal.genie.launcher/com.tal.genie.launcher.ui.main.MainActivity}: oldVis=4 newVis=0 focusMayChange = true
12-23 15:49:03.476 I/WindowManager(  634): Focus moving from null to Window{c28c1c7 u0 com.tal.genie.launcher/com.tal.genie.launcher.ui.main.MainActivity}
12-23 15:49:04.218 W/ContextImpl( 1093): Calling a method in the system process without a qualified user: android.app.ContextImpl.sendBroadcast:1006 android.content.ContextWrapper.sendBroadcast:444 com.tal100.chatsdk.TMPushListener.onReceivedRegisterId:41 com.tal100.chatsdk.TMPushManager.onRecvRegisterId:156 <bottom of call stack> 
12-23 15:49:04.267 W/ContextImpl( 1155): Calling a method in the system process without a qualified user: android.app.ContextImpl.startService:1532 android.content.ContextWrapper.startService:664 android.content.ContextWrapper.startService:664 android.app.Activity.onEnterAnimationComplete:6662 android.app.Activity.dispatchEnterAnimationComplete:6673 
12-23 15:49:04.269 W/ContextImpl( 1155): Calling a method in the system process without a qualified user: android.app.ContextImpl.startService:1532 android.content.ContextWrapper.startService:664 android.content.ContextWrapper.startService:664 android.app.Activity.onEnterAnimationComplete:6662 android.app.Activity.dispatchEnterAnimationComplete:6673 
12-23 15:49:04.728 W/ContextImpl( 1155): Calling a method in the system process without a qualified user: android.app.ContextImpl.sendBroadcast:1006 android.content.ContextWrapper.sendBroadcast:444 com.tal.genie.lockscreen.receiver.LockScreenReceiver.sendBroadCastToVoice:189 com.tal.genie.lockscreen.receiver.LockScreenListener.eyesProtect:23 com.tal.genie.service_controldata.EyesProtectManager.eyesProtectDetector:145 
12-23 15:49:06.386 W/ContextImpl( 1155): Calling a method in the system process without a qualified user: android.app.ContextImpl.sendBroadcast:1006 android.content.ContextWrapper.sendBroadcast:444 android.content.ContextWrapper.sendBroadcast:444 android.view.View.dispatchTouchEvent:12526 android.view.ViewGroup.dispatchTransformedTouchEvent:3077 
12-23 15:49:10.686 E/storaged(  453): getDiskStats failed with result NOT_SUPPORTED and size 0
12-23 15:49:10.870 W/ContextImpl( 1155): Calling a method in the system process without a qualified user: android.app.ContextImpl.sendBroadcast:1006 android.content.ContextWrapper.sendBroadcast:444 android.content.ContextWrapper.sendBroadcast:444 android.view.View.dispatchTouchEvent:12526 android.view.ViewGroup.dispatchTransformedTouchEvent:3077 
12-23 15:49:11.799 W/WindowManager(  634): removeWindowToken: Attempted to remove non-existing token: android.os.Binder@149deff
12-23 15:50:10.688 E/storaged(  453): getDiskStats failed with result NOT_SUPPORTED and size 0
12-23 15:50:15.110 W/ContextImpl( 1155): Calling a method in the system process without a qualified user: android.app.ContextImpl.startActivity:888 android.content.ContextWrapper.startActivity:379 com.tal.genie.lockscreen.receiver.LockScreenReceiver.lockScreen:117 com.tal.genie.lockscreen.receiver.LockScreenReceiver.onReceive:51 android.app.LoadedApk$ReceiverDispatcher$Args.lambda$getRunnable$0:1391 
12-23 15:50:15.110 W/ContextImpl( 1155): Calling a method in the system process without a qualified user: android.app.ContextImpl.startActivity:900 android.app.ContextImpl.startActivity:889 android.content.ContextWrapper.startActivity:379 com.tal.genie.lockscreen.receiver.LockScreenReceiver.lockScreen:117 com.tal.genie.lockscreen.receiver.LockScreenReceiver.onReceive:51 
12-23 15:50:15.111 I/ActivityManager(  634): START u0 {flg=0x10800000 cmp=com.tal.genie.launcher/com.tal.genie.lockscreen.activity.LockScreenActivity} from uid 1000
12-23 15:50:15.131 W/ContextImpl( 1155): Calling a method in the system process without a qualified user: android.app.ContextImpl.sendBroadcast:1006 android.content.ContextWrapper.sendBroadcast:444 com.tal.genie.lockscreen.utils.PushNotificationDialogManager.sendPushNotificationStatus:54 com.tal.genie.lockscreen.utils.PushNotificationDialogManager.sendPushNotificationShow:23 com.tal.genie.lockscreen.receiver.LockScreenReceiver.lockScreen:122 
12-23 15:50:15.154 I/WindowManager(  634): Focus moving from Window{c28c1c7 u0 com.tal.genie.launcher/com.tal.genie.launcher.ui.main.MainActivity} to null
12-23 15:50:15.216 W/ContextImpl( 1155): Calling a method in the system process without a qualified user: android.app.ContextImpl.startForegroundService:1538 android.content.ContextWrapper.startForegroundService:669 android.content.ContextWrapper.startForegroundService:669 com.tal.genie.lockscreen.activity.LockScreenActivity.initSevice:84 com.tal.genie.lockscreen.activity.LockScreenActivity.onCreate:77 
12-23 15:50:15.236 W/ContextImpl( 1155): Calling a method in the system process without a qualified user: android.app.ContextImpl.startService:1532 android.content.ContextWrapper.startService:664 android.content.ContextWrapper.startService:664 android.app.Activity.onEnterAnimationComplete:6662 android.app.Activity.dispatchEnterAnimationComplete:6673 
12-23 15:50:15.237 W/ContextImpl( 1155): Calling a method in the system process without a qualified user: android.app.ContextImpl.startService:1532 android.content.ContextWrapper.startService:664 android.content.ContextWrapper.startService:664 android.app.Activity.onEnterAnimationComplete:6662 android.app.Activity.dispatchEnterAnimationComplete:6673 
12-23 15:50:15.249 I/WindowManager(  634): Relayout Window{4c66336 u0 com.tal.genie.launcher/com.tal.genie.lockscreen.activity.LockScreenActivity}: oldVis=4 newVis=0 focusMayChange = true
12-23 15:50:15.254 I/WindowManager(  634): Focus moving from null to Window{4c66336 u0 com.tal.genie.launcher/com.tal.genie.lockscreen.activity.LockScreenActivity}
12-23 15:50:15.863 W/ContextImpl( 1155): Calling a method in the system process without a qualified user: android.app.ContextImpl.sendBroadcast:1006 android.content.ContextWrapper.sendBroadcast:444 android.content.ContextWrapper.sendBroadcast:444 android.view.View.dispatchTouchEvent:12526 android.view.ViewGroup.dispatchTransformedTouchEvent:3077 
12-23 15:50:16.421 W/ContextImpl( 1155): Calling a method in the system process without a qualified user: android.app.ContextImpl.sendBroadcast:1006 android.content.ContextWrapper.sendBroadcast:444 com.tal.genie.lockscreen.utils.PushNotificationDialogManager.sendPushNotificationStatus:54 com.tal.genie.lockscreen.utils.PushNotificationDialogManager.sendPushNotificationShow:23 com.tal.genie.lockscreen.activity.LockScreenActivity.onFinish:187 
12-23 15:50:16.650 I/WindowManager(  634): Focus moving from Window{4c66336 u0 com.tal.genie.launcher/com.tal.genie.lockscreen.activity.LockScreenActivity} to null
12-23 15:50:16.687 I/WindowManager(  634): Relayout Window{c28c1c7 u0 com.tal.genie.launcher/com.tal.genie.launcher.ui.main.MainActivity}: oldVis=8 newVis=0 focusMayChange = true
12-23 15:50:16.691 I/WindowManager(  634): Focus moving from null to Window{c28c1c7 u0 com.tal.genie.launcher/com.tal.genie.launcher.ui.main.MainActivity}
12-23 15:50:16.746 W/ContextImpl( 1155): Calling a method in the system process without a qualified user: android.app.ContextImpl.startService:1532 android.content.ContextWrapper.startService:664 android.content.ContextWrapper.startService:664 android.app.Activity.onEnterAnimationComplete:6662 android.app.Activity.dispatchEnterAnimationComplete:6673 
12-23 15:50:16.748 W/ContextImpl( 1155): Calling a method in the system process without a qualified user: android.app.ContextImpl.startService:1532 android.content.ContextWrapper.startService:664 android.content.ContextWrapper.startService:664 android.app.Activity.onEnterAnimationComplete:6662 android.app.Activity.dispatchEnterAnimationComplete:6673 
12-23 15:50:16.808 W/ContextImpl( 1155): Calling a method in the system process without a qualified user: android.app.ContextImpl.sendBroadcast:1006 android.content.ContextWrapper.sendBroadcast:444 com.tal.genie.lockscreen.receiver.LockScreenReceiver.sendUnlockScreenOnBroadcast:155 com.tal.genie.lockscreen.receiver.LockScreenReceiver.onReceive:47 android.app.LoadedApk$ReceiverDispatcher$Args.lambda$getRunnable$0:1391 
12-23 15:50:16.958 I/PowerManagerService(  634): Going to sleep due to power button (uid 1000)...
12-23 15:50:16.959 W/UsageStatsService(  634): Event reported without a package name
12-23 15:50:16.966 I/PowerManagerService(  634): Sleeping (uid 1000)...
12-23 15:50:16.966 I/DisplayPowerController(  634): Blocking screen off
12-23 15:50:16.967 I/DisplayPowerController(  634): Unblocked screen off after 0 ms
12-23 15:50:16.970 W/KernelCpuProcReader(  634): File not exist: /proc/uid_cpupower/concurrent_active_time
12-23 15:50:16.971 W/KernelCpuProcReader(  634): File not exist: /proc/uid_cpupower/concurrent_policy_time
12-23 15:50:16.971 E/KernelCpuSpeedReader(  634): Failed to read cpu-freq: /sys/devices/system/cpu/cpu0/cpufreq/stats/time_in_state (No such file or directory)
12-23 15:50:17.007 I/DisplayManagerService(  634): Display device changed state: "内置屏幕", OFF
12-23 15:50:17.407 I/PowerManagerService(  634): Waking up from sleep (uid=1000 reason=android.policy:POWER)...
12-23 15:50:17.409 I/DisplayPowerController(  634): Blocking screen on until initial contents have been drawn.
12-23 15:50:17.409 E/KernelCpuSpeedReader(  634): Failed to read cpu-freq: /sys/devices/system/cpu/cpu0/cpufreq/stats/time_in_state (No such file or directory)
12-23 15:50:17.438 W/UsageStatsService(  634): Event reported without a package name
12-23 15:50:17.449 I/WindowManager(  634): Waiting for drawn Window{c28c1c7 u0 com.tal.genie.launcher/com.tal.genie.launcher.ui.main.MainActivity}: removed=false visible=true mHasSurface=true drawState=1
12-23 15:50:17.451 W/BroadcastQueue(  634): Background execution not allowed: receiving Intent { act=android.intent.action.USER_PRESENT flg=0x24200010 } to com.tal.genie.launcher/com.tal.genie.lockscreen.receiver.LockScreenReceiver
12-23 15:50:17.456 I/DisplayManagerService(  634): Display device changed state: "内置屏幕", ON
12-23 15:50:17.457 I/WindowManager(  634): Waiting for drawn Window{c28c1c7 u0 com.tal.genie.launcher/com.tal.genie.launcher.ui.main.MainActivity}: removed=false visible=true mHasSurface=true drawState=1
12-23 15:50:17.461 I/chatty  (  634): uid=1000(system) android.anim identical 1 line
12-23 15:50:17.465 I/WindowManager(  634): Waiting for drawn Window{c28c1c7 u0 com.tal.genie.launcher/com.tal.genie.launcher.ui.main.MainActivity}: removed=false visible=true mHasSurface=true drawState=1
12-23 15:50:17.500 I/WindowManager(  634): Waiting for drawn Window{c28c1c7 u0 com.tal.genie.launcher/com.tal.genie.launcher.ui.main.MainActivity}: removed=false visible=true mHasSurface=true drawState=1
12-23 15:50:17.521 I/WindowManager(  634): Waiting for drawn Window{c28c1c7 u0 com.tal.genie.launcher/com.tal.genie.launcher.ui.main.MainActivity}: removed=false visible=true mHasSurface=true drawState=4
12-23 15:50:17.524 W/ContextImpl( 1155): Calling a method in the system process without a qualified user: android.app.ContextImpl.sendBroadcast:1006 android.content.ContextWrapper.sendBroadcast:444 com.tal.genie.lockscreen.receiver.LockScreenReceiver.sendUnlockScreenOnBroadcast:155 com.tal.genie.lockscreen.receiver.LockScreenReceiver.onReceive:47 android.app.LoadedApk$ReceiverDispatcher$Args.lambda$getRunnable$0:1391 
12-23 15:50:17.525 I/DisplayPowerController(  634): Unblocked screen on after 116 ms
12-23 15:50:17.792 W/PowerManagerService(  634): Screen on took 386 ms
12-23 15:50:18.604 W/ContextImpl( 1155): Calling a method in the system process without a qualified user: android.app.ContextImpl.sendBroadcast:1006 android.content.ContextWrapper.sendBroadcast:444 android.content.ContextWrapper.sendBroadcast:444 android.view.View.dispatchTouchEvent:12526 android.view.ViewGroup.dispatchTransformedTouchEvent:3083 
12-23 15:50:21.032 I/ActivityManager(  634): START u0 {dat=genie://www.tal.com/fingerSearch flg=0x10000000 cmp=com.tal.genie.voice/com.tal.genie.dicbook.cread.FingerSearchActivity} from uid 1000
12-23 15:50:21.109 W/ActivityManager(  634): Request to remove task ignored for non-existent task 7
12-23 15:50:21.114 I/WindowManager(  634): Focus moving from Window{c28c1c7 u0 com.tal.genie.launcher/com.tal.genie.launcher.ui.main.MainActivity} to null
12-23 15:50:21.691 I/WindowManager(  634): Relayout Window{ba95765 u0 com.tal.genie.voice/com.tal.genie.dicbook.cread.FingerSearchActivity}: oldVis=4 newVis=0 focusMayChange = true
12-23 15:50:21.698 I/WindowManager(  634): Focus moving from null to Window{ba95765 u0 com.tal.genie.voice/com.tal.genie.dicbook.cread.FingerSearchActivity}
12-23 15:50:24.645 E/TaskPersister(  634): File error accessing recents directory (directory doesn't exist?).
12-23 15:50:24.700 I/WindowManager(  634): Focus moving from Window{ba95765 u0 com.tal.genie.voice/com.tal.genie.dicbook.cread.FingerSearchActivity} to null
12-23 15:50:24.735 I/WindowManager(  634): Relayout Window{c28c1c7 u0 com.tal.genie.launcher/com.tal.genie.launcher.ui.main.MainActivity}: oldVis=4 newVis=0 focusMayChange = true
12-23 15:50:24.740 I/WindowManager(  634): Focus moving from null to Window{c28c1c7 u0 com.tal.genie.launcher/com.tal.genie.launcher.ui.main.MainActivity}
12-23 15:50:24.807 W/ContextImpl( 1155): Calling a method in the system process without a qualified user: android.app.ContextImpl.startService:1532 android.content.ContextWrapper.startService:664 android.content.ContextWrapper.startService:664 android.app.Activity.onEnterAnimationComplete:6662 android.app.Activity.dispatchEnterAnimationComplete:6673 
12-23 15:50:24.819 W/ContextImpl( 1155): Calling a method in the system process without a qualified user: android.app.ContextImpl.startService:1532 android.content.ContextWrapper.startService:664 android.content.ContextWrapper.startService:664 android.app.Activity.onEnterAnimationComplete:6662 android.app.Activity.dispatchEnterAnimationComplete:6673 
12-23 15:50:25.525 W/ContextImpl( 1155): Calling a method in the system process without a qualified user: android.app.ContextImpl.sendBroadcast:1006 android.content.ContextWrapper.sendBroadcast:444 android.content.ContextWrapper.sendBroadcast:444 android.view.View.dispatchTouchEvent:12526 android.view.ViewGroup.dispatchTransformedTouchEvent:3083 
12-23 15:50:27.472 W/ContextImpl( 1155): Calling a method in the system process without a qualified user: android.app.ContextImpl.sendBroadcast:1006 android.content.ContextWrapper.sendBroadcast:444 android.content.ContextWrapper.sendBroadcast:444 android.view.View.dispatchTouchEvent:12526 android.view.ViewGroup.dispatchTransformedTouchEvent:3077 
12-23 15:50:27.640 I/ActivityManager(  634): START u0 {dat=genie://www.tal.com/fingerRead flg=0x10000000 cmp=com.tal.genie.voice/com.tal.genie.dicbook.cread.ClickReadActivity} from uid 1000
12-23 15:50:27.682 I/WindowManager(  634): Focus moving from Window{c28c1c7 u0 com.tal.genie.launcher/com.tal.genie.launcher.ui.main.MainActivity} to null
12-23 15:50:27.855 I/WindowManager(  634): Relayout Window{f91bf97 u0 com.tal.genie.voice/com.tal.genie.dicbook.cread.ClickReadActivity}: oldVis=4 newVis=0 focusMayChange = true
12-23 15:50:27.860 I/WindowManager(  634): Focus moving from null to Window{f91bf97 u0 com.tal.genie.voice/com.tal.genie.dicbook.cread.ClickReadActivity}
12-23 15:50:28.989 E/TaskPersister(  634): File error accessing recents directory (directory doesn't exist?).
12-23 15:50:29.964 I/WindowManager(  634): Focus moving from Window{f91bf97 u0 com.tal.genie.voice/com.tal.genie.dicbook.cread.ClickReadActivity} to Window{c28c1c7 u0 com.tal.genie.launcher/com.tal.genie.launcher.ui.main.MainActivity}
12-23 15:50:30.028 W/ContextImpl( 1155): Calling a method in the system process without a qualified user: android.app.ContextImpl.startService:1532 android.content.ContextWrapper.startService:664 android.content.ContextWrapper.startService:664 android.app.Activity.onEnterAnimationComplete:6662 android.app.Activity.dispatchEnterAnimationComplete:6673 
12-23 15:50:33.127 E/TaskPersister(  634): File error accessing recents directory (directory doesn't exist?).
12-23 15:50:39.648 W/ContextImpl( 1155): Calling a method in the system process without a qualified user: android.app.ContextImpl.sendBroadcast:1006 android.content.ContextWrapper.sendBroadcast:444 android.content.ContextWrapper.sendBroadcast:444 android.view.View.dispatchTouchEvent:12526 android.view.ViewGroup.dispatchTransformedTouchEvent:3077 
12-23 15:50:39.746 I/ActivityManager(  634): START u0 {dat=genie://www.tal.com/fingerRead flg=0x10000000 cmp=com.tal.genie.voice/com.tal.genie.dicbook.cread.ClickReadActivity} from uid 1000
12-23 15:50:39.779 I/WindowManager(  634): Focus moving from Window{c28c1c7 u0 com.tal.genie.launcher/com.tal.genie.launcher.ui.main.MainActivity} to null
12-23 15:50:39.951 I/WindowManager(  634): Relayout Window{4be5d81 u0 com.tal.genie.voice/com.tal.genie.dicbook.cread.ClickReadActivity}: oldVis=4 newVis=0 focusMayChange = true
12-23 15:50:39.960 I/WindowManager(  634): Focus moving from null to Window{4be5d81 u0 com.tal.genie.voice/com.tal.genie.dicbook.cread.ClickReadActivity}
12-23 15:50:43.896 E/TaskPersister(  634): File error accessing recents directory (directory doesn't exist?).
12-23 15:51:10.689 E/storaged(  453): getDiskStats failed with result NOT_SUPPORTED and size 0
12-23 15:52:10.690 E/storaged(  453): getDiskStats failed with result NOT_SUPPORTED and size 0
12-23 15:53:10.691 E/storaged(  453): getDiskStats failed with result NOT_SUPPORTED and size 0
12-23 15:54:10.692 E/storaged(  453): getDiskStats failed with result NOT_SUPPORTED and size 0
12-23 15:55:10.693 E/storaged(  453): getDiskStats failed with result NOT_SUPPORTED and size 0
12-23 15:56:10.695 E/storaged(  453): getDiskStats failed with result NOT_SUPPORTED and size 0
12-23 15:57:10.696 E/storaged(  453): getDiskStats failed with result NOT_SUPPORTED and size 0
12-23 15:58:10.696 E/storaged(  453): getDiskStats failed with result NOT_SUPPORTED and size 0
12-23 15:59:10.698 E/storaged(  453): getDiskStats failed with result NOT_SUPPORTED and size 0
12-23 16:00:00.033 W/ContextImpl( 1155): Calling a method in the system process without a qualified user: android.app.ContextImpl.sendBroadcast:1006 android.content.ContextWrapper.sendBroadcast:444 com.tal.genie.base_ui.manager.ThemeManager.sendThemeChangedBroadcast:90 com.tal.genie.launcher.service.TimeTickListener.onTimeTickReceived:40 com.tal.genie.base_receiver.time.TimeTickManager.onTimeTickReceived:80 
12-23 16:00:10.702 E/storaged(  453): getDiskStats failed with result NOT_SUPPORTED and size 0
12-23 16:01:10.703 E/storaged(  453): getDiskStats failed with result NOT_SUPPORTED and size 0
12-23 16:02:10.704 E/storaged(  453): getDiskStats failed with result NOT_SUPPORTED and size 0
12-23 16:03:10.705 E/storaged(  453): getDiskStats failed with result NOT_SUPPORTED and size 0
12-23 16:04:10.708 E/storaged(  453): getDiskStats failed with result NOT_SUPPORTED and size 0
12-23 16:04:11.315 I/UsageStatsService(  634): User[0] Flushing usage stats to disk
12-23 16:04:18.871 W/BroadcastQueue(  634): Background execution not allowed: receiving Intent { act=com.android.providers.media.ACTIVATE_MEDIAPROCESS flg=0x10 } to com.android.providers.media/.MtpReceiver
12-23 16:05:10.708 E/storaged(  453): getDiskStats failed with result NOT_SUPPORTED and size 0
12-23 16:06:10.709 E/storaged(  453): getDiskStats failed with result NOT_SUPPORTED and size 0
12-23 16:07:10.710 E/storaged(  453): getDiskStats failed with result NOT_SUPPORTED and size 0
12-23 16:08:10.713 E/storaged(  453): getDiskStats failed with result NOT_SUPPORTED and size 0
12-23 16:09:10.717 E/storaged(  453): getDiskStats failed with result NOT_SUPPORTED and size 0
12-23 16:10:10.718 E/storaged(  453): getDiskStats failed with result NOT_SUPPORTED and size 0
12-23 16:10:19.859 I/NetworkStatsRecorder(  634): recordSnapshotLocked: ident[[{type=WIFI, subType=COMBINED, networkId="TAL-Device", metered=false, defaultNetwork=true}]]
12-23 16:10:19.859 W/NetworkStatsRecorder(  634): unknown interfaces [lo], ignoring those stats
12-23 16:10:19.859 I/NetworkStatsRecorder(  634): recordSnapshotLocked: ident[[{type=WIFI, subType=COMBINED, networkId="TAL-Device", metered=false, defaultNetwork=true}]]
12-23 16:10:19.859 W/NetworkStatsRecorder(  634): unknown interfaces [lo], ignoring those stats
12-23 16:10:19.860 I/NetworkStatsRecorder(  634): recordSnapshotLocked: ident[[{type=WIFI, subType=COMBINED, networkId="TAL-Device", metered=false, defaultNetwork=true}]]
12-23 16:10:19.860 I/chatty  (  634): uid=1000(system) NetworkStats identical 2 lines
12-23 16:10:19.860 I/NetworkStatsRecorder(  634): recordSnapshotLocked: ident[[{type=WIFI, subType=COMBINED, networkId="TAL-Device", metered=false, defaultNetwork=true}]]
12-23 16:10:19.860 W/NetworkStatsRecorder(  634): unknown interfaces [lo], ignoring those stats
12-23 16:10:19.860 I/NetworkStatsRecorder(  634): recordSnapshotLocked: ident[[{type=WIFI, subType=COMBINED, networkId="TAL-Device", metered=false, defaultNetwork=true}]]
12-23 16:10:19.860 I/chatty  (  634): uid=1000(system) NetworkStats identical 1 line
12-23 16:10:19.860 I/NetworkStatsRecorder(  634): recordSnapshotLocked: ident[[{type=WIFI, subType=COMBINED, networkId="TAL-Device", metered=false, defaultNetwork=true}]]
12-23 16:10:19.860 W/NetworkStatsRecorder(  634): unknown interfaces [lo], ignoring those stats
12-23 16:11:10.719 E/storaged(  453): getDiskStats failed with result NOT_SUPPORTED and size 0
12-23 16:12:10.720 E/storaged(  453): getDiskStats failed with result NOT_SUPPORTED and size 0
12-23 16:13:10.722 E/storaged(  453): getDiskStats failed with result NOT_SUPPORTED and size 0
12-23 16:13:58.754 E/BatteryExternalStatsWorker(  634): no controller energy info supplied for wifi
12-23 16:13:58.754 E/BatteryExternalStatsWorker(  634): no controller energy info supplied for bluetooth
12-23 16:13:58.754 E/BatteryExternalStatsWorker(  634): no controller energy info supplied for telephony
12-23 16:13:58.757 W/KernelCpuProcReader(  634): File not exist: /proc/uid_cpupower/concurrent_active_time
12-23 16:13:58.757 W/KernelCpuProcReader(  634): File not exist: /proc/uid_cpupower/concurrent_policy_time
12-23 16:13:58.758 E/KernelCpuSpeedReader(  634): Failed to read cpu-freq: /sys/devices/system/cpu/cpu0/cpufreq/stats/time_in_state (No such file or directory)
12-23 16:14:10.723 E/storaged(  453): getDiskStats failed with result NOT_SUPPORTED and size 0
12-23 16:14:20.076 I/NetworkStatsRecorder(  634): recordSnapshotLocked: ident[[{type=WIFI, subType=COMBINED, networkId="TAL-Device", metered=false, defaultNetwork=true}]]
12-23 16:14:20.076 W/NetworkStatsRecorder(  634): unknown interfaces [lo], ignoring those stats
12-23 16:14:20.077 I/NetworkStatsRecorder(  634): recordSnapshotLocked: ident[[{type=WIFI, subType=COMBINED, networkId="TAL-Device", metered=false, defaultNetwork=true}]]
12-23 16:14:20.077 W/NetworkStatsRecorder(  634): unknown interfaces [lo], ignoring those stats
12-23 16:14:20.077 I/NetworkStatsRecorder(  634): recordSnapshotLocked: ident[[{type=WIFI, subType=COMBINED, networkId="TAL-Device", metered=false, defaultNetwork=true}]]
12-23 16:14:20.077 I/chatty  (  634): uid=1000(system) NetworkStats identical 2 lines
12-23 16:14:20.077 I/NetworkStatsRecorder(  634): recordSnapshotLocked: ident[[{type=WIFI, subType=COMBINED, networkId="TAL-Device", metered=false, defaultNetwork=true}]]
12-23 16:14:20.077 W/NetworkStatsRecorder(  634): unknown interfaces [lo], ignoring those stats
12-23 16:14:20.077 W/NetworkStatsRecorder(  634): unknown interfaces [lo], ignoring those stats
12-23 16:14:28.067 I/ActivityManager(  634): Killing 1647:com.android.packageinstaller/u0a8 (adj 904): empty for 1805s
12-23 16:14:28.068 I/ActivityManager(  634): Killing 1622:com.android.managedprovisioning/u0a19 (adj 904): empty for 1805s
12-23 16:14:28.068 I/ActivityManager(  634): Killing 1469:com.android.gallery3d/u0a46 (adj 904): empty for 1806s
12-23 16:15:10.723 E/storaged(  453): getDiskStats failed with result NOT_SUPPORTED and size 0
12-23 16:16:10.725 E/storaged(  453): getDiskStats failed with result NOT_SUPPORTED and size 0
12-23 16:17:10.727 E/storaged(  453): getDiskStats failed with result NOT_SUPPORTED and size 0
12-23 16:18:10.728 E/storaged(  453): getDiskStats failed with result NOT_SUPPORTED and size 0
12-23 16:19:10.728 E/storaged(  453): getDiskStats failed with result NOT_SUPPORTED and size 0
12-23 16:20:10.729 E/storaged(  453): getDiskStats failed with result NOT_SUPPORTED and size 0
12-23 16:21:10.730 E/storaged(  453): getDiskStats failed with result NOT_SUPPORTED and size 0
12-23 16:22:10.731 E/storaged(  453): getDiskStats failed with result NOT_SUPPORTED and size 0
12-23 16:23:10.732 E/storaged(  453): getDiskStats failed with result NOT_SUPPORTED and size 0
12-23 16:24:10.733 E/storaged(  453): getDiskStats failed with result NOT_SUPPORTED and size 0
12-23 16:24:18.971 W/BroadcastQueue(  634): Background execution not allowed: receiving Intent { act=com.android.providers.media.ACTIVATE_MEDIAPROCESS flg=0x10 } to com.android.providers.media/.MtpReceiver
12-23 16:25:10.737 E/storaged(  453): getDiskStats failed with result NOT_SUPPORTED and size 0
12-23 16:26:10.738 E/storaged(  453): getDiskStats failed with result NOT_SUPPORTED and size 0
12-23 16:27:10.739 E/storaged(  453): getDiskStats failed with result NOT_SUPPORTED and size 0
12-23 16:28:10.740 E/storaged(  453): getDiskStats failed with result NOT_SUPPORTED and size 0
12-23 16:29:10.741 E/storaged(  453): getDiskStats failed with result NOT_SUPPORTED and size 0
12-23 16:30:10.747 E/storaged(  453): getDiskStats failed with result NOT_SUPPORTED and size 0
12-23 16:31:10.751 E/storaged(  453): getDiskStats failed with result NOT_SUPPORTED and size 0
12-23 16:32:10.760 E/storaged(  453): getDiskStats failed with result NOT_SUPPORTED and size 0
12-23 16:33:10.762 E/storaged(  453): getDiskStats failed with result NOT_SUPPORTED and size 0
12-23 16:34:10.763 E/storaged(  453): getDiskStats failed with result NOT_SUPPORTED and size 0
12-23 16:35:10.764 E/storaged(  453): getDiskStats failed with result NOT_SUPPORTED and size 0
12-23 16:36:07.420 W/ContextImpl( 1155): Calling a method in the system process without a qualified user: android.app.ContextImpl.startActivity:900 android.content.ContextWrapper.startActivity:401 com.tal.genie.launcher.ui.voice.view.VoiceCallBackImplNew.toVoiceActivity:55 com.tal.genie.launcher.ui.voice.view.VoiceCallBackImplNew.toVoiceView:44 com.tal.genie.launcher.ui.voice.view.VoiceCallBackImplNew.start:38 
12-23 16:36:07.421 I/ActivityManager(  634): START u0 {flg=0x10000000 cmp=com.tal.genie.launcher/.ui.voice.VoiceNewActivity} from uid 1000
12-23 16:36:07.460 I/WindowManager(  634): Focus moving from Window{4be5d81 u0 com.tal.genie.voice/com.tal.genie.dicbook.cread.ClickReadActivity} to null
12-23 16:36:07.676 I/WindowManager(  634): Relayout Window{1456e91 u0 com.tal.genie.launcher/com.tal.genie.launcher.ui.voice.VoiceNewActivity}: oldVis=4 newVis=0 focusMayChange = true
12-23 16:36:07.680 I/WindowManager(  634): Focus moving from null to Window{1456e91 u0 com.tal.genie.launcher/com.tal.genie.launcher.ui.voice.VoiceNewActivity}
12-23 16:36:07.731 W/ContextImpl( 1155): Calling a method in the system process without a qualified user: android.app.ContextImpl.startService:1532 android.content.ContextWrapper.startService:664 android.content.ContextWrapper.startService:664 android.app.Activity.onEnterAnimationComplete:6662 android.app.Activity.dispatchEnterAnimationComplete:6673 
12-23 16:36:07.733 W/ContextImpl( 1155): Calling a method in the system process without a qualified user: android.app.ContextImpl.startService:1532 android.content.ContextWrapper.startService:664 android.content.ContextWrapper.startService:664 android.app.Activity.onEnterAnimationComplete:6662 android.app.Activity.dispatchEnterAnimationComplete:6673 
12-23 16:36:10.765 E/storaged(  453): getDiskStats failed with result NOT_SUPPORTED and size 0
12-23 16:36:11.025 E/TaskPersister(  634): File error accessing recents directory (directory doesn't exist?).
12-23 16:36:13.812 W/ContextImpl( 1155): Calling a method in the system process without a qualified user: android.app.ContextImpl.startActivity:900 android.content.ContextWrapper.startActivity:401 com.tal.genie.launcher.ui.voice.view.VoiceCallBackImplNew.toVoiceActivity:55 com.tal.genie.launcher.ui.voice.view.VoiceCallBackImplNew.toVoiceView:44 com.tal.genie.launcher.ui.voice.view.VoiceCallBackImplNew.start:38 
12-23 16:36:13.813 I/ActivityManager(  634): START u0 {flg=0x10000000 cmp=com.tal.genie.launcher/.ui.voice.VoiceNewActivity} from uid 1000
12-23 16:36:17.954 I/WindowManager(  634): Focus moving from Window{1456e91 u0 com.tal.genie.launcher/com.tal.genie.launcher.ui.voice.VoiceNewActivity} to Window{4be5d81 u0 com.tal.genie.voice/com.tal.genie.dicbook.cread.ClickReadActivity}
12-23 16:36:21.558 E/TaskPersister(  634): File error accessing recents directory (directory doesn't exist?).
12-23 16:36:22.299 I/WindowManager(  634): Focus moving from Window{4be5d81 u0 com.tal.genie.voice/com.tal.genie.dicbook.cread.ClickReadActivity} to Window{c28c1c7 u0 com.tal.genie.launcher/com.tal.genie.launcher.ui.main.MainActivity}
12-23 16:36:22.374 W/ContextImpl( 1155): Calling a method in the system process without a qualified user: android.app.ContextImpl.startService:1532 android.content.ContextWrapper.startService:664 android.content.ContextWrapper.startService:664 android.app.Activity.onEnterAnimationComplete:6662 android.app.Activity.dispatchEnterAnimationComplete:6673 
12-23 16:36:25.559 E/TaskPersister(  634): File error accessing recents directory (directory doesn't exist?).
12-23 16:36:26.433 W/ContextImpl( 1155): Calling a method in the system process without a qualified user: android.app.ContextImpl.startActivity:900 android.content.ContextWrapper.startActivity:401 com.tal.genie.launcher.ui.voice.view.VoiceCallBackImplNew.toVoiceActivity:55 com.tal.genie.launcher.ui.voice.view.VoiceCallBackImplNew.toVoiceView:44 com.tal.genie.launcher.ui.voice.view.VoiceCallBackImplNew.start:38 
12-23 16:36:26.434 I/ActivityManager(  634): START u0 {flg=0x10000000 cmp=com.tal.genie.launcher/.ui.voice.VoiceNewActivity} from uid 1000
12-23 16:36:26.451 I/WindowManager(  634): Focus moving from Window{c28c1c7 u0 com.tal.genie.launcher/com.tal.genie.launcher.ui.main.MainActivity} to null
12-23 16:36:26.563 I/WindowManager(  634): Relayout Window{9a13ca8 u0 com.tal.genie.launcher/com.tal.genie.launcher.ui.voice.VoiceNewActivity}: oldVis=4 newVis=0 focusMayChange = true
12-23 16:36:26.567 I/WindowManager(  634): Focus moving from null to Window{9a13ca8 u0 com.tal.genie.launcher/com.tal.genie.launcher.ui.voice.VoiceNewActivity}
12-23 16:36:26.598 W/ContextImpl( 1155): Calling a method in the system process without a qualified user: android.app.ContextImpl.startService:1532 android.content.ContextWrapper.startService:664 android.content.ContextWrapper.startService:664 android.app.Activity.onEnterAnimationComplete:6662 android.app.Activity.dispatchEnterAnimationComplete:6673 
12-23 16:36:26.601 W/ContextImpl( 1155): Calling a method in the system process without a qualified user: android.app.ContextImpl.startService:1532 android.content.ContextWrapper.startService:664 android.content.ContextWrapper.startService:664 android.app.Activity.onEnterAnimationComplete:6662 android.app.Activity.dispatchEnterAnimationComplete:6673 
12-23 16:36:29.992 I/ActivityManager(  634): START u0 {flg=0x10000000 cmp=com.tal.genie.voice/com.tal.genie.dicbook.cread.ClickReadActivity} from uid 10034
12-23 16:36:30.017 I/WindowManager(  634): Focus moving from Window{9a13ca8 u0 com.tal.genie.launcher/com.tal.genie.launcher.ui.voice.VoiceNewActivity} to null
12-23 16:36:30.159 I/WindowManager(  634): Relayout Window{66e8f31 u0 com.tal.genie.voice/com.tal.genie.dicbook.cread.ClickReadActivity}: oldVis=4 newVis=0 focusMayChange = true
12-23 16:36:30.163 I/WindowManager(  634): Focus moving from null to Window{66e8f31 u0 com.tal.genie.voice/com.tal.genie.dicbook.cread.ClickReadActivity}
12-23 16:36:32.204 E/TaskPersister(  634): File error accessing recents directory (directory doesn't exist?).
12-23 16:36:35.441 I/NetworkStatsRecorder(  634): recordSnapshotLocked: ident[[{type=WIFI, subType=COMBINED, networkId="TAL-Device", metered=false, defaultNetwork=true}]]
12-23 16:36:35.441 W/NetworkStatsRecorder(  634): unknown interfaces [lo], ignoring those stats
12-23 16:36:35.441 I/NetworkStatsRecorder(  634): recordSnapshotLocked: ident[[{type=WIFI, subType=COMBINED, networkId="TAL-Device", metered=false, defaultNetwork=true}]]
12-23 16:36:35.441 W/NetworkStatsRecorder(  634): unknown interfaces [lo], ignoring those stats
12-23 16:36:35.441 I/NetworkStatsRecorder(  634): recordSnapshotLocked: ident[[{type=WIFI, subType=COMBINED, networkId="TAL-Device", metered=false, defaultNetwork=true}]]
12-23 16:36:35.442 I/chatty  (  634): uid=1000(system) NetworkStats identical 2 lines
12-23 16:36:35.442 I/NetworkStatsRecorder(  634): recordSnapshotLocked: ident[[{type=WIFI, subType=COMBINED, networkId="TAL-Device", metered=false, defaultNetwork=true}]]
12-23 16:36:35.442 W/NetworkStatsRecorder(  634): unknown interfaces [lo], ignoring those stats
12-23 16:36:35.442 W/NetworkStatsRecorder(  634): unknown interfaces [lo], ignoring those stats
12-23 16:37:10.766 E/storaged(  453): getDiskStats failed with result NOT_SUPPORTED and size 0
12-23 16:38:10.766 E/storaged(  453): getDiskStats failed with result NOT_SUPPORTED and size 0
12-23 16:39:10.767 E/storaged(  453): getDiskStats failed with result NOT_SUPPORTED and size 0
12-23 16:40:10.768 E/storaged(  453): getDiskStats failed with result NOT_SUPPORTED and size 0
12-23 16:41:10.768 E/storaged(  453): getDiskStats failed with result NOT_SUPPORTED and size 0
12-23 16:42:10.769 E/storaged(  453): getDiskStats failed with result NOT_SUPPORTED and size 0
12-23 16:43:10.769 E/storaged(  453): getDiskStats failed with result NOT_SUPPORTED and size 0
12-23 16:43:58.763 E/BatteryExternalStatsWorker(  634): no controller energy info supplied for wifi
12-23 16:43:58.763 E/BatteryExternalStatsWorker(  634): no controller energy info supplied for bluetooth
12-23 16:43:58.763 E/BatteryExternalStatsWorker(  634): no controller energy info supplied for telephony
12-23 16:43:58.765 W/KernelCpuProcReader(  634): File not exist: /proc/uid_cpupower/concurrent_active_time
12-23 16:43:58.765 W/KernelCpuProcReader(  634): File not exist: /proc/uid_cpupower/concurrent_policy_time
12-23 16:43:58.765 E/KernelCpuSpeedReader(  634): Failed to read cpu-freq: /sys/devices/system/cpu/cpu0/cpufreq/stats/time_in_state (No such file or directory)
12-23 16:44:10.770 E/storaged(  453): getDiskStats failed with result NOT_SUPPORTED and size 0
12-23 16:44:17.120 I/NetworkStatsRecorder(  634): recordSnapshotLocked: ident[[{type=WIFI, subType=COMBINED, networkId="TAL-Device", metered=false, defaultNetwork=true}]]
12-23 16:44:17.120 W/NetworkStatsRecorder(  634): unknown interfaces [lo], ignoring those stats
12-23 16:44:17.120 I/NetworkStatsRecorder(  634): recordSnapshotLocked: ident[[{type=WIFI, subType=COMBINED, networkId="TAL-Device", metered=false, defaultNetwork=true}]]
12-23 16:44:17.120 W/NetworkStatsRecorder(  634): unknown interfaces [lo], ignoring those stats
12-23 16:44:17.121 I/NetworkStatsRecorder(  634): recordSnapshotLocked: ident[[{type=WIFI, subType=COMBINED, networkId="TAL-Device", metered=false, defaultNetwork=true}]]
12-23 16:44:17.121 I/chatty  (  634): uid=1000(system) NetworkStats identical 2 lines
12-23 16:44:17.121 I/NetworkStatsRecorder(  634): recordSnapshotLocked: ident[[{type=WIFI, subType=COMBINED, networkId="TAL-Device", metered=false, defaultNetwork=true}]]
12-23 16:44:17.121 W/NetworkStatsRecorder(  634): unknown interfaces [lo], ignoring those stats
12-23 16:44:17.121 W/NetworkStatsRecorder(  634): unknown interfaces [lo], ignoring those stats
12-23 16:44:19.070 W/BroadcastQueue(  634): Background execution not allowed: receiving Intent { act=com.android.providers.media.ACTIVATE_MEDIAPROCESS flg=0x10 } to com.android.providers.media/.MtpReceiver
12-23 16:45:11.782 E/storaged(  453): getDiskStats failed with result NOT_SUPPORTED and size 0
12-23 16:46:11.782 E/storaged(  453): getDiskStats failed with result NOT_SUPPORTED and size 0
12-23 16:47:11.783 E/storaged(  453): getDiskStats failed with result NOT_SUPPORTED and size 0
12-23 16:48:11.784 E/storaged(  453): getDiskStats failed with result NOT_SUPPORTED and size 0
12-23 16:49:11.791 E/storaged(  453): getDiskStats failed with result NOT_SUPPORTED and size 0
12-23 16:50:11.791 E/storaged(  453): getDiskStats failed with result NOT_SUPPORTED and size 0
12-23 16:51:11.793 E/storaged(  453): getDiskStats failed with result NOT_SUPPORTED and size 0
12-23 16:52:11.794 E/storaged(  453): getDiskStats failed with result NOT_SUPPORTED and size 0
12-23 16:53:11.794 E/storaged(  453): getDiskStats failed with result NOT_SUPPORTED and size 0
12-23 16:54:11.795 E/storaged(  453): getDiskStats failed with result NOT_SUPPORTED and size 0
12-23 16:54:42.168 I/WindowManager(  634): Focus moving from Window{66e8f31 u0 com.tal.genie.voice/com.tal.genie.dicbook.cread.ClickReadActivity} to Window{c28c1c7 u0 com.tal.genie.launcher/com.tal.genie.launcher.ui.main.MainActivity}
12-23 16:54:42.244 W/ContextImpl( 1155): Calling a method in the system process without a qualified user: android.app.ContextImpl.startService:1532 android.content.ContextWrapper.startService:664 android.content.ContextWrapper.startService:664 android.app.Activity.onEnterAnimationComplete:6662 android.app.Activity.dispatchEnterAnimationComplete:6673 
12-23 16:54:45.368 E/TaskPersister(  634): File error accessing recents directory (directory doesn't exist?).
12-23 16:55:11.796 E/storaged(  453): getDiskStats failed with result NOT_SUPPORTED and size 0
12-23 16:55:42.258 W/ContextImpl( 1155): Calling a method in the system process without a qualified user: android.app.ContextImpl.startActivity:888 android.content.ContextWrapper.startActivity:379 com.tal.genie.lockscreen.receiver.LockScreenReceiver.lockScreen:117 com.tal.genie.lockscreen.receiver.LockScreenReceiver.onReceive:51 android.app.LoadedApk$ReceiverDispatcher$Args.lambda$getRunnable$0:1391 
12-23 16:55:42.258 W/ContextImpl( 1155): Calling a method in the system process without a qualified user: android.app.ContextImpl.startActivity:900 android.app.ContextImpl.startActivity:889 android.content.ContextWrapper.startActivity:379 com.tal.genie.lockscreen.receiver.LockScreenReceiver.lockScreen:117 com.tal.genie.lockscreen.receiver.LockScreenReceiver.onReceive:51 
12-23 16:55:42.259 I/ActivityManager(  634): START u0 {flg=0x10800000 cmp=com.tal.genie.launcher/com.tal.genie.lockscreen.activity.LockScreenActivity} from uid 1000
12-23 16:55:42.272 W/ContextImpl( 1155): Calling a method in the system process without a qualified user: android.app.ContextImpl.sendBroadcast:1006 android.content.ContextWrapper.sendBroadcast:444 com.tal.genie.lockscreen.utils.PushNotificationDialogManager.sendPushNotificationStatus:54 com.tal.genie.lockscreen.utils.PushNotificationDialogManager.sendPushNotificationShow:23 com.tal.genie.lockscreen.receiver.LockScreenReceiver.lockScreen:122 
12-23 16:55:42.289 I/WindowManager(  634): Focus moving from Window{c28c1c7 u0 com.tal.genie.launcher/com.tal.genie.launcher.ui.main.MainActivity} to null
12-23 16:55:42.347 W/ContextImpl( 1155): Calling a method in the system process without a qualified user: android.app.ContextImpl.startForegroundService:1538 android.content.ContextWrapper.startForegroundService:669 android.content.ContextWrapper.startForegroundService:669 com.tal.genie.lockscreen.activity.LockScreenActivity.initSevice:84 com.tal.genie.lockscreen.activity.LockScreenActivity.onCreate:77 
12-23 16:55:42.362 W/ContextImpl( 1155): Calling a method in the system process without a qualified user: android.app.ContextImpl.startService:1532 android.content.ContextWrapper.startService:664 android.content.ContextWrapper.startService:664 android.app.Activity.onEnterAnimationComplete:6662 android.app.Activity.dispatchEnterAnimationComplete:6673 
12-23 16:55:42.363 W/ContextImpl( 1155): Calling a method in the system process without a qualified user: android.app.ContextImpl.startService:1532 android.content.ContextWrapper.startService:664 android.content.ContextWrapper.startService:664 android.app.Activity.onEnterAnimationComplete:6662 android.app.Activity.dispatchEnterAnimationComplete:6673 
12-23 16:55:42.369 I/WindowManager(  634): Relayout Window{cee243c u0 com.tal.genie.launcher/com.tal.genie.lockscreen.activity.LockScreenActivity}: oldVis=4 newVis=0 focusMayChange = true
12-23 16:55:42.373 I/WindowManager(  634): Focus moving from null to Window{cee243c u0 com.tal.genie.launcher/com.tal.genie.lockscreen.activity.LockScreenActivity}
12-23 16:56:07.538 I/UsageStatsService(  634): User[0] Flushing usage stats to disk
12-23 16:56:11.797 E/storaged(  453): getDiskStats failed with result NOT_SUPPORTED and size 0
12-23 16:57:11.797 E/storaged(  453): getDiskStats failed with result NOT_SUPPORTED and size 0
12-23 16:58:11.798 E/storaged(  453): getDiskStats failed with result NOT_SUPPORTED and size 0
12-23 16:59:11.798 E/storaged(  453): getDiskStats failed with result NOT_SUPPORTED and size 0
12-23 17:00:11.799 E/storaged(  453): getDiskStats failed with result NOT_SUPPORTED and size 0
12-23 17:01:11.800 E/storaged(  453): getDiskStats failed with result NOT_SUPPORTED and size 0
12-23 17:02:11.801 E/storaged(  453): getDiskStats failed with result NOT_SUPPORTED and size 0
12-23 17:03:11.801 E/storaged(  453): getDiskStats failed with result NOT_SUPPORTED and size 0
12-23 17:04:11.802 E/storaged(  453): getDiskStats failed with result NOT_SUPPORTED and size 0
12-23 17:04:19.169 W/BroadcastQueue(  634): Background execution not allowed: receiving Intent { act=com.android.providers.media.ACTIVATE_MEDIAPROCESS flg=0x10 } to com.android.providers.media/.MtpReceiver
12-23 17:05:11.803 E/storaged(  453): getDiskStats failed with result NOT_SUPPORTED and size 0
12-23 17:05:42.195 I/PowerManagerService(  634): Going to sleep due to screen timeout (uid 1000)...
12-23 17:05:42.196 W/UsageStatsService(  634): Event reported without a package name
12-23 17:05:42.196 I/PowerManagerService(  634): Sleeping (uid 1000)...
12-23 17:05:42.196 I/DisplayPowerController(  634): Blocking screen off
12-23 17:05:42.196 I/DisplayPowerController(  634): Unblocked screen off after 0 ms
12-23 17:05:42.203 W/KernelCpuProcReader(  634): File not exist: /proc/uid_cpupower/concurrent_active_time
12-23 17:05:42.204 W/KernelCpuProcReader(  634): File not exist: /proc/uid_cpupower/concurrent_policy_time
12-23 17:05:42.205 E/KernelCpuSpeedReader(  634): Failed to read cpu-freq: /sys/devices/system/cpu/cpu0/cpufreq/stats/time_in_state (No such file or directory)
12-23 17:05:42.214 I/DisplayManagerService(  634): Display device changed state: "内置屏幕", OFF
12-23 17:06:11.804 E/storaged(  453): getDiskStats failed with result NOT_SUPPORTED and size 0
--------- beginning of main
12-23 17:06:52.073 E/MtkDataShapingUtils(  634): Exception openLteGateByDataShaping  in java.lang.NullPointerException: null receiver
12-23 17:06:52.073 W/System.err(  634): java.lang.NullPointerException: null receiver
12-23 17:06:52.073 W/System.err(  634): 	at java.lang.reflect.Method.invoke(Native Method)
12-23 17:06:52.073 W/System.err(  634): 	at com.mediatek.server.MtkDataShaping.openLteGateByDataShaping(MtkDataShaping.java:36)
12-23 17:06:52.073 W/System.err(  634): 	at com.android.server.AlarmManagerService.deliverAlarmsLocked(AlarmManagerService.java:3603)
12-23 17:06:52.073 W/System.err(  634): 	at com.android.server.AlarmManagerService$AlarmThread.run(AlarmManagerService.java:3781)
12-23 17:06:52.074 E/ActivityManager(  634): Sending non-protected broadcast ALARM_ACTION(1093) from system uid 1000 pkg com.tal.genie.push
12-23 17:06:52.074 E/ActivityManager(  634): java.lang.Throwable
12-23 17:06:52.074 E/ActivityManager(  634): 	at com.android.server.am.ActivityManagerService.checkBroadcastFromSystem(ActivityManagerService.java:21477)
12-23 17:06:52.074 E/ActivityManager(  634): 	at com.android.server.am.ActivityManagerService.broadcastIntentLocked(ActivityManagerService.java:22077)
12-23 17:06:52.074 E/ActivityManager(  634): 	at com.android.server.am.ActivityManagerService.broadcastIntentInPackage(ActivityManagerService.java:22256)
12-23 17:06:52.074 E/ActivityManager(  634): 	at com.android.server.am.PendingIntentRecord.sendInner(PendingIntentRecord.java:372)
12-23 17:06:52.074 E/ActivityManager(  634): 	at com.android.server.am.PendingIntentRecord.sendWithResult(PendingIntentRecord.java:245)
12-23 17:06:52.074 E/ActivityManager(  634): 	at com.android.server.am.ActivityManagerService.sendIntentSender(ActivityManagerService.java:8613)
12-23 17:06:52.074 E/ActivityManager(  634): 	at android.app.PendingIntent.sendAndReturnResult(PendingIntent.java:892)
12-23 17:06:52.074 E/ActivityManager(  634): 	at android.app.PendingIntent.send(PendingIntent.java:874)
12-23 17:06:52.074 E/ActivityManager(  634): 	at com.android.server.AlarmManagerService$DeliveryTracker.deliverLocked(AlarmManagerService.java:4387)
12-23 17:06:52.074 E/ActivityManager(  634): 	at com.android.server.AlarmManagerService.deliverAlarmsLocked(AlarmManagerService.java:3632)
12-23 17:06:52.074 E/ActivityManager(  634): 	at com.android.server.AlarmManagerService$AlarmThread.run(AlarmManagerService.java:3781)
12-23 17:06:52.083 W/AES     (  634): Exception Log handling...
12-23 17:06:52.084 W/AES     (  634): skip for Exp level 0
12-23 17:06:52.669 I/native  ( 1100): I20211223 17:06:52.669787  1229 torch_asr_decoder.cc:326] Endpoint is detected at 515
12-23 17:06:53.145 I/test    ( 1300): [ (UpdateManager.java:27)#update ] check code:159 name 1.0.0 12-23 11:09:07 release isRelease=false
