11-17 11:39:30.595 W/ContextImpl(  953): Calling a method in the system process without a qualified user: android.app.ContextImpl.startService:1532 android.content.ContextWrapper.startService:664 android.content.ContextWrapper.startService:664 com.android.internal.policy.DecorView.dispatchTouchEvent:418 android.view.View.dispatchPointerEvent:12808 
11-17 11:39:30.648 I/chatty  (  953): uid=1000(system) com.android.settings identical 2 lines
11-17 11:39:30.667 W/ContextImpl(  953): Calling a method in the system process without a qualified user: android.app.ContextImpl.startService:1532 android.content.ContextWrapper.startService:664 android.content.ContextWrapper.startService:664 com.android.internal.policy.DecorView.dispatchTouchEvent:418 android.view.View.dispatchPointerEvent:12808 
11-17 11:39:30.683 V/WindowManager(  629): Changing focus from Window{a5f6b87 u0 com.android.settings/com.android.settings.SubSettings} to Window{bbd094a u0 com.android.systemui} Callers=com.android.server.wm.WindowManagerService.addWindow:1519 com.android.server.wm.Session.addToDisplay:205 android.view.IWindowSession$Stub.onTransact:129 com.android.server.wm.Session.onTransact:164 
11-17 11:39:30.683 W/ContextImpl(  953): Calling a method in the system process without a qualified user: android.app.ContextImpl.startService:1532 android.content.ContextWrapper.startService:664 android.content.ContextWrapper.startService:664 com.android.internal.policy.DecorView.dispatchTouchEvent:418 android.view.View.dispatchPointerEvent:12808 
11-17 11:39:30.683 D/WindowManager(  629): Input focus has changed to Window{bbd094a u0 com.android.systemui}
11-17 11:39:30.684 I/WindowManager(  629): Focus moving from Window{a5f6b87 u0 com.android.settings/com.android.settings.SubSettings} to Window{bbd094a u0 com.android.systemui}
11-17 11:39:30.691 V/WindowManager(  629): Changing focus from Window{bbd094a u0 com.android.systemui} to Window{fa01131 u0 com.android.systemui} Callers=com.android.server.wm.WindowManagerService.addWindow:1519 com.android.server.wm.Session.addToDisplay:205 android.view.IWindowSession$Stub.onTransact:129 com.android.server.wm.Session.onTransact:164 
11-17 11:39:30.691 D/WindowManager(  629): Input focus has changed to Window{fa01131 u0 com.android.systemui}
11-17 11:39:30.692 I/WindowManager(  629): Focus moving from Window{bbd094a u0 com.android.systemui} to Window{fa01131 u0 com.android.systemui}
11-17 11:39:30.701 W/ContextImpl(  953): Calling a method in the system process without a qualified user: android.app.ContextImpl.startService:1532 android.content.ContextWrapper.startService:664 android.content.ContextWrapper.startService:664 com.android.internal.policy.DecorView.dispatchTouchEvent:418 android.view.View.dispatchPointerEvent:12808 
11-17 11:39:30.772 I/chatty  (  953): uid=1000(system) com.android.settings identical 4 lines
11-17 11:39:30.785 W/ContextImpl(  953): Calling a method in the system process without a qualified user: android.app.ContextImpl.startService:1532 android.content.ContextWrapper.startService:664 android.content.ContextWrapper.startService:664 com.android.internal.policy.DecorView.dispatchTouchEvent:418 android.view.View.dispatchPointerEvent:12808 
11-17 11:39:30.786 I/WindowManager(  629): Losing delayed focus: Window{a5f6b87 u0 com.android.settings/com.android.settings.SubSettings}
11-17 11:39:30.786 I/WindowManager(  629): Losing delayed focus: Window{bbd094a u0 com.android.systemui}
11-17 11:39:30.793 W/ContextImpl(  953): Calling a method in the system process without a qualified user: android.app.ContextImpl.startService:1532 android.content.ContextWrapper.startService:664 android.content.ContextWrapper.startService:664 com.android.internal.policy.DecorView.dispatchTouchEvent:418 android.view.View.dispatchPointerEvent:12808 
11-17 11:39:33.170 I/ActivityManager(  629): START u0 {flg=0x30000000 cmp=com.example.myapplication2/.MainActivity} from uid 10023
11-17 11:39:33.193 V/WindowManager(  629): Set focused app to: AppWindowToken{889da7c token=Token{206ad6f ActivityRecord{185f84e u0 com.example.myapplication2/.MainActivity t15}}} old focus=AppWindowToken{2aa7a31 token=Token{34dd6d8 ActivityRecord{7db1bb u0 com.android.settings/.SubSettings t16}}} moveFocusNow=true
11-17 11:39:33.233 I/WindowManager(  629): Relayout Window{b489574 u0 com.example.myapplication2/com.example.myapplication2.MainActivity}: oldVis=8 newVis=0 focusMayChange = true
11-17 11:39:33.239 V/WindowManager(  629): Remove Window{fa01131 u0 com.android.systemui} client=18db0bb, surfaceController=Surface(name=)/@0x4efe120 Callers=com.android.server.wm.WindowState.removeIfPossible:1966 com.android.server.wm.WindowManagerService.removeWindow:1679 com.android.server.wm.Session.remove:226 android.view.IWindowSession$Stub.onTransact:261 com.android.server.wm.Session.onTransact:164 
11-17 11:39:33.241 V/WindowManager(  629): Changing focus from Window{fa01131 u0 com.android.systemui} to Window{b489574 u0 com.example.myapplication2/com.example.myapplication2.MainActivity} Callers=com.android.server.wm.RootWindowContainer.performSurfacePlacement:568 com.android.server.wm.WindowSurfacePlacer.performSurfacePlacementLoop:207 com.android.server.wm.WindowSurfacePlacer.performSurfacePlacement:155 com.android.server.wm.WindowSurfacePlacer.performSurfacePlacement:145 
11-17 11:39:33.241 D/WindowManager(  629): Input focus has changed to Window{b489574 u0 com.example.myapplication2/com.example.myapplication2.MainActivity}
11-17 11:39:33.245 I/WindowManager(  629): Focus moving from Window{fa01131 u0 com.android.systemui} to Window{b489574 u0 com.example.myapplication2/com.example.myapplication2.MainActivity}
11-17 11:39:33.353 I/WindowManager(  629): Losing delayed focus: Window{fa01131 u0 com.android.systemui}
11-17 11:39:34.427 I/ActivityManager(  629): START u0 {flg=0x4000000 cmp=com.tal.genie.launcher/.ui.main.MainActivity} from uid 10026
11-17 11:39:34.511 D/DisplayManagerService(  629): Display listener for pid 2234 died.
11-17 11:39:34.512 I/ActivityManager(  629): Process com.example.myapplication2 (pid 2234) has died: fore TOP 
11-17 11:39:34.512 W/ActivityManager(  629): Force removing ActivityRecord{185f84e u0 com.example.myapplication2/.MainActivity t15}: app died, no saved state
11-17 11:39:34.512 I/WindowManager(  629): WIN DEATH: Window{b489574 u0 com.example.myapplication2/com.example.myapplication2.MainActivity}
11-17 11:39:34.513 V/WindowManager(  629): Remove Window{b489574 u0 com.example.myapplication2/com.example.myapplication2.MainActivity} client=a201947, surfaceController=Surface(name=com.example.myapplication2/com.example.myapplication2.MainActivity)/@0x6710614 Callers=com.android.server.wm.WindowState.access$300:219 com.android.server.wm.WindowState$DeathRecipient.binderDied:2460 android.os.BinderProxy.sendDeathNotice:1195 <bottom of call stack> <bottom of call stack> 
11-17 11:39:34.515 V/WindowManager(  629): Changing focus from Window{b489574 u0 com.example.myapplication2/com.example.myapplication2.MainActivity} to null Callers=com.android.server.wm.RootWindowContainer.performSurfacePlacement:568 com.android.server.wm.WindowSurfacePlacer.performSurfacePlacementLoop:207 com.android.server.wm.WindowSurfacePlacer.performSurfacePlacement:155 com.android.server.wm.WindowSurfacePlacer.performSurfacePlacement:145 
11-17 11:39:34.515 D/WindowManager(  629): Input focus has changed to null
11-17 11:39:34.519 I/WindowManager(  629): WIN DEATH: Window{76b794e u0 Toast}
11-17 11:39:34.525 I/WindowManager(  629): Focus moving from Window{b489574 u0 com.example.myapplication2/com.example.myapplication2.MainActivity} to null
11-17 11:39:34.527 V/WindowManager(  629): Removing focused app token:AppWindowToken{889da7c token=Token{206ad6f ActivityRecord{185f84e u0 com.example.myapplication2/.MainActivity t15}}}
11-17 11:39:34.533 V/WindowManager(  629): Set focused app to: AppWindowToken{bb35156 token=Token{106af71 ActivityRecord{dd09918 u0 com.tal.genie.launcher/.ui.main.MainActivity t2}}} old focus=null moveFocusNow=true
11-17 11:39:34.568 W/ContextImpl( 1216): Calling a method in the system process without a qualified user: android.app.ContextImpl.startService:1532 android.content.ContextWrapper.startService:664 android.content.ContextWrapper.startService:664 android.app.Activity.onPostResume:1391 androidx.fragment.app.FragmentActivity.onPostResume:446 
11-17 11:39:34.588 I/WindowManager(  629): Relayout Window{a61763a u0 com.tal.genie.launcher/com.tal.genie.launcher.ui.main.MainActivity}: oldVis=4 newVis=0 focusMayChange = true
11-17 11:39:34.596 V/WindowManager(  629): Changing focus from null to Window{a61763a u0 com.tal.genie.launcher/com.tal.genie.launcher.ui.main.MainActivity} Callers=com.android.server.wm.WindowManagerService.relayoutWindow:2142 com.android.server.wm.Session.relayout:244 android.view.IWindowSession$Stub.onTransact:309 com.android.server.wm.Session.onTransact:164 
11-17 11:39:34.597 D/WindowManager(  629): Input focus has changed to Window{a61763a u0 com.tal.genie.launcher/com.tal.genie.launcher.ui.main.MainActivity}
11-17 11:39:34.600 I/WindowManager(  629): Focus moving from null to Window{a61763a u0 com.tal.genie.launcher/com.tal.genie.launcher.ui.main.MainActivity}
11-17 11:39:35.070 W/ActivityManager(  629): setHasOverlayUi called on unknown pid: 2234
11-17 11:39:36.099 W/ContextImpl( 1216): Calling a method in the system process without a qualified user: android.app.ContextImpl.sendBroadcast:1006 android.content.ContextWrapper.sendBroadcast:444 android.content.ContextWrapper.sendBroadcast:444 android.view.View.dispatchTouchEvent:12526 android.view.ViewGroup.dispatchTransformedTouchEvent:3083 
11-17 11:39:36.188 V/SettingsProvider(  629): packageValueForCallResult, name = sound_effects_enabled, value : Bundle[{_track_generation=android.util.MemoryIntArray@68, value=1, _generation_index=2, _generation=1}]
11-17 11:39:36.197 I/ActivityManager(  629): START u0 {dat=genie://www.tal.com/fingerRead flg=0x10000000 cmp=com.tal.genie.voice/com.tal.genie.dicbook.cread.ClickReadActivity} from uid 1000
11-17 11:39:36.242 V/WindowManager(  629): Set focused app to: AppWindowToken{cd1b6ae token=Token{5a47329 ActivityRecord{2b0b8b0 u0 com.tal.genie.voice/com.tal.genie.dicbook.cread.ClickReadActivity t19}}} old focus=AppWindowToken{bb35156 token=Token{106af71 ActivityRecord{dd09918 u0 com.tal.genie.launcher/.ui.main.MainActivity t2}}} moveFocusNow=true
11-17 11:39:36.242 V/WindowManager(  629): findFocusedWindow: Reached focused app=AppWindowToken{cd1b6ae token=Token{5a47329 ActivityRecord{2b0b8b0 u0 com.tal.genie.voice/com.tal.genie.dicbook.cread.ClickReadActivity t19}}}
11-17 11:39:36.243 V/WindowManager(  629): Changing focus from Window{a61763a u0 com.tal.genie.launcher/com.tal.genie.launcher.ui.main.MainActivity} to null Callers=com.android.server.wm.WindowManagerService.setFocusedApp:2638 com.android.server.am.ActivityManagerService.setResumedActivityUncheckLocked:3631 com.android.server.am.ActivityStack.onActivityStateChanged:498 com.android.server.am.TaskRecord.onActivityStateChanged:1794 
11-17 11:39:36.243 D/WindowManager(  629): Input focus has changed to null
11-17 11:39:36.243 I/WindowManager(  629): Focus moving from Window{a61763a u0 com.tal.genie.launcher/com.tal.genie.launcher.ui.main.MainActivity} to null
11-17 11:39:36.244 W/ActivityManager(  629): Request to remove task ignored for non-existent task 18
11-17 11:39:36.422 I/WindowManager(  629): Relayout Window{7a12647 u0 com.tal.genie.voice/com.tal.genie.dicbook.cread.ClickReadActivity}: oldVis=4 newVis=0 focusMayChange = true
11-17 11:39:36.427 V/WindowManager(  629): Changing focus from null to Window{7a12647 u0 com.tal.genie.voice/com.tal.genie.dicbook.cread.ClickReadActivity} Callers=com.android.server.wm.WindowManagerService.relayoutWindow:2142 com.android.server.wm.Session.relayout:244 android.view.IWindowSession$Stub.onTransact:309 com.android.server.wm.Session.onTransact:164 
11-17 11:39:36.427 D/WindowManager(  629): Input focus has changed to Window{7a12647 u0 com.tal.genie.voice/com.tal.genie.dicbook.cread.ClickReadActivity}
11-17 11:39:36.428 I/WindowManager(  629): Focus moving from null to Window{7a12647 u0 com.tal.genie.voice/com.tal.genie.dicbook.cread.ClickReadActivity}
11-17 11:39:36.933 W/NotificationService(  629): Object died trying to hide notification android.app.ITransientNotification$Stub$Proxy@ed7685b in package com.example.myapplication2
11-17 11:39:36.994 W/WindowManager(  629): Unable to start animation, surface is null or no children.
11-17 11:39:43.833 I/NetworkStatsRecorder(  629): recordSnapshotLocked: ident[[{type=WIFI, subType=COMBINED, networkId="HUAWEI Mate 30 5G", metered=true, defaultNetwork=true}]]
11-17 11:39:43.833 W/NetworkStatsRecorder(  629): unknown interfaces [lo], ignoring those stats
11-17 11:39:43.833 I/NetworkStatsRecorder(  629): recordSnapshotLocked: ident[[{type=WIFI, subType=COMBINED, networkId="HUAWEI Mate 30 5G", metered=true, defaultNetwork=true}]]
11-17 11:39:43.833 W/NetworkStatsRecorder(  629): unknown interfaces [lo], ignoring those stats
11-17 11:39:43.833 I/NetworkStatsRecorder(  629): recordSnapshotLocked: ident[[{type=WIFI, subType=COMBINED, networkId="HUAWEI Mate 30 5G", metered=true, defaultNetwork=true}]]
11-17 11:39:43.833 I/chatty  (  629): uid=1000(system) NetworkStats identical 2 lines
11-17 11:39:43.833 I/NetworkStatsRecorder(  629): recordSnapshotLocked: ident[[{type=WIFI, subType=COMBINED, networkId="HUAWEI Mate 30 5G", metered=true, defaultNetwork=true}]]
11-17 11:39:43.833 W/NetworkStatsRecorder(  629): unknown interfaces [lo], ignoring those stats
11-17 11:39:43.833 I/NetworkStatsRecorder(  629): recordSnapshotLocked: ident[[{type=WIFI, subType=COMBINED, networkId="HUAWEI Mate 30 5G", metered=true, defaultNetwork=true}]]
11-17 11:39:43.833 I/chatty  (  629): uid=1000(system) NetworkStats identical 1 line
11-17 11:39:43.833 I/NetworkStatsRecorder(  629): recordSnapshotLocked: ident[[{type=WIFI, subType=COMBINED, networkId="HUAWEI Mate 30 5G", metered=true, defaultNetwork=true}]]
11-17 11:39:43.833 W/NetworkStatsRecorder(  629): unknown interfaces [lo], ignoring those stats
11-17 11:39:43.833 D/NetworkStatsRecorder(  629): forcePersistLocked() writing for dev
11-17 11:39:43.844 D/NetworkStatsRecorder(  629): forcePersistLocked() writing for xt
11-17 11:39:45.649 I/ActivityManager(  629): START u0 {flg=0x10000000 cmp=com.tal.genie.voice/com.tal.genie.dicbook.dic.ListResultActivity} from uid 10049
11-17 11:39:45.731 V/WindowManager(  629): Set focused app to: AppWindowToken{2dcf028 token=Token{aff1e4b ActivityRecord{220731a u0 com.tal.genie.voice/com.tal.genie.dicbook.dic.ListResultActivity t19}}} old focus=AppWindowToken{cd1b6ae token=Token{5a47329 ActivityRecord{2b0b8b0 u0 com.tal.genie.voice/com.tal.genie.dicbook.cread.ClickReadActivity t19}}} moveFocusNow=true
11-17 11:39:45.731 V/WindowManager(  629): findFocusedWindow: Reached focused app=AppWindowToken{2dcf028 token=Token{aff1e4b ActivityRecord{220731a u0 com.tal.genie.voice/com.tal.genie.dicbook.dic.ListResultActivity t19}}}
11-17 11:39:45.731 V/WindowManager(  629): Changing focus from Window{7a12647 u0 com.tal.genie.voice/com.tal.genie.dicbook.cread.ClickReadActivity} to null Callers=com.android.server.wm.WindowManagerService.setFocusedApp:2638 com.android.server.am.ActivityManagerService.setResumedActivityUncheckLocked:3631 com.android.server.am.ActivityStack.onActivityStateChanged:498 com.android.server.am.TaskRecord.onActivityStateChanged:1794 
11-17 11:39:45.732 D/WindowManager(  629): Input focus has changed to null
11-17 11:39:45.732 I/WindowManager(  629): Focus moving from Window{7a12647 u0 com.tal.genie.voice/com.tal.genie.dicbook.cread.ClickReadActivity} to null
11-17 11:39:45.762 V/WindowManager(  629): findFocusedWindow: Reached focused app=AppWindowToken{2dcf028 token=Token{aff1e4b ActivityRecord{220731a u0 com.tal.genie.voice/com.tal.genie.dicbook.dic.ListResultActivity t19}}}
11-17 11:39:45.947 I/WindowManager(  629): Relayout Window{8c8d235 u0 com.tal.genie.voice/com.tal.genie.dicbook.dic.ListResultActivity}: oldVis=4 newVis=0 focusMayChange = true
11-17 11:39:45.954 V/WindowManager(  629): Changing focus from null to Window{8c8d235 u0 com.tal.genie.voice/com.tal.genie.dicbook.dic.ListResultActivity} Callers=com.android.server.wm.WindowManagerService.relayoutWindow:2142 com.android.server.wm.Session.relayout:244 android.view.IWindowSession$Stub.onTransact:309 com.android.server.wm.Session.onTransact:164 
11-17 11:39:45.954 D/WindowManager(  629): Input focus has changed to Window{8c8d235 u0 com.tal.genie.voice/com.tal.genie.dicbook.dic.ListResultActivity}
11-17 11:39:45.955 I/WindowManager(  629): Focus moving from null to Window{8c8d235 u0 com.tal.genie.voice/com.tal.genie.dicbook.dic.ListResultActivity}
11-17 11:39:46.218 W/ActivityManager(  629): Launch timeout has expired, giving up wake lock!
11-17 11:39:47.729 W/NotificationService(  629): Toast already killed. pkg=com.tal.genie.voice callback=android.app.ITransientNotification$Stub$Proxy@de12ed
11-17 11:39:47.921 I/ActivityManager(  629): START u0 {cmp=com.tal.genie.voice/com.tal.genie.dicbook.dic.DicResultActivity (has extras)} from uid 10049
11-17 11:39:47.934 W/WindowManager(  629): removeWindowToken: Attempted to remove non-existing token: android.os.Binder@18b1013
11-17 11:39:47.948 V/WindowManager(  629): Set focused app to: AppWindowToken{c2f867a token=Token{5d3b2a5 ActivityRecord{d37989c u0 com.tal.genie.voice/com.tal.genie.dicbook.dic.DicResultActivity t19}}} old focus=AppWindowToken{2dcf028 token=Token{aff1e4b ActivityRecord{220731a u0 com.tal.genie.voice/com.tal.genie.dicbook.dic.ListResultActivity t19}}} moveFocusNow=true
11-17 11:39:47.949 V/WindowManager(  629): findFocusedWindow: Reached focused app=AppWindowToken{c2f867a token=Token{5d3b2a5 ActivityRecord{d37989c u0 com.tal.genie.voice/com.tal.genie.dicbook.dic.DicResultActivity t19}}}
11-17 11:39:47.949 V/WindowManager(  629): Changing focus from Window{8c8d235 u0 com.tal.genie.voice/com.tal.genie.dicbook.dic.ListResultActivity} to null Callers=com.android.server.wm.WindowManagerService.setFocusedApp:2638 com.android.server.am.ActivityManagerService.setResumedActivityUncheckLocked:3631 com.android.server.am.ActivityStack.onActivityStateChanged:498 com.android.server.am.TaskRecord.onActivityStateChanged:1794 
11-17 11:39:47.949 D/WindowManager(  629): Input focus has changed to null
11-17 11:39:47.950 I/WindowManager(  629): Focus moving from Window{8c8d235 u0 com.tal.genie.voice/com.tal.genie.dicbook.dic.ListResultActivity} to null
11-17 11:39:48.037 I/WindowManager(  629): Relayout Window{fc9a7a3 u0 com.tal.genie.voice/com.tal.genie.dicbook.dic.DicResultActivity}: oldVis=4 newVis=0 focusMayChange = true
11-17 11:39:48.044 V/WindowManager(  629): Changing focus from null to Window{fc9a7a3 u0 com.tal.genie.voice/com.tal.genie.dicbook.dic.DicResultActivity} Callers=com.android.server.wm.WindowManagerService.relayoutWindow:2142 com.android.server.wm.Session.relayout:244 android.view.IWindowSession$Stub.onTransact:309 com.android.server.wm.Session.onTransact:164 
11-17 11:39:48.044 D/WindowManager(  629): Input focus has changed to Window{fc9a7a3 u0 com.tal.genie.voice/com.tal.genie.dicbook.dic.DicResultActivity}
11-17 11:39:48.045 I/WindowManager(  629): Focus moving from null to Window{fc9a7a3 u0 com.tal.genie.voice/com.tal.genie.dicbook.dic.DicResultActivity}
11-17 11:39:49.244 W/WindowManager(  629): Unable to start animation, surface is null or no children.
11-17 11:39:57.930 W/ActivityManager(  629): Launch timeout has expired, giving up wake lock!
11-17 11:39:58.697 W/WindowManager(  629): removeWindowToken: Attempted to remove non-existing token: android.os.Binder@2ea141
11-17 11:40:00.020 W/ContextImpl( 1216): Calling a method in the system process without a qualified user: android.app.ContextImpl.sendBroadcast:1006 android.content.ContextWrapper.sendBroadcast:444 com.tal.genie.launcher.service.TimeTickListener.sendOTASilentBroadcast:62 com.tal.genie.launcher.service.TimeTickListener.onTimeTickReceived:31 com.tal.genie.base_receiver.time.TimeTickManager.onTimeTickReceived:80 
11-17 11:40:00.031 W/ContextImpl( 1216): Calling a method in the system process without a qualified user: android.app.ContextImpl.sendBroadcast:1006 android.content.ContextWrapper.sendBroadcast:444 com.tal.genie.service_controldata.EyesProtectManager.sendEyesProtectorBroadcast:362 com.tal.genie.service_controldata.EyesProtectManager.eyesProtectDetector:135 com.tal.genie.launcher.service.TimeTickListener.onTimeTickReceived:34 
11-17 11:40:00.059 W/ContextImpl( 1216): Calling a method in the system process without a qualified user: android.app.ContextImpl.sendBroadcast:1006 android.content.ContextWrapper.sendBroadcast:444 com.tal.genie.lockscreen.receiver.LockScreenReceiver.sendBroadCastToVoice:180 com.tal.genie.lockscreen.receiver.LockScreenReceiver.onReceive:67 android.app.LoadedApk$ReceiverDispatcher$Args.lambda$getRunnable$0:1391 
11-17 11:40:11.296 E/storaged(  468): getDiskStats failed with result NOT_SUPPORTED and size 0
11-17 11:40:12.143 I/ActivityManager(  629): START u0 {flg=0x10000000 cmp=com.tal.genie.voice/com.tal.genie.dicbook.dic.ListResultActivity} from uid 10049
11-17 11:40:12.152 I/WindowManager(  629): Focus moving from Window{fc9a7a3 u0 com.tal.genie.voice/com.tal.genie.dicbook.dic.DicResultActivity} to null
11-17 11:40:12.189 I/WindowManager(  629): Focus moving from null to Window{8c8d235 u0 com.tal.genie.voice/com.tal.genie.dicbook.dic.ListResultActivity}
11-17 11:40:14.183 W/NotificationService(  629): Toast already killed. pkg=com.tal.genie.voice callback=android.app.ITransientNotification$Stub$Proxy@4273230
11-17 11:40:15.765 W/WindowManager(  629): Unable to start animation, surface is null or no children.
11-17 11:40:22.153 W/ActivityManager(  629): Launch timeout has expired, giving up wake lock!
11-17 11:40:25.173 W/WindowManager(  629): removeWindowToken: Attempted to remove non-existing token: android.os.Binder@e363bf5
11-17 11:40:35.787 I/WindowManager(  629): Focus moving from Window{8c8d235 u0 com.tal.genie.voice/com.tal.genie.dicbook.dic.ListResultActivity} to Window{7a12647 u0 com.tal.genie.voice/com.tal.genie.dicbook.cread.ClickReadActivity}
11-17 11:40:36.781 I/WindowManager(  629): Focus moving from Window{7a12647 u0 com.tal.genie.voice/com.tal.genie.dicbook.cread.ClickReadActivity} to Window{a61763a u0 com.tal.genie.launcher/com.tal.genie.launcher.ui.main.MainActivity}
11-17 11:40:36.834 W/ContextImpl( 1216): Calling a method in the system process without a qualified user: android.app.ContextImpl.startService:1532 android.content.ContextWrapper.startService:664 android.content.ContextWrapper.startService:664 android.app.Activity.onPostResume:1391 androidx.fragment.app.FragmentActivity.onPostResume:446 
11-17 11:40:43.102 I/NetworkStatsRecorder(  629): recordSnapshotLocked: ident[[{type=WIFI, subType=COMBINED, networkId="HUAWEI Mate 30 5G", metered=true, defaultNetwork=true}]]
11-17 11:40:43.102 W/NetworkStatsRecorder(  629): unknown interfaces [lo], ignoring those stats
11-17 11:40:43.102 I/NetworkStatsRecorder(  629): recordSnapshotLocked: ident[[{type=WIFI, subType=COMBINED, networkId="HUAWEI Mate 30 5G", metered=true, defaultNetwork=true}]]
11-17 11:40:43.105 W/NetworkStatsRecorder(  629): unknown interfaces [lo], ignoring those stats
11-17 11:40:43.105 I/NetworkStatsRecorder(  629): recordSnapshotLocked: ident[[{type=WIFI, subType=COMBINED, networkId="HUAWEI Mate 30 5G", metered=true, defaultNetwork=true}]]
11-17 11:40:43.105 I/chatty  (  629): uid=1000(system) NetworkStats identical 2 lines
11-17 11:40:43.105 I/NetworkStatsRecorder(  629): recordSnapshotLocked: ident[[{type=WIFI, subType=COMBINED, networkId="HUAWEI Mate 30 5G", metered=true, defaultNetwork=true}]]
11-17 11:40:43.105 W/NetworkStatsRecorder(  629): unknown interfaces [lo], ignoring those stats
11-17 11:40:43.105 W/NetworkStatsRecorder(  629): unknown interfaces [lo], ignoring those stats
11-17 11:40:43.105 D/NetworkStatsRecorder(  629): forcePersistLocked() writing for dev
11-17 11:40:43.112 D/NetworkStatsRecorder(  629): forcePersistLocked() writing for xt
11-17 11:40:44.466 I/ActivityManager(  629): START u0 {flg=0x10000000 cmp=com.tal.genie.voice/com.tal.genie.dicbook.dic.ListResultActivity} from uid 10049
11-17 11:40:44.502 V/WindowManager(  629): Set focused app to: AppWindowToken{18592f9 token=Token{80635c0 ActivityRecord{2021b43 u0 com.tal.genie.voice/com.tal.genie.dicbook.dic.ListResultActivity t20}}} old focus=AppWindowToken{bb35156 token=Token{106af71 ActivityRecord{dd09918 u0 com.tal.genie.launcher/.ui.main.MainActivity t2}}} moveFocusNow=true
11-17 11:40:44.502 V/WindowManager(  629): findFocusedWindow: Reached focused app=AppWindowToken{18592f9 token=Token{80635c0 ActivityRecord{2021b43 u0 com.tal.genie.voice/com.tal.genie.dicbook.dic.ListResultActivity t20}}}
11-17 11:40:44.503 V/WindowManager(  629): Changing focus from Window{a61763a u0 com.tal.genie.launcher/com.tal.genie.launcher.ui.main.MainActivity} to null Callers=com.android.server.wm.WindowManagerService.setFocusedApp:2638 com.android.server.am.ActivityManagerService.setResumedActivityUncheckLocked:3631 com.android.server.am.ActivityStack.onActivityStateChanged:498 com.android.server.am.TaskRecord.onActivityStateChanged:1794 
11-17 11:40:44.503 D/WindowManager(  629): Input focus has changed to null
11-17 11:40:44.504 I/WindowManager(  629): Focus moving from Window{a61763a u0 com.tal.genie.launcher/com.tal.genie.launcher.ui.main.MainActivity} to null
11-17 11:40:44.588 I/WindowManager(  629): Relayout Window{2310e84 u0 com.tal.genie.voice/com.tal.genie.dicbook.dic.ListResultActivity}: oldVis=4 newVis=0 focusMayChange = true
11-17 11:40:44.593 V/WindowManager(  629): Changing focus from null to Window{2310e84 u0 com.tal.genie.voice/com.tal.genie.dicbook.dic.ListResultActivity} Callers=com.android.server.wm.WindowManagerService.relayoutWindow:2142 com.android.server.wm.Session.relayout:244 android.view.IWindowSession$Stub.onTransact:309 com.android.server.wm.Session.onTransact:164 
11-17 11:40:44.594 D/WindowManager(  629): Input focus has changed to Window{2310e84 u0 com.tal.genie.voice/com.tal.genie.dicbook.dic.ListResultActivity}
11-17 11:40:44.596 I/WindowManager(  629): Focus moving from null to Window{2310e84 u0 com.tal.genie.voice/com.tal.genie.dicbook.dic.ListResultActivity}
11-17 11:40:46.533 W/NotificationService(  629): Toast already killed. pkg=com.tal.genie.voice callback=android.app.ITransientNotification$Stub$Proxy@2dfb3fa
11-17 11:40:48.080 W/WindowManager(  629): Unable to start animation, surface is null or no children.
11-17 11:40:48.954 V/WindowManager(  629): Changing focus from Window{2310e84 u0 com.tal.genie.voice/com.tal.genie.dicbook.dic.ListResultActivity} to Window{a61763a u0 com.tal.genie.launcher/com.tal.genie.launcher.ui.main.MainActivity} Callers=com.android.server.wm.DisplayContent.layoutAndAssignWindowLayersIfNeeded:2447 com.android.server.wm.DisplayContent.positionStackAt:1911 com.android.server.wm.DisplayWindowController.positionChildAt:93 com.android.server.am.ActivityDisplay.positionChildAt:169 
11-17 11:40:48.955 D/WindowManager(  629): Input focus has changed to Window{a61763a u0 com.tal.genie.launcher/com.tal.genie.launcher.ui.main.MainActivity}
11-17 11:40:48.968 I/WindowManager(  629): Focus moving from Window{2310e84 u0 com.tal.genie.voice/com.tal.genie.dicbook.dic.ListResultActivity} to Window{a61763a u0 com.tal.genie.launcher/com.tal.genie.launcher.ui.main.MainActivity}
11-17 11:40:48.990 V/WindowManager(  629): Set focused app to: AppWindowToken{bb35156 token=Token{106af71 ActivityRecord{dd09918 u0 com.tal.genie.launcher/.ui.main.MainActivity t2}}} old focus=AppWindowToken{18592f9 token=Token{80635c0 ActivityRecord{2021b43 u0 com.tal.genie.voice/com.tal.genie.dicbook.dic.ListResultActivity t20}}} moveFocusNow=true
11-17 11:40:49.017 W/ContextImpl( 1216): Calling a method in the system process without a qualified user: android.app.ContextImpl.startService:1532 android.content.ContextWrapper.startService:664 android.content.ContextWrapper.startService:664 android.app.Activity.onPostResume:1391 androidx.fragment.app.FragmentActivity.onPostResume:446 
11-17 11:40:55.243 I/ActivityManager(  629): START u0 {flg=0x10000000 cmp=com.tal.genie.voice/com.tal.genie.dicbook.dic.ListResultActivity} from uid 10049
11-17 11:40:55.275 V/WindowManager(  629): Set focused app to: AppWindowToken{45c667c token=Token{e9be96f ActivityRecord{27aa44e u0 com.tal.genie.voice/com.tal.genie.dicbook.dic.ListResultActivity t21}}} old focus=AppWindowToken{bb35156 token=Token{106af71 ActivityRecord{dd09918 u0 com.tal.genie.launcher/.ui.main.MainActivity t2}}} moveFocusNow=true
11-17 11:40:55.275 V/WindowManager(  629): findFocusedWindow: Reached focused app=AppWindowToken{45c667c token=Token{e9be96f ActivityRecord{27aa44e u0 com.tal.genie.voice/com.tal.genie.dicbook.dic.ListResultActivity t21}}}
11-17 11:40:55.276 V/WindowManager(  629): Changing focus from Window{a61763a u0 com.tal.genie.launcher/com.tal.genie.launcher.ui.main.MainActivity} to null Callers=com.android.server.wm.WindowManagerService.setFocusedApp:2638 com.android.server.am.ActivityManagerService.setResumedActivityUncheckLocked:3631 com.android.server.am.ActivityStack.onActivityStateChanged:498 com.android.server.am.TaskRecord.onActivityStateChanged:1794 
11-17 11:40:55.276 D/WindowManager(  629): Input focus has changed to null
11-17 11:40:55.276 I/WindowManager(  629): Focus moving from Window{a61763a u0 com.tal.genie.launcher/com.tal.genie.launcher.ui.main.MainActivity} to null
11-17 11:40:55.385 I/WindowManager(  629): Relayout Window{a664303 u0 com.tal.genie.voice/com.tal.genie.dicbook.dic.ListResultActivity}: oldVis=4 newVis=0 focusMayChange = true
11-17 11:40:55.391 V/WindowManager(  629): Changing focus from null to Window{a664303 u0 com.tal.genie.voice/com.tal.genie.dicbook.dic.ListResultActivity} Callers=com.android.server.wm.WindowManagerService.relayoutWindow:2142 com.android.server.wm.Session.relayout:244 android.view.IWindowSession$Stub.onTransact:309 com.android.server.wm.Session.onTransact:164 
11-17 11:40:55.391 D/WindowManager(  629): Input focus has changed to Window{a664303 u0 com.tal.genie.voice/com.tal.genie.dicbook.dic.ListResultActivity}
11-17 11:40:55.392 I/WindowManager(  629): Focus moving from null to Window{a664303 u0 com.tal.genie.voice/com.tal.genie.dicbook.dic.ListResultActivity}
11-17 11:40:57.136 V/WindowManager(  629): Changing focus from Window{a664303 u0 com.tal.genie.voice/com.tal.genie.dicbook.dic.ListResultActivity} to Window{a61763a u0 com.tal.genie.launcher/com.tal.genie.launcher.ui.main.MainActivity} Callers=com.android.server.wm.DisplayContent.layoutAndAssignWindowLayersIfNeeded:2447 com.android.server.wm.DisplayContent.positionStackAt:1911 com.android.server.wm.DisplayWindowController.positionChildAt:93 com.android.server.am.ActivityDisplay.positionChildAt:169 
11-17 11:40:57.137 D/WindowManager(  629): Input focus has changed to Window{a61763a u0 com.tal.genie.launcher/com.tal.genie.launcher.ui.main.MainActivity}
11-17 11:40:57.146 I/WindowManager(  629): Focus moving from Window{a664303 u0 com.tal.genie.voice/com.tal.genie.dicbook.dic.ListResultActivity} to Window{a61763a u0 com.tal.genie.launcher/com.tal.genie.launcher.ui.main.MainActivity}
11-17 11:40:57.166 V/WindowManager(  629): Set focused app to: AppWindowToken{bb35156 token=Token{106af71 ActivityRecord{dd09918 u0 com.tal.genie.launcher/.ui.main.MainActivity t2}}} old focus=AppWindowToken{45c667c token=Token{e9be96f ActivityRecord{27aa44e u0 com.tal.genie.voice/com.tal.genie.dicbook.dic.ListResultActivity t21}}} moveFocusNow=true
11-17 11:40:57.194 W/ContextImpl( 1216): Calling a method in the system process without a qualified user: android.app.ContextImpl.startService:1532 android.content.ContextWrapper.startService:664 android.content.ContextWrapper.startService:664 android.app.Activity.onPostResume:1391 androidx.fragment.app.FragmentActivity.onPostResume:446 
11-17 11:40:57.321 W/NotificationService(  629): Toast already killed. pkg=com.tal.genie.voice callback=android.app.ITransientNotification$Stub$Proxy@574ffe5
11-17 11:40:57.529 W/WindowManager(  629): removeWindowToken: Attempted to remove non-existing token: android.os.Binder@e3da23e
11-17 11:40:58.874 W/WindowManager(  629): Unable to start animation, surface is null or no children.
11-17 11:41:00.017 W/ContextImpl( 1216): Calling a method in the system process without a qualified user: android.app.ContextImpl.sendBroadcast:1006 android.content.ContextWrapper.sendBroadcast:444 com.tal.genie.launcher.service.TimeTickListener.sendOTASilentBroadcast:62 com.tal.genie.launcher.service.TimeTickListener.onTimeTickReceived:31 com.tal.genie.base_receiver.time.TimeTickManager.onTimeTickReceived:80 
11-17 11:41:00.029 W/ContextImpl( 1216): Calling a method in the system process without a qualified user: android.app.ContextImpl.sendBroadcast:1006 android.content.ContextWrapper.sendBroadcast:444 com.tal.genie.service_controldata.EyesProtectManager.sendEyesProtectorBroadcast:362 com.tal.genie.service_controldata.EyesProtectManager.eyesProtectDetector:135 com.tal.genie.launcher.service.TimeTickListener.onTimeTickReceived:34 
11-17 11:41:00.048 W/ContextImpl( 1216): Calling a method in the system process without a qualified user: android.app.ContextImpl.sendBroadcast:1006 android.content.ContextWrapper.sendBroadcast:444 com.tal.genie.lockscreen.receiver.LockScreenReceiver.sendBroadCastToVoice:180 com.tal.genie.lockscreen.receiver.LockScreenReceiver.onReceive:67 android.app.LoadedApk$ReceiverDispatcher$Args.lambda$getRunnable$0:1391 
11-17 11:41:02.617 I/ActivityManager(  629): START u0 {flg=0x10000000 cmp=com.tal.genie.voice/com.tal.genie.dicbook.dic.ListResultActivity} from uid 10049
11-17 11:41:02.645 V/WindowManager(  629): Set focused app to: AppWindowToken{653c210 token=Token{c37e6d3 ActivityRecord{7e468c2 u0 com.tal.genie.voice/com.tal.genie.dicbook.dic.ListResultActivity t22}}} old focus=AppWindowToken{bb35156 token=Token{106af71 ActivityRecord{dd09918 u0 com.tal.genie.launcher/.ui.main.MainActivity t2}}} moveFocusNow=true
11-17 11:41:02.646 V/WindowManager(  629): findFocusedWindow: Reached focused app=AppWindowToken{653c210 token=Token{c37e6d3 ActivityRecord{7e468c2 u0 com.tal.genie.voice/com.tal.genie.dicbook.dic.ListResultActivity t22}}}
11-17 11:41:02.646 V/WindowManager(  629): Changing focus from Window{a61763a u0 com.tal.genie.launcher/com.tal.genie.launcher.ui.main.MainActivity} to null Callers=com.android.server.wm.WindowManagerService.setFocusedApp:2638 com.android.server.am.ActivityManagerService.setResumedActivityUncheckLocked:3631 com.android.server.am.ActivityStack.onActivityStateChanged:498 com.android.server.am.TaskRecord.onActivityStateChanged:1794 
11-17 11:41:02.647 D/WindowManager(  629): Input focus has changed to null
11-17 11:41:02.649 I/WindowManager(  629): Focus moving from Window{a61763a u0 com.tal.genie.launcher/com.tal.genie.launcher.ui.main.MainActivity} to null
11-17 11:41:02.752 I/WindowManager(  629): Relayout Window{fb08327 u0 com.tal.genie.voice/com.tal.genie.dicbook.dic.ListResultActivity}: oldVis=4 newVis=0 focusMayChange = true
11-17 11:41:02.757 V/WindowManager(  629): Changing focus from null to Window{fb08327 u0 com.tal.genie.voice/com.tal.genie.dicbook.dic.ListResultActivity} Callers=com.android.server.wm.WindowManagerService.relayoutWindow:2142 com.android.server.wm.Session.relayout:244 android.view.IWindowSession$Stub.onTransact:309 com.android.server.wm.Session.onTransact:164 
11-17 11:41:02.757 D/WindowManager(  629): Input focus has changed to Window{fb08327 u0 com.tal.genie.voice/com.tal.genie.dicbook.dic.ListResultActivity}
11-17 11:41:02.758 I/WindowManager(  629): Focus moving from null to Window{fb08327 u0 com.tal.genie.voice/com.tal.genie.dicbook.dic.ListResultActivity}
11-17 11:41:04.687 W/NotificationService(  629): Toast already killed. pkg=com.tal.genie.voice callback=android.app.ITransientNotification$Stub$Proxy@75019ed
11-17 11:41:06.234 W/WindowManager(  629): Unable to start animation, surface is null or no children.
11-17 11:41:06.879 V/WindowManager(  629): Changing focus from Window{fb08327 u0 com.tal.genie.voice/com.tal.genie.dicbook.dic.ListResultActivity} to Window{a61763a u0 com.tal.genie.launcher/com.tal.genie.launcher.ui.main.MainActivity} Callers=com.android.server.wm.DisplayContent.layoutAndAssignWindowLayersIfNeeded:2447 com.android.server.wm.DisplayContent.positionStackAt:1911 com.android.server.wm.DisplayWindowController.positionChildAt:93 com.android.server.am.ActivityDisplay.positionChildAt:169 
11-17 11:41:06.880 D/WindowManager(  629): Input focus has changed to Window{a61763a u0 com.tal.genie.launcher/com.tal.genie.launcher.ui.main.MainActivity}
11-17 11:41:06.880 I/WindowManager(  629): Focus moving from Window{fb08327 u0 com.tal.genie.voice/com.tal.genie.dicbook.dic.ListResultActivity} to Window{a61763a u0 com.tal.genie.launcher/com.tal.genie.launcher.ui.main.MainActivity}
11-17 11:41:06.910 V/WindowManager(  629): Set focused app to: AppWindowToken{bb35156 token=Token{106af71 ActivityRecord{dd09918 u0 com.tal.genie.launcher/.ui.main.MainActivity t2}}} old focus=AppWindowToken{653c210 token=Token{c37e6d3 ActivityRecord{7e468c2 u0 com.tal.genie.voice/com.tal.genie.dicbook.dic.ListResultActivity t22}}} moveFocusNow=true
11-17 11:41:06.939 W/ContextImpl( 1216): Calling a method in the system process without a qualified user: android.app.ContextImpl.startService:1532 android.content.ContextWrapper.startService:664 android.content.ContextWrapper.startService:664 android.app.Activity.onPostResume:1391 androidx.fragment.app.FragmentActivity.onPostResume:446 
11-17 11:41:08.310 W/WindowManager(  629): removeWindowToken: Attempted to remove non-existing token: android.os.Binder@2799b05
11-17 11:41:11.298 E/storaged(  468): getDiskStats failed with result NOT_SUPPORTED and size 0
11-17 11:41:13.439 I/ActivityManager(  629): START u0 {flg=0x10008000 cmp=com.tal.genie.voice/com.tal.genie.dicbook.dic.DicResultActivity (has extras)} from uid 10049
11-17 11:41:13.482 V/WindowManager(  629): Set focused app to: AppWindowToken{b4e1e91 token=Token{d21d0b8 ActivityRecord{a5fe71b u0 com.tal.genie.voice/com.tal.genie.dicbook.dic.DicResultActivity t23}}} old focus=AppWindowToken{bb35156 token=Token{106af71 ActivityRecord{dd09918 u0 com.tal.genie.launcher/.ui.main.MainActivity t2}}} moveFocusNow=true
11-17 11:41:13.482 V/WindowManager(  629): findFocusedWindow: Reached focused app=AppWindowToken{b4e1e91 token=Token{d21d0b8 ActivityRecord{a5fe71b u0 com.tal.genie.voice/com.tal.genie.dicbook.dic.DicResultActivity t23}}}
11-17 11:41:13.483 V/WindowManager(  629): Changing focus from Window{a61763a u0 com.tal.genie.launcher/com.tal.genie.launcher.ui.main.MainActivity} to null Callers=com.android.server.wm.WindowManagerService.setFocusedApp:2638 com.android.server.am.ActivityManagerService.setResumedActivityUncheckLocked:3631 com.android.server.am.ActivityStack.onActivityStateChanged:498 com.android.server.am.TaskRecord.onActivityStateChanged:1794 
11-17 11:41:13.483 D/WindowManager(  629): Input focus has changed to null
11-17 11:41:13.484 I/WindowManager(  629): Focus moving from Window{a61763a u0 com.tal.genie.launcher/com.tal.genie.launcher.ui.main.MainActivity} to null
11-17 11:41:13.566 I/WindowManager(  629): Relayout Window{8f037fc u0 com.tal.genie.voice/com.tal.genie.dicbook.dic.DicResultActivity}: oldVis=4 newVis=0 focusMayChange = true
11-17 11:41:13.572 V/WindowManager(  629): Changing focus from null to Window{8f037fc u0 com.tal.genie.voice/com.tal.genie.dicbook.dic.DicResultActivity} Callers=com.android.server.wm.WindowManagerService.relayoutWindow:2142 com.android.server.wm.Session.relayout:244 android.view.IWindowSession$Stub.onTransact:309 com.android.server.wm.Session.onTransact:164 
11-17 11:41:13.572 D/WindowManager(  629): Input focus has changed to Window{8f037fc u0 com.tal.genie.voice/com.tal.genie.dicbook.dic.DicResultActivity}
11-17 11:41:13.574 I/WindowManager(  629): Focus moving from null to Window{8f037fc u0 com.tal.genie.voice/com.tal.genie.dicbook.dic.DicResultActivity}
11-17 11:41:13.606 I/NetworkStatsRecorder(  629): recordSnapshotLocked: ident[[{type=WIFI, subType=COMBINED, networkId="HUAWEI Mate 30 5G", metered=true, defaultNetwork=true}]]
11-17 11:41:13.606 W/NetworkStatsRecorder(  629): unknown interfaces [lo], ignoring those stats
11-17 11:41:13.606 I/NetworkStatsRecorder(  629): recordSnapshotLocked: ident[[{type=WIFI, subType=COMBINED, networkId="HUAWEI Mate 30 5G", metered=true, defaultNetwork=true}]]
11-17 11:41:13.606 W/NetworkStatsRecorder(  629): unknown interfaces [lo], ignoring those stats
11-17 11:41:13.606 I/NetworkStatsRecorder(  629): recordSnapshotLocked: ident[[{type=WIFI, subType=COMBINED, networkId="HUAWEI Mate 30 5G", metered=true, defaultNetwork=true}]]
11-17 11:41:13.606 I/chatty  (  629): uid=1000(system) NetworkStats identical 2 lines
11-17 11:41:13.606 I/NetworkStatsRecorder(  629): recordSnapshotLocked: ident[[{type=WIFI, subType=COMBINED, networkId="HUAWEI Mate 30 5G", metered=true, defaultNetwork=true}]]
11-17 11:41:13.606 W/NetworkStatsRecorder(  629): unknown interfaces [lo], ignoring those stats
11-17 11:41:13.607 W/NetworkStatsRecorder(  629): unknown interfaces [lo], ignoring those stats
11-17 11:41:13.607 D/NetworkStatsRecorder(  629): forcePersistLocked() writing for dev
11-17 11:41:13.616 D/NetworkStatsRecorder(  629): forcePersistLocked() writing for xt
11-17 11:41:15.513 W/NotificationService(  629): Toast already killed. pkg=com.tal.genie.voice callback=android.app.ITransientNotification$Stub$Proxy@186f532
11-17 11:41:15.684 W/WindowManager(  629): removeWindowToken: Attempted to remove non-existing token: android.os.Binder@f2ab109
11-17 11:41:17.057 W/WindowManager(  629): Unable to start animation, surface is null or no children.
11-17 11:41:20.687 V/WindowManager(  629): Changing focus from Window{8f037fc u0 com.tal.genie.voice/com.tal.genie.dicbook.dic.DicResultActivity} to Window{a61763a u0 com.tal.genie.launcher/com.tal.genie.launcher.ui.main.MainActivity} Callers=com.android.server.wm.DisplayContent.layoutAndAssignWindowLayersIfNeeded:2447 com.android.server.wm.DisplayContent.positionStackAt:1911 com.android.server.wm.DisplayWindowController.positionChildAt:93 com.android.server.am.ActivityDisplay.positionChildAt:169 
11-17 11:41:20.688 D/WindowManager(  629): Input focus has changed to Window{a61763a u0 com.tal.genie.launcher/com.tal.genie.launcher.ui.main.MainActivity}
11-17 11:41:20.689 I/WindowManager(  629): Focus moving from Window{8f037fc u0 com.tal.genie.voice/com.tal.genie.dicbook.dic.DicResultActivity} to Window{a61763a u0 com.tal.genie.launcher/com.tal.genie.launcher.ui.main.MainActivity}
11-17 11:41:20.720 V/WindowManager(  629): Set focused app to: AppWindowToken{bb35156 token=Token{106af71 ActivityRecord{dd09918 u0 com.tal.genie.launcher/.ui.main.MainActivity t2}}} old focus=AppWindowToken{b4e1e91 token=Token{d21d0b8 ActivityRecord{a5fe71b u0 com.tal.genie.voice/com.tal.genie.dicbook.dic.DicResultActivity t23}}} moveFocusNow=true
11-17 11:41:20.753 W/ContextImpl( 1216): Calling a method in the system process without a qualified user: android.app.ContextImpl.startService:1532 android.content.ContextWrapper.startService:664 android.content.ContextWrapper.startService:664 android.app.Activity.onPostResume:1391 androidx.fragment.app.FragmentActivity.onPostResume:446 
--------- beginning of main
11-17 11:41:21.938 D/PowerAQLib(  288): result 0, counsumed_bytes 4096, i 0, loop_cnt 2
11-17 11:41:21.938 D/PowerAQLib(  288): result 0, counsumed_bytes 4096, i 1, loop_cnt 2
11-17 11:41:21.938 D/PowerAQLib(  288): mbdrc_process, input_bytes 8192, output_bytes 8192
11-17 11:41:21.938 D/PowerAQLib(  288): bypass_process!
11-17 11:41:21.943 D/AudioProcessor( 1151): [ (AudioProcessor.java:181)#sendDataToJNI4 ] type:2 isHeating:false
11-17 11:41:21.952 D/PowerAQLib(  288): chmix_process!
11-17 11:41:21.953 D/PowerAQLib(  288): mbdrc_process, input_bytes 8192, output_bytes 8192
11-17 11:41:21.953 D/PowerAQLib(  288): result 0, counsumed_bytes 4096, i 0, loop_cnt 2
11-17 11:41:21.953 D/PowerAQLib(  288): result 0, counsumed_bytes 4096, i 1, loop_cnt 2
11-17 11:41:21.953 D/PowerAQLib(  288): mbdrc_process, input_bytes 8192, output_bytes 8192
11-17 11:41:21.953 D/PowerAQLib(  288): bypass_process!
11-17 11:41:21.994 D/PowerAQLib(  288): chmix_process!
11-17 11:41:21.997 D/PowerAQLib(  288): mbdrc_process, input_bytes 8192, output_bytes 8192
11-17 11:41:21.997 D/PowerAQLib(  288): result 0, counsumed_bytes 4096, i 0, loop_cnt 2
11-17 11:41:21.997 D/PowerAQLib(  288): result 0, counsumed_bytes 4096, i 1, loop_cnt 2
11-17 11:41:21.997 D/PowerAQLib(  288): mbdrc_process, input_bytes 8192, output_bytes 8192
11-17 11:41:21.997 D/PowerAQLib(  288): bypass_process!
11-17 11:41:22.009 D/PowerAQLib(  288): chmix_process!
11-17 11:41:22.012 D/PowerAQLib(  288): mbdrc_process, input_bytes 8192, output_bytes 8192
11-17 11:41:22.012 D/PowerAQLib(  288): result 0, counsumed_bytes 4096, i 0, loop_cnt 2
11-17 11:41:22.012 D/PowerAQLib(  288): result 0, counsumed_bytes 4096, i 1, loop_cnt 2
11-17 11:41:22.012 D/PowerAQLib(  288): mbdrc_process, input_bytes 8192, output_bytes 8192
11-17 11:41:22.012 D/PowerAQLib(  288): bypass_process!
11-17 11:41:22.024 D/PowerAQLib(  288): chmix_process!
11-17 11:41:22.026 D/PowerAQLib(  288): mbdrc_process, input_bytes 8192, output_bytes 8192
11-17 11:41:22.026 D/PowerAQLib(  288): result 0, counsumed_bytes 4096, i 0, loop_cnt 2
11-17 11:41:22.026 D/PowerAQLib(  288): result 0, counsumed_bytes 4096, i 1, loop_cnt 2
11-17 11:41:22.026 D/PowerAQLib(  288): mbdrc_process, input_bytes 8192, output_bytes 8192
11-17 11:41:22.026 D/PowerAQLib(  288): bypass_process!
11-17 11:41:22.038 D/PowerAQLib(  288): chmix_process!
11-17 11:41:22.039 D/PowerAQLib(  288): mbdrc_process, input_bytes 8192, output_bytes 8192
11-17 11:41:22.039 D/PowerAQLib(  288): result 0, counsumed_bytes 4096, i 0, loop_cnt 2
11-17 11:41:22.040 D/PowerAQLib(  288): result 0, counsumed_bytes 4096, i 1, loop_cnt 2
11-17 11:41:22.040 D/PowerAQLib(  288): mbdrc_process, input_bytes 8192, output_bytes 8192
11-17 11:41:22.040 D/PowerAQLib(  288): bypass_process!
11-17 11:41:22.080 D/PowerAQLib(  288): chmix_process!
11-17 11:41:22.082 D/PowerAQLib(  288): mbdrc_process, input_bytes 8192, output_bytes 8192
11-17 11:41:22.082 D/PowerAQLib(  288): result 0, counsumed_bytes 4096, i 0, loop_cnt 2
11-17 11:41:22.082 D/PowerAQLib(  288): result 0, counsumed_bytes 4096, i 1, loop_cnt 2
11-17 11:41:22.082 D/PowerAQLib(  288): mbdrc_process, input_bytes 8192, output_bytes 8192
11-17 11:41:22.082 D/PowerAQLib(  288): bypass_process!
11-17 11:41:22.094 D/PowerAQLib(  288): chmix_process!
11-17 11:41:22.095 D/PowerAQLib(  288): mbdrc_process, input_bytes 8192, output_bytes 8192
11-17 11:41:22.095 D/PowerAQLib(  288): result 0, counsumed_bytes 4096, i 0, loop_cnt 2
11-17 11:41:22.095 D/PowerAQLib(  288): result 0, counsumed_bytes 4096, i 1, loop_cnt 2
11-17 11:41:22.095 D/PowerAQLib(  288): mbdrc_process, input_bytes 8192, output_bytes 8192
11-17 11:41:22.095 D/PowerAQLib(  288): bypass_process!
11-17 11:41:22.107 D/PowerAQLib(  288): chmix_process!
11-17 11:41:22.108 D/PowerAQLib(  288): mbdrc_process, input_bytes 8192, output_bytes 8192
11-17 11:41:22.108 D/PowerAQLib(  288): result 0, counsumed_bytes 4096, i 0, loop_cnt 2
11-17 11:41:22.108 D/PowerAQLib(  288): result 0, counsumed_bytes 4096, i 1, loop_cnt 2
11-17 11:41:22.108 D/PowerAQLib(  288): mbdrc_process, input_bytes 8192, output_bytes 8192
11-17 11:41:22.108 D/PowerAQLib(  288): bypass_process!
11-17 11:41:22.123 D/PowerAQLib(  288): chmix_process!
11-17 11:41:22.125 D/PowerAQLib(  288): mbdrc_process, input_bytes 8192, output_bytes 8192
11-17 11:41:22.125 D/PowerAQLib(  288): result 0, counsumed_bytes 4096, i 0, loop_cnt 2
11-17 11:41:22.125 D/PowerAQLib(  288): result 0, counsumed_bytes 4096, i 1, loop_cnt 2
11-17 11:41:22.125 D/PowerAQLib(  288): mbdrc_process, input_bytes 8192, output_bytes 8192
11-17 11:41:22.125 D/PowerAQLib(  288): bypass_process!
11-17 11:41:22.165 D/PowerAQLib(  288): chmix_process!
11-17 11:41:22.167 D/PowerAQLib(  288): mbdrc_process, input_bytes 8192, output_bytes 8192
11-17 11:41:22.167 D/PowerAQLib(  288): result 0, counsumed_bytes 4096, i 0, loop_cnt 2
11-17 11:41:22.167 D/PowerAQLib(  288): result 0, counsumed_bytes 4096, i 1, loop_cnt 2
11-17 11:41:22.167 D/PowerAQLib(  288): mbdrc_process, input_bytes 8192, output_bytes 8192
11-17 11:41:22.167 D/PowerAQLib(  288): bypass_process!
11-17 11:41:22.179 D/PowerAQLib(  288): chmix_process!
11-17 11:41:22.181 D/PowerAQLib(  288): mbdrc_process, input_bytes 8192, output_bytes 8192
11-17 11:41:22.182 D/PowerAQLib(  288): result 0, counsumed_bytes 4096, i 0, loop_cnt 2
11-17 11:41:22.182 D/PowerAQLib(  288): result 0, counsumed_bytes 4096, i 1, loop_cnt 2
11-17 11:41:22.182 D/PowerAQLib(  288): mbdrc_process, input_bytes 8192, output_bytes 8192
11-17 11:41:22.182 D/PowerAQLib(  288): bypass_process!
11-17 11:41:22.194 D/PowerAQLib(  288): chmix_process!
11-17 11:41:22.196 D/PowerAQLib(  288): mbdrc_process, input_bytes 8192, output_bytes 8192
11-17 11:41:22.196 D/PowerAQLib(  288): result 0, counsumed_bytes 4096, i 0, loop_cnt 2
11-17 11:41:22.196 D/PowerAQLib(  288): result 0, counsumed_bytes 4096, i 1, loop_cnt 2
11-17 11:41:22.196 D/PowerAQLib(  288): mbdrc_process, input_bytes 8192, output_bytes 8192
11-17 11:41:22.196 D/PowerAQLib(  288): bypass_process!
11-17 11:41:22.208 D/PowerAQLib(  288): chmix_process!
11-17 11:41:22.209 D/PowerAQLib(  288): mbdrc_process, input_bytes 8192, output_bytes 8192
