12-15 20:07:38.349 E/libhand ( 1098): tensor map shape 1 :1
12-15 20:07:38.366 E/libhand ( 1098): det hand class prob 0.998113,0.732924
12-15 20:07:38.366 E/libhand ( 1098): det hand num 1 
12-15 20:07:38.388 E/libhand ( 1098): tensor map shape 0 :1
12-15 20:07:38.388 E/libhand ( 1098): tensor map shape 1 :1
12-15 20:07:38.515 I/SurfaceFlinger(  314): [Built-in Screen (type:0)] fps:9.512097,dur:1051.29,max:106.25,min:103.93
12-15 20:07:38.572 W/MDP     (  457): DpDriver::waitFramedone takes 53ms
12-15 20:07:38.572 W/MDP     (  457): DpIsp: 0x99d1bcc0, scenario 9, waitComplete 53 ms, 0, 0, 53, 0
12-15 20:07:38.572 W/MDP     (  457): DpIsp: 0x99d1bcc0, scenario 9, dst0 53 ms, 0, 53, 53, 53
12-15 20:07:38.572 W/MDP     (  457): DpIsp: 0x99d1bcc0, src 56 ms, 0, 0, 0, 0
12-15 20:07:38.647 E/libhand ( 1098): det hand class prob 0.998113,0.732924
12-15 20:07:38.647 E/libhand ( 1098): det hand num 1 
12-15 20:07:38.673 E/libhand ( 1098): tensor map shape 0 :1
12-15 20:07:38.673 E/libhand ( 1098): tensor map shape 1 :1
12-15 20:07:38.692 E/libhand ( 1098): det hand class prob 0.998046,0.608934
12-15 20:07:38.692 E/libhand ( 1098): det hand num 1 
12-15 20:07:38.717 E/libhand ( 1098): tensor map shape 0 :1
12-15 20:07:38.718 E/libhand ( 1098): tensor map shape 1 :1
12-15 20:07:39.003 W/MDP     (  457): DpDriver::waitFramedone takes 52ms
12-15 20:07:39.003 W/MDP     (  457): DpIsp: 0x99d1bcc0, scenario 9, waitComplete 52 ms, 0, 0, 52, 0
12-15 20:07:39.003 W/MDP     (  457): DpIsp: 0x99d1bcc0, scenario 9, dst0 53 ms, 0, 53, 53, 53
12-15 20:07:39.003 W/MDP     (  457): DpIsp: 0x99d1bcc0, src 55 ms, 0, 0, 0, 0
12-15 20:07:39.025 I/BufferQueueProducer(  314): [com.tal.genie.voice/com.tal.genie.dicbook.cread.FingerSearchActivity#0](this:0xa3d0f000,id:13,api:1,p:1098,c:314) queueBuffer: fps=9.53 dur=1049.54 max=110.02 min=99.60
12-15 20:07:39.083 E/libhand ( 1098): det hand class prob 0.998046,0.608934
12-15 20:07:39.083 E/libhand ( 1098): det hand num 1 
12-15 20:07:39.106 E/libhand ( 1098): tensor map shape 0 :1
12-15 20:07:39.107 E/libhand ( 1098): tensor map shape 1 :1
12-15 20:07:39.211 E/libhand ( 1098): det hand class prob 0.998126,0.604664
12-15 20:07:39.211 E/libhand ( 1098): det hand num 1 
12-15 20:07:39.240 E/libhand ( 1098): tensor map shape 0 :1
12-15 20:07:39.241 E/libhand ( 1098): tensor map shape 1 :1
12-15 20:07:39.442 W/MDP     (  457): DpDriver::waitFramedone takes 52ms
12-15 20:07:39.442 W/MDP     (  457): DpIsp: 0x99d1bcc0, scenario 9, waitComplete 52 ms, 0, 0, 52, 0
12-15 20:07:39.442 W/MDP     (  457): DpIsp: 0x99d1bcc0, scenario 9, dst0 52 ms, 0, 52, 52, 52
12-15 20:07:39.442 W/MDP     (  457): DpIsp: 0x99d1bcc0, src 56 ms, 0, 0, 0, 0
12-15 20:07:39.446 I/BufferQueueProducer( 1098): [ImageReader-2560x1920f23m2-1098-6](this:0x6a329000,id:6,api:4,p:437,c:1098) queueBuffer: fps=2.54 dur=1181.84 max=438.40 min=314.60
12-15 20:07:39.525 E/libhand ( 1098): det hand class prob 0.998126,0.604664
12-15 20:07:39.525 E/libhand ( 1098): det hand num 1 
12-15 20:07:39.548 E/libhand ( 1098): tensor map shape 0 :1
12-15 20:07:39.548 E/libhand ( 1098): tensor map shape 1 :1
12-15 20:07:39.566 I/SurfaceFlinger(  314): [Built-in Screen (type:0)] fps:9.518577,dur:1050.58,max:106.20,min:104.15
12-15 20:07:39.571 E/libhand ( 1098): det hand class prob 0.998137,0.678986
12-15 20:07:39.571 E/libhand ( 1098): det hand num 1 
12-15 20:07:39.596 E/libhand ( 1098): tensor map shape 0 :1
12-15 20:07:39.596 E/libhand ( 1098): tensor map shape 1 :1
12-15 20:07:39.884 W/MDP     (  457): DpDriver::waitFramedone takes 52ms
12-15 20:07:39.884 W/MDP     (  457): DpIsp: 0x99d1bcc0, scenario 9, waitComplete 53 ms, 0, 0, 53, 0
12-15 20:07:39.884 W/MDP     (  457): DpIsp: 0x99d1bcc0, scenario 9, dst0 53 ms, 0, 53, 53, 53
12-15 20:07:39.884 W/MDP     (  457): DpIsp: 0x99d1bcc0, src 56 ms, 0, 0, 0, 0
12-15 20:07:39.944 E/libhand ( 1098): det hand class prob 0.998137,0.678986
12-15 20:07:39.945 E/libhand ( 1098): det hand num 1 
12-15 20:07:39.965 E/libhand ( 1098): tensor map shape 0 :1
12-15 20:07:39.965 E/libhand ( 1098): tensor map shape 1 :1
12-15 20:07:40.002 E/WifiVendorHal(  624): getWifiLinkLayerStats(l.937) failed {.code = ERROR_NOT_SUPPORTED, .description = }
12-15 20:07:40.065 E/libhand ( 1098): det hand class prob 0.999054,0.473368
12-15 20:07:40.065 E/libhand ( 1098): det hand num 0 
12-15 20:07:40.076 I/BufferQueueProducer(  314): [com.tal.genie.voice/com.tal.genie.dicbook.cread.FingerSearchActivity#0](this:0xa3d0f000,id:13,api:1,p:1098,c:314) queueBuffer: fps=9.51 dur=1051.53 max=108.70 min=102.28
12-15 20:07:40.252 W/MDP     (  457): DpDriver::waitFramedone takes 52ms
12-15 20:07:40.253 W/MDP     (  457): DpIsp: 0x99d1bcc0, scenario 9, waitComplete 52 ms, 0, 0, 52, 0
12-15 20:07:40.253 W/MDP     (  457): DpIsp: 0x99d1bcc0, scenario 9, dst0 52 ms, 0, 52, 52, 52
12-15 20:07:40.253 W/MDP     (  457): DpIsp: 0x99d1bcc0, src 56 ms, 0, 0, 0, 0
12-15 20:07:40.321 E/libhand ( 1098): det hand class prob 0.999054,0.473368
12-15 20:07:40.321 E/libhand ( 1098): det hand num 0 
12-15 20:07:40.338 E/libhand ( 1098): det hand class prob 0.999210,0.778993
12-15 20:07:40.338 E/libhand ( 1098): det hand num 1 
12-15 20:07:40.362 E/libhand ( 1098): tensor map shape 0 :1
12-15 20:07:40.363 E/libhand ( 1098): tensor map shape 1 :1
12-15 20:07:40.559 W/MDP     (  457): DpDriver::waitFramedone takes 53ms
12-15 20:07:40.559 W/MDP     (  457): DpIsp: 0x99d1bcc0, scenario 9, waitComplete 53 ms, 0, 0, 53, 0
12-15 20:07:40.559 W/MDP     (  457): DpIsp: 0x99d1bcc0, scenario 9, dst0 53 ms, 0, 53, 53, 53
12-15 20:07:40.559 W/MDP     (  457): DpIsp: 0x99d1bcc0, src 57 ms, 0, 0, 0, 0
12-15 20:07:40.566 I/BufferQueueProducer( 1098): [ImageReader-2560x1920f23m2-1098-6](this:0x6a329000,id:6,api:4,p:437,c:1098) queueBuffer: fps=2.68 dur=1119.12 max=444.51 min=308.07
12-15 20:07:40.618 I/SurfaceFlinger(  314): [Built-in Screen (type:0)] fps:9.506813,dur:1051.88,max:105.98,min:104.33
12-15 20:07:40.638 E/libhand ( 1098): det hand class prob 0.999210,0.778993
12-15 20:07:40.638 E/libhand ( 1098): det hand num 1 
12-15 20:07:40.658 E/libhand ( 1098): tensor map shape 0 :1
12-15 20:07:40.658 E/libhand ( 1098): tensor map shape 1 :1
12-15 20:07:40.674 E/libhand ( 1098): det hand class prob 0.998076,0.629695
12-15 20:07:40.674 E/libhand ( 1098): det hand num 1 
12-15 20:07:40.695 E/libhand ( 1098): tensor map shape 0 :1
12-15 20:07:40.695 E/libhand ( 1098): tensor map shape 1 :1
12-15 20:07:40.709 E/MtkDataShapingUtils(  624): Exception openLteGateByDataShaping  in java.lang.NullPointerException: null receiver
12-15 20:07:40.709 W/System.err(  624): java.lang.NullPointerException: null receiver
12-15 20:07:40.710 W/System.err(  624): 	at java.lang.reflect.Method.invoke(Native Method)
12-15 20:07:40.710 W/System.err(  624): 	at com.mediatek.server.MtkDataShaping.openLteGateByDataShaping(MtkDataShaping.java:36)
12-15 20:07:40.710 W/System.err(  624): 	at com.android.server.AlarmManagerService.deliverAlarmsLocked(AlarmManagerService.java:3603)
12-15 20:07:40.710 W/System.err(  624): 	at com.android.server.AlarmManagerService$AlarmThread.run(AlarmManagerService.java:3781)
12-15 20:07:40.711 E/ActivityManager(  624): Sending non-protected broadcast ALARM_ACTION(1083) from system uid 1000 pkg com.tal.genie.push
12-15 20:07:40.711 E/ActivityManager(  624): java.lang.Throwable
12-15 20:07:40.711 E/ActivityManager(  624): 	at com.android.server.am.ActivityManagerService.checkBroadcastFromSystem(ActivityManagerService.java:21477)
12-15 20:07:40.711 E/ActivityManager(  624): 	at com.android.server.am.ActivityManagerService.broadcastIntentLocked(ActivityManagerService.java:22077)
12-15 20:07:40.711 E/ActivityManager(  624): 	at com.android.server.am.ActivityManagerService.broadcastIntentInPackage(ActivityManagerService.java:22256)
12-15 20:07:40.711 E/ActivityManager(  624): 	at com.android.server.am.PendingIntentRecord.sendInner(PendingIntentRecord.java:372)
12-15 20:07:40.711 E/ActivityManager(  624): 	at com.android.server.am.PendingIntentRecord.sendWithResult(PendingIntentRecord.java:245)
12-15 20:07:40.711 E/ActivityManager(  624): 	at com.android.server.am.ActivityManagerService.sendIntentSender(ActivityManagerService.java:8613)
12-15 20:07:40.711 E/ActivityManager(  624): 	at android.app.PendingIntent.sendAndReturnResult(PendingIntent.java:892)
12-15 20:07:40.711 E/ActivityManager(  624): 	at android.app.PendingIntent.send(PendingIntent.java:874)
12-15 20:07:40.711 E/ActivityManager(  624): 	at com.android.server.AlarmManagerService$DeliveryTracker.deliverLocked(AlarmManagerService.java:4387)
12-15 20:07:40.711 E/ActivityManager(  624): 	at com.android.server.AlarmManagerService.deliverAlarmsLocked(AlarmManagerService.java:3632)
12-15 20:07:40.711 E/ActivityManager(  624): 	at com.android.server.AlarmManagerService$AlarmThread.run(AlarmManagerService.java:3781)
12-15 20:07:40.718 W/AES     (  624): Exception Log handling...
12-15 20:07:40.721 W/AES     (  624): skip for Exp level 0
12-15 20:07:40.863 W/MDP     (  457): DpDriver::waitFramedone takes 52ms
12-15 20:07:40.863 W/MDP     (  457): DpIsp: 0x99d1bcc0, scenario 9, waitComplete 52 ms, 0, 0, 52, 0
12-15 20:07:40.863 W/MDP     (  457): DpIsp: 0x99d1bcc0, scenario 9, dst0 53 ms, 0, 52, 52, 52
12-15 20:07:40.863 W/MDP     (  457): DpIsp: 0x99d1bcc0, src 58 ms, 0, 0, 0, 0
12-15 20:07:40.942 E/libhand ( 1098): det hand class prob 0.998076,0.629695
12-15 20:07:40.942 E/libhand ( 1098): det hand num 1 
12-15 20:07:40.969 E/libhand ( 1098): tensor map shape 0 :1
12-15 20:07:40.969 E/libhand ( 1098): tensor map shape 1 :1
12-15 20:07:40.987 E/libhand ( 1098): det hand class prob 0.998141,0.637167
12-15 20:07:40.987 E/libhand ( 1098): det hand num 1 
12-15 20:07:41.012 E/libhand ( 1098): tensor map shape 0 :1
12-15 20:07:41.012 E/libhand ( 1098): tensor map shape 1 :1
12-15 20:07:41.130 I/BufferQueueProducer(  314): [com.tal.genie.voice/com.tal.genie.dicbook.cread.FingerSearchActivity#0](this:0xa3d0f000,id:13,api:1,p:1098,c:314) queueBuffer: fps=9.49 dur=1053.20 max=109.49 min=99.47
12-15 20:07:41.202 W/MDP     (  457): DpDriver::waitFramedone takes 53ms
12-15 20:07:41.202 W/MDP     (  457): DpIsp: 0x99d1bcc0, scenario 9, waitComplete 53 ms, 0, 0, 53, 0
12-15 20:07:41.203 W/MDP     (  457): DpIsp: 0x99d1bcc0, scenario 9, dst0 53 ms, 0, 53, 53, 53
12-15 20:07:41.203 W/MDP     (  457): DpIsp: 0x99d1bcc0, src 57 ms, 0, 0, 0, 0
12-15 20:07:41.291 E/libhand ( 1098): det hand class prob 0.998141,0.637167
12-15 20:07:41.291 E/libhand ( 1098): det hand num 1 
12-15 20:07:41.317 E/libhand ( 1098): tensor map shape 0 :1
12-15 20:07:41.317 E/libhand ( 1098): tensor map shape 1 :1
12-15 20:07:41.333 E/libhand ( 1098): det hand class prob 0.998105,0.742031
12-15 20:07:41.333 E/libhand ( 1098): det hand num 1 
12-15 20:07:41.362 E/libhand ( 1098): tensor map shape 0 :1
12-15 20:07:41.362 E/libhand ( 1098): tensor map shape 1 :1
12-15 20:07:41.608 W/MDP     (  457): DpDriver::waitFramedone takes 52ms
12-15 20:07:41.608 W/MDP     (  457): DpIsp: 0x99d1bcc0, scenario 9, waitComplete 52 ms, 0, 0, 52, 0
12-15 20:07:41.608 W/MDP     (  457): DpIsp: 0x99d1bcc0, scenario 9, dst0 53 ms, 0, 52, 52, 52
12-15 20:07:41.608 W/MDP     (  457): DpIsp: 0x99d1bcc0, src 56 ms, 0, 0, 0, 0
12-15 20:07:41.613 I/BufferQueueProducer( 1098): [ImageReader-2560x1920f23m2-1098-6](this:0x6a329000,id:6,api:4,p:437,c:1098) queueBuffer: fps=2.86 dur=1047.73 max=399.97 min=304.50
12-15 20:07:41.668 I/SurfaceFlinger(  314): [Built-in Screen (type:0)] fps:9.520275,dur:1050.39,max:106.17,min:103.40
12-15 20:07:41.672 E/libhand ( 1098): det hand class prob 0.998105,0.742031
12-15 20:07:41.672 E/libhand ( 1098): det hand num 1 
12-15 20:07:41.697 E/libhand ( 1098): tensor map shape 0 :1
12-15 20:07:41.697 E/libhand ( 1098): tensor map shape 1 :1
12-15 20:07:41.794 E/libhand ( 1098): det hand class prob 0.998114,0.566979
12-15 20:07:41.794 E/libhand ( 1098): det hand num 1 
12-15 20:07:41.821 E/libhand ( 1098): tensor map shape 0 :1
12-15 20:07:41.821 E/libhand ( 1098): tensor map shape 1 :1
12-15 20:07:42.010 W/MDP     (  457): DpDriver::waitFramedone takes 52ms
12-15 20:07:42.010 W/MDP     (  457): DpIsp: 0x99d1bcc0, scenario 9, waitComplete 52 ms, 0, 0, 52, 0
12-15 20:07:42.010 W/MDP     (  457): DpIsp: 0x99d1bcc0, scenario 9, dst0 52 ms, 0, 52, 52, 52
12-15 20:07:42.010 W/MDP     (  457): DpIsp: 0x99d1bcc0, src 56 ms, 0, 0, 0, 0
12-15 20:07:42.068 E/libhand ( 1098): det hand class prob 0.998114,0.566979
12-15 20:07:42.068 E/libhand ( 1098): det hand num 1 
12-15 20:07:42.094 E/libhand ( 1098): tensor map shape 0 :1
12-15 20:07:42.094 E/libhand ( 1098): tensor map shape 1 :1
12-15 20:07:42.110 E/libhand ( 1098): det hand class prob 0.998170,0.628154
12-15 20:07:42.110 E/libhand ( 1098): det hand num 1 
12-15 20:07:42.131 E/libhand ( 1098): tensor map shape 0 :1
12-15 20:07:42.131 E/libhand ( 1098): tensor map shape 1 :1
12-15 20:07:42.179 I/BufferQueueProducer(  314): [com.tal.genie.voice/com.tal.genie.dicbook.cread.FingerSearchActivity#0](this:0xa3d0f000,id:13,api:1,p:1098,c:314) queueBuffer: fps=9.53 dur=1049.51 max=109.84 min=100.39
12-15 20:07:42.315 W/MDP     (  457): DpDriver::waitFramedone takes 52ms
12-15 20:07:42.315 W/MDP     (  457): DpIsp: 0x99d1bcc0, scenario 9, waitComplete 53 ms, 0, 0, 53, 0
12-15 20:07:42.315 W/MDP     (  457): DpIsp: 0x99d1bcc0, scenario 9, dst0 53 ms, 0, 53, 53, 53
12-15 20:07:42.315 W/MDP     (  457): DpIsp: 0x99d1bcc0, src 57 ms, 0, 0, 0, 0
12-15 20:07:42.386 E/libhand ( 1098): det hand class prob 0.998170,0.628154
12-15 20:07:42.386 E/libhand ( 1098): det hand num 1 
12-15 20:07:42.409 E/libhand ( 1098): tensor map shape 0 :1
12-15 20:07:42.409 E/libhand ( 1098): tensor map shape 1 :1
12-15 20:07:42.423 E/libhand ( 1098): det hand class prob 0.999533,0.738201
12-15 20:07:42.423 E/libhand ( 1098): det hand num 1 
12-15 20:07:42.445 E/libhand ( 1098): tensor map shape 0 :1
12-15 20:07:42.445 E/libhand ( 1098): tensor map shape 1 :1
12-15 20:07:42.616 W/MDP     (  457): DpDriver::waitFramedone takes 52ms
12-15 20:07:42.616 W/MDP     (  457): DpIsp: 0x99d1bcc0, scenario 9, waitComplete 52 ms, 0, 0, 52, 0
12-15 20:07:42.616 W/MDP     (  457): DpIsp: 0x99d1bcc0, scenario 9, dst0 52 ms, 0, 52, 52, 52
12-15 20:07:42.616 W/MDP     (  457): DpIsp: 0x99d1bcc0, src 55 ms, 0, 0, 0, 0
12-15 20:07:42.621 I/BufferQueueProducer( 1098): [ImageReader-2560x1920f23m2-1098-6](this:0x6a329000,id:6,api:4,p:437,c:1098) queueBuffer: fps=2.98 dur=1007.95 max=401.61 min=300.21
12-15 20:07:42.673 E/libhand ( 1098): det hand class prob 0.999533,0.738201
12-15 20:07:42.674 E/libhand ( 1098): det hand num 1 
12-15 20:07:42.693 E/libhand ( 1098): tensor map shape 0 :1
12-15 20:07:42.693 E/libhand ( 1098): tensor map shape 1 :1
12-15 20:07:42.708 E/libhand ( 1098): det hand class prob 0.998144,0.538786
12-15 20:07:42.708 E/libhand ( 1098): det hand num 1 
12-15 20:07:42.720 I/SurfaceFlinger(  314): [Built-in Screen (type:0)] fps:9.508358,dur:1051.71,max:105.78,min:104.03
12-15 20:07:42.732 E/libhand ( 1098): tensor map shape 0 :1
12-15 20:07:42.732 E/libhand ( 1098): tensor map shape 1 :1
12-15 20:07:42.925 W/MDP     (  457): DpDriver::waitFramedone takes 52ms
12-15 20:07:42.925 W/MDP     (  457): DpIsp: 0x99d1bcc0, scenario 9, waitComplete 52 ms, 0, 0, 52, 0
12-15 20:07:42.925 W/MDP     (  457): DpIsp: 0x99d1bcc0, scenario 9, dst0 52 ms, 0, 52, 52, 52
12-15 20:07:42.926 W/MDP     (  457): DpIsp: 0x99d1bcc0, src 57 ms, 0, 0, 0, 0
12-15 20:07:43.004 E/libhand ( 1098): det hand class prob 0.998144,0.538786
12-15 20:07:43.005 E/libhand ( 1098): det hand num 1 
12-15 20:07:43.019 E/WifiVendorHal(  624): getWifiLinkLayerStats(l.937) failed {.code = ERROR_NOT_SUPPORTED, .description = }
12-15 20:07:43.035 E/libhand ( 1098): tensor map shape 0 :1
12-15 20:07:43.035 E/libhand ( 1098): tensor map shape 1 :1
12-15 20:07:43.053 E/libhand ( 1098): det hand class prob 0.998256,0.746610
12-15 20:07:43.053 E/libhand ( 1098): det hand num 1 
12-15 20:07:43.076 E/libhand ( 1098): tensor map shape 0 :1
12-15 20:07:43.076 E/libhand ( 1098): tensor map shape 1 :1
12-15 20:07:43.231 I/BufferQueueProducer(  314): [com.tal.genie.voice/com.tal.genie.dicbook.cread.FingerSearchActivity#0](this:0xa3d0f000,id:13,api:1,p:1098,c:314) queueBuffer: fps=9.51 dur=1051.70 max=107.83 min=102.45
12-15 20:07:43.262 W/MDP     (  457): DpDriver::waitFramedone takes 52ms
12-15 20:07:43.262 W/MDP     (  457): DpIsp: 0x99d1bcc0, scenario 9, waitComplete 52 ms, 0, 0, 52, 0
12-15 20:07:43.262 W/MDP     (  457): DpIsp: 0x99d1bcc0, scenario 9, dst0 52 ms, 0, 52, 52, 52
12-15 20:07:43.262 W/MDP     (  457): DpIsp: 0x99d1bcc0, src 57 ms, 0, 0, 0, 0
12-15 20:07:43.323 E/libhand ( 1098): det hand class prob 0.998256,0.746610
12-15 20:07:43.323 E/libhand ( 1098): det hand num 1 
12-15 20:07:43.344 E/libhand ( 1098): tensor map shape 0 :1
12-15 20:07:43.344 E/libhand ( 1098): tensor map shape 1 :1
12-15 20:07:43.361 E/libhand ( 1098): det hand class prob 0.998044,0.568614
12-15 20:07:43.361 E/libhand ( 1098): det hand num 1 
12-15 20:07:43.381 E/libhand ( 1098): tensor map shape 0 :1
12-15 20:07:43.381 E/libhand ( 1098): tensor map shape 1 :1
12-15 20:07:43.567 W/MDP     (  457): DpDriver::waitFramedone takes 52ms
12-15 20:07:43.567 W/MDP     (  457): DpIsp: 0x99d1bcc0, scenario 9, waitComplete 53 ms, 0, 0, 53, 0
12-15 20:07:43.567 W/MDP     (  457): DpIsp: 0x99d1bcc0, scenario 9, dst0 53 ms, 0, 53, 53, 53
12-15 20:07:43.567 W/MDP     (  457): DpIsp: 0x99d1bcc0, src 57 ms, 0, 0, 0, 0
12-15 20:07:43.644 E/libhand ( 1098): det hand class prob 0.998044,0.568614
12-15 20:07:43.644 E/libhand ( 1098): det hand num 1 
12-15 20:07:43.671 E/libhand ( 1098): tensor map shape 0 :1
12-15 20:07:43.671 E/libhand ( 1098): tensor map shape 1 :1
12-15 20:07:43.689 E/libhand ( 1098): det hand class prob 0.998061,0.603437
12-15 20:07:43.689 E/libhand ( 1098): det hand num 1 
12-15 20:07:43.713 E/libhand ( 1098): tensor map shape 0 :1
12-15 20:07:43.713 E/libhand ( 1098): tensor map shape 1 :1
12-15 20:07:43.771 I/SurfaceFlinger(  314): [Built-in Screen (type:0)] fps:9.516854,dur:1050.77,max:105.93,min:104.11
12-15 20:07:43.902 W/MDP     (  457): DpDriver::waitFramedone takes 52ms
12-15 20:07:43.902 W/MDP     (  457): DpIsp: 0x99d1bcc0, scenario 9, waitComplete 53 ms, 0, 0, 53, 0
12-15 20:07:43.902 W/MDP     (  457): DpIsp: 0x99d1bcc0, scenario 9, dst0 53 ms, 0, 53, 53, 53
12-15 20:07:43.902 W/MDP     (  457): DpIsp: 0x99d1bcc0, src 55 ms, 0, 0, 0, 0
12-15 20:07:43.907 I/BufferQueueProducer( 1098): [ImageReader-2560x1920f23m2-1098-6](this:0x6a329000,id:6,api:4,p:437,c:1098) queueBuffer: fps=3.11 dur=1285.50 max=333.59 min=307.96
12-15 20:07:43.961 E/libhand ( 1098): det hand class prob 0.998061,0.603437
12-15 20:07:43.961 E/libhand ( 1098): det hand num 1 
12-15 20:07:43.984 E/libhand ( 1098): tensor map shape 0 :1
12-15 20:07:43.985 E/libhand ( 1098): tensor map shape 1 :1
12-15 20:07:44.001 E/libhand ( 1098): det hand class prob 0.999258,0.688860
12-15 20:07:44.001 E/libhand ( 1098): det hand num 1 
12-15 20:07:44.023 E/libhand ( 1098): tensor map shape 0 :1
12-15 20:07:44.023 E/libhand ( 1098): tensor map shape 1 :1
12-15 20:07:44.209 W/MDP     (  457): DpDriver::waitFramedone takes 53ms
12-15 20:07:44.210 W/MDP     (  457): DpIsp: 0x99d1bcc0, scenario 9, waitComplete 53 ms, 0, 0, 53, 0
12-15 20:07:44.210 W/MDP     (  457): DpIsp: 0x99d1bcc0, scenario 9, dst0 53 ms, 0, 53, 53, 53
12-15 20:07:44.210 W/MDP     (  457): DpIsp: 0x99d1bcc0, src 57 ms, 0, 0, 0, 0
12-15 20:07:44.281 E/libhand ( 1098): det hand class prob 0.999258,0.688860
12-15 20:07:44.281 E/libhand ( 1098): det hand num 1 
12-15 20:07:44.282 I/BufferQueueProducer(  314): [com.tal.genie.voice/com.tal.genie.dicbook.cread.FingerSearchActivity#0](this:0xa3d0f000,id:13,api:1,p:1098,c:314) queueBuffer: fps=9.51 dur=1051.24 max=107.79 min=103.09
12-15 20:07:44.310 E/libhand ( 1098): tensor map shape 0 :1
12-15 20:07:44.310 E/libhand ( 1098): tensor map shape 1 :1
12-15 20:07:44.325 E/libhand ( 1098): det hand class prob 0.998162,0.818937
12-15 20:07:44.325 E/libhand ( 1098): det hand num 1 
12-15 20:07:44.348 E/libhand ( 1098): tensor map shape 0 :1
12-15 20:07:44.348 E/libhand ( 1098): tensor map shape 1 :1
12-15 20:07:44.499 I/test    ( 1295): [ (UpdateManager.java:27)#update ] check code:142 name 1.0.0 12-14 22:38:41 release isRelease=true
12-15 20:07:44.544 W/MDP     (  457): DpDriver::waitFramedone takes 52ms
12-15 20:07:44.544 W/MDP     (  457): DpIsp: 0x99d1bcc0, scenario 9, waitComplete 52 ms, 0, 0, 52, 0
12-15 20:07:44.544 W/MDP     (  457): DpIsp: 0x99d1bcc0, scenario 9, dst0 52 ms, 0, 52, 52, 52
12-15 20:07:44.545 W/MDP     (  457): DpIsp: 0x99d1bcc0, src 57 ms, 0, 0, 0, 0
12-15 20:07:44.549 I/System.out( 1295): port:443
12-15 20:07:44.608 E/libhand ( 1098): det hand class prob 0.998162,0.818937
12-15 20:07:44.608 E/libhand ( 1098): det hand num 1 
12-15 20:07:44.631 E/libhand ( 1098): tensor map shape 0 :1
12-15 20:07:44.631 E/libhand ( 1098): tensor map shape 1 :1
12-15 20:07:44.647 E/libhand ( 1098): det hand class prob 0.998118,0.813814
12-15 20:07:44.648 E/libhand ( 1098): det hand num 1 
12-15 20:07:44.672 E/libhand ( 1098): tensor map shape 0 :1
12-15 20:07:44.672 E/libhand ( 1098): tensor map shape 1 :1
12-15 20:07:44.823 I/SurfaceFlinger(  314): [Built-in Screen (type:0)] fps:9.501052,dur:1052.52,max:106.25,min:104.26
12-15 20:07:44.850 W/MDP     (  457): DpDriver::waitFramedone takes 53ms
12-15 20:07:44.850 W/MDP     (  457): DpIsp: 0x99d1bcc0, scenario 9, waitComplete 53 ms, 0, 0, 53, 0
12-15 20:07:44.850 W/MDP     (  457): DpIsp: 0x99d1bcc0, scenario 9, dst0 53 ms, 0, 53, 53, 53
12-15 20:07:44.850 W/MDP     (  457): DpIsp: 0x99d1bcc0, src 57 ms, 0, 0, 0, 0
12-15 20:07:44.922 E/libhand ( 1098): det hand class prob 0.998118,0.813814
12-15 20:07:44.922 E/libhand ( 1098): det hand num 1 
12-15 20:07:44.953 E/libhand ( 1098): tensor map shape 0 :1
12-15 20:07:44.953 E/libhand ( 1098): tensor map shape 1 :1
12-15 20:07:44.972 E/libhand ( 1098): det hand class prob 0.998101,0.773357
12-15 20:07:44.972 E/libhand ( 1098): det hand num 1 
12-15 20:07:44.997 E/libhand ( 1098): tensor map shape 0 :1
12-15 20:07:44.998 E/libhand ( 1098): tensor map shape 1 :1
12-15 20:07:45.185 W/MDP     (  457): DpDriver::waitFramedone takes 53ms
12-15 20:07:45.185 W/MDP     (  457): DpIsp: 0x99d1bcc0, scenario 9, waitComplete 53 ms, 0, 0, 53, 0
12-15 20:07:45.185 W/MDP     (  457): DpIsp: 0x99d1bcc0, scenario 9, dst0 53 ms, 0, 53, 53, 53
12-15 20:07:45.186 W/MDP     (  457): DpIsp: 0x99d1bcc0, src 56 ms, 0, 0, 0, 0
12-15 20:07:45.192 I/BufferQueueProducer( 1098): [ImageReader-2560x1920f23m2-1098-6](this:0x6a329000,id:6,api:4,p:437,c:1098) queueBuffer: fps=3.11 dur=1284.71 max=335.04 min=306.32
12-15 20:07:45.266 E/libhand ( 1098): det hand class prob 0.998101,0.773357
12-15 20:07:45.266 E/libhand ( 1098): det hand num 1 
12-15 20:07:45.291 E/libhand ( 1098): tensor map shape 0 :1
12-15 20:07:45.291 E/libhand ( 1098): tensor map shape 1 :1
12-15 20:07:45.308 E/libhand ( 1098): det hand class prob 0.998097,0.717555
12-15 20:07:45.308 E/libhand ( 1098): det hand num 1 
12-15 20:07:45.331 E/libhand ( 1098): tensor map shape 0 :1
12-15 20:07:45.332 E/libhand ( 1098): tensor map shape 1 :1
12-15 20:07:45.337 I/BufferQueueProducer(  314): [com.tal.genie.voice/com.tal.genie.dicbook.cread.FingerSearchActivity#0](this:0xa3d0f000,id:13,api:1,p:1098,c:314) queueBuffer: fps=9.48 dur=1054.95 max=108.03 min=102.96
12-15 20:07:45.526 W/MDP     (  457): DpDriver::waitFramedone takes 52ms
12-15 20:07:45.526 W/MDP     (  457): DpIsp: 0x99d1bcc0, scenario 9, waitComplete 52 ms, 0, 0, 52, 0
12-15 20:07:45.526 W/MDP     (  457): DpIsp: 0x99d1bcc0, scenario 9, dst0 53 ms, 0, 52, 52, 53
12-15 20:07:45.526 W/MDP     (  457): DpIsp: 0x99d1bcc0, src 57 ms, 0, 0, 0, 0
12-15 20:07:45.614 E/libhand ( 1098): det hand class prob 0.998097,0.717555
12-15 20:07:45.614 E/libhand ( 1098): det hand num 1 
12-15 20:07:45.645 E/libhand ( 1098): tensor map shape 0 :1
12-15 20:07:45.645 E/libhand ( 1098): tensor map shape 1 :1
12-15 20:07:45.659 E/libhand ( 1098): det hand class prob 0.998146,0.843013
12-15 20:07:45.659 E/libhand ( 1098): det hand num 1 
12-15 20:07:45.681 E/libhand ( 1098): tensor map shape 0 :1
12-15 20:07:45.681 E/libhand ( 1098): tensor map shape 1 :1
12-15 20:07:45.864 W/MDP     (  457): DpDriver::waitFramedone takes 52ms
12-15 20:07:45.864 W/MDP     (  457): DpIsp: 0x99d1bcc0, scenario 9, waitComplete 52 ms, 0, 0, 52, 0
12-15 20:07:45.864 W/MDP     (  457): DpIsp: 0x99d1bcc0, scenario 9, dst0 53 ms, 0, 52, 52, 53
12-15 20:07:45.864 W/MDP     (  457): DpIsp: 0x99d1bcc0, src 56 ms, 0, 0, 0, 0
12-15 20:07:45.873 I/SurfaceFlinger(  314): [Built-in Screen (type:0)] fps:9.521060,dur:1050.30,max:106.37,min:103.14
12-15 20:07:45.931 E/libhand ( 1098): det hand class prob 0.998146,0.843013
12-15 20:07:45.931 E/libhand ( 1098): det hand num 1 
12-15 20:07:45.956 E/libhand ( 1098): tensor map shape 0 :1
12-15 20:07:45.957 E/libhand ( 1098): tensor map shape 1 :1
12-15 20:07:45.977 E/libhand ( 1098): det hand class prob 0.999090,0.890616
12-15 20:07:45.977 E/libhand ( 1098): det hand num 1 
12-15 20:07:46.003 E/libhand ( 1098): tensor map shape 0 :1
12-15 20:07:46.003 E/libhand ( 1098): tensor map shape 1 :1
12-15 20:07:46.026 E/WifiVendorHal(  624): getWifiLinkLayerStats(l.937) failed {.code = ERROR_NOT_SUPPORTED, .description = }
12-15 20:07:46.200 W/MDP     (  457): DpDriver::waitFramedone takes 52ms
12-15 20:07:46.200 W/MDP     (  457): DpIsp: 0x99d1bcc0, scenario 9, waitComplete 52 ms, 0, 0, 52, 0
12-15 20:07:46.200 W/MDP     (  457): DpIsp: 0x99d1bcc0, scenario 9, dst0 53 ms, 0, 53, 53, 53
12-15 20:07:46.200 W/MDP     (  457): DpIsp: 0x99d1bcc0, src 56 ms, 0, 0, 0, 0
12-15 20:07:46.208 I/BufferQueueProducer( 1098): [ImageReader-2560x1920f23m2-1098-6](this:0x6a329000,id:6,api:4,p:437,c:1098) queueBuffer: fps=2.95 dur=1016.86 max=340.41 min=336.85
12-15 20:07:46.281 E/libhand ( 1098): det hand class prob 0.999090,0.890616
12-15 20:07:46.281 E/libhand ( 1098): det hand num 1 
12-15 20:07:46.312 E/libhand ( 1098): tensor map shape 0 :1
12-15 20:07:46.312 E/libhand ( 1098): tensor map shape 1 :1
12-15 20:07:46.328 E/libhand ( 1098): det hand class prob 0.999077,0.894691
12-15 20:07:46.328 E/libhand ( 1098): det hand num 1 
12-15 20:07:46.352 E/libhand ( 1098): tensor map shape 0 :1
12-15 20:07:46.352 E/libhand ( 1098): tensor map shape 1 :1
12-15 20:07:46.383 I/BufferQueueProducer(  314): [com.tal.genie.voice/com.tal.genie.dicbook.cread.FingerSearchActivity#0](this:0xa3d0f000,id:13,api:1,p:1098,c:314) queueBuffer: fps=9.56 dur=1046.09 max=106.86 min=101.57
12-15 20:07:46.543 W/MDP     (  457): DpDriver::waitFramedone takes 52ms
12-15 20:07:46.544 W/MDP     (  457): DpIsp: 0x99d1bcc0, scenario 9, waitComplete 52 ms, 0, 0, 52, 0
12-15 20:07:46.544 W/MDP     (  457): DpIsp: 0x99d1bcc0, scenario 9, dst0 52 ms, 0, 52, 52, 52
12-15 20:07:46.544 W/MDP     (  457): DpIsp: 0x99d1bcc0, src 59 ms, 0, 0, 0, 0
12-15 20:07:46.607 E/libhand ( 1098): det hand class prob 0.999077,0.894691
12-15 20:07:46.607 E/libhand ( 1098): det hand num 1 
12-15 20:07:46.639 E/libhand ( 1098): tensor map shape 0 :1
12-15 20:07:46.639 E/libhand ( 1098): tensor map shape 1 :1
12-15 20:07:46.655 E/libhand ( 1098): det hand class prob 0.998112,0.726078
12-15 20:07:46.655 E/libhand ( 1098): det hand num 1 
12-15 20:07:46.676 E/libhand ( 1098): tensor map shape 0 :1
12-15 20:07:46.676 E/libhand ( 1098): tensor map shape 1 :1
12-15 20:07:46.879 W/MDP     (  457): DpDriver::waitFramedone takes 53ms
12-15 20:07:46.879 W/MDP     (  457): DpIsp: 0x99d1bcc0, scenario 9, waitComplete 53 ms, 0, 0, 53, 0
12-15 20:07:46.879 W/MDP     (  457): DpIsp: 0x99d1bcc0, scenario 9, dst0 53 ms, 0, 53, 53, 53
12-15 20:07:46.879 W/MDP     (  457): DpIsp: 0x99d1bcc0, src 57 ms, 0, 0, 0, 0
12-15 20:07:46.925 I/SurfaceFlinger(  314): [Built-in Screen (type:0)] fps:9.505957,dur:1051.97,max:106.08,min:104.14
12-15 20:07:46.962 E/libhand ( 1098): det hand class prob 0.998112,0.726078
12-15 20:07:46.962 E/libhand ( 1098): det hand num 1 
12-15 20:07:46.992 E/libhand ( 1098): tensor map shape 0 :1
12-15 20:07:46.992 E/libhand ( 1098): tensor map shape 1 :1
12-15 20:07:47.008 E/libhand ( 1098): det hand class prob 0.998065,0.715178
12-15 20:07:47.009 E/libhand ( 1098): det hand num 1 
12-15 20:07:47.039 E/libhand ( 1098): tensor map shape 0 :1
12-15 20:07:47.039 E/libhand ( 1098): tensor map shape 1 :1
12-15 20:07:47.216 W/MDP     (  457): DpDriver::waitFramedone takes 52ms
12-15 20:07:47.216 W/MDP     (  457): DpIsp: 0x99d1bcc0, scenario 9, waitComplete 53 ms, 0, 0, 53, 0
12-15 20:07:47.216 W/MDP     (  457): DpIsp: 0x99d1bcc0, scenario 9, dst0 53 ms, 0, 53, 53, 53
12-15 20:07:47.216 W/MDP     (  457): DpIsp: 0x99d1bcc0, src 56 ms, 0, 0, 0, 0
12-15 20:07:47.223 I/BufferQueueProducer( 1098): [ImageReader-2560x1920f23m2-1098-6](this:0x6a329000,id:6,api:4,p:437,c:1098) queueBuffer: fps=2.96 dur=1015.08 max=340.89 min=336.64
12-15 20:07:47.277 E/libhand ( 1098): det hand class prob 0.998065,0.715178
12-15 20:07:47.277 E/libhand ( 1098): det hand num 1 
12-15 20:07:47.297 E/libhand ( 1098): tensor map shape 0 :1
12-15 20:07:47.297 E/libhand ( 1098): tensor map shape 1 :1
12-15 20:07:47.311 E/libhand ( 1098): det hand class prob 0.999078,0.823009
12-15 20:07:47.311 E/libhand ( 1098): det hand num 1 
12-15 20:07:47.333 E/libhand ( 1098): tensor map shape 0 :1
12-15 20:07:47.333 E/libhand ( 1098): tensor map shape 1 :1
12-15 20:07:47.436 I/BufferQueueProducer(  314): [com.tal.genie.voice/com.tal.genie.dicbook.cread.FingerSearchActivity#0](this:0xa3d0f000,id:13,api:1,p:1098,c:314) queueBuffer: fps=9.50 dur=1052.64 max=107.52 min=102.64
12-15 20:07:47.521 W/MDP     (  457): DpDriver::waitFramedone takes 52ms
12-15 20:07:47.521 W/MDP     (  457): DpIsp: 0x99d1bcc0, scenario 9, waitComplete 53 ms, 0, 0, 53, 0
12-15 20:07:47.521 W/MDP     (  457): DpIsp: 0x99d1bcc0, scenario 9, dst0 53 ms, 0, 53, 53, 53
12-15 20:07:47.522 W/MDP     (  457): DpIsp: 0x99d1bcc0, src 57 ms, 0, 0, 0, 0
12-15 20:07:47.610 E/libhand ( 1098): det hand class prob 0.999078,0.823009
12-15 20:07:47.610 E/libhand ( 1098): det hand num 1 
12-15 20:07:47.637 E/libhand ( 1098): tensor map shape 0 :1
12-15 20:07:47.637 E/libhand ( 1098): tensor map shape 1 :1
12-15 20:07:47.656 E/libhand ( 1098): det hand class prob 0.998084,0.788111
12-15 20:07:47.656 E/libhand ( 1098): det hand num 1 
12-15 20:07:47.684 E/libhand ( 1098): tensor map shape 0 :1
12-15 20:07:47.684 E/libhand ( 1098): tensor map shape 1 :1
12-15 20:07:47.959 W/MDP     (  457): DpDriver::waitFramedone takes 52ms
12-15 20:07:47.959 W/MDP     (  457): DpIsp: 0x99d1bcc0, scenario 9, waitComplete 52 ms, 0, 0, 52, 0
12-15 20:07:47.959 W/MDP     (  457): DpIsp: 0x99d1bcc0, scenario 9, dst0 52 ms, 0, 52, 52, 52
12-15 20:07:47.959 W/MDP     (  457): DpIsp: 0x99d1bcc0, src 56 ms, 0, 0, 0, 0
12-15 20:07:47.977 I/SurfaceFlinger(  314): [Built-in Screen (type:0)] fps:9.507061,dur:1051.85,max:105.71,min:104.32
12-15 20:07:48.037 E/libhand ( 1098): det hand class prob 0.998084,0.788111
12-15 20:07:48.037 E/libhand ( 1098): det hand num 1 
12-15 20:07:48.060 E/libhand ( 1098): tensor map shape 0 :1
12-15 20:07:48.060 E/libhand ( 1098): tensor map shape 1 :1
12-15 20:07:48.165 E/libhand ( 1098): det hand class prob 0.998130,0.847168
12-15 20:07:48.166 E/libhand ( 1098): det hand num 1 
12-15 20:07:48.188 E/libhand ( 1098): tensor map shape 0 :1
12-15 20:07:48.189 E/libhand ( 1098): tensor map shape 1 :1
12-15 20:07:48.461 W/MDP     (  457): DpDriver::waitFramedone takes 52ms
12-15 20:07:48.461 W/MDP     (  457): DpIsp: 0x99d1bcc0, scenario 9, waitComplete 52 ms, 0, 0, 52, 0
12-15 20:07:48.461 W/MDP     (  457): DpIsp: 0x99d1bcc0, scenario 9, dst0 52 ms, 0, 52, 52, 52
12-15 20:07:48.461 W/MDP     (  457): DpIsp: 0x99d1bcc0, src 55 ms, 0, 0, 0, 0
12-15 20:07:48.466 I/BufferQueueProducer( 1098): [ImageReader-2560x1920f23m2-1098-6](this:0x6a329000,id:6,api:4,p:437,c:1098) queueBuffer: fps=2.41 dur=1242.87 max=503.22 min=304.09
12-15 20:07:48.487 I/BufferQueueProducer(  314): [com.tal.genie.voice/com.tal.genie.dicbook.cread.FingerSearchActivity#0](this:0xa3d0f000,id:13,api:1,p:1098,c:314) queueBuffer: fps=9.52 dur=1050.83 max=109.35 min=100.68
12-15 20:07:48.544 E/libhand ( 1098): det hand class prob 0.998130,0.847168
12-15 20:07:48.544 E/libhand ( 1098): det hand num 1 
12-15 20:07:48.572 E/libhand ( 1098): tensor map shape 0 :1
12-15 20:07:48.572 E/libhand ( 1098): tensor map shape 1 :1
12-15 20:07:48.662 E/libhand ( 1098): det hand class prob 0.998104,0.836965
12-15 20:07:48.662 E/libhand ( 1098): det hand num 1 
12-15 20:07:48.684 E/libhand ( 1098): tensor map shape 0 :1
12-15 20:07:48.684 E/libhand ( 1098): tensor map shape 1 :1
12-15 20:07:48.731 E/MtkDataShapingUtils(  624): Exception openLteGateByDataShaping  in java.lang.NullPointerException: null receiver
12-15 20:07:48.731 W/System.err(  624): java.lang.NullPointerException: null receiver
12-15 20:07:48.731 W/System.err(  624): 	at java.lang.reflect.Method.invoke(Native Method)
12-15 20:07:48.731 W/System.err(  624): 	at com.mediatek.server.MtkDataShaping.openLteGateByDataShaping(MtkDataShaping.java:36)
12-15 20:07:48.731 W/System.err(  624): 	at com.android.server.AlarmManagerService.deliverAlarmsLocked(AlarmManagerService.java:3603)
12-15 20:07:48.731 W/System.err(  624): 	at com.android.server.AlarmManagerService$AlarmThread.run(AlarmManagerService.java:3781)
12-15 20:07:48.733 E/ActivityManager(  624): Sending non-protected broadcast ALARM_ACTION(1083) from system uid 1000 pkg com.tal.genie.push
12-15 20:07:48.733 E/ActivityManager(  624): java.lang.Throwable
12-15 20:07:48.733 E/ActivityManager(  624): 	at com.android.server.am.ActivityManagerService.checkBroadcastFromSystem(ActivityManagerService.java:21477)
12-15 20:07:48.733 E/ActivityManager(  624): 	at com.android.server.am.ActivityManagerService.broadcastIntentLocked(ActivityManagerService.java:22077)
12-15 20:07:48.733 E/ActivityManager(  624): 	at com.android.server.am.ActivityManagerService.broadcastIntentInPackage(ActivityManagerService.java:22256)
12-15 20:07:48.733 E/ActivityManager(  624): 	at com.android.server.am.PendingIntentRecord.sendInner(PendingIntentRecord.java:372)
12-15 20:07:48.733 E/ActivityManager(  624): 	at com.android.server.am.PendingIntentRecord.sendWithResult(PendingIntentRecord.java:245)
12-15 20:07:48.733 E/ActivityManager(  624): 	at com.android.server.am.ActivityManagerService.sendIntentSender(ActivityManagerService.java:8613)
12-15 20:07:48.733 E/ActivityManager(  624): 	at android.app.PendingIntent.sendAndReturnResult(PendingIntent.java:892)
12-15 20:07:48.733 E/ActivityManager(  624): 	at android.app.PendingIntent.send(PendingIntent.java:874)
12-15 20:07:48.733 E/ActivityManager(  624): 	at com.android.server.AlarmManagerService$DeliveryTracker.deliverLocked(AlarmManagerService.java:4387)
12-15 20:07:48.733 E/ActivityManager(  624): 	at com.android.server.AlarmManagerService.deliverAlarmsLocked(AlarmManagerService.java:3632)
12-15 20:07:48.733 E/ActivityManager(  624): 	at com.android.server.AlarmManagerService$AlarmThread.run(AlarmManagerService.java:3781)
12-15 20:07:48.741 W/AES     (  624): Exception Log handling...
12-15 20:07:48.743 W/AES     (  624): skip for Exp level 0
12-15 20:07:48.870 E/det_main_area_sdk( 1098): pixel_format: (3)
12-15 20:07:48.870 E/det_main_area_sdk( 1098): pixel_format: (90)
12-15 20:07:48.924 E/libplasma( 1098): output_prob_tensor count (1880)
12-15 20:07:49.028 I/SurfaceFlinger(  314): [Built-in Screen (type:0)] fps:9.519083,dur:1050.52,max:107.00,min:102.76
12-15 20:07:49.036 E/WifiVendorHal(  624): getWifiLinkLayerStats(l.937) failed {.code = ERROR_NOT_SUPPORTED, .description = }
12-15 20:07:49.109 W/MDP     (  457): DpDriver::waitFramedone takes 53ms
12-15 20:07:49.109 W/MDP     (  457): DpIsp: 0x99d1bcc0, scenario 9, waitComplete 53 ms, 0, 0, 53, 0
12-15 20:07:49.109 W/MDP     (  457): DpIsp: 0x99d1bcc0, scenario 9, dst0 53 ms, 0, 53, 53, 53
12-15 20:07:49.109 W/MDP     (  457): DpIsp: 0x99d1bcc0, src 56 ms, 0, 0, 0, 0
12-15 20:07:49.190 E/libhand ( 1098): det hand class prob 0.998104,0.836965
12-15 20:07:49.190 E/libhand ( 1098): det hand num 1 
12-15 20:07:49.216 E/libhand ( 1098): tensor map shape 0 :1
12-15 20:07:49.216 E/libhand ( 1098): tensor map shape 1 :1
12-15 20:07:49.319 E/libhand ( 1098): det hand class prob 0.998073,0.864556
12-15 20:07:49.319 E/libhand ( 1098): det hand num 1 
12-15 20:07:49.342 E/libhand ( 1098): tensor map shape 0 :1
12-15 20:07:49.342 E/libhand ( 1098): tensor map shape 1 :1
12-15 20:07:49.513 W/MDP     (  457): DpDriver::waitFramedone takes 53ms
12-15 20:07:49.513 W/MDP     (  457): DpIsp: 0x99d1bcc0, scenario 9, waitComplete 53 ms, 0, 0, 53, 0
12-15 20:07:49.513 W/MDP     (  457): DpIsp: 0x99d1bcc0, scenario 9, dst0 53 ms, 0, 53, 53, 53
12-15 20:07:49.513 W/MDP     (  457): DpIsp: 0x99d1bcc0, src 56 ms, 0, 0, 0, 0
12-15 20:07:49.520 I/BufferQueueProducer( 1098): [ImageReader-2560x1920f23m2-1098-6](this:0x6a329000,id:6,api:4,p:437,c:1098) queueBuffer: fps=1.90 dur=1053.64 max=649.79 min=403.85
12-15 20:07:49.541 I/BufferQueueProducer(  314): [com.tal.genie.voice/com.tal.genie.dicbook.cread.FingerSearchActivity#0](this:0xa3d0f000,id:13,api:1,p:1098,c:314) queueBuffer: fps=9.48 dur=1054.81 max=108.82 min=101.54
12-15 20:07:49.599 E/libhand ( 1098): det hand class prob 0.998073,0.864556
12-15 20:07:49.599 E/libhand ( 1098): det hand num 1 
12-15 20:07:49.624 E/libhand ( 1098): tensor map shape 0 :1
12-15 20:07:49.624 E/libhand ( 1098): tensor map shape 1 :1
12-15 20:07:49.638 E/libhand ( 1098): det hand class prob 0.998138,0.513702
12-15 20:07:49.638 E/libhand ( 1098): det hand num 1 
12-15 20:07:49.669 E/libhand ( 1098): tensor map shape 0 :1
12-15 20:07:49.669 E/libhand ( 1098): tensor map shape 1 :1
12-15 20:07:49.848 W/MDP     (  457): DpDriver::waitFramedone takes 53ms
12-15 20:07:49.848 W/MDP     (  457): DpIsp: 0x99d1bcc0, scenario 9, waitComplete 53 ms, 0, 0, 53, 0
12-15 20:07:49.848 W/MDP     (  457): DpIsp: 0x99d1bcc0, scenario 9, dst0 53 ms, 0, 53, 53, 53
12-15 20:07:49.848 W/MDP     (  457): DpIsp: 0x99d1bcc0, src 56 ms, 0, 0, 0, 0
12-15 20:07:49.931 E/libhand ( 1098): det hand class prob 0.998138,0.513702
12-15 20:07:49.931 E/libhand ( 1098): det hand num 1 
12-15 20:07:49.955 E/libhand ( 1098): tensor map shape 0 :1
12-15 20:07:49.955 E/libhand ( 1098): tensor map shape 1 :1
12-15 20:07:49.975 E/libhand ( 1098): det hand class prob 0.998070,0.679573
12-15 20:07:49.975 E/libhand ( 1098): det hand num 1 
12-15 20:07:50.000 E/libhand ( 1098): tensor map shape 0 :1
12-15 20:07:50.000 E/libhand ( 1098): tensor map shape 1 :1
12-15 20:07:50.080 I/SurfaceFlinger(  314): [Built-in Screen (type:0)] fps:9.505824,dur:1051.99,max:106.32,min:104.21
12-15 20:07:50.190 W/MDP     (  457): DpDriver::waitFramedone takes 52ms
12-15 20:07:50.190 W/MDP     (  457): DpIsp: 0x99d1bcc0, scenario 9, waitComplete 53 ms, 0, 0, 53, 0
12-15 20:07:50.190 W/MDP     (  457): DpIsp: 0x99d1bcc0, scenario 9, dst0 53 ms, 0, 53, 53, 53
12-15 20:07:50.190 W/MDP     (  457): DpIsp: 0x99d1bcc0, src 56 ms, 0, 0, 0, 0
12-15 20:07:50.258 E/libhand ( 1098): det hand class prob 0.998070,0.679573
12-15 20:07:50.258 E/libhand ( 1098): det hand num 1 
12-15 20:07:50.283 E/libhand ( 1098): tensor map shape 0 :1
12-15 20:07:50.283 E/libhand ( 1098): tensor map shape 1 :1
12-15 20:07:50.299 E/libhand ( 1098): det hand class prob 0.999008,0.887247
12-15 20:07:50.299 E/libhand ( 1098): det hand num 1 
12-15 20:07:50.319 E/libhand ( 1098): tensor map shape 0 :1
12-15 20:07:50.319 E/libhand ( 1098): tensor map shape 1 :1
12-15 20:07:50.496 W/MDP     (  457): DpDriver::waitFramedone takes 52ms
12-15 20:07:50.496 W/MDP     (  457): DpIsp: 0x99d1bcc0, scenario 9, waitComplete 53 ms, 0, 0, 53, 0
12-15 20:07:50.496 W/MDP     (  457): DpIsp: 0x99d1bcc0, scenario 9, dst0 53 ms, 0, 53, 53, 53
12-15 20:07:50.496 W/MDP     (  457): DpIsp: 0x99d1bcc0, src 56 ms, 0, 0, 0, 0
12-15 20:07:50.571 E/libhand ( 1098): det hand class prob 0.999008,0.887247
12-15 20:07:50.572 E/libhand ( 1098): det hand num 1 
12-15 20:07:50.590 I/BufferQueueProducer(  314): [com.tal.genie.voice/com.tal.genie.dicbook.cread.FingerSearchActivity#0](this:0xa3d0f000,id:13,api:1,p:1098,c:314) queueBuffer: fps=9.54 dur=1048.07 max=108.07 min=102.53
12-15 20:07:50.595 E/libhand ( 1098): tensor map shape 0 :1
12-15 20:07:50.595 E/libhand ( 1098): tensor map shape 1 :1
12-15 20:07:50.617 E/libhand ( 1098): det hand class prob 0.998528,0.711404
12-15 20:07:50.618 E/libhand ( 1098): det hand num 1 
12-15 20:07:50.644 E/libhand ( 1098): tensor map shape 0 :1
12-15 20:07:50.644 E/libhand ( 1098): tensor map shape 1 :1
12-15 20:07:50.829 W/MDP     (  457): DpDriver::waitFramedone takes 52ms
12-15 20:07:50.829 W/MDP     (  457): DpIsp: 0x99d1bcc0, scenario 9, waitComplete 52 ms, 0, 0, 52, 0
12-15 20:07:50.829 W/MDP     (  457): DpIsp: 0x99d1bcc0, scenario 9, dst0 52 ms, 0, 52, 52, 52
12-15 20:07:50.829 W/MDP     (  457): DpIsp: 0x99d1bcc0, src 56 ms, 0, 0, 0, 0
12-15 20:07:50.834 I/BufferQueueProducer( 1098): [ImageReader-2560x1920f23m2-1098-6](this:0x6a329000,id:6,api:4,p:437,c:1098) queueBuffer: fps=3.04 dur=1314.47 max=338.54 min=309.94
12-15 20:07:50.888 E/libhand ( 1098): det hand class prob 0.998528,0.711404
12-15 20:07:50.888 E/libhand ( 1098): det hand num 1 
12-15 20:07:50.908 E/libhand ( 1098): tensor map shape 0 :1
12-15 20:07:50.908 E/libhand ( 1098): tensor map shape 1 :1
12-15 20:07:50.925 E/libhand ( 1098): det hand class prob 0.999048,0.823018
12-15 20:07:50.925 E/libhand ( 1098): det hand num 1 
12-15 20:07:50.947 E/libhand ( 1098): tensor map shape 0 :1
12-15 20:07:50.947 E/libhand ( 1098): tensor map shape 1 :1
12-15 20:07:51.131 I/SurfaceFlinger(  314): [Built-in Screen (type:0)] fps:9.509746,dur:1051.55,max:106.23,min:104.01
12-15 20:07:51.136 W/MDP     (  457): DpDriver::waitFramedone takes 52ms
12-15 20:07:51.136 W/MDP     (  457): DpIsp: 0x99d1bcc0, scenario 9, waitComplete 53 ms, 0, 0, 53, 0
12-15 20:07:51.136 W/MDP     (  457): DpIsp: 0x99d1bcc0, scenario 9, dst0 53 ms, 0, 53, 53, 53
12-15 20:07:51.137 W/MDP     (  457): DpIsp: 0x99d1bcc0, src 57 ms, 0, 0, 0, 0
12-15 20:07:51.214 E/libhand ( 1098): det hand class prob 0.999048,0.823018
12-15 20:07:51.215 E/libhand ( 1098): det hand num 1 
12-15 20:07:51.245 E/libhand ( 1098): tensor map shape 0 :1
12-15 20:07:51.245 E/libhand ( 1098): tensor map shape 1 :1
12-15 20:07:51.262 E/libhand ( 1098): det hand class prob 0.998048,0.746542
12-15 20:07:51.262 E/libhand ( 1098): det hand num 1 
12-15 20:07:51.285 E/libhand ( 1098): tensor map shape 0 :1
12-15 20:07:51.285 E/libhand ( 1098): tensor map shape 1 :1
12-15 20:07:51.470 W/MDP     (  457): DpDriver::waitFramedone takes 52ms
12-15 20:07:51.470 W/MDP     (  457): DpIsp: 0x99d1bcc0, scenario 9, waitComplete 52 ms, 0, 0, 52, 0
12-15 20:07:51.470 W/MDP     (  457): DpIsp: 0x99d1bcc0, scenario 9, dst0 52 ms, 0, 52, 52, 52
12-15 20:07:51.471 W/MDP     (  457): DpIsp: 0x99d1bcc0, src 56 ms, 0, 0, 0, 0
12-15 20:07:51.529 E/libhand ( 1098): det hand class prob 0.998048,0.746542
12-15 20:07:51.529 E/libhand ( 1098): det hand num 1 
12-15 20:07:51.555 E/libhand ( 1098): tensor map shape 0 :1
12-15 20:07:51.555 E/libhand ( 1098): tensor map shape 1 :1
12-15 20:07:51.570 E/libhand ( 1098): det hand class prob 0.998080,0.805215
12-15 20:07:51.570 E/libhand ( 1098): det hand num 1 
12-15 20:07:51.589 E/libhand ( 1098): tensor map shape 0 :1
12-15 20:07:51.589 E/libhand ( 1098): tensor map shape 1 :1
12-15 20:07:51.640 I/BufferQueueProducer(  314): [com.tal.genie.voice/com.tal.genie.dicbook.cread.FingerSearchActivity#0](this:0xa3d0f000,id:13,api:1,p:1098,c:314) queueBuffer: fps=9.52 dur=1050.40 max=107.85 min=103.22
12-15 20:07:51.772 W/MDP     (  457): DpDriver::waitFramedone takes 53ms
12-15 20:07:51.772 W/MDP     (  457): DpIsp: 0x99d1bcc0, scenario 9, waitComplete 53 ms, 0, 0, 53, 0
12-15 20:07:51.772 W/MDP     (  457): DpIsp: 0x99d1bcc0, scenario 9, dst0 53 ms, 0, 53, 53, 53
12-15 20:07:51.772 W/MDP     (  457): DpIsp: 0x99d1bcc0, src 55 ms, 0, 0, 0, 0
12-15 20:07:51.850 E/libhand ( 1098): det hand class prob 0.998080,0.805215
12-15 20:07:51.850 E/libhand ( 1098): det hand num 1 
12-15 20:07:51.882 E/libhand ( 1098): tensor map shape 0 :1
12-15 20:07:51.882 E/libhand ( 1098): tensor map shape 1 :1
12-15 20:07:51.902 E/libhand ( 1098): det hand class prob 0.998112,0.834280
12-15 20:07:51.902 E/libhand ( 1098): det hand num 1 
12-15 20:07:51.928 E/libhand ( 1098): tensor map shape 0 :1
12-15 20:07:51.928 E/libhand ( 1098): tensor map shape 1 :1
12-15 20:07:52.043 E/WifiVendorHal(  624): getWifiLinkLayerStats(l.937) failed {.code = ERROR_NOT_SUPPORTED, .description = }
12-15 20:07:52.111 W/MDP     (  457): DpDriver::waitFramedone takes 52ms
12-15 20:07:52.111 W/MDP     (  457): DpIsp: 0x99d1bcc0, scenario 9, waitComplete 52 ms, 0, 0, 52, 0
12-15 20:07:52.111 W/MDP     (  457): DpIsp: 0x99d1bcc0, scenario 9, dst0 52 ms, 0, 52, 52, 52
12-15 20:07:52.111 W/MDP     (  457): DpIsp: 0x99d1bcc0, src 56 ms, 0, 0, 0, 0
12-15 20:07:52.116 I/BufferQueueProducer( 1098): [ImageReader-2560x1920f23m2-1098-6](this:0x6a329000,id:6,api:4,p:437,c:1098) queueBuffer: fps=3.12 dur=1281.71 max=337.67 min=302.25
12-15 20:07:52.170 E/libhand ( 1098): det hand class prob 0.998112,0.834280
12-15 20:07:52.170 E/libhand ( 1098): det hand num 1 
12-15 20:07:52.182 I/SurfaceFlinger(  314): [Built-in Screen (type:0)] fps:9.514258,dur:1051.05,max:106.38,min:103.90
12-15 20:07:52.199 E/libhand ( 1098): tensor map shape 0 :1
12-15 20:07:52.199 E/libhand ( 1098): tensor map shape 1 :1
12-15 20:07:52.215 E/libhand ( 1098): det hand class prob 0.998267,0.805088
12-15 20:07:52.215 E/libhand ( 1098): det hand num 1 
12-15 20:07:52.238 E/libhand ( 1098): tensor map shape 0 :1
12-15 20:07:52.238 E/libhand ( 1098): tensor map shape 1 :1
12-15 20:07:52.417 W/MDP     (  457): DpDriver::waitFramedone takes 53ms
12-15 20:07:52.417 W/MDP     (  457): DpIsp: 0x99d1bcc0, scenario 9, waitComplete 53 ms, 0, 0, 53, 0
12-15 20:07:52.418 W/MDP     (  457): DpIsp: 0x99d1bcc0, scenario 9, dst0 53 ms, 0, 53, 53, 53
12-15 20:07:52.418 W/MDP     (  457): DpIsp: 0x99d1bcc0, src 56 ms, 0, 0, 0, 0
12-15 20:07:52.493 E/libhand ( 1098): det hand class prob 0.998267,0.805088
12-15 20:07:52.493 E/libhand ( 1098): det hand num 1 
12-15 20:07:52.519 E/libhand ( 1098): tensor map shape 0 :1
12-15 20:07:52.519 E/libhand ( 1098): tensor map shape 1 :1
12-15 20:07:52.536 E/libhand ( 1098): det hand class prob 0.999195,0.832805
12-15 20:07:52.536 E/libhand ( 1098): det hand num 1 
12-15 20:07:52.558 E/libhand ( 1098): tensor map shape 0 :1
12-15 20:07:52.559 E/libhand ( 1098): tensor map shape 1 :1
12-15 20:07:52.692 I/BufferQueueProducer(  314): [com.tal.genie.voice/com.tal.genie.dicbook.cread.FingerSearchActivity#0](this:0xa3d0f000,id:13,api:1,p:1098,c:314) queueBuffer: fps=9.50 dur=1052.59 max=107.44 min=103.04
12-15 20:07:52.819 W/MDP     (  457): DpDriver::waitFramedone takes 52ms
12-15 20:07:52.819 W/MDP     (  457): DpIsp: 0x99d1bcc0, scenario 9, waitComplete 52 ms, 0, 0, 52, 0
12-15 20:07:52.819 W/MDP     (  457): DpIsp: 0x99d1bcc0, scenario 9, dst0 52 ms, 0, 52, 52, 52
12-15 20:07:52.819 W/MDP     (  457): DpIsp: 0x99d1bcc0, src 56 ms, 0, 0, 0, 0
12-15 20:07:52.876 E/libhand ( 1098): det hand class prob 0.999195,0.832805
12-15 20:07:52.876 E/libhand ( 1098): det hand num 1 
12-15 20:07:52.896 E/libhand ( 1098): tensor map shape 0 :1
12-15 20:07:52.896 E/libhand ( 1098): tensor map shape 1 :1
12-15 20:07:52.992 E/libhand ( 1098): det hand class prob 0.999117,0.689937
12-15 20:07:52.992 E/libhand ( 1098): det hand num 1 
12-15 20:07:53.016 E/libhand ( 1098): tensor map shape 0 :1
12-15 20:07:53.016 E/libhand ( 1098): tensor map shape 1 :1
12-15 20:07:53.196 W/MDP     (  457): DpDriver::waitFramedone takes 53ms
12-15 20:07:53.196 W/MDP     (  457): DpIsp: 0x99d1bcc0, scenario 9, waitComplete 53 ms, 0, 0, 53, 0
12-15 20:07:53.196 W/MDP     (  457): DpIsp: 0x99d1bcc0, scenario 9, dst0 53 ms, 0, 53, 53, 53
12-15 20:07:53.196 W/MDP     (  457): DpIsp: 0x99d1bcc0, src 61 ms, 0, 0, 0, 0
12-15 20:07:53.202 I/BufferQueueProducer( 1098): [ImageReader-2560x1920f23m2-1098-6](this:0x6a329000,id:6,api:4,p:437,c:1098) queueBuffer: fps=2.76 dur=1085.91 max=400.54 min=307.75
12-15 20:07:53.235 I/SurfaceFlinger(  314): [Built-in Screen (type:0)] fps:9.503847,dur:1052.21,max:106.31,min:104.42
12-15 20:07:53.271 E/libhand ( 1098): det hand class prob 0.999117,0.689937
12-15 20:07:53.271 E/libhand ( 1098): det hand num 1 
12-15 20:07:53.299 E/libhand ( 1098): tensor map shape 0 :1
12-15 20:07:53.299 E/libhand ( 1098): tensor map shape 1 :1
12-15 20:07:53.313 E/libhand ( 1098): det hand class prob 0.998129,0.832800
12-15 20:07:53.314 E/libhand ( 1098): det hand num 1 
12-15 20:07:53.340 E/libhand ( 1098): tensor map shape 0 :1
12-15 20:07:53.340 E/libhand ( 1098): tensor map shape 1 :1
12-15 20:07:53.531 W/MDP     (  457): DpDriver::waitFramedone takes 52ms
12-15 20:07:53.531 W/MDP     (  457): DpIsp: 0x99d1bcc0, scenario 9, waitComplete 52 ms, 0, 0, 52, 0
12-15 20:07:53.531 W/MDP     (  457): DpIsp: 0x99d1bcc0, scenario 9, dst0 52 ms, 0, 52, 52, 52
12-15 20:07:53.531 W/MDP     (  457): DpIsp: 0x99d1bcc0, src 56 ms, 0, 0, 0, 0
12-15 20:07:53.623 E/libhand ( 1098): det hand class prob 0.998129,0.832800
12-15 20:07:53.624 E/libhand ( 1098): det hand num 1 
12-15 20:07:53.663 E/libhand ( 1098): tensor map shape 0 :1
12-15 20:07:53.663 E/libhand ( 1098): tensor map shape 1 :1
12-15 20:07:53.679 E/libhand ( 1098): det hand class prob 0.998087,0.779630
12-15 20:07:53.679 E/libhand ( 1098): det hand num 1 
12-15 20:07:53.703 E/libhand ( 1098): tensor map shape 0 :1
12-15 20:07:53.703 E/libhand ( 1098): tensor map shape 1 :1
