--------- beginning of system
12-15 16:21:46.930 E/storaged(  472): getDiskStats failed with result NOT_SUPPORTED and size 0
12-15 16:22:12.502 W/ContextImpl( 1148): Calling a method in the system process without a qualified user: android.app.ContextImpl.sendBroadcast:1006 android.content.ContextWrapper.sendBroadcast:444 com.tal.genie.lockscreen.utils.PushNotificationDialogManager.sendPushNotificationStatus:54 com.tal.genie.lockscreen.utils.PushNotificationDialogManager.sendPushNotificationShow:23 com.tal.genie.lockscreen.activity.LockScreenActivity.onFinish:187 
12-15 16:22:12.740 V/WindowManager(  628): Set focused app to: AppWindowToken{d0ce657 token=Token{df63d6 ActivityRecord{ee57bf1 u0 com.tal.genie.voice/com.tal.genie.dicbook.dic.ListResultActivity t48}}} old focus=AppWindowToken{290c963 token=Token{afffb92 ActivityRecord{7e6ed1d u0 com.tal.genie.launcher/com.tal.genie.lockscreen.activity.LockScreenActivity t50}}} moveFocusNow=true
12-15 16:22:12.740 V/WindowManager(  628): Changing focus from Window{9932faf u0 com.tal.genie.launcher/com.tal.genie.lockscreen.activity.LockScreenActivity} to null Callers=com.android.server.wm.WindowManagerService.setFocusedApp:2638 com.android.server.am.ActivityManagerService.setResumedActivityUncheckLocked:3631 com.android.server.am.ActivityStack.onActivityStateChanged:498 com.android.server.am.TaskRecord.onActivityStateChanged:1794 
12-15 16:22:12.741 D/WindowManager(  628): Input focus has changed to null
12-15 16:22:12.748 I/WindowManager(  628): Focus moving from Window{9932faf u0 com.tal.genie.launcher/com.tal.genie.lockscreen.activity.LockScreenActivity} to null
12-15 16:22:12.830 I/WindowManager(  628): Relayout Window{5766e86 u0 com.tal.genie.voice/com.tal.genie.dicbook.dic.ListResultActivity}: oldVis=4 newVis=0 focusMayChange = true
12-15 16:22:12.838 V/WindowManager(  628): Changing focus from null to Window{5766e86 u0 com.tal.genie.voice/com.tal.genie.dicbook.dic.ListResultActivity} Callers=com.android.server.wm.WindowManagerService.relayoutWindow:2142 com.android.server.wm.Session.relayout:244 android.view.IWindowSession$Stub.onTransact:309 com.android.server.wm.Session.onTransact:164 
12-15 16:22:12.838 D/WindowManager(  628): Input focus has changed to Window{5766e86 u0 com.tal.genie.voice/com.tal.genie.dicbook.dic.ListResultActivity}
12-15 16:22:12.840 I/WindowManager(  628): Focus moving from null to Window{5766e86 u0 com.tal.genie.voice/com.tal.genie.dicbook.dic.ListResultActivity}
12-15 16:22:12.872 I/ProcessStatsService(  628): Added stats: 2021-12-15-14-09-33, over +1h30m9s387ms
12-15 16:22:12.927 I/WindowManager(  628): Relayout Window{82a54ff u0 com.android.settings/com.android.settings.SubSettings}: oldVis=4 newVis=0 focusMayChange = true
12-15 16:22:12.977 W/ContextImpl( 1148): Calling a method in the system process without a qualified user: android.app.ContextImpl.startActivity:900 android.content.ContextWrapper.startActivity:401 com.tal.genie.launcher.ui.voice.view.VoiceCallBackImplNew.toVoiceActivity:55 com.tal.genie.launcher.ui.voice.view.VoiceCallBackImplNew.toVoiceView:44 com.tal.genie.launcher.ui.voice.view.VoiceCallBackImplNew.access$000:18 
12-15 16:22:12.978 I/ActivityManager(  628): START u0 {flg=0x10000000 cmp=com.tal.genie.launcher/.ui.voice.VoiceNewActivity} from uid 1000
12-15 16:22:13.014 V/WindowManager(  628): Set focused app to: AppWindowToken{1092caa token=Token{3f05395 ActivityRecord{3af674c u0 com.tal.genie.launcher/.ui.voice.VoiceNewActivity t51}}} old focus=AppWindowToken{d0ce657 token=Token{df63d6 ActivityRecord{ee57bf1 u0 com.tal.genie.voice/com.tal.genie.dicbook.dic.ListResultActivity t48}}} moveFocusNow=true
12-15 16:22:13.014 V/WindowManager(  628): findFocusedWindow: Reached focused app=AppWindowToken{1092caa token=Token{3f05395 ActivityRecord{3af674c u0 com.tal.genie.launcher/.ui.voice.VoiceNewActivity t51}}}
12-15 16:22:13.015 V/WindowManager(  628): Changing focus from Window{5766e86 u0 com.tal.genie.voice/com.tal.genie.dicbook.dic.ListResultActivity} to null Callers=com.android.server.wm.WindowManagerService.setFocusedApp:2638 com.android.server.am.ActivityManagerService.setResumedActivityUncheckLocked:3631 com.android.server.am.ActivityStack.onActivityStateChanged:498 com.android.server.am.TaskRecord.onActivityStateChanged:1794 
12-15 16:22:13.015 D/WindowManager(  628): Input focus has changed to null
12-15 16:22:13.016 I/WindowManager(  628): Focus moving from Window{5766e86 u0 com.tal.genie.voice/com.tal.genie.dicbook.dic.ListResultActivity} to null
12-15 16:22:13.220 I/WindowManager(  628): Relayout Window{e4f9411 u0 com.tal.genie.launcher/com.tal.genie.launcher.ui.voice.VoiceNewActivity}: oldVis=4 newVis=0 focusMayChange = true
12-15 16:22:13.225 V/WindowManager(  628): Changing focus from null to Window{e4f9411 u0 com.tal.genie.launcher/com.tal.genie.launcher.ui.voice.VoiceNewActivity} Callers=com.android.server.wm.WindowManagerService.relayoutWindow:2142 com.android.server.wm.Session.relayout:244 android.view.IWindowSession$Stub.onTransact:309 com.android.server.wm.Session.onTransact:164 
12-15 16:22:13.226 D/WindowManager(  628): Input focus has changed to Window{e4f9411 u0 com.tal.genie.launcher/com.tal.genie.launcher.ui.voice.VoiceNewActivity}
12-15 16:22:13.226 I/WindowManager(  628): Focus moving from null to Window{e4f9411 u0 com.tal.genie.launcher/com.tal.genie.launcher.ui.voice.VoiceNewActivity}
12-15 16:22:13.283 W/ContextImpl( 3315): Calling a method in the system process without a qualified user: android.app.ContextImpl.startService:1532 android.content.ContextWrapper.startService:664 android.app.Activity.onEnterAnimationComplete:6662 android.app.Activity.dispatchEnterAnimationComplete:6673 android.app.ActivityThread.handleEnterAnimationComplete:3275 
12-15 16:22:13.287 W/ContextImpl( 3315): Calling a method in the system process without a qualified user: android.app.ContextImpl.startService:1532 android.content.ContextWrapper.startService:664 android.app.Activity.onEnterAnimationComplete:6662 android.app.Activity.dispatchEnterAnimationComplete:6673 android.app.ActivityThread.handleEnterAnimationComplete:3275 
12-15 16:22:13.288 W/ContextImpl( 1148): Calling a method in the system process without a qualified user: android.app.ContextImpl.startService:1532 android.content.ContextWrapper.startService:664 android.content.ContextWrapper.startService:664 android.app.Activity.onEnterAnimationComplete:6662 android.app.Activity.dispatchEnterAnimationComplete:6673 
12-15 16:22:13.290 W/ContextImpl( 1148): Calling a method in the system process without a qualified user: android.app.ContextImpl.startService:1532 android.content.ContextWrapper.startService:664 android.content.ContextWrapper.startService:664 android.app.Activity.onEnterAnimationComplete:6662 android.app.Activity.dispatchEnterAnimationComplete:6673 
12-15 16:22:17.881 I/NetworkStatsRecorder(  628): recordSnapshotLocked: ident[[{type=WIFI, subType=COMBINED, networkId="TAL-Device", metered=false, defaultNetwork=true}]]
12-15 16:22:17.881 W/NetworkStatsRecorder(  628): unknown interfaces [lo], ignoring those stats
12-15 16:22:17.881 I/NetworkStatsRecorder(  628): recordSnapshotLocked: ident[[{type=WIFI, subType=COMBINED, networkId="TAL-Device", metered=false, defaultNetwork=true}]]
12-15 16:22:17.881 W/NetworkStatsRecorder(  628): unknown interfaces [lo], ignoring those stats
12-15 16:22:17.882 I/NetworkStatsRecorder(  628): recordSnapshotLocked: ident[[{type=WIFI, subType=COMBINED, networkId="TAL-Device", metered=false, defaultNetwork=true}]]
12-15 16:22:17.882 I/chatty  (  628): uid=1000(system) NetworkStats identical 2 lines
12-15 16:22:17.882 I/NetworkStatsRecorder(  628): recordSnapshotLocked: ident[[{type=WIFI, subType=COMBINED, networkId="TAL-Device", metered=false, defaultNetwork=true}]]
12-15 16:22:17.882 W/NetworkStatsRecorder(  628): unknown interfaces [lo], ignoring those stats
12-15 16:22:17.882 W/NetworkStatsRecorder(  628): unknown interfaces [lo], ignoring those stats
12-15 16:22:17.882 D/NetworkStatsRecorder(  628): forcePersistLocked() writing for dev
12-15 16:22:17.891 D/NetworkStatsRecorder(  628): forcePersistLocked() writing for xt
12-15 16:22:18.731 I/ActivityManager(  628): START u0 {flg=0x10000000 cmp=com.tal.genie.voice/com.tal.genie.dicbook.dic.ListResultActivity} from uid 10027
12-15 16:22:18.734 V/WindowManager(  628): Changing focus from Window{e4f9411 u0 com.tal.genie.launcher/com.tal.genie.launcher.ui.voice.VoiceNewActivity} to Window{5766e86 u0 com.tal.genie.voice/com.tal.genie.dicbook.dic.ListResultActivity} Callers=com.android.server.wm.DisplayContent.layoutAndAssignWindowLayersIfNeeded:2447 com.android.server.wm.StackWindowController.positionChildAtTop:146 com.android.server.am.ActivityStack.insertTaskAtTop:2860 com.android.server.am.ActivityStack.moveTaskToFrontLocked:4622 
12-15 16:22:18.734 D/WindowManager(  628): Input focus has changed to Window{5766e86 u0 com.tal.genie.voice/com.tal.genie.dicbook.dic.ListResultActivity}
12-15 16:22:18.736 I/WindowManager(  628): Focus moving from Window{e4f9411 u0 com.tal.genie.launcher/com.tal.genie.launcher.ui.voice.VoiceNewActivity} to Window{5766e86 u0 com.tal.genie.voice/com.tal.genie.dicbook.dic.ListResultActivity}
12-15 16:22:18.751 V/WindowManager(  628): Set focused app to: AppWindowToken{d0ce657 token=Token{df63d6 ActivityRecord{ee57bf1 u0 com.tal.genie.voice/com.tal.genie.dicbook.dic.ListResultActivity t48}}} old focus=AppWindowToken{1092caa token=Token{3f05395 ActivityRecord{3af674c u0 com.tal.genie.launcher/.ui.voice.VoiceNewActivity t51}}} moveFocusNow=true
12-15 16:22:18.881 W/WindowManager(  628): Failed to load bitmap: /data/system_ce/0/snapshots/51_reduced.jpg
12-15 16:22:46.931 E/storaged(  472): getDiskStats failed with result NOT_SUPPORTED and size 0
12-15 16:23:27.365 W/ContextImpl( 1148): Calling a method in the system process without a qualified user: android.app.ContextImpl.startActivity:888 android.content.ContextWrapper.startActivity:379 com.tal.genie.lockscreen.receiver.LockScreenReceiver.lockScreen:117 com.tal.genie.lockscreen.receiver.LockScreenReceiver.onReceive:51 android.app.LoadedApk$ReceiverDispatcher$Args.lambda$getRunnable$0:1391 
12-15 16:23:27.366 W/ContextImpl( 1148): Calling a method in the system process without a qualified user: android.app.ContextImpl.startActivity:900 android.app.ContextImpl.startActivity:889 android.content.ContextWrapper.startActivity:379 com.tal.genie.lockscreen.receiver.LockScreenReceiver.lockScreen:117 com.tal.genie.lockscreen.receiver.LockScreenReceiver.onReceive:51 
12-15 16:23:27.367 I/ActivityManager(  628): START u0 {flg=0x10800000 cmp=com.tal.genie.launcher/com.tal.genie.lockscreen.activity.LockScreenActivity} from uid 1000
12-15 16:23:27.388 I/WindowManager(  628): Focus moving from Window{5766e86 u0 com.tal.genie.voice/com.tal.genie.dicbook.dic.ListResultActivity} to null
12-15 16:23:27.392 W/ContextImpl( 1148): Calling a method in the system process without a qualified user: android.app.ContextImpl.sendBroadcast:1006 android.content.ContextWrapper.sendBroadcast:444 com.tal.genie.lockscreen.utils.PushNotificationDialogManager.sendPushNotificationStatus:54 com.tal.genie.lockscreen.utils.PushNotificationDialogManager.sendPushNotificationShow:23 com.tal.genie.lockscreen.receiver.LockScreenReceiver.lockScreen:122 
12-15 16:23:27.465 W/ContextImpl( 1148): Calling a method in the system process without a qualified user: android.app.ContextImpl.startForegroundService:1538 android.content.ContextWrapper.startForegroundService:669 android.content.ContextWrapper.startForegroundService:669 com.tal.genie.lockscreen.activity.LockScreenActivity.initSevice:84 com.tal.genie.lockscreen.activity.LockScreenActivity.onCreate:77 
12-15 16:23:27.485 W/ContextImpl( 1148): Calling a method in the system process without a qualified user: android.app.ContextImpl.startService:1532 android.content.ContextWrapper.startService:664 android.content.ContextWrapper.startService:664 android.app.Activity.onEnterAnimationComplete:6662 android.app.Activity.dispatchEnterAnimationComplete:6673 
12-15 16:23:27.487 W/ContextImpl( 1148): Calling a method in the system process without a qualified user: android.app.ContextImpl.startService:1532 android.content.ContextWrapper.startService:664 android.content.ContextWrapper.startService:664 android.app.Activity.onEnterAnimationComplete:6662 android.app.Activity.dispatchEnterAnimationComplete:6673 
12-15 16:23:27.498 I/WindowManager(  628): Relayout Window{2b22504 u0 com.tal.genie.launcher/com.tal.genie.lockscreen.activity.LockScreenActivity}: oldVis=4 newVis=0 focusMayChange = true
12-15 16:23:27.507 I/WindowManager(  628): Focus moving from null to Window{2b22504 u0 com.tal.genie.launcher/com.tal.genie.lockscreen.activity.LockScreenActivity}
12-15 16:23:46.932 E/storaged(  472): getDiskStats failed with result NOT_SUPPORTED and size 0
12-15 16:24:46.933 E/storaged(  472): getDiskStats failed with result NOT_SUPPORTED and size 0
12-15 16:24:52.721 W/BroadcastQueue(  628): Background execution not allowed: receiving Intent { act=com.android.providers.media.ACTIVATE_MEDIAPROCESS flg=0x10 } to com.android.providers.media/.MtpReceiver
12-15 16:25:25.876 W/ContextImpl( 1148): Calling a method in the system process without a qualified user: android.app.ContextImpl.sendBroadcast:1006 android.content.ContextWrapper.sendBroadcast:444 com.tal.genie.lockscreen.receiver.LockScreenReceiver.sendUnlockScreenOnBroadcast:155 com.tal.genie.lockscreen.receiver.LockScreenReceiver.onReceive:47 android.app.LoadedApk$ReceiverDispatcher$Args.lambda$getRunnable$0:1391 
12-15 16:25:25.898 W/ContextImpl( 1148): Calling a method in the system process without a qualified user: android.app.ContextImpl.sendBroadcast:1006 android.content.ContextWrapper.sendBroadcast:444 com.tal.genie.lockscreen.utils.PushNotificationDialogManager.sendPushNotificationStatus:54 com.tal.genie.lockscreen.utils.PushNotificationDialogManager.sendPushNotificationShow:23 com.tal.genie.lockscreen.activity.LockScreenActivity.onFinish:187 
12-15 16:25:26.042 I/PowerManagerService(  628): Going to sleep due to power button (uid 1000)...
12-15 16:25:26.042 W/UsageStatsService(  628): Event reported without a package name
12-15 16:25:26.043 I/PowerManagerService(  628): Sleeping (uid 1000)...
12-15 16:25:26.043 I/DisplayPowerController(  628): Blocking screen off
12-15 16:25:26.043 I/DisplayPowerController(  628): Unblocked screen off after 0 ms
12-15 16:25:26.046 E/KernelCpuSpeedReader(  628): Failed to read cpu-freq: /sys/devices/system/cpu/cpu0/cpufreq/stats/time_in_state (No such file or directory)
12-15 16:25:26.061 I/DisplayManagerService(  628): Display device changed state: "内置屏幕", OFF
12-15 16:25:26.114 I/WindowManager(  628): Focus moving from Window{2b22504 u0 com.tal.genie.launcher/com.tal.genie.lockscreen.activity.LockScreenActivity} to null
12-15 16:25:26.182 I/WindowManager(  628): Relayout Window{5766e86 u0 com.tal.genie.voice/com.tal.genie.dicbook.dic.ListResultActivity}: oldVis=4 newVis=0 focusMayChange = true
12-15 16:25:26.187 I/WindowManager(  628): Focus moving from null to Window{5766e86 u0 com.tal.genie.voice/com.tal.genie.dicbook.dic.ListResultActivity}
12-15 16:25:26.221 I/ProcessStatsService(  628): Added stats: 2021-12-15-14-09-33, over +1h30m9s387ms
12-15 16:25:26.260 I/WindowManager(  628): Relayout Window{82a54ff u0 com.android.settings/com.android.settings.SubSettings}: oldVis=4 newVis=0 focusMayChange = true
12-15 16:25:26.292 W/ContextImpl( 3315): Calling a method in the system process without a qualified user: android.app.ContextImpl.startService:1532 android.content.ContextWrapper.startService:664 android.app.Activity.onEnterAnimationComplete:6662 android.app.Activity.dispatchEnterAnimationComplete:6673 android.app.ActivityThread.handleEnterAnimationComplete:3275 
12-15 16:25:26.380 I/PowerManagerService(  628): Waking up from sleep (uid=1000 reason=android.policy:POWER)...
12-15 16:25:26.380 W/UsageStatsService(  628): Event reported without a package name
12-15 16:25:26.381 I/DisplayPowerController(  628): Blocking screen on until initial contents have been drawn.
12-15 16:25:26.381 E/KernelCpuSpeedReader(  628): Failed to read cpu-freq: /sys/devices/system/cpu/cpu0/cpufreq/stats/time_in_state (No such file or directory)
12-15 16:25:26.411 I/DisplayManagerService(  628): Display device changed state: "内置屏幕", ON
12-15 16:25:26.420 W/BroadcastQueue(  628): Background execution not allowed: receiving Intent { act=android.intent.action.USER_PRESENT flg=0x24200010 } to com.tal.genie.launcher/com.tal.genie.lockscreen.receiver.LockScreenReceiver
12-15 16:25:26.440 I/WindowManager(  628): Waiting for drawn Window{82a54ff u0 com.android.settings/com.android.settings.SubSettings}: removed=false visible=true mHasSurface=true drawState=1
12-15 16:25:26.440 I/WindowManager(  628): Waiting for drawn Window{5766e86 u0 com.tal.genie.voice/com.tal.genie.dicbook.dic.ListResultActivity}: removed=false visible=true mHasSurface=true drawState=1
12-15 16:25:26.446 I/WindowManager(  628): Waiting for drawn Window{82a54ff u0 com.android.settings/com.android.settings.SubSettings}: removed=false visible=true mHasSurface=true drawState=1
12-15 16:25:26.446 I/WindowManager(  628): Waiting for drawn Window{5766e86 u0 com.tal.genie.voice/com.tal.genie.dicbook.dic.ListResultActivity}: removed=false visible=true mHasSurface=true drawState=1
12-15 16:25:26.453 I/WindowManager(  628): Waiting for drawn Window{82a54ff u0 com.android.settings/com.android.settings.SubSettings}: removed=false visible=true mHasSurface=true drawState=1
12-15 16:25:26.453 I/WindowManager(  628): Waiting for drawn Window{5766e86 u0 com.tal.genie.voice/com.tal.genie.dicbook.dic.ListResultActivity}: removed=false visible=true mHasSurface=true drawState=1
12-15 16:25:26.476 I/WindowManager(  628): Waiting for drawn Window{82a54ff u0 com.android.settings/com.android.settings.SubSettings}: removed=false visible=true mHasSurface=true drawState=1
12-15 16:25:26.476 I/WindowManager(  628): Waiting for drawn Window{5766e86 u0 com.tal.genie.voice/com.tal.genie.dicbook.dic.ListResultActivity}: removed=false visible=true mHasSurface=true drawState=4
12-15 16:25:26.487 I/WindowManager(  628): Waiting for drawn Window{82a54ff u0 com.android.settings/com.android.settings.SubSettings}: removed=false visible=true mHasSurface=true drawState=4
12-15 16:25:26.492 I/DisplayPowerController(  628): Unblocked screen on after 111 ms
12-15 16:25:26.752 W/PowerManagerService(  628): Screen on took 373 ms
12-15 16:25:31.353 W/ContextImpl( 1148): Calling a method in the system process without a qualified user: android.app.ContextImpl.startActivity:900 android.content.ContextWrapper.startActivity:401 com.tal.genie.launcher.ui.voice.view.VoiceCallBackImplNew.toVoiceActivity:55 com.tal.genie.launcher.ui.voice.view.VoiceCallBackImplNew.toVoiceView:44 com.tal.genie.launcher.ui.voice.view.VoiceCallBackImplNew.start:38 
12-15 16:25:31.353 I/ActivityManager(  628): START u0 {flg=0x10000000 cmp=com.tal.genie.launcher/.ui.voice.VoiceNewActivity} from uid 1000
12-15 16:25:31.373 I/WindowManager(  628): Focus moving from Window{5766e86 u0 com.tal.genie.voice/com.tal.genie.dicbook.dic.ListResultActivity} to null
12-15 16:25:31.373 W/ActivityManager(  628): Request to remove task ignored for non-existent task 52
12-15 16:25:31.491 I/WindowManager(  628): Relayout Window{5c97a81 u0 com.tal.genie.launcher/com.tal.genie.launcher.ui.voice.VoiceNewActivity}: oldVis=4 newVis=0 focusMayChange = true
12-15 16:25:31.496 I/WindowManager(  628): Focus moving from null to Window{5c97a81 u0 com.tal.genie.launcher/com.tal.genie.launcher.ui.voice.VoiceNewActivity}
12-15 16:25:31.531 W/ContextImpl( 1148): Calling a method in the system process without a qualified user: android.app.ContextImpl.startService:1532 android.content.ContextWrapper.startService:664 android.content.ContextWrapper.startService:664 android.app.Activity.onEnterAnimationComplete:6662 android.app.Activity.dispatchEnterAnimationComplete:6673 
12-15 16:25:31.532 W/ContextImpl( 1148): Calling a method in the system process without a qualified user: android.app.ContextImpl.startService:1532 android.content.ContextWrapper.startService:664 android.content.ContextWrapper.startService:664 android.app.Activity.onEnterAnimationComplete:6662 android.app.Activity.dispatchEnterAnimationComplete:6673 
12-15 16:25:35.271 I/WindowManager(  628): Focus moving from Window{5c97a81 u0 com.tal.genie.launcher/com.tal.genie.launcher.ui.voice.VoiceNewActivity} to Window{5766e86 u0 com.tal.genie.voice/com.tal.genie.dicbook.dic.ListResultActivity}
12-15 16:25:35.901 I/NetworkStatsRecorder(  628): recordSnapshotLocked: ident[[{type=WIFI, subType=COMBINED, networkId="TAL-Device", metered=false, defaultNetwork=true}]]
12-15 16:25:35.901 W/NetworkStatsRecorder(  628): unknown interfaces [lo], ignoring those stats
12-15 16:25:35.901 I/NetworkStatsRecorder(  628): recordSnapshotLocked: ident[[{type=WIFI, subType=COMBINED, networkId="TAL-Device", metered=false, defaultNetwork=true}]]
12-15 16:25:35.901 W/NetworkStatsRecorder(  628): unknown interfaces [lo], ignoring those stats
12-15 16:25:35.901 I/NetworkStatsRecorder(  628): recordSnapshotLocked: ident[[{type=WIFI, subType=COMBINED, networkId="TAL-Device", metered=false, defaultNetwork=true}]]
12-15 16:25:35.902 I/chatty  (  628): uid=1000(system) NetworkStats identical 2 lines
12-15 16:25:35.902 I/NetworkStatsRecorder(  628): recordSnapshotLocked: ident[[{type=WIFI, subType=COMBINED, networkId="TAL-Device", metered=false, defaultNetwork=true}]]
12-15 16:25:35.902 W/NetworkStatsRecorder(  628): unknown interfaces [lo], ignoring those stats
12-15 16:25:35.902 W/NetworkStatsRecorder(  628): unknown interfaces [lo], ignoring those stats
12-15 16:25:41.897 W/ContextImpl( 1148): Calling a method in the system process without a qualified user: android.app.ContextImpl.startActivity:900 android.content.ContextWrapper.startActivity:401 com.tal.genie.launcher.ui.voice.view.VoiceCallBackImplNew.toVoiceActivity:55 com.tal.genie.launcher.ui.voice.view.VoiceCallBackImplNew.toVoiceView:44 com.tal.genie.launcher.ui.voice.view.VoiceCallBackImplNew.start:38 
12-15 16:25:41.897 I/ActivityManager(  628): START u0 {flg=0x10000000 cmp=com.tal.genie.launcher/.ui.voice.VoiceNewActivity} from uid 1000
12-15 16:25:41.913 I/WindowManager(  628): Focus moving from Window{5766e86 u0 com.tal.genie.voice/com.tal.genie.dicbook.dic.ListResultActivity} to null
12-15 16:25:42.019 I/WindowManager(  628): Relayout Window{44b086 u0 com.tal.genie.launcher/com.tal.genie.launcher.ui.voice.VoiceNewActivity}: oldVis=4 newVis=0 focusMayChange = true
12-15 16:25:42.024 I/WindowManager(  628): Focus moving from null to Window{44b086 u0 com.tal.genie.launcher/com.tal.genie.launcher.ui.voice.VoiceNewActivity}
12-15 16:25:42.057 W/ContextImpl( 1148): Calling a method in the system process without a qualified user: android.app.ContextImpl.startService:1532 android.content.ContextWrapper.startService:664 android.content.ContextWrapper.startService:664 android.app.Activity.onEnterAnimationComplete:6662 android.app.Activity.dispatchEnterAnimationComplete:6673 
12-15 16:25:42.058 W/ContextImpl( 1148): Calling a method in the system process without a qualified user: android.app.ContextImpl.startService:1532 android.content.ContextWrapper.startService:664 android.content.ContextWrapper.startService:664 android.app.Activity.onEnterAnimationComplete:6662 android.app.Activity.dispatchEnterAnimationComplete:6673 
12-15 16:25:46.136 I/ActivityManager(  628): START u0 {flg=0x10000000 cmp=com.tal.genie.voice/com.tal.genie.dicbook.dic.ListResultActivity} from uid 10027
12-15 16:25:46.140 I/WindowManager(  628): Focus moving from Window{44b086 u0 com.tal.genie.launcher/com.tal.genie.launcher.ui.voice.VoiceNewActivity} to Window{5766e86 u0 com.tal.genie.voice/com.tal.genie.dicbook.dic.ListResultActivity}
12-15 16:25:46.934 E/storaged(  472): getDiskStats failed with result NOT_SUPPORTED and size 0
12-15 16:25:53.102 W/ContextImpl( 1148): Calling a method in the system process without a qualified user: android.app.ContextImpl.startActivity:900 android.content.ContextWrapper.startActivity:401 com.tal.genie.launcher.ui.voice.view.VoiceCallBackImplNew.toVoiceActivity:55 com.tal.genie.launcher.ui.voice.view.VoiceCallBackImplNew.toVoiceView:44 com.tal.genie.launcher.ui.voice.view.VoiceCallBackImplNew.start:38 
12-15 16:25:53.103 I/ActivityManager(  628): START u0 {flg=0x10000000 cmp=com.tal.genie.launcher/.ui.voice.VoiceNewActivity} from uid 1000
12-15 16:25:53.120 I/WindowManager(  628): Focus moving from Window{5766e86 u0 com.tal.genie.voice/com.tal.genie.dicbook.dic.ListResultActivity} to null
12-15 16:25:53.214 I/WindowManager(  628): Relayout Window{138176c u0 com.tal.genie.launcher/com.tal.genie.launcher.ui.voice.VoiceNewActivity}: oldVis=4 newVis=0 focusMayChange = true
12-15 16:25:53.219 I/WindowManager(  628): Focus moving from null to Window{138176c u0 com.tal.genie.launcher/com.tal.genie.launcher.ui.voice.VoiceNewActivity}
12-15 16:25:53.265 W/ContextImpl( 1148): Calling a method in the system process without a qualified user: android.app.ContextImpl.startService:1532 android.content.ContextWrapper.startService:664 android.content.ContextWrapper.startService:664 android.app.Activity.onEnterAnimationComplete:6662 android.app.Activity.dispatchEnterAnimationComplete:6673 
12-15 16:25:53.266 W/ContextImpl( 1148): Calling a method in the system process without a qualified user: android.app.ContextImpl.startService:1532 android.content.ContextWrapper.startService:664 android.content.ContextWrapper.startService:664 android.app.Activity.onEnterAnimationComplete:6662 android.app.Activity.dispatchEnterAnimationComplete:6673 
12-15 16:25:57.680 I/NetworkStatsRecorder(  628): recordSnapshotLocked: ident[[{type=WIFI, subType=COMBINED, networkId="TAL-Device", metered=false, defaultNetwork=true}]]
12-15 16:25:57.680 W/NetworkStatsRecorder(  628): unknown interfaces [lo], ignoring those stats
12-15 16:25:57.680 I/NetworkStatsRecorder(  628): recordSnapshotLocked: ident[[{type=WIFI, subType=COMBINED, networkId="TAL-Device", metered=false, defaultNetwork=true}]]
12-15 16:25:57.680 W/NetworkStatsRecorder(  628): unknown interfaces [lo], ignoring those stats
12-15 16:25:57.681 I/NetworkStatsRecorder(  628): recordSnapshotLocked: ident[[{type=WIFI, subType=COMBINED, networkId="TAL-Device", metered=false, defaultNetwork=true}]]
12-15 16:25:57.681 I/chatty  (  628): uid=1000(system) NetworkStats identical 1 line
12-15 16:25:57.681 I/NetworkStatsRecorder(  628): recordSnapshotLocked: ident[[{type=WIFI, subType=COMBINED, networkId="TAL-Device", metered=false, defaultNetwork=true}]]
12-15 16:25:57.681 W/NetworkStatsRecorder(  628): unknown interfaces [lo], ignoring those stats
12-15 16:25:57.681 W/NetworkStatsRecorder(  628): unknown interfaces [lo], ignoring those stats
12-15 16:25:58.143 I/ActivityManager(  628): START u0 {flg=0x10000000 cmp=com.tal.genie.voice/com.tal.genie.dicbook.dic.ListResultActivity} from uid 10027
12-15 16:25:58.150 I/WindowManager(  628): Focus moving from Window{138176c u0 com.tal.genie.launcher/com.tal.genie.launcher.ui.voice.VoiceNewActivity} to Window{5766e86 u0 com.tal.genie.voice/com.tal.genie.dicbook.dic.ListResultActivity}
12-15 16:26:00.466 I/ActivityManager(  628): START u0 {cmp=com.tal.genie.voice/com.tal.genie.dicbook.dic.DicResultActivity (has extras)} from uid 10027
12-15 16:26:00.489 I/WindowManager(  628): Focus moving from Window{5766e86 u0 com.tal.genie.voice/com.tal.genie.dicbook.dic.ListResultActivity} to null
12-15 16:26:00.571 I/WindowManager(  628): Relayout Window{cabbbcc u0 com.tal.genie.voice/com.tal.genie.dicbook.dic.DicResultActivity}: oldVis=4 newVis=0 focusMayChange = true
12-15 16:26:00.580 I/WindowManager(  628): Focus moving from null to Window{cabbbcc u0 com.tal.genie.voice/com.tal.genie.dicbook.dic.DicResultActivity}
12-15 16:26:03.988 I/WindowManager(  628): Focus moving from Window{cabbbcc u0 com.tal.genie.voice/com.tal.genie.dicbook.dic.DicResultActivity} to Window{5766e86 u0 com.tal.genie.voice/com.tal.genie.dicbook.dic.ListResultActivity}
12-15 16:26:05.232 I/WindowManager(  628): Focus moving from Window{5766e86 u0 com.tal.genie.voice/com.tal.genie.dicbook.dic.ListResultActivity} to Window{82a54ff u0 com.android.settings/com.android.settings.SubSettings}
12-15 16:26:05.297 I/ProcessStatsService(  628): Added stats: 2021-12-15-14-09-33, over +1h30m9s387ms
12-15 16:26:05.329 W/ContextImpl( 3315): Calling a method in the system process without a qualified user: android.app.ContextImpl.startService:1532 android.content.ContextWrapper.startService:664 android.app.Activity.onEnterAnimationComplete:6662 android.app.Activity.dispatchEnterAnimationComplete:6673 android.app.ActivityThread.handleEnterAnimationComplete:3275 
12-15 16:26:06.178 W/ContextImpl( 3315): Calling a method in the system process without a qualified user: android.app.ContextImpl.sendBroadcast:1006 android.content.ContextWrapper.sendBroadcast:444 android.content.ContextWrapper.sendBroadcast:444 android.view.View.dispatchTouchEvent:12526 android.view.ViewGroup.dispatchTransformedTouchEvent:3083 
12-15 16:26:06.308 I/WindowManager(  628): Focus moving from Window{82a54ff u0 com.android.settings/com.android.settings.SubSettings} to null
12-15 16:26:06.441 I/WindowManager(  628): Relayout Window{5710acf u0 com.android.settings/com.android.settings.Settings$SystemDashboardActivity}: oldVis=4 newVis=0 focusMayChange = true
12-15 16:26:06.448 I/WindowManager(  628): Focus moving from null to Window{5710acf u0 com.android.settings/com.android.settings.Settings$SystemDashboardActivity}
12-15 16:26:07.046 W/ContextImpl( 3315): Calling a method in the system process without a qualified user: android.app.ContextImpl.startService:1532 android.content.ContextWrapper.startService:664 android.app.Activity.onEnterAnimationComplete:6662 android.app.Activity.dispatchEnterAnimationComplete:6673 android.app.ActivityThread.handleEnterAnimationComplete:3275 
12-15 16:26:07.074 E/ActivityThread( 3315): Activity com.android.settings.SubSettings has leaked ServiceConnection android.bluetooth.BluetoothA2dp$2@59a007b that was originally bound here
12-15 16:26:07.074 E/ActivityThread( 3315): android.app.ServiceConnectionLeaked: Activity com.android.settings.SubSettings has leaked ServiceConnection android.bluetooth.BluetoothA2dp$2@59a007b that was originally bound here
12-15 16:26:07.074 E/ActivityThread( 3315): 	at android.app.LoadedApk$ServiceDispatcher.<init>(LoadedApk.java:1610)
12-15 16:26:07.074 E/ActivityThread( 3315): 	at android.app.LoadedApk.getServiceDispatcher(LoadedApk.java:1502)
12-15 16:26:07.074 E/ActivityThread( 3315): 	at android.app.ContextImpl.bindServiceCommon(ContextImpl.java:1660)
12-15 16:26:07.074 E/ActivityThread( 3315): 	at android.app.ContextImpl.bindServiceAsUser(ContextImpl.java:1620)
12-15 16:26:07.074 E/ActivityThread( 3315): 	at android.content.ContextWrapper.bindServiceAsUser(ContextWrapper.java:705)
12-15 16:26:07.074 E/ActivityThread( 3315): 	at android.bluetooth.BluetoothA2dp.doBind(BluetoothA2dp.java:263)
12-15 16:26:07.074 E/ActivityThread( 3315): 	at android.bluetooth.BluetoothA2dp.<init>(BluetoothA2dp.java:256)
12-15 16:26:07.074 E/ActivityThread( 3315): 	at android.bluetooth.BluetoothAdapter.getProfileProxy(BluetoothAdapter.java:2278)
12-15 16:26:07.074 E/ActivityThread( 3315): 	at com.android.settings.development.DevelopmentSettingsDashboardFragment.onCreateView(DevelopmentSettingsDashboardFragment.java:184)
12-15 16:26:07.074 E/ActivityThread( 3315): 	at android.app.Fragment.performCreateView(Fragment.java:2522)
12-15 16:26:07.074 E/ActivityThread( 3315): 	at android.app.FragmentManagerImpl.moveToState(FragmentManager.java:1298)
12-15 16:26:07.074 E/ActivityThread( 3315): 	at android.app.FragmentManagerImpl.moveFragmentToExpectedState(FragmentManager.java:1576)
12-15 16:26:07.074 E/ActivityThread( 3315): 	at android.app.FragmentManagerImpl.moveToState(FragmentManager.java:1637)
12-15 16:26:07.074 E/ActivityThread( 3315): 	at android.app.FragmentManagerImpl.dispatchMoveToState(FragmentManager.java:3046)
12-15 16:26:07.074 E/ActivityThread( 3315): 	at android.app.FragmentManagerImpl.dispatchActivityCreated(FragmentManager.java:2998)
12-15 16:26:07.074 E/ActivityThread( 3315): 	at android.app.FragmentController.dispatchActivityCreated(FragmentController.java:182)
12-15 16:26:07.074 E/ActivityThread( 3315): 	at android.app.Activity.performCreate(Activity.java:7171)
12-15 16:26:07.074 E/ActivityThread( 3315): 	at android.app.Activity.performCreate(Activity.java:7155)
12-15 16:26:07.074 E/ActivityThread( 3315): 	at android.app.Instrumentation.callActivityOnCreate(Instrumentation.java:1271)
12-15 16:26:07.074 E/ActivityThread( 3315): 	at android.app.ActivityThread.performLaunchActivity(ActivityThread.java:2924)
12-15 16:26:07.074 E/ActivityThread( 3315): 	at android.app.ActivityThread.handleLaunchActivity(ActivityThread.java:3079)
12-15 16:26:07.074 E/ActivityThread( 3315): 	at android.app.servertransaction.LaunchActivityItem.execute(LaunchActivityItem.java:78)
12-15 16:26:07.074 E/ActivityThread( 3315): 	at android.app.servertransaction.TransactionExecutor.executeCallbacks(TransactionExecutor.java:108)
12-15 16:26:07.074 E/ActivityThread( 3315): 	at android.app.servertransaction.TransactionExecutor.execute(TransactionExecutor.java:68)
12-15 16:26:07.074 E/ActivityThread( 3315): 	at android.app.ActivityThread$H.handleMessage(ActivityThread.java:1836)
12-15 16:26:07.074 E/ActivityThread( 3315): 	at android.os.Handler.dispatchMessage(Handler.java:106)
12-15 16:26:07.074 E/ActivityThread( 3315): 	at android.os.Looper.loop(Looper.java:193)
12-15 16:26:07.074 E/ActivityThread( 3315): 	at android.app.ActivityThread.main(ActivityThread.java:6702)
12-15 16:26:07.074 E/ActivityThread( 3315): 	at java.lang.reflect.Method.invoke(Native Method)
12-15 16:26:07.074 E/ActivityThread( 3315): 	at com.android.internal.os.RuntimeInit$MethodAndArgsCaller.run(RuntimeInit.java:493)
12-15 16:26:07.074 E/ActivityThread( 3315): 	at com.android.internal.os.ZygoteInit.main(ZygoteInit.java:911)
12-15 16:26:07.076 W/ActivityManager(  628): Unbind failed: could not find connection for android.os.BinderProxy@da9f488
12-15 16:26:07.351 W/ContextImpl( 3315): Calling a method in the system process without a qualified user: android.app.ContextImpl.sendBroadcast:1006 android.content.ContextWrapper.sendBroadcast:444 android.content.ContextWrapper.sendBroadcast:444 android.view.View.dispatchTouchEvent:12526 android.view.ViewGroup.dispatchTransformedTouchEvent:3083 
12-15 16:26:07.477 I/WindowManager(  628): Focus moving from Window{5710acf u0 com.android.settings/com.android.settings.Settings$SystemDashboardActivity} to null
12-15 16:26:07.543 I/WindowManager(  628): Relayout Window{6a7d4cb u0 com.android.settings/com.android.settings.Settings}: oldVis=4 newVis=0 focusMayChange = true
12-15 16:26:07.550 I/WindowManager(  628): Focus moving from null to Window{6a7d4cb u0 com.android.settings/com.android.settings.Settings}
12-15 16:26:07.606 E/BatteryExternalStatsWorker(  628): no controller energy info supplied for wifi
12-15 16:26:07.606 E/BatteryExternalStatsWorker(  628): no controller energy info supplied for bluetooth
12-15 16:26:07.606 E/BatteryExternalStatsWorker(  628): no controller energy info supplied for telephony
12-15 16:26:07.608 E/KernelCpuSpeedReader(  628): Failed to read cpu-freq: /sys/devices/system/cpu/cpu0/cpufreq/stats/time_in_state (No such file or directory)
12-15 16:26:08.165 W/ContextImpl( 3315): Calling a method in the system process without a qualified user: android.app.ContextImpl.startService:1532 android.content.ContextWrapper.startService:664 android.app.Activity.onEnterAnimationComplete:6662 android.app.Activity.dispatchEnterAnimationComplete:6673 android.app.ActivityThread.handleEnterAnimationComplete:3275 
12-15 16:26:08.510 W/ContextImpl( 3315): Calling a method in the system process without a qualified user: android.app.ContextImpl.sendBroadcast:1006 android.content.ContextWrapper.sendBroadcast:444 android.view.View.dispatchTouchEvent:12526 android.view.ViewGroup.dispatchTransformedTouchEvent:3077 android.view.ViewGroup.dispatchTouchEvent:2727 
12-15 16:26:09.120 W/ContextImpl( 3315): Calling a method in the system process without a qualified user: android.app.ContextImpl.startService:1532 android.content.ContextWrapper.startService:664 android.content.ContextWrapper.startService:664 com.android.internal.policy.DecorView.dispatchTouchEvent:422 android.view.View.dispatchPointerEvent:12808 
12-15 16:26:09.263 I/chatty  ( 3315): uid=1000(system) com.android.settings identical 4 lines
12-15 16:26:09.280 W/ContextImpl( 3315): Calling a method in the system process without a qualified user: android.app.ContextImpl.startService:1532 android.content.ContextWrapper.startService:664 android.content.ContextWrapper.startService:664 com.android.internal.policy.DecorView.dispatchTouchEvent:422 android.view.View.dispatchPointerEvent:12808 
12-15 16:26:09.298 I/WindowManager(  628): Focus moving from Window{6a7d4cb u0 com.android.settings/com.android.settings.Settings} to Window{2223b69 u0 com.android.systemui}
12-15 16:26:09.301 W/ContextImpl( 3315): Calling a method in the system process without a qualified user: android.app.ContextImpl.startService:1532 android.content.ContextWrapper.startService:664 android.content.ContextWrapper.startService:664 com.android.internal.policy.DecorView.dispatchTouchEvent:422 android.view.View.dispatchPointerEvent:12808 
12-15 16:26:09.314 W/ContextImpl( 3315): Calling a method in the system process without a qualified user: android.app.ContextImpl.startService:1532 android.content.ContextWrapper.startService:664 android.content.ContextWrapper.startService:664 com.android.internal.policy.DecorView.dispatchTouchEvent:422 android.view.View.dispatchPointerEvent:12808 
12-15 16:26:09.315 I/WindowManager(  628): Focus moving from Window{2223b69 u0 com.android.systemui} to Window{f1e451c u0 com.android.systemui}
12-15 16:26:09.318 W/ContextImpl( 3315): Calling a method in the system process without a qualified user: android.app.ContextImpl.startService:1532 android.content.ContextWrapper.startService:664 android.content.ContextWrapper.startService:664 com.android.internal.policy.DecorView.dispatchTouchEvent:422 android.view.View.dispatchPointerEvent:12808 
12-15 16:26:09.417 I/WindowManager(  628): Losing delayed focus: Window{6a7d4cb u0 com.android.settings/com.android.settings.Settings}
12-15 16:26:09.417 I/WindowManager(  628): Losing delayed focus: Window{2223b69 u0 com.android.systemui}
12-15 16:26:12.165 I/WindowManager(  628): Focus moving from Window{f1e451c u0 com.android.systemui} to Window{6a7d4cb u0 com.android.settings/com.android.settings.Settings}
12-15 16:26:12.166 W/ViewRootImpl[](  760): Dropping event due to root view being removed: MotionEvent { action=ACTION_UP, actionButton=0, id[0]=0, x[0]=216.69904, y[0]=464.70956, toolType[0]=TOOL_TYPE_FINGER, buttonState=0, metaState=0, flags=0x0, edgeFlags=0x0, pointerCount=1, historySize=0, eventTime=2499862, downTime=2499775, deviceId=1, source=0x1002 }
12-15 16:26:12.240 W/ContextImpl( 3315): Calling a method in the system process without a qualified user: android.app.ContextImpl.sendBroadcast:1006 android.content.ContextWrapper.sendBroadcast:444 android.view.View.dispatchTouchEvent:12526 android.view.ViewGroup.dispatchTransformedTouchEvent:3083 android.view.ViewGroup.dispatchTouchEvent:2684 
12-15 16:26:12.298 I/ActivityManager(  628): START u0 {flg=0x8000 cmp=com.android.settings/.Settings$DisplaySettingsActivity (has extras)} from uid 1000
12-15 16:26:12.311 I/WindowManager(  628): Focus moving from Window{6a7d4cb u0 com.android.settings/com.android.settings.Settings} to null
12-15 16:26:12.385 E/UserRestrictionsUtils(  628): Unknown restriction: null
12-15 16:26:12.386 E/UserRestrictionsUtils(  628): Unknown restriction: null
12-15 16:26:12.476 I/WindowManager(  628): Relayout Window{1383226 u0 com.android.settings/com.android.settings.Settings$DisplaySettingsActivity}: oldVis=4 newVis=0 focusMayChange = true
12-15 16:26:12.480 I/WindowManager(  628): Focus moving from null to Window{1383226 u0 com.android.settings/com.android.settings.Settings$DisplaySettingsActivity}
12-15 16:26:12.524 I/ActivityManager(  628): START u0 {flg=0x8000 cmp=com.android.settings/.Settings$DisplaySettingsActivity (has extras)} from uid 1000
12-15 16:26:12.582 I/WindowManager(  628): Focus moving from Window{1383226 u0 com.android.settings/com.android.settings.Settings$DisplaySettingsActivity} to null
12-15 16:26:12.662 E/UserRestrictionsUtils(  628): Unknown restriction: null
12-15 16:26:12.664 E/UserRestrictionsUtils(  628): Unknown restriction: null
12-15 16:26:12.730 I/WindowManager(  628): Relayout Window{633e67b u0 com.android.settings/com.android.settings.Settings$DisplaySettingsActivity}: oldVis=4 newVis=0 focusMayChange = true
12-15 16:26:12.736 I/WindowManager(  628): Focus moving from null to Window{633e67b u0 com.android.settings/com.android.settings.Settings$DisplaySettingsActivity}
12-15 16:26:13.225 W/ContextImpl( 3315): Calling a method in the system process without a qualified user: android.app.ContextImpl.startService:1532 android.content.ContextWrapper.startService:664 android.app.Activity.onEnterAnimationComplete:6662 android.app.Activity.dispatchEnterAnimationComplete:6673 android.app.ActivityThread.handleEnterAnimationComplete:3275 
12-15 16:26:13.747 W/ContextImpl( 3315): Calling a method in the system process without a qualified user: android.app.ContextImpl.startService:1532 android.content.ContextWrapper.startService:664 android.content.ContextWrapper.startService:664 com.android.internal.policy.DecorView.dispatchTouchEvent:422 android.view.View.dispatchPointerEvent:12808 
12-15 16:26:14.818 I/chatty  ( 3315): uid=1000(system) com.android.settings identical 5 lines
12-15 16:26:14.835 W/ContextImpl( 3315): Calling a method in the system process without a qualified user: android.app.ContextImpl.startService:1532 android.content.ContextWrapper.startService:664 android.content.ContextWrapper.startService:664 com.android.internal.policy.DecorView.dispatchTouchEvent:422 android.view.View.dispatchPointerEvent:12808 
12-15 16:26:14.841 I/WindowManager(  628): Focus moving from Window{633e67b u0 com.android.settings/com.android.settings.Settings$DisplaySettingsActivity} to Window{164259d u0 com.android.systemui}
12-15 16:26:14.849 I/WindowManager(  628): Focus moving from Window{164259d u0 com.android.systemui} to Window{c1b0be0 u0 com.android.systemui}
12-15 16:26:14.853 W/ContextImpl( 3315): Calling a method in the system process without a qualified user: android.app.ContextImpl.startService:1532 android.content.ContextWrapper.startService:664 android.content.ContextWrapper.startService:664 com.android.internal.policy.DecorView.dispatchTouchEvent:422 android.view.View.dispatchPointerEvent:12808 
12-15 16:26:14.867 I/chatty  ( 3315): uid=1000(system) com.android.settings identical 1 line
12-15 16:26:14.870 W/ContextImpl( 3315): Calling a method in the system process without a qualified user: android.app.ContextImpl.startService:1532 android.content.ContextWrapper.startService:664 android.content.ContextWrapper.startService:664 com.android.internal.policy.DecorView.dispatchTouchEvent:422 android.view.View.dispatchPointerEvent:12808 
12-15 16:26:14.917 I/WindowManager(  628): Losing delayed focus: Window{633e67b u0 com.android.settings/com.android.settings.Settings$DisplaySettingsActivity}
12-15 16:26:14.917 I/WindowManager(  628): Losing delayed focus: Window{164259d u0 com.android.systemui}
12-15 16:26:15.867 I/WindowManager(  628): Focus moving from Window{c1b0be0 u0 com.android.systemui} to Window{633e67b u0 com.android.settings/com.android.settings.Settings$DisplaySettingsActivity}
12-15 16:26:15.867 W/ViewRootImpl[](  760): Dropping event due to root view being removed: MotionEvent { action=ACTION_UP, actionButton=0, id[0]=0, x[0]=185.74203, y[0]=576.6396, toolType[0]=TOOL_TYPE_FINGER, buttonState=0, metaState=0, flags=0x0, edgeFlags=0x0, pointerCount=1, historySize=0, eventTime=2503560, downTime=2503473, deviceId=1, source=0x1002 }
12-15 16:26:15.956 W/ContextImpl( 3315): Calling a method in the system process without a qualified user: android.app.ContextImpl.sendBroadcast:1006 android.content.ContextWrapper.sendBroadcast:444 android.content.ContextWrapper.sendBroadcast:444 android.view.View.dispatchTouchEvent:12526 android.view.ViewGroup.dispatchTransformedTouchEvent:3083 
12-15 16:26:16.081 I/ActivityManager(  628): START u0 {act=android.intent.action.MAIN cmp=com.android.settings/.SubSettings (has extras)} from uid 1000
12-15 16:26:16.110 I/WindowManager(  628): Focus moving from Window{633e67b u0 com.android.settings/com.android.settings.Settings$DisplaySettingsActivity} to null
12-15 16:26:16.170 E/UserRestrictionsUtils(  628): Unknown restriction: null
12-15 16:26:16.221 I/WindowManager(  628): Relayout Window{6cd8e28 u0 com.android.settings/com.android.settings.SubSettings}: oldVis=4 newVis=0 focusMayChange = true
12-15 16:26:16.227 I/WindowManager(  628): Focus moving from null to Window{6cd8e28 u0 com.android.settings/com.android.settings.SubSettings}
12-15 16:26:16.282 I/ActivityManager(  628): START u0 {act=android.intent.action.MAIN cmp=com.android.settings/.SubSettings (has extras)} from uid 1000
12-15 16:26:16.396 I/WindowManager(  628): Focus moving from Window{6cd8e28 u0 com.android.settings/com.android.settings.SubSettings} to null
12-15 16:26:16.454 E/UserRestrictionsUtils(  628): Unknown restriction: null
12-15 16:26:16.502 I/WindowManager(  628): Relayout Window{5dd3835 u0 com.android.settings/com.android.settings.SubSettings}: oldVis=4 newVis=0 focusMayChange = true
12-15 16:26:16.508 I/WindowManager(  628): Focus moving from null to Window{5dd3835 u0 com.android.settings/com.android.settings.SubSettings}
12-15 16:26:17.011 W/ContextImpl( 3315): Calling a method in the system process without a qualified user: android.app.ContextImpl.startService:1532 android.content.ContextWrapper.startService:664 android.app.Activity.onEnterAnimationComplete:6662 android.app.Activity.dispatchEnterAnimationComplete:6673 android.app.ActivityThread.handleEnterAnimationComplete:3275 
12-15 16:26:17.228 I/WindowManager(  628): Focus moving from Window{5dd3835 u0 com.android.settings/com.android.settings.SubSettings} to null
12-15 16:26:17.266 I/WindowManager(  628): Relayout Window{6cd8e28 u0 com.android.settings/com.android.settings.SubSettings}: oldVis=8 newVis=0 focusMayChange = true
12-15 16:26:17.279 I/WindowManager(  628): Focus moving from null to Window{6cd8e28 u0 com.android.settings/com.android.settings.SubSettings}
12-15 16:26:17.811 W/ContextImpl( 3315): Calling a method in the system process without a qualified user: android.app.ContextImpl.startService:1532 android.content.ContextWrapper.startService:664 android.app.Activity.onEnterAnimationComplete:6662 android.app.Activity.dispatchEnterAnimationComplete:6673 android.app.ActivityThread.handleEnterAnimationComplete:3275 
12-15 16:26:17.934 W/ContextImpl( 3315): Calling a method in the system process without a qualified user: android.app.ContextImpl.startService:1532 android.content.ContextWrapper.startService:664 android.content.ContextWrapper.startService:664 com.android.internal.policy.DecorView.dispatchTouchEvent:422 android.view.View.dispatchPointerEvent:12808 
12-15 16:26:18.021 W/ContextImpl( 3315): Calling a method in the system process without a qualified user: android.app.ContextImpl.startService:1532 android.content.ContextWrapper.startService:664 android.content.ContextWrapper.startService:664 com.android.internal.policy.DecorView.dispatchTouchEvent:422 android.view.View.dispatchPointerEvent:12808 
12-15 16:26:18.637 W/ContextImpl( 3315): Calling a method in the system process without a qualified user: android.app.ContextImpl.sendBroadcast:1006 android.content.ContextWrapper.sendBroadcast:444 android.content.ContextWrapper.sendBroadcast:444 android.view.View.dispatchTouchEvent:12526 android.view.ViewGroup.dispatchTransformedTouchEvent:3083 
12-15 16:26:18.779 I/WindowManager(  628): Focus moving from Window{6cd8e28 u0 com.android.settings/com.android.settings.SubSettings} to null
12-15 16:26:18.806 I/WindowManager(  628): Relayout Window{633e67b u0 com.android.settings/com.android.settings.Settings$DisplaySettingsActivity}: oldVis=8 newVis=0 focusMayChange = true
12-15 16:26:18.810 I/WindowManager(  628): Focus moving from null to Window{633e67b u0 com.android.settings/com.android.settings.Settings$DisplaySettingsActivity}
12-15 16:26:19.299 W/ContextImpl( 3315): Calling a method in the system process without a qualified user: android.app.ContextImpl.startService:1532 android.content.ContextWrapper.startService:664 android.app.Activity.onEnterAnimationComplete:6662 android.app.Activity.dispatchEnterAnimationComplete:6673 android.app.ActivityThread.handleEnterAnimationComplete:3275 
12-15 16:26:19.691 I/WindowManager(  628): Focus moving from Window{633e67b u0 com.android.settings/com.android.settings.Settings$DisplaySettingsActivity} to null
12-15 16:26:19.716 I/WindowManager(  628): Relayout Window{6a7d4cb u0 com.android.settings/com.android.settings.Settings}: oldVis=8 newVis=0 focusMayChange = true
12-15 16:26:19.721 I/WindowManager(  628): Focus moving from null to Window{6a7d4cb u0 com.android.settings/com.android.settings.Settings}
12-15 16:26:19.791 E/BatteryExternalStatsWorker(  628): no controller energy info supplied for wifi
12-15 16:26:19.791 E/BatteryExternalStatsWorker(  628): no controller energy info supplied for bluetooth
12-15 16:26:19.791 E/BatteryExternalStatsWorker(  628): no controller energy info supplied for telephony
