12-15 20:06:52.031 E/libhand ( 1098): tensor map shape 1 :1
12-15 20:06:52.205 I/SurfaceFlinger(  314): [Built-in Screen (type:0)] fps:32.993298,dur:1000.20,max:105.55,min:16.30
12-15 20:06:52.218 W/MDP     (  457): DpDriver::waitFramedone takes 52ms
12-15 20:06:52.218 W/MDP     (  457): DpIsp: 0x99d1bcc0, scenario 9, waitComplete 53 ms, 0, 0, 53, 0
12-15 20:06:52.218 W/MDP     (  457): DpIsp: 0x99d1bcc0, scenario 9, dst0 53 ms, 0, 53, 53, 53
12-15 20:06:52.218 W/MDP     (  457): DpIsp: 0x99d1bcc0, src 57 ms, 0, 0, 0, 0
12-15 20:06:52.248 W/SurfaceFlinger(  314): Attempting to destroy on removed layer: 42f8c04 Toast#0
12-15 20:06:52.255 I/BufferQueueConsumer(  314): [Toast#0](this:0xa3d0a000,id:18,api:1,p:-1,c:-1) disconnect(C)
12-15 20:06:52.255 I/BufferQueue(  314): [Toast#0](this:0xa3d0a000,id:18,api:1,p:-1,c:-1) ~BufferQueueCore
12-15 20:06:52.299 E/libhand ( 1098): det hand class prob 0.999238,0.820171
12-15 20:06:52.299 E/libhand ( 1098): det hand num 1 
12-15 20:06:52.324 E/libhand ( 1098): tensor map shape 0 :1
12-15 20:06:52.324 E/libhand ( 1098): tensor map shape 1 :1
12-15 20:06:52.341 E/libhand ( 1098): det hand class prob 0.995518,0.879284
12-15 20:06:52.341 E/libhand ( 1098): det hand num 1 
12-15 20:06:52.374 E/libhand ( 1098): tensor map shape 0 :1
12-15 20:06:52.374 E/libhand ( 1098): tensor map shape 1 :1
12-15 20:06:52.590 E/MtkDataShapingUtils(  624): Exception openLteGateByDataShaping  in java.lang.NullPointerException: null receiver
12-15 20:06:52.590 W/System.err(  624): java.lang.NullPointerException: null receiver
12-15 20:06:52.590 W/System.err(  624): 	at java.lang.reflect.Method.invoke(Native Method)
12-15 20:06:52.590 W/System.err(  624): 	at com.mediatek.server.MtkDataShaping.openLteGateByDataShaping(MtkDataShaping.java:36)
12-15 20:06:52.590 W/System.err(  624): 	at com.android.server.AlarmManagerService.deliverAlarmsLocked(AlarmManagerService.java:3603)
12-15 20:06:52.590 W/System.err(  624): 	at com.android.server.AlarmManagerService$AlarmThread.run(AlarmManagerService.java:3781)
12-15 20:06:52.592 E/ActivityManager(  624): Sending non-protected broadcast ALARM_ACTION(1083) from system uid 1000 pkg com.tal.genie.push
12-15 20:06:52.592 E/ActivityManager(  624): java.lang.Throwable
12-15 20:06:52.592 E/ActivityManager(  624): 	at com.android.server.am.ActivityManagerService.checkBroadcastFromSystem(ActivityManagerService.java:21477)
12-15 20:06:52.592 E/ActivityManager(  624): 	at com.android.server.am.ActivityManagerService.broadcastIntentLocked(ActivityManagerService.java:22077)
12-15 20:06:52.592 E/ActivityManager(  624): 	at com.android.server.am.ActivityManagerService.broadcastIntentInPackage(ActivityManagerService.java:22256)
12-15 20:06:52.592 E/ActivityManager(  624): 	at com.android.server.am.PendingIntentRecord.sendInner(PendingIntentRecord.java:372)
12-15 20:06:52.592 E/ActivityManager(  624): 	at com.android.server.am.PendingIntentRecord.sendWithResult(PendingIntentRecord.java:245)
12-15 20:06:52.592 E/ActivityManager(  624): 	at com.android.server.am.ActivityManagerService.sendIntentSender(ActivityManagerService.java:8613)
12-15 20:06:52.592 E/ActivityManager(  624): 	at android.app.PendingIntent.sendAndReturnResult(PendingIntent.java:892)
12-15 20:06:52.592 E/ActivityManager(  624): 	at android.app.PendingIntent.send(PendingIntent.java:874)
12-15 20:06:52.592 E/ActivityManager(  624): 	at com.android.server.AlarmManagerService$DeliveryTracker.deliverLocked(AlarmManagerService.java:4387)
12-15 20:06:52.592 E/ActivityManager(  624): 	at com.android.server.AlarmManagerService.deliverAlarmsLocked(AlarmManagerService.java:3632)
12-15 20:06:52.592 E/ActivityManager(  624): 	at com.android.server.AlarmManagerService$AlarmThread.run(AlarmManagerService.java:3781)
12-15 20:06:52.602 W/AES     (  624): Exception Log handling...
12-15 20:06:52.605 W/AES     (  624): skip for Exp level 0
12-15 20:06:52.628 W/MDP     (  457): DpDriver::waitFramedone takes 53ms
12-15 20:06:52.628 W/MDP     (  457): DpIsp: 0x99d1bcc0, scenario 9, waitComplete 53 ms, 0, 0, 53, 0
12-15 20:06:52.628 W/MDP     (  457): DpIsp: 0x99d1bcc0, scenario 9, dst0 53 ms, 0, 53, 53, 53
12-15 20:06:52.628 W/MDP     (  457): DpIsp: 0x99d1bcc0, src 56 ms, 0, 0, 0, 0
12-15 20:06:52.634 I/BufferQueueProducer( 1098): [ImageReader-2560x1920f23m2-1098-6](this:0x6a329000,id:6,api:4,p:437,c:1098) queueBuffer: fps=2.75 dur=1091.33 max=404.06 min=314.61
12-15 20:06:52.701 E/libhand ( 1098): det hand class prob 0.995518,0.879284
12-15 20:06:52.701 E/libhand ( 1098): det hand num 1 
12-15 20:06:52.727 E/libhand ( 1098): tensor map shape 0 :1
12-15 20:06:52.727 E/libhand ( 1098): tensor map shape 1 :1
12-15 20:06:52.767 I/BufferQueueProducer(  314): [com.tal.genie.voice/com.tal.genie.dicbook.cread.FingerSearchActivity#0](this:0xa3d0f000,id:13,api:1,p:1098,c:314) queueBuffer: fps=9.60 dur=1041.36 max=109.20 min=98.84
12-15 20:06:52.836 E/libhand ( 1098): det hand class prob 0.999202,0.752920
12-15 20:06:52.836 E/libhand ( 1098): det hand num 1 
12-15 20:06:52.860 E/libhand ( 1098): tensor map shape 0 :1
12-15 20:06:52.860 E/libhand ( 1098): tensor map shape 1 :1
12-15 20:06:53.060 W/MDP     (  457): DpDriver::waitFramedone takes 52ms
12-15 20:06:53.060 W/MDP     (  457): DpIsp: 0x99d1bcc0, scenario 9, waitComplete 53 ms, 0, 0, 53, 0
12-15 20:06:53.060 W/MDP     (  457): DpIsp: 0x99d1bcc0, scenario 9, dst0 53 ms, 0, 53, 53, 53
12-15 20:06:53.060 W/MDP     (  457): DpIsp: 0x99d1bcc0, src 55 ms, 0, 0, 0, 0
12-15 20:06:53.132 E/libhand ( 1098): det hand class prob 0.999202,0.752920
12-15 20:06:53.132 E/libhand ( 1098): det hand num 1 
12-15 20:06:53.159 E/libhand ( 1098): tensor map shape 0 :1
12-15 20:06:53.159 E/libhand ( 1098): tensor map shape 1 :1
12-15 20:06:53.176 E/libhand ( 1098): det hand class prob 0.998097,0.803127
12-15 20:06:53.176 E/libhand ( 1098): det hand num 1 
12-15 20:06:53.207 E/libhand ( 1098): tensor map shape 0 :1
12-15 20:06:53.207 E/libhand ( 1098): tensor map shape 1 :1
12-15 20:06:53.213 W/WindowManager(  624): Unable to start animation, surface is null or no children.
12-15 20:06:53.308 I/SurfaceFlinger(  314): [Built-in Screen (type:0)] fps:11.777980,dur:1103.75,max:106.56,min:17.15
12-15 20:06:53.398 W/MDP     (  457): DpDriver::waitFramedone takes 53ms
12-15 20:06:53.399 W/MDP     (  457): DpIsp: 0x99d1bcc0, scenario 9, waitComplete 53 ms, 0, 0, 53, 0
12-15 20:06:53.399 W/MDP     (  457): DpIsp: 0x99d1bcc0, scenario 9, dst0 53 ms, 0, 53, 53, 53
12-15 20:06:53.399 W/MDP     (  457): DpIsp: 0x99d1bcc0, src 57 ms, 0, 0, 0, 0
12-15 20:06:53.486 E/libhand ( 1098): det hand class prob 0.998097,0.803127
12-15 20:06:53.486 E/libhand ( 1098): det hand num 1 
12-15 20:06:53.514 E/libhand ( 1098): tensor map shape 0 :1
12-15 20:06:53.514 E/libhand ( 1098): tensor map shape 1 :1
12-15 20:06:53.534 E/libhand ( 1098): det hand class prob 0.998575,0.864599
12-15 20:06:53.534 E/libhand ( 1098): det hand num 1 
12-15 20:06:53.560 E/libhand ( 1098): tensor map shape 0 :1
12-15 20:06:53.560 E/libhand ( 1098): tensor map shape 1 :1
12-15 20:06:53.737 W/MDP     (  457): DpDriver::waitFramedone takes 53ms
12-15 20:06:53.737 W/MDP     (  457): DpIsp: 0x99d1bcc0, scenario 9, waitComplete 53 ms, 0, 0, 53, 0
12-15 20:06:53.737 W/MDP     (  457): DpIsp: 0x99d1bcc0, scenario 9, dst0 53 ms, 0, 53, 53, 53
12-15 20:06:53.737 W/MDP     (  457): DpIsp: 0x99d1bcc0, src 58 ms, 0, 0, 0, 0
12-15 20:06:53.744 I/BufferQueueProducer( 1098): [ImageReader-2560x1920f23m2-1098-6](this:0x6a329000,id:6,api:4,p:437,c:1098) queueBuffer: fps=2.70 dur=1110.38 max=431.45 min=336.90
12-15 20:06:53.817 I/BufferQueueProducer(  314): [com.tal.genie.voice/com.tal.genie.dicbook.cread.FingerSearchActivity#0](this:0xa3d0f000,id:13,api:1,p:1098,c:314) queueBuffer: fps=9.52 dur=1050.47 max=107.49 min=103.54
12-15 20:06:53.818 E/libhand ( 1098): det hand class prob 0.998575,0.864599
12-15 20:06:53.818 E/libhand ( 1098): det hand num 1 
12-15 20:06:53.856 E/libhand ( 1098): tensor map shape 0 :1
12-15 20:06:53.856 E/libhand ( 1098): tensor map shape 1 :1
12-15 20:06:53.876 E/libhand ( 1098): det hand class prob 0.998959,0.781658
12-15 20:06:53.876 E/libhand ( 1098): det hand num 1 
12-15 20:06:53.898 E/libhand ( 1098): tensor map shape 0 :1
12-15 20:06:53.898 E/libhand ( 1098): tensor map shape 1 :1
12-15 20:06:54.073 W/MDP     (  457): DpDriver::waitFramedone takes 52ms
12-15 20:06:54.073 W/MDP     (  457): DpIsp: 0x99d1bcc0, scenario 9, waitComplete 53 ms, 0, 0, 53, 0
12-15 20:06:54.073 W/MDP     (  457): DpIsp: 0x99d1bcc0, scenario 9, dst0 53 ms, 0, 53, 53, 53
12-15 20:06:54.073 W/MDP     (  457): DpIsp: 0x99d1bcc0, src 56 ms, 0, 0, 0, 0
12-15 20:06:54.132 E/libhand ( 1098): det hand class prob 0.998959,0.781658
12-15 20:06:54.132 E/libhand ( 1098): det hand num 1 
12-15 20:06:54.162 E/libhand ( 1098): tensor map shape 0 :1
12-15 20:06:54.162 E/libhand ( 1098): tensor map shape 1 :1
12-15 20:06:54.177 E/libhand ( 1098): det hand class prob 0.998970,0.867362
12-15 20:06:54.177 E/libhand ( 1098): det hand num 1 
12-15 20:06:54.198 E/libhand ( 1098): tensor map shape 0 :1
12-15 20:06:54.198 E/libhand ( 1098): tensor map shape 1 :1
12-15 20:06:54.360 I/SurfaceFlinger(  314): [Built-in Screen (type:0)] fps:9.511210,dur:1051.39,max:106.23,min:104.26
12-15 20:06:54.383 W/MDP     (  457): DpDriver::waitFramedone takes 53ms
12-15 20:06:54.383 W/MDP     (  457): DpIsp: 0x99d1bcc0, scenario 9, waitComplete 53 ms, 0, 0, 53, 0
12-15 20:06:54.383 W/MDP     (  457): DpIsp: 0x99d1bcc0, scenario 9, dst0 53 ms, 0, 53, 53, 53
12-15 20:06:54.383 W/MDP     (  457): DpIsp: 0x99d1bcc0, src 56 ms, 0, 0, 0, 0
12-15 20:06:54.466 E/libhand ( 1098): det hand class prob 0.998970,0.867362
12-15 20:06:54.466 E/libhand ( 1098): det hand num 1 
12-15 20:06:54.495 E/libhand ( 1098): tensor map shape 0 :1
12-15 20:06:54.495 E/libhand ( 1098): tensor map shape 1 :1
12-15 20:06:54.513 E/libhand ( 1098): det hand class prob 0.999055,0.920097
12-15 20:06:54.514 E/libhand ( 1098): det hand num 1 
12-15 20:06:54.540 E/libhand ( 1098): tensor map shape 0 :1
12-15 20:06:54.540 E/libhand ( 1098): tensor map shape 1 :1
12-15 20:06:54.816 E/WifiVendorHal(  624): getWifiLinkLayerStats(l.937) failed {.code = ERROR_NOT_SUPPORTED, .description = }
12-15 20:06:54.816 W/MDP     (  457): DpDriver::waitFramedone takes 52ms
12-15 20:06:54.816 W/MDP     (  457): DpIsp: 0x99d1bcc0, scenario 9, waitComplete 52 ms, 0, 0, 52, 0
12-15 20:06:54.817 W/MDP     (  457): DpIsp: 0x99d1bcc0, scenario 9, dst0 52 ms, 0, 52, 52, 52
12-15 20:06:54.817 W/MDP     (  457): DpIsp: 0x99d1bcc0, src 56 ms, 0, 0, 0, 0
12-15 20:06:54.822 I/BufferQueueProducer( 1098): [ImageReader-2560x1920f23m2-1098-6](this:0x6a329000,id:6,api:4,p:437,c:1098) queueBuffer: fps=2.78 dur=1078.02 max=431.81 min=312.55
12-15 20:06:54.869 I/BufferQueueProducer(  314): [com.tal.genie.voice/com.tal.genie.dicbook.cread.FingerSearchActivity#0](this:0xa3d0f000,id:13,api:1,p:1098,c:314) queueBuffer: fps=9.51 dur=1051.12 max=108.61 min=101.46
12-15 20:06:54.880 E/libhand ( 1098): det hand class prob 0.999055,0.920097
12-15 20:06:54.880 E/libhand ( 1098): det hand num 1 
12-15 20:06:54.913 E/libhand ( 1098): tensor map shape 0 :1
12-15 20:06:54.913 E/libhand ( 1098): tensor map shape 1 :1
12-15 20:06:55.008 E/libhand ( 1098): det hand class prob 0.999111,0.804475
12-15 20:06:55.008 E/libhand ( 1098): det hand num 1 
12-15 20:06:55.030 E/libhand ( 1098): tensor map shape 0 :1
12-15 20:06:55.030 E/libhand ( 1098): tensor map shape 1 :1
12-15 20:06:55.222 W/MDP     (  457): DpDriver::waitFramedone takes 53ms
12-15 20:06:55.222 W/MDP     (  457): DpIsp: 0x99d1bcc0, scenario 9, waitComplete 53 ms, 0, 0, 53, 0
12-15 20:06:55.222 W/MDP     (  457): DpIsp: 0x99d1bcc0, scenario 9, dst0 53 ms, 0, 53, 53, 53
12-15 20:06:55.222 W/MDP     (  457): DpIsp: 0x99d1bcc0, src 57 ms, 0, 0, 0, 0
12-15 20:06:55.299 E/libhand ( 1098): det hand class prob 0.999111,0.804475
12-15 20:06:55.299 E/libhand ( 1098): det hand num 1 
12-15 20:06:55.328 E/libhand ( 1098): tensor map shape 0 :1
12-15 20:06:55.328 E/libhand ( 1098): tensor map shape 1 :1
12-15 20:06:55.344 E/libhand ( 1098): det hand class prob 0.995524,0.887054
12-15 20:06:55.344 E/libhand ( 1098): det hand num 1 
12-15 20:06:55.365 E/libhand ( 1098): tensor map shape 0 :1
12-15 20:06:55.365 E/libhand ( 1098): tensor map shape 1 :1
12-15 20:06:55.410 I/SurfaceFlinger(  314): [Built-in Screen (type:0)] fps:9.522207,dur:1050.18,max:106.31,min:103.56
12-15 20:06:55.561 W/MDP     (  457): DpDriver::waitFramedone takes 53ms
12-15 20:06:55.561 W/MDP     (  457): DpIsp: 0x99d1bcc0, scenario 9, waitComplete 53 ms, 0, 0, 53, 0
12-15 20:06:55.561 W/MDP     (  457): DpIsp: 0x99d1bcc0, scenario 9, dst0 53 ms, 0, 53, 53, 53
12-15 20:06:55.561 W/MDP     (  457): DpIsp: 0x99d1bcc0, src 56 ms, 0, 0, 0, 0
12-15 20:06:55.637 E/libhand ( 1098): det hand class prob 0.995524,0.887054
12-15 20:06:55.637 E/libhand ( 1098): det hand num 1 
12-15 20:06:55.661 E/libhand ( 1098): tensor map shape 0 :1
12-15 20:06:55.661 E/libhand ( 1098): tensor map shape 1 :1
12-15 20:06:55.676 E/libhand ( 1098): det hand class prob 0.995662,0.900666
12-15 20:06:55.676 E/libhand ( 1098): det hand num 1 
12-15 20:06:55.702 E/libhand ( 1098): tensor map shape 0 :1
12-15 20:06:55.702 E/libhand ( 1098): tensor map shape 1 :1
12-15 20:06:55.898 W/MDP     (  457): DpDriver::waitFramedone takes 52ms
12-15 20:06:55.898 W/MDP     (  457): DpIsp: 0x99d1bcc0, scenario 9, waitComplete 52 ms, 0, 0, 52, 0
12-15 20:06:55.898 W/MDP     (  457): DpIsp: 0x99d1bcc0, scenario 9, dst0 52 ms, 0, 52, 52, 52
12-15 20:06:55.898 W/MDP     (  457): DpIsp: 0x99d1bcc0, src 55 ms, 0, 0, 0, 0
12-15 20:06:55.904 I/BufferQueueProducer( 1098): [ImageReader-2560x1920f23m2-1098-6](this:0x6a329000,id:6,api:4,p:437,c:1098) queueBuffer: fps=2.77 dur=1081.33 max=405.94 min=336.94
12-15 20:06:55.920 I/BufferQueueProducer(  314): [com.tal.genie.voice/com.tal.genie.dicbook.cread.FingerSearchActivity#0](this:0xa3d0f000,id:13,api:1,p:1098,c:314) queueBuffer: fps=9.51 dur=1051.65 max=108.83 min=101.51
12-15 20:06:55.971 E/libhand ( 1098): det hand class prob 0.995662,0.900666
12-15 20:06:55.972 E/libhand ( 1098): det hand num 1 
12-15 20:06:55.999 E/libhand ( 1098): tensor map shape 0 :1
12-15 20:06:55.999 E/libhand ( 1098): tensor map shape 1 :1
12-15 20:06:56.016 E/libhand ( 1098): det hand class prob 0.997475,0.771091
12-15 20:06:56.016 E/libhand ( 1098): det hand num 1 
12-15 20:06:56.043 E/libhand ( 1098): tensor map shape 0 :1
12-15 20:06:56.043 E/libhand ( 1098): tensor map shape 1 :1
12-15 20:06:56.237 W/MDP     (  457): DpDriver::waitFramedone takes 53ms
12-15 20:06:56.237 W/MDP     (  457): DpIsp: 0x99d1bcc0, scenario 9, waitComplete 53 ms, 0, 0, 53, 0
12-15 20:06:56.237 W/MDP     (  457): DpIsp: 0x99d1bcc0, scenario 9, dst0 53 ms, 0, 53, 53, 53
12-15 20:06:56.237 W/MDP     (  457): DpIsp: 0x99d1bcc0, src 56 ms, 0, 0, 0, 0
12-15 20:06:56.323 E/libhand ( 1098): det hand class prob 0.997475,0.771091
12-15 20:06:56.323 E/libhand ( 1098): det hand num 1 
12-15 20:06:56.349 E/libhand ( 1098): tensor map shape 0 :1
12-15 20:06:56.349 E/libhand ( 1098): tensor map shape 1 :1
12-15 20:06:56.369 E/libhand ( 1098): det hand class prob 0.998847,0.866276
12-15 20:06:56.370 E/libhand ( 1098): det hand num 1 
12-15 20:06:56.396 E/libhand ( 1098): tensor map shape 0 :1
12-15 20:06:56.396 E/libhand ( 1098): tensor map shape 1 :1
12-15 20:06:56.461 I/SurfaceFlinger(  314): [Built-in Screen (type:0)] fps:9.510832,dur:1051.43,max:105.89,min:104.31
12-15 20:06:56.680 W/MDP     (  457): DpDriver::waitFramedone takes 52ms
12-15 20:06:56.680 W/MDP     (  457): DpIsp: 0x99d1bcc0, scenario 9, waitComplete 53 ms, 0, 0, 53, 0
12-15 20:06:56.680 W/MDP     (  457): DpIsp: 0x99d1bcc0, scenario 9, dst0 53 ms, 0, 53, 53, 53
12-15 20:06:56.680 W/MDP     (  457): DpIsp: 0x99d1bcc0, src 56 ms, 0, 0, 0, 0
12-15 20:06:56.748 E/libhand ( 1098): det hand class prob 0.998847,0.866276
12-15 20:06:56.748 E/libhand ( 1098): det hand num 1 
12-15 20:06:56.775 E/libhand ( 1098): tensor map shape 0 :1
12-15 20:06:56.775 E/libhand ( 1098): tensor map shape 1 :1
12-15 20:06:56.869 E/libhand ( 1098): det hand class prob 0.998092,0.880902
12-15 20:06:56.869 E/libhand ( 1098): det hand num 1 
12-15 20:06:56.892 E/libhand ( 1098): tensor map shape 0 :1
12-15 20:06:56.892 E/libhand ( 1098): tensor map shape 1 :1
12-15 20:06:56.973 I/BufferQueueProducer(  314): [com.tal.genie.voice/com.tal.genie.dicbook.cread.FingerSearchActivity#0](this:0xa3d0f000,id:13,api:1,p:1098,c:314) queueBuffer: fps=9.50 dur=1052.37 max=105.92 min=103.96
12-15 20:06:57.148 W/MDP     (  457): DpDriver::waitFramedone takes 52ms
12-15 20:06:57.148 W/MDP     (  457): DpIsp: 0x99d1bcc0, scenario 9, waitComplete 52 ms, 0, 0, 52, 0
12-15 20:06:57.148 W/MDP     (  457): DpIsp: 0x99d1bcc0, scenario 9, dst0 53 ms, 0, 53, 53, 53
12-15 20:06:57.148 W/MDP     (  457): DpIsp: 0x99d1bcc0, src 56 ms, 0, 0, 0, 0
12-15 20:06:57.153 I/BufferQueueProducer( 1098): [ImageReader-2560x1920f23m2-1098-6](this:0x6a329000,id:6,api:4,p:437,c:1098) queueBuffer: fps=2.40 dur=1249.77 max=467.53 min=339.61
12-15 20:06:57.225 E/libhand ( 1098): det hand class prob 0.998092,0.880902
12-15 20:06:57.225 E/libhand ( 1098): det hand num 1 
12-15 20:06:57.247 E/libhand ( 1098): tensor map shape 0 :1
12-15 20:06:57.247 E/libhand ( 1098): tensor map shape 1 :1
12-15 20:06:57.357 E/libhand ( 1098): det hand class prob 0.998050,0.830892
12-15 20:06:57.357 E/libhand ( 1098): det hand num 1 
12-15 20:06:57.380 E/libhand ( 1098): tensor map shape 0 :1
12-15 20:06:57.380 E/libhand ( 1098): tensor map shape 1 :1
12-15 20:06:57.513 I/SurfaceFlinger(  314): [Built-in Screen (type:0)] fps:9.511772,dur:1051.33,max:106.09,min:104.32
12-15 20:06:57.553 W/MDP     (  457): DpDriver::waitFramedone takes 52ms
12-15 20:06:57.553 W/MDP     (  457): DpIsp: 0x99d1bcc0, scenario 9, waitComplete 52 ms, 0, 0, 52, 0
12-15 20:06:57.553 W/MDP     (  457): DpIsp: 0x99d1bcc0, scenario 9, dst0 52 ms, 0, 52, 52, 52
12-15 20:06:57.553 W/MDP     (  457): DpIsp: 0x99d1bcc0, src 55 ms, 0, 0, 0, 0
12-15 20:06:57.617 E/libhand ( 1098): det hand class prob 0.998050,0.830892
12-15 20:06:57.617 E/libhand ( 1098): det hand num 1 
12-15 20:06:57.645 E/libhand ( 1098): tensor map shape 0 :1
12-15 20:06:57.645 E/libhand ( 1098): tensor map shape 1 :1
12-15 20:06:57.660 E/libhand ( 1098): det hand class prob 0.998770,0.889851
12-15 20:06:57.660 E/libhand ( 1098): det hand num 1 
12-15 20:06:57.682 E/libhand ( 1098): tensor map shape 0 :1
12-15 20:06:57.682 E/libhand ( 1098): tensor map shape 1 :1
12-15 20:06:57.831 E/WifiVendorHal(  624): getWifiLinkLayerStats(l.937) failed {.code = ERROR_NOT_SUPPORTED, .description = }
12-15 20:06:57.858 W/MDP     (  457): DpDriver::waitFramedone takes 53ms
12-15 20:06:57.858 W/MDP     (  457): DpIsp: 0x99d1bcc0, scenario 9, waitComplete 53 ms, 0, 0, 53, 0
12-15 20:06:57.858 W/MDP     (  457): DpIsp: 0x99d1bcc0, scenario 9, dst0 53 ms, 0, 53, 53, 53
12-15 20:06:57.858 W/MDP     (  457): DpIsp: 0x99d1bcc0, src 57 ms, 0, 0, 0, 0
12-15 20:06:57.933 E/libhand ( 1098): det hand class prob 0.998770,0.889851
12-15 20:06:57.933 E/libhand ( 1098): det hand num 1 
12-15 20:06:57.954 E/libhand ( 1098): tensor map shape 0 :1
12-15 20:06:57.954 E/libhand ( 1098): tensor map shape 1 :1
12-15 20:06:57.968 E/libhand ( 1098): det hand class prob 0.998076,0.756819
12-15 20:06:57.968 E/libhand ( 1098): det hand num 1 
12-15 20:06:57.990 E/libhand ( 1098): tensor map shape 0 :1
12-15 20:06:57.990 E/libhand ( 1098): tensor map shape 1 :1
12-15 20:06:58.022 I/BufferQueueProducer(  314): [com.tal.genie.voice/com.tal.genie.dicbook.cread.FingerSearchActivity#0](this:0xa3d0f000,id:13,api:1,p:1098,c:314) queueBuffer: fps=9.53 dur=1049.80 max=110.16 min=101.68
12-15 20:06:58.160 W/MDP     (  457): DpDriver::waitFramedone takes 52ms
12-15 20:06:58.160 W/MDP     (  457): DpIsp: 0x99d1bcc0, scenario 9, waitComplete 52 ms, 0, 0, 52, 0
12-15 20:06:58.160 W/MDP     (  457): DpIsp: 0x99d1bcc0, scenario 9, dst0 53 ms, 0, 53, 53, 53
12-15 20:06:58.160 W/MDP     (  457): DpIsp: 0x99d1bcc0, src 55 ms, 0, 0, 0, 0
12-15 20:06:58.165 I/BufferQueueProducer( 1098): [ImageReader-2560x1920f23m2-1098-6](this:0x6a329000,id:6,api:4,p:437,c:1098) queueBuffer: fps=2.96 dur=1011.87 max=404.62 min=300.03
12-15 20:06:58.220 E/libhand ( 1098): det hand class prob 0.998076,0.756819
12-15 20:06:58.220 E/libhand ( 1098): det hand num 1 
12-15 20:06:58.243 E/libhand ( 1098): tensor map shape 0 :1
12-15 20:06:58.243 E/libhand ( 1098): tensor map shape 1 :1
12-15 20:06:58.260 E/libhand ( 1098): det hand class prob 0.998304,0.848435
12-15 20:06:58.260 E/libhand ( 1098): det hand num 1 
12-15 20:06:58.285 E/libhand ( 1098): tensor map shape 0 :1
12-15 20:06:58.286 E/libhand ( 1098): tensor map shape 1 :1
12-15 20:06:58.466 W/MDP     (  457): DpDriver::waitFramedone takes 52ms
12-15 20:06:58.466 W/MDP     (  457): DpIsp: 0x99d1bcc0, scenario 9, waitComplete 52 ms, 0, 0, 52, 0
12-15 20:06:58.466 W/MDP     (  457): DpIsp: 0x99d1bcc0, scenario 9, dst0 53 ms, 0, 53, 53, 53
12-15 20:06:58.466 W/MDP     (  457): DpIsp: 0x99d1bcc0, src 57 ms, 0, 0, 0, 0
12-15 20:06:58.541 E/libhand ( 1098): det hand class prob 0.998304,0.848435
12-15 20:06:58.541 E/libhand ( 1098): det hand num 1 
12-15 20:06:58.564 I/SurfaceFlinger(  314): [Built-in Screen (type:0)] fps:9.510677,dur:1051.45,max:106.27,min:103.49
12-15 20:06:58.574 E/libhand ( 1098): tensor map shape 0 :1
12-15 20:06:58.574 E/libhand ( 1098): tensor map shape 1 :1
12-15 20:06:58.592 E/libhand ( 1098): det hand class prob 0.998092,0.731984
12-15 20:06:58.592 E/libhand ( 1098): det hand num 1 
12-15 20:06:58.615 E/libhand ( 1098): tensor map shape 0 :1
12-15 20:06:58.615 E/libhand ( 1098): tensor map shape 1 :1
12-15 20:06:58.804 W/MDP     (  457): DpDriver::waitFramedone takes 52ms
12-15 20:06:58.804 W/MDP     (  457): DpIsp: 0x99d1bcc0, scenario 9, waitComplete 52 ms, 0, 0, 52, 0
12-15 20:06:58.804 W/MDP     (  457): DpIsp: 0x99d1bcc0, scenario 9, dst0 52 ms, 0, 52, 52, 52
12-15 20:06:58.804 W/MDP     (  457): DpIsp: 0x99d1bcc0, src 56 ms, 0, 0, 0, 0
12-15 20:06:58.865 E/libhand ( 1098): det hand class prob 0.998092,0.731984
12-15 20:06:58.865 E/libhand ( 1098): det hand num 1 
12-15 20:06:58.896 E/libhand ( 1098): tensor map shape 0 :1
12-15 20:06:58.896 E/libhand ( 1098): tensor map shape 1 :1
12-15 20:06:58.913 E/libhand ( 1098): det hand class prob 0.998043,0.751082
12-15 20:06:58.913 E/libhand ( 1098): det hand num 1 
12-15 20:06:58.937 E/libhand ( 1098): tensor map shape 0 :1
12-15 20:06:58.937 E/libhand ( 1098): tensor map shape 1 :1
12-15 20:06:59.076 I/BufferQueueProducer(  314): [com.tal.genie.voice/com.tal.genie.dicbook.cread.FingerSearchActivity#0](this:0xa3d0f000,id:13,api:1,p:1098,c:314) queueBuffer: fps=9.50 dur=1053.14 max=108.61 min=102.44
12-15 20:06:59.111 W/MDP     (  457): DpDriver::waitFramedone takes 52ms
12-15 20:06:59.111 W/MDP     (  457): DpIsp: 0x99d1bcc0, scenario 9, waitComplete 53 ms, 0, 0, 53, 0
12-15 20:06:59.111 W/MDP     (  457): DpIsp: 0x99d1bcc0, scenario 9, dst0 53 ms, 0, 53, 53, 53
12-15 20:06:59.111 W/MDP     (  457): DpIsp: 0x99d1bcc0, src 56 ms, 0, 0, 0, 0
12-15 20:06:59.190 E/libhand ( 1098): det hand class prob 0.998043,0.751082
12-15 20:06:59.190 E/libhand ( 1098): det hand num 1 
12-15 20:06:59.224 E/libhand ( 1098): tensor map shape 0 :1
12-15 20:06:59.224 E/libhand ( 1098): tensor map shape 1 :1
12-15 20:06:59.240 E/libhand ( 1098): det hand class prob 0.998051,0.750884
12-15 20:06:59.240 E/libhand ( 1098): det hand num 1 
12-15 20:06:59.265 E/libhand ( 1098): tensor map shape 0 :1
12-15 20:06:59.266 E/libhand ( 1098): tensor map shape 1 :1
12-15 20:06:59.444 W/MDP     (  457): DpDriver::waitFramedone takes 53ms
12-15 20:06:59.444 W/MDP     (  457): DpIsp: 0x99d1bcc0, scenario 9, waitComplete 53 ms, 0, 0, 53, 0
12-15 20:06:59.444 W/MDP     (  457): DpIsp: 0x99d1bcc0, scenario 9, dst0 53 ms, 0, 53, 53, 53
12-15 20:06:59.445 W/MDP     (  457): DpIsp: 0x99d1bcc0, src 56 ms, 0, 0, 0, 0
12-15 20:06:59.451 I/BufferQueueProducer( 1098): [ImageReader-2560x1920f23m2-1098-6](this:0x6a329000,id:6,api:4,p:437,c:1098) queueBuffer: fps=3.11 dur=1285.53 max=337.91 min=306.93
12-15 20:06:59.523 E/libhand ( 1098): det hand class prob 0.998051,0.750884
12-15 20:06:59.523 E/libhand ( 1098): det hand num 1 
12-15 20:06:59.546 E/libhand ( 1098): tensor map shape 0 :1
12-15 20:06:59.546 E/libhand ( 1098): tensor map shape 1 :1
12-15 20:06:59.563 E/libhand ( 1098): det hand class prob 0.998160,0.779746
12-15 20:06:59.563 E/libhand ( 1098): det hand num 1 
12-15 20:06:59.583 E/libhand ( 1098): tensor map shape 0 :1
12-15 20:06:59.583 E/libhand ( 1098): tensor map shape 1 :1
12-15 20:06:59.615 I/SurfaceFlinger(  314): [Built-in Screen (type:0)] fps:9.513095,dur:1051.18,max:106.37,min:102.89
12-15 20:06:59.787 W/MDP     (  457): DpDriver::waitFramedone takes 53ms
12-15 20:06:59.787 W/MDP     (  457): DpIsp: 0x99d1bcc0, scenario 9, waitComplete 53 ms, 0, 0, 53, 0
12-15 20:06:59.787 W/MDP     (  457): DpIsp: 0x99d1bcc0, scenario 9, dst0 53 ms, 0, 53, 53, 53
12-15 20:06:59.787 W/MDP     (  457): DpIsp: 0x99d1bcc0, src 56 ms, 0, 0, 0, 0
12-15 20:06:59.871 E/libhand ( 1098): det hand class prob 0.998160,0.779746
12-15 20:06:59.871 E/libhand ( 1098): det hand num 1 
12-15 20:06:59.898 E/libhand ( 1098): tensor map shape 0 :1
12-15 20:06:59.898 E/libhand ( 1098): tensor map shape 1 :1
12-15 20:06:59.916 E/libhand ( 1098): det hand class prob 0.997951,0.788104
12-15 20:06:59.916 E/libhand ( 1098): det hand num 1 
12-15 20:06:59.948 E/libhand ( 1098): tensor map shape 0 :1
12-15 20:06:59.948 E/libhand ( 1098): tensor map shape 1 :1
12-15 20:07:00.000 E/MtkDataShapingUtils(  624): Exception openLteGateByDataShaping  in java.lang.NullPointerException: null receiver
12-15 20:07:00.000 W/System.err(  624): java.lang.NullPointerException: null receiver
12-15 20:07:00.000 W/System.err(  624): 	at java.lang.reflect.Method.invoke(Native Method)
12-15 20:07:00.000 W/System.err(  624): 	at com.mediatek.server.MtkDataShaping.openLteGateByDataShaping(MtkDataShaping.java:36)
12-15 20:07:00.000 W/System.err(  624): 	at com.android.server.AlarmManagerService.deliverAlarmsLocked(AlarmManagerService.java:3603)
12-15 20:07:00.001 W/System.err(  624): 	at com.android.server.AlarmManagerService$AlarmThread.run(AlarmManagerService.java:3781)
12-15 20:07:00.117 W/MDP     (  457): DpDriver::waitFramedone takes 53ms
12-15 20:07:00.117 W/MDP     (  457): DpIsp: 0x99d1bcc0, scenario 9, waitComplete 53 ms, 0, 0, 53, 0
12-15 20:07:00.117 W/MDP     (  457): DpIsp: 0x99d1bcc0, scenario 9, dst0 53 ms, 0, 53, 53, 53
12-15 20:07:00.117 W/MDP     (  457): DpIsp: 0x99d1bcc0, src 55 ms, 0, 0, 0, 0
12-15 20:07:00.133 I/BufferQueueProducer(  314): [com.tal.genie.voice/com.tal.genie.dicbook.cread.FingerSearchActivity#0](this:0xa3d0f000,id:13,api:1,p:1098,c:314) queueBuffer: fps=9.46 dur=1057.17 max=112.79 min=100.50
12-15 20:07:00.177 E/libhand ( 1098): det hand class prob 0.997951,0.788104
12-15 20:07:00.177 E/libhand ( 1098): det hand num 1 
12-15 20:07:00.197 E/libhand ( 1098): tensor map shape 0 :1
12-15 20:07:00.197 E/libhand ( 1098): tensor map shape 1 :1
12-15 20:07:00.211 E/libhand ( 1098): det hand class prob 0.998118,0.722942
12-15 20:07:00.211 E/libhand ( 1098): det hand num 1 
12-15 20:07:00.231 E/libhand ( 1098): tensor map shape 0 :1
12-15 20:07:00.231 E/libhand ( 1098): tensor map shape 1 :1
12-15 20:07:00.426 W/MDP     (  457): DpDriver::waitFramedone takes 52ms
12-15 20:07:00.426 W/MDP     (  457): DpIsp: 0x99d1bcc0, scenario 9, waitComplete 52 ms, 0, 0, 52, 0
12-15 20:07:00.426 W/MDP     (  457): DpIsp: 0x99d1bcc0, scenario 9, dst0 53 ms, 0, 53, 53, 53
12-15 20:07:00.426 W/MDP     (  457): DpIsp: 0x99d1bcc0, src 56 ms, 0, 0, 0, 0
12-15 20:07:00.507 E/libhand ( 1098): det hand class prob 0.998118,0.722942
12-15 20:07:00.507 E/libhand ( 1098): det hand num 1 
12-15 20:07:00.534 E/libhand ( 1098): tensor map shape 0 :1
12-15 20:07:00.535 E/libhand ( 1098): tensor map shape 1 :1
12-15 20:07:00.557 E/libhand ( 1098): det hand class prob 0.998014,0.859553
12-15 20:07:00.557 E/libhand ( 1098): det hand num 1 
12-15 20:07:00.586 E/libhand ( 1098): tensor map shape 0 :1
12-15 20:07:00.586 E/libhand ( 1098): tensor map shape 1 :1
12-15 20:07:00.611 E/MtkDataShapingUtils(  624): Exception openLteGateByDataShaping  in java.lang.NullPointerException: null receiver
12-15 20:07:00.611 W/System.err(  624): java.lang.NullPointerException: null receiver
12-15 20:07:00.611 W/System.err(  624): 	at java.lang.reflect.Method.invoke(Native Method)
12-15 20:07:00.611 W/System.err(  624): 	at com.mediatek.server.MtkDataShaping.openLteGateByDataShaping(MtkDataShaping.java:36)
12-15 20:07:00.611 W/System.err(  624): 	at com.android.server.AlarmManagerService.deliverAlarmsLocked(AlarmManagerService.java:3603)
12-15 20:07:00.611 W/System.err(  624): 	at com.android.server.AlarmManagerService$AlarmThread.run(AlarmManagerService.java:3781)
12-15 20:07:00.612 E/ActivityManager(  624): Sending non-protected broadcast ALARM_ACTION(1083) from system uid 1000 pkg com.tal.genie.push
12-15 20:07:00.612 E/ActivityManager(  624): java.lang.Throwable
12-15 20:07:00.612 E/ActivityManager(  624): 	at com.android.server.am.ActivityManagerService.checkBroadcastFromSystem(ActivityManagerService.java:21477)
12-15 20:07:00.612 E/ActivityManager(  624): 	at com.android.server.am.ActivityManagerService.broadcastIntentLocked(ActivityManagerService.java:22077)
12-15 20:07:00.612 E/ActivityManager(  624): 	at com.android.server.am.ActivityManagerService.broadcastIntentInPackage(ActivityManagerService.java:22256)
12-15 20:07:00.612 E/ActivityManager(  624): 	at com.android.server.am.PendingIntentRecord.sendInner(PendingIntentRecord.java:372)
12-15 20:07:00.612 E/ActivityManager(  624): 	at com.android.server.am.PendingIntentRecord.sendWithResult(PendingIntentRecord.java:245)
12-15 20:07:00.612 E/ActivityManager(  624): 	at com.android.server.am.ActivityManagerService.sendIntentSender(ActivityManagerService.java:8613)
12-15 20:07:00.612 E/ActivityManager(  624): 	at android.app.PendingIntent.sendAndReturnResult(PendingIntent.java:892)
12-15 20:07:00.612 E/ActivityManager(  624): 	at android.app.PendingIntent.send(PendingIntent.java:874)
12-15 20:07:00.612 E/ActivityManager(  624): 	at com.android.server.AlarmManagerService$DeliveryTracker.deliverLocked(AlarmManagerService.java:4387)
12-15 20:07:00.612 E/ActivityManager(  624): 	at com.android.server.AlarmManagerService.deliverAlarmsLocked(AlarmManagerService.java:3632)
12-15 20:07:00.612 E/ActivityManager(  624): 	at com.android.server.AlarmManagerService$AlarmThread.run(AlarmManagerService.java:3781)
12-15 20:07:00.619 W/AES     (  624): Exception Log handling...
12-15 20:07:00.620 W/AES     (  624): skip for Exp level 0
12-15 20:07:00.667 I/SurfaceFlinger(  314): [Built-in Screen (type:0)] fps:9.507002,dur:1051.86,max:106.62,min:104.02
12-15 20:07:00.763 W/MDP     (  457): DpDriver::waitFramedone takes 53ms
12-15 20:07:00.763 W/MDP     (  457): DpIsp: 0x99d1bcc0, scenario 9, waitComplete 53 ms, 0, 0, 53, 0
12-15 20:07:00.763 W/MDP     (  457): DpIsp: 0x99d1bcc0, scenario 9, dst0 53 ms, 0, 53, 53, 53
12-15 20:07:00.763 W/MDP     (  457): DpIsp: 0x99d1bcc0, src 56 ms, 0, 0, 0, 0
12-15 20:07:00.768 I/BufferQueueProducer( 1098): [ImageReader-2560x1920f23m2-1098-6](this:0x6a329000,id:6,api:4,p:437,c:1098) queueBuffer: fps=3.04 dur=1317.64 max=343.78 min=309.26
12-15 20:07:00.841 E/libhand ( 1098): det hand class prob 0.998014,0.859553
12-15 20:07:00.841 E/libhand ( 1098): det hand num 1 
12-15 20:07:00.852 E/WifiVendorHal(  624): getWifiLinkLayerStats(l.937) failed {.code = ERROR_NOT_SUPPORTED, .description = }
12-15 20:07:00.865 E/libhand ( 1098): tensor map shape 0 :1
12-15 20:07:00.865 E/libhand ( 1098): tensor map shape 1 :1
12-15 20:07:00.887 E/libhand ( 1098): det hand class prob 0.998169,0.858387
12-15 20:07:00.887 E/libhand ( 1098): det hand num 1 
12-15 20:07:00.909 E/libhand ( 1098): tensor map shape 0 :1
12-15 20:07:00.909 E/libhand ( 1098): tensor map shape 1 :1
12-15 20:07:01.170 W/MDP     (  457): DpDriver::waitFramedone takes 53ms
12-15 20:07:01.170 W/MDP     (  457): DpIsp: 0x99d1bcc0, scenario 9, waitComplete 53 ms, 0, 0, 53, 0
12-15 20:07:01.170 W/MDP     (  457): DpIsp: 0x99d1bcc0, scenario 9, dst0 53 ms, 0, 53, 53, 53
12-15 20:07:01.170 W/MDP     (  457): DpIsp: 0x99d1bcc0, src 57 ms, 0, 0, 0, 0
12-15 20:07:01.179 I/BufferQueueProducer(  314): [com.tal.genie.voice/com.tal.genie.dicbook.cread.FingerSearchActivity#0](this:0xa3d0f000,id:13,api:1,p:1098,c:314) queueBuffer: fps=9.56 dur=1046.51 max=107.37 min=98.37
12-15 20:07:01.235 E/libhand ( 1098): det hand class prob 0.998169,0.858387
12-15 20:07:01.235 E/libhand ( 1098): det hand num 1 
12-15 20:07:01.258 E/libhand ( 1098): tensor map shape 0 :1
12-15 20:07:01.258 E/libhand ( 1098): tensor map shape 1 :1
12-15 20:07:01.353 E/libhand ( 1098): det hand class prob 0.998193,0.761282
12-15 20:07:01.353 E/libhand ( 1098): det hand num 1 
12-15 20:07:01.377 E/libhand ( 1098): tensor map shape 0 :1
12-15 20:07:01.378 E/libhand ( 1098): tensor map shape 1 :1
12-15 20:07:01.572 W/MDP     (  457): DpDriver::waitFramedone takes 52ms
12-15 20:07:01.572 W/MDP     (  457): DpIsp: 0x99d1bcc0, scenario 9, waitComplete 52 ms, 0, 0, 52, 0
12-15 20:07:01.572 W/MDP     (  457): DpIsp: 0x99d1bcc0, scenario 9, dst0 52 ms, 0, 52, 52, 52
12-15 20:07:01.572 W/MDP     (  457): DpIsp: 0x99d1bcc0, src 56 ms, 0, 0, 0, 0
12-15 20:07:01.647 E/libhand ( 1098): det hand class prob 0.998193,0.761282
12-15 20:07:01.647 E/libhand ( 1098): det hand num 1 
12-15 20:07:01.676 E/libhand ( 1098): tensor map shape 0 :1
12-15 20:07:01.676 E/libhand ( 1098): tensor map shape 1 :1
12-15 20:07:01.693 E/libhand ( 1098): det hand class prob 0.998088,0.833962
12-15 20:07:01.693 E/libhand ( 1098): det hand num 1 
12-15 20:07:01.718 I/SurfaceFlinger(  314): [Built-in Screen (type:0)] fps:9.516310,dur:1050.83,max:105.95,min:104.05
12-15 20:07:01.722 E/libhand ( 1098): tensor map shape 0 :1
12-15 20:07:01.722 E/libhand ( 1098): tensor map shape 1 :1
12-15 20:07:01.912 W/MDP     (  457): DpDriver::waitFramedone takes 52ms
12-15 20:07:01.912 W/MDP     (  457): DpIsp: 0x99d1bcc0, scenario 9, waitComplete 52 ms, 0, 0, 52, 0
12-15 20:07:01.912 W/MDP     (  457): DpIsp: 0x99d1bcc0, scenario 9, dst0 53 ms, 0, 53, 53, 53
12-15 20:07:01.912 W/MDP     (  457): DpIsp: 0x99d1bcc0, src 57 ms, 0, 0, 0, 0
12-15 20:07:01.917 I/BufferQueueProducer( 1098): [ImageReader-2560x1920f23m2-1098-6](this:0x6a329000,id:6,api:4,p:437,c:1098) queueBuffer: fps=2.61 dur=1148.80 max=410.81 min=340.22
12-15 20:07:01.999 E/libhand ( 1098): det hand class prob 0.998088,0.833962
12-15 20:07:01.999 E/libhand ( 1098): det hand num 1 
12-15 20:07:02.023 E/libhand ( 1098): tensor map shape 0 :1
12-15 20:07:02.024 E/libhand ( 1098): tensor map shape 1 :1
12-15 20:07:02.047 E/libhand ( 1098): det hand class prob 0.998029,0.762364
12-15 20:07:02.047 E/libhand ( 1098): det hand num 1 
12-15 20:07:02.075 E/libhand ( 1098): tensor map shape 0 :1
12-15 20:07:02.075 E/libhand ( 1098): tensor map shape 1 :1
12-15 20:07:02.230 I/BufferQueueProducer(  314): [com.tal.genie.voice/com.tal.genie.dicbook.cread.FingerSearchActivity#0](this:0xa3d0f000,id:13,api:1,p:1098,c:314) queueBuffer: fps=9.52 dur=1050.73 max=111.11 min=98.33
12-15 20:07:02.249 W/MDP     (  457): DpDriver::waitFramedone takes 52ms
12-15 20:07:02.250 W/MDP     (  457): DpIsp: 0x99d1bcc0, scenario 9, waitComplete 52 ms, 0, 0, 52, 0
12-15 20:07:02.250 W/MDP     (  457): DpIsp: 0x99d1bcc0, scenario 9, dst0 52 ms, 0, 52, 52, 52
12-15 20:07:02.250 W/MDP     (  457): DpIsp: 0x99d1bcc0, src 56 ms, 0, 0, 0, 0
12-15 20:07:02.308 E/libhand ( 1098): det hand class prob 0.998029,0.762364
12-15 20:07:02.308 E/libhand ( 1098): det hand num 1 
12-15 20:07:02.329 E/libhand ( 1098): tensor map shape 0 :1
12-15 20:07:02.329 E/libhand ( 1098): tensor map shape 1 :1
12-15 20:07:02.344 E/libhand ( 1098): det hand class prob 0.998862,0.791441
12-15 20:07:02.344 E/libhand ( 1098): det hand num 1 
12-15 20:07:02.365 E/libhand ( 1098): tensor map shape 0 :1
12-15 20:07:02.365 E/libhand ( 1098): tensor map shape 1 :1
12-15 20:07:02.549 W/MDP     (  457): DpDriver::waitFramedone takes 52ms
12-15 20:07:02.550 W/MDP     (  457): DpIsp: 0x99d1bcc0, scenario 9, waitComplete 52 ms, 0, 0, 52, 0
12-15 20:07:02.550 W/MDP     (  457): DpIsp: 0x99d1bcc0, scenario 9, dst0 53 ms, 0, 53, 53, 53
12-15 20:07:02.550 W/MDP     (  457): DpIsp: 0x99d1bcc0, src 55 ms, 0, 0, 0, 0
12-15 20:07:02.643 E/libhand ( 1098): det hand class prob 0.998862,0.791441
12-15 20:07:02.643 E/libhand ( 1098): det hand num 1 
12-15 20:07:02.673 E/libhand ( 1098): tensor map shape 0 :1
12-15 20:07:02.674 E/libhand ( 1098): tensor map shape 1 :1
12-15 20:07:02.692 E/libhand ( 1098): det hand class prob 0.998109,0.808619
12-15 20:07:02.692 E/libhand ( 1098): det hand num 1 
12-15 20:07:02.712 W/WindowManager(  624): removeWindowToken: Attempted to remove non-existing token: android.os.Binder@a1a1fb1
12-15 20:07:02.717 E/libhand ( 1098): tensor map shape 0 :1
12-15 20:07:02.717 E/libhand ( 1098): tensor map shape 1 :1
12-15 20:07:02.769 I/SurfaceFlinger(  314): [Built-in Screen (type:0)] fps:9.512437,dur:1051.26,max:106.32,min:104.32
12-15 20:07:02.991 W/MDP     (  457): DpDriver::waitFramedone takes 52ms
12-15 20:07:02.991 W/MDP     (  457): DpIsp: 0x99d1bcc0, scenario 9, waitComplete 52 ms, 0, 0, 52, 0
12-15 20:07:02.991 W/MDP     (  457): DpIsp: 0x99d1bcc0, scenario 9, dst0 52 ms, 0, 52, 52, 52
12-15 20:07:02.991 W/MDP     (  457): DpIsp: 0x99d1bcc0, src 55 ms, 0, 0, 0, 0
12-15 20:07:02.996 I/BufferQueueProducer( 1098): [ImageReader-2560x1920f23m2-1098-6](this:0x6a329000,id:6,api:4,p:437,c:1098) queueBuffer: fps=2.78 dur=1079.02 max=441.15 min=299.53
12-15 20:07:03.063 E/libhand ( 1098): det hand class prob 0.998109,0.808619
12-15 20:07:03.063 E/libhand ( 1098): det hand num 1 
12-15 20:07:03.089 E/libhand ( 1098): tensor map shape 0 :1
12-15 20:07:03.089 E/libhand ( 1098): tensor map shape 1 :1
12-15 20:07:03.185 E/libhand ( 1098): det hand class prob 0.998456,0.853106
12-15 20:07:03.185 E/libhand ( 1098): det hand num 1 
12-15 20:07:03.210 E/libhand ( 1098): tensor map shape 0 :1
12-15 20:07:03.210 E/libhand ( 1098): tensor map shape 1 :1
12-15 20:07:03.280 I/BufferQueueProducer(  314): [com.tal.genie.voice/com.tal.genie.dicbook.cread.FingerSearchActivity#0](this:0xa3d0f000,id:13,api:1,p:1098,c:314) queueBuffer: fps=9.52 dur=1050.43 max=108.01 min=102.90
12-15 20:07:03.397 W/MDP     (  457): DpDriver::waitFramedone takes 53ms
12-15 20:07:03.397 W/MDP     (  457): DpIsp: 0x99d1bcc0, scenario 9, waitComplete 53 ms, 0, 0, 53, 0
12-15 20:07:03.397 W/MDP     (  457): DpIsp: 0x99d1bcc0, scenario 9, dst0 53 ms, 0, 53, 53, 53
12-15 20:07:03.398 W/MDP     (  457): DpIsp: 0x99d1bcc0, src 57 ms, 0, 0, 0, 0
12-15 20:07:03.472 E/libhand ( 1098): det hand class prob 0.998456,0.853106
12-15 20:07:03.472 E/libhand ( 1098): det hand num 1 
12-15 20:07:03.497 E/libhand ( 1098): tensor map shape 0 :1
12-15 20:07:03.497 E/libhand ( 1098): tensor map shape 1 :1
12-15 20:07:03.518 E/libhand ( 1098): det hand class prob 0.998169,0.774122
12-15 20:07:03.519 E/libhand ( 1098): det hand num 1 
12-15 20:07:03.540 E/libhand ( 1098): tensor map shape 0 :1
12-15 20:07:03.541 E/libhand ( 1098): tensor map shape 1 :1
12-15 20:07:03.736 W/MDP     (  457): DpDriver::waitFramedone takes 52ms
12-15 20:07:03.736 W/MDP     (  457): DpIsp: 0x99d1bcc0, scenario 9, waitComplete 53 ms, 0, 0, 53, 0
12-15 20:07:03.736 W/MDP     (  457): DpIsp: 0x99d1bcc0, scenario 9, dst0 53 ms, 0, 53, 53, 53
12-15 20:07:03.736 W/MDP     (  457): DpIsp: 0x99d1bcc0, src 56 ms, 0, 0, 0, 0
12-15 20:07:03.808 E/libhand ( 1098): det hand class prob 0.998169,0.774122
12-15 20:07:03.808 E/libhand ( 1098): det hand num 1 
12-15 20:07:03.821 I/SurfaceFlinger(  314): [Built-in Screen (type:0)] fps:9.509938,dur:1051.53,max:105.78,min:104.51
12-15 20:07:03.839 E/libhand ( 1098): tensor map shape 0 :1
12-15 20:07:03.839 E/libhand ( 1098): tensor map shape 1 :1
12-15 20:07:03.855 E/libhand ( 1098): det hand class prob 0.998121,0.797051
12-15 20:07:03.855 E/libhand ( 1098): det hand num 1 
12-15 20:07:03.860 E/WifiVendorHal(  624): getWifiLinkLayerStats(l.937) failed {.code = ERROR_NOT_SUPPORTED, .description = }
12-15 20:07:03.877 E/libhand ( 1098): tensor map shape 0 :1
12-15 20:07:03.878 E/libhand ( 1098): tensor map shape 1 :1
12-15 20:07:04.073 W/MDP     (  457): DpDriver::waitFramedone takes 53ms
12-15 20:07:04.073 W/MDP     (  457): DpIsp: 0x99d1bcc0, scenario 9, waitComplete 53 ms, 0, 0, 53, 0
12-15 20:07:04.073 W/MDP     (  457): DpIsp: 0x99d1bcc0, scenario 9, dst0 53 ms, 0, 53, 53, 53
12-15 20:07:04.073 W/MDP     (  457): DpIsp: 0x99d1bcc0, src 56 ms, 0, 0, 0, 0
12-15 20:07:04.079 I/BufferQueueProducer( 1098): [ImageReader-2560x1920f23m2-1098-6](this:0x6a329000,id:6,api:4,p:437,c:1098) queueBuffer: fps=2.77 dur=1082.61 max=407.20 min=337.16
12-15 20:07:04.132 E/libhand ( 1098): det hand class prob 0.998121,0.797051
12-15 20:07:04.132 E/libhand ( 1098): det hand num 1 
12-15 20:07:04.154 E/libhand ( 1098): tensor map shape 0 :1
12-15 20:07:04.154 E/libhand ( 1098): tensor map shape 1 :1
12-15 20:07:04.167 E/libhand ( 1098): det hand class prob 0.998118,0.818341
12-15 20:07:04.167 E/libhand ( 1098): det hand num 1 
12-15 20:07:04.190 E/libhand ( 1098): tensor map shape 0 :1
12-15 20:07:04.190 E/libhand ( 1098): tensor map shape 1 :1
12-15 20:07:04.332 I/BufferQueueProducer(  314): [com.tal.genie.voice/com.tal.genie.dicbook.cread.FingerSearchActivity#0](this:0xa3d0f000,id:13,api:1,p:1098,c:314) queueBuffer: fps=9.51 dur=1051.50 max=109.55 min=101.73
12-15 20:07:04.377 W/MDP     (  457): DpDriver::waitFramedone takes 52ms
12-15 20:07:04.377 W/MDP     (  457): DpIsp: 0x99d1bcc0, scenario 9, waitComplete 53 ms, 0, 0, 53, 0
12-15 20:07:04.377 W/MDP     (  457): DpIsp: 0x99d1bcc0, scenario 9, dst0 53 ms, 0, 53, 53, 53
12-15 20:07:04.377 W/MDP     (  457): DpIsp: 0x99d1bcc0, src 56 ms, 0, 0, 0, 0
12-15 20:07:04.431 E/storaged(  452): getDiskStats failed with result NOT_SUPPORTED and size 0
12-15 20:07:04.447 E/libhand ( 1098): det hand class prob 0.998118,0.818341
12-15 20:07:04.447 E/libhand ( 1098): det hand num 1 
12-15 20:07:04.480 E/libhand ( 1098): tensor map shape 0 :1
12-15 20:07:04.480 E/libhand ( 1098): tensor map shape 1 :1
12-15 20:07:04.497 E/libhand ( 1098): det hand class prob 0.998062,0.861488
12-15 20:07:04.497 E/libhand ( 1098): det hand num 1 
12-15 20:07:04.523 E/libhand ( 1098): tensor map shape 0 :1
12-15 20:07:04.523 E/libhand ( 1098): tensor map shape 1 :1
12-15 20:07:04.716 W/MDP     (  457): DpDriver::waitFramedone takes 53ms
12-15 20:07:04.717 W/MDP     (  457): DpIsp: 0x99d1bcc0, scenario 9, waitComplete 53 ms, 0, 0, 53, 0
12-15 20:07:04.717 W/MDP     (  457): DpIsp: 0x99d1bcc0, scenario 9, dst0 53 ms, 0, 53, 53, 53
12-15 20:07:04.717 W/MDP     (  457): DpIsp: 0x99d1bcc0, src 58 ms, 0, 0, 0, 0
12-15 20:07:04.804 E/libhand ( 1098): det hand class prob 0.998062,0.861488
12-15 20:07:04.804 E/libhand ( 1098): det hand num 1 
12-15 20:07:04.830 E/libhand ( 1098): tensor map shape 0 :1
12-15 20:07:04.830 E/libhand ( 1098): tensor map shape 1 :1
12-15 20:07:04.846 E/libhand ( 1098): det hand class prob 0.994502,0.852684
12-15 20:07:04.846 E/libhand ( 1098): det hand num 1 
12-15 20:07:04.872 I/SurfaceFlinger(  314): [Built-in Screen (type:0)] fps:9.514212,dur:1051.06,max:106.10,min:103.73
12-15 20:07:04.873 E/libhand ( 1098): tensor map shape 0 :1
12-15 20:07:04.873 E/libhand ( 1098): tensor map shape 1 :1
12-15 20:07:05.058 W/MDP     (  457): DpDriver::waitFramedone takes 53ms
12-15 20:07:05.058 W/MDP     (  457): DpIsp: 0x99d1bcc0, scenario 9, waitComplete 53 ms, 0, 0, 53, 0
12-15 20:07:05.058 W/MDP     (  457): DpIsp: 0x99d1bcc0, scenario 9, dst0 53 ms, 0, 53, 53, 53
12-15 20:07:05.059 W/MDP     (  457): DpIsp: 0x99d1bcc0, src 57 ms, 0, 0, 0, 0
12-15 20:07:05.147 E/libhand ( 1098): det hand class prob 0.994502,0.852684
12-15 20:07:05.148 E/libhand ( 1098): det hand num 1 
12-15 20:07:05.179 E/libhand ( 1098): tensor map shape 0 :1
12-15 20:07:05.179 E/libhand ( 1098): tensor map shape 1 :1
12-15 20:07:05.201 E/libhand ( 1098): det hand class prob 0.998660,0.733534
12-15 20:07:05.201 E/libhand ( 1098): det hand num 1 
12-15 20:07:05.224 E/libhand ( 1098): tensor map shape 0 :1
12-15 20:07:05.224 E/libhand ( 1098): tensor map shape 1 :1
12-15 20:07:05.384 I/BufferQueueProducer(  314): [com.tal.genie.voice/com.tal.genie.dicbook.cread.FingerSearchActivity#0](this:0xa3d0f000,id:13,api:1,p:1098,c:314) queueBuffer: fps=9.50 dur=1052.15 max=107.68 min=101.13
12-15 20:07:05.391 W/MDP     (  457): DpDriver::waitFramedone takes 52ms
12-15 20:07:05.391 W/MDP     (  457): DpIsp: 0x99d1bcc0, scenario 9, waitComplete 53 ms, 0, 0, 53, 0
12-15 20:07:05.391 W/MDP     (  457): DpIsp: 0x99d1bcc0, scenario 9, dst0 53 ms, 0, 53, 53, 53
12-15 20:07:05.391 W/MDP     (  457): DpIsp: 0x99d1bcc0, src 57 ms, 0, 0, 0, 0
12-15 20:07:05.401 I/BufferQueueProducer( 1098): [ImageReader-2560x1920f23m2-1098-6](this:0x6a329000,id:6,api:4,p:437,c:1098) queueBuffer: fps=3.02 dur=1322.54 max=343.56 min=303.41
12-15 20:07:05.469 E/libhand ( 1098): det hand class prob 0.998660,0.733534
12-15 20:07:05.469 E/libhand ( 1098): det hand num 1 
12-15 20:07:05.500 E/libhand ( 1098): tensor map shape 0 :1
12-15 20:07:05.500 E/libhand ( 1098): tensor map shape 1 :1
12-15 20:07:05.522 E/libhand ( 1098): det hand class prob 0.998224,0.832215
12-15 20:07:05.522 E/libhand ( 1098): det hand num 1 
12-15 20:07:05.543 E/libhand ( 1098): tensor map shape 0 :1
12-15 20:07:05.543 E/libhand ( 1098): tensor map shape 1 :1
12-15 20:07:05.733 W/MDP     (  457): DpDriver::waitFramedone takes 52ms
12-15 20:07:05.733 W/MDP     (  457): DpIsp: 0x99d1bcc0, scenario 9, waitComplete 53 ms, 0, 0, 53, 0
12-15 20:07:05.733 W/MDP     (  457): DpIsp: 0x99d1bcc0, scenario 9, dst0 53 ms, 0, 53, 53, 53
12-15 20:07:05.733 W/MDP     (  457): DpIsp: 0x99d1bcc0, src 57 ms, 0, 0, 0, 0
12-15 20:07:05.811 E/libhand ( 1098): det hand class prob 0.998224,0.832215
12-15 20:07:05.811 E/libhand ( 1098): det hand num 1 
12-15 20:07:05.841 E/libhand ( 1098): tensor map shape 0 :1
12-15 20:07:05.841 E/libhand ( 1098): tensor map shape 1 :1
12-15 20:07:05.860 E/libhand ( 1098): det hand class prob 0.998223,0.848360
12-15 20:07:05.860 E/libhand ( 1098): det hand num 1 
12-15 20:07:05.884 E/libhand ( 1098): tensor map shape 0 :1
12-15 20:07:05.884 E/libhand ( 1098): tensor map shape 1 :1
12-15 20:07:05.923 I/SurfaceFlinger(  314): [Built-in Screen (type:0)] fps:9.509827,dur:1051.54,max:105.97,min:104.01
12-15 20:07:06.064 W/MDP     (  457): DpDriver::waitFramedone takes 53ms
12-15 20:07:06.064 W/MDP     (  457): DpIsp: 0x99d1bcc0, scenario 9, waitComplete 53 ms, 0, 0, 53, 0
12-15 20:07:06.064 W/MDP     (  457): DpIsp: 0x99d1bcc0, scenario 9, dst0 53 ms, 0, 53, 53, 53
12-15 20:07:06.065 W/MDP     (  457): DpIsp: 0x99d1bcc0, src 56 ms, 0, 0, 0, 0
12-15 20:07:06.136 E/libhand ( 1098): det hand class prob 0.998223,0.848360
12-15 20:07:06.136 E/libhand ( 1098): det hand num 1 
12-15 20:07:06.166 E/libhand ( 1098): tensor map shape 0 :1
12-15 20:07:06.166 E/libhand ( 1098): tensor map shape 1 :1
12-15 20:07:06.181 E/libhand ( 1098): det hand class prob 0.998057,0.894859
12-15 20:07:06.181 E/libhand ( 1098): det hand num 1 
12-15 20:07:06.201 E/libhand ( 1098): tensor map shape 0 :1
12-15 20:07:06.201 E/libhand ( 1098): tensor map shape 1 :1
12-15 20:07:06.371 W/MDP     (  457): DpDriver::waitFramedone takes 53ms
12-15 20:07:06.371 W/MDP     (  457): DpIsp: 0x99d1bcc0, scenario 9, waitComplete 53 ms, 0, 0, 53, 0
12-15 20:07:06.371 W/MDP     (  457): DpIsp: 0x99d1bcc0, scenario 9, dst0 53 ms, 0, 53, 53, 53
12-15 20:07:06.371 W/MDP     (  457): DpIsp: 0x99d1bcc0, src 56 ms, 0, 0, 0, 0
12-15 20:07:06.435 I/BufferQueueProducer(  314): [com.tal.genie.voice/com.tal.genie.dicbook.cread.FingerSearchActivity#0](this:0xa3d0f000,id:13,api:1,p:1098,c:314) queueBuffer: fps=9.52 dur=1050.81 max=107.49 min=101.28
12-15 20:07:06.448 E/libhand ( 1098): det hand class prob 0.998057,0.894859
12-15 20:07:06.449 E/libhand ( 1098): det hand num 1 
12-15 20:07:06.474 E/libhand ( 1098): tensor map shape 0 :1
12-15 20:07:06.475 E/libhand ( 1098): tensor map shape 1 :1
12-15 20:07:06.492 E/libhand ( 1098): det hand class prob 0.998170,0.855007
12-15 20:07:06.493 E/libhand ( 1098): det hand num 1 
12-15 20:07:06.516 E/libhand ( 1098): tensor map shape 0 :1
12-15 20:07:06.516 E/libhand ( 1098): tensor map shape 1 :1
12-15 20:07:06.811 W/MDP     (  457): DpDriver::waitFramedone takes 52ms
12-15 20:07:06.812 W/MDP     (  457): DpIsp: 0x99d1bcc0, scenario 9, waitComplete 52 ms, 0, 0, 52, 0
12-15 20:07:06.812 W/MDP     (  457): DpIsp: 0x99d1bcc0, scenario 9, dst0 52 ms, 0, 52, 52, 52
12-15 20:07:06.812 W/MDP     (  457): DpIsp: 0x99d1bcc0, src 56 ms, 0, 0, 0, 0
12-15 20:07:06.817 I/BufferQueueProducer( 1098): [ImageReader-2560x1920f23m2-1098-6](this:0x6a329000,id:6,api:4,p:437,c:1098) queueBuffer: fps=2.83 dur=1415.34 max=439.48 min=306.25
12-15 20:07:06.873 E/WifiVendorHal(  624): getWifiLinkLayerStats(l.937) failed {.code = ERROR_NOT_SUPPORTED, .description = }
12-15 20:07:06.883 E/libhand ( 1098): det hand class prob 0.998170,0.855007
12-15 20:07:06.883 E/libhand ( 1098): det hand num 1 
12-15 20:07:06.910 E/libhand ( 1098): tensor map shape 0 :1
12-15 20:07:06.910 E/libhand ( 1098): tensor map shape 1 :1
12-15 20:07:06.976 I/SurfaceFlinger(  314): [Built-in Screen (type:0)] fps:9.503623,dur:1052.23,max:105.96,min:104.27
12-15 20:07:07.015 E/libhand ( 1098): det hand class prob 0.998153,0.653924
12-15 20:07:07.015 E/libhand ( 1098): det hand num 1 
12-15 20:07:07.037 E/libhand ( 1098): tensor map shape 0 :1
12-15 20:07:07.037 E/libhand ( 1098): tensor map shape 1 :1
