12-21 11:34:40.908 V/WindowManager(  646): Changing focus from Window{5c25a41 u0 com.android.systemui} to Window{bb0fcc3 u0 com.tal.genie.push} Callers=com.android.server.wm.WindowManagerService.addWindow:1519 com.android.server.wm.Session.addToDisplay:205 android.view.IWindowSession$Stub.onTransact:129 com.android.server.wm.Session.onTransact:164 
12-21 11:34:40.908 D/WindowManager(  646): Input focus has changed to Window{bb0fcc3 u0 com.tal.genie.push}
12-21 11:34:40.910 I/WindowManager(  646): Focus moving from Window{5c25a41 u0 com.android.systemui} to Window{bb0fcc3 u0 com.tal.genie.push}
12-21 11:34:41.117 I/WindowManager(  646): Losing delayed focus: Window{af102f8 u0 com.android.settings/com.android.settings.Settings$NetworkDashboardActivity}
12-21 11:34:41.117 I/WindowManager(  646): Losing delayed focus: Window{25216c5 u0 com.android.systemui}
12-21 11:34:41.117 I/WindowManager(  646): Losing delayed focus: Window{5c25a41 u0 com.android.systemui}
--------- beginning of main
12-21 11:34:41.943 D/PowerAQLib(  288): mbdrc_process, input_bytes 8192, output_bytes 8192
12-21 11:34:41.943 D/PowerAQLib(  288): bypass_process!
12-21 11:34:41.955 D/PowerAQLib(  288): chmix_process!
12-21 11:34:41.957 D/PowerAQLib(  288): mbdrc_process, input_bytes 8192, output_bytes 8192
12-21 11:34:41.957 D/PowerAQLib(  288): result 0, counsumed_bytes 4096, i 0, loop_cnt 2
12-21 11:34:41.957 D/PowerAQLib(  288): result 0, counsumed_bytes 4096, i 1, loop_cnt 2
12-21 11:34:41.957 D/PowerAQLib(  288): mbdrc_process, input_bytes 8192, output_bytes 8192
12-21 11:34:41.957 D/PowerAQLib(  288): bypass_process!
12-21 11:34:41.969 D/PowerAQLib(  288): chmix_process!
12-21 11:34:41.972 D/PowerAQLib(  288): mbdrc_process, input_bytes 8192, output_bytes 8192
12-21 11:34:41.972 D/PowerAQLib(  288): result 0, counsumed_bytes 4096, i 0, loop_cnt 2
12-21 11:34:41.972 D/PowerAQLib(  288): result 0, counsumed_bytes 4096, i 1, loop_cnt 2
12-21 11:34:41.972 D/PowerAQLib(  288): mbdrc_process, input_bytes 8192, output_bytes 8192
12-21 11:34:41.972 D/PowerAQLib(  288): bypass_process!
12-21 11:34:41.984 D/PowerAQLib(  288): chmix_process!
12-21 11:34:41.987 D/PowerAQLib(  288): mbdrc_process, input_bytes 8192, output_bytes 8192
12-21 11:34:41.987 D/PowerAQLib(  288): result 0, counsumed_bytes 4096, i 0, loop_cnt 2
12-21 11:34:41.987 D/PowerAQLib(  288): result 0, counsumed_bytes 4096, i 1, loop_cnt 2
12-21 11:34:41.987 D/PowerAQLib(  288): mbdrc_process, input_bytes 8192, output_bytes 8192
12-21 11:34:41.987 D/PowerAQLib(  288): bypass_process!
12-21 11:34:42.025 D/PowerAQLib(  288): chmix_process!
12-21 11:34:42.028 D/PowerAQLib(  288): mbdrc_process, input_bytes 8192, output_bytes 8192
12-21 11:34:42.028 D/PowerAQLib(  288): result 0, counsumed_bytes 4096, i 0, loop_cnt 2
12-21 11:34:42.028 D/PowerAQLib(  288): result 0, counsumed_bytes 4096, i 1, loop_cnt 2
12-21 11:34:42.028 D/PowerAQLib(  288): mbdrc_process, input_bytes 8192, output_bytes 8192
12-21 11:34:42.029 D/PowerAQLib(  288): bypass_process!
12-21 11:34:42.040 D/PowerAQLib(  288): chmix_process!
12-21 11:34:42.043 D/PowerAQLib(  288): mbdrc_process, input_bytes 8192, output_bytes 8192
12-21 11:34:42.043 D/PowerAQLib(  288): result 0, counsumed_bytes 4096, i 0, loop_cnt 2
12-21 11:34:42.043 D/PowerAQLib(  288): result 0, counsumed_bytes 4096, i 1, loop_cnt 2
12-21 11:34:42.043 D/PowerAQLib(  288): mbdrc_process, input_bytes 8192, output_bytes 8192
12-21 11:34:42.044 D/PowerAQLib(  288): bypass_process!
12-21 11:34:42.055 D/PowerAQLib(  288): chmix_process!
12-21 11:34:42.058 D/PowerAQLib(  288): mbdrc_process, input_bytes 8192, output_bytes 8192
12-21 11:34:42.058 D/PowerAQLib(  288): result 0, counsumed_bytes 4096, i 0, loop_cnt 2
12-21 11:34:42.059 D/PowerAQLib(  288): result 0, counsumed_bytes 4096, i 1, loop_cnt 2
12-21 11:34:42.059 D/PowerAQLib(  288): mbdrc_process, input_bytes 8192, output_bytes 8192
12-21 11:34:42.059 D/PowerAQLib(  288): bypass_process!
12-21 11:34:42.071 D/PowerAQLib(  288): chmix_process!
12-21 11:34:42.074 D/PowerAQLib(  288): mbdrc_process, input_bytes 8192, output_bytes 8192
12-21 11:34:42.074 D/PowerAQLib(  288): result 0, counsumed_bytes 4096, i 0, loop_cnt 2
12-21 11:34:42.074 D/PowerAQLib(  288): result 0, counsumed_bytes 4096, i 1, loop_cnt 2
12-21 11:34:42.074 D/PowerAQLib(  288): mbdrc_process, input_bytes 8192, output_bytes 8192
12-21 11:34:42.074 D/PowerAQLib(  288): bypass_process!
12-21 11:34:42.111 D/PowerAQLib(  288): chmix_process!
12-21 11:34:42.114 D/PowerAQLib(  288): mbdrc_process, input_bytes 8192, output_bytes 8192
12-21 11:34:42.114 D/PowerAQLib(  288): result 0, counsumed_bytes 4096, i 0, loop_cnt 2
12-21 11:34:42.114 D/PowerAQLib(  288): result 0, counsumed_bytes 4096, i 1, loop_cnt 2
12-21 11:34:42.114 D/PowerAQLib(  288): mbdrc_process, input_bytes 8192, output_bytes 8192
12-21 11:34:42.114 D/PowerAQLib(  288): bypass_process!
12-21 11:34:42.126 D/PowerAQLib(  288): chmix_process!
12-21 11:34:42.129 D/PowerAQLib(  288): mbdrc_process, input_bytes 8192, output_bytes 8192
12-21 11:34:42.129 D/PowerAQLib(  288): result 0, counsumed_bytes 4096, i 0, loop_cnt 2
12-21 11:34:42.129 D/PowerAQLib(  288): result 0, counsumed_bytes 4096, i 1, loop_cnt 2
12-21 11:34:42.129 D/PowerAQLib(  288): mbdrc_process, input_bytes 8192, output_bytes 8192
12-21 11:34:42.129 D/PowerAQLib(  288): bypass_process!
12-21 11:34:42.141 D/PowerAQLib(  288): chmix_process!
12-21 11:34:42.144 D/PowerAQLib(  288): mbdrc_process, input_bytes 8192, output_bytes 8192
12-21 11:34:42.144 D/PowerAQLib(  288): result 0, counsumed_bytes 4096, i 0, loop_cnt 2
12-21 11:34:42.144 D/PowerAQLib(  288): result 0, counsumed_bytes 4096, i 1, loop_cnt 2
12-21 11:34:42.144 D/PowerAQLib(  288): mbdrc_process, input_bytes 8192, output_bytes 8192
12-21 11:34:42.144 D/PowerAQLib(  288): bypass_process!
12-21 11:34:42.156 D/PowerAQLib(  288): chmix_process!
12-21 11:34:42.159 D/PowerAQLib(  288): mbdrc_process, input_bytes 8192, output_bytes 8192
12-21 11:34:42.159 D/PowerAQLib(  288): result 0, counsumed_bytes 4096, i 0, loop_cnt 2
12-21 11:34:42.159 D/PowerAQLib(  288): result 0, counsumed_bytes 4096, i 1, loop_cnt 2
12-21 11:34:42.159 D/PowerAQLib(  288): mbdrc_process, input_bytes 8192, output_bytes 8192
12-21 11:34:42.159 D/PowerAQLib(  288): bypass_process!
12-21 11:34:42.196 D/PowerAQLib(  288): chmix_process!
12-21 11:34:42.199 D/PowerAQLib(  288): mbdrc_process, input_bytes 8192, output_bytes 8192
12-21 11:34:42.199 D/PowerAQLib(  288): result 0, counsumed_bytes 4096, i 0, loop_cnt 2
12-21 11:34:42.199 D/PowerAQLib(  288): result 0, counsumed_bytes 4096, i 1, loop_cnt 2
12-21 11:34:42.199 D/PowerAQLib(  288): mbdrc_process, input_bytes 8192, output_bytes 8192
12-21 11:34:42.199 D/PowerAQLib(  288): bypass_process!
12-21 11:34:42.211 D/PowerAQLib(  288): chmix_process!
12-21 11:34:42.214 D/PowerAQLib(  288): mbdrc_process, input_bytes 8192, output_bytes 8192
12-21 11:34:42.214 D/PowerAQLib(  288): result 0, counsumed_bytes 4096, i 0, loop_cnt 2
12-21 11:34:42.214 D/PowerAQLib(  288): result 0, counsumed_bytes 4096, i 1, loop_cnt 2
12-21 11:34:42.214 D/PowerAQLib(  288): mbdrc_process, input_bytes 8192, output_bytes 8192
12-21 11:34:42.214 D/PowerAQLib(  288): bypass_process!
12-21 11:34:42.226 D/PowerAQLib(  288): chmix_process!
12-21 11:34:42.229 D/PowerAQLib(  288): mbdrc_process, input_bytes 8192, output_bytes 8192
12-21 11:34:42.229 D/PowerAQLib(  288): result 0, counsumed_bytes 4096, i 0, loop_cnt 2
12-21 11:34:42.229 D/PowerAQLib(  288): result 0, counsumed_bytes 4096, i 1, loop_cnt 2
12-21 11:34:42.229 D/PowerAQLib(  288): mbdrc_process, input_bytes 8192, output_bytes 8192
12-21 11:34:42.229 D/PowerAQLib(  288): bypass_process!
12-21 11:34:42.241 D/PowerAQLib(  288): chmix_process!
12-21 11:34:42.244 D/PowerAQLib(  288): mbdrc_process, input_bytes 8192, output_bytes 8192
12-21 11:34:42.244 D/PowerAQLib(  288): result 0, counsumed_bytes 4096, i 0, loop_cnt 2
12-21 11:34:42.244 D/PowerAQLib(  288): result 0, counsumed_bytes 4096, i 1, loop_cnt 2
12-21 11:34:42.244 D/PowerAQLib(  288): mbdrc_process, input_bytes 8192, output_bytes 8192
12-21 11:34:42.244 D/PowerAQLib(  288): bypass_process!
12-21 11:34:42.281 D/PowerAQLib(  288): chmix_process!
12-21 11:34:42.284 D/PowerAQLib(  288): mbdrc_process, input_bytes 8192, output_bytes 8192
12-21 11:34:42.284 D/PowerAQLib(  288): result 0, counsumed_bytes 4096, i 0, loop_cnt 2
12-21 11:34:42.284 D/PowerAQLib(  288): result 0, counsumed_bytes 4096, i 1, loop_cnt 2
12-21 11:34:42.284 D/PowerAQLib(  288): mbdrc_process, input_bytes 8192, output_bytes 8192
12-21 11:34:42.284 D/PowerAQLib(  288): bypass_process!
12-21 11:34:42.296 D/PowerAQLib(  288): chmix_process!
12-21 11:34:42.299 D/PowerAQLib(  288): mbdrc_process, input_bytes 8192, output_bytes 8192
12-21 11:34:42.300 D/PowerAQLib(  288): result 0, counsumed_bytes 4096, i 0, loop_cnt 2
12-21 11:34:42.300 D/PowerAQLib(  288): result 0, counsumed_bytes 4096, i 1, loop_cnt 2
12-21 11:34:42.300 D/PowerAQLib(  288): mbdrc_process, input_bytes 8192, output_bytes 8192
12-21 11:34:42.300 D/PowerAQLib(  288): bypass_process!
12-21 11:34:42.312 D/PowerAQLib(  288): chmix_process!
12-21 11:34:42.315 D/PowerAQLib(  288): mbdrc_process, input_bytes 8192, output_bytes 8192
12-21 11:34:42.315 D/PowerAQLib(  288): result 0, counsumed_bytes 4096, i 0, loop_cnt 2
12-21 11:34:42.315 D/PowerAQLib(  288): result 0, counsumed_bytes 4096, i 1, loop_cnt 2
12-21 11:34:42.315 D/PowerAQLib(  288): mbdrc_process, input_bytes 8192, output_bytes 8192
12-21 11:34:42.315 D/PowerAQLib(  288): bypass_process!
12-21 11:34:42.327 D/PowerAQLib(  288): chmix_process!
12-21 11:34:42.330 D/PowerAQLib(  288): mbdrc_process, input_bytes 8192, output_bytes 8192
12-21 11:34:42.330 D/PowerAQLib(  288): result 0, counsumed_bytes 4096, i 0, loop_cnt 2
12-21 11:34:42.330 D/PowerAQLib(  288): result 0, counsumed_bytes 4096, i 1, loop_cnt 2
12-21 11:34:42.330 D/PowerAQLib(  288): mbdrc_process, input_bytes 8192, output_bytes 8192
12-21 11:34:42.330 D/PowerAQLib(  288): bypass_process!
12-21 11:34:42.367 D/PowerAQLib(  288): chmix_process!
12-21 11:34:42.370 D/PowerAQLib(  288): mbdrc_process, input_bytes 8192, output_bytes 8192
12-21 11:34:42.370 D/PowerAQLib(  288): result 0, counsumed_bytes 4096, i 0, loop_cnt 2
12-21 11:34:42.370 D/PowerAQLib(  288): result 0, counsumed_bytes 4096, i 1, loop_cnt 2
12-21 11:34:42.370 D/PowerAQLib(  288): mbdrc_process, input_bytes 8192, output_bytes 8192
12-21 11:34:42.370 D/PowerAQLib(  288): bypass_process!
12-21 11:34:42.382 D/PowerAQLib(  288): chmix_process!
12-21 11:34:42.385 D/PowerAQLib(  288): mbdrc_process, input_bytes 8192, output_bytes 8192
12-21 11:34:42.385 D/PowerAQLib(  288): result 0, counsumed_bytes 4096, i 0, loop_cnt 2
12-21 11:34:42.385 D/PowerAQLib(  288): result 0, counsumed_bytes 4096, i 1, loop_cnt 2
12-21 11:34:42.385 D/PowerAQLib(  288): mbdrc_process, input_bytes 8192, output_bytes 8192
12-21 11:34:42.385 D/PowerAQLib(  288): bypass_process!
12-21 11:34:42.397 D/PowerAQLib(  288): chmix_process!
12-21 11:34:42.401 D/PowerAQLib(  288): mbdrc_process, input_bytes 8192, output_bytes 8192
12-21 11:34:42.401 D/PowerAQLib(  288): result 0, counsumed_bytes 4096, i 0, loop_cnt 2
12-21 11:34:42.401 D/PowerAQLib(  288): result 0, counsumed_bytes 4096, i 1, loop_cnt 2
12-21 11:34:42.401 D/PowerAQLib(  288): mbdrc_process, input_bytes 8192, output_bytes 8192
12-21 11:34:42.401 D/PowerAQLib(  288): bypass_process!
12-21 11:34:42.413 D/PowerAQLib(  288): chmix_process!
12-21 11:34:42.416 D/PowerAQLib(  288): mbdrc_process, input_bytes 8192, output_bytes 8192
12-21 11:34:42.416 D/PowerAQLib(  288): result 0, counsumed_bytes 4096, i 0, loop_cnt 2
12-21 11:34:42.416 D/PowerAQLib(  288): result 0, counsumed_bytes 4096, i 1, loop_cnt 2
12-21 11:34:42.416 D/PowerAQLib(  288): mbdrc_process, input_bytes 8192, output_bytes 8192
12-21 11:34:42.416 D/PowerAQLib(  288): bypass_process!
12-21 11:34:42.444 I/PowerWrap(  646): PowerHal_TouchBoost
12-21 11:34:42.446 I/libPowerHal(  304): 20: cpu_ctrl set freq: 2001000 -1
12-21 11:34:42.447 D/View    ( 1100): genie dispatchTouchEvent-will sendbroadcast
12-21 11:34:42.447 W/ContextImpl( 1100): Calling a method in the system process without a qualified user: android.app.ContextImpl.sendBroadcast:1006 android.content.ContextWrapper.sendBroadcast:444 android.content.ContextWrapper.sendBroadcast:444 android.view.View.dispatchTouchEvent:12526 android.view.ViewGroup.dispatchTransformedTouchEvent:3077 
12-21 11:34:42.449 E/ActivityManager(  646): Sending non-protected broadcast com.genie.clickscreen from system 1100:com.tal.genie.push/1000 pkg com.tal.genie.push
12-21 11:34:42.449 E/ActivityManager(  646): java.lang.Throwable
12-21 11:34:42.449 E/ActivityManager(  646): 	at com.android.server.am.ActivityManagerService.checkBroadcastFromSystem(ActivityManagerService.java:21473)
12-21 11:34:42.449 E/ActivityManager(  646): 	at com.android.server.am.ActivityManagerService.broadcastIntentLocked(ActivityManagerService.java:21984)
12-21 11:34:42.449 E/ActivityManager(  646): 	at com.android.server.am.ActivityManagerService.broadcastIntent(ActivityManagerService.java:22227)
12-21 11:34:42.449 E/ActivityManager(  646): 	at android.app.IActivityManager$Stub.onTransact$broadcastIntent$(IActivityManager.java:10181)
12-21 11:34:42.449 E/ActivityManager(  646): 	at android.app.IActivityManager$Stub.onTransact(IActivityManager.java:167)
12-21 11:34:42.449 E/ActivityManager(  646): 	at com.android.server.am.ActivityManagerService.onTransact(ActivityManagerService.java:3350)
12-21 11:34:42.449 E/ActivityManager(  646): 	at android.os.Binder.execTransact(Binder.java:731)
12-21 11:34:42.451 E/ActivityManager(  646): Sending non-protected broadcast com.genie.clickscreen from system 1100:com.tal.genie.push/1000 pkg com.tal.genie.push
12-21 11:34:42.451 E/ActivityManager(  646): java.lang.Throwable
12-21 11:34:42.451 E/ActivityManager(  646): 	at com.android.server.am.ActivityManagerService.checkBroadcastFromSystem(ActivityManagerService.java:21473)
12-21 11:34:42.451 E/ActivityManager(  646): 	at com.android.server.am.ActivityManagerService.broadcastIntentLocked(ActivityManagerService.java:22077)
12-21 11:34:42.451 E/ActivityManager(  646): 	at com.android.server.am.ActivityManagerService.broadcastIntent(ActivityManagerService.java:22227)
12-21 11:34:42.451 E/ActivityManager(  646): 	at android.app.IActivityManager$Stub.onTransact$broadcastIntent$(IActivityManager.java:10181)
12-21 11:34:42.451 E/ActivityManager(  646): 	at android.app.IActivityManager$Stub.onTransact(IActivityManager.java:167)
12-21 11:34:42.451 E/ActivityManager(  646): 	at com.android.server.am.ActivityManagerService.onTransact(ActivityManagerService.java:3350)
12-21 11:34:42.451 E/ActivityManager(  646): 	at android.os.Binder.execTransact(Binder.java:731)
12-21 11:34:42.452 D/PowerAQLib(  288): chmix_process!
12-21 11:34:42.453 I/SA.PushAutoTrackHelper( 1155): SDK or push disabled.
12-21 11:34:42.453 I/LockScreenReceiver( 1155): action ::: com.genie.clickscreen
12-21 11:34:42.453 D/PowerAQLib(  288): mbdrc_process, input_bytes 8192, output_bytes 8192
12-21 11:34:42.453 D/PowerAQLib(  288): result 0, counsumed_bytes 4096, i 0, loop_cnt 2
12-21 11:34:42.453 D/PowerAQLib(  288): result 0, counsumed_bytes 4096, i 1, loop_cnt 2
12-21 11:34:42.453 D/PowerAQLib(  288): mbdrc_process, input_bytes 8192, output_bytes 8192
12-21 11:34:42.453 D/PowerAQLib(  288): bypass_process!
12-21 11:34:42.454 I/EyesProtectManager( 1155): [ (EyesProtectManager.java:76)#userTracked ] userTracked:  configLoaded-true protectorOn-false canUseScreen-true isUseCounting-false useBeginTime-null useSeconds-0 lockScreenTime-null unlockScreenTime- 2021-12-21 11:31:29
12-21 11:34:42.465 D/PowerAQLib(  288): chmix_process!
12-21 11:34:42.466 D/PowerAQLib(  288): mbdrc_process, input_bytes 8192, output_bytes 8192
12-21 11:34:42.466 D/PowerAQLib(  288): result 0, counsumed_bytes 4096, i 0, loop_cnt 2
12-21 11:34:42.466 D/PowerAQLib(  288): result 0, counsumed_bytes 4096, i 1, loop_cnt 2
12-21 11:34:42.466 D/PowerAQLib(  288): mbdrc_process, input_bytes 8192, output_bytes 8192
12-21 11:34:42.466 D/PowerAQLib(  288): bypass_process!
12-21 11:34:42.477 D/PowerAQLib(  288): chmix_process!
12-21 11:34:42.479 D/PowerAQLib(  288): mbdrc_process, input_bytes 8192, output_bytes 8192
12-21 11:34:42.479 D/PowerAQLib(  288): result 0, counsumed_bytes 4096, i 0, loop_cnt 2
12-21 11:34:42.479 D/PowerAQLib(  288): result 0, counsumed_bytes 4096, i 1, loop_cnt 2
12-21 11:34:42.479 D/PowerAQLib(  288): mbdrc_process, input_bytes 8192, output_bytes 8192
12-21 11:34:42.479 D/PowerAQLib(  288): bypass_process!
12-21 11:34:42.494 D/PowerAQLib(  288): chmix_process!
12-21 11:34:42.496 D/PowerAQLib(  288): mbdrc_process, input_bytes 8192, output_bytes 8192
12-21 11:34:42.496 D/PowerAQLib(  288): result 0, counsumed_bytes 4096, i 0, loop_cnt 2
12-21 11:34:42.496 D/PowerAQLib(  288): result 0, counsumed_bytes 4096, i 1, loop_cnt 2
12-21 11:34:42.496 D/PowerAQLib(  288): mbdrc_process, input_bytes 8192, output_bytes 8192
12-21 11:34:42.496 D/PowerAQLib(  288): bypass_process!
12-21 11:34:42.531 I/PowerWrap(  646): PowerHal_TouchBoost
12-21 11:34:42.532 I/libPowerHal(  304): 20: cpu_ctrl set freq: -1 -1
12-21 11:34:42.537 D/PowerAQLib(  288): chmix_process!
12-21 11:34:42.540 D/PowerAQLib(  288): mbdrc_process, input_bytes 8192, output_bytes 8192
12-21 11:34:42.540 D/PowerAQLib(  288): result 0, counsumed_bytes 4096, i 0, loop_cnt 2
12-21 11:34:42.540 D/PowerAQLib(  288): result 0, counsumed_bytes 4096, i 1, loop_cnt 2
12-21 11:34:42.540 D/PowerAQLib(  288): mbdrc_process, input_bytes 8192, output_bytes 8192
12-21 11:34:42.540 D/PowerAQLib(  288): bypass_process!
12-21 11:34:42.552 D/PowerAQLib(  288): chmix_process!
12-21 11:34:42.555 D/PowerAQLib(  288): mbdrc_process, input_bytes 8192, output_bytes 8192
12-21 11:34:42.555 D/PowerAQLib(  288): result 0, counsumed_bytes 4096, i 0, loop_cnt 2
12-21 11:34:42.555 D/PowerAQLib(  288): result 0, counsumed_bytes 4096, i 1, loop_cnt 2
12-21 11:34:42.555 D/PowerAQLib(  288): mbdrc_process, input_bytes 8192, output_bytes 8192
12-21 11:34:42.555 D/PowerAQLib(  288): bypass_process!
12-21 11:34:42.568 D/PowerAQLib(  288): chmix_process!
12-21 11:34:42.571 D/PowerAQLib(  288): mbdrc_process, input_bytes 8192, output_bytes 8192
12-21 11:34:42.571 D/PowerAQLib(  288): result 0, counsumed_bytes 4096, i 0, loop_cnt 2
12-21 11:34:42.571 D/PowerAQLib(  288): result 0, counsumed_bytes 4096, i 1, loop_cnt 2
12-21 11:34:42.571 D/PowerAQLib(  288): mbdrc_process, input_bytes 8192, output_bytes 8192
12-21 11:34:42.571 D/PowerAQLib(  288): bypass_process!
12-21 11:34:42.583 D/PowerAQLib(  288): chmix_process!
12-21 11:34:42.586 D/PowerAQLib(  288): mbdrc_process, input_bytes 8192, output_bytes 8192
12-21 11:34:42.586 D/PowerAQLib(  288): result 0, counsumed_bytes 4096, i 0, loop_cnt 2
12-21 11:34:42.586 D/PowerAQLib(  288): result 0, counsumed_bytes 4096, i 1, loop_cnt 2
12-21 11:34:42.586 D/PowerAQLib(  288): mbdrc_process, input_bytes 8192, output_bytes 8192
12-21 11:34:42.586 D/PowerAQLib(  288): bypass_process!
12-21 11:34:42.622 D/PowerAQLib(  288): chmix_process!
12-21 11:34:42.625 D/PowerAQLib(  288): mbdrc_process, input_bytes 8192, output_bytes 8192
12-21 11:34:42.625 D/PowerAQLib(  288): result 0, counsumed_bytes 4096, i 0, loop_cnt 2
12-21 11:34:42.625 D/PowerAQLib(  288): result 0, counsumed_bytes 4096, i 1, loop_cnt 2
12-21 11:34:42.625 D/PowerAQLib(  288): mbdrc_process, input_bytes 8192, output_bytes 8192
12-21 11:34:42.625 D/PowerAQLib(  288): bypass_process!
12-21 11:34:42.637 D/PowerAQLib(  288): chmix_process!
12-21 11:34:42.640 D/PowerAQLib(  288): mbdrc_process, input_bytes 8192, output_bytes 8192
12-21 11:34:42.640 D/PowerAQLib(  288): result 0, counsumed_bytes 4096, i 0, loop_cnt 2
12-21 11:34:42.640 D/PowerAQLib(  288): result 0, counsumed_bytes 4096, i 1, loop_cnt 2
12-21 11:34:42.640 D/PowerAQLib(  288): mbdrc_process, input_bytes 8192, output_bytes 8192
12-21 11:34:42.640 D/PowerAQLib(  288): bypass_process!
12-21 11:34:42.652 D/PowerAQLib(  288): chmix_process!
12-21 11:34:42.655 D/PowerAQLib(  288): mbdrc_process, input_bytes 8192, output_bytes 8192
12-21 11:34:42.655 D/PowerAQLib(  288): result 0, counsumed_bytes 4096, i 0, loop_cnt 2
12-21 11:34:42.655 D/PowerAQLib(  288): result 0, counsumed_bytes 4096, i 1, loop_cnt 2
12-21 11:34:42.655 D/PowerAQLib(  288): mbdrc_process, input_bytes 8192, output_bytes 8192
12-21 11:34:42.656 D/PowerAQLib(  288): bypass_process!
12-21 11:34:42.668 D/PowerAQLib(  288): chmix_process!
12-21 11:34:42.671 D/PowerAQLib(  288): mbdrc_process, input_bytes 8192, output_bytes 8192
12-21 11:34:42.671 D/PowerAQLib(  288): result 0, counsumed_bytes 4096, i 0, loop_cnt 2
12-21 11:34:42.671 D/PowerAQLib(  288): result 0, counsumed_bytes 4096, i 1, loop_cnt 2
12-21 11:34:42.671 D/PowerAQLib(  288): mbdrc_process, input_bytes 8192, output_bytes 8192
12-21 11:34:42.671 D/PowerAQLib(  288): bypass_process!
12-21 11:34:42.708 D/PowerAQLib(  288): chmix_process!
12-21 11:34:42.712 D/PowerAQLib(  288): mbdrc_process, input_bytes 8192, output_bytes 8192
12-21 11:34:42.712 D/PowerAQLib(  288): result 0, counsumed_bytes 4096, i 0, loop_cnt 2
12-21 11:34:42.712 D/PowerAQLib(  288): result 0, counsumed_bytes 4096, i 1, loop_cnt 2
12-21 11:34:42.712 D/PowerAQLib(  288): mbdrc_process, input_bytes 8192, output_bytes 8192
12-21 11:34:42.712 D/PowerAQLib(  288): bypass_process!
12-21 11:34:42.724 D/PowerAQLib(  288): chmix_process!
12-21 11:34:42.727 D/PowerAQLib(  288): mbdrc_process, input_bytes 8192, output_bytes 8192
12-21 11:34:42.727 D/PowerAQLib(  288): result 0, counsumed_bytes 4096, i 0, loop_cnt 2
12-21 11:34:42.727 D/PowerAQLib(  288): result 0, counsumed_bytes 4096, i 1, loop_cnt 2
12-21 11:34:42.727 D/PowerAQLib(  288): mbdrc_process, input_bytes 8192, output_bytes 8192
12-21 11:34:42.727 D/PowerAQLib(  288): bypass_process!
12-21 11:34:42.739 D/PowerAQLib(  288): chmix_process!
12-21 11:34:42.742 D/PowerAQLib(  288): mbdrc_process, input_bytes 8192, output_bytes 8192
12-21 11:34:42.743 D/PowerAQLib(  288): result 0, counsumed_bytes 4096, i 0, loop_cnt 2
12-21 11:34:42.743 D/PowerAQLib(  288): result 0, counsumed_bytes 4096, i 1, loop_cnt 2
12-21 11:34:42.743 D/PowerAQLib(  288): mbdrc_process, input_bytes 8192, output_bytes 8192
12-21 11:34:42.743 D/PowerAQLib(  288): bypass_process!
12-21 11:34:42.754 D/PowerAQLib(  288): chmix_process!
12-21 11:34:42.757 D/PowerAQLib(  288): mbdrc_process, input_bytes 8192, output_bytes 8192
12-21 11:34:42.757 D/PowerAQLib(  288): result 0, counsumed_bytes 4096, i 0, loop_cnt 2
12-21 11:34:42.757 D/PowerAQLib(  288): result 0, counsumed_bytes 4096, i 1, loop_cnt 2
12-21 11:34:42.758 D/PowerAQLib(  288): mbdrc_process, input_bytes 8192, output_bytes 8192
12-21 11:34:42.758 D/PowerAQLib(  288): bypass_process!
12-21 11:34:42.793 D/PowerAQLib(  288): chmix_process!
12-21 11:34:42.796 D/PowerAQLib(  288): mbdrc_process, input_bytes 8192, output_bytes 8192
12-21 11:34:42.797 D/PowerAQLib(  288): result 0, counsumed_bytes 4096, i 0, loop_cnt 2
12-21 11:34:42.797 D/PowerAQLib(  288): result 0, counsumed_bytes 4096, i 1, loop_cnt 2
12-21 11:34:42.797 D/PowerAQLib(  288): mbdrc_process, input_bytes 8192, output_bytes 8192
12-21 11:34:42.797 D/PowerAQLib(  288): bypass_process!
12-21 11:34:42.809 D/PowerAQLib(  288): chmix_process!
12-21 11:34:42.812 D/PowerAQLib(  288): mbdrc_process, input_bytes 8192, output_bytes 8192
12-21 11:34:42.812 D/PowerAQLib(  288): result 0, counsumed_bytes 4096, i 0, loop_cnt 2
12-21 11:34:42.812 D/PowerAQLib(  288): result 0, counsumed_bytes 4096, i 1, loop_cnt 2
12-21 11:34:42.812 D/PowerAQLib(  288): mbdrc_process, input_bytes 8192, output_bytes 8192
12-21 11:34:42.812 D/PowerAQLib(  288): bypass_process!
12-21 11:34:42.824 D/PowerAQLib(  288): chmix_process!
12-21 11:34:42.827 D/PowerAQLib(  288): mbdrc_process, input_bytes 8192, output_bytes 8192
12-21 11:34:42.827 D/PowerAQLib(  288): result 0, counsumed_bytes 4096, i 0, loop_cnt 2
12-21 11:34:42.827 D/PowerAQLib(  288): result 0, counsumed_bytes 4096, i 1, loop_cnt 2
12-21 11:34:42.827 D/PowerAQLib(  288): mbdrc_process, input_bytes 8192, output_bytes 8192
12-21 11:34:42.827 D/PowerAQLib(  288): bypass_process!
12-21 11:34:42.839 D/PowerAQLib(  288): chmix_process!
12-21 11:34:42.842 D/PowerAQLib(  288): mbdrc_process, input_bytes 8192, output_bytes 8192
12-21 11:34:42.842 D/PowerAQLib(  288): result 0, counsumed_bytes 4096, i 0, loop_cnt 2
12-21 11:34:42.842 D/PowerAQLib(  288): result 0, counsumed_bytes 4096, i 1, loop_cnt 2
12-21 11:34:42.842 D/PowerAQLib(  288): mbdrc_process, input_bytes 8192, output_bytes 8192
12-21 11:34:42.843 D/PowerAQLib(  288): bypass_process!
12-21 11:34:42.879 D/PowerAQLib(  288): chmix_process!
12-21 11:34:42.882 D/PowerAQLib(  288): mbdrc_process, input_bytes 8192, output_bytes 8192
12-21 11:34:42.882 D/PowerAQLib(  288): result 0, counsumed_bytes 4096, i 0, loop_cnt 2
12-21 11:34:42.882 D/PowerAQLib(  288): result 0, counsumed_bytes 4096, i 1, loop_cnt 2
12-21 11:34:42.882 D/PowerAQLib(  288): mbdrc_process, input_bytes 8192, output_bytes 8192
12-21 11:34:42.882 D/PowerAQLib(  288): bypass_process!
12-21 11:34:42.894 D/PowerAQLib(  288): chmix_process!
12-21 11:34:42.897 D/PowerAQLib(  288): mbdrc_process, input_bytes 8192, output_bytes 8192
12-21 11:34:42.897 D/PowerAQLib(  288): result 0, counsumed_bytes 4096, i 0, loop_cnt 2
12-21 11:34:42.897 D/PowerAQLib(  288): result 0, counsumed_bytes 4096, i 1, loop_cnt 2
12-21 11:34:42.897 D/PowerAQLib(  288): mbdrc_process, input_bytes 8192, output_bytes 8192
12-21 11:34:42.897 D/PowerAQLib(  288): bypass_process!
12-21 11:34:42.909 D/PowerAQLib(  288): chmix_process!
12-21 11:34:42.912 D/PowerAQLib(  288): mbdrc_process, input_bytes 8192, output_bytes 8192
12-21 11:34:42.913 D/PowerAQLib(  288): result 0, counsumed_bytes 4096, i 0, loop_cnt 2
12-21 11:34:42.913 D/PowerAQLib(  288): result 0, counsumed_bytes 4096, i 1, loop_cnt 2
12-21 11:34:42.913 D/PowerAQLib(  288): mbdrc_process, input_bytes 8192, output_bytes 8192
12-21 11:34:42.913 D/PowerAQLib(  288): bypass_process!
12-21 11:34:42.925 D/PowerAQLib(  288): chmix_process!
12-21 11:34:42.928 D/PowerAQLib(  288): mbdrc_process, input_bytes 8192, output_bytes 8192
12-21 11:34:42.928 D/PowerAQLib(  288): result 0, counsumed_bytes 4096, i 0, loop_cnt 2
12-21 11:34:42.928 D/PowerAQLib(  288): result 0, counsumed_bytes 4096, i 1, loop_cnt 2
12-21 11:34:42.928 D/PowerAQLib(  288): mbdrc_process, input_bytes 8192, output_bytes 8192
12-21 11:34:42.928 D/PowerAQLib(  288): bypass_process!
12-21 11:34:42.964 D/PowerAQLib(  288): chmix_process!
12-21 11:34:42.967 D/PowerAQLib(  288): mbdrc_process, input_bytes 8192, output_bytes 8192
12-21 11:34:42.967 D/PowerAQLib(  288): result 0, counsumed_bytes 4096, i 0, loop_cnt 2
12-21 11:34:42.967 D/PowerAQLib(  288): result 0, counsumed_bytes 4096, i 1, loop_cnt 2
12-21 11:34:42.967 D/PowerAQLib(  288): mbdrc_process, input_bytes 8192, output_bytes 8192
12-21 11:34:42.967 D/PowerAQLib(  288): bypass_process!
12-21 11:34:42.979 D/PowerAQLib(  288): chmix_process!
12-21 11:34:42.982 D/PowerAQLib(  288): mbdrc_process, input_bytes 8192, output_bytes 8192
12-21 11:34:42.982 D/PowerAQLib(  288): result 0, counsumed_bytes 4096, i 0, loop_cnt 2
12-21 11:34:42.982 D/PowerAQLib(  288): result 0, counsumed_bytes 4096, i 1, loop_cnt 2
12-21 11:34:42.982 D/PowerAQLib(  288): mbdrc_process, input_bytes 8192, output_bytes 8192
12-21 11:34:42.982 D/PowerAQLib(  288): bypass_process!
12-21 11:34:42.994 D/PowerAQLib(  288): chmix_process!
12-21 11:34:42.997 D/PowerAQLib(  288): mbdrc_process, input_bytes 8192, output_bytes 8192
12-21 11:34:42.998 D/PowerAQLib(  288): result 0, counsumed_bytes 4096, i 0, loop_cnt 2
12-21 11:34:42.998 D/PowerAQLib(  288): result 0, counsumed_bytes 4096, i 1, loop_cnt 2
12-21 11:34:42.998 D/PowerAQLib(  288): mbdrc_process, input_bytes 8192, output_bytes 8192
12-21 11:34:42.998 D/PowerAQLib(  288): bypass_process!
12-21 11:34:43.010 D/PowerAQLib(  288): chmix_process!
12-21 11:34:43.013 D/PowerAQLib(  288): mbdrc_process, input_bytes 8192, output_bytes 8192
12-21 11:34:43.013 D/PowerAQLib(  288): result 0, counsumed_bytes 4096, i 0, loop_cnt 2
12-21 11:34:43.013 D/PowerAQLib(  288): result 0, counsumed_bytes 4096, i 1, loop_cnt 2
12-21 11:34:43.013 D/PowerAQLib(  288): mbdrc_process, input_bytes 8192, output_bytes 8192
12-21 11:34:43.013 D/PowerAQLib(  288): bypass_process!
12-21 11:34:43.049 D/PowerAQLib(  288): chmix_process!
12-21 11:34:43.052 D/PowerAQLib(  288): mbdrc_process, input_bytes 8192, output_bytes 8192
12-21 11:34:43.052 D/PowerAQLib(  288): result 0, counsumed_bytes 4096, i 0, loop_cnt 2
12-21 11:34:43.052 D/PowerAQLib(  288): result 0, counsumed_bytes 4096, i 1, loop_cnt 2
12-21 11:34:43.052 D/PowerAQLib(  288): mbdrc_process, input_bytes 8192, output_bytes 8192
12-21 11:34:43.052 D/PowerAQLib(  288): bypass_process!
12-21 11:34:43.064 D/PowerAQLib(  288): chmix_process!
12-21 11:34:43.067 D/PowerAQLib(  288): mbdrc_process, input_bytes 8192, output_bytes 8192
12-21 11:34:43.067 D/PowerAQLib(  288): result 0, counsumed_bytes 4096, i 0, loop_cnt 2
12-21 11:34:43.067 D/PowerAQLib(  288): result 0, counsumed_bytes 4096, i 1, loop_cnt 2
12-21 11:34:43.067 D/PowerAQLib(  288): mbdrc_process, input_bytes 8192, output_bytes 8192
12-21 11:34:43.067 D/PowerAQLib(  288): bypass_process!
12-21 11:34:43.079 D/AudioALSAStreamOut(  288): [primary] close()
12-21 11:34:43.080 D/AudioALSAPlaybackHandlerFast(  288): +close()
12-21 11:34:43.080 D/AudioVoiceUIDL(  288): [SetInputStandBy] ReadRefFromRing to exit? (0) 
12-21 11:34:43.130 D/AudioALSAHardwareResourceManager(  288): +stopOutputDevice(), mOutputDevices = 0x2, mStartOutputDevicesCount = 1
12-21 11:34:43.131 D/AudioALSAHardwareResourceManager(  288): -stopOutputDevice(), mOutputDevices = 0x0, mStartOutputDevicesCount = 0
12-21 11:34:43.182 D/AudioALSAPlaybackHandlerBase(  288): -closePcmDriver(), mPcm = 0x0
12-21 11:34:43.183 D/AudioALSAPlaybackHandlerBase(  288): DeinitDataPending
12-21 11:34:43.183 D/AudioALSAPlaybackHandlerBase(  288): deinitPowerAQProcessing
12-21 11:34:43.183 D/MTKAudioPowerAQManager(  288): Set mPowerAQHandler identity (1)
12-21 11:34:43.183 D/MTKAudioPowerAQManager(  288): destoryPowerAQHandler() begins!
12-21 11:34:43.183 D/MTKAudioPowerAQHandler(  288): [0xa7b2a4c0]~MTKAudioPowerAQHandler()-
12-21 11:34:43.183 D/AudioALSAPlaybackHandlerFast(  288): -close()
12-21 11:34:43.183 D/AudioALSAStreamManager(  288): +destroyPlaybackHandler(), mode = 0, pPlaybackHandler = 0xa646c600
12-21 11:34:43.183 D/AudioALSAPlaybackHandlerFast(  288): ~AudioALSAPlaybackHandlerFast()
12-21 11:34:43.183 D/AudioALSAStreamManager(  288): -destroyPlaybackHandler(), mPlaybackHandlerVector.size() = 0
12-21 11:34:43.202 I/LongLinkLog( 1569): [ (AsrEngine.java:59)#i ] connect status = DISCONNECTED,thread = Thread[wsMessage,5,main]
12-21 11:34:43.203 I/LongLinkLog( 1569): [ (AsrEngine.java:59)#i ] status changed to CONNECTING
12-21 11:34:43.204 I/TtSy    ( 1569): [ (AsrEngine.java:99)#lambda$init$0$AsrEngine ] status:CONNECTING
12-21 11:34:43.206 I/LongLinkLog( 1569): [ (AsrEngine.java:59)#i ] socketId:cb295668-2ae0-47ba-8d5d-3090197f2bda userId:1000303 deviceSn:61D00121B1600029 token:eyJhbGciOiJIUzI1NiIsInR5cCI6IkpXVCJ9.eyJ1c2VyX2lkIjoxMDAwMzAzLCJ1c2VyX3NvdXJjZSI6ImxhbXBfc3R1IiwiYXVkIjoiQWNjZXNzVG9rZW4iLCJleHAiOjE2NDAwNzgxNTcsImlhdCI6MTYzOTk5MTc1NywibmJmIjoxNjM5OTkxNzU3LCJzdWIiOiIxMDAwMzAzIn0.7Xlezg82e5qQy_yBZgIMktib0C35NjahafJSq7XlLXs
12-21 11:34:43.213 E/LongLinkLog( 1569): [ (AsrEngine.java:64)#e ] onFailure response=null,throwable = java.net.UnknownHostException: Unable to resolve host "hmi.chengjiukehu.com": No address associated with hostname
12-21 11:34:43.214 I/LongLinkLog( 1569): [ (AsrEngine.java:59)#i ] status changed to DISCONNECTED
12-21 11:34:43.215 I/TtSy    ( 1569): [ (AsrEngine.java:99)#lambda$init$0$AsrEngine ] status:DISCONNECTED
12-21 11:34:43.216 I/LongLinkLog( 1569): [ (AsrEngine.java:59)#i ] reconnectAfterBackOff status = DISCONNECTED,thread = Thread[OkHttp https://hmi.chengjiukehu.com/...,5,main]
12-21 11:34:43.217 I/LongLinkLog( 1569): [ (AsrEngine.java:59)#i ] status changed to DISCONNECTED
12-21 11:34:43.218 E/LongLinkLog( 1569): [ (AsrEngine.java:64)#e ] ws error:Unable to resolve host "hmi.chengjiukehu.com": No address associated with hostname
12-21 11:34:43.218 I/LongLinkLog( 1569): [ (AsrEngine.java:59)#i ] reconnectAfterBackOff backOffSecond = 8 retryTimes:11
12-21 11:34:43.220 D/TalkEventDispatcher( 1569): [ (TalkEventDispatcher.java:139)#onError ] onError:
12-21 11:34:43.222 E/TtSy    ( 1569): [ (TTalkSdk.java:221)#onError ] onError: msg:网络不好,请稍后再试 errorCode:WS10001
12-21 11:34:43.223 E/IVoiceS ( 1569): [ (TalkVoiceS.java:193)#onError ] onError: msg:网络不好,请稍后再试 code:WS10001
12-21 11:34:43.225 E/IVoiceS ( 1569): [ (TalkVoiceS.java:284)#dispatchOnError ] error: isVoicePageOpen false
12-21 11:34:43.635 I/PowerWrap(  646): PowerHal_TouchBoost
12-21 11:34:43.637 D/View    ( 1100): genie dispatchTouchEvent-will sendbroadcast
12-21 11:34:43.638 I/libPowerHal(  304): 20: cpu_ctrl set freq: 2001000 -1
12-21 11:34:43.639 W/ContextImpl( 1100): Calling a method in the system process without a qualified user: android.app.ContextImpl.sendBroadcast:1006 android.content.ContextWrapper.sendBroadcast:444 android.content.ContextWrapper.sendBroadcast:444 android.view.View.dispatchTouchEvent:12526 android.view.ViewGroup.dispatchTransformedTouchEvent:3083 
12-21 11:34:43.640 E/ActivityManager(  646): Sending non-protected broadcast com.genie.clickscreen from system 1100:com.tal.genie.push/1000 pkg com.tal.genie.push
12-21 11:34:43.640 E/ActivityManager(  646): java.lang.Throwable
12-21 11:34:43.640 E/ActivityManager(  646): 	at com.android.server.am.ActivityManagerService.checkBroadcastFromSystem(ActivityManagerService.java:21473)
12-21 11:34:43.640 E/ActivityManager(  646): 	at com.android.server.am.ActivityManagerService.broadcastIntentLocked(ActivityManagerService.java:21984)
12-21 11:34:43.640 E/ActivityManager(  646): 	at com.android.server.am.ActivityManagerService.broadcastIntent(ActivityManagerService.java:22227)
12-21 11:34:43.640 E/ActivityManager(  646): 	at android.app.IActivityManager$Stub.onTransact$broadcastIntent$(IActivityManager.java:10181)
12-21 11:34:43.640 E/ActivityManager(  646): 	at android.app.IActivityManager$Stub.onTransact(IActivityManager.java:167)
12-21 11:34:43.640 E/ActivityManager(  646): 	at com.android.server.am.ActivityManagerService.onTransact(ActivityManagerService.java:3350)
12-21 11:34:43.640 E/ActivityManager(  646): 	at android.os.Binder.execTransact(Binder.java:731)
12-21 11:34:43.641 E/ActivityManager(  646): Sending non-protected broadcast com.genie.clickscreen from system 1100:com.tal.genie.push/1000 pkg com.tal.genie.push
12-21 11:34:43.641 E/ActivityManager(  646): java.lang.Throwable
12-21 11:34:43.641 E/ActivityManager(  646): 	at com.android.server.am.ActivityManagerService.checkBroadcastFromSystem(ActivityManagerService.java:21473)
12-21 11:34:43.641 E/ActivityManager(  646): 	at com.android.server.am.ActivityManagerService.broadcastIntentLocked(ActivityManagerService.java:22077)
12-21 11:34:43.641 E/ActivityManager(  646): 	at com.android.server.am.ActivityManagerService.broadcastIntent(ActivityManagerService.java:22227)
12-21 11:34:43.641 E/ActivityManager(  646): 	at android.app.IActivityManager$Stub.onTransact$broadcastIntent$(IActivityManager.java:10181)
12-21 11:34:43.641 E/ActivityManager(  646): 	at android.app.IActivityManager$Stub.onTransact(IActivityManager.java:167)
12-21 11:34:43.641 E/ActivityManager(  646): 	at com.android.server.am.ActivityManagerService.onTransact(ActivityManagerService.java:3350)
12-21 11:34:43.641 E/ActivityManager(  646): 	at android.os.Binder.execTransact(Binder.java:731)
12-21 11:34:43.643 I/SA.PushAutoTrackHelper( 1155): SDK or push disabled.
12-21 11:34:43.643 I/LockScreenReceiver( 1155): action ::: com.genie.clickscreen
12-21 11:34:43.643 I/EyesProtectManager( 1155): [ (EyesProtectManager.java:76)#userTracked ] userTracked:  configLoaded-true protectorOn-false canUseScreen-true isUseCounting-false useBeginTime-null useSeconds-0 lockScreenTime-null unlockScreenTime- 2021-12-21 11:31:29
12-21 11:34:43.722 I/PowerWrap(  646): PowerHal_TouchBoost
12-21 11:34:43.723 I/libPowerHal(  304): 20: cpu_ctrl set freq: -1 -1
12-21 11:34:43.724 V/SettingsProvider(  646): packageValueForCallResult, name = sound_effects_enabled, value : Bundle[{_track_generation=android.util.MemoryIntArray@68, value=1, _generation_index=2, _generation=1}]
12-21 11:34:43.726 D/LogUtils---WifiDisConnectDialog( 1100): tvNotifyButton onClick.
12-21 11:34:43.726 D/AudioTrack(  646): setVolume(): 0x9ee73900, left = 0.501187, right = 0.501187
12-21 11:34:43.726 E/AudioTrack(  646): start(): 0x9ee73900, mState = 1
12-21 11:34:43.727 D/APM_AudioPolicyManager(  308): startOutput() output 21, stream 1, session 73
12-21 11:34:43.727 V/APM::AudioOutputDescriptor(  308): changeRefCount() stream 1, count 1
12-21 11:34:43.727 W/ContextImpl( 1100): Calling a method in the system process without a qualified user: android.app.ContextImpl.startActivity:888 android.content.ContextWrapper.startActivity:379 com.tal.genie.push_receiver.net.WifiSettingRouter.startNormalWifiSetting:25 com.tal.genie.push.ui.dialog.WifiDisConnectDialog.startWIFISetting:82 com.tal.genie.push.ui.dialog.WifiDisConnectDialog.access$200:22 
12-21 11:34:43.727 W/ContextImpl( 1100): Calling a method in the system process without a qualified user: android.app.ContextImpl.startActivity:900 android.app.ContextImpl.startActivity:889 android.content.ContextWrapper.startActivity:379 com.tal.genie.push_receiver.net.WifiSettingRouter.startNormalWifiSetting:25 com.tal.genie.push.ui.dialog.WifiDisConnectDialog.startWIFISetting:82 
12-21 11:34:43.728 I/ActivityManager(  646): START u0 {flg=0x10000000 cmp=com.tal.genie.wifisetup/.MainActivity (has extras)} from uid 1000
12-21 11:34:43.729 D/AudioALSAStreamManager(  288): setMasterVolume(), volume = 1.000000
12-21 11:34:43.730 D/AudioMTKGainController(  288): setNormalVolume(), mSceneIndex = 0, stream 1, devices 0x2, index 0, mode 0x0
12-21 11:34:43.730 D/AudioMTKGainController(  288): setSpeakerGain(), gain = 10, spkAnaType = 3, spkLMixerName = Lineout_PGAL_GAIN, spkRMixerName = Lineout_PGAR_GAIN
12-21 11:34:43.730 D/AudioALSAStreamOut(  288): [primary] open(), flags 4
12-21 11:34:43.730 D/AudioALSAStreamManager(  288): +createPlaybackHandler(), mAudioMode = 0, output_devices = 0x2
12-21 11:34:43.730 D/AudioALSAPlaybackHandlerFast(  288): AudioALSAPlaybackHandlerFast()
12-21 11:34:43.730 D/AudioALSAStreamManager(  288): createPlaybackHandler() ApplyFilter [1]/[2] Device [0x2]
12-21 11:34:43.730 D/AudioALSAPlaybackHandlerFast(  288): +setFilterMng() mAudioFilterManagerHandler [0xa7b0e650]
12-21 11:34:43.730 D/AudioALSAPlaybackHandlerFast(  288): -setFilterMng()
12-21 11:34:43.730 D/AudioALSAStreamManager(  288): -createPlaybackHandler(), mPlaybackHandlerVector.size() = 1
12-21 11:34:43.730 D/AudioALSAPlaybackHandlerFast(  288): +open(), mDevice = 0x2
12-21 11:34:43.730 D/AudioALSADeviceParser(  288): compare pcm success = 1, stringpair = MultiMedia2_PLayback
12-21 11:34:43.730 D/AudioALSAPlaybackHandlerFast(  288): ChooseTargetSampleRate SampleRate = 48000 outputdevice = 2
12-21 11:34:43.730 D/AudioALSAPlaybackHandlerFast(  288): open(), mConfig: channels = 2, rate = 48000, period_size = 2048, period_count = 2, format = 0, buffer size 16384 16384
12-21 11:34:43.730 D/AudioALSAPlaybackHandlerBase(  288): initPowerAQProcessing
12-21 11:34:43.730 D/MTKAudioPowerAQManager(  288): Set mPowerAQHandler identity (1)
12-21 11:34:43.730 D/MTKAudioPowerAQManager(  288): createPowerAQHandler()+ begins
12-21 11:34:43.730 D/MTKAudioPowerAQManager(  288): transferAudioChannelCount(), channel_count(0x2) => AUDIO_CHANNEL(0x3)
12-21 11:34:43.731 D/MTKAudioPowerAQManager(  288): transferAudioChannelCount(), channel_count(0x2) => AUDIO_CHANNEL(0x3)
12-21 11:34:43.731 D/MTKAudioPowerAQManager(  288): transferAudioSampleRate(), sample_rate(0xbb80) => AUDIO_SAMPLE_RATE(0x40)
12-21 11:34:43.731 D/MTKAudioPowerAQManager(  288): transferAudioFormat(), audio_format(0x1) => AUDIO_SAMPLE_FORMAT(0x1)
12-21 11:34:43.731 D/MTKAudioPowerAQManager(  288): setSysInfo()+ inChannel(3) outChannel(3) rate(64) format(1) frame_size(0), mode(1), device(1)
12-21 11:34:43.731 D/MTKAudioPowerAQHandler(  288): [0xa7b2a4c0]MTKAudioPowerAQHandler()+ mPpcHdl(0xa641f780)
12-21 11:34:43.731 D/MTKAudioPowerAQManager(  288): createPowerAQHandler()- success!
12-21 11:34:43.731 D/AudioALSAHardwareResourceManager(  288): +startOutputDevice(), new_devices = 0x2, mOutputDevices = 0x0, mStartOutputDevicesCount = 0 SampleRate = 48000
12-21 11:34:43.731 D/audio_route(  288): Apply path: speaker
12-21 11:34:43.733 D/AudioALSAHardwareResourceManager(  288): -startOutputDevice(), mOutputDevices = 0x2, mStartOutputDevicesCount = 1
12-21 11:34:43.733 D/audio_route(  288): Apply path: low-latency-playback speaker
12-21 11:34:43.734 D/AudioALSAPlaybackHandlerBase(  288): openPcmDriverWithFlag(), pcm device = 1 flag = 0x8 mPcm = 0xa7b2a5a0
12-21 11:34:43.735 D/AudioVoiceUIDL(  288): [GetSRCInputParameter] mOutputSampleRate 16000,  mInputSampleRate 48000, mInChannel 2, mOutChannel, 0 format 1
12-21 11:34:43.735 D/AudioVoiceUIDL(  288): [GetSRCInputParameter] create SRC handle fail
12-21 11:34:43.735 D/AudioALSAPlaybackHandlerFast(  288): -open()
12-21 11:34:43.735 D/AudioALSAStreamOut(  288): [primary] -open()
12-21 11:34:43.735 D/PowerAQLib(  288): chmix_process!
12-21 11:34:43.737 D/PowerAQLib(  288): mbdrc_process, input_bytes 8192, output_bytes 8192
12-21 11:34:43.737 D/PowerAQLib(  288): result 0, counsumed_bytes 4096, i 0, loop_cnt 2
12-21 11:34:43.737 D/PowerAQLib(  288): result 0, counsumed_bytes 4096, i 1, loop_cnt 2
12-21 11:34:43.737 D/PowerAQLib(  288): mbdrc_process, input_bytes 8192, output_bytes 8192
12-21 11:34:43.738 D/PowerAQLib(  288): bypass_process!
12-21 11:34:43.738 D/AudioFlinger_Threads(  308): mixer(0xa7c03dc0) throttle end: throttle time(22)
12-21 11:34:43.738 E/AudioALSAPlaybackHandlerBase(  288): -getHardwareBufferInfo(), pcm_get_htimestamp fail, ret = -1, pcm_get_error = 
12-21 11:34:43.739 D/PowerAQLib(  288): chmix_process!
12-21 11:34:43.742 D/PowerAQLib(  288): mbdrc_process, input_bytes 8192, output_bytes 8192
12-21 11:34:43.742 D/PowerAQLib(  288): result 0, counsumed_bytes 4096, i 0, loop_cnt 2
12-21 11:34:43.742 D/PowerAQLib(  288): result 0, counsumed_bytes 4096, i 1, loop_cnt 2
12-21 11:34:43.742 D/PowerAQLib(  288): mbdrc_process, input_bytes 8192, output_bytes 8192
12-21 11:34:43.742 D/PowerAQLib(  288): bypass_process!
12-21 11:34:43.742 D/MTKAudioPowerAQHandler(  288): processLinearRampMute() Unmute ends
12-21 11:34:43.746 I/vendor.mediatek.hardware.power@2.0-impl(  304): powerHintAsync hint:8, data:1
12-21 11:34:43.747 I/libPowerHal(  304): 8: cpu_ctrl set freq: 2001000 -1
12-21 11:34:43.750 D/PowerAQLib(  288): chmix_process!
12-21 11:34:43.751 D/PowerAQLib(  288): mbdrc_process, input_bytes 8192, output_bytes 8192
12-21 11:34:43.751 D/PowerAQLib(  288): result 0, counsumed_bytes 4096, i 0, loop_cnt 2
12-21 11:34:43.751 D/PowerAQLib(  288): result 0, counsumed_bytes 4096, i 1, loop_cnt 2
12-21 11:34:43.751 D/PowerAQLib(  288): mbdrc_process, input_bytes 8192, output_bytes 8192
12-21 11:34:43.751 D/PowerAQLib(  288): bypass_process!
12-21 11:34:43.752 I/BufferQueueProducer(  314): [FramebufferSurface](this:0xab29e000,id:0,api:1,p:314,c:314) queueBuffer: fps=11.18 dur=2593.90 max=1787.49 min=15.32
12-21 11:34:43.752 I/SurfaceFlinger(  314): [Built-in Screen (type:0)] fps:4.186242,dur:1911.02,max:1787.55,min:16.73
12-21 11:34:43.754 I/PowerWrap(  646): PowerHal_Wrap_mtkPowerHint
12-21 11:34:43.755 I/PowerWrap(  646): PowerHal_Wrap_mtkPowerHint
12-21 11:34:43.757 D/LogUtils---WifiDisConnectDialog( 1100): dismiss.
12-21 11:34:43.759 D/Surface ( 1100): Surface::disconnect(this=0x89309800,api=1)
12-21 11:34:43.760 I/BufferQueueProducer(  314): [#2](this:0xa92cc000,id:55,api:1,p:1100,c:314) disconnect(P): api 1
12-21 11:34:43.760 D/PowerAQLib(  288): chmix_process!
12-21 11:34:43.760 I/BufferQueueConsumer(  314): [#2](this:0xa92cc000,id:55,api:1,p:-1,c:314) getReleasedBuffers: returning mask 0xffffffffffffffff
12-21 11:34:43.761 D/View    ( 1100): [Warning] assignParent to null: this = DecorView@312ce36[]
12-21 11:34:43.761 D/PowerAQLib(  288): mbdrc_process, input_bytes 8192, output_bytes 8192
12-21 11:34:43.761 D/PowerAQLib(  288): result 0, counsumed_bytes 4096, i 0, loop_cnt 2
12-21 11:34:43.761 D/PowerAQLib(  288): result 0, counsumed_bytes 4096, i 1, loop_cnt 2
12-21 11:34:43.761 V/WindowManager(  646): Remove Window{bb0fcc3 u0 com.tal.genie.push} client=e99597d, surfaceController=Surface(name=)/@0xcd60d21 Callers=com.android.server.wm.WindowState.removeIfPossible:1966 com.android.server.wm.WindowManagerService.removeWindow:1679 com.android.server.wm.Session.remove:226 android.view.IWindowSession$Stub.onTransact:261 com.android.server.wm.Session.onTransact:164 
12-21 11:34:43.761 D/PowerAQLib(  288): mbdrc_process, input_bytes 8192, output_bytes 8192
12-21 11:34:43.761 D/PowerAQLib(  288): bypass_process!
12-21 11:34:43.762 I/[push]core( 1384): 106/cancel reconnect task, as network is unavailable
12-21 11:34:43.764 V/WindowManager(  646): Changing focus from Window{bb0fcc3 u0 com.tal.genie.push EXITING} to Window{5c25a41 u0 com.android.systemui} Callers=com.android.server.wm.WindowState.setupWindowForRemoveOnExit:2105 com.android.server.wm.WindowState.removeIfPossible:2076 com.android.server.wm.WindowState.removeIfPossible:1966 com.android.server.wm.WindowManagerService.removeWindow:1679 
12-21 11:34:43.764 D/WindowManager(  646): Input focus has changed to Window{5c25a41 u0 com.android.systemui}
12-21 11:34:43.770 D/PowerAQLib(  288): chmix_process!
12-21 11:34:43.771 I/WindowManager(  646): Focus moving from Window{bb0fcc3 u0 com.tal.genie.push EXITING} to Window{5c25a41 u0 com.android.systemui}
12-21 11:34:43.772 D/PowerAQLib(  288): mbdrc_process, input_bytes 8192, output_bytes 8192
12-21 11:34:43.772 D/PowerAQLib(  288): result 0, counsumed_bytes 4096, i 0, loop_cnt 2
12-21 11:34:43.772 D/PowerAQLib(  288): result 0, counsumed_bytes 4096, i 1, loop_cnt 2
12-21 11:34:43.772 D/PowerAQLib(  288): mbdrc_process, input_bytes 8192, output_bytes 8192
12-21 11:34:43.772 D/PowerAQLib(  288): bypass_process!
12-21 11:34:43.773 I/PowerWrap(  646): PowerHal_Wrap_mtkPowerHint
12-21 11:34:43.773 I/chatty  (  646): uid=1000(system) Binder:646_3 identical 2 lines
12-21 11:34:43.773 I/PowerWrap(  646): PowerHal_Wrap_mtkPowerHint
12-21 11:34:43.785 D/AudioTrack(  646): setVolume(): 0x9ee73900, left = 0.000000, right = 0.000000
12-21 11:34:43.785 D/AudioTrack(  646): stop(): 0x9ee73900, mState = 0
12-21 11:34:43.785 D/AudioTrack(  646): audiotrack 0x9ee73900 stop done
12-21 11:34:43.785 D/PowerAQLib(  288): chmix_process!
12-21 11:34:43.786 D/PowerAQLib(  288): mbdrc_process, input_bytes 8192, output_bytes 8192
12-21 11:34:43.786 D/PowerAQLib(  288): result 0, counsumed_bytes 4096, i 0, loop_cnt 2
12-21 11:34:43.786 D/PowerAQLib(  288): result 0, counsumed_bytes 4096, i 1, loop_cnt 2
12-21 11:34:43.786 D/PowerAQLib(  288): mbdrc_process, input_bytes 8192, output_bytes 8192
12-21 11:34:43.787 D/PowerAQLib(  288): bypass_process!
12-21 11:34:43.788 I/BufferQueueProducer(  314): [#1](this:0xa929d000,id:54,api:1,p:784,c:314) queueBuffer: fps=3.18 dur=2833.65 max=2659.90 min=12.00
12-21 11:34:43.793 I/ActivityManager(  646): Start proc 3336:com.tal.genie.wifisetup/1000 for activity com.tal.genie.wifisetup/.MainActivity
12-21 11:34:43.791 W/main    ( 3336): type=1400 audit(0.0:8971): avc: denied { dac_read_search } for capability=2 scontext=u:r:zygote:s0 tcontext=u:r:zygote:s0 tclass=capability permissive=0
12-21 11:34:43.791 I/chatty  ( 3336): uid=0(root) com.tal.genie.wifisetup identical 2 lines
12-21 11:34:43.791 W/main    ( 3336): type=1400 audit(0.0:8974): avc: denied { dac_read_search } for capability=2 scontext=u:r:zygote:s0 tcontext=u:r:zygote:s0 tclass=capability permissive=0
12-21 11:34:43.798 D/PowerAQLib(  288): chmix_process!
12-21 11:34:43.800 D/PowerAQLib(  288): mbdrc_process, input_bytes 8192, output_bytes 8192
12-21 11:34:43.800 D/PowerAQLib(  288): result 0, counsumed_bytes 4096, i 0, loop_cnt 2
12-21 11:34:43.800 D/PowerAQLib(  288): result 0, counsumed_bytes 4096, i 1, loop_cnt 2
12-21 11:34:43.800 D/PowerAQLib(  288): mbdrc_process, input_bytes 8192, output_bytes 8192
12-21 11:34:43.800 D/PowerAQLib(  288): bypass_process!
12-21 11:34:43.809 E/genie.wifisetu( 3336): Not starting debugger since process cannot load the jdwp agent.
12-21 11:34:43.825 V/WindowManager(  646): Set focused app to: AppWindowToken{5d11f88 token=Token{932ef2b ActivityRecord{f2f7b7a u0 com.tal.genie.wifisetup/.MainActivity t108}}} old focus=AppWindowToken{9b6644 token=Token{fcb6b57 ActivityRecord{720dcd6 u0 com.android.settings/.Settings$NetworkDashboardActivity t107}}} moveFocusNow=true
12-21 11:34:43.827 I/vendor.mediatek.hardware.power@2.0-impl(  304): notifyAppState pack:com.tal.genie.wifisetup, act:com.tal.genie.wifisetup.MainActivity, pid:3336, state:1
12-21 11:34:43.827 W/lmkd    (  313): type=1400 audit(0.0:8975): avc: denied { dac_read_search } for capability=2 scontext=u:r:lmkd:s0 tcontext=u:r:lmkd:s0 tclass=capability permissive=0
12-21 11:34:43.828 I/libPowerHal(  304): [perfNotifyAppState] foreground:com.tal.genie.wifisetup, pid:3336
12-21 11:34:43.843 D/PowerAQLib(  288): chmix_process!
12-21 11:34:43.845 D/PowerAQLib(  288): mbdrc_process, input_bytes 8192, output_bytes 8192
12-21 11:34:43.845 D/PowerAQLib(  288): result 0, counsumed_bytes 4096, i 0, loop_cnt 2
12-21 11:34:43.845 D/PowerAQLib(  288): result 0, counsumed_bytes 4096, i 1, loop_cnt 2
