12-15 18:23:54.804 I/sn      (  467): Fail to access err=2
12-15 18:23:54.804 I/chatty  (  467): uid=1000(system) identical 1 line
12-15 18:23:54.805 I/sn      (  467): Fail to access err=2
12-15 18:23:54.805 I/sn      (  467): Check all possible paths
12-15 18:24:03.110 E/storaged(  452): getDiskStats failed with result NOT_SUPPORTED and size 0
12-15 18:24:04.805 I/sn      (  467): Retry 7
12-15 18:24:04.805 I/sn      (  467): Fail to access err=2
12-15 18:24:04.805 I/chatty  (  467): uid=1000(system) identical 1 line
12-15 18:24:04.805 I/sn      (  467): Fail to access err=2
12-15 18:24:04.806 I/sn      (  467): Check all possible paths
12-15 18:24:12.530 W/ContextImpl( 1139): Calling a method in the system process without a qualified user: android.app.ContextImpl.sendBroadcast:1006 android.content.ContextWrapper.sendBroadcast:444 android.content.ContextWrapper.sendBroadcast:444 android.view.View.dispatchTouchEvent:12526 android.view.ViewGroup.dispatchTransformedTouchEvent:3077 
12-15 18:24:14.807 I/sn      (  467): Retry 8
12-15 18:24:14.807 I/sn      (  467): Fail to access err=2
12-15 18:24:14.809 I/chatty  (  467): uid=1000(system) identical 1 line
12-15 18:24:14.809 I/sn      (  467): Fail to access err=2
12-15 18:24:14.810 I/sn      (  467): Check all possible paths
12-15 18:24:16.785 W/ContextImpl( 1139): Calling a method in the system process without a qualified user: android.app.ContextImpl.sendBroadcast:1006 android.content.ContextWrapper.sendBroadcast:444 android.content.ContextWrapper.sendBroadcast:444 android.view.View.dispatchTouchEvent:12526 android.view.ViewGroup.dispatchTransformedTouchEvent:3077 
12-15 18:24:16.916 I/ActivityManager(  624): START u0 {dat=genie://www.tal.com/fingerSearch flg=0x10000000 cmp=com.tal.genie.voice/com.tal.genie.dicbook.cread.FingerSearchActivity} from uid 1000
12-15 18:24:16.962 V/WindowManager(  624): Set focused app to: AppWindowToken{8da9781 token=Token{e01d768 ActivityRecord{e161a8b u0 com.tal.genie.voice/com.tal.genie.dicbook.cread.FingerSearchActivity t75}}} old focus=AppWindowToken{d99baa6 token=Token{e6aac01 ActivityRecord{32b6de8 u0 com.tal.genie.launcher/.ui.main.MainActivity t2}}} moveFocusNow=true
12-15 18:24:16.963 V/WindowManager(  624): Changing focus from Window{ed04e2c u0 com.tal.genie.launcher/com.tal.genie.launcher.ui.main.MainActivity} to null Callers=com.android.server.wm.WindowManagerService.setFocusedApp:2638 com.android.server.am.ActivityManagerService.setResumedActivityUncheckLocked:3631 com.android.server.am.ActivityStack.onActivityStateChanged:498 com.android.server.am.TaskRecord.onActivityStateChanged:1794 
12-15 18:24:16.963 D/WindowManager(  624): Input focus has changed to null
12-15 18:24:16.964 I/WindowManager(  624): Focus moving from Window{ed04e2c u0 com.tal.genie.launcher/com.tal.genie.launcher.ui.main.MainActivity} to null
12-15 18:24:17.248 I/WindowManager(  624): Relayout Window{49d29c8 u0 com.tal.genie.voice/com.tal.genie.dicbook.cread.FingerSearchActivity}: oldVis=4 newVis=0 focusMayChange = true
12-15 18:24:17.255 V/WindowManager(  624): Changing focus from null to Window{49d29c8 u0 com.tal.genie.voice/com.tal.genie.dicbook.cread.FingerSearchActivity} Callers=com.android.server.wm.WindowManagerService.relayoutWindow:2142 com.android.server.wm.Session.relayout:244 android.view.IWindowSession$Stub.onTransact:309 com.android.server.wm.Session.onTransact:164 
12-15 18:24:17.255 D/WindowManager(  624): Input focus has changed to Window{49d29c8 u0 com.tal.genie.voice/com.tal.genie.dicbook.cread.FingerSearchActivity}
12-15 18:24:17.256 I/WindowManager(  624): Focus moving from null to Window{49d29c8 u0 com.tal.genie.voice/com.tal.genie.dicbook.cread.FingerSearchActivity}
12-15 18:24:24.810 I/sn      (  467): Retry 9
12-15 18:24:24.810 I/sn      (  467): Fail to access err=2
12-15 18:24:24.810 I/chatty  (  467): uid=1000(system) identical 1 line
12-15 18:24:24.810 I/sn      (  467): Fail to access err=2
12-15 18:24:24.810 I/sn      (  467): Check all possible paths
12-15 18:24:34.810 I/sn      (  467): Retry 10
12-15 18:24:34.811 I/sn      (  467): Fail to access err=2
12-15 18:24:34.811 I/chatty  (  467): uid=1000(system) identical 1 line
12-15 18:24:34.811 I/sn      (  467): Fail to access err=2
12-15 18:24:34.811 I/sn      (  467): Check all possible paths
12-15 18:24:44.811 I/sn      (  467): Retry 11
12-15 18:24:44.811 I/sn      (  467): Fail to access err=2
12-15 18:24:44.811 I/chatty  (  467): uid=1000(system) identical 1 line
12-15 18:24:44.811 I/sn      (  467): Fail to access err=2
12-15 18:24:44.811 I/sn      (  467): Check all possible paths
12-15 18:24:48.612 W/NotificationService(  624): Toast already killed. pkg=com.tal.genie.voice callback=android.app.ITransientNotification$Stub$Proxy@4610117
12-15 18:24:50.112 W/WindowManager(  624): Unable to start animation, surface is null or no children.
12-15 18:24:54.811 I/sn      (  467): Retry 12
12-15 18:24:54.812 I/sn      (  467): Fail to access err=2
12-15 18:24:54.812 I/chatty  (  467): uid=1000(system) identical 1 line
12-15 18:24:54.812 I/sn      (  467): Fail to access err=2
12-15 18:24:54.812 I/sn      (  467): Check all possible paths
12-15 18:24:59.610 W/WindowManager(  624): removeWindowToken: Attempted to remove non-existing token: android.os.Binder@5e0e2d4
12-15 18:25:03.111 E/storaged(  452): getDiskStats failed with result NOT_SUPPORTED and size 0
12-15 18:25:04.812 I/sn      (  467): Retry 13
12-15 18:25:04.812 I/sn      (  467): Fail to access err=2
12-15 18:25:04.812 I/chatty  (  467): uid=1000(system) identical 1 line
12-15 18:25:04.812 I/sn      (  467): Fail to access err=2
12-15 18:25:04.812 I/sn      (  467): Check all possible paths
12-15 18:25:05.717 W/NotificationService(  624): Toast already killed. pkg=com.tal.genie.voice callback=android.app.ITransientNotification$Stub$Proxy@f21f9b8
12-15 18:25:07.219 W/WindowManager(  624): Unable to start animation, surface is null or no children.
12-15 18:25:14.813 I/sn      (  467): Retry 14
12-15 18:25:14.813 I/sn      (  467): Fail to access err=2
12-15 18:25:14.813 I/chatty  (  467): uid=1000(system) identical 1 line
12-15 18:25:14.813 I/sn      (  467): Fail to access err=2
12-15 18:25:14.813 I/sn      (  467): Check all possible paths
12-15 18:25:16.714 W/WindowManager(  624): removeWindowToken: Attempted to remove non-existing token: android.os.Binder@15edd5d
12-15 18:26:03.112 E/storaged(  452): getDiskStats failed with result NOT_SUPPORTED and size 0
12-15 18:26:42.747 W/NotificationService(  624): Toast already killed. pkg=com.tal.genie.voice callback=android.app.ITransientNotification$Stub$Proxy@dc97d68
12-15 18:26:44.249 W/WindowManager(  624): Unable to start animation, surface is null or no children.
12-15 18:26:53.729 I/NetworkStatsRecorder(  624): recordSnapshotLocked: ident[[{type=WIFI, subType=COMBINED, networkId="TAL-Device", metered=false, defaultNetwork=true}]]
12-15 18:26:53.730 W/NetworkStatsRecorder(  624): unknown interfaces [lo], ignoring those stats
12-15 18:26:53.730 I/NetworkStatsRecorder(  624): recordSnapshotLocked: ident[[{type=WIFI, subType=COMBINED, networkId="TAL-Device", metered=false, defaultNetwork=true}]]
12-15 18:26:53.730 W/NetworkStatsRecorder(  624): unknown interfaces [lo], ignoring those stats
12-15 18:26:53.730 I/NetworkStatsRecorder(  624): recordSnapshotLocked: ident[[{type=WIFI, subType=COMBINED, networkId="TAL-Device", metered=false, defaultNetwork=true}]]
12-15 18:26:53.730 I/chatty  (  624): uid=1000(system) NetworkStats identical 2 lines
12-15 18:26:53.730 I/NetworkStatsRecorder(  624): recordSnapshotLocked: ident[[{type=WIFI, subType=COMBINED, networkId="TAL-Device", metered=false, defaultNetwork=true}]]
12-15 18:26:53.730 W/NetworkStatsRecorder(  624): unknown interfaces [lo], ignoring those stats
12-15 18:26:53.732 I/NetworkStatsRecorder(  624): recordSnapshotLocked: ident[[{type=WIFI, subType=COMBINED, networkId="TAL-Device", metered=false, defaultNetwork=true}]]
12-15 18:26:53.732 I/chatty  (  624): uid=1000(system) NetworkStats identical 1 line
12-15 18:26:53.732 I/NetworkStatsRecorder(  624): recordSnapshotLocked: ident[[{type=WIFI, subType=COMBINED, networkId="TAL-Device", metered=false, defaultNetwork=true}]]
12-15 18:26:53.732 W/NetworkStatsRecorder(  624): unknown interfaces [lo], ignoring those stats
12-15 18:26:53.733 D/NetworkStatsRecorder(  624): forcePersistLocked() writing for dev
12-15 18:26:53.739 D/NetworkStatsRecorder(  624): forcePersistLocked() writing for xt
12-15 18:26:53.742 W/WindowManager(  624): removeWindowToken: Attempted to remove non-existing token: android.os.Binder@10fa24d
12-15 18:27:03.113 E/storaged(  452): getDiskStats failed with result NOT_SUPPORTED and size 0
12-15 18:28:03.114 E/storaged(  452): getDiskStats failed with result NOT_SUPPORTED and size 0
12-15 18:29:03.116 E/storaged(  452): getDiskStats failed with result NOT_SUPPORTED and size 0
12-15 18:30:03.117 E/storaged(  452): getDiskStats failed with result NOT_SUPPORTED and size 0
12-15 18:31:03.117 E/storaged(  452): getDiskStats failed with result NOT_SUPPORTED and size 0
12-15 18:32:03.118 E/storaged(  452): getDiskStats failed with result NOT_SUPPORTED and size 0
12-15 18:33:03.119 E/storaged(  452): getDiskStats failed with result NOT_SUPPORTED and size 0
12-15 18:34:03.120 E/storaged(  452): getDiskStats failed with result NOT_SUPPORTED and size 0
12-15 18:35:03.121 E/storaged(  452): getDiskStats failed with result NOT_SUPPORTED and size 0
12-15 18:36:03.121 E/storaged(  452): getDiskStats failed with result NOT_SUPPORTED and size 0
12-15 18:37:03.122 E/storaged(  452): getDiskStats failed with result NOT_SUPPORTED and size 0
12-15 18:38:03.123 E/storaged(  452): getDiskStats failed with result NOT_SUPPORTED and size 0
12-15 18:39:03.128 E/storaged(  452): getDiskStats failed with result NOT_SUPPORTED and size 0
12-15 18:40:03.128 E/storaged(  452): getDiskStats failed with result NOT_SUPPORTED and size 0
12-15 18:41:03.129 E/storaged(  452): getDiskStats failed with result NOT_SUPPORTED and size 0
12-15 18:42:03.131 E/storaged(  452): getDiskStats failed with result NOT_SUPPORTED and size 0
12-15 18:43:03.132 E/storaged(  452): getDiskStats failed with result NOT_SUPPORTED and size 0
12-15 18:43:03.529 I/UsageStatsService(  624): User[0] Flushing usage stats to disk
12-15 18:43:08.842 W/BroadcastQueue(  624): Background execution not allowed: receiving Intent { act=com.android.providers.media.ACTIVATE_MEDIAPROCESS flg=0x10 } to com.android.providers.media/.MtpReceiver
12-15 18:44:03.133 E/storaged(  452): getDiskStats failed with result NOT_SUPPORTED and size 0
12-15 18:45:03.134 E/storaged(  452): getDiskStats failed with result NOT_SUPPORTED and size 0
12-15 18:46:03.135 E/storaged(  452): getDiskStats failed with result NOT_SUPPORTED and size 0
12-15 18:47:03.136 E/storaged(  452): getDiskStats failed with result NOT_SUPPORTED and size 0
12-15 18:48:03.138 E/storaged(  452): getDiskStats failed with result NOT_SUPPORTED and size 0
12-15 18:49:03.139 E/storaged(  452): getDiskStats failed with result NOT_SUPPORTED and size 0
12-15 18:50:03.139 E/storaged(  452): getDiskStats failed with result NOT_SUPPORTED and size 0
12-15 18:51:03.144 E/storaged(  452): getDiskStats failed with result NOT_SUPPORTED and size 0
12-15 18:52:03.146 E/storaged(  452): getDiskStats failed with result NOT_SUPPORTED and size 0
12-15 18:52:49.727 E/BatteryExternalStatsWorker(  624): no controller energy info supplied for wifi
12-15 18:52:49.727 E/BatteryExternalStatsWorker(  624): no controller energy info supplied for bluetooth
12-15 18:52:49.727 E/BatteryExternalStatsWorker(  624): no controller energy info supplied for telephony
12-15 18:52:49.730 W/KernelCpuProcReader(  624): File not exist: /proc/uid_cpupower/concurrent_active_time
12-15 18:52:49.731 W/KernelCpuProcReader(  624): File not exist: /proc/uid_cpupower/concurrent_policy_time
12-15 18:52:49.731 E/KernelCpuSpeedReader(  624): Failed to read cpu-freq: /sys/devices/system/cpu/cpu0/cpufreq/stats/time_in_state (No such file or directory)
12-15 18:52:49.735 D/KernelUidCpuTimeReader(  624): Removing uids 1037-1037
12-15 18:53:03.147 E/storaged(  452): getDiskStats failed with result NOT_SUPPORTED and size 0
12-15 18:53:12.026 I/NetworkStatsRecorder(  624): recordSnapshotLocked: ident[[{type=WIFI, subType=COMBINED, networkId="TAL-Device", metered=false, defaultNetwork=true}]]
12-15 18:53:12.026 W/NetworkStatsRecorder(  624): unknown interfaces [lo], ignoring those stats
12-15 18:53:12.026 I/NetworkStatsRecorder(  624): recordSnapshotLocked: ident[[{type=WIFI, subType=COMBINED, networkId="TAL-Device", metered=false, defaultNetwork=true}]]
12-15 18:53:12.026 W/NetworkStatsRecorder(  624): unknown interfaces [lo], ignoring those stats
12-15 18:53:12.026 I/NetworkStatsRecorder(  624): recordSnapshotLocked: ident[[{type=WIFI, subType=COMBINED, networkId="TAL-Device", metered=false, defaultNetwork=true}]]
12-15 18:53:12.026 I/chatty  (  624): uid=1000(system) NetworkStats identical 2 lines
12-15 18:53:12.026 I/NetworkStatsRecorder(  624): recordSnapshotLocked: ident[[{type=WIFI, subType=COMBINED, networkId="TAL-Device", metered=false, defaultNetwork=true}]]
12-15 18:53:12.026 W/NetworkStatsRecorder(  624): unknown interfaces [lo], ignoring those stats
12-15 18:53:12.026 W/NetworkStatsRecorder(  624): unknown interfaces [lo], ignoring those stats
12-15 18:53:12.027 D/NetworkStatsRecorder(  624): forcePersistLocked() writing for uid
12-15 18:53:19.039 I/ActivityManager(  624): Killing 1653:com.android.packageinstaller/u0a23 (adj 904): empty for 1805s
12-15 18:53:19.040 I/ActivityManager(  624): Killing 1638:com.android.managedprovisioning/u0a22 (adj 904): empty for 1805s
12-15 18:53:19.041 I/ActivityManager(  624): Killing 1597:com.android.gallery3d/u0a48 (adj 904): empty for 1806s
12-15 18:53:19.093 D/DisplayManagerService(  624): Display listener for pid 1653 died.
12-15 18:53:19.104 D/DisplayManagerService(  624): Display listener for pid 1638 died.
12-15 18:53:19.115 D/DisplayManagerService(  624): Display listener for pid 1597 died.
12-15 18:54:03.148 E/storaged(  452): getDiskStats failed with result NOT_SUPPORTED and size 0
12-15 18:55:03.149 E/storaged(  452): getDiskStats failed with result NOT_SUPPORTED and size 0
12-15 18:56:03.151 E/storaged(  452): getDiskStats failed with result NOT_SUPPORTED and size 0
12-15 18:57:03.151 E/storaged(  452): getDiskStats failed with result NOT_SUPPORTED and size 0
12-15 18:58:03.152 E/storaged(  452): getDiskStats failed with result NOT_SUPPORTED and size 0
12-15 18:59:03.153 E/storaged(  452): getDiskStats failed with result NOT_SUPPORTED and size 0
12-15 19:00:00.025 W/ContextImpl( 1139): Calling a method in the system process without a qualified user: android.app.ContextImpl.sendBroadcast:1006 android.content.ContextWrapper.sendBroadcast:444 com.tal.genie.base_ui.manager.ThemeManager.sendThemeChangedBroadcast:90 com.tal.genie.launcher.service.TimeTickListener.onTimeTickReceived:40 com.tal.genie.base_receiver.time.TimeTickManager.onTimeTickReceived:80 
12-15 19:00:03.154 E/storaged(  452): getDiskStats failed with result NOT_SUPPORTED and size 0
12-15 19:01:03.155 E/storaged(  452): getDiskStats failed with result NOT_SUPPORTED and size 0
12-15 19:02:03.157 E/storaged(  452): getDiskStats failed with result NOT_SUPPORTED and size 0
12-15 19:03:03.158 E/storaged(  452): getDiskStats failed with result NOT_SUPPORTED and size 0
12-15 19:03:08.943 W/BroadcastQueue(  624): Background execution not allowed: receiving Intent { act=com.android.providers.media.ACTIVATE_MEDIAPROCESS flg=0x10 } to com.android.providers.media/.MtpReceiver
12-15 19:04:03.160 E/storaged(  452): getDiskStats failed with result NOT_SUPPORTED and size 0
12-15 19:05:03.161 E/storaged(  452): getDiskStats failed with result NOT_SUPPORTED and size 0
12-15 19:06:03.162 E/storaged(  452): getDiskStats failed with result NOT_SUPPORTED and size 0
12-15 19:07:03.163 E/storaged(  452): getDiskStats failed with result NOT_SUPPORTED and size 0
12-15 19:08:03.164 E/storaged(  452): getDiskStats failed with result NOT_SUPPORTED and size 0
12-15 19:09:03.165 E/storaged(  452): getDiskStats failed with result NOT_SUPPORTED and size 0
12-15 19:10:03.166 E/storaged(  452): getDiskStats failed with result NOT_SUPPORTED and size 0
12-15 19:11:03.167 E/storaged(  452): getDiskStats failed with result NOT_SUPPORTED and size 0
12-15 19:12:03.167 E/storaged(  452): getDiskStats failed with result NOT_SUPPORTED and size 0
12-15 19:13:03.168 E/storaged(  452): getDiskStats failed with result NOT_SUPPORTED and size 0
12-15 19:14:03.169 E/storaged(  452): getDiskStats failed with result NOT_SUPPORTED and size 0
12-15 19:15:03.171 E/storaged(  452): getDiskStats failed with result NOT_SUPPORTED and size 0
12-15 19:16:03.173 E/storaged(  452): getDiskStats failed with result NOT_SUPPORTED and size 0
12-15 19:17:03.174 E/storaged(  452): getDiskStats failed with result NOT_SUPPORTED and size 0
12-15 19:18:03.174 E/storaged(  452): getDiskStats failed with result NOT_SUPPORTED and size 0
12-15 19:19:03.175 E/storaged(  452): getDiskStats failed with result NOT_SUPPORTED and size 0
12-15 19:20:00.363 I/NetworkStatsRecorder(  624): recordSnapshotLocked: ident[[{type=WIFI, subType=COMBINED, networkId="TAL-Device", metered=false, defaultNetwork=true}]]
12-15 19:20:00.364 W/NetworkStatsRecorder(  624): unknown interfaces [lo], ignoring those stats
12-15 19:20:00.364 I/NetworkStatsRecorder(  624): recordSnapshotLocked: ident[[{type=WIFI, subType=COMBINED, networkId="TAL-Device", metered=false, defaultNetwork=true}]]
12-15 19:20:00.364 W/NetworkStatsRecorder(  624): unknown interfaces [lo], ignoring those stats
12-15 19:20:00.364 I/NetworkStatsRecorder(  624): recordSnapshotLocked: ident[[{type=WIFI, subType=COMBINED, networkId="TAL-Device", metered=false, defaultNetwork=true}]]
12-15 19:20:00.364 I/chatty  (  624): uid=1000(system) NetworkStats identical 2 lines
12-15 19:20:00.364 I/NetworkStatsRecorder(  624): recordSnapshotLocked: ident[[{type=WIFI, subType=COMBINED, networkId="TAL-Device", metered=false, defaultNetwork=true}]]
12-15 19:20:00.364 W/NetworkStatsRecorder(  624): unknown interfaces [lo], ignoring those stats
12-15 19:20:00.364 W/NetworkStatsRecorder(  624): unknown interfaces [lo], ignoring those stats
12-15 19:20:03.176 E/storaged(  452): getDiskStats failed with result NOT_SUPPORTED and size 0
12-15 19:21:03.177 E/storaged(  452): getDiskStats failed with result NOT_SUPPORTED and size 0
12-15 19:22:03.178 E/storaged(  452): getDiskStats failed with result NOT_SUPPORTED and size 0
12-15 19:22:49.733 E/BatteryExternalStatsWorker(  624): no controller energy info supplied for wifi
12-15 19:22:49.733 E/BatteryExternalStatsWorker(  624): no controller energy info supplied for bluetooth
12-15 19:22:49.733 E/BatteryExternalStatsWorker(  624): no controller energy info supplied for telephony
12-15 19:22:49.736 W/KernelCpuProcReader(  624): File not exist: /proc/uid_cpupower/concurrent_active_time
12-15 19:22:49.737 W/KernelCpuProcReader(  624): File not exist: /proc/uid_cpupower/concurrent_policy_time
12-15 19:22:49.737 E/KernelCpuSpeedReader(  624): Failed to read cpu-freq: /sys/devices/system/cpu/cpu0/cpufreq/stats/time_in_state (No such file or directory)
12-15 19:23:03.180 E/storaged(  452): getDiskStats failed with result NOT_SUPPORTED and size 0
12-15 19:23:09.044 W/BroadcastQueue(  624): Background execution not allowed: receiving Intent { act=com.android.providers.media.ACTIVATE_MEDIAPROCESS flg=0x10 } to com.android.providers.media/.MtpReceiver
12-15 19:23:09.213 I/NetworkStatsRecorder(  624): recordSnapshotLocked: ident[[{type=WIFI, subType=COMBINED, networkId="TAL-Device", metered=false, defaultNetwork=true}]]
12-15 19:23:09.213 W/NetworkStatsRecorder(  624): unknown interfaces [lo], ignoring those stats
12-15 19:23:09.213 I/NetworkStatsRecorder(  624): recordSnapshotLocked: ident[[{type=WIFI, subType=COMBINED, networkId="TAL-Device", metered=false, defaultNetwork=true}]]
12-15 19:23:09.213 W/NetworkStatsRecorder(  624): unknown interfaces [lo], ignoring those stats
12-15 19:23:09.213 I/NetworkStatsRecorder(  624): recordSnapshotLocked: ident[[{type=WIFI, subType=COMBINED, networkId="TAL-Device", metered=false, defaultNetwork=true}]]
12-15 19:23:09.213 I/chatty  (  624): uid=1000(system) NetworkStats identical 2 lines
12-15 19:23:09.213 I/NetworkStatsRecorder(  624): recordSnapshotLocked: ident[[{type=WIFI, subType=COMBINED, networkId="TAL-Device", metered=false, defaultNetwork=true}]]
12-15 19:23:09.214 W/NetworkStatsRecorder(  624): unknown interfaces [lo], ignoring those stats
12-15 19:23:09.214 W/NetworkStatsRecorder(  624): unknown interfaces [lo], ignoring those stats
12-15 19:24:04.379 E/storaged(  452): getDiskStats failed with result NOT_SUPPORTED and size 0
12-15 19:25:04.380 E/storaged(  452): getDiskStats failed with result NOT_SUPPORTED and size 0
12-15 19:26:04.381 E/storaged(  452): getDiskStats failed with result NOT_SUPPORTED and size 0
12-15 19:27:04.382 E/storaged(  452): getDiskStats failed with result NOT_SUPPORTED and size 0
12-15 19:28:04.382 E/storaged(  452): getDiskStats failed with result NOT_SUPPORTED and size 0
12-15 19:29:04.383 E/storaged(  452): getDiskStats failed with result NOT_SUPPORTED and size 0
12-15 19:30:04.385 E/storaged(  452): getDiskStats failed with result NOT_SUPPORTED and size 0
12-15 19:31:04.388 E/storaged(  452): getDiskStats failed with result NOT_SUPPORTED and size 0
12-15 19:32:04.389 E/storaged(  452): getDiskStats failed with result NOT_SUPPORTED and size 0
12-15 19:33:04.390 E/storaged(  452): getDiskStats failed with result NOT_SUPPORTED and size 0
12-15 19:34:04.391 E/storaged(  452): getDiskStats failed with result NOT_SUPPORTED and size 0
12-15 19:35:04.392 E/storaged(  452): getDiskStats failed with result NOT_SUPPORTED and size 0
12-15 19:36:04.393 E/storaged(  452): getDiskStats failed with result NOT_SUPPORTED and size 0
12-15 19:37:04.394 E/storaged(  452): getDiskStats failed with result NOT_SUPPORTED and size 0
12-15 19:38:04.395 E/storaged(  452): getDiskStats failed with result NOT_SUPPORTED and size 0
12-15 19:39:04.396 E/storaged(  452): getDiskStats failed with result NOT_SUPPORTED and size 0
12-15 19:40:04.397 E/storaged(  452): getDiskStats failed with result NOT_SUPPORTED and size 0
12-15 19:41:04.398 E/storaged(  452): getDiskStats failed with result NOT_SUPPORTED and size 0
12-15 19:42:04.400 E/storaged(  452): getDiskStats failed with result NOT_SUPPORTED and size 0
12-15 19:43:04.401 E/storaged(  452): getDiskStats failed with result NOT_SUPPORTED and size 0
12-15 19:43:09.144 W/BroadcastQueue(  624): Background execution not allowed: receiving Intent { act=com.android.providers.media.ACTIVATE_MEDIAPROCESS flg=0x10 } to com.android.providers.media/.MtpReceiver
12-15 19:44:04.405 E/storaged(  452): getDiskStats failed with result NOT_SUPPORTED and size 0
12-15 19:45:04.406 E/storaged(  452): getDiskStats failed with result NOT_SUPPORTED and size 0
12-15 19:46:04.407 E/storaged(  452): getDiskStats failed with result NOT_SUPPORTED and size 0
12-15 19:47:04.407 E/storaged(  452): getDiskStats failed with result NOT_SUPPORTED and size 0
12-15 19:48:04.410 E/storaged(  452): getDiskStats failed with result NOT_SUPPORTED and size 0
12-15 19:49:04.410 E/storaged(  452): getDiskStats failed with result NOT_SUPPORTED and size 0
12-15 19:50:04.411 E/storaged(  452): getDiskStats failed with result NOT_SUPPORTED and size 0
12-15 19:50:19.023 I/NetworkStatsRecorder(  624): recordSnapshotLocked: ident[[{type=WIFI, subType=COMBINED, networkId="TAL-Device", metered=false, defaultNetwork=true}]]
12-15 19:50:19.023 W/NetworkStatsRecorder(  624): unknown interfaces [lo], ignoring those stats
12-15 19:50:19.023 I/NetworkStatsRecorder(  624): recordSnapshotLocked: ident[[{type=WIFI, subType=COMBINED, networkId="TAL-Device", metered=false, defaultNetwork=true}]]
12-15 19:50:19.023 W/NetworkStatsRecorder(  624): unknown interfaces [lo], ignoring those stats
12-15 19:50:19.023 I/NetworkStatsRecorder(  624): recordSnapshotLocked: ident[[{type=WIFI, subType=COMBINED, networkId="TAL-Device", metered=false, defaultNetwork=true}]]
12-15 19:50:19.023 I/chatty  (  624): uid=1000(system) NetworkStats identical 2 lines
12-15 19:50:19.023 I/NetworkStatsRecorder(  624): recordSnapshotLocked: ident[[{type=WIFI, subType=COMBINED, networkId="TAL-Device", metered=false, defaultNetwork=true}]]
12-15 19:50:19.023 W/NetworkStatsRecorder(  624): unknown interfaces [lo], ignoring those stats
12-15 19:50:19.023 W/NetworkStatsRecorder(  624): unknown interfaces [lo], ignoring those stats
12-15 19:51:04.412 E/storaged(  452): getDiskStats failed with result NOT_SUPPORTED and size 0
12-15 19:52:04.413 E/storaged(  452): getDiskStats failed with result NOT_SUPPORTED and size 0
12-15 19:52:49.772 E/BatteryExternalStatsWorker(  624): no controller energy info supplied for wifi
12-15 19:52:49.772 E/BatteryExternalStatsWorker(  624): no controller energy info supplied for bluetooth
12-15 19:52:49.773 E/BatteryExternalStatsWorker(  624): no controller energy info supplied for telephony
12-15 19:52:49.776 W/KernelCpuProcReader(  624): File not exist: /proc/uid_cpupower/concurrent_active_time
12-15 19:52:49.777 W/KernelCpuProcReader(  624): File not exist: /proc/uid_cpupower/concurrent_policy_time
12-15 19:52:49.779 E/KernelCpuSpeedReader(  624): Failed to read cpu-freq: /sys/devices/system/cpu/cpu0/cpufreq/stats/time_in_state (No such file or directory)
12-15 19:53:04.414 E/storaged(  452): getDiskStats failed with result NOT_SUPPORTED and size 0
12-15 19:53:06.437 I/NetworkStatsRecorder(  624): recordSnapshotLocked: ident[[{type=WIFI, subType=COMBINED, networkId="TAL-Device", metered=false, defaultNetwork=true}]]
12-15 19:53:06.437 W/NetworkStatsRecorder(  624): unknown interfaces [lo], ignoring those stats
12-15 19:53:06.437 I/NetworkStatsRecorder(  624): recordSnapshotLocked: ident[[{type=WIFI, subType=COMBINED, networkId="TAL-Device", metered=false, defaultNetwork=true}]]
12-15 19:53:06.437 W/NetworkStatsRecorder(  624): unknown interfaces [lo], ignoring those stats
12-15 19:53:06.437 I/NetworkStatsRecorder(  624): recordSnapshotLocked: ident[[{type=WIFI, subType=COMBINED, networkId="TAL-Device", metered=false, defaultNetwork=true}]]
12-15 19:53:06.438 I/chatty  (  624): uid=1000(system) NetworkStats identical 2 lines
12-15 19:53:06.438 I/NetworkStatsRecorder(  624): recordSnapshotLocked: ident[[{type=WIFI, subType=COMBINED, networkId="TAL-Device", metered=false, defaultNetwork=true}]]
12-15 19:53:06.438 W/NetworkStatsRecorder(  624): unknown interfaces [lo], ignoring those stats
12-15 19:53:06.438 W/NetworkStatsRecorder(  624): unknown interfaces [lo], ignoring those stats
12-15 19:54:04.415 E/storaged(  452): getDiskStats failed with result NOT_SUPPORTED and size 0
12-15 19:55:04.416 E/storaged(  452): getDiskStats failed with result NOT_SUPPORTED and size 0
12-15 19:56:04.416 E/storaged(  452): getDiskStats failed with result NOT_SUPPORTED and size 0
12-15 19:57:04.417 E/storaged(  452): getDiskStats failed with result NOT_SUPPORTED and size 0
12-15 19:58:04.418 E/storaged(  452): getDiskStats failed with result NOT_SUPPORTED and size 0
12-15 19:59:04.419 E/storaged(  452): getDiskStats failed with result NOT_SUPPORTED and size 0
12-15 20:00:04.420 E/storaged(  452): getDiskStats failed with result NOT_SUPPORTED and size 0
12-15 20:01:04.421 E/storaged(  452): getDiskStats failed with result NOT_SUPPORTED and size 0
12-15 20:01:43.463 W/NotificationService(  624): Toast already killed. pkg=com.tal.genie.voice callback=android.app.ITransientNotification$Stub$Proxy@1c6498e
12-15 20:01:44.959 W/WindowManager(  624): Unable to start animation, surface is null or no children.
12-15 20:01:54.458 W/WindowManager(  624): removeWindowToken: Attempted to remove non-existing token: android.os.Binder@35d77db
12-15 20:02:04.423 E/storaged(  452): getDiskStats failed with result NOT_SUPPORTED and size 0
12-15 20:03:04.425 E/storaged(  452): getDiskStats failed with result NOT_SUPPORTED and size 0
12-15 20:03:09.243 W/BroadcastQueue(  624): Background execution not allowed: receiving Intent { act=com.android.providers.media.ACTIVATE_MEDIAPROCESS flg=0x10 } to com.android.providers.media/.MtpReceiver
12-15 20:04:04.427 E/storaged(  452): getDiskStats failed with result NOT_SUPPORTED and size 0
12-15 20:05:04.428 E/storaged(  452): getDiskStats failed with result NOT_SUPPORTED and size 0
12-15 20:06:04.430 E/storaged(  452): getDiskStats failed with result NOT_SUPPORTED and size 0
--------- beginning of main
12-15 20:06:24.306 E/libhand ( 1098): tensor map shape 0 :1
12-15 20:06:24.307 E/libhand ( 1098): tensor map shape 1 :1
12-15 20:06:24.399 E/libhand ( 1098): det hand class prob 0.995881,0.928594
12-15 20:06:24.399 E/libhand ( 1098): det hand num 1 
12-15 20:06:24.416 I/BufferQueueProducer(  314): [com.tal.genie.voice/com.tal.genie.dicbook.cread.FingerSearchActivity#0](this:0xa3d0f000,id:13,api:1,p:1098,c:314) queueBuffer: fps=9.51 dur=1051.50 max=107.52 min=103.26
12-15 20:06:24.421 E/libhand ( 1098): tensor map shape 0 :1
12-15 20:06:24.421 E/libhand ( 1098): tensor map shape 1 :1
12-15 20:06:24.673 E/WifiVendorHal(  624): getWifiLinkLayerStats(l.937) failed {.code = ERROR_NOT_SUPPORTED, .description = }
12-15 20:06:24.690 W/MDP     (  457): DpDriver::waitFramedone takes 52ms
12-15 20:06:24.690 W/MDP     (  457): DpIsp: 0x99d1b4c0, scenario 9, waitComplete 53 ms, 0, 0, 53, 0
12-15 20:06:24.690 W/MDP     (  457): DpIsp: 0x99d1b4c0, scenario 9, dst0 53 ms, 0, 53, 53, 53
12-15 20:06:24.690 W/MDP     (  457): DpIsp: 0x99d1b4c0, src 55 ms, 0, 0, 0, 0
12-15 20:06:24.757 E/libhand ( 1098): det hand class prob 0.995881,0.928594
12-15 20:06:24.757 E/libhand ( 1098): det hand num 1 
12-15 20:06:24.779 E/libhand ( 1098): tensor map shape 0 :1
12-15 20:06:24.779 E/libhand ( 1098): tensor map shape 1 :1
12-15 20:06:24.869 E/libhand ( 1098): det hand class prob 0.995838,0.930684
12-15 20:06:24.869 E/libhand ( 1098): det hand num 1 
12-15 20:06:24.890 E/libhand ( 1098): tensor map shape 0 :1
12-15 20:06:24.890 E/libhand ( 1098): tensor map shape 1 :1
12-15 20:06:24.956 I/SurfaceFlinger(  314): [Built-in Screen (type:0)] fps:9.514328,dur:1051.05,max:105.89,min:104.35
12-15 20:06:25.161 W/MDP     (  457): DpDriver::waitFramedone takes 52ms
12-15 20:06:25.161 W/MDP     (  457): DpIsp: 0x99d1b4c0, scenario 9, waitComplete 53 ms, 0, 0, 53, 0
12-15 20:06:25.161 W/MDP     (  457): DpIsp: 0x99d1b4c0, scenario 9, dst0 53 ms, 0, 53, 53, 53
12-15 20:06:25.161 W/MDP     (  457): DpIsp: 0x99d1b4c0, src 55 ms, 0, 0, 0, 0
12-15 20:06:25.223 E/libhand ( 1098): det hand class prob 0.995838,0.930684
12-15 20:06:25.223 E/libhand ( 1098): det hand num 1 
12-15 20:06:25.245 E/libhand ( 1098): tensor map shape 0 :1
12-15 20:06:25.245 E/libhand ( 1098): tensor map shape 1 :1
12-15 20:06:25.349 E/libhand ( 1098): det hand class prob 0.991166,0.883587
12-15 20:06:25.349 E/libhand ( 1098): det hand num 1 
12-15 20:06:25.379 E/libhand ( 1098): tensor map shape 0 :1
12-15 20:06:25.379 E/libhand ( 1098): tensor map shape 1 :1
12-15 20:06:25.466 I/BufferQueueProducer(  314): [com.tal.genie.voice/com.tal.genie.dicbook.cread.FingerSearchActivity#0](this:0xa3d0f000,id:13,api:1,p:1098,c:314) queueBuffer: fps=9.53 dur=1049.61 max=114.89 min=96.22
12-15 20:06:25.566 W/MDP     (  457): DpDriver::waitFramedone takes 52ms
12-15 20:06:25.567 W/MDP     (  457): DpIsp: 0x99d1b4c0, scenario 9, waitComplete 53 ms, 0, 0, 53, 0
12-15 20:06:25.567 W/MDP     (  457): DpIsp: 0x99d1b4c0, scenario 9, dst0 53 ms, 0, 53, 53, 53
12-15 20:06:25.567 W/MDP     (  457): DpIsp: 0x99d1b4c0, src 55 ms, 0, 0, 0, 0
12-15 20:06:25.570 I/BufferQueueProducer( 1098): [ImageReader-2560x1920f23m2-1098-5](this:0x7c116000,id:5,api:4,p:437,c:1098) queueBuffer: fps=2.24 dur=1338.69 max=469.19 min=400.56
12-15 20:06:25.628 E/libhand ( 1098): det hand class prob 0.991166,0.883587
12-15 20:06:25.628 E/libhand ( 1098): det hand num 1 
12-15 20:06:25.654 E/libhand ( 1098): tensor map shape 0 :1
12-15 20:06:25.654 E/libhand ( 1098): tensor map shape 1 :1
12-15 20:06:25.670 E/libhand ( 1098): det hand class prob 0.997979,0.848440
12-15 20:06:25.671 E/libhand ( 1098): det hand num 1 
12-15 20:06:25.698 E/libhand ( 1098): tensor map shape 0 :1
12-15 20:06:25.698 E/libhand ( 1098): tensor map shape 1 :1
12-15 20:06:25.979 W/MDP     (  457): DpDriver::waitFramedone takes 53ms
12-15 20:06:25.979 W/MDP     (  457): DpIsp: 0x99d1b4c0, scenario 9, waitComplete 53 ms, 0, 0, 53, 0
12-15 20:06:25.979 W/MDP     (  457): DpIsp: 0x99d1b4c0, scenario 9, dst0 53 ms, 0, 53, 53, 53
12-15 20:06:25.979 W/MDP     (  457): DpIsp: 0x99d1b4c0, src 57 ms, 0, 0, 0, 0
12-15 20:06:26.008 I/SurfaceFlinger(  314): [Built-in Screen (type:0)] fps:9.508916,dur:1051.64,max:106.42,min:103.85
12-15 20:06:26.053 E/libhand ( 1098): det hand class prob 0.997979,0.848440
12-15 20:06:26.053 E/libhand ( 1098): det hand num 1 
12-15 20:06:26.080 E/libhand ( 1098): tensor map shape 0 :1
12-15 20:06:26.080 E/libhand ( 1098): tensor map shape 1 :1
12-15 20:06:26.182 E/libhand ( 1098): det hand class prob 0.997983,0.887272
12-15 20:06:26.182 E/libhand ( 1098): det hand num 1 
12-15 20:06:26.205 E/libhand ( 1098): tensor map shape 0 :1
12-15 20:06:26.205 E/libhand ( 1098): tensor map shape 1 :1
12-15 20:06:26.378 W/MDP     (  457): DpDriver::waitFramedone takes 53ms
12-15 20:06:26.378 W/MDP     (  457): DpIsp: 0x99d1b4c0, scenario 9, waitComplete 53 ms, 0, 0, 53, 0
12-15 20:06:26.378 W/MDP     (  457): DpIsp: 0x99d1b4c0, scenario 9, dst0 53 ms, 0, 53, 53, 53
12-15 20:06:26.378 W/MDP     (  457): DpIsp: 0x99d1b4c0, src 56 ms, 0, 0, 0, 0
12-15 20:06:26.443 E/libhand ( 1098): det hand class prob 0.997983,0.887272
12-15 20:06:26.444 E/libhand ( 1098): det hand num 1 
12-15 20:06:26.470 E/libhand ( 1098): tensor map shape 0 :1
12-15 20:06:26.470 E/libhand ( 1098): tensor map shape 1 :1
12-15 20:06:26.487 E/libhand ( 1098): det hand class prob 0.995767,0.836721
12-15 20:06:26.487 E/libhand ( 1098): det hand num 1 
12-15 20:06:26.511 E/libhand ( 1098): tensor map shape 0 :1
12-15 20:06:26.511 E/libhand ( 1098): tensor map shape 1 :1
12-15 20:06:26.519 I/BufferQueueProducer(  314): [com.tal.genie.voice/com.tal.genie.dicbook.cread.FingerSearchActivity#0](this:0xa3d0f000,id:13,api:1,p:1098,c:314) queueBuffer: fps=9.50 dur=1052.75 max=112.27 min=99.46
12-15 20:06:26.683 W/MDP     (  457): DpDriver::waitFramedone takes 52ms
12-15 20:06:26.683 W/MDP     (  457): DpIsp: 0x99d1b4c0, scenario 9, waitComplete 53 ms, 0, 0, 53, 0
12-15 20:06:26.683 W/MDP     (  457): DpIsp: 0x99d1b4c0, scenario 9, dst0 53 ms, 0, 53, 53, 53
12-15 20:06:26.683 W/MDP     (  457): DpIsp: 0x99d1b4c0, src 57 ms, 0, 0, 0, 0
12-15 20:06:26.691 I/BufferQueueProducer( 1098): [ImageReader-2560x1920f23m2-1098-5](this:0x7c116000,id:5,api:4,p:437,c:1098) queueBuffer: fps=2.68 dur=1121.30 max=416.07 min=308.41
12-15 20:06:26.766 E/libhand ( 1098): det hand class prob 0.995767,0.836721
12-15 20:06:26.767 E/libhand ( 1098): det hand num 1 
12-15 20:06:26.804 E/libhand ( 1098): tensor map shape 0 :1
12-15 20:06:26.804 E/libhand ( 1098): tensor map shape 1 :1
12-15 20:06:26.830 E/libhand ( 1098): det hand class prob 0.998104,0.827467
12-15 20:06:26.830 E/libhand ( 1098): det hand num 1 
12-15 20:06:26.868 E/libhand ( 1098): tensor map shape 0 :1
12-15 20:06:26.868 E/libhand ( 1098): tensor map shape 1 :1
12-15 20:06:27.059 I/SurfaceFlinger(  314): [Built-in Screen (type:0)] fps:9.510410,dur:1051.48,max:106.01,min:104.54
12-15 20:06:27.156 W/MDP     (  457): DpDriver::waitFramedone takes 52ms
12-15 20:06:27.156 W/MDP     (  457): DpIsp: 0x99d1b4c0, scenario 9, waitComplete 53 ms, 0, 0, 53, 0
12-15 20:06:27.156 W/MDP     (  457): DpIsp: 0x99d1b4c0, scenario 9, dst0 53 ms, 0, 53, 53, 53
12-15 20:06:27.156 W/MDP     (  457): DpIsp: 0x99d1b4c0, src 56 ms, 0, 0, 0, 0
12-15 20:06:27.252 E/libhand ( 1098): det hand class prob 0.998104,0.827467
12-15 20:06:27.253 E/libhand ( 1098): det hand num 1 
12-15 20:06:27.287 E/libhand ( 1098): tensor map shape 0 :1
12-15 20:06:27.288 E/libhand ( 1098): tensor map shape 1 :1
12-15 20:06:27.439 E/libhand ( 1098): det hand class prob 0.998085,0.827208
12-15 20:06:27.439 E/libhand ( 1098): det hand num 1 
12-15 20:06:27.479 E/libhand ( 1098): tensor map shape 0 :1
12-15 20:06:27.479 E/libhand ( 1098): tensor map shape 1 :1
12-15 20:06:27.572 I/BufferQueueProducer(  314): [com.tal.genie.voice/com.tal.genie.dicbook.cread.FingerSearchActivity#0](this:0xa3d0f000,id:13,api:1,p:1098,c:314) queueBuffer: fps=9.50 dur=1052.94 max=107.36 min=102.79
12-15 20:06:27.690 E/WifiVendorHal(  624): getWifiLinkLayerStats(l.937) failed {.code = ERROR_NOT_SUPPORTED, .description = }
12-15 20:06:27.804 W/MDP     (  457): DpDriver::waitFramedone takes 53ms
12-15 20:06:27.804 W/MDP     (  457): DpIsp: 0x99d1b4c0, scenario 9, waitComplete 53 ms, 0, 0, 53, 0
12-15 20:06:27.804 W/MDP     (  457): DpIsp: 0x99d1b4c0, scenario 9, dst0 53 ms, 0, 53, 53, 53
12-15 20:06:27.804 W/MDP     (  457): DpIsp: 0x99d1b4c0, src 59 ms, 0, 0, 0, 0
12-15 20:06:27.811 I/BufferQueueProducer( 1098): [ImageReader-2560x1920f23m2-1098-5](this:0x7c116000,id:5,api:4,p:437,c:1098) queueBuffer: fps=1.79 dur=1120.02 max=649.25 min=470.77
12-15 20:06:27.880 E/libhand ( 1098): det hand class prob 0.998085,0.827208
12-15 20:06:27.880 E/libhand ( 1098): det hand num 1 
12-15 20:06:27.910 E/libhand ( 1098): tensor map shape 0 :1
12-15 20:06:27.910 E/libhand ( 1098): tensor map shape 1 :1
12-15 20:06:28.023 E/libhand ( 1098): det hand class prob 0.998729,0.838771
12-15 20:06:28.023 E/libhand ( 1098): det hand num 1 
12-15 20:06:28.047 E/libhand ( 1098): tensor map shape 0 :1
12-15 20:06:28.048 E/libhand ( 1098): tensor map shape 1 :1
12-15 20:06:28.110 I/SurfaceFlinger(  314): [Built-in Screen (type:0)] fps:9.516414,dur:1050.82,max:106.03,min:104.16
12-15 20:06:28.307 W/MDP     (  457): DpDriver::waitFramedone takes 52ms
12-15 20:06:28.307 W/MDP     (  457): DpIsp: 0x99d1b4c0, scenario 9, waitComplete 53 ms, 0, 0, 53, 0
12-15 20:06:28.307 W/MDP     (  457): DpIsp: 0x99d1b4c0, scenario 9, dst0 53 ms, 0, 53, 53, 53
12-15 20:06:28.307 W/MDP     (  457): DpIsp: 0x99d1b4c0, src 57 ms, 0, 0, 0, 0
12-15 20:06:28.377 E/libhand ( 1098): det hand class prob 0.998729,0.838771
12-15 20:06:28.377 E/libhand ( 1098): det hand num 1 
12-15 20:06:28.402 E/libhand ( 1098): tensor map shape 0 :1
12-15 20:06:28.402 E/libhand ( 1098): tensor map shape 1 :1
12-15 20:06:28.503 E/libhand ( 1098): det hand class prob 0.998130,0.833477
12-15 20:06:28.503 E/libhand ( 1098): det hand num 1 
12-15 20:06:28.529 E/libhand ( 1098): tensor map shape 0 :1
12-15 20:06:28.529 E/libhand ( 1098): tensor map shape 1 :1
12-15 20:06:28.538 E/MtkDataShapingUtils(  624): Exception openLteGateByDataShaping  in java.lang.NullPointerException: null receiver
12-15 20:06:28.538 W/System.err(  624): java.lang.NullPointerException: null receiver
12-15 20:06:28.538 W/System.err(  624): 	at java.lang.reflect.Method.invoke(Native Method)
12-15 20:06:28.538 W/System.err(  624): 	at com.mediatek.server.MtkDataShaping.openLteGateByDataShaping(MtkDataShaping.java:36)
12-15 20:06:28.539 W/System.err(  624): 	at com.android.server.AlarmManagerService.deliverAlarmsLocked(AlarmManagerService.java:3603)
12-15 20:06:28.539 W/System.err(  624): 	at com.android.server.AlarmManagerService$AlarmThread.run(AlarmManagerService.java:3781)
12-15 20:06:28.540 E/ActivityManager(  624): Sending non-protected broadcast ALARM_ACTION(1083) from system uid 1000 pkg com.tal.genie.push
12-15 20:06:28.540 E/ActivityManager(  624): java.lang.Throwable
12-15 20:06:28.540 E/ActivityManager(  624): 	at com.android.server.am.ActivityManagerService.checkBroadcastFromSystem(ActivityManagerService.java:21477)
12-15 20:06:28.540 E/ActivityManager(  624): 	at com.android.server.am.ActivityManagerService.broadcastIntentLocked(ActivityManagerService.java:22077)
12-15 20:06:28.540 E/ActivityManager(  624): 	at com.android.server.am.ActivityManagerService.broadcastIntentInPackage(ActivityManagerService.java:22256)
12-15 20:06:28.540 E/ActivityManager(  624): 	at com.android.server.am.PendingIntentRecord.sendInner(PendingIntentRecord.java:372)
12-15 20:06:28.540 E/ActivityManager(  624): 	at com.android.server.am.PendingIntentRecord.sendWithResult(PendingIntentRecord.java:245)
12-15 20:06:28.540 E/ActivityManager(  624): 	at com.android.server.am.ActivityManagerService.sendIntentSender(ActivityManagerService.java:8613)
12-15 20:06:28.540 E/ActivityManager(  624): 	at android.app.PendingIntent.sendAndReturnResult(PendingIntent.java:892)
12-15 20:06:28.540 E/ActivityManager(  624): 	at android.app.PendingIntent.send(PendingIntent.java:874)
12-15 20:06:28.540 E/ActivityManager(  624): 	at com.android.server.AlarmManagerService$DeliveryTracker.deliverLocked(AlarmManagerService.java:4387)
12-15 20:06:28.540 E/ActivityManager(  624): 	at com.android.server.AlarmManagerService.deliverAlarmsLocked(AlarmManagerService.java:3632)
12-15 20:06:28.540 E/ActivityManager(  624): 	at com.android.server.AlarmManagerService$AlarmThread.run(AlarmManagerService.java:3781)
12-15 20:06:28.548 W/AES     (  624): Exception Log handling...
12-15 20:06:28.549 W/AES     (  624): skip for Exp level 0
12-15 20:06:28.622 I/BufferQueueProducer(  314): [com.tal.genie.voice/com.tal.genie.dicbook.cread.FingerSearchActivity#0](this:0xa3d0f000,id:13,api:1,p:1098,c:314) queueBuffer: fps=9.52 dur=1050.95 max=114.83 min=97.66
12-15 20:06:28.707 W/MDP     (  457): DpDriver::waitFramedone takes 52ms
12-15 20:06:28.708 W/MDP     (  457): DpIsp: 0x99d1b4c0, scenario 9, waitComplete 53 ms, 0, 0, 53, 0
12-15 20:06:28.708 W/MDP     (  457): DpIsp: 0x99d1b4c0, scenario 9, dst0 53 ms, 0, 53, 53, 53
12-15 20:06:28.708 W/MDP     (  457): DpIsp: 0x99d1b4c0, src 55 ms, 0, 0, 0, 0
12-15 20:06:28.785 E/libhand ( 1098): det hand class prob 0.998130,0.833477
12-15 20:06:28.785 E/libhand ( 1098): det hand num 1 
12-15 20:06:28.816 E/libhand ( 1098): tensor map shape 0 :1
12-15 20:06:28.816 E/libhand ( 1098): tensor map shape 1 :1
12-15 20:06:28.835 E/libhand ( 1098): det hand class prob 0.994544,0.683694
12-15 20:06:28.835 E/libhand ( 1098): det hand num 1 
12-15 20:06:28.869 E/libhand ( 1098): tensor map shape 0 :1
12-15 20:06:28.869 E/libhand ( 1098): tensor map shape 1 :1
12-15 20:06:29.050 W/MDP     (  457): DpDriver::waitFramedone takes 53ms
12-15 20:06:29.050 W/MDP     (  457): DpIsp: 0x99d1b4c0, scenario 9, waitComplete 53 ms, 0, 0, 53, 0
12-15 20:06:29.050 W/MDP     (  457): DpIsp: 0x99d1b4c0, scenario 9, dst0 53 ms, 0, 53, 53, 53
12-15 20:06:29.050 W/MDP     (  457): DpIsp: 0x99d1b4c0, src 57 ms, 0, 0, 0, 0
12-15 20:06:29.058 I/BufferQueueProducer( 1098): [ImageReader-2560x1920f23m2-1098-5](this:0x7c116000,id:5,api:4,p:437,c:1098) queueBuffer: fps=2.41 dur=1247.24 max=502.06 min=345.78
12-15 20:06:29.134 E/libhand ( 1098): det hand class prob 0.994544,0.683694
12-15 20:06:29.134 E/libhand ( 1098): det hand num 1 
12-15 20:06:29.161 I/SurfaceFlinger(  314): [Built-in Screen (type:0)] fps:9.511521,dur:1051.36,max:106.16,min:104.13
12-15 20:06:29.167 E/libhand ( 1098): tensor map shape 0 :1
12-15 20:06:29.168 E/libhand ( 1098): tensor map shape 1 :1
12-15 20:06:29.182 E/libhand ( 1098): det hand class prob 0.998123,0.739930
12-15 20:06:29.182 E/libhand ( 1098): det hand num 1 
12-15 20:06:29.208 E/libhand ( 1098): tensor map shape 0 :1
12-15 20:06:29.208 E/libhand ( 1098): tensor map shape 1 :1
12-15 20:06:29.451 W/MDP     (  457): DpDriver::waitFramedone takes 52ms
12-15 20:06:29.452 W/MDP     (  457): DpIsp: 0x99d1b4c0, scenario 9, waitComplete 53 ms, 0, 0, 53, 0
12-15 20:06:29.452 W/MDP     (  457): DpIsp: 0x99d1b4c0, scenario 9, dst0 53 ms, 0, 53, 53, 53
12-15 20:06:29.452 W/MDP     (  457): DpIsp: 0x99d1b4c0, src 56 ms, 0, 0, 0, 0
12-15 20:06:29.511 E/libhand ( 1098): det hand class prob 0.998123,0.739930
12-15 20:06:29.512 E/libhand ( 1098): det hand num 1 
12-15 20:06:29.533 E/libhand ( 1098): tensor map shape 0 :1
12-15 20:06:29.533 E/libhand ( 1098): tensor map shape 1 :1
12-15 20:06:29.633 E/libhand ( 1098): det hand class prob 0.998082,0.639358
12-15 20:06:29.633 E/libhand ( 1098): det hand num 1 
12-15 20:06:29.656 E/libhand ( 1098): tensor map shape 0 :1
12-15 20:06:29.656 E/libhand ( 1098): tensor map shape 1 :1
12-15 20:06:29.672 I/BufferQueueProducer(  314): [com.tal.genie.voice/com.tal.genie.dicbook.cread.FingerSearchActivity#0](this:0xa3d0f000,id:13,api:1,p:1098,c:314) queueBuffer: fps=9.53 dur=1049.52 max=107.42 min=102.01
12-15 20:06:29.928 W/MDP     (  457): DpDriver::waitFramedone takes 53ms
12-15 20:06:29.928 W/MDP     (  457): DpIsp: 0x99d1b4c0, scenario 9, waitComplete 53 ms, 0, 0, 53, 0
12-15 20:06:29.928 W/MDP     (  457): DpIsp: 0x99d1b4c0, scenario 9, dst0 53 ms, 0, 53, 53, 53
12-15 20:06:29.928 W/MDP     (  457): DpIsp: 0x99d1b4c0, src 56 ms, 0, 0, 0, 0
12-15 20:06:29.993 E/libhand ( 1098): det hand class prob 0.998082,0.639358
12-15 20:06:29.993 E/libhand ( 1098): det hand num 1 
12-15 20:06:30.023 E/libhand ( 1098): tensor map shape 0 :1
12-15 20:06:30.023 E/libhand ( 1098): tensor map shape 1 :1
12-15 20:06:30.141 E/libhand ( 1098): det hand class prob 0.998050,0.699363
12-15 20:06:30.141 E/libhand ( 1098): det hand num 1 
12-15 20:06:30.164 E/libhand ( 1098): tensor map shape 0 :1
12-15 20:06:30.164 E/libhand ( 1098): tensor map shape 1 :1
12-15 20:06:30.213 I/SurfaceFlinger(  314): [Built-in Screen (type:0)] fps:9.508327,dur:1051.71,max:105.90,min:104.49
12-15 20:06:30.333 W/MDP     (  457): DpDriver::waitFramedone takes 52ms
12-15 20:06:30.333 W/MDP     (  457): DpIsp: 0x99d1b4c0, scenario 9, waitComplete 52 ms, 0, 0, 52, 0
12-15 20:06:30.333 W/MDP     (  457): DpIsp: 0x99d1b4c0, scenario 9, dst0 52 ms, 0, 52, 52, 52
12-15 20:06:30.333 W/MDP     (  457): DpIsp: 0x99d1b4c0, src 56 ms, 0, 0, 0, 0
12-15 20:06:30.338 I/BufferQueueProducer( 1098): [ImageReader-2560x1920f23m2-1098-5](this:0x7c116000,id:5,api:4,p:437,c:1098) queueBuffer: fps=2.34 dur=1279.33 max=480.77 min=398.11
12-15 20:06:30.391 E/libhand ( 1098): det hand class prob 0.998050,0.699363
12-15 20:06:30.391 E/libhand ( 1098): det hand num 1 
12-15 20:06:30.411 E/libhand ( 1098): tensor map shape 0 :1
12-15 20:06:30.411 E/libhand ( 1098): tensor map shape 1 :1
12-15 20:06:30.429 E/libhand ( 1098): det hand class prob 0.998131,0.755952
12-15 20:06:30.430 E/libhand ( 1098): det hand num 1 
12-15 20:06:30.449 E/libhand ( 1098): tensor map shape 0 :1
12-15 20:06:30.449 E/libhand ( 1098): tensor map shape 1 :1
12-15 20:06:30.637 W/MDP     (  457): DpDriver::waitFramedone takes 52ms
12-15 20:06:30.637 W/MDP     (  457): DpIsp: 0x99d1b4c0, scenario 9, waitComplete 53 ms, 0, 0, 53, 0
12-15 20:06:30.637 W/MDP     (  457): DpIsp: 0x99d1b4c0, scenario 9, dst0 53 ms, 0, 53, 53, 53
12-15 20:06:30.637 W/MDP     (  457): DpIsp: 0x99d1b4c0, src 56 ms, 0, 0, 0, 0
12-15 20:06:30.706 E/WifiVendorHal(  624): getWifiLinkLayerStats(l.937) failed {.code = ERROR_NOT_SUPPORTED, .description = }
12-15 20:06:30.713 E/libhand ( 1098): det hand class prob 0.998131,0.755952
12-15 20:06:30.713 E/libhand ( 1098): det hand num 1 
12-15 20:06:30.725 I/BufferQueueProducer(  314): [com.tal.genie.voice/com.tal.genie.dicbook.cread.FingerSearchActivity#0](this:0xa3d0f000,id:13,api:1,p:1098,c:314) queueBuffer: fps=9.50 dur=1052.87 max=107.67 min=104.22
12-15 20:06:30.745 E/libhand ( 1098): tensor map shape 0 :1
12-15 20:06:30.746 E/libhand ( 1098): tensor map shape 1 :1
12-15 20:06:30.762 E/libhand ( 1098): det hand class prob 0.998109,0.830901
12-15 20:06:30.762 E/libhand ( 1098): det hand num 1 
12-15 20:06:30.785 E/libhand ( 1098): tensor map shape 0 :1
12-15 20:06:30.785 E/libhand ( 1098): tensor map shape 1 :1
12-15 20:06:30.975 W/MDP     (  457): DpDriver::waitFramedone takes 52ms
12-15 20:06:30.975 W/MDP     (  457): DpIsp: 0x99d1b4c0, scenario 9, waitComplete 52 ms, 0, 0, 52, 0
12-15 20:06:30.975 W/MDP     (  457): DpIsp: 0x99d1b4c0, scenario 9, dst0 52 ms, 0, 52, 52, 52
12-15 20:06:30.975 W/MDP     (  457): DpIsp: 0x99d1b4c0, src 57 ms, 0, 0, 0, 0
12-15 20:06:31.035 E/libhand ( 1098): det hand class prob 0.998109,0.830901
12-15 20:06:31.035 E/libhand ( 1098): det hand num 1 
12-15 20:06:31.056 E/libhand ( 1098): tensor map shape 0 :1
12-15 20:06:31.056 E/libhand ( 1098): tensor map shape 1 :1
12-15 20:06:31.070 E/libhand ( 1098): det hand class prob 0.998014,0.715267
12-15 20:06:31.070 E/libhand ( 1098): det hand num 1 
12-15 20:06:31.090 E/libhand ( 1098): tensor map shape 0 :1
12-15 20:06:31.090 E/libhand ( 1098): tensor map shape 1 :1
12-15 20:06:31.266 I/SurfaceFlinger(  314): [Built-in Screen (type:0)] fps:9.502392,dur:1052.37,max:106.18,min:104.52
12-15 20:06:31.276 W/MDP     (  457): DpDriver::waitFramedone takes 52ms
12-15 20:06:31.276 W/MDP     (  457): DpIsp: 0x99d1b4c0, scenario 9, waitComplete 53 ms, 0, 0, 53, 0
12-15 20:06:31.276 W/MDP     (  457): DpIsp: 0x99d1b4c0, scenario 9, dst0 53 ms, 0, 53, 53, 53
12-15 20:06:31.276 W/MDP     (  457): DpIsp: 0x99d1b4c0, src 56 ms, 0, 0, 0, 0
12-15 20:06:31.348 E/libhand ( 1098): det hand class prob 0.998014,0.715267
12-15 20:06:31.348 E/libhand ( 1098): det hand num 1 
12-15 20:06:31.380 E/libhand ( 1098): tensor map shape 0 :1
12-15 20:06:31.380 E/libhand ( 1098): tensor map shape 1 :1
12-15 20:06:31.396 E/libhand ( 1098): det hand class prob 0.998120,0.794685
12-15 20:06:31.397 E/libhand ( 1098): det hand num 1 
12-15 20:06:31.421 E/libhand ( 1098): tensor map shape 0 :1
12-15 20:06:31.422 E/libhand ( 1098): tensor map shape 1 :1
12-15 20:06:31.678 W/MDP     (  457): DpDriver::waitFramedone takes 52ms
12-15 20:06:31.678 W/MDP     (  457): DpIsp: 0x99d1b4c0, scenario 9, waitComplete 52 ms, 0, 0, 52, 0
12-15 20:06:31.678 W/MDP     (  457): DpIsp: 0x99d1b4c0, scenario 9, dst0 52 ms, 0, 52, 52, 52
