01-01 08:00:16.233 I/MtkSystemServiceRegistry(  450): setMtkSystemServiceName start names{class android.net.wifi.RttManager=rttmanager, class android.app.KeyguardManager=keyguard, class android.app.WallpaperManager=wallpaper, class android.os.DropBoxManager=dropbox, class android.os.PowerManager=power, class android.media.projection.MediaProjectionManager=media_projection, class android.telephony.SubscriptionManager=telephony_subscription_service, class android.hardware.usb.UsbManager=usb, class android.os.SystemUpdateManager=system_update, class android.os.storage.StorageManager=storage, class android.telephony.CarrierConfigManager=carrier_config, class android.telephony.euicc.EuiccCardManager=euicc_card, class android.net.ConnectivityManager=connectivity, class android.app.GeninLampManager=lampmanager, class android.telephony.TelephonyManager=phone, class android.view.textclassifier.TextClassificationManager=textclassification, class android.app.ActivityManager=activity, class android.media.session.MediaSessionManager=media_session, class android.app.UiModeManager=uimode, class android.service.oemlock.OemLockManager=oem_lock, class android.bluetooth.BluetoothManager=bluetooth, class android.hardware.ConsumerIrManager=consumer_ir, class android.content.pm.ShortcutManager=shortcut, class android.os.health.SystemHealthManager=systemhealth, class android.view.accessibility.AccessibilityManager=accessibility, class android.companion.CompanionDeviceManager=companiondevice, class android.content.ClipboardManager=clipboard, class android.app.trust.TrustManager=trust, class android.appwidget.AppWidgetManager=appwidget, class android.net.nsd.NsdManager=servicediscovery, class android.app.slice.SliceManager=slice, class android.content.RestrictionsManager=restrictions, class android.os.IncidentManager=incident, class android.view.inputmethod.InputMethodManager=input_method, class android.app.usage.NetworkStatsManager=netstats, class android.app.VrManager=vrmanager, class android.hardware.camera2.CameraManager=camera, class android.service.persistentdata.PersistentDataBlockManager=persistent_data_block, class android.content.pm.CrossProfileApps=crossprofileapps, class android.telephony.euicc.EuiccManager=euicc, class android.view.autofill.AutofillManager=autofill, class android.app.AlarmManager=alarm, class android.nfc.NfcManager=nfc, class android.telecom.TelecomManager=telecom, class android.app.job.JobScheduler=jobscheduler, class android.app.NotificationManager=notification, class android.content.pm.LauncherApps=launcherapps, class android.net.NetworkScoreManager=network_score, class android.app.timezone.RulesManager=timezone, class android.net.EthernetManager=ethernet, class android.view.accessibility.CaptioningManager=captioning, class android.hardware.hdmi.HdmiControlManager=hdmi_control, class android.os.Vibrator=vibrator, class android.print.PrintManager=print, class android.net.lowpan.LowpanManager=lowpan, class android.media.tv.TvInputManager=tv_input, class android.net.wifi.aware.WifiAwareManager=wifiaware, class android.app.DownloadManager=download, class android.app.StatusBarManager=statusbar, class android.hardware.display.DisplayManager=display, class android.location.LocationManager=location, class android.media.AudioManager=audio, class android.os.UserManager=user, class android.os.BatteryManager=batterymanager, class android.hardware.location.ContextHubManager=contexthub, class android.net.wifi.rtt.WifiRttManager=wifirtt, class android.accounts.AccountManager=account, class android.app.SearchManager=search, class android.text.ClipboardManager=clipboard, class android.app.StatsManager=stats, class android.app.usage.UsageStatsManager=usagestats, class android.hardware.fingerprint.FingerprintManager=fingerprint, class android.app.usage.StorageStatsManager=storagestats, class android.net.wifi.p2p.WifiP2pManager=wifip2p, class android.net.NetworkWatchlistManager=network_watchlist, class android.media.midi.MidiManager=midi, interface android.view.WindowManager=window, class android.os.HardwarePropertiesManager=hardwa
01-01 08:00:16.233 I/SystemServiceRegistry(  450): registerAllMtkService start
01-01 08:00:16.233 I/MtkSystemServiceRegistry(  450): registerAllService start
01-01 08:00:16.234 E/MtkSystemServiceRegistry(  450): Exception while getting FmRadioPackageManager class
01-01 08:00:16.239 W/main    (  450): type=1400 audit(0.0:834): avc: denied { read } for name="u:object_r:mtk_bluetooth_prop:s0" dev="tmpfs" ino=8397 scontext=u:r:zygote:s0 tcontext=u:object_r:mtk_bluetooth_prop:s0 tclass=file permissive=0
01-01 08:00:16.243 E/libc    (  450): Access denied finding property "persist.vendor.bluetooth.hostloglevel"
01-01 08:00:16.244 I/chatty  (  450): uid=0(root) main identical 2 lines
01-01 08:00:16.246 E/libc    (  450): Access denied finding property "persist.vendor.bluetooth.hostloglevel"
01-01 08:00:16.258 I/PackageBackwardCompatibility(  450): Loaded android.content.pm.OrgApacheHttpLegacyUpdater
01-01 08:00:16.259 I/PackageBackwardCompatibility(  450): Could not find android.content.pm.AndroidTestBaseUpdater, ignoring
01-01 08:00:16.266 I/ServiceManager(  468): Waiting for service package_native...
01-01 08:00:16.271 I/ip6tables-wrapper-1.0(  492): ip6tables: No chain/target/match by that name.
01-01 08:00:16.272 I/ip6tables-wrapper-1.0(  492): ip6tables-wrapper-1.0 terminated by exit(1)
01-01 08:00:16.272 E/NetdagentIptables(  492): exec() res=0, status=256 for /system/bin/ip6tables-wrapper-1.0 -w -t filter -X oem_wifi 
01-01 08:00:16.329 D/rpmb    (  493): EmmcRpmbReadCounter: write_multiple_block, then read_multiple_block
01-01 08:00:16.338 E/rpmb    (  493): [uree] UREE_RpmbFeedbackWriteCounter Error: -65530 (Input parameters were invalid.)
01-01 08:00:16.338 E/rpmb    (  493): rpmb feedback write counter error 0xffff0006
01-01 08:00:16.389 I/iptables-wrapper-1.0(  492): iptables: No chain/target/match by that name.
01-01 08:00:16.390 I/iptables-wrapper-1.0(  492): iptables-wrapper-1.0 terminated by exit(1)
01-01 08:00:16.390 E/NetdagentIptables(  492): exec() res=0, status=256 for /system/bin/iptables-wrapper-1.0 -w -t filter -F oem_data 
01-01 08:00:16.430 I/ip6tables-wrapper-1.0(  492): ip6tables: No chain/target/match by that name.
01-01 08:00:16.431 I/ip6tables-wrapper-1.0(  492): ip6tables-wrapper-1.0 terminated by exit(1)
01-01 08:00:16.431 E/NetdagentIptables(  492): exec() res=0, status=256 for /system/bin/ip6tables-wrapper-1.0 -w -t filter -F oem_data 
01-01 08:00:16.477 I/iptables-wrapper-1.0(  492): iptables: No chain/target/match by that name.
01-01 08:00:16.478 I/iptables-wrapper-1.0(  492): iptables-wrapper-1.0 terminated by exit(1)
01-01 08:00:16.478 E/NetdagentIptables(  492): exec() res=0, status=256 for /system/bin/iptables-wrapper-1.0 -w -t filter -X oem_data 
01-01 08:00:16.521 I/ip6tables-wrapper-1.0(  492): ip6tables: No chain/target/match by that name.
01-01 08:00:16.523 I/ip6tables-wrapper-1.0(  492): ip6tables-wrapper-1.0 terminated by exit(1)
01-01 08:00:16.523 E/NetdagentIptables(  492): exec() res=0, status=256 for /system/bin/ip6tables-wrapper-1.0 -w -t filter -X oem_data 
01-01 08:00:16.638 D/rpmb    (  493): EmmcRpmbReadCounter: write_multiple_block, then read_multiple_block
01-01 08:00:16.647 E/rpmb    (  493): [uree] UREE_RpmbFeedbackWriteCounter Error: -65530 (Input parameters were invalid.)
01-01 08:00:16.647 E/rpmb    (  493): rpmb feedback write counter error 0xffff0006
01-01 08:00:16.881 D/ImgSensorDrv(  476): [searchSensor]set sensor driver id =2
01-01 08:00:16.881 D/ImgSensorDrv(  476): [searchSensor]sensorIdx 1 found <0x5035/gc5035_mipi_raw/SENSOR_DRVNAME_GC5035_MIPI_RAW>
01-01 08:00:16.881 D/ImgSensorDrv(  476): [getInfo2]prv w=0xa20,h=0x798
01-01 08:00:16.881 D/ImgSensorDrv(  476): [getInfo2]cap w=0xa20,h=0x798
01-01 08:00:16.881 D/ImgSensorDrv(  476): [getInfo2]vd  w=0x510,h=0x3cc
01-01 08:00:16.881 D/ImgSensorDrv(  476): [getInfo2]pre GrapX=0x0,GrapY=0x0
01-01 08:00:16.892 W/MtkCam/HalSensorList(  476): [impConstructStaticMetadata_by_SymbolName] constructCustStaticMetadata_DEVICE_SCALER_SENSOR_DRVNAME_GC5035_MIPI_RAW not found
01-01 08:00:16.893 W/MtkCam/HalSensorList(  476): [impConstructStaticMetadata_by_SymbolName] constructCustStaticMetadata_DEVICE_SCALER_COMMON not found
01-01 08:00:16.894 W/MtkCam/HalSensorList(  476): [impConstructStaticMetadata_by_SymbolName] constructCustStaticMetadata_DEVICE_FEATURE_SENSOR_DRVNAME_GC5035_MIPI_RAW not found
01-01 08:00:16.896 W/MtkCam/HalSensorList(  476): [impConstructStaticMetadata_by_SymbolName] constructCustStaticMetadata_DEVICE_FEATURE_COMMON not found
01-01 08:00:16.899 W/MtkCam/HalSensorList(  476): [impConstructStaticMetadata_by_SymbolName] constructCustStaticMetadata_DEVICE_REQUEST_SENSOR_DRVNAME_GC5035_MIPI_RAW not found
01-01 08:00:16.900 W/MtkCam/HalSensorList(  476): [impConstructStaticMetadata_by_SymbolName] constructCustStaticMetadata_DEVICE_REQUEST_COMMON not found
01-01 08:00:16.900 W/MtkCam/HalSensorList(  476): [impConstructStaticMetadata_by_SymbolName] constructCustStaticMetadata_PROJECT_LENS_SENSOR_DRVNAME_GC5035_MIPI_RAW not found
01-01 08:00:16.901 W/MtkCam/HalSensorList(  476): [impConstructStaticMetadata_by_SymbolName] constructCustStaticMetadata_PROJECT_LENS_COMMON not found
01-01 08:00:16.902 W/MtkCam/HalSensorList(  476): [impConstructStaticMetadata_by_SymbolName] constructCustStaticMetadata_PROJECT_SENSOR_SENSOR_DRVNAME_GC5035_MIPI_RAW not found
01-01 08:00:16.903 W/MtkCam/HalSensorList(  476): [impConstructStaticMetadata_by_SymbolName] constructCustStaticMetadata_PROJECT_SENSOR_COMMON not found
01-01 08:00:16.903 W/MtkCam/HalSensorList(  476): [impConstructStaticMetadata_by_SymbolName] constructCustStaticMetadata_PROJECT_TUNING_3A_SENSOR_DRVNAME_GC5035_MIPI_RAW not found
01-01 08:00:16.904 W/MtkCam/HalSensorList(  476): [impConstructStaticMetadata_by_SymbolName] constructCustStaticMetadata_PROJECT_TUNING_3A_COMMON not found
01-01 08:00:16.905 W/MtkCam/HalSensorList(  476): [impConstructStaticMetadata_by_SymbolName] constructCustStaticMetadata_PROJECT_FLASHLIGHT_SENSOR_DRVNAME_GC5035_MIPI_RAW not found
01-01 08:00:16.906 W/MtkCam/HalSensorList(  476): [impConstructStaticMetadata_by_SymbolName] constructCustStaticMetadata_PROJECT_FLASHLIGHT_COMMON not found
01-01 08:00:16.907 W/MtkCam/HalSensorList(  476): [impConstructStaticMetadata_by_SymbolName] constructCustStaticMetadata_PROJECT_SCALER_SENSOR_DRVNAME_GC5035_MIPI_RAW not found
01-01 08:00:16.908 W/MtkCam/HalSensorList(  476): [impConstructStaticMetadata_by_SymbolName] constructCustStaticMetadata_PROJECT_SCALER_COMMON not found
01-01 08:00:16.909 W/MtkCam/HalSensorList(  476): [impConstructStaticMetadata_by_SymbolName] constructCustStaticMetadata_PROJECT_FEATURE_SENSOR_DRVNAME_GC5035_MIPI_RAW not found
01-01 08:00:16.911 W/MtkCam/HalSensorList(  476): [impConstructStaticMetadata_by_SymbolName] constructCustStaticMetadata_PROJECT_FEATURE_COMMON not found
01-01 08:00:16.913 W/MtkCam/HalSensorList(  476): [impConstructStaticMetadata_by_SymbolName] constructCustStaticMetadata_PROJECT_CAMERA_SENSOR_DRVNAME_GC5035_MIPI_RAW not found
01-01 08:00:16.914 W/MtkCam/HalSensorList(  476): [impConstructStaticMetadata_by_SymbolName] constructCustStaticMetadata_PROJECT_CAMERA_COMMON not found
01-01 08:00:16.916 W/MtkCam/HalSensorList(  476): [impConstructStaticMetadata_by_SymbolName] constructCustStaticMetadata_PROJECT_REQUEST_SENSOR_DRVNAME_GC5035_MIPI_RAW not found
01-01 08:00:16.917 W/MtkCam/HalSensorList(  476): [impConstructStaticMetadata_by_SymbolName] constructCustStaticMetadata_PROJECT_REQUEST_COMMON not found
01-01 08:00:16.918 D/SeninfDrvImp(  476): [setMclk][setMclk]pcEn(0), clkPol(0), mMclkUser[0](0), TimestampClk(0), freq(24), mclkIdx 0
01-01 08:00:16.919 D/SeninfDrvImp(  476): [setMclk][setMclk]pcEn(0), clkPol(0), mMclkUser[1](0), TimestampClk(0), freq(24), mclkIdx 1
01-01 08:00:16.919 D/SeninfDrvImp(  476): [uninit][uninit]: 1 
01-01 08:00:16.919 D/SeninfDrvImp(  476): [uninit][uninit]: 0, mfd(17) 
01-01 08:00:16.920 D/CustomLogicalDevice(  476): Parse DEFAULT_STEREO_SETTING in camera_custom_stereo_setting.h
01-01 08:00:16.920 D/CustomLogicalDevice(  476): Name: bayerbayer
01-01 08:00:16.920 D/CustomLogicalDevice(  476): Sensor S5K3L8_MIPI_RAW not found in sensor list
01-01 08:00:16.920 D/CustomLogicalDevice(  476): NumofCombinSensor 0 != sensors in setting 2
01-01 08:00:16.923 W/MtkCam/MetadataProvider.constructStatic(  476): [impConstructStaticMetadata_by_SymbolName] constructCustStaticMetadata_DEVICE_CAMERA_SENSOR_DRVNAME_S5K3L6_MIPI_RAW not found
01-01 08:00:16.924 W/MtkCam/MetadataProvider.constructStatic(  476): [impConstructStaticMetadata_by_SymbolName] constructCustStaticMetadata_PROJECT_SCALER_SENSOR_DRVNAME_S5K3L6_MIPI_RAW not found
01-01 08:00:16.925 W/MtkCam/MetadataProvider.constructStatic(  476): [impConstructStaticMetadata_by_SymbolName] constructCustStaticMetadata_PROJECT_SCALER_COMMON not found
01-01 08:00:16.925 W/MtkCam/MetadataProvider.constructStatic(  476): [impConstructStaticMetadata_by_SymbolName] constructCustStaticMetadata_PROJECT_FEATURE_SENSOR_DRVNAME_S5K3L6_MIPI_RAW not found
01-01 08:00:16.926 W/MtkCam/MetadataProvider.constructStatic(  476): [impConstructStaticMetadata_by_SymbolName] constructCustStaticMetadata_PROJECT_FEATURE_COMMON not found
01-01 08:00:16.926 W/MtkCam/MetadataProvider.constructStatic(  476): [impConstructStaticMetadata_by_SymbolName] constructCustStaticMetadata_PROJECT_CAMERA_SENSOR_DRVNAME_S5K3L6_MIPI_RAW not found
01-01 08:00:16.926 W/MtkCam/MetadataProvider.constructStatic(  476): [impConstructStaticMetadata_by_SymbolName] constructCustStaticMetadata_PROJECT_CAMERA_COMMON not found
01-01 08:00:16.927 I/BufferQueueProducer(  314): [BootAnimation#0](this:0xa6dd0000,id:1,api:1,p:417,c:314) queueBuffer: fps=25.35 dur=1025.75 max=44.28 min=38.12
01-01 08:00:16.928 W/MtkCam/MetadataProvider.constructStatic(  476): [impConstructStaticMetadata_by_SymbolName] constructCustStaticMetadata_PROJECT_REQUEST_SENSOR_DRVNAME_S5K3L6_MIPI_RAW not found
01-01 08:00:16.928 W/MtkCam/MetadataProvider.constructStatic(  476): [impConstructStaticMetadata_by_SymbolName] constructCustStaticMetadata_PROJECT_REQUEST_COMMON not found
01-01 08:00:16.932 I/SurfaceFlinger(  314): [Built-in Screen (type:0)] fps:25.599907,dur:1015.63,max:52.71,min:34.53
01-01 08:00:16.948 D/rpmb    (  493): EmmcRpmbReadCounter: write_multiple_block, then read_multiple_block
01-01 08:00:16.956 E/rpmb    (  493): [uree] UREE_RpmbFeedbackWriteCounter Error: -65530 (Input parameters were invalid.)
01-01 08:00:16.956 E/rpmb    (  493): rpmb feedback write counter error 0xffff0006
01-01 08:00:17.171 D/AAALOGTAG(  476):  3alog = 0, default = 0
01-01 08:00:17.172 I/mtkcam-module(  476): [ModuleStore] ctor
01-01 08:00:17.173 I/mtkcam-module(  476): [dump_module] [registered] module_id:0x0x10001 module_factory:0xae50ac8f register_name:vendor/mediatek/proprietary/hardware/mtkcam/main/core/module/aaa/register_Hal3A.cpp
01-01 08:00:17.173 I/mtkcam-module(  476): [dump_module] [registered] module_id:0x0x10002 module_factory:0xae325951 register_name:vendor/mediatek/proprietary/hardware/mtkcam/main/core/module/aaa/register_HalISP.cpp
01-01 08:00:17.173 I/mtkcam-module(  476): [dump_module] [registered] module_id:0x0x10003 module_factory:0xae4ed02b register_name:vendor/mediatek/proprietary/hardware/mtkcam/main/core/module/aaa/register_HalFlash.cpp
01-01 08:00:17.173 I/mtkcam-module(  476): [dump_module] [registered] module_id:0x0x10004 module_factory:0xae43defd register_name:vendor/mediatek/proprietary/hardware/mtkcam/main/core/module/aaa/register_IspMgrIf.cpp
01-01 08:00:17.173 I/mtkcam-module(  476): [dump_module] [registered] module_id:0x0x10006 module_factory:0xae4b08d5 register_name:vendor/mediatek/proprietary/hardware/mtkcam/main/core/module/aaa/register_SwNR.cpp
01-01 08:00:17.173 I/mtkcam-module(  476): [dump_module] [registered] module_id:0x0x10007 module_factory:0xae26fdb1 register_name:vendor/mediatek/proprietary/hardware/mtkcam/main/core/module/aaa/register_DngInfo.cpp
01-01 08:00:17.173 I/mtkcam-module(  476): [dump_module] [registered] module_id:0x0x10008 module_factory:0xae997019 register_name:vendor/mediatek/proprietary/hardware/mtkcam/main/core/module/aaa/register_NvBufUtil.cpp
01-01 08:00:17.173 I/mtkcam-module(  476): [dump_module] [registered] module_id:0x0x10009 module_factory:0xae22d421 register_name:vendor/mediatek/proprietary/hardware/mtkcam/main/core/module/aaa/register_LscTable.cpp
01-01 08:00:17.173 I/mtkcam-module(  476): [ShowLoading] loading (MODULE_GROUP_ID:1 MODULE_GROUP_COUNT:11 ...
01-01 08:00:17.173 I/mtkcam-module(  476): [load] MtkCam_getModuleFactory_aaa(0xa92e0495) @ libmtkcam_modulefactory_aaa.so
01-01 08:00:17.173 D/nvbuf_util.cpp(  476): nvbuf_util.cpp getBufAndReadNoLock+ ln=772 ramId=0 sensorDev=1
01-01 08:00:17.174 D/NvramDrv(  476): NvramDrv [readNoDefault] id=1 dev=12 a_u4NvramDataSize=80
01-01 08:00:17.174 D/NvramDrv(  476): NvramDrv [readNvramData]+ a_eSensorType=1 a_eNvramDataType=12
01-01 08:00:17.174 D/CAM_CUS_MSDK(  476): CAM_CUS_MSDK [LensCustomInit] DEV 1: (0) 0xffff, 0xffff
01-01 08:00:17.174 D/CAM_CUS_MSDK(  476): CAM_CUS_MSDK [LensCustomInit] DEV 1: (1) 0x13870, 0x8217
01-01 08:00:17.174 D/CAM_CUS_MSDK(  476): CAM_CUS_MSDK [LensCustomInit] DEV 1: (2) 0x30c8, 0x5
01-01 08:00:17.174 D/CAM_CUS_MSDK(  476): CAM_CUS_MSDK [LensCustomInit] DEV 1: (3) 0x30c6, 0x9769
01-01 08:00:17.174 D/CAM_CUS_MSDK(  476): CAM_CUS_MSDK [LensCustomInit] DEV 1: (4) 0xd853, 0x9769
01-01 08:00:17.174 D/CAM_CUS_MSDK(  476): CAM_CUS_MSDK [LensCustomInit] DEV 1: (5) 0x0, 0x0
01-01 08:00:17.174 D/CAM_CUS_MSDK(  476): CAM_CUS_MSDK [LensCustomInit] DEV 1: (6) 0x0, 0x0
01-01 08:00:17.174 D/CAM_CUS_MSDK(  476): CAM_CUS_MSDK [LensCustomInit] DEV 1: (7) 0x0, 0x0
01-01 08:00:17.174 D/CAM_CUS_MSDK(  476): CAM_CUS_MSDK [LensCustomInit] DEV 1: (8) 0x0, 0x0
01-01 08:00:17.174 D/CAM_CUS_MSDK(  476): CAM_CUS_MSDK [LensCustomInit] DEV 1: (9) 0x0, 0x0
01-01 08:00:17.174 D/CAM_CUS_MSDK(  476): CAM_CUS_MSDK [LensCustomInit] DEV 1: (10) 0x0, 0x0
01-01 08:00:17.174 D/CAM_CUS_MSDK(  476): CAM_CUS_MSDK [LensCustomInit] DEV 1: (11) 0x0, 0x0
01-01 08:00:17.174 D/CAM_CUS_MSDK(  476): CAM_CUS_MSDK [LensCustomInit] DEV 1: (12) 0x0, 0x0
01-01 08:00:17.174 D/CAM_CUS_MSDK(  476): CAM_CUS_MSDK [LensCustomInit] DEV 1: (13) 0x0, 0x0
01-01 08:00:17.174 D/CAM_CUS_MSDK(  476): CAM_CUS_MSDK [LensCustomInit] DEV 1: (14) 0x0, 0x0
01-01 08:00:17.174 D/CAM_CUS_MSDK(  476): CAM_CUS_MSDK [LensCustomInit] DEV 1: (15) 0x0, 0x0
01-01 08:00:17.174 D/NvramDrv(  476): NvramDrv check nvram demon
01-01 08:00:17.175 D/NVRAM   (  476): length of g_NVRAM_BACKUP_DEVICE=44
01-01 08:00:17.175 D/NVRAM   (  476): nvram_layout_callback will run!!!
01-01 08:00:17.175 D/NVRAM   (  476): nvram_platform_log_block: 2
01-01 08:00:17.175 D/NVRAM   (  476): nvram_platform_resv_block: 2
01-01 08:00:17.175 D/NVRAM   (  476): nvram_platform_DM_block: 1
01-01 08:00:17.175 D/NVRAM   (  476): nvram_platform_layout_version: 0
01-01 08:00:17.175 D/NVRAM   (  476): nvram_platform_header_offset: 0
01-01 08:00:17.175 D/NVRAM   (  476): g_i4CFG_File_Count: 51
01-01 08:00:17.175 D/NVRAM   (  476): NVM_Init Max Lid: 80
01-01 08:00:17.175 D/NVRAM   (  476): [NVRAM]: info nvram_gpt_flag =1
01-01 08:00:17.175 D/NVRAM   (  476): [NVRAM]: info NVRAM Init Completed!
01-01 08:00:17.176 D/NVRAM   (  476): NVM_GetFileDesc: Open /mnt/vendor/nvdata/media/CAMERA_VERSION,LID:22
01-01 08:00:17.176 D/NVRAM   (  476): NVM_CmpFileVerNo 22  
01-01 08:00:17.176 D/NVRAM   (  476): Load File Version: 000, NvRam File Version: 000
01-01 08:00:17.176 D/NVRAM   (  476): NVM_ProtectDataFile : 22 ++
01-01 08:00:17.176 D/NVRAM   (  476): iCustomBeginLID = 51
01-01 08:00:17.176 D/NVRAM   (  476): NVM_CheckFileSize:stat_size:82,size in table:80
01-01 08:00:17.178 D/NVRAM   (  476): NVM_CheckFile: File is correct!
01-01 08:00:17.178 D/NVRAM   (  476): NVM_ProtectUserData:Check Success
01-01 08:00:17.178 D/NVRAM   (  476): NVM_GetFileDesc ProtectDataFile Check Success!!
01-01 08:00:17.180 D/NVRAM   (  476): NVM_CloseFileDesc: Open by Readonly, no need to check when close
01-01 08:00:17.181 D/NvramDrv(  476): NvramDrv [readNvramData]- 0 0 0 0 0 0 0 0 0 0
01-01 08:00:17.181 D/nvbuf_util.cpp(  476): nvbuf_util.cpp readRamVersion nvRamId=0 ver : isp=0,3a=0,sh=0,lens=0,pl=0,stb=0,tsf=0,geo=0,feature=0
01-01 08:00:17.181 D/nvbuf_util.cpp(  476): nvbuf_util.cpp readRamVersion ln=794 ver=0 err=0
01-01 08:00:17.181 D/nvbuf_util.cpp(  476): nvbuf_util.cpp ln=482 1
01-01 08:00:17.181 D/nvbuf_util.cpp(  476): nvbuf_util.cpp ln=508 12486
01-01 08:00:17.181 D/NvramDrv(  476): NvramDrv [readNvrameEx] sensor type = 1; NVRAM data type = 0
01-01 08:00:17.181 D/NvramDrv(  476): NvramDrv checkDataVersionNew
01-01 08:00:17.181 D/NvramDrv(  476): NvramDrv checkDataVersionNew v=0 vTar=1
01-01 08:00:17.181 D/NvramDrv(  476): NvramDrv [readDefaultData] sensor ID = 12486; NVRAM data type = 0
01-01 08:00:17.181 D/CAM_CUS_MSDK(  476): CAM_CUS_MSDK [GetCameraDefaultPara] Find sensor id 30c6
01-01 08:00:17.181 D/CAM_CUS_MSDK(  476): CAM_CUS_MSDK SID 30C6 data is found
01-01 08:00:17.182 D/CAM_CUS_MSDK(  476): CAM_CUS_MSDK [openDefaultSoLibrary] end of open s5k3l6_mipi_raw_tuning.so
01-01 08:00:17.183 D/CAM_CUS_MSDK(  476): CAM_CUS_MSDK [closeSoLibrary] 
01-01 08:00:17.184 D/nvbuf_util.cpp(  476): nvbuf_util.cpp getBufAndRead- ln=815
01-01 08:00:17.184 D/nvbuf_util.cpp(  476): nvbuf_util.cpp getBufAndReadNoLock+ ln=772 ramId=0 sensorDev=1
01-01 08:00:17.184 D/nvbuf_util.cpp(  476): nvbuf_util.cpp getBufAndReadNoLock+ ln=772 ramId=1 sensorDev=1
01-01 08:00:17.184 D/nvbuf_util.cpp(  476): nvbuf_util.cpp readRamVersion nvRamId=1 ver : isp=0,3a=0,sh=0,lens=0,pl=0,stb=0,tsf=0,geo=0,feature=0
01-01 08:00:17.184 D/nvbuf_util.cpp(  476): nvbuf_util.cpp readRamVersion ln=794 ver=0 err=0
01-01 08:00:17.184 D/nvbuf_util.cpp(  476): nvbuf_util.cpp ln=482 1
01-01 08:00:17.184 D/nvbuf_util.cpp(  476): nvbuf_util.cpp ln=508 12486
01-01 08:00:17.184 D/NvramDrv(  476): NvramDrv [readNvrameEx] sensor type = 1; NVRAM data type = 1
01-01 08:00:17.184 D/NvramDrv(  476): NvramDrv checkDataVersionNew
01-01 08:00:17.184 D/NvramDrv(  476): NvramDrv checkDataVersionNew v=0 vTar=1
01-01 08:00:17.184 D/NvramDrv(  476): NvramDrv [readDefaultData] sensor ID = 12486; NVRAM data type = 1
01-01 08:00:17.184 D/CAM_CUS_MSDK(  476): CAM_CUS_MSDK [GetCameraDefaultPara] Find sensor id 30c6
01-01 08:00:17.184 D/CAM_CUS_MSDK(  476): CAM_CUS_MSDK SID 30C6 data is found
01-01 08:00:17.185 D/CAM_CUS_MSDK(  476): CAM_CUS_MSDK [openDefaultSoLibrary] end of open s5k3l6_mipi_raw_tuning.so
01-01 08:00:17.185 D/CAM_CUS_MSDK(  476): CAM_CUS_MSDK [closeSoLibrary] 
01-01 08:00:17.185 D/nvbuf_util.cpp(  476): nvbuf_util.cpp getBufAndRead- ln=815
01-01 08:00:17.203 W/MtkCam/MetadataProvider.constructStatic(  476): [impConstructStaticMetadata_by_SymbolName] constructCustStaticMetadata_DEVICE_CAMERA_SENSOR_DRVNAME_GC5035_MIPI_RAW not found
01-01 08:00:17.204 W/MtkCam/MetadataProvider.constructStatic(  476): [impConstructStaticMetadata_by_SymbolName] constructCustStaticMetadata_PROJECT_SCALER_SENSOR_DRVNAME_GC5035_MIPI_RAW not found
01-01 08:00:17.205 W/MtkCam/MetadataProvider.constructStatic(  476): [impConstructStaticMetadata_by_SymbolName] constructCustStaticMetadata_PROJECT_SCALER_COMMON not found
01-01 08:00:17.206 W/MtkCam/MetadataProvider.constructStatic(  476): [impConstructStaticMetadata_by_SymbolName] constructCustStaticMetadata_PROJECT_FEATURE_SENSOR_DRVNAME_GC5035_MIPI_RAW not found
01-01 08:00:17.206 W/MtkCam/MetadataProvider.constructStatic(  476): [impConstructStaticMetadata_by_SymbolName] constructCustStaticMetadata_PROJECT_FEATURE_COMMON not found
01-01 08:00:17.207 W/MtkCam/MetadataProvider.constructStatic(  476): [impConstructStaticMetadata_by_SymbolName] constructCustStaticMetadata_PROJECT_CAMERA_SENSOR_DRVNAME_GC5035_MIPI_RAW not found
01-01 08:00:17.208 W/MtkCam/MetadataProvider.constructStatic(  476): [impConstructStaticMetadata_by_SymbolName] constructCustStaticMetadata_PROJECT_CAMERA_COMMON not found
01-01 08:00:17.208 W/MtkCam/MetadataProvider.constructStatic(  476): [impConstructStaticMetadata_by_SymbolName] constructCustStaticMetadata_PROJECT_REQUEST_SENSOR_DRVNAME_GC5035_MIPI_RAW not found
01-01 08:00:17.209 W/MtkCam/MetadataProvider.constructStatic(  476): [impConstructStaticMetadata_by_SymbolName] constructCustStaticMetadata_PROJECT_REQUEST_COMMON not found
01-01 08:00:17.209 D/nvbuf_util.cpp(  476): nvbuf_util.cpp getBufAndReadNoLock+ ln=772 ramId=0 sensorDev=2
01-01 08:00:17.209 D/nvbuf_util.cpp(  476): nvbuf_util.cpp readRamVersion nvRamId=0 ver : isp=0,3a=0,sh=0,lens=0,pl=0,stb=0,tsf=0,geo=0,feature=0
01-01 08:00:17.209 D/nvbuf_util.cpp(  476): nvbuf_util.cpp readRamVersion ln=794 ver=0 err=0
01-01 08:00:17.209 D/nvbuf_util.cpp(  476): nvbuf_util.cpp ln=487 2
01-01 08:00:17.210 D/nvbuf_util.cpp(  476): nvbuf_util.cpp ln=508 20533
01-01 08:00:17.210 D/NvramDrv(  476): NvramDrv [readNvrameEx] sensor type = 2; NVRAM data type = 0
01-01 08:00:17.210 D/NvramDrv(  476): NvramDrv checkDataVersionNew
01-01 08:00:17.210 D/NvramDrv(  476): NvramDrv checkDataVersionNew v=0 vTar=1
01-01 08:00:17.210 D/NvramDrv(  476): NvramDrv [readDefaultData] sensor ID = 20533; NVRAM data type = 0
01-01 08:00:17.210 D/CAM_CUS_MSDK(  476): CAM_CUS_MSDK [GetCameraDefaultPara] Find sensor id 5035
01-01 08:00:17.210 D/CAM_CUS_MSDK(  476): CAM_CUS_MSDK SID 5035 data is found
01-01 08:00:17.211 D/CAM_CUS_MSDK(  476): CAM_CUS_MSDK [openDefaultSoLibrary] end of open gc5035_mipi_raw_tuning.so
01-01 08:00:17.212 D/CAM_CUS_MSDK(  476): CAM_CUS_MSDK [closeSoLibrary] 
01-01 08:00:17.213 D/nvbuf_util.cpp(  476): nvbuf_util.cpp getBufAndRead- ln=815
01-01 08:00:17.213 D/nvbuf_util.cpp(  476): nvbuf_util.cpp getBufAndReadNoLock+ ln=772 ramId=0 sensorDev=2
01-01 08:00:17.213 D/nvbuf_util.cpp(  476): nvbuf_util.cpp getBufAndReadNoLock+ ln=772 ramId=1 sensorDev=2
01-01 08:00:17.213 D/nvbuf_util.cpp(  476): nvbuf_util.cpp readRamVersion nvRamId=1 ver : isp=0,3a=0,sh=0,lens=0,pl=0,stb=0,tsf=0,geo=0,feature=0
01-01 08:00:17.213 D/nvbuf_util.cpp(  476): nvbuf_util.cpp readRamVersion ln=794 ver=0 err=0
01-01 08:00:17.213 D/nvbuf_util.cpp(  476): nvbuf_util.cpp ln=487 2
01-01 08:00:17.213 D/nvbuf_util.cpp(  476): nvbuf_util.cpp ln=508 20533
01-01 08:00:17.213 D/NvramDrv(  476): NvramDrv [readNvrameEx] sensor type = 2; NVRAM data type = 1
01-01 08:00:17.213 D/NvramDrv(  476): NvramDrv checkDataVersionNew
01-01 08:00:17.213 D/NvramDrv(  476): NvramDrv checkDataVersionNew v=0 vTar=1
01-01 08:00:17.213 D/NvramDrv(  476): NvramDrv [readDefaultData] sensor ID = 20533; NVRAM data type = 1
01-01 08:00:17.213 D/CAM_CUS_MSDK(  476): CAM_CUS_MSDK [GetCameraDefaultPara] Find sensor id 5035
01-01 08:00:17.213 D/CAM_CUS_MSDK(  476): CAM_CUS_MSDK SID 5035 data is found
01-01 08:00:17.214 D/CAM_CUS_MSDK(  476): CAM_CUS_MSDK [openDefaultSoLibrary] end of open gc5035_mipi_raw_tuning.so
01-01 08:00:17.214 D/CAM_CUS_MSDK(  476): CAM_CUS_MSDK [closeSoLibrary] 
01-01 08:00:17.215 D/nvbuf_util.cpp(  476): nvbuf_util.cpp getBufAndRead- ln=815
01-01 08:00:17.231 I/camerahalserver(  476): Registration complete for android.hardware.camera.provider@2.4::ICameraProvider/internal/0.
01-01 08:00:17.233 W/hwservicemanager(  262): getTransport: Cannot find entry vendor.mediatek.hardware.camera.lomoeffect@1.0::ILomoEffect/internal/0 in either framework or device manifest.
01-01 08:00:17.234 E/camerahalserver(  476): Could not get passthrough implementation for vendor.mediatek.hardware.camera.lomoeffect@1.0::ILomoEffect/internal/0.
01-01 08:00:17.234 W/camerahalserver(  476): main: register ILomoEffect err:1(Unknown error -1)
01-01 08:00:17.245 I/camerahalserver(  476): Registration complete for vendor.mediatek.hardware.camera.ccap@1.0::ICCAPControl/internal/0.
01-01 08:00:17.256 D/rpmb    (  493): EmmcRpmbReadCounter: write_multiple_block, then read_multiple_block
01-01 08:00:17.259 I/camerahalserver(  476): Registration complete for vendor.mediatek.hardware.camera.security@1.0::ISecureCamera/internal/0.
01-01 08:00:17.263 W/hwservicemanager(  262): getTransport: Cannot find entry vendor.mediatek.hardware.camera.frhandler@1.0::IFRHandler/internal/0 in either framework or device manifest.
01-01 08:00:17.266 E/camerahalserver(  476): Could not get passthrough implementation for vendor.mediatek.hardware.camera.frhandler@1.0::IFRHandler/internal/0.
01-01 08:00:17.266 W/camerahalserver(  476): main: register IFRHandler err:1(Unknown error -1)
01-01 08:00:17.267 I/CameraProviderManager(  452): Connecting to new camera provider: internal/0, isRemote? 1
01-01 08:00:17.267 I/CameraProviderManager(  452): Enumerating new camera device: device@3.4/internal/0
01-01 08:00:17.268 I/CameraProviderManager(  452): Enumerating new camera device: device@3.4/internal/1
01-01 08:00:17.269 E/rpmb    (  493): [uree] UREE_RpmbFeedbackWriteCounter Error: -65530 (Input parameters were invalid.)
01-01 08:00:17.269 E/rpmb    (  493): rpmb feedback write counter error 0xffff0006
01-01 08:00:17.272 I/CameraProviderManager(  452): Camera provider internal/0 ready with 2 camera devices
01-01 08:00:17.274 I/CameraHardwareInterface(  452): Opening camera 1
01-01 08:00:17.274 E/CameraHardwareInterface(  452): initialize: openSession failed! No such file or directory (-2)
01-01 08:00:17.274 E/CameraFlashlight(  452): connectCameraDevice: initializing camera 1 failed
01-01 08:00:17.274 I/CameraHardwareInterface(  452): Destroying camera 1
01-01 08:00:17.274 E/CameraFlashlight(  452): findFlashUnits: failed to check if camera 1 has a flash unit. No such file or directory (-2)
01-01 08:00:17.275 I/CameraHardwareInterface(  452): Opening camera 0
01-01 08:00:17.275 E/CameraHardwareInterface(  452): initialize: openSession failed! No such file or directory (-2)
01-01 08:00:17.275 E/CameraFlashlight(  452): connectCameraDevice: initializing camera 0 failed
01-01 08:00:17.275 I/CameraHardwareInterface(  452): Destroying camera 0
01-01 08:00:17.275 E/CameraFlashlight(  452): findFlashUnits: failed to check if camera 0 has a flash unit. No such file or directory (-2)
01-01 08:00:17.275 I/CameraService(  452): onDeviceStatusChanged: Status changed for cameraId=1, newStatus=1
01-01 08:00:17.275 I/CameraService(  452): onDeviceStatusChanged: Unknown camera ID 1, a new camera is added
01-01 08:00:17.276 I/CameraService(  452): onDeviceStatusChanged: Status changed for cameraId=0, newStatus=1
01-01 08:00:17.276 I/CameraService(  452): onDeviceStatusChanged: Unknown camera ID 0, a new camera is added
01-01 08:00:17.278 I/ServiceManager(  468): Waiting for service package_native...
01-01 08:00:17.313 I/NetdagentController(  492): Initializing iptables: 3100.1ms
01-01 08:00:17.528 E/ActivityRecognitionHardware(  450): activity_recognition HAL is deprecated. class_init is effectively a no-op
01-01 08:00:17.680 I/zygote  (  450): Thread[1,tid=450,Native,Thread*=0xa853c000,peer=0x12d80088,"main"] recursive attempt to load library "/system/lib/libmedia_jni.so"
01-01 08:00:17.681 D/MtpDeviceJNI(  450): register_android_mtp_MtpDevice
01-01 08:00:17.681 I/zygote  (  450): Thread[1,tid=450,Native,Thread*=0xa853c000,peer=0x12d80088,"main"] recursive attempt to load library "/system/lib/libmedia_jni.so"
01-01 08:00:17.682 I/zygote  (  450): Thread[1,tid=450,Native,Thread*=0xa853c000,peer=0x12d80088,"main"] recursive attempt to load library "/system/lib/libmedia_jni.so"
01-01 08:00:17.745 D/MtkSettingsProviderExt(  450): Global moveToSecure
01-01 08:00:17.749 D/MtkSettingsProviderExt(  450): Secure moveToGlobal
01-01 08:00:17.752 D/MtkSettingsProviderExt(  450): System moveToSecure
01-01 08:00:17.753 D/MtkSettingsProviderExt(  450): System moveToGlobal
01-01 08:00:17.754 D/MtkSettingsProviderExt(  450): putInPublicSettings
01-01 08:00:17.782 I/wmt_launcher(  311): (persist.vendor.connsys.fwlog.status) is not supported
01-01 08:00:17.849 W/System  (  450): ClassLoader referenced unknown path: /system/vendor/framework/via-plugin.jar
01-01 08:00:17.960 I/BufferQueueProducer(  314): [BootAnimation#0](this:0xa6dd0000,id:1,api:1,p:417,c:314) queueBuffer: fps=23.24 dur=1032.62 max=57.80 min=38.27
01-01 08:00:17.966 I/SurfaceFlinger(  314): [Built-in Screen (type:0)] fps:23.207930,dur:1034.13,max:70.41,min:34.62
01-01 08:00:18.052 I/Zygote  (  450): ...preloaded 6535 classes in 1845ms.
01-01 08:00:18.052 I/zygote  (  450): VMRuntime.preloadDexCaches starting
01-01 08:00:18.160 I/zygote  (  450): VMRuntime.preloadDexCaches strings total=328498 before=15993 after=15993
01-01 08:00:18.160 I/zygote  (  450): VMRuntime.preloadDexCaches types total=34628 before=9088 after=9100
01-01 08:00:18.160 I/zygote  (  450): VMRuntime.preloadDexCaches fields total=153948 before=10145 after=10194
01-01 08:00:18.160 I/zygote  (  450): VMRuntime.preloadDexCaches methods total=273827 before=15355 after=15502
01-01 08:00:18.160 I/zygote  (  450): VMRuntime.preloadDexCaches finished
01-01 08:00:18.285 I/ServiceManager(  468): Waiting for service package_native...
01-01 08:00:18.350 E/DcxoNvramDrv(  447): DcxoNvramDrvMError:   287: vendor.service.nvram_init=Ready
01-01 08:00:18.350 E/DcxoNvramDrv(  447): DcxoNvramDrvMError:   220: load_nvram_to_dcxo_cap_id: Set cap id from nvram to clk_buf_capid
01-01 08:00:18.351 D/NVRAM   (  447): length of g_NVRAM_BACKUP_DEVICE=44
01-01 08:00:18.351 D/NVRAM   (  447): nvram_layout_callback will run!!!
01-01 08:00:18.351 D/NVRAM   (  447): nvram_platform_log_block: 2
01-01 08:00:18.351 D/NVRAM   (  447): nvram_platform_resv_block: 2
01-01 08:00:18.351 D/NVRAM   (  447): nvram_platform_DM_block: 1
01-01 08:00:18.351 D/NVRAM   (  447): nvram_platform_layout_version: 0
01-01 08:00:18.351 D/NVRAM   (  447): nvram_platform_header_offset: 0
01-01 08:00:18.351 D/NVRAM   (  447): g_i4CFG_File_Count: 51
01-01 08:00:18.351 D/NVRAM   (  447): NVM_Init Max Lid: 80
01-01 08:00:18.352 D/NVRAM   (  447): [NVRAM]: info nvram_gpt_flag =1
01-01 08:00:18.352 D/NVRAM   (  447): [NVRAM]: info NVRAM Init Completed!
01-01 08:00:18.352 D/NVRAM   (  447): NVM_GetFileDesc: Open /mnt/vendor/nvdata/APCFG/APRDEB/WIFI,LID:55
01-01 08:00:18.352 D/NVRAM   (  447): NVM_CmpFileVerNo 55  
01-01 08:00:18.352 D/NVRAM   (  447): Load File Version: 000, NvRam File Version: 000
01-01 08:00:18.352 D/NVRAM   (  447): NVM_ProtectDataFile : 55 ++
01-01 08:00:18.352 D/NVRAM   (  447): iCustomBeginLID = 51
01-01 08:00:18.352 D/NVRAM   (  447): NVM_CheckFileSize:stat_size:2050,size in table:2048
01-01 08:00:18.355 D/NVRAM   (  447): NVM_CheckFile: File is correct!
01-01 08:00:18.355 D/NVRAM   (  447): NVM_ProtectUserData:Check Success
01-01 08:00:18.355 D/NVRAM   (  447): NVM_GetFileDesc ProtectDataFile Check Success!!
01-01 08:00:18.355 D/DcxoNvramDrv(  447): DcxoNvramDrv DcxoCap rec_num 1, rec_size 2048
01-01 08:00:18.355 D/DcxoNvramDrv(  447): DcxoNvramDrv Read nvram success (203)
01-01 08:00:18.359 D/NVRAM   (  447): NVM_CloseFileDesc: Open by Readonly, no need to check when close
01-01 08:00:18.359 E/DcxoNvramDrv(  447): DcxoNvramDrvMError:   275: DCXO SET CAP EXIT
01-01 08:00:18.479 I/Zygote  (  450): Preloading resources...
01-01 08:00:18.518 W/Resources(  450): Preloaded drawable resource #0x1080265 (android:drawable/dialog_background_material) that varies with configuration!!
01-01 08:00:18.579 I/Zygote  (  450): ...preloaded 64 resources in 100ms.
01-01 08:00:18.591 I/Zygote  (  450): ...preloaded 41 resources in 12ms.
01-01 08:00:18.653 W/main    (  450): type=1400 audit(0.0:838): avc: denied { open } for path="/vendor/lib/libpq_cust.so" dev="dm-1" ino=904 scontext=u:r:zygote:s0 tcontext=u:object_r:vendor_file:s0 tclass=file permissive=0
01-01 08:00:18.657 D/PQ      (  450): [PQ_PROT] [PQCust] libpq_cust_base.so absent, libpq_cust.so absent
01-01 08:00:18.666 D/libEGL  (  450): loaded /vendor/lib/egl/libGLES_mali.so
01-01 08:00:18.806 I/Zygote  (  450): Preloading shared libraries...
01-01 08:00:18.808 W/MTK_FG  (  477): fd < 0, init first!
01-01 08:00:18.808 E/MTK_FG  (  477): open fd failed
01-01 08:00:18.808 E/MTK_FG  (  477): init failed, return!
01-01 08:00:18.809 D/NVRAM   (  477): length of g_NVRAM_BACKUP_DEVICE=44
01-01 08:00:18.809 D/NVRAM   (  477): nvram_layout_callback will run!!!
01-01 08:00:18.809 D/NVRAM   (  477): nvram_platform_log_block: 2
01-01 08:00:18.809 D/NVRAM   (  477): nvram_platform_resv_block: 2
01-01 08:00:18.809 D/NVRAM   (  477): nvram_platform_DM_block: 1
01-01 08:00:18.809 D/NVRAM   (  477): nvram_platform_layout_version: 0
01-01 08:00:18.809 D/NVRAM   (  477): nvram_platform_header_offset: 0
01-01 08:00:18.809 D/NVRAM   (  477): g_i4CFG_File_Count: 51
01-01 08:00:18.809 D/NVRAM   (  477): NVM_Init Max Lid: 80
01-01 08:00:18.809 D/NVRAM   (  477): [NVRAM]: info nvram_gpt_flag =1
01-01 08:00:18.809 D/NVRAM   (  477): [NVRAM]: info NVRAM Init Completed!
01-01 08:00:18.809 D/NVRAM   (  477): NVM_GetFileDesc: Open /mnt/vendor/nvdata/APCFG/APRDCL/FG,LID:77
01-01 08:00:18.809 D/NVRAM   (  477): NVM_CmpFileVerNo 77  
01-01 08:00:18.809 D/NVRAM   (  477): Load File Version: 000, NvRam File Version: 000
01-01 08:00:18.809 D/NVRAM   (  477): NVM_ProtectDataFile : 77 ++
01-01 08:00:18.809 D/NVRAM   (  477): iCustomBeginLID = 51
01-01 08:00:18.809 D/NVRAM   (  477): NVM_CheckFileSize:stat_size:26,size in table:24
01-01 08:00:18.810 D/NVRAM   (  477): NVM_CheckFile: File is correct!
01-01 08:00:18.810 D/NVRAM   (  477): NVM_ProtectUserData:Check Success
01-01 08:00:18.810 D/NVRAM   (  477): NVM_GetFileDesc ProtectDataFile Check Success!!
01-01 08:00:18.810 W/MTK_FG  (  477): fd < 0, init first!
01-01 08:00:18.810 E/MTK_FG  (  477): open fd failed
01-01 08:00:18.810 E/MTK_FG  (  477): init failed, return!
01-01 08:00:18.810 W/MTK_FG  (  477): fd < 0, init first!
01-01 08:00:18.810 E/MTK_FG  (  477): open fd failed
01-01 08:00:18.810 E/MTK_FG  (  477): init failed, return!
01-01 08:00:18.810 D/NVRAM   (  477): NVM_CloseFileDesc: Open by Readonly, no need to check when close
01-01 08:00:18.810 W/MTK_FG  (  477): fd < 0, init first!
01-01 08:00:18.810 E/MTK_FG  (  477): open fd failed
01-01 08:00:18.810 E/MTK_FG  (  477): init failed, return!
01-01 08:00:18.810 W/MTK_FG  (  477): fd < 0, init first!
01-01 08:00:18.810 E/MTK_FG  (  477): open fd failed
01-01 08:00:18.810 E/MTK_FG  (  477): init failed, return!
01-01 08:00:18.810 W/MTK_FG  (  477): fd < 0, init first!
01-01 08:00:18.811 E/MTK_FG  (  477): open fd failed
01-01 08:00:18.811 E/MTK_FG  (  477): init failed, return!
01-01 08:00:18.811 W/MTK_FG  (  477): fd < 0, init first!
01-01 08:00:18.811 E/MTK_FG  (  477): open fd failed
01-01 08:00:18.811 E/MTK_FG  (  477): init failed, return!
01-01 08:00:18.811 W/MTK_FG  (  477): fd < 0, init first!
01-01 08:00:18.811 E/MTK_FG  (  477): open fd failed
01-01 08:00:18.811 E/MTK_FG  (  477): init failed, return!
01-01 08:00:18.811 W/MTK_FG  (  477): fd < 0, init first!
01-01 08:00:18.811 E/MTK_FG  (  477): open fd failed
01-01 08:00:18.811 E/MTK_FG  (  477): init failed, return!
01-01 08:00:18.812 W/MTK_FG  (  477): fd < 0, init first!
01-01 08:00:18.812 E/MTK_FG  (  477): open fd failed
01-01 08:00:18.812 E/MTK_FG  (  477): init failed, return!
01-01 08:00:18.822 I/Zygote  (  450): Uninstalled ICU cache reference pinning...
01-01 08:00:18.823 I/Zygote  (  450): Installed AndroidKeyStoreProvider in 2ms.
01-01 08:00:18.841 I/Zygote  (  450): Warmed up JCA providers in 17ms.
01-01 08:00:18.841 D/Zygote  (  450): end preload
01-01 08:00:18.885 I/zygote  (  450): Explicit concurrent copying GC freed 39204(2MB) AllocSpace objects, 48(1052KB) LOS objects, 83% free, 2MB/14MB, paused 98us total 44.215ms
01-01 08:00:18.921 I/zygote  (  450): Explicit concurrent copying GC freed 1708(98KB) AllocSpace objects, 0(0B) LOS objects, 84% free, 2MB/14MB, paused 71us total 33.805ms
01-01 08:00:18.967 I/BufferQueueProducer(  314): [BootAnimation#0](this:0xa6dd0000,id:1,api:1,p:417,c:314) queueBuffer: fps=25.81 dur=1007.38 max=40.76 min=37.72
01-01 08:00:18.983 I/SurfaceFlinger(  314): [Built-in Screen (type:0)] fps:25.572258,dur:1016.73,max:53.16,min:34.56
01-01 08:00:19.036 W/main    (  450): type=1400 audit(0.0:839): avc: denied { dac_read_search } for capability=2 scontext=u:r:zygote:s0 tcontext=u:r:zygote:s0 tclass=capability permissive=0
01-01 08:00:19.036 W/main    (  450): type=1400 audit(0.0:840): avc: denied { dac_read_search } for capability=2 scontext=u:r:zygote:s0 tcontext=u:r:zygote:s0 tclass=capability permissive=0
01-01 08:00:19.038 I/Zygote  (  450): System server process 629 has been created
01-01 08:00:19.042 I/Zygote  (  450): Accepting command socket connections
01-01 08:00:19.060 E/system_server(  629): Not starting debugger since process cannot load the jdwp agent.
01-01 08:00:19.190 I/system_server(  629): The ClassLoaderContext is a special shared library.
01-01 08:00:19.218 I/chatty  (  629): uid=1000 system_server identical 2 lines
01-01 08:00:19.224 I/system_server(  629): The ClassLoaderContext is a special shared library.
01-01 08:00:19.291 I/ServiceManager(  468): Waiting for service package_native...
01-01 08:00:19.321 I/system_server(  629): The ClassLoaderContext is a special shared library.
01-01 08:00:19.344 I/SystemServer(  629): InitBeforeStartServices
01-01 08:00:19.344 I/SystemServer(  629): Entered the Android system server!
01-01 08:00:19.652 E/UsbAlsaJackDetectorJNI(  629): Can't register UsbAlsaJackDetector native methods
01-01 08:00:19.692 I/SystemServer(  629): StartServices
01-01 08:00:19.692 I/SystemServer(  629): Reading configuration...
01-01 08:00:19.692 I/SystemServer(  629): ReadingSystemConfig
01-01 08:00:19.693 I/SystemServer(  629): StartInstaller
01-01 08:00:19.693 I/SystemServiceManager(  629): Starting com.android.server.pm.Installer
01-01 08:00:19.696 D/installd(  459): Found quota mount /dev/block/dm-2 at /data
01-01 08:00:19.697 I/SystemServer(  629): DeviceIdentifiersPolicyService
01-01 08:00:19.697 I/SystemServiceManager(  629): Starting com.android.server.os.DeviceIdentifiersPolicyService
01-01 08:00:19.699 I/SystemServer(  629): StartActivityManager
01-01 08:00:19.699 I/SystemServiceManager(  629): Starting com.android.server.am.ActivityManagerService$Lifecycle
01-01 08:00:19.706 I/SystemConfig(  629): Non-xml file /system/etc/permissions/pms_sysapp_removable_system_list.txt in /system/etc/permissions directory, ignoring
01-01 08:00:19.750 W/SystemConfig(  629): Got exception parsing permissions.
01-01 08:00:19.750 W/SystemConfig(  629): org.xmlpull.v1.XmlPullParserException: Unexpected start tag in /vendor/etc/permissions/media_codecs.xml: found MediaCodecs, expected 'permissions' or 'config'
01-01 08:00:19.750 W/SystemConfig(  629): 	at com.android.server.SystemConfig.readPermissionsFromXml(SystemConfig.java:398)
01-01 08:00:19.750 W/SystemConfig(  629): 	at com.android.server.SystemConfig.readPermissions(SystemConfig.java:362)
01-01 08:00:19.750 W/SystemConfig(  629): 	at com.android.server.SystemConfig.<init>(SystemConfig.java:304)
01-01 08:00:19.750 W/SystemConfig(  629): 	at com.android.server.SystemConfig.getInstance(SystemConfig.java:177)
01-01 08:00:19.750 W/SystemConfig(  629): 	at com.android.server.-$$Lambda$YWiwiKm_Qgqb55C6tTuq_n2JzdY.run(Unknown Source:0)
01-01 08:00:19.750 W/SystemConfig(  629): 	at java.util.concurrent.Executors$RunnableAdapter.call(Executors.java:458)
01-01 08:00:19.750 W/SystemConfig(  629): 	at java.util.concurrent.FutureTask.run(FutureTask.java:266)
01-01 08:00:19.750 W/SystemConfig(  629): 	at java.util.concurrent.ThreadPoolExecutor.runWorker(ThreadPoolExecutor.java:1167)
01-01 08:00:19.750 W/SystemConfig(  629): 	at java.util.concurrent.ThreadPoolExecutor$Worker.run(ThreadPoolExecutor.java:641)
01-01 08:00:19.750 W/SystemConfig(  629): 	at com.android.internal.util.ConcurrentUtils$1$1.run(ConcurrentUtils.java:62)
01-01 08:00:19.772 I/PowerWrap(  629): Loaded power HAL service
01-01 08:00:19.773 I/PowerWrap(  629): Link to death notification successful
01-01 08:00:19.773 I/PowerWrap(  629): PowerHal_Wrap_querySysInfo
01-01 08:00:19.774 E/PowerHalWrapper(  629): pextpeak_period: 6000
01-01 08:00:19.774 I/PowerWrap(  629): PowerHal_Wrap_querySysInfo
01-01 08:00:19.774 I/chatty  (  629): uid=1000 system_server identical 1 line
01-01 08:00:19.775 I/PowerWrap(  629): PowerHal_Wrap_querySysInfo
01-01 08:00:19.776 I/SystemConfig(  629): Non-xml file /vendor/etc/permissions/pms_sysapp_removable_vendor_list.txt in /vendor/etc/permissions directory, ignoring
01-01 08:00:19.781 I/system_server(  629): The ClassLoaderContext is a special shared library.
01-01 08:00:19.973 W/system_server(  629): type=1400 audit(0.0:841): avc: denied { read } for name="buffer_total_size_kb" dev="tracefs" ino=50 scontext=u:r:system_server:s0 tcontext=u:object_r:debugfs_tracing_debug:s0 tclass=file permissive=0
01-01 08:00:19.973 I/BufferQueueProducer(  314): [BootAnimation#0](this:0xa6dd0000,id:1,api:1,p:417,c:314) queueBuffer: fps=27.85 dur=1005.53 max=40.34 min=8.50
01-01 08:00:19.976 W/android.os.Debug(  629): Unable to open /sys/kernel/debug/shrinker: No such file or directory
01-01 08:00:19.976 W/android.os.Debug(  629): Unable to open /sys/kernel/debug/tracing/buffer_total_size_kb: Permission denied
01-01 08:00:19.976 I/android.os.Debug(  629): android_os_Debug_getIONDISP match 4:      ion_mm_heap 199  3457024   1 dd881600 df0fce40.
01-01 08:00:19.976 I/android.os.Debug(  629):  : 199 3457024 1 3457024
01-01 08:00:19.976 I/android.os.Debug(  629): android_os_Debug_getIONDISP match 4:      ion_mm_heap   1  4608000   4 dbf29680 dab40540.
01-01 08:00:19.976 I/android.os.Debug(  629):  : 1 4608000 4 8065024
01-01 08:00:19.979 I/ActivityManager(  629): Memory class: 128
01-01 08:00:19.989 D/BatteryStatsImpl(  629): Reading daily items from /data/system/batterystats-daily.xml
01-01 08:00:19.995 E/BluetoothAdapter(  629): Bluetooth binder is null
01-01 08:00:19.996 E/BatteryExternalStatsWorker(  629): no controller energy info supplied for telephony
01-01 08:00:19.996 E/KernelUidCpuFreqTimeReader(  629): Failed to read /proc/uid_time_in_state: java.io.FileNotFoundException: /proc/uid_time_in_state (No such file or directory)
01-01 08:00:20.003 W/KernelCpuProcReader(  629): File not exist: /proc/uid_cpupower/concurrent_active_time
01-01 08:00:20.003 W/KernelCpuProcReader(  629): File not exist: /proc/uid_cpupower/concurrent_policy_time
01-01 08:00:20.004 E/KernelCpuSpeedReader(  629): Failed to read cpu-freq: /sys/devices/system/cpu/cpu0/cpufreq/stats/time_in_state (No such file or directory)
01-01 08:00:20.006 W/KernelMemoryBandwidthStats(  629): No kernel memory bandwidth stats available
01-01 08:00:20.008 I/PowerManagerService-JNI(  629): Loaded power HAL 1.0 service
01-01 08:00:20.008 I/PowerManagerService-JNI(  629): Loaded power HAL 1.1 service
01-01 08:00:20.009 E/KernelUidCpuFreqTimeReader(  629): Failed to read /proc/uid_time_in_state: java.io.FileNotFoundException: /proc/uid_time_in_state (No such file or directory)
01-01 08:00:20.016 I/SurfaceFlinger(  314): [Built-in Screen (type:0)] fps:28.075153,dur:1032.94,max:53.27,min:17.08
01-01 08:00:20.120 W/AppOps  (  629): Unknown attribute in 'op' tag: n
01-01 08:00:20.126 I/chatty  (  629): uid=1000 system_server identical 80 lines
01-01 08:00:20.126 W/AppOps  (  629): Unknown attribute in 'op' tag: n
01-01 08:00:20.130 I/IntentFirewall(  629): Read new rules (A:0 B:0 S:0)
01-01 08:00:20.136 I/AES     (  629): load Exception Log jni
01-01 08:00:20.143 D/AppOps  (  629): AppOpsService published
01-01 08:00:20.143 I/AnrManager(  629): startAnrManagerService
01-01 08:00:20.200 I/AnrManager(  629): prepareStackTraceFile: /data/anr/mtk_traces.txt
01-01 08:00:20.202 I/AnrManager(  629): prepareStackTraceFile: 
01-01 08:00:20.296 I/ServiceManager(  468): Waiting for service package_native...
01-01 08:00:20.397 W/ServiceManager(  468): Service package_native didn't start. Returning NULL
01-01 08:00:20.397 E/storaged(  468): getService package_native failed
01-01 08:00:20.399 W/system_server(  629): type=1400 audit(0.0:842): avc: denied { read } for name="buffer_total_size_kb" dev="tracefs" ino=50 scontext=u:r:system_server:s0 tcontext=u:object_r:debugfs_tracing_debug:s0 tclass=file permissive=0
01-01 08:00:20.400 I/storaged(  468): storaged: Start
01-01 08:00:20.400 E/storaged(  468): getDiskStats failed with result NOT_SUPPORTED and size 0
01-01 08:00:20.402 W/android.os.Debug(  629): Unable to open /sys/kernel/debug/shrinker: No such file or directory
01-01 08:00:20.402 W/android.os.Debug(  629): Unable to open /sys/kernel/debug/tracing/buffer_total_size_kb: Permission denied
01-01 08:00:20.402 I/android.os.Debug(  629): android_os_Debug_getIONDISP match 4:      ion_mm_heap 199  3457024   1 dd881600 df0fce40.
01-01 08:00:20.402 I/android.os.Debug(  629):  : 199 3457024 1 3457024
01-01 08:00:20.402 I/android.os.Debug(  629): android_os_Debug_getIONDISP match 4:      ion_mm_heap   1  4608000   4 dbe10f00 da7cd780.
01-01 08:00:20.402 I/android.os.Debug(  629):  : 1 4608000 4 8065024
01-01 08:00:20.412 W/SystemServiceManager(  629): Service com.android.server.am.ActivityManagerService$Lifecycle took 271 ms in onStart
01-01 08:00:20.412 I/SystemServer(  629): StartPowerManager
01-01 08:00:20.412 I/SystemServiceManager(  629): Starting com.android.server.power.PowerManagerService
01-01 08:00:20.412 D/AmsExtImpl(  629): Crate local socket: duraspeed_memory
01-01 08:00:20.412 D/AmsExtImpl(  629): Waiting Client connected...
01-01 08:00:20.415 I/vendor.mediatek.hardware.power@2.0-impl(  304): setInteractive Restore All
01-01 08:00:20.418 I/SystemServer(  629): InitPowerManagement
01-01 08:00:20.419 I/SystemServer(  629): StartRecoverySystemService
01-01 08:00:20.419 I/SystemServiceManager(  629): Starting com.android.server.RecoverySystemService
01-01 08:00:20.423 W/RescueParty(  629): Noticed 1 events for UID 0 in last 12 sec
01-01 08:00:20.423 I/SystemServer(  629): StartLightsService
