12-23 17:23:31.385 W/Searchables(  634): No global search activity found
12-23 17:23:31.387 I/InputReader(  634): Reconfiguring input devices.  changes=0x00000010
12-23 17:23:31.388 W/VoiceInteractionManagerService(  634): no available voice interaction services found for user 0
12-23 17:23:31.390 I/BufferQueueProducer(  313): [Toast#3](this:0xab71a000,id:52,api:1,p:5146,c:313) disconnect(P): api 1
12-23 17:23:31.390 I/BufferQueueConsumer(  313): [Toast#3](this:0xab71a000,id:52,api:1,p:-1,c:313) getReleasedBuffers: returning mask 0xffffffffffffffff
12-23 17:23:31.402 W/WindowManager(  634): removeWindowToken: Attempted to remove non-existing token: android.os.Binder@31d19bc
12-23 17:23:31.402 I/NotificationService(  634): cancelToast pkg=com.android.settings callback=android.app.ITransientNotification$Stub$Proxy@5b838d8
12-23 17:23:31.402 W/WindowManager(  634): removeWindowToken: Attempted to remove non-existing token: android.os.Binder@31d19bc
12-23 17:23:31.414 I/BufferQueue(  313): [unnamed-313-53](this:0xad9db000,id:53,api:0,p:-1,c:-1) BufferQueue core=(313:/system/bin/surfaceflinger)
12-23 17:23:31.414 I/BufferQueueConsumer(  313): [unnamed-313-53](this:0xad9db000,id:53,api:0,p:-1,c:313) connect(C): consumer=(313:/system/bin/surfaceflinger) controlledByApp=false
12-23 17:23:31.414 I/BufferQueueConsumer(  313): [unnamed-313-53](this:0xad9db000,id:53,api:0,p:-1,c:313) setConsumerName: unnamed-313-53
12-23 17:23:31.414 I/BufferQueueConsumer(  313): [Toast#0](this:0xad9db000,id:53,api:0,p:-1,c:313) setConsumerName: Toast#0
12-23 17:23:31.414 I/BufferQueueConsumer(  313): [Toast#0](this:0xad9db000,id:53,api:0,p:-1,c:313) setDefaultBufferSize: width=404 height=98
12-23 17:23:31.414 W/TileUtils( 5146): Found com.android.settings.Settings$NotificationAppListActivity for intent Intent { act=com.android.settings.action.SETTINGS pkg=com.android.settings } missing metadata com.android.settings.category
12-23 17:23:31.417 I/BufferQueueProducer(  313): [Toast#0](this:0xad9db000,id:53,api:1,p:5146,c:313) connect(P): api=1 producer=(5146:com.android.settings) producerControlledByApp=true
12-23 17:23:31.424 W/TileUtils( 5146): Found com.android.settings.Settings$NotificationAppListActivity for intent Intent { act=com.android.settings.action.SETTINGS pkg=com.android.settings } missing metadata com.android.settings.category
12-23 17:23:31.483 I/BufferQueueProducer(  313): [com.android.settings/com.android.settings.SubSettings#0](this:0xad9a6000,id:48,api:1,p:5146,c:313) queueBuffer: fps=56.14 dur=1015.28 max=32.90 min=5.03
12-23 17:23:31.486 I/PowerWrap(  634): PowerHal_TouchBoost
12-23 17:23:31.487 I/libPowerHal(  303): 20: cpu_ctrl set freq: 2001000 -1
12-23 17:23:31.520 W/SurfaceFlinger(  313): Attempting to destroy on removed layer: e9b358c Toast#0
12-23 17:23:31.529 I/BufferQueueConsumer(  313): [Toast#1](this:0xab703000,id:50,api:1,p:-1,c:-1) disconnect(C)
12-23 17:23:31.531 I/BufferQueue(  313): [Toast#1](this:0xab703000,id:50,api:1,p:-1,c:-1) ~BufferQueueCore
12-23 17:23:31.557 I/PowerWrap(  634): PowerHal_TouchBoost
12-23 17:23:31.557 I/libPowerHal(  303): 20: cpu_ctrl set freq: -1 -1
12-23 17:23:31.566 E/AudioTrack(  634): start(): 0xa7def680, mState = 1
12-23 17:23:31.676 W/SurfaceFlinger(  313): Attempting to destroy on removed layer: a504490 Toast#0
12-23 17:23:31.687 I/BufferQueueConsumer(  313): [Toast#2](this:0xab72f000,id:51,api:1,p:-1,c:-1) disconnect(C)
12-23 17:23:31.689 I/BufferQueue(  313): [Toast#2](this:0xab72f000,id:51,api:1,p:-1,c:-1) ~BufferQueueCore
12-23 17:23:31.784 I/PowerWrap(  634): PowerHal_TouchBoost
12-23 17:23:31.786 I/libPowerHal(  303): 20: cpu_ctrl set freq: 2001000 -1
12-23 17:23:31.855 I/PowerWrap(  634): PowerHal_TouchBoost
12-23 17:23:31.856 I/libPowerHal(  303): 20: cpu_ctrl set freq: -1 -1
12-23 17:23:31.864 E/AudioTrack(  634): start(): 0xa7def680, mState = 1
12-23 17:23:31.950 I/BufferQueueConsumer(  313): [Toast#3](this:0xab71a000,id:52,api:1,p:-1,c:-1) disconnect(C)
12-23 17:23:31.952 I/BufferQueue(  313): [Toast#3](this:0xab71a000,id:52,api:1,p:-1,c:-1) ~BufferQueueCore
12-23 17:23:32.162 I/SurfaceFlinger(  313): [Built-in Screen (type:0)] fps:57.150806,dur:1014.86,max:22.05,min:15.62
12-23 17:23:33.272 E/WifiVendorHal(  634): getWifiLinkLayerStats(l.937) failed {.code = ERROR_NOT_SUPPORTED, .description = }
12-23 17:23:34.106 W/WindowManager(  634): Unable to start animation, surface is null or no children.
12-23 17:23:34.310 E/MtkDataShapingUtils(  634): Exception openLteGateByDataShaping  in java.lang.NullPointerException: null receiver
12-23 17:23:34.310 W/System.err(  634): java.lang.NullPointerException: null receiver
12-23 17:23:34.310 W/System.err(  634): 	at java.lang.reflect.Method.invoke(Native Method)
12-23 17:23:34.310 W/System.err(  634): 	at com.mediatek.server.MtkDataShaping.openLteGateByDataShaping(MtkDataShaping.java:36)
12-23 17:23:34.310 W/System.err(  634): 	at com.android.server.AlarmManagerService.deliverAlarmsLocked(AlarmManagerService.java:3603)
12-23 17:23:34.310 W/System.err(  634): 	at com.android.server.AlarmManagerService$AlarmThread.run(AlarmManagerService.java:3781)
12-23 17:23:34.311 E/ActivityManager(  634): Sending non-protected broadcast ALARM_ACTION(1093) from system uid 1000 pkg com.tal.genie.push
12-23 17:23:34.311 E/ActivityManager(  634): java.lang.Throwable
12-23 17:23:34.311 E/ActivityManager(  634): 	at com.android.server.am.ActivityManagerService.checkBroadcastFromSystem(ActivityManagerService.java:21477)
12-23 17:23:34.311 E/ActivityManager(  634): 	at com.android.server.am.ActivityManagerService.broadcastIntentLocked(ActivityManagerService.java:22077)
12-23 17:23:34.311 E/ActivityManager(  634): 	at com.android.server.am.ActivityManagerService.broadcastIntentInPackage(ActivityManagerService.java:22256)
12-23 17:23:34.311 E/ActivityManager(  634): 	at com.android.server.am.PendingIntentRecord.sendInner(PendingIntentRecord.java:372)
12-23 17:23:34.311 E/ActivityManager(  634): 	at com.android.server.am.PendingIntentRecord.sendWithResult(PendingIntentRecord.java:245)
12-23 17:23:34.311 E/ActivityManager(  634): 	at com.android.server.am.ActivityManagerService.sendIntentSender(ActivityManagerService.java:8613)
12-23 17:23:34.311 E/ActivityManager(  634): 	at android.app.PendingIntent.sendAndReturnResult(PendingIntent.java:892)
12-23 17:23:34.311 E/ActivityManager(  634): 	at android.app.PendingIntent.send(PendingIntent.java:874)
12-23 17:23:34.311 E/ActivityManager(  634): 	at com.android.server.AlarmManagerService$DeliveryTracker.deliverLocked(AlarmManagerService.java:4387)
12-23 17:23:34.311 E/ActivityManager(  634): 	at com.android.server.AlarmManagerService.deliverAlarmsLocked(AlarmManagerService.java:3632)
12-23 17:23:34.311 E/ActivityManager(  634): 	at com.android.server.AlarmManagerService$AlarmThread.run(AlarmManagerService.java:3781)
12-23 17:23:34.319 W/AES     (  634): Exception Log handling...
12-23 17:23:34.322 W/AES     (  634): skip for Exp level 0
12-23 17:23:34.526 I/chatty  (  634): uid=1000(system) android.display identical 2 lines
12-23 17:23:34.653 W/WindowManager(  634): Unable to start animation, surface is null or no children.
12-23 17:23:34.905 I/BufferQueueProducer(  313): [Toast#0](this:0xad9db000,id:53,api:1,p:5146,c:313) disconnect(P): api 1
12-23 17:23:34.906 I/BufferQueueConsumer(  313): [Toast#0](this:0xad9db000,id:53,api:1,p:-1,c:313) getReleasedBuffers: returning mask 0xffffffffffffffff
12-23 17:23:34.916 I/SurfaceFlinger(  313): [Built-in Screen (type:0)] fps:2.904374,dur:2754.47,max:2632.11,min:17.06
12-23 17:23:34.917 W/NotificationService(  634): Toast already killed. pkg=com.android.settings callback=android.app.ITransientNotification$Stub$Proxy@5c5339e
12-23 17:23:35.447 W/SurfaceFlinger(  313): Attempting to destroy on removed layer: 74d5716 Toast#0
12-23 17:23:35.454 I/BufferQueueConsumer(  313): [Toast#0](this:0xad9db000,id:53,api:1,p:-1,c:-1) disconnect(C)
12-23 17:23:35.454 I/BufferQueue(  313): [Toast#0](this:0xad9db000,id:53,api:1,p:-1,c:-1) ~BufferQueueCore
12-23 17:23:36.289 E/WifiVendorHal(  634): getWifiLinkLayerStats(l.937) failed {.code = ERROR_NOT_SUPPORTED, .description = }
12-23 17:23:36.481 I/PowerWrap(  634): PowerHal_TouchBoost
12-23 17:23:36.482 I/libPowerHal(  303): 20: cpu_ctrl set freq: 2001000 -1
12-23 17:23:36.482 W/ContextImpl( 5146): Calling a method in the system process without a qualified user: android.app.ContextImpl.sendBroadcast:1006 android.content.ContextWrapper.sendBroadcast:444 android.content.ContextWrapper.sendBroadcast:444 android.view.View.dispatchTouchEvent:12526 android.view.ViewGroup.dispatchTransformedTouchEvent:3083 
12-23 17:23:36.484 E/ActivityManager(  634): Sending non-protected broadcast com.genie.clickscreen from system 5146:com.android.settings/1000 pkg com.android.settings
12-23 17:23:36.484 E/ActivityManager(  634): java.lang.Throwable
12-23 17:23:36.484 E/ActivityManager(  634): 	at com.android.server.am.ActivityManagerService.checkBroadcastFromSystem(ActivityManagerService.java:21473)
12-23 17:23:36.484 E/ActivityManager(  634): 	at com.android.server.am.ActivityManagerService.broadcastIntentLocked(ActivityManagerService.java:21984)
12-23 17:23:36.484 E/ActivityManager(  634): 	at com.android.server.am.ActivityManagerService.broadcastIntent(ActivityManagerService.java:22227)
12-23 17:23:36.484 E/ActivityManager(  634): 	at android.app.IActivityManager$Stub.onTransact$broadcastIntent$(IActivityManager.java:10181)
12-23 17:23:36.484 E/ActivityManager(  634): 	at android.app.IActivityManager$Stub.onTransact(IActivityManager.java:167)
12-23 17:23:36.484 E/ActivityManager(  634): 	at com.android.server.am.ActivityManagerService.onTransact(ActivityManagerService.java:3350)
12-23 17:23:36.484 E/ActivityManager(  634): 	at android.os.Binder.execTransact(Binder.java:731)
12-23 17:23:36.490 W/AES     (  634): Exception Log handling...
12-23 17:23:36.492 W/AES     (  634): skip for Exp level 0
12-23 17:23:36.492 E/ActivityManager(  634): Sending non-protected broadcast com.genie.clickscreen from system 5146:com.android.settings/1000 pkg com.android.settings
12-23 17:23:36.492 E/ActivityManager(  634): java.lang.Throwable
12-23 17:23:36.492 E/ActivityManager(  634): 	at com.android.server.am.ActivityManagerService.checkBroadcastFromSystem(ActivityManagerService.java:21473)
12-23 17:23:36.492 E/ActivityManager(  634): 	at com.android.server.am.ActivityManagerService.broadcastIntentLocked(ActivityManagerService.java:22077)
12-23 17:23:36.492 E/ActivityManager(  634): 	at com.android.server.am.ActivityManagerService.broadcastIntent(ActivityManagerService.java:22227)
12-23 17:23:36.492 E/ActivityManager(  634): 	at android.app.IActivityManager$Stub.onTransact$broadcastIntent$(IActivityManager.java:10181)
12-23 17:23:36.492 E/ActivityManager(  634): 	at android.app.IActivityManager$Stub.onTransact(IActivityManager.java:167)
12-23 17:23:36.492 E/ActivityManager(  634): 	at com.android.server.am.ActivityManagerService.onTransact(ActivityManagerService.java:3350)
12-23 17:23:36.492 E/ActivityManager(  634): 	at android.os.Binder.execTransact(Binder.java:731)
12-23 17:23:36.495 W/AES     (  634): Exception Log handling...
12-23 17:23:36.496 W/AES     (  634): skip for Exp level 0
12-23 17:23:36.497 I/SA.PushAutoTrackHelper( 1155): SDK or push disabled.
12-23 17:23:36.497 I/LockScreenReceiver( 1155): action ::: com.genie.clickscreen
12-23 17:23:36.497 I/EyesProtectManager( 1155): [ (EyesProtectManager.java:76)#userTracked ] userTracked:  configLoaded-true protectorOn-false canUseScreen-true isUseCounting-false useBeginTime-null useSeconds-0 lockScreenTime-null unlockScreenTime- 2021-12-23 17:22:48
12-23 17:23:36.568 I/PowerWrap(  634): PowerHal_TouchBoost
12-23 17:23:36.569 I/libPowerHal(  303): 20: cpu_ctrl set freq: -1 -1
12-23 17:23:36.576 E/AudioTrack(  634): start(): 0xa7def680, mState = 1
12-23 17:23:36.584 I/PowerWrap(  634): PowerHal_Wrap_mtkPowerHint
12-23 17:23:36.584 I/PowerWrap(  634): PowerHal_Wrap_mtkPowerHint
12-23 17:23:36.589 E/AudioALSAPlaybackHandlerBase(  288): -getHardwareBufferInfo(), pcm_get_htimestamp fail, ret = -1, pcm_get_error = 
12-23 17:23:36.590 I/BufferQueueProducer(  313): [com.android.settings/com.android.settings.SubSettings#0](this:0xad9a6000,id:48,api:1,p:5146,c:313) queueBuffer: fps=8.81 dur=5107.11 max=4334.27 min=14.57
12-23 17:23:36.591 I/libPowerHal(  303): 17: cpu_ctrl set freq: 2001000 -1
12-23 17:23:36.594 I/SurfaceFlinger(  313): [Built-in Screen (type:0)] fps:19.074892,dur:1677.60,max:1137.51,min:15.97
12-23 17:23:36.596 I/PowerWrap(  634): PowerHal_Wrap_mtkPowerHint
12-23 17:23:36.596 I/PowerWrap(  634): PowerHal_Wrap_mtkPowerHint
12-23 17:23:36.598 I/vendor.mediatek.hardware.power@2.0-impl(  303): notifyAppState pack:com.android.settings, act:com.android.settings.Settings$SystemDashboardActivity, pid:5146, state:1
12-23 17:23:36.603 I/WindowManager(  634): Focus moving from Window{96a9139 u0 com.android.settings/com.android.settings.SubSettings} to null
12-23 17:23:36.608 I/DeviceIndex( 5146): Skipping: device index is not enabled
12-23 17:23:36.616 W/TileUtils( 5146): Found com.android.settings.Settings$NotificationAppListActivity for intent Intent { act=com.android.settings.action.SETTINGS pkg=com.android.settings } missing metadata com.android.settings.category
12-23 17:23:36.619 I/WindowManager(  634): Relayout Window{69b5840 u0 com.android.settings/com.android.settings.Settings$SystemDashboardActivity}: oldVis=8 newVis=0 focusMayChange = true
12-23 17:23:36.623 I/BufferQueue(  313): [unnamed-313-54](this:0xad9db000,id:54,api:0,p:-1,c:-1) BufferQueue core=(313:/system/bin/surfaceflinger)
12-23 17:23:36.623 I/BufferQueueConsumer(  313): [unnamed-313-54](this:0xad9db000,id:54,api:0,p:-1,c:313) connect(C): consumer=(313:/system/bin/surfaceflinger) controlledByApp=false
12-23 17:23:36.623 I/BufferQueueConsumer(  313): [unnamed-313-54](this:0xad9db000,id:54,api:0,p:-1,c:313) setConsumerName: unnamed-313-54
12-23 17:23:36.623 I/BufferQueueConsumer(  313): [com.android.settings/com.android.settings.Settings$SystemDashboardActivity#0](this:0xad9db000,id:54,api:0,p:-1,c:313) setConsumerName: com.android.settings/com.android.settings.Settings$SystemDashboardActivity#0
12-23 17:23:36.623 I/BufferQueueConsumer(  313): [com.android.settings/com.android.settings.Settings$SystemDashboardActivity#0](this:0xad9db000,id:54,api:0,p:-1,c:313) setDefaultBufferSize: width=720 height=1600
12-23 17:23:36.625 I/WindowManager(  634): Focus moving from null to Window{69b5840 u0 com.android.settings/com.android.settings.Settings$SystemDashboardActivity}
12-23 17:23:36.627 I/BufferQueueProducer(  313): [com.android.settings/com.android.settings.Settings$SystemDashboardActivity#0](this:0xad9db000,id:54,api:1,p:5146,c:313) connect(P): api=1 producer=(5146:com.android.settings) producerControlledByApp=true
12-23 17:23:36.717 I/PowerWrap(  634): PowerHal_Wrap_mtkPowerHint
12-23 17:23:36.720 I/libPowerHal(  303): 17: cpu_ctrl set freq: -1 -1
12-23 17:23:37.122 I/BufferQueueProducer(  313): [com.android.settings/com.android.settings.SubSettings#0](this:0xad9a6000,id:48,api:1,p:5146,c:313) disconnect(P): api 1
12-23 17:23:37.122 I/BufferQueueConsumer(  313): [com.android.settings/com.android.settings.SubSettings#0](this:0xad9a6000,id:48,api:1,p:-1,c:313) getReleasedBuffers: returning mask 0xffffffffffffffff
12-23 17:23:37.136 W/ContextImpl( 5146): Calling a method in the system process without a qualified user: android.app.ContextImpl.startService:1532 android.content.ContextWrapper.startService:664 android.app.Activity.onEnterAnimationComplete:6662 android.app.Activity.dispatchEnterAnimationComplete:6673 android.app.ActivityThread.handleEnterAnimationComplete:3275 
12-23 17:23:37.153 I/BufferQueueConsumer(  313): [com.android.settings/com.android.settings.SubSettings#0](this:0xad9a6000,id:48,api:1,p:-1,c:-1) disconnect(C)
12-23 17:23:37.153 I/BufferQueue(  313): [com.android.settings/com.android.settings.SubSettings#0](this:0xad9a6000,id:48,api:1,p:-1,c:-1) ~BufferQueueCore
12-23 17:23:38.233 I/BufferQueueProducer(  313): [com.android.settings/com.android.settings.Settings$SystemDashboardActivity#0](this:0xad9db000,id:54,api:1,p:5146,c:313) queueBuffer: fps=16.63 dur=1563.20 max=1120.30 min=7.09
12-23 17:23:38.242 I/SurfaceFlinger(  313): [Built-in Screen (type:0)] fps:20.631905,dur:1647.93,max:1068.74,min:13.62
12-23 17:23:39.299 E/WifiVendorHal(  634): getWifiLinkLayerStats(l.937) failed {.code = ERROR_NOT_SUPPORTED, .description = }
12-23 17:23:41.438 E/system_server(  634): No package ID 7f found for ID 0x7f080182.
12-23 17:23:41.438 E/system_server(  634): No package ID 7f found for ID 0x7f12104e.
12-23 17:23:41.438 E/system_server(  634): No package ID 7f found for ID 0x7f080181.
12-23 17:23:41.438 E/system_server(  634): No package ID 7f found for ID 0x7f1204b0.
12-23 17:23:41.439 E/system_server(  634): No package ID 7f found for ID 0x7f080180.
12-23 17:23:41.439 E/system_server(  634): No package ID 7f found for ID 0x7f120a15.
12-23 17:23:41.444 W/Searchables(  634): No global search activity found
12-23 17:23:41.445 I/InputReader(  634): Reconfiguring input devices.  changes=0x00000010
12-23 17:23:41.447 W/VoiceInteractionManagerService(  634): no available voice interaction services found for user 0
12-23 17:23:41.453 W/TileUtils( 5146): Found com.android.settings.Settings$NotificationAppListActivity for intent Intent { act=com.android.settings.action.SETTINGS pkg=com.android.settings } missing metadata com.android.settings.category
12-23 17:23:41.498 I/BufferQueueProducer(  313): [com.android.settings/com.android.settings.Settings$SystemDashboardActivity#0](this:0xad9db000,id:54,api:1,p:5146,c:313) queueBuffer: fps=6.13 dur=3264.56 max=2933.11 min=13.35
12-23 17:23:41.518 I/SurfaceFlinger(  313): [Built-in Screen (type:0)] fps:6.104318,dur:3276.37,max:2943.03,min:16.79
12-23 17:23:41.790 W/WindowManager(  634): removeWindowToken: Attempted to remove non-existing token: android.os.Binder@76ccfcf
12-23 17:23:42.018 W/WindowManager(  634): removeWindowToken: Attempted to remove non-existing token: android.os.Binder@1345bf4
12-23 17:23:42.148 W/WindowManager(  634): removeWindowToken: Attempted to remove non-existing token: android.os.Binder@c1b951
12-23 17:23:42.313 E/WifiVendorHal(  634): getWifiLinkLayerStats(l.937) failed {.code = ERROR_NOT_SUPPORTED, .description = }
12-23 17:23:42.325 E/MtkDataShapingUtils(  634): Exception openLteGateByDataShaping  in java.lang.NullPointerException: null receiver
12-23 17:23:42.325 W/System.err(  634): java.lang.NullPointerException: null receiver
12-23 17:23:42.326 W/System.err(  634): 	at java.lang.reflect.Method.invoke(Native Method)
12-23 17:23:42.326 W/System.err(  634): 	at com.mediatek.server.MtkDataShaping.openLteGateByDataShaping(MtkDataShaping.java:36)
12-23 17:23:42.326 W/System.err(  634): 	at com.android.server.AlarmManagerService.deliverAlarmsLocked(AlarmManagerService.java:3603)
12-23 17:23:42.326 W/System.err(  634): 	at com.android.server.AlarmManagerService$AlarmThread.run(AlarmManagerService.java:3781)
12-23 17:23:42.327 E/ActivityManager(  634): Sending non-protected broadcast ALARM_ACTION(1093) from system uid 1000 pkg com.tal.genie.push
12-23 17:23:42.327 E/ActivityManager(  634): java.lang.Throwable
12-23 17:23:42.327 E/ActivityManager(  634): 	at com.android.server.am.ActivityManagerService.checkBroadcastFromSystem(ActivityManagerService.java:21477)
12-23 17:23:42.327 E/ActivityManager(  634): 	at com.android.server.am.ActivityManagerService.broadcastIntentLocked(ActivityManagerService.java:22077)
12-23 17:23:42.327 E/ActivityManager(  634): 	at com.android.server.am.ActivityManagerService.broadcastIntentInPackage(ActivityManagerService.java:22256)
12-23 17:23:42.327 E/ActivityManager(  634): 	at com.android.server.am.PendingIntentRecord.sendInner(PendingIntentRecord.java:372)
12-23 17:23:42.327 E/ActivityManager(  634): 	at com.android.server.am.PendingIntentRecord.sendWithResult(PendingIntentRecord.java:245)
12-23 17:23:42.327 E/ActivityManager(  634): 	at com.android.server.am.ActivityManagerService.sendIntentSender(ActivityManagerService.java:8613)
12-23 17:23:42.327 E/ActivityManager(  634): 	at android.app.PendingIntent.sendAndReturnResult(PendingIntent.java:892)
12-23 17:23:42.327 E/ActivityManager(  634): 	at android.app.PendingIntent.send(PendingIntent.java:874)
12-23 17:23:42.327 E/ActivityManager(  634): 	at com.android.server.AlarmManagerService$DeliveryTracker.deliverLocked(AlarmManagerService.java:4387)
12-23 17:23:42.327 E/ActivityManager(  634): 	at com.android.server.AlarmManagerService.deliverAlarmsLocked(AlarmManagerService.java:3632)
12-23 17:23:42.327 E/ActivityManager(  634): 	at com.android.server.AlarmManagerService$AlarmThread.run(AlarmManagerService.java:3781)
12-23 17:23:42.335 W/AES     (  634): Exception Log handling...
12-23 17:23:42.336 W/AES     (  634): skip for Exp level 0
12-23 17:23:42.403 W/WindowManager(  634): removeWindowToken: Attempted to remove non-existing token: android.os.Binder@31d19bc
12-23 17:23:43.088 I/BufferQueueProducer(  313): [com.android.settings/com.android.settings.Settings$SystemDashboardActivity#0](this:0xad9db000,id:54,api:1,p:5146,c:313) queueBuffer: fps=1.26 dur=1590.62 max=1585.08 min=5.53
12-23 17:23:43.095 I/SurfaceFlinger(  313): [Built-in Screen (type:0)] fps:1.268319,dur:1576.89,max:1559.41,min:17.48
12-23 17:23:45.319 E/WifiVendorHal(  634): getWifiLinkLayerStats(l.937) failed {.code = ERROR_NOT_SUPPORTED, .description = }
12-23 17:23:45.912 W/WindowManager(  634): removeWindowToken: Attempted to remove non-existing token: android.os.Binder@3b869ec
12-23 17:23:48.057 E/MtkDataShapingUtils(  634): Exception openLteGateByDataShaping  in java.lang.NullPointerException: null receiver
12-23 17:23:48.057 W/System.err(  634): java.lang.NullPointerException: null receiver
12-23 17:23:48.057 W/System.err(  634): 	at java.lang.reflect.Method.invoke(Native Method)
12-23 17:23:48.057 W/System.err(  634): 	at com.mediatek.server.MtkDataShaping.openLteGateByDataShaping(MtkDataShaping.java:36)
12-23 17:23:48.057 W/System.err(  634): 	at com.android.server.AlarmManagerService.deliverAlarmsLocked(AlarmManagerService.java:3603)
12-23 17:23:48.057 W/System.err(  634): 	at com.android.server.AlarmManagerService$AlarmThread.run(AlarmManagerService.java:3781)
12-23 17:23:48.331 E/WifiVendorHal(  634): getWifiLinkLayerStats(l.937) failed {.code = ERROR_NOT_SUPPORTED, .description = }
12-23 17:23:49.005 I/EthernetTracker(  634): interfaceLinkStateChanged, iface: wlan0, up: true
12-23 17:23:49.482 I/PowerWrap(  634): PowerHal_TouchBoost
12-23 17:23:49.484 I/libPowerHal(  303): 20: cpu_ctrl set freq: 2001000 -1
12-23 17:23:49.484 W/ContextImpl( 5146): Calling a method in the system process without a qualified user: android.app.ContextImpl.sendBroadcast:1006 android.content.ContextWrapper.sendBroadcast:444 android.content.ContextWrapper.sendBroadcast:444 android.view.View.dispatchTouchEvent:12526 android.view.ViewGroup.dispatchTransformedTouchEvent:3083 
12-23 17:23:49.486 E/ActivityManager(  634): Sending non-protected broadcast com.genie.clickscreen from system 5146:com.android.settings/1000 pkg com.android.settings
12-23 17:23:49.486 E/ActivityManager(  634): java.lang.Throwable
12-23 17:23:49.486 E/ActivityManager(  634): 	at com.android.server.am.ActivityManagerService.checkBroadcastFromSystem(ActivityManagerService.java:21473)
12-23 17:23:49.486 E/ActivityManager(  634): 	at com.android.server.am.ActivityManagerService.broadcastIntentLocked(ActivityManagerService.java:21984)
12-23 17:23:49.486 E/ActivityManager(  634): 	at com.android.server.am.ActivityManagerService.broadcastIntent(ActivityManagerService.java:22227)
12-23 17:23:49.486 E/ActivityManager(  634): 	at android.app.IActivityManager$Stub.onTransact$broadcastIntent$(IActivityManager.java:10181)
12-23 17:23:49.486 E/ActivityManager(  634): 	at android.app.IActivityManager$Stub.onTransact(IActivityManager.java:167)
12-23 17:23:49.486 E/ActivityManager(  634): 	at com.android.server.am.ActivityManagerService.onTransact(ActivityManagerService.java:3350)
12-23 17:23:49.486 E/ActivityManager(  634): 	at android.os.Binder.execTransact(Binder.java:731)
12-23 17:23:49.492 W/AES     (  634): Exception Log handling...
12-23 17:23:49.494 W/AES     (  634): skip for Exp level 0
12-23 17:23:49.494 E/ActivityManager(  634): Sending non-protected broadcast com.genie.clickscreen from system 5146:com.android.settings/1000 pkg com.android.settings
12-23 17:23:49.494 E/ActivityManager(  634): java.lang.Throwable
12-23 17:23:49.494 E/ActivityManager(  634): 	at com.android.server.am.ActivityManagerService.checkBroadcastFromSystem(ActivityManagerService.java:21473)
12-23 17:23:49.494 E/ActivityManager(  634): 	at com.android.server.am.ActivityManagerService.broadcastIntentLocked(ActivityManagerService.java:22077)
12-23 17:23:49.494 E/ActivityManager(  634): 	at com.android.server.am.ActivityManagerService.broadcastIntent(ActivityManagerService.java:22227)
12-23 17:23:49.494 E/ActivityManager(  634): 	at android.app.IActivityManager$Stub.onTransact$broadcastIntent$(IActivityManager.java:10181)
12-23 17:23:49.494 E/ActivityManager(  634): 	at android.app.IActivityManager$Stub.onTransact(IActivityManager.java:167)
12-23 17:23:49.494 E/ActivityManager(  634): 	at com.android.server.am.ActivityManagerService.onTransact(ActivityManagerService.java:3350)
12-23 17:23:49.494 E/ActivityManager(  634): 	at android.os.Binder.execTransact(Binder.java:731)
12-23 17:23:49.497 W/AES     (  634): Exception Log handling...
12-23 17:23:49.498 W/AES     (  634): skip for Exp level 0
12-23 17:23:49.499 I/SA.PushAutoTrackHelper( 1155): SDK or push disabled.
12-23 17:23:49.499 I/LockScreenReceiver( 1155): action ::: com.genie.clickscreen
12-23 17:23:49.500 I/EyesProtectManager( 1155): [ (EyesProtectManager.java:76)#userTracked ] userTracked:  configLoaded-true protectorOn-false canUseScreen-true isUseCounting-false useBeginTime-null useSeconds-0 lockScreenTime-null unlockScreenTime- 2021-12-23 17:22:48
12-23 17:23:49.587 I/PowerWrap(  634): PowerHal_TouchBoost
12-23 17:23:49.588 I/libPowerHal(  303): 20: cpu_ctrl set freq: -1 -1
12-23 17:23:49.597 E/AudioTrack(  634): start(): 0xa7def680, mState = 1
12-23 17:23:49.602 I/PowerWrap(  634): PowerHal_Wrap_mtkPowerHint
12-23 17:23:49.602 I/PowerWrap(  634): PowerHal_Wrap_mtkPowerHint
12-23 17:23:49.603 I/libPowerHal(  303): 17: cpu_ctrl set freq: 2001000 -1
12-23 17:23:49.604 I/BufferQueueProducer(  313): [com.android.settings/com.android.settings.Settings$SystemDashboardActivity#0](this:0xad9db000,id:54,api:1,p:5146,c:313) queueBuffer: fps=2.46 dur=6516.19 max=6257.49 min=13.90
12-23 17:23:49.607 E/AudioALSAPlaybackHandlerBase(  288): -getHardwareBufferInfo(), pcm_get_htimestamp fail, ret = -1, pcm_get_error = 
12-23 17:23:49.609 I/PowerWrap(  634): PowerHal_Wrap_mtkPowerHint
12-23 17:23:49.609 I/PowerWrap(  634): PowerHal_Wrap_mtkPowerHint
12-23 17:23:49.611 I/vendor.mediatek.hardware.power@2.0-impl(  303): notifyAppState pack:com.android.settings, act:com.android.settings.Settings, pid:5146, state:1
12-23 17:23:49.613 I/SurfaceFlinger(  313): [Built-in Screen (type:0)] fps:2.454833,dur:6517.76,max:6254.62,min:16.82
12-23 17:23:49.614 I/WindowManager(  634): Focus moving from Window{69b5840 u0 com.android.settings/com.android.settings.Settings$SystemDashboardActivity} to null
12-23 17:23:49.626 I/DeviceIndex( 5146): Skipping: device index is not enabled
12-23 17:23:49.634 W/TileUtils( 5146): Found com.android.settings.Settings$NotificationAppListActivity for intent Intent { act=com.android.settings.action.SETTINGS pkg=com.android.settings } missing metadata com.android.settings.category
12-23 17:23:49.637 I/WindowManager(  634): Relayout Window{667f29 u0 com.android.settings/com.android.settings.Settings}: oldVis=4 newVis=0 focusMayChange = true
12-23 17:23:49.639 I/BufferQueue(  313): [unnamed-313-55](this:0xad9a6000,id:55,api:0,p:-1,c:-1) BufferQueue core=(313:/system/bin/surfaceflinger)
12-23 17:23:49.640 I/BufferQueueConsumer(  313): [unnamed-313-55](this:0xad9a6000,id:55,api:0,p:-1,c:313) connect(C): consumer=(313:/system/bin/surfaceflinger) controlledByApp=false
12-23 17:23:49.640 I/BufferQueueConsumer(  313): [unnamed-313-55](this:0xad9a6000,id:55,api:0,p:-1,c:313) setConsumerName: unnamed-313-55
12-23 17:23:49.640 I/BufferQueueConsumer(  313): [com.android.settings/com.android.settings.Settings#0](this:0xad9a6000,id:55,api:0,p:-1,c:313) setConsumerName: com.android.settings/com.android.settings.Settings#0
12-23 17:23:49.640 I/BufferQueueConsumer(  313): [com.android.settings/com.android.settings.Settings#0](this:0xad9a6000,id:55,api:0,p:-1,c:313) setDefaultBufferSize: width=720 height=1600
12-23 17:23:49.641 I/WifiHAL (  302): feature_set=0x488141a
12-23 17:23:49.641 I/WifiHAL (  302): feature_set=0x488141a
12-23 17:23:49.642 I/WindowManager(  634): Focus moving from null to Window{667f29 u0 com.android.settings/com.android.settings.Settings}
12-23 17:23:49.643 I/BufferQueueProducer(  313): [com.android.settings/com.android.settings.Settings#0](this:0xad9a6000,id:55,api:1,p:5146,c:313) connect(P): api=1 producer=(5146:com.android.settings) producerControlledByApp=true
12-23 17:23:49.650 E/BatteryExternalStatsWorker(  634): no controller energy info supplied for wifi
12-23 17:23:49.650 E/BatteryExternalStatsWorker(  634): no controller energy info supplied for bluetooth
12-23 17:23:49.650 E/BatteryExternalStatsWorker(  634): no controller energy info supplied for telephony
12-23 17:23:49.652 E/KernelCpuSpeedReader(  634): Failed to read cpu-freq: /sys/devices/system/cpu/cpu0/cpufreq/stats/time_in_state (No such file or directory)
12-23 17:23:49.661 W/SummaryLoader( 5146): type=1400 audit(0.0:9548): avc: denied { search } for name="/" dev="bpf" ino=1 scontext=u:r:system_app:s0 tcontext=u:object_r:fs_bpf:s0 tclass=dir permissive=0
12-23 17:23:49.681 W/Binder:444_5(  444): type=1400 audit(0.0:9549): avc: denied { dac_read_search } for capability=2 scontext=u:r:installd:s0 tcontext=u:r:installd:s0 tclass=capability permissive=0
12-23 17:23:49.681 I/chatty  (  444): uid=0(root) Binder:444_2 identical 6 lines
12-23 17:23:49.681 W/Binder:444_5(  444): type=1400 audit(0.0:9556): avc: denied { dac_read_search } for capability=2 scontext=u:r:installd:s0 tcontext=u:r:installd:s0 tclass=capability permissive=0
12-23 17:23:49.692 I/PowerWrap(  634): PowerHal_Wrap_mtkPowerHint
12-23 17:23:49.693 I/libPowerHal(  303): 17: cpu_ctrl set freq: -1 -1
12-23 17:23:50.124 W/ContextImpl( 5146): Calling a method in the system process without a qualified user: android.app.ContextImpl.startService:1532 android.content.ContextWrapper.startService:664 android.app.Activity.onEnterAnimationComplete:6662 android.app.Activity.dispatchEnterAnimationComplete:6673 android.app.ActivityThread.handleEnterAnimationComplete:3275 
12-23 17:23:50.142 I/BufferQueueProducer(  313): [com.android.settings/com.android.settings.Settings$SystemDashboardActivity#0](this:0xad9db000,id:54,api:1,p:5146,c:313) disconnect(P): api 1
12-23 17:23:50.142 I/BufferQueueConsumer(  313): [com.android.settings/com.android.settings.Settings$SystemDashboardActivity#0](this:0xad9db000,id:54,api:1,p:-1,c:313) getReleasedBuffers: returning mask 0xffffffffffffffff
12-23 17:23:50.155 I/BufferQueueConsumer(  313): [com.android.settings/com.android.settings.Settings$SystemDashboardActivity#0](this:0xad9db000,id:54,api:1,p:-1,c:-1) disconnect(C)
12-23 17:23:50.155 I/BufferQueue(  313): [com.android.settings/com.android.settings.Settings$SystemDashboardActivity#0](this:0xad9db000,id:54,api:1,p:-1,c:-1) ~BufferQueueCore
12-23 17:23:50.340 E/MtkDataShapingUtils(  634): Exception openLteGateByDataShaping  in java.lang.NullPointerException: null receiver
12-23 17:23:50.340 W/System.err(  634): java.lang.NullPointerException: null receiver
12-23 17:23:50.340 W/System.err(  634): 	at java.lang.reflect.Method.invoke(Native Method)
12-23 17:23:50.340 W/System.err(  634): 	at com.mediatek.server.MtkDataShaping.openLteGateByDataShaping(MtkDataShaping.java:36)
12-23 17:23:50.340 W/System.err(  634): 	at com.android.server.AlarmManagerService.deliverAlarmsLocked(AlarmManagerService.java:3603)
12-23 17:23:50.340 W/System.err(  634): 	at com.android.server.AlarmManagerService$AlarmThread.run(AlarmManagerService.java:3781)
12-23 17:23:50.341 E/ActivityManager(  634): Sending non-protected broadcast ALARM_ACTION(1093) from system uid 1000 pkg com.tal.genie.push
12-23 17:23:50.341 E/ActivityManager(  634): java.lang.Throwable
12-23 17:23:50.341 E/ActivityManager(  634): 	at com.android.server.am.ActivityManagerService.checkBroadcastFromSystem(ActivityManagerService.java:21477)
12-23 17:23:50.341 E/ActivityManager(  634): 	at com.android.server.am.ActivityManagerService.broadcastIntentLocked(ActivityManagerService.java:22077)
12-23 17:23:50.341 E/ActivityManager(  634): 	at com.android.server.am.ActivityManagerService.broadcastIntentInPackage(ActivityManagerService.java:22256)
12-23 17:23:50.341 E/ActivityManager(  634): 	at com.android.server.am.PendingIntentRecord.sendInner(PendingIntentRecord.java:372)
12-23 17:23:50.341 E/ActivityManager(  634): 	at com.android.server.am.PendingIntentRecord.sendWithResult(PendingIntentRecord.java:245)
12-23 17:23:50.341 E/ActivityManager(  634): 	at com.android.server.am.ActivityManagerService.sendIntentSender(ActivityManagerService.java:8613)
12-23 17:23:50.341 E/ActivityManager(  634): 	at android.app.PendingIntent.sendAndReturnResult(PendingIntent.java:892)
12-23 17:23:50.341 E/ActivityManager(  634): 	at android.app.PendingIntent.send(PendingIntent.java:874)
12-23 17:23:50.341 E/ActivityManager(  634): 	at com.android.server.AlarmManagerService$DeliveryTracker.deliverLocked(AlarmManagerService.java:4387)
12-23 17:23:50.341 E/ActivityManager(  634): 	at com.android.server.AlarmManagerService.deliverAlarmsLocked(AlarmManagerService.java:3632)
12-23 17:23:50.341 E/ActivityManager(  634): 	at com.android.server.AlarmManagerService$AlarmThread.run(AlarmManagerService.java:3781)
12-23 17:23:50.349 W/AES     (  634): Exception Log handling...
12-23 17:23:50.350 W/AES     (  634): skip for Exp level 0
12-23 17:23:50.464 I/PowerWrap(  634): PowerHal_TouchBoost
12-23 17:23:50.465 I/libPowerHal(  303): 20: cpu_ctrl set freq: 2001000 -1
12-23 17:23:50.603 I/PowerWrap(  634): PowerHal_TouchBoost
12-23 17:23:50.604 I/libPowerHal(  303): 20: cpu_ctrl set freq: -1 -1
12-23 17:23:50.629 I/SurfaceFlinger(  313): [Built-in Screen (type:0)] fps:37.373169,dur:1016.77,max:367.20,min:15.83
12-23 17:23:50.686 I/BufferQueueProducer(  313): [com.android.settings/com.android.settings.Settings#0](this:0xad9a6000,id:55,api:1,p:5146,c:313) queueBuffer: fps=8.86 dur=1016.31 max=879.41 min=13.99
12-23 17:23:51.217 I/PowerWrap(  634): PowerHal_TouchBoost
12-23 17:23:51.220 I/libPowerHal(  303): 20: cpu_ctrl set freq: 2001000 -1
12-23 17:23:51.322 I/PowerWrap(  634): PowerHal_TouchBoost
12-23 17:23:51.323 I/libPowerHal(  303): 20: cpu_ctrl set freq: -1 -1
12-23 17:23:51.332 I/ActivityManager(  634): START u0 {flg=0x8000 cmp=com.android.settings/.Settings$SystemDashboardActivity (has extras)} from uid 1000
12-23 17:23:51.333 E/AudioTrack(  634): start(): 0xa7def680, mState = 1
12-23 17:23:51.335 I/vendor.mediatek.hardware.power@2.0-impl(  303): powerHintAsync hint:8, data:1
12-23 17:23:51.337 I/libPowerHal(  303): 8: cpu_ctrl set freq: 2001000 -1
12-23 17:23:51.340 I/PowerWrap(  634): PowerHal_Wrap_mtkPowerHint
12-23 17:23:51.340 I/PowerWrap(  634): PowerHal_Wrap_mtkPowerHint
12-23 17:23:51.343 E/WifiVendorHal(  634): getWifiLinkLayerStats(l.937) failed {.code = ERROR_NOT_SUPPORTED, .description = }
12-23 17:23:51.347 I/PowerWrap(  634): PowerHal_Wrap_mtkPowerHint
12-23 17:23:51.347 I/PowerWrap(  634): PowerHal_Wrap_mtkPowerHint
12-23 17:23:51.352 I/vendor.mediatek.hardware.power@2.0-impl(  303): notifyAppState pack:com.android.settings, act:com.android.settings.Settings$SystemDashboardActivity, pid:5146, state:1
12-23 17:23:51.354 I/WindowManager(  634): Focus moving from Window{667f29 u0 com.android.settings/com.android.settings.Settings} to null
12-23 17:23:51.356 W/ActivityThread( 5146): handleWindowVisibility: no activity for token android.os.BinderProxy@626a6d2
12-23 17:23:51.411 I/DeviceIndex( 5146): Skipping: device index is not enabled
12-23 17:23:51.417 W/TileUtils( 5146): Found com.android.settings.Settings$NotificationAppListActivity for intent Intent { act=com.android.settings.action.SETTINGS pkg=com.android.settings } missing metadata com.android.settings.category
12-23 17:23:51.428 I/WindowManager(  634): Relayout Window{1797c96 u0 com.android.settings/com.android.settings.Settings$SystemDashboardActivity}: oldVis=4 newVis=0 focusMayChange = true
12-23 17:23:51.431 I/BufferQueue(  313): [unnamed-313-56](this:0xab703000,id:56,api:0,p:-1,c:-1) BufferQueue core=(313:/system/bin/surfaceflinger)
12-23 17:23:51.431 I/BufferQueueConsumer(  313): [unnamed-313-56](this:0xab703000,id:56,api:0,p:-1,c:313) connect(C): consumer=(313:/system/bin/surfaceflinger) controlledByApp=false
12-23 17:23:51.431 I/BufferQueueConsumer(  313): [unnamed-313-56](this:0xab703000,id:56,api:0,p:-1,c:313) setConsumerName: unnamed-313-56
12-23 17:23:51.431 I/BufferQueueConsumer(  313): [com.android.settings/com.android.settings.Settings$SystemDashboardActivity#0](this:0xab703000,id:56,api:0,p:-1,c:313) setConsumerName: com.android.settings/com.android.settings.Settings$SystemDashboardActivity#0
12-23 17:23:51.431 I/BufferQueueConsumer(  313): [com.android.settings/com.android.settings.Settings$SystemDashboardActivity#0](this:0xab703000,id:56,api:0,p:-1,c:313) setDefaultBufferSize: width=720 height=1600
12-23 17:23:51.433 I/WindowManager(  634): Focus moving from null to Window{1797c96 u0 com.android.settings/com.android.settings.Settings$SystemDashboardActivity}
12-23 17:23:51.435 I/BufferQueueProducer(  313): [com.android.settings/com.android.settings.Settings$SystemDashboardActivity#0](this:0xab703000,id:56,api:1,p:5146,c:313) connect(P): api=1 producer=(5146:com.android.settings) producerControlledByApp=true
12-23 17:23:51.535 I/ActivityManager(  634): Displayed com.android.settings/.Settings$SystemDashboardActivity: +169ms
12-23 17:23:51.540 I/vendor.mediatek.hardware.power@2.0-impl(  303): powerHintAsync hint:8, data:0
12-23 17:23:51.547 I/PowerWrap(  634): PowerHal_Wrap_mtkPowerHint
12-23 17:23:51.548 I/libPowerHal(  303): 17: cpu_ctrl set freq: -1 -1
12-23 17:23:51.647 I/SurfaceFlinger(  313): [Built-in Screen (type:0)] fps:55.042751,dur:1017.39,max:35.85,min:16.60
12-23 17:23:51.704 I/BufferQueueProducer(  313): [com.android.settings/com.android.settings.Settings#0](this:0xad9a6000,id:55,api:1,p:5146,c:313) queueBuffer: fps=55.05 dur=1017.22 max=44.06 min=4.41
12-23 17:23:51.963 I/BufferQueueProducer(  313): [com.android.settings/com.android.settings.Settings#0](this:0xad9a6000,id:55,api:1,p:5146,c:313) disconnect(P): api 1
12-23 17:23:51.963 I/BufferQueueConsumer(  313): [com.android.settings/com.android.settings.Settings#0](this:0xad9a6000,id:55,api:1,p:-1,c:313) getReleasedBuffers: returning mask 0xffffffffffffffff
12-23 17:23:51.973 W/ContextImpl( 5146): Calling a method in the system process without a qualified user: android.app.ContextImpl.startService:1532 android.content.ContextWrapper.startService:664 android.app.Activity.onEnterAnimationComplete:6662 android.app.Activity.dispatchEnterAnimationComplete:6673 android.app.ActivityThread.handleEnterAnimationComplete:3275 
12-23 17:23:52.012 I/BufferQueueConsumer(  313): [com.android.settings/com.android.settings.Settings#0](this:0xad9a6000,id:55,api:1,p:-1,c:-1) disconnect(C)
12-23 17:23:52.012 I/BufferQueue(  313): [com.android.settings/com.android.settings.Settings#0](this:0xad9a6000,id:55,api:1,p:-1,c:-1) ~BufferQueueCore
12-23 17:23:52.777 I/PowerWrap(  634): PowerHal_TouchBoost
12-23 17:23:52.779 W/ContextImpl( 5146): Calling a method in the system process without a qualified user: android.app.ContextImpl.sendBroadcast:1006 android.content.ContextWrapper.sendBroadcast:444 android.content.ContextWrapper.sendBroadcast:444 android.view.View.dispatchTouchEvent:12526 android.view.ViewGroup.dispatchTransformedTouchEvent:3077 
12-23 17:23:52.781 E/ActivityManager(  634): Sending non-protected broadcast com.genie.clickscreen from system 5146:com.android.settings/1000 pkg com.android.settings
12-23 17:23:52.781 E/ActivityManager(  634): java.lang.Throwable
12-23 17:23:52.781 E/ActivityManager(  634): 	at com.android.server.am.ActivityManagerService.checkBroadcastFromSystem(ActivityManagerService.java:21473)
12-23 17:23:52.781 E/ActivityManager(  634): 	at com.android.server.am.ActivityManagerService.broadcastIntentLocked(ActivityManagerService.java:21984)
12-23 17:23:52.781 E/ActivityManager(  634): 	at com.android.server.am.ActivityManagerService.broadcastIntent(ActivityManagerService.java:22227)
12-23 17:23:52.781 E/ActivityManager(  634): 	at android.app.IActivityManager$Stub.onTransact$broadcastIntent$(IActivityManager.java:10181)
12-23 17:23:52.781 E/ActivityManager(  634): 	at android.app.IActivityManager$Stub.onTransact(IActivityManager.java:167)
12-23 17:23:52.781 E/ActivityManager(  634): 	at com.android.server.am.ActivityManagerService.onTransact(ActivityManagerService.java:3350)
12-23 17:23:52.781 E/ActivityManager(  634): 	at android.os.Binder.execTransact(Binder.java:731)
12-23 17:23:52.781 I/libPowerHal(  303): 20: cpu_ctrl set freq: 2001000 -1
12-23 17:23:52.789 W/AES     (  634): Exception Log handling...
12-23 17:23:52.790 W/AES     (  634): skip for Exp level 0
12-23 17:23:52.791 E/ActivityManager(  634): Sending non-protected broadcast com.genie.clickscreen from system 5146:com.android.settings/1000 pkg com.android.settings
12-23 17:23:52.791 E/ActivityManager(  634): java.lang.Throwable
12-23 17:23:52.791 E/ActivityManager(  634): 	at com.android.server.am.ActivityManagerService.checkBroadcastFromSystem(ActivityManagerService.java:21473)
12-23 17:23:52.791 E/ActivityManager(  634): 	at com.android.server.am.ActivityManagerService.broadcastIntentLocked(ActivityManagerService.java:22077)
12-23 17:23:52.791 E/ActivityManager(  634): 	at com.android.server.am.ActivityManagerService.broadcastIntent(ActivityManagerService.java:22227)
12-23 17:23:52.791 E/ActivityManager(  634): 	at android.app.IActivityManager$Stub.onTransact$broadcastIntent$(IActivityManager.java:10181)
12-23 17:23:52.791 E/ActivityManager(  634): 	at android.app.IActivityManager$Stub.onTransact(IActivityManager.java:167)
12-23 17:23:52.791 E/ActivityManager(  634): 	at com.android.server.am.ActivityManagerService.onTransact(ActivityManagerService.java:3350)
12-23 17:23:52.791 E/ActivityManager(  634): 	at android.os.Binder.execTransact(Binder.java:731)
12-23 17:23:52.793 W/AES     (  634): Exception Log handling...
12-23 17:23:52.795 W/AES     (  634): skip for Exp level 0
12-23 17:23:52.796 I/SA.PushAutoTrackHelper( 1155): SDK or push disabled.
12-23 17:23:52.796 I/LockScreenReceiver( 1155): action ::: com.genie.clickscreen
12-23 17:23:52.796 I/EyesProtectManager( 1155): [ (EyesProtectManager.java:76)#userTracked ] userTracked:  configLoaded-true protectorOn-false canUseScreen-true isUseCounting-false useBeginTime-null useSeconds-0 lockScreenTime-null unlockScreenTime- 2021-12-23 17:22:48
12-23 17:23:52.864 I/PowerWrap(  634): PowerHal_TouchBoost
12-23 17:23:52.865 I/libPowerHal(  303): 20: cpu_ctrl set freq: -1 -1
12-23 17:23:52.873 E/AudioTrack(  634): start(): 0xa7def680, mState = 1
12-23 17:23:52.879 I/BufferQueueProducer(  313): [com.android.settings/com.android.settings.Settings$SystemDashboardActivity#0](this:0xab703000,id:56,api:1,p:5146,c:313) queueBuffer: fps=1.46 dur=1371.05 max=1341.62 min=29.43
12-23 17:23:52.890 I/SurfaceFlinger(  313): [Built-in Screen (type:0)] fps:16.085407,dur:1243.36,max:874.64,min:16.82
12-23 17:23:53.394 I/test    ( 1300): [ (UpdateManager.java:27)#update ] check code:159 name 1.0.0 12-23 11:09:07 release isRelease=false
12-23 17:23:53.915 I/PowerWrap(  634): PowerHal_TouchBoost
12-23 17:23:53.917 W/ContextImpl( 5146): Calling a method in the system process without a qualified user: android.app.ContextImpl.sendBroadcast:1006 android.content.ContextWrapper.sendBroadcast:444 android.content.ContextWrapper.sendBroadcast:444 android.view.View.dispatchTouchEvent:12526 android.view.ViewGroup.dispatchTransformedTouchEvent:3077 
12-23 17:23:53.918 I/libPowerHal(  303): 20: cpu_ctrl set freq: 2001000 -1
12-23 17:23:53.919 E/ActivityManager(  634): Sending non-protected broadcast com.genie.clickscreen from system 5146:com.android.settings/1000 pkg com.android.settings
12-23 17:23:53.919 E/ActivityManager(  634): java.lang.Throwable
12-23 17:23:53.919 E/ActivityManager(  634): 	at com.android.server.am.ActivityManagerService.checkBroadcastFromSystem(ActivityManagerService.java:21473)
12-23 17:23:53.919 E/ActivityManager(  634): 	at com.android.server.am.ActivityManagerService.broadcastIntentLocked(ActivityManagerService.java:21984)
12-23 17:23:53.919 E/ActivityManager(  634): 	at com.android.server.am.ActivityManagerService.broadcastIntent(ActivityManagerService.java:22227)
12-23 17:23:53.919 E/ActivityManager(  634): 	at android.app.IActivityManager$Stub.onTransact$broadcastIntent$(IActivityManager.java:10181)
12-23 17:23:53.919 E/ActivityManager(  634): 	at android.app.IActivityManager$Stub.onTransact(IActivityManager.java:167)
12-23 17:23:53.919 E/ActivityManager(  634): 	at com.android.server.am.ActivityManagerService.onTransact(ActivityManagerService.java:3350)
12-23 17:23:53.919 E/ActivityManager(  634): 	at android.os.Binder.execTransact(Binder.java:731)
12-23 17:23:53.920 E/ActivityManager(  634): Sending non-protected broadcast com.genie.clickscreen from system 5146:com.android.settings/1000 pkg com.android.settings
12-23 17:23:53.920 E/ActivityManager(  634): java.lang.Throwable
12-23 17:23:53.920 E/ActivityManager(  634): 	at com.android.server.am.ActivityManagerService.checkBroadcastFromSystem(ActivityManagerService.java:21473)
12-23 17:23:53.920 E/ActivityManager(  634): 	at com.android.server.am.ActivityManagerService.broadcastIntentLocked(ActivityManagerService.java:22077)
12-23 17:23:53.920 E/ActivityManager(  634): 	at com.android.server.am.ActivityManagerService.broadcastIntent(ActivityManagerService.java:22227)
12-23 17:23:53.920 E/ActivityManager(  634): 	at android.app.IActivityManager$Stub.onTransact$broadcastIntent$(IActivityManager.java:10181)
12-23 17:23:53.920 E/ActivityManager(  634): 	at android.app.IActivityManager$Stub.onTransact(IActivityManager.java:167)
12-23 17:23:53.920 E/ActivityManager(  634): 	at com.android.server.am.ActivityManagerService.onTransact(ActivityManagerService.java:3350)
12-23 17:23:53.920 E/ActivityManager(  634): 	at android.os.Binder.execTransact(Binder.java:731)
12-23 17:23:53.922 I/SA.PushAutoTrackHelper( 1155): SDK or push disabled.
12-23 17:23:53.922 I/LockScreenReceiver( 1155): action ::: com.genie.clickscreen
12-23 17:23:53.922 I/EyesProtectManager( 1155): [ (EyesProtectManager.java:76)#userTracked ] userTracked:  configLoaded-true protectorOn-false canUseScreen-true isUseCounting-false useBeginTime-null useSeconds-0 lockScreenTime-null unlockScreenTime- 2021-12-23 17:22:48
12-23 17:23:54.032 I/BufferQueueProducer(  313): [com.android.settings/com.android.settings.Settings$SystemDashboardActivity#0](this:0xab703000,id:56,api:1,p:5146,c:313) queueBuffer: fps=21.68 dur=1153.18 max=734.06 min=10.16
12-23 17:23:54.037 I/PowerWrap(  634): PowerHal_TouchBoost
12-23 17:23:54.039 I/libPowerHal(  303): 20: cpu_ctrl set freq: -1 -1
12-23 17:23:54.040 E/AudioTrack(  634): start(): 0xa7def680, mState = 1
12-23 17:23:54.040 I/ActivityManager(  634): START u0 {act=android.intent.action.MAIN cmp=com.android.settings/.SubSettings (has extras)} from uid 1000
12-23 17:23:54.043 I/vendor.mediatek.hardware.power@2.0-impl(  303): powerHintAsync hint:8, data:1
12-23 17:23:54.044 I/libPowerHal(  303): 8: cpu_ctrl set freq: 2001000 -1
12-23 17:23:54.046 I/SurfaceFlinger(  313): [Built-in Screen (type:0)] fps:21.621105,dur:1156.28,max:735.89,min:16.68
12-23 17:23:54.048 I/PowerWrap(  634): PowerHal_Wrap_mtkPowerHint
12-23 17:23:54.056 I/chatty  (  634): uid=1000(system) Binder:634_4 identical 2 lines
12-23 17:23:54.056 I/PowerWrap(  634): PowerHal_Wrap_mtkPowerHint
12-23 17:23:54.059 I/WindowManager(  634): Focus moving from Window{1797c96 u0 com.android.settings/com.android.settings.Settings$SystemDashboardActivity} to null
12-23 17:23:54.060 I/vendor.mediatek.hardware.power@2.0-impl(  303): notifyAppState pack:com.android.settings, act:com.android.settings.SubSettings, pid:5146, state:1
12-23 17:23:54.063 W/ActivityThread( 5146): handleWindowVisibility: no activity for token android.os.BinderProxy@630c38f
12-23 17:23:54.128 E/UserRestrictionsUtils(  634): Unknown restriction: null
12-23 17:23:54.131 I/chatty  (  634): uid=1000(system) Binder:634_4 identical 1 line
12-23 17:23:54.146 E/UserRestrictionsUtils(  634): Unknown restriction: null
12-23 17:23:54.171 W/ndroid.settings( 5146): type=1400 audit(0.0:10461): avc: denied { read } for name="pagetypeinfo" dev="proc" ino=4026531858 scontext=u:r:system_app:s0 tcontext=u:object_r:proc_pagetypeinfo:s0 tclass=file permissive=0
12-23 17:23:54.174 W/ndroid.settings( 5146): type=1400 audit(0.0:10462): avc: denied { search } for name="zram0" dev="sysfs" ino=15606 scontext=u:r:system_app:s0 tcontext=u:object_r:sysfs_zram:s0 tclass=dir permissive=0
12-23 17:23:54.174 W/ndroid.settings( 5146): type=1400 audit(0.0:10463): avc: denied { search } for name="zram0" dev="sysfs" ino=15606 scontext=u:r:system_app:s0 tcontext=u:object_r:sysfs_zram:s0 tclass=dir permissive=0
