12-20 14:52:24.449 V/AlarmManager(  646): set(PendingIntent{d13d0ee: PendingIntentRecord{12ca98f com.tal.genie.push broadcastIntent}}) : type=2 triggerAtTime=244296761 win=0 tElapsed=244296761 maxElapsed=244296761 interval=0 flags=0x9
12-20 14:52:27.158 E/storaged(  453): getDiskStats failed with result NOT_SUPPORTED and size 0
12-20 14:52:32.466 V/AlarmManager(  646): set(PendingIntent{f210fc6: PendingIntentRecord{d063b87 com.tal.genie.push broadcastIntent}}) : type=2 triggerAtTime=244316762 win=0 tElapsed=244316762 maxElapsed=244316762 interval=0 flags=0x9
12-20 14:52:32.471 V/AlarmManager(  646): set(PendingIntent{334aab4: PendingIntentRecord{4a7b6dd com.tal.genie.push broadcastIntent}}) : type=2 triggerAtTime=244304783 win=0 tElapsed=244304783 maxElapsed=244304783 interval=0 flags=0x9
12-20 14:52:40.485 V/AlarmManager(  646): set(PendingIntent{fe9c4c: PendingIntentRecord{ecfe495 com.tal.genie.push broadcastIntent}}) : type=2 triggerAtTime=244324785 win=0 tElapsed=244324785 maxElapsed=244324785 interval=0 flags=0x9
12-20 14:52:40.491 V/AlarmManager(  646): set(PendingIntent{667e9aa: PendingIntentRecord{6ec799b com.tal.genie.push broadcastIntent}}) : type=2 triggerAtTime=244312802 win=0 tElapsed=244312802 maxElapsed=244312802 interval=0 flags=0x9
12-20 14:52:48.500 V/AlarmManager(  646): set(PendingIntent{da9114d: PendingIntentRecord{2d00402 com.tal.genie.push broadcastIntent}}) : type=2 triggerAtTime=244332802 win=0 tElapsed=244332802 maxElapsed=244332802 interval=0 flags=0x9
12-20 14:52:48.503 V/AlarmManager(  646): set(PendingIntent{adaef50: PendingIntentRecord{c027549 com.tal.genie.push broadcastIntent}}) : type=2 triggerAtTime=244320816 win=0 tElapsed=244320816 maxElapsed=244320816 interval=0 flags=0x9
12-20 14:52:56.516 V/AlarmManager(  646): set(PendingIntent{1dd5868: PendingIntentRecord{49e8481 com.tal.genie.push broadcastIntent}}) : type=2 triggerAtTime=244340818 win=0 tElapsed=244340818 maxElapsed=244340818 interval=0 flags=0x9
12-20 14:52:56.519 V/AlarmManager(  646): set(PendingIntent{a3e926: PendingIntentRecord{380967 com.tal.genie.push broadcastIntent}}) : type=2 triggerAtTime=244328832 win=0 tElapsed=244328832 maxElapsed=244328832 interval=0 flags=0x9
12-20 14:53:00.002 V/AlarmManager(  646): set(PendingIntent{336aa5c: PendingIntentRecord{556c165 android broadcastIntent}}) : type=3 triggerAtTime=244384315 win=0 tElapsed=244384315 maxElapsed=244384315 interval=0 flags=0x1
12-20 14:53:03.512 V/AlarmManager(  646): set(null) : type=2 triggerAtTime=244487825 win=119999 tElapsed=244487825 maxElapsed=244607824 interval=0 flags=0x8
12-20 14:53:03.524 V/AlarmManager(  646): set(null) : type=2 triggerAtTime=244342838 win=11250 tElapsed=244342838 maxElapsed=244354088 interval=0 flags=0x8
12-20 14:53:04.529 V/AlarmManager(  646): set(PendingIntent{755850a: PendingIntentRecord{daee17b com.tal.genie.push broadcastIntent}}) : type=2 triggerAtTime=244348833 win=0 tElapsed=244348833 maxElapsed=244348833 interval=0 flags=0x9
12-20 14:53:04.533 V/AlarmManager(  646): set(PendingIntent{c4bab98: PendingIntentRecord{a108ff1 com.tal.genie.push broadcastIntent}}) : type=2 triggerAtTime=244336845 win=0 tElapsed=244336845 maxElapsed=244336845 interval=0 flags=0x9
12-20 14:53:12.549 V/AlarmManager(  646): set(PendingIntent{34204f3: PendingIntentRecord{79055b0 com.tal.genie.push broadcastIntent}}) : type=2 triggerAtTime=244356848 win=0 tElapsed=244356848 maxElapsed=244356848 interval=0 flags=0x9
12-20 14:53:12.552 V/AlarmManager(  646): set(PendingIntent{afb1bae: PendingIntentRecord{5edfd4f com.tal.genie.push broadcastIntent}}) : type=2 triggerAtTime=244344865 win=0 tElapsed=244344865 maxElapsed=244344865 interval=0 flags=0x9
12-20 14:53:20.566 V/AlarmManager(  646): set(PendingIntent{bcef286: PendingIntentRecord{ea64747 com.tal.genie.push broadcastIntent}}) : type=2 triggerAtTime=244364868 win=0 tElapsed=244364868 maxElapsed=244364868 interval=0 flags=0x9
12-20 14:53:20.569 V/AlarmManager(  646): set(PendingIntent{e6e2b74: PendingIntentRecord{5de089d com.tal.genie.push broadcastIntent}}) : type=2 triggerAtTime=244352881 win=0 tElapsed=244352881 maxElapsed=244352881 interval=0 flags=0x9
12-20 14:53:27.158 E/storaged(  453): getDiskStats failed with result NOT_SUPPORTED and size 0
12-20 14:53:28.577 V/AlarmManager(  646): set(PendingIntent{4f750c: PendingIntentRecord{ac6ae55 com.tal.genie.push broadcastIntent}}) : type=2 triggerAtTime=244372881 win=0 tElapsed=244372881 maxElapsed=244372881 interval=0 flags=0x9
12-20 14:53:28.581 V/AlarmManager(  646): set(PendingIntent{a74506a: PendingIntentRecord{2b95b com.tal.genie.push broadcastIntent}}) : type=2 triggerAtTime=244360894 win=0 tElapsed=244360894 maxElapsed=244360894 interval=0 flags=0x9
12-20 14:53:36.596 V/AlarmManager(  646): set(PendingIntent{9aa82c2: PendingIntentRecord{57cf8d3 com.tal.genie.push broadcastIntent}}) : type=2 triggerAtTime=244380896 win=0 tElapsed=244380896 maxElapsed=244380896 interval=0 flags=0x9
12-20 14:53:36.600 V/AlarmManager(  646): set(PendingIntent{386c10: PendingIntentRecord{d531309 com.tal.genie.push broadcastIntent}}) : type=2 triggerAtTime=244368912 win=0 tElapsed=244368912 maxElapsed=244368912 interval=0 flags=0x9
12-20 14:53:44.611 V/AlarmManager(  646): set(PendingIntent{a20af4b: PendingIntentRecord{455ad28 com.tal.genie.push broadcastIntent}}) : type=2 triggerAtTime=244388913 win=0 tElapsed=244388913 maxElapsed=244388913 interval=0 flags=0x9
12-20 14:53:44.615 V/AlarmManager(  646): set(PendingIntent{87a2be6: PendingIntentRecord{f48f527 com.tal.genie.push broadcastIntent}}) : type=2 triggerAtTime=244376927 win=0 tElapsed=244376927 maxElapsed=244376927 interval=0 flags=0x9
12-20 14:53:52.625 V/AlarmManager(  646): set(PendingIntent{a8d1be: PendingIntentRecord{ebd621f com.tal.genie.push broadcastIntent}}) : type=2 triggerAtTime=244396928 win=0 tElapsed=244396928 maxElapsed=244396928 interval=0 flags=0x9
12-20 14:53:52.628 V/AlarmManager(  646): set(PendingIntent{d82696c: PendingIntentRecord{22dfb35 com.tal.genie.push broadcastIntent}}) : type=2 triggerAtTime=244384940 win=0 tElapsed=244384940 maxElapsed=244384940 interval=0 flags=0x9
12-20 14:54:00.003 V/AlarmManager(  646): set(PendingIntent{336aa5c: PendingIntentRecord{556c165 android broadcastIntent}}) : type=3 triggerAtTime=244444314 win=0 tElapsed=244444314 maxElapsed=244444314 interval=0 flags=0x1
12-20 14:54:00.641 V/AlarmManager(  646): set(PendingIntent{a2a8a22: PendingIntentRecord{27f5cb3 com.tal.genie.push broadcastIntent}}) : type=2 triggerAtTime=244404942 win=0 tElapsed=244404942 maxElapsed=244404942 interval=0 flags=0x9
12-20 14:54:00.645 V/AlarmManager(  646): set(PendingIntent{3eb3270: PendingIntentRecord{722c9e9 com.tal.genie.push broadcastIntent}}) : type=2 triggerAtTime=244392957 win=0 tElapsed=244392957 maxElapsed=244392957 interval=0 flags=0x9
12-20 14:54:08.659 V/AlarmManager(  646): set(PendingIntent{a0edf88: PendingIntentRecord{ba0cd21 com.tal.genie.push broadcastIntent}}) : type=2 triggerAtTime=244412959 win=0 tElapsed=244412959 maxElapsed=244412959 interval=0 flags=0x9
12-20 14:54:08.662 V/AlarmManager(  646): set(PendingIntent{a7d9546: PendingIntentRecord{5181307 com.tal.genie.push broadcastIntent}}) : type=2 triggerAtTime=244400974 win=0 tElapsed=244400974 maxElapsed=244400974 interval=0 flags=0x9
12-20 14:54:16.677 V/AlarmManager(  646): set(PendingIntent{3c4071e: PendingIntentRecord{3d65bff com.tal.genie.push broadcastIntent}}) : type=2 triggerAtTime=244420976 win=0 tElapsed=244420976 maxElapsed=244420976 interval=0 flags=0x9
12-20 14:54:16.682 V/AlarmManager(  646): set(PendingIntent{8870dcc: PendingIntentRecord{f7d3815 com.tal.genie.push broadcastIntent}}) : type=2 triggerAtTime=244408994 win=0 tElapsed=244408994 maxElapsed=244408994 interval=0 flags=0x9
12-20 14:54:24.695 V/AlarmManager(  646): set(PendingIntent{8a74a64: PendingIntentRecord{53d54cd com.tal.genie.push broadcastIntent}}) : type=2 triggerAtTime=244428996 win=0 tElapsed=244428996 maxElapsed=244428996 interval=0 flags=0x9
12-20 14:54:24.699 V/AlarmManager(  646): set(PendingIntent{e81c182: PendingIntentRecord{2c13093 com.tal.genie.push broadcastIntent}}) : type=2 triggerAtTime=244417011 win=0 tElapsed=244417011 maxElapsed=244417011 interval=0 flags=0x9
12-20 14:54:27.159 E/storaged(  453): getDiskStats failed with result NOT_SUPPORTED and size 0
12-20 14:54:32.710 V/AlarmManager(  646): set(PendingIntent{ea1feda: PendingIntentRecord{d3c1f0b com.tal.genie.push broadcastIntent}}) : type=2 triggerAtTime=244437012 win=0 tElapsed=244437012 maxElapsed=244437012 interval=0 flags=0x9
12-20 14:54:32.714 V/AlarmManager(  646): set(PendingIntent{190c1e8: PendingIntentRecord{7277001 com.tal.genie.push broadcastIntent}}) : type=2 triggerAtTime=244425026 win=0 tElapsed=244425026 maxElapsed=244425026 interval=0 flags=0x9
12-20 14:54:40.727 V/AlarmManager(  646): set(PendingIntent{6f7e600: PendingIntentRecord{3a11e39 com.tal.genie.push broadcastIntent}}) : type=2 triggerAtTime=244445028 win=0 tElapsed=244445028 maxElapsed=244445028 interval=0 flags=0x9
12-20 14:54:40.731 V/AlarmManager(  646): set(PendingIntent{be56c7e: PendingIntentRecord{f31c5df com.tal.genie.push broadcastIntent}}) : type=2 triggerAtTime=244433043 win=0 tElapsed=244433043 maxElapsed=244433043 interval=0 flags=0x9
12-20 14:54:48.743 V/AlarmManager(  646): set(PendingIntent{9f88d56: PendingIntentRecord{6891d7 com.tal.genie.push broadcastIntent}}) : type=2 triggerAtTime=244453044 win=0 tElapsed=244453044 maxElapsed=244453044 interval=0 flags=0x9
12-20 14:54:48.747 V/AlarmManager(  646): set(PendingIntent{c3fcac4: PendingIntentRecord{e893dad com.tal.genie.push broadcastIntent}}) : type=2 triggerAtTime=244441059 win=0 tElapsed=244441059 maxElapsed=244441059 interval=0 flags=0x9
12-20 14:54:56.759 V/AlarmManager(  646): set(PendingIntent{a2bae5c: PendingIntentRecord{ae17565 com.tal.genie.push broadcastIntent}}) : type=2 triggerAtTime=244461061 win=0 tElapsed=244461061 maxElapsed=244461061 interval=0 flags=0x9
12-20 14:54:56.764 V/AlarmManager(  646): set(PendingIntent{4e1f23a: PendingIntentRecord{eddfeeb com.tal.genie.push broadcastIntent}}) : type=2 triggerAtTime=244449077 win=0 tElapsed=244449077 maxElapsed=244449077 interval=0 flags=0x9
12-20 14:55:00.002 V/AlarmManager(  646): set(PendingIntent{336aa5c: PendingIntentRecord{556c165 android broadcastIntent}}) : type=3 triggerAtTime=244504314 win=0 tElapsed=244504314 maxElapsed=244504314 interval=0 flags=0x1
12-20 14:55:04.776 V/AlarmManager(  646): set(PendingIntent{90e6460: PendingIntentRecord{ff62d19 com.tal.genie.push broadcastIntent}}) : type=2 triggerAtTime=244469079 win=0 tElapsed=244469079 maxElapsed=244469079 interval=0 flags=0x9
12-20 14:55:04.780 V/AlarmManager(  646): set(PendingIntent{7e501de: PendingIntentRecord{2c79fbf com.tal.genie.push broadcastIntent}}) : type=2 triggerAtTime=244457092 win=0 tElapsed=244457092 maxElapsed=244457092 interval=0 flags=0x9
12-20 14:55:12.796 V/AlarmManager(  646): set(PendingIntent{ce96eb6: PendingIntentRecord{5e3c7b7 com.tal.genie.push broadcastIntent}}) : type=2 triggerAtTime=244477094 win=0 tElapsed=244477094 maxElapsed=244477094 interval=0 flags=0x9
12-20 14:55:12.800 V/AlarmManager(  646): set(PendingIntent{75ffb24: PendingIntentRecord{43b168d com.tal.genie.push broadcastIntent}}) : type=2 triggerAtTime=244465112 win=0 tElapsed=244465112 maxElapsed=244465112 interval=0 flags=0x9
12-20 14:55:20.813 V/AlarmManager(  646): set(PendingIntent{6558abc: PendingIntentRecord{c198a45 com.tal.genie.push broadcastIntent}}) : type=2 triggerAtTime=244485113 win=0 tElapsed=244485113 maxElapsed=244485113 interval=0 flags=0x9
12-20 14:55:20.816 V/AlarmManager(  646): set(PendingIntent{55f159a: PendingIntentRecord{12d4ecb com.tal.genie.push broadcastIntent}}) : type=2 triggerAtTime=244473128 win=0 tElapsed=244473128 maxElapsed=244473128 interval=0 flags=0x9
12-20 14:55:27.160 E/storaged(  453): getDiskStats failed with result NOT_SUPPORTED and size 0
12-20 14:55:28.828 V/AlarmManager(  646): set(PendingIntent{e22bdf2: PendingIntentRecord{5d6cc43 com.tal.genie.push broadcastIntent}}) : type=2 triggerAtTime=244493130 win=0 tElapsed=244493130 maxElapsed=244493130 interval=0 flags=0x9
12-20 14:55:28.832 V/AlarmManager(  646): set(PendingIntent{d8392c0: PendingIntentRecord{83c2bf9 com.tal.genie.push broadcastIntent}}) : type=2 triggerAtTime=244481144 win=0 tElapsed=244481144 maxElapsed=244481144 interval=0 flags=0x9
12-20 14:55:36.845 V/AlarmManager(  646): set(PendingIntent{7a8f9d8: PendingIntentRecord{4226131 com.tal.genie.push broadcastIntent}}) : type=2 triggerAtTime=244501146 win=0 tElapsed=244501146 maxElapsed=244501146 interval=0 flags=0x9
12-20 14:55:36.848 V/AlarmManager(  646): set(PendingIntent{9268016: PendingIntentRecord{76f6d97 com.tal.genie.push broadcastIntent}}) : type=2 triggerAtTime=244489160 win=0 tElapsed=244489160 maxElapsed=244489160 interval=0 flags=0x9
12-20 14:55:44.862 V/AlarmManager(  646): set(null) : type=2 triggerAtTime=244649162 win=119999 tElapsed=244649162 maxElapsed=244769161 interval=0 flags=0x8
12-20 14:55:44.862 V/AlarmManager(  646): set(PendingIntent{1a57bee: PendingIntentRecord{74c788f com.tal.genie.push broadcastIntent}}) : type=2 triggerAtTime=244509160 win=0 tElapsed=244509160 maxElapsed=244509160 interval=0 flags=0x9
12-20 14:55:44.864 V/AlarmManager(  646): set(null) : type=2 triggerAtTime=244504178 win=11250 tElapsed=244504178 maxElapsed=244515428 interval=0 flags=0x8
12-20 14:55:44.867 V/AlarmManager(  646): set(PendingIntent{b3d8f25: PendingIntentRecord{67168fa com.tal.genie.push broadcastIntent}}) : type=2 triggerAtTime=244497179 win=0 tElapsed=244497179 maxElapsed=244497179 interval=0 flags=0x9
12-20 14:55:48.608 D/WindowManager(  646): Receive Input KeyEvent of Powerkey down, interactive=true
12-20 14:55:48.612 W/ContextImpl( 1153): Calling a method in the system process without a qualified user: android.app.ContextImpl.sendBroadcast:1006 android.content.ContextWrapper.sendBroadcast:444 com.tal.genie.lockscreen.receiver.LockScreenReceiver.sendUnlockScreenOnBroadcast:155 com.tal.genie.lockscreen.receiver.LockScreenReceiver.onReceive:47 android.app.LoadedApk$ReceiverDispatcher$Args.lambda$getRunnable$0:1391 
12-20 14:55:48.632 W/ContextImpl( 1153): Calling a method in the system process without a qualified user: android.app.ContextImpl.sendBroadcast:1006 android.content.ContextWrapper.sendBroadcast:444 com.tal.genie.lockscreen.utils.PushNotificationDialogManager.sendPushNotificationStatus:54 com.tal.genie.lockscreen.utils.PushNotificationDialogManager.sendPushNotificationShow:23 com.tal.genie.lockscreen.activity.LockScreenActivity.onFinish:187 
12-20 14:55:48.764 D/WindowManager(  646): Receive Input KeyEvent of Powerkey up, interactive=true, canceled=false
12-20 14:55:48.764 D/WindowManager(  646): powerPress: eventTime=244492921 interactive=true count=1 beganFromNonInteractive=false mShortPressOnPowerBehavior=1
12-20 14:55:48.764 I/PowerManagerService(  646): Going to sleep due to power button (uid 1000)...
12-20 14:55:48.764 W/UsageStatsService(  646): Event reported without a package name
12-20 14:55:48.765 I/PowerManagerService(  646): Sleeping (uid 1000)...
12-20 14:55:48.765 I/DisplayPowerController(  646): Blocking screen off
12-20 14:55:48.765 I/DisplayPowerController(  646): Unblocked screen off after 1 ms
12-20 14:55:48.768 E/KernelCpuSpeedReader(  646): Failed to read cpu-freq: /sys/devices/system/cpu/cpu0/cpufreq/stats/time_in_state (No such file or directory)
12-20 14:55:48.777 D/WindowOrientationListener(  646): WindowOrientationListener disabled
12-20 14:55:48.781 I/DisplayManagerService(  646): Display device changed state: "", OFF
12-20 14:55:48.781 D/DisplayManagerService(  646): Delivering display event: displayId=0, event=2
12-20 14:55:48.842 V/WindowManager(  646): Changing focus from Window{8c49901 u0 com.tal.genie.launcher/com.tal.genie.lockscreen.activity.LockScreenActivity} to null Callers=com.android.server.wm.AppWindowToken.setVisibility:465 com.android.server.wm.AppWindowContainerController.setVisibility:452 com.android.server.am.ActivityRecord.setVisibility:1635 com.android.server.am.ActivityStack.prepareActivityHideTransitionAnimation:3810 
12-20 14:55:48.842 D/WindowManager(  646): Input focus has changed to null
12-20 14:55:48.843 I/WindowManager(  646): Focus moving from Window{8c49901 u0 com.tal.genie.launcher/com.tal.genie.lockscreen.activity.LockScreenActivity} to null
12-20 14:55:48.870 V/WindowManager(  646): Removing focused app token:AppWindowToken{a112acc token=Token{cf2ccff ActivityRecord{b79c1e u0 com.tal.genie.launcher/com.tal.genie.lockscreen.activity.LockScreenActivity t80}}}
12-20 14:55:48.893 I/WindowManager(  646): Relayout Window{38204e7 u0 com.tal.genie.launcher/com.tal.genie.launcher.ui.main.MainActivity}: oldVis=8 newVis=0 focusMayChange = true
12-20 14:55:48.899 V/WindowManager(  646): Changing focus from null to Window{38204e7 u0 com.tal.genie.launcher/com.tal.genie.launcher.ui.main.MainActivity} Callers=com.android.server.wm.WindowManagerService.relayoutWindow:2142 com.android.server.wm.Session.relayout:244 android.view.IWindowSession$Stub.onTransact:309 com.android.server.wm.Session.onTransact:164 
12-20 14:55:48.900 D/WindowManager(  646): Input focus has changed to Window{38204e7 u0 com.tal.genie.launcher/com.tal.genie.launcher.ui.main.MainActivity}
12-20 14:55:48.902 I/WindowManager(  646): Focus moving from null to Window{38204e7 u0 com.tal.genie.launcher/com.tal.genie.launcher.ui.main.MainActivity}
12-20 14:55:48.924 W/ContextImpl( 1153): Calling a method in the system process without a qualified user: android.app.ContextImpl.startService:1532 android.content.ContextWrapper.startService:664 android.content.ContextWrapper.startService:664 android.app.Activity.onEnterAnimationComplete:6662 android.app.Activity.dispatchEnterAnimationComplete:6673 
12-20 14:55:49.114 V/AlarmManager(  646): set(null) : type=2 triggerAtTime=248753428 win=300000 tElapsed=248753428 maxElapsed=249053428 interval=0 flags=0x8
12-20 14:55:50.627 D/WindowManager(  646): Receive Input KeyEvent of Powerkey down, interactive=false
12-20 14:55:50.629 I/PowerManagerService(  646): Waking up from sleep (uid=1000 reason=android.policy:POWER)...
12-20 14:55:50.629 W/UsageStatsService(  646): Event reported without a package name
12-20 14:55:50.629 D/WindowManager(  646): Receive Input KeyEvent of Powerkey up, interactive=true, canceled=false
12-20 14:55:50.629 I/DisplayPowerController(  646): Blocking screen on until initial contents have been drawn.
12-20 14:55:50.630 V/WindowManager(  646): Set focused app to: AppWindowToken{961b4c9 token=Token{4397cd0 ActivityRecord{f08d493 u0 com.tal.genie.launcher/.ui.main.MainActivity t2}}} old focus=null moveFocusNow=true
12-20 14:55:50.631 E/KernelCpuSpeedReader(  646): Failed to read cpu-freq: /sys/devices/system/cpu/cpu0/cpufreq/stats/time_in_state (No such file or directory)
12-20 14:55:50.649 D/DisplayManagerService(  646): Delivering display event: displayId=0, event=2
12-20 14:55:50.653 W/BroadcastQueue(  646): Background execution not allowed: receiving Intent { act=android.intent.action.USER_PRESENT flg=0x24200010 } to com.tal.genie.launcher/com.tal.genie.lockscreen.receiver.LockScreenReceiver
12-20 14:55:50.658 I/WindowManager(  646): Waiting for drawn Window{38204e7 u0 com.tal.genie.launcher/com.tal.genie.launcher.ui.main.MainActivity}: removed=false visible=true mHasSurface=true drawState=1
12-20 14:55:50.660 I/WindowManager(  646): Waiting for drawn Window{38204e7 u0 com.tal.genie.launcher/com.tal.genie.launcher.ui.main.MainActivity}: removed=false visible=true mHasSurface=true drawState=1
12-20 14:55:50.663 I/DisplayManagerService(  646): Display device changed state: "", ON
12-20 14:55:50.664 D/DisplayManagerService(  646): Delivering display event: displayId=0, event=2
12-20 14:55:50.664 V/AlarmManager(  646): set(null) : type=2 triggerAtTime=244509163 win=10638 tElapsed=244509163 maxElapsed=244519801 interval=0 flags=0x8
12-20 14:55:50.687 I/WindowManager(  646): Waiting for drawn Window{38204e7 u0 com.tal.genie.launcher/com.tal.genie.launcher.ui.main.MainActivity}: removed=false visible=true mHasSurface=true drawState=1
12-20 14:55:50.705 W/ContextImpl( 1153): Calling a method in the system process without a qualified user: android.app.ContextImpl.sendBroadcast:1006 android.content.ContextWrapper.sendBroadcast:444 com.tal.genie.lockscreen.receiver.LockScreenReceiver.sendUnlockScreenOnBroadcast:155 com.tal.genie.lockscreen.receiver.LockScreenReceiver.onReceive:47 android.app.LoadedApk$ReceiverDispatcher$Args.lambda$getRunnable$0:1391 
12-20 14:55:50.716 I/WindowManager(  646): Waiting for drawn Window{38204e7 u0 com.tal.genie.launcher/com.tal.genie.launcher.ui.main.MainActivity}: removed=false visible=true mHasSurface=true drawState=1
12-20 14:55:50.720 I/WindowManager(  646): Waiting for drawn Window{38204e7 u0 com.tal.genie.launcher/com.tal.genie.launcher.ui.main.MainActivity}: removed=false visible=true mHasSurface=true drawState=1
12-20 14:55:50.729 I/WindowManager(  646): Waiting for drawn Window{38204e7 u0 com.tal.genie.launcher/com.tal.genie.launcher.ui.main.MainActivity}: removed=false visible=true mHasSurface=true drawState=4
12-20 14:55:50.729 D/WindowManager(  646): Window drawn win=Window{38204e7 u0 com.tal.genie.launcher/com.tal.genie.launcher.ui.main.MainActivity}
12-20 14:55:50.729 D/WindowManager(  646): All windows drawn!
12-20 14:55:50.730 D/WindowOrientationListener(  646): WindowOrientationListener enabled clearCurrentRotation=true
12-20 14:55:50.734 I/DisplayPowerController(  646): Unblocked screen on after 105 ms
12-20 14:55:50.891 D/WindowManager(  646): Receive Input KeyEvent of Powerkey down, interactive=true
12-20 14:55:50.892 I/GestureLauncherService(  646): Power button double tap gesture detected, launching camera. Interval=264ms
12-20 14:55:50.895 W/ContextImpl( 1153): Calling a method in the system process without a qualified user: android.app.ContextImpl.sendBroadcast:1006 android.content.ContextWrapper.sendBroadcast:444 com.tal.genie.lockscreen.receiver.LockScreenReceiver.sendUnlockScreenOnBroadcast:155 com.tal.genie.lockscreen.receiver.LockScreenReceiver.onReceive:47 android.app.LoadedApk$ReceiverDispatcher$Args.lambda$getRunnable$0:1391 
12-20 14:55:50.987 W/PowerManagerService(  646): Screen on took 360 ms
12-20 14:55:51.084 D/WindowManager(  646): Receive Input KeyEvent of Powerkey up, interactive=true, canceled=false
12-20 14:55:52.360 W/ContextImpl( 1153): Calling a method in the system process without a qualified user: android.app.ContextImpl.sendBroadcast:1006 android.content.ContextWrapper.sendBroadcast:444 android.content.ContextWrapper.sendBroadcast:444 android.view.View.dispatchTouchEvent:12526 android.view.ViewGroup.dispatchTransformedTouchEvent:3077 
12-20 14:55:52.874 V/AlarmManager(  646): set(PendingIntent{ce4412d: PendingIntentRecord{ed9a662 com.tal.genie.push broadcastIntent}}) : type=2 triggerAtTime=244517182 win=0 tElapsed=244517182 maxElapsed=244517182 interval=0 flags=0x9
12-20 14:55:52.879 V/AlarmManager(  646): set(PendingIntent{529e3f3: PendingIntentRecord{73c48b0 com.tal.genie.push broadcastIntent}}) : type=2 triggerAtTime=244505190 win=0 tElapsed=244505190 maxElapsed=244505190 interval=0 flags=0x9
12-20 14:55:54.008 W/ContextImpl( 1153): Calling a method in the system process without a qualified user: android.app.ContextImpl.sendBroadcast:1006 android.content.ContextWrapper.sendBroadcast:444 android.content.ContextWrapper.sendBroadcast:444 android.view.View.dispatchTouchEvent:12526 android.view.ViewGroup.dispatchTransformedTouchEvent:3077 
12-20 14:55:55.021 I/ActivityManager(  646): START u0 {dat=genie://www.tal.com/fingerRead flg=0x10000000 cmp=com.tal.genie.voice/com.tal.genie.dicbook.cread.ClickReadActivity} from uid 1000
12-20 14:55:55.051 D/DisplayManagerService(  646): Delivering display event: displayId=0, event=2
12-20 14:55:55.053 V/WindowManager(  646): Set focused app to: AppWindowToken{f247dc8 token=Token{adbde6b ActivityRecord{fb59fba u0 com.tal.genie.voice/com.tal.genie.dicbook.cread.ClickReadActivity t81}}} old focus=AppWindowToken{961b4c9 token=Token{4397cd0 ActivityRecord{f08d493 u0 com.tal.genie.launcher/.ui.main.MainActivity t2}}} moveFocusNow=true
12-20 14:55:55.053 V/WindowManager(  646): findFocusedWindow: Reached focused app=AppWindowToken{f247dc8 token=Token{adbde6b ActivityRecord{fb59fba u0 com.tal.genie.voice/com.tal.genie.dicbook.cread.ClickReadActivity t81}}}
12-20 14:55:55.053 V/WindowManager(  646): Changing focus from Window{38204e7 u0 com.tal.genie.launcher/com.tal.genie.launcher.ui.main.MainActivity} to null Callers=com.android.server.wm.WindowManagerService.setFocusedApp:2638 com.android.server.am.ActivityManagerService.setResumedActivityUncheckLocked:3631 com.android.server.am.ActivityStack.onActivityStateChanged:498 com.android.server.am.TaskRecord.onActivityStateChanged:1794 
12-20 14:55:55.053 D/WindowManager(  646): Input focus has changed to null
12-20 14:55:55.054 W/ActivityManager(  646): Request to remove task ignored for non-existent task 80
12-20 14:55:55.058 I/WindowManager(  646): Focus moving from Window{38204e7 u0 com.tal.genie.launcher/com.tal.genie.launcher.ui.main.MainActivity} to null
12-20 14:55:55.180 I/WindowManager(  646): Relayout Window{ec7673f u0 com.tal.genie.voice/com.tal.genie.dicbook.cread.ClickReadActivity}: oldVis=4 newVis=0 focusMayChange = true
12-20 14:55:55.193 V/WindowManager(  646): Changing focus from null to Window{ec7673f u0 com.tal.genie.voice/com.tal.genie.dicbook.cread.ClickReadActivity} Callers=com.android.server.wm.WindowManagerService.relayoutWindow:2142 com.android.server.wm.Session.relayout:244 android.view.IWindowSession$Stub.onTransact:309 com.android.server.wm.Session.onTransact:164 
12-20 14:55:55.193 D/WindowManager(  646): Input focus has changed to Window{ec7673f u0 com.tal.genie.voice/com.tal.genie.dicbook.cread.ClickReadActivity}
12-20 14:55:55.194 I/WindowManager(  646): Focus moving from null to Window{ec7673f u0 com.tal.genie.voice/com.tal.genie.dicbook.cread.ClickReadActivity}
12-20 14:56:00.002 V/AlarmManager(  646): set(PendingIntent{336aa5c: PendingIntentRecord{556c165 android broadcastIntent}}) : type=3 triggerAtTime=244564314 win=0 tElapsed=244564314 maxElapsed=244564314 interval=0 flags=0x1
12-20 14:56:00.892 V/AlarmManager(  646): set(PendingIntent{388340e: PendingIntentRecord{1ae9e2f com.tal.genie.push broadcastIntent}}) : type=2 triggerAtTime=244525192 win=0 tElapsed=244525192 maxElapsed=244525192 interval=0 flags=0x9
12-20 14:56:00.895 V/AlarmManager(  646): set(PendingIntent{2e5dc3c: PendingIntentRecord{7613dc5 com.tal.genie.push broadcastIntent}}) : type=2 triggerAtTime=244513207 win=0 tElapsed=244513207 maxElapsed=244513207 interval=0 flags=0x9
12-20 14:56:04.852 V/AlarmManager(  646): set(null) : type=2 triggerAtTime=244529166 win=15000 tElapsed=244529166 maxElapsed=244544166 interval=0 flags=0x8
12-20 14:56:04.867 V/AlarmManager(  646): set(null) : type=2 triggerAtTime=244524181 win=11250 tElapsed=244524181 maxElapsed=244535431 interval=0 flags=0x8
12-20 14:56:07.602 V/AlarmManager(  646): set(null) : type=2 triggerAtTime=244527235 win=11489 tElapsed=244527235 maxElapsed=244538724 interval=0 flags=0x0
12-20 14:56:07.603 V/AlarmManager(  646): set(null) : type=2 triggerAtTime=244827235 win=236488 tElapsed=244827235 maxElapsed=245063723 interval=0 flags=0x0
12-20 14:56:08.916 V/AlarmManager(  646): set(PendingIntent{38a28d5: PendingIntentRecord{40278ea com.tal.genie.push broadcastIntent}}) : type=2 triggerAtTime=244533209 win=0 tElapsed=244533209 maxElapsed=244533209 interval=0 flags=0x9
12-20 14:56:08.921 V/AlarmManager(  646): set(PendingIntent{4e0f7db: PendingIntentRecord{db07278 com.tal.genie.push broadcastIntent}}) : type=2 triggerAtTime=244521232 win=0 tElapsed=244521232 maxElapsed=244521232 interval=0 flags=0x9
12-20 14:56:16.935 V/AlarmManager(  646): set(PendingIntent{3148753: PendingIntentRecord{e2b1890 com.tal.genie.push broadcastIntent}}) : type=2 triggerAtTime=244541234 win=0 tElapsed=244541234 maxElapsed=244541234 interval=0 flags=0x9
12-20 14:56:16.940 V/AlarmManager(  646): set(PendingIntent{9358589: PendingIntentRecord{b6fc98e com.tal.genie.push broadcastIntent}}) : type=2 triggerAtTime=244529252 win=0 tElapsed=244529252 maxElapsed=244529252 interval=0 flags=0x9
12-20 14:56:24.853 V/AlarmManager(  646): set(null) : type=2 triggerAtTime=259214759 win=11014194 tElapsed=259214759 maxElapsed=270228953 interval=0 flags=0x0
12-20 14:56:24.857 V/AlarmManager(  646): set(null) : type=2 triggerAtTime=244569168 win=30000 tElapsed=244569168 maxElapsed=244599168 interval=0 flags=0x8
12-20 14:56:24.885 V/AlarmManager(  646): set(null) : type=2 triggerAtTime=244544199 win=11250 tElapsed=244544199 maxElapsed=244555449 interval=0 flags=0x8
12-20 14:56:24.887 V/AlarmManager(  646): set(null) : type=2 triggerAtTime=259214759 win=11014168 tElapsed=259214759 maxElapsed=270228927 interval=0 flags=0x0
12-20 14:56:24.888 V/AlarmManager(  646): set(null) : type=2 triggerAtTime=244827242 win=223530 tElapsed=244827242 maxElapsed=245050772 interval=0 flags=0x0
12-20 14:56:24.889 V/AlarmManager(  646): set(null) : type=2 triggerAtTime=245427235 win=673524 tElapsed=245427235 maxElapsed=246100759 interval=0 flags=0x0
12-20 14:56:24.899 V/AlarmManager(  646): set(null) : type=2 triggerAtTime=245427235 win=673516 tElapsed=245427235 maxElapsed=246100751 interval=0 flags=0x0
12-20 14:56:24.900 V/AlarmManager(  646): set(null) : type=2 triggerAtTime=245727235 win=898515 tElapsed=245727235 maxElapsed=246625750 interval=0 flags=0x0
12-20 14:56:24.950 V/AlarmManager(  646): set(PendingIntent{e29f89f: PendingIntentRecord{b997dec com.tal.genie.push broadcastIntent}}) : type=2 triggerAtTime=244549253 win=0 tElapsed=244549253 maxElapsed=244549253 interval=0 flags=0x9
12-20 14:56:24.958 V/AlarmManager(  646): set(PendingIntent{540b5b5: PendingIntentRecord{2e8b44a com.tal.genie.push broadcastIntent}}) : type=2 triggerAtTime=244537265 win=0 tElapsed=244537265 maxElapsed=244537265 interval=0 flags=0x9
12-20 14:56:27.161 E/storaged(  453): getDiskStats failed with result NOT_SUPPORTED and size 0
12-20 14:56:32.965 V/AlarmManager(  646): set(PendingIntent{fee66d: PendingIntentRecord{c0b82a2 com.tal.genie.push broadcastIntent}}) : type=2 triggerAtTime=244557267 win=0 tElapsed=244557267 maxElapsed=244557267 interval=0 flags=0x9
12-20 14:56:32.970 V/AlarmManager(  646): set(PendingIntent{e002b33: PendingIntentRecord{fae1ef0 com.tal.genie.push broadcastIntent}}) : type=2 triggerAtTime=244545282 win=0 tElapsed=244545282 maxElapsed=244545282 interval=0 flags=0x9
12-20 14:56:36.188 V/AlarmManager(  646): set(null) : type=2 triggerAtTime=245427235 win=665049 tElapsed=245427235 maxElapsed=246092284 interval=0 flags=0x0
12-20 14:56:36.190 V/AlarmManager(  646): set(null) : type=2 triggerAtTime=245727235 win=890048 tElapsed=245727235 maxElapsed=246617283 interval=0 flags=0x0
12-20 14:56:40.991 V/AlarmManager(  646): set(PendingIntent{98a77d: PendingIntentRecord{bb59672 com.tal.genie.push broadcastIntent}}) : type=2 triggerAtTime=244565284 win=0 tElapsed=244565284 maxElapsed=244565284 interval=0 flags=0x9
12-20 14:56:40.995 V/AlarmManager(  646): set(PendingIntent{e53fac3: PendingIntentRecord{5fb5f40 com.tal.genie.push broadcastIntent}}) : type=2 triggerAtTime=244553307 win=0 tElapsed=244553307 maxElapsed=244553307 interval=0 flags=0x9
12-20 14:56:49.017 V/AlarmManager(  646): set(PendingIntent{4b7ff3b: PendingIntentRecord{4bdd658 com.tal.genie.push broadcastIntent}}) : type=2 triggerAtTime=244573311 win=0 tElapsed=244573311 maxElapsed=244573311 interval=0 flags=0x9
12-20 14:56:49.022 V/AlarmManager(  646): set(PendingIntent{c3343b1: PendingIntentRecord{c59f096 com.tal.genie.push broadcastIntent}}) : type=2 triggerAtTime=244561335 win=0 tElapsed=244561335 maxElapsed=244561335 interval=0 flags=0x9
12-20 14:56:57.034 V/AlarmManager(  646): set(PendingIntent{9451870: PendingIntentRecord{8c67c6e com.tal.genie.push broadcastIntent}}) : type=2 triggerAtTime=244581336 win=0 tElapsed=244581336 maxElapsed=244581336 interval=0 flags=0x9
12-20 14:56:57.037 V/AlarmManager(  646): set(PendingIntent{180af0f: PendingIntentRecord{dbb4b9c com.tal.genie.push broadcastIntent}}) : type=2 triggerAtTime=244569350 win=0 tElapsed=244569350 maxElapsed=244569350 interval=0 flags=0x9
12-20 14:57:00.002 V/AlarmManager(  646): set(PendingIntent{336aa5c: PendingIntentRecord{556c165 android broadcastIntent}}) : type=3 triggerAtTime=244624314 win=0 tElapsed=244624314 maxElapsed=244624314 interval=0 flags=0x1
12-20 14:57:04.258 V/AlarmManager(  646): set(null) : type=2 triggerAtTime=245427235 win=643997 tElapsed=245427235 maxElapsed=246071232 interval=0 flags=0x0
12-20 14:57:04.260 V/AlarmManager(  646): set(null) : type=2 triggerAtTime=245727235 win=868995 tElapsed=245727235 maxElapsed=246596230 interval=0 flags=0x0
12-20 14:57:04.856 V/AlarmManager(  646): set(null) : type=2 triggerAtTime=244649170 win=60000 tElapsed=244649170 maxElapsed=244709170 interval=0 flags=0x8
12-20 14:57:05.052 V/AlarmManager(  646): set(PendingIntent{12fe0ec: PendingIntentRecord{a72dcb5 com.tal.genie.push broadcastIntent}}) : type=2 triggerAtTime=244589352 win=0 tElapsed=244589352 maxElapsed=244589352 interval=0 flags=0x9
12-20 14:57:05.058 V/AlarmManager(  646): set(PendingIntent{b254f4a: PendingIntentRecord{a477ebb com.tal.genie.push broadcastIntent}}) : type=2 triggerAtTime=244577368 win=0 tElapsed=244577368 maxElapsed=244577368 interval=0 flags=0x9
12-20 14:57:13.068 V/AlarmManager(  646): set(PendingIntent{5e07da2: PendingIntentRecord{4290a33 com.tal.genie.push broadcastIntent}}) : type=2 triggerAtTime=244597369 win=0 tElapsed=244597369 maxElapsed=244597369 interval=0 flags=0x9
12-20 14:57:13.072 V/AlarmManager(  646): set(PendingIntent{d0711f0: PendingIntentRecord{319f369 com.tal.genie.push broadcastIntent}}) : type=2 triggerAtTime=244585384 win=0 tElapsed=244585384 maxElapsed=244585384 interval=0 flags=0x9
12-20 14:57:21.083 V/AlarmManager(  646): set(PendingIntent{fd72f08: PendingIntentRecord{723a6a1 com.tal.genie.push broadcastIntent}}) : type=2 triggerAtTime=244605388 win=0 tElapsed=244605388 maxElapsed=244605388 interval=0 flags=0x9
12-20 14:57:21.086 V/AlarmManager(  646): set(PendingIntent{87930c6: PendingIntentRecord{79a4887 com.tal.genie.push broadcastIntent}}) : type=2 triggerAtTime=244593398 win=0 tElapsed=244593398 maxElapsed=244593398 interval=0 flags=0x9
12-20 14:57:27.162 E/storaged(  453): getDiskStats failed with result NOT_SUPPORTED and size 0
12-20 14:57:29.098 V/AlarmManager(  646): set(PendingIntent{b27929e: PendingIntentRecord{2b9c17f com.tal.genie.push broadcastIntent}}) : type=2 triggerAtTime=244613399 win=0 tElapsed=244613399 maxElapsed=244613399 interval=0 flags=0x9
12-20 14:57:29.119 V/AlarmManager(  646): set(PendingIntent{946454c: PendingIntentRecord{d0d995 com.tal.genie.push broadcastIntent}}) : type=2 triggerAtTime=244601422 win=0 tElapsed=244601422 maxElapsed=244601422 interval=0 flags=0x9
12-20 14:57:31.520 V/AlarmManager(  646): set(null) : type=2 triggerAtTime=245427235 win=623550 tElapsed=245427235 maxElapsed=246050785 interval=0 flags=0x0
12-20 14:57:31.522 V/AlarmManager(  646): set(null) : type=2 triggerAtTime=245727235 win=848549 tElapsed=245727235 maxElapsed=246575784 interval=0 flags=0x0
12-20 14:57:37.125 V/AlarmManager(  646): set(PendingIntent{3b6276e: PendingIntentRecord{1a67e0f com.tal.genie.push broadcastIntent}}) : type=2 triggerAtTime=244621425 win=0 tElapsed=244621425 maxElapsed=244621425 interval=0 flags=0x9
12-20 14:57:37.129 V/AlarmManager(  646): set(PendingIntent{ce66e9c: PendingIntentRecord{c78d0a5 com.tal.genie.push broadcastIntent}}) : type=2 triggerAtTime=244609442 win=0 tElapsed=244609442 maxElapsed=244609442 interval=0 flags=0x9
12-20 14:57:45.142 V/AlarmManager(  646): set(PendingIntent{1d7f534: PendingIntentRecord{fe16f5d com.tal.genie.push broadcastIntent}}) : type=2 triggerAtTime=244629443 win=0 tElapsed=244629443 maxElapsed=244629443 interval=0 flags=0x9
12-20 14:57:45.146 V/AlarmManager(  646): set(PendingIntent{1d8f0d2: PendingIntentRecord{72ab5a3 com.tal.genie.push broadcastIntent}}) : type=2 triggerAtTime=244617458 win=0 tElapsed=244617458 maxElapsed=244617458 interval=0 flags=0x9
12-20 14:57:53.164 V/AlarmManager(  646): set(PendingIntent{725c82a: PendingIntentRecord{88f361b com.tal.genie.push broadcastIntent}}) : type=2 triggerAtTime=244637460 win=0 tElapsed=244637460 maxElapsed=244637460 interval=0 flags=0x9
12-20 14:57:53.170 V/AlarmManager(  646): set(PendingIntent{b5873b8: PendingIntentRecord{3b8591 com.tal.genie.push broadcastIntent}}) : type=2 triggerAtTime=244625482 win=0 tElapsed=244625482 maxElapsed=244625482 interval=0 flags=0x9
12-20 14:58:00.003 V/AlarmManager(  646): set(PendingIntent{336aa5c: PendingIntentRecord{556c165 android broadcastIntent}}) : type=3 triggerAtTime=244684314 win=0 tElapsed=244684314 maxElapsed=244684314 interval=0 flags=0x1
12-20 14:58:01.185 V/AlarmManager(  646): set(PendingIntent{b5055c9: PendingIntentRecord{dcdf4ce com.tal.genie.push broadcastIntent}}) : type=2 triggerAtTime=244645484 win=0 tElapsed=244645484 maxElapsed=244645484 interval=0 flags=0x9
12-20 14:58:01.190 V/AlarmManager(  646): set(PendingIntent{8f56afc: PendingIntentRecord{1ff8585 com.tal.genie.push broadcastIntent}}) : type=2 triggerAtTime=244633503 win=0 tElapsed=244633503 maxElapsed=244633503 interval=0 flags=0x9
12-20 14:58:01.203 V/AlarmManager(  646): set(null) : type=2 triggerAtTime=245427235 win=601288 tElapsed=245427235 maxElapsed=246028523 interval=0 flags=0x0
12-20 14:58:01.203 V/AlarmManager(  646): set(null) : type=2 triggerAtTime=245727235 win=826287 tElapsed=245727235 maxElapsed=246553522 interval=0 flags=0x0
12-20 14:58:09.207 V/AlarmManager(  646): set(PendingIntent{dbf507f: PendingIntentRecord{636284c com.tal.genie.push broadcastIntent}}) : type=2 triggerAtTime=244653504 win=0 tElapsed=244653504 maxElapsed=244653504 interval=0 flags=0x9
12-20 14:58:09.212 V/AlarmManager(  646): set(PendingIntent{c1e8095: PendingIntentRecord{c6855aa com.tal.genie.push broadcastIntent}}) : type=2 triggerAtTime=244641524 win=0 tElapsed=244641524 maxElapsed=244641524 interval=0 flags=0x9
12-20 14:58:17.230 V/AlarmManager(  646): set(PendingIntent{aaf2d4d: PendingIntentRecord{2f1f002 com.tal.genie.push broadcastIntent}}) : type=2 triggerAtTime=244661525 win=0 tElapsed=244661525 maxElapsed=244661525 interval=0 flags=0x9
12-20 14:58:17.235 V/AlarmManager(  646): set(PendingIntent{baffd13: PendingIntentRecord{8bcbb50 com.tal.genie.push broadcastIntent}}) : type=2 triggerAtTime=244649547 win=0 tElapsed=244649547 maxElapsed=244649547 interval=0 flags=0x9
12-20 14:58:24.858 V/AlarmManager(  646): set(null) : type=2 triggerAtTime=244729172 win=60000 tElapsed=244729172 maxElapsed=244789172 interval=0 flags=0x8
12-20 14:58:24.871 V/AlarmManager(  646): set(null) : type=2 triggerAtTime=244664185 win=11250 tElapsed=244664185 maxElapsed=244675435 interval=0 flags=0x8
12-20 14:58:25.253 V/AlarmManager(  646): set(PendingIntent{c09e081: PendingIntentRecord{7621526 com.tal.genie.push broadcastIntent}}) : type=2 triggerAtTime=244669549 win=0 tElapsed=244669549 maxElapsed=244669549 interval=0 flags=0x9
12-20 14:58:25.267 V/AlarmManager(  646): set(PendingIntent{898c567: PendingIntentRecord{9db9f14 com.tal.genie.push broadcastIntent}}) : type=2 triggerAtTime=244657579 win=0 tElapsed=244657579 maxElapsed=244657579 interval=0 flags=0x9
12-20 14:58:27.163 E/storaged(  453): getDiskStats failed with result NOT_SUPPORTED and size 0
12-20 14:58:30.882 V/AlarmManager(  646): set(null) : type=2 triggerAtTime=245427235 win=579029 tElapsed=245427235 maxElapsed=246006264 interval=0 flags=0x0
12-20 14:58:30.884 V/AlarmManager(  646): set(null) : type=2 triggerAtTime=245727235 win=804027 tElapsed=245727235 maxElapsed=246531262 interval=0 flags=0x0
12-20 14:58:33.284 V/AlarmManager(  646): set(PendingIntent{c1a9c91: PendingIntentRecord{c2f07f6 com.tal.genie.push broadcastIntent}}) : type=2 triggerAtTime=244677580 win=0 tElapsed=244677580 maxElapsed=244677580 interval=0 flags=0x9
12-20 14:58:33.289 V/AlarmManager(  646): set(PendingIntent{2b787f7: PendingIntentRecord{39c5664 com.tal.genie.push broadcastIntent}}) : type=2 triggerAtTime=244665600 win=0 tElapsed=244665600 maxElapsed=244665600 interval=0 flags=0x9
12-20 14:58:41.306 V/AlarmManager(  646): set(PendingIntent{f717eef: PendingIntentRecord{3da0dfc com.tal.genie.push broadcastIntent}}) : type=2 triggerAtTime=244685602 win=0 tElapsed=244685602 maxElapsed=244685602 interval=0 flags=0x9
12-20 14:58:41.310 V/AlarmManager(  646): set(PendingIntent{102ec85: PendingIntentRecord{62d6ada com.tal.genie.push broadcastIntent}}) : type=2 triggerAtTime=244673622 win=0 tElapsed=244673622 maxElapsed=244673622 interval=0 flags=0x9
12-20 14:58:49.329 V/AlarmManager(  646): set(PendingIntent{457273d: PendingIntentRecord{d3e7b32 com.tal.genie.push broadcastIntent}}) : type=2 triggerAtTime=244693627 win=0 tElapsed=244693627 maxElapsed=244693627 interval=0 flags=0x9
12-20 14:58:49.334 V/AlarmManager(  646): set(PendingIntent{7cfe083: PendingIntentRecord{23cb200 com.tal.genie.push broadcastIntent}}) : type=2 triggerAtTime=244681644 win=0 tElapsed=244681644 maxElapsed=244681644 interval=0 flags=0x9
12-20 14:58:57.348 V/AlarmManager(  646): set(PendingIntent{192dcfb: PendingIntentRecord{ffec118 com.tal.genie.push broadcastIntent}}) : type=2 triggerAtTime=244701645 win=0 tElapsed=244701645 maxElapsed=244701645 interval=0 flags=0x9
12-20 14:58:57.360 V/AlarmManager(  646): set(PendingIntent{eddb771: PendingIntentRecord{4b1b956 com.tal.genie.push broadcastIntent}}) : type=2 triggerAtTime=244689672 win=0 tElapsed=244689672 maxElapsed=244689672 interval=0 flags=0x9
12-20 14:59:00.002 V/AlarmManager(  646): set(PendingIntent{336aa5c: PendingIntentRecord{556c165 android broadcastIntent}}) : type=3 triggerAtTime=244744314 win=0 tElapsed=244744314 maxElapsed=244744314 interval=0 flags=0x1
12-20 14:59:00.143 V/AlarmManager(  646): set(null) : type=2 triggerAtTime=245427235 win=557083 tElapsed=245427235 maxElapsed=245984318 interval=0 flags=0x0
12-20 14:59:00.144 V/AlarmManager(  646): set(null) : type=2 triggerAtTime=245727235 win=782082 tElapsed=245727235 maxElapsed=246509317 interval=0 flags=0x0
12-20 14:59:05.375 V/AlarmManager(  646): set(PendingIntent{22fa026: PendingIntentRecord{476f467 com.tal.genie.push broadcastIntent}}) : type=2 triggerAtTime=244709672 win=0 tElapsed=244709672 maxElapsed=244709672 interval=0 flags=0x9
12-20 14:59:05.380 V/AlarmManager(  646): set(PendingIntent{3c7a214: PendingIntentRecord{eda4abd com.tal.genie.push broadcastIntent}}) : type=2 triggerAtTime=244697692 win=0 tElapsed=244697692 maxElapsed=244697692 interval=0 flags=0x9
12-20 14:59:13.395 V/AlarmManager(  646): set(PendingIntent{74d1fac: PendingIntentRecord{6851475 com.tal.genie.push broadcastIntent}}) : type=2 triggerAtTime=244717694 win=0 tElapsed=244717694 maxElapsed=244717694 interval=0 flags=0x9
12-20 14:59:13.402 V/AlarmManager(  646): set(PendingIntent{a638c0a: PendingIntentRecord{ac9dc7b com.tal.genie.push broadcastIntent}}) : type=2 triggerAtTime=244705711 win=0 tElapsed=244705711 maxElapsed=244705711 interval=0 flags=0x9
12-20 14:59:21.417 V/AlarmManager(  646): set(PendingIntent{5185d2d: PendingIntentRecord{5919262 com.tal.genie.push broadcastIntent}}) : type=2 triggerAtTime=244725713 win=0 tElapsed=244725713 maxElapsed=244725713 interval=0 flags=0x9
12-20 14:59:21.421 V/AlarmManager(  646): set(PendingIntent{4a414b0: PendingIntentRecord{84a9f29 com.tal.genie.push broadcastIntent}}) : type=2 triggerAtTime=244713734 win=0 tElapsed=244713734 maxElapsed=244713734 interval=0 flags=0x9
12-20 14:59:27.163 E/storaged(  453): getDiskStats failed with result NOT_SUPPORTED and size 0
12-20 14:59:28.175 V/AlarmManager(  646): set(null) : type=2 triggerAtTime=245427235 win=536059 tElapsed=245427235 maxElapsed=245963294 interval=0 flags=0x0
12-20 14:59:28.177 V/AlarmManager(  646): set(null) : type=2 triggerAtTime=245727235 win=761058 tElapsed=245727235 maxElapsed=246488293 interval=0 flags=0x0
12-20 14:59:29.438 V/AlarmManager(  646): set(PendingIntent{3fb632: PendingIntentRecord{14fff83 com.tal.genie.push broadcastIntent}}) : type=2 triggerAtTime=244733736 win=0 tElapsed=244733736 maxElapsed=244733736 interval=0 flags=0x9
12-20 14:59:29.445 V/AlarmManager(  646): set(PendingIntent{13be500: PendingIntentRecord{446b139 com.tal.genie.push broadcastIntent}}) : type=2 triggerAtTime=244721757 win=0 tElapsed=244721757 maxElapsed=244721757 interval=0 flags=0x9
12-20 14:59:37.461 V/AlarmManager(  646): set(PendingIntent{3515418: PendingIntentRecord{3d04e71 com.tal.genie.push broadcastIntent}}) : type=2 triggerAtTime=244741758 win=0 tElapsed=244741758 maxElapsed=244741758 interval=0 flags=0x9
12-20 14:59:37.465 V/AlarmManager(  646): set(PendingIntent{3fe0456: PendingIntentRecord{8fe3cd7 com.tal.genie.push broadcastIntent}}) : type=2 triggerAtTime=244729777 win=0 tElapsed=244729777 maxElapsed=244729777 interval=0 flags=0x9
12-20 14:59:44.860 V/AlarmManager(  646): set(null) : type=2 triggerAtTime=244889174 win=120000 tElapsed=244889174 maxElapsed=245009174 interval=0 flags=0x8
12-20 14:59:44.882 V/AlarmManager(  646): set(null) : type=2 triggerAtTime=244744196 win=11250 tElapsed=244744196 maxElapsed=244755446 interval=0 flags=0x8
12-20 14:59:45.483 V/AlarmManager(  646): set(PendingIntent{cca5d5c: PendingIntentRecord{bc3f865 com.tal.genie.push broadcastIntent}}) : type=2 triggerAtTime=244749779 win=0 tElapsed=244749779 maxElapsed=244749779 interval=0 flags=0x9
12-20 14:59:45.490 V/AlarmManager(  646): set(PendingIntent{b3db93a: PendingIntentRecord{493b9eb com.tal.genie.push broadcastIntent}}) : type=2 triggerAtTime=244737801 win=0 tElapsed=244737801 maxElapsed=244737801 interval=0 flags=0x9
12-20 14:59:53.501 V/AlarmManager(  646): set(PendingIntent{17e3592: PendingIntentRecord{7fb7b63 com.tal.genie.push broadcastIntent}}) : type=2 triggerAtTime=244757801 win=0 tElapsed=244757801 maxElapsed=244757801 interval=0 flags=0x9
12-20 14:59:53.509 V/AlarmManager(  646): set(PendingIntent{73de360: PendingIntentRecord{ce14019 com.tal.genie.push broadcastIntent}}) : type=2 triggerAtTime=244745818 win=0 tElapsed=244745818 maxElapsed=244745818 interval=0 flags=0x9
12-20 14:59:56.786 V/AlarmManager(  646): set(null) : type=2 triggerAtTime=245427235 win=514601 tElapsed=245427235 maxElapsed=245941836 interval=0 flags=0x0
12-20 14:59:56.787 V/AlarmManager(  646): set(null) : type=2 triggerAtTime=245727235 win=739600 tElapsed=245727235 maxElapsed=246466835 interval=0 flags=0x0
12-20 15:00:00.002 V/AlarmManager(  646): set(PendingIntent{336aa5c: PendingIntentRecord{556c165 android broadcastIntent}}) : type=3 triggerAtTime=244804314 win=0 tElapsed=244804314 maxElapsed=244804314 interval=0 flags=0x1
12-20 15:00:01.520 V/AlarmManager(  646): set(PendingIntent{3ac07b0: PendingIntentRecord{cb71629 com.tal.genie.push broadcastIntent}}) : type=2 triggerAtTime=244765821 win=0 tElapsed=244765821 maxElapsed=244765821 interval=0 flags=0x9
12-20 15:00:01.524 V/AlarmManager(  646): set(PendingIntent{f6b1dae: PendingIntentRecord{63ad74f com.tal.genie.push broadcastIntent}}) : type=2 triggerAtTime=244753836 win=0 tElapsed=244753836 maxElapsed=244753836 interval=0 flags=0x9
12-20 15:00:09.537 V/AlarmManager(  646): set(PendingIntent{9fd3486: PendingIntentRecord{c746147 com.tal.genie.push broadcastIntent}}) : type=2 triggerAtTime=244773837 win=0 tElapsed=244773837 maxElapsed=244773837 interval=0 flags=0x9
12-20 15:00:09.549 V/AlarmManager(  646): set(PendingIntent{71b3d74: PendingIntentRecord{f0ab29d com.tal.genie.push broadcastIntent}}) : type=2 triggerAtTime=244761861 win=0 tElapsed=244761861 maxElapsed=244761861 interval=0 flags=0x9
12-20 15:00:17.556 V/AlarmManager(  646): set(PendingIntent{b4cc70c: PendingIntentRecord{39e9855 com.tal.genie.push broadcastIntent}}) : type=2 triggerAtTime=244781862 win=0 tElapsed=244781862 maxElapsed=244781862 interval=0 flags=0x9
12-20 15:00:17.558 V/AlarmManager(  646): set(PendingIntent{3aef26a: PendingIntentRecord{755b35b com.tal.genie.push broadcastIntent}}) : type=2 triggerAtTime=244769871 win=0 tElapsed=244769871 maxElapsed=244769871 interval=0 flags=0x9
12-20 15:00:25.251 V/AlarmManager(  646): set(null) : type=2 triggerAtTime=245427235 win=493253 tElapsed=245427235 maxElapsed=245920488 interval=0 flags=0x0
12-20 15:00:25.254 V/AlarmManager(  646): set(null) : type=2 triggerAtTime=245727235 win=718251 tElapsed=245727235 maxElapsed=246445486 interval=0 flags=0x0
12-20 15:00:25.570 V/AlarmManager(  646): set(PendingIntent{794805c: PendingIntentRecord{c7edf65 com.tal.genie.push broadcastIntent}}) : type=2 triggerAtTime=244789871 win=0 tElapsed=244789871 maxElapsed=244789871 interval=0 flags=0x9
12-20 15:00:25.575 V/AlarmManager(  646): set(PendingIntent{734143a: PendingIntentRecord{e3278eb com.tal.genie.push broadcastIntent}}) : type=2 triggerAtTime=244777888 win=0 tElapsed=244777888 maxElapsed=244777888 interval=0 flags=0x9
12-20 15:00:27.164 E/storaged(  453): getDiskStats failed with result NOT_SUPPORTED and size 0
12-20 15:00:33.590 V/AlarmManager(  646): set(PendingIntent{342961d: PendingIntentRecord{484f092 com.tal.genie.push broadcastIntent}}) : type=2 triggerAtTime=244797888 win=0 tElapsed=244797888 maxElapsed=244797888 interval=0 flags=0x9
12-20 15:00:33.602 V/AlarmManager(  646): set(PendingIntent{77e9660: PendingIntentRecord{f77719 com.tal.genie.push broadcastIntent}}) : type=2 triggerAtTime=244785910 win=0 tElapsed=244785910 maxElapsed=244785910 interval=0 flags=0x9
12-20 15:00:41.610 V/AlarmManager(  646): set(PendingIntent{a4cd178: PendingIntentRecord{557f051 com.tal.genie.push broadcastIntent}}) : type=2 triggerAtTime=244805912 win=0 tElapsed=244805912 maxElapsed=244805912 interval=0 flags=0x9
