12-21 11:06:14.219 D/PowerAQLib(  288): mbdrc_process, input_bytes 8192, output_bytes 8192
12-21 11:06:14.219 D/PowerAQLib(  288): bypass_process!
12-21 11:06:14.259 D/PowerAQLib(  288): chmix_process!
12-21 11:06:14.261 D/PowerAQLib(  288): mbdrc_process, input_bytes 8192, output_bytes 8192
12-21 11:06:14.261 D/PowerAQLib(  288): result 0, counsumed_bytes 4096, i 0, loop_cnt 2
12-21 11:06:14.261 D/PowerAQLib(  288): result 0, counsumed_bytes 4096, i 1, loop_cnt 2
12-21 11:06:14.261 D/PowerAQLib(  288): mbdrc_process, input_bytes 8192, output_bytes 8192
12-21 11:06:14.261 D/PowerAQLib(  288): bypass_process!
12-21 11:06:14.267 D/AudioProcessor( 1569): [ (AudioProcessor.java:199)#sendDataToJNI4 ] type:1 isHeating:false
12-21 11:06:14.273 D/PowerAQLib(  288): chmix_process!
12-21 11:06:14.275 D/PowerAQLib(  288): mbdrc_process, input_bytes 8192, output_bytes 8192
12-21 11:06:14.275 D/PowerAQLib(  288): result 0, counsumed_bytes 4096, i 0, loop_cnt 2
12-21 11:06:14.275 D/PowerAQLib(  288): result 0, counsumed_bytes 4096, i 1, loop_cnt 2
12-21 11:06:14.275 D/PowerAQLib(  288): mbdrc_process, input_bytes 8192, output_bytes 8192
12-21 11:06:14.276 D/PowerAQLib(  288): bypass_process!
12-21 11:06:14.287 D/PowerAQLib(  288): chmix_process!
12-21 11:06:14.290 D/PowerAQLib(  288): mbdrc_process, input_bytes 8192, output_bytes 8192
12-21 11:06:14.290 D/PowerAQLib(  288): result 0, counsumed_bytes 4096, i 0, loop_cnt 2
12-21 11:06:14.290 D/PowerAQLib(  288): result 0, counsumed_bytes 4096, i 1, loop_cnt 2
12-21 11:06:14.290 D/PowerAQLib(  288): mbdrc_process, input_bytes 8192, output_bytes 8192
12-21 11:06:14.290 D/PowerAQLib(  288): bypass_process!
12-21 11:06:14.302 D/PowerAQLib(  288): chmix_process!
12-21 11:06:14.303 D/PowerAQLib(  288): mbdrc_process, input_bytes 8192, output_bytes 8192
12-21 11:06:14.303 D/PowerAQLib(  288): result 0, counsumed_bytes 4096, i 0, loop_cnt 2
12-21 11:06:14.303 D/PowerAQLib(  288): result 0, counsumed_bytes 4096, i 1, loop_cnt 2
12-21 11:06:14.303 D/PowerAQLib(  288): mbdrc_process, input_bytes 8192, output_bytes 8192
12-21 11:06:14.304 D/PowerAQLib(  288): bypass_process!
12-21 11:06:14.329 D/AudioProcessor( 1569): [ (AudioProcessor.java:199)#sendDataToJNI4 ] type:2 isHeating:false
12-21 11:06:14.344 D/PowerAQLib(  288): chmix_process!
12-21 11:06:14.346 D/PowerAQLib(  288): mbdrc_process, input_bytes 8192, output_bytes 8192
12-21 11:06:14.346 D/PowerAQLib(  288): result 0, counsumed_bytes 4096, i 0, loop_cnt 2
12-21 11:06:14.346 D/PowerAQLib(  288): result 0, counsumed_bytes 4096, i 1, loop_cnt 2
12-21 11:06:14.346 D/PowerAQLib(  288): mbdrc_process, input_bytes 8192, output_bytes 8192
12-21 11:06:14.346 D/PowerAQLib(  288): bypass_process!
12-21 11:06:14.357 D/PowerAQLib(  288): chmix_process!
12-21 11:06:14.360 D/PowerAQLib(  288): mbdrc_process, input_bytes 8192, output_bytes 8192
12-21 11:06:14.360 D/PowerAQLib(  288): result 0, counsumed_bytes 4096, i 0, loop_cnt 2
12-21 11:06:14.360 D/PowerAQLib(  288): result 0, counsumed_bytes 4096, i 1, loop_cnt 2
12-21 11:06:14.360 D/PowerAQLib(  288): mbdrc_process, input_bytes 8192, output_bytes 8192
12-21 11:06:14.360 D/PowerAQLib(  288): bypass_process!
12-21 11:06:14.373 D/PowerAQLib(  288): chmix_process!
12-21 11:06:14.375 D/PowerAQLib(  288): mbdrc_process, input_bytes 8192, output_bytes 8192
12-21 11:06:14.376 D/PowerAQLib(  288): result 0, counsumed_bytes 4096, i 0, loop_cnt 2
12-21 11:06:14.376 D/PowerAQLib(  288): result 0, counsumed_bytes 4096, i 1, loop_cnt 2
12-21 11:06:14.376 D/PowerAQLib(  288): mbdrc_process, input_bytes 8192, output_bytes 8192
12-21 11:06:14.376 D/PowerAQLib(  288): bypass_process!
12-21 11:06:14.388 D/PowerAQLib(  288): chmix_process!
12-21 11:06:14.391 D/PowerAQLib(  288): mbdrc_process, input_bytes 8192, output_bytes 8192
12-21 11:06:14.391 D/PowerAQLib(  288): result 0, counsumed_bytes 4096, i 0, loop_cnt 2
12-21 11:06:14.391 D/PowerAQLib(  288): result 0, counsumed_bytes 4096, i 1, loop_cnt 2
12-21 11:06:14.391 D/PowerAQLib(  288): mbdrc_process, input_bytes 8192, output_bytes 8192
12-21 11:06:14.391 D/PowerAQLib(  288): bypass_process!
12-21 11:06:14.430 D/PowerAQLib(  288): chmix_process!
12-21 11:06:14.431 D/PowerAQLib(  288): mbdrc_process, input_bytes 8192, output_bytes 8192
12-21 11:06:14.431 D/PowerAQLib(  288): result 0, counsumed_bytes 4096, i 0, loop_cnt 2
12-21 11:06:14.431 D/PowerAQLib(  288): result 0, counsumed_bytes 4096, i 1, loop_cnt 2
12-21 11:06:14.431 D/PowerAQLib(  288): mbdrc_process, input_bytes 8192, output_bytes 8192
12-21 11:06:14.431 D/PowerAQLib(  288): bypass_process!
12-21 11:06:14.443 D/PowerAQLib(  288): chmix_process!
12-21 11:06:14.445 D/PowerAQLib(  288): mbdrc_process, input_bytes 8192, output_bytes 8192
12-21 11:06:14.445 D/PowerAQLib(  288): result 0, counsumed_bytes 4096, i 0, loop_cnt 2
12-21 11:06:14.445 D/PowerAQLib(  288): result 0, counsumed_bytes 4096, i 1, loop_cnt 2
12-21 11:06:14.445 D/PowerAQLib(  288): mbdrc_process, input_bytes 8192, output_bytes 8192
12-21 11:06:14.445 D/PowerAQLib(  288): bypass_process!
12-21 11:06:14.457 D/PowerAQLib(  288): chmix_process!
12-21 11:06:14.458 D/PowerAQLib(  288): mbdrc_process, input_bytes 8192, output_bytes 8192
12-21 11:06:14.458 D/PowerAQLib(  288): result 0, counsumed_bytes 4096, i 0, loop_cnt 2
12-21 11:06:14.459 D/PowerAQLib(  288): result 0, counsumed_bytes 4096, i 1, loop_cnt 2
12-21 11:06:14.459 D/PowerAQLib(  288): mbdrc_process, input_bytes 8192, output_bytes 8192
12-21 11:06:14.459 D/PowerAQLib(  288): bypass_process!
12-21 11:06:14.472 D/PowerAQLib(  288): chmix_process!
12-21 11:06:14.474 D/PowerAQLib(  288): mbdrc_process, input_bytes 8192, output_bytes 8192
12-21 11:06:14.474 D/PowerAQLib(  288): result 0, counsumed_bytes 4096, i 0, loop_cnt 2
12-21 11:06:14.474 D/PowerAQLib(  288): result 0, counsumed_bytes 4096, i 1, loop_cnt 2
12-21 11:06:14.474 D/PowerAQLib(  288): mbdrc_process, input_bytes 8192, output_bytes 8192
12-21 11:06:14.474 D/PowerAQLib(  288): bypass_process!
12-21 11:06:14.515 D/PowerAQLib(  288): chmix_process!
12-21 11:06:14.516 D/PowerAQLib(  288): mbdrc_process, input_bytes 8192, output_bytes 8192
12-21 11:06:14.516 D/PowerAQLib(  288): result 0, counsumed_bytes 4096, i 0, loop_cnt 2
12-21 11:06:14.516 D/PowerAQLib(  288): result 0, counsumed_bytes 4096, i 1, loop_cnt 2
12-21 11:06:14.516 D/PowerAQLib(  288): mbdrc_process, input_bytes 8192, output_bytes 8192
12-21 11:06:14.517 D/PowerAQLib(  288): bypass_process!
12-21 11:06:14.529 D/PowerAQLib(  288): chmix_process!
12-21 11:06:14.531 D/PowerAQLib(  288): mbdrc_process, input_bytes 8192, output_bytes 8192
12-21 11:06:14.531 D/PowerAQLib(  288): result 0, counsumed_bytes 4096, i 0, loop_cnt 2
12-21 11:06:14.531 D/PowerAQLib(  288): result 0, counsumed_bytes 4096, i 1, loop_cnt 2
12-21 11:06:14.531 D/PowerAQLib(  288): mbdrc_process, input_bytes 8192, output_bytes 8192
12-21 11:06:14.531 D/PowerAQLib(  288): bypass_process!
12-21 11:06:14.543 D/PowerAQLib(  288): chmix_process!
12-21 11:06:14.546 D/PowerAQLib(  288): mbdrc_process, input_bytes 8192, output_bytes 8192
12-21 11:06:14.546 D/PowerAQLib(  288): result 0, counsumed_bytes 4096, i 0, loop_cnt 2
12-21 11:06:14.546 D/PowerAQLib(  288): result 0, counsumed_bytes 4096, i 1, loop_cnt 2
12-21 11:06:14.546 D/PowerAQLib(  288): mbdrc_process, input_bytes 8192, output_bytes 8192
12-21 11:06:14.546 D/PowerAQLib(  288): bypass_process!
12-21 11:06:14.559 D/PowerAQLib(  288): chmix_process!
12-21 11:06:14.561 D/PowerAQLib(  288): mbdrc_process, input_bytes 8192, output_bytes 8192
12-21 11:06:14.562 D/PowerAQLib(  288): result 0, counsumed_bytes 4096, i 0, loop_cnt 2
12-21 11:06:14.562 D/PowerAQLib(  288): result 0, counsumed_bytes 4096, i 1, loop_cnt 2
12-21 11:06:14.562 D/PowerAQLib(  288): mbdrc_process, input_bytes 8192, output_bytes 8192
12-21 11:06:14.562 D/PowerAQLib(  288): bypass_process!
12-21 11:06:14.600 D/PowerAQLib(  288): chmix_process!
12-21 11:06:14.602 D/PowerAQLib(  288): mbdrc_process, input_bytes 8192, output_bytes 8192
12-21 11:06:14.602 D/PowerAQLib(  288): result 0, counsumed_bytes 4096, i 0, loop_cnt 2
12-21 11:06:14.602 D/PowerAQLib(  288): result 0, counsumed_bytes 4096, i 1, loop_cnt 2
12-21 11:06:14.603 D/PowerAQLib(  288): mbdrc_process, input_bytes 8192, output_bytes 8192
12-21 11:06:14.603 D/PowerAQLib(  288): bypass_process!
12-21 11:06:14.614 D/PowerAQLib(  288): chmix_process!
12-21 11:06:14.616 D/PowerAQLib(  288): mbdrc_process, input_bytes 8192, output_bytes 8192
12-21 11:06:14.616 D/PowerAQLib(  288): result 0, counsumed_bytes 4096, i 0, loop_cnt 2
12-21 11:06:14.616 D/PowerAQLib(  288): result 0, counsumed_bytes 4096, i 1, loop_cnt 2
12-21 11:06:14.616 D/PowerAQLib(  288): mbdrc_process, input_bytes 8192, output_bytes 8192
12-21 11:06:14.616 D/PowerAQLib(  288): bypass_process!
12-21 11:06:14.628 D/PowerAQLib(  288): chmix_process!
12-21 11:06:14.629 D/PowerAQLib(  288): mbdrc_process, input_bytes 8192, output_bytes 8192
12-21 11:06:14.629 D/PowerAQLib(  288): result 0, counsumed_bytes 4096, i 0, loop_cnt 2
12-21 11:06:14.629 D/PowerAQLib(  288): result 0, counsumed_bytes 4096, i 1, loop_cnt 2
12-21 11:06:14.629 D/PowerAQLib(  288): mbdrc_process, input_bytes 8192, output_bytes 8192
12-21 11:06:14.629 D/PowerAQLib(  288): bypass_process!
12-21 11:06:14.643 D/PowerAQLib(  288): chmix_process!
12-21 11:06:14.644 D/PowerAQLib(  288): mbdrc_process, input_bytes 8192, output_bytes 8192
12-21 11:06:14.644 D/PowerAQLib(  288): result 0, counsumed_bytes 4096, i 0, loop_cnt 2
12-21 11:06:14.644 D/PowerAQLib(  288): result 0, counsumed_bytes 4096, i 1, loop_cnt 2
12-21 11:06:14.644 D/PowerAQLib(  288): mbdrc_process, input_bytes 8192, output_bytes 8192
12-21 11:06:14.644 D/PowerAQLib(  288): bypass_process!
12-21 11:06:14.685 D/PowerAQLib(  288): chmix_process!
12-21 11:06:14.687 D/PowerAQLib(  288): mbdrc_process, input_bytes 8192, output_bytes 8192
12-21 11:06:14.687 D/PowerAQLib(  288): result 0, counsumed_bytes 4096, i 0, loop_cnt 2
12-21 11:06:14.687 D/PowerAQLib(  288): result 0, counsumed_bytes 4096, i 1, loop_cnt 2
12-21 11:06:14.687 D/PowerAQLib(  288): mbdrc_process, input_bytes 8192, output_bytes 8192
12-21 11:06:14.687 D/PowerAQLib(  288): bypass_process!
12-21 11:06:14.699 D/PowerAQLib(  288): chmix_process!
12-21 11:06:14.702 D/PowerAQLib(  288): mbdrc_process, input_bytes 8192, output_bytes 8192
12-21 11:06:14.702 D/PowerAQLib(  288): result 0, counsumed_bytes 4096, i 0, loop_cnt 2
12-21 11:06:14.702 D/PowerAQLib(  288): result 0, counsumed_bytes 4096, i 1, loop_cnt 2
12-21 11:06:14.702 D/PowerAQLib(  288): mbdrc_process, input_bytes 8192, output_bytes 8192
12-21 11:06:14.702 D/PowerAQLib(  288): bypass_process!
12-21 11:06:14.714 D/PowerAQLib(  288): chmix_process!
12-21 11:06:14.717 D/PowerAQLib(  288): mbdrc_process, input_bytes 8192, output_bytes 8192
12-21 11:06:14.717 D/PowerAQLib(  288): result 0, counsumed_bytes 4096, i 0, loop_cnt 2
12-21 11:06:14.717 D/PowerAQLib(  288): result 0, counsumed_bytes 4096, i 1, loop_cnt 2
12-21 11:06:14.717 D/PowerAQLib(  288): mbdrc_process, input_bytes 8192, output_bytes 8192
12-21 11:06:14.717 D/PowerAQLib(  288): bypass_process!
12-21 11:06:14.729 D/PowerAQLib(  288): chmix_process!
12-21 11:06:14.732 D/PowerAQLib(  288): mbdrc_process, input_bytes 8192, output_bytes 8192
12-21 11:06:14.732 D/PowerAQLib(  288): result 0, counsumed_bytes 4096, i 0, loop_cnt 2
12-21 11:06:14.732 D/PowerAQLib(  288): result 0, counsumed_bytes 4096, i 1, loop_cnt 2
12-21 11:06:14.732 D/PowerAQLib(  288): mbdrc_process, input_bytes 8192, output_bytes 8192
12-21 11:06:14.733 D/PowerAQLib(  288): bypass_process!
12-21 11:06:14.736 E/connsyslogger(  454): port index:3 not opened
12-21 11:06:14.771 D/PowerAQLib(  288): chmix_process!
12-21 11:06:14.773 D/PowerAQLib(  288): mbdrc_process, input_bytes 8192, output_bytes 8192
12-21 11:06:14.773 D/PowerAQLib(  288): result 0, counsumed_bytes 4096, i 0, loop_cnt 2
12-21 11:06:14.773 D/PowerAQLib(  288): result 0, counsumed_bytes 4096, i 1, loop_cnt 2
12-21 11:06:14.773 D/PowerAQLib(  288): mbdrc_process, input_bytes 8192, output_bytes 8192
12-21 11:06:14.773 D/PowerAQLib(  288): bypass_process!
12-21 11:06:14.785 D/PowerAQLib(  288): chmix_process!
12-21 11:06:14.787 D/PowerAQLib(  288): mbdrc_process, input_bytes 8192, output_bytes 8192
12-21 11:06:14.787 D/PowerAQLib(  288): result 0, counsumed_bytes 4096, i 0, loop_cnt 2
12-21 11:06:14.787 D/PowerAQLib(  288): result 0, counsumed_bytes 4096, i 1, loop_cnt 2
12-21 11:06:14.787 D/PowerAQLib(  288): mbdrc_process, input_bytes 8192, output_bytes 8192
12-21 11:06:14.787 D/PowerAQLib(  288): bypass_process!
12-21 11:06:14.799 D/PowerAQLib(  288): chmix_process!
12-21 11:06:14.800 D/PowerAQLib(  288): mbdrc_process, input_bytes 8192, output_bytes 8192
12-21 11:06:14.800 D/PowerAQLib(  288): result 0, counsumed_bytes 4096, i 0, loop_cnt 2
12-21 11:06:14.800 D/PowerAQLib(  288): result 0, counsumed_bytes 4096, i 1, loop_cnt 2
12-21 11:06:14.800 D/PowerAQLib(  288): mbdrc_process, input_bytes 8192, output_bytes 8192
12-21 11:06:14.800 D/PowerAQLib(  288): bypass_process!
12-21 11:06:14.814 D/PowerAQLib(  288): chmix_process!
12-21 11:06:14.816 D/PowerAQLib(  288): mbdrc_process, input_bytes 8192, output_bytes 8192
12-21 11:06:14.816 D/PowerAQLib(  288): result 0, counsumed_bytes 4096, i 0, loop_cnt 2
12-21 11:06:14.816 D/PowerAQLib(  288): result 0, counsumed_bytes 4096, i 1, loop_cnt 2
12-21 11:06:14.816 D/PowerAQLib(  288): mbdrc_process, input_bytes 8192, output_bytes 8192
12-21 11:06:14.816 D/PowerAQLib(  288): bypass_process!
12-21 11:06:14.830 D/AudioProcessor( 1569): [ (AudioProcessor.java:199)#sendDataToJNI4 ] type:4 isHeating:false
12-21 11:06:14.856 D/PowerAQLib(  288): chmix_process!
12-21 11:06:14.858 D/PowerAQLib(  288): mbdrc_process, input_bytes 8192, output_bytes 8192
12-21 11:06:14.858 D/PowerAQLib(  288): result 0, counsumed_bytes 4096, i 0, loop_cnt 2
12-21 11:06:14.858 D/PowerAQLib(  288): result 0, counsumed_bytes 4096, i 1, loop_cnt 2
12-21 11:06:14.858 D/PowerAQLib(  288): mbdrc_process, input_bytes 8192, output_bytes 8192
12-21 11:06:14.858 D/PowerAQLib(  288): bypass_process!
12-21 11:06:14.870 D/PowerAQLib(  288): chmix_process!
12-21 11:06:14.873 D/PowerAQLib(  288): mbdrc_process, input_bytes 8192, output_bytes 8192
12-21 11:06:14.873 D/PowerAQLib(  288): result 0, counsumed_bytes 4096, i 0, loop_cnt 2
12-21 11:06:14.873 D/PowerAQLib(  288): result 0, counsumed_bytes 4096, i 1, loop_cnt 2
12-21 11:06:14.873 D/PowerAQLib(  288): mbdrc_process, input_bytes 8192, output_bytes 8192
12-21 11:06:14.873 D/PowerAQLib(  288): bypass_process!
12-21 11:06:14.885 D/PowerAQLib(  288): chmix_process!
12-21 11:06:14.888 D/PowerAQLib(  288): mbdrc_process, input_bytes 8192, output_bytes 8192
12-21 11:06:14.888 D/PowerAQLib(  288): result 0, counsumed_bytes 4096, i 0, loop_cnt 2
12-21 11:06:14.888 D/PowerAQLib(  288): result 0, counsumed_bytes 4096, i 1, loop_cnt 2
12-21 11:06:14.888 D/PowerAQLib(  288): mbdrc_process, input_bytes 8192, output_bytes 8192
12-21 11:06:14.888 D/PowerAQLib(  288): bypass_process!
12-21 11:06:14.901 D/PowerAQLib(  288): chmix_process!
12-21 11:06:14.903 D/PowerAQLib(  288): mbdrc_process, input_bytes 8192, output_bytes 8192
12-21 11:06:14.903 D/PowerAQLib(  288): result 0, counsumed_bytes 4096, i 0, loop_cnt 2
12-21 11:06:14.903 D/PowerAQLib(  288): result 0, counsumed_bytes 4096, i 1, loop_cnt 2
12-21 11:06:14.903 D/PowerAQLib(  288): mbdrc_process, input_bytes 8192, output_bytes 8192
12-21 11:06:14.903 D/PowerAQLib(  288): bypass_process!
12-21 11:06:14.942 D/PowerAQLib(  288): chmix_process!
12-21 11:06:14.944 D/PowerAQLib(  288): mbdrc_process, input_bytes 8192, output_bytes 8192
12-21 11:06:14.944 D/PowerAQLib(  288): result 0, counsumed_bytes 4096, i 0, loop_cnt 2
12-21 11:06:14.944 D/PowerAQLib(  288): result 0, counsumed_bytes 4096, i 1, loop_cnt 2
12-21 11:06:14.944 D/PowerAQLib(  288): mbdrc_process, input_bytes 8192, output_bytes 8192
12-21 11:06:14.945 D/PowerAQLib(  288): bypass_process!
12-21 11:06:14.957 D/PowerAQLib(  288): chmix_process!
12-21 11:06:14.958 D/PowerAQLib(  288): mbdrc_process, input_bytes 8192, output_bytes 8192
12-21 11:06:14.958 D/PowerAQLib(  288): result 0, counsumed_bytes 4096, i 0, loop_cnt 2
12-21 11:06:14.958 D/PowerAQLib(  288): result 0, counsumed_bytes 4096, i 1, loop_cnt 2
12-21 11:06:14.958 D/PowerAQLib(  288): mbdrc_process, input_bytes 8192, output_bytes 8192
12-21 11:06:14.959 D/PowerAQLib(  288): bypass_process!
12-21 11:06:14.971 D/PowerAQLib(  288): chmix_process!
12-21 11:06:14.972 D/PowerAQLib(  288): mbdrc_process, input_bytes 8192, output_bytes 8192
12-21 11:06:14.972 D/PowerAQLib(  288): result 0, counsumed_bytes 4096, i 0, loop_cnt 2
12-21 11:06:14.972 D/PowerAQLib(  288): result 0, counsumed_bytes 4096, i 1, loop_cnt 2
12-21 11:06:14.972 D/PowerAQLib(  288): mbdrc_process, input_bytes 8192, output_bytes 8192
12-21 11:06:14.972 D/PowerAQLib(  288): bypass_process!
12-21 11:06:14.984 D/PowerAQLib(  288): chmix_process!
12-21 11:06:14.985 D/PowerAQLib(  288): mbdrc_process, input_bytes 8192, output_bytes 8192
12-21 11:06:14.986 D/PowerAQLib(  288): result 0, counsumed_bytes 4096, i 0, loop_cnt 2
12-21 11:06:14.986 D/PowerAQLib(  288): result 0, counsumed_bytes 4096, i 1, loop_cnt 2
12-21 11:06:14.986 D/PowerAQLib(  288): mbdrc_process, input_bytes 8192, output_bytes 8192
12-21 11:06:14.986 D/PowerAQLib(  288): bypass_process!
12-21 11:06:15.027 D/PowerAQLib(  288): chmix_process!
12-21 11:06:15.029 D/PowerAQLib(  288): mbdrc_process, input_bytes 8192, output_bytes 8192
12-21 11:06:15.030 D/PowerAQLib(  288): result 0, counsumed_bytes 4096, i 0, loop_cnt 2
12-21 11:06:15.030 D/PowerAQLib(  288): result 0, counsumed_bytes 4096, i 1, loop_cnt 2
12-21 11:06:15.030 D/PowerAQLib(  288): mbdrc_process, input_bytes 8192, output_bytes 8192
12-21 11:06:15.030 D/PowerAQLib(  288): bypass_process!
12-21 11:06:15.042 D/PowerAQLib(  288): chmix_process!
12-21 11:06:15.044 D/PowerAQLib(  288): mbdrc_process, input_bytes 8192, output_bytes 8192
12-21 11:06:15.044 D/PowerAQLib(  288): result 0, counsumed_bytes 4096, i 0, loop_cnt 2
12-21 11:06:15.044 D/PowerAQLib(  288): result 0, counsumed_bytes 4096, i 1, loop_cnt 2
12-21 11:06:15.044 D/PowerAQLib(  288): mbdrc_process, input_bytes 8192, output_bytes 8192
12-21 11:06:15.044 D/PowerAQLib(  288): bypass_process!
12-21 11:06:15.057 D/PowerAQLib(  288): chmix_process!
12-21 11:06:15.059 D/PowerAQLib(  288): mbdrc_process, input_bytes 8192, output_bytes 8192
12-21 11:06:15.059 D/PowerAQLib(  288): result 0, counsumed_bytes 4096, i 0, loop_cnt 2
12-21 11:06:15.059 D/PowerAQLib(  288): result 0, counsumed_bytes 4096, i 1, loop_cnt 2
12-21 11:06:15.060 D/PowerAQLib(  288): mbdrc_process, input_bytes 8192, output_bytes 8192
12-21 11:06:15.060 D/PowerAQLib(  288): bypass_process!
12-21 11:06:15.072 D/PowerAQLib(  288): chmix_process!
12-21 11:06:15.073 D/PowerAQLib(  288): mbdrc_process, input_bytes 8192, output_bytes 8192
12-21 11:06:15.073 D/PowerAQLib(  288): result 0, counsumed_bytes 4096, i 0, loop_cnt 2
12-21 11:06:15.073 D/PowerAQLib(  288): result 0, counsumed_bytes 4096, i 1, loop_cnt 2
12-21 11:06:15.073 D/PowerAQLib(  288): mbdrc_process, input_bytes 8192, output_bytes 8192
12-21 11:06:15.073 D/PowerAQLib(  288): bypass_process!
12-21 11:06:15.112 D/PowerAQLib(  288): chmix_process!
12-21 11:06:15.114 D/PowerAQLib(  288): mbdrc_process, input_bytes 8192, output_bytes 8192
12-21 11:06:15.114 D/PowerAQLib(  288): result 0, counsumed_bytes 4096, i 0, loop_cnt 2
12-21 11:06:15.114 D/PowerAQLib(  288): result 0, counsumed_bytes 4096, i 1, loop_cnt 2
12-21 11:06:15.114 D/PowerAQLib(  288): mbdrc_process, input_bytes 8192, output_bytes 8192
12-21 11:06:15.114 D/PowerAQLib(  288): bypass_process!
12-21 11:06:15.126 D/PowerAQLib(  288): chmix_process!
12-21 11:06:15.127 D/PowerAQLib(  288): mbdrc_process, input_bytes 8192, output_bytes 8192
12-21 11:06:15.127 D/PowerAQLib(  288): result 0, counsumed_bytes 4096, i 0, loop_cnt 2
12-21 11:06:15.127 D/PowerAQLib(  288): result 0, counsumed_bytes 4096, i 1, loop_cnt 2
12-21 11:06:15.127 D/PowerAQLib(  288): mbdrc_process, input_bytes 8192, output_bytes 8192
12-21 11:06:15.127 D/PowerAQLib(  288): bypass_process!
12-21 11:06:15.139 D/PowerAQLib(  288): chmix_process!
12-21 11:06:15.140 D/PowerAQLib(  288): mbdrc_process, input_bytes 8192, output_bytes 8192
12-21 11:06:15.140 D/PowerAQLib(  288): result 0, counsumed_bytes 4096, i 0, loop_cnt 2
12-21 11:06:15.140 D/PowerAQLib(  288): result 0, counsumed_bytes 4096, i 1, loop_cnt 2
12-21 11:06:15.140 D/PowerAQLib(  288): mbdrc_process, input_bytes 8192, output_bytes 8192
12-21 11:06:15.140 D/PowerAQLib(  288): bypass_process!
12-21 11:06:15.155 D/PowerAQLib(  288): chmix_process!
12-21 11:06:15.157 D/PowerAQLib(  288): mbdrc_process, input_bytes 8192, output_bytes 8192
12-21 11:06:15.157 D/PowerAQLib(  288): result 0, counsumed_bytes 4096, i 0, loop_cnt 2
12-21 11:06:15.157 D/PowerAQLib(  288): result 0, counsumed_bytes 4096, i 1, loop_cnt 2
12-21 11:06:15.157 D/PowerAQLib(  288): mbdrc_process, input_bytes 8192, output_bytes 8192
12-21 11:06:15.157 D/PowerAQLib(  288): bypass_process!
12-21 11:06:15.198 D/PowerAQLib(  288): chmix_process!
12-21 11:06:15.200 D/PowerAQLib(  288): mbdrc_process, input_bytes 8192, output_bytes 8192
12-21 11:06:15.200 D/PowerAQLib(  288): result 0, counsumed_bytes 4096, i 0, loop_cnt 2
12-21 11:06:15.201 D/PowerAQLib(  288): result 0, counsumed_bytes 4096, i 1, loop_cnt 2
12-21 11:06:15.201 D/PowerAQLib(  288): mbdrc_process, input_bytes 8192, output_bytes 8192
12-21 11:06:15.201 D/PowerAQLib(  288): bypass_process!
12-21 11:06:15.213 D/PowerAQLib(  288): chmix_process!
12-21 11:06:15.216 D/PowerAQLib(  288): mbdrc_process, input_bytes 8192, output_bytes 8192
12-21 11:06:15.216 D/PowerAQLib(  288): result 0, counsumed_bytes 4096, i 0, loop_cnt 2
12-21 11:06:15.216 D/PowerAQLib(  288): result 0, counsumed_bytes 4096, i 1, loop_cnt 2
12-21 11:06:15.216 D/PowerAQLib(  288): mbdrc_process, input_bytes 8192, output_bytes 8192
12-21 11:06:15.216 D/PowerAQLib(  288): bypass_process!
12-21 11:06:15.228 D/PowerAQLib(  288): chmix_process!
12-21 11:06:15.230 D/PowerAQLib(  288): mbdrc_process, input_bytes 8192, output_bytes 8192
12-21 11:06:15.230 D/PowerAQLib(  288): result 0, counsumed_bytes 4096, i 0, loop_cnt 2
12-21 11:06:15.230 D/PowerAQLib(  288): result 0, counsumed_bytes 4096, i 1, loop_cnt 2
12-21 11:06:15.230 D/PowerAQLib(  288): mbdrc_process, input_bytes 8192, output_bytes 8192
12-21 11:06:15.230 D/PowerAQLib(  288): bypass_process!
12-21 11:06:15.242 D/PowerAQLib(  288): chmix_process!
12-21 11:06:15.243 D/PowerAQLib(  288): mbdrc_process, input_bytes 8192, output_bytes 8192
12-21 11:06:15.244 D/PowerAQLib(  288): result 0, counsumed_bytes 4096, i 0, loop_cnt 2
12-21 11:06:15.244 D/PowerAQLib(  288): result 0, counsumed_bytes 4096, i 1, loop_cnt 2
12-21 11:06:15.244 D/PowerAQLib(  288): mbdrc_process, input_bytes 8192, output_bytes 8192
12-21 11:06:15.244 D/PowerAQLib(  288): bypass_process!
12-21 11:06:15.283 D/PowerAQLib(  288): chmix_process!
12-21 11:06:15.284 D/PowerAQLib(  288): mbdrc_process, input_bytes 8192, output_bytes 8192
12-21 11:06:15.285 D/PowerAQLib(  288): result 0, counsumed_bytes 4096, i 0, loop_cnt 2
12-21 11:06:15.285 D/PowerAQLib(  288): result 0, counsumed_bytes 4096, i 1, loop_cnt 2
12-21 11:06:15.285 D/PowerAQLib(  288): mbdrc_process, input_bytes 8192, output_bytes 8192
12-21 11:06:15.285 D/PowerAQLib(  288): bypass_process!
12-21 11:06:15.297 D/PowerAQLib(  288): chmix_process!
12-21 11:06:15.298 D/PowerAQLib(  288): mbdrc_process, input_bytes 8192, output_bytes 8192
12-21 11:06:15.298 D/PowerAQLib(  288): result 0, counsumed_bytes 4096, i 0, loop_cnt 2
12-21 11:06:15.298 D/PowerAQLib(  288): result 0, counsumed_bytes 4096, i 1, loop_cnt 2
12-21 11:06:15.298 D/PowerAQLib(  288): mbdrc_process, input_bytes 8192, output_bytes 8192
12-21 11:06:15.298 D/PowerAQLib(  288): bypass_process!
12-21 11:06:15.310 D/PowerAQLib(  288): chmix_process!
12-21 11:06:15.312 D/PowerAQLib(  288): mbdrc_process, input_bytes 8192, output_bytes 8192
12-21 11:06:15.312 D/PowerAQLib(  288): result 0, counsumed_bytes 4096, i 0, loop_cnt 2
12-21 11:06:15.312 D/PowerAQLib(  288): result 0, counsumed_bytes 4096, i 1, loop_cnt 2
12-21 11:06:15.312 D/PowerAQLib(  288): mbdrc_process, input_bytes 8192, output_bytes 8192
12-21 11:06:15.312 D/PowerAQLib(  288): bypass_process!
12-21 11:06:15.318 D/AudioProcessor( 1569): [ (AudioProcessor.java:199)#sendDataToJNI4 ] type:3 isHeating:false
12-21 11:06:15.325 D/PowerAQLib(  288): chmix_process!
12-21 11:06:15.328 D/PowerAQLib(  288): mbdrc_process, input_bytes 8192, output_bytes 8192
12-21 11:06:15.328 D/PowerAQLib(  288): result 0, counsumed_bytes 4096, i 0, loop_cnt 2
12-21 11:06:15.328 D/PowerAQLib(  288): result 0, counsumed_bytes 4096, i 1, loop_cnt 2
12-21 11:06:15.328 D/PowerAQLib(  288): mbdrc_process, input_bytes 8192, output_bytes 8192
12-21 11:06:15.328 D/PowerAQLib(  288): bypass_process!
12-21 11:06:15.369 D/PowerAQLib(  288): chmix_process!
12-21 11:06:15.372 D/PowerAQLib(  288): mbdrc_process, input_bytes 8192, output_bytes 8192
12-21 11:06:15.372 D/PowerAQLib(  288): result 0, counsumed_bytes 4096, i 0, loop_cnt 2
12-21 11:06:15.372 D/PowerAQLib(  288): result 0, counsumed_bytes 4096, i 1, loop_cnt 2
12-21 11:06:15.372 D/PowerAQLib(  288): mbdrc_process, input_bytes 8192, output_bytes 8192
12-21 11:06:15.372 D/PowerAQLib(  288): bypass_process!
12-21 11:06:15.384 D/PowerAQLib(  288): chmix_process!
12-21 11:06:15.386 D/PowerAQLib(  288): mbdrc_process, input_bytes 8192, output_bytes 8192
12-21 11:06:15.386 D/PowerAQLib(  288): result 0, counsumed_bytes 4096, i 0, loop_cnt 2
12-21 11:06:15.386 D/PowerAQLib(  288): result 0, counsumed_bytes 4096, i 1, loop_cnt 2
12-21 11:06:15.386 D/PowerAQLib(  288): mbdrc_process, input_bytes 8192, output_bytes 8192
12-21 11:06:15.386 D/PowerAQLib(  288): bypass_process!
12-21 11:06:15.390 D/AudioProcessor( 1569): [ (AudioProcessor.java:199)#sendDataToJNI4 ] type:0 isHeating:false
12-21 11:06:15.399 D/PowerAQLib(  288): chmix_process!
12-21 11:06:15.402 D/PowerAQLib(  288): mbdrc_process, input_bytes 8192, output_bytes 8192
12-21 11:06:15.402 D/PowerAQLib(  288): result 0, counsumed_bytes 4096, i 0, loop_cnt 2
12-21 11:06:15.402 D/PowerAQLib(  288): result 0, counsumed_bytes 4096, i 1, loop_cnt 2
12-21 11:06:15.402 D/PowerAQLib(  288): mbdrc_process, input_bytes 8192, output_bytes 8192
12-21 11:06:15.402 D/PowerAQLib(  288): bypass_process!
12-21 11:06:15.414 D/PowerAQLib(  288): chmix_process!
12-21 11:06:15.417 D/PowerAQLib(  288): mbdrc_process, input_bytes 8192, output_bytes 8192
12-21 11:06:15.417 D/PowerAQLib(  288): result 0, counsumed_bytes 4096, i 0, loop_cnt 2
12-21 11:06:15.417 D/PowerAQLib(  288): result 0, counsumed_bytes 4096, i 1, loop_cnt 2
12-21 11:06:15.417 D/PowerAQLib(  288): mbdrc_process, input_bytes 8192, output_bytes 8192
12-21 11:06:15.417 D/PowerAQLib(  288): bypass_process!
12-21 11:06:15.454 D/PowerAQLib(  288): chmix_process!
12-21 11:06:15.457 D/PowerAQLib(  288): mbdrc_process, input_bytes 8192, output_bytes 8192
12-21 11:06:15.457 D/PowerAQLib(  288): result 0, counsumed_bytes 4096, i 0, loop_cnt 2
12-21 11:06:15.457 D/PowerAQLib(  288): result 0, counsumed_bytes 4096, i 1, loop_cnt 2
12-21 11:06:15.457 D/PowerAQLib(  288): mbdrc_process, input_bytes 8192, output_bytes 8192
12-21 11:06:15.457 D/PowerAQLib(  288): bypass_process!
12-21 11:06:15.469 D/PowerAQLib(  288): chmix_process!
12-21 11:06:15.473 D/PowerAQLib(  288): mbdrc_process, input_bytes 8192, output_bytes 8192
12-21 11:06:15.473 D/PowerAQLib(  288): result 0, counsumed_bytes 4096, i 0, loop_cnt 2
12-21 11:06:15.473 D/PowerAQLib(  288): result 0, counsumed_bytes 4096, i 1, loop_cnt 2
12-21 11:06:15.473 D/PowerAQLib(  288): mbdrc_process, input_bytes 8192, output_bytes 8192
12-21 11:06:15.473 D/PowerAQLib(  288): bypass_process!
12-21 11:06:15.485 D/PowerAQLib(  288): chmix_process!
12-21 11:06:15.488 D/PowerAQLib(  288): mbdrc_process, input_bytes 8192, output_bytes 8192
12-21 11:06:15.488 D/PowerAQLib(  288): result 0, counsumed_bytes 4096, i 0, loop_cnt 2
12-21 11:06:15.488 D/PowerAQLib(  288): result 0, counsumed_bytes 4096, i 1, loop_cnt 2
12-21 11:06:15.488 D/PowerAQLib(  288): mbdrc_process, input_bytes 8192, output_bytes 8192
12-21 11:06:15.488 D/PowerAQLib(  288): bypass_process!
12-21 11:06:15.501 D/PowerAQLib(  288): chmix_process!
12-21 11:06:15.504 D/PowerAQLib(  288): mbdrc_process, input_bytes 8192, output_bytes 8192
12-21 11:06:15.504 D/PowerAQLib(  288): result 0, counsumed_bytes 4096, i 0, loop_cnt 2
12-21 11:06:15.504 D/PowerAQLib(  288): result 0, counsumed_bytes 4096, i 1, loop_cnt 2
12-21 11:06:15.504 D/PowerAQLib(  288): mbdrc_process, input_bytes 8192, output_bytes 8192
12-21 11:06:15.504 D/PowerAQLib(  288): bypass_process!
12-21 11:06:15.539 D/PowerAQLib(  288): chmix_process!
12-21 11:06:15.542 D/PowerAQLib(  288): mbdrc_process, input_bytes 8192, output_bytes 8192
12-21 11:06:15.542 D/PowerAQLib(  288): result 0, counsumed_bytes 4096, i 0, loop_cnt 2
12-21 11:06:15.542 D/PowerAQLib(  288): result 0, counsumed_bytes 4096, i 1, loop_cnt 2
12-21 11:06:15.542 D/PowerAQLib(  288): mbdrc_process, input_bytes 8192, output_bytes 8192
12-21 11:06:15.542 D/PowerAQLib(  288): bypass_process!
12-21 11:06:15.543 D/AudioALSAStreamOut(  288): [primary] close()
12-21 11:06:15.543 D/AudioALSAPlaybackHandlerNormal(  288): +close()
12-21 11:06:15.543 D/AudioVoiceUIDL(  288): [SetInputStandBy] ReadRefFromRing to exit? (0) 
12-21 11:06:15.594 D/AudioALSAHardwareResourceManager(  288): +stopOutputDevice(), mOutputDevices = 0x2, mStartOutputDevicesCount = 1
12-21 11:06:15.595 D/AudioALSAHardwareResourceManager(  288): -stopOutputDevice(), mOutputDevices = 0x0, mStartOutputDevicesCount = 0
12-21 11:06:15.646 D/AudioALSAPlaybackHandlerBase(  288): -closePcmDriver(), mPcm = 0x0
12-21 11:06:15.646 D/AudioALSAPlaybackHandlerBase(  288): DeinitDataPending
12-21 11:06:15.646 D/AudioALSAPlaybackHandlerBase(  288): deinitPowerAQProcessing
12-21 11:06:15.646 D/MTKAudioPowerAQManager(  288): Set mPowerAQHandler identity (0)
12-21 11:06:15.646 D/MTKAudioPowerAQManager(  288): destoryPowerAQHandler() begins!
12-21 11:06:15.646 D/MTKAudioPowerAQHandler(  288): [0xa7b2a4c0]~MTKAudioPowerAQHandler()-
12-21 11:06:15.647 D/AudioALSAPlaybackHandlerNormal(  288): -close()
12-21 11:06:15.647 D/AudioALSAStreamManager(  288): +destroyPlaybackHandler(), mode = 0, pPlaybackHandler = 0xa646c600
12-21 11:06:15.647 D/AudioALSAPlaybackHandlerNormal(  288): ~AudioALSAPlaybackHandlerNormal()
12-21 11:06:15.647 D/AudioALSAStreamManager(  288): -destroyPlaybackHandler(), mPlaybackHandlerVector.size() = 0
12-21 11:06:15.661 D/AudioALSAStreamOut(  288): [primary] dump()
12-21 11:06:15.663 D/AudioALSAStreamOut(  288): [primary] dump()
12-21 11:06:16.192 I/LongLinkLog( 1569): [ (AsrEngine.java:59)#i ] connect status = DISCONNECTED,thread = Thread[wsMessage,5,main]
12-21 11:06:16.193 I/LongLinkLog( 1569): [ (AsrEngine.java:59)#i ] status changed to CONNECTING
12-21 11:06:16.194 I/TtSy    ( 1569): [ (AsrEngine.java:99)#lambda$init$0$AsrEngine ] status:CONNECTING
12-21 11:06:16.196 I/LongLinkLog( 1569): [ (AsrEngine.java:59)#i ] socketId:cabdab04-a457-4615-bb4f-af7a25259cc3 userId:1000303 deviceSn:61D00121B1600029 token:eyJhbGciOiJIUzI1NiIsInR5cCI6IkpXVCJ9.eyJ1c2VyX2lkIjoxMDAwMzAzLCJ1c2VyX3NvdXJjZSI6ImxhbXBfc3R1IiwiYXVkIjoiQWNjZXNzVG9rZW4iLCJleHAiOjE2NDAwNzgxNTcsImlhdCI6MTYzOTk5MTc1NywibmJmIjoxNjM5OTkxNzU3LCJzdWIiOiIxMDAwMzAzIn0.7Xlezg82e5qQy_yBZgIMktib0C35NjahafJSq7XlLXs
12-21 11:06:16.200 I/System.out( 1569): port:8888
12-21 11:06:16.207 E/connsyslogger(  454): port index:3 not opened
12-21 11:06:16.236 E/WifiVendorHal(  646): getWifiLinkLayerStats(l.937) failed {.code = ERROR_NOT_SUPPORTED, .description = }
12-21 11:06:16.265 E/LongLinkLog( 1569): [ (AsrEngine.java:64)#e ] onFailure response=null,throwable = java.net.ConnectException: Failed to connect to /10.14.182.230:8888
12-21 11:06:16.266 I/LongLinkLog( 1569): [ (AsrEngine.java:59)#i ] status changed to DISCONNECTED
12-21 11:06:16.266 E/LongLinkLog( 1569): [ (AsrEngine.java:64)#e ] ws error:Failed to connect to /10.14.182.230:8888
12-21 11:06:16.267 I/TtSy    ( 1569): [ (AsrEngine.java:99)#lambda$init$0$AsrEngine ] status:DISCONNECTED
12-21 11:06:16.268 I/LongLinkLog( 1569): [ (AsrEngine.java:59)#i ] reconnectAfterBackOff status = DISCONNECTED,thread = Thread[OkHttp https://hmi.chengjiukehu.com/...,5,main]
12-21 11:06:16.268 D/TalkEventDispatcher( 1569): [ (TalkEventDispatcher.java:139)#onError ] onError:
12-21 11:06:16.269 I/LongLinkLog( 1569): [ (AsrEngine.java:59)#i ] status changed to DISCONNECTED
12-21 11:06:16.270 I/LongLinkLog( 1569): [ (AsrEngine.java:59)#i ] reconnectAfterBackOff backOffSecond = 8 retryTimes:3
12-21 11:06:16.270 E/TtSy    ( 1569): [ (TTalkSdk.java:221)#onError ] onError: msg:网络不好,请稍后再试 errorCode:WS10001
12-21 11:06:16.270 E/IVoiceS ( 1569): [ (TalkVoiceS.java:193)#onError ] onError: msg:网络不好,请稍后再试 code:WS10001
12-21 11:06:16.272 E/IVoiceS ( 1569): [ (TalkVoiceS.java:284)#dispatchOnError ] error: isVoicePageOpen false
12-21 11:06:16.500 D/AudioProcessor( 1569): [ (AudioProcessor.java:199)#sendDataToJNI4 ] type:1 isHeating:false
12-21 11:06:16.562 D/AudioProcessor( 1569): [ (AudioProcessor.java:199)#sendDataToJNI4 ] type:2 isHeating:false
12-21 11:06:16.893 D/AudioProcessor( 1569): [ (AudioProcessor.java:199)#sendDataToJNI4 ] type:4 isHeating:false
12-21 11:06:17.058 D/AudioProcessor( 1569): [ (AudioProcessor.java:199)#sendDataToJNI4 ] type:2 isHeating:false
12-21 11:06:17.670 D/AudioALSAStreamOut(  288): [primary] dump()
12-21 11:06:17.671 D/AudioALSAStreamOut(  288): [primary] dump()
12-21 11:06:17.865 D/AudioProcessor( 1569): [ (AudioProcessor.java:199)#sendDataToJNI4 ] type:4 isHeating:false
12-21 11:06:18.347 D/AudioProcessor( 1569): [ (AudioProcessor.java:199)#sendDataToJNI4 ] type:3 isHeating:false
12-21 11:06:18.435 D/AudioProcessor( 1569): [ (AudioProcessor.java:199)#sendDataToJNI4 ] type:0 isHeating:false
12-21 11:06:18.824 E/storaged(  468): getDiskStats failed with result NOT_SUPPORTED and size 0
12-21 11:06:18.856 D/AudioProcessor( 1569): [ (AudioProcessor.java:199)#sendDataToJNI4 ] type:1 isHeating:false
12-21 11:06:18.955 D/AudioProcessor( 1569): [ (AudioProcessor.java:199)#sendDataToJNI4 ] type:2 isHeating:false
12-21 11:06:19.125 D/AudioProcessor( 1569): [ (AudioProcessor.java:199)#sendDataToJNI4 ] type:4 isHeating:false
12-21 11:06:19.246 E/WifiVendorHal(  646): getWifiLinkLayerStats(l.937) failed {.code = ERROR_NOT_SUPPORTED, .description = }
12-21 11:06:19.254 E/connsyslogger(  454): port index:3 not opened
12-21 11:06:19.466 D/AudioProcessor( 1569): [ (AudioProcessor.java:199)#sendDataToJNI4 ] type:2 isHeating:false
12-21 11:06:19.677 D/AudioALSAStreamOut(  288): [primary] dump()
12-21 11:06:19.678 D/AudioALSAStreamOut(  288): [primary] dump()
12-21 11:06:20.777 E/connsyslogger(  454): port index:3 not opened
12-21 11:06:21.065 D/AudioProcessor( 1569): [ (AudioProcessor.java:199)#sendDataToJNI4 ] type:4 isHeating:false
12-21 11:06:21.105 D/AES     (  646): AEEIOCTL_GET/SET_SF_STATE IOCTL,cmd= 1074294797, lParam=0. 
12-21 11:06:21.105 D/AES     (  646): AEEIOCTL_RT_MON_Kick IOCTL,cmd= 2147774474, lParam=300. 
12-21 11:06:21.163 E/MtkDataShapingUtils(  646): Exception openLteGateByDataShaping  in java.lang.NullPointerException: null receiver
12-21 11:06:21.163 W/System.err(  646): java.lang.NullPointerException: null receiver
12-21 11:06:21.163 W/System.err(  646): 	at java.lang.reflect.Method.invoke(Native Method)
12-21 11:06:21.163 W/System.err(  646): 	at com.mediatek.server.MtkDataShaping.openLteGateByDataShaping(MtkDataShaping.java:36)
12-21 11:06:21.163 W/System.err(  646): 	at com.android.server.AlarmManagerService.deliverAlarmsLocked(AlarmManagerService.java:3603)
12-21 11:06:21.163 W/System.err(  646): 	at com.android.server.AlarmManagerService$AlarmThread.run(AlarmManagerService.java:3781)
12-21 11:06:21.165 D/WifiConnectivityManager(  646): periodicScanTimerHandler
12-21 11:06:21.165 D/WifiConnectivityManager(  646): schedulePeriodicScanTimer, intervalMs: 40000
12-21 11:06:21.166 D/WifiScanningService(  646): addSingleScanRequest: ClientInfo[uid=1000,android.os.Messenger@824faf0],Id=12,WorkSource{1010}, ScanSettings {  type:HIGH ACCURACY band:24Ghz & 5Ghz (DFS incl) period:0 reportEvents:3 numBssidsPerScan:0 maxScansToCache:0 channels:[  ]  hiddenNetworks:[  ]  } 
12-21 11:06:21.167 V/AlarmManager(  646): set(null) : type=2 triggerAtTime=841790 win=29999 tElapsed=841790 maxElapsed=871789 interval=0 flags=0x8
12-21 11:06:21.176 V/AlarmManager(  646): set(null) : type=2 triggerAtTime=816801 win=11250 tElapsed=816801 maxElapsed=828051 interval=0 flags=0x8
12-21 11:06:21.683 D/AudioALSAStreamOut(  288): [primary] dump()
12-21 11:06:21.684 D/AudioALSAStreamOut(  288): [primary] dump()
12-21 11:06:21.708 I/native  ( 1569): I20211221 11:06:21.708612  1661 torch_asr_decoder.cc:326] Endpoint is detected at 323
12-21 11:06:21.709 D/AudioProcessor( 1569): [ (AudioProcessor.java:199)#sendDataToJNI4 ] type:3 isHeating:false
12-21 11:06:21.778 D/AudioProcessor( 1569): [ (AudioProcessor.java:199)#sendDataToJNI4 ] type:0 isHeating:false
12-21 11:06:21.787 E/connsyslogger(  454): port index:3 not opened
12-21 11:06:22.266 E/WifiVendorHal(  646): getWifiLinkLayerStats(l.937) failed {.code = ERROR_NOT_SUPPORTED, .description = }
12-21 11:06:22.348 W/WindowManager(  646): removeWindowToken: Attempted to remove non-existing token: android.os.Binder@95a290c
12-21 11:06:22.378 I/EthernetTracker(  646): interfaceLinkStateChanged, iface: wlan0, up: true
12-21 11:06:22.379 D/WificondControl(  646): Scan result ready event
12-21 11:06:22.407 D/WifiScanningService(  646): singleScanResults: ClientInfo[uid=1000,android.os.Messenger@824faf0],Id=12,results=67
12-21 11:06:22.408 D/WifiScanningService(  646): singleScanResults: ClientInfo[uid=1000,android.os.Messenger@824faf0],Id=1,results=67
12-21 11:06:22.423 D/WifiConnectivityManager(  646): AllSingleScanListener onResults: start network selection
12-21 11:06:22.424 D/WifiNetworkSelector(  646): Current connected network: "TAL-Device" , ID: 0
12-21 11:06:22.424 D/WifiNetworkSelector(  646): Current network has [1] no-internet access reports.
12-21 11:06:22.424 D/WifiNetworkSelector(  646): Current connected network is not sufficient.
12-21 11:06:22.429 D/WifiNetworkSelector(  646): Networks filtered out due to low signal strength: tal-inc.com.cn:cc:d0:83:0d:6f:13(5GHz)-84 / TAL-Device:a8:bd:27:39:08:92(5GHz)-87 / tal-inc.com.cn:a8:bd:27:39:08:93(5GHz)-88 / TAL-Guest:a8:bd:27:39:08:91(5GHz)-89 / TAL-Guest:cc:d0:83:0d:6f:11(5GHz)-84 / TAL-Device:cc:d0:83:0d:6f:12(5GHz)-84 / App-Test:cc:d0:83:0d:af:10(5GHz)-87 / 
12-21 11:06:22.429 D/WifiNetworkSelector(  646): About to run SavedNetworkEvaluator :
12-21 11:06:22.439 D/SavedNetworkEvaluator(  646): 
12-21 11:06:22.439 D/SavedNetworkEvaluator(  646): [ TAL-Device 00:4e:35:2c:4a:e2 RSSI:-43 ]  RSSI score: 100, Same network bonus: 16, Equivalent BSSID bonus: 24, Secure network bonus: 80, ## Total score: 220
12-21 11:06:22.439 D/SavedNetworkEvaluator(  646): [ TAL-Device cc:d0:83:0d:8f:c2 RSSI:-47 ]  RSSI score: 100, Same network bonus: 16, Equivalent BSSID bonus: 24, Secure network bonus: 80, ## Total score: 220
12-21 11:06:22.439 D/SavedNetworkEvaluator(  646): [ TAL-Device cc:d0:83:0d:6a:51 RSSI:-65 ]  RSSI score: 80, 5GHz bonus: 40, Same network bonus: 16, Equivalent BSSID bonus: 24, Secure network bonus: 80, ## Total score: 240
12-21 11:06:22.439 D/SavedNetworkEvaluator(  646): [ TAL-Device cc:d0:83:0d:a4:32 RSSI:-47 ]  RSSI score: 112, 5GHz bonus: 40, Same network bonus: 16, Equivalent BSSID bonus: 24, Secure network bonus: 80, ## Total score: 272
12-21 11:06:22.439 D/SavedNetworkEvaluator(  646): [ TAL-Device 00:4e:35:2c:4a:f2 RSSI:-41 ]  RSSI score: 112, 5GHz bonus: 40, Same network bonus: 16, Same BSSID bonus: 24, Secure network bonus: 80, ## Total score: 272
12-21 11:06:22.439 D/SavedNetworkEvaluator(  646): [ TAL-Device 00:4e:35:2c:4d:b2 RSSI:-64 ]  RSSI score: 84, 5GHz bonus: 40, Same network bonus: 16, Equivalent BSSID bonus: 24, Secure network bonus: 80, ## Total score: 244
12-21 11:06:22.439 D/SavedNetworkEvaluator(  646): [ TAL-Device cc:d0:83:0d:a4:12 RSSI:-68 ]  RSSI score: 68, 5GHz bonus: 40, Same network bonus: 16, Equivalent BSSID bonus: 24, Secure network bonus: 80, ## Total score: 228
12-21 11:06:22.439 D/SavedNetworkEvaluator(  646): [ TAL-Device 00:4e:35:2c:3c:e2 RSSI:-55 ]  RSSI score: 100, Same network bonus: 16, Equivalent BSSID bonus: 24, Secure network bonus: 80, ## Total score: 220
12-21 11:06:22.439 D/SavedNetworkEvaluator(  646): [ TAL-Device cc:d0:83:0d:6a:41 RSSI:-66 ]  RSSI score: 76, Same network bonus: 16, Equivalent BSSID bonus: 24, Secure network bonus: 80, ## Total score: 196
12-21 11:06:22.439 D/SavedNetworkEvaluator(  646): [ TAL-Device cc:d0:83:0d:a4:22 RSSI:-52 ]  RSSI score: 100, Same network bonus: 16, Equivalent BSSID bonus: 24, Secure network bonus: 80, ## Total score: 220
12-21 11:06:22.439 D/SavedNetworkEvaluator(  646): [ TAL-Device cc:d0:83:0c:fa:d2 RSSI:-80 ]  RSSI score: 20, 5GHz bonus: 40, Same network bonus: 16, Equivalent BSSID bonus: 24, Secure network bonus: 80, ## Total score: 180
12-21 11:06:22.439 D/SavedNetworkEvaluator(  646): [ TAL-Device 00:4e:35:2c:3c:f2 RSSI:-53 ]  RSSI score: 112, 5GHz bonus: 40, Same network bonus: 16, Equivalent BSSID bonus: 24, Secure network bonus: 80, ## Total score: 272
12-21 11:06:22.439 D/SavedNetworkEvaluator(  646): [ TAL-Device cc:d0:83:0d:8f:d2 RSSI:-61 ]  RSSI score: 96, 5GHz bonus: 40, Same network bonus: 16, Equivalent BSSID bonus: 24, Secure network bonus: 80, ## Total score: 256
12-21 11:06:22.439 D/SavedNetworkEvaluator(  646): [ TAL-Device 00:4e:35:2c:4d:a2 RSSI:-60 ]  RSSI score: 100, Same network bonus: 16, Equivalent BSSID bonus: 24, Secure network bonus: 80, ## Total score: 220
12-21 11:06:22.439 D/SavedNetworkEvaluator(  646): [ TAL-Device 00:4e:35:2c:3b:b2 RSSI:-71 ]  RSSI score: 56, 5GHz bonus: 40, Same network bonus: 16, Equivalent BSSID bonus: 24, Secure network bonus: 80, ## Total score: 216
12-21 11:06:22.440 D/WifiNetworkSelector(  646): SavedNetworkEvaluator selects "TAL-Device":0 : 00:4e:35:2c:4a:f2
12-21 11:06:22.440 D/WifiConnectivityManager(  646): AllSingleScanListener:  WNS candidate-"TAL-Device"
12-21 11:06:22.440 D/WifiConnectivityManager(  646): connectToNetwork: Either already connected or is connecting to "TAL-Device" : 00:4e:35:2c:4a:f2
12-21 11:06:22.825 E/connsyslogger(  454): port index:3 not opened
12-21 11:06:23.689 D/AudioALSAStreamOut(  288): [primary] dump()
12-21 11:06:23.690 D/AudioALSAStreamOut(  288): [primary] dump()
12-21 11:06:24.279 I/LongLinkLog( 1569): [ (AsrEngine.java:59)#i ] connect status = DISCONNECTED,thread = Thread[wsMessage,5,main]
12-21 11:06:24.282 I/LongLinkLog( 1569): [ (AsrEngine.java:59)#i ] status changed to CONNECTING
12-21 11:06:24.284 I/TtSy    ( 1569): [ (AsrEngine.java:99)#lambda$init$0$AsrEngine ] status:CONNECTING
12-21 11:06:24.287 I/LongLinkLog( 1569): [ (AsrEngine.java:59)#i ] socketId:37c2e133-1fd2-4fcc-bf1a-96cd450c9813 userId:1000303 deviceSn:61D00121B1600029 token:eyJhbGciOiJIUzI1NiIsInR5cCI6IkpXVCJ9.eyJ1c2VyX2lkIjoxMDAwMzAzLCJ1c2VyX3NvdXJjZSI6ImxhbXBfc3R1IiwiYXVkIjoiQWNjZXNzVG9rZW4iLCJleHAiOjE2NDAwNzgxNTcsImlhdCI6MTYzOTk5MTc1NywibmJmIjoxNjM5OTkxNzU3LCJzdWIiOiIxMDAwMzAzIn0.7Xlezg82e5qQy_yBZgIMktib0C35NjahafJSq7XlLXs
12-21 11:06:24.290 I/System.out( 1569): port:8888
12-21 11:06:24.295 E/connsyslogger(  454): port index:3 not opened
12-21 11:06:24.397 D/AudioProcessor( 1569): [ (AudioProcessor.java:199)#sendDataToJNI4 ] type:1 isHeating:false
12-21 11:06:24.450 E/LongLinkLog( 1569): [ (AsrEngine.java:64)#e ] onFailure response=null,throwable = java.net.ConnectException: Failed to connect to /10.14.182.230:8888
12-21 11:06:24.451 E/LongLinkLog( 1569): [ (AsrEngine.java:64)#e ] ws error:Failed to connect to /10.14.182.230:8888
12-21 11:06:24.453 D/TalkEventDispatcher( 1569): [ (TalkEventDispatcher.java:139)#onError ] onError:
12-21 11:06:24.454 E/TtSy    ( 1569): [ (TTalkSdk.java:221)#onError ] onError: msg:网络不好,请稍后再试 errorCode:WS10001
12-21 11:06:24.454 E/IVoiceS ( 1569): [ (TalkVoiceS.java:193)#onError ] onError: msg:网络不好,请稍后再试 code:WS10001
12-21 11:06:24.455 E/IVoiceS ( 1569): [ (TalkVoiceS.java:284)#dispatchOnError ] error: isVoicePageOpen false
12-21 11:06:24.456 D/AudioProcessor( 1569): [ (AudioProcessor.java:199)#sendDataToJNI4 ] type:2 isHeating:false
12-21 11:06:24.457 I/LongLinkLog( 1569): [ (AsrEngine.java:59)#i ] status changed to DISCONNECTED
12-21 11:06:24.457 I/TtSy    ( 1569): [ (AsrEngine.java:99)#lambda$init$0$AsrEngine ] status:DISCONNECTED
12-21 11:06:24.458 I/LongLinkLog( 1569): [ (AsrEngine.java:59)#i ] reconnectAfterBackOff status = DISCONNECTED,thread = Thread[OkHttp https://hmi.chengjiukehu.com/...,5,main]
12-21 11:06:24.458 I/LongLinkLog( 1569): [ (AsrEngine.java:59)#i ] status changed to DISCONNECTED
12-21 11:06:24.459 I/LongLinkLog( 1569): [ (AsrEngine.java:59)#i ] reconnectAfterBackOff backOffSecond = 5 retryTimes:4
12-21 11:06:25.276 E/WifiVendorHal(  646): getWifiLinkLayerStats(l.937) failed {.code = ERROR_NOT_SUPPORTED, .description = }
12-21 11:06:25.304 E/connsyslogger(  454): port index:3 not opened
12-21 11:06:25.390 D/AudioProcessor( 1569): [ (AudioProcessor.java:199)#sendDataToJNI4 ] type:4 isHeating:false
12-21 11:06:25.695 D/AudioALSAStreamOut(  288): [primary] dump()
12-21 11:06:25.695 D/AudioALSAStreamOut(  288): [primary] dump()
12-21 11:06:25.867 D/AudioProcessor( 1569): [ (AudioProcessor.java:199)#sendDataToJNI4 ] type:3 isHeating:false
12-21 11:06:25.947 D/AudioProcessor( 1569): [ (AudioProcessor.java:199)#sendDataToJNI4 ] type:0 isHeating:false
12-21 11:06:26.308 E/connsyslogger(  454): port index:3 not opened
12-21 11:06:26.399 I/test    ( 1276): [ (UpdateManager.java:27)#update ] check code:13 name 1.0.0 12-16 18:52:44 release isRelease=false
12-21 11:06:27.701 D/AudioALSAStreamOut(  288): [primary] dump()
12-21 11:06:27.702 D/AudioALSAStreamOut(  288): [primary] dump()
12-21 11:06:28.293 E/WifiVendorHal(  646): getWifiLinkLayerStats(l.937) failed {.code = ERROR_NOT_SUPPORTED, .description = }
12-21 11:06:28.297 E/connsyslogger(  454): port index:3 not opened
12-21 11:06:29.111 D/connsyslogger(  454): clearLog :/storage/emulated/0/mtklog/connsyslog/fw,foldersize:2000
12-21 11:06:29.455 E/connsyslogger(  454): port index:3 not opened
12-21 11:06:29.465 I/LongLinkLog( 1569): [ (AsrEngine.java:59)#i ] connect status = DISCONNECTED,thread = Thread[wsMessage,5,main]
12-21 11:06:29.466 I/LongLinkLog( 1569): [ (AsrEngine.java:59)#i ] status changed to CONNECTING
12-21 11:06:29.467 I/TtSy    ( 1569): [ (AsrEngine.java:99)#lambda$init$0$AsrEngine ] status:CONNECTING
12-21 11:06:29.470 I/LongLinkLog( 1569): [ (AsrEngine.java:59)#i ] socketId:c1e0aced-c433-411d-99dc-c2f6134596ac userId:1000303 deviceSn:61D00121B1600029 token:eyJhbGciOiJIUzI1NiIsInR5cCI6IkpXVCJ9.eyJ1c2VyX2lkIjoxMDAwMzAzLCJ1c2VyX3NvdXJjZSI6ImxhbXBfc3R1IiwiYXVkIjoiQWNjZXNzVG9rZW4iLCJleHAiOjE2NDAwNzgxNTcsImlhdCI6MTYzOTk5MTc1NywibmJmIjoxNjM5OTkxNzU3LCJzdWIiOiIxMDAwMzAzIn0.7Xlezg82e5qQy_yBZgIMktib0C35NjahafJSq7XlLXs
12-21 11:06:29.473 I/System.out( 1569): port:8888
12-21 11:06:29.633 E/LongLinkLog( 1569): [ (AsrEngine.java:64)#e ] onFailure response=null,throwable = java.net.ConnectException: Failed to connect to /10.14.182.230:8888
12-21 11:06:29.634 I/LongLinkLog( 1569): [ (AsrEngine.java:59)#i ] status changed to DISCONNECTED
12-21 11:06:29.634 E/LongLinkLog( 1569): [ (AsrEngine.java:64)#e ] ws error:Failed to connect to /10.14.182.230:8888
12-21 11:06:29.635 I/TtSy    ( 1569): [ (AsrEngine.java:99)#lambda$init$0$AsrEngine ] status:DISCONNECTED
12-21 11:06:29.636 I/LongLinkLog( 1569): [ (AsrEngine.java:59)#i ] reconnectAfterBackOff status = DISCONNECTED,thread = Thread[OkHttp https://hmi.chengjiukehu.com/...,5,main]
12-21 11:06:29.636 D/TalkEventDispatcher( 1569): [ (TalkEventDispatcher.java:139)#onError ] onError:
12-21 11:06:29.637 I/LongLinkLog( 1569): [ (AsrEngine.java:59)#i ] status changed to DISCONNECTED
12-21 11:06:29.638 I/LongLinkLog( 1569): [ (AsrEngine.java:59)#i ] reconnectAfterBackOff backOffSecond = 7 retryTimes:5
12-21 11:06:29.638 E/TtSy    ( 1569): [ (TTalkSdk.java:221)#onError ] onError: msg:网络不好,请稍后再试 errorCode:WS10001
12-21 11:06:29.639 E/IVoiceS ( 1569): [ (TalkVoiceS.java:193)#onError ] onError: msg:网络不好,请稍后再试 code:WS10001
12-21 11:06:29.640 E/IVoiceS ( 1569): [ (TalkVoiceS.java:284)#dispatchOnError ] error: isVoicePageOpen false
12-21 11:06:29.709 D/AudioALSAStreamOut(  288): [primary] dump()
12-21 11:06:29.710 D/AudioALSAStreamOut(  288): [primary] dump()
12-21 11:06:31.309 E/WifiVendorHal(  646): getWifiLinkLayerStats(l.937) failed {.code = ERROR_NOT_SUPPORTED, .description = }
12-21 11:06:31.316 E/connsyslogger(  454): port index:3 not opened
12-21 11:06:31.716 D/AudioALSAStreamOut(  288): [primary] dump()
12-21 11:06:31.718 D/AudioALSAStreamOut(  288): [primary] dump()
12-21 11:06:32.424 D/AudioProcessor( 1569): [ (AudioProcessor.java:199)#sendDataToJNI4 ] type:1 isHeating:false
12-21 11:06:32.592 D/AudioProcessor( 1569): [ (AudioProcessor.java:199)#sendDataToJNI4 ] type:2 isHeating:false
12-21 11:06:32.757 E/connsyslogger(  454): port index:3 not opened
12-21 11:06:32.907 D/AudioProcessor( 1569): [ (AudioProcessor.java:199)#sendDataToJNI4 ] type:4 isHeating:false
12-21 11:06:33.545 D/AudioProcessor( 1569): [ (AudioProcessor.java:199)#sendDataToJNI4 ] type:3 isHeating:false
12-21 11:06:33.623 D/AudioProcessor( 1569): [ (AudioProcessor.java:199)#sendDataToJNI4 ] type:0 isHeating:false
12-21 11:06:33.726 D/AudioALSAStreamOut(  288): [primary] dump()
12-21 11:06:33.727 D/AudioALSAStreamOut(  288): [primary] dump()
12-21 11:06:33.787 E/connsyslogger(  454): port index:3 not opened
