01-01 08:00:23.335 D/WifiStateMachinePrime(  629): Switching from WifiDisabledState to ClientMode
01-01 08:00:23.335 D/WifiStateMachinePrime(  629): Entering ClientModeActiveState
01-01 08:00:23.336 D/WifiClientModeManager(  629): entering IdleState
01-01 08:00:23.337 D/WifiStateMachinePrime(  629): State changed from client mode. state = 2
01-01 08:00:23.340 D/MtkOmxApeDec(  474): APE component create
01-01 08:00:23.340 D/MtkOmxApeDec(  474): MtkOmxApeDec::MtkOmxApeDec(APE) this= 0xa93c3a00
01-01 08:00:23.340 D/MtkOmxApeDec(  474): new BpMtkCodec
01-01 08:00:23.340 D/BpMtkCodecService(  474): BpMtkCodecService ctor
01-01 08:00:23.343 D/BpMtkCodecService(  474): BpMtkCodecService get getService Done
01-01 08:00:23.343 D/BpMtkCodecService(  474): mtk.codecservice success
01-01 08:00:23.343 D/BpMtkCodecService(  474): BpMtkCodecService::create
01-01 08:00:23.344 E/MtkCodecService(  304): mtkcodecservice create
01-01 08:00:23.344 D/        (  304): create:in_size:5184,working_BUF_size:34908,out_size:5184
01-01 08:00:23.344 D/MtkOmxApeDec(  474): create:0
01-01 08:00:23.344 D/MtkOmxApeDec(  474): ctor:in_size:5184,out_size:5184
01-01 08:00:23.344 D/MtkOmxApeDec(  474): MtkOmxApeDec::InitAudioParams(APE)
01-01 08:00:23.344 D/MtkOmxApeDec(  474): InitAudioParams:out_size:5184
01-01 08:00:23.347 W/AshmemAllocator(  287): ashmem_create_region(12288) returning hidl_memory(0xa8516170, 12288)
01-01 08:00:23.351 D/MtkOmxApeDec(  474): [MtkOmxApeDec] Get HIDL input memory success.
01-01 08:00:23.351 D/MtkOmxAudioDecBase(  474): PollFd.fd = 8 
01-01 08:00:23.353 D/MtkOmxApeDec(  474): ~dtor+ this= 0xa93c3a00
01-01 08:00:23.353 D/MtkOmxApeDec(  474): close handle
01-01 08:00:23.353 D/MtkOmxApeDec(  474): call MtkCodec destroy+
01-01 08:00:23.353 D/BpMtkCodecService(  474): BpMtkCodecService::Destroy
01-01 08:00:23.353 E/MtkCodecService(  304): mtkcodecservice Destory
01-01 08:00:23.353 D/MtkOmxApeDec(  474): call MtkCodec destroy-
01-01 08:00:23.353 D/MtkOmxApeDec(  474): ~dtor- this= 0xa93c3a00
01-01 08:00:23.353 D/BpMtkCodecService(  474): ~BpMtkCodecService
01-01 08:00:23.357 I/OMXClient(  463): IOmx service obtained
01-01 08:00:23.357 I/OMXMaster(  474): makeComponentInstance(OMX.google.flac.decoder) in omx@1.0-service process
01-01 08:00:23.369 I/OMXClient(  463): IOmx service obtained
01-01 08:00:23.369 I/OMXMaster(  474): makeComponentInstance(OMX.google.g711.alaw.decoder) in omx@1.0-service process
01-01 08:00:23.374 I/OMXClient(  463): IOmx service obtained
01-01 08:00:23.375 I/OMXMaster(  474): makeComponentInstance(OMX.google.g711.mlaw.decoder) in omx@1.0-service process
01-01 08:00:23.378 I/OMXClient(  463): IOmx service obtained
01-01 08:00:23.378 I/OMXMaster(  474): makeComponentInstance(OMX.MTK.AUDIO.DECODER.GSM) in omx@1.0-service process
01-01 08:00:23.382 D/MtkOmxGsmDec(  474): MtkOmxComponentCreate +++ !!!
01-01 08:00:23.382 D/MtkOmxGsmDec(  474): MtkOmxGsmDec Construct !!!
01-01 08:00:23.382 D/MtkOmxGsmDec(  474): Init Audio(GSM) Params!!!
01-01 08:00:23.382 D/MtkOmxAudioDecBase(  474): PollFd.fd = 8 
01-01 08:00:23.383 D/MtkOmxGsmDec(  474): MtkOmxGsmDec Deconstruct !!!
01-01 08:00:23.385 I/OMXClient(  463): IOmx service obtained
01-01 08:00:23.385 I/OMXMaster(  474): makeComponentInstance(OMX.MTK.AUDIO.DECODER.MP2) in omx@1.0-service process
01-01 08:00:23.389 D/MtkOmxMp3Dec(  474): JB MtkOmxMp3Dec::MtkOmxMp3Dec this= 0xa93c3a00
01-01 08:00:23.389 D/MtkOmxMp3Dec(  474): JB MtkOmxMp3Dec::InitAudioParams(MP3)
01-01 08:00:23.390 D/MtkOmxAudioDecBase(  474): PollFd.fd = 8 
01-01 08:00:23.391 D/MtkOmxMp3Dec(  474): JB ~MtkOmxMp3Dec this= 0xa93c3a00
01-01 08:00:23.391 D/MtkOmxMp3Dec(  474): component has been DeInit before,return.
01-01 08:00:23.393 I/OMXClient(  463): IOmx service obtained
01-01 08:00:23.393 I/OMXMaster(  474): makeComponentInstance(OMX.MTK.AUDIO.DECODER.MP3) in omx@1.0-service process
01-01 08:00:23.395 D/MtkOmxMp3Dec(  474): JB MtkOmxMp3Dec::MtkOmxMp3Dec this= 0xa93c3a00
01-01 08:00:23.395 D/MtkOmxMp3Dec(  474): JB MtkOmxMp3Dec::InitAudioParams(MP3)
01-01 08:00:23.395 D/MtkOmxAudioDecBase(  474): PollFd.fd = 8 
01-01 08:00:23.396 D/MtkOmxMp3Dec(  474): JB ~MtkOmxMp3Dec this= 0xa93c3a00
01-01 08:00:23.396 D/MtkOmxMp3Dec(  474): component has been DeInit before,return.
01-01 08:00:23.398 I/OMXClient(  463): IOmx service obtained
01-01 08:00:23.399 I/OMXMaster(  474): makeComponentInstance(OMX.google.mp3.decoder) in omx@1.0-service process
01-01 08:00:23.405 I/OMXClient(  463): IOmx service obtained
01-01 08:00:23.405 I/OMXMaster(  474): makeComponentInstance(OMX.google.opus.decoder) in omx@1.0-service process
01-01 08:00:23.408 E/Netd    (  465): invalid interface index: wlan%d(0)
01-01 08:00:23.411 I/EthernetTracker(  629): interfaceLinkStateChanged, iface: wlan%d, up: false
01-01 08:00:23.415 I/EthernetTracker(  629): maybeTrackInterface wlan0
01-01 08:00:23.415 I/android.hardware.wifi@1.0-service-mediatek(  302): Wifi HAL started
01-01 08:00:23.415 I/EthernetTracker(  629): interfaceLinkStateChanged, iface: wlan0, up: false
01-01 08:00:23.416 I/WifiVendorHal(  629): Vendor Hal started successfully
01-01 08:00:23.417 I/WifiP2pNative(  629): Registering for interface available listener
01-01 08:00:23.421 I/OMXClient(  463): IOmx service obtained
01-01 08:00:23.422 I/OMXMaster(  474): makeComponentInstance(OMX.google.raw.decoder) in omx@1.0-service process
01-01 08:00:23.434 I/android_os_HwBinder(  629): HwBinder: Starting thread pool for default::android.hidl.manager@1.0::IServiceManager
01-01 08:00:23.438 I/OMXClient(  463): IOmx service obtained
01-01 08:00:23.438 I/OMXMaster(  474): makeComponentInstance(OMX.google.vorbis.decoder) in omx@1.0-service process
01-01 08:00:23.442 D/WifiP2pNative(  629): P2P InterfaceAvailableListener true
01-01 08:00:23.442 D/WifiP2pService(  629): Wifi enabled=false, P2P Interface availability=true, Number of clients=1
01-01 08:00:23.442 D/WifiP2pService(  629): Wifi enabled=false, P2P Interface availability=true
01-01 08:00:23.444 D/MTKWifiDisplayController(  629): Received WIFI_P2P_STATE_CHANGED_ACTION: enabled=false
01-01 08:00:23.444 I/MTKWifiDisplayController(  629): updateWfdEnableState(), mWifiDisplayOnSetting:false, mWifiP2pEnabled:false
01-01 08:00:23.444 I/MTKWifiDisplayController(  629): updateWfdInfo(), enable:false,mWfdEnabling:false
01-01 08:00:23.444 D/MTKWifiDisplayController(  629): reportFeatureState(), featureState = 2
01-01 08:00:23.444 I/MTKWifiDisplayController(  629): updateScanState(), mSinkEnabled:falsemDiscoverPeersInProgress:false
01-01 08:00:23.444 I/MTKWifiDisplayController(  629): disconnect, mRemoteDisplayInterface = null
01-01 08:00:23.444 I/MTKWifiDisplayController(  629): updateScanState(), mSinkEnabled:falsemDiscoverPeersInProgress:false
01-01 08:00:23.444 D/MTKWifiDisplayController(  629): callback onFeatureStateChanged(): featureState = 2
01-01 08:00:23.445 D/WifiP2pService(  629): P2pDisabledState{ when=0 what=139323 arg2=2 obj=WFD enabled: false
01-01 08:00:23.445 D/WifiP2pService(  629):  WFD DeviceInfo: 0
01-01 08:00:23.445 D/WifiP2pService(  629):  WFD CtrlPort: 0
01-01 08:00:23.445 D/WifiP2pService(  629):  WFD MaxThroughput: 0
01-01 08:00:23.445 D/WifiP2pService(  629):  WFD Extended Capability: 0 target=com.android.internal.util.StateMachine$SmHandler }
01-01 08:00:23.445 D/WifiP2pService(  629): DefaultState{ when=0 what=139323 arg2=2 obj=WFD enabled: false
01-01 08:00:23.445 D/WifiP2pService(  629):  WFD DeviceInfo: 0
01-01 08:00:23.445 D/WifiP2pService(  629):  WFD CtrlPort: 0
01-01 08:00:23.445 D/WifiP2pService(  629):  WFD MaxThroughput: 0
01-01 08:00:23.445 D/WifiP2pService(  629):  WFD Extended Capability: 0 target=com.android.internal.util.StateMachine$SmHandler }
01-01 08:00:23.448 I/OMXClient(  463): IOmx service obtained
01-01 08:00:23.448 I/OMXMaster(  474): makeComponentInstance(OMX.MTK.AUDIO.DECODER.WMA) in omx@1.0-service process
01-01 08:00:23.449 E/osal_utils(  474): dlopen failed, dlopen failed: library "libMtkOmxWmaDec.so" not found
01-01 08:00:23.449 E/media.codec(  474): Failed to allocate omx component 'OMX.MTK.AUDIO.DECODER.WMA'  err=ComponentNotFound(0x80001003)
01-01 08:00:23.449 W/OmxInfoBuilder(  463): Fail to add mime audio/x-ms-wma to codec OMX.MTK.AUDIO.DECODER.WMA
01-01 08:00:23.451 I/OMXClient(  463): IOmx service obtained
01-01 08:00:23.451 I/OMXMaster(  474): makeComponentInstance(OMX.MTK.AUDIO.DECODER.WMAPRO) in omx@1.0-service process
01-01 08:00:23.452 E/osal_utils(  474): dlopen failed, dlopen failed: library "libMtkOmxWmaProDec.so" not found
01-01 08:00:23.452 E/media.codec(  474): Failed to allocate omx component 'OMX.MTK.AUDIO.DECODER.WMAPRO'  err=ComponentNotFound(0x80001003)
01-01 08:00:23.452 W/OmxInfoBuilder(  463): Fail to add mime audio/x-ms-wmapro to codec OMX.MTK.AUDIO.DECODER.WMAPRO
01-01 08:00:23.454 I/OMXClient(  463): IOmx service obtained
01-01 08:00:23.454 I/OMXMaster(  474): makeComponentInstance(OMX.google.aac.encoder) in omx@1.0-service process
01-01 08:00:23.468 I/OMXClient(  463): IOmx service obtained
01-01 08:00:23.469 I/OMXMaster(  474): makeComponentInstance(OMX.google.amrnb.encoder) in omx@1.0-service process
01-01 08:00:23.475 I/OMXClient(  463): IOmx service obtained
01-01 08:00:23.476 I/OMXMaster(  474): makeComponentInstance(OMX.google.amrwb.encoder) in omx@1.0-service process
01-01 08:00:23.484 I/OMXClient(  463): IOmx service obtained
01-01 08:00:23.484 I/OMXMaster(  474): makeComponentInstance(OMX.google.flac.encoder) in omx@1.0-service process
01-01 08:00:23.493 I/OMXClient(  463): IOmx service obtained
01-01 08:00:23.493 W/NetworkManagement(  629): setDataSaverMode(): already false
01-01 08:00:23.493 I/OMXMaster(  474): makeComponentInstance(OMX.MTK.VIDEO.DECODER.HEIF) in omx@1.0-service process
01-01 08:00:23.496 I/SystemServer(  629): MakeIpSecServiceReady
01-01 08:00:23.503 D/IpSecService(  629): IpSecService is ready
01-01 08:00:23.503 I/SystemServer(  629): MakeNetworkStatsServiceReady
01-01 08:00:23.507 V/NetworkStatsRecorder(  629): setPersistThreshold() with 2097152
01-01 08:00:23.507 I/chatty  (  629): uid=1000 system_server identical 2 lines
01-01 08:00:23.507 V/NetworkStatsRecorder(  629): setPersistThreshold() with 2097152
01-01 08:00:23.508 D/NetworkStatsRecorder(  629): loadLocked() reading from disk for xt
01-01 08:00:23.508 W/NetworkPolicy(  629): setRestrictBackgroundUL: already false
01-01 08:00:23.510 W/BestClock(  629): java.time.DateTimeException: Missing NTP fix
01-01 08:00:23.526 I/putmethod.lati(  746): The ClassLoaderContext is a special shared library.
01-01 08:00:23.530 W/BestClock(  629): java.time.DateTimeException: Missing NTP fix
01-01 08:00:23.541 I/ndroid.systemu(  765): The ClassLoaderContext is a special shared library.
01-01 08:00:23.541 I/SystemServer(  629): MakeConnectivityServiceReady
01-01 08:00:23.544 I/wpa_supplicant(  845): Processing hidl events on FD 3
01-01 08:00:23.545 D/PermissionMonitor(  629): Monitoring
01-01 08:00:23.546 D/Ethernet(  629): got request NetworkRequest [ BACKGROUND_REQUEST id=2, [ Transports: CELLULAR Capabilities: INTERNET&NOT_RESTRICTED&TRUSTED&NOT_VPN Unwanted: ] ] with score 0
01-01 08:00:23.556 D/PermissionMonitor(  629): Users: 1, Apps: 57
01-01 08:00:23.561 I/wpa_supplicant(  845): Successfully initialized wpa_supplicant
01-01 08:00:23.561 I/android_os_HwBinder(  629): HwBinder: Starting thread pool for default::android.hardware.wifi.supplicant@1.0::ISupplicant
01-01 08:00:23.563 I/SupplicantStaIfaceHal(  629): Completed initialization of ISupplicant.
01-01 08:00:23.567 I/SystemServer(  629): MakeNetworkPolicyServiceReady
01-01 08:00:23.567 I/SystemServer(  629): StartWatchdog
01-01 08:00:23.568 I/SystemServer(  629): PhaseThirdPartyAppsCanStart
01-01 08:00:23.568 I/SystemServiceManager(  629): Starting phase 600
01-01 08:00:23.573 E/LightsService(  629): Light requested not available on this device. 4
01-01 08:00:23.577 V/WallpaperManagerService(  629): bindWallpaperComponentLocked: componentName=ComponentInfo{com.android.systemui/com.android.systemui.ImageWallpaper}
01-01 08:00:23.584 D/PQ      (  474): [PQ_PROT] [PQCust] libpq_cust_base.so absent, libpq_cust.so OK
01-01 08:00:23.586 E/MtkOmxVdecExV4L2(  474): [0xa8c03b40] [MtkOmxVdec] VAL_CHIP_NAME_MT8168
01-01 08:00:23.586 E/libc    (  474): Access denied finding property "ro.mtk_crossmount_support"
01-01 08:00:23.587 E/libc    (  474): Access denied finding property "ro.mtk_deinterlace_support"
01-01 08:00:23.587 D/MtkOmxVdecExV4L2(  474): [0xa8c03b40] MtkOmxComponentCreate mCompHandle(0xA8C03B44)
01-01 08:00:23.587 E/MtkOmxVdecExV4L2(  474): [0xa8c03b40] MtkOmxVdec::ComponentInit (OMX.MTK.VIDEO.DECODER.HEIF)
01-01 08:00:23.588 E/MtkV4L2Device(  474): [0xa8c03d9c] [subscribeEvent] ioctl(1075861082) failed. error = Invalid argument
01-01 08:00:23.591 E/MtkV4L2Device(  474): [0xa8c03d9c] Switch V4L2_PIX_FMT_MT21S to VDEC_DRV_PIXEL_FORMAT_YUV_420_PLANER_MTK
01-01 08:00:23.593 E/MtkV4L2Device(  474): [0xa8c03d9c] Switch V4L2_PIX_FMT_MT21S to VDEC_DRV_PIXEL_FORMAT_YUV_420_PLANER_MTK
01-01 08:00:23.598 I/chatty  (  474): uid=1046(mediacodec) omx@1.0-service identical 11 lines
01-01 08:00:23.598 E/MtkV4L2Device(  474): [0xa8c03d9c] Switch V4L2_PIX_FMT_MT21S to VDEC_DRV_PIXEL_FORMAT_YUV_420_PLANER_MTK
01-01 08:00:23.599 E/MtkOmxVdecExV4L2(  474): [0xa8c03b40] ----, err:-2147479526
01-01 08:00:23.599 E/OMXNodeInstance(  474): getParameter(0xa8c03b44:MTK.DECODER.HEIF, ??(0x7f200405)) ERROR: UnsupportedIndex(0x8000101a)
01-01 08:00:23.599 W/OMXUtils(  463): do not know color format 0x7f000001 = 2130706433
01-01 08:00:23.600 E/MtkOmxVdecExV4L2(  474): [0xa8c03b40] ----, err:-2147479526
01-01 08:00:23.600 E/OMXNodeInstance(  474): getParameter(0xa8c03b44:MTK.DECODER.HEIF, ??(0x7f200405)) ERROR: UnsupportedIndex(0x8000101a)
01-01 08:00:23.601 E/MtkOmxVdecExV4L2(  474): [0xa8c03b40] ----, err:-2147479526
01-01 08:00:23.601 E/OMXNodeInstance(  474): getParameter(0xa8c03b44:MTK.DECODER.HEIF, ??(0x7f200405)) ERROR: UnsupportedIndex(0x8000101a)
01-01 08:00:23.601 W/OMXUtils(  463): do not know color format 0x7f00a000 = 2130747392
01-01 08:00:23.602 E/MtkOmxVdecExV4L2(  474): [0xa8c03b40] +MtkOmxVdec::ComponentDeInit
01-01 08:00:23.603 E/MtkDataShapingUtils(  629): Exception openLteGateByDataShaping  in java.lang.NullPointerException: null receiver
01-01 08:00:23.603 W/System.err(  629): java.lang.NullPointerException: null receiver
01-01 08:00:23.603 W/System.err(  629): 	at java.lang.reflect.Method.invoke(Native Method)
01-01 08:00:23.603 W/System.err(  629): 	at com.mediatek.server.MtkDataShaping.openLteGateByDataShaping(MtkDataShaping.java:36)
01-01 08:00:23.603 W/System.err(  629): 	at com.android.server.AlarmManagerService.deliverAlarmsLocked(AlarmManagerService.java:3603)
01-01 08:00:23.603 W/System.err(  629): 	at com.android.server.AlarmManagerService$AlarmThread.run(AlarmManagerService.java:3781)
01-01 08:00:23.607 W/BestClock(  629): java.time.DateTimeException: Missing NTP fix
01-01 08:00:23.611 E/MtkDataShapingUtils(  629): Exception openLteGateByDataShaping  in java.lang.NullPointerException: null receiver
01-01 08:00:23.611 W/System.err(  629): java.lang.NullPointerException: null receiver
01-01 08:00:23.612 W/System.err(  629): 	at java.lang.reflect.Method.invoke(Native Method)
01-01 08:00:23.612 W/System.err(  629): 	at com.mediatek.server.MtkDataShaping.openLteGateByDataShaping(MtkDataShaping.java:36)
01-01 08:00:23.612 W/System.err(  629): 	at com.android.server.AlarmManagerService.deliverAlarmsLocked(AlarmManagerService.java:3603)
01-01 08:00:23.612 W/System.err(  629): 	at com.android.server.AlarmManagerService$AlarmThread.run(AlarmManagerService.java:3781)
01-01 08:00:23.615 W/BestClock(  629): java.time.DateTimeException: Missing NTP fix
01-01 08:00:23.615 D/osal_utils(  474): ## MtkOmxCoreCpuControlThread terminated
01-01 08:00:23.616 E/MtkDataShapingUtils(  629): Exception openLteGateByDataShaping  in java.lang.NullPointerException: null receiver
01-01 08:00:23.616 W/System.err(  629): java.lang.NullPointerException: null receiver
01-01 08:00:23.616 W/System.err(  629): 	at java.lang.reflect.Method.invoke(Native Method)
01-01 08:00:23.616 W/System.err(  629): 	at com.mediatek.server.MtkDataShaping.openLteGateByDataShaping(MtkDataShaping.java:36)
01-01 08:00:23.616 W/System.err(  629): 	at com.android.server.AlarmManagerService.deliverAlarmsLocked(AlarmManagerService.java:3603)
01-01 08:00:23.616 W/System.err(  629): 	at com.android.server.AlarmManagerService$AlarmThread.run(AlarmManagerService.java:3781)
01-01 08:00:23.619 W/BestClock(  629): java.time.DateTimeException: Missing NTP fix
01-01 08:00:23.632 I/OMXClient(  463): IOmx service obtained
01-01 08:00:23.635 I/OMXMaster(  474): makeComponentInstance(OMX.MTK.VIDEO.DECODER.AVC) in omx@1.0-service process
01-01 08:00:23.636 E/MtkOmxVdecExV4L2(  474): [0xa8c03380] [MtkOmxVdec] VAL_CHIP_NAME_MT8168
01-01 08:00:23.636 E/libc    (  474): Access denied finding property "ro.mtk_crossmount_support"
01-01 08:00:23.637 E/libc    (  474): Access denied finding property "ro.mtk_deinterlace_support"
01-01 08:00:23.637 D/MtkOmxVdecExV4L2(  474): [0xa8c03380] MtkOmxComponentCreate mCompHandle(0xA8C03384)
01-01 08:00:23.637 E/MtkOmxVdecExV4L2(  474): [0xa8c03380] MtkOmxVdec::ComponentInit (OMX.MTK.VIDEO.DECODER.AVC)
01-01 08:00:23.644 E/MtkV4L2Device(  474): [0xa8c035dc] [subscribeEvent] ioctl(1075861082) failed. error = Invalid argument
01-01 08:00:23.645 E/MtkV4L2Device(  474): [0xa8c035dc] Switch V4L2_PIX_FMT_MT21S to VDEC_DRV_PIXEL_FORMAT_YUV_420_PLANER_MTK
01-01 08:00:23.646 E/MtkV4L2Device(  474): [0xa8c035dc] Switch V4L2_PIX_FMT_MT21S to VDEC_DRV_PIXEL_FORMAT_YUV_420_PLANER_MTK
01-01 08:00:23.649 I/chatty  (  474): uid=1046(mediacodec) HwBinder:474_2 identical 8 lines
01-01 08:00:23.650 E/MtkV4L2Device(  474): [0xa8c035dc] Switch V4L2_PIX_FMT_MT21S to VDEC_DRV_PIXEL_FORMAT_YUV_420_PLANER_MTK
01-01 08:00:23.650 I/EthernetTracker(  629): maybeTrackInterface p2p0
01-01 08:00:23.655 I/EthernetTracker(  629): interfaceLinkStateChanged, iface: p2p0, up: false
01-01 08:00:23.655 E/MtkV4L2Device(  474): [0xa8c035dc] Switch V4L2_PIX_FMT_MT21S to VDEC_DRV_PIXEL_FORMAT_YUV_420_PLANER_MTK
01-01 08:00:23.656 E/MtkV4L2Device(  474): [0xa8c035dc] Switch V4L2_PIX_FMT_MT21S to VDEC_DRV_PIXEL_FORMAT_YUV_420_PLANER_MTK
01-01 08:00:23.656 I/EthernetTracker(  629): interfaceLinkStateChanged, iface: wlan0, up: false
01-01 08:00:23.656 I/WifiHAL (  302): Wifi HAL initializing
01-01 08:00:23.657 I/WifiHAL (  302): Creating socket
01-01 08:00:23.657 I/WifiHAL (  302): Get nl80211_family_id
01-01 08:00:23.657 I/WifiHAL (  302): init wifi interfaces
01-01 08:00:23.657 E/MtkV4L2Device(  474): [0xa8c035dc] Switch V4L2_PIX_FMT_MT21S to VDEC_DRV_PIXEL_FORMAT_YUV_420_PLANER_MTK
01-01 08:00:23.658 E/MtkV4L2Device(  474): [0xa8c035dc] Switch V4L2_PIX_FMT_MT21S to VDEC_DRV_PIXEL_FORMAT_YUV_420_PLANER_MTK
01-01 08:00:23.658 D/WifiHAL (  302): found an interface : p2p0, id = 10
01-01 08:00:23.658 D/WifiHAL (  302): found an interface : wlan0, id = 9
01-01 08:00:23.658 E/MtkV4L2Device(  474): [0xa8c035dc] Switch V4L2_PIX_FMT_MT21S to VDEC_DRV_PIXEL_FORMAT_YUV_420_PLANER_MTK
01-01 08:00:23.658 E/MtkV4L2Device(  474): [0xa8c035dc] Switch V4L2_PIX_FMT_MT21S to VDEC_DRV_PIXEL_FORMAT_YUV_420_PLANER_MTK
01-01 08:00:23.658 D/WifiHAL (  302): Add membership for group scan successfully
01-01 08:00:23.659 E/MtkV4L2Device(  474): [0xa8c035dc] Switch V4L2_PIX_FMT_MT21S to VDEC_DRV_PIXEL_FORMAT_YUV_420_PLANER_MTK
01-01 08:00:23.662 I/StatsCompanionService(  629): Told statsd that StatsCompanionService is alive.
01-01 08:00:23.663 I/SystemServer(  629): MakeLocationServiceReady
01-01 08:00:23.665 I/chatty  (  474): uid=1046(mediacodec) HwBinder:474_2 identical 12 lines
01-01 08:00:23.666 E/MtkV4L2Device(  474): [0xa8c035dc] Switch V4L2_PIX_FMT_MT21S to VDEC_DRV_PIXEL_FORMAT_YUV_420_PLANER_MTK
01-01 08:00:23.666 D/MtkLocationExt(  629): MtkLocationExt LocationManagerService()
01-01 08:00:23.666 D/LocationManagerService(  629): mMtkLocationManagerService = com.mediatek.location.MtkLocationExt$LocationManagerService@fc4692b
01-01 08:00:23.666 D/LocationManagerService(  629): checkCtaSupport = true
01-01 08:00:23.666 E/MtkV4L2Device(  474): [0xa8c035dc] Switch V4L2_PIX_FMT_MT21S to VDEC_DRV_PIXEL_FORMAT_YUV_420_PLANER_MTK
01-01 08:00:23.671 I/chatty  (  474): uid=1046(mediacodec) HwBinder:474_2 identical 10 lines
01-01 08:00:23.671 E/MtkV4L2Device(  474): [0xa8c035dc] Switch V4L2_PIX_FMT_MT21S to VDEC_DRV_PIXEL_FORMAT_YUV_420_PLANER_MTK
01-01 08:00:23.672 D/WifiHAL (  302): Add membership for group mlme successfully
01-01 08:00:23.672 D/WifiHAL (  302): Add membership for group regulatory successfully
01-01 08:00:23.672 D/WifiHAL (  302): Add membership for group vendor successfully
01-01 08:00:23.673 D/WifiHAL (  302): Wifi HAL initialized successfully: nl80211_family_id=19, found 2 interfaces
01-01 08:00:23.673 I/android.hardware.wifi@1.0-service-mediatek(  302): Adding interface handle for p2p0
01-01 08:00:23.673 I/android.hardware.wifi@1.0-service-mediatek(  302): Adding interface handle for wlan0
01-01 08:00:23.673 E/MtkV4L2Device(  474): [0xa8c035dc] Switch V4L2_PIX_FMT_MT21S to VDEC_DRV_PIXEL_FORMAT_YUV_420_PLANER_MTK
01-01 08:00:23.674 I/chatty  (  474): uid=1046(mediacodec) omx@1.0-service identical 2 lines
01-01 08:00:23.674 E/android.hardware.wifi@1.0-service-mediatek(  302): Failed to register radio mode change callback
01-01 08:00:23.675 W/hwservicemanager(  262): getTransport: Cannot find entry android.hardware.gnss@1.1::IGnss/default in either framework or device manifest.
01-01 08:00:23.675 E/MtkV4L2Device(  474): [0xa8c035dc] Switch V4L2_PIX_FMT_MT21S to VDEC_DRV_PIXEL_FORMAT_YUV_420_PLANER_MTK
01-01 08:00:23.675 D/GnssLocationProvider(  629): gnssHal 1.1 was null, trying 1.0
01-01 08:00:23.675 E/MtkV4L2Device(  474): [0xa8c035dc] Switch V4L2_PIX_FMT_MT21S to VDEC_DRV_PIXEL_FORMAT_YUV_420_PLANER_MTK
01-01 08:00:23.675 I/android.hardware.wifi@1.0-service-mediatek(  302): Configured chip in mode 0
01-01 08:00:23.679 I/chatty  (  474): uid=1046(mediacodec) omx@1.0-service identical 6 lines
01-01 08:00:23.679 E/MtkV4L2Device(  474): [0xa8c035dc] Switch V4L2_PIX_FMT_MT21S to VDEC_DRV_PIXEL_FORMAT_YUV_420_PLANER_MTK
01-01 08:00:23.680 I/LatinIME(  746): Hardware accelerated drawing: false
01-01 08:00:23.680 E/MtkV4L2Device(  474): [0xa8c035dc] Switch V4L2_PIX_FMT_MT21S to VDEC_DRV_PIXEL_FORMAT_YUV_420_PLANER_MTK
01-01 08:00:23.681 I/chatty  (  474): uid=1046(mediacodec) omx@1.0-service identical 1 line
01-01 08:00:23.682 E/MtkV4L2Device(  474): [0xa8c035dc] Switch V4L2_PIX_FMT_MT21S to VDEC_DRV_PIXEL_FORMAT_YUV_420_PLANER_MTK
01-01 08:00:23.684 I/GnssLocationProvider(  629): WakeLock acquired by sendMessage(INITIALIZE_HANDLER, 0, null)
01-01 08:00:23.684 D/GnssLocationProvider(  629): Link to death notification successful
01-01 08:00:23.685 I/MtkGnssHAL_GnssInterface(  304): getExtensionXtra: GnssXtra interface not implemented by HAL
01-01 08:00:23.688 D/MtkLocationExt(  629): MtkLocationExt GnssLocationProvider()
01-01 08:00:23.689 D/MtkLocationExt(  629): add GPS time sync handler and looper
01-01 08:00:23.689 I/MtkGnssHAL_GnssInterface(  304): getExtensionGnssDebug: GnssDebug interface not implemented by HAL
01-01 08:00:23.690 D/GnssLocationProvider(  629): mMtkGnssProvider = com.mediatek.location.MtkLocationExt$GnssLocationProvider@cecb8
01-01 08:00:23.692 W/MtkGnssHAL_GnssInterface(  304): getExtensionGnssConfiguration: GnssConfiguration interface not implemented by HAL
01-01 08:00:23.693 E/MtkGnssHAL_GnssInterface(  304): getExtensionGnssGeofencing: GnssGeofencing interface not implemented by HAL
01-01 08:00:23.695 E/MtkV4L2Device(  474): [0xa8c035dc] Switch V4L2_PIX_FMT_MT21S to VDEC_DRV_PIXEL_FORMAT_YUV_420_PLANER_MTK
01-01 08:00:23.696 W/LocationManagerService(  629): no network location provider found
01-01 08:00:23.699 I/chatty  (  474): uid=1046(mediacodec) omx@1.0-service identical 3 lines
01-01 08:00:23.699 E/MtkV4L2Device(  474): [0xa8c035dc] Switch V4L2_PIX_FMT_MT21S to VDEC_DRV_PIXEL_FORMAT_YUV_420_PLANER_MTK
01-01 08:00:23.704 E/MtkOmxVdecExV4L2(  474): [0xa8c03380] ----, err:-2147479526
01-01 08:00:23.704 E/OMXNodeInstance(  474): getParameter(0xa8c03384:MTK.DECODER.AVC, ??(0x7f200405)) ERROR: UnsupportedIndex(0x8000101a)
01-01 08:00:23.705 W/OMXUtils(  463): do not know color format 0x7f000001 = 2130706433
01-01 08:00:23.706 E/MtkGnssHAL_GnssInterface(  304): Fused Location hw_get_module returned null methods
01-01 08:00:23.706 E/MtkGnssHAL_GnssInterface(  304): getExtensionGnssBatching: GnssBatching interface is not implemented by HAL
01-01 08:00:23.706 D/        (  304): gpshal_gpscbs_save: Use GpsCallbacks
01-01 08:00:23.707 D/        (  304): gpshal_check_capability: chip id = 0x8168
01-01 08:00:23.707 D/        (  304): gpshal_resource_init: year = 2016, capabilities = 70
01-01 08:00:23.707 D/GnssLocationProvider(  629): gnssSetCapabilitesCb: 70u
01-01 08:00:23.707 E/MtkOmxVdecExV4L2(  474): [0xa8c03380] ----, err:-2147479526
01-01 08:00:23.708 E/OMXNodeInstance(  474): getParameter(0xa8c03384:MTK.DECODER.AVC, ??(0x7f200405)) ERROR: UnsupportedIndex(0x8000101a)
01-01 08:00:23.708 D/GnssLocationProvider(  629): gnssSetSystemInfoCb: yearOfHw=2016
01-01 08:00:23.708 D/        (  304): socket_bind_udp: fd=31
01-01 08:00:23.708 D/        (  304): socket_bind_udp: path=mtk_mnl2hal
01-01 08:00:23.709 D/        (  304): hal2mnl_gps_init: hal2mnl_gps_init
01-01 08:00:23.709 E/LocationManagerService(  629): no geocoder provider found
01-01 08:00:23.709 D/        (  448): mnld_main_thread: hal2mnl_hdlr msg
01-01 08:00:23.709 E/GnssLocationProvider(  629): Unable to initialize GNSS Xtra interface
01-01 08:00:23.709 E/MtkOmxVdecExV4L2(  474): [0xa8c03380] ----, err:-2147479526
01-01 08:00:23.709 E/OMXNodeInstance(  474): getParameter(0xa8c03384:MTK.DECODER.AVC, ??(0x7f200405)) ERROR: UnsupportedIndex(0x8000101a)
01-01 08:00:23.709 W/        (  448): hal_gps_init: hal_gps_init
01-01 08:00:23.709 D/        (  448): mnl2agps_gps_init: mnl2agps_gps_init
01-01 08:00:23.710 I/GnssLocationProvider(  629): Unable to initialize GNSS Geofencing interface
01-01 08:00:23.710 E/        (  448): sock_udp_client_create_local: connect() failed, abstract=1 name=[mtk_mnl2agps] reason=[Connection refused]111
01-01 08:00:23.710 W/OMXUtils(  463): do not know color format 0x7f00a000 = 2130747392
01-01 08:00:23.711 E/OMXNodeInstance(  474): getExtensionIndex(0xa8c03384:MTK.DECODER.AVC, OMX.google.android.index.configureVideoTunnelMode) ERROR: UnsupportedIndex(0x8000101a)
01-01 08:00:23.712 E/OMXNodeInstance(  474): setParameter(0xa8c03384:MTK.DECODER.AVC, OMX.google.android.index.allocateNativeHandle(0x7f20040e): Output:1 en=0) ERROR: BadParameter(0x80001005)
01-01 08:00:23.712 E/MtkOmxVdecExV4L2(  474): [0xa8c03380] +MtkOmxVdec::ComponentDeInit
01-01 08:00:23.712 D/        (  304): hal2mnl_gps_cleanup: hal2mnl_gps_cleanup
01-01 08:00:23.713 D/        (  448): mnld_main_thread: hal2mnl_hdlr msg
01-01 08:00:23.713 W/        (  448): hal_gps_cleanup: hal_gps_cleanup
01-01 08:00:23.713 D/        (  448): mnl2agps_gps_cleanup: mnl2agps_gps_cleanup
01-01 08:00:23.713 E/        (  448): sock_udp_client_create_local: connect() failed, abstract=1 name=[mtk_mnl2agps] reason=[Connection refused]111
01-01 08:00:23.714 D/LocationManagerService(  629): Unable to bind FLP Geofence proxy.
01-01 08:00:23.714 E/ActivityRecognitionHardware(  629): activity_recognition HAL is deprecated. is_supported is effectively a no-op
01-01 08:00:23.714 D/LocationManagerService(  629): Hardware Activity-Recognition not supported.
01-01 08:00:23.715 E/ActivityRecognitionProxy(  629): ServiceWatcher could not start.
01-01 08:00:23.715 D/LocationManagerService(  629): Unable to bind ActivityRecognitionProxy.
01-01 08:00:23.716 D/LocationManagerService(  629): updateProvidersLocked provider:fused changesMade: true isEnabled:false shouldBeEnabled:true
01-01 08:00:23.716 D/AES     (  629): AEEIOCTL_RT_MON_Kick IOCTL,cmd= 2147774474, lParam=300. 
01-01 08:00:23.716 I/GnssLocationProvider(  629): WakeLock acquired by sendMessage(ENABLE, 1, null)
01-01 08:00:23.716 D/LocationManagerService(  629): updateProvidersLocked provider:gps changesMade: true isEnabled:false shouldBeEnabled:true
01-01 08:00:23.716 D/LocationManagerService(  629): updateProvidersLocked provider:passive changesMade: true isEnabled:true shouldBeEnabled:true
01-01 08:00:23.718 D/        (  304): hal2mnl_set_server: hal2mnl_set_server  type=1 hostname=[supl.google.com] port=7275
01-01 08:00:23.718 D/        (  448): mnld_main_thread: hal2mnl_hdlr msg
01-01 08:00:23.718 D/        (  448): hal_set_server: hal_set_server  type=1 hostname=[supl.google.com] port=7275
01-01 08:00:23.719 E/        (  448): sock_udp_client_create_local: connect() failed, abstract=1 name=[mtk_mnl2agps] reason=[Connection refused]111
01-01 08:00:23.720 I/SystemServer(  629): MakeCountryDetectionServiceReady
01-01 08:00:23.720 I/SystemServer(  629): MakeNetworkTimeUpdateReady
01-01 08:00:23.723 D/osal_utils(  474): ## MtkOmxCoreCpuControlThread terminated
01-01 08:00:23.725 D/MtkConnectivityService(  629): requestNetwork for uid/pid:1000/629 NetworkRequest [ TRACK_DEFAULT id=7, [ Capabilities: INTERNET&NOT_RESTRICTED&TRUSTED Unwanted:  Uid: 1000] ]
01-01 08:00:23.726 D/Ethernet(  629): got request NetworkRequest [ TRACK_DEFAULT id=7, [ Capabilities: INTERNET&NOT_RESTRICTED&TRUSTED Unwanted:  Uid: 1000] ] with score 0
01-01 08:00:23.727 I/SystemServer(  629): MakeCommonTimeManagementServiceReady
01-01 08:00:23.729 D/LocationManagerService(  629): request 35f543a passive Request[POWER_NONE passive fastest=0 lowPowerMode=false] from android(1000 foreground [whitelisted])
01-01 08:00:23.729 I/CommonTimeManagementService(  629): No common time service detected on this platform.  Common time services will be unavailable.
01-01 08:00:23.729 I/SystemServer(  629): MakeInputManagerServiceReady
01-01 08:00:23.730 I/GnssLocationProvider(  629): WakeLock released by handleMessage(INITIALIZE_HANDLER, 0, null)
01-01 08:00:23.731 I/InputReader(  629): Reconfiguring input devices.  changes=0x00000020
01-01 08:00:23.732 I/SystemServer(  629): MakeTelephonyRegistryReady
01-01 08:00:23.732 E/WifiVendorHal(  629): enableLinkLayerStats(l.1010) failed {.code = ERROR_NOT_SUPPORTED, .description = }
01-01 08:00:23.732 E/WifiVendorHal(  629): unable to enable link layer stats collection
01-01 08:00:23.732 D/WificondControl(  629): Setting up interface for client mode
01-01 08:00:23.733 I/SystemServer(  629): MakeMediaRouterServiceReady
01-01 08:00:23.734 I/OMXClient(  463): IOmx service obtained
01-01 08:00:23.734 I/SystemServer(  629): MakeMmsServiceReady
01-01 08:00:23.734 I/MmsServiceBroker(  629): Delay connecting to MmsService until an API is called
01-01 08:00:23.734 I/OMXMaster(  474): makeComponentInstance(OMX.google.h264.decoder) in omx@1.0-service process
01-01 08:00:23.734 I/SystemServer(  629): IncidentDaemonReady
01-01 08:00:23.736 I/GnssLocationProvider(  629): restartRequests
01-01 08:00:23.736 I/wificond(  472): create scanner for interface with index: 9
01-01 08:00:23.736 I/wificond(  472): subscribe scan result for interface with index: 9
01-01 08:00:23.737 W/MtkGnssHAL_GnssInterface(  304): setCallback called more than once. Unexpected unless test.
01-01 08:00:23.737 D/GnssLocationProvider(  629): gnssSetCapabilitesCb: 70u
01-01 08:00:23.737 I/SystemServiceManager(  629): Calling onStartUser u0
01-01 08:00:23.738 W/hwservicemanager(  262): getTransport: Cannot find entry android.hardware.wifi.offload@1.0::IOffload/default in either framework or device manifest.
01-01 08:00:23.739 D/GnssLocationProvider(  629): gnssSetSystemInfoCb: yearOfHw=2016
01-01 08:00:23.739 E/wificond(  472): No Offload Service available
01-01 08:00:23.739 I/wificond(  472): Offload HAL not supported 
01-01 08:00:23.739 D/        (  304): gpshal_gpscbs_save: Use GpsCallbacks
01-01 08:00:23.739 D/        (  304): hal2mnl_gps_init: hal2mnl_gps_init
01-01 08:00:23.739 D/        (  448): mnld_main_thread: hal2mnl_hdlr msg
01-01 08:00:23.740 W/        (  448): hal_gps_init: hal_gps_init
01-01 08:00:23.740 D/        (  448): mnl2agps_gps_init: mnl2agps_gps_init
01-01 08:00:23.740 W/AlarmManager(  765): Unrecognized alarm listener com.android.systemui.keyguard.-$$Lambda$KeyguardSliceProvider$IhzByd8TsqFuOrSyuGurVskyPLo@b127d95
01-01 08:00:23.740 E/        (  448): sock_udp_client_create_local: connect() failed, abstract=1 name=[mtk_mnl2agps] reason=[Connection refused]111
01-01 08:00:23.740 E/GnssLocationProvider(  629): Unable to initialize GNSS Xtra interface
01-01 08:00:23.741 I/GnssLocationProvider(  629): Unable to initialize GNSS Geofencing interface
01-01 08:00:23.741 W/VoiceInteractionManagerService(  629): no available voice recognition services found for user 0
01-01 08:00:23.745 E/SupplicantStaIfaceHal(  629): Can't call setupIface, ISupplicantStaIface is null
01-01 08:00:23.749 I/android_os_HwBinder(  629): HwBinder: Starting thread pool for default::android.hardware.wifi.supplicant@1.0::ISupplicant
01-01 08:00:23.749 I/ActivityManager(  629): START u0 {act=android.intent.action.MAIN cat=[android.intent.category.HOME] flg=0x10000100 cmp=com.android.settings/.FallbackHome} from uid 0
01-01 08:00:23.752 D/        (  304): hal2mnl_set_server: hal2mnl_set_server  type=1 hostname=[supl.google.com] port=7275
01-01 08:00:23.752 D/        (  448): mnld_main_thread: hal2mnl_hdlr msg
01-01 08:00:23.752 D/        (  448): hal_set_server: hal_set_server  type=1 hostname=[supl.google.com] port=7275
01-01 08:00:23.753 E/        (  448): sock_udp_client_create_local: connect() failed, abstract=1 name=[mtk_mnl2agps] reason=[Connection refused]111
01-01 08:00:23.753 E/GnssBatchingProvider(  629): Failed to initialize GNSS batching
01-01 08:00:23.754 I/android_os_HwBinder(  629): HwBinder: Starting thread pool for default::android.hardware.wifi.supplicant@1.0::ISupplicant
01-01 08:00:23.754 I/GnssLocationProvider(  629): WakeLock released by handleMessage(ENABLE, 1, null)
01-01 08:00:23.754 I/GnssLocationProvider(  629): No GNSS Satellite Blacklist interface available
01-01 08:00:23.754 I/GnssLocationProvider(  629): restartRequests
01-01 08:00:23.758 E/OMXNodeInstance(  474): getExtensionIndex(0xa939cae0:google.h264.decoder, OMX.google.android.index.configureVideoTunnelMode) ERROR: UnsupportedIndex(0x8000101a)
01-01 08:00:23.758 E/OMXNodeInstance(  474): getExtensionIndex(0xa939cae0:google.h264.decoder, OMX.google.android.index.enableAndroidNativeBuffers) ERROR: UnsupportedIndex(0x8000101a)
01-01 08:00:23.761 I/OMXClient(  463): IOmx service obtained
01-01 08:00:23.762 I/OMXMaster(  474): makeComponentInstance(OMX.MTK.VIDEO.DECODER.DIVX) in omx@1.0-service process
01-01 08:00:23.763 E/MtkOmxVdecExV4L2(  474): [0xa8c03cc0] [MtkOmxVdec] VAL_CHIP_NAME_MT8168
01-01 08:00:23.764 E/libc    (  474): Access denied finding property "ro.mtk_crossmount_support"
01-01 08:00:23.764 E/libc    (  474): Access denied finding property "ro.mtk_deinterlace_support"
01-01 08:00:23.765 D/MtkOmxVdecExV4L2(  474): [0xa8c03cc0] MtkOmxComponentCreate mCompHandle(0xA8C03CC4)
01-01 08:00:23.765 E/MtkOmxVdecExV4L2(  474): [0xa8c03cc0] MtkOmxVdec::ComponentInit (OMX.MTK.VIDEO.DECODER.DIVX)
01-01 08:00:23.766 E/MtkV4L2Device(  474): [0xa8c03f1c] [subscribeEvent] ioctl(1075861082) failed. error = Invalid argument
01-01 08:00:23.766 E/MtkV4L2Device(  474): [0xa8c03f1c] Switch V4L2_PIX_FMT_MT21S to VDEC_DRV_PIXEL_FORMAT_YUV_420_PLANER_MTK
01-01 08:00:23.769 I/chatty  (  474): uid=1046(mediacodec) HwBinder:474_2 identical 4 lines
01-01 08:00:23.769 E/MtkV4L2Device(  474): [0xa8c03f1c] Switch V4L2_PIX_FMT_MT21S to VDEC_DRV_PIXEL_FORMAT_YUV_420_PLANER_MTK
01-01 08:00:23.771 I/wpa_supplicant(  845): rfkill: Cannot open RFKILL control device
01-01 08:00:23.772 I/EthernetTracker(  629): interfaceLinkStateChanged, iface: wlan0, up: false
01-01 08:00:23.774 E/MtkV4L2Device(  474): [0xa8c03f1c] Switch V4L2_PIX_FMT_MT21S to VDEC_DRV_PIXEL_FORMAT_YUV_420_PLANER_MTK
01-01 08:00:23.775 I/chatty  (  474): uid=1046(mediacodec) HwBinder:474_2 identical 9 lines
01-01 08:00:23.775 E/MtkV4L2Device(  474): [0xa8c03f1c] Switch V4L2_PIX_FMT_MT21S to VDEC_DRV_PIXEL_FORMAT_YUV_420_PLANER_MTK
01-01 08:00:23.776 E/MtkOmxVdecExV4L2(  474): [0xa8c03cc0] ----, err:-2147479526
01-01 08:00:23.776 E/OMXNodeInstance(  474): getParameter(0xa8c03cc4:MTK.DECODER.DIVX, ??(0x7f200405)) ERROR: UnsupportedIndex(0x8000101a)
01-01 08:00:23.776 W/OMXUtils(  463): do not know color format 0x7f000001 = 2130706433
01-01 08:00:23.776 E/MtkOmxVdecExV4L2(  474): [0xa8c03cc0] ----, err:-2147479526
01-01 08:00:23.776 E/OMXNodeInstance(  474): getParameter(0xa8c03cc4:MTK.DECODER.DIVX, ??(0x7f200405)) ERROR: UnsupportedIndex(0x8000101a)
01-01 08:00:23.776 E/MtkOmxVdecExV4L2(  474): [0xa8c03cc0] ----, err:-2147479526
01-01 08:00:23.776 E/OMXNodeInstance(  474): getParameter(0xa8c03cc4:MTK.DECODER.DIVX, ??(0x7f200405)) ERROR: UnsupportedIndex(0x8000101a)
01-01 08:00:23.776 W/OMXUtils(  463): do not know color format 0x7f00a000 = 2130747392
01-01 08:00:23.776 E/OMXNodeInstance(  474): getExtensionIndex(0xa8c03cc4:MTK.DECODER.DIVX, OMX.google.android.index.configureVideoTunnelMode) ERROR: UnsupportedIndex(0x8000101a)
01-01 08:00:23.777 E/OMXNodeInstance(  474): setParameter(0xa8c03cc4:MTK.DECODER.DIVX, OMX.google.android.index.allocateNativeHandle(0x7f20040e): Output:1 en=0) ERROR: BadParameter(0x80001005)
01-01 08:00:23.777 E/MtkOmxVdecExV4L2(  474): [0xa8c03cc0] +MtkOmxVdec::ComponentDeInit
01-01 08:00:23.787 D/osal_utils(  474): ## MtkOmxCoreCpuControlThread terminated
01-01 08:00:23.790 I/OMXClient(  463): IOmx service obtained
01-01 08:00:23.791 I/OMXMaster(  474): makeComponentInstance(OMX.MTK.VIDEO.DECODER.DIVX3) in omx@1.0-service process
01-01 08:00:23.791 E/MtkOmxVdecExV4L2(  474): [0xa8c03b80] [MtkOmxVdec] VAL_CHIP_NAME_MT8168
01-01 08:00:23.792 E/libc    (  474): Access denied finding property "ro.mtk_crossmount_support"
01-01 08:00:23.792 E/libc    (  474): Access denied finding property "ro.mtk_deinterlace_support"
01-01 08:00:23.793 D/MtkOmxVdecExV4L2(  474): [0xa8c03b80] MtkOmxComponentCreate mCompHandle(0xA8C03B84)
01-01 08:00:23.793 E/MtkOmxVdecExV4L2(  474): [0xa8c03b80] MtkOmxVdec::ComponentInit (OMX.MTK.VIDEO.DECODER.DIVX3)
01-01 08:00:23.793 E/MtkV4L2Device(  474): [0xa8c03ddc] [subscribeEvent] ioctl(1075861082) failed. error = Invalid argument
01-01 08:00:23.793 E/MtkV4L2Device(  474): [0xa8c03ddc] Switch V4L2_PIX_FMT_MT21S to VDEC_DRV_PIXEL_FORMAT_YUV_420_PLANER_MTK
01-01 08:00:23.796 I/chatty  (  474): uid=1046(mediacodec) HwBinder:474_2 identical 15 lines
01-01 08:00:23.796 E/MtkV4L2Device(  474): [0xa8c03ddc] Switch V4L2_PIX_FMT_MT21S to VDEC_DRV_PIXEL_FORMAT_YUV_420_PLANER_MTK
01-01 08:00:23.797 E/MtkOmxVdecExV4L2(  474): [0xa8c03b80] ----, err:-2147479526
01-01 08:00:23.797 E/OMXNodeInstance(  474): getParameter(0xa8c03b84:MTK.DECODER.DIVX3, ??(0x7f200405)) ERROR: UnsupportedIndex(0x8000101a)
01-01 08:00:23.797 W/OMXUtils(  463): do not know color format 0x7f000001 = 2130706433
01-01 08:00:23.797 E/MtkOmxVdecExV4L2(  474): [0xa8c03b80] ----, err:-2147479526
01-01 08:00:23.797 E/OMXNodeInstance(  474): getParameter(0xa8c03b84:MTK.DECODER.DIVX3, ??(0x7f200405)) ERROR: UnsupportedIndex(0x8000101a)
01-01 08:00:23.797 E/MtkOmxVdecExV4L2(  474): [0xa8c03b80] ----, err:-2147479526
01-01 08:00:23.797 E/OMXNodeInstance(  474): getParameter(0xa8c03b84:MTK.DECODER.DIVX3, ??(0x7f200405)) ERROR: UnsupportedIndex(0x8000101a)
01-01 08:00:23.797 W/OMXUtils(  463): do not know color format 0x7f00a000 = 2130747392
01-01 08:00:23.797 E/OMXNodeInstance(  474): getExtensionIndex(0xa8c03b84:MTK.DECODER.DIVX3, OMX.google.android.index.configureVideoTunnelMode) ERROR: UnsupportedIndex(0x8000101a)
01-01 08:00:23.797 E/OMXNodeInstance(  474): setParameter(0xa8c03b84:MTK.DECODER.DIVX3, OMX.google.android.index.allocateNativeHandle(0x7f20040e): Output:1 en=0) ERROR: BadParameter(0x80001005)
01-01 08:00:23.798 E/MtkOmxVdecExV4L2(  474): [0xa8c03b80] +MtkOmxVdec::ComponentDeInit
01-01 08:00:23.805 I/wpa_supplicant(  845): WPS: Converting display to virtual_display for WPS 2.0 compliance
01-01 08:00:23.805 I/wpa_supplicant(  845): WPS: Converting push_button to virtual_push_button for WPS 2.0 compliance
01-01 08:00:23.808 E/wpa_supplicant(  845): global ctrl interface @android:wpa_wlan0 matches ctrl interface wlan0 - do not open per-interface ctrl interface
01-01 08:00:23.808 D/osal_utils(  474): ## MtkOmxCoreCpuControlThread terminated
01-01 08:00:23.814 I/OMXClient(  463): IOmx service obtained
01-01 08:00:23.815 I/OMXMaster(  474): makeComponentInstance(OMX.MTK.VIDEO.DECODER.H263) in omx@1.0-service process
01-01 08:00:23.815 E/MtkOmxVdecExV4L2(  474): [0xa8c035c0] [MtkOmxVdec] VAL_CHIP_NAME_MT8168
01-01 08:00:23.816 I/android_os_HwBinder(  629): HwBinder: Starting thread pool for default::vendor.mediatek.hardware.wifi.supplicant@2.0::ISupplicant
01-01 08:00:23.816 E/libc    (  474): Access denied finding property "ro.mtk_crossmount_support"
01-01 08:00:23.816 E/libc    (  474): Access denied finding property "ro.mtk_deinterlace_support"
01-01 08:00:23.817 D/MtkOmxVdecExV4L2(  474): [0xa8c035c0] MtkOmxComponentCreate mCompHandle(0xA8C035C4)
01-01 08:00:23.817 E/MtkOmxVdecExV4L2(  474): [0xa8c035c0] MtkOmxVdec::ComponentInit (OMX.MTK.VIDEO.DECODER.H263)
01-01 08:00:23.817 E/MtkV4L2Device(  474): [0xa8c0381c] [subscribeEvent] ioctl(1075861082) failed. error = Invalid argument
01-01 08:00:23.817 E/MtkV4L2Device(  474): [0xa8c0381c] Switch V4L2_PIX_FMT_MT21S to VDEC_DRV_PIXEL_FORMAT_YUV_420_PLANER_MTK
01-01 08:00:23.819 E/MtkV4L2Device(  474): [0xa8c0381c] Switch V4L2_PIX_FMT_MT21S to VDEC_DRV_PIXEL_FORMAT_YUV_420_PLANER_MTK
01-01 08:00:23.820 E/MtkWapi (  629): mtkIfaceHwBinder get successfully
01-01 08:00:23.821 E/MtkV4L2Device(  474): [0xa8c0381c] Switch V4L2_PIX_FMT_MT21S to VDEC_DRV_PIXEL_FORMAT_YUV_420_PLANER_MTK
01-01 08:00:23.822 E/MtkV4L2Device(  474): [0xa8c0381c] Switch V4L2_PIX_FMT_MT21S to VDEC_DRV_PIXEL_FORMAT_YUV_420_PLANER_MTK
01-01 08:00:23.822 I/chatty  (  474): uid=1046(mediacodec) HwBinder:474_2 identical 4 lines
01-01 08:00:23.822 E/MtkV4L2Device(  474): [0xa8c0381c] Switch V4L2_PIX_FMT_MT21S to VDEC_DRV_PIXEL_FORMAT_YUV_420_PLANER_MTK
01-01 08:00:23.824 E/MtkOmxVdecExV4L2(  474): [0xa8c035c0] ----, err:-2147479526
01-01 08:00:23.824 E/OMXNodeInstance(  474): getParameter(0xa8c035c4:MTK.DECODER.H263, ??(0x7f200405)) ERROR: UnsupportedIndex(0x8000101a)
01-01 08:00:23.824 W/OMXUtils(  463): do not know color format 0x7f000001 = 2130706433
01-01 08:00:23.825 E/MtkOmxVdecExV4L2(  474): [0xa8c035c0] ----, err:-2147479526
01-01 08:00:23.825 E/OMXNodeInstance(  474): getParameter(0xa8c035c4:MTK.DECODER.H263, ??(0x7f200405)) ERROR: UnsupportedIndex(0x8000101a)
01-01 08:00:23.826 E/MtkOmxVdecExV4L2(  474): [0xa8c035c0] ----, err:-2147479526
01-01 08:00:23.826 E/OMXNodeInstance(  474): getParameter(0xa8c035c4:MTK.DECODER.H263, ??(0x7f200405)) ERROR: UnsupportedIndex(0x8000101a)
01-01 08:00:23.826 W/OMXUtils(  463): do not know color format 0x7f00a000 = 2130747392
01-01 08:00:23.826 E/OMXNodeInstance(  474): getExtensionIndex(0xa8c035c4:MTK.DECODER.H263, OMX.google.android.index.configureVideoTunnelMode) ERROR: UnsupportedIndex(0x8000101a)
01-01 08:00:23.827 E/OMXNodeInstance(  474): setParameter(0xa8c035c4:MTK.DECODER.H263, OMX.google.android.index.allocateNativeHandle(0x7f20040e): Output:1 en=0) ERROR: BadParameter(0x80001005)
01-01 08:00:23.827 I/android_os_HwBinder(  629): HwBinder: Starting thread pool for default::android.hardware.wifi.supplicant@1.0::ISupplicant
01-01 08:00:23.827 E/MtkOmxVdecExV4L2(  474): [0xa8c035c0] +MtkOmxVdec::ComponentDeInit
01-01 08:00:23.833 I/WifiNative(  629): Interface state changed on Iface:{Name=wlan0,Id=0,Type=STA}, isUp=true
01-01 08:00:23.834 D/CommandListener(  465): Clearing all IP addresses on wlan0
01-01 08:00:23.837 D/osal_utils(  474): ## MtkOmxCoreCpuControlThread terminated
01-01 08:00:23.838 I/WifiNative(  629): Successfully setup Iface:{Name=wlan0,Id=0,Type=STA}
01-01 08:00:23.839 D/WifiClientModeManager(  629): sending scan available broadcast: false
01-01 08:00:23.840 I/OMXClient(  463): IOmx service obtained
01-01 08:00:23.841 I/OMXMaster(  474): makeComponentInstance(OMX.google.h263.decoder) in omx@1.0-service process
01-01 08:00:23.848 E/OMXNodeInstance(  474): getExtensionIndex(0xa939cae0:google.h263.decoder, OMX.google.android.index.configureVideoTunnelMode) ERROR: UnsupportedIndex(0x8000101a)
01-01 08:00:23.848 E/OMXNodeInstance(  474): getExtensionIndex(0xa939cae0:google.h263.decoder, OMX.google.android.index.enableAndroidNativeBuffers) ERROR: UnsupportedIndex(0x8000101a)
01-01 08:00:23.850 I/OMXClient(  463): IOmx service obtained
01-01 08:00:23.851 I/OMXMaster(  474): makeComponentInstance(OMX.MTK.VIDEO.DECODER.HEVC) in omx@1.0-service process
01-01 08:00:23.852 E/MtkOmxVdecExV4L2(  474): [0xa8c03180] [MtkOmxVdec] VAL_CHIP_NAME_MT8168
01-01 08:00:23.852 E/libc    (  474): Access denied finding property "ro.mtk_crossmount_support"
01-01 08:00:23.852 E/libc    (  474): Access denied finding property "ro.mtk_deinterlace_support"
01-01 08:00:23.853 D/MtkOmxVdecExV4L2(  474): [0xa8c03180] MtkOmxComponentCreate mCompHandle(0xA8C03184)
01-01 08:00:23.853 E/MtkOmxVdecExV4L2(  474): [0xa8c03180] MtkOmxVdec::ComponentInit (OMX.MTK.VIDEO.DECODER.HEVC)
01-01 08:00:23.853 E/MtkV4L2Device(  474): [0xa8c033dc] [subscribeEvent] ioctl(1075861082) failed. error = Invalid argument
01-01 08:00:23.853 E/MtkV4L2Device(  474): [0xa8c033dc] Switch V4L2_PIX_FMT_MT21S to VDEC_DRV_PIXEL_FORMAT_YUV_420_PLANER_MTK
01-01 08:00:23.855 I/chatty  (  474): uid=1046(mediacodec) omx@1.0-service identical 12 lines
01-01 08:00:23.855 E/MtkV4L2Device(  474): [0xa8c033dc] Switch V4L2_PIX_FMT_MT21S to VDEC_DRV_PIXEL_FORMAT_YUV_420_PLANER_MTK
01-01 08:00:23.856 E/MtkOmxVdecExV4L2(  474): [0xa8c03180] ----, err:-2147479526
01-01 08:00:23.856 E/OMXNodeInstance(  474): getParameter(0xa8c03184:MTK.DECODER.HEVC, ??(0x7f200405)) ERROR: UnsupportedIndex(0x8000101a)
01-01 08:00:23.857 W/OMXUtils(  463): do not know color format 0x7f000001 = 2130706433
01-01 08:00:23.858 E/MtkOmxVdecExV4L2(  474): [0xa8c03180] ----, err:-2147479526
01-01 08:00:23.858 E/OMXNodeInstance(  474): getParameter(0xa8c03184:MTK.DECODER.HEVC, ??(0x7f200405)) ERROR: UnsupportedIndex(0x8000101a)
01-01 08:00:23.858 E/MtkOmxVdecExV4L2(  474): [0xa8c03180] ----, err:-2147479526
01-01 08:00:23.859 E/OMXNodeInstance(  474): getParameter(0xa8c03184:MTK.DECODER.HEVC, ??(0x7f200405)) ERROR: UnsupportedIndex(0x8000101a)
01-01 08:00:23.859 W/OMXUtils(  463): do not know color format 0x7f00a000 = 2130747392
01-01 08:00:23.859 E/OMXNodeInstance(  474): getExtensionIndex(0xa8c03184:MTK.DECODER.HEVC, OMX.google.android.index.configureVideoTunnelMode) ERROR: UnsupportedIndex(0x8000101a)
01-01 08:00:23.859 E/OMXNodeInstance(  474): setParameter(0xa8c03184:MTK.DECODER.HEVC, OMX.google.android.index.allocateNativeHandle(0x7f20040e): Output:1 en=0) ERROR: BadParameter(0x80001005)
01-01 08:00:23.859 E/MtkOmxVdecExV4L2(  474): [0xa8c03180] +MtkOmxVdec::ComponentDeInit
01-01 08:00:23.870 D/osal_utils(  474): ## MtkOmxCoreCpuControlThread terminated
01-01 08:00:23.873 I/OMXClient(  463): IOmx service obtained
01-01 08:00:23.874 I/OMXMaster(  474): makeComponentInstance(OMX.google.hevc.decoder) in omx@1.0-service process
01-01 08:00:23.884 E/OMXNodeInstance(  474): getExtensionIndex(0xa939cae0:google.hevc.decoder, OMX.google.android.index.configureVideoTunnelMode) ERROR: UnsupportedIndex(0x8000101a)
01-01 08:00:23.884 E/OMXNodeInstance(  474): getExtensionIndex(0xa939cae0:google.hevc.decoder, OMX.google.android.index.enableAndroidNativeBuffers) ERROR: UnsupportedIndex(0x8000101a)
01-01 08:00:23.888 I/OMXClient(  463): IOmx service obtained
01-01 08:00:23.888 I/OMXMaster(  474): makeComponentInstance(OMX.MTK.VIDEO.DECODER.MPEG2) in omx@1.0-service process
01-01 08:00:23.889 E/MtkOmxVdecExV4L2(  474): [0xa8c03800] [MtkOmxVdec] VAL_CHIP_NAME_MT8168
01-01 08:00:23.889 E/libc    (  474): Access denied finding property "ro.mtk_crossmount_support"
01-01 08:00:23.889 E/libc    (  474): Access denied finding property "ro.mtk_deinterlace_support"
01-01 08:00:23.890 D/MtkOmxVdecExV4L2(  474): [0xa8c03800] MtkOmxComponentCreate mCompHandle(0xA8C03804)
01-01 08:00:23.890 E/MtkOmxVdecExV4L2(  474): [0xa8c03800] MtkOmxVdec::ComponentInit (OMX.MTK.VIDEO.DECODER.MPEG2)
01-01 08:00:23.890 E/MtkV4L2Device(  474): [0xa8c03a5c] [subscribeEvent] ioctl(1075861082) failed. error = Invalid argument
01-01 08:00:23.890 E/MtkV4L2Device(  474): [0xa8c03a5c] Switch V4L2_PIX_FMT_MT21S to VDEC_DRV_PIXEL_FORMAT_YUV_420_PLANER_MTK
01-01 08:00:23.892 E/OMXNodeInstance(  474): getParameter(0xa8c03804:MTK.DECODER.MPEG2, ParamVideoProfileLevelQuerySupported(0x600000f)) ERROR: BadParameter(0x80001005)
01-01 08:00:23.892 E/MtkOmxVdecExV4L2(  474): [0xa8c03800] ----, err:-2147479526
01-01 08:00:23.892 E/OMXNodeInstance(  474): getParameter(0xa8c03804:MTK.DECODER.MPEG2, ??(0x7f200405)) ERROR: UnsupportedIndex(0x8000101a)
01-01 08:00:23.892 W/OMXUtils(  463): do not know color format 0x7f000001 = 2130706433
01-01 08:00:23.893 E/MtkOmxVdecExV4L2(  474): [0xa8c03800] ----, err:-2147479526
01-01 08:00:23.893 E/OMXNodeInstance(  474): getParameter(0xa8c03804:MTK.DECODER.MPEG2, ??(0x7f200405)) ERROR: UnsupportedIndex(0x8000101a)
01-01 08:00:23.893 E/MtkOmxVdecExV4L2(  474): [0xa8c03800] ----, err:-2147479526
01-01 08:00:23.893 E/OMXNodeInstance(  474): getParameter(0xa8c03804:MTK.DECODER.MPEG2, ??(0x7f200405)) ERROR: UnsupportedIndex(0x8000101a)
01-01 08:00:23.893 W/OMXUtils(  463): do not know color format 0x7f00a000 = 2130747392
01-01 08:00:23.893 E/OMXNodeInstance(  474): getExtensionIndex(0xa8c03804:MTK.DECODER.MPEG2, OMX.google.android.index.configureVideoTunnelMode) ERROR: UnsupportedIndex(0x8000101a)
