10-16 10:59:04.054 I/sn      (  484): Fail to access err=2
10-16 10:59:04.054 I/sn      (  484): Check all possible paths
10-16 10:59:14.055 I/sn      (  484): Retry 10
10-16 10:59:14.055 I/sn      (  484): Fail to access err=2
10-16 10:59:14.055 I/chatty  (  484): uid=1000(system) identical 1 line
10-16 10:59:14.055 I/sn      (  484): Fail to access err=2
10-16 10:59:14.055 I/sn      (  484): Check all possible paths
10-16 10:59:24.055 I/sn      (  484): Retry 11
10-16 10:59:24.056 I/sn      (  484): Fail to access err=2
10-16 10:59:24.056 I/chatty  (  484): uid=1000(system) identical 1 line
10-16 10:59:24.056 I/sn      (  484): Fail to access err=2
10-16 10:59:24.056 I/sn      (  484): Check all possible paths
10-16 10:59:34.056 I/sn      (  484): Retry 12
10-16 10:59:34.056 I/sn      (  484): Fail to access err=2
10-16 10:59:34.056 I/chatty  (  484): uid=1000(system) identical 1 line
10-16 10:59:34.057 I/sn      (  484): Fail to access err=2
10-16 10:59:34.057 I/sn      (  484): Check all possible paths
10-16 10:59:41.529 E/storaged(  466): getDiskStats failed with result NOT_SUPPORTED and size 0
10-16 10:59:44.057 I/sn      (  484): Retry 13
10-16 10:59:44.057 I/sn      (  484): Fail to access err=2
10-16 10:59:44.057 I/chatty  (  484): uid=1000(system) identical 1 line
10-16 10:59:44.057 I/sn      (  484): Fail to access err=2
10-16 10:59:44.057 I/sn      (  484): Check all possible paths
10-16 10:59:54.057 I/sn      (  484): Retry 14
10-16 10:59:54.058 I/sn      (  484): Fail to access err=2
10-16 10:59:54.058 I/chatty  (  484): uid=1000(system) identical 1 line
10-16 10:59:54.058 I/sn      (  484): Fail to access err=2
10-16 10:59:54.058 I/sn      (  484): Check all possible paths
10-16 11:00:00.024 W/ContextImpl( 1144): Calling a method in the system process without a qualified user: android.app.ContextImpl.sendBroadcast:1006 android.content.ContextWrapper.sendBroadcast:444 com.tal.genie.launcher.service.TimeTickListener.sendOTASilentBroadcast:52 com.tal.genie.launcher.service.TimeTickListener.onTimeTickReceived:31 com.tal.genie.base_receiver.time.TimeTickManager.onTimeTickReceived:80 
10-16 11:00:00.037 W/ContextImpl( 1144): Calling a method in the system process without a qualified user: android.app.ContextImpl.sendBroadcast:1006 android.content.ContextWrapper.sendBroadcast:444 com.tal.genie.service_controldata.EyesProtectorManager.sendEyesProtectorBroadcast:186 com.tal.genie.service_controldata.EyesProtectorManager.eyesProtectDetector:63 com.tal.genie.launcher.service.TimeTickListener.onTimeTickReceived:34 
10-16 11:00:41.529 E/storaged(  466): getDiskStats failed with result NOT_SUPPORTED and size 0
10-16 11:01:00.024 W/ContextImpl( 1144): Calling a method in the system process without a qualified user: android.app.ContextImpl.sendBroadcast:1006 android.content.ContextWrapper.sendBroadcast:444 com.tal.genie.launcher.service.TimeTickListener.sendOTASilentBroadcast:52 com.tal.genie.launcher.service.TimeTickListener.onTimeTickReceived:31 com.tal.genie.base_receiver.time.TimeTickManager.onTimeTickReceived:80 
10-16 11:01:00.039 W/ContextImpl( 1144): Calling a method in the system process without a qualified user: android.app.ContextImpl.sendBroadcast:1006 android.content.ContextWrapper.sendBroadcast:444 com.tal.genie.service_controldata.EyesProtectorManager.sendEyesProtectorBroadcast:186 com.tal.genie.service_controldata.EyesProtectorManager.eyesProtectDetector:63 com.tal.genie.launcher.service.TimeTickListener.onTimeTickReceived:34 
10-16 11:01:41.530 E/storaged(  466): getDiskStats failed with result NOT_SUPPORTED and size 0
10-16 11:02:00.026 W/ContextImpl( 1144): Calling a method in the system process without a qualified user: android.app.ContextImpl.sendBroadcast:1006 android.content.ContextWrapper.sendBroadcast:444 com.tal.genie.launcher.service.TimeTickListener.sendOTASilentBroadcast:52 com.tal.genie.launcher.service.TimeTickListener.onTimeTickReceived:31 com.tal.genie.base_receiver.time.TimeTickManager.onTimeTickReceived:80 
10-16 11:02:00.041 W/ContextImpl( 1144): Calling a method in the system process without a qualified user: android.app.ContextImpl.sendBroadcast:1006 android.content.ContextWrapper.sendBroadcast:444 com.tal.genie.service_controldata.EyesProtectorManager.sendEyesProtectorBroadcast:186 com.tal.genie.service_controldata.EyesProtectorManager.eyesProtectDetector:63 com.tal.genie.launcher.service.TimeTickListener.onTimeTickReceived:34 
10-16 11:02:41.531 E/storaged(  466): getDiskStats failed with result NOT_SUPPORTED and size 0
10-16 11:03:00.026 W/ContextImpl( 1144): Calling a method in the system process without a qualified user: android.app.ContextImpl.sendBroadcast:1006 android.content.ContextWrapper.sendBroadcast:444 com.tal.genie.launcher.service.TimeTickListener.sendOTASilentBroadcast:52 com.tal.genie.launcher.service.TimeTickListener.onTimeTickReceived:31 com.tal.genie.base_receiver.time.TimeTickManager.onTimeTickReceived:80 
10-16 11:03:00.043 W/ContextImpl( 1144): Calling a method in the system process without a qualified user: android.app.ContextImpl.sendBroadcast:1006 android.content.ContextWrapper.sendBroadcast:444 com.tal.genie.service_controldata.EyesProtectorManager.sendEyesProtectorBroadcast:186 com.tal.genie.service_controldata.EyesProtectorManager.eyesProtectDetector:63 com.tal.genie.launcher.service.TimeTickListener.onTimeTickReceived:34 
10-16 11:03:41.533 E/storaged(  466): getDiskStats failed with result NOT_SUPPORTED and size 0
10-16 11:04:00.022 W/ContextImpl( 1144): Calling a method in the system process without a qualified user: android.app.ContextImpl.sendBroadcast:1006 android.content.ContextWrapper.sendBroadcast:444 com.tal.genie.launcher.service.TimeTickListener.sendOTASilentBroadcast:52 com.tal.genie.launcher.service.TimeTickListener.onTimeTickReceived:31 com.tal.genie.base_receiver.time.TimeTickManager.onTimeTickReceived:80 
10-16 11:04:00.037 W/ContextImpl( 1144): Calling a method in the system process without a qualified user: android.app.ContextImpl.sendBroadcast:1006 android.content.ContextWrapper.sendBroadcast:444 com.tal.genie.service_controldata.EyesProtectorManager.sendEyesProtectorBroadcast:186 com.tal.genie.service_controldata.EyesProtectorManager.eyesProtectDetector:63 com.tal.genie.launcher.service.TimeTickListener.onTimeTickReceived:34 
10-16 11:04:41.534 E/storaged(  466): getDiskStats failed with result NOT_SUPPORTED and size 0
10-16 11:05:00.023 W/ContextImpl( 1144): Calling a method in the system process without a qualified user: android.app.ContextImpl.sendBroadcast:1006 android.content.ContextWrapper.sendBroadcast:444 com.tal.genie.launcher.service.TimeTickListener.sendOTASilentBroadcast:52 com.tal.genie.launcher.service.TimeTickListener.onTimeTickReceived:31 com.tal.genie.base_receiver.time.TimeTickManager.onTimeTickReceived:80 
10-16 11:05:00.048 W/ContextImpl( 1144): Calling a method in the system process without a qualified user: android.app.ContextImpl.sendBroadcast:1006 android.content.ContextWrapper.sendBroadcast:444 com.tal.genie.service_controldata.EyesProtectorManager.sendEyesProtectorBroadcast:186 com.tal.genie.service_controldata.EyesProtectorManager.eyesProtectDetector:63 com.tal.genie.launcher.service.TimeTickListener.onTimeTickReceived:34 
10-16 11:05:41.535 E/storaged(  466): getDiskStats failed with result NOT_SUPPORTED and size 0
10-16 11:06:00.018 W/ContextImpl( 1144): Calling a method in the system process without a qualified user: android.app.ContextImpl.sendBroadcast:1006 android.content.ContextWrapper.sendBroadcast:444 com.tal.genie.launcher.service.TimeTickListener.sendOTASilentBroadcast:52 com.tal.genie.launcher.service.TimeTickListener.onTimeTickReceived:31 com.tal.genie.base_receiver.time.TimeTickManager.onTimeTickReceived:80 
10-16 11:06:00.027 W/ContextImpl( 1144): Calling a method in the system process without a qualified user: android.app.ContextImpl.sendBroadcast:1006 android.content.ContextWrapper.sendBroadcast:444 com.tal.genie.service_controldata.EyesProtectorManager.sendEyesProtectorBroadcast:186 com.tal.genie.service_controldata.EyesProtectorManager.eyesProtectDetector:63 com.tal.genie.launcher.service.TimeTickListener.onTimeTickReceived:34 
10-16 11:06:41.536 E/storaged(  466): getDiskStats failed with result NOT_SUPPORTED and size 0
10-16 11:07:00.023 W/ContextImpl( 1144): Calling a method in the system process without a qualified user: android.app.ContextImpl.sendBroadcast:1006 android.content.ContextWrapper.sendBroadcast:444 com.tal.genie.launcher.service.TimeTickListener.sendOTASilentBroadcast:52 com.tal.genie.launcher.service.TimeTickListener.onTimeTickReceived:31 com.tal.genie.base_receiver.time.TimeTickManager.onTimeTickReceived:80 
10-16 11:07:00.036 W/ContextImpl( 1144): Calling a method in the system process without a qualified user: android.app.ContextImpl.sendBroadcast:1006 android.content.ContextWrapper.sendBroadcast:444 com.tal.genie.service_controldata.EyesProtectorManager.sendEyesProtectorBroadcast:186 com.tal.genie.service_controldata.EyesProtectorManager.eyesProtectDetector:63 com.tal.genie.launcher.service.TimeTickListener.onTimeTickReceived:34 
10-16 11:07:41.537 E/storaged(  466): getDiskStats failed with result NOT_SUPPORTED and size 0
10-16 11:08:00.018 W/ContextImpl( 1144): Calling a method in the system process without a qualified user: android.app.ContextImpl.sendBroadcast:1006 android.content.ContextWrapper.sendBroadcast:444 com.tal.genie.launcher.service.TimeTickListener.sendOTASilentBroadcast:52 com.tal.genie.launcher.service.TimeTickListener.onTimeTickReceived:31 com.tal.genie.base_receiver.time.TimeTickManager.onTimeTickReceived:80 
10-16 11:08:00.033 W/ContextImpl( 1144): Calling a method in the system process without a qualified user: android.app.ContextImpl.sendBroadcast:1006 android.content.ContextWrapper.sendBroadcast:444 com.tal.genie.service_controldata.EyesProtectorManager.sendEyesProtectorBroadcast:186 com.tal.genie.service_controldata.EyesProtectorManager.eyesProtectDetector:63 com.tal.genie.launcher.service.TimeTickListener.onTimeTickReceived:34 
10-16 11:08:41.538 E/storaged(  466): getDiskStats failed with result NOT_SUPPORTED and size 0
10-16 11:08:52.488 I/PowerManagerService(  628): Going to sleep due to screen timeout (uid 1000)...
10-16 11:08:52.489 W/UsageStatsService(  628): Event reported without a package name
10-16 11:08:52.489 I/PowerManagerService(  628): Sleeping (uid 1000)...
10-16 11:08:52.490 I/DisplayPowerController(  628): Blocking screen off
10-16 11:08:52.491 I/DisplayPowerController(  628): Unblocked screen off after 0 ms
10-16 11:08:52.495 W/KernelCpuProcReader(  628): File not exist: /proc/uid_cpupower/concurrent_active_time
10-16 11:08:52.495 W/KernelCpuProcReader(  628): File not exist: /proc/uid_cpupower/concurrent_policy_time
10-16 11:08:52.496 E/KernelCpuSpeedReader(  628): Failed to read cpu-freq: /sys/devices/system/cpu/cpu0/cpufreq/stats/time_in_state (No such file or directory)
10-16 11:08:52.520 I/DisplayManagerService(  628): Display device changed state: "内置屏幕", OFF
10-16 11:09:03.067 W/ContextImpl( 1144): Calling a method in the system process without a qualified user: android.app.ContextImpl.sendBroadcast:1006 android.content.ContextWrapper.sendBroadcast:444 com.tal.genie.launcher.service.TimeTickListener.sendOTASilentBroadcast:52 com.tal.genie.launcher.service.TimeTickListener.onTimeTickReceived:31 com.tal.genie.base_receiver.time.TimeTickManager.onTimeTickReceived:80 
10-16 11:09:03.087 W/ContextImpl( 1144): Calling a method in the system process without a qualified user: android.app.ContextImpl.sendBroadcast:1006 android.content.ContextWrapper.sendBroadcast:444 com.tal.genie.service_controldata.EyesProtectorManager.sendEyesProtectorBroadcast:186 com.tal.genie.service_controldata.EyesProtectorManager.eyesProtectDetector:63 com.tal.genie.launcher.service.TimeTickListener.onTimeTickReceived:34 
10-16 11:09:10.698 I/PowerManagerService(  628): Waking up from sleep (uid=1000 reason=android.policy:POWER)...
10-16 11:09:10.699 W/UsageStatsService(  628): Event reported without a package name
10-16 11:09:10.700 I/DisplayPowerController(  628): Blocking screen on until initial contents have been drawn.
10-16 11:09:10.703 W/KernelCpuProcReader(  628): File not exist: /proc/uid_cpupower/concurrent_active_time
10-16 11:09:10.717 W/KernelCpuProcReader(  628): File not exist: /proc/uid_cpupower/concurrent_policy_time
10-16 11:09:10.719 E/KernelCpuSpeedReader(  628): Failed to read cpu-freq: /sys/devices/system/cpu/cpu0/cpufreq/stats/time_in_state (No such file or directory)
10-16 11:09:10.742 W/BroadcastQueue(  628): Background execution not allowed: receiving Intent { act=android.intent.action.USER_PRESENT flg=0x24200010 } to com.tal.genie.lockscreen/.receiver.LockScreenReceiver
10-16 11:09:10.744 I/DisplayManagerService(  628): Display device changed state: "内置屏幕", ON
10-16 11:09:10.796 I/WindowManager(  628): Waiting for drawn Window{62112d9 u0 com.tal.genie.launcher/com.tal.genie.launcher.ui.main.MainActivity}: removed=false visible=true mHasSurface=true drawState=1
10-16 11:09:10.796 I/WindowManager(  628): Waiting for drawn Window{6792e9b u0 com.tal.genie.lockscreen/com.tal.genie.lockscreen.activity.LockScreenActivity}: removed=false visible=true mHasSurface=true drawState=1
10-16 11:09:10.799 I/WindowManager(  628): Waiting for drawn Window{62112d9 u0 com.tal.genie.launcher/com.tal.genie.launcher.ui.main.MainActivity}: removed=false visible=true mHasSurface=true drawState=1
10-16 11:09:10.799 I/WindowManager(  628): Waiting for drawn Window{6792e9b u0 com.tal.genie.lockscreen/com.tal.genie.lockscreen.activity.LockScreenActivity}: removed=false visible=true mHasSurface=true drawState=1
10-16 11:09:10.855 I/WindowManager(  628): Waiting for drawn Window{62112d9 u0 com.tal.genie.launcher/com.tal.genie.launcher.ui.main.MainActivity}: removed=false visible=true mHasSurface=true drawState=1
10-16 11:09:10.855 I/WindowManager(  628): Waiting for drawn Window{6792e9b u0 com.tal.genie.lockscreen/com.tal.genie.lockscreen.activity.LockScreenActivity}: removed=false visible=true mHasSurface=true drawState=4
10-16 11:09:10.926 I/WindowManager(  628): Waiting for drawn Window{62112d9 u0 com.tal.genie.launcher/com.tal.genie.launcher.ui.main.MainActivity}: removed=false visible=true mHasSurface=true drawState=4
10-16 11:09:10.929 I/DisplayPowerController(  628): Unblocked screen on after 229 ms
10-16 11:09:11.027 I/WindowManager(  628): Focus moving from Window{6792e9b u0 com.tal.genie.lockscreen/com.tal.genie.lockscreen.activity.LockScreenActivity} to Window{62112d9 u0 com.tal.genie.launcher/com.tal.genie.launcher.ui.main.MainActivity}
10-16 11:09:11.092 W/PowerManagerService(  628): Screen on took 397 ms
10-16 11:09:16.943 W/ContextImpl( 1144): Calling a method in the system process without a qualified user: android.app.ContextImpl.startActivity:888 android.content.ContextWrapper.startActivity:379 com.tal.genie.launcher.ui.FingerQueryRouter.startFingerSearch:70 com.tal.genie.launcher.ui.studytool.StudyToolFragment.onClickFingerQueryTopic:135 com.tal.genie.launcher.ui.studytool.StudyToolFragment.onClick:175 
10-16 11:09:16.945 W/ContextImpl( 1144): Calling a method in the system process without a qualified user: android.app.ContextImpl.startActivity:900 android.app.ContextImpl.startActivity:889 android.content.ContextWrapper.startActivity:379 com.tal.genie.launcher.ui.FingerQueryRouter.startFingerSearch:70 com.tal.genie.launcher.ui.studytool.StudyToolFragment.onClickFingerQueryTopic:135 
10-16 11:09:16.948 I/ActivityManager(  628): START u0 {dat=genie://www.tal.com/fingerSearch flg=0x10000000 cmp=com.tal.genie.voice/com.tal.genie.dicbook.cread.FingerSearchActivity} from uid 1000
10-16 11:09:16.987 W/ActivityManager(  628): Request to remove task ignored for non-existent task 14
10-16 11:09:16.991 I/WindowManager(  628): Focus moving from Window{62112d9 u0 com.tal.genie.launcher/com.tal.genie.launcher.ui.main.MainActivity} to null
10-16 11:09:17.536 I/WindowManager(  628): Relayout Window{d9c6e0d u0 com.tal.genie.voice/com.tal.genie.dicbook.cread.FingerSearchActivity}: oldVis=4 newVis=0 focusMayChange = true
10-16 11:09:17.545 I/WindowManager(  628): Focus moving from null to Window{d9c6e0d u0 com.tal.genie.voice/com.tal.genie.dicbook.cread.FingerSearchActivity}
10-16 11:09:22.673 I/ActivityManager(  628): START u0 {cmp=com.tal.genie.voice/com.tal.explain.ui.VideoExplainActivity (has extras)} from uid 10022
10-16 11:09:22.738 I/WindowManager(  628): Focus moving from Window{d9c6e0d u0 com.tal.genie.voice/com.tal.genie.dicbook.cread.FingerSearchActivity} to null
10-16 11:09:23.133 I/WindowManager(  628): Relayout Window{168343b u0 com.tal.genie.voice/com.tal.explain.ui.VideoExplainActivity}: oldVis=4 newVis=0 focusMayChange = true
10-16 11:09:23.140 I/WindowManager(  628): Focus moving from null to Window{168343b u0 com.tal.genie.voice/com.tal.explain.ui.VideoExplainActivity}
10-16 11:09:24.628 I/NetworkStatsRecorder(  628): recordSnapshotLocked: ident[[{type=WIFI, subType=COMBINED, networkId="HUAWEI Mate 30 5G", metered=true, defaultNetwork=true}]]
10-16 11:09:24.629 W/NetworkStatsRecorder(  628): unknown interfaces [lo], ignoring those stats
10-16 11:09:24.629 I/NetworkStatsRecorder(  628): recordSnapshotLocked: ident[[{type=WIFI, subType=COMBINED, networkId="HUAWEI Mate 30 5G", metered=true, defaultNetwork=true}]]
10-16 11:09:24.629 W/NetworkStatsRecorder(  628): unknown interfaces [lo], ignoring those stats
10-16 11:09:24.629 I/NetworkStatsRecorder(  628): recordSnapshotLocked: ident[[{type=WIFI, subType=COMBINED, networkId="HUAWEI Mate 30 5G", metered=true, defaultNetwork=true}]]
10-16 11:09:24.629 I/chatty  (  628): uid=1000(system) NetworkStats identical 2 lines
10-16 11:09:24.629 I/NetworkStatsRecorder(  628): recordSnapshotLocked: ident[[{type=WIFI, subType=COMBINED, networkId="HUAWEI Mate 30 5G", metered=true, defaultNetwork=true}]]
10-16 11:09:24.629 W/NetworkStatsRecorder(  628): unknown interfaces [lo], ignoring those stats
10-16 11:09:24.629 I/NetworkStatsRecorder(  628): recordSnapshotLocked: ident[[{type=WIFI, subType=COMBINED, networkId="HUAWEI Mate 30 5G", metered=true, defaultNetwork=true}]]
10-16 11:09:24.629 I/chatty  (  628): uid=1000(system) NetworkStats identical 1 line
10-16 11:09:24.629 I/NetworkStatsRecorder(  628): recordSnapshotLocked: ident[[{type=WIFI, subType=COMBINED, networkId="HUAWEI Mate 30 5G", metered=true, defaultNetwork=true}]]
10-16 11:09:24.629 W/NetworkStatsRecorder(  628): unknown interfaces [lo], ignoring those stats
10-16 11:09:28.169 I/NetworkStatsRecorder(  628): recordSnapshotLocked: ident[[{type=WIFI, subType=COMBINED, networkId="HUAWEI Mate 30 5G", metered=true, defaultNetwork=true}]]
10-16 11:09:28.170 W/NetworkStatsRecorder(  628): unknown interfaces [lo], ignoring those stats
10-16 11:09:28.170 I/NetworkStatsRecorder(  628): recordSnapshotLocked: ident[[{type=WIFI, subType=COMBINED, networkId="HUAWEI Mate 30 5G", metered=true, defaultNetwork=true}]]
10-16 11:09:28.170 W/NetworkStatsRecorder(  628): unknown interfaces [lo], ignoring those stats
10-16 11:09:28.170 I/NetworkStatsRecorder(  628): recordSnapshotLocked: ident[[{type=WIFI, subType=COMBINED, networkId="HUAWEI Mate 30 5G", metered=true, defaultNetwork=true}]]
10-16 11:09:28.170 I/chatty  (  628): uid=1000(system) NetworkStats identical 1 line
10-16 11:09:28.170 I/NetworkStatsRecorder(  628): recordSnapshotLocked: ident[[{type=WIFI, subType=COMBINED, networkId="HUAWEI Mate 30 5G", metered=true, defaultNetwork=true}]]
10-16 11:09:28.170 W/NetworkStatsRecorder(  628): unknown interfaces [lo], ignoring those stats
10-16 11:09:28.170 W/NetworkStatsRecorder(  628): unknown interfaces [lo], ignoring those stats
10-16 11:09:31.206 I/NetworkStatsRecorder(  628): recordSnapshotLocked: ident[[{type=WIFI, subType=COMBINED, networkId="HUAWEI Mate 30 5G", metered=true, defaultNetwork=true}]]
10-16 11:09:31.207 W/NetworkStatsRecorder(  628): unknown interfaces [lo], ignoring those stats
10-16 11:09:31.207 I/NetworkStatsRecorder(  628): recordSnapshotLocked: ident[[{type=WIFI, subType=COMBINED, networkId="HUAWEI Mate 30 5G", metered=true, defaultNetwork=true}]]
10-16 11:09:31.207 W/NetworkStatsRecorder(  628): unknown interfaces [lo], ignoring those stats
10-16 11:09:31.207 I/NetworkStatsRecorder(  628): recordSnapshotLocked: ident[[{type=WIFI, subType=COMBINED, networkId="HUAWEI Mate 30 5G", metered=true, defaultNetwork=true}]]
10-16 11:09:31.207 I/chatty  (  628): uid=1000(system) NetworkStats identical 1 line
10-16 11:09:31.207 I/NetworkStatsRecorder(  628): recordSnapshotLocked: ident[[{type=WIFI, subType=COMBINED, networkId="HUAWEI Mate 30 5G", metered=true, defaultNetwork=true}]]
10-16 11:09:31.207 W/NetworkStatsRecorder(  628): unknown interfaces [lo], ignoring those stats
10-16 11:09:31.207 W/NetworkStatsRecorder(  628): unknown interfaces [lo], ignoring those stats
10-16 11:09:31.888 I/MTKWifiDisplayController(  628): Received NETWORK_STATE_CHANGED,con:false,SSID:null,Freq:0,netId:-1, updated:true
10-16 11:09:31.889 I/MTKWifiDisplayController(  628): Received NETWORK_STATE_CHANGED,con:false,SSID:null,Freq:0,netId:-1, updated:false
10-16 11:09:31.943 I/NetworkStatsRecorder(  628): recordSnapshotLocked: ident[[{type=WIFI, subType=COMBINED, networkId="HUAWEI Mate 30 5G", metered=true, defaultNetwork=true}]]
10-16 11:09:31.943 W/NetworkStatsRecorder(  628): unknown interfaces [lo], ignoring those stats
10-16 11:09:31.945 I/NetworkStatsRecorder(  628): recordSnapshotLocked: ident[[{type=WIFI, subType=COMBINED, networkId="HUAWEI Mate 30 5G", metered=true, defaultNetwork=true}]]
10-16 11:09:31.945 W/NetworkStatsRecorder(  628): unknown interfaces [lo], ignoring those stats
10-16 11:09:31.945 I/NetworkStatsRecorder(  628): recordSnapshotLocked: ident[[{type=WIFI, subType=COMBINED, networkId="HUAWEI Mate 30 5G", metered=true, defaultNetwork=true}]]
10-16 11:09:31.945 W/NetworkStatsRecorder(  628): unknown interfaces [lo], ignoring those stats
10-16 11:09:31.945 W/NetworkStatsRecorder(  628): unknown interfaces [lo], ignoring those stats
10-16 11:09:31.950 E/ActivityThread(  628): Failed to find provider info for telephony
10-16 11:09:31.992 E/BatteryExternalStatsWorker(  628): no controller energy info supplied for wifi
10-16 11:09:36.174 W/wificond(  467): Scan is not started. Ignore abort request
10-16 11:09:36.216 I/MTKWifiDisplayController(  628): Received NETWORK_STATE_CHANGED,con:false,SSID:null,Freq:0,netId:-1, updated:false
10-16 11:09:36.464 I/chatty  (  628): uid=1000(system) android.display identical 1 line
10-16 11:09:36.500 I/MTKWifiDisplayController(  628): Received NETWORK_STATE_CHANGED,con:false,SSID:null,Freq:0,netId:-1, updated:false
10-16 11:09:40.044 I/wificond(  467): Received external scan result notification from kernel.
10-16 11:09:40.066 I/MTKWifiDisplayController(  628): Received NETWORK_STATE_CHANGED,con:false,SSID:null,Freq:0,netId:-1, updated:false
10-16 11:09:40.195 I/chatty  (  628): uid=1000(system) android.display identical 1 line
10-16 11:09:40.628 I/MTKWifiDisplayController(  628): Received NETWORK_STATE_CHANGED,con:false,SSID:null,Freq:0,netId:-1, updated:false
10-16 11:09:41.539 E/storaged(  466): getDiskStats failed with result NOT_SUPPORTED and size 0
10-16 11:09:44.167 I/wificond(  467): Received external scan result notification from kernel.
10-16 11:09:51.924 E/wificond(  467): NL80211_CMD_TRIGGER_SCAN failed: Device or resource busy
10-16 11:09:52.641 I/wificond(  467): Received external scan result notification from kernel.
10-16 11:10:00.031 W/ContextImpl( 1144): Calling a method in the system process without a qualified user: android.app.ContextImpl.sendBroadcast:1006 android.content.ContextWrapper.sendBroadcast:444 com.tal.genie.launcher.service.TimeTickListener.sendOTASilentBroadcast:52 com.tal.genie.launcher.service.TimeTickListener.onTimeTickReceived:31 com.tal.genie.base_receiver.time.TimeTickManager.onTimeTickReceived:80 
10-16 11:10:00.065 W/ContextImpl( 1144): Calling a method in the system process without a qualified user: android.app.ContextImpl.sendBroadcast:1006 android.content.ContextWrapper.sendBroadcast:444 com.tal.genie.service_controldata.EyesProtectorManager.sendEyesProtectorBroadcast:186 com.tal.genie.service_controldata.EyesProtectorManager.eyesProtectDetector:63 com.tal.genie.launcher.service.TimeTickListener.onTimeTickReceived:34 
10-16 11:10:36.370 W/NetworkStatsRecorder(  628): unknown interfaces [wlan0, lo], ignoring those stats
10-16 11:10:36.370 I/chatty  (  628): uid=1000(system) NetworkStats identical 2 lines
10-16 11:10:36.370 W/NetworkStatsRecorder(  628): unknown interfaces [wlan0, lo], ignoring those stats
10-16 11:10:41.540 E/storaged(  466): getDiskStats failed with result NOT_SUPPORTED and size 0
10-16 11:10:45.967 W/NetworkStatsRecorder(  628): unknown interfaces [wlan0, lo], ignoring those stats
10-16 11:10:52.597 I/chatty  (  628): uid=1000(system) NetworkStats identical 6 lines
10-16 11:10:52.597 W/NetworkStatsRecorder(  628): unknown interfaces [wlan0, lo], ignoring those stats
10-16 11:11:00.043 W/ContextImpl( 1144): Calling a method in the system process without a qualified user: android.app.ContextImpl.sendBroadcast:1006 android.content.ContextWrapper.sendBroadcast:444 com.tal.genie.launcher.service.TimeTickListener.sendOTASilentBroadcast:52 com.tal.genie.launcher.service.TimeTickListener.onTimeTickReceived:31 com.tal.genie.base_receiver.time.TimeTickManager.onTimeTickReceived:80 
10-16 11:11:00.056 W/ContextImpl( 1144): Calling a method in the system process without a qualified user: android.app.ContextImpl.sendBroadcast:1006 android.content.ContextWrapper.sendBroadcast:444 com.tal.genie.service_controldata.EyesProtectorManager.sendEyesProtectorBroadcast:186 com.tal.genie.service_controldata.EyesProtectorManager.eyesProtectDetector:63 com.tal.genie.launcher.service.TimeTickListener.onTimeTickReceived:34 
10-16 11:11:01.114 W/NetworkStatsRecorder(  628): unknown interfaces [wlan0, lo], ignoring those stats
10-16 11:11:30.827 I/chatty  (  628): uid=1000(system) NetworkStats identical 18 lines
10-16 11:11:30.827 W/NetworkStatsRecorder(  628): unknown interfaces [wlan0, lo], ignoring those stats
10-16 11:11:33.208 I/wificond(  467): Pno scan result ready event
10-16 11:11:33.214 I/MTKWifiDisplayController(  628): Received NETWORK_STATE_CHANGED,con:false,SSID:null,Freq:0,netId:-1, updated:false
10-16 11:11:33.301 I/chatty  (  628): uid=1000(system) android.display identical 1 line
10-16 11:11:33.315 I/MTKWifiDisplayController(  628): Received NETWORK_STATE_CHANGED,con:false,SSID:null,Freq:0,netId:-1, updated:false
10-16 11:11:33.317 V/AlarmManager(  628): Past alarm, need to trigger immediatly (min_futurity)
10-16 11:11:33.323 I/MTKWifiDisplayController(  628): Received NETWORK_STATE_CHANGED,con:false,SSID:null,Freq:0,netId:-1, updated:false
10-16 11:11:33.336 D/MtkConnectivityService(  628): registerNetworkAgent NetworkAgentInfo{ ni{[type: WIFI[], state: CONNECTING/CONNECTING, reason: (unspecified), extra: (none), failover: false, available: true, roaming: false]}  network{101}  nethandle{437197393933}  lp{{InterfaceName: wlan0 LinkAddresses: []  Routes: [] DnsAddresses: [] UsePrivateDns: false PrivateDnsServerName: null Domains: null MTU: 0}}  nc{[ Transports: WIFI Capabilities: NOT_METERED&INTERNET&NOT_RESTRICTED&TRUSTED&NOT_VPN&NOT_ROAMING&FOREGROUND&NOT_CONGESTED&NOT_SUSPENDED Unwanted:  LinkUpBandwidth>=1048576Kbps LinkDnBandwidth>=1048576Kbps SSID: "HUAWEI Mate 30 5G"]}  Score{20}  everValidated{false}  lastValidated{false}  created{false} lingering{false} explicitlySelected{false} acceptUnvalidated{false} everCaptivePortalDetected{false} lastCaptivePortalDetected{false} clat{null} }
10-16 11:11:33.336 D/MtkConnectivityService(  628): NetworkAgentInfo [WIFI () - 101] EVENT_NETWORK_INFO_CHANGED, going from null to CONNECTING
10-16 11:11:33.344 I/MTKWifiDisplayController(  628): Received NETWORK_STATE_CHANGED,con:false,SSID:null,Freq:0,netId:-1, updated:false
10-16 11:11:33.349 D/WifiP2pService(  628): InactiveState{ when=0 what=143375 target=com.android.internal.util.StateMachine$SmHandler }
10-16 11:11:33.349 D/WifiP2pService(  628): P2pEnabledState{ when=0 what=143375 target=com.android.internal.util.StateMachine$SmHandler }
10-16 11:11:33.366 D/MtkConnectivityService(  628): NetworkAgentInfo [WIFI () - 101] EVENT_NETWORK_INFO_CHANGED, going from CONNECTING to CONNECTING
10-16 11:11:33.440 D/WifiP2pService(  628): InactiveState{ when=-1ms what=143375 arg1=1 arg2=196614 obj=name=WifiStateMachine state=ObtainingIpState target=com.android.internal.util.StateMachine$SmHandler }
10-16 11:11:33.440 D/WifiP2pService(  628): P2pEnabledState{ when=-1ms what=143375 arg1=1 arg2=196614 obj=name=WifiStateMachine state=ObtainingIpState target=com.android.internal.util.StateMachine$SmHandler }
10-16 11:11:33.453 V/AlarmManager(  628): Past alarm, need to trigger immediatly (min_futurity)
10-16 11:11:33.465 I/chatty  (  628): uid=1000(system) IpClient.wlan0 identical 2 lines
10-16 11:11:33.469 V/AlarmManager(  628): Past alarm, need to trigger immediatly (min_futurity)
10-16 11:11:33.470 D/WifiP2pService(  628): InactiveState{ when=0 what=143375 target=com.android.internal.util.StateMachine$SmHandler }
10-16 11:11:33.470 D/WifiP2pService(  628): P2pEnabledState{ when=0 what=143375 target=com.android.internal.util.StateMachine$SmHandler }
10-16 11:11:33.474 I/MTKWifiDisplayController(  628): Received NETWORK_STATE_CHANGED,con:false,SSID:null,Freq:0,netId:-1, updated:false
10-16 11:11:33.475 V/AlarmManager(  628): Past alarm, need to trigger immediatly (min_futurity)
10-16 11:11:33.481 I/MTKWifiDisplayController(  628): Received NETWORK_STATE_CHANGED,con:true,SSID:"HUAWEI Mate 30 5G",Freq:2412,netId:0, updated:true
10-16 11:11:33.485 W/ContextImpl( 1144): Calling a method in the system process without a qualified user: android.app.ContextImpl.sendBroadcast:1006 android.content.ContextWrapper.sendBroadcast:444 com.tal.genie.push_receiver.PushSenderNetManager.sendWifiDisconnectedCloseBroadcast:60 com.tal.genie.launcher.service.NetChangeListener.closeNetDisConnectPrompt:69 com.tal.genie.launcher.service.NetChangeListener.onWifiConnected:65 
10-16 11:11:33.487 I/MTKWifiDisplayController(  628): Received NETWORK_STATE_CHANGED,con:true,SSID:"HUAWEI Mate 30 5G",Freq:2412,netId:0, updated:false
10-16 11:11:33.490 W/NetworkStatsRecorder(  628): unknown interfaces [wlan0, lo], ignoring those stats
10-16 11:11:33.490 I/chatty  (  628): uid=1000(system) ConnectivitySer identical 2 lines
10-16 11:11:33.490 W/NetworkStatsRecorder(  628): unknown interfaces [wlan0, lo], ignoring those stats
10-16 11:11:33.511 D/MtkNetworkStatsService(  628): rebuildActiveSubscriberSubIdMap
10-16 11:11:33.512 D/MtkConnectivityService(  628): NetworkAgentInfo [WIFI () - 101] EVENT_NETWORK_INFO_CHANGED, going from CONNECTING to CONNECTED
10-16 11:11:33.515 W/ContextImpl(  628): Calling a method in the system process without a qualified user: android.app.ContextImpl.sendBroadcastAsUserMultiplePermissions:1054 com.android.server.wifi.WifiConfigManager.sendConfiguredNetworkChangedBroadcast:660 com.android.server.wifi.WifiConfigManager.setNetworkStatus:1338 com.android.server.wifi.WifiConfigManager.updateNetworkAfterConnect:1619 com.android.server.wifi.WifiStateMachine.registerConnected:3832 
10-16 11:11:33.517 W/DnsManager(  628): updatePrivateDns(101, PrivateDnsConfig{true:/[]})
10-16 11:11:33.518 D/MtkConnectivityService(  628): Not append default DNS for original DNSes not empy
10-16 11:11:33.518 D/MtkConnectivityService(  628): Setting DNS servers for network 101 to [/192.168.43.1]
10-16 11:11:33.520 D/DnsManager(  628): setDnsConfigurationForNetwork(101, [192.168.43.1], [], [1800, 25, 8, 64], , [192.168.43.1])
10-16 11:11:33.539 D/MtkConnectivityService(  628): Adding iface wlan0 to network 101
10-16 11:11:33.563 D/MtkConnectivityService(  628): Not append default DNS for original DNSes not empy
10-16 11:11:33.563 D/MtkConnectivityService(  628): Setting DNS servers for network 101 to [/192.168.43.1]
10-16 11:11:33.565 D/DnsManager(  628): setDnsConfigurationForNetwork(101, [192.168.43.1], [], [1800, 25, 8, 64], , [192.168.43.1])
10-16 11:11:33.576 W/NetworkStatsRecorder(  628): unknown interfaces [wlan0, lo], ignoring those stats
10-16 11:11:33.577 I/chatty  (  628): uid=1000(system) ConnectivitySer identical 2 lines
10-16 11:11:33.577 W/NetworkStatsRecorder(  628): unknown interfaces [wlan0, lo], ignoring those stats
10-16 11:11:33.579 D/MtkNetworkStatsService(  628): rebuildActiveSubscriberSubIdMap
10-16 11:11:33.581 E/BatteryExternalStatsWorker(  628): no controller energy info supplied for wifi
10-16 11:11:33.592 I/NetworkStats(  628): NetworkIdentity: {type=WIFI, subType=COMBINED, networkId="HUAWEI Mate 30 5G", metered=true, defaultNetwork=false}
10-16 11:11:33.610 W/NetworkStatsRecorder(  628): unknown interfaces [lo], ignoring those stats
10-16 11:11:33.610 I/chatty  (  628): uid=1000(system) ConnectivitySer identical 2 lines
10-16 11:11:33.610 W/NetworkStatsRecorder(  628): unknown interfaces [lo], ignoring those stats
10-16 11:11:33.614 D/MtkNetworkStatsService(  628): rebuildActiveSubscriberSubIdMap
10-16 11:11:33.616 I/NetworkStats(  628): NetworkIdentity: {type=WIFI, subType=COMBINED, networkId="HUAWEI Mate 30 5G", metered=true, defaultNetwork=false}
10-16 11:11:33.617 D/MtkConnectivityService(  628): Switching to new default network: NetworkAgentInfo{ ni{[type: WIFI[], state: CONNECTED/CONNECTED, reason: (unspecified), extra: (none), failover: false, available: true, roaming: false]}  network{101}  nethandle{437197393933}  lp{{InterfaceName: wlan0 LinkAddresses: [fe80::2efd:b3ff:fec1:c5cb/64,192.168.43.237/24,]  Routes: [fe80::/64 -> :: wlan0,192.168.43.0/24 -> 0.0.0.0 wlan0,0.0.0.0/0 -> 192.168.43.1 wlan0,] DnsAddresses: [192.168.43.1,] UsePrivateDns: false PrivateDnsServerName: null Domains: null MTU: 0 TcpBufferSizes: 524288,1048576,2097152,262144,524288,1048576}}  nc{[ Transports: WIFI Capabilities: INTERNET&NOT_RESTRICTED&TRUSTED&NOT_VPN&NOT_ROAMING&FOREGROUND&NOT_CONGESTED&NOT_SUSPENDED Unwanted:  LinkUpBandwidth>=1048576Kbps LinkDnBandwidth>=1048576Kbps SignalStrength: -27 SSID: "HUAWEI Mate 30 5G"]}  Score{20}  everValidated{false}  lastValidated{false}  created{true} lingering{false} explicitlySelected{false} acceptUnvalidated{false} everCaptivePortalDetected{false} lastCaptivePortalDetected{false} clat{null} }
10-16 11:11:33.637 I/NetworkStatsRecorder(  628): recordSnapshotLocked: ident[[{type=WIFI, subType=COMBINED, networkId="HUAWEI Mate 30 5G", metered=true, defaultNetwork=false}]]
10-16 11:11:33.637 W/NetworkStatsRecorder(  628): unknown interfaces [lo], ignoring those stats
10-16 11:11:33.637 I/NetworkStatsRecorder(  628): recordSnapshotLocked: ident[[{type=WIFI, subType=COMBINED, networkId="HUAWEI Mate 30 5G", metered=true, defaultNetwork=false}]]
10-16 11:11:33.637 W/NetworkStatsRecorder(  628): unknown interfaces [lo], ignoring those stats
10-16 11:11:33.637 I/NetworkStatsRecorder(  628): recordSnapshotLocked: ident[[{type=WIFI, subType=COMBINED, networkId="HUAWEI Mate 30 5G", metered=true, defaultNetwork=false}]]
10-16 11:11:33.637 W/NetworkStatsRecorder(  628): unknown interfaces [lo], ignoring those stats
10-16 11:11:33.637 W/NetworkStatsRecorder(  628): unknown interfaces [lo], ignoring those stats
10-16 11:11:33.639 D/MtkNetworkStatsService(  628): rebuildActiveSubscriberSubIdMap
10-16 11:11:33.641 I/NetworkStats(  628): NetworkIdentity: {type=WIFI, subType=COMBINED, networkId="HUAWEI Mate 30 5G", metered=true, defaultNetwork=true}
10-16 11:11:33.646 D/MtkConnectivityService(  628): Sending CONNECTED broadcast for type 1 NetworkAgentInfo [WIFI () - 101] isDefaultNetwork=true
10-16 11:11:33.648 V/AlarmManager(  628): Past alarm, need to trigger immediatly (min_futurity)
10-16 11:11:33.680 V/NetworkStatsRecorder(  628): setPersistThreshold() with 2097152
10-16 11:11:33.716 I/chatty  (  628): uid=1000(system) NetworkPolicy identical 6 lines
10-16 11:11:33.716 V/NetworkStatsRecorder(  628): setPersistThreshold() with 2097152
10-16 11:11:33.827 D/MtkConnectivityService(  628): NetworkAgentInfo [WIFI () - 101] validation passed
10-16 11:11:33.838 E/ActivityThread(  628): Failed to find provider info for telephony
10-16 11:11:33.977 W/ContextImpl(  628): Calling a method in the system process without a qualified user: android.app.ContextImpl.sendBroadcastAsUserMultiplePermissions:1054 com.android.server.wifi.WifiConfigManager.sendConfiguredNetworkChangedBroadcast:660 com.android.server.wifi.WifiConfigManager.setNetworkStatus:1338 com.android.server.wifi.WifiConfigManager.setNetworkSelectionStatus:1361 com.android.server.wifi.WifiConfigManager.updateNetworkSelectionStatus:1403 
10-16 11:11:34.242 V/AlarmManager(  628): Past alarm, need to trigger immediatly (min_futurity)
10-16 11:11:34.260 I/chatty  (  628): uid=1000(system) Binder:628_6 identical 5 lines
10-16 11:11:34.264 V/AlarmManager(  628): Past alarm, need to trigger immediatly (min_futurity)
10-16 11:11:35.453 V/AlarmManager(  628): Past alarm, need to trigger immediatly (min_futurity)
10-16 11:11:35.649 V/AlarmManager(  628): Past alarm, need to trigger immediatly (min_futurity)
10-16 11:11:35.894 W/ContextImpl( 1084): Calling a method in the system process without a qualified user: android.app.ContextImpl.sendBroadcast:1006 android.content.ContextWrapper.sendBroadcast:444 com.tal100.chatsdk.TMPushListener.onReceivedRegisterId:41 com.tal100.chatsdk.TMPushManager.onRecvRegisterId:156 <bottom of call stack> 
10-16 11:11:38.528 V/AlarmManager(  628): Past alarm, need to trigger immediatly (min_futurity)
10-16 11:11:38.587 I/NetworkStatsRecorder(  628): recordSnapshotLocked: ident[[{type=WIFI, subType=COMBINED, networkId="HUAWEI Mate 30 5G", metered=true, defaultNetwork=true}]]
10-16 11:11:38.587 W/NetworkStatsRecorder(  628): unknown interfaces [lo], ignoring those stats
10-16 11:11:38.589 I/NetworkStatsRecorder(  628): recordSnapshotLocked: ident[[{type=WIFI, subType=COMBINED, networkId="HUAWEI Mate 30 5G", metered=true, defaultNetwork=true}]]
10-16 11:11:38.589 W/NetworkStatsRecorder(  628): unknown interfaces [lo], ignoring those stats
10-16 11:11:38.590 I/NetworkStatsRecorder(  628): recordSnapshotLocked: ident[[{type=WIFI, subType=COMBINED, networkId="HUAWEI Mate 30 5G", metered=true, defaultNetwork=true}]]
10-16 11:11:38.590 I/chatty  (  628): uid=1000(system) NetworkStats identical 2 lines
10-16 11:11:38.590 I/NetworkStatsRecorder(  628): recordSnapshotLocked: ident[[{type=WIFI, subType=COMBINED, networkId="HUAWEI Mate 30 5G", metered=true, defaultNetwork=true}]]
10-16 11:11:38.590 W/NetworkStatsRecorder(  628): unknown interfaces [lo], ignoring those stats
10-16 11:11:38.590 I/NetworkStatsRecorder(  628): recordSnapshotLocked: ident[[{type=WIFI, subType=COMBINED, networkId="HUAWEI Mate 30 5G", metered=true, defaultNetwork=true}]]
10-16 11:11:38.590 I/NetworkStatsRecorder(  628): recordSnapshotLocked: ident[[{type=WIFI, subType=COMBINED, networkId="HUAWEI Mate 30 5G", metered=true, defaultNetwork=true}]]
10-16 11:11:38.590 W/NetworkStatsRecorder(  628): unknown interfaces [lo], ignoring those stats
10-16 11:11:38.590 D/NetworkStatsRecorder(  628): forcePersistLocked() writing for dev
10-16 11:11:38.597 D/NetworkStatsRecorder(  628): forcePersistLocked() writing for xt
10-16 11:11:39.219 I/NetworkStatsRecorder(  628): recordSnapshotLocked: ident[[{type=WIFI, subType=COMBINED, networkId="HUAWEI Mate 30 5G", metered=true, defaultNetwork=true}]]
10-16 11:11:39.220 W/NetworkStatsRecorder(  628): unknown interfaces [lo], ignoring those stats
10-16 11:11:39.220 I/NetworkStatsRecorder(  628): recordSnapshotLocked: ident[[{type=WIFI, subType=COMBINED, networkId="HUAWEI Mate 30 5G", metered=true, defaultNetwork=true}]]
10-16 11:11:39.220 W/NetworkStatsRecorder(  628): unknown interfaces [lo], ignoring those stats
10-16 11:11:39.220 I/NetworkStatsRecorder(  628): recordSnapshotLocked: ident[[{type=WIFI, subType=COMBINED, networkId="HUAWEI Mate 30 5G", metered=true, defaultNetwork=true}]]
10-16 11:11:39.220 I/chatty  (  628): uid=1000(system) NetworkStats identical 1 line
10-16 11:11:39.220 I/NetworkStatsRecorder(  628): recordSnapshotLocked: ident[[{type=WIFI, subType=COMBINED, networkId="HUAWEI Mate 30 5G", metered=true, defaultNetwork=true}]]
10-16 11:11:39.220 W/NetworkStatsRecorder(  628): unknown interfaces [lo], ignoring those stats
10-16 11:11:39.220 W/NetworkStatsRecorder(  628): unknown interfaces [lo], ignoring those stats
10-16 11:11:39.220 D/NetworkStatsRecorder(  628): forcePersistLocked() writing for dev
10-16 11:11:39.223 D/NetworkStatsRecorder(  628): forcePersistLocked() writing for xt
10-16 11:11:41.541 E/storaged(  466): getDiskStats failed with result NOT_SUPPORTED and size 0
10-16 11:11:41.654 I/NetworkStatsRecorder(  628): recordSnapshotLocked: ident[[{type=WIFI, subType=COMBINED, networkId="HUAWEI Mate 30 5G", metered=true, defaultNetwork=true}]]
10-16 11:11:41.654 W/NetworkStatsRecorder(  628): unknown interfaces [lo], ignoring those stats
10-16 11:11:41.654 I/NetworkStatsRecorder(  628): recordSnapshotLocked: ident[[{type=WIFI, subType=COMBINED, networkId="HUAWEI Mate 30 5G", metered=true, defaultNetwork=true}]]
10-16 11:11:41.654 W/NetworkStatsRecorder(  628): unknown interfaces [lo], ignoring those stats
10-16 11:11:41.655 I/NetworkStatsRecorder(  628): recordSnapshotLocked: ident[[{type=WIFI, subType=COMBINED, networkId="HUAWEI Mate 30 5G", metered=true, defaultNetwork=true}]]
10-16 11:11:41.655 I/chatty  (  628): uid=1000(system) NetworkStats identical 2 lines
10-16 11:11:41.655 I/NetworkStatsRecorder(  628): recordSnapshotLocked: ident[[{type=WIFI, subType=COMBINED, networkId="HUAWEI Mate 30 5G", metered=true, defaultNetwork=true}]]
10-16 11:11:41.655 W/NetworkStatsRecorder(  628): unknown interfaces [lo], ignoring those stats
10-16 11:11:41.655 I/NetworkStatsRecorder(  628): recordSnapshotLocked: ident[[{type=WIFI, subType=COMBINED, networkId="HUAWEI Mate 30 5G", metered=true, defaultNetwork=true}]]
10-16 11:11:41.655 W/NetworkStatsRecorder(  628): unknown interfaces [lo], ignoring those stats
10-16 11:11:41.655 D/NetworkStatsRecorder(  628): forcePersistLocked() writing for dev
10-16 11:11:41.658 D/NetworkStatsRecorder(  628): forcePersistLocked() writing for xt
10-16 11:11:42.687 I/NetworkStatsRecorder(  628): recordSnapshotLocked: ident[[{type=WIFI, subType=COMBINED, networkId="HUAWEI Mate 30 5G", metered=true, defaultNetwork=true}]]
10-16 11:11:42.687 W/NetworkStatsRecorder(  628): unknown interfaces [lo], ignoring those stats
10-16 11:11:42.687 I/NetworkStatsRecorder(  628): recordSnapshotLocked: ident[[{type=WIFI, subType=COMBINED, networkId="HUAWEI Mate 30 5G", metered=true, defaultNetwork=true}]]
10-16 11:11:42.687 W/NetworkStatsRecorder(  628): unknown interfaces [lo], ignoring those stats
10-16 11:11:42.687 I/NetworkStatsRecorder(  628): recordSnapshotLocked: ident[[{type=WIFI, subType=COMBINED, networkId="HUAWEI Mate 30 5G", metered=true, defaultNetwork=true}]]
10-16 11:11:42.687 I/chatty  (  628): uid=1000(system) NetworkStats identical 2 lines
10-16 11:11:42.687 I/NetworkStatsRecorder(  628): recordSnapshotLocked: ident[[{type=WIFI, subType=COMBINED, networkId="HUAWEI Mate 30 5G", metered=true, defaultNetwork=true}]]
10-16 11:11:42.687 W/NetworkStatsRecorder(  628): unknown interfaces [lo], ignoring those stats
10-16 11:11:42.687 W/NetworkStatsRecorder(  628): unknown interfaces [lo], ignoring those stats
10-16 11:11:42.687 D/NetworkStatsRecorder(  628): forcePersistLocked() writing for dev
10-16 11:11:42.691 D/NetworkStatsRecorder(  628): forcePersistLocked() writing for xt
10-16 11:11:43.483 V/AlarmManager(  628): Past alarm, need to trigger immediatly (min_futurity)
10-16 11:11:44.427 I/NetworkStatsRecorder(  628): recordSnapshotLocked: ident[[{type=WIFI, subType=COMBINED, networkId="HUAWEI Mate 30 5G", metered=true, defaultNetwork=true}]]
10-16 11:11:44.427 W/NetworkStatsRecorder(  628): unknown interfaces [lo], ignoring those stats
10-16 11:11:44.427 I/NetworkStatsRecorder(  628): recordSnapshotLocked: ident[[{type=WIFI, subType=COMBINED, networkId="HUAWEI Mate 30 5G", metered=true, defaultNetwork=true}]]
10-16 11:11:44.428 W/NetworkStatsRecorder(  628): unknown interfaces [lo], ignoring those stats
10-16 11:11:44.428 I/NetworkStatsRecorder(  628): recordSnapshotLocked: ident[[{type=WIFI, subType=COMBINED, networkId="HUAWEI Mate 30 5G", metered=true, defaultNetwork=true}]]
10-16 11:11:44.429 I/chatty  (  628): uid=1000(system) NetworkStats identical 2 lines
10-16 11:11:44.429 I/NetworkStatsRecorder(  628): recordSnapshotLocked: ident[[{type=WIFI, subType=COMBINED, networkId="HUAWEI Mate 30 5G", metered=true, defaultNetwork=true}]]
10-16 11:11:44.429 W/NetworkStatsRecorder(  628): unknown interfaces [lo], ignoring those stats
10-16 11:11:44.429 W/NetworkStatsRecorder(  628): unknown interfaces [lo], ignoring those stats
10-16 11:11:44.429 D/NetworkStatsRecorder(  628): forcePersistLocked() writing for dev
10-16 11:11:44.431 D/NetworkStatsRecorder(  628): forcePersistLocked() writing for xt
10-16 11:11:47.627 I/NetworkStatsRecorder(  628): recordSnapshotLocked: ident[[{type=WIFI, subType=COMBINED, networkId="HUAWEI Mate 30 5G", metered=true, defaultNetwork=true}]]
10-16 11:11:47.627 W/NetworkStatsRecorder(  628): unknown interfaces [lo], ignoring those stats
10-16 11:11:47.627 I/NetworkStatsRecorder(  628): recordSnapshotLocked: ident[[{type=WIFI, subType=COMBINED, networkId="HUAWEI Mate 30 5G", metered=true, defaultNetwork=true}]]
10-16 11:11:47.627 W/NetworkStatsRecorder(  628): unknown interfaces [lo], ignoring those stats
10-16 11:11:47.627 I/NetworkStatsRecorder(  628): recordSnapshotLocked: ident[[{type=WIFI, subType=COMBINED, networkId="HUAWEI Mate 30 5G", metered=true, defaultNetwork=true}]]
10-16 11:11:47.627 I/chatty  (  628): uid=1000(system) NetworkStats identical 1 line
10-16 11:11:47.627 I/NetworkStatsRecorder(  628): recordSnapshotLocked: ident[[{type=WIFI, subType=COMBINED, networkId="HUAWEI Mate 30 5G", metered=true, defaultNetwork=true}]]
10-16 11:11:47.627 W/NetworkStatsRecorder(  628): unknown interfaces [lo], ignoring those stats
10-16 11:11:47.627 W/NetworkStatsRecorder(  628): unknown interfaces [lo], ignoring those stats
10-16 11:11:49.784 I/NetworkStatsRecorder(  628): recordSnapshotLocked: ident[[{type=WIFI, subType=COMBINED, networkId="HUAWEI Mate 30 5G", metered=true, defaultNetwork=true}]]
10-16 11:11:49.784 W/NetworkStatsRecorder(  628): unknown interfaces [lo], ignoring those stats
10-16 11:11:49.784 I/NetworkStatsRecorder(  628): recordSnapshotLocked: ident[[{type=WIFI, subType=COMBINED, networkId="HUAWEI Mate 30 5G", metered=true, defaultNetwork=true}]]
10-16 11:11:49.784 W/NetworkStatsRecorder(  628): unknown interfaces [lo], ignoring those stats
10-16 11:11:49.785 I/NetworkStatsRecorder(  628): recordSnapshotLocked: ident[[{type=WIFI, subType=COMBINED, networkId="HUAWEI Mate 30 5G", metered=true, defaultNetwork=true}]]
10-16 11:11:49.785 I/chatty  (  628): uid=1000(system) NetworkStats identical 1 line
10-16 11:11:49.785 I/NetworkStatsRecorder(  628): recordSnapshotLocked: ident[[{type=WIFI, subType=COMBINED, networkId="HUAWEI Mate 30 5G", metered=true, defaultNetwork=true}]]
10-16 11:11:49.785 W/NetworkStatsRecorder(  628): unknown interfaces [lo], ignoring those stats
10-16 11:11:49.785 I/NetworkStatsRecorder(  628): recordSnapshotLocked: ident[[{type=WIFI, subType=COMBINED, networkId="HUAWEI Mate 30 5G", metered=true, defaultNetwork=true}]]
10-16 11:11:49.785 W/NetworkStatsRecorder(  628): unknown interfaces [lo], ignoring those stats
10-16 11:12:00.035 W/ContextImpl( 1144): Calling a method in the system process without a qualified user: android.app.ContextImpl.sendBroadcast:1006 android.content.ContextWrapper.sendBroadcast:444 com.tal.genie.launcher.service.TimeTickListener.sendOTASilentBroadcast:52 com.tal.genie.launcher.service.TimeTickListener.onTimeTickReceived:31 com.tal.genie.base_receiver.time.TimeTickManager.onTimeTickReceived:80 
10-16 11:12:00.060 W/ContextImpl( 1144): Calling a method in the system process without a qualified user: android.app.ContextImpl.sendBroadcast:1006 android.content.ContextWrapper.sendBroadcast:444 com.tal.genie.service_controldata.EyesProtectorManager.sendEyesProtectorBroadcast:186 com.tal.genie.service_controldata.EyesProtectorManager.eyesProtectDetector:63 com.tal.genie.launcher.service.TimeTickListener.onTimeTickReceived:34 
10-16 11:12:41.544 E/storaged(  466): getDiskStats failed with result NOT_SUPPORTED and size 0
10-16 11:13:00.022 W/ContextImpl( 1144): Calling a method in the system process without a qualified user: android.app.ContextImpl.sendBroadcast:1006 android.content.ContextWrapper.sendBroadcast:444 com.tal.genie.launcher.service.TimeTickListener.sendOTASilentBroadcast:52 com.tal.genie.launcher.service.TimeTickListener.onTimeTickReceived:31 com.tal.genie.base_receiver.time.TimeTickManager.onTimeTickReceived:80 
10-16 11:13:00.033 W/ContextImpl( 1144): Calling a method in the system process without a qualified user: android.app.ContextImpl.sendBroadcast:1006 android.content.ContextWrapper.sendBroadcast:444 com.tal.genie.service_controldata.EyesProtectorManager.sendEyesProtectorBroadcast:186 com.tal.genie.service_controldata.EyesProtectorManager.eyesProtectDetector:63 com.tal.genie.launcher.service.TimeTickListener.onTimeTickReceived:34 
10-16 11:13:21.296 I/WindowManager(  628): Focus moving from Window{168343b u0 com.tal.genie.voice/com.tal.explain.ui.VideoExplainActivity} to null
10-16 11:13:21.339 I/WindowManager(  628): Relayout Window{d9c6e0d u0 com.tal.genie.voice/com.tal.genie.dicbook.cread.FingerSearchActivity}: oldVis=8 newVis=0 focusMayChange = true
