10-15 03:49:06.029 W/ContextImpl( 1164): Calling a method in the system process without a qualified user: android.app.ContextImpl.sendBroadcast:1006 android.content.ContextWrapper.sendBroadcast:444 com.tal.genie.service_controldata.EyesProtectorManager.sendEyesProtectorBroadcast:186 com.tal.genie.service_controldata.EyesProtectorManager.eyesProtectDetector:63 com.tal.genie.launcher.service.TimeTickListener.onTimeTickReceived:34 
10-15 03:49:45.799 W/BroadcastQueue(  628): Background execution not allowed: receiving Intent { act=com.android.providers.media.ACTIVATE_MEDIAPROCESS flg=0x10 } to com.android.providers.media/.MtpReceiver
10-15 03:49:46.750 E/storaged(  468): getDiskStats failed with result NOT_SUPPORTED and size 0
10-15 03:50:02.132 W/ContextImpl( 1164): Calling a method in the system process without a qualified user: android.app.ContextImpl.sendBroadcast:1006 android.content.ContextWrapper.sendBroadcast:444 com.tal.genie.launcher.service.TimeTickListener.sendOTASilentBroadcast:52 com.tal.genie.launcher.service.TimeTickListener.onTimeTickReceived:31 com.tal.genie.base_receiver.time.TimeTickManager.onTimeTickReceived:80 
10-15 03:50:02.147 W/ContextImpl( 1164): Calling a method in the system process without a qualified user: android.app.ContextImpl.sendBroadcast:1006 android.content.ContextWrapper.sendBroadcast:444 com.tal.genie.service_controldata.EyesProtectorManager.sendEyesProtectorBroadcast:186 com.tal.genie.service_controldata.EyesProtectorManager.eyesProtectDetector:63 com.tal.genie.launcher.service.TimeTickListener.onTimeTickReceived:34 
10-15 03:50:46.751 E/storaged(  468): getDiskStats failed with result NOT_SUPPORTED and size 0
10-15 03:51:06.278 W/ContextImpl( 1164): Calling a method in the system process without a qualified user: android.app.ContextImpl.sendBroadcast:1006 android.content.ContextWrapper.sendBroadcast:444 com.tal.genie.launcher.service.TimeTickListener.sendOTASilentBroadcast:52 com.tal.genie.launcher.service.TimeTickListener.onTimeTickReceived:31 com.tal.genie.base_receiver.time.TimeTickManager.onTimeTickReceived:80 
10-15 03:51:06.291 W/ContextImpl( 1164): Calling a method in the system process without a qualified user: android.app.ContextImpl.sendBroadcast:1006 android.content.ContextWrapper.sendBroadcast:444 com.tal.genie.service_controldata.EyesProtectorManager.sendEyesProtectorBroadcast:186 com.tal.genie.service_controldata.EyesProtectorManager.eyesProtectDetector:63 com.tal.genie.launcher.service.TimeTickListener.onTimeTickReceived:34 
10-15 03:51:46.752 E/storaged(  468): getDiskStats failed with result NOT_SUPPORTED and size 0
10-15 03:52:02.403 W/ContextImpl( 1164): Calling a method in the system process without a qualified user: android.app.ContextImpl.sendBroadcast:1006 android.content.ContextWrapper.sendBroadcast:444 com.tal.genie.launcher.service.TimeTickListener.sendOTASilentBroadcast:52 com.tal.genie.launcher.service.TimeTickListener.onTimeTickReceived:31 com.tal.genie.base_receiver.time.TimeTickManager.onTimeTickReceived:80 
10-15 03:52:02.416 W/ContextImpl( 1164): Calling a method in the system process without a qualified user: android.app.ContextImpl.sendBroadcast:1006 android.content.ContextWrapper.sendBroadcast:444 com.tal.genie.service_controldata.EyesProtectorManager.sendEyesProtectorBroadcast:186 com.tal.genie.service_controldata.EyesProtectorManager.eyesProtectDetector:63 com.tal.genie.launcher.service.TimeTickListener.onTimeTickReceived:34 
10-15 03:52:46.753 E/storaged(  468): getDiskStats failed with result NOT_SUPPORTED and size 0
10-15 03:53:06.552 W/ContextImpl( 1164): Calling a method in the system process without a qualified user: android.app.ContextImpl.sendBroadcast:1006 android.content.ContextWrapper.sendBroadcast:444 com.tal.genie.launcher.service.TimeTickListener.sendOTASilentBroadcast:52 com.tal.genie.launcher.service.TimeTickListener.onTimeTickReceived:31 com.tal.genie.base_receiver.time.TimeTickManager.onTimeTickReceived:80 
10-15 03:53:06.564 W/ContextImpl( 1164): Calling a method in the system process without a qualified user: android.app.ContextImpl.sendBroadcast:1006 android.content.ContextWrapper.sendBroadcast:444 com.tal.genie.service_controldata.EyesProtectorManager.sendEyesProtectorBroadcast:186 com.tal.genie.service_controldata.EyesProtectorManager.eyesProtectDetector:63 com.tal.genie.launcher.service.TimeTickListener.onTimeTickReceived:34 
10-15 03:53:46.754 E/storaged(  468): getDiskStats failed with result NOT_SUPPORTED and size 0
10-15 03:54:02.677 W/ContextImpl( 1164): Calling a method in the system process without a qualified user: android.app.ContextImpl.sendBroadcast:1006 android.content.ContextWrapper.sendBroadcast:444 com.tal.genie.launcher.service.TimeTickListener.sendOTASilentBroadcast:52 com.tal.genie.launcher.service.TimeTickListener.onTimeTickReceived:31 com.tal.genie.base_receiver.time.TimeTickManager.onTimeTickReceived:80 
10-15 03:54:02.689 W/ContextImpl( 1164): Calling a method in the system process without a qualified user: android.app.ContextImpl.sendBroadcast:1006 android.content.ContextWrapper.sendBroadcast:444 com.tal.genie.service_controldata.EyesProtectorManager.sendEyesProtectorBroadcast:186 com.tal.genie.service_controldata.EyesProtectorManager.eyesProtectDetector:63 com.tal.genie.launcher.service.TimeTickListener.onTimeTickReceived:34 
10-15 03:54:46.755 E/storaged(  468): getDiskStats failed with result NOT_SUPPORTED and size 0
10-15 03:55:06.802 W/ContextImpl( 1164): Calling a method in the system process without a qualified user: android.app.ContextImpl.sendBroadcast:1006 android.content.ContextWrapper.sendBroadcast:444 com.tal.genie.launcher.service.TimeTickListener.sendOTASilentBroadcast:52 com.tal.genie.launcher.service.TimeTickListener.onTimeTickReceived:31 com.tal.genie.base_receiver.time.TimeTickManager.onTimeTickReceived:80 
10-15 03:55:06.815 W/ContextImpl( 1164): Calling a method in the system process without a qualified user: android.app.ContextImpl.sendBroadcast:1006 android.content.ContextWrapper.sendBroadcast:444 com.tal.genie.service_controldata.EyesProtectorManager.sendEyesProtectorBroadcast:186 com.tal.genie.service_controldata.EyesProtectorManager.eyesProtectDetector:63 com.tal.genie.launcher.service.TimeTickListener.onTimeTickReceived:34 
10-15 03:55:46.755 E/storaged(  468): getDiskStats failed with result NOT_SUPPORTED and size 0
10-15 03:55:58.251 I/NetworkStatsRecorder(  628): recordSnapshotLocked: ident[[{type=WIFI, subType=COMBINED, networkId="HUAWEI Mate 30 5G", metered=true, defaultNetwork=true}]]
10-15 03:55:58.251 W/NetworkStatsRecorder(  628): unknown interfaces [lo], ignoring those stats
10-15 03:55:58.251 I/NetworkStatsRecorder(  628): recordSnapshotLocked: ident[[{type=WIFI, subType=COMBINED, networkId="HUAWEI Mate 30 5G", metered=true, defaultNetwork=true}]]
10-15 03:55:58.251 W/NetworkStatsRecorder(  628): unknown interfaces [lo], ignoring those stats
10-15 03:55:58.252 I/NetworkStatsRecorder(  628): recordSnapshotLocked: ident[[{type=WIFI, subType=COMBINED, networkId="HUAWEI Mate 30 5G", metered=true, defaultNetwork=true}]]
10-15 03:55:58.252 I/chatty  (  628): uid=1000(system) NetworkStats identical 2 lines
10-15 03:55:58.252 I/NetworkStatsRecorder(  628): recordSnapshotLocked: ident[[{type=WIFI, subType=COMBINED, networkId="HUAWEI Mate 30 5G", metered=true, defaultNetwork=true}]]
10-15 03:55:58.252 W/NetworkStatsRecorder(  628): unknown interfaces [lo], ignoring those stats
10-15 03:55:58.252 I/NetworkStatsRecorder(  628): recordSnapshotLocked: ident[[{type=WIFI, subType=COMBINED, networkId="HUAWEI Mate 30 5G", metered=true, defaultNetwork=true}]]
10-15 03:55:58.252 W/NetworkStatsRecorder(  628): unknown interfaces [lo], ignoring those stats
10-15 03:56:02.926 W/ContextImpl( 1164): Calling a method in the system process without a qualified user: android.app.ContextImpl.sendBroadcast:1006 android.content.ContextWrapper.sendBroadcast:444 com.tal.genie.launcher.service.TimeTickListener.sendOTASilentBroadcast:52 com.tal.genie.launcher.service.TimeTickListener.onTimeTickReceived:31 com.tal.genie.base_receiver.time.TimeTickManager.onTimeTickReceived:80 
10-15 03:56:02.938 W/ContextImpl( 1164): Calling a method in the system process without a qualified user: android.app.ContextImpl.sendBroadcast:1006 android.content.ContextWrapper.sendBroadcast:444 com.tal.genie.service_controldata.EyesProtectorManager.sendEyesProtectorBroadcast:186 com.tal.genie.service_controldata.EyesProtectorManager.eyesProtectDetector:63 com.tal.genie.launcher.service.TimeTickListener.onTimeTickReceived:34 
10-15 03:56:46.756 E/storaged(  468): getDiskStats failed with result NOT_SUPPORTED and size 0
10-15 03:57:07.071 W/ContextImpl( 1164): Calling a method in the system process without a qualified user: android.app.ContextImpl.sendBroadcast:1006 android.content.ContextWrapper.sendBroadcast:444 com.tal.genie.launcher.service.TimeTickListener.sendOTASilentBroadcast:52 com.tal.genie.launcher.service.TimeTickListener.onTimeTickReceived:31 com.tal.genie.base_receiver.time.TimeTickManager.onTimeTickReceived:80 
10-15 03:57:07.085 W/ContextImpl( 1164): Calling a method in the system process without a qualified user: android.app.ContextImpl.sendBroadcast:1006 android.content.ContextWrapper.sendBroadcast:444 com.tal.genie.service_controldata.EyesProtectorManager.sendEyesProtectorBroadcast:186 com.tal.genie.service_controldata.EyesProtectorManager.eyesProtectDetector:63 com.tal.genie.launcher.service.TimeTickListener.onTimeTickReceived:34 
10-15 03:57:46.757 E/storaged(  468): getDiskStats failed with result NOT_SUPPORTED and size 0
10-15 03:58:03.196 W/ContextImpl( 1164): Calling a method in the system process without a qualified user: android.app.ContextImpl.sendBroadcast:1006 android.content.ContextWrapper.sendBroadcast:444 com.tal.genie.launcher.service.TimeTickListener.sendOTASilentBroadcast:52 com.tal.genie.launcher.service.TimeTickListener.onTimeTickReceived:31 com.tal.genie.base_receiver.time.TimeTickManager.onTimeTickReceived:80 
10-15 03:58:03.209 W/ContextImpl( 1164): Calling a method in the system process without a qualified user: android.app.ContextImpl.sendBroadcast:1006 android.content.ContextWrapper.sendBroadcast:444 com.tal.genie.service_controldata.EyesProtectorManager.sendEyesProtectorBroadcast:186 com.tal.genie.service_controldata.EyesProtectorManager.eyesProtectDetector:63 com.tal.genie.launcher.service.TimeTickListener.onTimeTickReceived:34 
10-15 03:58:46.758 E/storaged(  468): getDiskStats failed with result NOT_SUPPORTED and size 0
10-15 03:59:07.336 W/ContextImpl( 1164): Calling a method in the system process without a qualified user: android.app.ContextImpl.sendBroadcast:1006 android.content.ContextWrapper.sendBroadcast:444 com.tal.genie.launcher.service.TimeTickListener.sendOTASilentBroadcast:52 com.tal.genie.launcher.service.TimeTickListener.onTimeTickReceived:31 com.tal.genie.base_receiver.time.TimeTickManager.onTimeTickReceived:80 
10-15 03:59:07.349 W/ContextImpl( 1164): Calling a method in the system process without a qualified user: android.app.ContextImpl.sendBroadcast:1006 android.content.ContextWrapper.sendBroadcast:444 com.tal.genie.service_controldata.EyesProtectorManager.sendEyesProtectorBroadcast:186 com.tal.genie.service_controldata.EyesProtectorManager.eyesProtectDetector:63 com.tal.genie.launcher.service.TimeTickListener.onTimeTickReceived:34 
10-15 03:59:24.585 E/BatteryExternalStatsWorker(  628): no controller energy info supplied for wifi
10-15 03:59:24.585 E/BatteryExternalStatsWorker(  628): no controller energy info supplied for bluetooth
10-15 03:59:24.585 E/BatteryExternalStatsWorker(  628): no controller energy info supplied for telephony
10-15 03:59:24.588 E/KernelCpuSpeedReader(  628): Failed to read cpu-freq: /sys/devices/system/cpu/cpu0/cpufreq/stats/time_in_state (No such file or directory)
10-15 03:59:39.499 I/NetworkStatsRecorder(  628): recordSnapshotLocked: ident[[{type=WIFI, subType=COMBINED, networkId="HUAWEI Mate 30 5G", metered=true, defaultNetwork=true}]]
10-15 03:59:39.499 W/NetworkStatsRecorder(  628): unknown interfaces [lo], ignoring those stats
10-15 03:59:39.499 I/NetworkStatsRecorder(  628): recordSnapshotLocked: ident[[{type=WIFI, subType=COMBINED, networkId="HUAWEI Mate 30 5G", metered=true, defaultNetwork=true}]]
10-15 03:59:39.499 W/NetworkStatsRecorder(  628): unknown interfaces [lo], ignoring those stats
10-15 03:59:39.499 I/NetworkStatsRecorder(  628): recordSnapshotLocked: ident[[{type=WIFI, subType=COMBINED, networkId="HUAWEI Mate 30 5G", metered=true, defaultNetwork=true}]]
10-15 03:59:39.499 I/chatty  (  628): uid=1000(system) NetworkStats identical 2 lines
10-15 03:59:39.500 I/NetworkStatsRecorder(  628): recordSnapshotLocked: ident[[{type=WIFI, subType=COMBINED, networkId="HUAWEI Mate 30 5G", metered=true, defaultNetwork=true}]]
10-15 03:59:39.500 W/NetworkStatsRecorder(  628): unknown interfaces [lo], ignoring those stats
10-15 03:59:39.500 W/NetworkStatsRecorder(  628): unknown interfaces [lo], ignoring those stats
10-15 03:59:45.847 I/MTKWifiDisplayController(  628): Received NETWORK_STATE_CHANGED,con:true,SSID:"HUAWEI Mate 30 5G",Freq:2437,netId:0, updated:false
10-15 03:59:46.759 E/storaged(  468): getDiskStats failed with result NOT_SUPPORTED and size 0
10-15 04:00:03.466 W/ContextImpl( 1164): Calling a method in the system process without a qualified user: android.app.ContextImpl.sendBroadcast:1006 android.content.ContextWrapper.sendBroadcast:444 com.tal.genie.launcher.service.TimeTickListener.sendOTASilentBroadcast:52 com.tal.genie.launcher.service.TimeTickListener.onTimeTickReceived:31 com.tal.genie.base_receiver.time.TimeTickManager.onTimeTickReceived:80 
10-15 04:00:03.479 W/ContextImpl( 1164): Calling a method in the system process without a qualified user: android.app.ContextImpl.sendBroadcast:1006 android.content.ContextWrapper.sendBroadcast:444 com.tal.genie.service_controldata.EyesProtectorManager.sendEyesProtectorBroadcast:186 com.tal.genie.service_controldata.EyesProtectorManager.eyesProtectDetector:63 com.tal.genie.launcher.service.TimeTickListener.onTimeTickReceived:34 
10-15 04:00:46.760 E/storaged(  468): getDiskStats failed with result NOT_SUPPORTED and size 0
10-15 04:01:07.619 W/ContextImpl( 1164): Calling a method in the system process without a qualified user: android.app.ContextImpl.sendBroadcast:1006 android.content.ContextWrapper.sendBroadcast:444 com.tal.genie.launcher.service.TimeTickListener.sendOTASilentBroadcast:52 com.tal.genie.launcher.service.TimeTickListener.onTimeTickReceived:31 com.tal.genie.base_receiver.time.TimeTickManager.onTimeTickReceived:80 
10-15 04:01:07.634 W/ContextImpl( 1164): Calling a method in the system process without a qualified user: android.app.ContextImpl.sendBroadcast:1006 android.content.ContextWrapper.sendBroadcast:444 com.tal.genie.service_controldata.EyesProtectorManager.sendEyesProtectorBroadcast:186 com.tal.genie.service_controldata.EyesProtectorManager.eyesProtectDetector:63 com.tal.genie.launcher.service.TimeTickListener.onTimeTickReceived:34 
10-15 04:01:46.761 E/storaged(  468): getDiskStats failed with result NOT_SUPPORTED and size 0
10-15 04:02:03.751 W/ContextImpl( 1164): Calling a method in the system process without a qualified user: android.app.ContextImpl.sendBroadcast:1006 android.content.ContextWrapper.sendBroadcast:444 com.tal.genie.launcher.service.TimeTickListener.sendOTASilentBroadcast:52 com.tal.genie.launcher.service.TimeTickListener.onTimeTickReceived:31 com.tal.genie.base_receiver.time.TimeTickManager.onTimeTickReceived:80 
10-15 04:02:03.764 W/ContextImpl( 1164): Calling a method in the system process without a qualified user: android.app.ContextImpl.sendBroadcast:1006 android.content.ContextWrapper.sendBroadcast:444 com.tal.genie.service_controldata.EyesProtectorManager.sendEyesProtectorBroadcast:186 com.tal.genie.service_controldata.EyesProtectorManager.eyesProtectDetector:63 com.tal.genie.launcher.service.TimeTickListener.onTimeTickReceived:34 
10-15 04:02:46.762 E/storaged(  468): getDiskStats failed with result NOT_SUPPORTED and size 0
10-15 04:03:07.900 W/ContextImpl( 1164): Calling a method in the system process without a qualified user: android.app.ContextImpl.sendBroadcast:1006 android.content.ContextWrapper.sendBroadcast:444 com.tal.genie.launcher.service.TimeTickListener.sendOTASilentBroadcast:52 com.tal.genie.launcher.service.TimeTickListener.onTimeTickReceived:31 com.tal.genie.base_receiver.time.TimeTickManager.onTimeTickReceived:80 
10-15 04:03:07.913 W/ContextImpl( 1164): Calling a method in the system process without a qualified user: android.app.ContextImpl.sendBroadcast:1006 android.content.ContextWrapper.sendBroadcast:444 com.tal.genie.service_controldata.EyesProtectorManager.sendEyesProtectorBroadcast:186 com.tal.genie.service_controldata.EyesProtectorManager.eyesProtectDetector:63 com.tal.genie.launcher.service.TimeTickListener.onTimeTickReceived:34 
10-15 04:03:46.762 E/storaged(  468): getDiskStats failed with result NOT_SUPPORTED and size 0
10-15 04:04:04.032 W/ContextImpl( 1164): Calling a method in the system process without a qualified user: android.app.ContextImpl.sendBroadcast:1006 android.content.ContextWrapper.sendBroadcast:444 com.tal.genie.launcher.service.TimeTickListener.sendOTASilentBroadcast:52 com.tal.genie.launcher.service.TimeTickListener.onTimeTickReceived:31 com.tal.genie.base_receiver.time.TimeTickManager.onTimeTickReceived:80 
10-15 04:04:04.046 W/ContextImpl( 1164): Calling a method in the system process without a qualified user: android.app.ContextImpl.sendBroadcast:1006 android.content.ContextWrapper.sendBroadcast:444 com.tal.genie.service_controldata.EyesProtectorManager.sendEyesProtectorBroadcast:186 com.tal.genie.service_controldata.EyesProtectorManager.eyesProtectDetector:63 com.tal.genie.launcher.service.TimeTickListener.onTimeTickReceived:34 
10-15 04:04:46.763 E/storaged(  468): getDiskStats failed with result NOT_SUPPORTED and size 0
10-15 04:05:00.145 W/ContextImpl( 1164): Calling a method in the system process without a qualified user: android.app.ContextImpl.sendBroadcast:1006 android.content.ContextWrapper.sendBroadcast:444 com.tal.genie.launcher.service.TimeTickListener.sendOTASilentBroadcast:52 com.tal.genie.launcher.service.TimeTickListener.onTimeTickReceived:31 com.tal.genie.base_receiver.time.TimeTickManager.onTimeTickReceived:80 
10-15 04:05:00.162 W/ContextImpl( 1164): Calling a method in the system process without a qualified user: android.app.ContextImpl.sendBroadcast:1006 android.content.ContextWrapper.sendBroadcast:444 com.tal.genie.service_controldata.EyesProtectorManager.sendEyesProtectorBroadcast:186 com.tal.genie.service_controldata.EyesProtectorManager.eyesProtectDetector:63 com.tal.genie.launcher.service.TimeTickListener.onTimeTickReceived:34 
10-15 04:05:46.764 E/storaged(  468): getDiskStats failed with result NOT_SUPPORTED and size 0
10-15 04:06:04.287 W/ContextImpl( 1164): Calling a method in the system process without a qualified user: android.app.ContextImpl.sendBroadcast:1006 android.content.ContextWrapper.sendBroadcast:444 com.tal.genie.launcher.service.TimeTickListener.sendOTASilentBroadcast:52 com.tal.genie.launcher.service.TimeTickListener.onTimeTickReceived:31 com.tal.genie.base_receiver.time.TimeTickManager.onTimeTickReceived:80 
10-15 04:06:04.300 W/ContextImpl( 1164): Calling a method in the system process without a qualified user: android.app.ContextImpl.sendBroadcast:1006 android.content.ContextWrapper.sendBroadcast:444 com.tal.genie.service_controldata.EyesProtectorManager.sendEyesProtectorBroadcast:186 com.tal.genie.service_controldata.EyesProtectorManager.eyesProtectDetector:63 com.tal.genie.launcher.service.TimeTickListener.onTimeTickReceived:34 
10-15 04:06:46.765 E/storaged(  468): getDiskStats failed with result NOT_SUPPORTED and size 0
10-15 04:07:00.413 W/ContextImpl( 1164): Calling a method in the system process without a qualified user: android.app.ContextImpl.sendBroadcast:1006 android.content.ContextWrapper.sendBroadcast:444 com.tal.genie.launcher.service.TimeTickListener.sendOTASilentBroadcast:52 com.tal.genie.launcher.service.TimeTickListener.onTimeTickReceived:31 com.tal.genie.base_receiver.time.TimeTickManager.onTimeTickReceived:80 
10-15 04:07:00.427 W/ContextImpl( 1164): Calling a method in the system process without a qualified user: android.app.ContextImpl.sendBroadcast:1006 android.content.ContextWrapper.sendBroadcast:444 com.tal.genie.service_controldata.EyesProtectorManager.sendEyesProtectorBroadcast:186 com.tal.genie.service_controldata.EyesProtectorManager.eyesProtectDetector:63 com.tal.genie.launcher.service.TimeTickListener.onTimeTickReceived:34 
10-15 04:07:46.766 E/storaged(  468): getDiskStats failed with result NOT_SUPPORTED and size 0
10-15 04:08:04.557 W/ContextImpl( 1164): Calling a method in the system process without a qualified user: android.app.ContextImpl.sendBroadcast:1006 android.content.ContextWrapper.sendBroadcast:444 com.tal.genie.launcher.service.TimeTickListener.sendOTASilentBroadcast:52 com.tal.genie.launcher.service.TimeTickListener.onTimeTickReceived:31 com.tal.genie.base_receiver.time.TimeTickManager.onTimeTickReceived:80 
10-15 04:08:04.569 W/ContextImpl( 1164): Calling a method in the system process without a qualified user: android.app.ContextImpl.sendBroadcast:1006 android.content.ContextWrapper.sendBroadcast:444 com.tal.genie.service_controldata.EyesProtectorManager.sendEyesProtectorBroadcast:186 com.tal.genie.service_controldata.EyesProtectorManager.eyesProtectDetector:63 com.tal.genie.launcher.service.TimeTickListener.onTimeTickReceived:34 
10-15 04:08:46.767 E/storaged(  468): getDiskStats failed with result NOT_SUPPORTED and size 0
10-15 04:09:00.682 W/ContextImpl( 1164): Calling a method in the system process without a qualified user: android.app.ContextImpl.sendBroadcast:1006 android.content.ContextWrapper.sendBroadcast:444 com.tal.genie.launcher.service.TimeTickListener.sendOTASilentBroadcast:52 com.tal.genie.launcher.service.TimeTickListener.onTimeTickReceived:31 com.tal.genie.base_receiver.time.TimeTickManager.onTimeTickReceived:80 
10-15 04:09:00.695 W/ContextImpl( 1164): Calling a method in the system process without a qualified user: android.app.ContextImpl.sendBroadcast:1006 android.content.ContextWrapper.sendBroadcast:444 com.tal.genie.service_controldata.EyesProtectorManager.sendEyesProtectorBroadcast:186 com.tal.genie.service_controldata.EyesProtectorManager.eyesProtectDetector:63 com.tal.genie.launcher.service.TimeTickListener.onTimeTickReceived:34 
10-15 04:09:45.899 W/BroadcastQueue(  628): Background execution not allowed: receiving Intent { act=com.android.providers.media.ACTIVATE_MEDIAPROCESS flg=0x10 } to com.android.providers.media/.MtpReceiver
10-15 04:09:46.768 E/storaged(  468): getDiskStats failed with result NOT_SUPPORTED and size 0
10-15 04:10:04.821 W/ContextImpl( 1164): Calling a method in the system process without a qualified user: android.app.ContextImpl.sendBroadcast:1006 android.content.ContextWrapper.sendBroadcast:444 com.tal.genie.launcher.service.TimeTickListener.sendOTASilentBroadcast:52 com.tal.genie.launcher.service.TimeTickListener.onTimeTickReceived:31 com.tal.genie.base_receiver.time.TimeTickManager.onTimeTickReceived:80 
10-15 04:10:04.834 W/ContextImpl( 1164): Calling a method in the system process without a qualified user: android.app.ContextImpl.sendBroadcast:1006 android.content.ContextWrapper.sendBroadcast:444 com.tal.genie.service_controldata.EyesProtectorManager.sendEyesProtectorBroadcast:186 com.tal.genie.service_controldata.EyesProtectorManager.eyesProtectDetector:63 com.tal.genie.launcher.service.TimeTickListener.onTimeTickReceived:34 
10-15 04:10:46.769 E/storaged(  468): getDiskStats failed with result NOT_SUPPORTED and size 0
10-15 04:11:00.947 W/ContextImpl( 1164): Calling a method in the system process without a qualified user: android.app.ContextImpl.sendBroadcast:1006 android.content.ContextWrapper.sendBroadcast:444 com.tal.genie.launcher.service.TimeTickListener.sendOTASilentBroadcast:52 com.tal.genie.launcher.service.TimeTickListener.onTimeTickReceived:31 com.tal.genie.base_receiver.time.TimeTickManager.onTimeTickReceived:80 
10-15 04:11:00.962 W/ContextImpl( 1164): Calling a method in the system process without a qualified user: android.app.ContextImpl.sendBroadcast:1006 android.content.ContextWrapper.sendBroadcast:444 com.tal.genie.service_controldata.EyesProtectorManager.sendEyesProtectorBroadcast:186 com.tal.genie.service_controldata.EyesProtectorManager.eyesProtectDetector:63 com.tal.genie.launcher.service.TimeTickListener.onTimeTickReceived:34 
10-15 04:11:46.770 E/storaged(  468): getDiskStats failed with result NOT_SUPPORTED and size 0
10-15 04:12:05.091 W/ContextImpl( 1164): Calling a method in the system process without a qualified user: android.app.ContextImpl.sendBroadcast:1006 android.content.ContextWrapper.sendBroadcast:444 com.tal.genie.launcher.service.TimeTickListener.sendOTASilentBroadcast:52 com.tal.genie.launcher.service.TimeTickListener.onTimeTickReceived:31 com.tal.genie.base_receiver.time.TimeTickManager.onTimeTickReceived:80 
10-15 04:12:05.105 W/ContextImpl( 1164): Calling a method in the system process without a qualified user: android.app.ContextImpl.sendBroadcast:1006 android.content.ContextWrapper.sendBroadcast:444 com.tal.genie.service_controldata.EyesProtectorManager.sendEyesProtectorBroadcast:186 com.tal.genie.service_controldata.EyesProtectorManager.eyesProtectDetector:63 com.tal.genie.launcher.service.TimeTickListener.onTimeTickReceived:34 
10-15 04:12:46.771 E/storaged(  468): getDiskStats failed with result NOT_SUPPORTED and size 0
10-15 04:13:01.216 W/ContextImpl( 1164): Calling a method in the system process without a qualified user: android.app.ContextImpl.sendBroadcast:1006 android.content.ContextWrapper.sendBroadcast:444 com.tal.genie.launcher.service.TimeTickListener.sendOTASilentBroadcast:52 com.tal.genie.launcher.service.TimeTickListener.onTimeTickReceived:31 com.tal.genie.base_receiver.time.TimeTickManager.onTimeTickReceived:80 
10-15 04:13:01.230 W/ContextImpl( 1164): Calling a method in the system process without a qualified user: android.app.ContextImpl.sendBroadcast:1006 android.content.ContextWrapper.sendBroadcast:444 com.tal.genie.service_controldata.EyesProtectorManager.sendEyesProtectorBroadcast:186 com.tal.genie.service_controldata.EyesProtectorManager.eyesProtectDetector:63 com.tal.genie.launcher.service.TimeTickListener.onTimeTickReceived:34 
10-15 04:13:46.772 E/storaged(  468): getDiskStats failed with result NOT_SUPPORTED and size 0
10-15 04:14:05.365 W/ContextImpl( 1164): Calling a method in the system process without a qualified user: android.app.ContextImpl.sendBroadcast:1006 android.content.ContextWrapper.sendBroadcast:444 com.tal.genie.launcher.service.TimeTickListener.sendOTASilentBroadcast:52 com.tal.genie.launcher.service.TimeTickListener.onTimeTickReceived:31 com.tal.genie.base_receiver.time.TimeTickManager.onTimeTickReceived:80 
10-15 04:14:05.382 W/ContextImpl( 1164): Calling a method in the system process without a qualified user: android.app.ContextImpl.sendBroadcast:1006 android.content.ContextWrapper.sendBroadcast:444 com.tal.genie.service_controldata.EyesProtectorManager.sendEyesProtectorBroadcast:186 com.tal.genie.service_controldata.EyesProtectorManager.eyesProtectDetector:63 com.tal.genie.launcher.service.TimeTickListener.onTimeTickReceived:34 
10-15 04:14:46.772 E/storaged(  468): getDiskStats failed with result NOT_SUPPORTED and size 0
10-15 04:15:01.489 W/ContextImpl( 1164): Calling a method in the system process without a qualified user: android.app.ContextImpl.sendBroadcast:1006 android.content.ContextWrapper.sendBroadcast:444 com.tal.genie.launcher.service.TimeTickListener.sendOTASilentBroadcast:52 com.tal.genie.launcher.service.TimeTickListener.onTimeTickReceived:31 com.tal.genie.base_receiver.time.TimeTickManager.onTimeTickReceived:80 
10-15 04:15:01.506 W/ContextImpl( 1164): Calling a method in the system process without a qualified user: android.app.ContextImpl.sendBroadcast:1006 android.content.ContextWrapper.sendBroadcast:444 com.tal.genie.service_controldata.EyesProtectorManager.sendEyesProtectorBroadcast:186 com.tal.genie.service_controldata.EyesProtectorManager.eyesProtectDetector:63 com.tal.genie.launcher.service.TimeTickListener.onTimeTickReceived:34 
10-15 04:15:46.773 E/storaged(  468): getDiskStats failed with result NOT_SUPPORTED and size 0
10-15 04:16:05.635 W/ContextImpl( 1164): Calling a method in the system process without a qualified user: android.app.ContextImpl.sendBroadcast:1006 android.content.ContextWrapper.sendBroadcast:444 com.tal.genie.launcher.service.TimeTickListener.sendOTASilentBroadcast:52 com.tal.genie.launcher.service.TimeTickListener.onTimeTickReceived:31 com.tal.genie.base_receiver.time.TimeTickManager.onTimeTickReceived:80 
10-15 04:16:05.650 W/ContextImpl( 1164): Calling a method in the system process without a qualified user: android.app.ContextImpl.sendBroadcast:1006 android.content.ContextWrapper.sendBroadcast:444 com.tal.genie.service_controldata.EyesProtectorManager.sendEyesProtectorBroadcast:186 com.tal.genie.service_controldata.EyesProtectorManager.eyesProtectDetector:63 com.tal.genie.launcher.service.TimeTickListener.onTimeTickReceived:34 
10-15 04:16:46.774 E/storaged(  468): getDiskStats failed with result NOT_SUPPORTED and size 0
10-15 04:17:01.762 W/ContextImpl( 1164): Calling a method in the system process without a qualified user: android.app.ContextImpl.sendBroadcast:1006 android.content.ContextWrapper.sendBroadcast:444 com.tal.genie.launcher.service.TimeTickListener.sendOTASilentBroadcast:52 com.tal.genie.launcher.service.TimeTickListener.onTimeTickReceived:31 com.tal.genie.base_receiver.time.TimeTickManager.onTimeTickReceived:80 
10-15 04:17:01.774 W/ContextImpl( 1164): Calling a method in the system process without a qualified user: android.app.ContextImpl.sendBroadcast:1006 android.content.ContextWrapper.sendBroadcast:444 com.tal.genie.service_controldata.EyesProtectorManager.sendEyesProtectorBroadcast:186 com.tal.genie.service_controldata.EyesProtectorManager.eyesProtectDetector:63 com.tal.genie.launcher.service.TimeTickListener.onTimeTickReceived:34 
10-15 04:17:46.775 E/storaged(  468): getDiskStats failed with result NOT_SUPPORTED and size 0
10-15 04:18:05.908 W/ContextImpl( 1164): Calling a method in the system process without a qualified user: android.app.ContextImpl.sendBroadcast:1006 android.content.ContextWrapper.sendBroadcast:444 com.tal.genie.launcher.service.TimeTickListener.sendOTASilentBroadcast:52 com.tal.genie.launcher.service.TimeTickListener.onTimeTickReceived:31 com.tal.genie.base_receiver.time.TimeTickManager.onTimeTickReceived:80 
10-15 04:18:05.924 W/ContextImpl( 1164): Calling a method in the system process without a qualified user: android.app.ContextImpl.sendBroadcast:1006 android.content.ContextWrapper.sendBroadcast:444 com.tal.genie.service_controldata.EyesProtectorManager.sendEyesProtectorBroadcast:186 com.tal.genie.service_controldata.EyesProtectorManager.eyesProtectDetector:63 com.tal.genie.launcher.service.TimeTickListener.onTimeTickReceived:34 
10-15 04:18:46.776 E/storaged(  468): getDiskStats failed with result NOT_SUPPORTED and size 0
10-15 04:19:02.040 W/ContextImpl( 1164): Calling a method in the system process without a qualified user: android.app.ContextImpl.sendBroadcast:1006 android.content.ContextWrapper.sendBroadcast:444 com.tal.genie.launcher.service.TimeTickListener.sendOTASilentBroadcast:52 com.tal.genie.launcher.service.TimeTickListener.onTimeTickReceived:31 com.tal.genie.base_receiver.time.TimeTickManager.onTimeTickReceived:80 
10-15 04:19:02.055 W/ContextImpl( 1164): Calling a method in the system process without a qualified user: android.app.ContextImpl.sendBroadcast:1006 android.content.ContextWrapper.sendBroadcast:444 com.tal.genie.service_controldata.EyesProtectorManager.sendEyesProtectorBroadcast:186 com.tal.genie.service_controldata.EyesProtectorManager.eyesProtectDetector:63 com.tal.genie.launcher.service.TimeTickListener.onTimeTickReceived:34 
10-15 04:19:46.777 E/storaged(  468): getDiskStats failed with result NOT_SUPPORTED and size 0
10-15 04:20:06.173 W/ContextImpl( 1164): Calling a method in the system process without a qualified user: android.app.ContextImpl.sendBroadcast:1006 android.content.ContextWrapper.sendBroadcast:444 com.tal.genie.launcher.service.TimeTickListener.sendOTASilentBroadcast:52 com.tal.genie.launcher.service.TimeTickListener.onTimeTickReceived:31 com.tal.genie.base_receiver.time.TimeTickManager.onTimeTickReceived:80 
10-15 04:20:06.187 W/ContextImpl( 1164): Calling a method in the system process without a qualified user: android.app.ContextImpl.sendBroadcast:1006 android.content.ContextWrapper.sendBroadcast:444 com.tal.genie.service_controldata.EyesProtectorManager.sendEyesProtectorBroadcast:186 com.tal.genie.service_controldata.EyesProtectorManager.eyesProtectDetector:63 com.tal.genie.launcher.service.TimeTickListener.onTimeTickReceived:34 
10-15 04:20:46.778 E/storaged(  468): getDiskStats failed with result NOT_SUPPORTED and size 0
10-15 04:21:02.301 W/ContextImpl( 1164): Calling a method in the system process without a qualified user: android.app.ContextImpl.sendBroadcast:1006 android.content.ContextWrapper.sendBroadcast:444 com.tal.genie.launcher.service.TimeTickListener.sendOTASilentBroadcast:52 com.tal.genie.launcher.service.TimeTickListener.onTimeTickReceived:31 com.tal.genie.base_receiver.time.TimeTickManager.onTimeTickReceived:80 
10-15 04:21:02.315 W/ContextImpl( 1164): Calling a method in the system process without a qualified user: android.app.ContextImpl.sendBroadcast:1006 android.content.ContextWrapper.sendBroadcast:444 com.tal.genie.service_controldata.EyesProtectorManager.sendEyesProtectorBroadcast:186 com.tal.genie.service_controldata.EyesProtectorManager.eyesProtectDetector:63 com.tal.genie.launcher.service.TimeTickListener.onTimeTickReceived:34 
10-15 04:21:46.779 E/storaged(  468): getDiskStats failed with result NOT_SUPPORTED and size 0
10-15 04:22:06.445 W/ContextImpl( 1164): Calling a method in the system process without a qualified user: android.app.ContextImpl.sendBroadcast:1006 android.content.ContextWrapper.sendBroadcast:444 com.tal.genie.launcher.service.TimeTickListener.sendOTASilentBroadcast:52 com.tal.genie.launcher.service.TimeTickListener.onTimeTickReceived:31 com.tal.genie.base_receiver.time.TimeTickManager.onTimeTickReceived:80 
10-15 04:22:06.458 W/ContextImpl( 1164): Calling a method in the system process without a qualified user: android.app.ContextImpl.sendBroadcast:1006 android.content.ContextWrapper.sendBroadcast:444 com.tal.genie.service_controldata.EyesProtectorManager.sendEyesProtectorBroadcast:186 com.tal.genie.service_controldata.EyesProtectorManager.eyesProtectDetector:63 com.tal.genie.launcher.service.TimeTickListener.onTimeTickReceived:34 
10-15 04:22:46.780 E/storaged(  468): getDiskStats failed with result NOT_SUPPORTED and size 0
10-15 04:23:02.578 W/ContextImpl( 1164): Calling a method in the system process without a qualified user: android.app.ContextImpl.sendBroadcast:1006 android.content.ContextWrapper.sendBroadcast:444 com.tal.genie.launcher.service.TimeTickListener.sendOTASilentBroadcast:52 com.tal.genie.launcher.service.TimeTickListener.onTimeTickReceived:31 com.tal.genie.base_receiver.time.TimeTickManager.onTimeTickReceived:80 
10-15 04:23:02.595 W/ContextImpl( 1164): Calling a method in the system process without a qualified user: android.app.ContextImpl.sendBroadcast:1006 android.content.ContextWrapper.sendBroadcast:444 com.tal.genie.service_controldata.EyesProtectorManager.sendEyesProtectorBroadcast:186 com.tal.genie.service_controldata.EyesProtectorManager.eyesProtectDetector:63 com.tal.genie.launcher.service.TimeTickListener.onTimeTickReceived:34 
10-15 04:23:46.780 E/storaged(  468): getDiskStats failed with result NOT_SUPPORTED and size 0
10-15 04:24:06.724 W/ContextImpl( 1164): Calling a method in the system process without a qualified user: android.app.ContextImpl.sendBroadcast:1006 android.content.ContextWrapper.sendBroadcast:444 com.tal.genie.launcher.service.TimeTickListener.sendOTASilentBroadcast:52 com.tal.genie.launcher.service.TimeTickListener.onTimeTickReceived:31 com.tal.genie.base_receiver.time.TimeTickManager.onTimeTickReceived:80 
10-15 04:24:06.737 W/ContextImpl( 1164): Calling a method in the system process without a qualified user: android.app.ContextImpl.sendBroadcast:1006 android.content.ContextWrapper.sendBroadcast:444 com.tal.genie.service_controldata.EyesProtectorManager.sendEyesProtectorBroadcast:186 com.tal.genie.service_controldata.EyesProtectorManager.eyesProtectDetector:63 com.tal.genie.launcher.service.TimeTickListener.onTimeTickReceived:34 
10-15 04:24:46.782 E/storaged(  468): getDiskStats failed with result NOT_SUPPORTED and size 0
10-15 04:25:02.833 W/ContextImpl( 1164): Calling a method in the system process without a qualified user: android.app.ContextImpl.sendBroadcast:1006 android.content.ContextWrapper.sendBroadcast:444 com.tal.genie.launcher.service.TimeTickListener.sendOTASilentBroadcast:52 com.tal.genie.launcher.service.TimeTickListener.onTimeTickReceived:31 com.tal.genie.base_receiver.time.TimeTickManager.onTimeTickReceived:80 
10-15 04:25:02.846 W/ContextImpl( 1164): Calling a method in the system process without a qualified user: android.app.ContextImpl.sendBroadcast:1006 android.content.ContextWrapper.sendBroadcast:444 com.tal.genie.service_controldata.EyesProtectorManager.sendEyesProtectorBroadcast:186 com.tal.genie.service_controldata.EyesProtectorManager.eyesProtectDetector:63 com.tal.genie.launcher.service.TimeTickListener.onTimeTickReceived:34 
10-15 04:25:46.783 E/storaged(  468): getDiskStats failed with result NOT_SUPPORTED and size 0
10-15 04:25:58.744 I/NetworkStatsRecorder(  628): recordSnapshotLocked: ident[[{type=WIFI, subType=COMBINED, networkId="HUAWEI Mate 30 5G", metered=true, defaultNetwork=true}]]
10-15 04:25:58.744 W/NetworkStatsRecorder(  628): unknown interfaces [lo], ignoring those stats
10-15 04:25:58.745 I/NetworkStatsRecorder(  628): recordSnapshotLocked: ident[[{type=WIFI, subType=COMBINED, networkId="HUAWEI Mate 30 5G", metered=true, defaultNetwork=true}]]
10-15 04:25:58.745 W/NetworkStatsRecorder(  628): unknown interfaces [lo], ignoring those stats
10-15 04:25:58.745 I/NetworkStatsRecorder(  628): recordSnapshotLocked: ident[[{type=WIFI, subType=COMBINED, networkId="HUAWEI Mate 30 5G", metered=true, defaultNetwork=true}]]
10-15 04:25:58.745 I/chatty  (  628): uid=1000(system) NetworkStats identical 2 lines
10-15 04:25:58.745 I/NetworkStatsRecorder(  628): recordSnapshotLocked: ident[[{type=WIFI, subType=COMBINED, networkId="HUAWEI Mate 30 5G", metered=true, defaultNetwork=true}]]
10-15 04:25:58.745 W/NetworkStatsRecorder(  628): unknown interfaces [lo], ignoring those stats
10-15 04:25:58.745 I/NetworkStatsRecorder(  628): recordSnapshotLocked: ident[[{type=WIFI, subType=COMBINED, networkId="HUAWEI Mate 30 5G", metered=true, defaultNetwork=true}]]
10-15 04:25:58.745 W/NetworkStatsRecorder(  628): unknown interfaces [lo], ignoring those stats
10-15 04:26:06.977 W/ContextImpl( 1164): Calling a method in the system process without a qualified user: android.app.ContextImpl.sendBroadcast:1006 android.content.ContextWrapper.sendBroadcast:444 com.tal.genie.launcher.service.TimeTickListener.sendOTASilentBroadcast:52 com.tal.genie.launcher.service.TimeTickListener.onTimeTickReceived:31 com.tal.genie.base_receiver.time.TimeTickManager.onTimeTickReceived:80 
10-15 04:26:06.989 W/ContextImpl( 1164): Calling a method in the system process without a qualified user: android.app.ContextImpl.sendBroadcast:1006 android.content.ContextWrapper.sendBroadcast:444 com.tal.genie.service_controldata.EyesProtectorManager.sendEyesProtectorBroadcast:186 com.tal.genie.service_controldata.EyesProtectorManager.eyesProtectDetector:63 com.tal.genie.launcher.service.TimeTickListener.onTimeTickReceived:34 
10-15 04:26:46.783 E/storaged(  468): getDiskStats failed with result NOT_SUPPORTED and size 0
10-15 04:27:03.106 W/ContextImpl( 1164): Calling a method in the system process without a qualified user: android.app.ContextImpl.sendBroadcast:1006 android.content.ContextWrapper.sendBroadcast:444 com.tal.genie.launcher.service.TimeTickListener.sendOTASilentBroadcast:52 com.tal.genie.launcher.service.TimeTickListener.onTimeTickReceived:31 com.tal.genie.base_receiver.time.TimeTickManager.onTimeTickReceived:80 
10-15 04:27:03.120 W/ContextImpl( 1164): Calling a method in the system process without a qualified user: android.app.ContextImpl.sendBroadcast:1006 android.content.ContextWrapper.sendBroadcast:444 com.tal.genie.service_controldata.EyesProtectorManager.sendEyesProtectorBroadcast:186 com.tal.genie.service_controldata.EyesProtectorManager.eyesProtectDetector:63 com.tal.genie.launcher.service.TimeTickListener.onTimeTickReceived:34 
10-15 04:27:46.784 E/storaged(  468): getDiskStats failed with result NOT_SUPPORTED and size 0
10-15 04:28:07.251 W/ContextImpl( 1164): Calling a method in the system process without a qualified user: android.app.ContextImpl.sendBroadcast:1006 android.content.ContextWrapper.sendBroadcast:444 com.tal.genie.launcher.service.TimeTickListener.sendOTASilentBroadcast:52 com.tal.genie.launcher.service.TimeTickListener.onTimeTickReceived:31 com.tal.genie.base_receiver.time.TimeTickManager.onTimeTickReceived:80 
10-15 04:28:07.263 W/ContextImpl( 1164): Calling a method in the system process without a qualified user: android.app.ContextImpl.sendBroadcast:1006 android.content.ContextWrapper.sendBroadcast:444 com.tal.genie.service_controldata.EyesProtectorManager.sendEyesProtectorBroadcast:186 com.tal.genie.service_controldata.EyesProtectorManager.eyesProtectDetector:63 com.tal.genie.launcher.service.TimeTickListener.onTimeTickReceived:34 
10-15 04:28:46.785 E/storaged(  468): getDiskStats failed with result NOT_SUPPORTED and size 0
10-15 04:29:03.381 W/ContextImpl( 1164): Calling a method in the system process without a qualified user: android.app.ContextImpl.sendBroadcast:1006 android.content.ContextWrapper.sendBroadcast:444 com.tal.genie.launcher.service.TimeTickListener.sendOTASilentBroadcast:52 com.tal.genie.launcher.service.TimeTickListener.onTimeTickReceived:31 com.tal.genie.base_receiver.time.TimeTickManager.onTimeTickReceived:80 
10-15 04:29:03.394 W/ContextImpl( 1164): Calling a method in the system process without a qualified user: android.app.ContextImpl.sendBroadcast:1006 android.content.ContextWrapper.sendBroadcast:444 com.tal.genie.service_controldata.EyesProtectorManager.sendEyesProtectorBroadcast:186 com.tal.genie.service_controldata.EyesProtectorManager.eyesProtectDetector:63 com.tal.genie.launcher.service.TimeTickListener.onTimeTickReceived:34 
10-15 04:29:24.585 E/BatteryExternalStatsWorker(  628): no controller energy info supplied for wifi
10-15 04:29:24.586 E/BatteryExternalStatsWorker(  628): no controller energy info supplied for bluetooth
10-15 04:29:24.586 E/BatteryExternalStatsWorker(  628): no controller energy info supplied for telephony
10-15 04:29:24.589 E/KernelCpuSpeedReader(  628): Failed to read cpu-freq: /sys/devices/system/cpu/cpu0/cpufreq/stats/time_in_state (No such file or directory)
10-15 04:29:39.499 I/NetworkStatsRecorder(  628): recordSnapshotLocked: ident[[{type=WIFI, subType=COMBINED, networkId="HUAWEI Mate 30 5G", metered=true, defaultNetwork=true}]]
10-15 04:29:39.499 W/NetworkStatsRecorder(  628): unknown interfaces [lo], ignoring those stats
10-15 04:29:39.500 I/NetworkStatsRecorder(  628): recordSnapshotLocked: ident[[{type=WIFI, subType=COMBINED, networkId="HUAWEI Mate 30 5G", metered=true, defaultNetwork=true}]]
10-15 04:29:39.500 W/NetworkStatsRecorder(  628): unknown interfaces [lo], ignoring those stats
10-15 04:29:39.500 I/NetworkStatsRecorder(  628): recordSnapshotLocked: ident[[{type=WIFI, subType=COMBINED, networkId="HUAWEI Mate 30 5G", metered=true, defaultNetwork=true}]]
10-15 04:29:39.500 I/chatty  (  628): uid=1000(system) NetworkStats identical 2 lines
10-15 04:29:39.500 I/NetworkStatsRecorder(  628): recordSnapshotLocked: ident[[{type=WIFI, subType=COMBINED, networkId="HUAWEI Mate 30 5G", metered=true, defaultNetwork=true}]]
10-15 04:29:39.500 W/NetworkStatsRecorder(  628): unknown interfaces [lo], ignoring those stats
10-15 04:29:39.500 W/NetworkStatsRecorder(  628): unknown interfaces [lo], ignoring those stats
10-15 04:29:45.877 I/MTKWifiDisplayController(  628): Received NETWORK_STATE_CHANGED,con:true,SSID:"HUAWEI Mate 30 5G",Freq:2437,netId:0, updated:false
10-15 04:29:45.998 W/BroadcastQueue(  628): Background execution not allowed: receiving Intent { act=com.android.providers.media.ACTIVATE_MEDIAPROCESS flg=0x10 } to com.android.providers.media/.MtpReceiver
10-15 04:29:46.786 E/storaged(  468): getDiskStats failed with result NOT_SUPPORTED and size 0
10-15 04:30:07.529 W/ContextImpl( 1164): Calling a method in the system process without a qualified user: android.app.ContextImpl.sendBroadcast:1006 android.content.ContextWrapper.sendBroadcast:444 com.tal.genie.launcher.service.TimeTickListener.sendOTASilentBroadcast:52 com.tal.genie.launcher.service.TimeTickListener.onTimeTickReceived:31 com.tal.genie.base_receiver.time.TimeTickManager.onTimeTickReceived:80 
10-15 04:30:07.543 W/ContextImpl( 1164): Calling a method in the system process without a qualified user: android.app.ContextImpl.sendBroadcast:1006 android.content.ContextWrapper.sendBroadcast:444 com.tal.genie.service_controldata.EyesProtectorManager.sendEyesProtectorBroadcast:186 com.tal.genie.service_controldata.EyesProtectorManager.eyesProtectDetector:63 com.tal.genie.launcher.service.TimeTickListener.onTimeTickReceived:34 
10-15 04:30:47.694 E/storaged(  468): getDiskStats failed with result NOT_SUPPORTED and size 0
10-15 04:31:03.650 W/ContextImpl( 1164): Calling a method in the system process without a qualified user: android.app.ContextImpl.sendBroadcast:1006 android.content.ContextWrapper.sendBroadcast:444 com.tal.genie.launcher.service.TimeTickListener.sendOTASilentBroadcast:52 com.tal.genie.launcher.service.TimeTickListener.onTimeTickReceived:31 com.tal.genie.base_receiver.time.TimeTickManager.onTimeTickReceived:80 
10-15 04:31:03.665 W/ContextImpl( 1164): Calling a method in the system process without a qualified user: android.app.ContextImpl.sendBroadcast:1006 android.content.ContextWrapper.sendBroadcast:444 com.tal.genie.service_controldata.EyesProtectorManager.sendEyesProtectorBroadcast:186 com.tal.genie.service_controldata.EyesProtectorManager.eyesProtectDetector:63 com.tal.genie.launcher.service.TimeTickListener.onTimeTickReceived:34 
10-15 04:31:47.695 E/storaged(  468): getDiskStats failed with result NOT_SUPPORTED and size 0
10-15 04:32:07.790 W/ContextImpl( 1164): Calling a method in the system process without a qualified user: android.app.ContextImpl.sendBroadcast:1006 android.content.ContextWrapper.sendBroadcast:444 com.tal.genie.launcher.service.TimeTickListener.sendOTASilentBroadcast:52 com.tal.genie.launcher.service.TimeTickListener.onTimeTickReceived:31 com.tal.genie.base_receiver.time.TimeTickManager.onTimeTickReceived:80 
10-15 04:32:07.806 W/ContextImpl( 1164): Calling a method in the system process without a qualified user: android.app.ContextImpl.sendBroadcast:1006 android.content.ContextWrapper.sendBroadcast:444 com.tal.genie.service_controldata.EyesProtectorManager.sendEyesProtectorBroadcast:186 com.tal.genie.service_controldata.EyesProtectorManager.eyesProtectDetector:63 com.tal.genie.launcher.service.TimeTickListener.onTimeTickReceived:34 
10-15 04:32:47.696 E/storaged(  468): getDiskStats failed with result NOT_SUPPORTED and size 0
10-15 04:33:03.919 W/ContextImpl( 1164): Calling a method in the system process without a qualified user: android.app.ContextImpl.sendBroadcast:1006 android.content.ContextWrapper.sendBroadcast:444 com.tal.genie.launcher.service.TimeTickListener.sendOTASilentBroadcast:52 com.tal.genie.launcher.service.TimeTickListener.onTimeTickReceived:31 com.tal.genie.base_receiver.time.TimeTickManager.onTimeTickReceived:80 
10-15 04:33:03.932 W/ContextImpl( 1164): Calling a method in the system process without a qualified user: android.app.ContextImpl.sendBroadcast:1006 android.content.ContextWrapper.sendBroadcast:444 com.tal.genie.service_controldata.EyesProtectorManager.sendEyesProtectorBroadcast:186 com.tal.genie.service_controldata.EyesProtectorManager.eyesProtectDetector:63 com.tal.genie.launcher.service.TimeTickListener.onTimeTickReceived:34 
10-15 04:33:47.697 E/storaged(  468): getDiskStats failed with result NOT_SUPPORTED and size 0
10-15 04:34:00.060 W/ContextImpl( 1164): Calling a method in the system process without a qualified user: android.app.ContextImpl.sendBroadcast:1006 android.content.ContextWrapper.sendBroadcast:444 com.tal.genie.launcher.service.TimeTickListener.sendOTASilentBroadcast:52 com.tal.genie.launcher.service.TimeTickListener.onTimeTickReceived:31 com.tal.genie.base_receiver.time.TimeTickManager.onTimeTickReceived:80 
10-15 04:34:00.073 W/ContextImpl( 1164): Calling a method in the system process without a qualified user: android.app.ContextImpl.sendBroadcast:1006 android.content.ContextWrapper.sendBroadcast:444 com.tal.genie.service_controldata.EyesProtectorManager.sendEyesProtectorBroadcast:186 com.tal.genie.service_controldata.EyesProtectorManager.eyesProtectDetector:63 com.tal.genie.launcher.service.TimeTickListener.onTimeTickReceived:34 
10-15 04:34:47.698 E/storaged(  468): getDiskStats failed with result NOT_SUPPORTED and size 0
