01-01 08:00:23.855 I/MtkSystemServiceRegistry(  450): setMtkSystemServiceName start names{class android.net.wifi.RttManager=rttmanager, class android.app.KeyguardManager=keyguard, class android.app.VrManager=vrmanager, class android.app.WallpaperManager=wallpaper, class android.os.DropBoxManager=dropbox, class android.os.PowerManager=power, class android.telephony.SubscriptionManager=telephony_subscription_service, class android.app.slice.SliceManager=slice, class android.hardware.usb.UsbManager=usb, class android.app.timezone.RulesManager=timezone, class android.os.SystemUpdateManager=system_update, class android.os.storage.StorageManager=storage, class android.telephony.CarrierConfigManager=carrier_config, class android.media.midi.MidiManager=midi, class android.telephony.euicc.EuiccCardManager=euicc_card, class android.content.pm.ShortcutManager=shortcut, class android.os.IncidentManager=incident, class android.net.ConnectivityManager=connectivity, class android.telephony.TelephonyManager=phone, class android.view.textclassifier.TextClassificationManager=textclassification, class android.app.ActivityManager=activity, class android.media.session.MediaSessionManager=media_session, class android.app.GeninLampManager=lampmanager, class android.app.UiModeManager=uimode, class android.bluetooth.BluetoothManager=bluetooth, class android.hardware.ConsumerIrManager=consumer_ir, class android.media.projection.MediaProjectionManager=media_projection, class android.view.accessibility.AccessibilityManager=accessibility, class android.companion.CompanionDeviceManager=companiondevice, class android.content.ClipboardManager=clipboard, class android.app.trust.TrustManager=trust, class android.net.nsd.NsdManager=servicediscovery, class android.content.RestrictionsManager=restrictions, class android.view.inputmethod.InputMethodManager=input_method, class android.app.usage.NetworkStatsManager=netstats, class android.hardware.camera2.CameraManager=camera, class android.telephony.euicc.EuiccManager=euicc, class android.app.AlarmManager=alarm, class android.net.NetworkWatchlistManager=network_watchlist, class android.nfc.NfcManager=nfc, class android.telecom.TelecomManager=telecom, class android.hardware.location.ContextHubManager=contexthub, class android.app.job.JobScheduler=jobscheduler, class android.service.oemlock.OemLockManager=oem_lock, class android.app.NotificationManager=notification, class android.content.pm.LauncherApps=launcherapps, class android.net.NetworkScoreManager=network_score, class android.hardware.radio.RadioManager=broadcastradio, class android.net.EthernetManager=ethernet, class android.view.accessibility.CaptioningManager=captioning, class android.hardware.hdmi.HdmiControlManager=hdmi_control, class android.os.Vibrator=vibrator, class android.print.PrintManager=print, class android.net.lowpan.LowpanManager=lowpan, class android.media.tv.TvInputManager=tv_input, class android.net.wifi.aware.WifiAwareManager=wifiaware, class android.service.persistentdata.PersistentDataBlockManager=persistent_data_block, class android.app.DownloadManager=download, class android.app.StatusBarManager=statusbar, class android.hardware.display.DisplayManager=display, class android.location.LocationManager=location, class android.media.AudioManager=audio, class android.os.UserManager=user, class android.media.soundtrigger.SoundTriggerManager=soundtrigger, class android.os.health.SystemHealthManager=systemhealth, class android.os.BatteryManager=batterymanager, class android.net.wifi.rtt.WifiRttManager=wifirtt, class android.os.HardwarePropertiesManager=hardware_properties, class android.appwidget.AppWidgetManager=appwidget, class android.accounts.AccountManager=account, class android.app.SearchManager=search, class android.view.autofill.AutofillManager=autofill, class android.text.ClipboardManager=clipboard, class android.app.StatsManager=stats, class android.app.usage.UsageStatsManager=usagestats, class android.hardware.fingerprint.FingerprintManager=fingerprint, class android.app.usage.StorageStatsManager=storagestats, class android.ne
01-01 08:00:23.855 I/SystemServiceRegistry(  450): registerAllMtkService start
01-01 08:00:23.855 I/MtkSystemServiceRegistry(  450): registerAllService start
01-01 08:00:23.856 W/main    (  450): type=1400 audit(0.0:833): avc: denied { read } for name="u:object_r:mtk_bluetooth_prop:s0" dev="tmpfs" ino=11122 scontext=u:r:zygote:s0 tcontext=u:object_r:mtk_bluetooth_prop:s0 tclass=file permissive=0
01-01 08:00:23.856 I/chatty  (  450): uid=0(root) main identical 1 line
01-01 08:00:23.856 E/MtkSystemServiceRegistry(  450): Exception while getting FmRadioPackageManager class
01-01 08:00:23.859 W/main    (  450): type=1400 audit(0.0:835): avc: denied { read } for name="u:object_r:mtk_bluetooth_prop:s0" dev="tmpfs" ino=11122 scontext=u:r:zygote:s0 tcontext=u:object_r:mtk_bluetooth_prop:s0 tclass=file permissive=0
01-01 08:00:23.859 W/main    (  450): type=1400 audit(0.0:836): avc: denied { read } for name="u:object_r:mtk_bluetooth_prop:s0" dev="tmpfs" ino=11122 scontext=u:r:zygote:s0 tcontext=u:object_r:mtk_bluetooth_prop:s0 tclass=file permissive=0
01-01 08:00:23.862 E/libc    (  450): Access denied finding property "persist.vendor.bluetooth.hostloglevel"
01-01 08:00:23.862 E/libc    (  450): Access denied finding property "persist.vendor.bluetooth.hostloglevel"
01-01 08:00:23.863 E/libc    (  450): Access denied finding property "persist.vendor.bluetooth.hostloglevel"
01-01 08:00:23.863 E/libc    (  450): Access denied finding property "persist.vendor.bluetooth.hostloglevel"
01-01 08:00:23.869 I/PackageBackwardCompatibility(  450): Loaded android.content.pm.OrgApacheHttpLegacyUpdater
01-01 08:00:23.870 I/PackageBackwardCompatibility(  450): Could not find android.content.pm.AndroidTestBaseUpdater, ignoring
01-01 08:00:23.934 I/NetdagentController(  490): Initializing iptables: 1714.1ms
01-01 08:00:23.985 I/ServiceManager(  462): Waiting for service media.audio_policy...
01-01 08:00:24.076 D/rpmb    (  492): EmmcRpmbReadCounter: write_multiple_block, then read_multiple_block
01-01 08:00:24.082 E/rpmb    (  492): [uree] UREE_RpmbFeedbackWriteCounter Error: -65530 (Input parameters were invalid.)
01-01 08:00:24.082 E/rpmb    (  492): rpmb feedback write counter error 0xffff0006
01-01 08:00:24.382 D/rpmb    (  492): EmmcRpmbReadCounter: write_multiple_block, then read_multiple_block
01-01 08:00:24.388 E/rpmb    (  492): [uree] UREE_RpmbFeedbackWriteCounter Error: -65530 (Input parameters were invalid.)
01-01 08:00:24.388 E/rpmb    (  492): rpmb feedback write counter error 0xffff0006
01-01 08:00:24.606 E/ActivityRecognitionHardware(  450): activity_recognition HAL is deprecated. class_init is effectively a no-op
01-01 08:00:24.660 I/ServiceManager(  467): Waiting for service package_native...
01-01 08:00:24.688 D/rpmb    (  492): EmmcRpmbReadCounter: write_multiple_block, then read_multiple_block
01-01 08:00:24.694 E/rpmb    (  492): [uree] UREE_RpmbFeedbackWriteCounter Error: -65530 (Input parameters were invalid.)
01-01 08:00:24.694 E/rpmb    (  492): rpmb feedback write counter error 0xffff0006
01-01 08:00:24.722 I/zygote  (  450): Thread[1,tid=450,Native,Thread*=0xaebbc000,peer=0x12d80088,"main"] recursive attempt to load library "/system/lib/libmedia_jni.so"
01-01 08:00:24.722 D/MtpDeviceJNI(  450): register_android_mtp_MtpDevice
01-01 08:00:24.723 I/zygote  (  450): Thread[1,tid=450,Native,Thread*=0xaebbc000,peer=0x12d80088,"main"] recursive attempt to load library "/system/lib/libmedia_jni.so"
01-01 08:00:24.723 I/zygote  (  450): Thread[1,tid=450,Native,Thread*=0xaebbc000,peer=0x12d80088,"main"] recursive attempt to load library "/system/lib/libmedia_jni.so"
01-01 08:00:24.761 D/MtkSettingsProviderExt(  450): Global moveToSecure
01-01 08:00:24.763 D/MtkSettingsProviderExt(  450): Secure moveToGlobal
01-01 08:00:24.765 D/MtkSettingsProviderExt(  450): System moveToSecure
01-01 08:00:24.765 D/MtkSettingsProviderExt(  450): System moveToGlobal
01-01 08:00:24.765 D/MtkSettingsProviderExt(  450): putInPublicSettings
01-01 08:00:24.834 W/System  (  450): ClassLoader referenced unknown path: /system/vendor/framework/via-plugin.jar
01-01 08:00:24.960 I/Zygote  (  450): ...preloaded 6535 classes in 1119ms.
01-01 08:00:24.960 I/zygote  (  450): VMRuntime.preloadDexCaches starting
01-01 08:00:24.989 I/ServiceManager(  462): Waiting for service media.audio_policy...
01-01 08:00:24.995 D/rpmb    (  492): EmmcRpmbReadCounter: write_multiple_block, then read_multiple_block
01-01 08:00:25.001 E/rpmb    (  492): [uree] UREE_RpmbFeedbackWriteCounter Error: -65530 (Input parameters were invalid.)
01-01 08:00:25.001 E/rpmb    (  492): rpmb feedback write counter error 0xffff0006
01-01 08:00:25.034 I/zygote  (  450): VMRuntime.preloadDexCaches strings total=328507 before=15993 after=15993
01-01 08:00:25.034 I/zygote  (  450): VMRuntime.preloadDexCaches types total=34628 before=9088 after=9100
01-01 08:00:25.034 I/zygote  (  450): VMRuntime.preloadDexCaches fields total=153951 before=10145 after=10194
01-01 08:00:25.034 I/zygote  (  450): VMRuntime.preloadDexCaches methods total=273831 before=15355 after=15502
01-01 08:00:25.034 I/zygote  (  450): VMRuntime.preloadDexCaches finished
01-01 08:00:25.294 I/Zygote  (  450): Preloading resources...
01-01 08:00:25.301 D/rpmb    (  492): EmmcRpmbReadCounter: write_multiple_block, then read_multiple_block
01-01 08:00:25.309 E/rpmb    (  492): [uree] UREE_RpmbFeedbackWriteCounter Error: -65530 (Input parameters were invalid.)
01-01 08:00:25.309 E/rpmb    (  492): rpmb feedback write counter error 0xffff0006
01-01 08:00:25.320 W/Resources(  450): Preloaded drawable resource #0x1080265 (android:drawable/dialog_background_material) that varies with configuration!!
01-01 08:00:25.346 I/Zygote  (  450): ...preloaded 64 resources in 51ms.
01-01 08:00:25.354 I/Zygote  (  450): ...preloaded 41 resources in 7ms.
01-01 08:00:25.393 W/main    (  450): type=1400 audit(0.0:837): avc: denied { open } for path="/vendor/lib/libpq_cust.so" dev="dm-1" ino=895 scontext=u:r:zygote:s0 tcontext=u:object_r:vendor_file:s0 tclass=file permissive=0
01-01 08:00:25.397 D/PQ      (  450): [PQ_PROT] [PQCust] libpq_cust_base.so absent, libpq_cust.so absent
01-01 08:00:25.405 D/libEGL  (  450): loaded /vendor/lib/egl/libGLES_mali.so
01-01 08:00:25.527 I/Zygote  (  450): Preloading shared libraries...
01-01 08:00:25.537 I/Zygote  (  450): Uninstalled ICU cache reference pinning...
01-01 08:00:25.537 I/Zygote  (  450): Installed AndroidKeyStoreProvider in 1ms.
01-01 08:00:25.549 I/Zygote  (  450): Warmed up JCA providers in 11ms.
01-01 08:00:25.549 D/Zygote  (  450): end preload
01-01 08:00:25.585 I/zygote  (  450): Explicit concurrent copying GC freed 39202(2MB) AllocSpace objects, 48(1052KB) LOS objects, 83% free, 2MB/14MB, paused 58us total 35.143ms
01-01 08:00:25.615 I/zygote  (  450): Explicit concurrent copying GC freed 1708(98KB) AllocSpace objects, 0(0B) LOS objects, 84% free, 2MB/14MB, paused 52us total 28.887ms
01-01 08:00:25.664 I/ServiceManager(  467): Waiting for service package_native...
01-01 08:00:25.719 W/main    (  450): type=1400 audit(0.0:838): avc: denied { dac_read_search } for capability=2 scontext=u:r:zygote:s0 tcontext=u:r:zygote:s0 tclass=capability permissive=0
01-01 08:00:25.719 W/main    (  450): type=1400 audit(0.0:839): avc: denied { dac_read_search } for capability=2 scontext=u:r:zygote:s0 tcontext=u:r:zygote:s0 tclass=capability permissive=0
01-01 08:00:25.723 I/Zygote  (  450): System server process 634 has been created
01-01 08:00:25.724 I/Zygote  (  450): Accepting command socket connections
01-01 08:00:25.736 E/system_server(  634): Not starting debugger since process cannot load the jdwp agent.
01-01 08:00:25.786 I/AEE_AED (  270): aed_wait_decrypt done! vold.decrypt:trigger_restart_framework
01-01 08:00:25.796 I/AEE_AEDV(  276): aed_wait_decrypt done! vold.decrypt:trigger_restart_framework
01-01 08:00:25.797 D/AEE_AEDV(  266): clear ppm settings
01-01 08:00:25.798 D/AEE_AEDV(  266): $===AEE===AEE===AEE===$
01-01 08:00:25.798 W/AEE_AEDV(  266): reinit_aed_setting
01-01 08:00:25.840 I/system_server(  634): The ClassLoaderContext is a special shared library.
01-01 08:00:25.862 I/chatty  (  634): uid=1000 system_server identical 3 lines
01-01 08:00:25.946 I/system_server(  634): The ClassLoaderContext is a special shared library.
01-01 08:00:25.965 I/SystemServer(  634): InitBeforeStartServices
01-01 08:00:25.966 I/SystemServer(  634): Entered the Android system server!
01-01 08:00:25.992 I/ServiceManager(  462): Waiting for service media.audio_policy...
01-01 08:00:26.177 E/UsbAlsaJackDetectorJNI(  634): Can't register UsbAlsaJackDetector native methods
01-01 08:00:26.208 I/SystemServer(  634): StartServices
01-01 08:00:26.208 I/SystemServer(  634): Reading configuration...
01-01 08:00:26.208 I/SystemServer(  634): ReadingSystemConfig
01-01 08:00:26.208 I/SystemServer(  634): StartInstaller
01-01 08:00:26.209 I/SystemServiceManager(  634): Starting com.android.server.pm.Installer
01-01 08:00:26.211 D/installd(  458): Found quota mount /dev/block/dm-2 at /data
01-01 08:00:26.211 I/SystemServer(  634): DeviceIdentifiersPolicyService
01-01 08:00:26.211 I/SystemServiceManager(  634): Starting com.android.server.os.DeviceIdentifiersPolicyService
01-01 08:00:26.212 I/SystemServer(  634): StartActivityManager
01-01 08:00:26.212 I/SystemServiceManager(  634): Starting com.android.server.am.ActivityManagerService$Lifecycle
01-01 08:00:26.214 I/SystemConfig(  634): Non-xml file /system/etc/permissions/pms_sysapp_removable_system_list.txt in /system/etc/permissions directory, ignoring
01-01 08:00:26.237 W/SystemConfig(  634): Got exception parsing permissions.
01-01 08:00:26.237 W/SystemConfig(  634): org.xmlpull.v1.XmlPullParserException: Unexpected start tag in /vendor/etc/permissions/media_codecs.xml: found MediaCodecs, expected 'permissions' or 'config'
01-01 08:00:26.237 W/SystemConfig(  634): 	at com.android.server.SystemConfig.readPermissionsFromXml(SystemConfig.java:398)
01-01 08:00:26.237 W/SystemConfig(  634): 	at com.android.server.SystemConfig.readPermissions(SystemConfig.java:362)
01-01 08:00:26.237 W/SystemConfig(  634): 	at com.android.server.SystemConfig.<init>(SystemConfig.java:304)
01-01 08:00:26.237 W/SystemConfig(  634): 	at com.android.server.SystemConfig.getInstance(SystemConfig.java:177)
01-01 08:00:26.237 W/SystemConfig(  634): 	at com.android.server.-$$Lambda$YWiwiKm_Qgqb55C6tTuq_n2JzdY.run(Unknown Source:0)
01-01 08:00:26.237 W/SystemConfig(  634): 	at java.util.concurrent.Executors$RunnableAdapter.call(Executors.java:458)
01-01 08:00:26.237 W/SystemConfig(  634): 	at java.util.concurrent.FutureTask.run(FutureTask.java:266)
01-01 08:00:26.237 W/SystemConfig(  634): 	at java.util.concurrent.ThreadPoolExecutor.runWorker(ThreadPoolExecutor.java:1167)
01-01 08:00:26.237 W/SystemConfig(  634): 	at java.util.concurrent.ThreadPoolExecutor$Worker.run(ThreadPoolExecutor.java:641)
01-01 08:00:26.237 W/SystemConfig(  634): 	at com.android.internal.util.ConcurrentUtils$1$1.run(ConcurrentUtils.java:62)
01-01 08:00:26.250 I/SystemConfig(  634): Non-xml file /vendor/etc/permissions/pms_sysapp_removable_vendor_list.txt in /vendor/etc/permissions directory, ignoring
01-01 08:00:26.263 I/PowerWrap(  634): Loaded power HAL service
01-01 08:00:26.263 I/PowerWrap(  634): Link to death notification successful
01-01 08:00:26.263 I/PowerWrap(  634): PowerHal_Wrap_querySysInfo
01-01 08:00:26.264 E/PowerHalWrapper(  634): pextpeak_period: 6000
01-01 08:00:26.264 I/PowerWrap(  634): PowerHal_Wrap_querySysInfo
01-01 08:00:26.264 I/chatty  (  634): uid=1000 system_server identical 1 line
01-01 08:00:26.264 I/PowerWrap(  634): PowerHal_Wrap_querySysInfo
01-01 08:00:26.269 I/system_server(  634): The ClassLoaderContext is a special shared library.
01-01 08:00:26.439 W/system_server(  634): type=1400 audit(0.0:840): avc: denied { read } for name="buffer_total_size_kb" dev="tracefs" ino=50 scontext=u:r:system_server:s0 tcontext=u:object_r:debugfs_tracing_debug:s0 tclass=file permissive=0
01-01 08:00:26.444 W/android.os.Debug(  634): Unable to open /sys/kernel/debug/shrinker: No such file or directory
01-01 08:00:26.444 W/android.os.Debug(  634): Unable to open /sys/kernel/debug/tracing/buffer_total_size_kb: Permission denied
01-01 08:00:26.445 I/android.os.Debug(  634): android_os_Debug_getIONDISP match 4:      ion_mm_heap 199  3457024   1 dd8a0700 de6386c0.
01-01 08:00:26.445 I/android.os.Debug(  634):  : 199 3457024 1 3457024
01-01 08:00:26.447 I/ActivityManager(  634): Memory class: 128
01-01 08:00:26.453 D/BatteryStatsImpl(  634): Reading daily items from /data/system/batterystats-daily.xml
01-01 08:00:26.459 E/BluetoothAdapter(  634): Bluetooth binder is null
01-01 08:00:26.460 E/BatteryExternalStatsWorker(  634): no controller energy info supplied for telephony
01-01 08:00:26.461 E/KernelUidCpuFreqTimeReader(  634): Failed to read /proc/uid_time_in_state: java.io.FileNotFoundException: /proc/uid_time_in_state (No such file or directory)
01-01 08:00:26.466 W/KernelCpuProcReader(  634): File not exist: /proc/uid_cpupower/concurrent_active_time
01-01 08:00:26.467 W/KernelCpuProcReader(  634): File not exist: /proc/uid_cpupower/concurrent_policy_time
01-01 08:00:26.467 E/KernelCpuSpeedReader(  634): Failed to read cpu-freq: /sys/devices/system/cpu/cpu0/cpufreq/stats/time_in_state (No such file or directory)
01-01 08:00:26.468 W/KernelMemoryBandwidthStats(  634): No kernel memory bandwidth stats available
01-01 08:00:26.470 I/PowerManagerService-JNI(  634): Loaded power HAL 1.0 service
01-01 08:00:26.470 I/PowerManagerService-JNI(  634): Loaded power HAL 1.1 service
01-01 08:00:26.470 E/KernelUidCpuFreqTimeReader(  634): Failed to read /proc/uid_time_in_state: java.io.FileNotFoundException: /proc/uid_time_in_state (No such file or directory)
01-01 08:00:26.575 W/AppOps  (  634): Unknown attribute in 'op' tag: n
01-01 08:00:26.582 I/chatty  (  634): uid=1000 system_server identical 119 lines
01-01 08:00:26.582 W/AppOps  (  634): Unknown attribute in 'op' tag: n
01-01 08:00:26.586 I/IntentFirewall(  634): Read new rules (A:0 B:0 S:0)
01-01 08:00:26.590 I/AES     (  634): load Exception Log jni
01-01 08:00:26.594 D/AppOps  (  634): AppOpsService published
01-01 08:00:26.595 I/AnrManager(  634): startAnrManagerService
01-01 08:00:26.643 I/AnrManager(  634): prepareStackTraceFile: /data/anr/mtk_traces.txt
01-01 08:00:26.644 I/AnrManager(  634): prepareStackTraceFile: 
01-01 08:00:26.667 I/ServiceManager(  467): Waiting for service package_native...
01-01 08:00:26.771 E/DcxoNvramDrv(  447): DcxoNvramDrvMError:   287: vendor.service.nvram_init=Ready
01-01 08:00:26.771 E/DcxoNvramDrv(  447): DcxoNvramDrvMError:   220: load_nvram_to_dcxo_cap_id: Set cap id from nvram to clk_buf_capid
01-01 08:00:26.772 D/NVRAM   (  447): length of g_NVRAM_BACKUP_DEVICE=44
01-01 08:00:26.772 D/NVRAM   (  447): nvram_layout_callback will run!!!
01-01 08:00:26.772 D/NVRAM   (  447): nvram_platform_log_block: 2
01-01 08:00:26.772 D/NVRAM   (  447): nvram_platform_resv_block: 2
01-01 08:00:26.772 D/NVRAM   (  447): nvram_platform_DM_block: 1
01-01 08:00:26.772 D/NVRAM   (  447): nvram_platform_layout_version: 0
01-01 08:00:26.772 D/NVRAM   (  447): nvram_platform_header_offset: 0
01-01 08:00:26.772 D/NVRAM   (  447): g_i4CFG_File_Count: 51
01-01 08:00:26.772 D/NVRAM   (  447): NVM_Init Max Lid: 80
01-01 08:00:26.772 D/NVRAM   (  447): [NVRAM]: info nvram_gpt_flag =1
01-01 08:00:26.772 D/NVRAM   (  447): [NVRAM]: info NVRAM Init Completed!
01-01 08:00:26.772 D/NVRAM   (  447): NVM_GetFileDesc: Open /mnt/vendor/nvdata/APCFG/APRDEB/WIFI,LID:55
01-01 08:00:26.772 D/NVRAM   (  447): NVM_CmpFileVerNo 55  
01-01 08:00:26.772 D/NVRAM   (  447): Load File Version: 000, NvRam File Version: 000
01-01 08:00:26.772 D/NVRAM   (  447): NVM_ProtectDataFile : 55 ++
01-01 08:00:26.772 D/NVRAM   (  447): iCustomBeginLID = 51
01-01 08:00:26.772 D/NVRAM   (  447): NVM_CheckFileSize:stat_size:2050,size in table:2048
01-01 08:00:26.775 D/NVRAM   (  447): NVM_CheckFile: File is correct!
01-01 08:00:26.775 D/NVRAM   (  447): NVM_ProtectUserData:Check Success
01-01 08:00:26.775 D/NVRAM   (  447): NVM_GetFileDesc ProtectDataFile Check Success!!
01-01 08:00:26.775 D/DcxoNvramDrv(  447): DcxoNvramDrv DcxoCap rec_num 1, rec_size 2048
01-01 08:00:26.775 D/DcxoNvramDrv(  447): DcxoNvramDrv Read nvram success (203)
01-01 08:00:26.777 D/NVRAM   (  447): NVM_CloseFileDesc: Open by Readonly, no need to check when close
01-01 08:00:26.777 E/DcxoNvramDrv(  447): DcxoNvramDrvMError:   275: DCXO SET CAP EXIT
01-01 08:00:26.823 W/system_server(  634): type=1400 audit(0.0:841): avc: denied { read } for name="buffer_total_size_kb" dev="tracefs" ino=50 scontext=u:r:system_server:s0 tcontext=u:object_r:debugfs_tracing_debug:s0 tclass=file permissive=0
01-01 08:00:26.826 W/android.os.Debug(  634): Unable to open /sys/kernel/debug/shrinker: No such file or directory
01-01 08:00:26.826 W/android.os.Debug(  634): Unable to open /sys/kernel/debug/tracing/buffer_total_size_kb: Permission denied
01-01 08:00:26.827 I/android.os.Debug(  634): android_os_Debug_getIONDISP match 4:      ion_mm_heap 199  3457024   1 dd8a0700 de6386c0.
01-01 08:00:26.827 I/android.os.Debug(  634):  : 199 3457024 1 3457024
01-01 08:00:26.833 W/SystemServiceManager(  634): Service com.android.server.am.ActivityManagerService$Lifecycle took 240 ms in onStart
01-01 08:00:26.833 I/SystemServer(  634): StartPowerManager
01-01 08:00:26.833 I/SystemServiceManager(  634): Starting com.android.server.power.PowerManagerService
01-01 08:00:26.833 D/AmsExtImpl(  634): Crate local socket: duraspeed_memory
01-01 08:00:26.834 D/AmsExtImpl(  634): Waiting Client connected...
01-01 08:00:26.836 I/vendor.mediatek.hardware.power@2.0-impl(  302): setInteractive Restore All
01-01 08:00:26.837 I/SystemServer(  634): InitPowerManagement
01-01 08:00:26.838 I/SystemServer(  634): StartRecoverySystemService
01-01 08:00:26.838 I/SystemServiceManager(  634): Starting com.android.server.RecoverySystemService
01-01 08:00:26.841 W/RescueParty(  634): Noticed 1 events for UID 0 in last 23 sec
01-01 08:00:26.841 I/SystemServer(  634): StartLightsService
01-01 08:00:26.841 I/SystemServiceManager(  634): Starting com.android.server.lights.LightsService
01-01 08:00:26.845 I/SystemServer(  634): StartSidekickService
01-01 08:00:26.845 I/SystemServer(  634): StartDisplayManager
01-01 08:00:26.845 I/SystemServiceManager(  634): Starting com.android.server.display.DisplayManagerService
01-01 08:00:26.849 I/SystemServer(  634): WaitForDisplay
01-01 08:00:26.849 I/SystemServiceManager(  634): Starting phase 100
01-01 08:00:26.852 D/DisplayManagerService(  634): waitForDefaultDisplay: waiting, timeout=10000
01-01 08:00:26.865 I/DisplayManagerService(  634): Display device added: DisplayDeviceInfo{"": uniqueId="local:0", 720 x 1600, modeId 1, defaultModeId 1, supportedModes [{id=1, width=720, height=1600, fps=57.07}], colorMode 0, supportedColorModes [0], HdrCapabilities android.view.Display$HdrCapabilities@40f16308, density 320, 169.333 x 236.279 dpi, appVsyncOff -5000000, presDeadline 23522341, touch INTERNAL, rotation 0, type BUILT_IN, state UNKNOWN, FLAG_DEFAULT_DISPLAY, FLAG_ROTATES_WITH_CONTENT, FLAG_SECURE, FLAG_SUPPORTS_PROTECTED_BUFFERS}
01-01 08:00:26.865 D/SurfaceFlinger(  313): Set power mode=2, type=0 flinger=0xae2b2000
01-01 08:00:26.867 D/lights  (  296): write_int open fd=7
01-01 08:00:26.868 D/DisplayManagerService(  634): Delivering display event: displayId=0, event=1
01-01 08:00:26.868 I/SystemServer(  634): StartPackageManagerService
01-01 08:00:26.868 I/DisplayManagerService(  634): Display device changed state: "", ON
01-01 08:00:26.868 D/DisplayManagerService(  634): Delivering display event: displayId=0, event=2
01-01 08:00:26.898 D/SELinuxMMAC(  634): Using policy file /system/etc/selinux/plat_mac_permissions.xml
01-01 08:00:26.900 D/SELinuxMMAC(  634): Using policy file /vendor/etc/selinux/vendor_mac_permissions.xml
01-01 08:00:26.905 D/FallbackCategoryProvider(  634): Found 1 fallback categories
01-01 08:00:26.917 D/OpenSSLLib(  634): OpensslErr:Module:12(177:); file:external/boringssl/src/crypto/asn1/asn1_lib.c ;Line:168;Function:ASN1_get_object
01-01 08:00:26.993 I/chatty  (  634): uid=1000 system_server identical 59 lines
01-01 08:00:26.994 D/OpenSSLLib(  634): OpensslErr:Module:12(177:); file:external/boringssl/src/crypto/asn1/asn1_lib.c ;Line:168;Function:ASN1_get_object
01-01 08:00:26.995 I/ServiceManager(  462): Waiting for service media.audio_policy...
01-01 08:00:26.996 D/OpenSSLLib(  634): OpensslErr:Module:12(177:); file:external/boringssl/src/crypto/asn1/asn1_lib.c ;Line:168;Function:ASN1_get_object
01-01 08:00:27.027 I/chatty  (  634): uid=1000 system_server identical 18 lines
01-01 08:00:27.027 D/OpenSSLLib(  634): OpensslErr:Module:12(177:); file:external/boringssl/src/crypto/asn1/asn1_lib.c ;Line:168;Function:ASN1_get_object
01-01 08:00:27.028 W/MTK_FG  (  473): fd < 0, init first!
01-01 08:00:27.028 E/MTK_FG  (  473): open fd failed
01-01 08:00:27.028 E/MTK_FG  (  473): init failed, return!
01-01 08:00:27.028 D/OpenSSLLib(  634): OpensslErr:Module:12(177:); file:external/boringssl/src/crypto/asn1/asn1_lib.c ;Line:168;Function:ASN1_get_object
01-01 08:00:27.029 D/NVRAM   (  473): length of g_NVRAM_BACKUP_DEVICE=44
01-01 08:00:27.029 D/NVRAM   (  473): nvram_layout_callback will run!!!
01-01 08:00:27.029 D/NVRAM   (  473): nvram_platform_log_block: 2
01-01 08:00:27.029 D/NVRAM   (  473): nvram_platform_resv_block: 2
01-01 08:00:27.029 D/NVRAM   (  473): nvram_platform_DM_block: 1
01-01 08:00:27.029 D/NVRAM   (  473): nvram_platform_layout_version: 0
01-01 08:00:27.029 D/NVRAM   (  473): nvram_platform_header_offset: 0
01-01 08:00:27.029 D/NVRAM   (  473): g_i4CFG_File_Count: 51
01-01 08:00:27.029 D/NVRAM   (  473): NVM_Init Max Lid: 80
01-01 08:00:27.029 D/NVRAM   (  473): [NVRAM]: info nvram_gpt_flag =1
01-01 08:00:27.029 D/NVRAM   (  473): [NVRAM]: info NVRAM Init Completed!
01-01 08:00:27.029 D/NVRAM   (  473): NVM_GetFileDesc: Open /mnt/vendor/nvdata/APCFG/APRDCL/FG,LID:77
01-01 08:00:27.029 D/OpenSSLLib(  634): OpensslErr:Module:12(177:); file:external/boringssl/src/crypto/asn1/asn1_lib.c ;Line:168;Function:ASN1_get_object
01-01 08:00:27.029 D/NVRAM   (  473): NVM_CmpFileVerNo 77  
01-01 08:00:27.029 D/NVRAM   (  473): Load File Version: 000, NvRam File Version: 000
01-01 08:00:27.029 D/NVRAM   (  473): NVM_ProtectDataFile : 77 ++
01-01 08:00:27.029 D/NVRAM   (  473): iCustomBeginLID = 51
01-01 08:00:27.029 D/NVRAM   (  473): NVM_CheckFileSize:stat_size:26,size in table:24
01-01 08:00:27.030 D/NVRAM   (  473): NVM_CheckFile: File is correct!
01-01 08:00:27.030 D/NVRAM   (  473): NVM_ProtectUserData:Check Success
01-01 08:00:27.030 D/NVRAM   (  473): NVM_GetFileDesc ProtectDataFile Check Success!!
01-01 08:00:27.030 W/MTK_FG  (  473): fd < 0, init first!
01-01 08:00:27.030 E/MTK_FG  (  473): open fd failed
01-01 08:00:27.030 E/MTK_FG  (  473): init failed, return!
01-01 08:00:27.030 W/MTK_FG  (  473): fd < 0, init first!
01-01 08:00:27.030 E/MTK_FG  (  473): open fd failed
01-01 08:00:27.030 E/MTK_FG  (  473): init failed, return!
01-01 08:00:27.030 D/OpenSSLLib(  634): OpensslErr:Module:12(177:); file:external/boringssl/src/crypto/asn1/asn1_lib.c ;Line:168;Function:ASN1_get_object
01-01 08:00:27.032 D/NVRAM   (  473): NVM_CloseFileDesc: Open by Readonly, no need to check when close
01-01 08:00:27.032 W/MTK_FG  (  473): fd < 0, init first!
01-01 08:00:27.032 E/MTK_FG  (  473): open fd failed
01-01 08:00:27.032 E/MTK_FG  (  473): init failed, return!
01-01 08:00:27.032 W/MTK_FG  (  473): fd < 0, init first!
01-01 08:00:27.032 E/MTK_FG  (  473): open fd failed
01-01 08:00:27.032 E/MTK_FG  (  473): init failed, return!
01-01 08:00:27.032 W/MTK_FG  (  473): fd < 0, init first!
01-01 08:00:27.032 E/MTK_FG  (  473): open fd failed
01-01 08:00:27.032 E/MTK_FG  (  473): init failed, return!
01-01 08:00:27.032 W/MTK_FG  (  473): fd < 0, init first!
01-01 08:00:27.032 E/MTK_FG  (  473): open fd failed
01-01 08:00:27.032 E/MTK_FG  (  473): init failed, return!
01-01 08:00:27.032 W/MTK_FG  (  473): fd < 0, init first!
01-01 08:00:27.032 E/MTK_FG  (  473): open fd failed
01-01 08:00:27.032 E/MTK_FG  (  473): init failed, return!
01-01 08:00:27.032 W/MTK_FG  (  473): fd < 0, init first!
01-01 08:00:27.032 E/MTK_FG  (  473): open fd failed
01-01 08:00:27.032 E/MTK_FG  (  473): init failed, return!
01-01 08:00:27.032 W/MTK_FG  (  473): fd < 0, init first!
01-01 08:00:27.032 E/MTK_FG  (  473): open fd failed
01-01 08:00:27.032 E/MTK_FG  (  473): init failed, return!
01-01 08:00:27.033 D/OpenSSLLib(  634): OpensslErr:Module:12(177:); file:external/boringssl/src/crypto/asn1/asn1_lib.c ;Line:168;Function:ASN1_get_object
01-01 08:00:27.050 I/chatty  (  634): uid=1000 system_server identical 12 lines
01-01 08:00:27.052 D/OpenSSLLib(  634): OpensslErr:Module:12(177:); file:external/boringssl/src/crypto/asn1/asn1_lib.c ;Line:168;Function:ASN1_get_object
01-01 08:00:27.079 D/Cta_PermRecordsController(  634): readState() BEGIN
01-01 08:00:27.083 D/MtkBootAnimation(  417): audio started re -110
01-01 08:00:27.083 D/MtkBootAnimation(  417): threadLoop() movie()
01-01 08:00:27.083 D/Cta_PermRecordsController(  634): readState() END
01-01 08:00:27.091 W/System.err(  634): java.io.FileNotFoundException: /data/system/etc/blacklist.txt (No such file or directory)
01-01 08:00:27.091 W/System.err(  634): 	at java.io.FileInputStream.open0(Native Method)
01-01 08:00:27.091 W/System.err(  634): 	at java.io.FileInputStream.open(FileInputStream.java:231)
01-01 08:00:27.091 W/System.err(  634): 	at java.io.FileInputStream.<init>(FileInputStream.java:165)
01-01 08:00:27.091 W/System.err(  634): 	at java.io.FileInputStream.<init>(FileInputStream.java:112)
01-01 08:00:27.091 W/System.err(  634): 	at java.io.FileReader.<init>(FileReader.java:58)
01-01 08:00:27.091 W/System.err(  634): 	at com.android.server.pm.GenieSkipPkgs.readLines(GenieSkipPkgs.java:48)
01-01 08:00:27.091 W/System.err(  634): 	at com.android.server.pm.GenieSkipPkgs.<init>(GenieSkipPkgs.java:20)
01-01 08:00:27.091 W/System.err(  634): 	at com.android.server.pm.GenieSkipPkgs.getInstance(GenieSkipPkgs.java:27)
01-01 08:00:27.091 W/System.err(  634): 	at com.android.server.pm.PackageManagerService.scanDirLI(PackageManagerService.java:8569)
01-01 08:00:27.091 W/System.err(  634): 	at com.android.server.pm.PackageManagerService.scanDirTracedLI(PackageManagerService.java:8537)
01-01 08:00:27.091 W/System.err(  634): 	at com.android.server.pm.PackageManagerService.<init>(PackageManagerService.java:2704)
01-01 08:00:27.091 W/System.err(  634): 	at com.android.server.pm.PackageManagerService.main(PackageManagerService.java:2392)
01-01 08:00:27.091 W/System.err(  634): 	at com.android.server.SystemServer.startBootstrapServices(SystemServer.java:649)
01-01 08:00:27.091 W/System.err(  634): 	at com.android.server.SystemServer.run(SystemServer.java:444)
01-01 08:00:27.091 W/System.err(  634): 	at com.android.server.SystemServer.main(SystemServer.java:305)
01-01 08:00:27.091 W/System.err(  634): 	at java.lang.reflect.Method.invoke(Native Method)
01-01 08:00:27.091 W/System.err(  634): 	at com.android.internal.os.RuntimeInit$MethodAndArgsCaller.run(RuntimeInit.java:493)
01-01 08:00:27.091 W/System.err(  634): 	at com.android.internal.os.ZygoteInit.main(ZygoteInit.java:891)
01-01 08:00:27.091 E/GenieSkipPkgs(  634): readLines error
01-01 08:00:27.091 E/GenieSkipPkgs(  634): java.io.FileNotFoundException: /data/system/etc/blacklist.txt (No such file or directory)
01-01 08:00:27.091 E/GenieSkipPkgs(  634): 	at java.io.FileInputStream.open0(Native Method)
01-01 08:00:27.091 E/GenieSkipPkgs(  634): 	at java.io.FileInputStream.open(FileInputStream.java:231)
01-01 08:00:27.091 E/GenieSkipPkgs(  634): 	at java.io.FileInputStream.<init>(FileInputStream.java:165)
01-01 08:00:27.091 E/GenieSkipPkgs(  634): 	at java.io.FileInputStream.<init>(FileInputStream.java:112)
01-01 08:00:27.091 E/GenieSkipPkgs(  634): 	at java.io.FileReader.<init>(FileReader.java:58)
01-01 08:00:27.091 E/GenieSkipPkgs(  634): 	at com.android.server.pm.GenieSkipPkgs.readLines(GenieSkipPkgs.java:48)
01-01 08:00:27.091 E/GenieSkipPkgs(  634): 	at com.android.server.pm.GenieSkipPkgs.<init>(GenieSkipPkgs.java:20)
01-01 08:00:27.091 E/GenieSkipPkgs(  634): 	at com.android.server.pm.GenieSkipPkgs.getInstance(GenieSkipPkgs.java:27)
01-01 08:00:27.091 E/GenieSkipPkgs(  634): 	at com.android.server.pm.PackageManagerService.scanDirLI(PackageManagerService.java:8569)
01-01 08:00:27.091 E/GenieSkipPkgs(  634): 	at com.android.server.pm.PackageManagerService.scanDirTracedLI(PackageManagerService.java:8537)
01-01 08:00:27.091 E/GenieSkipPkgs(  634): 	at com.android.server.pm.PackageManagerService.<init>(PackageManagerService.java:2704)
01-01 08:00:27.091 E/GenieSkipPkgs(  634): 	at com.android.server.pm.PackageManagerService.main(PackageManagerService.java:2392)
01-01 08:00:27.091 E/GenieSkipPkgs(  634): 	at com.android.server.SystemServer.startBootstrapServices(SystemServer.java:649)
01-01 08:00:27.091 E/GenieSkipPkgs(  634): 	at com.android.server.SystemServer.run(SystemServer.java:444)
01-01 08:00:27.091 E/GenieSkipPkgs(  634): 	at com.android.server.SystemServer.main(SystemServer.java:305)
01-01 08:00:27.091 E/GenieSkipPkgs(  634): 	at java.lang.reflect.Method.invoke(Native Method)
01-01 08:00:27.091 E/GenieSkipPkgs(  634): 	at com.android.internal.os.RuntimeInit$MethodAndArgsCaller.run(RuntimeInit.java:493)
01-01 08:00:27.091 E/GenieSkipPkgs(  634): 	at com.android.internal.os.ZygoteInit.main(ZygoteInit.java:891)
01-01 08:00:27.092 D/PackageManager(  634): GenieSkipPkgs /vendor/overlay/DisplayCutoutEmulationTall skip ? false
01-01 08:00:27.092 D/PackageManager(  634): GenieSkipPkgs /vendor/overlay/DisplayCutoutEmulationCorner skip ? false
01-01 08:00:27.093 D/PackageManager(  634): GenieSkipPkgs /vendor/overlay/SysuiDarkTheme skip ? false
01-01 08:00:27.093 D/PackageManager(  634): GenieSkipPkgs /vendor/overlay/DisplayCutoutEmulationDouble skip ? false
01-01 08:00:27.094 D/PackageManager(  634): GenieSkipPkgs /vendor/overlay/framework-res__auto_generated_rro.apk skip ? false
01-01 08:00:27.101 D/PackageManager(  634): No files in app dir /product/overlay
01-01 08:00:27.103 D/PackageManager(  634): GenieSkipPkgs /system/framework/arm skip ? false
01-01 08:00:27.103 D/PackageManager(  634): GenieSkipPkgs /system/framework/oat skip ? false
01-01 08:00:27.104 D/PackageManager(  634): GenieSkipPkgs /system/framework/mediatek-res skip ? false
01-01 08:00:27.105 D/PackageManager(  634): GenieSkipPkgs /system/framework/framework-res.apk skip ? false
01-01 08:00:27.106 W/PackageManager(  634): Failed to parse /system/framework/oat: Missing base APK in /system/framework/oat
01-01 08:00:27.106 W/PackageManager(  634): Failed to parse /system/framework/arm: Missing base APK in /system/framework/arm
01-01 08:00:27.120 D/MtkBootAnimation(  417): BootAnimationShownTiming start time: 23314ms
01-01 08:00:27.121 D/PackageManager(  634): GenieSkipPkgs /system/priv-app/StatementService skip ? false
01-01 08:00:27.121 D/PackageManager(  634): GenieSkipPkgs /system/priv-app/ProxyHandler skip ? false
01-01 08:00:27.122 D/PackageManager(  634): GenieSkipPkgs /system/priv-app/DefaultContainerService skip ? false
01-01 08:00:27.122 D/PackageManager(  634): GenieSkipPkgs /system/priv-app/DuraSpeed skip ? false
01-01 08:00:27.123 D/PackageManager(  634): GenieSkipPkgs /system/priv-app/MtkMmsService skip ? false
01-01 08:00:27.123 D/PackageManager(  634): GenieSkipPkgs /system/priv-app/Shell skip ? false
01-01 08:00:27.123 D/PackageManager(  634): GenieSkipPkgs /system/priv-app/MtpDocumentsProvider skip ? false
01-01 08:00:27.123 D/PackageManager(  634): GenieSkipPkgs /system/priv-app/MtkMediaProvider skip ? false
01-01 08:00:27.123 D/PackageManager(  634): GenieSkipPkgs /system/priv-app/MtkTeleService skip ? false
01-01 08:00:27.123 D/PackageManager(  634): GenieSkipPkgs /system/priv-app/FusedLocation skip ? false
01-01 08:00:27.123 D/PackageManager(  634): GenieSkipPkgs /system/priv-app/CallRecorderService skip ? false
01-01 08:00:27.123 D/PackageManager(  634): GenieSkipPkgs /system/priv-app/MtkContactsProvider skip ? false
01-01 08:00:27.123 D/PackageManager(  634): GenieSkipPkgs /system/priv-app/BlockedNumberProvider skip ? false
01-01 08:00:27.123 D/PackageManager(  634): GenieSkipPkgs /system/priv-app/MtkDownloadProvider skip ? false
01-01 08:00:27.124 D/PackageManager(  634): GenieSkipPkgs /system/priv-app/WallpaperCropper skip ? false
01-01 08:00:27.124 D/PackageManager(  634): GenieSkipPkgs /system/priv-app/UserDictionaryProvider skip ? false
01-01 08:00:27.124 D/PackageManager(  634): GenieSkipPkgs /system/priv-app/BackupRestoreConfirmation skip ? false
01-01 08:00:27.124 D/PackageManager(  634): GenieSkipPkgs /system/priv-app/genie_launcher skip ? false
01-01 08:00:27.124 D/PackageManager(  634): GenieSkipPkgs /system/priv-app/MtkTelecom skip ? false
01-01 08:00:27.124 D/PackageManager(  634): GenieSkipPkgs /system/priv-app/EngineerMode skip ? false
01-01 08:00:27.124 D/PackageManager(  634): GenieSkipPkgs /system/priv-app/ExternalStorageProvider skip ? false
01-01 08:00:27.124 D/PackageManager(  634): GenieSkipPkgs /system/priv-app/ExtServices skip ? false
01-01 08:00:27.124 D/PackageManager(  634): GenieSkipPkgs /system/priv-app/MtkSystemUI skip ? false
01-01 08:00:27.124 D/PackageManager(  634): GenieSkipPkgs /system/priv-app/MtkPackageInstaller skip ? false
01-01 08:00:27.124 D/PackageManager(  634): GenieSkipPkgs /system/priv-app/DataProtection skip ? false
01-01 08:00:27.124 D/PackageManager(  634): GenieSkipPkgs /system/priv-app/Provision skip ? false
01-01 08:00:27.124 D/PackageManager(  634): GenieSkipPkgs /system/priv-app/InputDevices skip ? false
01-01 08:00:27.124 D/PackageManager(  634): GenieSkipPkgs /system/priv-app/SettingsIntelligence skip ? false
01-01 08:00:27.124 D/PackageManager(  634): GenieSkipPkgs /system/priv-app/ManagedProvisioning skip ? false
01-01 08:00:27.125 D/PackageManager(  634): GenieSkipPkgs /system/priv-app/SharedStorageBackup skip ? false
01-01 08:00:27.125 D/PackageManager(  634): GenieSkipPkgs /system/priv-app/MtkDocumentsUI skip ? false
01-01 08:00:27.125 D/PackageManager(  634): GenieSkipPkgs /system/priv-app/MtkSettingsProvider skip ? false
01-01 08:00:27.125 D/PackageManager(  634): GenieSkipPkgs /system/priv-app/MtkTelephonyProvider skip ? false
01-01 08:00:27.125 D/PackageManager(  634): GenieSkipPkgs /system/priv-app/MtkSettings skip ? false
01-01 08:00:27.125 D/PackageManager(  634): GenieSkipPkgs /system/priv-app/MtkCalendarProvider skip ? false
01-01 08:00:27.125 D/PackageManager(  634): GenieSkipPkgs /system/priv-app/MtkDownloadProviderUi skip ? false
01-01 08:00:27.126 D/PackageManager(  634): GenieSkipPkgs /system/priv-app/StorageManager skip ? false
01-01 08:00:27.126 D/PackageManager(  634): GenieSkipPkgs /system/priv-app/MtkCarrierConfig skip ? false
01-01 08:00:27.179 W/BootAnimation(  417): type=1400 audit(0.0:842): avc: denied { search } for name="clients" dev="debugfs" ino=7231 scontext=u:r:mtkbootanimation:s0 tcontext=u:object_r:debugfs_ion:s0 tclass=dir permissive=0
01-01 08:00:27.180 E/gralloc (  417): Arm Module v1.0
01-01 08:00:27.182 E/ion     (  417): ioctl c0044901 failed with code -1: Invalid argument
01-01 08:00:27.202 D/PackageManager(  634): GenieSkipPkgs /system/app/CaptivePortalLogin skip ? false
01-01 08:00:27.203 D/PackageManager(  634): GenieSkipPkgs /system/app/BatteryWarning skip ? false
01-01 08:00:27.204 D/PackageManager(  634): GenieSkipPkgs /system/app/DeskClock skip ? false
01-01 08:00:27.205 D/PackageManager(  634): GenieSkipPkgs /system/app/HTMLViewer skip ? false
01-01 08:00:27.205 D/PackageManager(  634): GenieSkipPkgs /system/app/WallpaperBackup skip ? false
01-01 08:00:27.205 D/PackageManager(  634): GenieSkipPkgs /system/app/NlpService skip ? false
01-01 08:00:27.205 D/PackageManager(  634): GenieSkipPkgs /system/app/PrintRecommendationService skip ? false
01-01 08:00:27.205 D/PackageManager(  634): GenieSkipPkgs /system/app/osgenie_BD skip ? false
01-01 08:00:27.205 D/PackageManager(  634): GenieSkipPkgs /system/app/MTKLogger skip ? false
01-01 08:00:27.205 D/PackageManager(  634): GenieSkipPkgs /system/app/PacProcessor skip ? false
01-01 08:00:27.205 D/PackageManager(  634): GenieSkipPkgs /system/app/genie_push skip ? false
01-01 08:00:27.205 D/PackageManager(  634): GenieSkipPkgs /system/app/LocationEM2 skip ? false
01-01 08:00:27.205 D/PackageManager(  634): GenieSkipPkgs /system/app/MiraVision skip ? false
01-01 08:00:27.205 D/PackageManager(  634): GenieSkipPkgs /system/app/AutoDialer skip ? false
01-01 08:00:27.206 D/PackageManager(  634): GenieSkipPkgs /system/app/Protips skip ? false
01-01 08:00:27.206 D/PackageManager(  634): GenieSkipPkgs /system/app/genieATSCMDServer skip ? false
01-01 08:00:27.206 D/PackageManager(  634): GenieSkipPkgs /system/app/MtkLatinIME skip ? false
01-01 08:00:27.206 D/PackageManager(  634): GenieSkipPkgs /system/app/SimRecoveryTestTool skip ? false
01-01 08:00:27.206 D/PackageManager(  634): GenieSkipPkgs /system/app/genieATS skip ? false
01-01 08:00:27.206 D/PackageManager(  634): GenieSkipPkgs /system/app/MtkBluetooth skip ? false
01-01 08:00:27.206 D/PackageManager(  634): GenieSkipPkgs /system/app/BuiltInPrintService skip ? false
01-01 08:00:27.206 D/PackageManager(  634): GenieSkipPkgs /system/app/osgenie_wifisetup skip ? false
01-01 08:00:27.206 D/PackageManager(  634): GenieSkipPkgs /system/app/ExtShared skip ? false
01-01 08:00:27.206 D/PackageManager(  634): GenieSkipPkgs /system/app/MtkWallpaperPicker skip ? false
01-01 08:00:27.206 D/PackageManager(  634): GenieSkipPkgs /system/app/genie_voice skip ? false
01-01 08:00:27.206 D/PackageManager(  634): GenieSkipPkgs /system/app/Camera skip ? false
01-01 08:00:27.206 D/PackageManager(  634): GenieSkipPkgs /system/app/genie_correct skip ? false
01-01 08:00:27.206 D/PackageManager(  634): GenieSkipPkgs /system/app/SensorHub skip ? false
01-01 08:00:27.206 D/PackageManager(  634): GenieSkipPkgs /system/app/LPPeService skip ? false
01-01 08:00:27.206 D/PackageManager(  634): GenieSkipPkgs /system/app/SecureElement skip ? false
01-01 08:00:27.206 D/PackageManager(  634): GenieSkipPkgs /system/app/KeyChain skip ? false
01-01 08:00:27.206 D/PackageManager(  634): GenieSkipPkgs /system/app/EasterEgg skip ? false
01-01 08:00:27.206 D/PackageManager(  634): GenieSkipPkgs /system/app/CertInstaller skip ? false
01-01 08:00:27.206 D/PackageManager(  634): GenieSkipPkgs /system/app/genie_task skip ? false
01-01 08:00:27.206 D/PackageManager(  634): GenieSkipPkgs /system/app/webview skip ? false
01-01 08:00:27.206 D/PackageManager(  634): GenieSkipPkgs /system/app/genie_rtc skip ? false
01-01 08:00:27.206 D/PackageManager(  634): GenieSkipPkgs /system/app/genie_ischoolbook skip ? false
01-01 08:00:27.207 D/PackageManager(  634): GenieSkipPkgs /system/app/FileManager skip ? false
01-01 08:00:27.207 D/PackageManager(  634): GenieSkipPkgs /system/app/genie_audio_message skip ? false
01-01 08:00:27.207 D/PackageManager(  634): GenieSkipPkgs /system/app/Traceur skip ? false
01-01 08:00:27.207 D/PackageManager(  634): GenieSkipPkgs /system/app/BluetoothMidiService skip ? false
01-01 08:00:27.207 D/PackageManager(  634): GenieSkipPkgs /system/app/MtkGallery2 skip ? false
01-01 08:00:27.207 D/PackageManager(  634): GenieSkipPkgs /system/app/CompanionDeviceManager skip ? false
01-01 08:00:27.216 E/ion     (  294): ioctl c0044901 failed with code -1: Invalid argument
01-01 08:00:27.217 I/SurfaceFlinger(  313): [Built-in Screen (type:0)] fps:0.153327,dur:19566.07,max:18785.84,min:21.85
01-01 08:00:27.329 D/PackageManager(  634): No files in app dir /vendor/priv-app
01-01 08:00:27.330 D/PackageManager(  634): GenieSkipPkgs /vendor/app/MTKThermalManager skip ? false
01-01 08:00:27.337 D/PackageManager(  634): No files in app dir /odm/priv-app
01-01 08:00:27.337 D/PackageManager(  634): No files in app dir /odm/app
01-01 08:00:27.338 D/PackageManager(  634): No files in app dir /oem/app
01-01 08:00:27.338 D/PackageManager(  634): No files in app dir /system/product/priv-app
01-01 08:00:27.338 D/PackageManager(  634): No files in app dir /system/product/app
01-01 08:00:27.339 D/PackageManager(  634): No files in app dir /vendor/framework
01-01 08:00:27.339 D/PackageManager(  634): No files in app dir /vendor/plugin
01-01 08:00:27.340 D/PackageManager(  634): No files in app dir /vendor/operator/app
01-01 08:00:27.340 D/PackageManager(  634): No files in app dir /system/plugin
01-01 08:00:27.340 D/PackageManager(  634): No files in app dir /custom/framework
01-01 08:00:27.340 D/PackageManager(  634): No files in app dir /custom/app
01-01 08:00:27.341 D/PackageManager(  634): No files in app dir /custom/plugin
01-01 08:00:27.342 I/PackageManager(  634): Finished scanning system apps. Time: 265 ms, packageCount: 89 , timePerPackage: 2 , cached: 89
01-01 08:00:27.342 D/PackageManager(  634): No files in app dir /data/app
01-01 08:00:27.342 D/PackageManager(  634): No files in app dir /data/app-private
01-01 08:00:27.343 I/PackageManager(  634): Finished scanning non-system apps. Time: 1 ms, packageCount: 0 , timePerPackage: 0 , cached: 0
01-01 08:00:27.353 I/PackageManager(  634): Time to scan packages: 0.276 seconds
01-01 08:00:27.360 W/PackageManager(  634): Privileged permission android.permission.RECOVERY for package com.tal.genie.launcher - not in privapp-permissions whitelist
01-01 08:00:27.360 W/PackageManager(  634): Privileged permission android.permission.DELETE_CACHE_FILES for package com.tal.genie.launcher - not in privapp-permissions whitelist
01-01 08:00:27.360 W/PackageManager(  634): Privileged permission android.permission.ACCESS_CACHE_FILESYSTEM for package com.tal.genie.launcher - not in privapp-permissions whitelist
01-01 08:00:27.360 W/PackageManager(  634): Privileged permission android.permission.REBOOT for package com.tal.genie.launcher - not in privapp-permissions whitelist
01-01 08:00:27.360 W/PackageManager(  634): Privileged permission android.permission.SHUTDOWN for package com.tal.genie.launcher - not in privapp-permissions whitelist
01-01 08:00:27.360 W/PackageManager(  634): Privileged permission android.permission.READ_LOGS for package com.tal.genie.launcher - not in privapp-permissions whitelist
01-01 08:00:27.367 V/PackageManager(  634): reconcileAppsData for null u0 0x3 migrateAppData=true
01-01 08:00:27.373 W/Binder:458_1(  458): type=1400 audit(0.0:843): avc: denied { dac_read_search } for capability=2 scontext=u:r:installd:s0 tcontext=u:r:installd:s0 tclass=capability permissive=0
01-01 08:00:27.376 W/Binder:458_1(  458): type=1400 audit(0.0:844): avc: denied { dac_read_search } for capability=2 scontext=u:r:installd:s0 tcontext=u:r:installd:s0 tclass=capability permissive=0
01-01 08:00:27.387 I/SELinux (  458): SELinux: Loaded file_contexts
01-01 08:00:27.389 W/Binder:458_1(  458): type=1400 audit(0.0:845): avc: denied { dac_read_search } for capability=2 scontext=u:r:installd:s0 tcontext=u:r:installd:s0 tclass=capability permissive=0
01-01 08:00:27.389 I/chatty  (  458): uid=0(root) Binder:458_2 identical 1 line
01-01 08:00:27.389 W/Binder:458_1(  458): type=1400 audit(0.0:847): avc: denied { dac_read_search } for capability=2 scontext=u:r:installd:s0 tcontext=u:r:installd:s0 tclass=capability permissive=0
01-01 08:00:27.670 I/ServiceManager(  467): Waiting for service package_native...
01-01 08:00:27.771 W/ServiceManager(  467): Service package_native didn't start. Returning NULL
01-01 08:00:27.771 E/storaged(  467): getService package_native failed
01-01 08:00:27.774 V/PackageManager(  634): reconcileAppsData finished 21 packages
01-01 08:00:27.774 I/storaged(  467): storaged: Start
01-01 08:00:27.774 E/storaged(  467): getDiskStats failed with result NOT_SUPPORTED and size 0
01-01 08:00:27.782 W/installd(  458): Ignoring /data/data/com.android.providers.telephony/lib with unexpected GID 0 instead of 1001
01-01 08:00:27.782 W/installd(  458): Ignoring /data/data/com.android.mms.service/lib with unexpected GID 0 instead of 1001
01-01 08:00:27.783 W/installd(  458): Ignoring /data/data/com.android.defcontainer/lib with unexpected GID 0 instead of 10005
01-01 08:00:27.783 W/installd(  458): Ignoring /data/data/android/lib with unexpected GID 0 instead of 1000
01-01 08:00:27.783 W/installd(  458): Ignoring /data/data/com.android.providers.settings/lib with unexpected GID 0 instead of 1000
01-01 08:00:27.784 W/installd(  458): Ignoring /data/data/com.android.inputdevices/lib with unexpected GID 0 instead of 1000
01-01 08:00:27.784 W/installd(  458): Ignoring /data/data/com.mediatek/lib with unexpected GID 0 instead of 1000
01-01 08:00:27.784 W/installd(  458): Ignoring /data/data/com.android.server.telecom/lib with unexpected GID 0 instead of 1000
01-01 08:00:27.785 W/installd(  458): Ignoring /data/data/com.tal.genie.wifisetup/lib with unexpected GID 0 instead of 1000
01-01 08:00:27.785 W/installd(  458): Ignoring /data/data/com.android.inputmethod.latin/lib with unexpected GID 0 instead of 10035
01-01 08:00:27.786 W/installd(  458): Ignoring /data/data/com.android.settings/lib with unexpected GID 0 instead of 1000
01-01 08:00:27.787 W/installd(  458): Ignoring /data/data/com.android.phone/lib with unexpected GID 0 instead of 1001
01-01 08:00:27.788 W/installd(  458): Ignoring /data/data/com.android.location.fused/lib with unexpected GID 0 instead of 1000
01-01 08:00:27.789 W/installd(  458): Ignoring /data/data/com.mediatek.dataprotection/lib with unexpected GID 0 instead of 1000
01-01 08:00:27.791 W/installd(  458): Ignoring /data/data/com.mediatek.camera/lib with unexpected GID 0 instead of 10039
