11-30 11:34:07.967 W/ContextImpl( 1236): Calling a method in the system process without a qualified user: android.app.ContextImpl.startActivity:900 android.content.ContextWrapper.startActivity:401 com.tal.genie.launcher.ui.voice.view.VoiceCallBackImplNew.toVoiceActivity:72 com.tal.genie.launcher.ui.voice.view.VoiceCallBackImplNew.toVoiceView:50 com.tal.genie.launcher.ui.voice.view.VoiceCallBackImplNew.start:43 
11-30 11:34:07.968 I/ActivityManager(  636): START u0 {flg=0x10000000 cmp=com.tal.genie.launcher/.ui.voice.VoiceNewActivity} from uid 1000
11-30 11:34:07.988 I/WindowManager(  636): Focus moving from Window{7579792 u0 com.tal.genie.launcher/com.tal.genie.launcher.ui.main.MainActivity} to null
11-30 11:34:08.079 I/WindowManager(  636): Relayout Window{2a821ae u0 com.tal.genie.launcher/com.tal.genie.launcher.ui.voice.VoiceNewActivity}: oldVis=4 newVis=0 focusMayChange = true
11-30 11:34:08.084 I/WindowManager(  636): Focus moving from null to Window{2a821ae u0 com.tal.genie.launcher/com.tal.genie.launcher.ui.voice.VoiceNewActivity}
11-30 11:34:08.126 W/ContextImpl( 1236): Calling a method in the system process without a qualified user: android.app.ContextImpl.startService:1532 android.content.ContextWrapper.startService:664 android.content.ContextWrapper.startService:664 android.app.Activity.onEnterAnimationComplete:6662 android.app.Activity.dispatchEnterAnimationComplete:6673 
11-30 11:34:08.133 W/ContextImpl( 1236): Calling a method in the system process without a qualified user: android.app.ContextImpl.startService:1532 android.content.ContextWrapper.startService:664 android.content.ContextWrapper.startService:664 android.app.Activity.onEnterAnimationComplete:6662 android.app.Activity.dispatchEnterAnimationComplete:6673 
11-30 11:34:16.898 I/WindowManager(  636): Focus moving from Window{2a821ae u0 com.tal.genie.launcher/com.tal.genie.launcher.ui.voice.VoiceNewActivity} to Window{7579792 u0 com.tal.genie.launcher/com.tal.genie.launcher.ui.main.MainActivity}
11-30 11:34:16.979 W/ContextImpl( 1236): Calling a method in the system process without a qualified user: android.app.ContextImpl.startService:1532 android.content.ContextWrapper.startService:664 android.content.ContextWrapper.startService:664 android.app.Activity.onEnterAnimationComplete:6662 android.app.Activity.dispatchEnterAnimationComplete:6673 
11-30 11:34:18.640 W/ContextImpl( 1236): Calling a method in the system process without a qualified user: android.app.ContextImpl.sendBroadcast:1006 android.content.ContextWrapper.sendBroadcast:444 android.content.ContextWrapper.sendBroadcast:444 android.view.View.dispatchTouchEvent:12526 android.view.ViewGroup.dispatchTransformedTouchEvent:3077 
11-30 11:34:23.195 W/ContextImpl( 1236): Calling a method in the system process without a qualified user: android.app.ContextImpl.startActivity:888 android.content.ContextWrapper.startActivity:379 com.tal.genie.launcher.ui.FingerQueryRouter.startFingerRead:37 com.tal.genie.launcher.receiver.VoiceAIReceiver.onReceive:176 android.app.LoadedApk$ReceiverDispatcher$Args.lambda$getRunnable$0:1391 
11-30 11:34:23.195 W/ContextImpl( 1236): Calling a method in the system process without a qualified user: android.app.ContextImpl.startActivity:900 android.app.ContextImpl.startActivity:889 android.content.ContextWrapper.startActivity:379 com.tal.genie.launcher.ui.FingerQueryRouter.startFingerRead:37 com.tal.genie.launcher.receiver.VoiceAIReceiver.onReceive:176 
11-30 11:34:23.196 I/ActivityManager(  636): START u0 {dat=genie://www.tal.com/fingerRead flg=0x10000000 cmp=com.tal.genie.voice/com.tal.genie.dicbook.cread.ClickReadActivity} from uid 1000
11-30 11:34:23.211 I/WindowManager(  636): Relayout Window{7da1d4b u0 SnapshotStartingWindow for taskId=20}: oldVis=8 newVis=0 focusMayChange = true
11-30 11:34:23.251 I/WindowManager(  636): Focus moving from Window{7579792 u0 com.tal.genie.launcher/com.tal.genie.launcher.ui.main.MainActivity} to null
11-30 11:34:23.489 I/WindowManager(  636): Relayout Window{cbb522f u0 com.tal.genie.voice/com.tal.genie.dicbook.dic.DicExtResultActivity}: oldVis=4 newVis=0 focusMayChange = true
11-30 11:34:23.525 I/WindowManager(  636): Relayout Window{3d47f7a u0 com.tal.genie.voice/com.tal.genie.dicbook.dic.DicResultActivity}: oldVis=8 newVis=0 focusMayChange = true
11-30 11:34:23.561 I/WindowManager(  636): Relayout Window{c5e57be u0 com.tal.genie.voice/com.tal.genie.dicbook.cread.ClickReadActivity}: oldVis=4 newVis=0 focusMayChange = true
11-30 11:34:23.570 I/WindowManager(  636): Focus moving from null to Window{c5e57be u0 com.tal.genie.voice/com.tal.genie.dicbook.cread.ClickReadActivity}
11-30 11:34:24.747 I/NetworkStatsRecorder(  636): recordSnapshotLocked: ident[[{type=WIFI, subType=COMBINED, networkId="TAL-Device", metered=false, defaultNetwork=true}]]
11-30 11:34:24.747 W/NetworkStatsRecorder(  636): unknown interfaces [lo], ignoring those stats
11-30 11:34:24.747 I/NetworkStatsRecorder(  636): recordSnapshotLocked: ident[[{type=WIFI, subType=COMBINED, networkId="TAL-Device", metered=false, defaultNetwork=true}]]
11-30 11:34:24.747 W/NetworkStatsRecorder(  636): unknown interfaces [lo], ignoring those stats
11-30 11:34:24.747 I/NetworkStatsRecorder(  636): recordSnapshotLocked: ident[[{type=WIFI, subType=COMBINED, networkId="TAL-Device", metered=false, defaultNetwork=true}]]
11-30 11:34:24.747 I/chatty  (  636): uid=1000(system) NetworkStats identical 4 lines
11-30 11:34:24.747 I/NetworkStatsRecorder(  636): recordSnapshotLocked: ident[[{type=WIFI, subType=COMBINED, networkId="TAL-Device", metered=false, defaultNetwork=true}]]
11-30 11:34:24.747 W/NetworkStatsRecorder(  636): unknown interfaces [lo], ignoring those stats
11-30 11:34:24.747 W/NetworkStatsRecorder(  636): unknown interfaces [lo], ignoring those stats
11-30 11:34:26.494 I/WindowManager(  636): Focus moving from Window{c5e57be u0 com.tal.genie.voice/com.tal.genie.dicbook.cread.ClickReadActivity} to Window{7579792 u0 com.tal.genie.launcher/com.tal.genie.launcher.ui.main.MainActivity}
11-30 11:34:26.548 W/ContextImpl( 1236): Calling a method in the system process without a qualified user: android.app.ContextImpl.startService:1532 android.content.ContextWrapper.startService:664 android.content.ContextWrapper.startService:664 android.app.Activity.onEnterAnimationComplete:6662 android.app.Activity.dispatchEnterAnimationComplete:6673 
11-30 11:34:27.118 W/ContextImpl( 1236): Calling a method in the system process without a qualified user: android.app.ContextImpl.sendBroadcast:1006 android.content.ContextWrapper.sendBroadcast:444 android.content.ContextWrapper.sendBroadcast:444 android.view.View.dispatchTouchEvent:12526 android.view.ViewGroup.dispatchTransformedTouchEvent:3077 
11-30 11:34:33.663 W/ContextImpl( 1236): Calling a method in the system process without a qualified user: android.app.ContextImpl.startActivity:888 android.content.ContextWrapper.startActivity:379 com.tal.genie.launcher.ui.FingerQueryRouter.startFingerRead:37 com.tal.genie.launcher.receiver.VoiceAIReceiver.onReceive:176 android.app.LoadedApk$ReceiverDispatcher$Args.lambda$getRunnable$0:1391 
11-30 11:34:33.664 W/ContextImpl( 1236): Calling a method in the system process without a qualified user: android.app.ContextImpl.startActivity:900 android.app.ContextImpl.startActivity:889 android.content.ContextWrapper.startActivity:379 com.tal.genie.launcher.ui.FingerQueryRouter.startFingerRead:37 com.tal.genie.launcher.receiver.VoiceAIReceiver.onReceive:176 
11-30 11:34:33.664 I/ActivityManager(  636): START u0 {dat=genie://www.tal.com/fingerRead flg=0x10000000 cmp=com.tal.genie.voice/com.tal.genie.dicbook.cread.ClickReadActivity} from uid 1000
11-30 11:34:33.713 I/WindowManager(  636): Focus moving from Window{7579792 u0 com.tal.genie.launcher/com.tal.genie.launcher.ui.main.MainActivity} to null
11-30 11:34:33.832 I/WindowManager(  636): Relayout Window{7fe9283 u0 com.tal.genie.voice/com.tal.genie.dicbook.cread.ClickReadActivity}: oldVis=4 newVis=0 focusMayChange = true
11-30 11:34:33.863 I/WindowManager(  636): Focus moving from null to Window{7fe9283 u0 com.tal.genie.voice/com.tal.genie.dicbook.cread.ClickReadActivity}
11-30 11:34:43.676 W/ActivityManager(  636): Launch timeout has expired, giving up wake lock!
11-30 11:34:49.777 I/WindowManager(  636): Focus moving from Window{7fe9283 u0 com.tal.genie.voice/com.tal.genie.dicbook.cread.ClickReadActivity} to Window{7579792 u0 com.tal.genie.launcher/com.tal.genie.launcher.ui.main.MainActivity}
11-30 11:34:49.868 W/ContextImpl( 1236): Calling a method in the system process without a qualified user: android.app.ContextImpl.startService:1532 android.content.ContextWrapper.startService:664 android.content.ContextWrapper.startService:664 android.app.Activity.onEnterAnimationComplete:6662 android.app.Activity.dispatchEnterAnimationComplete:6673 
11-30 11:34:51.176 W/ContextImpl( 1236): Calling a method in the system process without a qualified user: android.app.ContextImpl.sendBroadcast:1006 android.content.ContextWrapper.sendBroadcast:444 android.content.ContextWrapper.sendBroadcast:444 android.view.View.dispatchTouchEvent:12526 android.view.ViewGroup.dispatchTransformedTouchEvent:3083 
11-30 11:35:00.021 W/ContextImpl( 1236): Calling a method in the system process without a qualified user: android.app.ContextImpl.sendBroadcast:1006 android.content.ContextWrapper.sendBroadcast:444 com.tal.genie.launcher.service.TimeTickListener.sendOTASilentBroadcast:62 com.tal.genie.launcher.service.TimeTickListener.onTimeTickReceived:31 com.tal.genie.base_receiver.time.TimeTickManager.onTimeTickReceived:80 
11-30 11:35:00.032 W/ContextImpl( 1236): Calling a method in the system process without a qualified user: android.app.ContextImpl.sendBroadcast:1006 android.content.ContextWrapper.sendBroadcast:444 com.tal.genie.service_controldata.EyesProtectManager.sendEyesProtectorBroadcast:362 com.tal.genie.service_controldata.EyesProtectManager.eyesProtectDetector:135 com.tal.genie.launcher.service.TimeTickListener.onTimeTickReceived:34 
11-30 11:35:00.048 W/ContextImpl( 1236): Calling a method in the system process without a qualified user: android.app.ContextImpl.sendBroadcast:1006 android.content.ContextWrapper.sendBroadcast:444 com.tal.genie.lockscreen.receiver.LockScreenReceiver.sendBroadCastToVoice:180 com.tal.genie.lockscreen.receiver.LockScreenReceiver.onReceive:67 android.app.LoadedApk$ReceiverDispatcher$Args.lambda$getRunnable$0:1391 
11-30 11:35:00.610 E/storaged(  456): getDiskStats failed with result NOT_SUPPORTED and size 0
11-30 11:35:16.058 W/ContextImpl( 1236): Calling a method in the system process without a qualified user: android.app.ContextImpl.sendBroadcast:1006 android.content.ContextWrapper.sendBroadcast:444 android.content.ContextWrapper.sendBroadcast:444 android.view.View.dispatchTouchEvent:12526 android.view.ViewGroup.dispatchTransformedTouchEvent:3077 
11-30 11:35:17.077 I/ActivityManager(  636): START u0 {dat=genie://www.tal.com/fingerRead flg=0x10000000 cmp=com.tal.genie.voice/com.tal.genie.dicbook.cread.ClickReadActivity} from uid 1000
11-30 11:35:17.106 I/WindowManager(  636): Focus moving from Window{7579792 u0 com.tal.genie.launcher/com.tal.genie.launcher.ui.main.MainActivity} to null
11-30 11:35:17.227 I/WindowManager(  636): Relayout Window{63b41f0 u0 com.tal.genie.voice/com.tal.genie.dicbook.cread.ClickReadActivity}: oldVis=4 newVis=0 focusMayChange = true
11-30 11:35:17.239 I/WindowManager(  636): Focus moving from null to Window{63b41f0 u0 com.tal.genie.voice/com.tal.genie.dicbook.cread.ClickReadActivity}
11-30 11:35:18.727 I/WindowManager(  636): Focus moving from Window{63b41f0 u0 com.tal.genie.voice/com.tal.genie.dicbook.cread.ClickReadActivity} to Window{7579792 u0 com.tal.genie.launcher/com.tal.genie.launcher.ui.main.MainActivity}
11-30 11:35:18.860 W/ContextImpl( 1236): Calling a method in the system process without a qualified user: android.app.ContextImpl.startService:1532 android.content.ContextWrapper.startService:664 android.content.ContextWrapper.startService:664 android.app.Activity.onEnterAnimationComplete:6662 android.app.Activity.dispatchEnterAnimationComplete:6673 
11-30 11:35:25.921 W/ContextImpl( 1236): Calling a method in the system process without a qualified user: android.app.ContextImpl.sendBroadcast:1006 android.content.ContextWrapper.sendBroadcast:444 android.content.ContextWrapper.sendBroadcast:444 android.view.View.dispatchTouchEvent:12526 android.view.ViewGroup.dispatchTransformedTouchEvent:3083 
11-30 11:35:54.338 W/NotificationService(  636): Toast already killed. pkg=com.tal.genie.voice callback=android.app.ITransientNotification$Stub$Proxy@8083a0e
11-30 11:35:55.836 W/WindowManager(  636): Unable to start animation, surface is null or no children.
11-30 11:35:56.919 W/ContextImpl( 1236): Calling a method in the system process without a qualified user: android.app.ContextImpl.sendBroadcast:1006 android.content.ContextWrapper.sendBroadcast:444 android.content.ContextWrapper.sendBroadcast:444 android.view.View.dispatchTouchEvent:12526 android.view.ViewGroup.dispatchTransformedTouchEvent:3077 
11-30 11:36:00.022 W/ContextImpl( 1236): Calling a method in the system process without a qualified user: android.app.ContextImpl.sendBroadcast:1006 android.content.ContextWrapper.sendBroadcast:444 com.tal.genie.launcher.service.TimeTickListener.sendOTASilentBroadcast:62 com.tal.genie.launcher.service.TimeTickListener.onTimeTickReceived:31 com.tal.genie.base_receiver.time.TimeTickManager.onTimeTickReceived:80 
11-30 11:36:00.030 W/ContextImpl( 1236): Calling a method in the system process without a qualified user: android.app.ContextImpl.sendBroadcast:1006 android.content.ContextWrapper.sendBroadcast:444 com.tal.genie.service_controldata.EyesProtectManager.sendEyesProtectorBroadcast:362 com.tal.genie.service_controldata.EyesProtectManager.eyesProtectDetector:135 com.tal.genie.launcher.service.TimeTickListener.onTimeTickReceived:34 
11-30 11:36:00.074 W/ContextImpl( 1236): Calling a method in the system process without a qualified user: android.app.ContextImpl.sendBroadcast:1006 android.content.ContextWrapper.sendBroadcast:444 com.tal.genie.lockscreen.receiver.LockScreenReceiver.sendBroadCastToVoice:180 com.tal.genie.lockscreen.receiver.LockScreenReceiver.onReceive:67 android.app.LoadedApk$ReceiverDispatcher$Args.lambda$getRunnable$0:1391 
11-30 11:36:00.611 E/storaged(  456): getDiskStats failed with result NOT_SUPPORTED and size 0
11-30 11:36:05.334 W/WindowManager(  636): removeWindowToken: Attempted to remove non-existing token: android.os.Binder@615dde3
11-30 11:36:07.476 I/ActivityManager(  636): START u0 {flg=0x10000000 cmp=com.tal.genie.voice/com.tal.genie.dicbook.cread.ClickReadActivity} from uid 10038
11-30 11:36:07.507 I/WindowManager(  636): Focus moving from Window{7579792 u0 com.tal.genie.launcher/com.tal.genie.launcher.ui.main.MainActivity} to null
11-30 11:36:07.623 I/WindowManager(  636): Relayout Window{90df591 u0 com.tal.genie.voice/com.tal.genie.dicbook.cread.ClickReadActivity}: oldVis=4 newVis=0 focusMayChange = true
11-30 11:36:07.632 I/WindowManager(  636): Focus moving from null to Window{90df591 u0 com.tal.genie.voice/com.tal.genie.dicbook.cread.ClickReadActivity}
11-30 11:36:10.153 I/WindowManager(  636): Focus moving from Window{90df591 u0 com.tal.genie.voice/com.tal.genie.dicbook.cread.ClickReadActivity} to Window{7579792 u0 com.tal.genie.launcher/com.tal.genie.launcher.ui.main.MainActivity}
11-30 11:36:10.224 W/ContextImpl( 1236): Calling a method in the system process without a qualified user: android.app.ContextImpl.startService:1532 android.content.ContextWrapper.startService:664 android.content.ContextWrapper.startService:664 android.app.Activity.onEnterAnimationComplete:6662 android.app.Activity.dispatchEnterAnimationComplete:6673 
11-30 11:36:21.937 I/ActivityManager(  636): START u0 {flg=0x10000000 cmp=com.tal.genie.voice/com.tal.genie.dicbook.cread.ClickReadActivity} from uid 10038
11-30 11:36:21.987 I/WindowManager(  636): Focus moving from Window{7579792 u0 com.tal.genie.launcher/com.tal.genie.launcher.ui.main.MainActivity} to null
11-30 11:36:22.092 I/WindowManager(  636): Relayout Window{3d97d48 u0 com.tal.genie.voice/com.tal.genie.dicbook.cread.ClickReadActivity}: oldVis=4 newVis=0 focusMayChange = true
11-30 11:36:22.102 I/WindowManager(  636): Focus moving from null to Window{3d97d48 u0 com.tal.genie.voice/com.tal.genie.dicbook.cread.ClickReadActivity}
11-30 11:36:29.788 I/WindowManager(  636): Focus moving from Window{3d97d48 u0 com.tal.genie.voice/com.tal.genie.dicbook.cread.ClickReadActivity} to Window{7579792 u0 com.tal.genie.launcher/com.tal.genie.launcher.ui.main.MainActivity}
11-30 11:36:29.913 W/ContextImpl( 1236): Calling a method in the system process without a qualified user: android.app.ContextImpl.startService:1532 android.content.ContextWrapper.startService:664 android.content.ContextWrapper.startService:664 android.app.Activity.onEnterAnimationComplete:6662 android.app.Activity.dispatchEnterAnimationComplete:6673 
11-30 11:36:38.035 W/ContextImpl( 1236): Calling a method in the system process without a qualified user: android.app.ContextImpl.startActivity:888 android.content.ContextWrapper.startActivity:379 com.tal.genie.launcher.ui.FingerQueryRouter.startFingerRead:37 com.tal.genie.launcher.receiver.VoiceAIReceiver.onReceive:176 android.app.LoadedApk$ReceiverDispatcher$Args.lambda$getRunnable$0:1391 
11-30 11:36:38.035 W/ContextImpl( 1236): Calling a method in the system process without a qualified user: android.app.ContextImpl.startActivity:900 android.app.ContextImpl.startActivity:889 android.content.ContextWrapper.startActivity:379 com.tal.genie.launcher.ui.FingerQueryRouter.startFingerRead:37 com.tal.genie.launcher.receiver.VoiceAIReceiver.onReceive:176 
11-30 11:36:38.036 I/ActivityManager(  636): START u0 {dat=genie://www.tal.com/fingerRead flg=0x10000000 cmp=com.tal.genie.voice/com.tal.genie.dicbook.cread.ClickReadActivity} from uid 1000
11-30 11:36:38.079 I/WindowManager(  636): Focus moving from Window{7579792 u0 com.tal.genie.launcher/com.tal.genie.launcher.ui.main.MainActivity} to null
11-30 11:36:38.184 I/WindowManager(  636): Relayout Window{8d7da69 u0 com.tal.genie.voice/com.tal.genie.dicbook.cread.ClickReadActivity}: oldVis=4 newVis=0 focusMayChange = true
11-30 11:36:38.192 I/WindowManager(  636): Focus moving from null to Window{8d7da69 u0 com.tal.genie.voice/com.tal.genie.dicbook.cread.ClickReadActivity}
11-30 11:36:48.052 W/ActivityManager(  636): Launch timeout has expired, giving up wake lock!
11-30 11:36:59.988 I/WindowManager(  636): Focus moving from Window{8d7da69 u0 com.tal.genie.voice/com.tal.genie.dicbook.cread.ClickReadActivity} to Window{7579792 u0 com.tal.genie.launcher/com.tal.genie.launcher.ui.main.MainActivity}
11-30 11:37:00.130 W/ContextImpl( 1236): Calling a method in the system process without a qualified user: android.app.ContextImpl.startService:1532 android.content.ContextWrapper.startService:664 android.content.ContextWrapper.startService:664 android.app.Activity.onEnterAnimationComplete:6662 android.app.Activity.dispatchEnterAnimationComplete:6673 
11-30 11:37:00.144 W/ContextImpl( 1236): Calling a method in the system process without a qualified user: android.app.ContextImpl.sendBroadcast:1006 android.content.ContextWrapper.sendBroadcast:444 com.tal.genie.launcher.service.TimeTickListener.sendOTASilentBroadcast:62 com.tal.genie.launcher.service.TimeTickListener.onTimeTickReceived:31 com.tal.genie.base_receiver.time.TimeTickManager.onTimeTickReceived:80 
11-30 11:37:00.150 W/ContextImpl( 1236): Calling a method in the system process without a qualified user: android.app.ContextImpl.sendBroadcast:1006 android.content.ContextWrapper.sendBroadcast:444 com.tal.genie.service_controldata.EyesProtectManager.sendEyesProtectorBroadcast:362 com.tal.genie.service_controldata.EyesProtectManager.eyesProtectDetector:135 com.tal.genie.launcher.service.TimeTickListener.onTimeTickReceived:34 
11-30 11:37:00.190 W/ContextImpl( 1236): Calling a method in the system process without a qualified user: android.app.ContextImpl.sendBroadcast:1006 android.content.ContextWrapper.sendBroadcast:444 com.tal.genie.lockscreen.receiver.LockScreenReceiver.sendBroadCastToVoice:180 com.tal.genie.lockscreen.receiver.LockScreenReceiver.onReceive:67 android.app.LoadedApk$ReceiverDispatcher$Args.lambda$getRunnable$0:1391 
11-30 11:37:00.611 E/storaged(  456): getDiskStats failed with result NOT_SUPPORTED and size 0
11-30 11:37:01.014 W/ContextImpl( 1236): Calling a method in the system process without a qualified user: android.app.ContextImpl.sendBroadcast:1006 android.content.ContextWrapper.sendBroadcast:444 android.content.ContextWrapper.sendBroadcast:444 android.view.View.dispatchTouchEvent:12526 android.view.ViewGroup.dispatchTransformedTouchEvent:3077 
11-30 11:37:21.093 I/NetworkStatsRecorder(  636): recordSnapshotLocked: ident[[{type=WIFI, subType=COMBINED, networkId="TAL-Device", metered=false, defaultNetwork=true}]]
11-30 11:37:21.094 W/NetworkStatsRecorder(  636): unknown interfaces [lo], ignoring those stats
11-30 11:37:21.094 I/NetworkStatsRecorder(  636): recordSnapshotLocked: ident[[{type=WIFI, subType=COMBINED, networkId="TAL-Device", metered=false, defaultNetwork=true}]]
11-30 11:37:21.094 W/NetworkStatsRecorder(  636): unknown interfaces [lo], ignoring those stats
11-30 11:37:21.094 I/NetworkStatsRecorder(  636): recordSnapshotLocked: ident[[{type=WIFI, subType=COMBINED, networkId="TAL-Device", metered=false, defaultNetwork=true}]]
11-30 11:37:21.094 I/chatty  (  636): uid=1000(system) NetworkStats identical 3 lines
11-30 11:37:21.094 I/NetworkStatsRecorder(  636): recordSnapshotLocked: ident[[{type=WIFI, subType=COMBINED, networkId="TAL-Device", metered=false, defaultNetwork=true}]]
11-30 11:37:21.094 W/NetworkStatsRecorder(  636): unknown interfaces [lo], ignoring those stats
11-30 11:37:21.094 W/NetworkStatsRecorder(  636): unknown interfaces [lo], ignoring those stats
11-30 11:37:22.062 I/ActivityManager(  636): START u0 {flg=0x10000000 cmp=com.tal.genie.voice/com.tal.genie.dicbook.cread.ClickBookActivity (has extras)} from uid 10038
11-30 11:37:22.105 I/WindowManager(  636): Focus moving from Window{7579792 u0 com.tal.genie.launcher/com.tal.genie.launcher.ui.main.MainActivity} to null
11-30 11:37:22.272 I/WindowManager(  636): Relayout Window{607f540 u0 com.tal.genie.voice/com.tal.genie.dicbook.cread.ClickBookActivity}: oldVis=4 newVis=0 focusMayChange = true
11-30 11:37:22.280 I/WindowManager(  636): Focus moving from null to Window{607f540 u0 com.tal.genie.voice/com.tal.genie.dicbook.cread.ClickBookActivity}
11-30 11:37:32.079 W/ActivityManager(  636): Launch timeout has expired, giving up wake lock!
11-30 11:38:00.054 W/ContextImpl( 1236): Calling a method in the system process without a qualified user: android.app.ContextImpl.sendBroadcast:1006 android.content.ContextWrapper.sendBroadcast:444 com.tal.genie.launcher.service.TimeTickListener.sendOTASilentBroadcast:62 com.tal.genie.launcher.service.TimeTickListener.onTimeTickReceived:31 com.tal.genie.base_receiver.time.TimeTickManager.onTimeTickReceived:80 
11-30 11:38:00.063 W/ContextImpl( 1236): Calling a method in the system process without a qualified user: android.app.ContextImpl.sendBroadcast:1006 android.content.ContextWrapper.sendBroadcast:444 com.tal.genie.service_controldata.EyesProtectManager.sendEyesProtectorBroadcast:362 com.tal.genie.service_controldata.EyesProtectManager.eyesProtectDetector:135 com.tal.genie.launcher.service.TimeTickListener.onTimeTickReceived:34 
11-30 11:38:00.080 W/ContextImpl( 1236): Calling a method in the system process without a qualified user: android.app.ContextImpl.sendBroadcast:1006 android.content.ContextWrapper.sendBroadcast:444 com.tal.genie.lockscreen.receiver.LockScreenReceiver.sendBroadCastToVoice:180 com.tal.genie.lockscreen.receiver.LockScreenReceiver.onReceive:67 android.app.LoadedApk$ReceiverDispatcher$Args.lambda$getRunnable$0:1391 
11-30 11:38:00.613 E/storaged(  456): getDiskStats failed with result NOT_SUPPORTED and size 0
11-30 11:38:15.890 I/WindowManager(  636): Focus moving from Window{607f540 u0 com.tal.genie.voice/com.tal.genie.dicbook.cread.ClickBookActivity} to Window{7579792 u0 com.tal.genie.launcher/com.tal.genie.launcher.ui.main.MainActivity}
11-30 11:38:16.005 W/ContextImpl( 1236): Calling a method in the system process without a qualified user: android.app.ContextImpl.startService:1532 android.content.ContextWrapper.startService:664 android.content.ContextWrapper.startService:664 android.app.Activity.onEnterAnimationComplete:6662 android.app.Activity.dispatchEnterAnimationComplete:6673 
11-30 11:38:28.346 W/ContextImpl( 1236): Calling a method in the system process without a qualified user: android.app.ContextImpl.startService:1532 android.content.ContextWrapper.startService:664 android.content.ContextWrapper.startService:664 com.android.internal.policy.DecorView.dispatchTouchEvent:422 android.view.View.dispatchPointerEvent:12808 
11-30 11:38:28.417 I/chatty  ( 1236): uid=1000(system) com.tal.genie.launcher identical 3 lines
11-30 11:38:28.434 W/ContextImpl( 1236): Calling a method in the system process without a qualified user: android.app.ContextImpl.startService:1532 android.content.ContextWrapper.startService:664 android.content.ContextWrapper.startService:664 com.android.internal.policy.DecorView.dispatchTouchEvent:422 android.view.View.dispatchPointerEvent:12808 
11-30 11:38:28.442 I/WindowManager(  636): Focus moving from Window{7579792 u0 com.tal.genie.launcher/com.tal.genie.launcher.ui.main.MainActivity} to Window{19173b7 u0 com.android.systemui}
11-30 11:38:28.448 I/WindowManager(  636): Focus moving from Window{19173b7 u0 com.android.systemui} to Window{4305c42 u0 com.android.systemui}
11-30 11:38:28.452 W/ContextImpl( 1236): Calling a method in the system process without a qualified user: android.app.ContextImpl.startService:1532 android.content.ContextWrapper.startService:664 android.content.ContextWrapper.startService:664 com.android.internal.policy.DecorView.dispatchTouchEvent:422 android.view.View.dispatchPointerEvent:12808 
11-30 11:38:28.484 I/chatty  ( 1236): uid=1000(system) com.tal.genie.launcher identical 2 lines
11-30 11:38:28.486 W/ContextImpl( 1236): Calling a method in the system process without a qualified user: android.app.ContextImpl.startService:1532 android.content.ContextWrapper.startService:664 android.content.ContextWrapper.startService:664 com.android.internal.policy.DecorView.dispatchTouchEvent:422 android.view.View.dispatchPointerEvent:12808 
11-30 11:38:28.545 I/WindowManager(  636): Losing delayed focus: Window{7579792 u0 com.tal.genie.launcher/com.tal.genie.launcher.ui.main.MainActivity}
11-30 11:38:28.545 I/WindowManager(  636): Losing delayed focus: Window{19173b7 u0 com.android.systemui}
11-30 11:38:30.814 I/WindowManager(  636): Focus moving from Window{4305c42 u0 com.android.systemui} to Window{7579792 u0 com.tal.genie.launcher/com.tal.genie.launcher.ui.main.MainActivity}
11-30 11:38:31.237 W/ContextImpl( 1236): Calling a method in the system process without a qualified user: android.app.ContextImpl.startService:1532 android.content.ContextWrapper.startService:664 android.content.ContextWrapper.startService:664 com.android.internal.policy.DecorView.dispatchTouchEvent:422 android.view.View.dispatchPointerEvent:12808 
11-30 11:38:31.308 I/chatty  ( 1236): uid=1000(system) com.tal.genie.launcher identical 3 lines
11-30 11:38:31.326 W/ContextImpl( 1236): Calling a method in the system process without a qualified user: android.app.ContextImpl.startService:1532 android.content.ContextWrapper.startService:664 android.content.ContextWrapper.startService:664 com.android.internal.policy.DecorView.dispatchTouchEvent:422 android.view.View.dispatchPointerEvent:12808 
11-30 11:38:31.331 I/WindowManager(  636): Focus moving from Window{7579792 u0 com.tal.genie.launcher/com.tal.genie.launcher.ui.main.MainActivity} to Window{cbc8ec0 u0 com.android.systemui}
11-30 11:38:31.340 I/WindowManager(  636): Focus moving from Window{cbc8ec0 u0 com.android.systemui} to Window{4ea159f u0 com.android.systemui}
11-30 11:38:31.343 W/ContextImpl( 1236): Calling a method in the system process without a qualified user: android.app.ContextImpl.startService:1532 android.content.ContextWrapper.startService:664 android.content.ContextWrapper.startService:664 com.android.internal.policy.DecorView.dispatchTouchEvent:422 android.view.View.dispatchPointerEvent:12808 
11-30 11:38:31.396 I/chatty  ( 1236): uid=1000(system) com.tal.genie.launcher identical 3 lines
11-30 11:38:31.414 W/ContextImpl( 1236): Calling a method in the system process without a qualified user: android.app.ContextImpl.startService:1532 android.content.ContextWrapper.startService:664 android.content.ContextWrapper.startService:664 com.android.internal.policy.DecorView.dispatchTouchEvent:422 android.view.View.dispatchPointerEvent:12808 
11-30 11:38:31.417 I/WindowManager(  636): Losing delayed focus: Window{7579792 u0 com.tal.genie.launcher/com.tal.genie.launcher.ui.main.MainActivity}
11-30 11:38:31.417 I/WindowManager(  636): Losing delayed focus: Window{cbc8ec0 u0 com.android.systemui}
11-30 11:38:31.431 W/ContextImpl( 1236): Calling a method in the system process without a qualified user: android.app.ContextImpl.startService:1532 android.content.ContextWrapper.startService:664 android.content.ContextWrapper.startService:664 com.android.internal.policy.DecorView.dispatchTouchEvent:422 android.view.View.dispatchPointerEvent:12808 
11-30 11:38:31.514 I/chatty  ( 1236): uid=1000(system) com.tal.genie.launcher identical 5 lines
11-30 11:38:31.516 W/ContextImpl( 1236): Calling a method in the system process without a qualified user: android.app.ContextImpl.startService:1532 android.content.ContextWrapper.startService:664 android.content.ContextWrapper.startService:664 com.android.internal.policy.DecorView.dispatchTouchEvent:422 android.view.View.dispatchPointerEvent:12808 
11-30 11:38:32.435 I/WindowManager(  636): Focus moving from Window{4ea159f u0 com.android.systemui} to Window{7579792 u0 com.tal.genie.launcher/com.tal.genie.launcher.ui.main.MainActivity}
11-30 11:38:32.710 W/ContextImpl( 1236): Calling a method in the system process without a qualified user: android.app.ContextImpl.sendBroadcast:1006 android.content.ContextWrapper.sendBroadcast:444 android.content.ContextWrapper.sendBroadcast:444 android.view.View.dispatchTouchEvent:12526 android.view.ViewGroup.dispatchTransformedTouchEvent:3077 
11-30 11:38:33.865 W/ContextImpl( 1236): Calling a method in the system process without a qualified user: android.app.ContextImpl.sendBroadcast:1006 android.content.ContextWrapper.sendBroadcast:444 android.content.ContextWrapper.sendBroadcast:444 android.view.View.dispatchTouchEvent:12526 android.view.ViewGroup.dispatchTransformedTouchEvent:3083 
11-30 11:38:34.000 I/ActivityManager(  636): START u0 {cmp=com.tal.genie.launcher/com.tal.genie.setting.activity.SettingActivity} from uid 1000
11-30 11:38:34.028 I/WindowManager(  636): Focus moving from Window{7579792 u0 com.tal.genie.launcher/com.tal.genie.launcher.ui.main.MainActivity} to null
11-30 11:38:34.201 I/WindowManager(  636): Relayout Window{3853b4c u0 com.tal.genie.launcher/com.tal.genie.setting.activity.SettingActivity}: oldVis=4 newVis=0 focusMayChange = true
11-30 11:38:34.209 I/WindowManager(  636): Focus moving from null to Window{3853b4c u0 com.tal.genie.launcher/com.tal.genie.setting.activity.SettingActivity}
11-30 11:38:34.595 W/ContextImpl( 1236): Calling a method in the system process without a qualified user: android.app.ContextImpl.startService:1532 android.content.ContextWrapper.startService:664 android.content.ContextWrapper.startService:664 android.app.Activity.onEnterAnimationComplete:6662 android.app.Activity.dispatchEnterAnimationComplete:6673 
11-30 11:38:35.056 W/ContextImpl( 1236): Calling a method in the system process without a qualified user: android.app.ContextImpl.sendBroadcast:1006 android.content.ContextWrapper.sendBroadcast:444 android.content.ContextWrapper.sendBroadcast:444 android.view.View.dispatchTouchEvent:12526 android.view.ViewGroup.dispatchTransformedTouchEvent:3077 
11-30 11:38:36.945 I/WindowManager(  636): Focus moving from Window{3853b4c u0 com.tal.genie.launcher/com.tal.genie.setting.activity.SettingActivity} to null
11-30 11:38:36.968 I/WindowManager(  636): Relayout Window{7579792 u0 com.tal.genie.launcher/com.tal.genie.launcher.ui.main.MainActivity}: oldVis=8 newVis=0 focusMayChange = true
11-30 11:38:36.974 I/WindowManager(  636): Focus moving from null to Window{7579792 u0 com.tal.genie.launcher/com.tal.genie.launcher.ui.main.MainActivity}
11-30 11:38:37.286 W/ContextImpl( 1236): Calling a method in the system process without a qualified user: android.app.ContextImpl.startService:1532 android.content.ContextWrapper.startService:664 android.content.ContextWrapper.startService:664 android.app.Activity.onEnterAnimationComplete:6662 android.app.Activity.dispatchEnterAnimationComplete:6673 
11-30 11:38:37.438 W/ContextImpl( 1236): Calling a method in the system process without a qualified user: android.app.ContextImpl.startService:1532 android.content.ContextWrapper.startService:664 android.content.ContextWrapper.startService:664 com.android.internal.policy.DecorView.dispatchTouchEvent:422 android.view.View.dispatchPointerEvent:12808 
11-30 11:38:37.493 I/chatty  ( 1236): uid=1000(system) com.tal.genie.launcher identical 2 lines
11-30 11:38:37.510 W/ContextImpl( 1236): Calling a method in the system process without a qualified user: android.app.ContextImpl.startService:1532 android.content.ContextWrapper.startService:664 android.content.ContextWrapper.startService:664 com.android.internal.policy.DecorView.dispatchTouchEvent:422 android.view.View.dispatchPointerEvent:12808 
11-30 11:38:37.526 I/WindowManager(  636): Focus moving from Window{7579792 u0 com.tal.genie.launcher/com.tal.genie.launcher.ui.main.MainActivity} to Window{a288475 u0 com.android.systemui}
11-30 11:38:37.530 W/ContextImpl( 1236): Calling a method in the system process without a qualified user: android.app.ContextImpl.startService:1532 android.content.ContextWrapper.startService:664 android.content.ContextWrapper.startService:664 com.android.internal.policy.DecorView.dispatchTouchEvent:422 android.view.View.dispatchPointerEvent:12808 
11-30 11:38:37.536 I/WindowManager(  636): Focus moving from Window{a288475 u0 com.android.systemui} to Window{410ba98 u0 com.android.systemui}
11-30 11:38:37.548 W/ContextImpl( 1236): Calling a method in the system process without a qualified user: android.app.ContextImpl.startService:1532 android.content.ContextWrapper.startService:664 android.content.ContextWrapper.startService:664 com.android.internal.policy.DecorView.dispatchTouchEvent:422 android.view.View.dispatchPointerEvent:12808 
11-30 11:38:37.581 I/chatty  ( 1236): uid=1000(system) com.tal.genie.launcher identical 2 lines
11-30 11:38:37.600 W/ContextImpl( 1236): Calling a method in the system process without a qualified user: android.app.ContextImpl.startService:1532 android.content.ContextWrapper.startService:664 android.content.ContextWrapper.startService:664 com.android.internal.policy.DecorView.dispatchTouchEvent:422 android.view.View.dispatchPointerEvent:12808 
11-30 11:38:37.607 I/WindowManager(  636): Losing delayed focus: Window{7579792 u0 com.tal.genie.launcher/com.tal.genie.launcher.ui.main.MainActivity}
11-30 11:38:37.608 I/WindowManager(  636): Losing delayed focus: Window{a288475 u0 com.android.systemui}
11-30 11:38:37.616 W/ContextImpl( 1236): Calling a method in the system process without a qualified user: android.app.ContextImpl.startService:1532 android.content.ContextWrapper.startService:664 android.content.ContextWrapper.startService:664 com.android.internal.policy.DecorView.dispatchTouchEvent:422 android.view.View.dispatchPointerEvent:12808 
11-30 11:38:37.630 I/chatty  ( 1236): uid=1000(system) com.tal.genie.launcher identical 1 line
11-30 11:38:37.632 W/ContextImpl( 1236): Calling a method in the system process without a qualified user: android.app.ContextImpl.startService:1532 android.content.ContextWrapper.startService:664 android.content.ContextWrapper.startService:664 com.android.internal.policy.DecorView.dispatchTouchEvent:422 android.view.View.dispatchPointerEvent:12808 
11-30 11:38:40.137 I/ActivityManager(  636): START u0 {flg=0x30000000 cmp=com.example.myapplication2/.MainActivity} from uid 10017
11-30 11:38:40.195 I/ActivityManager(  636): Start proc 3930:com.example.myapplication2/1000 for activity com.example.myapplication2/.MainActivity
11-30 11:38:40.290 I/WindowManager(  636): Focus moving from Window{410ba98 u0 com.android.systemui} to null
11-30 11:38:40.400 W/ContextImpl( 1236): Calling a method in the system process without a qualified user: android.app.ContextImpl.sendBroadcast:1006 android.content.ContextWrapper.sendBroadcast:444 android.content.ContextWrapper.sendBroadcast:444 android.view.View.dispatchTouchEvent:12526 android.view.ViewGroup.dispatchTransformedTouchEvent:3083 
11-30 11:38:40.483 I/ActivityManager(  636): START u0 {dat=genie://www.tal.com/audioMessage?launcher=true flg=0x10000000 cmp=com.tal.genie.voice_message/.ui.contacts.ContactsListActivity} from uid 1000
11-30 11:38:40.634 I/WindowManager(  636): Relayout Window{8ae1117 u0 com.example.myapplication2/com.example.myapplication2.MainActivity}: oldVis=4 newVis=0 focusMayChange = true
11-30 11:38:40.642 I/ActivityManager(  636): Start proc 3948:com.tal.genie.voice_message/u0a47 for activity com.tal.genie.voice_message/.ui.contacts.ContactsListActivity
11-30 11:38:41.291 I/WindowManager(  636): Focus moving from null to Window{d598259 u0 com.tal.genie.voice_message/com.tal.genie.voice_message.ui.contacts.ContactsListActivity}
11-30 11:38:41.425 I/WindowManager(  636): Relayout Window{44e16ff u0 com.tal.genie.voice_message/com.tal.genie.voice_message.ui.contacts.ContactsListActivity}: oldVis=4 newVis=0 focusMayChange = true
11-30 11:38:41.643 I/WindowManager(  636): Focus moving from Window{d598259 u0 com.tal.genie.voice_message/com.tal.genie.voice_message.ui.contacts.ContactsListActivity} to Window{44e16ff u0 com.tal.genie.voice_message/com.tal.genie.voice_message.ui.contacts.ContactsListActivity}
11-30 11:38:43.608 I/WindowManager(  636): Focus moving from Window{44e16ff u0 com.tal.genie.voice_message/com.tal.genie.voice_message.ui.contacts.ContactsListActivity} to null
11-30 11:38:43.654 I/WindowManager(  636): Relayout Window{8ae1117 u0 com.example.myapplication2/com.example.myapplication2.MainActivity}: oldVis=4 newVis=0 focusMayChange = true
11-30 11:38:43.658 I/WindowManager(  636): Focus moving from null to Window{8ae1117 u0 com.example.myapplication2/com.example.myapplication2.MainActivity}
11-30 11:38:44.368 W/ContextImpl( 3930): Calling a method in the system process without a qualified user: android.app.ContextImpl.startService:1532 android.content.ContextWrapper.startService:664 android.app.Activity.onEnterAnimationComplete:6662 android.app.Activity.dispatchEnterAnimationComplete:6673 android.app.ActivityThread.handleEnterAnimationComplete:3275 
11-30 11:38:44.469 W/ContextImpl( 3930): Calling a method in the system process without a qualified user: android.app.ContextImpl.startService:1532 android.content.ContextWrapper.startService:664 android.content.ContextWrapper.startService:664 com.android.internal.policy.DecorView.dispatchTouchEvent:422 android.view.View.dispatchPointerEvent:12808 
11-30 11:38:44.592 I/chatty  ( 3930): uid=1000(system) identical 3 lines
11-30 11:38:44.609 W/ContextImpl( 3930): Calling a method in the system process without a qualified user: android.app.ContextImpl.startService:1532 android.content.ContextWrapper.startService:664 android.content.ContextWrapper.startService:664 com.android.internal.policy.DecorView.dispatchTouchEvent:422 android.view.View.dispatchPointerEvent:12808 
11-30 11:38:44.610 I/WindowManager(  636): Focus moving from Window{8ae1117 u0 com.example.myapplication2/com.example.myapplication2.MainActivity} to Window{1036865 u0 com.android.systemui}
11-30 11:38:44.623 I/WindowManager(  636): Focus moving from Window{1036865 u0 com.android.systemui} to Window{8682348 u0 com.android.systemui}
11-30 11:38:44.627 W/ContextImpl( 3930): Calling a method in the system process without a qualified user: android.app.ContextImpl.startService:1532 android.content.ContextWrapper.startService:664 android.content.ContextWrapper.startService:664 com.android.internal.policy.DecorView.dispatchTouchEvent:422 android.view.View.dispatchPointerEvent:12808 
11-30 11:38:44.808 I/chatty  ( 3930): uid=1000(system) identical 10 lines
11-30 11:38:44.821 W/ContextImpl( 3930): Calling a method in the system process without a qualified user: android.app.ContextImpl.startService:1532 android.content.ContextWrapper.startService:664 android.content.ContextWrapper.startService:664 com.android.internal.policy.DecorView.dispatchTouchEvent:422 android.view.View.dispatchPointerEvent:12808 
11-30 11:38:44.830 I/WindowManager(  636): Losing delayed focus: Window{8ae1117 u0 com.example.myapplication2/com.example.myapplication2.MainActivity}
11-30 11:38:44.830 I/WindowManager(  636): Losing delayed focus: Window{1036865 u0 com.android.systemui}
11-30 11:38:44.839 W/ContextImpl( 3930): Calling a method in the system process without a qualified user: android.app.ContextImpl.startService:1532 android.content.ContextWrapper.startService:664 android.content.ContextWrapper.startService:664 com.android.internal.policy.DecorView.dispatchTouchEvent:422 android.view.View.dispatchPointerEvent:12808 
11-30 11:38:45.026 I/chatty  ( 3930): uid=1000(system) identical 11 lines
11-30 11:38:45.031 W/ContextImpl( 3930): Calling a method in the system process without a qualified user: android.app.ContextImpl.startService:1532 android.content.ContextWrapper.startService:664 android.content.ContextWrapper.startService:664 com.android.internal.policy.DecorView.dispatchTouchEvent:422 android.view.View.dispatchPointerEvent:12808 
11-30 11:38:45.096 I/WindowManager(  636): Focus moving from Window{8682348 u0 com.android.systemui} to Window{8ae1117 u0 com.example.myapplication2/com.example.myapplication2.MainActivity}
11-30 11:38:45.837 W/ContextImpl( 3930): Calling a method in the system process without a qualified user: android.app.ContextImpl.sendBroadcast:1006 android.content.ContextWrapper.sendBroadcast:444 android.view.View.dispatchTouchEvent:12526 android.view.ViewGroup.dispatchTransformedTouchEvent:3083 android.view.ViewGroup.dispatchTouchEvent:2684 
11-30 11:38:46.110 I/WindowManager(  636): Focus moving from Window{8ae1117 u0 com.example.myapplication2/com.example.myapplication2.MainActivity} to Window{ef25abf u0 com.example.myapplication2/com.example.myapplication2.MainActivity}
11-30 11:38:46.329 I/WindowManager(  636): Losing delayed focus: Window{8ae1117 u0 com.example.myapplication2/com.example.myapplication2.MainActivity}
11-30 11:38:46.392 I/WindowManager(  636): Relayout Window{bbebcf2 u0 InputMethod}: oldVis=8 newVis=0 focusMayChange = true
11-30 11:38:51.477 W/ContextImpl( 3930): Calling a method in the system process without a qualified user: android.app.ContextImpl.sendBroadcast:1006 android.content.ContextWrapper.sendBroadcast:444 android.view.View.dispatchTouchEvent:12526 android.view.ViewGroup.dispatchTransformedTouchEvent:3083 android.view.ViewGroup.dispatchTouchEvent:2684 
11-30 11:38:51.624 I/WindowManager(  636): Focus moving from Window{ef25abf u0 com.example.myapplication2/com.example.myapplication2.MainActivity EXITING} to Window{8ae1117 u0 com.example.myapplication2/com.example.myapplication2.MainActivity}
11-30 11:38:51.625 I/ActivityManager(  636): START u0 {cmp=com.example.myapplication2/.PWDActivity} from uid 1000
11-30 11:38:51.645 I/WindowManager(  636): Focus moving from Window{8ae1117 u0 com.example.myapplication2/com.example.myapplication2.MainActivity} to null
11-30 11:38:51.869 I/WindowManager(  636): Relayout Window{8c7d0dd u0 com.example.myapplication2/com.example.myapplication2.PWDActivity}: oldVis=4 newVis=0 focusMayChange = true
11-30 11:38:51.874 I/WindowManager(  636): Focus moving from null to Window{8c7d0dd u0 com.example.myapplication2/com.example.myapplication2.PWDActivity}
11-30 11:38:52.373 W/ContextImpl( 3930): Calling a method in the system process without a qualified user: android.app.ContextImpl.startService:1532 android.content.ContextWrapper.startService:664 android.app.Activity.onEnterAnimationComplete:6662 android.app.Activity.dispatchEnterAnimationComplete:6673 android.app.ActivityThread.handleEnterAnimationComplete:3275 
11-30 11:38:53.529 W/ContextImpl( 3930): Calling a method in the system process without a qualified user: android.app.ContextImpl.sendBroadcast:1006 android.content.ContextWrapper.sendBroadcast:444 android.view.View.dispatchTouchEvent:12526 android.view.ViewGroup.dispatchTransformedTouchEvent:3083 android.view.ViewGroup.dispatchTouchEvent:2684 
11-30 11:38:53.696 I/ActivityManager(  636): START u0 {cmp=com.android.settings/.Settings} from uid 1000
11-30 11:38:53.735 I/WindowManager(  636): Focus moving from Window{8c7d0dd u0 com.example.myapplication2/com.example.myapplication2.PWDActivity} to null
11-30 11:38:53.847 I/WindowManager(  636): Relayout Window{768233c u0 com.android.settings/com.android.settings.Settings}: oldVis=8 newVis=0 focusMayChange = true
11-30 11:38:53.853 I/WindowManager(  636): Focus moving from null to Window{768233c u0 com.android.settings/com.android.settings.Settings}
11-30 11:38:53.959 E/BatteryExternalStatsWorker(  636): no controller energy info supplied for wifi
11-30 11:38:53.959 E/BatteryExternalStatsWorker(  636): no controller energy info supplied for bluetooth
11-30 11:38:53.962 W/KernelCpuProcReader(  636): File not exist: /proc/uid_cpupower/concurrent_active_time
11-30 11:38:53.962 W/KernelCpuProcReader(  636): File not exist: /proc/uid_cpupower/concurrent_policy_time
11-30 11:38:53.963 E/KernelCpuSpeedReader(  636): Failed to read cpu-freq: /sys/devices/system/cpu/cpu0/cpufreq/stats/time_in_state (No such file or directory)
11-30 11:38:53.967 W/BatteryExternalStatsWorker(  636): modem info is invalid: ModemActivityInfo{ mTimestamp=0 mSleepTimeMs=0 mIdleTimeMs=0 mTxTimeMs[]=[0, 0, 0, 0, 0] mRxTimeMs=0 mEnergyUsed=0}
11-30 11:38:54.424 W/ContextImpl( 1012): Calling a method in the system process without a qualified user: android.app.ContextImpl.startService:1532 android.content.ContextWrapper.startService:664 android.app.Activity.onEnterAnimationComplete:6662 android.app.Activity.dispatchEnterAnimationComplete:6673 android.app.ActivityThread.handleEnterAnimationComplete:3275 
11-30 11:38:54.629 W/ContextImpl( 1012): Calling a method in the system process without a qualified user: android.app.ContextImpl.sendBroadcast:1006 android.content.ContextWrapper.sendBroadcast:444 android.view.View.dispatchTouchEvent:12526 android.view.ViewGroup.dispatchTransformedTouchEvent:3083 android.view.ViewGroup.dispatchTouchEvent:2684 
11-30 11:38:55.593 I/ActivityManager(  636): START u0 {flg=0x8000 cmp=com.android.settings/.Settings$SystemDashboardActivity (has extras)} from uid 1000
11-30 11:38:55.615 I/WindowManager(  636): Focus moving from Window{768233c u0 com.android.settings/com.android.settings.Settings} to null
11-30 11:38:55.761 I/WindowManager(  636): Relayout Window{8fc03e9 u0 com.android.settings/com.android.settings.Settings$SystemDashboardActivity}: oldVis=4 newVis=0 focusMayChange = true
11-30 11:38:55.767 I/WindowManager(  636): Focus moving from null to Window{8fc03e9 u0 com.android.settings/com.android.settings.Settings$SystemDashboardActivity}
11-30 11:38:56.346 W/ContextImpl( 1012): Calling a method in the system process without a qualified user: android.app.ContextImpl.startService:1532 android.content.ContextWrapper.startService:664 android.app.Activity.onEnterAnimationComplete:6662 android.app.Activity.dispatchEnterAnimationComplete:6673 android.app.ActivityThread.handleEnterAnimationComplete:3275 
11-30 11:38:57.013 W/ContextImpl( 1012): Calling a method in the system process without a qualified user: android.app.ContextImpl.sendBroadcast:1006 android.content.ContextWrapper.sendBroadcast:444 android.content.ContextWrapper.sendBroadcast:444 android.view.View.dispatchTouchEvent:12526 android.view.ViewGroup.dispatchTransformedTouchEvent:3077 
11-30 11:38:58.116 W/ContextImpl( 1012): Calling a method in the system process without a qualified user: android.app.ContextImpl.sendBroadcast:1006 android.content.ContextWrapper.sendBroadcast:444 android.content.ContextWrapper.sendBroadcast:444 android.view.View.dispatchTouchEvent:12526 android.view.ViewGroup.dispatchTransformedTouchEvent:3077 
11-30 11:38:58.245 I/ActivityManager(  636): START u0 {act=android.intent.action.MAIN cmp=com.android.settings/.SubSettings (has extras)} from uid 1000
11-30 11:38:58.269 I/WindowManager(  636): Focus moving from Window{8fc03e9 u0 com.android.settings/com.android.settings.Settings$SystemDashboardActivity} to null
11-30 11:38:58.423 W/BroadcastQueue(  636): Permission Denial: broadcasting Intent { act=android.net.conn.CONNECTIVITY_CHANGE flg=0x4200010 (has extras) } from null (pid=-1, uid=-1) requires android.permission.CHANGE_NETWORK_STATE due to registered receiver BroadcastFilter{b470e83 u0 ReceiverList{7da132 1012 com.android.settings/1000/u0 remote:a23253d}}
11-30 11:38:58.424 W/BroadcastQueue(  636): Permission Denial: broadcasting Intent { act=android.net.wifi.STATE_CHANGE flg=0x4000010 (has extras) } from null (pid=-1, uid=-1) requires android.permission.CHANGE_NETWORK_STATE due to registered receiver BroadcastFilter{b470e83 u0 ReceiverList{7da132 1012 com.android.settings/1000/u0 remote:a23253d}}
