01-01 08:00:24.300 I/LatinIME:LogUtils(  746): Dictionary info: dictionary = main:en ; version = 54 ; date = 1414726273
01-01 08:00:24.301 D/NVRAM   (  482): NVRAM daemon sync start !
01-01 08:00:24.304 W/AshmemAllocator(  287): ashmem_create_region(32768) returning hidl_memory(0xa8516170, 32768)
01-01 08:00:24.305 I/chatty  (  287): uid=1000(system) allocator@1.0-s identical 2 lines
01-01 08:00:24.306 W/AshmemAllocator(  287): ashmem_create_region(32768) returning hidl_memory(0xa8516170, 32768)
01-01 08:00:24.314 W/SoundPool(  765): Use of stream types is deprecated for operations other than volume control
01-01 08:00:24.314 W/SoundPool(  765): See the documentation of SoundPool() for what to use instead with android.media.AudioAttributes to qualify your playback use case
01-01 08:00:24.318 E/SoundPool(  765): error loading /system/media/audio/ui/Lock.ogg
01-01 08:00:24.318 W/KeyguardViewMediator(  765): failed to load lock sound from /system/media/audio/ui/Lock.ogg
01-01 08:00:24.319 E/SoundPool(  765): error loading /system/media/audio/ui/Unlock.ogg
01-01 08:00:24.319 W/KeyguardViewMediator(  765): failed to load unlock sound from /system/media/audio/ui/Unlock.ogg
01-01 08:00:24.320 E/SoundPool(  765): error loading /system/media/audio/ui/Trusted.ogg
01-01 08:00:24.320 W/KeyguardViewMediator(  765): failed to load trusted sound from /system/media/audio/ui/Trusted.ogg
01-01 08:00:24.322 I/Telecom (  629): Class: TelecomSystem.INSTANCE being set
01-01 08:00:24.322 D/KeyguardDialogManager(  765): DialogSequenceManager DialogSequenceManager()
01-01 08:00:24.323 W/ContextImpl(  629): Calling a method in the system process without a qualified user: android.app.ContextImpl.startService:1532 android.content.ContextWrapper.startService:664 com.android.server.telecom.components.TelecomService.initializeTelecomSystem:221 com.android.server.telecom.components.TelecomService.onBind:73 android.app.ActivityThread.handleBindService:3590 
01-01 08:00:24.324 I/Telecom (  629): MtkTelecomServiceImpl: [publish]adding to ServiceManager
01-01 08:00:24.325 W/Looper  (  629): Slow dispatch took 104ms main h=android.app.ActivityThread$H c=null m=121
01-01 08:00:24.326 W/ContextImpl(  629): Calling a method in the system process without a qualified user: android.app.ContextImpl.startService:1532 com.android.server.content.SyncManager$14.run:756 android.os.Handler.handleCallback:873 android.os.Handler.dispatchMessage:99 android.os.Looper.loop:193 
01-01 08:00:24.326 W/hwservicemanager(  262): getTransport: Cannot find entry vendor.mediatek.hardware.pplagent@1.0::IPplAgent/default in either framework or device manifest.
01-01 08:00:24.327 E/AntiTheftManager(  765): doPplLockCheck() - error in get PPLAgent service.
01-01 08:00:24.327 D/AntiTheftManager(  765): getInstance(...) create one.
01-01 08:00:24.327 D/AntiTheftManager(  765): AntiTheftManager() is called.
01-01 08:00:24.329 D/installd(  459): Found quota mount /dev/block/dm-2 at /data
01-01 08:00:24.329 D/installd(  459): Found storage mount /data/media at /mnt/runtime/default/emulated
01-01 08:00:24.330 D/WifiP2pService(  629): Wifi enabled=false, P2P Interface availability=true
01-01 08:00:24.330 D/WifiP2pService(  629): P2pDisabledState{ when=0 what=143377 target=com.android.internal.util.StateMachine$SmHandler }
01-01 08:00:24.331 D/WifiP2pService(  629): DefaultState{ when=0 what=143377 target=com.android.internal.util.StateMachine$SmHandler }
01-01 08:00:24.331 E/WifiP2pService(  629): Unexpected disable request when WifiChannel is null
01-01 08:00:24.331 D/MTKWifiDisplayController(  629): Received WIFI_P2P_STATE_CHANGED_ACTION: enabled=false
01-01 08:00:24.331 I/MTKWifiDisplayController(  629): updateWfdEnableState(), mWifiDisplayOnSetting:false, mWifiP2pEnabled:false
01-01 08:00:24.331 I/MTKWifiDisplayController(  629): updateWfdInfo(), enable:false,mWfdEnabling:false
01-01 08:00:24.331 V/SettingsProvider(  629): packageValueForCallResult, name = null, value : Bundle[{_track_generation=android.util.MemoryIntArray@68, value=null, _generation_index=0, _generation=3}]
01-01 08:00:24.331 V/SettingsProvider(  629): Notifying for 0: content://settings/global/boot_count
01-01 08:00:24.331 D/MTKWifiDisplayController(  629): reportFeatureState(), featureState = 2
01-01 08:00:24.331 I/MTKWifiDisplayController(  629): updateScanState(), mSinkEnabled:falsemDiscoverPeersInProgress:false
01-01 08:00:24.332 I/MTKWifiDisplayController(  629): disconnect, mRemoteDisplayInterface = null
01-01 08:00:24.332 D/WifiP2pService(  629): P2pDisabledState{ when=0 what=139323 arg2=3 obj=WFD enabled: false
01-01 08:00:24.332 D/WifiP2pService(  629):  WFD DeviceInfo: 0
01-01 08:00:24.332 D/WifiP2pService(  629):  WFD CtrlPort: 0
01-01 08:00:24.332 D/WifiP2pService(  629):  WFD MaxThroughput: 0
01-01 08:00:24.332 D/WifiP2pService(  629):  WFD Extended Capability: 0 target=com.android.internal.util.StateMachine$SmHandler }
01-01 08:00:24.332 I/MTKWifiDisplayController(  629): updateScanState(), mSinkEnabled:falsemDiscoverPeersInProgress:false
01-01 08:00:24.332 D/WifiP2pService(  629): DefaultState{ when=0 what=139323 arg2=3 obj=WFD enabled: false
01-01 08:00:24.332 D/WifiP2pService(  629):  WFD DeviceInfo: 0
01-01 08:00:24.332 D/WifiP2pService(  629):  WFD CtrlPort: 0
01-01 08:00:24.332 D/WifiP2pService(  629):  WFD MaxThroughput: 0
01-01 08:00:24.332 D/WifiP2pService(  629):  WFD Extended Capability: 0 target=com.android.internal.util.StateMachine$SmHandler }
01-01 08:00:24.332 D/MTKWifiDisplayController(  629): callback onFeatureStateChanged(): featureState = 2
01-01 08:00:24.332 D/VoiceWakeupManagerProxy(  765): getInstance(...) create one.
01-01 08:00:24.332 D/VoiceWakeupManagerProxy(  765): constructor is called.
01-01 08:00:24.333 E/VoiceWakeupManagerProxy(  765): createVoiceWakeupManagerInstance error: java.lang.ClassNotFoundException: com.mediatek.keyguard.VoiceWakeup.VoiceWakeupManager
01-01 08:00:24.334 W/MediaAnalyticsItem(  629): Unable to record: [1:codec:0:-1::0:-1:1:0:10:android.media.mediacodec.codec=OMX.google.vorbis.decoder:android.media.mediacodec.mode=audio:android.media.mediacodec.secure=0:android.media.mediacodec.encoder=0:android.media.mediacodec.mime=audio/vorbis:android.media.mediacodec.latency.max=4677:android.media.mediacodec.latency.min=1812:android.media.mediacodec.latency.avg=3037:android.media.mediacodec.latency.n=5:android.media.mediacodec.latency.unknown=2:] [forcenew=0]
01-01 08:00:24.336 W/MediaAnalyticsItem(  462): Unable to record: [1:extractor:0:-1::0:-1:1:0:3:android.media.mediaextractor.fmt=OggExtractor:android.media.mediaextractor.ntrk=1:android.media.mediaextractor.mime=application/ogg:] [forcenew=0]
01-01 08:00:24.336 D/DrmMtkUtil(  456): getProcessName() : path : [/proc/629/cmdline]
01-01 08:00:24.336 D/DrmMtkUtil/WhiteList(  456): IsDrmTrustedClient: deny client[system_server] access drm
01-01 08:00:24.338 D/DrmMtkUtil(  456): getProcessName() : path : [/proc/629/cmdline]
01-01 08:00:24.338 D/DrmMtkUtil/WhiteList(  456): IsDrmTrustedClient: deny client[system_server] access drm
01-01 08:00:24.339 I/system_server(  629): The ClassLoaderContext is a special shared library.
01-01 08:00:24.343 D/OpenGLRenderer(  765): Skia GL Pipeline
01-01 08:00:24.352 W/ContextImpl(  953): Calling a method in the system process without a qualified user: android.app.ContextImpl.startService:1532 android.content.ContextWrapper.startService:664 android.app.Activity.onPostResume:1391 android.app.Activity.performResume:7344 android.app.ActivityThread.performResumeActivity:3807 
01-01 08:00:24.355 D/OpenGLRenderer(  953): Skia GL Pipeline
01-01 08:00:24.355 I/SurfaceFactory(  953): [static] sSurfaceFactory = com.mediatek.view.impl.SurfaceFactoryImpl@b0ef605
01-01 08:00:24.356 E/APEExtractor(  462): getAPEInfo not ape 20481
01-01 08:00:24.369 I/OMXClient(  629): IOmx service obtained
01-01 08:00:24.369 I/OMXMaster(  474): makeComponentInstance(OMX.google.vorbis.decoder) in omx@1.0-service process
01-01 08:00:24.371 I/ACodec_roi(  629): + setRoiParameters 263
01-01 08:00:24.371 I/ACodec_roi(  629): - setRoiParameters 269
01-01 08:00:24.371 E/OMXNodeInstance(  474): getConfig(0xa939cae0:google.vorbis.decoder, ConfigAndroidVendorExtension(0x6f100004)) ERROR: Undefined(0x80001001)
01-01 08:00:24.372 D/ViewRootImpl[FallbackHome](  953): hardware acceleration = true , fakeHwAccelerated = false, sRendererDisabled = false, forceHwAccelerated = false, sSystemRendererDisabled = false
01-01 08:00:24.373 W/AshmemAllocator(  287): ashmem_create_region(32768) returning hidl_memory(0xa8516170, 32768)
01-01 08:00:24.374 I/chatty  (  287): uid=1000(system) allocator@1.0-s identical 1 line
01-01 08:00:24.374 W/AshmemAllocator(  287): ashmem_create_region(32768) returning hidl_memory(0xa8516170, 32768)
01-01 08:00:24.375 I/SurfaceFlinger(  314): [SF client] NEW(0xab4a5930) for (629:system_server)
01-01 08:00:24.376 W/AshmemAllocator(  287): ashmem_create_region(32768) returning hidl_memory(0xa8516170, 32768)
01-01 08:00:24.378 V/PhoneWindow(  953): DecorView setVisiblity: visibility = 0, Parent = android.view.ViewRootImpl@5b4c568, this = DecorView@88ded81[FallbackHome]
01-01 08:00:24.379 W/AshmemAllocator(  287): ashmem_create_region(32768) returning hidl_memory(0xa8516170, 32768)
01-01 08:00:24.382 I/chatty  (  287): uid=1000(system) allocator@1.0-s identical 2 lines
01-01 08:00:24.383 W/AshmemAllocator(  287): ashmem_create_region(32768) returning hidl_memory(0xa8516170, 32768)
01-01 08:00:24.387 D/NVRAM   (  482): NVRAM daemon sync end !
01-01 08:00:24.387 D/NVRAM   (  482): NVRAM daemon exits !
01-01 08:00:24.387 I/SurfaceFactory(  629): [static] sSurfaceFactory = com.mediatek.view.impl.SurfaceFactoryImpl@29e9620
01-01 08:00:24.387 I/WindowManager(  629): Relayout Window{5f84123 u0 com.android.settings/com.android.settings.FallbackHome}: oldVis=4 newVis=0 focusMayChange = true
01-01 08:00:24.388 V/OverviewProxyService(  765): Cannot attempt connection, is setup true, is enabled false
01-01 08:00:24.389 I/system_server(  629): The ClassLoaderContext is a special shared library.
01-01 08:00:24.394 I/BufferQueue(  314): [unnamed-314-2](this:0xa568d000,id:2,api:0,p:-1,c:-1) BufferQueue core=(314:/system/bin/surfaceflinger)
01-01 08:00:24.394 I/BufferQueueConsumer(  314): [unnamed-314-2](this:0xa568d000,id:2,api:0,p:-1,c:314) connect(C): consumer=(314:/system/bin/surfaceflinger) controlledByApp=false
01-01 08:00:24.394 I/BufferQueueConsumer(  314): [unnamed-314-2](this:0xa568d000,id:2,api:0,p:-1,c:314) setConsumerName: unnamed-314-2
01-01 08:00:24.394 I/BufferQueueConsumer(  314): [com.android.settings/com.android.settings.FallbackHome#0](this:0xa568d000,id:2,api:0,p:-1,c:314) setConsumerName: com.android.settings/com.android.settings.FallbackHome#0
01-01 08:00:24.394 I/BufferQueueConsumer(  314): [com.android.settings/com.android.settings.FallbackHome#0](this:0xa568d000,id:2,api:0,p:-1,c:314) setDefaultBufferSize: width=720 height=1600
01-01 08:00:24.401 W/AshmemAllocator(  287): ashmem_create_region(32768) returning hidl_memory(0xa8516170, 32768)
01-01 08:00:24.403 I/chatty  (  287): uid=1000(system) allocator@1.0-s identical 2 lines
01-01 08:00:24.404 V/WindowManager(  629): Changing focus from null to Window{5f84123 u0 com.android.settings/com.android.settings.FallbackHome} Callers=com.android.server.wm.WindowManagerService.relayoutWindow:2142 com.android.server.wm.Session.relayout:244 android.view.IWindowSession$Stub.onTransact:309 com.android.server.wm.Session.onTransact:164 
01-01 08:00:24.404 W/AshmemAllocator(  287): ashmem_create_region(32768) returning hidl_memory(0xa8516170, 32768)
01-01 08:00:24.404 D/WindowManager(  629): Input focus has changed to Window{5f84123 u0 com.android.settings/com.android.settings.FallbackHome}
01-01 08:00:24.408 I/m.android.phon(  946): The ClassLoaderContext is a special shared library.
01-01 08:00:24.409 I/WindowManager(  629): Focus moving from null to Window{5f84123 u0 com.android.settings/com.android.settings.FallbackHome}
01-01 08:00:24.416 D/Surface (  953): Surface::allocateBuffers(this=0xa18ca000)
01-01 08:00:24.422 D/WifiController(  629): DeviceActiveState CMD_SCAN_ALWAYS_MODE_CHANGED{ when=0 what=155655 target=com.android.internal.util.StateMachine$SmHandler }
01-01 08:00:24.422 D/WifiController(  629): StaEnabledState CMD_SCAN_ALWAYS_MODE_CHANGED{ when=0 what=155655 target=com.android.internal.util.StateMachine$SmHandler }
01-01 08:00:24.422 D/WifiController(  629): DefaultState CMD_SCAN_ALWAYS_MODE_CHANGED{ when=0 what=155655 target=com.android.internal.util.StateMachine$SmHandler }
01-01 08:00:24.422 V/WiredAccessoryManager(  629): notifyWiredAccessoryChanged: when=0 bits= mask=54
01-01 08:00:24.422 V/WiredAccessoryManager(  629): newName=h2w newState=0 headsetState=0 prev headsetState=0
01-01 08:00:24.422 E/WiredAccessoryManager(  629): No state change.
01-01 08:00:24.422 V/WiredAccessoryManager(  629): init()
01-01 08:00:24.425 W/MediaAnalyticsItem(  629): Unable to record: [1:codec:0:-1::0:-1:1:0:10:android.media.mediacodec.codec=OMX.google.vorbis.decoder:android.media.mediacodec.mode=audio:android.media.mediacodec.secure=0:android.media.mediacodec.encoder=0:android.media.mediacodec.mime=audio/vorbis:android.media.mediacodec.latency.max=15116:android.media.mediacodec.latency.min=7672:android.media.mediacodec.latency.avg=11062:android.media.mediacodec.latency.n=6:android.media.mediacodec.latency.unknown=2:] [forcenew=0]
01-01 08:00:24.427 W/MediaAnalyticsItem(  462): Unable to record: [1:extractor:0:-1::0:-1:1:0:3:android.media.mediaextractor.fmt=OggExtractor:android.media.mediaextractor.ntrk=1:android.media.mediaextractor.mime=application/ogg:] [forcenew=0]
01-01 08:00:24.429 D/DrmMtkUtil(  456): getProcessName() : path : [/proc/629/cmdline]
01-01 08:00:24.430 D/DrmMtkUtil/WhiteList(  456): IsDrmTrustedClient: deny client[system_server] access drm
01-01 08:00:24.435 D/DrmMtkUtil(  456): getProcessName() : path : [/proc/629/cmdline]
01-01 08:00:24.435 D/DrmMtkUtil/WhiteList(  456): IsDrmTrustedClient: deny client[system_server] access drm
01-01 08:00:24.439 I/ConfigStore(  953): android::hardware::configstore::V1_0::ISurfaceFlingerConfigs::hasWideColorDisplay retrieved: 0
01-01 08:00:24.439 I/ConfigStore(  953): android::hardware::configstore::V1_0::ISurfaceFlingerConfigs::hasHDRDisplay retrieved: 0
01-01 08:00:24.439 I/OpenGLRenderer(  953): Initialized EGL, version 1.4
01-01 08:00:24.440 D/OpenGLRenderer(  953): Swap behavior 2
01-01 08:00:24.440 E/OpenGLRenderer(  953): Device claims wide gamut support, cannot find matching config, error = EGL_SUCCESS
01-01 08:00:24.441 V/SettingsProvider(  629): packageValueForCallResult, name = null, value : Bundle[{_track_generation=android.util.MemoryIntArray@68, value=null, _generation_index=0, _generation=3}]
01-01 08:00:24.452 D/AudioALSAStreamManager(  288): setMicMute(), mMicMute: 0 => 0
01-01 08:00:24.452 D/AudioALSAStreamManager(  288): +SetInputMute(), 0
01-01 08:00:24.452 D/AudioALSAStreamManager(  288): -SetInputMute()
01-01 08:00:24.452 W/DeviceHAL(  288): Error from HAL Device in function set_mic_mute: Function not implemented
01-01 08:00:24.453 W/DeviceHAL(  288): Error from HAL Device in function set_mic_mute: Function not implemented
01-01 08:00:24.455 D/Surface (  953): Surface::connect(this=0xa18ca000,api=1)
01-01 08:00:24.456 I/BufferQueueProducer(  314): [com.android.settings/com.android.settings.FallbackHome#0](this:0xa568d000,id:2,api:1,p:953,c:314) connect(P): api=1 producer=(953:com.android.settings) producerControlledByApp=true
01-01 08:00:24.457 D/TelephonyProvider(  946): Version=1704200
01-01 08:00:24.458 D/mali_winsys(  953): EGLint new_window_surface(egl_winsys_display *, void *, EGLSurface, EGLConfig, egl_winsys_surface **, EGLBoolean) returns 0x3000
01-01 08:00:24.468 E/APEExtractor(  462): getAPEInfo not ape 20483
01-01 08:00:24.469 E/gralloc (  953): Arm Module v1.0
01-01 08:00:24.469 I/vol.Events(  765): writeEvent collection_started
01-01 08:00:24.472 D/TelephonyProvider(  946): dbh.onOpen: ok, queried table=siminfo
01-01 08:00:24.473 D/TelephonyProvider(  946): dbh.onOpen: ok, queried table=carriers
01-01 08:00:24.473 E/ion     (  953): ioctl c0044901 failed with code -1: Invalid argument
01-01 08:00:24.482 D/CarrierIdProvider(  946): onCreate
01-01 08:00:24.485 I/vendor.mediatek.hardware.power@2.0-impl(  304): powerHintAsync hint:8, data:0
01-01 08:00:24.486 D/DisplayManagerService(  629): Display 0 hasContent flag changed: hasContent=true, inTraversal=true
01-01 08:00:24.489 I/PowerWrap(  629): PowerHal_Wrap_mtkPowerHint
01-01 08:00:24.489 I/PowerWrap(  629): PowerHal_Wrap_mtkPowerHint
01-01 08:00:24.489 I/PowerWrap(  629): PowerHal_Wrap_querySysInfo
01-01 08:00:24.489 E/PowerHalWrapper(  629): <amsBoostStop> duration: 6000ms
01-01 08:00:24.489 I/PowerWrap(  629): PowerHal_Wrap_mtkPowerHint
01-01 08:00:24.490 I/PowerWrap(  629): PowerHal_Wrap_mtkPowerHint
01-01 08:00:24.491 I/ActivityManager(  629): Displayed com.android.settings/.FallbackHome: +572ms
01-01 08:00:24.492 I/WindowManager(  629): enableScreenAfterBoot: mDisplayEnabled=false mForceDisplayEnabled=false mShowingBootMessages=false mSystemBooted=false
01-01 08:00:24.492 I/WindowManager(  629): java.lang.RuntimeException: here
01-01 08:00:24.492 I/WindowManager(  629): 	at com.android.server.wm.WindowManagerService.enableScreenAfterBoot(WindowManagerService.java:3426)
01-01 08:00:24.492 I/WindowManager(  629): 	at com.android.server.am.ActivityManagerService.enableScreenAfterBoot(ActivityManagerService.java:8125)
01-01 08:00:24.492 I/WindowManager(  629): 	at com.android.server.am.ActivityManagerService$MainHandler.handleMessage(ActivityManagerService.java:2466)
01-01 08:00:24.492 I/WindowManager(  629): 	at android.os.Handler.dispatchMessage(Handler.java:106)
01-01 08:00:24.492 I/WindowManager(  629): 	at android.os.Looper.loop(Looper.java:193)
01-01 08:00:24.492 I/WindowManager(  629): 	at android.os.HandlerThread.run(HandlerThread.java:65)
01-01 08:00:24.492 I/WindowManager(  629): 	at com.android.server.ServiceThread.run(ServiceThread.java:44)
01-01 08:00:24.493 I/InputReader(  629): Reconfiguring input devices.  changes=0x00000004
01-01 08:00:24.493 I/WindowManager(  629): hideBootMessagesLocked: mDisplayEnabled=false mForceDisplayEnabled=false mShowingBootMessages=false mSystemBooted=true
01-01 08:00:24.493 I/WindowManager(  629): java.lang.RuntimeException: here
01-01 08:00:24.493 I/WindowManager(  629): 	at com.android.server.wm.WindowManagerService.hideBootMessagesLocked(WindowManagerService.java:3620)
01-01 08:00:24.493 I/WindowManager(  629): 	at com.android.server.wm.WindowManagerService.enableScreenAfterBoot(WindowManagerService.java:3436)
01-01 08:00:24.493 I/WindowManager(  629): 	at com.android.server.am.ActivityManagerService.enableScreenAfterBoot(ActivityManagerService.java:8125)
01-01 08:00:24.493 I/WindowManager(  629): 	at com.android.server.am.ActivityManagerService$MainHandler.handleMessage(ActivityManagerService.java:2466)
01-01 08:00:24.493 I/WindowManager(  629): 	at android.os.Handler.dispatchMessage(Handler.java:106)
01-01 08:00:24.493 I/WindowManager(  629): 	at android.os.Looper.loop(Looper.java:193)
01-01 08:00:24.493 I/WindowManager(  629): 	at android.os.HandlerThread.run(HandlerThread.java:65)
01-01 08:00:24.493 I/WindowManager(  629): 	at com.android.server.ServiceThread.run(ServiceThread.java:44)
01-01 08:00:24.493 W/KeyguardServiceDelegate(  629): onScreenTurningOn(): no keyguard service!
01-01 08:00:24.494 D/CarrierIdProvider(  946): update database from pb file
01-01 08:00:24.494 I/WindowManager(  629): performEnableScreen: mDisplayEnabled=false mForceDisplayEnabled=false mShowingBootMessages=false mSystemBooted=true mOnlyCore=false
01-01 08:00:24.494 I/WindowManager(  629): java.lang.RuntimeException: here
01-01 08:00:24.494 I/WindowManager(  629): 	at com.android.server.wm.WindowManagerService.performEnableScreen(WindowManagerService.java:3499)
01-01 08:00:24.494 I/WindowManager(  629): 	at com.android.server.wm.WindowManagerService.enableScreenAfterBoot(WindowManagerService.java:3444)
01-01 08:00:24.494 I/WindowManager(  629): 	at com.android.server.am.ActivityManagerService.enableScreenAfterBoot(ActivityManagerService.java:8125)
01-01 08:00:24.494 I/WindowManager(  629): 	at com.android.server.am.ActivityManagerService$MainHandler.handleMessage(ActivityManagerService.java:2466)
01-01 08:00:24.494 I/WindowManager(  629): 	at android.os.Handler.dispatchMessage(Handler.java:106)
01-01 08:00:24.494 I/WindowManager(  629): 	at android.os.Looper.loop(Looper.java:193)
01-01 08:00:24.494 I/WindowManager(  629): 	at android.os.HandlerThread.run(HandlerThread.java:65)
01-01 08:00:24.494 I/WindowManager(  629): 	at com.android.server.ServiceThread.run(ServiceThread.java:44)
01-01 08:00:24.503 E/CarrierIdProvider(  946): read carrier list from ota pb failure: java.io.FileNotFoundException: /data/misc/carrierid/carrier_list.pb (No such file or directory)
01-01 08:00:24.503 D/CarrierIdProvider(  946): latest version: 2 need update: false
01-01 08:00:24.503 I/WindowManager(  629): performEnableScreen: mDisplayEnabled=false mForceDisplayEnabled=false mShowingBootMessages=false mSystemBooted=true mOnlyCore=false
01-01 08:00:24.503 I/WindowManager(  629): java.lang.RuntimeException: here
01-01 08:00:24.503 I/WindowManager(  629): 	at com.android.server.wm.WindowManagerService.performEnableScreen(WindowManagerService.java:3499)
01-01 08:00:24.503 I/WindowManager(  629): 	at com.android.server.wm.WindowManagerService.access$1100(WindowManagerService.java:285)
01-01 08:00:24.503 I/WindowManager(  629): 	at com.android.server.wm.WindowManagerService$H.handleMessage(WindowManagerService.java:4900)
01-01 08:00:24.503 I/WindowManager(  629): 	at android.os.Handler.dispatchMessage(Handler.java:106)
01-01 08:00:24.503 I/WindowManager(  629): 	at android.os.Looper.loop(Looper.java:193)
01-01 08:00:24.503 I/WindowManager(  629): 	at android.os.HandlerThread.run(HandlerThread.java:65)
01-01 08:00:24.503 I/WindowManager(  629): 	at com.android.server.ServiceThread.run(ServiceThread.java:44)
01-01 08:00:24.503 I/OMXClient(  629): IOmx service obtained
01-01 08:00:24.504 I/OMXMaster(  474): makeComponentInstance(OMX.google.vorbis.decoder) in omx@1.0-service process
01-01 08:00:24.505 D/CarrierProvider(  946): onCreate
01-01 08:00:24.506 I/ACodec_roi(  629): + setRoiParameters 263
01-01 08:00:24.506 I/ACodec_roi(  629): - setRoiParameters 269
01-01 08:00:24.506 E/OMXNodeInstance(  474): getConfig(0xa939cae0:google.vorbis.decoder, ConfigAndroidVendorExtension(0x6f100004)) ERROR: Undefined(0x80001001)
01-01 08:00:24.507 V/MtkWfcUtility(  629): Clear Saved Network Channel due to Wi-Fi disabled
01-01 08:00:24.507 I/WifiScanningService(  629): wifi driver unloaded
01-01 08:00:24.508 D/WifiP2pService(  629): Wifi enabled=true, P2P Interface availability=true, Number of clients=1
01-01 08:00:24.508 D/WifiP2pService(  629): Wifi enabled=true, P2P Interface availability=true
01-01 08:00:24.508 D/WifiP2pService(  629): P2pDisabledState{ when=-1ms what=143376 target=com.android.internal.util.StateMachine$SmHandler }
01-01 08:00:24.509 D/ConditionProviders.SCP(  629): onSubscribe condition://android/schedule?days=1.2.3.4.5.6.7&start=22.0&end=7.0&exitAtAlarm=true
01-01 08:00:24.509 D/WifiP2pNative(  629): Setup P2P interface
01-01 08:00:24.509 D/ConditionProviders.SCP(  629): setRegistered true
01-01 08:00:24.509 D/MTKWifiDisplayController(  629): Received WIFI_P2P_STATE_CHANGED_ACTION: enabled=true
01-01 08:00:24.510 I/MTKWifiDisplayController(  629): updateWfdEnableState(), mWifiDisplayOnSetting:false, mWifiP2pEnabled:true
01-01 08:00:24.510 I/MTKWifiDisplayController(  629): updateWfdInfo(), enable:false,mWfdEnabling:false
01-01 08:00:24.510 D/MTKWifiDisplayController(  629): reportFeatureState(), featureState = 2
01-01 08:00:24.510 I/MTKWifiDisplayController(  629): updateScanState(), mSinkEnabled:falsemDiscoverPeersInProgress:false
01-01 08:00:24.510 I/MTKWifiDisplayController(  629): disconnect, mRemoteDisplayInterface = null
01-01 08:00:24.510 I/MTKWifiDisplayController(  629): updateScanState(), mSinkEnabled:falsemDiscoverPeersInProgress:false
01-01 08:00:24.510 D/MTKWifiDisplayController(  629): callback onFeatureStateChanged(): featureState = 2
01-01 08:00:24.512 D/ConditionProviders.SCP(  629): evaluateSubscriptionLocked cal=ScheduleCalendar[mDays={1, 2, 3, 4, 5, 6, 7}, mSchedule=ScheduleInfo{days=[1, 2, 3, 4, 5, 6, 7], startHour=22, startMinute=0, endHour=7, endMinute=0, exitAtAlarm=true, nextAlarm=Thu Jan 01 08:00:00 GMT+08:00 1970 (0)}], now=Fri Jan 01 08:00:24 GMT+08:00 2010 (1262304024509), nextUserAlarmTime=Thu Jan 01 08:00:00 GMT+08:00 1970 (0)
01-01 08:00:24.512 D/ConditionProviders.SCP(  629): notifyCondition condition://android/schedule?days=1.2.3.4.5.6.7&start=22.0&end=7.0&exitAtAlarm=true STATE_FALSE reason=!meetsSchedule
01-01 08:00:24.513 W/AshmemAllocator(  287): ashmem_create_region(32768) returning hidl_memory(0xa8516170, 32768)
01-01 08:00:24.514 D/ConditionProviders.SCP(  629): Scheduling evaluate for Fri Jan 01 22:00:00 GMT+08:00 2010 (1262354400000), in +13h59m35s491ms, now=Fri Jan 01 08:00:24 GMT+08:00 2010 (1262304024509)
01-01 08:00:24.515 E/ActivityThread(  629): Failed to find provider info for com.android.calendar
01-01 08:00:24.515 E/ActivityThread(  629): Failed to find provider info for com.android.calendar
01-01 08:00:24.521 I/chatty  (  287): uid=1000(system) allocator@1.0-s identical 6 lines
01-01 08:00:24.522 W/AshmemAllocator(  287): ashmem_create_region(32768) returning hidl_memory(0xa8516170, 32768)
01-01 08:00:24.524 I/vol.Events(  765): writeEvent external_ringer_mode_changed normal
01-01 08:00:24.524 I/vol.Events(  765): writeEvent internal_ringer_mode_changed normal
01-01 08:00:24.525 I/vol.Events(  765): writeEvent level_changed STREAM_SYSTEM 5
01-01 08:00:24.531 I/Telecom (  629): WiredHeadsetManager: ACTION_HEADSET_PLUG event, plugged in: false, : WHC.oADA@AAE
01-01 08:00:24.537 D/MediaSessionService(  629): Global priority session is changed from null to com.android.server.telecom/HeadsetMediaButton (userId=0)
01-01 08:00:24.539 W/AshmemAllocator(  287): ashmem_create_region(32768) returning hidl_memory(0xa8516170, 32768)
01-01 08:00:24.539 I/ImsResolver(  946): Initializing cache and binding.
01-01 08:00:24.540 E/WifiBackgroundScanStateMachine(  629): invalid max buckets in scan capabilities -1327497216
01-01 08:00:24.540 W/AshmemAllocator(  287): ashmem_create_region(32768) returning hidl_memory(0xa8516170, 32768)
01-01 08:00:24.541 I/chatty  (  287): uid=1000(system) allocator@1.0-s identical 1 line
01-01 08:00:24.542 W/AshmemAllocator(  287): ashmem_create_region(32768) returning hidl_memory(0xa8516170, 32768)
01-01 08:00:24.543 I/AutofillManagerService(  629): Updating Autofill for user 0: disabled=false
01-01 08:00:24.545 I/SyncManager(  629): Got SyncJobService instance.
01-01 08:00:24.551 V/WindowManager(  629): broadcast VOLUME_CHANGED_ACTION received
01-01 08:00:24.551 I/chatty  (  629): uid=1000 system_server identical 7 lines
01-01 08:00:24.551 V/WindowManager(  629): broadcast VOLUME_CHANGED_ACTION received
01-01 08:00:24.557 I/FusedLocation(  629): engine started (com.android.location.fused)
01-01 08:00:24.557 W/Looper  (  629): Drained
01-01 08:00:24.569 I/SupplicantP2pIfaceHal(  629): Registering ISupplicant service ready callback.
01-01 08:00:24.578 W/MediaAnalyticsItem(  629): Unable to record: [1:codec:0:-1::0:-1:1:0:10:android.media.mediacodec.codec=OMX.google.vorbis.decoder:android.media.mediacodec.mode=audio:android.media.mediacodec.secure=0:android.media.mediacodec.encoder=0:android.media.mediacodec.mime=audio/vorbis:android.media.mediacodec.latency.max=6191:android.media.mediacodec.latency.min=2253:android.media.mediacodec.latency.avg=3641:android.media.mediacodec.latency.n=13:android.media.mediacodec.latency.unknown=2:] [forcenew=0]
01-01 08:00:24.580 W/MediaAnalyticsItem(  462): Unable to record: [1:extractor:0:-1::0:-1:1:0:3:android.media.mediaextractor.fmt=OggExtractor:android.media.mediaextractor.ntrk=1:android.media.mediaextractor.mime=application/ogg:] [forcenew=0]
01-01 08:00:24.580 D/DrmMtkUtil(  456): getProcessName() : path : [/proc/629/cmdline]
01-01 08:00:24.581 I/android_os_HwBinder(  629): HwBinder: Starting thread pool for default::android.hidl.manager@1.0::IServiceManager
01-01 08:00:24.581 D/DrmMtkUtil/WhiteList(  456): IsDrmTrustedClient: deny client[system_server] access drm
01-01 08:00:24.582 I/SupplicantP2pIfaceHal(  629): IServiceNotification.onRegistration for: android.hardware.wifi.supplicant@1.0::ISupplicant, default preexisting=true
01-01 08:00:24.584 I/android_os_HwBinder(  629): HwBinder: Starting thread pool for default::android.hardware.wifi.supplicant@1.0::ISupplicant
01-01 08:00:24.584 D/DrmMtkUtil(  456): getProcessName() : path : [/proc/629/cmdline]
01-01 08:00:24.584 D/DrmMtkUtil/WhiteList(  456): IsDrmTrustedClient: deny client[system_server] access drm
01-01 08:00:24.584 I/SupplicantP2pIfaceHal(  629): Completed initialization of ISupplicant interfaces.
01-01 08:00:24.588 E/APEExtractor(  462): getAPEInfo not ape 20481
01-01 08:00:24.593 D/OperatorCustomizationFactoryLoader(  946): Slot -1's OperatorInfo is__
01-01 08:00:24.593 D/OperatorCustomizationFactoryLoader(  946): It's OM load or parse failed, because operator is null
01-01 08:00:24.593 E/OperatorCustomizationFactoryLoader(  946): can not find operatorFactoryInfo by slot id -1 from 
01-01 08:00:24.593 E/OperatorCustomizationFactoryLoader(  946): 0: OperatorFactoryInfo(OP18_null_null:OP18Ims.jar:com.mediatek.op18.ims.Op18ImsCustomizationFactory:null)
01-01 08:00:24.593 E/OperatorCustomizationFactoryLoader(  946): 1: OperatorFactoryInfo(OP15_null_null:OP15Ims.jar:com.mediatek.op15.ims.Op15ImsCustomizationFactory:null)
01-01 08:00:24.596 I/OMXClient(  629): IOmx service obtained
01-01 08:00:24.597 I/OMXMaster(  474): makeComponentInstance(OMX.google.vorbis.decoder) in omx@1.0-service process
01-01 08:00:24.599 I/ACodec_roi(  629): + setRoiParameters 263
01-01 08:00:24.599 I/ACodec_roi(  629): - setRoiParameters 269
01-01 08:00:24.600 E/OMXNodeInstance(  474): getConfig(0xa939cae0:google.vorbis.decoder, ConfigAndroidVendorExtension(0x6f100004)) ERROR: Undefined(0x80001001)
01-01 08:00:24.603 W/AshmemAllocator(  287): ashmem_create_region(32768) returning hidl_memory(0xa8516170, 32768)
01-01 08:00:24.610 I/chatty  (  287): uid=1000(system) allocator@1.0-s identical 6 lines
01-01 08:00:24.610 W/AshmemAllocator(  287): ashmem_create_region(32768) returning hidl_memory(0xa8516170, 32768)
01-01 08:00:24.613 D/PowerSM (  946): mDesiredModemPower: true mCurrentModemPower: true
01-01 08:00:24.621 W/AshmemAllocator(  287): ashmem_create_region(32768) returning hidl_memory(0xa8516170, 32768)
01-01 08:00:24.622 I/chatty  (  287): uid=1000(system) allocator@1.0-s identical 2 lines
01-01 08:00:24.623 W/AshmemAllocator(  287): ashmem_create_region(32768) returning hidl_memory(0xa8516170, 32768)
01-01 08:00:24.624 I/vol.Events(  765): writeEvent level_changed STREAM_VOICE_CALL 2
01-01 08:00:24.633 I/vol.Events(  765): writeEvent level_changed STREAM_RING 5
01-01 08:00:24.636 I/vol.Events(  765): writeEvent level_changed STREAM_MUSIC 5
01-01 08:00:24.639 D/OperatorCustomizationFactoryLoader(  946): Slot -1's OperatorInfo is__
01-01 08:00:24.639 D/OperatorCustomizationFactoryLoader(  946): It's OM load or parse failed, because operator is null
01-01 08:00:24.639 E/OperatorCustomizationFactoryLoader(  946): can not find operatorFactoryInfo by slot id -1 from 
01-01 08:00:24.639 E/OperatorCustomizationFactoryLoader(  946): 0: OperatorFactoryInfo(OP01_null_null:OP01Telephony.jar:com.mediatek.op01.telephony.Op01TelephonyCustomizationFactory:null)
01-01 08:00:24.639 E/OperatorCustomizationFactoryLoader(  946): 1: OperatorFactoryInfo(OP02_null_null:OP02Telephony.jar:com.mediatek.op02.telephony.Op02TelephonyCustomizationFactory:null)
01-01 08:00:24.639 E/OperatorCustomizationFactoryLoader(  946): 2: OperatorFactoryInfo(OP08_null_null:OP08Telephony.jar:com.mediatek.op08.telephony.Op08TelephonyCustomizationFactory:null)
01-01 08:00:24.639 E/OperatorCustomizationFactoryLoader(  946): 3: OperatorFactoryInfo(OP09_null_SEGC:OP09CTelephony.jar:com.mediatek.op09c.telephony.Op09CTelephonyCustomizationFactory:null)
01-01 08:00:24.639 E/OperatorCustomizationFactoryLoader(  946): 4: OperatorFactoryInfo(OP12_null_null:OP12Telephony.jar:com.mediatek.op12.telephony.Op12TelephonyCustomizationFactory:null)
01-01 08:00:24.639 E/OperatorCustomizationFactoryLoader(  946): 5: OperatorFactoryInfo(OP07_null_null:OP07Telephony.jar:com.mediatek.op07.telephony.Op07TelephonyCustomizationFactory:null)
01-01 08:00:24.639 E/OperatorCustomizationFactoryLoader(  946): 6: OperatorFactoryInfo(OP18_null_null:OP18Telephony.jar:com.mediatek.op18.telephony.Op18TelephonyCustomizationFactory:null)
01-01 08:00:24.642 W/MediaAnalyticsItem(  629): Unable to record: [1:codec:0:-1::0:-1:1:0:10:android.media.mediacodec.codec=OMX.google.vorbis.decoder:android.media.mediacodec.mode=audio:android.media.mediacodec.secure=0:android.media.mediacodec.encoder=0:android.media.mediacodec.mime=audio/vorbis:android.media.mediacodec.latency.max=5641:android.media.mediacodec.latency.min=1790:android.media.mediacodec.latency.avg=4049:android.media.mediacodec.latency.n=6:android.media.mediacodec.latency.unknown=2:] [forcenew=0]
01-01 08:00:24.644 D/DrmMtkUtil(  456): getProcessName() : path : [/proc/629/cmdline]
01-01 08:00:24.644 W/MediaAnalyticsItem(  462): Unable to record: [1:extractor:0:-1::0:-1:1:0:3:android.media.mediaextractor.fmt=OggExtractor:android.media.mediaextractor.ntrk=1:android.media.mediaextractor.mime=application/ogg:] [forcenew=0]
01-01 08:00:24.644 D/DrmMtkUtil/WhiteList(  456): IsDrmTrustedClient: deny client[system_server] access drm
01-01 08:00:24.645 I/vol.Events(  765): writeEvent level_changed STREAM_ALARM 5
01-01 08:00:24.646 D/DrmMtkUtil(  456): getProcessName() : path : [/proc/629/cmdline]
01-01 08:00:24.647 D/DrmMtkUtil/WhiteList(  456): IsDrmTrustedClient: deny client[system_server] access drm
01-01 08:00:24.650 I/vol.Events(  765): writeEvent level_changed STREAM_BLUETOOTH_SCO 7
01-01 08:00:24.651 E/APEExtractor(  462): getAPEInfo not ape 20483
01-01 08:00:24.657 D/@M_MtkDupSmsFilter(  946): call constructor
01-01 08:00:24.658 I/SurfaceFactory(  765): [static] sSurfaceFactory = com.mediatek.view.impl.SurfaceFactoryImpl@a881a9f
01-01 08:00:24.660 I/vol.Events(  765): writeEvent zen_mode_config_changed [disallowAlarms=false disallowMedia=false disallowSystem=true disallowRinger=false]
01-01 08:00:24.662 I/OMXClient(  629): IOmx service obtained
01-01 08:00:24.663 I/OMXMaster(  474): makeComponentInstance(OMX.google.vorbis.decoder) in omx@1.0-service process
01-01 08:00:24.666 I/ACodec_roi(  629): + setRoiParameters 263
01-01 08:00:24.666 I/ACodec_roi(  629): - setRoiParameters 269
01-01 08:00:24.667 E/OMXNodeInstance(  474): getConfig(0xa939cae0:google.vorbis.decoder, ConfigAndroidVendorExtension(0x6f100004)) ERROR: Undefined(0x80001001)
01-01 08:00:24.669 W/AshmemAllocator(  287): ashmem_create_region(32768) returning hidl_memory(0xa8516170, 32768)
01-01 08:00:24.670 I/chatty  (  287): uid=1000(system) allocator@1.0-s identical 1 line
01-01 08:00:24.671 W/AshmemAllocator(  287): ashmem_create_region(32768) returning hidl_memory(0xa8516170, 32768)
01-01 08:00:24.671 D/ViewRootImpl[DockedStackDivider](  765): hardware acceleration = true , fakeHwAccelerated = false, sRendererDisabled = false, forceHwAccelerated = false, sSystemRendererDisabled = false
01-01 08:00:24.671 W/AshmemAllocator(  287): ashmem_create_region(32768) returning hidl_memory(0xa8516170, 32768)
01-01 08:00:24.676 W/AshmemAllocator(  287): ashmem_create_region(32768) returning hidl_memory(0xa8516170, 32768)
01-01 08:00:24.677 I/SurfaceFlinger(  314): [SF client] NEW(0xa575c490) for (629:system_server)
01-01 08:00:24.677 W/AshmemAllocator(  287): ashmem_create_region(32768) returning hidl_memory(0xa8516170, 32768)
01-01 08:00:24.678 I/chatty  (  287): uid=1000(system) allocator@1.0-s identical 1 line
01-01 08:00:24.679 W/AshmemAllocator(  287): ashmem_create_region(32768) returning hidl_memory(0xa8516170, 32768)
01-01 08:00:24.685 I/android_os_HwBinder(  629): HwBinder: Starting thread pool for default::android.hardware.wifi.supplicant@1.0::ISupplicant
01-01 08:00:24.686 D/SupplicantP2pIfaceHal(  629): entering addInterface({.type = P2P, .name = p2p0})
01-01 08:00:24.689 I/android_os_HwBinder(  629): HwBinder: Starting thread pool for default::android.hardware.wifi.supplicant@1.0::ISupplicant
01-01 08:00:24.690 W/AshmemAllocator(  287): ashmem_create_region(32768) returning hidl_memory(0xa8516170, 32768)
01-01 08:00:24.691 I/chatty  (  287): uid=1000(system) allocator@1.0-s identical 2 lines
01-01 08:00:24.692 W/AshmemAllocator(  287): ashmem_create_region(32768) returning hidl_memory(0xa8516170, 32768)
01-01 08:00:24.697 I/wpa_supplicant(  845): rfkill: Cannot open RFKILL control device
01-01 08:00:24.698 I/EthernetTracker(  629): interfaceLinkStateChanged, iface: p2p0, up: false
01-01 08:00:24.700 I/EthernetTracker(  629): interfaceLinkStateChanged, iface: p2p0, up: false
01-01 08:00:24.709 D/NetworkController.WifiSignalController(  765): constructor
01-01 08:00:24.714 I/WifiService(  629): getWifiServiceMessenger uid=10023
01-01 08:00:24.716 D/NetworkController.EthernetSignalController(  765): constructor
01-01 08:00:24.719 D/MtkConnectivityService(  629): requestNetwork for uid/pid:10023/765 NetworkRequest [ TRACK_DEFAULT id=9, [ Capabilities: INTERNET&NOT_RESTRICTED&TRUSTED Unwanted:  Uid: 10023] ]
01-01 08:00:24.720 D/Ethernet(  629): got request NetworkRequest [ TRACK_DEFAULT id=9, [ Capabilities: INTERNET&NOT_RESTRICTED&TRUSTED Unwanted:  Uid: 10023] ] with score 0
01-01 08:00:24.721 D/OperatorCustomizationFactoryLoader(  765): Slot -1's OperatorInfo is__
01-01 08:00:24.721 D/OperatorCustomizationFactoryLoader(  765): It's OM load or parse failed, because operator is null
01-01 08:00:24.721 E/OperatorCustomizationFactoryLoader(  765): can not find operatorFactoryInfo by slot id -1 from 
01-01 08:00:24.721 E/OperatorCustomizationFactoryLoader(  765): 0: OperatorFactoryInfo(OP03_null_SEGDEFAULT:OP03SystemUI.apk:com.mediatek.op03.systemui.Op03SystemUICustomizationFactory:com.mediatek.op03.systemui)
01-01 08:00:24.721 E/OperatorCustomizationFactoryLoader(  765): 1: OperatorFactoryInfo(OP07_null_SEGDEFAULT:OP07SystemUI.apk:com.mediatek.op07.systemui.OP07SystemUICustomizationFactory:com.mediatek.op07.systemui)
01-01 08:00:24.721 E/OperatorCustomizationFactoryLoader(  765): 2: OperatorFactoryInfo(OP18_null_SEGDEFAULT:OP18SystemUI.apk:com.mediatek.op18.systemui.Op18SystemUICustomizationFactory:com.mediatek.op18.systemui)
01-01 08:00:24.721 E/OperatorCustomizationFactoryLoader(  765): 3: OperatorFactoryInfo(OP01_null_null:OP01SystemUI.apk:com.mediatek.systemui.op01.Op01SystemUICustomizationFactory:com.mediatek.systemui.op01)
01-01 08:00:24.721 E/OperatorCustomizationFactoryLoader(  765): 4: OperatorFactoryInfo(OP02_null_null:OP02SystemUI.apk:com.mediatek.systemui.op02.Op02SystemUICustomizationFactory:com.mediatek.systemui.op02)
01-01 08:00:24.721 E/OperatorCustomizationFactoryLoader(  765): 5: OperatorFactoryInfo(OP09_null_SEGDEFAULT:OP09SystemUI.apk:com.mediatek.systemui.op09.Op09SystemUICustomizationFactory:com.mediatek.systemui.op09)
01-01 08:00:24.721 E/OperatorCustomizationFactoryLoader(  765): 6: OperatorFactoryInfo(OP09_null_SEGC:OP09ClipSystemUI.apk:com.mediatek.systemui.op09clip.Op09SystemUICustomizationFactory:com.mediatek.systemui.op09clip)
01-01 08:00:24.721 E/OperatorCustomizationFactoryLoader(  765): 7: OperatorFactoryInfo(OP08_null_null:OP08SystemUI.apk:com.mediatek.op08.systemui.Op08SystemUICustomizationFactory:com.mediatek.op08.systemui)
01-01 08:00:24.721 E/OperatorCustomizationFactoryLoader(  765): 8: OperatorFactoryInfo(OP20_null_null:OP20SystemUI.apk:com.mediatek.op20.systemui.Op20SystemUICustomizationFactory:com.mediatek.op20.systemui)
01-01 08:00:24.723 W/MediaAnalyticsItem(  629): Unable to record: [1:codec:0:-1::0:-1:1:0:10:android.media.mediacodec.codec=OMX.google.vorbis.decoder:android.media.mediacodec.mode=audio:android.media.mediacodec.secure=0:android.media.mediacodec.encoder=0:android.media.mediacodec.mime=audio/vorbis:android.media.mediacodec.latency.max=5314:android.media.mediacodec.latency.min=2105:android.media.mediacodec.latency.avg=2972:android.media.mediacodec.latency.n=13:android.media.mediacodec.latency.unknown=2:] [forcenew=0]
01-01 08:00:24.724 W/MediaAnalyticsItem(  462): Unable to record: [1:extractor:0:-1::0:-1:1:0:3:android.media.mediaextractor.fmt=OggExtractor:android.media.mediaextractor.ntrk=1:android.media.mediaextractor.mime=application/ogg:] [forcenew=0]
01-01 08:00:24.725 D/DrmMtkUtil(  456): getProcessName() : path : [/proc/629/cmdline]
01-01 08:00:24.725 D/DrmMtkUtil/WhiteList(  456): IsDrmTrustedClient: deny client[system_server] access drm
01-01 08:00:24.726 I/DefaultPermGrantPolicy(  629): Revoking permissions from disabled data services for user:0
01-01 08:00:24.727 D/DrmMtkUtil(  456): getProcessName() : path : [/proc/629/cmdline]
01-01 08:00:24.727 I/DefaultPermGrantPolicy(  629): Granting permissions to enabled data services for user:0
01-01 08:00:24.727 D/DrmMtkUtil/WhiteList(  456): IsDrmTrustedClient: deny client[system_server] access drm
01-01 08:00:24.729 D/NetworkController(  765): subscriptions is null
01-01 08:00:24.735 E/APEExtractor(  462): getAPEInfo not ape 20483
01-01 08:00:24.738 D/incidentd(  457): Start uploading backlogs in /data/misc/incidents/
01-01 08:00:24.739 D/incidentd(  457): Successfully uploaded 0 files to Dropbox.
01-01 08:00:24.746 E/wpa_supplicant(  845): global ctrl interface @android:wpa_wlan0 matches ctrl interface wlan0 - do not open per-interface ctrl interface
01-01 08:00:24.749 D/SupplicantP2pIfaceHal(  629): addInterface({.type = P2P, .name = p2p0}) completed successfully.
01-01 08:00:24.749 D/SupplicantP2pIfaceHal(  629): leaving addInterface({.type = P2P, .name = p2p0}) with result = android.hardware.wifi.supplicant@1.0::ISupplicantP2pIface@Proxy
01-01 08:00:24.752 D/ViewRootImpl[AssistPreviewPanel](  765): hardware acceleration = true , fakeHwAccelerated = false, sRendererDisabled = false, forceHwAccelerated = false, sSystemRendererDisabled = false
01-01 08:00:24.753 D/SupplicantP2pIfaceHal(  629): entering registerCallback()
01-01 08:00:24.754 I/OMXClient(  629): IOmx service obtained
01-01 08:00:24.754 D/SupplicantP2pIfaceHal(  629): registerCallback() completed successfully.
01-01 08:00:24.754 D/SupplicantP2pIfaceHal(  629): leaving registerCallback()
01-01 08:00:24.754 I/WifiP2pNative(  629): P2P interface setup completed
01-01 08:00:24.755 I/OMXMaster(  474): makeComponentInstance(OMX.google.vorbis.decoder) in omx@1.0-service process
01-01 08:00:24.758 D/CommandListener(  465): Setting iface cfg
01-01 08:00:24.758 D/CommandListener(  465): Trying to bring up p2p0
01-01 08:00:24.759 D/WifiP2pService(  629): P2pEnabledState
01-01 08:00:24.759 D/WifiP2pService(  629): sending p2p connection changed broadcast
01-01 08:00:24.760 I/ACodec_roi(  629): + setRoiParameters 263
01-01 08:00:24.760 I/ACodec_roi(  629): - setRoiParameters 269
01-01 08:00:24.760 E/OMXNodeInstance(  474): getConfig(0xa939cae0:google.vorbis.decoder, ConfigAndroidVendorExtension(0x6f100004)) ERROR: Undefined(0x80001001)
01-01 08:00:24.761 E/WifiP2pService(  629): sendP2pConnectionChangedBroadcast(): WifiChannel is null
01-01 08:00:24.761 D/MTKWifiDisplayController(  629): Received WIFI_P2P_CONNECTION_CHANGED_ACTION: isConnected? false, reason = -1
01-01 08:00:24.761 D/SupplicantP2pIfaceHal(  629): entering setWpsDeviceName(Android_999a)
01-01 08:00:24.761 D/MTKWifiDisplayController(  629): updateWifiP2pChannelId(), id:-1
01-01 08:00:24.761 I/MTKWifiDisplayController(  629): handleConnectionChanged(), mWfdEnabled:false
01-01 08:00:24.762 D/SupplicantP2pIfaceHal(  629): setWpsDeviceName(Android_999a) completed successfully.
01-01 08:00:24.762 D/SupplicantP2pIfaceHal(  629): leaving setWpsDeviceName(Android_999a)
01-01 08:00:24.763 D/SupplicantP2pIfaceHal(  629): entering setSsidPostfix(-Android_999a)
01-01 08:00:24.766 W/AshmemAllocator(  287): ashmem_create_region(32768) returning hidl_memory(0xa8516170, 32768)
01-01 08:00:24.767 I/chatty  (  287): uid=1000(system) allocator@1.0-s identical 2 lines
01-01 08:00:24.768 W/AshmemAllocator(  287): ashmem_create_region(32768) returning hidl_memory(0xa8516170, 32768)
01-01 08:00:24.769 D/SupplicantP2pIfaceHal(  629): setSsidPostfix(-Android_999a) completed successfully.
01-01 08:00:24.771 W/AshmemAllocator(  287): ashmem_create_region(32768) returning hidl_memory(0xa8516170, 32768)
01-01 08:00:24.771 W/AshmemAllocator(  287): ashmem_create_region(32768) returning hidl_memory(0xa8516170, 32768)
01-01 08:00:24.771 D/SupplicantP2pIfaceHal(  629): leaving setSsidPostfix(-Android_999a)
01-01 08:00:24.772 D/SupplicantP2pIfaceHal(  629): entering setWpsDeviceType(10-0050F204-5)
01-01 08:00:24.772 W/AshmemAllocator(  287): ashmem_create_region(32768) returning hidl_memory(0xa8516170, 32768)
01-01 08:00:24.773 W/AshmemAllocator(  287): ashmem_create_region(32768) returning hidl_memory(0xa8516170, 32768)
01-01 08:00:24.774 D/SupplicantP2pIfaceHal(  629): setWpsDeviceType(10-0050F204-5) completed successfully.
01-01 08:00:24.774 D/SupplicantP2pIfaceHal(  629): leaving setWpsDeviceType(10-0050F204-5)
01-01 08:00:24.774 D/SupplicantP2pIfaceHal(  629): entering setWpsConfigMethods(virtual_push_button physical_display keypad)
01-01 08:00:24.775 D/SupplicantP2pIfaceHal(  629): setWpsConfigMethods(virtual_push_button physical_display keypad) completed successfully.
01-01 08:00:24.775 D/SupplicantP2pIfaceHal(  629): leaving setWpsConfigMethods(virtual_push_button physical_display keypad)
01-01 08:00:24.775 D/SupplicantP2pIfaceHal(  629): entering getDeviceAddress()
01-01 08:00:24.777 D/SupplicantP2pIfaceHal(  629): getDeviceAddress() completed successfully.
01-01 08:00:24.777 D/SupplicantP2pIfaceHal(  629): leaving getDeviceAddress() with result = 02:08:22:72:fe:50
01-01 08:00:24.778 D/WifiP2pService(  629): DeviceAddress: 02:08:22:72:fe:50
01-01 08:00:24.779 D/SupplicantP2pIfaceHal(  629): entering flush()
01-01 08:00:24.785 W/AshmemAllocator(  287): ashmem_create_region(32768) returning hidl_memory(0xa8516170, 32768)
01-01 08:00:24.785 D/SupplicantP2pIfaceHal(  629): flush() completed successfully.
01-01 08:00:24.785 D/SupplicantP2pIfaceHal(  629): leaving flush()
01-01 08:00:24.786 D/SupplicantP2pIfaceHal(  629): entering serviceFlush()
01-01 08:00:24.786 D/SupplicantP2pIfaceHal(  629): serviceFlush() completed successfully.
01-01 08:00:24.786 D/SupplicantP2pIfaceHal(  629): leaving serviceFlush()
01-01 08:00:24.786 W/AshmemAllocator(  287): ashmem_create_region(32768) returning hidl_memory(0xa8516170, 32768)
01-01 08:00:24.786 D/SupplicantP2pIfaceHal(  629): entering listNetworks()
01-01 08:00:24.787 W/AshmemAllocator(  287): ashmem_create_region(32768) returning hidl_memory(0xa8516170, 32768)
01-01 08:00:24.787 D/SupplicantP2pIfaceHal(  629): listNetworks() completed successfully.
01-01 08:00:24.788 D/SupplicantP2pIfaceHal(  629): leaving listNetworks() with result = []
01-01 08:00:24.788 W/AshmemAllocator(  287): ashmem_create_region(32768) returning hidl_memory(0xa8516170, 32768)
01-01 08:00:24.788 D/SupplicantP2pIfaceHal(  629): entering saveConfig()
01-01 08:00:24.790 D/SupplicantP2pIfaceHal(  629): saveConfig() completed successfully.
01-01 08:00:24.790 D/SupplicantP2pIfaceHal(  629): leaving saveConfig()
01-01 08:00:24.790 D/WifiP2pService(  629): sending p2p persistent groups changed broadcast
01-01 08:00:24.791 D/WifiP2pService(  629): InactiveState
01-01 08:00:24.791 D/WifiP2pNative(  629): P2P InterfaceAvailableListener false
01-01 08:00:24.791 I/WifiP2pNative(  629): Masking interface non-availability callback because we created a P2P iface
01-01 08:00:24.791 D/WifiP2pService(  629): InactiveState{ when=-32ms what=147457 target=com.android.internal.util.StateMachine$SmHandler }
01-01 08:00:24.791 D/WifiP2pService(  629): P2pEnabledState{ when=-32ms what=147457 target=com.android.internal.util.StateMachine$SmHandler }
01-01 08:00:24.791 D/WifiP2pService(  629): DefaultState{ when=-32ms what=147457 target=com.android.internal.util.StateMachine$SmHandler }
01-01 08:00:24.791 D/WifiP2pService(  629): InactiveState{ when=0 what=139323 arg2=4 obj=WFD enabled: false
01-01 08:00:24.791 D/WifiP2pService(  629):  WFD DeviceInfo: 0
01-01 08:00:24.791 D/WifiP2pService(  629):  WFD CtrlPort: 0
01-01 08:00:24.791 D/WifiP2pService(  629):  WFD MaxThroughput: 0
01-01 08:00:24.791 D/WifiP2pService(  629):  WFD Extended Capability: 0 target=com.android.internal.util.StateMachine$SmHandler }
01-01 08:00:24.791 D/WifiP2pService(  629): P2pEnabledState{ when=0 what=139323 arg2=4 obj=WFD enabled: false
01-01 08:00:24.791 D/WifiP2pService(  629):  WFD DeviceInfo: 0
01-01 08:00:24.791 D/WifiP2pService(  629):  WFD CtrlPort: 0
01-01 08:00:24.791 D/WifiP2pService(  629):  WFD MaxThroughput: 0
01-01 08:00:24.791 D/WifiP2pService(  629):  WFD Extended Capability: 0 target=com.android.internal.util.StateMachine$SmHandler }
01-01 08:00:24.792 D/SupplicantP2pIfaceHal(  629): entering enableWfd(false)
01-01 08:00:24.793 D/SupplicantP2pIfaceHal(  629): enableWfd(false) completed successfully.
01-01 08:00:24.793 D/SupplicantP2pIfaceHal(  629): leaving enableWfd(false)
01-01 08:00:24.808 D/OperatorCustomizationFactoryLoader(  629): Slot -1's OperatorInfo is__
01-01 08:00:24.808 D/OperatorCustomizationFactoryLoader(  629): It's OM load or parse failed, because operator is null
01-01 08:00:24.808 E/OperatorCustomizationFactoryLoader(  629): can not find operatorFactoryInfo by slot id -1 from 
