12-23 17:22:59.866 I/BufferQueue(  313): [com.tal.genie.wifisetup/com.tal.genie.wifisetup.MainActivity#0](this:0xad9a6000,id:41,api:1,p:-1,c:-1) ~BufferQueueCore
12-23 17:22:59.867 W/SurfaceFlinger(  313): Attempting to destroy on removed layer: AppWindowToken{99881f8 token=Token{129955b ActivityRecord{6bd1c6a u0 com.tal.genie.wifisetup/.MainActivity t19}}}#0
12-23 17:22:59.867 W/SurfaceFlinger(  313): Attempting to destroy on removed layer: Task=19#0
12-23 17:22:59.929 E/TouchFilter(  634): setTouchFilter LOG Enable prameter: 0
12-23 17:23:00.001 E/MtkDataShapingUtils(  634): Exception openLteGateByDataShaping  in java.lang.NullPointerException: null receiver
12-23 17:23:00.001 W/System.err(  634): java.lang.NullPointerException: null receiver
12-23 17:23:00.001 W/System.err(  634): 	at java.lang.reflect.Method.invoke(Native Method)
12-23 17:23:00.002 W/System.err(  634): 	at com.mediatek.server.MtkDataShaping.openLteGateByDataShaping(MtkDataShaping.java:36)
12-23 17:23:00.002 W/System.err(  634): 	at com.android.server.AlarmManagerService.deliverAlarmsLocked(AlarmManagerService.java:3603)
12-23 17:23:00.002 W/System.err(  634): 	at com.android.server.AlarmManagerService$AlarmThread.run(AlarmManagerService.java:3781)
12-23 17:23:00.014 I/SA.PushAutoTrackHelper( 1155): SDK or push disabled.
12-23 17:23:00.016 I/SA.PushAutoTrackHelper( 1155): SDK or push disabled.
12-23 17:23:00.114 E/WifiVendorHal(  634): getWifiLinkLayerStats(l.937) failed {.code = ERROR_NOT_SUPPORTED, .description = }
12-23 17:23:01.914 E/TaskPersister(  634): File error accessing recents directory (directory doesn't exist?).
12-23 17:23:02.258 E/MtkDataShapingUtils(  634): Exception openLteGateByDataShaping  in java.lang.NullPointerException: null receiver
12-23 17:23:02.258 W/System.err(  634): java.lang.NullPointerException: null receiver
12-23 17:23:02.258 W/System.err(  634): 	at java.lang.reflect.Method.invoke(Native Method)
12-23 17:23:02.258 W/System.err(  634): 	at com.mediatek.server.MtkDataShaping.openLteGateByDataShaping(MtkDataShaping.java:36)
12-23 17:23:02.258 W/System.err(  634): 	at com.android.server.AlarmManagerService.deliverAlarmsLocked(AlarmManagerService.java:3603)
12-23 17:23:02.258 W/System.err(  634): 	at com.android.server.AlarmManagerService$AlarmThread.run(AlarmManagerService.java:3781)
12-23 17:23:02.259 E/ActivityManager(  634): Sending non-protected broadcast ALARM_ACTION(1093) from system uid 1000 pkg com.tal.genie.push
12-23 17:23:02.259 E/ActivityManager(  634): java.lang.Throwable
12-23 17:23:02.259 E/ActivityManager(  634): 	at com.android.server.am.ActivityManagerService.checkBroadcastFromSystem(ActivityManagerService.java:21477)
12-23 17:23:02.259 E/ActivityManager(  634): 	at com.android.server.am.ActivityManagerService.broadcastIntentLocked(ActivityManagerService.java:22077)
12-23 17:23:02.259 E/ActivityManager(  634): 	at com.android.server.am.ActivityManagerService.broadcastIntentInPackage(ActivityManagerService.java:22256)
12-23 17:23:02.259 E/ActivityManager(  634): 	at com.android.server.am.PendingIntentRecord.sendInner(PendingIntentRecord.java:372)
12-23 17:23:02.259 E/ActivityManager(  634): 	at com.android.server.am.PendingIntentRecord.sendWithResult(PendingIntentRecord.java:245)
12-23 17:23:02.259 E/ActivityManager(  634): 	at com.android.server.am.ActivityManagerService.sendIntentSender(ActivityManagerService.java:8613)
12-23 17:23:02.259 E/ActivityManager(  634): 	at android.app.PendingIntent.sendAndReturnResult(PendingIntent.java:892)
12-23 17:23:02.259 E/ActivityManager(  634): 	at android.app.PendingIntent.send(PendingIntent.java:874)
12-23 17:23:02.259 E/ActivityManager(  634): 	at com.android.server.AlarmManagerService$DeliveryTracker.deliverLocked(AlarmManagerService.java:4387)
12-23 17:23:02.259 E/ActivityManager(  634): 	at com.android.server.AlarmManagerService.deliverAlarmsLocked(AlarmManagerService.java:3632)
12-23 17:23:02.259 E/ActivityManager(  634): 	at com.android.server.AlarmManagerService$AlarmThread.run(AlarmManagerService.java:3781)
12-23 17:23:03.126 E/WifiVendorHal(  634): getWifiLinkLayerStats(l.937) failed {.code = ERROR_NOT_SUPPORTED, .description = }
12-23 17:23:06.139 E/WifiVendorHal(  634): getWifiLinkLayerStats(l.937) failed {.code = ERROR_NOT_SUPPORTED, .description = }
12-23 17:23:08.055 E/MtkDataShapingUtils(  634): Exception openLteGateByDataShaping  in java.lang.NullPointerException: null receiver
12-23 17:23:08.055 W/System.err(  634): java.lang.NullPointerException: null receiver
12-23 17:23:08.055 W/System.err(  634): 	at java.lang.reflect.Method.invoke(Native Method)
12-23 17:23:08.055 W/System.err(  634): 	at com.mediatek.server.MtkDataShaping.openLteGateByDataShaping(MtkDataShaping.java:36)
12-23 17:23:08.055 W/System.err(  634): 	at com.android.server.AlarmManagerService.deliverAlarmsLocked(AlarmManagerService.java:3603)
12-23 17:23:08.056 W/System.err(  634): 	at com.android.server.AlarmManagerService$AlarmThread.run(AlarmManagerService.java:3781)
12-23 17:23:09.001 I/EthernetTracker(  634): interfaceLinkStateChanged, iface: wlan0, up: true
12-23 17:23:09.153 E/WifiVendorHal(  634): getWifiLinkLayerStats(l.937) failed {.code = ERROR_NOT_SUPPORTED, .description = }
12-23 17:23:10.264 E/MtkDataShapingUtils(  634): Exception openLteGateByDataShaping  in java.lang.NullPointerException: null receiver
12-23 17:23:10.264 W/System.err(  634): java.lang.NullPointerException: null receiver
12-23 17:23:10.264 W/System.err(  634): 	at java.lang.reflect.Method.invoke(Native Method)
12-23 17:23:10.264 W/System.err(  634): 	at com.mediatek.server.MtkDataShaping.openLteGateByDataShaping(MtkDataShaping.java:36)
12-23 17:23:10.264 W/System.err(  634): 	at com.android.server.AlarmManagerService.deliverAlarmsLocked(AlarmManagerService.java:3603)
12-23 17:23:10.264 W/System.err(  634): 	at com.android.server.AlarmManagerService$AlarmThread.run(AlarmManagerService.java:3781)
12-23 17:23:10.266 E/ActivityManager(  634): Sending non-protected broadcast ALARM_ACTION(1093) from system uid 1000 pkg com.tal.genie.push
12-23 17:23:10.266 E/ActivityManager(  634): java.lang.Throwable
12-23 17:23:10.266 E/ActivityManager(  634): 	at com.android.server.am.ActivityManagerService.checkBroadcastFromSystem(ActivityManagerService.java:21477)
12-23 17:23:10.266 E/ActivityManager(  634): 	at com.android.server.am.ActivityManagerService.broadcastIntentLocked(ActivityManagerService.java:22077)
12-23 17:23:10.266 E/ActivityManager(  634): 	at com.android.server.am.ActivityManagerService.broadcastIntentInPackage(ActivityManagerService.java:22256)
12-23 17:23:10.266 E/ActivityManager(  634): 	at com.android.server.am.PendingIntentRecord.sendInner(PendingIntentRecord.java:372)
12-23 17:23:10.266 E/ActivityManager(  634): 	at com.android.server.am.PendingIntentRecord.sendWithResult(PendingIntentRecord.java:245)
12-23 17:23:10.266 E/ActivityManager(  634): 	at com.android.server.am.ActivityManagerService.sendIntentSender(ActivityManagerService.java:8613)
12-23 17:23:10.266 E/ActivityManager(  634): 	at android.app.PendingIntent.sendAndReturnResult(PendingIntent.java:892)
12-23 17:23:10.266 E/ActivityManager(  634): 	at android.app.PendingIntent.send(PendingIntent.java:874)
12-23 17:23:10.266 E/ActivityManager(  634): 	at com.android.server.AlarmManagerService$DeliveryTracker.deliverLocked(AlarmManagerService.java:4387)
12-23 17:23:10.266 E/ActivityManager(  634): 	at com.android.server.AlarmManagerService.deliverAlarmsLocked(AlarmManagerService.java:3632)
12-23 17:23:10.266 E/ActivityManager(  634): 	at com.android.server.AlarmManagerService$AlarmThread.run(AlarmManagerService.java:3781)
12-23 17:23:10.272 W/AES     (  634): Exception Log handling...
12-23 17:23:10.274 W/AES     (  634): skip for Exp level 0
12-23 17:23:11.818 E/storaged(  453): getDiskStats failed with result NOT_SUPPORTED and size 0
12-23 17:23:12.166 E/WifiVendorHal(  634): getWifiLinkLayerStats(l.937) failed {.code = ERROR_NOT_SUPPORTED, .description = }
12-23 17:23:15.182 E/WifiVendorHal(  634): getWifiLinkLayerStats(l.937) failed {.code = ERROR_NOT_SUPPORTED, .description = }
12-23 17:23:16.102 I/PowerWrap(  634): PowerHal_TouchBoost
12-23 17:23:16.104 I/libPowerHal(  303): 20: cpu_ctrl set freq: 2001000 -1
12-23 17:23:16.112 W/ContextImpl( 5035): Calling a method in the system process without a qualified user: android.app.ContextImpl.sendBroadcast:1006 android.content.ContextWrapper.sendBroadcast:444 android.view.View.dispatchTouchEvent:12526 android.view.ViewGroup.dispatchTransformedTouchEvent:3083 android.view.ViewGroup.dispatchTouchEvent:2684 
12-23 17:23:16.114 E/ActivityManager(  634): Sending non-protected broadcast com.genie.clickscreen from system 5035:com.example.myapplication2/1000 pkg com.example.myapplication2
12-23 17:23:16.114 E/ActivityManager(  634): java.lang.Throwable
12-23 17:23:16.114 E/ActivityManager(  634): 	at com.android.server.am.ActivityManagerService.checkBroadcastFromSystem(ActivityManagerService.java:21473)
12-23 17:23:16.114 E/ActivityManager(  634): 	at com.android.server.am.ActivityManagerService.broadcastIntentLocked(ActivityManagerService.java:21984)
12-23 17:23:16.114 E/ActivityManager(  634): 	at com.android.server.am.ActivityManagerService.broadcastIntent(ActivityManagerService.java:22227)
12-23 17:23:16.114 E/ActivityManager(  634): 	at android.app.IActivityManager$Stub.onTransact$broadcastIntent$(IActivityManager.java:10181)
12-23 17:23:16.114 E/ActivityManager(  634): 	at android.app.IActivityManager$Stub.onTransact(IActivityManager.java:167)
12-23 17:23:16.114 E/ActivityManager(  634): 	at com.android.server.am.ActivityManagerService.onTransact(ActivityManagerService.java:3350)
12-23 17:23:16.114 E/ActivityManager(  634): 	at android.os.Binder.execTransact(Binder.java:731)
12-23 17:23:16.117 W/AES     (  634): Exception Log handling...
12-23 17:23:16.118 W/AES     (  634): skip for Exp level 0
12-23 17:23:16.119 E/ActivityManager(  634): Sending non-protected broadcast com.genie.clickscreen from system 5035:com.example.myapplication2/1000 pkg com.example.myapplication2
12-23 17:23:16.119 E/ActivityManager(  634): java.lang.Throwable
12-23 17:23:16.119 E/ActivityManager(  634): 	at com.android.server.am.ActivityManagerService.checkBroadcastFromSystem(ActivityManagerService.java:21473)
12-23 17:23:16.119 E/ActivityManager(  634): 	at com.android.server.am.ActivityManagerService.broadcastIntentLocked(ActivityManagerService.java:22077)
12-23 17:23:16.119 E/ActivityManager(  634): 	at com.android.server.am.ActivityManagerService.broadcastIntent(ActivityManagerService.java:22227)
12-23 17:23:16.119 E/ActivityManager(  634): 	at android.app.IActivityManager$Stub.onTransact$broadcastIntent$(IActivityManager.java:10181)
12-23 17:23:16.119 E/ActivityManager(  634): 	at android.app.IActivityManager$Stub.onTransact(IActivityManager.java:167)
12-23 17:23:16.119 E/ActivityManager(  634): 	at com.android.server.am.ActivityManagerService.onTransact(ActivityManagerService.java:3350)
12-23 17:23:16.119 E/ActivityManager(  634): 	at android.os.Binder.execTransact(Binder.java:731)
12-23 17:23:16.122 W/AES     (  634): Exception Log handling...
12-23 17:23:16.123 W/AES     (  634): skip for Exp level 0
12-23 17:23:16.124 I/SA.PushAutoTrackHelper( 1155): SDK or push disabled.
12-23 17:23:16.125 I/LockScreenReceiver( 1155): action ::: com.genie.clickscreen
12-23 17:23:16.125 I/EyesProtectManager( 1155): [ (EyesProtectManager.java:76)#userTracked ] userTracked:  configLoaded-true protectorOn-false canUseScreen-true isUseCounting-false useBeginTime-null useSeconds-0 lockScreenTime-null unlockScreenTime- 2021-12-23 17:22:48
12-23 17:23:16.224 I/PowerWrap(  634): PowerHal_TouchBoost
12-23 17:23:16.225 I/libPowerHal(  303): 20: cpu_ctrl set freq: -1 -1
12-23 17:23:16.240 E/AudioTrack(  634): start(): 0xa7def680, mState = 1
12-23 17:23:16.250 E/AudioALSAPlaybackHandlerBase(  288): -getHardwareBufferInfo(), pcm_get_htimestamp fail, ret = -1, pcm_get_error = 
12-23 17:23:16.394 I/WindowManager(  634): Focus moving from Window{874f0d u0 com.example.myapplication2/com.example.myapplication2.MainActivity} to Window{9edb32 u0 com.example.myapplication2/com.example.myapplication2.MainActivity}
12-23 17:23:16.409 I/SurfaceFlinger(  313): [Built-in Screen (type:0)] fps:1.988014,dur:17102.50,max:16523.14,min:16.04
12-23 17:23:16.440 I/BufferQueueProducer(  313): [com.example.myapplication2/com.example.myapplication2.MainActivity#0](this:0xad9ee000,id:40,api:1,p:5035,c:313) queueBuffer: fps=0.93 dur=17144.57 max=16883.38 min=12.60
12-23 17:23:16.464 I/BufferQueue(  313): [unnamed-313-42](this:0xad9cb000,id:42,api:0,p:-1,c:-1) BufferQueue core=(313:/system/bin/surfaceflinger)
12-23 17:23:16.465 I/BufferQueueConsumer(  313): [unnamed-313-42](this:0xad9cb000,id:42,api:0,p:-1,c:313) connect(C): consumer=(313:/system/bin/surfaceflinger) controlledByApp=false
12-23 17:23:16.465 I/BufferQueueConsumer(  313): [unnamed-313-42](this:0xad9cb000,id:42,api:0,p:-1,c:313) setConsumerName: unnamed-313-42
12-23 17:23:16.465 I/BufferQueueConsumer(  313): [com.example.myapplication2/com.example.myapplication2.MainActivity#1](this:0xad9cb000,id:42,api:0,p:-1,c:313) setConsumerName: com.example.myapplication2/com.example.myapplication2.MainActivity#1
12-23 17:23:16.465 I/BufferQueueConsumer(  313): [com.example.myapplication2/com.example.myapplication2.MainActivity#1](this:0xad9cb000,id:42,api:0,p:-1,c:313) setDefaultBufferSize: width=848 height=622
12-23 17:23:16.475 I/BufferQueueProducer(  313): [com.example.myapplication2/com.example.myapplication2.MainActivity#1](this:0xad9cb000,id:42,api:1,p:5035,c:313) connect(P): api=1 producer=(5035:com.example.myapplication2) producerControlledByApp=true
12-23 17:23:16.521 W/lmkd    (  312): type=1400 audit(0.0:8620): avc: denied { dac_read_search } for capability=2 scontext=u:r:lmkd:s0 tcontext=u:r:lmkd:s0 tclass=capability permissive=0
12-23 17:23:16.521 W/lmkd    (  312): type=1400 audit(0.0:8621): avc: denied { dac_read_search } for capability=2 scontext=u:r:lmkd:s0 tcontext=u:r:lmkd:s0 tclass=capability permissive=0
12-23 17:23:16.683 I/WindowManager(  634): Losing delayed focus: Window{874f0d u0 com.example.myapplication2/com.example.myapplication2.MainActivity}
12-23 17:23:16.693 W/RichInputMethodSubtype(  919): Can't find emoji subtype
12-23 17:23:16.693 W/RichInputMethodSubtype(  919): No input method subtype found; returning dummy subtype: Multi-lingual subtype: android.view.inputmethod.InputMethodSubtype@d78b2ed0, zz
12-23 17:23:16.922 I/EmojiCategory(  919): Last Emoji category id is 8
12-23 17:23:16.956 W/ViewPager(  919): Requested offscreen page limit 0 too small; defaulting to 1
12-23 17:23:16.969 I/LatinIME(  919): Starting input. Cursor position = 0,0
12-23 17:23:17.074 I/SurfaceFactory(  919): [static] sSurfaceFactory = com.mediatek.view.impl.SurfaceFactoryImpl@c99791a
12-23 17:23:17.085 I/SurfaceFlinger(  313): [SF client] NEW(0xadb6bd80) for (634:system_server)
12-23 17:23:17.105 I/BufferQueue(  313): [unnamed-313-43](this:0xad9c8000,id:43,api:0,p:-1,c:-1) BufferQueue core=(313:/system/bin/surfaceflinger)
12-23 17:23:17.106 I/BufferQueueConsumer(  313): [unnamed-313-43](this:0xad9c8000,id:43,api:0,p:-1,c:313) connect(C): consumer=(313:/system/bin/surfaceflinger) controlledByApp=false
12-23 17:23:17.106 I/BufferQueueConsumer(  313): [unnamed-313-43](this:0xad9c8000,id:43,api:0,p:-1,c:313) setConsumerName: unnamed-313-43
12-23 17:23:17.106 I/BufferQueueConsumer(  313): [InputMethod#0](this:0xad9c8000,id:43,api:0,p:-1,c:313) setConsumerName: InputMethod#0
12-23 17:23:17.106 I/BufferQueueConsumer(  313): [InputMethod#0](this:0xad9c8000,id:43,api:0,p:-1,c:313) setDefaultBufferSize: width=720 height=1600
12-23 17:23:17.128 I/ConfigStore(  919): android::hardware::configstore::V1_0::ISurfaceFlingerConfigs::hasWideColorDisplay retrieved: 0
12-23 17:23:17.128 I/ConfigStore(  919): android::hardware::configstore::V1_0::ISurfaceFlingerConfigs::hasHDRDisplay retrieved: 0
12-23 17:23:17.128 I/OpenGLRenderer(  919): Initialized EGL, version 1.4
12-23 17:23:17.128 E/OpenGLRenderer(  919): Device claims wide gamut support, cannot find matching config, error = EGL_SUCCESS
12-23 17:23:17.140 I/BufferQueueProducer(  313): [InputMethod#0](this:0xad9c8000,id:43,api:1,p:919,c:313) connect(P): api=1 producer=(919:com.android.inputmethod.latin) producerControlledByApp=true
12-23 17:23:17.168 E/gralloc (  919): Arm Module v1.0
12-23 17:23:17.171 E/ion     (  919): ioctl c0044901 failed with code -1: Invalid argument
12-23 17:23:17.425 I/SurfaceFlinger(  313): [Built-in Screen (type:0)] fps:42.331692,dur:1015.79,max:140.54,min:13.22
12-23 17:23:17.850 I/BufferQueueProducer(  313): [com.example.myapplication2/com.example.myapplication2.MainActivity#0](this:0xad9ee000,id:40,api:1,p:5035,c:313) queueBuffer: fps=7.09 dur=1409.98 max=1121.33 min=12.33
12-23 17:23:17.960 I/PowerWrap(  634): PowerHal_TouchBoost
12-23 17:23:17.962 I/libPowerHal(  303): 20: cpu_ctrl set freq: 2001000 -1
12-23 17:23:17.964 I/SA.PushAutoTrackHelper( 1155): SDK or push disabled.
12-23 17:23:17.965 I/LockScreenReceiver( 1155): action ::: com.genie.clickscreen
12-23 17:23:17.965 I/EyesProtectManager( 1155): [ (EyesProtectManager.java:76)#userTracked ] userTracked:  configLoaded-true protectorOn-false canUseScreen-true isUseCounting-false useBeginTime-null useSeconds-0 lockScreenTime-null unlockScreenTime- 2021-12-23 17:22:48
12-23 17:23:18.050 I/BufferQueueProducer(  313): [com.example.myapplication2/com.example.myapplication2.MainActivity#1](this:0xad9cb000,id:42,api:1,p:5035,c:313) queueBuffer: fps=2.16 dur=1388.02 max=511.87 min=371.42
12-23 17:23:18.064 I/PowerWrap(  634): PowerHal_TouchBoost
12-23 17:23:18.065 I/libPowerHal(  303): 20: cpu_ctrl set freq: -1 -1
12-23 17:23:18.170 I/PowerWrap(  634): PowerHal_TouchBoost
12-23 17:23:18.171 I/libPowerHal(  303): 20: cpu_ctrl set freq: 2001000 -1
12-23 17:23:18.198 E/WifiVendorHal(  634): getWifiLinkLayerStats(l.937) failed {.code = ERROR_NOT_SUPPORTED, .description = }
12-23 17:23:18.275 I/PowerWrap(  634): PowerHal_TouchBoost
12-23 17:23:18.276 I/libPowerHal(  303): 20: cpu_ctrl set freq: -1 -1
12-23 17:23:18.279 E/MtkDataShapingUtils(  634): Exception openLteGateByDataShaping  in java.lang.NullPointerException: null receiver
12-23 17:23:18.279 W/System.err(  634): java.lang.NullPointerException: null receiver
12-23 17:23:18.279 W/System.err(  634): 	at java.lang.reflect.Method.invoke(Native Method)
12-23 17:23:18.279 W/System.err(  634): 	at com.mediatek.server.MtkDataShaping.openLteGateByDataShaping(MtkDataShaping.java:36)
12-23 17:23:18.279 W/System.err(  634): 	at com.android.server.AlarmManagerService.deliverAlarmsLocked(AlarmManagerService.java:3603)
12-23 17:23:18.279 W/System.err(  634): 	at com.android.server.AlarmManagerService$AlarmThread.run(AlarmManagerService.java:3781)
12-23 17:23:18.281 E/ActivityManager(  634): Sending non-protected broadcast ALARM_ACTION(1093) from system uid 1000 pkg com.tal.genie.push
12-23 17:23:18.281 E/ActivityManager(  634): java.lang.Throwable
12-23 17:23:18.281 E/ActivityManager(  634): 	at com.android.server.am.ActivityManagerService.checkBroadcastFromSystem(ActivityManagerService.java:21477)
12-23 17:23:18.281 E/ActivityManager(  634): 	at com.android.server.am.ActivityManagerService.broadcastIntentLocked(ActivityManagerService.java:22077)
12-23 17:23:18.281 E/ActivityManager(  634): 	at com.android.server.am.ActivityManagerService.broadcastIntentInPackage(ActivityManagerService.java:22256)
12-23 17:23:18.281 E/ActivityManager(  634): 	at com.android.server.am.PendingIntentRecord.sendInner(PendingIntentRecord.java:372)
12-23 17:23:18.281 E/ActivityManager(  634): 	at com.android.server.am.PendingIntentRecord.sendWithResult(PendingIntentRecord.java:245)
12-23 17:23:18.281 E/ActivityManager(  634): 	at com.android.server.am.ActivityManagerService.sendIntentSender(ActivityManagerService.java:8613)
12-23 17:23:18.281 E/ActivityManager(  634): 	at android.app.PendingIntent.sendAndReturnResult(PendingIntent.java:892)
12-23 17:23:18.281 E/ActivityManager(  634): 	at android.app.PendingIntent.send(PendingIntent.java:874)
12-23 17:23:18.281 E/ActivityManager(  634): 	at com.android.server.AlarmManagerService$DeliveryTracker.deliverLocked(AlarmManagerService.java:4387)
12-23 17:23:18.281 E/ActivityManager(  634): 	at com.android.server.AlarmManagerService.deliverAlarmsLocked(AlarmManagerService.java:3632)
12-23 17:23:18.281 E/ActivityManager(  634): 	at com.android.server.AlarmManagerService$AlarmThread.run(AlarmManagerService.java:3781)
12-23 17:23:18.291 W/AES     (  634): Exception Log handling...
12-23 17:23:18.293 W/AES     (  634): skip for Exp level 0
12-23 17:23:18.315 I/BufferQueueProducer(  313): [InputMethod#0](this:0xad9c8000,id:43,api:1,p:919,c:313) queueBuffer: fps=8.15 dur=1104.42 max=794.47 min=5.22
12-23 17:23:18.363 I/PowerWrap(  634): PowerHal_TouchBoost
12-23 17:23:18.363 I/libPowerHal(  303): 20: cpu_ctrl set freq: 2001000 -1
12-23 17:23:18.441 I/SurfaceFlinger(  313): [Built-in Screen (type:0)] fps:37.417442,dur:1015.57,max:280.66,min:12.80
12-23 17:23:18.467 I/PowerWrap(  634): PowerHal_TouchBoost
12-23 17:23:18.468 I/libPowerHal(  303): 20: cpu_ctrl set freq: -1 -1
12-23 17:23:18.731 I/PowerWrap(  634): PowerHal_TouchBoost
12-23 17:23:18.731 I/libPowerHal(  303): 20: cpu_ctrl set freq: 2001000 -1
12-23 17:23:18.818 I/PowerWrap(  634): PowerHal_TouchBoost
12-23 17:23:18.819 I/libPowerHal(  303): 20: cpu_ctrl set freq: -1 -1
12-23 17:23:19.221 I/PowerWrap(  634): PowerHal_TouchBoost
12-23 17:23:19.222 I/libPowerHal(  303): 20: cpu_ctrl set freq: 2001000 -1
12-23 17:23:19.225 W/ContextImpl( 5035): Calling a method in the system process without a qualified user: android.app.ContextImpl.sendBroadcast:1006 android.content.ContextWrapper.sendBroadcast:444 android.view.View.dispatchTouchEvent:12526 android.view.ViewGroup.dispatchTransformedTouchEvent:3083 android.view.ViewGroup.dispatchTouchEvent:2684 
12-23 17:23:19.226 E/ActivityManager(  634): Sending non-protected broadcast com.genie.clickscreen from system 5035:com.example.myapplication2/1000 pkg com.example.myapplication2
12-23 17:23:19.226 E/ActivityManager(  634): java.lang.Throwable
12-23 17:23:19.226 E/ActivityManager(  634): 	at com.android.server.am.ActivityManagerService.checkBroadcastFromSystem(ActivityManagerService.java:21473)
12-23 17:23:19.226 E/ActivityManager(  634): 	at com.android.server.am.ActivityManagerService.broadcastIntentLocked(ActivityManagerService.java:21984)
12-23 17:23:19.226 E/ActivityManager(  634): 	at com.android.server.am.ActivityManagerService.broadcastIntent(ActivityManagerService.java:22227)
12-23 17:23:19.226 E/ActivityManager(  634): 	at android.app.IActivityManager$Stub.onTransact$broadcastIntent$(IActivityManager.java:10181)
12-23 17:23:19.226 E/ActivityManager(  634): 	at android.app.IActivityManager$Stub.onTransact(IActivityManager.java:167)
12-23 17:23:19.226 E/ActivityManager(  634): 	at com.android.server.am.ActivityManagerService.onTransact(ActivityManagerService.java:3350)
12-23 17:23:19.226 E/ActivityManager(  634): 	at android.os.Binder.execTransact(Binder.java:731)
12-23 17:23:19.233 W/AES     (  634): Exception Log handling...
12-23 17:23:19.234 W/AES     (  634): skip for Exp level 0
12-23 17:23:19.235 E/ActivityManager(  634): Sending non-protected broadcast com.genie.clickscreen from system 5035:com.example.myapplication2/1000 pkg com.example.myapplication2
12-23 17:23:19.235 E/ActivityManager(  634): java.lang.Throwable
12-23 17:23:19.235 E/ActivityManager(  634): 	at com.android.server.am.ActivityManagerService.checkBroadcastFromSystem(ActivityManagerService.java:21473)
12-23 17:23:19.235 E/ActivityManager(  634): 	at com.android.server.am.ActivityManagerService.broadcastIntentLocked(ActivityManagerService.java:22077)
12-23 17:23:19.235 E/ActivityManager(  634): 	at com.android.server.am.ActivityManagerService.broadcastIntent(ActivityManagerService.java:22227)
12-23 17:23:19.235 E/ActivityManager(  634): 	at android.app.IActivityManager$Stub.onTransact$broadcastIntent$(IActivityManager.java:10181)
12-23 17:23:19.235 E/ActivityManager(  634): 	at android.app.IActivityManager$Stub.onTransact(IActivityManager.java:167)
12-23 17:23:19.235 E/ActivityManager(  634): 	at com.android.server.am.ActivityManagerService.onTransact(ActivityManagerService.java:3350)
12-23 17:23:19.235 E/ActivityManager(  634): 	at android.os.Binder.execTransact(Binder.java:731)
12-23 17:23:19.237 I/SA.PushAutoTrackHelper( 1155): SDK or push disabled.
12-23 17:23:19.237 I/LockScreenReceiver( 1155): action ::: com.genie.clickscreen
12-23 17:23:19.237 I/EyesProtectManager( 1155): [ (EyesProtectManager.java:76)#userTracked ] userTracked:  configLoaded-true protectorOn-false canUseScreen-true isUseCounting-false useBeginTime-null useSeconds-0 lockScreenTime-null unlockScreenTime- 2021-12-23 17:22:48
12-23 17:23:19.269 I/BufferQueueProducer(  313): [com.example.myapplication2/com.example.myapplication2.MainActivity#1](this:0xad9cb000,id:42,api:1,p:5035,c:313) queueBuffer: fps=7.38 dur=1219.68 max=398.40 min=3.89
12-23 17:23:19.291 I/PowerWrap(  634): PowerHal_TouchBoost
12-23 17:23:19.292 I/libPowerHal(  303): 20: cpu_ctrl set freq: -1 -1
12-23 17:23:19.297 E/AudioTrack(  634): start(): 0xa7def680, mState = 1
12-23 17:23:19.308 I/BufferQueueProducer(  313): [com.example.myapplication2/com.example.myapplication2.MainActivity#1](this:0xad9cb000,id:42,api:1,p:5035,c:313) disconnect(P): api 1
12-23 17:23:19.308 I/BufferQueueConsumer(  313): [com.example.myapplication2/com.example.myapplication2.MainActivity#1](this:0xad9cb000,id:42,api:1,p:-1,c:313) getReleasedBuffers: returning mask 0xffffffffffffffff
12-23 17:23:19.320 I/WindowManager(  634): Focus moving from Window{9edb32 u0 com.example.myapplication2/com.example.myapplication2.MainActivity EXITING} to Window{874f0d u0 com.example.myapplication2/com.example.myapplication2.MainActivity}
12-23 17:23:19.320 I/ActivityManager(  634): START u0 {cmp=com.example.myapplication2/.PWDActivity} from uid 1000
12-23 17:23:19.322 I/vendor.mediatek.hardware.power@2.0-impl(  303): powerHintAsync hint:8, data:1
12-23 17:23:19.323 I/libPowerHal(  303): 8: cpu_ctrl set freq: 2001000 -1
12-23 17:23:19.324 I/PowerWrap(  634): PowerHal_Wrap_mtkPowerHint
12-23 17:23:19.324 I/PowerWrap(  634): PowerHal_Wrap_mtkPowerHint
12-23 17:23:19.328 W/lmkd    (  312): type=1400 audit(0.0:8622): avc: denied { dac_read_search } for capability=2 scontext=u:r:lmkd:s0 tcontext=u:r:lmkd:s0 tclass=capability permissive=0
12-23 17:23:19.328 W/lmkd    (  312): type=1400 audit(0.0:8623): avc: denied { dac_read_search } for capability=2 scontext=u:r:lmkd:s0 tcontext=u:r:lmkd:s0 tclass=capability permissive=0
12-23 17:23:19.336 I/PowerWrap(  634): PowerHal_Wrap_mtkPowerHint
12-23 17:23:19.336 I/PowerWrap(  634): PowerHal_Wrap_mtkPowerHint
12-23 17:23:19.340 I/WindowManager(  634): Focus moving from Window{874f0d u0 com.example.myapplication2/com.example.myapplication2.MainActivity} to null
12-23 17:23:19.341 I/vendor.mediatek.hardware.power@2.0-impl(  303): notifyAppState pack:com.example.myapplication2, act:com.example.myapplication2.PWDActivity, pid:5035, state:1
12-23 17:23:19.344 W/ActivityThread( 5035): handleWindowVisibility: no activity for token android.os.BinderProxy@3d1d352
12-23 17:23:19.353 I/BufferQueueProducer(  313): [InputMethod#0](this:0xad9c8000,id:43,api:1,p:919,c:313) disconnect(P): api 1
12-23 17:23:19.353 I/BufferQueueConsumer(  313): [InputMethod#0](this:0xad9c8000,id:43,api:1,p:-1,c:313) getReleasedBuffers: returning mask 0xffffffffffffffff
12-23 17:23:19.394 E/AudioALSAPlaybackHandlerBase(  288): -getHardwareBufferInfo(), pcm_get_htimestamp fail, ret = -1, pcm_get_error = 
12-23 17:23:19.458 I/SurfaceFlinger(  313): [Built-in Screen (type:0)] fps:23.593124,dur:1017.25,max:351.06,min:12.53
12-23 17:23:19.477 W/SurfaceFlinger(  313): Attempting to set client state on removed layer: com.example.myapplication2/com.example.myapplication2.MainActivity#1
12-23 17:23:19.477 W/SurfaceFlinger(  313): Attempting to destroy on removed layer: com.example.myapplication2/com.example.myapplication2.MainActivity#1
12-23 17:23:19.491 I/BufferQueueConsumer(  313): [com.example.myapplication2/com.example.myapplication2.MainActivity#1](this:0xad9cb000,id:42,api:1,p:-1,c:-1) disconnect(C)
12-23 17:23:19.493 I/BufferQueue(  313): [com.example.myapplication2/com.example.myapplication2.MainActivity#1](this:0xad9cb000,id:42,api:1,p:-1,c:-1) ~BufferQueueCore
12-23 17:23:19.561 I/BufferQueueConsumer(  313): [InputMethod#0](this:0xad9c8000,id:43,api:1,p:-1,c:-1) disconnect(C)
12-23 17:23:19.561 I/BufferQueue(  313): [InputMethod#0](this:0xad9c8000,id:43,api:1,p:-1,c:-1) ~BufferQueueCore
12-23 17:23:19.569 I/WindowManager(  634): Relayout Window{7442843 u0 com.example.myapplication2/com.example.myapplication2.PWDActivity}: oldVis=4 newVis=0 focusMayChange = true
12-23 17:23:19.571 I/BufferQueue(  313): [unnamed-313-44](this:0xad9cb000,id:44,api:0,p:-1,c:-1) BufferQueue core=(313:/system/bin/surfaceflinger)
12-23 17:23:19.571 I/BufferQueueConsumer(  313): [unnamed-313-44](this:0xad9cb000,id:44,api:0,p:-1,c:313) connect(C): consumer=(313:/system/bin/surfaceflinger) controlledByApp=false
12-23 17:23:19.571 I/BufferQueueConsumer(  313): [unnamed-313-44](this:0xad9cb000,id:44,api:0,p:-1,c:313) setConsumerName: unnamed-313-44
12-23 17:23:19.571 I/BufferQueueConsumer(  313): [com.example.myapplication2/com.example.myapplication2.PWDActivity#0](this:0xad9cb000,id:44,api:0,p:-1,c:313) setConsumerName: com.example.myapplication2/com.example.myapplication2.PWDActivity#0
12-23 17:23:19.571 I/BufferQueueConsumer(  313): [com.example.myapplication2/com.example.myapplication2.PWDActivity#0](this:0xad9cb000,id:44,api:0,p:-1,c:313) setDefaultBufferSize: width=720 height=1600
12-23 17:23:19.573 I/WindowManager(  634): Focus moving from null to Window{7442843 u0 com.example.myapplication2/com.example.myapplication2.PWDActivity}
12-23 17:23:19.579 I/BufferQueueProducer(  313): [com.example.myapplication2/com.example.myapplication2.PWDActivity#0](this:0xad9cb000,id:44,api:1,p:5035,c:313) connect(P): api=1 producer=(5035:com.example.myapplication2) producerControlledByApp=true
12-23 17:23:19.670 I/ActivityManager(  634): Displayed com.example.myapplication2/.PWDActivity: +323ms
12-23 17:23:19.685 I/vendor.mediatek.hardware.power@2.0-impl(  303): powerHintAsync hint:8, data:0
12-23 17:23:19.686 I/PowerWrap(  634): PowerHal_Wrap_mtkPowerHint
12-23 17:23:19.687 I/libPowerHal(  303): 17: cpu_ctrl set freq: -1 -1
12-23 17:23:20.090 W/ContextImpl( 5035): Calling a method in the system process without a qualified user: android.app.ContextImpl.startService:1532 android.content.ContextWrapper.startService:664 android.app.Activity.onEnterAnimationComplete:6662 android.app.Activity.dispatchEnterAnimationComplete:6673 android.app.ActivityThread.handleEnterAnimationComplete:3275 
12-23 17:23:20.107 I/BufferQueueProducer(  313): [com.example.myapplication2/com.example.myapplication2.MainActivity#0](this:0xad9ee000,id:40,api:1,p:5035,c:313) disconnect(P): api 1
12-23 17:23:20.107 I/BufferQueueConsumer(  313): [com.example.myapplication2/com.example.myapplication2.MainActivity#0](this:0xad9ee000,id:40,api:1,p:-1,c:313) getReleasedBuffers: returning mask 0xffffffffffffffff
12-23 17:23:20.156 I/BufferQueueConsumer(  313): [com.example.myapplication2/com.example.myapplication2.MainActivity#0](this:0xad9ee000,id:40,api:1,p:-1,c:-1) disconnect(C)
12-23 17:23:20.157 I/BufferQueue(  313): [com.example.myapplication2/com.example.myapplication2.MainActivity#0](this:0xad9ee000,id:40,api:1,p:-1,c:-1) ~BufferQueueCore
12-23 17:23:20.711 I/PowerWrap(  634): PowerHal_TouchBoost
12-23 17:23:20.715 W/ContextImpl( 5035): Calling a method in the system process without a qualified user: android.app.ContextImpl.sendBroadcast:1006 android.content.ContextWrapper.sendBroadcast:444 android.view.View.dispatchTouchEvent:12526 android.view.ViewGroup.dispatchTransformedTouchEvent:3083 android.view.ViewGroup.dispatchTouchEvent:2684 
12-23 17:23:20.717 I/libPowerHal(  303): 20: cpu_ctrl set freq: 2001000 -1
12-23 17:23:20.717 E/ActivityManager(  634): Sending non-protected broadcast com.genie.clickscreen from system 5035:com.example.myapplication2/1000 pkg com.example.myapplication2
12-23 17:23:20.717 E/ActivityManager(  634): java.lang.Throwable
12-23 17:23:20.717 E/ActivityManager(  634): 	at com.android.server.am.ActivityManagerService.checkBroadcastFromSystem(ActivityManagerService.java:21473)
12-23 17:23:20.717 E/ActivityManager(  634): 	at com.android.server.am.ActivityManagerService.broadcastIntentLocked(ActivityManagerService.java:21984)
12-23 17:23:20.717 E/ActivityManager(  634): 	at com.android.server.am.ActivityManagerService.broadcastIntent(ActivityManagerService.java:22227)
12-23 17:23:20.717 E/ActivityManager(  634): 	at android.app.IActivityManager$Stub.onTransact$broadcastIntent$(IActivityManager.java:10181)
12-23 17:23:20.717 E/ActivityManager(  634): 	at android.app.IActivityManager$Stub.onTransact(IActivityManager.java:167)
12-23 17:23:20.717 E/ActivityManager(  634): 	at com.android.server.am.ActivityManagerService.onTransact(ActivityManagerService.java:3350)
12-23 17:23:20.717 E/ActivityManager(  634): 	at android.os.Binder.execTransact(Binder.java:731)
12-23 17:23:20.727 W/AES     (  634): Exception Log handling...
12-23 17:23:20.728 W/AES     (  634): skip for Exp level 0
12-23 17:23:20.729 E/ActivityManager(  634): Sending non-protected broadcast com.genie.clickscreen from system 5035:com.example.myapplication2/1000 pkg com.example.myapplication2
12-23 17:23:20.729 E/ActivityManager(  634): java.lang.Throwable
12-23 17:23:20.729 E/ActivityManager(  634): 	at com.android.server.am.ActivityManagerService.checkBroadcastFromSystem(ActivityManagerService.java:21473)
12-23 17:23:20.729 E/ActivityManager(  634): 	at com.android.server.am.ActivityManagerService.broadcastIntentLocked(ActivityManagerService.java:22077)
12-23 17:23:20.729 E/ActivityManager(  634): 	at com.android.server.am.ActivityManagerService.broadcastIntent(ActivityManagerService.java:22227)
12-23 17:23:20.729 E/ActivityManager(  634): 	at android.app.IActivityManager$Stub.onTransact$broadcastIntent$(IActivityManager.java:10181)
12-23 17:23:20.729 E/ActivityManager(  634): 	at android.app.IActivityManager$Stub.onTransact(IActivityManager.java:167)
12-23 17:23:20.729 E/ActivityManager(  634): 	at com.android.server.am.ActivityManagerService.onTransact(ActivityManagerService.java:3350)
12-23 17:23:20.729 E/ActivityManager(  634): 	at android.os.Binder.execTransact(Binder.java:731)
12-23 17:23:20.731 W/AES     (  634): Exception Log handling...
12-23 17:23:20.732 W/AES     (  634): skip for Exp level 0
12-23 17:23:20.733 I/SA.PushAutoTrackHelper( 1155): SDK or push disabled.
12-23 17:23:20.733 I/LockScreenReceiver( 1155): action ::: com.genie.clickscreen
12-23 17:23:20.733 I/EyesProtectManager( 1155): [ (EyesProtectManager.java:76)#userTracked ] userTracked:  configLoaded-true protectorOn-false canUseScreen-true isUseCounting-false useBeginTime-null useSeconds-0 lockScreenTime-null unlockScreenTime- 2021-12-23 17:22:48
12-23 17:23:20.763 I/PowerWrap(  634): PowerHal_TouchBoost
12-23 17:23:20.764 I/libPowerHal(  303): 20: cpu_ctrl set freq: -1 -1
12-23 17:23:20.783 I/BufferQueueProducer(  313): [com.example.myapplication2/com.example.myapplication2.PWDActivity#0](this:0xad9cb000,id:44,api:1,p:5035,c:313) queueBuffer: fps=1.77 dur=1131.29 max=1107.80 min=23.49
12-23 17:23:20.789 I/SurfaceFlinger(  313): [Built-in Screen (type:0)] fps:27.035639,dur:1331.58,max:629.99,min:2.68
12-23 17:23:20.838 E/AudioTrack(  634): start(): 0xa7def680, mState = 1
12-23 17:23:20.839 I/ActivityManager(  634): START u0 {cmp=com.android.settings/.Settings} from uid 1000
12-23 17:23:20.857 I/vendor.mediatek.hardware.power@2.0-impl(  303): powerHintAsync hint:8, data:1
12-23 17:23:20.859 I/libPowerHal(  303): 8: cpu_ctrl set freq: 2001000 -1
12-23 17:23:20.863 I/PowerWrap(  634): PowerHal_Wrap_mtkPowerHint
12-23 17:23:20.873 I/chatty  (  634): uid=1000(system) Binder:634_C identical 4 lines
12-23 17:23:20.873 I/PowerWrap(  634): PowerHal_Wrap_mtkPowerHint
12-23 17:23:20.874 W/lmkd    (  312): type=1400 audit(0.0:8624): avc: denied { dac_read_search } for capability=2 scontext=u:r:lmkd:s0 tcontext=u:r:lmkd:s0 tclass=capability permissive=0
12-23 17:23:20.874 W/lmkd    (  312): type=1400 audit(0.0:8625): avc: denied { dac_read_search } for capability=2 scontext=u:r:lmkd:s0 tcontext=u:r:lmkd:s0 tclass=capability permissive=0
12-23 17:23:20.888 W/main    ( 5146): type=1400 audit(0.0:8626): avc: denied { dac_read_search } for capability=2 scontext=u:r:zygote:s0 tcontext=u:r:zygote:s0 tclass=capability permissive=0
12-23 17:23:20.888 I/chatty  ( 5146): uid=0(root) com.android.settings identical 2 lines
12-23 17:23:20.888 W/main    ( 5146): type=1400 audit(0.0:8629): avc: denied { dac_read_search } for capability=2 scontext=u:r:zygote:s0 tcontext=u:r:zygote:s0 tclass=capability permissive=0
12-23 17:23:20.891 I/ActivityManager(  634): Start proc 5146:com.android.settings/1000 for activity com.android.settings/.Settings
12-23 17:23:20.902 I/BufferQueue(  313): [unnamed-313-45](this:0xad9a6000,id:45,api:0,p:-1,c:-1) BufferQueue core=(313:/system/bin/surfaceflinger)
12-23 17:23:20.902 I/BufferQueueConsumer(  313): [unnamed-313-45](this:0xad9a6000,id:45,api:0,p:-1,c:313) connect(C): consumer=(313:/system/bin/surfaceflinger) controlledByApp=false
12-23 17:23:20.902 I/BufferQueueConsumer(  313): [unnamed-313-45](this:0xad9a6000,id:45,api:0,p:-1,c:313) setConsumerName: unnamed-313-45
12-23 17:23:20.902 I/BufferQueueConsumer(  313): [Splash Screen com.android.settings#0](this:0xad9a6000,id:45,api:0,p:-1,c:313) setConsumerName: Splash Screen com.android.settings#0
12-23 17:23:20.903 I/BufferQueueConsumer(  313): [Splash Screen com.android.settings#0](this:0xad9a6000,id:45,api:0,p:-1,c:313) setDefaultBufferSize: width=720 height=1600
12-23 17:23:20.906 I/WindowManager(  634): Focus moving from Window{7442843 u0 com.example.myapplication2/com.example.myapplication2.PWDActivity} to null
12-23 17:23:20.911 E/ndroid.setting( 5146): Not starting debugger since process cannot load the jdwp agent.
12-23 17:23:20.913 I/BufferQueueProducer(  313): [Splash Screen com.android.settings#0](this:0xad9a6000,id:45,api:2,p:634,c:313) connect(P): api=2 producer=(634:system_server) producerControlledByApp=false
12-23 17:23:20.940 I/vendor.mediatek.hardware.power@2.0-impl(  303): notifyAppState pack:com.android.settings, act:com.android.settings.Settings, pid:5146, state:1
12-23 17:23:20.941 W/lmkd    (  312): type=1400 audit(0.0:8630): avc: denied { dac_read_search } for capability=2 scontext=u:r:lmkd:s0 tcontext=u:r:lmkd:s0 tclass=capability permissive=0
12-23 17:23:20.941 I/libPowerHal(  303): [perfNotifyAppState] foreground:com.android.settings, pid:5146
12-23 17:23:20.951 I/SurfaceFlinger(  313): screenshot (com.example.myapplication2/com.example.myapplication2.PWDActivity#0)
12-23 17:23:20.963 I/ndroid.setting( 5146): The ClassLoaderContext is a special shared library.
12-23 17:23:20.968 I/ndroid.setting( 5146): The ClassLoaderContext is a special shared library.
12-23 17:23:21.002 I/BufferQueueProducer(  313): [FramebufferSurface](this:0xaf11e000,id:0,api:1,p:313,c:313) queueBuffer: fps=1.27 dur=23600.71 max=23095.19 min=14.94
12-23 17:23:21.125 I/SurfaceFactory( 5146): [static] sSurfaceFactory = com.mediatek.view.impl.SurfaceFactoryImpl@6a3872e
12-23 17:23:21.130 W/TileUtils( 5146): Found com.android.settings.Settings$NotificationAppListActivity for intent Intent { act=com.android.settings.action.SETTINGS pkg=com.android.settings } missing metadata com.android.settings.category
12-23 17:23:21.140 I/SurfaceFlinger(  313): [SF client] NEW(0xada09cc0) for (634:system_server)
12-23 17:23:21.170 I/WindowManager(  634): Relayout Window{667f29 u0 com.android.settings/com.android.settings.Settings}: oldVis=4 newVis=0 focusMayChange = true
12-23 17:23:21.172 I/BufferQueue(  313): [unnamed-313-46](this:0xab72f000,id:46,api:0,p:-1,c:-1) BufferQueue core=(313:/system/bin/surfaceflinger)
12-23 17:23:21.179 I/BufferQueueConsumer(  313): [unnamed-313-46](this:0xab72f000,id:46,api:0,p:-1,c:313) connect(C): consumer=(313:/system/bin/surfaceflinger) controlledByApp=false
12-23 17:23:21.179 I/BufferQueueConsumer(  313): [unnamed-313-46](this:0xab72f000,id:46,api:0,p:-1,c:313) setConsumerName: unnamed-313-46
12-23 17:23:21.179 I/BufferQueueConsumer(  313): [com.android.settings/com.android.settings.Settings#0](this:0xab72f000,id:46,api:0,p:-1,c:313) setConsumerName: com.android.settings/com.android.settings.Settings#0
12-23 17:23:21.179 I/BufferQueueConsumer(  313): [com.android.settings/com.android.settings.Settings#0](this:0xab72f000,id:46,api:0,p:-1,c:313) setDefaultBufferSize: width=720 height=1600
12-23 17:23:21.180 I/DeviceIndex( 5146): Skipping: device index is not enabled
12-23 17:23:21.184 I/WindowManager(  634): Focus moving from null to Window{667f29 u0 com.android.settings/com.android.settings.Settings}
12-23 17:23:21.197 W/TileUtils( 5146): Found com.android.settings.Settings$NotificationAppListActivity for intent Intent { act=com.android.settings.action.SETTINGS pkg=com.android.settings } missing metadata com.android.settings.category
12-23 17:23:21.202 I/ConfigStore( 5146): android::hardware::configstore::V1_0::ISurfaceFlingerConfigs::hasWideColorDisplay retrieved: 0
12-23 17:23:21.203 I/ConfigStore( 5146): android::hardware::configstore::V1_0::ISurfaceFlingerConfigs::hasHDRDisplay retrieved: 0
12-23 17:23:21.203 I/OpenGLRenderer( 5146): Initialized EGL, version 1.4
12-23 17:23:21.203 E/OpenGLRenderer( 5146): Device claims wide gamut support, cannot find matching config, error = EGL_SUCCESS
12-23 17:23:21.214 E/WifiVendorHal(  634): getWifiLinkLayerStats(l.937) failed {.code = ERROR_NOT_SUPPORTED, .description = }
12-23 17:23:21.221 I/WifiHAL (  302): feature_set=0x488141a
12-23 17:23:21.222 I/BufferQueueProducer(  313): [com.android.settings/com.android.settings.Settings#0](this:0xab72f000,id:46,api:1,p:5146,c:313) connect(P): api=1 producer=(5146:com.android.settings) producerControlledByApp=true
12-23 17:23:21.222 I/WifiHAL (  302): feature_set=0x488141a
12-23 17:23:21.237 E/gralloc ( 5146): Arm Module v1.0
12-23 17:23:21.240 E/ion     ( 5146): ioctl c0044901 failed with code -1: Invalid argument
12-23 17:23:21.241 E/BatteryExternalStatsWorker(  634): no controller energy info supplied for wifi
12-23 17:23:21.241 E/BatteryExternalStatsWorker(  634): no controller energy info supplied for bluetooth
12-23 17:23:21.241 E/BatteryExternalStatsWorker(  634): no controller energy info supplied for telephony
12-23 17:23:21.253 E/KernelCpuSpeedReader(  634): Failed to read cpu-freq: /sys/devices/system/cpu/cpu0/cpufreq/stats/time_in_state (No such file or directory)
12-23 17:23:21.309 W/TileUtils( 5146): Found com.android.settings.Settings$NotificationAppListActivity for intent Intent { act=com.android.settings.action.SETTINGS pkg=com.android.settings } missing metadata com.android.settings.category
12-23 17:23:21.404 I/ActivityManager(  634): Displayed com.android.settings/.Settings: +525ms
12-23 17:23:21.585 I/BufferQueueProducer(  313): [Splash Screen com.android.settings#0](this:0xad9a6000,id:45,api:2,p:634,c:313) disconnect(P): api 2
12-23 17:23:21.585 I/BufferQueueConsumer(  313): [Splash Screen com.android.settings#0](this:0xad9a6000,id:45,api:2,p:-1,c:313) getReleasedBuffers: returning mask 0xffffffffffffffff
12-23 17:23:21.589 W/SurfaceFlinger(  313): Attempting to set client state on removed layer: Splash Screen com.android.settings#0
12-23 17:23:21.589 W/SurfaceFlinger(  313): Attempting to destroy on removed layer: Splash Screen com.android.settings#0
12-23 17:23:21.590 W/ContextImpl( 5146): Calling a method in the system process without a qualified user: android.app.ContextImpl.startService:1532 android.content.ContextWrapper.startService:664 android.app.Activity.onEnterAnimationComplete:6662 android.app.Activity.dispatchEnterAnimationComplete:6673 android.app.ActivityThread.handleEnterAnimationComplete:3275 
12-23 17:23:21.591 I/BufferQueueProducer(  313): [com.example.myapplication2/com.example.myapplication2.PWDActivity#0](this:0xad9cb000,id:44,api:1,p:5035,c:313) disconnect(P): api 1
12-23 17:23:21.591 I/BufferQueueConsumer(  313): [com.example.myapplication2/com.example.myapplication2.PWDActivity#0](this:0xad9cb000,id:44,api:1,p:-1,c:313) getReleasedBuffers: returning mask 0xffffffffffffffff
12-23 17:23:21.593 I/BufferQueueConsumer(  313): [Splash Screen com.android.settings#0](this:0xad9a6000,id:45,api:2,p:-1,c:-1) disconnect(C)
12-23 17:23:21.595 I/BufferQueue(  313): [Splash Screen com.android.settings#0](this:0xad9a6000,id:45,api:2,p:-1,c:-1) ~BufferQueueCore
12-23 17:23:21.707 I/vendor.mediatek.hardware.power@2.0-impl(  303): powerHintAsync hint:8, data:0
12-23 17:23:21.712 I/PowerWrap(  634): PowerHal_Wrap_mtkPowerHint
12-23 17:23:21.714 I/PowerWrap(  634): PowerHal_Wrap_querySysInfo
12-23 17:23:21.718 E/PowerHalWrapper(  634): <amsBoostStop> duration: 6000ms
12-23 17:23:21.719 I/PowerWrap(  634): PowerHal_Wrap_mtkPowerHint
12-23 17:23:21.720 I/PowerWrap(  634): PowerHal_Wrap_mtkPowerHint
12-23 17:23:21.751 I/BufferQueueConsumer(  313): [com.example.myapplication2/com.example.myapplication2.PWDActivity#0](this:0xad9cb000,id:44,api:1,p:-1,c:-1) disconnect(C)
12-23 17:23:21.751 I/BufferQueue(  313): [com.example.myapplication2/com.example.myapplication2.PWDActivity#0](this:0xad9cb000,id:44,api:1,p:-1,c:-1) ~BufferQueueCore
12-23 17:23:21.805 I/SurfaceFlinger(  313): [Built-in Screen (type:0)] fps:57.096519,dur:1015.82,max:19.92,min:15.55
12-23 17:23:22.010 E/TouchFilter(  634): setTouchFilter LOG Enable prameter: 0
12-23 17:23:22.813 I/PowerWrap(  634): PowerHal_TouchBoost
12-23 17:23:22.821 W/ContextImpl( 5146): Calling a method in the system process without a qualified user: android.app.ContextImpl.sendBroadcast:1006 android.content.ContextWrapper.sendBroadcast:444 android.view.View.dispatchTouchEvent:12526 android.view.ViewGroup.dispatchTransformedTouchEvent:3077 android.view.ViewGroup.dispatchTouchEvent:2727 
12-23 17:23:22.822 E/ActivityManager(  634): Sending non-protected broadcast com.genie.clickscreen from system 5146:com.android.settings/1000 pkg com.android.settings
12-23 17:23:22.822 E/ActivityManager(  634): java.lang.Throwable
12-23 17:23:22.822 E/ActivityManager(  634): 	at com.android.server.am.ActivityManagerService.checkBroadcastFromSystem(ActivityManagerService.java:21473)
12-23 17:23:22.822 E/ActivityManager(  634): 	at com.android.server.am.ActivityManagerService.broadcastIntentLocked(ActivityManagerService.java:21984)
12-23 17:23:22.822 E/ActivityManager(  634): 	at com.android.server.am.ActivityManagerService.broadcastIntent(ActivityManagerService.java:22227)
12-23 17:23:22.822 E/ActivityManager(  634): 	at android.app.IActivityManager$Stub.onTransact$broadcastIntent$(IActivityManager.java:10181)
12-23 17:23:22.822 E/ActivityManager(  634): 	at android.app.IActivityManager$Stub.onTransact(IActivityManager.java:167)
12-23 17:23:22.822 E/ActivityManager(  634): 	at com.android.server.am.ActivityManagerService.onTransact(ActivityManagerService.java:3350)
12-23 17:23:22.822 E/ActivityManager(  634): 	at android.os.Binder.execTransact(Binder.java:731)
12-23 17:23:22.825 W/AES     (  634): Exception Log handling...
12-23 17:23:22.827 W/AES     (  634): skip for Exp level 0
12-23 17:23:22.827 E/ActivityManager(  634): Sending non-protected broadcast com.genie.clickscreen from system 5146:com.android.settings/1000 pkg com.android.settings
12-23 17:23:22.827 E/ActivityManager(  634): java.lang.Throwable
12-23 17:23:22.827 E/ActivityManager(  634): 	at com.android.server.am.ActivityManagerService.checkBroadcastFromSystem(ActivityManagerService.java:21473)
12-23 17:23:22.827 E/ActivityManager(  634): 	at com.android.server.am.ActivityManagerService.broadcastIntentLocked(ActivityManagerService.java:22077)
12-23 17:23:22.827 E/ActivityManager(  634): 	at com.android.server.am.ActivityManagerService.broadcastIntent(ActivityManagerService.java:22227)
12-23 17:23:22.827 E/ActivityManager(  634): 	at android.app.IActivityManager$Stub.onTransact$broadcastIntent$(IActivityManager.java:10181)
12-23 17:23:22.827 E/ActivityManager(  634): 	at android.app.IActivityManager$Stub.onTransact(IActivityManager.java:167)
12-23 17:23:22.827 E/ActivityManager(  634): 	at com.android.server.am.ActivityManagerService.onTransact(ActivityManagerService.java:3350)
12-23 17:23:22.827 E/ActivityManager(  634): 	at android.os.Binder.execTransact(Binder.java:731)
12-23 17:23:22.830 W/AES     (  634): Exception Log handling...
12-23 17:23:22.831 W/AES     (  634): skip for Exp level 0
12-23 17:23:22.832 I/SA.PushAutoTrackHelper( 1155): SDK or push disabled.
12-23 17:23:22.832 I/LockScreenReceiver( 1155): action ::: com.genie.clickscreen
12-23 17:23:22.832 I/EyesProtectManager( 1155): [ (EyesProtectManager.java:76)#userTracked ] userTracked:  configLoaded-true protectorOn-false canUseScreen-true isUseCounting-false useBeginTime-null useSeconds-0 lockScreenTime-null unlockScreenTime- 2021-12-23 17:22:48
12-23 17:23:22.904 I/BufferQueueProducer(  313): [com.android.settings/com.android.settings.Settings#0](this:0xab72f000,id:46,api:1,p:5146,c:313) queueBuffer: fps=4.64 dur=1509.98 max=1161.79 min=8.82
12-23 17:23:22.909 I/SurfaceFlinger(  313): [Built-in Screen (type:0)] fps:9.960866,dur:1104.32,max:928.94,min:17.40
12-23 17:23:22.970 I/PowerWrap(  634): PowerHal_TouchBoost
12-23 17:23:23.390 I/test    ( 1300): [ (UpdateManager.java:27)#update ] check code:159 name 1.0.0 12-23 11:09:07 release isRelease=false
12-23 17:23:23.444 I/PowerWrap(  634): PowerHal_TouchBoost
