12-10 15:54:42.411 I/NetworkStatsRecorder(  634): recordSnapshotLocked: ident[[{type=WIFI, subType=COMBINED, networkId="TAL-Device", metered=false, defaultNetwork=true}]]
12-10 15:54:42.411 W/NetworkStatsRecorder(  634): unknown interfaces [lo], ignoring those stats
12-10 15:54:42.411 I/NetworkStatsRecorder(  634): recordSnapshotLocked: ident[[{type=WIFI, subType=COMBINED, networkId="TAL-Device", metered=false, defaultNetwork=true}]]
12-10 15:54:42.411 W/NetworkStatsRecorder(  634): unknown interfaces [lo], ignoring those stats
12-10 15:54:42.411 I/NetworkStatsRecorder(  634): recordSnapshotLocked: ident[[{type=WIFI, subType=COMBINED, networkId="TAL-Device", metered=false, defaultNetwork=true}]]
12-10 15:54:42.411 I/chatty  (  634): uid=1000(system) NetworkStats identical 1 line
12-10 15:54:42.411 I/NetworkStatsRecorder(  634): recordSnapshotLocked: ident[[{type=WIFI, subType=COMBINED, networkId="TAL-Device", metered=false, defaultNetwork=true}]]
12-10 15:54:42.411 W/NetworkStatsRecorder(  634): unknown interfaces [lo], ignoring those stats
12-10 15:54:42.411 W/NetworkStatsRecorder(  634): unknown interfaces [lo], ignoring those stats
12-10 15:55:27.739 E/BatteryExternalStatsWorker(  634): no controller energy info supplied for wifi
12-10 15:55:27.739 E/BatteryExternalStatsWorker(  634): no controller energy info supplied for bluetooth
12-10 15:55:27.739 E/BatteryExternalStatsWorker(  634): no controller energy info supplied for telephony
12-10 15:55:27.742 W/KernelCpuProcReader(  634): File not exist: /proc/uid_cpupower/concurrent_active_time
12-10 15:55:27.742 W/KernelCpuProcReader(  634): File not exist: /proc/uid_cpupower/concurrent_policy_time
12-10 15:55:27.743 E/KernelCpuSpeedReader(  634): Failed to read cpu-freq: /sys/devices/system/cpu/cpu0/cpufreq/stats/time_in_state (No such file or directory)
12-10 15:55:29.420 W/ContextImpl( 1153): Calling a method in the system process without a qualified user: android.app.ContextImpl.startActivity:900 android.content.ContextWrapper.startActivity:401 com.tal.genie.launcher.ui.voice.view.VoiceCallBackImplNew.toVoiceActivity:55 com.tal.genie.launcher.ui.voice.view.VoiceCallBackImplNew.toVoiceView:44 com.tal.genie.launcher.ui.voice.view.VoiceCallBackImplNew.start:38 
12-10 15:55:29.421 I/ActivityManager(  634): START u0 {flg=0x10000000 cmp=com.tal.genie.launcher/.ui.voice.VoiceNewActivity} from uid 1000
12-10 15:55:29.456 I/WindowManager(  634): Focus moving from Window{6037484 u0 com.tal.genie.voice/com.tal.genie.dicbook.cread.ClickReadActivity} to null
12-10 15:55:29.605 I/WindowManager(  634): Relayout Window{101e5a7 u0 com.tal.genie.launcher/com.tal.genie.launcher.ui.voice.VoiceNewActivity}: oldVis=4 newVis=0 focusMayChange = true
12-10 15:55:29.610 I/WindowManager(  634): Focus moving from null to Window{101e5a7 u0 com.tal.genie.launcher/com.tal.genie.launcher.ui.voice.VoiceNewActivity}
12-10 15:55:29.669 W/ContextImpl( 1153): Calling a method in the system process without a qualified user: android.app.ContextImpl.startService:1532 android.content.ContextWrapper.startService:664 android.content.ContextWrapper.startService:664 android.app.Activity.onEnterAnimationComplete:6662 android.app.Activity.dispatchEnterAnimationComplete:6673 
12-10 15:55:29.671 W/ContextImpl( 1153): Calling a method in the system process without a qualified user: android.app.ContextImpl.startService:1532 android.content.ContextWrapper.startService:664 android.content.ContextWrapper.startService:664 android.app.Activity.onEnterAnimationComplete:6662 android.app.Activity.dispatchEnterAnimationComplete:6673 
12-10 15:55:33.378 I/ActivityManager(  634): START u0 {flg=0x10008000 cmp=com.tal.genie.voice/com.tal.genie.dicbook.dic.ListResultActivity} from uid 10030
12-10 15:55:33.417 I/WindowManager(  634): Focus moving from Window{101e5a7 u0 com.tal.genie.launcher/com.tal.genie.launcher.ui.voice.VoiceNewActivity} to null
12-10 15:55:33.620 I/WindowManager(  634): Relayout Window{ef55d16 u0 com.tal.genie.voice/com.tal.genie.dicbook.dic.ListResultActivity}: oldVis=4 newVis=0 focusMayChange = true
12-10 15:55:33.624 I/WindowManager(  634): Focus moving from null to Window{ef55d16 u0 com.tal.genie.voice/com.tal.genie.dicbook.dic.ListResultActivity}
12-10 15:55:37.467 I/WindowManager(  634): Focus moving from Window{ef55d16 u0 com.tal.genie.voice/com.tal.genie.dicbook.dic.ListResultActivity} to Window{b770103 u0 com.tal.genie.launcher/com.tal.genie.launcher.ui.main.MainActivity}
12-10 15:55:37.531 W/ContextImpl( 1153): Calling a method in the system process without a qualified user: android.app.ContextImpl.startService:1532 android.content.ContextWrapper.startService:664 android.content.ContextWrapper.startService:664 android.app.Activity.onEnterAnimationComplete:6662 android.app.Activity.dispatchEnterAnimationComplete:6673 
12-10 15:55:38.655 W/ContextImpl( 1153): Calling a method in the system process without a qualified user: android.app.ContextImpl.startActivity:900 android.content.ContextWrapper.startActivity:401 com.tal.genie.launcher.ui.voice.view.VoiceCallBackImplNew.toVoiceActivity:55 com.tal.genie.launcher.ui.voice.view.VoiceCallBackImplNew.toVoiceView:44 com.tal.genie.launcher.ui.voice.view.VoiceCallBackImplNew.start:38 
12-10 15:55:38.656 I/ActivityManager(  634): START u0 {flg=0x10000000 cmp=com.tal.genie.launcher/.ui.voice.VoiceNewActivity} from uid 1000
12-10 15:55:38.670 I/WindowManager(  634): Focus moving from Window{b770103 u0 com.tal.genie.launcher/com.tal.genie.launcher.ui.main.MainActivity} to null
12-10 15:55:38.784 I/WindowManager(  634): Relayout Window{ad3187c u0 com.tal.genie.launcher/com.tal.genie.launcher.ui.voice.VoiceNewActivity}: oldVis=4 newVis=0 focusMayChange = true
12-10 15:55:38.790 I/WindowManager(  634): Focus moving from null to Window{ad3187c u0 com.tal.genie.launcher/com.tal.genie.launcher.ui.voice.VoiceNewActivity}
12-10 15:55:38.821 W/ContextImpl( 1153): Calling a method in the system process without a qualified user: android.app.ContextImpl.startService:1532 android.content.ContextWrapper.startService:664 android.content.ContextWrapper.startService:664 android.app.Activity.onEnterAnimationComplete:6662 android.app.Activity.dispatchEnterAnimationComplete:6673 
12-10 15:55:38.823 W/ContextImpl( 1153): Calling a method in the system process without a qualified user: android.app.ContextImpl.startService:1532 android.content.ContextWrapper.startService:664 android.content.ContextWrapper.startService:664 android.app.Activity.onEnterAnimationComplete:6662 android.app.Activity.dispatchEnterAnimationComplete:6673 
12-10 15:55:39.152 I/NetworkStatsRecorder(  634): recordSnapshotLocked: ident[[{type=WIFI, subType=COMBINED, networkId="TAL-Device", metered=false, defaultNetwork=true}]]
12-10 15:55:39.153 W/NetworkStatsRecorder(  634): unknown interfaces [lo], ignoring those stats
12-10 15:55:39.153 I/NetworkStatsRecorder(  634): recordSnapshotLocked: ident[[{type=WIFI, subType=COMBINED, networkId="TAL-Device", metered=false, defaultNetwork=true}]]
12-10 15:55:39.153 W/NetworkStatsRecorder(  634): unknown interfaces [lo], ignoring those stats
12-10 15:55:39.153 I/NetworkStatsRecorder(  634): recordSnapshotLocked: ident[[{type=WIFI, subType=COMBINED, networkId="TAL-Device", metered=false, defaultNetwork=true}]]
12-10 15:55:39.153 I/chatty  (  634): uid=1000(system) NetworkStats identical 2 lines
12-10 15:55:39.153 I/NetworkStatsRecorder(  634): recordSnapshotLocked: ident[[{type=WIFI, subType=COMBINED, networkId="TAL-Device", metered=false, defaultNetwork=true}]]
12-10 15:55:39.153 W/NetworkStatsRecorder(  634): unknown interfaces [lo], ignoring those stats
12-10 15:55:39.155 W/NetworkStatsRecorder(  634): unknown interfaces [lo], ignoring those stats
12-10 15:55:39.945 E/storaged(  454): getDiskStats failed with result NOT_SUPPORTED and size 0
12-10 15:55:43.405 I/ActivityManager(  634): START u0 {flg=0x10000000 cmp=com.tal.genie.voice/com.tal.genie.dicbook.dic.ListResultActivity} from uid 10030
12-10 15:55:43.428 I/WindowManager(  634): Focus moving from Window{ad3187c u0 com.tal.genie.launcher/com.tal.genie.launcher.ui.voice.VoiceNewActivity} to null
12-10 15:55:43.498 I/WindowManager(  634): Relayout Window{34b98ac u0 com.tal.genie.voice/com.tal.genie.dicbook.dic.ListResultActivity}: oldVis=4 newVis=0 focusMayChange = true
12-10 15:55:43.502 I/WindowManager(  634): Focus moving from null to Window{34b98ac u0 com.tal.genie.voice/com.tal.genie.dicbook.dic.ListResultActivity}
12-10 15:55:43.962 I/NetworkStatsRecorder(  634): recordSnapshotLocked: ident[[{type=WIFI, subType=COMBINED, networkId="TAL-Device", metered=false, defaultNetwork=true}]]
12-10 15:55:43.962 W/NetworkStatsRecorder(  634): unknown interfaces [lo], ignoring those stats
12-10 15:55:43.962 I/NetworkStatsRecorder(  634): recordSnapshotLocked: ident[[{type=WIFI, subType=COMBINED, networkId="TAL-Device", metered=false, defaultNetwork=true}]]
12-10 15:55:43.962 W/NetworkStatsRecorder(  634): unknown interfaces [lo], ignoring those stats
12-10 15:55:43.962 I/NetworkStatsRecorder(  634): recordSnapshotLocked: ident[[{type=WIFI, subType=COMBINED, networkId="TAL-Device", metered=false, defaultNetwork=true}]]
12-10 15:55:43.962 I/chatty  (  634): uid=1000(system) NetworkStats identical 2 lines
12-10 15:55:43.962 I/NetworkStatsRecorder(  634): recordSnapshotLocked: ident[[{type=WIFI, subType=COMBINED, networkId="TAL-Device", metered=false, defaultNetwork=true}]]
12-10 15:55:43.962 W/NetworkStatsRecorder(  634): unknown interfaces [lo], ignoring those stats
12-10 15:55:43.962 W/NetworkStatsRecorder(  634): unknown interfaces [lo], ignoring those stats
12-10 15:55:45.894 I/WindowManager(  634): Focus moving from Window{34b98ac u0 com.tal.genie.voice/com.tal.genie.dicbook.dic.ListResultActivity} to Window{b770103 u0 com.tal.genie.launcher/com.tal.genie.launcher.ui.main.MainActivity}
12-10 15:55:45.957 W/ContextImpl( 1153): Calling a method in the system process without a qualified user: android.app.ContextImpl.startService:1532 android.content.ContextWrapper.startService:664 android.content.ContextWrapper.startService:664 android.app.Activity.onEnterAnimationComplete:6662 android.app.Activity.dispatchEnterAnimationComplete:6673 
12-10 15:55:47.779 W/ContextImpl( 1153): Calling a method in the system process without a qualified user: android.app.ContextImpl.startActivity:900 android.content.ContextWrapper.startActivity:401 com.tal.genie.launcher.ui.voice.view.VoiceCallBackImplNew.toVoiceActivity:55 com.tal.genie.launcher.ui.voice.view.VoiceCallBackImplNew.toVoiceView:44 com.tal.genie.launcher.ui.voice.view.VoiceCallBackImplNew.start:38 
12-10 15:55:47.780 I/ActivityManager(  634): START u0 {flg=0x10000000 cmp=com.tal.genie.launcher/.ui.voice.VoiceNewActivity} from uid 1000
12-10 15:55:47.797 I/WindowManager(  634): Focus moving from Window{b770103 u0 com.tal.genie.launcher/com.tal.genie.launcher.ui.main.MainActivity} to null
12-10 15:55:47.913 I/WindowManager(  634): Relayout Window{24ea2d1 u0 com.tal.genie.launcher/com.tal.genie.launcher.ui.voice.VoiceNewActivity}: oldVis=4 newVis=0 focusMayChange = true
12-10 15:55:47.918 I/WindowManager(  634): Focus moving from null to Window{24ea2d1 u0 com.tal.genie.launcher/com.tal.genie.launcher.ui.voice.VoiceNewActivity}
12-10 15:55:47.946 W/ContextImpl( 1153): Calling a method in the system process without a qualified user: android.app.ContextImpl.startService:1532 android.content.ContextWrapper.startService:664 android.content.ContextWrapper.startService:664 android.app.Activity.onEnterAnimationComplete:6662 android.app.Activity.dispatchEnterAnimationComplete:6673 
12-10 15:55:47.950 W/ContextImpl( 1153): Calling a method in the system process without a qualified user: android.app.ContextImpl.startService:1532 android.content.ContextWrapper.startService:664 android.content.ContextWrapper.startService:664 android.app.Activity.onEnterAnimationComplete:6662 android.app.Activity.dispatchEnterAnimationComplete:6673 
12-10 15:55:51.651 I/ActivityManager(  634): START u0 {flg=0x10000000 cmp=com.tal.genie.voice/com.tal.genie.dicbook.dic.ListResultActivity} from uid 10030
12-10 15:55:51.678 I/WindowManager(  634): Focus moving from Window{24ea2d1 u0 com.tal.genie.launcher/com.tal.genie.launcher.ui.voice.VoiceNewActivity} to null
12-10 15:55:51.786 I/WindowManager(  634): Relayout Window{5179528 u0 com.tal.genie.voice/com.tal.genie.dicbook.dic.ListResultActivity}: oldVis=4 newVis=0 focusMayChange = true
12-10 15:55:51.791 I/WindowManager(  634): Focus moving from null to Window{5179528 u0 com.tal.genie.voice/com.tal.genie.dicbook.dic.ListResultActivity}
12-10 15:55:56.952 I/WindowManager(  634): Focus moving from Window{5179528 u0 com.tal.genie.voice/com.tal.genie.dicbook.dic.ListResultActivity} to Window{b770103 u0 com.tal.genie.launcher/com.tal.genie.launcher.ui.main.MainActivity}
12-10 15:55:56.976 I/ActivityManager(  634): Killing 1686:com.android.packageinstaller/u0a16 (adj 904): empty for 1803s
12-10 15:55:56.976 I/ActivityManager(  634): Killing 1671:com.android.managedprovisioning/u0a20 (adj 904): empty for 1804s
12-10 15:55:56.976 I/ActivityManager(  634): Killing 1652:com.android.gallery3d/u0a46 (adj 904): empty for 1804s
12-10 15:55:57.026 W/ContextImpl( 1153): Calling a method in the system process without a qualified user: android.app.ContextImpl.startService:1532 android.content.ContextWrapper.startService:664 android.content.ContextWrapper.startService:664 android.app.Activity.onEnterAnimationComplete:6662 android.app.Activity.dispatchEnterAnimationComplete:6673 
12-10 15:55:59.078 W/ContextImpl( 1153): Calling a method in the system process without a qualified user: android.app.ContextImpl.startActivity:900 android.content.ContextWrapper.startActivity:401 com.tal.genie.launcher.ui.voice.view.VoiceCallBackImplNew.toVoiceActivity:55 com.tal.genie.launcher.ui.voice.view.VoiceCallBackImplNew.toVoiceView:44 com.tal.genie.launcher.ui.voice.view.VoiceCallBackImplNew.start:38 
12-10 15:55:59.079 I/ActivityManager(  634): START u0 {flg=0x10000000 cmp=com.tal.genie.launcher/.ui.voice.VoiceNewActivity} from uid 1000
12-10 15:55:59.094 I/WindowManager(  634): Focus moving from Window{b770103 u0 com.tal.genie.launcher/com.tal.genie.launcher.ui.main.MainActivity} to null
12-10 15:55:59.179 I/WindowManager(  634): Relayout Window{dd2ffa0 u0 com.tal.genie.launcher/com.tal.genie.launcher.ui.voice.VoiceNewActivity}: oldVis=4 newVis=0 focusMayChange = true
12-10 15:55:59.183 I/WindowManager(  634): Focus moving from null to Window{dd2ffa0 u0 com.tal.genie.launcher/com.tal.genie.launcher.ui.voice.VoiceNewActivity}
12-10 15:55:59.218 W/ContextImpl( 1153): Calling a method in the system process without a qualified user: android.app.ContextImpl.startService:1532 android.content.ContextWrapper.startService:664 android.content.ContextWrapper.startService:664 android.app.Activity.onEnterAnimationComplete:6662 android.app.Activity.dispatchEnterAnimationComplete:6673 
12-10 15:55:59.220 W/ContextImpl( 1153): Calling a method in the system process without a qualified user: android.app.ContextImpl.startService:1532 android.content.ContextWrapper.startService:664 android.content.ContextWrapper.startService:664 android.app.Activity.onEnterAnimationComplete:6662 android.app.Activity.dispatchEnterAnimationComplete:6673 
12-10 15:56:02.561 I/ActivityManager(  634): START u0 {flg=0x10008000 cmp=com.tal.genie.voice/com.tal.genie.dicbook.dic.DicResultActivity (has extras)} from uid 10030
12-10 15:56:02.584 I/WindowManager(  634): Focus moving from Window{dd2ffa0 u0 com.tal.genie.launcher/com.tal.genie.launcher.ui.voice.VoiceNewActivity} to null
12-10 15:56:02.649 I/WindowManager(  634): Relayout Window{76f3801 u0 com.tal.genie.voice/com.tal.genie.dicbook.dic.DicResultActivity}: oldVis=4 newVis=0 focusMayChange = true
12-10 15:56:02.656 I/WindowManager(  634): Focus moving from null to Window{76f3801 u0 com.tal.genie.voice/com.tal.genie.dicbook.dic.DicResultActivity}
12-10 15:56:11.382 I/NetworkStatsRecorder(  634): recordSnapshotLocked: ident[[{type=WIFI, subType=COMBINED, networkId="TAL-Device", metered=false, defaultNetwork=true}]]
12-10 15:56:11.382 W/NetworkStatsRecorder(  634): unknown interfaces [lo], ignoring those stats
12-10 15:56:11.382 I/NetworkStatsRecorder(  634): recordSnapshotLocked: ident[[{type=WIFI, subType=COMBINED, networkId="TAL-Device", metered=false, defaultNetwork=true}]]
12-10 15:56:11.382 W/NetworkStatsRecorder(  634): unknown interfaces [lo], ignoring those stats
12-10 15:56:11.382 I/NetworkStatsRecorder(  634): recordSnapshotLocked: ident[[{type=WIFI, subType=COMBINED, networkId="TAL-Device", metered=false, defaultNetwork=true}]]
12-10 15:56:11.382 I/chatty  (  634): uid=1000(system) NetworkStats identical 2 lines
12-10 15:56:11.382 I/NetworkStatsRecorder(  634): recordSnapshotLocked: ident[[{type=WIFI, subType=COMBINED, networkId="TAL-Device", metered=false, defaultNetwork=true}]]
12-10 15:56:11.382 W/NetworkStatsRecorder(  634): unknown interfaces [lo], ignoring those stats
12-10 15:56:11.382 W/NetworkStatsRecorder(  634): unknown interfaces [lo], ignoring those stats
12-10 15:56:20.210 I/NetworkStatsRecorder(  634): recordSnapshotLocked: ident[[{type=WIFI, subType=COMBINED, networkId="TAL-Device", metered=false, defaultNetwork=true}]]
12-10 15:56:20.210 W/NetworkStatsRecorder(  634): unknown interfaces [lo], ignoring those stats
12-10 15:56:20.210 I/NetworkStatsRecorder(  634): recordSnapshotLocked: ident[[{type=WIFI, subType=COMBINED, networkId="TAL-Device", metered=false, defaultNetwork=true}]]
12-10 15:56:20.210 W/NetworkStatsRecorder(  634): unknown interfaces [lo], ignoring those stats
12-10 15:56:20.212 I/NetworkStatsRecorder(  634): recordSnapshotLocked: ident[[{type=WIFI, subType=COMBINED, networkId="TAL-Device", metered=false, defaultNetwork=true}]]
12-10 15:56:20.212 I/NetworkStatsRecorder(  634): recordSnapshotLocked: ident[[{type=WIFI, subType=COMBINED, networkId="TAL-Device", metered=false, defaultNetwork=true}]]
12-10 15:56:20.212 W/NetworkStatsRecorder(  634): unknown interfaces [lo], ignoring those stats
12-10 15:56:20.212 W/NetworkStatsRecorder(  634): unknown interfaces [lo], ignoring those stats
12-10 15:56:27.274 I/NetworkStatsRecorder(  634): recordSnapshotLocked: ident[[{type=WIFI, subType=COMBINED, networkId="TAL-Device", metered=false, defaultNetwork=true}]]
12-10 15:56:27.274 W/NetworkStatsRecorder(  634): unknown interfaces [lo], ignoring those stats
12-10 15:56:27.274 I/NetworkStatsRecorder(  634): recordSnapshotLocked: ident[[{type=WIFI, subType=COMBINED, networkId="TAL-Device", metered=false, defaultNetwork=true}]]
12-10 15:56:27.274 W/NetworkStatsRecorder(  634): unknown interfaces [lo], ignoring those stats
12-10 15:56:27.275 I/NetworkStatsRecorder(  634): recordSnapshotLocked: ident[[{type=WIFI, subType=COMBINED, networkId="TAL-Device", metered=false, defaultNetwork=true}]]
12-10 15:56:27.275 I/chatty  (  634): uid=1000(system) NetworkStats identical 1 line
12-10 15:56:27.275 I/NetworkStatsRecorder(  634): recordSnapshotLocked: ident[[{type=WIFI, subType=COMBINED, networkId="TAL-Device", metered=false, defaultNetwork=true}]]
12-10 15:56:27.275 W/NetworkStatsRecorder(  634): unknown interfaces [lo], ignoring those stats
12-10 15:56:27.275 W/NetworkStatsRecorder(  634): unknown interfaces [lo], ignoring those stats
12-10 15:56:39.946 E/storaged(  454): getDiskStats failed with result NOT_SUPPORTED and size 0
12-10 15:56:50.012 I/NetworkStatsRecorder(  634): recordSnapshotLocked: ident[[{type=WIFI, subType=COMBINED, networkId="TAL-Device", metered=false, defaultNetwork=true}]]
12-10 15:56:50.012 W/NetworkStatsRecorder(  634): unknown interfaces [lo], ignoring those stats
12-10 15:56:50.012 I/NetworkStatsRecorder(  634): recordSnapshotLocked: ident[[{type=WIFI, subType=COMBINED, networkId="TAL-Device", metered=false, defaultNetwork=true}]]
12-10 15:56:50.012 W/NetworkStatsRecorder(  634): unknown interfaces [lo], ignoring those stats
12-10 15:56:50.012 I/NetworkStatsRecorder(  634): recordSnapshotLocked: ident[[{type=WIFI, subType=COMBINED, networkId="TAL-Device", metered=false, defaultNetwork=true}]]
12-10 15:56:50.012 I/chatty  (  634): uid=1000(system) NetworkStats identical 2 lines
12-10 15:56:50.012 I/NetworkStatsRecorder(  634): recordSnapshotLocked: ident[[{type=WIFI, subType=COMBINED, networkId="TAL-Device", metered=false, defaultNetwork=true}]]
12-10 15:56:50.012 W/NetworkStatsRecorder(  634): unknown interfaces [lo], ignoring those stats
12-10 15:56:50.012 W/NetworkStatsRecorder(  634): unknown interfaces [lo], ignoring those stats
12-10 15:57:02.557 I/NetworkStatsRecorder(  634): recordSnapshotLocked: ident[[{type=WIFI, subType=COMBINED, networkId="TAL-Device", metered=false, defaultNetwork=true}]]
12-10 15:57:02.557 W/NetworkStatsRecorder(  634): unknown interfaces [lo], ignoring those stats
12-10 15:57:02.557 I/NetworkStatsRecorder(  634): recordSnapshotLocked: ident[[{type=WIFI, subType=COMBINED, networkId="TAL-Device", metered=false, defaultNetwork=true}]]
12-10 15:57:02.557 W/NetworkStatsRecorder(  634): unknown interfaces [lo], ignoring those stats
12-10 15:57:02.558 I/NetworkStatsRecorder(  634): recordSnapshotLocked: ident[[{type=WIFI, subType=COMBINED, networkId="TAL-Device", metered=false, defaultNetwork=true}]]
12-10 15:57:02.558 I/chatty  (  634): uid=1000(system) NetworkStats identical 1 line
12-10 15:57:02.558 I/NetworkStatsRecorder(  634): recordSnapshotLocked: ident[[{type=WIFI, subType=COMBINED, networkId="TAL-Device", metered=false, defaultNetwork=true}]]
12-10 15:57:02.558 W/NetworkStatsRecorder(  634): unknown interfaces [lo], ignoring those stats
12-10 15:57:02.558 W/NetworkStatsRecorder(  634): unknown interfaces [lo], ignoring those stats
12-10 15:57:04.312 I/NetworkStatsRecorder(  634): recordSnapshotLocked: ident[[{type=WIFI, subType=COMBINED, networkId="TAL-Device", metered=false, defaultNetwork=true}]]
12-10 15:57:04.312 W/NetworkStatsRecorder(  634): unknown interfaces [lo], ignoring those stats
12-10 15:57:04.312 I/NetworkStatsRecorder(  634): recordSnapshotLocked: ident[[{type=WIFI, subType=COMBINED, networkId="TAL-Device", metered=false, defaultNetwork=true}]]
12-10 15:57:04.312 W/NetworkStatsRecorder(  634): unknown interfaces [lo], ignoring those stats
12-10 15:57:04.312 I/NetworkStatsRecorder(  634): recordSnapshotLocked: ident[[{type=WIFI, subType=COMBINED, networkId="TAL-Device", metered=false, defaultNetwork=true}]]
12-10 15:57:04.312 I/NetworkStatsRecorder(  634): recordSnapshotLocked: ident[[{type=WIFI, subType=COMBINED, networkId="TAL-Device", metered=false, defaultNetwork=true}]]
12-10 15:57:04.312 W/NetworkStatsRecorder(  634): unknown interfaces [lo], ignoring those stats
12-10 15:57:04.312 W/NetworkStatsRecorder(  634): unknown interfaces [lo], ignoring those stats
12-10 15:57:14.130 I/NetworkStatsRecorder(  634): recordSnapshotLocked: ident[[{type=WIFI, subType=COMBINED, networkId="TAL-Device", metered=false, defaultNetwork=true}]]
12-10 15:57:14.130 W/NetworkStatsRecorder(  634): unknown interfaces [lo], ignoring those stats
12-10 15:57:14.130 I/NetworkStatsRecorder(  634): recordSnapshotLocked: ident[[{type=WIFI, subType=COMBINED, networkId="TAL-Device", metered=false, defaultNetwork=true}]]
12-10 15:57:14.130 W/NetworkStatsRecorder(  634): unknown interfaces [lo], ignoring those stats
12-10 15:57:14.130 I/NetworkStatsRecorder(  634): recordSnapshotLocked: ident[[{type=WIFI, subType=COMBINED, networkId="TAL-Device", metered=false, defaultNetwork=true}]]
12-10 15:57:14.130 I/chatty  (  634): uid=1000(system) NetworkStats identical 1 line
12-10 15:57:14.130 I/NetworkStatsRecorder(  634): recordSnapshotLocked: ident[[{type=WIFI, subType=COMBINED, networkId="TAL-Device", metered=false, defaultNetwork=true}]]
12-10 15:57:14.130 W/NetworkStatsRecorder(  634): unknown interfaces [lo], ignoring those stats
12-10 15:57:14.131 W/NetworkStatsRecorder(  634): unknown interfaces [lo], ignoring those stats
12-10 15:57:27.856 I/ActivityManager(  634): START u0 {cmp=com.tal.genie.voice/com.tal.genie.dicbook.dic.DicExtResultActivity (has extras)} from uid 10030
12-10 15:57:27.870 I/WindowManager(  634): Focus moving from Window{76f3801 u0 com.tal.genie.voice/com.tal.genie.dicbook.dic.DicResultActivity} to null
12-10 15:57:27.929 I/WindowManager(  634): Relayout Window{36ed0f8 u0 com.tal.genie.voice/com.tal.genie.dicbook.dic.DicExtResultActivity}: oldVis=4 newVis=0 focusMayChange = true
12-10 15:57:27.933 I/WindowManager(  634): Focus moving from null to Window{36ed0f8 u0 com.tal.genie.voice/com.tal.genie.dicbook.dic.DicExtResultActivity}
12-10 15:57:35.008 I/ActivityManager(  634): START u0 {cmp=com.tal.genie.voice/com.tal.genie.dicbook.dic.DicExtResultActivity (has extras)} from uid 10030
12-10 15:57:35.024 I/WindowManager(  634): Focus moving from Window{36ed0f8 u0 com.tal.genie.voice/com.tal.genie.dicbook.dic.DicExtResultActivity} to null
12-10 15:57:35.079 I/WindowManager(  634): Relayout Window{4574b1 u0 com.tal.genie.voice/com.tal.genie.dicbook.dic.DicExtResultActivity}: oldVis=4 newVis=0 focusMayChange = true
12-10 15:57:35.083 I/WindowManager(  634): Focus moving from null to Window{4574b1 u0 com.tal.genie.voice/com.tal.genie.dicbook.dic.DicExtResultActivity}
12-10 15:57:39.508 I/ActivityManager(  634): START u0 {cmp=com.tal.genie.voice/com.tal.genie.dicbook.dic.DicExtResultActivity (has extras)} from uid 10030
12-10 15:57:39.523 I/WindowManager(  634): Focus moving from Window{4574b1 u0 com.tal.genie.voice/com.tal.genie.dicbook.dic.DicExtResultActivity} to null
12-10 15:57:39.581 I/WindowManager(  634): Relayout Window{b9ccef6 u0 com.tal.genie.voice/com.tal.genie.dicbook.dic.DicExtResultActivity}: oldVis=4 newVis=0 focusMayChange = true
12-10 15:57:39.586 I/WindowManager(  634): Focus moving from null to Window{b9ccef6 u0 com.tal.genie.voice/com.tal.genie.dicbook.dic.DicExtResultActivity}
12-10 15:57:39.947 E/storaged(  454): getDiskStats failed with result NOT_SUPPORTED and size 0
12-10 15:58:39.948 E/storaged(  454): getDiskStats failed with result NOT_SUPPORTED and size 0
12-10 15:59:08.974 W/ContextImpl( 1153): Calling a method in the system process without a qualified user: android.app.ContextImpl.startActivity:888 android.content.ContextWrapper.startActivity:379 com.tal.genie.lockscreen.receiver.LockScreenReceiver.lockScreen:117 com.tal.genie.lockscreen.receiver.LockScreenReceiver.onReceive:51 android.app.LoadedApk$ReceiverDispatcher$Args.lambda$getRunnable$0:1391 
12-10 15:59:08.974 W/ContextImpl( 1153): Calling a method in the system process without a qualified user: android.app.ContextImpl.startActivity:900 android.app.ContextImpl.startActivity:889 android.content.ContextWrapper.startActivity:379 com.tal.genie.lockscreen.receiver.LockScreenReceiver.lockScreen:117 com.tal.genie.lockscreen.receiver.LockScreenReceiver.onReceive:51 
12-10 15:59:08.976 I/ActivityManager(  634): START u0 {flg=0x10800000 cmp=com.tal.genie.launcher/com.tal.genie.lockscreen.activity.LockScreenActivity} from uid 1000
12-10 15:59:08.998 W/ContextImpl( 1153): Calling a method in the system process without a qualified user: android.app.ContextImpl.sendBroadcast:1006 android.content.ContextWrapper.sendBroadcast:444 com.tal.genie.lockscreen.utils.PushNotificationDialogManager.sendPushNotificationStatus:54 com.tal.genie.lockscreen.utils.PushNotificationDialogManager.sendPushNotificationShow:23 com.tal.genie.lockscreen.receiver.LockScreenReceiver.lockScreen:122 
12-10 15:59:09.005 I/WindowManager(  634): Focus moving from Window{b9ccef6 u0 com.tal.genie.voice/com.tal.genie.dicbook.dic.DicExtResultActivity} to null
12-10 15:59:09.106 W/ContextImpl( 1153): Calling a method in the system process without a qualified user: android.app.ContextImpl.startForegroundService:1538 android.content.ContextWrapper.startForegroundService:669 android.content.ContextWrapper.startForegroundService:669 com.tal.genie.lockscreen.activity.LockScreenActivity.initSevice:84 com.tal.genie.lockscreen.activity.LockScreenActivity.onCreate:77 
12-10 15:59:09.150 W/ContextImpl( 1153): Calling a method in the system process without a qualified user: android.app.ContextImpl.startService:1532 android.content.ContextWrapper.startService:664 android.content.ContextWrapper.startService:664 android.app.Activity.onEnterAnimationComplete:6662 android.app.Activity.dispatchEnterAnimationComplete:6673 
12-10 15:59:09.151 W/ContextImpl( 1153): Calling a method in the system process without a qualified user: android.app.ContextImpl.startService:1532 android.content.ContextWrapper.startService:664 android.content.ContextWrapper.startService:664 android.app.Activity.onEnterAnimationComplete:6662 android.app.Activity.dispatchEnterAnimationComplete:6673 
12-10 15:59:09.157 I/WindowManager(  634): Relayout Window{5b4b998 u0 com.tal.genie.launcher/com.tal.genie.lockscreen.activity.LockScreenActivity}: oldVis=4 newVis=0 focusMayChange = true
12-10 15:59:09.162 I/WindowManager(  634): Focus moving from null to Window{5b4b998 u0 com.tal.genie.launcher/com.tal.genie.lockscreen.activity.LockScreenActivity}
12-10 15:59:39.949 E/storaged(  454): getDiskStats failed with result NOT_SUPPORTED and size 0
12-10 16:00:00.050 W/ContextImpl( 1153): Calling a method in the system process without a qualified user: android.app.ContextImpl.sendBroadcast:1006 android.content.ContextWrapper.sendBroadcast:444 com.tal.genie.base_ui.manager.ThemeManager.sendThemeChangedBroadcast:90 com.tal.genie.launcher.service.TimeTickListener.onTimeTickReceived:40 com.tal.genie.base_receiver.time.TimeTickManager.onTimeTickReceived:80 
12-10 16:00:39.950 E/storaged(  454): getDiskStats failed with result NOT_SUPPORTED and size 0
12-10 16:01:39.951 E/storaged(  454): getDiskStats failed with result NOT_SUPPORTED and size 0
12-10 16:02:36.355 W/ContextImpl( 1153): Calling a method in the system process without a qualified user: android.app.ContextImpl.sendBroadcast:1006 android.content.ContextWrapper.sendBroadcast:444 com.tal.genie.lockscreen.receiver.LockScreenReceiver.sendUnlockScreenOnBroadcast:155 com.tal.genie.lockscreen.receiver.LockScreenReceiver.onReceive:47 android.app.LoadedApk$ReceiverDispatcher$Args.lambda$getRunnable$0:1391 
12-10 16:02:36.387 W/ContextImpl( 1153): Calling a method in the system process without a qualified user: android.app.ContextImpl.sendBroadcast:1006 android.content.ContextWrapper.sendBroadcast:444 com.tal.genie.lockscreen.utils.PushNotificationDialogManager.sendPushNotificationStatus:54 com.tal.genie.lockscreen.utils.PushNotificationDialogManager.sendPushNotificationShow:23 com.tal.genie.lockscreen.activity.LockScreenActivity.onFinish:187 
12-10 16:02:36.549 I/PowerManagerService(  634): Going to sleep due to power button (uid 1000)...
12-10 16:02:36.549 W/UsageStatsService(  634): Event reported without a package name
12-10 16:02:36.550 I/PowerManagerService(  634): Sleeping (uid 1000)...
12-10 16:02:36.551 I/DisplayPowerController(  634): Blocking screen off
12-10 16:02:36.551 I/DisplayPowerController(  634): Unblocked screen off after 1 ms
12-10 16:02:36.557 E/KernelCpuSpeedReader(  634): Failed to read cpu-freq: /sys/devices/system/cpu/cpu0/cpufreq/stats/time_in_state (No such file or directory)
12-10 16:02:36.579 I/DisplayManagerService(  634): Display device changed state: "内置屏幕", OFF
12-10 16:02:36.626 I/WindowManager(  634): Focus moving from Window{5b4b998 u0 com.tal.genie.launcher/com.tal.genie.lockscreen.activity.LockScreenActivity} to null
12-10 16:02:36.651 I/ActivityManager(  634): Activity reported stop, but no longer stopping: ActivityRecord{398bd50 u0 com.tal.genie.launcher/com.tal.genie.lockscreen.activity.LockScreenActivity t75 f}
12-10 16:02:36.742 I/WindowManager(  634): Relayout Window{b770103 u0 com.tal.genie.launcher/com.tal.genie.launcher.ui.main.MainActivity}: oldVis=4 newVis=0 focusMayChange = true
12-10 16:02:36.748 I/WindowManager(  634): Focus moving from null to Window{b770103 u0 com.tal.genie.launcher/com.tal.genie.launcher.ui.main.MainActivity}
12-10 16:02:36.750 I/WindowManager(  634): Relayout Window{b9ccef6 u0 com.tal.genie.voice/com.tal.genie.dicbook.dic.DicExtResultActivity}: oldVis=4 newVis=0 focusMayChange = true
12-10 16:02:36.769 W/ContextImpl( 1153): Calling a method in the system process without a qualified user: android.app.ContextImpl.startService:1532 android.content.ContextWrapper.startService:664 android.content.ContextWrapper.startService:664 android.app.Activity.onEnterAnimationComplete:6662 android.app.Activity.dispatchEnterAnimationComplete:6673 
12-10 16:02:36.925 I/WindowManager(  634): Focus moving from Window{b770103 u0 com.tal.genie.launcher/com.tal.genie.launcher.ui.main.MainActivity} to Window{b9ccef6 u0 com.tal.genie.voice/com.tal.genie.dicbook.dic.DicExtResultActivity}
12-10 16:02:36.940 I/WindowManager(  634): Relayout Window{4574b1 u0 com.tal.genie.voice/com.tal.genie.dicbook.dic.DicExtResultActivity}: oldVis=8 newVis=0 focusMayChange = true
12-10 16:02:36.970 I/WindowManager(  634): Relayout Window{36ed0f8 u0 com.tal.genie.voice/com.tal.genie.dicbook.dic.DicExtResultActivity}: oldVis=8 newVis=0 focusMayChange = true
12-10 16:02:37.005 I/WindowManager(  634): Relayout Window{76f3801 u0 com.tal.genie.voice/com.tal.genie.dicbook.dic.DicResultActivity}: oldVis=8 newVis=0 focusMayChange = true
12-10 16:02:37.173 I/PowerManagerService(  634): Waking up from sleep (uid=1000 reason=android.policy:POWER)...
12-10 16:02:37.174 W/UsageStatsService(  634): Event reported without a package name
12-10 16:02:37.178 I/DisplayPowerController(  634): Blocking screen on until initial contents have been drawn.
12-10 16:02:37.180 E/KernelCpuSpeedReader(  634): Failed to read cpu-freq: /sys/devices/system/cpu/cpu0/cpufreq/stats/time_in_state (No such file or directory)
12-10 16:02:37.229 W/BroadcastQueue(  634): Background execution not allowed: receiving Intent { act=android.intent.action.USER_PRESENT flg=0x24200010 } to com.tal.genie.launcher/com.tal.genie.lockscreen.receiver.LockScreenReceiver
12-10 16:02:37.232 I/WindowManager(  634): Waiting for drawn Window{b770103 u0 com.tal.genie.launcher/com.tal.genie.launcher.ui.main.MainActivity}: removed=false visible=true mHasSurface=true drawState=1
12-10 16:02:37.232 I/WindowManager(  634): Waiting for drawn Window{76f3801 u0 com.tal.genie.voice/com.tal.genie.dicbook.dic.DicResultActivity}: removed=false visible=true mHasSurface=true drawState=1
12-10 16:02:37.232 I/WindowManager(  634): Waiting for drawn Window{36ed0f8 u0 com.tal.genie.voice/com.tal.genie.dicbook.dic.DicExtResultActivity}: removed=false visible=true mHasSurface=true drawState=1
12-10 16:02:37.232 I/WindowManager(  634): Waiting for drawn Window{4574b1 u0 com.tal.genie.voice/com.tal.genie.dicbook.dic.DicExtResultActivity}: removed=false visible=true mHasSurface=true drawState=1
12-10 16:02:37.232 I/WindowManager(  634): Waiting for drawn Window{b9ccef6 u0 com.tal.genie.voice/com.tal.genie.dicbook.dic.DicExtResultActivity}: removed=false visible=true mHasSurface=true drawState=1
12-10 16:02:37.241 I/WindowManager(  634): Losing delayed focus: Window{b770103 u0 com.tal.genie.launcher/com.tal.genie.launcher.ui.main.MainActivity}
12-10 16:02:37.242 I/DisplayManagerService(  634): Display device changed state: "内置屏幕", ON
12-10 16:02:37.261 I/WindowManager(  634): Waiting for drawn Window{b770103 u0 com.tal.genie.launcher/com.tal.genie.launcher.ui.main.MainActivity}: removed=false visible=true mHasSurface=true drawState=1
12-10 16:02:37.261 I/WindowManager(  634): Waiting for drawn Window{76f3801 u0 com.tal.genie.voice/com.tal.genie.dicbook.dic.DicResultActivity}: removed=false visible=true mHasSurface=true drawState=1
12-10 16:02:37.261 I/WindowManager(  634): Waiting for drawn Window{36ed0f8 u0 com.tal.genie.voice/com.tal.genie.dicbook.dic.DicExtResultActivity}: removed=false visible=true mHasSurface=true drawState=1
12-10 16:02:37.261 I/WindowManager(  634): Waiting for drawn Window{4574b1 u0 com.tal.genie.voice/com.tal.genie.dicbook.dic.DicExtResultActivity}: removed=false visible=true mHasSurface=true drawState=1
12-10 16:02:37.261 I/WindowManager(  634): Waiting for drawn Window{b9ccef6 u0 com.tal.genie.voice/com.tal.genie.dicbook.dic.DicExtResultActivity}: removed=false visible=true mHasSurface=true drawState=1
12-10 16:02:37.287 I/WindowManager(  634): Waiting for drawn Window{b770103 u0 com.tal.genie.launcher/com.tal.genie.launcher.ui.main.MainActivity}: removed=false visible=true mHasSurface=true drawState=1
12-10 16:02:37.287 I/WindowManager(  634): Waiting for drawn Window{76f3801 u0 com.tal.genie.voice/com.tal.genie.dicbook.dic.DicResultActivity}: removed=false visible=true mHasSurface=true drawState=1
12-10 16:02:37.287 I/WindowManager(  634): Waiting for drawn Window{36ed0f8 u0 com.tal.genie.voice/com.tal.genie.dicbook.dic.DicExtResultActivity}: removed=false visible=true mHasSurface=true drawState=1
12-10 16:02:37.287 I/WindowManager(  634): Waiting for drawn Window{4574b1 u0 com.tal.genie.voice/com.tal.genie.dicbook.dic.DicExtResultActivity}: removed=false visible=true mHasSurface=true drawState=1
12-10 16:02:37.287 I/WindowManager(  634): Waiting for drawn Window{b9ccef6 u0 com.tal.genie.voice/com.tal.genie.dicbook.dic.DicExtResultActivity}: removed=false visible=true mHasSurface=true drawState=1
12-10 16:02:37.318 I/WindowManager(  634): Waiting for drawn Window{b770103 u0 com.tal.genie.launcher/com.tal.genie.launcher.ui.main.MainActivity}: removed=false visible=true mHasSurface=true drawState=4
12-10 16:02:37.318 I/WindowManager(  634): Waiting for drawn Window{76f3801 u0 com.tal.genie.voice/com.tal.genie.dicbook.dic.DicResultActivity}: removed=false visible=true mHasSurface=true drawState=1
12-10 16:02:37.318 I/WindowManager(  634): Waiting for drawn Window{36ed0f8 u0 com.tal.genie.voice/com.tal.genie.dicbook.dic.DicExtResultActivity}: removed=false visible=true mHasSurface=true drawState=1
12-10 16:02:37.318 I/WindowManager(  634): Waiting for drawn Window{4574b1 u0 com.tal.genie.voice/com.tal.genie.dicbook.dic.DicExtResultActivity}: removed=false visible=true mHasSurface=true drawState=1
12-10 16:02:37.318 I/WindowManager(  634): Waiting for drawn Window{b9ccef6 u0 com.tal.genie.voice/com.tal.genie.dicbook.dic.DicExtResultActivity}: removed=false visible=true mHasSurface=true drawState=1
12-10 16:02:37.324 I/WindowManager(  634): Waiting for drawn Window{76f3801 u0 com.tal.genie.voice/com.tal.genie.dicbook.dic.DicResultActivity}: removed=false visible=true mHasSurface=true drawState=1
12-10 16:02:37.324 I/WindowManager(  634): Waiting for drawn Window{36ed0f8 u0 com.tal.genie.voice/com.tal.genie.dicbook.dic.DicExtResultActivity}: removed=false visible=true mHasSurface=true drawState=1
12-10 16:02:37.324 I/WindowManager(  634): Waiting for drawn Window{4574b1 u0 com.tal.genie.voice/com.tal.genie.dicbook.dic.DicExtResultActivity}: removed=false visible=true mHasSurface=true drawState=1
12-10 16:02:37.324 I/WindowManager(  634): Waiting for drawn Window{b9ccef6 u0 com.tal.genie.voice/com.tal.genie.dicbook.dic.DicExtResultActivity}: removed=false visible=true mHasSurface=true drawState=4
12-10 16:02:37.358 I/WindowManager(  634): Waiting for drawn Window{76f3801 u0 com.tal.genie.voice/com.tal.genie.dicbook.dic.DicResultActivity}: removed=false visible=true mHasSurface=true drawState=1
12-10 16:02:37.359 I/WindowManager(  634): Waiting for drawn Window{36ed0f8 u0 com.tal.genie.voice/com.tal.genie.dicbook.dic.DicExtResultActivity}: removed=false visible=true mHasSurface=true drawState=1
12-10 16:02:37.359 I/WindowManager(  634): Waiting for drawn Window{4574b1 u0 com.tal.genie.voice/com.tal.genie.dicbook.dic.DicExtResultActivity}: removed=false visible=true mHasSurface=true drawState=4
12-10 16:02:37.361 I/WindowManager(  634): Waiting for drawn Window{76f3801 u0 com.tal.genie.voice/com.tal.genie.dicbook.dic.DicResultActivity}: removed=false visible=true mHasSurface=true drawState=1
12-10 16:02:37.361 I/WindowManager(  634): Waiting for drawn Window{36ed0f8 u0 com.tal.genie.voice/com.tal.genie.dicbook.dic.DicExtResultActivity}: removed=false visible=true mHasSurface=true drawState=4
12-10 16:02:37.363 I/WindowManager(  634): Waiting for drawn Window{76f3801 u0 com.tal.genie.voice/com.tal.genie.dicbook.dic.DicResultActivity}: removed=false visible=true mHasSurface=true drawState=4
12-10 16:02:37.366 I/DisplayPowerController(  634): Unblocked screen on after 187 ms
12-10 16:02:37.578 W/PowerManagerService(  634): Screen on took 405 ms
12-10 16:02:39.952 E/storaged(  454): getDiskStats failed with result NOT_SUPPORTED and size 0
12-10 16:03:25.063 I/NetworkStatsRecorder(  634): recordSnapshotLocked: ident[[{type=WIFI, subType=COMBINED, networkId="TAL-Device", metered=false, defaultNetwork=true}]]
12-10 16:03:25.063 W/NetworkStatsRecorder(  634): unknown interfaces [lo], ignoring those stats
12-10 16:03:25.063 I/NetworkStatsRecorder(  634): recordSnapshotLocked: ident[[{type=WIFI, subType=COMBINED, networkId="TAL-Device", metered=false, defaultNetwork=true}]]
12-10 16:03:25.063 W/NetworkStatsRecorder(  634): unknown interfaces [lo], ignoring those stats
12-10 16:03:25.064 I/NetworkStatsRecorder(  634): recordSnapshotLocked: ident[[{type=WIFI, subType=COMBINED, networkId="TAL-Device", metered=false, defaultNetwork=true}]]
12-10 16:03:25.064 I/chatty  (  634): uid=1000(system) NetworkStats identical 2 lines
12-10 16:03:25.064 I/NetworkStatsRecorder(  634): recordSnapshotLocked: ident[[{type=WIFI, subType=COMBINED, networkId="TAL-Device", metered=false, defaultNetwork=true}]]
12-10 16:03:25.064 W/NetworkStatsRecorder(  634): unknown interfaces [lo], ignoring those stats
12-10 16:03:25.064 W/NetworkStatsRecorder(  634): unknown interfaces [lo], ignoring those stats
12-10 16:03:27.375 I/WindowManager(  634): Focus moving from Window{b9ccef6 u0 com.tal.genie.voice/com.tal.genie.dicbook.dic.DicExtResultActivity} to Window{4574b1 u0 com.tal.genie.voice/com.tal.genie.dicbook.dic.DicExtResultActivity}
12-10 16:03:28.889 I/ActivityManager(  634): START u0 {cmp=com.tal.genie.voice/com.tal.genie.dicbook.dic.DicExtResultActivity (has extras)} from uid 10030
12-10 16:03:28.908 I/WindowManager(  634): Focus moving from Window{4574b1 u0 com.tal.genie.voice/com.tal.genie.dicbook.dic.DicExtResultActivity} to null
12-10 16:03:28.980 I/WindowManager(  634): Relayout Window{7a953c5 u0 com.tal.genie.voice/com.tal.genie.dicbook.dic.DicExtResultActivity}: oldVis=4 newVis=0 focusMayChange = true
12-10 16:03:28.986 I/WindowManager(  634): Focus moving from null to Window{7a953c5 u0 com.tal.genie.voice/com.tal.genie.dicbook.dic.DicExtResultActivity}
12-10 16:03:39.952 E/storaged(  454): getDiskStats failed with result NOT_SUPPORTED and size 0
12-10 16:04:06.498 V/WindowManager(  634): Set focused app to: AppWindowToken{fa21440 token=Token{24063c3 ActivityRecord{d5e0372 u0 com.tal.genie.voice/com.tal.genie.dicbook.dic.DicExtResultActivity t74}}} old focus=AppWindowToken{8aa4 token=Token{476e537 ActivityRecord{a889236 u0 com.tal.genie.voice/com.tal.genie.dicbook.dic.DicExtResultActivity t74}}} moveFocusNow=true
12-10 16:04:06.499 V/WindowManager(  634): Changing focus from Window{7a953c5 u0 com.tal.genie.voice/com.tal.genie.dicbook.dic.DicExtResultActivity} to Window{4574b1 u0 com.tal.genie.voice/com.tal.genie.dicbook.dic.DicExtResultActivity} Callers=com.android.server.wm.WindowManagerService.setFocusedApp:2638 com.android.server.am.ActivityManagerService.setResumedActivityUncheckLocked:3631 com.android.server.am.ActivityStack.onActivityStateChanged:498 com.android.server.am.TaskRecord.onActivityStateChanged:1794 
12-10 16:04:06.499 D/WindowManager(  634): Input focus has changed to Window{4574b1 u0 com.tal.genie.voice/com.tal.genie.dicbook.dic.DicExtResultActivity}
12-10 16:04:06.521 I/WindowManager(  634): Focus moving from Window{7a953c5 u0 com.tal.genie.voice/com.tal.genie.dicbook.dic.DicExtResultActivity} to Window{4574b1 u0 com.tal.genie.voice/com.tal.genie.dicbook.dic.DicExtResultActivity}
12-10 16:04:09.846 I/ActivityManager(  634): START u0 {cmp=com.tal.genie.voice/com.tal.genie.dicbook.dic.DicExtResultActivity (has extras)} from uid 10030
12-10 16:04:09.866 V/WindowManager(  634): Set focused app to: AppWindowToken{c17265 token=Token{dc97f5c ActivityRecord{65c59cf u0 com.tal.genie.voice/com.tal.genie.dicbook.dic.DicExtResultActivity t74}}} old focus=AppWindowToken{fa21440 token=Token{24063c3 ActivityRecord{d5e0372 u0 com.tal.genie.voice/com.tal.genie.dicbook.dic.DicExtResultActivity t74}}} moveFocusNow=true
12-10 16:04:09.866 V/WindowManager(  634): findFocusedWindow: Reached focused app=AppWindowToken{c17265 token=Token{dc97f5c ActivityRecord{65c59cf u0 com.tal.genie.voice/com.tal.genie.dicbook.dic.DicExtResultActivity t74}}}
12-10 16:04:09.867 V/WindowManager(  634): Changing focus from Window{4574b1 u0 com.tal.genie.voice/com.tal.genie.dicbook.dic.DicExtResultActivity} to null Callers=com.android.server.wm.WindowManagerService.setFocusedApp:2638 com.android.server.am.ActivityManagerService.setResumedActivityUncheckLocked:3631 com.android.server.am.ActivityStack.onActivityStateChanged:498 com.android.server.am.TaskRecord.onActivityStateChanged:1794 
12-10 16:04:09.867 D/WindowManager(  634): Input focus has changed to null
12-10 16:04:09.868 I/WindowManager(  634): Focus moving from Window{4574b1 u0 com.tal.genie.voice/com.tal.genie.dicbook.dic.DicExtResultActivity} to null
12-10 16:04:09.926 I/WindowManager(  634): Relayout Window{836792 u0 com.tal.genie.voice/com.tal.genie.dicbook.dic.DicExtResultActivity}: oldVis=4 newVis=0 focusMayChange = true
12-10 16:04:09.930 V/WindowManager(  634): Changing focus from null to Window{836792 u0 com.tal.genie.voice/com.tal.genie.dicbook.dic.DicExtResultActivity} Callers=com.android.server.wm.WindowManagerService.relayoutWindow:2142 com.android.server.wm.Session.relayout:244 android.view.IWindowSession$Stub.onTransact:309 com.android.server.wm.Session.onTransact:164 
12-10 16:04:09.931 D/WindowManager(  634): Input focus has changed to Window{836792 u0 com.tal.genie.voice/com.tal.genie.dicbook.dic.DicExtResultActivity}
12-10 16:04:09.932 I/WindowManager(  634): Focus moving from null to Window{836792 u0 com.tal.genie.voice/com.tal.genie.dicbook.dic.DicExtResultActivity}
12-10 16:04:09.971 D/MtkOmxMp3Dec(  456): JB ~MtkOmxMp3Dec this= 0xac043a00
12-10 16:04:09.971 D/MtkOmxMp3Dec(  456): component has been DeInit before,return.
12-10 16:04:09.975 D/TableOfContentThread(  448): ~TableOfContentThread 0xae8c7cc8!
12-10 16:04:09.975 D/TableOfContentThread(  448): stopTOCThread 0xae8c7cc8
12-10 16:04:10.013 D/TableOfContentThread(  448): TableOfContentThread Construct !0xae8c7cc8
12-10 16:04:10.127 D/MtkOmxMp3Dec(  456): JB MtkOmxMp3Dec::MtkOmxMp3Dec this= 0xac043a00
12-10 16:04:10.127 D/MtkOmxMp3Dec(  456): JB MtkOmxMp3Dec::InitAudioParams(MP3)
12-10 16:04:10.158 D/MtkOmxMp3Dec(  456): JB +InitMp3Decoder
12-10 16:04:10.158 D/MtkOmxMp3Dec(  456): -InitMp3Decoder
12-10 16:04:10.444 D/MtkOmxMp3Dec(  456): MP3 EOS received, TS=0
12-10 16:04:39.953 E/storaged(  454): getDiskStats failed with result NOT_SUPPORTED and size 0
12-10 16:05:18.341 W/ContextImpl( 1153): Calling a method in the system process without a qualified user: android.app.ContextImpl.startActivity:888 android.content.ContextWrapper.startActivity:379 com.tal.genie.lockscreen.receiver.LockScreenReceiver.lockScreen:117 com.tal.genie.lockscreen.receiver.LockScreenReceiver.onReceive:51 android.app.LoadedApk$ReceiverDispatcher$Args.lambda$getRunnable$0:1391 
12-10 16:05:18.342 W/ContextImpl( 1153): Calling a method in the system process without a qualified user: android.app.ContextImpl.startActivity:900 android.app.ContextImpl.startActivity:889 android.content.ContextWrapper.startActivity:379 com.tal.genie.lockscreen.receiver.LockScreenReceiver.lockScreen:117 com.tal.genie.lockscreen.receiver.LockScreenReceiver.onReceive:51 
12-10 16:05:18.343 I/ActivityManager(  634): START u0 {flg=0x10800000 cmp=com.tal.genie.launcher/com.tal.genie.lockscreen.activity.LockScreenActivity} from uid 1000
12-10 16:05:18.360 W/ContextImpl( 1153): Calling a method in the system process without a qualified user: android.app.ContextImpl.sendBroadcast:1006 android.content.ContextWrapper.sendBroadcast:444 com.tal.genie.lockscreen.utils.PushNotificationDialogManager.sendPushNotificationStatus:54 com.tal.genie.lockscreen.utils.PushNotificationDialogManager.sendPushNotificationShow:23 com.tal.genie.lockscreen.receiver.LockScreenReceiver.lockScreen:122 
12-10 16:05:18.381 I/WindowManager(  634): Focus moving from Window{836792 u0 com.tal.genie.voice/com.tal.genie.dicbook.dic.DicExtResultActivity} to null
12-10 16:05:18.464 W/ContextImpl( 1153): Calling a method in the system process without a qualified user: android.app.ContextImpl.startForegroundService:1538 android.content.ContextWrapper.startForegroundService:669 android.content.ContextWrapper.startForegroundService:669 com.tal.genie.lockscreen.activity.LockScreenActivity.initSevice:84 com.tal.genie.lockscreen.activity.LockScreenActivity.onCreate:77 
12-10 16:05:18.536 W/ContextImpl( 1153): Calling a method in the system process without a qualified user: android.app.ContextImpl.startService:1532 android.content.ContextWrapper.startService:664 android.content.ContextWrapper.startService:664 android.app.Activity.onEnterAnimationComplete:6662 android.app.Activity.dispatchEnterAnimationComplete:6673 
12-10 16:05:18.537 W/ContextImpl( 1153): Calling a method in the system process without a qualified user: android.app.ContextImpl.startService:1532 android.content.ContextWrapper.startService:664 android.content.ContextWrapper.startService:664 android.app.Activity.onEnterAnimationComplete:6662 android.app.Activity.dispatchEnterAnimationComplete:6673 
12-10 16:05:18.543 I/WindowManager(  634): Relayout Window{1b3990a u0 com.tal.genie.launcher/com.tal.genie.lockscreen.activity.LockScreenActivity}: oldVis=4 newVis=0 focusMayChange = true
