12-10 15:57:02.377 I/SA.SensorsDataAPI( 1104): 		"$screen_height":1600,
12-10 15:57:02.377 I/SA.SensorsDataAPI( 1104): 		"$app_version":"0.3.0",
12-10 15:57:02.377 I/SA.SensorsDataAPI( 1104): 		"$lib":"Android",
12-10 15:57:02.377 I/SA.SensorsDataAPI( 1104): 		"$device_id":"6fe19c181203ab32",
12-10 15:57:02.377 I/SA.SensorsDataAPI( 1104): 		"$app_name":"语音",
12-10 15:57:02.377 I/SA.SensorsDataAPI( 1104): 		"$lib_version":"6.0.0",
12-10 15:57:02.377 I/SA.SensorsDataAPI( 1104): 		"$timezone_offset":-480,
12-10 15:57:02.377 I/SA.SensorsDataAPI( 1104): 		"$app_id":"com.tal.genie.voice",
12-10 15:57:02.377 I/SA.SensorsDataAPI( 1104): 		"$manufacturer":"ALPS",
12-10 15:57:02.377 I/SA.SensorsDataAPI( 1104): 		"userId":"1000303",
12-10 15:57:02.377 I/SA.SensorsDataAPI( 1104): 		"sn":"61D00121B1600029",
12-10 15:57:02.377 I/SA.SensorsDataAPI( 1104): 		"appId":"com.tal.genie.voice",
12-10 15:57:02.377 I/SA.SensorsDataAPI( 1104): 		"grade":"-1",
12-10 15:57:02.377 I/SA.SensorsDataAPI( 1104): 		"gender":"女",
12-10 15:57:02.377 I/SA.SensorsDataAPI( 1104): 		"age":"1970-01-01 00:00:00.000",
12-10 15:57:02.377 I/SA.SensorsDataAPI( 1104): 		"$referrer_title":"语音",
12-10 15:57:02.377 I/SA.SensorsDataAPI( 1104): 		"$wifi":true,
12-10 15:57:02.377 I/SA.SensorsDataAPI( 1104): 		"$network_type":"WIFI",
12-10 15:57:02.377 I/SA.SensorsDataAPI( 1104): 		"button":"click_sound",
12-10 15:57:02.377 I/SA.SensorsDataAPI( 1104): 		"$lib_method":"code",
12-10 15:57:02.377 I/SA.SensorsDataAPI( 1104): 		"$is_first_day":true
12-10 15:57:02.377 I/SA.SensorsDataAPI( 1104): 	}
12-10 15:57:02.377 I/SA.SensorsDataAPI( 1104): }
12-10 15:57:02.391 I/SA.SensorsDataAPI( 1104): track event:
12-10 15:57:02.391 I/SA.SensorsDataAPI( 1104): {
12-10 15:57:02.391 I/SA.SensorsDataAPI( 1104): 	"_track_id":-1914784353,
12-10 15:57:02.391 I/SA.SensorsDataAPI( 1104): 	"time":1639123022384,
12-10 15:57:02.391 I/SA.SensorsDataAPI( 1104): 	"type":"track",
12-10 15:57:02.391 I/SA.SensorsDataAPI( 1104): 	"distinct_id":"61D00121B1600029",
12-10 15:57:02.391 I/SA.SensorsDataAPI( 1104): 	"login_id":"61D00121B1600029",
12-10 15:57:02.391 I/SA.SensorsDataAPI( 1104): 	"anonymous_id":"6fe19c181203ab32",
12-10 15:57:02.391 I/SA.SensorsDataAPI( 1104): 	"lib":{
12-10 15:57:02.391 I/SA.SensorsDataAPI( 1104): 		"$lib_method":"autoTrack",
12-10 15:57:02.391 I/SA.SensorsDataAPI( 1104): 		"$lib":"Android",
12-10 15:57:02.391 I/SA.SensorsDataAPI( 1104): 		"$lib_version":"6.0.0",
12-10 15:57:02.391 I/SA.SensorsDataAPI( 1104): 		"$app_version":"0.3.0",
12-10 15:57:02.391 I/SA.SensorsDataAPI( 1104): 		"$lib_detail":"com.tal.genie.dicbook.dic.DicResultActivity######"
12-10 15:57:02.391 I/SA.SensorsDataAPI( 1104): 	},
12-10 15:57:02.391 I/SA.SensorsDataAPI( 1104): 	"event":"$AppClick",
12-10 15:57:02.391 I/SA.SensorsDataAPI( 1104): 	"properties":{
12-10 15:57:02.391 I/SA.SensorsDataAPI( 1104): 		"$os_version":"9",
12-10 15:57:02.391 I/SA.SensorsDataAPI( 1104): 		"$model":"S10",
12-10 15:57:02.391 I/SA.SensorsDataAPI( 1104): 		"$os":"Android",
12-10 15:57:02.391 I/SA.SensorsDataAPI( 1104): 		"$screen_width":720,
12-10 15:57:02.391 I/SA.SensorsDataAPI( 1104): 		"$brand":"ALPS",
12-10 15:57:02.391 I/SA.SensorsDataAPI( 1104): 		"$screen_height":1600,
12-10 15:57:02.391 I/SA.SensorsDataAPI( 1104): 		"$app_version":"0.3.0",
12-10 15:57:02.391 I/SA.SensorsDataAPI( 1104): 		"$lib":"Android",
12-10 15:57:02.391 I/SA.SensorsDataAPI( 1104): 		"$device_id":"6fe19c181203ab32",
12-10 15:57:02.391 I/SA.SensorsDataAPI( 1104): 		"$app_name":"语音",
12-10 15:57:02.391 I/SA.SensorsDataAPI( 1104): 		"$lib_version":"6.0.0",
12-10 15:57:02.391 I/SA.SensorsDataAPI( 1104): 		"$timezone_offset":-480,
12-10 15:57:02.391 I/SA.SensorsDataAPI( 1104): 		"$app_id":"com.tal.genie.voice",
12-10 15:57:02.391 I/SA.SensorsDataAPI( 1104): 		"$manufacturer":"ALPS",
12-10 15:57:02.391 I/SA.SensorsDataAPI( 1104): 		"userId":"1000303",
12-10 15:57:02.391 I/SA.SensorsDataAPI( 1104): 		"sn":"61D00121B1600029",
12-10 15:57:02.391 I/SA.SensorsDataAPI( 1104): 		"appId":"com.tal.genie.voice",
12-10 15:57:02.391 I/SA.SensorsDataAPI( 1104): 		"grade":"-1",
12-10 15:57:02.391 I/SA.SensorsDataAPI( 1104): 		"gender":"女",
12-10 15:57:02.391 I/SA.SensorsDataAPI( 1104): 		"age":"1970-01-01 00:00:00.000",
12-10 15:57:02.391 I/SA.SensorsDataAPI( 1104): 		"$referrer_title":"语音",
12-10 15:57:02.391 I/SA.SensorsDataAPI( 1104): 		"$wifi":true,
12-10 15:57:02.391 I/SA.SensorsDataAPI( 1104): 		"$network_type":"WIFI",
12-10 15:57:02.391 I/SA.SensorsDataAPI( 1104): 		"$element_id":"lv_item_sound",
12-10 15:57:02.391 I/SA.SensorsDataAPI( 1104): 		"$element_type":"ImageView",
12-10 15:57:02.391 I/SA.SensorsDataAPI( 1104): 		"$screen_name":"com.tal.genie.dicbook.dic.DicResultActivity|com.tal.genie.dicbook.dic.fragment.DicCnMeaningCardFragment",
12-10 15:57:02.391 I/SA.SensorsDataAPI( 1104): 		"$title":"语音",
12-10 15:57:02.391 I/SA.SensorsDataAPI( 1104): 		"$element_selector":"android.widget.LinearLayout[0]/android.widget.FrameLayout[0]/androidx.appcompat.widget.FitWindowsLinearLayout[0]/androidx.appcompat.widget.ContentFrameLayout[0]/androidx.constraintlayout.widget.ConstraintLayout[0]/android.widget.FrameLayout[0]/androidx.constraintlayout.widget.ConstraintLayout[0]/androidx.viewpager2.widget.ViewPager2[0]/androidx.viewpager2.widget.ViewPager2.RecyclerViewImpl[0]/android.widget.FrameLayout[0]/androidx.constraintlayout.widget.ConstraintLayout[0]/androidx.constraintlayout.widget.ConstraintLayout[0]/androidx.core.widget.NestedScrollView[0]/androidx.constraintlayout.widget.ConstraintLayout[0]/com.tal.genie.dicbook.dic.view.MeaningDataView[0]/android.widget.LinearLayout[0]/androidx.recyclerview.widget.RecyclerView[0]/android.widget.RelativeLayout[0]/androidx.appcompat.widget.AppCompatImageView[0]",
12-10 15:57:02.391 I/SA.SensorsDataAPI( 1104): 		"$element_path":"android.widget.LinearLayout[0]/android.widget.FrameLayout[0]/androidx.appcompat.widget.FitWindowsLinearLayout[0]/androidx.appcompat.widget.ContentFrameLayout[0]/androidx.constraintlayout.widget.ConstraintLayout[0]/android.widget.FrameLayout[0]/com.tal.genie.dicbook.dic.fragment.DicCnIdiomFragment[0]/androidx.viewpager2.widget.ViewPager2[0]/androidx.viewpager2.widget.ViewPager2.RecyclerViewImpl[0]/android.widget.FrameLayout[0]/androidx.constraintlayout.widget.ConstraintLayout[0]/androidx.constraintlayout.widget.ConstraintLayout[0]/androidx.core.widget.NestedScrollView[0]/androidx.constraintlayout.widget.ConstraintLayout[0]/com.tal.genie.dicbook.dic.view.MeaningDataView[0]/android.widget.LinearLayout[0]/androidx.recyclerview.widget.RecyclerView[0]/android.widget.RelativeLayout[-]/androidx.appcompat.widget.AppCompatImageView[0]",
12-10 15:57:02.391 I/SA.SensorsDataAPI( 1104): 		"$element_position":"0",
12-10 15:57:02.391 I/SA.SensorsDataAPI( 1104): 		"$lib_method":"autoTrack",
12-10 15:57:02.391 I/SA.SensorsDataAPI( 1104): 		"$is_first_day":true
12-10 15:57:02.391 I/SA.SensorsDataAPI( 1104): 	}
12-10 15:57:02.391 I/SA.SensorsDataAPI( 1104): }
12-10 15:57:02.434 I/ScreenUtils( 1104): [ (ScreenUtils.java:35)#release ] release:WakeLock{e864d8e held=true, refCount=1}
12-10 15:57:02.441 E/TalkAudioHelper( 1104): androidx.appcompat.widget.AppCompatImageView{55201c7 VFED..C.. ........ 0,48-48,96 #7f080167 app:id/lv_item_sound}
12-10 15:57:02.542 I/LongLinkLog( 1104): [ (AsrEngine.java:59)#i ] Received WS message!! In onMessage text={"mtype":2,"response_type":200,"msg":"","request_id":"134ced5a-0bb1-4ce4-8e73-ed056f3d8cf5","api_version":"0.1","asr_content":{"is_partial":false},"nlu_content":{},"tts_content":{"tts":"FQAJAPP/6P/5/wQABgADAAYABwAEAAYACQALAA4AEAARABIAEwATABQAFAATABAAEAASABQAFQAUABMAEwATABMAEAAOAA4ADQANAA0ADAALAAwADA
12-10 15:57:02.551 I/TtsManager( 1104): [ (TtsManager.java:56)#cancelTts ] cancelTts:c29eb24f-8b93-407d-8208-e5a54101e954
12-10 15:57:02.552 I/TtsPlayer( 1104): [ (TtsPlayer.java:101)#interrupt ] interrupt:com.tal.talk.tts.TtsPlayer$AudioData@4a479af
12-10 15:57:02.553 I/LongLinkLog( 1104): [ (AsrEngine.java:59)#i ] Received WS message!! In onMessage text={"mtype":2,"response_type":200,"msg":"","request_id":"134ced5a-0bb1-4ce4-8e73-ed056f3d8cf5","api_version":"0.1","asr_content":{"is_partial":false},"nlu_content":{},"tts_content":{"tts":"+//8//v//P/7//z/+//8//z/+//8//3//f/+//7//f/8//v//P/8//v//P/7//v//P/8//z//P/9//3////9//7//f/9//z//P/8//z//P/8//3//P
12-10 15:56:50.012 W/NetworkStatsRecorder(  634): unknown interfaces [lo], ignoring those stats
12-10 15:57:02.557 I/NetworkStatsRecorder(  634): recordSnapshotLocked: ident[[{type=WIFI, subType=COMBINED, networkId="TAL-Device", metered=false, defaultNetwork=true}]]
12-10 15:57:02.557 W/NetworkStatsRecorder(  634): unknown interfaces [lo], ignoring those stats
12-10 15:57:02.557 I/NetworkStatsRecorder(  634): recordSnapshotLocked: ident[[{type=WIFI, subType=COMBINED, networkId="TAL-Device", metered=false, defaultNetwork=true}]]
12-10 15:57:02.557 W/NetworkStatsRecorder(  634): unknown interfaces [lo], ignoring those stats
12-10 15:57:02.558 I/NetworkStatsRecorder(  634): recordSnapshotLocked: ident[[{type=WIFI, subType=COMBINED, networkId="TAL-Device", metered=false, defaultNetwork=true}]]
12-10 15:57:02.558 I/chatty  (  634): uid=1000(system) NetworkStats identical 1 line
12-10 15:57:02.558 I/NetworkStatsRecorder(  634): recordSnapshotLocked: ident[[{type=WIFI, subType=COMBINED, networkId="TAL-Device", metered=false, defaultNetwork=true}]]
12-10 15:57:02.558 W/NetworkStatsRecorder(  634): unknown interfaces [lo], ignoring those stats
12-10 15:57:02.558 W/NetworkStatsRecorder(  634): unknown interfaces [lo], ignoring those stats
12-10 15:57:02.562 I/ScreenUtils( 1104): [ (ScreenUtils.java:28)#screenOn ] screenOn:WakeLock{37551bc held=true, refCount=1}
12-10 15:57:02.567 I/LongLinkLog( 1104): [ (AsrEngine.java:59)#i ] Received WS message!! In onMessage text={"mtype":2,"response_type":200,"msg":"","request_id":"134ced5a-0bb1-4ce4-8e73-ed056f3d8cf5","api_version":"0.1","asr_content":{"is_partial":false},"nlu_content":{},"tts_content":{"tts":"AAAAAAAAAQAEAAYACQAIAAkACAAFAAcABwAEAAQABQACAAEABAAEAAIAAAAAAAEAAAAAAAEAAAAAAAIABAAEAAcACAAIAAYACAAIAAUABAAEAAEAAA
12-10 15:57:02.578 I/LongLinkLog( 1104): [ (AsrEngine.java:59)#i ] Received WS message!! In onMessage text={"mtype":2,"response_type":200,"msg":"","request_id":"134ced5a-0bb1-4ce4-8e73-ed056f3d8cf5","api_version":"0.1","asr_content":{"is_partial":false},"nlu_content":{},"tts_content":{"tts":"H/+YAMr/nv8pARX/2//YAQ7/H/5eA+r+IP7uAQcBJP87/10AiQD0/xX/qQIk/3v+RQEzAaX+hwAPAn38EQLPAEj/FQBMAK0AEP8YAHgBEwCw/tv/eQ
12-10 15:57:02.643 I/LongLinkLog( 1104): [ (AsrEngine.java:59)#i ] Received WS message!! In onMessage text={"mtype":2,"response_type":200,"msg":"","request_id":"134ced5a-0bb1-4ce4-8e73-ed056f3d8cf5","api_version":"0.1","asr_content":{"is_partial":false},"nlu_content":{},"tts_content":{"tts":"KADY/9D/1P8KAC0AgQC6/9z/gABXAGr/awAwADP/YQDqACb/DgC4AGv/BQByAFcAgP+4/7kA8f+4/5wA3f+k/7cAJwAP/3AA0wDP/7n/NADf/y0AHQ
12-10 15:57:02.654 I/LongLinkLog( 1104): [ (AsrEngine.java:59)#i ] Received WS message!! In onMessage text={"mtype":2,"response_type":200,"msg":"","request_id":"134ced5a-0bb1-4ce4-8e73-ed056f3d8cf5","api_version":"0.1","asr_content":{"is_partial":false},"nlu_content":{},"tts_content":{"tts":"FAD0////DAAKAAEABgAFAAQABAABAAIAAwAFAAcACAAJAAkACgAJAAoACgAJAAgACQAKAAsACwAKAAoACwAMAA0ADQANAA4AEAARABIAEQASABQAFQ
12-10 15:57:02.656 I/PowerWrap(  634): PowerHal_TouchBoost
12-10 15:57:02.657 I/libPowerHal(  301): 20: cpu_ctrl set freq: 2001000 -1
12-10 15:57:02.675 I/LongLinkLog( 1104): [ (AsrEngine.java:59)#i ] Received WS message!! In onMessage text={"mtype":2,"response_type":200,"msg":"","request_id":"134ced5a-0bb1-4ce4-8e73-ed056f3d8cf5","api_version":"0.1","asr_content":{"is_partial":false},"nlu_content":{},"tts_content":{"tts":"IAAFAAEADQAUAA8ADAAGAAQABAACAAQABAAEAAUABAAFAAUABgAHAAcABgAHAAgACQAIAAkACQAKAAkACgALAAwACwAKAAsADAAMAA0ADQAOAA4ADw
12-10 15:57:02.725 I/LongLinkLog( 1104): [ (AsrEngine.java:59)#i ] Received WS message!! In onMessage text={"mtype":2,"response_type":200,"msg":"","request_id":"134ced5a-0bb1-4ce4-8e73-ed056f3d8cf5","api_version":"0.1","asr_content":{"is_partial":false},"nlu_content":{},"tts_content":{"tts":"JQACAP3/CwATAA8ADQAGAAQABQADAAUABgAFAAYABgAHAAgACQAJAAkACQAKAAoACwAKAAsACwALAAsACwAMAAwACwAKAAsACwAKAAwACwAKAAsACw
12-10 15:57:02.743 I/PowerWrap(  634): PowerHal_TouchBoost
12-10 15:57:02.744 I/libPowerHal(  301): 20: cpu_ctrl set freq: -1 -1
12-10 15:57:02.746 E/AudioTrack(  634): start(): 0x88a83700, mState = 1
12-10 15:57:02.776 I/tal.genie.voic( 1104): Background concurrent copying GC freed 21613(3MB) AllocSpace objects, 221(23MB) LOS objects, 30% free, 26MB/38MB, paused 295us total 128.106ms
12-10 15:57:02.784 I/SurfaceFlinger(  313): [Built-in Screen (type:0)] fps:4.202736,dur:1189.70,max:401.94,min:175.71
12-10 15:57:02.980 I/BufferQueueProducer(  313): [com.tal.genie.voice/com.tal.genie.dicbook.dic.DicResultActivity#0](this:0xac38f000,id:36,api:1,p:1104,c:313) queueBuffer: fps=4.13 dur=1209.20 max=395.61 min=183.45
12-10 15:57:03.837 I/SurfaceFlinger(  313): [Built-in Screen (type:0)] fps:4.747222,dur:1053.25,max:212.52,min:209.88
12-10 15:57:03.883 I/PowerWrap(  634): PowerHal_TouchBoost
12-10 15:57:03.886 E/ActivityManager(  634): Sending non-protected broadcast com.genie.clickscreen from system 1104:com.tal.genie.voice/u0a30 pkg com.tal.genie.voice
12-10 15:57:03.886 E/ActivityManager(  634): java.lang.Throwable
12-10 15:57:03.886 E/ActivityManager(  634): 	at com.android.server.am.ActivityManagerService.checkBroadcastFromSystem(ActivityManagerService.java:21473)
12-10 15:57:03.886 E/ActivityManager(  634): 	at com.android.server.am.ActivityManagerService.broadcastIntentLocked(ActivityManagerService.java:21984)
12-10 15:57:03.886 E/ActivityManager(  634): 	at com.android.server.am.ActivityManagerService.broadcastIntent(ActivityManagerService.java:22227)
12-10 15:57:03.886 E/ActivityManager(  634): 	at android.app.IActivityManager$Stub.onTransact$broadcastIntent$(IActivityManager.java:10181)
12-10 15:57:03.886 E/ActivityManager(  634): 	at android.app.IActivityManager$Stub.onTransact(IActivityManager.java:167)
12-10 15:57:03.886 E/ActivityManager(  634): 	at com.android.server.am.ActivityManagerService.onTransact(ActivityManagerService.java:3350)
12-10 15:57:03.886 E/ActivityManager(  634): 	at android.os.Binder.execTransact(Binder.java:731)
12-10 15:57:03.887 I/libPowerHal(  301): 20: cpu_ctrl set freq: 2001000 -1
12-10 15:57:03.894 W/AES     (  634): Exception Log handling...
12-10 15:57:03.895 W/AES     (  634): skip for Exp level 0
12-10 15:57:03.895 E/ActivityManager(  634): Sending non-protected broadcast com.genie.clickscreen from system 1104:com.tal.genie.voice/u0a30 pkg com.tal.genie.voice
12-10 15:57:03.895 E/ActivityManager(  634): java.lang.Throwable
12-10 15:57:03.895 E/ActivityManager(  634): 	at com.android.server.am.ActivityManagerService.checkBroadcastFromSystem(ActivityManagerService.java:21473)
12-10 15:57:03.895 E/ActivityManager(  634): 	at com.android.server.am.ActivityManagerService.broadcastIntentLocked(ActivityManagerService.java:22077)
12-10 15:57:03.895 E/ActivityManager(  634): 	at com.android.server.am.ActivityManagerService.broadcastIntent(ActivityManagerService.java:22227)
12-10 15:57:03.895 E/ActivityManager(  634): 	at android.app.IActivityManager$Stub.onTransact$broadcastIntent$(IActivityManager.java:10181)
12-10 15:57:03.895 E/ActivityManager(  634): 	at android.app.IActivityManager$Stub.onTransact(IActivityManager.java:167)
12-10 15:57:03.895 E/ActivityManager(  634): 	at com.android.server.am.ActivityManagerService.onTransact(ActivityManagerService.java:3350)
12-10 15:57:03.895 E/ActivityManager(  634): 	at android.os.Binder.execTransact(Binder.java:731)
12-10 15:57:03.896 E/WifiVendorHal(  634): getWifiLinkLayerStats(l.937) failed {.code = ERROR_NOT_SUPPORTED, .description = }
12-10 15:57:03.897 I/SA.PushAutoTrackHelper( 1153): SDK or push disabled.
12-10 15:57:03.897 I/LockScreenReceiver( 1153): action ::: com.genie.clickscreen
12-10 15:57:03.898 I/EyesProtectManager( 1153): [ (EyesProtectManager.java:76)#userTracked ] userTracked:  configLoaded-true protectorOn-false canUseScreen-true isUseCounting-false useBeginTime-null useSeconds-0 lockScreenTime-null unlockScreenTime- 2021-12-10 15:33:48
12-10 15:57:04.022 I/PowerWrap(  634): PowerHal_TouchBoost
12-10 15:57:04.024 I/libPowerHal(  301): 20: cpu_ctrl set freq: -1 -1
12-10 15:57:04.024 E/TalkAudioHelper( 1104): androidx.appcompat.widget.AppCompatImageView{55201c7 VFED..C.. ...P.... 0,48-48,96 #7f080167 app:id/lv_item_sound}
12-10 15:57:04.025 I/TalkAudioHelper( 1104): [ (TalkAudioHelper.java:52)#stop ] stop:0
12-10 15:57:04.025 E/AudioTrack(  634): start(): 0x88a83700, mState = 1
12-10 15:57:04.026 I/TtSy    ( 1104): [ (TtsPlayer.java:92)#stop ] playState:1
12-10 15:57:04.028 I/TtsManager( 1104): [ (TtsManager.java:56)#cancelTts ] cancelTts:134ced5a-0bb1-4ce4-8e73-ed056f3d8cf5
12-10 15:57:04.029 I/TtsPlayer( 1104): [ (TtsPlayer.java:101)#interrupt ] interrupt:com.tal.talk.tts.TtsPlayer$AudioData@b434545
12-10 15:57:04.030 I/IVoiceS ( 1104): [ (AsrEngine.java:138)#sendTtsMsg ] tts cancel:134ced5a-0bb1-4ce4-8e73-ed056f3d8cf5
12-10 15:57:04.035 E/tal.genie.voic( 1104): Invalid ID 0x00000041.
12-10 15:57:04.035 E/tal.genie.voic( 1104): Invalid ID 0x00000041.
12-10 15:57:04.035 E/tal.genie.voic( 1104): Invalid ID 0x00000040.
12-10 15:57:04.035 E/tal.genie.voic( 1104): Invalid ID 0x00000040.
12-10 15:57:04.040 I/BufferQueueProducer(  313): [com.tal.genie.voice/com.tal.genie.dicbook.dic.DicResultActivity#0](this:0xac38f000,id:36,api:1,p:1104,c:313) queueBuffer: fps=4.72 dur=1059.64 max=218.89 min=209.86
12-10 15:57:04.042 I/SA.SensorsDataAPI( 1104): track event:
12-10 15:57:04.042 I/SA.SensorsDataAPI( 1104): {
12-10 15:57:04.042 I/SA.SensorsDataAPI( 1104): 	"_track_id":-1830280266,
12-10 15:57:04.042 I/SA.SensorsDataAPI( 1104): 	"time":1639123024039,
12-10 15:57:04.042 I/SA.SensorsDataAPI( 1104): 	"type":"track",
12-10 15:57:04.042 I/SA.SensorsDataAPI( 1104): 	"distinct_id":"61D00121B1600029",
12-10 15:57:04.042 I/SA.SensorsDataAPI( 1104): 	"login_id":"61D00121B1600029",
12-10 15:57:04.042 I/SA.SensorsDataAPI( 1104): 	"anonymous_id":"6fe19c181203ab32",
12-10 15:57:04.042 I/SA.SensorsDataAPI( 1104): 	"lib":{
12-10 15:57:04.042 I/SA.SensorsDataAPI( 1104): 		"$lib_method":"code",
12-10 15:57:04.042 I/SA.SensorsDataAPI( 1104): 		"$lib":"Android",
12-10 15:57:04.042 I/SA.SensorsDataAPI( 1104): 		"$lib_version":"6.0.0",
12-10 15:57:04.042 I/SA.SensorsDataAPI( 1104): 		"$app_version":"0.3.0",
12-10 15:57:04.042 I/SA.SensorsDataAPI( 1104): 		"$lib_detail":"com.sensorsdata.analytics.android.sdk.AbstractSensorsDataAPI##trackEventInternal##AbstractSensorsDataAPI.java##1513"
12-10 15:57:04.042 I/SA.SensorsDataAPI( 1104): 	},
12-10 15:57:04.042 I/SA.SensorsDataAPI( 1104): 	"event":"SearchWord_Click",
12-10 15:57:04.042 I/SA.SensorsDataAPI( 1104): 	"properties":{
12-10 15:57:04.042 I/SA.SensorsDataAPI( 1104): 		"$os_version":"9",
12-10 15:57:04.042 I/SA.SensorsDataAPI( 1104): 		"$model":"S10",
12-10 15:57:04.042 I/SA.SensorsDataAPI( 1104): 		"$os":"Android",
12-10 15:57:04.042 I/SA.SensorsDataAPI( 1104): 		"$screen_width":720,
12-10 15:57:04.042 I/SA.SensorsDataAPI( 1104): 		"$brand":"ALPS",
12-10 15:57:04.042 I/SA.SensorsDataAPI( 1104): 		"$screen_height":1600,
12-10 15:57:04.042 I/SA.SensorsDataAPI( 1104): 		"$app_version":"0.3.0",
12-10 15:57:04.042 I/SA.SensorsDataAPI( 1104): 		"$lib":"Android",
12-10 15:57:04.042 I/SA.SensorsDataAPI( 1104): 		"$device_id":"6fe19c181203ab32",
12-10 15:57:04.042 I/SA.SensorsDataAPI( 1104): 		"$app_name":"语音",
12-10 15:57:04.042 I/SA.SensorsDataAPI( 1104): 		"$lib_version":"6.0.0",
12-10 15:57:04.042 I/SA.SensorsDataAPI( 1104): 		"$timezone_offset":-480,
12-10 15:57:04.042 I/SA.SensorsDataAPI( 1104): 		"$app_id":"com.tal.genie.voice",
12-10 15:57:04.042 I/SA.SensorsDataAPI( 1104): 		"$manufacturer":"ALPS",
12-10 15:57:04.042 I/SA.SensorsDataAPI( 1104): 		"userId":"1000303",
12-10 15:57:04.042 I/SA.SensorsDataAPI( 1104): 		"sn":"61D00121B1600029",
12-10 15:57:04.042 I/SA.SensorsDataAPI( 1104): 		"appId":"com.tal.genie.voice",
12-10 15:57:04.042 I/SA.SensorsDataAPI( 1104): 		"grade":"-1",
12-10 15:57:04.042 I/SA.SensorsDataAPI( 1104): 		"gender":"女",
12-10 15:57:04.042 I/SA.SensorsDataAPI( 1104): 		"age":"1970-01-01 00:00:00.000",
12-10 15:57:04.042 I/SA.SensorsDataAPI( 1104): 		"$referrer_title":"语音",
12-10 15:57:04.042 I/SA.SensorsDataAPI( 1104): 		"$wifi":true,
12-10 15:57:04.042 I/SA.SensorsDataAPI( 1104): 		"$network_type":"WIFI",
12-10 15:57:04.042 I/SA.SensorsDataAPI( 1104): 		"button":"click_sound",
12-10 15:57:04.042 I/SA.SensorsDataAPI( 1104): 		"$lib_method":"code",
12-10 15:57:04.042 I/SA.SensorsDataAPI( 1104): 		"$is_first_day":true
12-10 15:57:04.042 I/SA.SensorsDataAPI( 1104): 	}
12-10 15:57:04.042 I/SA.SensorsDataAPI( 1104): }
12-10 15:57:04.050 I/SA.SensorsDataAPI( 1104): track event:
12-10 15:57:04.050 I/SA.SensorsDataAPI( 1104): {
12-10 15:57:04.050 I/SA.SensorsDataAPI( 1104): 	"_track_id":-2083661069,
12-10 15:57:04.050 I/SA.SensorsDataAPI( 1104): 	"time":1639123024045,
12-10 15:57:04.050 I/SA.SensorsDataAPI( 1104): 	"type":"track",
12-10 15:57:04.050 I/SA.SensorsDataAPI( 1104): 	"distinct_id":"61D00121B1600029",
12-10 15:57:04.050 I/SA.SensorsDataAPI( 1104): 	"login_id":"61D00121B1600029",
12-10 15:57:04.050 I/SA.SensorsDataAPI( 1104): 	"anonymous_id":"6fe19c181203ab32",
12-10 15:57:04.050 I/SA.SensorsDataAPI( 1104): 	"lib":{
12-10 15:57:04.050 I/SA.SensorsDataAPI( 1104): 		"$lib_method":"autoTrack",
12-10 15:57:04.050 I/SA.SensorsDataAPI( 1104): 		"$lib":"Android",
12-10 15:57:04.050 I/SA.SensorsDataAPI( 1104): 		"$lib_version":"6.0.0",
12-10 15:57:04.050 I/SA.SensorsDataAPI( 1104): 		"$app_version":"0.3.0",
12-10 15:57:04.050 I/SA.SensorsDataAPI( 1104): 		"$lib_detail":"com.tal.genie.dicbook.dic.DicResultActivity######"
12-10 15:57:04.050 I/SA.SensorsDataAPI( 1104): 	},
12-10 15:57:04.050 I/SA.SensorsDataAPI( 1104): 	"event":"$AppClick",
12-10 15:57:04.050 I/SA.SensorsDataAPI( 1104): 	"properties":{
12-10 15:57:04.050 I/SA.SensorsDataAPI( 1104): 		"$os_version":"9",
12-10 15:57:04.050 I/SA.SensorsDataAPI( 1104): 		"$model":"S10",
12-10 15:57:04.050 I/SA.SensorsDataAPI( 1104): 		"$os":"Android",
12-10 15:57:04.050 I/SA.SensorsDataAPI( 1104): 		"$screen_width":720,
12-10 15:57:04.050 I/SA.SensorsDataAPI( 1104): 		"$brand":"ALPS",
12-10 15:57:04.050 I/SA.SensorsDataAPI( 1104): 		"$screen_height":1600,
12-10 15:57:04.050 I/SA.SensorsDataAPI( 1104): 		"$app_version":"0.3.0",
12-10 15:57:04.050 I/SA.SensorsDataAPI( 1104): 		"$lib":"Android",
12-10 15:57:04.050 I/SA.SensorsDataAPI( 1104): 		"$device_id":"6fe19c181203ab32",
12-10 15:57:04.050 I/SA.SensorsDataAPI( 1104): 		"$app_name":"语音",
12-10 15:57:04.050 I/SA.SensorsDataAPI( 1104): 		"$lib_version":"6.0.0",
12-10 15:57:04.050 I/SA.SensorsDataAPI( 1104): 		"$timezone_offset":-480,
12-10 15:57:04.050 I/SA.SensorsDataAPI( 1104): 		"$app_id":"com.tal.genie.voice",
12-10 15:57:04.050 I/SA.SensorsDataAPI( 1104): 		"$manufacturer":"ALPS",
12-10 15:57:04.050 I/SA.SensorsDataAPI( 1104): 		"userId":"1000303",
12-10 15:57:04.050 I/SA.SensorsDataAPI( 1104): 		"sn":"61D00121B1600029",
12-10 15:57:04.050 I/SA.SensorsDataAPI( 1104): 		"appId":"com.tal.genie.voice",
12-10 15:57:04.050 I/SA.SensorsDataAPI( 1104): 		"grade":"-1",
12-10 15:57:04.050 I/SA.SensorsDataAPI( 1104): 		"gender":"女",
12-10 15:57:04.050 I/SA.SensorsDataAPI( 1104): 		"age":"1970-01-01 00:00:00.000",
12-10 15:57:04.050 I/SA.SensorsDataAPI( 1104): 		"$referrer_title":"语音",
12-10 15:57:04.050 I/SA.SensorsDataAPI( 1104): 		"$wifi":true,
12-10 15:57:04.050 I/SA.SensorsDataAPI( 1104): 		"$network_type":"WIFI",
12-10 15:57:04.050 I/SA.SensorsDataAPI( 1104): 		"$element_id":"lv_item_sound",
12-10 15:57:04.050 I/SA.SensorsDataAPI( 1104): 		"$element_type":"ImageView",
12-10 15:57:04.050 I/SA.SensorsDataAPI( 1104): 		"$screen_name":"com.tal.genie.dicbook.dic.DicResultActivity|com.tal.genie.dicbook.dic.fragment.DicCnMeaningCardFragment",
12-10 15:57:04.050 I/SA.SensorsDataAPI( 1104): 		"$title":"语音",
12-10 15:57:04.050 I/SA.SensorsDataAPI( 1104): 		"$element_selector":"android.widget.LinearLayout[0]/android.widget.FrameLayout[0]/androidx.appcompat.widget.FitWindowsLinearLayout[0]/androidx.appcompat.widget.ContentFrameLayout[0]/androidx.constraintlayout.widget.ConstraintLayout[0]/android.widget.FrameLayout[0]/androidx.constraintlayout.widget.ConstraintLayout[0]/androidx.viewpager2.widget.ViewPager2[0]/androidx.viewpager2.widget.ViewPager2.RecyclerViewImpl[0]/android.widget.FrameLayout[0]/androidx.constraintlayout.widget.ConstraintLayout[0]/androidx.constraintlayout.widget.ConstraintLayout[0]/androidx.core.widget.NestedScrollView[0]/androidx.constraintlayout.widget.ConstraintLayout[0]/com.tal.genie.dicbook.dic.view.MeaningDataView[0]/android.widget.LinearLayout[0]/androidx.recyclerview.widget.RecyclerView[0]/android.widget.RelativeLayout[0]/androidx.appcompat.widget.AppCompatImageView[0]",
12-10 15:57:04.050 I/SA.SensorsDataAPI( 1104): 		"$element_path":"android.widget.LinearLayout[0]/android.widget.FrameLayout[0]/androidx.appcompat.widget.FitWindowsLinearLayout[0]/androidx.appcompat.widget.ContentFrameLayout[0]/androidx.constraintlayout.widget.ConstraintLayout[0]/android.widget.FrameLayout[0]/com.tal.genie.dicbook.dic.fragment.DicCnIdiomFragment[0]/androidx.viewpager2.widget.ViewPager2[0]/androidx.viewpager2.widget.ViewPager2.RecyclerViewImpl[0]/android.widget.FrameLayout[0]/androidx.constraintlayout.widget.ConstraintLayout[0]/androidx.constraintlayout.widget.ConstraintLayout[0]/androidx.core.widget.NestedScrollView[0]/androidx.constraintlayout.widget.ConstraintLayout[0]/com.tal.genie.dicbook.dic.view.MeaningDataView[0]/android.widget.LinearLayout[0]/androidx.recyclerview.widget.RecyclerView[0]/android.widget.RelativeLayout[-]/androidx.appcompat.widget.AppCompatImageView[0]",
12-10 15:57:04.050 I/SA.SensorsDataAPI( 1104): 		"$element_position":"0",
12-10 15:57:04.050 I/SA.SensorsDataAPI( 1104): 		"$lib_method":"autoTrack",
12-10 15:57:04.050 I/SA.SensorsDataAPI( 1104): 		"$is_first_day":true
12-10 15:57:04.050 I/SA.SensorsDataAPI( 1104): 	}
12-10 15:57:04.050 I/SA.SensorsDataAPI( 1104): }
12-10 15:57:04.088 I/ScreenUtils( 1104): [ (ScreenUtils.java:35)#release ] release:WakeLock{37551bc held=true, refCount=1}
12-10 15:57:04.093 E/TalkAudioHelper( 1104): androidx.appcompat.widget.AppCompatImageView{55201c7 VFED..C.. ........ 0,48-48,96 #7f080167 app:id/lv_item_sound}
12-10 15:57:04.142 E/MtkDataShapingUtils(  634): Exception openLteGateByDataShaping  in java.lang.NullPointerException: null receiver
12-10 15:57:04.142 W/System.err(  634): java.lang.NullPointerException: null receiver
12-10 15:57:04.142 W/System.err(  634): 	at java.lang.reflect.Method.invoke(Native Method)
12-10 15:57:04.142 W/System.err(  634): 	at com.mediatek.server.MtkDataShaping.openLteGateByDataShaping(MtkDataShaping.java:36)
12-10 15:57:04.142 W/System.err(  634): 	at com.android.server.AlarmManagerService.deliverAlarmsLocked(AlarmManagerService.java:3603)
12-10 15:57:04.142 W/System.err(  634): 	at com.android.server.AlarmManagerService$AlarmThread.run(AlarmManagerService.java:3781)
12-10 15:57:04.144 E/ActivityManager(  634): Sending non-protected broadcast ALARM_ACTION(1094) from system uid 1000 pkg com.tal.genie.push
12-10 15:57:04.144 E/ActivityManager(  634): java.lang.Throwable
12-10 15:57:04.144 E/ActivityManager(  634): 	at com.android.server.am.ActivityManagerService.checkBroadcastFromSystem(ActivityManagerService.java:21477)
12-10 15:57:04.144 E/ActivityManager(  634): 	at com.android.server.am.ActivityManagerService.broadcastIntentLocked(ActivityManagerService.java:22077)
12-10 15:57:04.144 E/ActivityManager(  634): 	at com.android.server.am.ActivityManagerService.broadcastIntentInPackage(ActivityManagerService.java:22256)
12-10 15:57:04.144 E/ActivityManager(  634): 	at com.android.server.am.PendingIntentRecord.sendInner(PendingIntentRecord.java:372)
12-10 15:57:04.144 E/ActivityManager(  634): 	at com.android.server.am.PendingIntentRecord.sendWithResult(PendingIntentRecord.java:245)
12-10 15:57:04.144 E/ActivityManager(  634): 	at com.android.server.am.ActivityManagerService.sendIntentSender(ActivityManagerService.java:8613)
12-10 15:57:04.144 E/ActivityManager(  634): 	at android.app.PendingIntent.sendAndReturnResult(PendingIntent.java:892)
12-10 15:57:04.144 E/ActivityManager(  634): 	at android.app.PendingIntent.send(PendingIntent.java:874)
12-10 15:57:04.144 E/ActivityManager(  634): 	at com.android.server.AlarmManagerService$DeliveryTracker.deliverLocked(AlarmManagerService.java:4387)
12-10 15:57:04.144 E/ActivityManager(  634): 	at com.android.server.AlarmManagerService.deliverAlarmsLocked(AlarmManagerService.java:3632)
12-10 15:57:04.144 E/ActivityManager(  634): 	at com.android.server.AlarmManagerService$AlarmThread.run(AlarmManagerService.java:3781)
12-10 15:57:04.219 I/LongLinkLog( 1104): [ (AsrEngine.java:59)#i ] Received WS message!! In onMessage text={"mtype":2,"response_type":200,"msg":"","request_id":"6424595a-12bb-449e-ba11-82bef420dc65","api_version":"0.1","asr_content":{"is_partial":false},"nlu_content":{},"tts_content":{"tts":"FQAJAPP/6P/5/wQABgADAAYABwAEAAYACQALAA4AEAARABIAEwATABQAFAATABAAEAASABQAFQAUABMAEwATABMAEAAOAA4ADQANAA0ADAALAAwADA
12-10 15:57:04.229 I/LongLinkLog( 1104): [ (AsrEngine.java:59)#i ] Received WS message!! In onMessage text={"mtype":2,"response_type":200,"msg":"","request_id":"6424595a-12bb-449e-ba11-82bef420dc65","api_version":"0.1","asr_content":{"is_partial":false},"nlu_content":{},"tts_content":{"tts":"+//8//v//P/7//z/+//8//z/+//8//3//f/+//7//f/8//v//P/8//v//P/7//v//P/8//z//P/9//3////9//7//f/9//z//P/8//z//P/8//3//P
12-10 15:57:04.231 I/TtsManager( 1104): [ (TtsManager.java:56)#cancelTts ] cancelTts:134ced5a-0bb1-4ce4-8e73-ed056f3d8cf5
12-10 15:57:04.232 I/TtsPlayer( 1104): [ (TtsPlayer.java:101)#interrupt ] interrupt:com.tal.talk.tts.TtsPlayer$AudioData@b434545
12-10 15:57:04.239 I/LongLinkLog( 1104): [ (AsrEngine.java:59)#i ] Received WS message!! In onMessage text={"mtype":2,"response_type":200,"msg":"","request_id":"6424595a-12bb-449e-ba11-82bef420dc65","api_version":"0.1","asr_content":{"is_partial":false},"nlu_content":{},"tts_content":{"tts":"AAAAAAAAAQAEAAYACQAIAAkACAAFAAcABwAEAAQABQACAAEABAAEAAIAAAAAAAEAAAAAAAEAAAAAAAIABAAEAAcACAAIAAYACAAIAAUABAAEAAEAAA
12-10 15:57:04.241 I/ScreenUtils( 1104): [ (ScreenUtils.java:28)#screenOn ] screenOn:WakeLock{31db49a held=true, refCount=1}
12-10 15:57:04.245 I/LongLinkLog( 1104): [ (AsrEngine.java:59)#i ] Received WS message!! In onMessage text={"mtype":2,"response_type":200,"msg":"","request_id":"6424595a-12bb-449e-ba11-82bef420dc65","api_version":"0.1","asr_content":{"is_partial":false},"nlu_content":{},"tts_content":{"tts":"H/+YAMr/nv8pARX/2//YAQ7/H/5eA+r+IP7uAQcBJP87/10AiQD0/xX/qQIk/3v+RQEzAaX+hwAPAn38EQLPAEj/FQBMAK0AEP8YAHgBEwCw/tv/eQ
12-10 15:57:04.312 I/NetworkStatsRecorder(  634): recordSnapshotLocked: ident[[{type=WIFI, subType=COMBINED, networkId="TAL-Device", metered=false, defaultNetwork=true}]]
12-10 15:57:04.312 W/NetworkStatsRecorder(  634): unknown interfaces [lo], ignoring those stats
12-10 15:57:04.312 I/NetworkStatsRecorder(  634): recordSnapshotLocked: ident[[{type=WIFI, subType=COMBINED, networkId="TAL-Device", metered=false, defaultNetwork=true}]]
12-10 15:57:04.312 W/NetworkStatsRecorder(  634): unknown interfaces [lo], ignoring those stats
12-10 15:57:04.312 I/NetworkStatsRecorder(  634): recordSnapshotLocked: ident[[{type=WIFI, subType=COMBINED, networkId="TAL-Device", metered=false, defaultNetwork=true}]]
12-10 15:57:04.312 I/NetworkStatsRecorder(  634): recordSnapshotLocked: ident[[{type=WIFI, subType=COMBINED, networkId="TAL-Device", metered=false, defaultNetwork=true}]]
12-10 15:57:04.312 W/NetworkStatsRecorder(  634): unknown interfaces [lo], ignoring those stats
12-10 15:57:04.331 I/LongLinkLog( 1104): [ (AsrEngine.java:59)#i ] Received WS message!! In onMessage text={"mtype":2,"response_type":200,"msg":"","request_id":"6424595a-12bb-449e-ba11-82bef420dc65","api_version":"0.1","asr_content":{"is_partial":false},"nlu_content":{},"tts_content":{"tts":"KADY/9D/1P8KAC0AgQC6/9z/gABXAGr/awAwADP/YQDqACb/DgC4AGv/BQByAFcAgP+4/7kA8f+4/5wA3f+k/7cAJwAP/3AA0wDP/7n/NADf/y0AHQ
12-10 15:57:04.346 I/LongLinkLog( 1104): [ (AsrEngine.java:59)#i ] Received WS message!! In onMessage text={"mtype":2,"response_type":200,"msg":"","request_id":"6424595a-12bb-449e-ba11-82bef420dc65","api_version":"0.1","asr_content":{"is_partial":false},"nlu_content":{},"tts_content":{"tts":"FAD0////DAAKAAEABgAFAAQABAABAAIAAwAFAAcACAAJAAkACgAJAAoACgAJAAgACQAKAAsACwAKAAoACwAMAA0ADQANAA4AEAARABIAEQASABQAFQ
12-10 15:57:04.364 I/LongLinkLog( 1104): [ (AsrEngine.java:59)#i ] Received WS message!! In onMessage text={"mtype":2,"response_type":200,"msg":"","request_id":"6424595a-12bb-449e-ba11-82bef420dc65","api_version":"0.1","asr_content":{"is_partial":false},"nlu_content":{},"tts_content":{"tts":"IAAFAAEADQAUAA8ADAAGAAQABAACAAQABAAEAAUABAAFAAUABgAHAAcABgAHAAgACQAIAAkACQAKAAkACgALAAwACwAKAAsADAAMAA0ADQAOAA4ADw
12-10 15:57:04.409 I/LongLinkLog( 1104): [ (AsrEngine.java:59)#i ] Received WS message!! In onMessage text={"mtype":2,"response_type":200,"msg":"","request_id":"6424595a-12bb-449e-ba11-82bef420dc65","api_version":"0.1","asr_content":{"is_partial":false},"nlu_content":{},"tts_content":{"tts":"JQACAP3/CwATAA8ADQAGAAQABQADAAUABgAFAAYABgAHAAgACQAJAAkACQAKAAoACwAKAAsACwALAAsACwAMAAwACwAKAAsACwAKAAwACwAKAAsACw
12-10 15:57:04.462 I/tal.genie.voic( 1104): Background concurrent copying GC freed 21060(3MB) AllocSpace objects, 213(23MB) LOS objects, 31% free, 26MB/38MB, paused 884us total 123.604ms
12-10 15:57:04.888 I/SurfaceFlinger(  313): [Built-in Screen (type:0)] fps:3.805530,dur:1051.10,max:419.23,min:209.55
12-10 15:57:05.065 I/BufferQueueProducer(  313): [com.tal.genie.voice/com.tal.genie.dicbook.dic.DicResultActivity#0](this:0xac38f000,id:36,api:1,p:1104,c:313) queueBuffer: fps=3.90 dur=1024.80 max=411.15 min=191.97
12-10 15:57:05.904 I/SurfaceFlinger(  313): [Built-in Screen (type:0)] fps:4.921443,dur:1015.96,max:210.25,min:193.03
12-10 15:57:06.100 I/BufferQueueProducer(  313): [com.tal.genie.voice/com.tal.genie.dicbook.dic.DicResultActivity#0](this:0xac38f000,id:36,api:1,p:1104,c:313) queueBuffer: fps=4.83 dur=1035.10 max=211.04 min=192.79
12-10 15:57:06.616 I/PowerWrap(  634): PowerHal_TouchBoost
12-10 15:57:06.619 I/libPowerHal(  301): 20: cpu_ctrl set freq: 2001000 -1
12-10 15:57:06.620 E/ActivityManager(  634): Sending non-protected broadcast com.genie.clickscreen from system 1104:com.tal.genie.voice/u0a30 pkg com.tal.genie.voice
12-10 15:57:06.620 E/ActivityManager(  634): java.lang.Throwable
12-10 15:57:06.620 E/ActivityManager(  634): 	at com.android.server.am.ActivityManagerService.checkBroadcastFromSystem(ActivityManagerService.java:21473)
12-10 15:57:06.620 E/ActivityManager(  634): 	at com.android.server.am.ActivityManagerService.broadcastIntentLocked(ActivityManagerService.java:21984)
12-10 15:57:06.620 E/ActivityManager(  634): 	at com.android.server.am.ActivityManagerService.broadcastIntent(ActivityManagerService.java:22227)
12-10 15:57:06.620 E/ActivityManager(  634): 	at android.app.IActivityManager$Stub.onTransact$broadcastIntent$(IActivityManager.java:10181)
12-10 15:57:06.620 E/ActivityManager(  634): 	at android.app.IActivityManager$Stub.onTransact(IActivityManager.java:167)
12-10 15:57:06.620 E/ActivityManager(  634): 	at com.android.server.am.ActivityManagerService.onTransact(ActivityManagerService.java:3350)
12-10 15:57:06.620 E/ActivityManager(  634): 	at android.os.Binder.execTransact(Binder.java:731)
12-10 15:57:06.622 E/ActivityManager(  634): Sending non-protected broadcast com.genie.clickscreen from system 1104:com.tal.genie.voice/u0a30 pkg com.tal.genie.voice
12-10 15:57:06.622 E/ActivityManager(  634): java.lang.Throwable
12-10 15:57:06.622 E/ActivityManager(  634): 	at com.android.server.am.ActivityManagerService.checkBroadcastFromSystem(ActivityManagerService.java:21473)
12-10 15:57:06.622 E/ActivityManager(  634): 	at com.android.server.am.ActivityManagerService.broadcastIntentLocked(ActivityManagerService.java:22077)
12-10 15:57:06.622 E/ActivityManager(  634): 	at com.android.server.am.ActivityManagerService.broadcastIntent(ActivityManagerService.java:22227)
12-10 15:57:06.622 E/ActivityManager(  634): 	at android.app.IActivityManager$Stub.onTransact$broadcastIntent$(IActivityManager.java:10181)
12-10 15:57:06.622 E/ActivityManager(  634): 	at android.app.IActivityManager$Stub.onTransact(IActivityManager.java:167)
12-10 15:57:06.622 E/ActivityManager(  634): 	at com.android.server.am.ActivityManagerService.onTransact(ActivityManagerService.java:3350)
12-10 15:57:06.622 E/ActivityManager(  634): 	at android.os.Binder.execTransact(Binder.java:731)
12-10 15:57:06.624 I/SA.PushAutoTrackHelper( 1153): SDK or push disabled.
12-10 15:57:06.624 I/LockScreenReceiver( 1153): action ::: com.genie.clickscreen
12-10 15:57:06.624 I/EyesProtectManager( 1153): [ (EyesProtectManager.java:76)#userTracked ] userTracked:  configLoaded-true protectorOn-false canUseScreen-true isUseCounting-false useBeginTime-null useSeconds-0 lockScreenTime-null unlockScreenTime- 2021-12-10 15:33:48
12-10 15:57:06.756 I/PowerWrap(  634): PowerHal_TouchBoost
12-10 15:57:06.757 E/TalkAudioHelper( 1104): androidx.appcompat.widget.AppCompatImageView{55201c7 VFED..C.. ........ 0,48-48,96 #7f080167 app:id/lv_item_sound}
12-10 15:57:06.758 I/TalkAudioHelper( 1104): [ (TalkAudioHelper.java:52)#stop ] stop:0
12-10 15:57:06.758 E/AudioTrack(  634): start(): 0x88a83700, mState = 1
12-10 15:57:06.759 I/libPowerHal(  301): 20: cpu_ctrl set freq: -1 -1
12-10 15:57:06.760 I/TtSy    ( 1104): [ (TtsPlayer.java:92)#stop ] playState:1
12-10 15:57:06.761 I/TtsManager( 1104): [ (TtsManager.java:56)#cancelTts ] cancelTts:6424595a-12bb-449e-ba11-82bef420dc65
12-10 15:57:06.762 I/TtsPlayer( 1104): [ (TtsPlayer.java:101)#interrupt ] interrupt:com.tal.talk.tts.TtsPlayer$AudioData@9c901cb
12-10 15:57:06.764 I/IVoiceS ( 1104): [ (AsrEngine.java:138)#sendTtsMsg ] tts cancel:6424595a-12bb-449e-ba11-82bef420dc65
12-10 15:57:06.768 E/tal.genie.voic( 1104): Invalid ID 0x00000041.
12-10 15:57:06.768 E/tal.genie.voic( 1104): Invalid ID 0x00000041.
12-10 15:57:06.768 E/tal.genie.voic( 1104): Invalid ID 0x00000040.
12-10 15:57:06.768 E/tal.genie.voic( 1104): Invalid ID 0x00000040.
12-10 15:57:06.773 I/SA.SensorsDataAPI( 1104): track event:
12-10 15:57:06.773 I/SA.SensorsDataAPI( 1104): {
12-10 15:57:06.773 I/SA.SensorsDataAPI( 1104): 	"_track_id":1206823543,
12-10 15:57:06.773 I/SA.SensorsDataAPI( 1104): 	"time":1639123026770,
12-10 15:57:06.773 I/SA.SensorsDataAPI( 1104): 	"type":"track",
12-10 15:57:06.773 I/SA.SensorsDataAPI( 1104): 	"distinct_id":"61D00121B1600029",
12-10 15:57:06.773 I/SA.SensorsDataAPI( 1104): 	"login_id":"61D00121B1600029",
12-10 15:57:06.773 I/SA.SensorsDataAPI( 1104): 	"anonymous_id":"6fe19c181203ab32",
12-10 15:57:06.773 I/SA.SensorsDataAPI( 1104): 	"lib":{
12-10 15:57:06.773 I/SA.SensorsDataAPI( 1104): 		"$lib_method":"code",
12-10 15:57:06.773 I/SA.SensorsDataAPI( 1104): 		"$lib":"Android",
12-10 15:57:06.773 I/SA.SensorsDataAPI( 1104): 		"$lib_version":"6.0.0",
12-10 15:57:06.773 I/SA.SensorsDataAPI( 1104): 		"$app_version":"0.3.0",
12-10 15:57:06.773 I/SA.SensorsDataAPI( 1104): 		"$lib_detail":"com.sensorsdata.analytics.android.sdk.AbstractSensorsDataAPI##trackEventInternal##AbstractSensorsDataAPI.java##1513"
12-10 15:57:06.773 I/SA.SensorsDataAPI( 1104): 	},
12-10 15:57:06.773 I/SA.SensorsDataAPI( 1104): 	"event":"SearchWord_Click",
12-10 15:57:06.773 I/SA.SensorsDataAPI( 1104): 	"properties":{
12-10 15:57:06.773 I/SA.SensorsDataAPI( 1104): 		"$os_version":"9",
12-10 15:57:06.773 I/SA.SensorsDataAPI( 1104): 		"$model":"S10",
12-10 15:57:06.773 I/SA.SensorsDataAPI( 1104): 		"$os":"Android",
12-10 15:57:06.773 I/SA.SensorsDataAPI( 1104): 		"$screen_width":720,
12-10 15:57:06.773 I/SA.SensorsDataAPI( 1104): 		"$brand":"ALPS",
12-10 15:57:06.773 I/SA.SensorsDataAPI( 1104): 		"$screen_height":1600,
12-10 15:57:06.773 I/SA.SensorsDataAPI( 1104): 		"$app_version":"0.3.0",
12-10 15:57:06.773 I/SA.SensorsDataAPI( 1104): 		"$lib":"Android",
12-10 15:57:06.773 I/SA.SensorsDataAPI( 1104): 		"$device_id":"6fe19c181203ab32",
12-10 15:57:06.773 I/SA.SensorsDataAPI( 1104): 		"$app_name":"语音",
12-10 15:57:06.773 I/SA.SensorsDataAPI( 1104): 		"$lib_version":"6.0.0",
12-10 15:57:06.773 I/SA.SensorsDataAPI( 1104): 		"$timezone_offset":-480,
12-10 15:57:06.773 I/SA.SensorsDataAPI( 1104): 		"$app_id":"com.tal.genie.voice",
12-10 15:57:06.773 I/SA.SensorsDataAPI( 1104): 		"$manufacturer":"ALPS",
12-10 15:57:06.773 I/SA.SensorsDataAPI( 1104): 		"userId":"1000303",
12-10 15:57:06.773 I/SA.SensorsDataAPI( 1104): 		"sn":"61D00121B1600029",
12-10 15:57:06.773 I/SA.SensorsDataAPI( 1104): 		"appId":"com.tal.genie.voice",
12-10 15:57:06.773 I/SA.SensorsDataAPI( 1104): 		"grade":"-1",
12-10 15:57:06.773 I/SA.SensorsDataAPI( 1104): 		"gender":"女",
12-10 15:57:06.773 I/SA.SensorsDataAPI( 1104): 		"age":"1970-01-01 00:00:00.000",
12-10 15:57:06.773 I/SA.SensorsDataAPI( 1104): 		"$referrer_title":"语音",
12-10 15:57:06.773 I/SA.SensorsDataAPI( 1104): 		"$wifi":true,
12-10 15:57:06.773 I/SA.SensorsDataAPI( 1104): 		"$network_type":"WIFI",
12-10 15:57:06.773 I/SA.SensorsDataAPI( 1104): 		"button":"click_sound",
12-10 15:57:06.773 I/SA.SensorsDataAPI( 1104): 		"$lib_method":"code",
12-10 15:57:06.773 I/SA.SensorsDataAPI( 1104): 		"$is_first_day":true
12-10 15:57:06.773 I/SA.SensorsDataAPI( 1104): 	}
12-10 15:57:06.773 I/SA.SensorsDataAPI( 1104): }
12-10 15:57:06.775 E/tal.genie.voic( 1104): Invalid ID 0x00000040.
12-10 15:57:06.775 E/tal.genie.voic( 1104): Invalid ID 0x00000040.
12-10 15:57:06.785 I/SA.SensorsDataAPI( 1104): track event:
12-10 15:57:06.785 I/SA.SensorsDataAPI( 1104): {
12-10 15:57:06.785 I/SA.SensorsDataAPI( 1104): 	"_track_id":-1758147066,
12-10 15:57:06.785 I/SA.SensorsDataAPI( 1104): 	"time":1639123026781,
12-10 15:57:06.785 I/SA.SensorsDataAPI( 1104): 	"type":"track",
12-10 15:57:06.785 I/SA.SensorsDataAPI( 1104): 	"distinct_id":"61D00121B1600029",
12-10 15:57:06.785 I/SA.SensorsDataAPI( 1104): 	"login_id":"61D00121B1600029",
12-10 15:57:06.785 I/SA.SensorsDataAPI( 1104): 	"anonymous_id":"6fe19c181203ab32",
12-10 15:57:06.785 I/SA.SensorsDataAPI( 1104): 	"lib":{
12-10 15:57:06.785 I/SA.SensorsDataAPI( 1104): 		"$lib_method":"autoTrack",
12-10 15:57:06.785 I/SA.SensorsDataAPI( 1104): 		"$lib":"Android",
12-10 15:57:06.785 I/SA.SensorsDataAPI( 1104): 		"$lib_version":"6.0.0",
12-10 15:57:06.785 I/SA.SensorsDataAPI( 1104): 		"$app_version":"0.3.0",
12-10 15:57:06.785 I/SA.SensorsDataAPI( 1104): 		"$lib_detail":"com.tal.genie.dicbook.dic.DicResultActivity######"
12-10 15:57:06.785 I/SA.SensorsDataAPI( 1104): 	},
12-10 15:57:06.785 I/SA.SensorsDataAPI( 1104): 	"event":"$AppClick",
12-10 15:57:06.785 I/SA.SensorsDataAPI( 1104): 	"properties":{
12-10 15:57:06.785 I/SA.SensorsDataAPI( 1104): 		"$os_version":"9",
12-10 15:57:06.785 I/SA.SensorsDataAPI( 1104): 		"$model":"S10",
12-10 15:57:06.785 I/SA.SensorsDataAPI( 1104): 		"$os":"Android",
12-10 15:57:06.785 I/SA.SensorsDataAPI( 1104): 		"$screen_width":720,
12-10 15:57:06.785 I/SA.SensorsDataAPI( 1104): 		"$brand":"ALPS",
12-10 15:57:06.785 I/SA.SensorsDataAPI( 1104): 		"$screen_height":1600,
12-10 15:57:06.785 I/SA.SensorsDataAPI( 1104): 		"$app_version":"0.3.0",
12-10 15:57:06.785 I/SA.SensorsDataAPI( 1104): 		"$lib":"Android",
12-10 15:57:06.785 I/SA.SensorsDataAPI( 1104): 		"$device_id":"6fe19c181203ab32",
12-10 15:57:06.785 I/SA.SensorsDataAPI( 1104): 		"$app_name":"语音",
12-10 15:57:06.785 I/SA.SensorsDataAPI( 1104): 		"$lib_version":"6.0.0",
12-10 15:57:06.785 I/SA.SensorsDataAPI( 1104): 		"$timezone_offset":-480,
12-10 15:57:06.785 I/SA.SensorsDataAPI( 1104): 		"$app_id":"com.tal.genie.voice",
12-10 15:57:06.785 I/SA.SensorsDataAPI( 1104): 		"$manufacturer":"ALPS",
12-10 15:57:06.785 I/SA.SensorsDataAPI( 1104): 		"userId":"1000303",
12-10 15:57:06.785 I/SA.SensorsDataAPI( 1104): 		"sn":"61D00121B1600029",
12-10 15:57:06.785 I/SA.SensorsDataAPI( 1104): 		"appId":"com.tal.genie.voice",
12-10 15:57:06.785 I/SA.SensorsDataAPI( 1104): 		"grade":"-1",
12-10 15:57:06.785 I/SA.SensorsDataAPI( 1104): 		"gender":"女",
12-10 15:57:06.785 I/SA.SensorsDataAPI( 1104): 		"age":"1970-01-01 00:00:00.000",
12-10 15:57:06.785 I/SA.SensorsDataAPI( 1104): 		"$referrer_title":"语音",
12-10 15:57:06.785 I/SA.SensorsDataAPI( 1104): 		"$wifi":true,
12-10 15:57:06.785 I/SA.SensorsDataAPI( 1104): 		"$network_type":"WIFI",
12-10 15:57:06.785 I/SA.SensorsDataAPI( 1104): 		"$element_id":"lv_item_sound",
12-10 15:57:06.785 I/SA.SensorsDataAPI( 1104): 		"$element_type":"ImageView",
12-10 15:57:06.785 I/SA.SensorsDataAPI( 1104): 		"$screen_name":"com.tal.genie.dicbook.dic.DicResultActivity|com.tal.genie.dicbook.dic.fragment.DicCnMeaningCardFragment",
12-10 15:57:06.785 I/SA.SensorsDataAPI( 1104): 		"$title":"语音",
12-10 15:57:06.785 I/SA.SensorsDataAPI( 1104): 		"$element_selector":"android.widget.LinearLayout[0]/android.widget.FrameLayout[0]/androidx.appcompat.widget.FitWindowsLinearLayout[0]/androidx.appcompat.widget.ContentFrameLayout[0]/androidx.constraintlayout.widget.ConstraintLayout[0]/android.widget.FrameLayout[0]/androidx.constraintlayout.widget.ConstraintLayout[0]/androidx.viewpager2.widget.ViewPager2[0]/androidx.viewpager2.widget.ViewPager2.RecyclerViewImpl[0]/android.widget.FrameLayout[0]/androidx.constraintlayout.widget.ConstraintLayout[0]/androidx.constraintlayout.widget.ConstraintLayout[0]/androidx.core.widget.NestedScrollView[0]/androidx.constraintlayout.widget.ConstraintLayout[0]/com.tal.genie.dicbook.dic.view.MeaningDataView[0]/android.widget.LinearLayout[0]/androidx.recyclerview.widget.RecyclerView[0]/android.widget.RelativeLayout[1]/androidx.appcompat.widget.AppCompatImageView[0]",
12-10 15:57:06.785 I/SA.SensorsDataAPI( 1104): 		"$element_path":"android.widget.LinearLayout[0]/android.widget.FrameLayout[0]/androidx.appcompat.widget.FitWindowsLinearLayout[0]/androidx.appcompat.widget.ContentFrameLayout[0]/androidx.constraintlayout.widget.ConstraintLayout[0]/android.widget.FrameLayout[0]/com.tal.genie.dicbook.dic.fragment.DicCnIdiomFragment[0]/androidx.viewpager2.widget.ViewPager2[0]/androidx.viewpager2.widget.ViewPager2.RecyclerViewImpl[0]/android.widget.FrameLayout[0]/androidx.constraintlayout.widget.ConstraintLayout[0]/androidx.constraintlayout.widget.ConstraintLayout[0]/androidx.core.widget.NestedScrollView[0]/androidx.constraintlayout.widget.ConstraintLayout[0]/com.tal.genie.dicbook.dic.view.MeaningDataView[0]/android.widget.LinearLayout[0]/androidx.recyclerview.widget.RecyclerView[0]/android.widget.RelativeLayout[-]/androidx.appcompat.widget.AppCompatImageView[0]",
12-10 15:57:06.785 I/SA.SensorsDataAPI( 1104): 		"$element_position":"1",
12-10 15:57:06.785 I/SA.SensorsDataAPI( 1104): 		"$lib_method":"autoTrack",
12-10 15:57:06.785 I/SA.SensorsDataAPI( 1104): 		"$is_first_day":true
12-10 15:57:06.785 I/SA.SensorsDataAPI( 1104): 	}
12-10 15:57:06.785 I/SA.SensorsDataAPI( 1104): }
12-10 15:57:06.828 I/ScreenUtils( 1104): [ (ScreenUtils.java:35)#release ] release:WakeLock{31db49a held=true, refCount=1}
12-10 15:57:06.831 E/TalkAudioHelper( 1104): androidx.appcompat.widget.AppCompatImageView{723cda8 VFED..C.. ........ 0,48-48,96 #7f080167 app:id/lv_item_sound}
12-10 15:57:06.913 E/WifiVendorHal(  634): getWifiLinkLayerStats(l.937) failed {.code = ERROR_NOT_SUPPORTED, .description = }
12-10 15:57:07.429 I/AudioFlinger_Threads(  308): BUFFER TIMEOUT: remove(2) from active list on thread 0xacc03cc0
12-10 15:57:07.546 I/LongLinkLog( 1104): [ (AsrEngine.java:59)#i ] Received WS message!! In onMessage text={"mtype":2,"response_type":200,"msg":"","request_id":"ae9d351a-ae87-48a5-9bf3-dcf2a1d42f75","api_version":"0.1","asr_content":{"is_partial":false},"nlu_content":{},"tts_content":{"tts":"HAAIAP7/8v/5/wQABwAFAAYABgACAAQABwAJAAsADAANAAwADQAMAA0ADAAKAAkACQALAAwADQAMAAoACwALAAwACgAIAAgACQAKAAsACwALAAwADQ
12-10 15:57:07.569 I/TtsManager( 1104): [ (TtsManager.java:56)#cancelTts ] cancelTts:6424595a-12bb-449e-ba11-82bef420dc65
12-10 15:57:07.570 I/TtsPlayer( 1104): [ (TtsPlayer.java:101)#interrupt ] interrupt:com.tal.talk.tts.TtsPlayer$AudioData@9c901cb
12-10 15:57:07.579 W/AudioTrack( 1104): releaseBuffer() track 0x8608fe00 disabled due to previous underrun, restarting
12-10 15:57:07.581 I/ScreenUtils( 1104): [ (ScreenUtils.java:28)#screenOn ] screenOn:WakeLock{f928066 held=true, refCount=1}
12-10 15:57:07.800 I/BufferQueueProducer(  313): [com.tal.genie.voice/com.tal.genie.dicbook.dic.DicResultActivity#0](this:0xac38f000,id:36,api:1,p:1104,c:313) queueBuffer: fps=2.94 dur=1700.17 max=1016.81 min=72.92
12-10 15:57:07.813 I/SurfaceFlinger(  313): [Built-in Screen (type:0)] fps:3.143126,dur:1908.93,max:994.10,min:92.29
12-10 15:57:08.814 I/SurfaceFlinger(  313): [Built-in Screen (type:0)] fps:4.996876,dur:1000.63,max:210.43,min:192.59
12-10 15:57:09.008 I/BufferQueueProducer(  313): [com.tal.genie.voice/com.tal.genie.dicbook.dic.DicResultActivity#0](this:0xac38f000,id:36,api:1,p:1104,c:313) queueBuffer: fps=4.97 dur=1207.85 max=211.88 min=190.02
12-10 15:57:09.830 I/SurfaceFlinger(  313): [Built-in Screen (type:0)] fps:4.921456,dur:1015.96,max:210.30,min:193.02
12-10 15:57:09.923 E/WifiVendorHal(  634): getWifiLinkLayerStats(l.937) failed {.code = ERROR_NOT_SUPPORTED, .description = }
12-10 15:57:10.024 I/BufferQueueProducer(  313): [com.tal.genie.voice/com.tal.genie.dicbook.dic.DicResultActivity#0](this:0xac38f000,id:36,api:1,p:1104,c:313) queueBuffer: fps=4.92 dur=1016.60 max=211.18 min=192.68
12-10 15:57:10.257 I/System.out( 1104): [OkHttp] sendRequest<<
12-10 15:57:10.271 I/SA.AnalyticsMessages( 1104): responseCode: 200
12-10 15:57:10.277 I/SA.AnalyticsMessages( 1104): valid message: 
