11-30 12:07:00.642 E/storaged(  456): getDiskStats failed with result NOT_SUPPORTED and size 0
11-30 12:08:00.018 W/ContextImpl( 1236): Calling a method in the system process without a qualified user: android.app.ContextImpl.sendBroadcast:1006 android.content.ContextWrapper.sendBroadcast:444 android.content.ContextWrapper.sendBroadcast:444 com.tal.genie.lockscreen.receiver.LockScreenReceiver.sendBroadCastToVoice:180 com.tal.genie.lockscreen.activity.LockScreenActivity.onTimeTickReceived:156 
11-30 12:08:00.042 W/ContextImpl( 1236): Calling a method in the system process without a qualified user: android.app.ContextImpl.sendBroadcast:1006 android.content.ContextWrapper.sendBroadcast:444 com.tal.genie.launcher.service.TimeTickListener.sendOTASilentBroadcast:62 com.tal.genie.launcher.service.TimeTickListener.onTimeTickReceived:31 com.tal.genie.base_receiver.time.TimeTickManager.onTimeTickReceived:80 
11-30 12:08:00.056 W/ContextImpl( 1236): Calling a method in the system process without a qualified user: android.app.ContextImpl.sendBroadcast:1006 android.content.ContextWrapper.sendBroadcast:444 com.tal.genie.service_controldata.EyesProtectManager.sendEyesProtectorBroadcast:362 com.tal.genie.service_controldata.EyesProtectManager.eyesProtectDetector:135 com.tal.genie.launcher.service.TimeTickListener.onTimeTickReceived:34 
11-30 12:08:00.078 W/ContextImpl( 1236): Calling a method in the system process without a qualified user: android.app.ContextImpl.sendBroadcast:1006 android.content.ContextWrapper.sendBroadcast:444 com.tal.genie.lockscreen.receiver.LockScreenReceiver.sendBroadCastToVoice:180 com.tal.genie.lockscreen.receiver.LockScreenReceiver.onReceive:67 android.app.LoadedApk$ReceiverDispatcher$Args.lambda$getRunnable$0:1391 
11-30 12:08:00.643 E/storaged(  456): getDiskStats failed with result NOT_SUPPORTED and size 0
11-30 12:08:09.274 W/BroadcastQueue(  636): Background execution not allowed: receiving Intent { act=com.android.providers.media.ACTIVATE_MEDIAPROCESS flg=0x10 } to com.android.providers.media/.MtpReceiver
11-30 12:09:00.017 W/ContextImpl( 1236): Calling a method in the system process without a qualified user: android.app.ContextImpl.sendBroadcast:1006 android.content.ContextWrapper.sendBroadcast:444 android.content.ContextWrapper.sendBroadcast:444 com.tal.genie.lockscreen.receiver.LockScreenReceiver.sendBroadCastToVoice:180 com.tal.genie.lockscreen.activity.LockScreenActivity.onTimeTickReceived:156 
11-30 12:09:00.040 W/ContextImpl( 1236): Calling a method in the system process without a qualified user: android.app.ContextImpl.sendBroadcast:1006 android.content.ContextWrapper.sendBroadcast:444 com.tal.genie.launcher.service.TimeTickListener.sendOTASilentBroadcast:62 com.tal.genie.launcher.service.TimeTickListener.onTimeTickReceived:31 com.tal.genie.base_receiver.time.TimeTickManager.onTimeTickReceived:80 
11-30 12:09:00.057 W/ContextImpl( 1236): Calling a method in the system process without a qualified user: android.app.ContextImpl.sendBroadcast:1006 android.content.ContextWrapper.sendBroadcast:444 com.tal.genie.service_controldata.EyesProtectManager.sendEyesProtectorBroadcast:362 com.tal.genie.service_controldata.EyesProtectManager.eyesProtectDetector:135 com.tal.genie.launcher.service.TimeTickListener.onTimeTickReceived:34 
11-30 12:09:00.077 W/ContextImpl( 1236): Calling a method in the system process without a qualified user: android.app.ContextImpl.sendBroadcast:1006 android.content.ContextWrapper.sendBroadcast:444 com.tal.genie.lockscreen.receiver.LockScreenReceiver.sendBroadCastToVoice:180 com.tal.genie.lockscreen.receiver.LockScreenReceiver.onReceive:67 android.app.LoadedApk$ReceiverDispatcher$Args.lambda$getRunnable$0:1391 
11-30 12:09:00.644 E/storaged(  456): getDiskStats failed with result NOT_SUPPORTED and size 0
11-30 12:09:55.218 I/PowerManagerService(  636): Going to sleep due to screen timeout (uid 1000)...
11-30 12:09:55.219 W/UsageStatsService(  636): Event reported without a package name
11-30 12:09:55.220 I/PowerManagerService(  636): Sleeping (uid 1000)...
11-30 12:09:55.221 I/DisplayPowerController(  636): Blocking screen off
11-30 12:09:55.222 I/DisplayPowerController(  636): Unblocked screen off after 0 ms
11-30 12:09:55.228 E/KernelCpuSpeedReader(  636): Failed to read cpu-freq: /sys/devices/system/cpu/cpu0/cpufreq/stats/time_in_state (No such file or directory)
11-30 12:09:55.261 I/DisplayManagerService(  636): Display device changed state: "内置屏幕", OFF
11-30 12:10:00.301 W/ContextImpl( 1236): Calling a method in the system process without a qualified user: android.app.ContextImpl.sendBroadcast:1006 android.content.ContextWrapper.sendBroadcast:444 android.content.ContextWrapper.sendBroadcast:444 com.tal.genie.lockscreen.receiver.LockScreenReceiver.sendBroadCastToVoice:180 com.tal.genie.lockscreen.activity.LockScreenActivity.onTimeTickReceived:156 
11-30 12:10:00.322 W/ContextImpl( 1236): Calling a method in the system process without a qualified user: android.app.ContextImpl.sendBroadcast:1006 android.content.ContextWrapper.sendBroadcast:444 com.tal.genie.launcher.service.TimeTickListener.sendOTASilentBroadcast:62 com.tal.genie.launcher.service.TimeTickListener.onTimeTickReceived:31 com.tal.genie.base_receiver.time.TimeTickManager.onTimeTickReceived:80 
11-30 12:10:00.343 W/ContextImpl( 1236): Calling a method in the system process without a qualified user: android.app.ContextImpl.sendBroadcast:1006 android.content.ContextWrapper.sendBroadcast:444 com.tal.genie.service_controldata.EyesProtectManager.sendEyesProtectorBroadcast:362 com.tal.genie.service_controldata.EyesProtectManager.eyesProtectDetector:135 com.tal.genie.launcher.service.TimeTickListener.onTimeTickReceived:34 
11-30 12:10:00.364 W/ContextImpl( 1236): Calling a method in the system process without a qualified user: android.app.ContextImpl.sendBroadcast:1006 android.content.ContextWrapper.sendBroadcast:444 com.tal.genie.lockscreen.receiver.LockScreenReceiver.sendBroadCastToVoice:180 com.tal.genie.lockscreen.receiver.LockScreenReceiver.onReceive:67 android.app.LoadedApk$ReceiverDispatcher$Args.lambda$getRunnable$0:1391 
11-30 12:10:00.645 E/storaged(  456): getDiskStats failed with result NOT_SUPPORTED and size 0
11-30 12:11:00.646 E/storaged(  456): getDiskStats failed with result NOT_SUPPORTED and size 0
11-30 12:11:01.259 W/ContextImpl( 1236): Calling a method in the system process without a qualified user: android.app.ContextImpl.sendBroadcast:1006 android.content.ContextWrapper.sendBroadcast:444 android.content.ContextWrapper.sendBroadcast:444 com.tal.genie.lockscreen.receiver.LockScreenReceiver.sendBroadCastToVoice:180 com.tal.genie.lockscreen.activity.LockScreenActivity.onTimeTickReceived:156 
11-30 12:11:01.280 W/ContextImpl( 1236): Calling a method in the system process without a qualified user: android.app.ContextImpl.sendBroadcast:1006 android.content.ContextWrapper.sendBroadcast:444 com.tal.genie.launcher.service.TimeTickListener.sendOTASilentBroadcast:62 com.tal.genie.launcher.service.TimeTickListener.onTimeTickReceived:31 com.tal.genie.base_receiver.time.TimeTickManager.onTimeTickReceived:80 
11-30 12:11:01.295 W/ContextImpl( 1236): Calling a method in the system process without a qualified user: android.app.ContextImpl.sendBroadcast:1006 android.content.ContextWrapper.sendBroadcast:444 com.tal.genie.service_controldata.EyesProtectManager.sendEyesProtectorBroadcast:362 com.tal.genie.service_controldata.EyesProtectManager.eyesProtectDetector:135 com.tal.genie.launcher.service.TimeTickListener.onTimeTickReceived:34 
11-30 12:11:01.314 W/ContextImpl( 1236): Calling a method in the system process without a qualified user: android.app.ContextImpl.sendBroadcast:1006 android.content.ContextWrapper.sendBroadcast:444 com.tal.genie.lockscreen.receiver.LockScreenReceiver.sendBroadCastToVoice:180 com.tal.genie.lockscreen.receiver.LockScreenReceiver.onReceive:67 android.app.LoadedApk$ReceiverDispatcher$Args.lambda$getRunnable$0:1391 
11-30 12:12:00.647 E/storaged(  456): getDiskStats failed with result NOT_SUPPORTED and size 0
11-30 12:12:05.375 W/ContextImpl( 1236): Calling a method in the system process without a qualified user: android.app.ContextImpl.sendBroadcast:1006 android.content.ContextWrapper.sendBroadcast:444 android.content.ContextWrapper.sendBroadcast:444 com.tal.genie.lockscreen.receiver.LockScreenReceiver.sendBroadCastToVoice:180 com.tal.genie.lockscreen.activity.LockScreenActivity.onTimeTickReceived:156 
11-30 12:12:05.398 W/ContextImpl( 1236): Calling a method in the system process without a qualified user: android.app.ContextImpl.sendBroadcast:1006 android.content.ContextWrapper.sendBroadcast:444 com.tal.genie.launcher.service.TimeTickListener.sendOTASilentBroadcast:62 com.tal.genie.launcher.service.TimeTickListener.onTimeTickReceived:31 com.tal.genie.base_receiver.time.TimeTickManager.onTimeTickReceived:80 
11-30 12:12:05.417 W/ContextImpl( 1236): Calling a method in the system process without a qualified user: android.app.ContextImpl.sendBroadcast:1006 android.content.ContextWrapper.sendBroadcast:444 com.tal.genie.service_controldata.EyesProtectManager.sendEyesProtectorBroadcast:362 com.tal.genie.service_controldata.EyesProtectManager.eyesProtectDetector:135 com.tal.genie.launcher.service.TimeTickListener.onTimeTickReceived:34 
11-30 12:12:05.437 W/ContextImpl( 1236): Calling a method in the system process without a qualified user: android.app.ContextImpl.sendBroadcast:1006 android.content.ContextWrapper.sendBroadcast:444 com.tal.genie.lockscreen.receiver.LockScreenReceiver.sendBroadCastToVoice:180 com.tal.genie.lockscreen.receiver.LockScreenReceiver.onReceive:67 android.app.LoadedApk$ReceiverDispatcher$Args.lambda$getRunnable$0:1391 
11-30 12:13:00.648 E/storaged(  456): getDiskStats failed with result NOT_SUPPORTED and size 0
11-30 12:13:01.479 W/ContextImpl( 1236): Calling a method in the system process without a qualified user: android.app.ContextImpl.sendBroadcast:1006 android.content.ContextWrapper.sendBroadcast:444 android.content.ContextWrapper.sendBroadcast:444 com.tal.genie.lockscreen.receiver.LockScreenReceiver.sendBroadCastToVoice:180 com.tal.genie.lockscreen.activity.LockScreenActivity.onTimeTickReceived:156 
11-30 12:13:01.501 W/ContextImpl( 1236): Calling a method in the system process without a qualified user: android.app.ContextImpl.sendBroadcast:1006 android.content.ContextWrapper.sendBroadcast:444 com.tal.genie.launcher.service.TimeTickListener.sendOTASilentBroadcast:62 com.tal.genie.launcher.service.TimeTickListener.onTimeTickReceived:31 com.tal.genie.base_receiver.time.TimeTickManager.onTimeTickReceived:80 
11-30 12:13:01.515 W/ContextImpl( 1236): Calling a method in the system process without a qualified user: android.app.ContextImpl.sendBroadcast:1006 android.content.ContextWrapper.sendBroadcast:444 com.tal.genie.service_controldata.EyesProtectManager.sendEyesProtectorBroadcast:362 com.tal.genie.service_controldata.EyesProtectManager.eyesProtectDetector:135 com.tal.genie.launcher.service.TimeTickListener.onTimeTickReceived:34 
11-30 12:13:01.537 W/ContextImpl( 1236): Calling a method in the system process without a qualified user: android.app.ContextImpl.sendBroadcast:1006 android.content.ContextWrapper.sendBroadcast:444 com.tal.genie.lockscreen.receiver.LockScreenReceiver.sendBroadCastToVoice:180 com.tal.genie.lockscreen.receiver.LockScreenReceiver.onReceive:67 android.app.LoadedApk$ReceiverDispatcher$Args.lambda$getRunnable$0:1391 
11-30 12:14:00.649 E/storaged(  456): getDiskStats failed with result NOT_SUPPORTED and size 0
11-30 12:14:05.611 W/ContextImpl( 1236): Calling a method in the system process without a qualified user: android.app.ContextImpl.sendBroadcast:1006 android.content.ContextWrapper.sendBroadcast:444 android.content.ContextWrapper.sendBroadcast:444 com.tal.genie.lockscreen.receiver.LockScreenReceiver.sendBroadCastToVoice:180 com.tal.genie.lockscreen.activity.LockScreenActivity.onTimeTickReceived:156 
11-30 12:14:05.634 W/ContextImpl( 1236): Calling a method in the system process without a qualified user: android.app.ContextImpl.sendBroadcast:1006 android.content.ContextWrapper.sendBroadcast:444 com.tal.genie.launcher.service.TimeTickListener.sendOTASilentBroadcast:62 com.tal.genie.launcher.service.TimeTickListener.onTimeTickReceived:31 com.tal.genie.base_receiver.time.TimeTickManager.onTimeTickReceived:80 
11-30 12:14:05.655 W/ContextImpl( 1236): Calling a method in the system process without a qualified user: android.app.ContextImpl.sendBroadcast:1006 android.content.ContextWrapper.sendBroadcast:444 com.tal.genie.service_controldata.EyesProtectManager.sendEyesProtectorBroadcast:362 com.tal.genie.service_controldata.EyesProtectManager.eyesProtectDetector:135 com.tal.genie.launcher.service.TimeTickListener.onTimeTickReceived:34 
11-30 12:14:05.675 W/ContextImpl( 1236): Calling a method in the system process without a qualified user: android.app.ContextImpl.sendBroadcast:1006 android.content.ContextWrapper.sendBroadcast:444 com.tal.genie.lockscreen.receiver.LockScreenReceiver.sendBroadCastToVoice:180 com.tal.genie.lockscreen.receiver.LockScreenReceiver.onReceive:67 android.app.LoadedApk$ReceiverDispatcher$Args.lambda$getRunnable$0:1391 
11-30 12:14:55.863 I/ActivityManager(  636): Process com.mediatek.engineermode (pid 1860) has died: cch+2CEM 
11-30 12:14:55.874 I/ActivityManager(  636): Process com.android.traceur (pid 1727) has died: cch+6CEM 
11-30 12:14:55.887 I/ActivityManager(  636): Process com.mediatek.thermalmanager (pid 1885) has died: cch+2CEM 
11-30 12:14:55.893 I/ActivityManager(  636): Process android.ext.services (pid 2118) has died: cch  CEM 
11-30 12:14:55.899 I/ActivityManager(  636): Process com.android.providers.calendar (pid 1706) has died: cch+2CEM 
11-30 12:14:55.911 I/ActivityManager(  636): Process com.mediatek.camera (pid 1814) has died: cch+2CEM 
11-30 12:14:55.916 I/ActivityManager(  636): Process com.mediatek.batterywarning (pid 1745) has died: cch+2CEM 
11-30 12:14:55.922 I/ActivityManager(  636): Process com.tal.genie.wifisetup (pid 1429) has died: cch+3CRE 
11-30 12:14:55.927 W/ActivityManager(  636): setHasOverlayUi called on unknown pid: 1429
11-30 12:14:55.935 I/ActivityManager(  636): Process com.tal.genie.voice_message (pid 3948) has died: cch+1CRE 
11-30 12:14:55.941 W/ActivityManager(  636): setHasOverlayUi called on unknown pid: 3948
11-30 12:14:55.947 I/ActivityManager(  636): Process com.tal.genie.correct (pid 2959) has died: cch+1CRE 
11-30 12:14:55.952 W/ActivityManager(  636): setHasOverlayUi called on unknown pid: 2959
11-30 12:14:55.959 I/WindowManager(  636): WIN DEATH: Window{284b0e2 u0 com.example.myapplication2/com.example.myapplication2.PWDActivity}
11-30 12:14:55.960 I/ActivityManager(  636): Process com.example.myapplication2 (pid 4100) has died: cch  CAC 
11-30 12:14:55.964 I/WindowManager(  636): WIN DEATH: Window{b5252e0 u0 com.example.myapplication2/com.example.myapplication2.MainActivity}
11-30 12:14:55.972 W/ActivityManager(  636): setHasOverlayUi called on unknown pid: 4100
11-30 12:15:00.650 E/storaged(  456): getDiskStats failed with result NOT_SUPPORTED and size 0
11-30 12:15:01.723 W/ContextImpl( 1236): Calling a method in the system process without a qualified user: android.app.ContextImpl.sendBroadcast:1006 android.content.ContextWrapper.sendBroadcast:444 android.content.ContextWrapper.sendBroadcast:444 com.tal.genie.lockscreen.receiver.LockScreenReceiver.sendBroadCastToVoice:180 com.tal.genie.lockscreen.activity.LockScreenActivity.onTimeTickReceived:156 
11-30 12:15:01.737 W/ContextImpl( 1236): Calling a method in the system process without a qualified user: android.app.ContextImpl.sendBroadcast:1006 android.content.ContextWrapper.sendBroadcast:444 com.tal.genie.launcher.service.TimeTickListener.sendOTASilentBroadcast:62 com.tal.genie.launcher.service.TimeTickListener.onTimeTickReceived:31 com.tal.genie.base_receiver.time.TimeTickManager.onTimeTickReceived:80 
11-30 12:15:01.754 W/ContextImpl( 1236): Calling a method in the system process without a qualified user: android.app.ContextImpl.sendBroadcast:1006 android.content.ContextWrapper.sendBroadcast:444 com.tal.genie.service_controldata.EyesProtectManager.sendEyesProtectorBroadcast:362 com.tal.genie.service_controldata.EyesProtectManager.eyesProtectDetector:135 com.tal.genie.launcher.service.TimeTickListener.onTimeTickReceived:34 
11-30 12:15:01.769 W/ContextImpl( 1236): Calling a method in the system process without a qualified user: android.app.ContextImpl.sendBroadcast:1006 android.content.ContextWrapper.sendBroadcast:444 com.tal.genie.lockscreen.receiver.LockScreenReceiver.sendBroadCastToVoice:180 com.tal.genie.lockscreen.receiver.LockScreenReceiver.onReceive:67 android.app.LoadedApk$ReceiverDispatcher$Args.lambda$getRunnable$0:1391 
11-30 12:16:00.651 E/storaged(  456): getDiskStats failed with result NOT_SUPPORTED and size 0
11-30 12:16:05.857 W/ContextImpl( 1236): Calling a method in the system process without a qualified user: android.app.ContextImpl.sendBroadcast:1006 android.content.ContextWrapper.sendBroadcast:444 android.content.ContextWrapper.sendBroadcast:444 com.tal.genie.lockscreen.receiver.LockScreenReceiver.sendBroadCastToVoice:180 com.tal.genie.lockscreen.activity.LockScreenActivity.onTimeTickReceived:156 
11-30 12:16:05.876 W/ContextImpl( 1236): Calling a method in the system process without a qualified user: android.app.ContextImpl.sendBroadcast:1006 android.content.ContextWrapper.sendBroadcast:444 com.tal.genie.launcher.service.TimeTickListener.sendOTASilentBroadcast:62 com.tal.genie.launcher.service.TimeTickListener.onTimeTickReceived:31 com.tal.genie.base_receiver.time.TimeTickManager.onTimeTickReceived:80 
11-30 12:16:05.892 W/ContextImpl( 1236): Calling a method in the system process without a qualified user: android.app.ContextImpl.sendBroadcast:1006 android.content.ContextWrapper.sendBroadcast:444 com.tal.genie.service_controldata.EyesProtectManager.sendEyesProtectorBroadcast:362 com.tal.genie.service_controldata.EyesProtectManager.eyesProtectDetector:135 com.tal.genie.launcher.service.TimeTickListener.onTimeTickReceived:34 
11-30 12:16:05.913 W/ContextImpl( 1236): Calling a method in the system process without a qualified user: android.app.ContextImpl.sendBroadcast:1006 android.content.ContextWrapper.sendBroadcast:444 com.tal.genie.lockscreen.receiver.LockScreenReceiver.sendBroadCastToVoice:180 com.tal.genie.lockscreen.receiver.LockScreenReceiver.onReceive:67 android.app.LoadedApk$ReceiverDispatcher$Args.lambda$getRunnable$0:1391 
11-30 12:17:00.652 E/storaged(  456): getDiskStats failed with result NOT_SUPPORTED and size 0
11-30 12:17:01.966 W/ContextImpl( 1236): Calling a method in the system process without a qualified user: android.app.ContextImpl.sendBroadcast:1006 android.content.ContextWrapper.sendBroadcast:444 android.content.ContextWrapper.sendBroadcast:444 com.tal.genie.lockscreen.receiver.LockScreenReceiver.sendBroadCastToVoice:180 com.tal.genie.lockscreen.activity.LockScreenActivity.onTimeTickReceived:156 
11-30 12:17:01.983 W/ContextImpl( 1236): Calling a method in the system process without a qualified user: android.app.ContextImpl.sendBroadcast:1006 android.content.ContextWrapper.sendBroadcast:444 com.tal.genie.launcher.service.TimeTickListener.sendOTASilentBroadcast:62 com.tal.genie.launcher.service.TimeTickListener.onTimeTickReceived:31 com.tal.genie.base_receiver.time.TimeTickManager.onTimeTickReceived:80 
11-30 12:17:01.997 W/ContextImpl( 1236): Calling a method in the system process without a qualified user: android.app.ContextImpl.sendBroadcast:1006 android.content.ContextWrapper.sendBroadcast:444 com.tal.genie.service_controldata.EyesProtectManager.sendEyesProtectorBroadcast:362 com.tal.genie.service_controldata.EyesProtectManager.eyesProtectDetector:135 com.tal.genie.launcher.service.TimeTickListener.onTimeTickReceived:34 
11-30 12:17:02.017 W/ContextImpl( 1236): Calling a method in the system process without a qualified user: android.app.ContextImpl.sendBroadcast:1006 android.content.ContextWrapper.sendBroadcast:444 com.tal.genie.lockscreen.receiver.LockScreenReceiver.sendBroadCastToVoice:180 com.tal.genie.lockscreen.receiver.LockScreenReceiver.onReceive:67 android.app.LoadedApk$ReceiverDispatcher$Args.lambda$getRunnable$0:1391 
11-30 12:18:00.653 E/storaged(  456): getDiskStats failed with result NOT_SUPPORTED and size 0
11-30 12:18:06.096 W/ContextImpl( 1236): Calling a method in the system process without a qualified user: android.app.ContextImpl.sendBroadcast:1006 android.content.ContextWrapper.sendBroadcast:444 android.content.ContextWrapper.sendBroadcast:444 com.tal.genie.lockscreen.receiver.LockScreenReceiver.sendBroadCastToVoice:180 com.tal.genie.lockscreen.activity.LockScreenActivity.onTimeTickReceived:156 
11-30 12:18:06.119 W/ContextImpl( 1236): Calling a method in the system process without a qualified user: android.app.ContextImpl.sendBroadcast:1006 android.content.ContextWrapper.sendBroadcast:444 com.tal.genie.launcher.service.TimeTickListener.sendOTASilentBroadcast:62 com.tal.genie.launcher.service.TimeTickListener.onTimeTickReceived:31 com.tal.genie.base_receiver.time.TimeTickManager.onTimeTickReceived:80 
11-30 12:18:06.132 W/ContextImpl( 1236): Calling a method in the system process without a qualified user: android.app.ContextImpl.sendBroadcast:1006 android.content.ContextWrapper.sendBroadcast:444 com.tal.genie.service_controldata.EyesProtectManager.sendEyesProtectorBroadcast:362 com.tal.genie.service_controldata.EyesProtectManager.eyesProtectDetector:135 com.tal.genie.launcher.service.TimeTickListener.onTimeTickReceived:34 
11-30 12:18:06.150 W/ContextImpl( 1236): Calling a method in the system process without a qualified user: android.app.ContextImpl.sendBroadcast:1006 android.content.ContextWrapper.sendBroadcast:444 com.tal.genie.lockscreen.receiver.LockScreenReceiver.sendBroadCastToVoice:180 com.tal.genie.lockscreen.receiver.LockScreenReceiver.onReceive:67 android.app.LoadedApk$ReceiverDispatcher$Args.lambda$getRunnable$0:1391 
11-30 12:19:00.654 E/storaged(  456): getDiskStats failed with result NOT_SUPPORTED and size 0
11-30 12:19:02.203 W/ContextImpl( 1236): Calling a method in the system process without a qualified user: android.app.ContextImpl.sendBroadcast:1006 android.content.ContextWrapper.sendBroadcast:444 android.content.ContextWrapper.sendBroadcast:444 com.tal.genie.lockscreen.receiver.LockScreenReceiver.sendBroadCastToVoice:180 com.tal.genie.lockscreen.activity.LockScreenActivity.onTimeTickReceived:156 
11-30 12:19:02.229 W/ContextImpl( 1236): Calling a method in the system process without a qualified user: android.app.ContextImpl.sendBroadcast:1006 android.content.ContextWrapper.sendBroadcast:444 com.tal.genie.launcher.service.TimeTickListener.sendOTASilentBroadcast:62 com.tal.genie.launcher.service.TimeTickListener.onTimeTickReceived:31 com.tal.genie.base_receiver.time.TimeTickManager.onTimeTickReceived:80 
11-30 12:19:02.248 W/ContextImpl( 1236): Calling a method in the system process without a qualified user: android.app.ContextImpl.sendBroadcast:1006 android.content.ContextWrapper.sendBroadcast:444 com.tal.genie.service_controldata.EyesProtectManager.sendEyesProtectorBroadcast:362 com.tal.genie.service_controldata.EyesProtectManager.eyesProtectDetector:135 com.tal.genie.launcher.service.TimeTickListener.onTimeTickReceived:34 
11-30 12:19:02.264 W/ContextImpl( 1236): Calling a method in the system process without a qualified user: android.app.ContextImpl.sendBroadcast:1006 android.content.ContextWrapper.sendBroadcast:444 com.tal.genie.lockscreen.receiver.LockScreenReceiver.sendBroadCastToVoice:180 com.tal.genie.lockscreen.receiver.LockScreenReceiver.onReceive:67 android.app.LoadedApk$ReceiverDispatcher$Args.lambda$getRunnable$0:1391 
11-30 12:20:00.655 E/storaged(  456): getDiskStats failed with result NOT_SUPPORTED and size 0
11-30 12:20:06.345 W/ContextImpl( 1236): Calling a method in the system process without a qualified user: android.app.ContextImpl.sendBroadcast:1006 android.content.ContextWrapper.sendBroadcast:444 android.content.ContextWrapper.sendBroadcast:444 com.tal.genie.lockscreen.receiver.LockScreenReceiver.sendBroadCastToVoice:180 com.tal.genie.lockscreen.activity.LockScreenActivity.onTimeTickReceived:156 
11-30 12:20:06.369 W/ContextImpl( 1236): Calling a method in the system process without a qualified user: android.app.ContextImpl.sendBroadcast:1006 android.content.ContextWrapper.sendBroadcast:444 com.tal.genie.launcher.service.TimeTickListener.sendOTASilentBroadcast:62 com.tal.genie.launcher.service.TimeTickListener.onTimeTickReceived:31 com.tal.genie.base_receiver.time.TimeTickManager.onTimeTickReceived:80 
11-30 12:20:06.386 W/ContextImpl( 1236): Calling a method in the system process without a qualified user: android.app.ContextImpl.sendBroadcast:1006 android.content.ContextWrapper.sendBroadcast:444 com.tal.genie.service_controldata.EyesProtectManager.sendEyesProtectorBroadcast:362 com.tal.genie.service_controldata.EyesProtectManager.eyesProtectDetector:135 com.tal.genie.launcher.service.TimeTickListener.onTimeTickReceived:34 
11-30 12:20:06.406 W/ContextImpl( 1236): Calling a method in the system process without a qualified user: android.app.ContextImpl.sendBroadcast:1006 android.content.ContextWrapper.sendBroadcast:444 com.tal.genie.lockscreen.receiver.LockScreenReceiver.sendBroadCastToVoice:180 com.tal.genie.lockscreen.receiver.LockScreenReceiver.onReceive:67 android.app.LoadedApk$ReceiverDispatcher$Args.lambda$getRunnable$0:1391 
11-30 12:21:00.656 E/storaged(  456): getDiskStats failed with result NOT_SUPPORTED and size 0
11-30 12:21:02.464 W/ContextImpl( 1236): Calling a method in the system process without a qualified user: android.app.ContextImpl.sendBroadcast:1006 android.content.ContextWrapper.sendBroadcast:444 android.content.ContextWrapper.sendBroadcast:444 com.tal.genie.lockscreen.receiver.LockScreenReceiver.sendBroadCastToVoice:180 com.tal.genie.lockscreen.activity.LockScreenActivity.onTimeTickReceived:156 
11-30 12:21:02.481 W/ContextImpl( 1236): Calling a method in the system process without a qualified user: android.app.ContextImpl.sendBroadcast:1006 android.content.ContextWrapper.sendBroadcast:444 com.tal.genie.launcher.service.TimeTickListener.sendOTASilentBroadcast:62 com.tal.genie.launcher.service.TimeTickListener.onTimeTickReceived:31 com.tal.genie.base_receiver.time.TimeTickManager.onTimeTickReceived:80 
11-30 12:21:02.498 W/ContextImpl( 1236): Calling a method in the system process without a qualified user: android.app.ContextImpl.sendBroadcast:1006 android.content.ContextWrapper.sendBroadcast:444 com.tal.genie.service_controldata.EyesProtectManager.sendEyesProtectorBroadcast:362 com.tal.genie.service_controldata.EyesProtectManager.eyesProtectDetector:135 com.tal.genie.launcher.service.TimeTickListener.onTimeTickReceived:34 
11-30 12:21:02.515 W/ContextImpl( 1236): Calling a method in the system process without a qualified user: android.app.ContextImpl.sendBroadcast:1006 android.content.ContextWrapper.sendBroadcast:444 com.tal.genie.lockscreen.receiver.LockScreenReceiver.sendBroadCastToVoice:180 com.tal.genie.lockscreen.receiver.LockScreenReceiver.onReceive:67 android.app.LoadedApk$ReceiverDispatcher$Args.lambda$getRunnable$0:1391 
11-30 12:22:00.657 E/storaged(  456): getDiskStats failed with result NOT_SUPPORTED and size 0
11-30 12:22:06.601 W/ContextImpl( 1236): Calling a method in the system process without a qualified user: android.app.ContextImpl.sendBroadcast:1006 android.content.ContextWrapper.sendBroadcast:444 android.content.ContextWrapper.sendBroadcast:444 com.tal.genie.lockscreen.receiver.LockScreenReceiver.sendBroadCastToVoice:180 com.tal.genie.lockscreen.activity.LockScreenActivity.onTimeTickReceived:156 
11-30 12:22:06.622 W/ContextImpl( 1236): Calling a method in the system process without a qualified user: android.app.ContextImpl.sendBroadcast:1006 android.content.ContextWrapper.sendBroadcast:444 com.tal.genie.launcher.service.TimeTickListener.sendOTASilentBroadcast:62 com.tal.genie.launcher.service.TimeTickListener.onTimeTickReceived:31 com.tal.genie.base_receiver.time.TimeTickManager.onTimeTickReceived:80 
11-30 12:22:06.632 W/ContextImpl( 1236): Calling a method in the system process without a qualified user: android.app.ContextImpl.sendBroadcast:1006 android.content.ContextWrapper.sendBroadcast:444 com.tal.genie.service_controldata.EyesProtectManager.sendEyesProtectorBroadcast:362 com.tal.genie.service_controldata.EyesProtectManager.eyesProtectDetector:135 com.tal.genie.launcher.service.TimeTickListener.onTimeTickReceived:34 
11-30 12:22:06.650 W/ContextImpl( 1236): Calling a method in the system process without a qualified user: android.app.ContextImpl.sendBroadcast:1006 android.content.ContextWrapper.sendBroadcast:444 com.tal.genie.lockscreen.receiver.LockScreenReceiver.sendBroadCastToVoice:180 com.tal.genie.lockscreen.receiver.LockScreenReceiver.onReceive:67 android.app.LoadedApk$ReceiverDispatcher$Args.lambda$getRunnable$0:1391 
11-30 12:23:00.658 E/storaged(  456): getDiskStats failed with result NOT_SUPPORTED and size 0
11-30 12:23:02.716 W/ContextImpl( 1236): Calling a method in the system process without a qualified user: android.app.ContextImpl.sendBroadcast:1006 android.content.ContextWrapper.sendBroadcast:444 android.content.ContextWrapper.sendBroadcast:444 com.tal.genie.lockscreen.receiver.LockScreenReceiver.sendBroadCastToVoice:180 com.tal.genie.lockscreen.activity.LockScreenActivity.onTimeTickReceived:156 
11-30 12:23:02.741 W/ContextImpl( 1236): Calling a method in the system process without a qualified user: android.app.ContextImpl.sendBroadcast:1006 android.content.ContextWrapper.sendBroadcast:444 com.tal.genie.launcher.service.TimeTickListener.sendOTASilentBroadcast:62 com.tal.genie.launcher.service.TimeTickListener.onTimeTickReceived:31 com.tal.genie.base_receiver.time.TimeTickManager.onTimeTickReceived:80 
11-30 12:23:02.760 W/ContextImpl( 1236): Calling a method in the system process without a qualified user: android.app.ContextImpl.sendBroadcast:1006 android.content.ContextWrapper.sendBroadcast:444 com.tal.genie.service_controldata.EyesProtectManager.sendEyesProtectorBroadcast:362 com.tal.genie.service_controldata.EyesProtectManager.eyesProtectDetector:135 com.tal.genie.launcher.service.TimeTickListener.onTimeTickReceived:34 
11-30 12:23:02.780 W/ContextImpl( 1236): Calling a method in the system process without a qualified user: android.app.ContextImpl.sendBroadcast:1006 android.content.ContextWrapper.sendBroadcast:444 com.tal.genie.lockscreen.receiver.LockScreenReceiver.sendBroadCastToVoice:180 com.tal.genie.lockscreen.receiver.LockScreenReceiver.onReceive:67 android.app.LoadedApk$ReceiverDispatcher$Args.lambda$getRunnable$0:1391 
11-30 12:24:00.659 E/storaged(  456): getDiskStats failed with result NOT_SUPPORTED and size 0
11-30 12:24:06.827 W/ContextImpl( 1236): Calling a method in the system process without a qualified user: android.app.ContextImpl.sendBroadcast:1006 android.content.ContextWrapper.sendBroadcast:444 android.content.ContextWrapper.sendBroadcast:444 com.tal.genie.lockscreen.receiver.LockScreenReceiver.sendBroadCastToVoice:180 com.tal.genie.lockscreen.activity.LockScreenActivity.onTimeTickReceived:156 
11-30 12:24:06.853 W/ContextImpl( 1236): Calling a method in the system process without a qualified user: android.app.ContextImpl.sendBroadcast:1006 android.content.ContextWrapper.sendBroadcast:444 com.tal.genie.launcher.service.TimeTickListener.sendOTASilentBroadcast:62 com.tal.genie.launcher.service.TimeTickListener.onTimeTickReceived:31 com.tal.genie.base_receiver.time.TimeTickManager.onTimeTickReceived:80 
11-30 12:24:06.868 W/ContextImpl( 1236): Calling a method in the system process without a qualified user: android.app.ContextImpl.sendBroadcast:1006 android.content.ContextWrapper.sendBroadcast:444 com.tal.genie.service_controldata.EyesProtectManager.sendEyesProtectorBroadcast:362 com.tal.genie.service_controldata.EyesProtectManager.eyesProtectDetector:135 com.tal.genie.launcher.service.TimeTickListener.onTimeTickReceived:34 
11-30 12:24:06.893 W/ContextImpl( 1236): Calling a method in the system process without a qualified user: android.app.ContextImpl.sendBroadcast:1006 android.content.ContextWrapper.sendBroadcast:444 com.tal.genie.lockscreen.receiver.LockScreenReceiver.sendBroadCastToVoice:180 com.tal.genie.lockscreen.receiver.LockScreenReceiver.onReceive:67 android.app.LoadedApk$ReceiverDispatcher$Args.lambda$getRunnable$0:1391 
11-30 12:25:00.660 E/storaged(  456): getDiskStats failed with result NOT_SUPPORTED and size 0
11-30 12:25:02.950 W/ContextImpl( 1236): Calling a method in the system process without a qualified user: android.app.ContextImpl.sendBroadcast:1006 android.content.ContextWrapper.sendBroadcast:444 android.content.ContextWrapper.sendBroadcast:444 com.tal.genie.lockscreen.receiver.LockScreenReceiver.sendBroadCastToVoice:180 com.tal.genie.lockscreen.activity.LockScreenActivity.onTimeTickReceived:156 
11-30 12:25:02.968 W/ContextImpl( 1236): Calling a method in the system process without a qualified user: android.app.ContextImpl.sendBroadcast:1006 android.content.ContextWrapper.sendBroadcast:444 com.tal.genie.launcher.service.TimeTickListener.sendOTASilentBroadcast:62 com.tal.genie.launcher.service.TimeTickListener.onTimeTickReceived:31 com.tal.genie.base_receiver.time.TimeTickManager.onTimeTickReceived:80 
11-30 12:25:02.983 W/ContextImpl( 1236): Calling a method in the system process without a qualified user: android.app.ContextImpl.sendBroadcast:1006 android.content.ContextWrapper.sendBroadcast:444 com.tal.genie.service_controldata.EyesProtectManager.sendEyesProtectorBroadcast:362 com.tal.genie.service_controldata.EyesProtectManager.eyesProtectDetector:135 com.tal.genie.launcher.service.TimeTickListener.onTimeTickReceived:34 
11-30 12:25:03.007 W/ContextImpl( 1236): Calling a method in the system process without a qualified user: android.app.ContextImpl.sendBroadcast:1006 android.content.ContextWrapper.sendBroadcast:444 com.tal.genie.lockscreen.receiver.LockScreenReceiver.sendBroadCastToVoice:180 com.tal.genie.lockscreen.receiver.LockScreenReceiver.onReceive:67 android.app.LoadedApk$ReceiverDispatcher$Args.lambda$getRunnable$0:1391 
11-30 12:26:00.661 E/storaged(  456): getDiskStats failed with result NOT_SUPPORTED and size 0
11-30 12:26:07.094 W/ContextImpl( 1236): Calling a method in the system process without a qualified user: android.app.ContextImpl.sendBroadcast:1006 android.content.ContextWrapper.sendBroadcast:444 android.content.ContextWrapper.sendBroadcast:444 com.tal.genie.lockscreen.receiver.LockScreenReceiver.sendBroadCastToVoice:180 com.tal.genie.lockscreen.activity.LockScreenActivity.onTimeTickReceived:156 
11-30 12:26:07.117 W/ContextImpl( 1236): Calling a method in the system process without a qualified user: android.app.ContextImpl.sendBroadcast:1006 android.content.ContextWrapper.sendBroadcast:444 com.tal.genie.launcher.service.TimeTickListener.sendOTASilentBroadcast:62 com.tal.genie.launcher.service.TimeTickListener.onTimeTickReceived:31 com.tal.genie.base_receiver.time.TimeTickManager.onTimeTickReceived:80 
11-30 12:26:07.130 W/ContextImpl( 1236): Calling a method in the system process without a qualified user: android.app.ContextImpl.sendBroadcast:1006 android.content.ContextWrapper.sendBroadcast:444 com.tal.genie.service_controldata.EyesProtectManager.sendEyesProtectorBroadcast:362 com.tal.genie.service_controldata.EyesProtectManager.eyesProtectDetector:135 com.tal.genie.launcher.service.TimeTickListener.onTimeTickReceived:34 
11-30 12:26:07.151 W/ContextImpl( 1236): Calling a method in the system process without a qualified user: android.app.ContextImpl.sendBroadcast:1006 android.content.ContextWrapper.sendBroadcast:444 com.tal.genie.lockscreen.receiver.LockScreenReceiver.sendBroadCastToVoice:180 com.tal.genie.lockscreen.receiver.LockScreenReceiver.onReceive:67 android.app.LoadedApk$ReceiverDispatcher$Args.lambda$getRunnable$0:1391 
11-30 12:26:40.953 I/NetworkStatsRecorder(  636): recordSnapshotLocked: ident[[{type=WIFI, subType=COMBINED, networkId="TAL-Device", metered=false, defaultNetwork=true}]]
11-30 12:26:40.953 W/NetworkStatsRecorder(  636): unknown interfaces [lo], ignoring those stats
11-30 12:26:40.953 I/NetworkStatsRecorder(  636): recordSnapshotLocked: ident[[{type=WIFI, subType=COMBINED, networkId="TAL-Device", metered=false, defaultNetwork=true}]]
11-30 12:26:40.953 W/NetworkStatsRecorder(  636): unknown interfaces [lo], ignoring those stats
11-30 12:26:40.954 I/NetworkStatsRecorder(  636): recordSnapshotLocked: ident[[{type=WIFI, subType=COMBINED, networkId="TAL-Device", metered=false, defaultNetwork=true}]]
11-30 12:26:40.954 I/chatty  (  636): uid=1000(system) NetworkStats identical 2 lines
11-30 12:26:40.954 I/NetworkStatsRecorder(  636): recordSnapshotLocked: ident[[{type=WIFI, subType=COMBINED, networkId="TAL-Device", metered=false, defaultNetwork=true}]]
11-30 12:26:40.954 W/NetworkStatsRecorder(  636): unknown interfaces [lo], ignoring those stats
11-30 12:26:40.954 I/NetworkStatsRecorder(  636): recordSnapshotLocked: ident[[{type=WIFI, subType=COMBINED, networkId="TAL-Device", metered=false, defaultNetwork=true}]]
11-30 12:26:40.954 W/NetworkStatsRecorder(  636): unknown interfaces [lo], ignoring those stats
11-30 12:27:00.662 E/storaged(  456): getDiskStats failed with result NOT_SUPPORTED and size 0
11-30 12:27:03.210 W/ContextImpl( 1236): Calling a method in the system process without a qualified user: android.app.ContextImpl.sendBroadcast:1006 android.content.ContextWrapper.sendBroadcast:444 android.content.ContextWrapper.sendBroadcast:444 com.tal.genie.lockscreen.receiver.LockScreenReceiver.sendBroadCastToVoice:180 com.tal.genie.lockscreen.activity.LockScreenActivity.onTimeTickReceived:156 
11-30 12:27:03.235 W/ContextImpl( 1236): Calling a method in the system process without a qualified user: android.app.ContextImpl.sendBroadcast:1006 android.content.ContextWrapper.sendBroadcast:444 com.tal.genie.launcher.service.TimeTickListener.sendOTASilentBroadcast:62 com.tal.genie.launcher.service.TimeTickListener.onTimeTickReceived:31 com.tal.genie.base_receiver.time.TimeTickManager.onTimeTickReceived:80 
11-30 12:27:03.249 W/ContextImpl( 1236): Calling a method in the system process without a qualified user: android.app.ContextImpl.sendBroadcast:1006 android.content.ContextWrapper.sendBroadcast:444 com.tal.genie.service_controldata.EyesProtectManager.sendEyesProtectorBroadcast:362 com.tal.genie.service_controldata.EyesProtectManager.eyesProtectDetector:135 com.tal.genie.launcher.service.TimeTickListener.onTimeTickReceived:34 
11-30 12:27:03.275 W/ContextImpl( 1236): Calling a method in the system process without a qualified user: android.app.ContextImpl.sendBroadcast:1006 android.content.ContextWrapper.sendBroadcast:444 com.tal.genie.lockscreen.receiver.LockScreenReceiver.sendBroadCastToVoice:180 com.tal.genie.lockscreen.receiver.LockScreenReceiver.onReceive:67 android.app.LoadedApk$ReceiverDispatcher$Args.lambda$getRunnable$0:1391 
11-30 12:27:49.837 E/BatteryExternalStatsWorker(  636): no controller energy info supplied for wifi
11-30 12:27:49.837 E/BatteryExternalStatsWorker(  636): no controller energy info supplied for bluetooth
11-30 12:27:49.843 E/KernelCpuSpeedReader(  636): Failed to read cpu-freq: /sys/devices/system/cpu/cpu0/cpufreq/stats/time_in_state (No such file or directory)
11-30 12:27:49.847 W/BatteryExternalStatsWorker(  636): modem info is invalid: ModemActivityInfo{ mTimestamp=0 mSleepTimeMs=0 mIdleTimeMs=0 mTxTimeMs[]=[0, 0, 0, 0, 0] mRxTimeMs=0 mEnergyUsed=0}
11-30 12:28:00.663 E/storaged(  456): getDiskStats failed with result NOT_SUPPORTED and size 0
11-30 12:28:04.415 I/NetworkStatsRecorder(  636): recordSnapshotLocked: ident[[{type=WIFI, subType=COMBINED, networkId="TAL-Device", metered=false, defaultNetwork=true}]]
11-30 12:28:04.415 W/NetworkStatsRecorder(  636): unknown interfaces [lo], ignoring those stats
11-30 12:28:04.415 I/NetworkStatsRecorder(  636): recordSnapshotLocked: ident[[{type=WIFI, subType=COMBINED, networkId="TAL-Device", metered=false, defaultNetwork=true}]]
11-30 12:28:04.415 W/NetworkStatsRecorder(  636): unknown interfaces [lo], ignoring those stats
11-30 12:28:04.417 I/NetworkStatsRecorder(  636): recordSnapshotLocked: ident[[{type=WIFI, subType=COMBINED, networkId="TAL-Device", metered=false, defaultNetwork=true}]]
11-30 12:28:04.417 I/chatty  (  636): uid=1000(system) NetworkStats identical 2 lines
11-30 12:28:04.417 I/NetworkStatsRecorder(  636): recordSnapshotLocked: ident[[{type=WIFI, subType=COMBINED, networkId="TAL-Device", metered=false, defaultNetwork=true}]]
11-30 12:28:04.417 W/NetworkStatsRecorder(  636): unknown interfaces [lo], ignoring those stats
11-30 12:28:04.418 W/NetworkStatsRecorder(  636): unknown interfaces [lo], ignoring those stats
11-30 12:28:04.419 W/ContextImpl( 1236): Calling a method in the system process without a qualified user: android.app.ContextImpl.sendBroadcast:1006 android.content.ContextWrapper.sendBroadcast:444 android.content.ContextWrapper.sendBroadcast:444 com.tal.genie.lockscreen.receiver.LockScreenReceiver.sendBroadCastToVoice:180 com.tal.genie.lockscreen.activity.LockScreenActivity.onTimeTickReceived:156 
11-30 12:28:04.435 W/ContextImpl( 1236): Calling a method in the system process without a qualified user: android.app.ContextImpl.sendBroadcast:1006 android.content.ContextWrapper.sendBroadcast:444 com.tal.genie.launcher.service.TimeTickListener.sendOTASilentBroadcast:62 com.tal.genie.launcher.service.TimeTickListener.onTimeTickReceived:31 com.tal.genie.base_receiver.time.TimeTickManager.onTimeTickReceived:80 
11-30 12:28:04.447 W/ContextImpl( 1236): Calling a method in the system process without a qualified user: android.app.ContextImpl.sendBroadcast:1006 android.content.ContextWrapper.sendBroadcast:444 com.tal.genie.service_controldata.EyesProtectManager.sendEyesProtectorBroadcast:362 com.tal.genie.service_controldata.EyesProtectManager.eyesProtectDetector:135 com.tal.genie.launcher.service.TimeTickListener.onTimeTickReceived:34 
11-30 12:28:04.465 W/ContextImpl( 1236): Calling a method in the system process without a qualified user: android.app.ContextImpl.sendBroadcast:1006 android.content.ContextWrapper.sendBroadcast:444 com.tal.genie.lockscreen.receiver.LockScreenReceiver.sendBroadCastToVoice:180 com.tal.genie.lockscreen.receiver.LockScreenReceiver.onReceive:67 android.app.LoadedApk$ReceiverDispatcher$Args.lambda$getRunnable$0:1391 
11-30 12:28:09.374 W/BroadcastQueue(  636): Background execution not allowed: receiving Intent { act=com.android.providers.media.ACTIVATE_MEDIAPROCESS flg=0x10 } to com.android.providers.media/.MtpReceiver
11-30 12:29:01.545 E/storaged(  456): getDiskStats failed with result NOT_SUPPORTED and size 0
11-30 12:29:03.457 W/ContextImpl( 1236): Calling a method in the system process without a qualified user: android.app.ContextImpl.sendBroadcast:1006 android.content.ContextWrapper.sendBroadcast:444 android.content.ContextWrapper.sendBroadcast:444 com.tal.genie.lockscreen.receiver.LockScreenReceiver.sendBroadCastToVoice:180 com.tal.genie.lockscreen.activity.LockScreenActivity.onTimeTickReceived:156 
11-30 12:29:03.476 W/ContextImpl( 1236): Calling a method in the system process without a qualified user: android.app.ContextImpl.sendBroadcast:1006 android.content.ContextWrapper.sendBroadcast:444 com.tal.genie.launcher.service.TimeTickListener.sendOTASilentBroadcast:62 com.tal.genie.launcher.service.TimeTickListener.onTimeTickReceived:31 com.tal.genie.base_receiver.time.TimeTickManager.onTimeTickReceived:80 
11-30 12:29:03.490 W/ContextImpl( 1236): Calling a method in the system process without a qualified user: android.app.ContextImpl.sendBroadcast:1006 android.content.ContextWrapper.sendBroadcast:444 com.tal.genie.service_controldata.EyesProtectManager.sendEyesProtectorBroadcast:362 com.tal.genie.service_controldata.EyesProtectManager.eyesProtectDetector:135 com.tal.genie.launcher.service.TimeTickListener.onTimeTickReceived:34 
11-30 12:29:03.511 W/ContextImpl( 1236): Calling a method in the system process without a qualified user: android.app.ContextImpl.sendBroadcast:1006 android.content.ContextWrapper.sendBroadcast:444 com.tal.genie.lockscreen.receiver.LockScreenReceiver.sendBroadCastToVoice:180 com.tal.genie.lockscreen.receiver.LockScreenReceiver.onReceive:67 android.app.LoadedApk$ReceiverDispatcher$Args.lambda$getRunnable$0:1391 
11-30 12:29:55.319 I/UsageStatsService(  636): User[0] Flushing usage stats to disk
11-30 12:30:01.546 E/storaged(  456): getDiskStats failed with result NOT_SUPPORTED and size 0
11-30 12:30:07.592 W/ContextImpl( 1236): Calling a method in the system process without a qualified user: android.app.ContextImpl.sendBroadcast:1006 android.content.ContextWrapper.sendBroadcast:444 android.content.ContextWrapper.sendBroadcast:444 com.tal.genie.lockscreen.receiver.LockScreenReceiver.sendBroadCastToVoice:180 com.tal.genie.lockscreen.activity.LockScreenActivity.onTimeTickReceived:156 
11-30 12:30:07.613 W/ContextImpl( 1236): Calling a method in the system process without a qualified user: android.app.ContextImpl.sendBroadcast:1006 android.content.ContextWrapper.sendBroadcast:444 com.tal.genie.launcher.service.TimeTickListener.sendOTASilentBroadcast:62 com.tal.genie.launcher.service.TimeTickListener.onTimeTickReceived:31 com.tal.genie.base_receiver.time.TimeTickManager.onTimeTickReceived:80 
11-30 12:30:07.632 W/ContextImpl( 1236): Calling a method in the system process without a qualified user: android.app.ContextImpl.sendBroadcast:1006 android.content.ContextWrapper.sendBroadcast:444 com.tal.genie.service_controldata.EyesProtectManager.sendEyesProtectorBroadcast:362 com.tal.genie.service_controldata.EyesProtectManager.eyesProtectDetector:135 com.tal.genie.launcher.service.TimeTickListener.onTimeTickReceived:34 
11-30 12:30:07.653 W/ContextImpl( 1236): Calling a method in the system process without a qualified user: android.app.ContextImpl.sendBroadcast:1006 android.content.ContextWrapper.sendBroadcast:444 com.tal.genie.lockscreen.receiver.LockScreenReceiver.sendBroadCastToVoice:180 com.tal.genie.lockscreen.receiver.LockScreenReceiver.onReceive:67 android.app.LoadedApk$ReceiverDispatcher$Args.lambda$getRunnable$0:1391 
11-30 12:31:01.547 E/storaged(  456): getDiskStats failed with result NOT_SUPPORTED and size 0
11-30 12:31:03.705 W/ContextImpl( 1236): Calling a method in the system process without a qualified user: android.app.ContextImpl.sendBroadcast:1006 android.content.ContextWrapper.sendBroadcast:444 android.content.ContextWrapper.sendBroadcast:444 com.tal.genie.lockscreen.receiver.LockScreenReceiver.sendBroadCastToVoice:180 com.tal.genie.lockscreen.activity.LockScreenActivity.onTimeTickReceived:156 
11-30 12:31:03.737 W/ContextImpl( 1236): Calling a method in the system process without a qualified user: android.app.ContextImpl.sendBroadcast:1006 android.content.ContextWrapper.sendBroadcast:444 com.tal.genie.launcher.service.TimeTickListener.sendOTASilentBroadcast:62 com.tal.genie.launcher.service.TimeTickListener.onTimeTickReceived:31 com.tal.genie.base_receiver.time.TimeTickManager.onTimeTickReceived:80 
11-30 12:31:03.752 W/ContextImpl( 1236): Calling a method in the system process without a qualified user: android.app.ContextImpl.sendBroadcast:1006 android.content.ContextWrapper.sendBroadcast:444 com.tal.genie.service_controldata.EyesProtectManager.sendEyesProtectorBroadcast:362 com.tal.genie.service_controldata.EyesProtectManager.eyesProtectDetector:135 com.tal.genie.launcher.service.TimeTickListener.onTimeTickReceived:34 
11-30 12:31:03.773 W/ContextImpl( 1236): Calling a method in the system process without a qualified user: android.app.ContextImpl.sendBroadcast:1006 android.content.ContextWrapper.sendBroadcast:444 com.tal.genie.lockscreen.receiver.LockScreenReceiver.sendBroadCastToVoice:180 com.tal.genie.lockscreen.receiver.LockScreenReceiver.onReceive:67 android.app.LoadedApk$ReceiverDispatcher$Args.lambda$getRunnable$0:1391 
11-30 12:32:01.548 E/storaged(  456): getDiskStats failed with result NOT_SUPPORTED and size 0
11-30 12:32:07.851 W/ContextImpl( 1236): Calling a method in the system process without a qualified user: android.app.ContextImpl.sendBroadcast:1006 android.content.ContextWrapper.sendBroadcast:444 android.content.ContextWrapper.sendBroadcast:444 com.tal.genie.lockscreen.receiver.LockScreenReceiver.sendBroadCastToVoice:180 com.tal.genie.lockscreen.activity.LockScreenActivity.onTimeTickReceived:156 
11-30 12:32:07.870 W/ContextImpl( 1236): Calling a method in the system process without a qualified user: android.app.ContextImpl.sendBroadcast:1006 android.content.ContextWrapper.sendBroadcast:444 com.tal.genie.launcher.service.TimeTickListener.sendOTASilentBroadcast:62 com.tal.genie.launcher.service.TimeTickListener.onTimeTickReceived:31 com.tal.genie.base_receiver.time.TimeTickManager.onTimeTickReceived:80 
11-30 12:32:07.887 W/ContextImpl( 1236): Calling a method in the system process without a qualified user: android.app.ContextImpl.sendBroadcast:1006 android.content.ContextWrapper.sendBroadcast:444 com.tal.genie.service_controldata.EyesProtectManager.sendEyesProtectorBroadcast:362 com.tal.genie.service_controldata.EyesProtectManager.eyesProtectDetector:135 com.tal.genie.launcher.service.TimeTickListener.onTimeTickReceived:34 
