01-01 08:00:30.708 V/AlarmManager(  646): set(PendingIntent{508f6bf: PendingIntentRecord{6b9718c android broadcastIntent}}) : type=3 triggerAtTime=43227012 win=32400000 tElapsed=43227012 maxElapsed=75627012 interval=0 flags=0x8
12-21 10:53:26.391 V/AlarmManager(  646): Past alarm, need to trigger immediatly (min_futurity)
12-21 10:53:26.391 I/chatty  (  646): uid=1000(system) AlarmManager identical 1 line
12-21 10:53:26.391 V/AlarmManager(  646): Past alarm, need to trigger immediatly (min_futurity)
12-21 10:53:26.391 V/SettingsProvider(  646): packageValueForCallResult, name = null, value : Bundle[{_track_generation=android.util.MemoryIntArray@68, value=null, _generation_index=0, _generation=3}]
12-21 10:53:26.391 V/AlarmManager(  646): Past alarm, need to trigger immediatly (min_futurity)
12-21 10:53:26.392 I/chatty  (  646): uid=1000(system) AlarmManager identical 8 lines
12-21 10:53:26.392 V/AlarmManager(  646): Past alarm, need to trigger immediatly (min_futurity)
12-21 10:53:26.392 V/AlarmManager(  646): set(PendingIntent{c292ece: PendingIntentRecord{b1fe1ef android broadcastIntent}}) : type=3 triggerAtTime=60625 win=0 tElapsed=60625 maxElapsed=60625 interval=0 flags=0x1
12-21 10:53:26.393 V/AlarmManager(  646): set(PendingIntent{14434fc: PendingIntentRecord{9178785 android broadcastIntent}}) : type=1 triggerAtTime=1640102400000 win=0 tElapsed=47220625 maxElapsed=47220625 interval=0 flags=0x1
12-21 10:53:26.395 D/DevicePolicyManager(  646): updateSystemUpdateFreezePeriodsRecord
12-21 10:53:26.399 I/JobScheduler(  646): RTC now valid; recalculating persisted job windows
12-21 10:53:26.412 W/SyncManager(  646): Clock is valid now.
12-21 10:53:26.412 D/ConditionProviders.SCP(  646): onReceive android.intent.action.TIME_SET
12-21 10:53:26.414 W/BroadcastQueue(  646): Permission Denial: broadcasting Intent { act=android.net.conn.CONNECTIVITY_CHANGE flg=0x4200010 (has extras) } from null (pid=-1, uid=-1) requires com.tencent.bugly.BuglyBroadcastReceiver.permission due to registered receiver BroadcastFilter{9521a78 u0 ReceiverList{8e03fdb 1105 com.tal.genie.voice/10045/u0 remote:6d1e0ea}}
12-21 10:53:26.430 V/AlarmManager(  646): set(null) : type=2 triggerAtTime=80600 win=40172 tElapsed=80600 maxElapsed=120772 interval=0 flags=0x0
12-21 10:53:26.431 V/AlarmManager(  646): Past alarm, need to trigger immediatly (min_futurity)
12-21 10:53:26.432 I/chatty  (  646): uid=1000(system) android.fg identical 2 lines
12-21 10:53:26.432 V/AlarmManager(  646): Past alarm, need to trigger immediatly (min_futurity)
12-21 10:53:26.432 V/AlarmManager(  646): set(null) : type=2 triggerAtTime=80600 win=40157 tElapsed=80600 maxElapsed=120757 interval=0 flags=0x0
12-21 10:53:26.432 D/ConditionProviders.SCP(  646): evaluateSubscriptionLocked cal=ScheduleCalendar[mDays={1, 2, 3, 4, 5, 6, 7}, mSchedule=ScheduleInfo{days=[1, 2, 3, 4, 5, 6, 7], startHour=22, startMinute=0, endHour=7, endMinute=0, exitAtAlarm=true, nextAlarm=Thu Jan 01 08:00:00 GMT+08:00 1970 (0)}], now=Tue Dec 21 10:53:26 GMT+08:00 2021 (1640055206412), nextUserAlarmTime=Thu Jan 01 08:00:00 GMT+08:00 1970 (0)
12-21 10:53:26.433 D/ConditionProviders.SCP(  646): notifyCondition condition://android/schedule?days=1.2.3.4.5.6.7&start=22.0&end=7.0&exitAtAlarm=true STATE_FALSE reason=!meetsSchedule
12-21 10:53:26.434 V/AlarmManager(  646): Past alarm, need to trigger immediatly (min_futurity)
12-21 10:53:26.440 I/chatty  (  646): uid=1000(system) android.fg identical 2 lines
12-21 10:53:26.440 V/AlarmManager(  646): Past alarm, need to trigger immediatly (min_futurity)
12-21 10:53:26.441 V/AlarmManager(  646): Past alarm, need to trigger immediatly (min_futurity)
12-21 10:53:26.441 I/chatty  (  646): uid=1000 system_server identical 1 line
12-21 10:53:26.441 V/AlarmManager(  646): Past alarm, need to trigger immediatly (min_futurity)
12-21 10:53:26.441 E/JobScheduler(  646): Not yet prepared when started tracking: JobStatus{618feb7 #1000/2131427336 com.android.settings/.fuelgauge.batterytip.AnomalyConfigJobService u=0 s=1000 TIME=-29ms:-29ms CHARGING IDLE PERIODIC PERSISTED WAIT:DEV_NOT_DOZING}
12-21 10:53:26.442 D/ConditionProviders.SCP(  646): Scheduling evaluate for Tue Dec 21 22:00:00 GMT+08:00 2021 (1640095200000), in +11h6m33s588ms, now=Tue Dec 21 10:53:26 GMT+08:00 2021 (1640055206412)
12-21 10:53:26.445 V/AlarmManager(  646): set(PendingIntent{759c090: PendingIntentRecord{2427a37 android broadcastIntent}}) : type=0 triggerAtTime=1640095200000 win=0 tElapsed=40020625 maxElapsed=40020625 interval=0 flags=0x9
12-21 10:53:26.446 V/AlarmManager(  646): set(null) : type=2 triggerAtTime=80600 win=40146 tElapsed=80600 maxElapsed=120746 interval=0 flags=0x0
12-21 10:53:26.449 V/AlarmManager(  646): Past alarm, need to trigger immediatly (min_futurity)
12-21 10:53:26.459 V/AlarmManager(  646): Past alarm, need to trigger immediatly (min_futurity)
12-21 10:53:26.472 V/AlarmManager(  646): set(null) : type=2 triggerAtTime=80600 win=40136 tElapsed=80600 maxElapsed=120736 interval=0 flags=0x0
12-21 10:53:26.476 V/AlarmManager(  646): Past alarm, need to trigger immediatly (min_futurity)
12-21 10:53:26.476 V/AlarmManager(  646): Past alarm, need to trigger immediatly (min_futurity)
12-21 10:53:26.477 E/JobScheduler(  646): Not yet prepared when started tracking: JobStatus{9430d89 #1000/2131427335 com.android.settings/.fuelgauge.batterytip.AnomalyCleanupJobService u=0 s=1000 TIME=-64ms:-64ms CHARGING IDLE PERIODIC PERSISTED WAIT:DEV_NOT_DOZING}
12-21 10:53:26.488 D/DuraSpeed(  646): reloadCurrentSlice
12-21 10:53:26.581 W/ActivityManager(  646): Slow operation: 118ms so far, now at startProcess: returned from zygote!
12-21 10:53:26.582 W/ActivityManager(  646): Slow operation: 119ms so far, now at startProcess: done updating battery stats
12-21 10:53:26.582 W/ActivityManager(  646): Slow operation: 119ms so far, now at startProcess: building log message
12-21 10:53:26.582 I/ActivityManager(  646): Start proc 1456:com.android.providers.calendar/u0a6 for content provider com.android.providers.calendar/.CalendarProvider2
12-21 10:53:26.582 W/ActivityManager(  646): Slow operation: 119ms so far, now at startProcess: starting to update pids map
12-21 10:53:26.582 W/ActivityManager(  646): Slow operation: 119ms so far, now at startProcess: done updating pids map
12-21 10:53:26.657 D/MtkConnectivityService(  646): NetworkAgentInfo [WIFI () - 100] validation failed
12-21 10:53:26.671 W/ActivityThread( 1384): ClassLoader.getResourceAsStream: The class loader returned by Thread.getContextClassLoader() may fail for processes that host multiple applications. You should explicitly specify a context class loader. For example: Thread.setContextClassLoader(getClass().getClassLoader());
12-21 10:53:26.713 I/UsageStatsService(  646): Time changed in UsageStats by 377751175 seconds
12-21 10:53:26.714 I/UsageStatsService(  646): User[0] Flushing usage stats to disk
12-21 10:53:26.815 I/TransportClient(  646): LocalTransportService#0: Notifying [TransportManager.registerTransport()] transport = IBackupTransport
12-21 10:53:26.820 D/BackupTransportManager(  646): Transport android/com.android.internal.backup.LocalTransportService registered
12-21 10:53:26.820 D/BackupManagerService(  646): Transport android/com.android.internal.backup.LocalTransport registered 3233ms after first request (delay = 3000ms)
12-21 10:53:26.842 D/MtkOmxMp3Dec(  470): JB ~MtkOmxMp3Dec this= 0xa8343a00
12-21 10:53:26.842 D/MtkOmxMp3Dec(  470): component has been DeInit before,return.
12-21 10:53:26.865 V/SettingsProvider(  646): packageValueForCallResult, name = null, value : Bundle[{_track_generation=android.util.MemoryIntArray@68, value=null, _generation_index=0, _generation=3}]
12-21 10:53:26.871 I/BackupManagerService(  646): Found stale backup journal, scheduling
12-21 10:53:26.877 I/chatty  (  646): uid=1000(system) backup identical 10 lines
12-21 10:53:26.877 I/BackupManagerService(  646): Found stale backup journal, scheduling
12-21 10:53:26.954 I/UsageStatsDatabase(  646): Time changed by +4372d2h52m55s679ms. files deleted: 0 files moved: 4
12-21 10:53:27.014 I/UsageStatsService(  646): User[0] Rollover scheduled @ 2021-12-22 10:53:26(1640141606688)
12-21 10:53:27.110 W/ContextImpl( 1100): Calling a method in the system process without a qualified user: android.app.ContextImpl.sendBroadcast:1006 android.content.ContextWrapper.sendBroadcast:444 com.tal.genie.push.ota.OTAHelper.sendCheckUpgrade:133 com.tal.genie.push.ota.OTAHelper$1.run:63 android.os.Handler.handleCallback:873 
12-21 10:53:27.151 V/AlarmManager(  646): set(PendingIntent{877b316: PendingIntentRecord{c8c2497 com.tal.genie.rtc broadcastIntent}}) : type=2 triggerAtTime=927775 win=675000 tElapsed=927775 maxElapsed=1602775 interval=900000 flags=0x8
12-21 10:53:27.155 V/AlarmManager(  646): set(PendingIntent{e9bc684: PendingIntentRecord{c8c2497 com.tal.genie.rtc broadcastIntent}}) : type=2 triggerAtTime=927779 win=675000 tElapsed=927779 maxElapsed=1602779 interval=900000 flags=0x8
12-21 10:53:27.157 V/AlarmManager(  646): Past alarm, need to trigger immediatly (min_futurity)
12-21 10:53:27.157 V/AlarmManager(  646): Past alarm, need to trigger immediatly (min_futurity)
12-21 10:53:27.246 V/AlarmManager(  646): Past alarm, need to trigger immediatly (min_futurity)
12-21 10:53:27.248 V/AlarmManager(  646): set(PendingIntent{550c6f0: PendingIntentRecord{7656855 android broadcastIntent}}) : type=0 triggerAtTime=1640141606446 win=0 tElapsed=86427070 maxElapsed=86427070 interval=0 flags=0x9
12-21 10:53:27.296 V/SettingsProvider(  646): packageValueForCallResult, name = null, value : Bundle[{_track_generation=android.util.MemoryIntArray@68, value=null, _generation_index=2, _generation=1}]
12-21 10:53:27.337 V/SettingsProvider(  646): packageValueForCallResult, name = android_id, value : Bundle[{_track_generation=android.util.MemoryIntArray@68, value=ae68bf8276e92d56, _generation_index=1, _generation=2}]
12-21 10:53:27.561 D/MtkConnectivityService(  646): ConnectivityService NetworkRequestInfo binderDied(NetworkRequest [ LISTEN id=15, [ Capabilities: INTERNET&NOT_RESTRICTED&TRUSTED Unwanted:  Uid: 10045] ], android.os.BinderProxy@53fd8b4)
12-21 10:53:27.561 D/MtkConnectivityService(  646): ConnectivityService NetworkRequestInfo binderDied(NetworkRequest [ LISTEN id=12, [ Capabilities: NOT_RESTRICTED&TRUSTED&NOT_VPN Unwanted:  Uid: 10045] ], android.os.BinderProxy@f6e4cdd)
12-21 10:53:27.562 W/ContextImpl( 1155): Calling a method in the system process without a qualified user: android.app.ContextImpl.bindService:1612 android.content.ContextWrapper.bindService:698 com.tal.genie.launcher.ui.voice.client.BaseServiceClient.bindService:70 com.tal.genie.launcher.ui.voice.client.BaseServiceClient.bindService:81 com.tal.genie.launcher.ui.voice.client.VoiceServiceClient$6.binderDied:258 
12-21 10:53:27.564 D/DisplayManagerService(  646): Display listener for pid 1105 died.
12-21 10:53:27.564 I/ActivityManager(  646): Process com.tal.genie.voice (pid 1105) has died: pers PER 
12-21 10:53:27.565 W/ActivityManager(  646): Scheduling restart of crashed service com.tal.genie.voice/.dds.DDSService in 0ms
12-21 10:53:27.565 W/ActivityManager(  646): Scheduling restart of crashed service com.tal.genie.voice/com.tal.genie.service.GenieAIDLVoiceService in 0ms
12-21 10:53:27.565 W/ActivityManager(  646): Scheduling restart of crashed service com.tal.genie.voice/com.tal.genie.service.RestartProcessService in 0ms
12-21 10:53:27.566 W/ActivityManager(  646): Re-adding persistent process ProcessRecord{66a3108 1105:com.tal.genie.voice/u0a45}
12-21 10:53:27.611 I/ActivityManager(  646): Start proc 1569:com.tal.genie.voice/u0a45 for restart com.tal.genie.voice
12-21 10:53:27.651 I/BroadcastQueue(  646): Resuming delayed broadcast
12-21 10:53:27.680 D/DuraSpeed(  646): Not remove alarm list = [com.mediatek.location.lppe.main, com.tal.genie.rtc, com.tal.genie.push, ats.tonly.com.displayats, android, com.android.providers.settings, com.mediatek.miravision.ui, com.android.inputdevices, com.mediatek, com.mediatek.duraspeed, com.mediatek.nlpservice, com.tal.genie.launcher, com.android.keychain, com.tal.genie.wifisetup, com.mediatek.thermalmanager, com.example.myapplication2, com.android.settings, com.android.wallpaperbackup, com.android.location.fused, com.mediatek.sensorhub.ui, com.mediatek.dataprotection]
12-21 10:53:27.687 I/ActivityManager(  646): Start proc 1584:com.mediatek.mtklogger/u0a26 for broadcast com.mediatek.mtklogger/.framework.LogReceiver
12-21 10:53:27.758 V/SettingsProvider(  646): packageValueForCallResult, name = null, value : Bundle[{_track_generation=android.util.MemoryIntArray@68, value=null, _generation_index=0, _generation=3}]
12-21 10:53:27.764 W/Looper  (  646): Slow dispatch took 102ms main h=android.app.ActivityThread$H c=null m=114
12-21 10:53:27.783 D/MtkConnectivityService(  646): NetworkAgentInfo [WIFI () - 100] validation failed
12-21 10:53:27.825 I/ActivityManager(  646): Start proc 1617:com.android.gallery3d/u0a37 for broadcast com.android.gallery3d/com.mediatek.gallery3d.adapter.FeatureServiceStart
12-21 10:53:27.835 W/BroadcastQueue(  646): Permission Denial: broadcasting Intent { act=android.hardware.usb.action.USB_STATE flg=0x31000010 (has extras) } from null (pid=-1, uid=-1) requires android.permission.DUMP due to registered receiver BroadcastFilter{3c645f1 u0 ReceiverList{50e7998 1584 com.mediatek.mtklogger/10026/u0 remote:3a4277b}}
12-21 10:53:28.078 V/AlarmManager(  646): set(null) : type=2 triggerAtTime=32625 win=0 tElapsed=33702 maxElapsed=33702 interval=0 flags=0x9
12-21 10:53:28.122 I/ActivityManager(  646): Start proc 1674:com.android.managedprovisioning/u0a7 for broadcast com.android.managedprovisioning/.preprovisioning.BootReminder
12-21 10:53:28.228 V/AlarmManager(  646): set(PendingIntent{4ade0c2: PendingIntentRecord{8ffed3 com.tal.genie.voice startService}}) : type=0 triggerAtTime=1640102399226 win=0 tElapsed=47219851 maxElapsed=47219851 interval=0 flags=0x5
12-21 10:53:28.242 W/ContextImpl( 1155): Calling a method in the system process without a qualified user: android.app.ContextImpl.bindService:1612 android.content.ContextWrapper.bindService:698 com.tal.genie.launcher.ui.voice.client.BaseServiceClient.bindService:70 com.tal.genie.launcher.ui.voice.client.BaseServiceClient.bindService:81 com.tal.genie.launcher.ui.voice.client.VoiceServiceClient.init:58 
12-21 10:53:28.450 I/ActivityManager(  646): Start proc 1711:com.android.packageinstaller/u0a18 for broadcast com.android.packageinstaller/.TemporaryFileManager
12-21 10:53:28.710 V/AlarmManager(  646): set(PendingIntent{5bc8909: PendingIntentRecord{8fd470e com.android.providers.calendar broadcastIntent}}) : type=2 triggerAtTime=32334 win=0 tElapsed=34335 maxElapsed=34335 interval=0 flags=0x1
12-21 10:53:28.758 I/BroadcastQueue(  646): Delay finish: com.android.providers.media/.MediaScannerReceiver
12-21 10:53:28.763 W/BroadcastQueue(  646): Permission Denial: broadcasting Intent { act=android.net.conn.CONNECTIVITY_CHANGE flg=0x4200010 (has extras) } from null (pid=-1, uid=-1) requires com.tencent.bugly.BuglyBroadcastReceiver.permission due to registered receiver BroadcastFilter{98f5041 u0 ReceiverList{da6fb28 1569 com.tal.genie.voice/10045/u0 remote:7ce754b}}
12-21 10:53:28.895 V/SettingsProvider(  646): packageValueForCallResult, name = null, value : Bundle[{_track_generation=android.util.MemoryIntArray@68, value=null, _generation_index=2, _generation=1}]
12-21 10:53:29.445 I/BroadcastQueue(  646): Resuming delayed broadcast
12-21 10:53:29.498 I/ActivityManager(  646): Start proc 1781:com.android.traceur/u0a27 for broadcast com.android.traceur/.Receiver
12-21 10:53:29.700 I/ActivityManager(  646): Start proc 1799:com.mediatek.camera/u0a43 for broadcast com.mediatek.camera/.DisableCameraReceiver
12-21 10:53:29.822 I/ActivityManager(  646): Start proc 1815:com.mediatek.duraspeed/1000 for broadcast com.mediatek.duraspeed/.DuraSpeedAppReceiver
12-21 10:53:29.937 V/SettingsProvider(  646): packageValueForCallResult, name = null, value : Bundle[{_track_generation=android.util.MemoryIntArray@68, value=null, _generation_index=0, _generation=3}]
12-21 10:53:29.990 I/ActivityManager(  646): Start proc 1831:com.mediatek.engineermode/1001 for broadcast com.mediatek.engineermode/.boot.EmBootupReceiver
12-21 10:53:30.022 D/DisplayManagerService(  646): Display listener for pid 1815 died.
12-21 10:53:30.023 I/ActivityManager(  646): Process com.mediatek.duraspeed (pid 1815) has died: cch  CEM 
12-21 10:53:30.166 I/ActivityManager(  646): Start proc 1852:com.mediatek.thermalmanager/1000 for broadcast com.mediatek.thermalmanager/.ServiceStarter
12-21 10:53:30.265 I/ActivityManager(  646): Finished processing BOOT_COMPLETED for u0
12-21 10:53:30.280 D/MtkConnectivityService(  646): NetworkAgentInfo [WIFI () - 100] validation failed
12-21 10:53:31.012 I/sn      (  488): Retry 2
12-21 10:53:31.012 I/sn      (  488): Fail to access err=2
12-21 10:53:31.012 I/chatty  (  488): uid=1000(system) identical 1 line
12-21 10:53:31.012 I/sn      (  488): Fail to access err=2
12-21 10:53:31.012 I/sn      (  488): Check all possible paths
12-21 10:53:33.079 V/AlarmManager(  646): set(null) : type=2 triggerAtTime=41164 win=0 tElapsed=41164 maxElapsed=41164 interval=0 flags=0x9
12-21 10:53:33.732 V/AlarmManager(  646): set(PendingIntent{b7f597a: PendingIntentRecord{d8752b com.android.providers.calendar broadcastIntent}}) : type=0 triggerAtTime=1640134473717 win=0 tElapsed=79294342 maxElapsed=79294342 interval=0 flags=0x1
12-21 10:53:34.784 D/MtkConnectivityService(  646): NetworkAgentInfo [WIFI () - 100] validation failed
12-21 10:53:40.542 V/AlarmManager(  646): set(null) : type=2 triggerAtTime=58649 win=0 tElapsed=58649 maxElapsed=58649 interval=0 flags=0x9
12-21 10:53:41.012 I/sn      (  488): Retry 3
12-21 10:53:41.013 I/sn      (  488): Fail to access err=2
12-21 10:53:41.013 I/chatty  (  488): uid=1000(system) identical 1 line
12-21 10:53:41.013 I/sn      (  488): Fail to access err=2
12-21 10:53:41.013 I/sn      (  488): Check all possible paths
12-21 10:53:42.918 V/AlarmManager(  646): set(null) : type=2 triggerAtTime=63543 win=15000 tElapsed=63543 maxElapsed=78543 interval=0 flags=0x8
12-21 10:53:42.930 V/AlarmManager(  646): set(null) : type=2 triggerAtTime=58555 win=11250 tElapsed=58555 maxElapsed=69805 interval=0 flags=0x8
12-21 10:53:43.706 D/MtkConnectivityService(  646): NetworkAgentInfo [WIFI () - 100] validation failed
12-21 10:53:44.004 V/AlarmManager(  646): Past alarm, need to trigger immediatly (min_futurity)
12-21 10:53:44.007 V/AlarmManager(  646): set(null) : type=1 triggerAtTime=1640131200000 win=0 tElapsed=76020625 maxElapsed=76020625 interval=0 flags=0x9
12-21 10:53:46.533 V/SettingsProvider(  646): packageValueForCallResult, name = null, value : Bundle[{_track_generation=android.util.MemoryIntArray@68, value=null, _generation_index=0, _generation=3}]
12-21 10:53:49.299 I/ActivityManager(  646): Start proc 1893:android.ext.services/u0a15 for service android.ext.services/.storage.CacheQuotaServiceImpl
12-21 10:53:51.013 I/sn      (  488): Retry 4
12-21 10:53:51.013 I/sn      (  488): Fail to access err=2
12-21 10:53:51.014 I/chatty  (  488): uid=1000(system) identical 1 line
12-21 10:53:51.014 I/sn      (  488): Fail to access err=2
12-21 10:53:51.014 I/sn      (  488): Check all possible paths
12-21 10:54:00.004 V/AlarmManager(  646): set(PendingIntent{c292ece: PendingIntentRecord{b1fe1ef android broadcastIntent}}) : type=3 triggerAtTime=120625 win=0 tElapsed=120625 maxElapsed=120625 interval=0 flags=0x1
12-21 10:54:00.034 W/ContextImpl( 1155): Calling a method in the system process without a qualified user: android.app.ContextImpl.sendBroadcast:1006 android.content.ContextWrapper.sendBroadcast:444 com.tal.genie.lockscreen.receiver.LockScreenReceiver.sendBroadCastToVoice:189 com.tal.genie.lockscreen.receiver.LockScreenListener.eyesProtect:23 com.tal.genie.service_controldata.EyesProtectManager.eyesProtectDetector:145 
12-21 10:54:00.167 D/MtkConnectivityService(  646): NetworkAgentInfo [WIFI () - 100] validation failed
12-21 10:54:01.014 I/sn      (  488): Retry 5
12-21 10:54:01.014 I/sn      (  488): Fail to access err=2
12-21 10:54:01.014 I/chatty  (  488): uid=1000(system) identical 1 line
12-21 10:54:01.014 I/sn      (  488): Fail to access err=2
12-21 10:54:01.014 I/sn      (  488): Check all possible paths
12-21 10:54:02.920 V/AlarmManager(  646): set(null) : type=2 triggerAtTime=103545 win=30000 tElapsed=103545 maxElapsed=133545 interval=0 flags=0x8
12-21 10:54:02.935 V/AlarmManager(  646): set(null) : type=2 triggerAtTime=78559 win=11249 tElapsed=78559 maxElapsed=89808 interval=0 flags=0x8
12-21 10:54:11.015 I/sn      (  488): Retry 6
12-21 10:54:11.015 I/sn      (  488): Fail to access err=2
12-21 10:54:11.015 I/chatty  (  488): uid=1000(system) identical 1 line
12-21 10:54:11.015 I/sn      (  488): Fail to access err=2
12-21 10:54:11.015 I/sn      (  488): Check all possible paths
12-21 10:54:18.813 E/storaged(  468): getDiskStats failed with result NOT_SUPPORTED and size 0
12-21 10:54:21.015 I/sn      (  488): Retry 7
12-21 10:54:21.016 I/sn      (  488): Fail to access err=2
12-21 10:54:21.016 I/chatty  (  488): uid=1000(system) identical 1 line
12-21 10:54:21.016 I/sn      (  488): Fail to access err=2
12-21 10:54:21.016 I/sn      (  488): Check all possible paths
12-21 10:54:23.341 W/ContextImpl( 1155): Calling a method in the system process without a qualified user: android.app.ContextImpl.startActivity:888 android.content.ContextWrapper.startActivity:379 com.tal.genie.lockscreen.receiver.LockScreenReceiver.lockScreen:117 com.tal.genie.lockscreen.receiver.LockScreenReceiver.onReceive:51 android.app.LoadedApk$ReceiverDispatcher$Args.lambda$getRunnable$0:1391 
12-21 10:54:23.342 W/ContextImpl( 1155): Calling a method in the system process without a qualified user: android.app.ContextImpl.startActivity:900 android.app.ContextImpl.startActivity:889 android.content.ContextWrapper.startActivity:379 com.tal.genie.lockscreen.receiver.LockScreenReceiver.lockScreen:117 com.tal.genie.lockscreen.receiver.LockScreenReceiver.onReceive:51 
12-21 10:54:23.343 I/ActivityManager(  646): START u0 {flg=0x10800000 cmp=com.tal.genie.launcher/com.tal.genie.lockscreen.activity.LockScreenActivity} from uid 1000
12-21 10:54:23.357 W/ContextImpl( 1155): Calling a method in the system process without a qualified user: android.app.ContextImpl.sendBroadcast:1006 android.content.ContextWrapper.sendBroadcast:444 com.tal.genie.lockscreen.utils.PushNotificationDialogManager.sendPushNotificationStatus:54 com.tal.genie.lockscreen.utils.PushNotificationDialogManager.sendPushNotificationShow:23 com.tal.genie.lockscreen.receiver.LockScreenReceiver.lockScreen:122 
12-21 10:54:23.371 V/WindowManager(  646): Set focused app to: AppWindowToken{df7491d token=Token{b1a1df4 ActivityRecord{49873c7 u0 com.tal.genie.launcher/com.tal.genie.lockscreen.activity.LockScreenActivity t99}}} old focus=AppWindowToken{68d408f token=Token{5cc63ee ActivityRecord{d48d69 u0 com.tal.genie.launcher/.ui.main.MainActivity t2}}} moveFocusNow=true
12-21 10:54:23.372 V/WindowManager(  646): Changing focus from Window{b8714b2 u0 com.tal.genie.launcher/com.tal.genie.launcher.ui.main.MainActivity} to null Callers=com.android.server.wm.WindowManagerService.setFocusedApp:2638 com.android.server.am.ActivityManagerService.setResumedActivityUncheckLocked:3631 com.android.server.am.ActivityStack.onActivityStateChanged:498 com.android.server.am.TaskRecord.onActivityStateChanged:1794 
12-21 10:54:23.372 D/WindowManager(  646): Input focus has changed to null
12-21 10:54:23.373 I/WindowManager(  646): Focus moving from Window{b8714b2 u0 com.tal.genie.launcher/com.tal.genie.launcher.ui.main.MainActivity} to null
12-21 10:54:23.428 W/ContextImpl( 1155): Calling a method in the system process without a qualified user: android.app.ContextImpl.startForegroundService:1538 android.content.ContextWrapper.startForegroundService:669 android.content.ContextWrapper.startForegroundService:669 com.tal.genie.lockscreen.activity.LockScreenActivity.initSevice:84 com.tal.genie.lockscreen.activity.LockScreenActivity.onCreate:77 
12-21 10:54:23.447 W/ContextImpl( 1155): Calling a method in the system process without a qualified user: android.app.ContextImpl.startService:1532 android.content.ContextWrapper.startService:664 android.content.ContextWrapper.startService:664 android.app.Activity.onEnterAnimationComplete:6662 android.app.Activity.dispatchEnterAnimationComplete:6673 
12-21 10:54:23.449 W/ContextImpl( 1155): Calling a method in the system process without a qualified user: android.app.ContextImpl.startService:1532 android.content.ContextWrapper.startService:664 android.content.ContextWrapper.startService:664 android.app.Activity.onEnterAnimationComplete:6662 android.app.Activity.dispatchEnterAnimationComplete:6673 
12-21 10:54:23.470 I/WindowManager(  646): Relayout Window{fbd9bbc u0 com.tal.genie.launcher/com.tal.genie.lockscreen.activity.LockScreenActivity}: oldVis=4 newVis=0 focusMayChange = true
12-21 10:54:23.477 V/WindowManager(  646): Changing focus from null to Window{fbd9bbc u0 com.tal.genie.launcher/com.tal.genie.lockscreen.activity.LockScreenActivity} Callers=com.android.server.wm.WindowManagerService.relayoutWindow:2142 com.android.server.wm.Session.relayout:244 android.view.IWindowSession$Stub.onTransact:309 com.android.server.wm.Session.onTransact:164 
12-21 10:54:23.478 D/WindowManager(  646): Input focus has changed to Window{fbd9bbc u0 com.tal.genie.launcher/com.tal.genie.lockscreen.activity.LockScreenActivity}
12-21 10:54:23.481 I/WindowManager(  646): Focus moving from null to Window{fbd9bbc u0 com.tal.genie.launcher/com.tal.genie.lockscreen.activity.LockScreenActivity}
12-21 10:54:31.016 I/sn      (  488): Retry 8
12-21 10:54:31.016 I/sn      (  488): Fail to access err=2
12-21 10:54:31.016 I/chatty  (  488): uid=1000(system) identical 1 line
12-21 10:54:31.016 I/sn      (  488): Fail to access err=2
12-21 10:54:31.016 I/sn      (  488): Check all possible paths
12-21 10:54:33.062 D/MtkConnectivityService(  646): NetworkAgentInfo [WIFI () - 100] validation failed
12-21 10:54:41.016 I/sn      (  488): Retry 9
12-21 10:54:41.017 I/sn      (  488): Fail to access err=2
12-21 10:54:41.017 I/chatty  (  488): uid=1000(system) identical 1 line
12-21 10:54:41.017 I/sn      (  488): Fail to access err=2
12-21 10:54:41.017 I/sn      (  488): Check all possible paths
12-21 10:54:42.923 V/AlarmManager(  646): set(null) : type=2 triggerAtTime=628118 win=393428 tElapsed=628118 maxElapsed=1021546 interval=0 flags=0x0
12-21 10:54:42.924 V/AlarmManager(  646): set(null) : type=2 triggerAtTime=183548 win=59999 tElapsed=183548 maxElapsed=243547 interval=0 flags=0x8
12-21 10:54:42.938 V/AlarmManager(  646): set(null) : type=2 triggerAtTime=628118 win=393416 tElapsed=628118 maxElapsed=1021534 interval=0 flags=0x0
12-21 10:54:42.940 V/AlarmManager(  646): set(null) : type=2 triggerAtTime=928118 win=618414 tElapsed=928118 maxElapsed=1546532 interval=0 flags=0x0
12-21 10:54:42.946 V/AlarmManager(  646): set(null) : type=2 triggerAtTime=118570 win=11249 tElapsed=118570 maxElapsed=129819 interval=0 flags=0x8
12-21 10:54:51.017 I/sn      (  488): Retry 10
12-21 10:54:51.017 I/sn      (  488): Fail to access err=2
12-21 10:54:51.017 I/chatty  (  488): uid=1000(system) identical 1 line
12-21 10:54:51.017 I/sn      (  488): Fail to access err=2
12-21 10:54:51.018 I/sn      (  488): Check all possible paths
12-21 10:55:00.003 V/AlarmManager(  646): set(PendingIntent{c292ece: PendingIntentRecord{b1fe1ef android broadcastIntent}}) : type=3 triggerAtTime=180625 win=0 tElapsed=180625 maxElapsed=180625 interval=0 flags=0x1
12-21 10:55:01.018 I/sn      (  488): Retry 11
12-21 10:55:01.018 I/sn      (  488): Fail to access err=2
12-21 10:55:01.018 I/chatty  (  488): uid=1000(system) identical 1 line
12-21 10:55:01.018 I/sn      (  488): Fail to access err=2
12-21 10:55:01.018 I/sn      (  488): Check all possible paths
12-21 10:55:11.018 I/sn      (  488): Retry 12
12-21 10:55:11.019 I/sn      (  488): Fail to access err=2
12-21 10:55:11.019 I/chatty  (  488): uid=1000(system) identical 1 line
12-21 10:55:11.019 I/sn      (  488): Fail to access err=2
12-21 10:55:11.019 I/sn      (  488): Check all possible paths
12-21 10:55:18.814 E/storaged(  468): getDiskStats failed with result NOT_SUPPORTED and size 0
12-21 10:55:21.019 I/sn      (  488): Retry 13
12-21 10:55:21.019 I/sn      (  488): Fail to access err=2
12-21 10:55:21.019 I/chatty  (  488): uid=1000(system) identical 1 line
12-21 10:55:21.019 I/sn      (  488): Fail to access err=2
12-21 10:55:21.019 I/sn      (  488): Check all possible paths
12-21 10:55:31.020 I/sn      (  488): Retry 14
12-21 10:55:31.020 I/sn      (  488): Fail to access err=2
12-21 10:55:31.020 I/chatty  (  488): uid=1000(system) identical 1 line
12-21 10:55:31.020 I/sn      (  488): Fail to access err=2
12-21 10:55:31.020 I/sn      (  488): Check all possible paths
12-21 10:55:37.387 D/MtkConnectivityService(  646): NetworkAgentInfo [WIFI () - 100] validation failed
12-21 10:56:00.003 V/AlarmManager(  646): set(PendingIntent{c292ece: PendingIntentRecord{b1fe1ef android broadcastIntent}}) : type=3 triggerAtTime=240625 win=0 tElapsed=240625 maxElapsed=240625 interval=0 flags=0x1
12-21 10:56:02.925 V/AlarmManager(  646): set(null) : type=2 triggerAtTime=343550 win=120000 tElapsed=343550 maxElapsed=463550 interval=0 flags=0x8
12-21 10:56:02.936 V/AlarmManager(  646): set(null) : type=2 triggerAtTime=198561 win=11250 tElapsed=198561 maxElapsed=209811 interval=0 flags=0x8
12-21 10:56:18.815 E/storaged(  468): getDiskStats failed with result NOT_SUPPORTED and size 0
12-21 10:57:00.003 V/AlarmManager(  646): set(PendingIntent{c292ece: PendingIntentRecord{b1fe1ef android broadcastIntent}}) : type=3 triggerAtTime=300625 win=0 tElapsed=300625 maxElapsed=300625 interval=0 flags=0x1
12-21 10:57:18.816 E/storaged(  468): getDiskStats failed with result NOT_SUPPORTED and size 0
12-21 10:57:45.626 D/MtkConnectivityService(  646): NetworkAgentInfo [WIFI () - 100] validation failed
12-21 10:58:00.003 V/AlarmManager(  646): set(PendingIntent{c292ece: PendingIntentRecord{b1fe1ef android broadcastIntent}}) : type=3 triggerAtTime=360625 win=0 tElapsed=360625 maxElapsed=360625 interval=0 flags=0x1
12-21 10:58:18.816 E/storaged(  468): getDiskStats failed with result NOT_SUPPORTED and size 0
12-21 10:58:42.927 V/AlarmManager(  646): set(null) : type=2 triggerAtTime=503552 win=120000 tElapsed=503552 maxElapsed=623552 interval=0 flags=0x8
12-21 10:58:42.939 V/AlarmManager(  646): set(null) : type=2 triggerAtTime=358564 win=11250 tElapsed=358564 maxElapsed=369814 interval=0 flags=0x8
12-21 10:59:00.003 V/AlarmManager(  646): set(PendingIntent{c292ece: PendingIntentRecord{b1fe1ef android broadcastIntent}}) : type=3 triggerAtTime=420625 win=0 tElapsed=420625 maxElapsed=420625 interval=0 flags=0x1
12-21 10:59:18.817 E/storaged(  468): getDiskStats failed with result NOT_SUPPORTED and size 0
12-21 11:00:00.003 V/AlarmManager(  646): set(PendingIntent{c292ece: PendingIntentRecord{b1fe1ef android broadcastIntent}}) : type=3 triggerAtTime=480624 win=0 tElapsed=480624 maxElapsed=480624 interval=0 flags=0x1
12-21 11:00:18.818 E/storaged(  468): getDiskStats failed with result NOT_SUPPORTED and size 0
12-21 11:01:00.002 V/AlarmManager(  646): set(PendingIntent{c292ece: PendingIntentRecord{b1fe1ef android broadcastIntent}}) : type=3 triggerAtTime=540624 win=0 tElapsed=540624 maxElapsed=540624 interval=0 flags=0x1
12-21 11:01:18.819 E/storaged(  468): getDiskStats failed with result NOT_SUPPORTED and size 0
12-21 11:01:22.929 V/AlarmManager(  646): set(null) : type=2 triggerAtTime=663554 win=120000 tElapsed=663554 maxElapsed=783554 interval=0 flags=0x8
12-21 11:01:22.943 V/AlarmManager(  646): set(null) : type=2 triggerAtTime=518567 win=11249 tElapsed=518567 maxElapsed=529816 interval=0 flags=0x8
12-21 11:02:00.002 V/AlarmManager(  646): set(PendingIntent{c292ece: PendingIntentRecord{b1fe1ef android broadcastIntent}}) : type=3 triggerAtTime=600625 win=0 tElapsed=600625 maxElapsed=600625 interval=0 flags=0x1
12-21 11:02:01.811 D/MtkConnectivityService(  646): NetworkAgentInfo [WIFI () - 100] validation failed
12-21 11:02:18.820 E/storaged(  468): getDiskStats failed with result NOT_SUPPORTED and size 0
12-21 11:03:00.003 V/AlarmManager(  646): set(PendingIntent{c292ece: PendingIntentRecord{b1fe1ef android broadcastIntent}}) : type=3 triggerAtTime=660625 win=0 tElapsed=660625 maxElapsed=660625 interval=0 flags=0x1
12-21 11:03:18.821 E/storaged(  468): getDiskStats failed with result NOT_SUPPORTED and size 0
12-21 11:03:59.378 V/AlarmManager(  646): set(null) : type=2 triggerAtTime=14752907 win=10569678 tElapsed=14752907 maxElapsed=25322585 interval=0 flags=0x0
12-21 11:03:59.390 V/AlarmManager(  646): set(null) : type=2 triggerAtTime=14752907 win=10569669 tElapsed=14752907 maxElapsed=25322576 interval=0 flags=0x0
12-21 11:03:59.393 V/AlarmManager(  646): set(null) : type=3 triggerAtTime=1320000 win=0 tElapsed=1320000 maxElapsed=1320000 interval=0 flags=0x9
12-21 11:03:59.405 V/AlarmManager(  646): set(null) : type=2 triggerAtTime=14752907 win=10569658 tElapsed=14752907 maxElapsed=25322565 interval=0 flags=0x0
12-21 11:03:59.406 V/AlarmManager(  646): set(null) : type=2 triggerAtTime=928119 win=201066 tElapsed=928119 maxElapsed=1129185 interval=0 flags=0x0
12-21 11:03:59.407 V/AlarmManager(  646): set(null) : type=2 triggerAtTime=1528118 win=651064 tElapsed=1528118 maxElapsed=2179182 interval=0 flags=0x0
12-21 11:04:00.003 V/AlarmManager(  646): set(PendingIntent{c292ece: PendingIntentRecord{b1fe1ef android broadcastIntent}}) : type=3 triggerAtTime=720625 win=0 tElapsed=720625 maxElapsed=720625 interval=0 flags=0x1
12-21 11:04:02.932 V/AlarmManager(  646): set(null) : type=2 triggerAtTime=823557 win=120000 tElapsed=823557 maxElapsed=943557 interval=0 flags=0x8
12-21 11:04:02.951 V/AlarmManager(  646): set(null) : type=2 triggerAtTime=678576 win=11250 tElapsed=678576 maxElapsed=689826 interval=0 flags=0x8
12-21 11:04:04.186 W/ContextImpl(  646): Calling a method in the system process without a qualified user: android.app.ContextImpl.sendBroadcastAsUserMultiplePermissions:1054 com.android.server.wifi.WifiConfigManager.sendConfiguredNetworkChangedBroadcast:660 com.android.server.wifi.WifiConfigManager.setNetworkStatus:1338 com.android.server.wifi.WifiConfigManager.setNetworkSelectionStatus:1361 com.android.server.wifi.WifiConfigManager.updateNetworkSelectionStatus:1403 
12-21 11:04:04.189 V/AlarmManager(  646): set(null) : type=2 triggerAtTime=674814 win=7500 tElapsed=674814 maxElapsed=682314 interval=0 flags=0x8
12-21 11:04:18.822 E/storaged(  468): getDiskStats failed with result NOT_SUPPORTED and size 0
12-21 11:04:23.282 I/PowerManagerService(  646): Going to sleep due to screen timeout (uid 1000)...
12-21 11:04:23.282 W/UsageStatsService(  646): Event reported without a package name
12-21 11:04:23.283 I/PowerManagerService(  646): Sleeping (uid 1000)...
12-21 11:04:23.283 I/DisplayPowerController(  646): Blocking screen off
12-21 11:04:23.287 I/DisplayPowerController(  646): Unblocked screen off after 4 ms
12-21 11:04:23.290 W/KernelCpuProcReader(  646): File not exist: /proc/uid_cpupower/concurrent_active_time
12-21 11:04:23.291 W/KernelCpuProcReader(  646): File not exist: /proc/uid_cpupower/concurrent_policy_time
12-21 11:04:23.291 E/KernelCpuSpeedReader(  646): Failed to read cpu-freq: /sys/devices/system/cpu/cpu0/cpufreq/stats/time_in_state (No such file or directory)
12-21 11:04:23.298 D/KernelUidCpuTimeReader(  646): Removing uids 1037-1037
12-21 11:04:23.306 D/WindowOrientationListener(  646): WindowOrientationListener disabled
12-21 11:04:23.307 I/DisplayManagerService(  646): Display device changed state: "内置屏幕", OFF
12-21 11:04:23.308 D/DisplayManagerService(  646): Delivering display event: displayId=0, event=2
12-21 11:04:23.314 V/AlarmManager(  646): set(PendingIntent{72e5802: PendingIntentRecord{1184513 com.android.systemui broadcastIntent}}) : type=2 triggerAtTime=688922 win=0 tElapsed=688939 maxElapsed=688939 interval=0 flags=0x9
12-21 11:04:23.656 V/AlarmManager(  646): set(null) : type=2 triggerAtTime=704280 win=15000 tElapsed=704280 maxElapsed=719280 interval=0 flags=0x8
12-21 11:04:23.669 V/AlarmManager(  646): set(null) : type=2 triggerAtTime=4944293 win=300000 tElapsed=4944293 maxElapsed=5244293 interval=0 flags=0x8
12-21 11:04:23.673 V/AlarmManager(  646): set(null) : type=2 triggerAtTime=699298 win=11250 tElapsed=699298 maxElapsed=710548 interval=0 flags=0x8
12-21 11:05:18.823 E/storaged(  468): getDiskStats failed with result NOT_SUPPORTED and size 0
12-21 11:06:01.073 V/SettingsProvider(  646): packageValueForCallResult, name = android_id, value : Bundle[{_track_generation=android.util.MemoryIntArray@68, value=79dfa2674c4654ee, _generation_index=1, _generation=2}]
12-21 11:06:01.103 D/GeninLampManager( 1569):  mService not null
12-21 11:06:01.105 I/PowerManagerService(  646): Waking up from sleep (uid=10045 reason=screen_on)...
12-21 11:06:01.106 W/UsageStatsService(  646): Event reported without a package name
12-21 11:06:01.106 I/DisplayPowerController(  646): Blocking screen on until initial contents have been drawn.
12-21 11:06:01.108 V/WindowManager(  646): Set focused app to: AppWindowToken{df7491d token=Token{b1a1df4 ActivityRecord{49873c7 u0 com.tal.genie.launcher/com.tal.genie.lockscreen.activity.LockScreenActivity t99}}} old focus=AppWindowToken{df7491d token=Token{b1a1df4 ActivityRecord{49873c7 u0 com.tal.genie.launcher/com.tal.genie.lockscreen.activity.LockScreenActivity t99}}} moveFocusNow=true
12-21 11:06:01.109 W/KernelCpuProcReader(  646): File not exist: /proc/uid_cpupower/concurrent_active_time
12-21 11:06:01.109 W/KernelCpuProcReader(  646): File not exist: /proc/uid_cpupower/concurrent_policy_time
12-21 11:06:01.110 E/KernelCpuSpeedReader(  646): Failed to read cpu-freq: /sys/devices/system/cpu/cpu0/cpufreq/stats/time_in_state (No such file or directory)
12-21 11:06:01.120 D/DisplayManagerService(  646): Delivering display event: displayId=0, event=2
12-21 11:06:01.133 I/WindowManager(  646): Waiting for drawn Window{fbd9bbc u0 com.tal.genie.launcher/com.tal.genie.lockscreen.activity.LockScreenActivity}: removed=false visible=true mHasSurface=true drawState=1
12-21 11:06:01.137 I/WindowManager(  646): Waiting for drawn Window{fbd9bbc u0 com.tal.genie.launcher/com.tal.genie.lockscreen.activity.LockScreenActivity}: removed=false visible=true mHasSurface=true drawState=1
12-21 11:06:01.140 W/BroadcastQueue(  646): Background execution not allowed: receiving Intent { act=android.intent.action.USER_PRESENT flg=0x24200010 } to com.tal.genie.launcher/com.tal.genie.lockscreen.receiver.LockScreenReceiver
12-21 11:06:01.143 I/DisplayManagerService(  646): Display device changed state: "内置屏幕", ON
12-21 11:06:01.143 D/DisplayManagerService(  646): Delivering display event: displayId=0, event=2
12-21 11:06:01.147 I/WindowManager(  646): Waiting for drawn Window{fbd9bbc u0 com.tal.genie.launcher/com.tal.genie.lockscreen.activity.LockScreenActivity}: removed=false visible=true mHasSurface=true drawState=1
12-21 11:06:01.150 I/WindowManager(  646): Waiting for drawn Window{fbd9bbc u0 com.tal.genie.launcher/com.tal.genie.lockscreen.activity.LockScreenActivity}: removed=false visible=true mHasSurface=true drawState=1
12-21 11:06:01.158 I/WindowManager(  646): Waiting for drawn Window{fbd9bbc u0 com.tal.genie.launcher/com.tal.genie.lockscreen.activity.LockScreenActivity}: removed=false visible=true mHasSurface=true drawState=1
12-21 11:06:01.162 V/AlarmManager(  646): set(null) : type=2 triggerAtTime=801787 win=15000 tElapsed=801787 maxElapsed=816787 interval=0 flags=0x8
12-21 11:06:01.169 I/WindowManager(  646): Waiting for drawn Window{fbd9bbc u0 com.tal.genie.launcher/com.tal.genie.lockscreen.activity.LockScreenActivity}: removed=false visible=true mHasSurface=true drawState=1
12-21 11:06:01.170 I/WindowManager(  646): Waiting for drawn Window{fbd9bbc u0 com.tal.genie.launcher/com.tal.genie.lockscreen.activity.LockScreenActivity}: removed=false visible=true mHasSurface=true drawState=4
12-21 11:06:01.171 D/WindowManager(  646): Window drawn win=Window{fbd9bbc u0 com.tal.genie.launcher/com.tal.genie.lockscreen.activity.LockScreenActivity}
12-21 11:06:01.171 D/WindowManager(  646): All windows drawn!
12-21 11:06:01.173 W/ContextImpl( 1155): Calling a method in the system process without a qualified user: android.app.ContextImpl.sendBroadcast:1006 android.content.ContextWrapper.sendBroadcast:444 com.tal.genie.lockscreen.utils.PushNotificationDialogManager.sendPushNotificationStatus:54 com.tal.genie.lockscreen.utils.PushNotificationDialogManager.sendPushNotificationShow:23 com.tal.genie.lockscreen.activity.LockScreenActivity.onFinish:187 
12-21 11:06:01.187 D/WindowOrientationListener(  646): WindowOrientationListener enabled clearCurrentRotation=true
12-21 11:06:01.193 I/DisplayPowerController(  646): Unblocked screen on after 87 ms
12-21 11:06:01.194 V/AlarmManager(  646): set(null) : type=2 triggerAtTime=796819 win=11250 tElapsed=796819 maxElapsed=808069 interval=0 flags=0x8
12-21 11:06:01.197 V/AlarmManager(  646): set(PendingIntent{c292ece: PendingIntentRecord{b1fe1ef android broadcastIntent}}) : type=3 triggerAtTime=840625 win=0 tElapsed=840625 maxElapsed=840625 interval=0 flags=0x1
12-21 11:06:01.456 W/PowerManagerService(  646): Screen on took 351 ms
12-21 11:06:01.477 V/WindowManager(  646): Set focused app to: AppWindowToken{68d408f token=Token{5cc63ee ActivityRecord{d48d69 u0 com.tal.genie.launcher/.ui.main.MainActivity t2}}} old focus=AppWindowToken{df7491d token=Token{b1a1df4 ActivityRecord{49873c7 u0 com.tal.genie.launcher/com.tal.genie.lockscreen.activity.LockScreenActivity t99}}} moveFocusNow=true
12-21 11:06:01.478 V/WindowManager(  646): Changing focus from Window{fbd9bbc u0 com.tal.genie.launcher/com.tal.genie.lockscreen.activity.LockScreenActivity} to null Callers=com.android.server.wm.WindowManagerService.setFocusedApp:2638 com.android.server.am.ActivityManagerService.setResumedActivityUncheckLocked:3631 com.android.server.am.ActivityStack.onActivityStateChanged:498 com.android.server.am.TaskRecord.onActivityStateChanged:1794 
12-21 11:06:01.478 D/WindowManager(  646): Input focus has changed to null
12-21 11:06:01.480 I/WindowManager(  646): Focus moving from Window{fbd9bbc u0 com.tal.genie.launcher/com.tal.genie.lockscreen.activity.LockScreenActivity} to null
12-21 11:06:01.481 D/DisplayManagerService(  646): Delivering display event: displayId=0, event=2
12-21 11:06:01.545 I/WindowManager(  646): Relayout Window{b8714b2 u0 com.tal.genie.launcher/com.tal.genie.launcher.ui.main.MainActivity}: oldVis=8 newVis=0 focusMayChange = true
12-21 11:06:01.549 V/WindowManager(  646): Changing focus from null to Window{b8714b2 u0 com.tal.genie.launcher/com.tal.genie.launcher.ui.main.MainActivity} Callers=com.android.server.wm.WindowManagerService.relayoutWindow:2142 com.android.server.wm.Session.relayout:244 android.view.IWindowSession$Stub.onTransact:309 com.android.server.wm.Session.onTransact:164 
12-21 11:06:01.552 D/WindowManager(  646): Input focus has changed to Window{b8714b2 u0 com.tal.genie.launcher/com.tal.genie.launcher.ui.main.MainActivity}
12-21 11:06:01.555 I/WindowManager(  646): Focus moving from null to Window{b8714b2 u0 com.tal.genie.launcher/com.tal.genie.launcher.ui.main.MainActivity}
12-21 11:06:01.647 W/ContextImpl( 1155): Calling a method in the system process without a qualified user: android.app.ContextImpl.startActivity:900 android.content.ContextWrapper.startActivity:401 com.tal.genie.launcher.ui.voice.view.VoiceCallBackImplNew.toVoiceActivity:55 com.tal.genie.launcher.ui.voice.view.VoiceCallBackImplNew.toVoiceView:44 com.tal.genie.launcher.ui.voice.view.VoiceCallBackImplNew.access$000:18 
12-21 11:06:01.652 I/ActivityManager(  646): START u0 {flg=0x10000000 cmp=com.tal.genie.launcher/.ui.voice.VoiceNewActivity} from uid 1000
12-21 11:06:01.673 W/ContextImpl( 1155): Calling a method in the system process without a qualified user: android.app.ContextImpl.startService:1532 android.content.ContextWrapper.startService:664 android.content.ContextWrapper.startService:664 android.app.Activity.onEnterAnimationComplete:6662 android.app.Activity.dispatchEnterAnimationComplete:6673 
12-21 11:06:01.674 W/ContextImpl( 1155): Calling a method in the system process without a qualified user: android.app.ContextImpl.startService:1532 android.content.ContextWrapper.startService:664 android.content.ContextWrapper.startService:664 android.app.Activity.onEnterAnimationComplete:6662 android.app.Activity.dispatchEnterAnimationComplete:6673 
12-21 11:06:01.696 V/WindowManager(  646): Set focused app to: AppWindowToken{e003b61 token=Token{2a1ec8 ActivityRecord{5df636b u0 com.tal.genie.launcher/.ui.voice.VoiceNewActivity t100}}} old focus=AppWindowToken{68d408f token=Token{5cc63ee ActivityRecord{d48d69 u0 com.tal.genie.launcher/.ui.main.MainActivity t2}}} moveFocusNow=true
12-21 11:06:01.696 V/WindowManager(  646): findFocusedWindow: Reached focused app=AppWindowToken{e003b61 token=Token{2a1ec8 ActivityRecord{5df636b u0 com.tal.genie.launcher/.ui.voice.VoiceNewActivity t100}}}
12-21 11:06:01.697 V/WindowManager(  646): Changing focus from Window{b8714b2 u0 com.tal.genie.launcher/com.tal.genie.launcher.ui.main.MainActivity} to null Callers=com.android.server.wm.WindowManagerService.setFocusedApp:2638 com.android.server.am.ActivityManagerService.setResumedActivityUncheckLocked:3631 com.android.server.am.ActivityStack.onActivityStateChanged:498 com.android.server.am.TaskRecord.onActivityStateChanged:1794 
12-21 11:06:01.697 D/WindowManager(  646): Input focus has changed to null
12-21 11:06:01.702 I/WindowManager(  646): Focus moving from Window{b8714b2 u0 com.tal.genie.launcher/com.tal.genie.launcher.ui.main.MainActivity} to null
12-21 11:06:01.833 I/WindowManager(  646): Relayout Window{7265f74 u0 com.tal.genie.launcher/com.tal.genie.launcher.ui.voice.VoiceNewActivity}: oldVis=4 newVis=0 focusMayChange = true
12-21 11:06:01.837 V/WindowManager(  646): Changing focus from null to Window{7265f74 u0 com.tal.genie.launcher/com.tal.genie.launcher.ui.voice.VoiceNewActivity} Callers=com.android.server.wm.WindowManagerService.relayoutWindow:2142 com.android.server.wm.Session.relayout:244 android.view.IWindowSession$Stub.onTransact:309 com.android.server.wm.Session.onTransact:164 
12-21 11:06:01.837 D/WindowManager(  646): Input focus has changed to Window{7265f74 u0 com.tal.genie.launcher/com.tal.genie.launcher.ui.voice.VoiceNewActivity}
12-21 11:06:01.839 I/WindowManager(  646): Focus moving from null to Window{7265f74 u0 com.tal.genie.launcher/com.tal.genie.launcher.ui.voice.VoiceNewActivity}
12-21 11:06:01.882 W/ContextImpl( 1155): Calling a method in the system process without a qualified user: android.app.ContextImpl.startService:1532 android.content.ContextWrapper.startService:664 android.content.ContextWrapper.startService:664 android.app.Activity.onEnterAnimationComplete:6662 android.app.Activity.dispatchEnterAnimationComplete:6673 
12-21 11:06:01.883 W/ContextImpl( 1155): Calling a method in the system process without a qualified user: android.app.ContextImpl.startService:1532 android.content.ContextWrapper.startService:664 android.content.ContextWrapper.startService:664 android.app.Activity.onEnterAnimationComplete:6662 android.app.Activity.dispatchEnterAnimationComplete:6673 
12-21 11:06:09.259 V/WindowManager(  646): Changing focus from Window{7265f74 u0 com.tal.genie.launcher/com.tal.genie.launcher.ui.voice.VoiceNewActivity} to Window{b8714b2 u0 com.tal.genie.launcher/com.tal.genie.launcher.ui.main.MainActivity} Callers=com.android.server.wm.DisplayContent.layoutAndAssignWindowLayersIfNeeded:2447 com.android.server.wm.DisplayContent.positionStackAt:1911 com.android.server.wm.DisplayWindowController.positionChildAt:93 com.android.server.am.ActivityDisplay.positionChildAt:169 
12-21 11:06:09.259 D/WindowManager(  646): Input focus has changed to Window{b8714b2 u0 com.tal.genie.launcher/com.tal.genie.launcher.ui.main.MainActivity}
12-21 11:06:09.260 I/WindowManager(  646): Focus moving from Window{7265f74 u0 com.tal.genie.launcher/com.tal.genie.launcher.ui.voice.VoiceNewActivity} to Window{b8714b2 u0 com.tal.genie.launcher/com.tal.genie.launcher.ui.main.MainActivity}
12-21 11:06:09.275 V/WindowManager(  646): Set focused app to: AppWindowToken{68d408f token=Token{5cc63ee ActivityRecord{d48d69 u0 com.tal.genie.launcher/.ui.main.MainActivity t2}}} old focus=AppWindowToken{e003b61 token=Token{2a1ec8 ActivityRecord{5df636b u0 com.tal.genie.launcher/.ui.voice.VoiceNewActivity t100}}} moveFocusNow=true
--------- beginning of main
12-21 11:06:09.336 D/AudioALSAPlaybackHandlerNormal(  288): setScreenState, rate 4096 0.085333, mode = 1 , buffer_size = 16384, channel 2, format1
12-21 11:06:09.336 D/PowerAQLib(  288): chmix_process!
12-21 11:06:09.337 D/PowerAQLib(  288): mbdrc_process, input_bytes 8192, output_bytes 8192
12-21 11:06:09.337 D/PowerAQLib(  288): result 0, counsumed_bytes 4096, i 0, loop_cnt 2
12-21 11:06:09.337 D/PowerAQLib(  288): result 0, counsumed_bytes 4096, i 1, loop_cnt 2
12-21 11:06:09.337 D/PowerAQLib(  288): mbdrc_process, input_bytes 8192, output_bytes 8192
12-21 11:06:09.337 D/PowerAQLib(  288): bypass_process!
12-21 11:06:09.338 E/AudioALSAPlaybackHandlerBase(  288): -getHardwareBufferInfo(), pcm_get_htimestamp fail, ret = -1, pcm_get_error = 
12-21 11:06:09.338 D/PowerAQLib(  288): chmix_process!
12-21 11:06:09.340 D/PowerAQLib(  288): mbdrc_process, input_bytes 8192, output_bytes 8192
12-21 11:06:09.340 D/PowerAQLib(  288): result 0, counsumed_bytes 4096, i 0, loop_cnt 2
12-21 11:06:09.340 D/PowerAQLib(  288): result 0, counsumed_bytes 4096, i 1, loop_cnt 2
