12-10 15:56:49.886 I/LongLinkLog( 1104): [ (AsrEngine.java:59)#i ] Received WS message!! In onMessage text={"mtype":2,"response_type":200,"msg":"","request_id":"f62c89a2-ccd9-4518-b218-38e3688510a6","api_version":"0.1","asr_content":{"is_partial":false},"nlu_content":{},"tts_content":{"tts":"FQAJAPP/6P/5/wQABgADAAYABwAEAAYACQALAA4AEAARABIAEwATABQAFAATABAAEAASABQAFQAUABMAEwATABMAEAAOAA4ADQANAA0ADAALAAwADA
12-10 15:56:49.899 I/LongLinkLog( 1104): [ (AsrEngine.java:59)#i ] Received WS message!! In onMessage text={"mtype":2,"response_type":200,"msg":"","request_id":"f62c89a2-ccd9-4518-b218-38e3688510a6","api_version":"0.1","asr_content":{"is_partial":false},"nlu_content":{},"tts_content":{"tts":"+//8//v//P/7//z/+//8//z/+//8//3//f/+//7//f/8//v//P/8//v//P/7//v//P/8//z//P/9//3////9//7//f/9//z//P/8//z//P/8//3//P
12-10 15:56:49.899 I/TtsManager( 1104): [ (TtsManager.java:56)#cancelTts ] cancelTts:fc00e395-2930-4ad2-91cd-d0fb6d1a6415
12-10 15:56:49.900 I/TtsPlayer( 1104): [ (TtsPlayer.java:101)#interrupt ] interrupt:com.tal.talk.tts.TtsPlayer$AudioData@fa77b53
12-10 15:56:49.904 I/LongLinkLog( 1104): [ (AsrEngine.java:59)#i ] Received WS message!! In onMessage text={"mtype":2,"response_type":200,"msg":"","request_id":"f62c89a2-ccd9-4518-b218-38e3688510a6","api_version":"0.1","asr_content":{"is_partial":false},"nlu_content":{},"tts_content":{"tts":"AAAAAAAAAQAEAAYACQAIAAkACAAFAAcABwAEAAQABQACAAEABAAEAAIAAAAAAAEAAAAAAAEAAAAAAAIABAAEAAcACAAIAAYACAAIAAUABAAEAAEAAA
12-10 15:56:49.906 W/AudioTrack( 1104): releaseBuffer() track 0x8608fe00 disabled due to previous underrun, restarting
12-10 15:56:49.909 I/LongLinkLog( 1104): [ (AsrEngine.java:59)#i ] Received WS message!! In onMessage text={"mtype":2,"response_type":200,"msg":"","request_id":"f62c89a2-ccd9-4518-b218-38e3688510a6","api_version":"0.1","asr_content":{"is_partial":false},"nlu_content":{},"tts_content":{"tts":"H/+YAMr/nv8pARX/2//YAQ7/H/5eA+r+IP7uAQcBJP87/10AiQD0/xX/qQIk/3v+RQEzAaX+hwAPAn38EQLPAEj/FQBMAK0AEP8YAHgBEwCw/tv/eQ
12-10 15:56:49.910 I/ScreenUtils( 1104): [ (ScreenUtils.java:28)#screenOn ] screenOn:WakeLock{714fc90 held=true, refCount=1}
12-10 15:56:49.916 E/AudioALSAPlaybackHandlerBase(  286): -getHardwareBufferInfo(), pcm_get_htimestamp fail, ret = -1, pcm_get_error = 
12-10 15:56:49.995 I/LongLinkLog( 1104): [ (AsrEngine.java:59)#i ] Received WS message!! In onMessage text={"mtype":2,"response_type":200,"msg":"","request_id":"f62c89a2-ccd9-4518-b218-38e3688510a6","api_version":"0.1","asr_content":{"is_partial":false},"nlu_content":{},"tts_content":{"tts":"KADY/9D/1P8KAC0AgQC6/9z/gABXAGr/awAwADP/YQDqACb/DgC4AGv/BQByAFcAgP+4/7kA8f+4/5wA3f+k/7cAJwAP/3AA0wDP/7n/NADf/y0AHQ
12-10 15:56:50.003 I/LongLinkLog( 1104): [ (AsrEngine.java:59)#i ] Received WS message!! In onMessage text={"mtype":2,"response_type":200,"msg":"","request_id":"f62c89a2-ccd9-4518-b218-38e3688510a6","api_version":"0.1","asr_content":{"is_partial":false},"nlu_content":{},"tts_content":{"tts":"FAD0////DAAKAAEABgAFAAQABAABAAIAAwAFAAcACAAJAAkACgAJAAoACgAJAAgACQAKAAsACwAKAAoACwAMAA0ADQANAA4AEAARABIAEQASABQAFQ
12-10 15:56:50.012 I/NetworkStatsRecorder(  634): recordSnapshotLocked: ident[[{type=WIFI, subType=COMBINED, networkId="TAL-Device", metered=false, defaultNetwork=true}]]
12-10 15:56:50.012 W/NetworkStatsRecorder(  634): unknown interfaces [lo], ignoring those stats
12-10 15:56:50.012 I/NetworkStatsRecorder(  634): recordSnapshotLocked: ident[[{type=WIFI, subType=COMBINED, networkId="TAL-Device", metered=false, defaultNetwork=true}]]
12-10 15:56:50.012 W/NetworkStatsRecorder(  634): unknown interfaces [lo], ignoring those stats
12-10 15:56:50.012 I/NetworkStatsRecorder(  634): recordSnapshotLocked: ident[[{type=WIFI, subType=COMBINED, networkId="TAL-Device", metered=false, defaultNetwork=true}]]
12-10 15:56:50.012 I/chatty  (  634): uid=1000(system) NetworkStats identical 2 lines
12-10 15:56:50.012 I/NetworkStatsRecorder(  634): recordSnapshotLocked: ident[[{type=WIFI, subType=COMBINED, networkId="TAL-Device", metered=false, defaultNetwork=true}]]
12-10 15:56:50.012 W/NetworkStatsRecorder(  634): unknown interfaces [lo], ignoring those stats
12-10 15:56:50.032 I/LongLinkLog( 1104): [ (AsrEngine.java:59)#i ] Received WS message!! In onMessage text={"mtype":2,"response_type":200,"msg":"","request_id":"f62c89a2-ccd9-4518-b218-38e3688510a6","api_version":"0.1","asr_content":{"is_partial":false},"nlu_content":{},"tts_content":{"tts":"IAAFAAEADQAUAA8ADAAGAAQABAACAAQABAAEAAUABAAFAAUABgAHAAcABgAHAAgACQAIAAkACQAKAAkACgALAAwACwAKAAsADAAMAA0ADQAOAA4ADw
12-10 15:56:50.072 I/LongLinkLog( 1104): [ (AsrEngine.java:59)#i ] Received WS message!! In onMessage text={"mtype":2,"response_type":200,"msg":"","request_id":"f62c89a2-ccd9-4518-b218-38e3688510a6","api_version":"0.1","asr_content":{"is_partial":false},"nlu_content":{},"tts_content":{"tts":"JQACAP3/CwATAA8ADQAGAAQABQADAAUABgAFAAYABgAHAAgACQAJAAkACQAKAAoACwAKAAsACwALAAsACwAMAAwACwAKAAsACwAKAAwACwAKAAsACw
12-10 15:56:50.119 I/BufferQueueProducer(  313): [com.tal.genie.voice/com.tal.genie.dicbook.dic.DicResultActivity#0](this:0xac38f000,id:36,api:1,p:1104,c:313) queueBuffer: fps=0.40 dur=10094.12 max=9550.36 min=139.47
12-10 15:56:50.121 I/tal.genie.voic( 1104): Background concurrent copying GC freed 28094(4MB) AllocSpace objects, 254(24MB) LOS objects, 30% free, 27MB/39MB, paused 2.270ms total 130.765ms
12-10 15:56:50.133 I/SurfaceFlinger(  313): [Built-in Screen (type:0)] fps:0.396357,dur:10091.90,max:9547.74,min:140.62
12-10 15:56:50.802 I/test    ( 1293): [ (UpdateManager.java:27)#update ] check code:132 name 0.3.0 12-09 18:20:07 release isRelease=false
12-10 15:56:51.136 I/BufferQueueProducer(  313): [com.tal.genie.voice/com.tal.genie.dicbook.dic.DicResultActivity#0](this:0xac38f000,id:36,api:1,p:1104,c:313) queueBuffer: fps=4.92 dur=1016.31 max=210.44 min=191.47
12-10 15:56:51.152 I/SurfaceFlinger(  313): [Built-in Screen (type:0)] fps:4.908311,dur:1018.68,max:211.67,min:192.33
12-10 15:56:51.856 E/WifiVendorHal(  634): getWifiLinkLayerStats(l.937) failed {.code = ERROR_NOT_SUPPORTED, .description = }
12-10 15:56:52.186 I/BufferQueueProducer(  313): [com.tal.genie.voice/com.tal.genie.dicbook.dic.DicResultActivity#0](this:0xac38f000,id:36,api:1,p:1104,c:313) queueBuffer: fps=4.76 dur=1050.25 max=212.20 min=207.01
12-10 15:56:52.201 I/SurfaceFlinger(  313): [Built-in Screen (type:0)] fps:4.763722,dur:1049.60,max:210.44,min:209.02
12-10 15:56:53.396 I/BufferQueueProducer(  313): [com.tal.genie.voice/com.tal.genie.dicbook.dic.DicResultActivity#0](this:0xac38f000,id:36,api:1,p:1104,c:313) queueBuffer: fps=4.96 dur=1209.91 max=212.23 min=192.08
12-10 15:56:53.411 I/SurfaceFlinger(  313): [Built-in Screen (type:0)] fps:4.958543,dur:1210.03,max:210.50,min:192.58
12-10 15:56:54.412 I/BufferQueueProducer(  313): [com.tal.genie.voice/com.tal.genie.dicbook.dic.DicResultActivity#0](this:0xac38f000,id:36,api:1,p:1104,c:313) queueBuffer: fps=4.92 dur=1016.01 max=210.73 min=192.38
12-10 15:56:54.428 I/SurfaceFlinger(  313): [Built-in Screen (type:0)] fps:4.919205,dur:1016.42,max:210.46,min:192.85
12-10 15:56:54.871 E/WifiVendorHal(  634): getWifiLinkLayerStats(l.937) failed {.code = ERROR_NOT_SUPPORTED, .description = }
12-10 15:56:55.446 I/BufferQueueProducer(  313): [com.tal.genie.voice/com.tal.genie.dicbook.dic.DicResultActivity#0](this:0xac38f000,id:36,api:1,p:1104,c:313) queueBuffer: fps=4.83 dur=1034.65 max=211.53 min=191.20
12-10 15:56:55.461 I/SurfaceFlinger(  313): [Built-in Screen (type:0)] fps:4.838528,dur:1033.37,max:210.45,min:193.14
12-10 15:56:56.124 E/MtkDataShapingUtils(  634): Exception openLteGateByDataShaping  in java.lang.NullPointerException: null receiver
12-10 15:56:56.124 W/System.err(  634): java.lang.NullPointerException: null receiver
12-10 15:56:56.124 W/System.err(  634): 	at java.lang.reflect.Method.invoke(Native Method)
12-10 15:56:56.124 W/System.err(  634): 	at com.mediatek.server.MtkDataShaping.openLteGateByDataShaping(MtkDataShaping.java:36)
12-10 15:56:56.124 W/System.err(  634): 	at com.android.server.AlarmManagerService.deliverAlarmsLocked(AlarmManagerService.java:3603)
12-10 15:56:56.124 W/System.err(  634): 	at com.android.server.AlarmManagerService$AlarmThread.run(AlarmManagerService.java:3781)
12-10 15:56:56.126 E/ActivityManager(  634): Sending non-protected broadcast ALARM_ACTION(1094) from system uid 1000 pkg com.tal.genie.push
12-10 15:56:56.126 E/ActivityManager(  634): java.lang.Throwable
12-10 15:56:56.126 E/ActivityManager(  634): 	at com.android.server.am.ActivityManagerService.checkBroadcastFromSystem(ActivityManagerService.java:21477)
12-10 15:56:56.126 E/ActivityManager(  634): 	at com.android.server.am.ActivityManagerService.broadcastIntentLocked(ActivityManagerService.java:22077)
12-10 15:56:56.126 E/ActivityManager(  634): 	at com.android.server.am.ActivityManagerService.broadcastIntentInPackage(ActivityManagerService.java:22256)
12-10 15:56:56.126 E/ActivityManager(  634): 	at com.android.server.am.PendingIntentRecord.sendInner(PendingIntentRecord.java:372)
12-10 15:56:56.126 E/ActivityManager(  634): 	at com.android.server.am.PendingIntentRecord.sendWithResult(PendingIntentRecord.java:245)
12-10 15:56:56.126 E/ActivityManager(  634): 	at com.android.server.am.ActivityManagerService.sendIntentSender(ActivityManagerService.java:8613)
12-10 15:56:56.126 E/ActivityManager(  634): 	at android.app.PendingIntent.sendAndReturnResult(PendingIntent.java:892)
12-10 15:56:56.126 E/ActivityManager(  634): 	at android.app.PendingIntent.send(PendingIntent.java:874)
12-10 15:56:56.126 E/ActivityManager(  634): 	at com.android.server.AlarmManagerService$DeliveryTracker.deliverLocked(AlarmManagerService.java:4387)
12-10 15:56:56.126 E/ActivityManager(  634): 	at com.android.server.AlarmManagerService.deliverAlarmsLocked(AlarmManagerService.java:3632)
12-10 15:56:56.126 E/ActivityManager(  634): 	at com.android.server.AlarmManagerService$AlarmThread.run(AlarmManagerService.java:3781)
12-10 15:56:56.134 W/AES     (  634): Exception Log handling...
12-10 15:56:56.137 W/AES     (  634): skip for Exp level 0
12-10 15:56:56.498 I/BufferQueueProducer(  313): [com.tal.genie.voice/com.tal.genie.dicbook.dic.DicResultActivity#0](this:0xac38f000,id:36,api:1,p:1104,c:313) queueBuffer: fps=4.76 dur=1051.24 max=210.59 min=209.79
12-10 15:56:56.513 I/SurfaceFlinger(  313): [Built-in Screen (type:0)] fps:4.754478,dur:1051.64,max:210.64,min:210.10
12-10 15:56:57.511 I/BufferQueueProducer(  313): [com.tal.genie.voice/com.tal.genie.dicbook.dic.DicResultActivity#0](this:0xac38f000,id:36,api:1,p:1104,c:313) queueBuffer: fps=4.93 dur=1013.86 max=210.37 min=191.35
12-10 15:56:57.528 I/SurfaceFlinger(  313): [Built-in Screen (type:0)] fps:4.926130,dur:1015.00,max:210.56,min:192.04
12-10 15:56:57.628 I/PowerWrap(  634): PowerHal_TouchBoost
12-10 15:56:57.629 I/libPowerHal(  301): 20: cpu_ctrl set freq: 2001000 -1
12-10 15:56:57.630 E/ActivityManager(  634): Sending non-protected broadcast com.genie.clickscreen from system 1104:com.tal.genie.voice/u0a30 pkg com.tal.genie.voice
12-10 15:56:57.630 E/ActivityManager(  634): java.lang.Throwable
12-10 15:56:57.630 E/ActivityManager(  634): 	at com.android.server.am.ActivityManagerService.checkBroadcastFromSystem(ActivityManagerService.java:21473)
12-10 15:56:57.630 E/ActivityManager(  634): 	at com.android.server.am.ActivityManagerService.broadcastIntentLocked(ActivityManagerService.java:21984)
12-10 15:56:57.630 E/ActivityManager(  634): 	at com.android.server.am.ActivityManagerService.broadcastIntent(ActivityManagerService.java:22227)
12-10 15:56:57.630 E/ActivityManager(  634): 	at android.app.IActivityManager$Stub.onTransact$broadcastIntent$(IActivityManager.java:10181)
12-10 15:56:57.630 E/ActivityManager(  634): 	at android.app.IActivityManager$Stub.onTransact(IActivityManager.java:167)
12-10 15:56:57.630 E/ActivityManager(  634): 	at com.android.server.am.ActivityManagerService.onTransact(ActivityManagerService.java:3350)
12-10 15:56:57.630 E/ActivityManager(  634): 	at android.os.Binder.execTransact(Binder.java:731)
12-10 15:56:57.637 W/AES     (  634): Exception Log handling...
12-10 15:56:57.638 W/AES     (  634): skip for Exp level 0
12-10 15:56:57.639 E/ActivityManager(  634): Sending non-protected broadcast com.genie.clickscreen from system 1104:com.tal.genie.voice/u0a30 pkg com.tal.genie.voice
12-10 15:56:57.639 E/ActivityManager(  634): java.lang.Throwable
12-10 15:56:57.639 E/ActivityManager(  634): 	at com.android.server.am.ActivityManagerService.checkBroadcastFromSystem(ActivityManagerService.java:21473)
12-10 15:56:57.639 E/ActivityManager(  634): 	at com.android.server.am.ActivityManagerService.broadcastIntentLocked(ActivityManagerService.java:22077)
12-10 15:56:57.639 E/ActivityManager(  634): 	at com.android.server.am.ActivityManagerService.broadcastIntent(ActivityManagerService.java:22227)
12-10 15:56:57.639 E/ActivityManager(  634): 	at android.app.IActivityManager$Stub.onTransact$broadcastIntent$(IActivityManager.java:10181)
12-10 15:56:57.639 E/ActivityManager(  634): 	at android.app.IActivityManager$Stub.onTransact(IActivityManager.java:167)
12-10 15:56:57.639 E/ActivityManager(  634): 	at com.android.server.am.ActivityManagerService.onTransact(ActivityManagerService.java:3350)
12-10 15:56:57.639 E/ActivityManager(  634): 	at android.os.Binder.execTransact(Binder.java:731)
12-10 15:56:57.641 I/SA.PushAutoTrackHelper( 1153): SDK or push disabled.
12-10 15:56:57.641 I/LockScreenReceiver( 1153): action ::: com.genie.clickscreen
12-10 15:56:57.641 I/EyesProtectManager( 1153): [ (EyesProtectManager.java:76)#userTracked ] userTracked:  configLoaded-true protectorOn-false canUseScreen-true isUseCounting-false useBeginTime-null useSeconds-0 lockScreenTime-null unlockScreenTime- 2021-12-10 15:33:48
12-10 15:56:57.784 I/PowerWrap(  634): PowerHal_TouchBoost
12-10 15:56:57.785 I/libPowerHal(  301): 20: cpu_ctrl set freq: -1 -1
12-10 15:56:57.883 E/WifiVendorHal(  634): getWifiLinkLayerStats(l.937) failed {.code = ERROR_NOT_SUPPORTED, .description = }
12-10 15:56:58.547 I/BufferQueueProducer(  313): [com.tal.genie.voice/com.tal.genie.dicbook.dic.DicResultActivity#0](this:0xac38f000,id:36,api:1,p:1104,c:313) queueBuffer: fps=4.83 dur=1035.46 max=212.21 min=192.66
12-10 15:56:58.563 I/SurfaceFlinger(  313): [Built-in Screen (type:0)] fps:4.832290,dur:1034.71,max:211.69,min:192.46
12-10 15:56:59.564 I/BufferQueueProducer(  313): [com.tal.genie.voice/com.tal.genie.dicbook.dic.DicResultActivity#0](this:0xac38f000,id:36,api:1,p:1104,c:313) queueBuffer: fps=4.92 dur=1017.05 max=211.88 min=191.90
12-10 15:56:59.579 I/SurfaceFlinger(  313): [Built-in Screen (type:0)] fps:4.916799,dur:1016.92,max:211.12,min:192.42
12-10 15:56:59.801 I/System.out( 1104): port:8080
12-10 15:56:59.840 I/System.out( 1104): [OkHttp] sendRequest<<
12-10 15:56:59.858 I/SA.AnalyticsMessages( 1104): responseCode: 200
12-10 15:56:59.860 I/SA.AnalyticsMessages( 1104): valid message: 
12-10 15:56:59.860 I/SA.AnalyticsMessages( 1104): [
12-10 15:56:59.860 I/SA.AnalyticsMessages( 1104): 	{
12-10 15:56:59.860 I/SA.AnalyticsMessages( 1104): 		"_track_id":815750234,
12-10 15:56:59.860 I/SA.AnalyticsMessages( 1104): 		"time":1639123009735,
12-10 15:56:59.860 I/SA.AnalyticsMessages( 1104): 		"type":"track",
12-10 15:56:59.860 I/SA.AnalyticsMessages( 1104): 		"distinct_id":"61D00121B1600029",
12-10 15:56:59.860 I/SA.AnalyticsMessages( 1104): 		"login_id":"61D00121B1600029",
12-10 15:56:59.860 I/SA.AnalyticsMessages( 1104): 		"anonymous_id":"6fe19c181203ab32",
12-10 15:56:59.860 I/SA.AnalyticsMessages( 1104): 		"lib":{
12-10 15:56:59.860 I/SA.AnalyticsMessages( 1104): 			"$lib_method":"code",
12-10 15:56:59.860 I/SA.AnalyticsMessages( 1104): 			"$lib":"Android",
12-10 15:56:59.860 I/SA.AnalyticsMessages( 1104): 			"$lib_version":"6.0.0",
12-10 15:56:59.860 I/SA.AnalyticsMessages( 1104): 			"$app_version":"0.3.0",
12-10 15:56:59.860 I/SA.AnalyticsMessages( 1104): 			"$lib_detail":"com.sensorsdata.analytics.android.sdk.AbstractSensorsDataAPI##trackEventInternal##AbstractSensorsDataAPI.java##1513"
12-10 15:56:59.860 I/SA.AnalyticsMessages( 1104): 		},
12-10 15:56:59.860 I/SA.AnalyticsMessages( 1104): 		"event":"SearchWord_Click",
12-10 15:56:59.860 I/SA.AnalyticsMessages( 1104): 		"properties":{
12-10 15:56:59.860 I/SA.AnalyticsMessages( 1104): 			"$os_version":"9",
12-10 15:56:59.860 I/SA.AnalyticsMessages( 1104): 			"$model":"S10",
12-10 15:56:59.860 I/SA.AnalyticsMessages( 1104): 			"$os":"Android",
12-10 15:56:59.860 I/SA.AnalyticsMessages( 1104): 			"$screen_width":720,
12-10 15:56:59.860 I/SA.AnalyticsMessages( 1104): 			"$brand":"ALPS",
12-10 15:56:59.860 I/SA.AnalyticsMessages( 1104): 			"$screen_height":1600,
12-10 15:56:59.860 I/SA.AnalyticsMessages( 1104): 			"$app_version":"0.3.0",
12-10 15:56:59.860 I/SA.AnalyticsMessages( 1104): 			"$lib":"Android",
12-10 15:56:59.860 I/SA.AnalyticsMessages( 1104): 			"$device_id":"6fe19c181203ab32",
12-10 15:56:59.860 I/SA.AnalyticsMessages( 1104): 			"$app_name":"语音",
12-10 15:56:59.860 I/SA.AnalyticsMessages( 1104): 			"$lib_version":"6.0.0",
12-10 15:56:59.860 I/SA.AnalyticsMessages( 1104): 			"$timezone_offset":-480,
12-10 15:56:59.860 I/SA.AnalyticsMessages( 1104): 			"$app_id":"com.tal.genie.voice",
12-10 15:56:59.860 I/SA.AnalyticsMessages( 1104): 			"$manufacturer":"ALPS",
12-10 15:56:59.860 I/SA.AnalyticsMessages( 1104): 			"userId":"1000303",
12-10 15:56:59.860 I/SA.AnalyticsMessages( 1104): 			"sn":"61D00121B1600029",
12-10 15:56:59.860 I/SA.AnalyticsMessages( 1104): 			"appId":"com.tal.genie.voice",
12-10 15:56:59.860 I/SA.AnalyticsMessages( 1104): 			"grade":"-1",
12-10 15:56:59.860 I/SA.AnalyticsMessages( 1104): 			"gender":"女",
12-10 15:56:59.860 I/SA.AnalyticsMessages( 1104): 			"age":"1970-01-01 00:00:00.000",
12-10 15:56:59.860 I/SA.AnalyticsMessages( 1104): 			"$referrer_title":"语音",
12-10 15:56:59.860 I/SA.AnalyticsMessages( 1104): 			"$wifi":true,
12-10 15:56:59.860 I/SA.AnalyticsMessages( 1104): 			"$network_type":"WIFI",
12-10 15:56:59.860 I/SA.AnalyticsMessages( 1104): 			"button":"click_sound",
12-10 15:56:59.860 I/SA.AnalyticsMessages( 1104): 			"$lib_method":"code",
12-10 15:56:59.860 I/SA.AnalyticsMessages( 1104): 			"$is_first_day":true
12-10 15:56:59.860 I/SA.AnalyticsMessages( 1104): 		},
12-10 15:56:59.860 I/SA.AnalyticsMessages( 1104): 		"_flush_time":1639123019791
12-10 15:56:59.860 I/SA.AnalyticsMessages( 1104): 	},
12-10 15:56:59.860 I/SA.AnalyticsMessages( 1104): 	{
12-10 15:56:59.860 I/SA.AnalyticsMessages( 1104): 		"_track_id":474998180,
12-10 15:56:59.860 I/SA.AnalyticsMessages( 1104): 		"time":1639123009742,
12-10 15:56:59.860 I/SA.AnalyticsMessages( 1104): 		"type":"track",
12-10 15:56:59.860 I/SA.AnalyticsMessages( 1104): 		"distinct_id":"61D00121B1600029",
12-10 15:56:59.860 I/SA.AnalyticsMessages( 1104): 		"login_id":"61D00121B1600029",
12-10 15:56:59.860 I/SA.AnalyticsMessages( 1104): 		"anonymous_id":"6fe19c181203ab32",
12-10 15:56:59.860 I/SA.AnalyticsMessages( 1104): 		"lib":{
12-10 15:56:59.860 I/SA.AnalyticsMessages( 1104): 			"$lib_method":"autoTrack",
12-10 15:56:59.860 I/SA.AnalyticsMessages( 1104): 			"$lib":"Android",
12-10 15:56:59.860 I/SA.AnalyticsMessages( 1104): 			"$lib_version":"6.0.0",
12-10 15:56:59.860 I/SA.AnalyticsMessages( 1104): 			"$app_version":"0.3.0",
12-10 15:56:59.860 I/SA.AnalyticsMessages( 1104): 			"$lib_detail":"com.tal.genie.dicbook.dic.DicResultActivity######"
12-10 15:56:59.860 I/SA.AnalyticsMessages( 1104): 		},
12-10 15:56:59.860 I/SA.AnalyticsMessages( 1104): 		"event":"$AppClick",
12-10 15:56:59.860 I/SA.AnalyticsMessages( 1104): 		"properties":{
12-10 15:56:59.860 I/SA.AnalyticsMessages( 1104): 			"$os_version":"9",
12-10 15:56:59.860 I/SA.AnalyticsMessages( 1104): 			"$model":"S10",
12-10 15:56:59.860 I/SA.AnalyticsMessages( 1104): 			"$os":"Android",
12-10 15:56:59.860 I/SA.AnalyticsMessages( 1104): 			"$screen_width":720,
12-10 15:56:59.860 I/SA.AnalyticsMessages( 1104): 			"$brand":"ALPS",
12-10 15:56:59.860 I/SA.AnalyticsMessages( 1104): 			"$screen_height":1600,
12-10 15:56:59.860 I/SA.AnalyticsMessages( 1104): 			"$app_version":"0.3.0",
12-10 15:56:59.860 I/SA.AnalyticsMessages( 1104): 			"$lib":"Android",
12-10 15:56:59.860 I/SA.AnalyticsMessages( 1104): 			"$device_id":"6fe19c181203ab32",
12-10 15:56:59.860 I/SA.AnalyticsMessages( 1104): 			"$app_name":"语音",
12-10 15:56:59.860 I/SA.AnalyticsMessages( 1104): 			"$lib_version":"6.0.0",
12-10 15:56:59.860 I/SA.AnalyticsMessages( 1104): 			"$timezone_offset":-480,
12-10 15:56:59.860 I/SA.AnalyticsMessages( 1104): 			"$app_id":"com.tal.genie.voice",
12-10 15:56:59.860 I/SA.AnalyticsMessages( 1104): 			"$manufacturer":"ALPS",
12-10 15:56:59.860 I/SA.AnalyticsMessages( 1104): 			"userId":"1000303",
12-10 15:56:59.860 I/SA.AnalyticsMessages( 1104): 			"sn":"61D00121B1600029",
12-10 15:56:59.860 I/SA.AnalyticsMessages( 1104): 			"appId":"com.tal.genie.voice",
12-10 15:56:59.860 I/SA.AnalyticsMessages( 1104): 			"grade":"-1",
12-10 15:56:59.860 I/SA.AnalyticsMessages( 1104): 			"gender":"女",
12-10 15:56:59.860 I/SA.AnalyticsMessages( 1104): 			"age":"1970-01-01 00:00:00.000",
12-10 15:56:59.860 I/SA.AnalyticsMessages( 1104): 			"$referrer_title":"语音",
12-10 15:56:59.860 I/SA.AnalyticsMessages( 1104): 			"$wifi":true,
12-10 15:56:59.860 I/SA.AnalyticsMessages( 1104): 			"$network_type":"WIFI",
12-10 15:56:59.860 I/SA.AnalyticsMessages( 1104): 			"$element_id":"lv_item_sound",
12-10 15:56:59.860 I/SA.AnalyticsMessages( 1104): 			"$element_type":"ImageView",
12-10 15:56:59.860 I/SA.AnalyticsMessages( 1104): 			"$screen_name":"com.tal.genie.dicbook.dic.DicResultActivity|com.tal.genie.dicbook.dic.fragment.DicCnMeaningCardFragment",
12-10 15:56:59.860 I/SA.AnalyticsMessages( 1104): 			"$title":"语音",
12-10 15:56:59.860 I/SA.AnalyticsMessages( 1104): 			"$element_selector":"android.widget.LinearLayout[0]/android.widget.FrameLayout[0]/androidx.appcompat.widget.FitWindowsLinearLayout[0]/androidx.appcompat.widget.ContentFrameLayout[0]/androidx.constraintlayout.widget.ConstraintLayout[0]/android.widget.FrameLayout[0]/androidx.constraintlayout.widget.ConstraintLayout[0]/androidx.viewpager2.widget.ViewPager2[0]/androidx.viewpager2.widget.ViewPager2.RecyclerViewImpl[0]/android.widget.FrameLayout[0]/androidx.constraintlayout.widget.ConstraintLayout[0]/androidx.constraintlayout.widget.ConstraintLayout[0]/androidx.core.widget.NestedScrollView[0]/androidx.constraintlayout.widget.ConstraintLayout[0]/com.tal.genie.dicbook.dic.view.MeaningDataView[0]/android.widget.LinearLayout[0]/androidx.recyclerview.widget.RecyclerView[0]/android.widget.RelativeLayout[0]/androidx.appcompat.widget.AppCompatImageView[0]",
12-10 15:56:59.860 I/SA.AnalyticsMessages( 1104): 			"$element_path":"android.widget.LinearLayout[0]/android.widget.FrameLayout[0]/androidx.appcompat.widget.FitWindowsLinearLayout[0]/androidx.appcompat.widget.ContentFrameLayout[0]/androidx.constraintlayout.widget.ConstraintLayout[0]/android.widget.FrameLayout[0]/com.tal.genie.dicbook.dic.fragment.DicCnIdiomFragment[0]/androidx.viewpager2.widget.ViewPager2[0]/androidx.viewpager2.widget.ViewPager2.RecyclerViewImpl[0]/android.widget.FrameLayout[0]/androidx.constraintlayout.widget.ConstraintLayout[0]/androidx.constraintlayout.widget.ConstraintLayout[0]/androidx.core.widget.NestedScrollView[0]/androidx.constraintlayout.widget.ConstraintLayout[0]/com.tal.genie.dicbook.dic.view.MeaningDataView[0]/android.widget.LinearLayout[0]/androidx.recyclerview.widget.RecyclerView[0]/android.widget.RelativeLayout[-]/androidx.appcompat.widget.AppCompatImageView[0]",
12-10 15:56:59.860 I/SA.AnalyticsMessages( 1104): 			"$element_position":"0",
12-10 15:56:59.860 I/SA.AnalyticsMessages( 1104): 			"$lib_method":"autoTrack",
12-10 15:56:59.860 I/SA.AnalyticsMessages( 1104): 			"$is_first_day":true
12-10 15:56:59.860 I/SA.AnalyticsMessages( 1104): 		},
12-10 15:56:59.860 I/SA.AnalyticsMessages( 1104): 		"_flush_time":1639123019792
12-10 15:56:59.860 I/SA.AnalyticsMessages( 1104): 	}
12-10 15:56:59.860 I/SA.AnalyticsMessages( 1104): ]
12-10 15:56:59.862 I/SA.AnalyticsMessages( 1104): Events flushed. [left = 0]
12-10 15:57:00.001 E/MtkDataShapingUtils(  634): Exception openLteGateByDataShaping  in java.lang.NullPointerException: null receiver
12-10 15:57:00.001 W/System.err(  634): java.lang.NullPointerException: null receiver
12-10 15:57:00.001 W/System.err(  634): 	at java.lang.reflect.Method.invoke(Native Method)
12-10 15:57:00.002 W/System.err(  634): 	at com.mediatek.server.MtkDataShaping.openLteGateByDataShaping(MtkDataShaping.java:36)
12-10 15:57:00.003 W/System.err(  634): 	at com.android.server.AlarmManagerService.deliverAlarmsLocked(AlarmManagerService.java:3603)
12-10 15:57:00.003 W/System.err(  634): 	at com.android.server.AlarmManagerService$AlarmThread.run(AlarmManagerService.java:3781)
12-10 15:57:00.010 I/PowerWrap(  634): PowerHal_TouchBoost
12-10 15:57:00.014 I/libPowerHal(  301): 20: cpu_ctrl set freq: 2001000 -1
12-10 15:57:00.015 E/ActivityManager(  634): Sending non-protected broadcast com.genie.clickscreen from system 1104:com.tal.genie.voice/u0a30 pkg com.tal.genie.voice
12-10 15:57:00.015 E/ActivityManager(  634): java.lang.Throwable
12-10 15:57:00.015 E/ActivityManager(  634): 	at com.android.server.am.ActivityManagerService.checkBroadcastFromSystem(ActivityManagerService.java:21473)
12-10 15:57:00.015 E/ActivityManager(  634): 	at com.android.server.am.ActivityManagerService.broadcastIntentLocked(ActivityManagerService.java:21984)
12-10 15:57:00.015 E/ActivityManager(  634): 	at com.android.server.am.ActivityManagerService.broadcastIntent(ActivityManagerService.java:22227)
12-10 15:57:00.015 E/ActivityManager(  634): 	at android.app.IActivityManager$Stub.onTransact$broadcastIntent$(IActivityManager.java:10181)
12-10 15:57:00.015 E/ActivityManager(  634): 	at android.app.IActivityManager$Stub.onTransact(IActivityManager.java:167)
12-10 15:57:00.015 E/ActivityManager(  634): 	at com.android.server.am.ActivityManagerService.onTransact(ActivityManagerService.java:3350)
12-10 15:57:00.015 E/ActivityManager(  634): 	at android.os.Binder.execTransact(Binder.java:731)
12-10 15:57:00.022 W/AES     (  634): Exception Log handling...
12-10 15:57:00.023 W/AES     (  634): skip for Exp level 0
12-10 15:57:00.024 E/ActivityManager(  634): Sending non-protected broadcast com.genie.clickscreen from system 1104:com.tal.genie.voice/u0a30 pkg com.tal.genie.voice
12-10 15:57:00.024 E/ActivityManager(  634): java.lang.Throwable
12-10 15:57:00.024 E/ActivityManager(  634): 	at com.android.server.am.ActivityManagerService.checkBroadcastFromSystem(ActivityManagerService.java:21473)
12-10 15:57:00.024 E/ActivityManager(  634): 	at com.android.server.am.ActivityManagerService.broadcastIntentLocked(ActivityManagerService.java:22077)
12-10 15:57:00.024 E/ActivityManager(  634): 	at com.android.server.am.ActivityManagerService.broadcastIntent(ActivityManagerService.java:22227)
12-10 15:57:00.024 E/ActivityManager(  634): 	at android.app.IActivityManager$Stub.onTransact$broadcastIntent$(IActivityManager.java:10181)
12-10 15:57:00.024 E/ActivityManager(  634): 	at android.app.IActivityManager$Stub.onTransact(IActivityManager.java:167)
12-10 15:57:00.024 E/ActivityManager(  634): 	at com.android.server.am.ActivityManagerService.onTransact(ActivityManagerService.java:3350)
12-10 15:57:00.024 E/ActivityManager(  634): 	at android.os.Binder.execTransact(Binder.java:731)
12-10 15:57:00.025 W/lmkd    (  312): type=1400 audit(0.0:8262): avc: denied { dac_read_search } for capability=2 scontext=u:r:lmkd:s0 tcontext=u:r:lmkd:s0 tclass=capability permissive=0
12-10 15:57:00.025 W/lmkd    (  312): type=1400 audit(0.0:8263): avc: denied { dac_read_search } for capability=2 scontext=u:r:lmkd:s0 tcontext=u:r:lmkd:s0 tclass=capability permissive=0
12-10 15:57:00.026 W/AES     (  634): Exception Log handling...
12-10 15:57:00.027 W/AES     (  634): skip for Exp level 0
12-10 15:57:00.030 I/SA.PushAutoTrackHelper( 1153): SDK or push disabled.
12-10 15:57:00.030 I/LockScreenReceiver( 1153): action ::: com.genie.clickscreen
12-10 15:57:00.030 I/EyesProtectManager( 1153): [ (EyesProtectManager.java:76)#userTracked ] userTracked:  configLoaded-true protectorOn-false canUseScreen-true isUseCounting-false useBeginTime-null useSeconds-0 lockScreenTime-null unlockScreenTime- 2021-12-10 15:33:48
12-10 15:57:00.031 I/SA.PushAutoTrackHelper( 1153): SDK or push disabled.
12-10 15:57:00.034 I/SA.PushAutoTrackHelper( 1153): SDK or push disabled.
12-10 15:57:00.035 W/lmkd    (  312): type=1400 audit(0.0:8264): avc: denied { dac_read_search } for capability=2 scontext=u:r:lmkd:s0 tcontext=u:r:lmkd:s0 tclass=capability permissive=0
12-10 15:57:00.035 W/lmkd    (  312): type=1400 audit(0.0:8265): avc: denied { dac_read_search } for capability=2 scontext=u:r:lmkd:s0 tcontext=u:r:lmkd:s0 tclass=capability permissive=0
12-10 15:57:00.167 I/PowerWrap(  634): PowerHal_TouchBoost
12-10 15:57:00.168 E/TalkAudioHelper( 1104): androidx.appcompat.widget.AppCompatImageView{55201c7 VFED..C.. ...P.... 0,48-48,96 #7f080167 app:id/lv_item_sound}
12-10 15:57:00.168 I/libPowerHal(  301): 20: cpu_ctrl set freq: -1 -1
12-10 15:57:00.169 I/TalkAudioHelper( 1104): [ (TalkAudioHelper.java:52)#stop ] stop:0
12-10 15:57:00.169 E/AudioTrack(  634): start(): 0x88a83700, mState = 1
12-10 15:57:00.169 I/TtSy    ( 1104): [ (TtsPlayer.java:92)#stop ] playState:1
12-10 15:57:00.170 I/TtsManager( 1104): [ (TtsManager.java:56)#cancelTts ] cancelTts:f62c89a2-ccd9-4518-b218-38e3688510a6
12-10 15:57:00.174 I/TtsPlayer( 1104): [ (TtsPlayer.java:101)#interrupt ] interrupt:com.tal.talk.tts.TtsPlayer$AudioData@439989
12-10 15:57:00.175 I/IVoiceS ( 1104): [ (AsrEngine.java:138)#sendTtsMsg ] tts cancel:f62c89a2-ccd9-4518-b218-38e3688510a6
12-10 15:57:00.178 E/AudioALSAPlaybackHandlerBase(  286): -getHardwareBufferInfo(), pcm_get_htimestamp fail, ret = -1, pcm_get_error = 
12-10 15:57:00.179 E/tal.genie.voic( 1104): Invalid ID 0x00000041.
12-10 15:57:00.180 E/tal.genie.voic( 1104): Invalid ID 0x00000041.
12-10 15:57:00.180 E/tal.genie.voic( 1104): Invalid ID 0x00000040.
12-10 15:57:00.180 E/tal.genie.voic( 1104): Invalid ID 0x00000040.
12-10 15:57:00.186 I/SA.SensorsDataAPI( 1104): track event:
12-10 15:57:00.186 I/SA.SensorsDataAPI( 1104): {
12-10 15:57:00.186 I/SA.SensorsDataAPI( 1104): 	"_track_id":2010885015,
12-10 15:57:00.186 I/SA.SensorsDataAPI( 1104): 	"time":1639123020183,
12-10 15:57:00.186 I/SA.SensorsDataAPI( 1104): 	"type":"track",
12-10 15:57:00.186 I/SA.SensorsDataAPI( 1104): 	"distinct_id":"61D00121B1600029",
12-10 15:57:00.186 I/SA.SensorsDataAPI( 1104): 	"login_id":"61D00121B1600029",
12-10 15:57:00.186 I/SA.SensorsDataAPI( 1104): 	"anonymous_id":"6fe19c181203ab32",
12-10 15:57:00.186 I/SA.SensorsDataAPI( 1104): 	"lib":{
12-10 15:57:00.186 I/SA.SensorsDataAPI( 1104): 		"$lib_method":"code",
12-10 15:57:00.186 I/SA.SensorsDataAPI( 1104): 		"$lib":"Android",
12-10 15:57:00.186 I/SA.SensorsDataAPI( 1104): 		"$lib_version":"6.0.0",
12-10 15:57:00.186 I/SA.SensorsDataAPI( 1104): 		"$app_version":"0.3.0",
12-10 15:57:00.186 I/SA.SensorsDataAPI( 1104): 		"$lib_detail":"com.sensorsdata.analytics.android.sdk.AbstractSensorsDataAPI##trackEventInternal##AbstractSensorsDataAPI.java##1513"
12-10 15:57:00.186 I/SA.SensorsDataAPI( 1104): 	},
12-10 15:57:00.186 I/SA.SensorsDataAPI( 1104): 	"event":"SearchWord_Click",
12-10 15:57:00.186 I/SA.SensorsDataAPI( 1104): 	"properties":{
12-10 15:57:00.186 I/SA.SensorsDataAPI( 1104): 		"$os_version":"9",
12-10 15:57:00.186 I/SA.SensorsDataAPI( 1104): 		"$model":"S10",
12-10 15:57:00.186 I/SA.SensorsDataAPI( 1104): 		"$os":"Android",
12-10 15:57:00.186 I/SA.SensorsDataAPI( 1104): 		"$screen_width":720,
12-10 15:57:00.186 I/SA.SensorsDataAPI( 1104): 		"$brand":"ALPS",
12-10 15:57:00.186 I/SA.SensorsDataAPI( 1104): 		"$screen_height":1600,
12-10 15:57:00.186 I/SA.SensorsDataAPI( 1104): 		"$app_version":"0.3.0",
12-10 15:57:00.186 I/SA.SensorsDataAPI( 1104): 		"$lib":"Android",
12-10 15:57:00.186 I/SA.SensorsDataAPI( 1104): 		"$device_id":"6fe19c181203ab32",
12-10 15:57:00.186 I/SA.SensorsDataAPI( 1104): 		"$app_name":"语音",
12-10 15:57:00.186 I/SA.SensorsDataAPI( 1104): 		"$lib_version":"6.0.0",
12-10 15:57:00.186 I/SA.SensorsDataAPI( 1104): 		"$timezone_offset":-480,
12-10 15:57:00.186 I/SA.SensorsDataAPI( 1104): 		"$app_id":"com.tal.genie.voice",
12-10 15:57:00.186 I/SA.SensorsDataAPI( 1104): 		"$manufacturer":"ALPS",
12-10 15:57:00.186 I/SA.SensorsDataAPI( 1104): 		"userId":"1000303",
12-10 15:57:00.186 I/SA.SensorsDataAPI( 1104): 		"sn":"61D00121B1600029",
12-10 15:57:00.186 I/SA.SensorsDataAPI( 1104): 		"appId":"com.tal.genie.voice",
12-10 15:57:00.186 I/SA.SensorsDataAPI( 1104): 		"grade":"-1",
12-10 15:57:00.186 I/SA.SensorsDataAPI( 1104): 		"gender":"女",
12-10 15:57:00.186 I/SA.SensorsDataAPI( 1104): 		"age":"1970-01-01 00:00:00.000",
12-10 15:57:00.186 I/SA.SensorsDataAPI( 1104): 		"$referrer_title":"语音",
12-10 15:57:00.186 I/SA.SensorsDataAPI( 1104): 		"$wifi":true,
12-10 15:57:00.186 I/SA.SensorsDataAPI( 1104): 		"$network_type":"WIFI",
12-10 15:57:00.186 I/SA.SensorsDataAPI( 1104): 		"button":"click_sound",
12-10 15:57:00.186 I/SA.SensorsDataAPI( 1104): 		"$lib_method":"code",
12-10 15:57:00.186 I/SA.SensorsDataAPI( 1104): 		"$is_first_day":true
12-10 15:57:00.186 I/SA.SensorsDataAPI( 1104): 	}
12-10 15:57:00.186 I/SA.SensorsDataAPI( 1104): }
12-10 15:57:00.193 I/SA.SensorsDataAPI( 1104): track event:
12-10 15:57:00.193 I/SA.SensorsDataAPI( 1104): {
12-10 15:57:00.193 I/SA.SensorsDataAPI( 1104): 	"_track_id":1392674974,
12-10 15:57:00.193 I/SA.SensorsDataAPI( 1104): 	"time":1639123020188,
12-10 15:57:00.193 I/SA.SensorsDataAPI( 1104): 	"type":"track",
12-10 15:57:00.193 I/SA.SensorsDataAPI( 1104): 	"distinct_id":"61D00121B1600029",
12-10 15:57:00.193 I/SA.SensorsDataAPI( 1104): 	"login_id":"61D00121B1600029",
12-10 15:57:00.193 I/SA.SensorsDataAPI( 1104): 	"anonymous_id":"6fe19c181203ab32",
12-10 15:57:00.193 I/SA.SensorsDataAPI( 1104): 	"lib":{
12-10 15:57:00.193 I/SA.SensorsDataAPI( 1104): 		"$lib_method":"autoTrack",
12-10 15:57:00.193 I/SA.SensorsDataAPI( 1104): 		"$lib":"Android",
12-10 15:57:00.193 I/SA.SensorsDataAPI( 1104): 		"$lib_version":"6.0.0",
12-10 15:57:00.193 I/SA.SensorsDataAPI( 1104): 		"$app_version":"0.3.0",
12-10 15:57:00.193 I/SA.SensorsDataAPI( 1104): 		"$lib_detail":"com.tal.genie.dicbook.dic.DicResultActivity######"
12-10 15:57:00.193 I/SA.SensorsDataAPI( 1104): 	},
12-10 15:57:00.193 I/SA.SensorsDataAPI( 1104): 	"event":"$AppClick",
12-10 15:57:00.193 I/SA.SensorsDataAPI( 1104): 	"properties":{
12-10 15:57:00.193 I/SA.SensorsDataAPI( 1104): 		"$os_version":"9",
12-10 15:57:00.193 I/SA.SensorsDataAPI( 1104): 		"$model":"S10",
12-10 15:57:00.193 I/SA.SensorsDataAPI( 1104): 		"$os":"Android",
12-10 15:57:00.193 I/SA.SensorsDataAPI( 1104): 		"$screen_width":720,
12-10 15:57:00.193 I/SA.SensorsDataAPI( 1104): 		"$brand":"ALPS",
12-10 15:57:00.193 I/SA.SensorsDataAPI( 1104): 		"$screen_height":1600,
12-10 15:57:00.193 I/SA.SensorsDataAPI( 1104): 		"$app_version":"0.3.0",
12-10 15:57:00.193 I/SA.SensorsDataAPI( 1104): 		"$lib":"Android",
12-10 15:57:00.193 I/SA.SensorsDataAPI( 1104): 		"$device_id":"6fe19c181203ab32",
12-10 15:57:00.193 I/SA.SensorsDataAPI( 1104): 		"$app_name":"语音",
12-10 15:57:00.193 I/SA.SensorsDataAPI( 1104): 		"$lib_version":"6.0.0",
12-10 15:57:00.193 I/SA.SensorsDataAPI( 1104): 		"$timezone_offset":-480,
12-10 15:57:00.193 I/SA.SensorsDataAPI( 1104): 		"$app_id":"com.tal.genie.voice",
12-10 15:57:00.193 I/SA.SensorsDataAPI( 1104): 		"$manufacturer":"ALPS",
12-10 15:57:00.193 I/SA.SensorsDataAPI( 1104): 		"userId":"1000303",
12-10 15:57:00.193 I/SA.SensorsDataAPI( 1104): 		"sn":"61D00121B1600029",
12-10 15:57:00.193 I/SA.SensorsDataAPI( 1104): 		"appId":"com.tal.genie.voice",
12-10 15:57:00.193 I/SA.SensorsDataAPI( 1104): 		"grade":"-1",
12-10 15:57:00.193 I/SA.SensorsDataAPI( 1104): 		"gender":"女",
12-10 15:57:00.193 I/SA.SensorsDataAPI( 1104): 		"age":"1970-01-01 00:00:00.000",
12-10 15:57:00.193 I/SA.SensorsDataAPI( 1104): 		"$referrer_title":"语音",
12-10 15:57:00.193 I/SA.SensorsDataAPI( 1104): 		"$wifi":true,
12-10 15:57:00.193 I/SA.SensorsDataAPI( 1104): 		"$network_type":"WIFI",
12-10 15:57:00.193 I/SA.SensorsDataAPI( 1104): 		"$element_id":"lv_item_sound",
12-10 15:57:00.193 I/SA.SensorsDataAPI( 1104): 		"$element_type":"ImageView",
12-10 15:57:00.193 I/SA.SensorsDataAPI( 1104): 		"$screen_name":"com.tal.genie.dicbook.dic.DicResultActivity|com.tal.genie.dicbook.dic.fragment.DicCnMeaningCardFragment",
12-10 15:57:00.193 I/SA.SensorsDataAPI( 1104): 		"$title":"语音",
12-10 15:57:00.193 I/SA.SensorsDataAPI( 1104): 		"$element_selector":"android.widget.LinearLayout[0]/android.widget.FrameLayout[0]/androidx.appcompat.widget.FitWindowsLinearLayout[0]/androidx.appcompat.widget.ContentFrameLayout[0]/androidx.constraintlayout.widget.ConstraintLayout[0]/android.widget.FrameLayout[0]/androidx.constraintlayout.widget.ConstraintLayout[0]/androidx.viewpager2.widget.ViewPager2[0]/androidx.viewpager2.widget.ViewPager2.RecyclerViewImpl[0]/android.widget.FrameLayout[0]/androidx.constraintlayout.widget.ConstraintLayout[0]/androidx.constraintlayout.widget.ConstraintLayout[0]/androidx.core.widget.NestedScrollView[0]/androidx.constraintlayout.widget.ConstraintLayout[0]/com.tal.genie.dicbook.dic.view.MeaningDataView[0]/android.widget.LinearLayout[0]/androidx.recyclerview.widget.RecyclerView[0]/android.widget.RelativeLayout[0]/androidx.appcompat.widget.AppCompatImageView[0]",
12-10 15:57:00.193 I/SA.SensorsDataAPI( 1104): 		"$element_path":"android.widget.LinearLayout[0]/android.widget.FrameLayout[0]/androidx.appcompat.widget.FitWindowsLinearLayout[0]/androidx.appcompat.widget.ContentFrameLayout[0]/androidx.constraintlayout.widget.ConstraintLayout[0]/android.widget.FrameLayout[0]/com.tal.genie.dicbook.dic.fragment.DicCnIdiomFragment[0]/androidx.viewpager2.widget.ViewPager2[0]/androidx.viewpager2.widget.ViewPager2.RecyclerViewImpl[0]/android.widget.FrameLayout[0]/androidx.constraintlayout.widget.ConstraintLayout[0]/androidx.constraintlayout.widget.ConstraintLayout[0]/androidx.core.widget.NestedScrollView[0]/androidx.constraintlayout.widget.ConstraintLayout[0]/com.tal.genie.dicbook.dic.view.MeaningDataView[0]/android.widget.LinearLayout[0]/androidx.recyclerview.widget.RecyclerView[0]/android.widget.RelativeLayout[-]/androidx.appcompat.widget.AppCompatImageView[0]",
12-10 15:57:00.193 I/SA.SensorsDataAPI( 1104): 		"$element_position":"0",
12-10 15:57:00.193 I/SA.SensorsDataAPI( 1104): 		"$lib_method":"autoTrack",
12-10 15:57:00.193 I/SA.SensorsDataAPI( 1104): 		"$is_first_day":true
12-10 15:57:00.193 I/SA.SensorsDataAPI( 1104): 	}
12-10 15:57:00.193 I/SA.SensorsDataAPI( 1104): }
12-10 15:57:00.259 I/ScreenUtils( 1104): [ (ScreenUtils.java:35)#release ] release:WakeLock{714fc90 held=true, refCount=1}
12-10 15:57:00.262 E/TalkAudioHelper( 1104): androidx.appcompat.widget.AppCompatImageView{55201c7 VFED..C.. ........ 0,48-48,96 #7f080167 app:id/lv_item_sound}
12-10 15:57:00.347 I/LongLinkLog( 1104): [ (AsrEngine.java:59)#i ] Received WS message!! In onMessage text={"mtype":2,"response_type":200,"msg":"","request_id":"c29eb24f-8b93-407d-8208-e5a54101e954","api_version":"0.1","asr_content":{"is_partial":false},"nlu_content":{},"tts_content":{"tts":"FwALAPf/7P/9/wYACAAEAAcACAAEAAcACQAKAAwADgAPABAAEAAQABEAEQAPAA0ADQAPABEAEgARABAAEAAQABAADgAMAAsACwALAAsACwAKAAsACw
12-10 15:57:00.357 I/TtsManager( 1104): [ (TtsManager.java:56)#cancelTts ] cancelTts:f62c89a2-ccd9-4518-b218-38e3688510a6
12-10 15:57:00.358 I/TtsPlayer( 1104): [ (TtsPlayer.java:101)#interrupt ] interrupt:com.tal.talk.tts.TtsPlayer$AudioData@439989
12-10 15:57:00.359 I/LongLinkLog( 1104): [ (AsrEngine.java:59)#i ] Received WS message!! In onMessage text={"mtype":2,"response_type":200,"msg":"","request_id":"c29eb24f-8b93-407d-8208-e5a54101e954","api_version":"0.1","asr_content":{"is_partial":false},"nlu_content":{},"tts_content":{"tts":"+//8//v//P/7//z/+//8//z/+//8//3//f/+//7//f/8//v//P/8//v//P/7//v//P/8//z//P/9//3////9//7//f/9//z//P/8//z//P/8//3//P
12-10 15:57:00.364 I/LongLinkLog( 1104): [ (AsrEngine.java:59)#i ] Received WS message!! In onMessage text={"mtype":2,"response_type":200,"msg":"","request_id":"c29eb24f-8b93-407d-8208-e5a54101e954","api_version":"0.1","asr_content":{"is_partial":false},"nlu_content":{},"tts_content":{"tts":"AAAAAAAAAQAEAAYACQAIAAkACAAFAAcABwAEAAQABQACAAEABAAEAAIAAAAAAAEAAAAAAAEAAAAAAAIABAAEAAcACAAIAAYACAAIAAUABAAEAAEAAA
12-10 15:57:00.374 I/ScreenUtils( 1104): [ (ScreenUtils.java:28)#screenOn ] screenOn:WakeLock{e864d8e held=true, refCount=1}
12-10 15:57:00.374 I/LongLinkLog( 1104): [ (AsrEngine.java:59)#i ] Received WS message!! In onMessage text={"mtype":2,"response_type":200,"msg":"","request_id":"c29eb24f-8b93-407d-8208-e5a54101e954","api_version":"0.1","asr_content":{"is_partial":false},"nlu_content":{},"tts_content":{"tts":"Gv+jAMz/kP8mAQX/8P/mAfH+F/59A+T+Df4CAggBKv80/yoAswANAPf+twIO/4n+UwElAYb+3QDmAV38UAKyAEL/DwBFANYAGf/p/3UBNgC5/sD/rQ
12-10 15:57:00.461 I/LongLinkLog( 1104): [ (AsrEngine.java:59)#i ] Received WS message!! In onMessage text={"mtype":2,"response_type":200,"msg":"","request_id":"c29eb24f-8b93-407d-8208-e5a54101e954","api_version":"0.1","asr_content":{"is_partial":false},"nlu_content":{},"tts_content":{"tts":"JwDb/9f/z/8NADIAdQC//+T/ewBBAHP/eQAtADv/WwDYAC7/GAC6AG7/+/9pAFcAj/++/7EA6v+2/6IA3/+m/6oAKwAe/2gAyQDQ/7X/PwDu/x0ADg
12-10 15:57:00.466 I/PowerWrap(  634): PowerHal_TouchBoost
12-10 15:57:00.466 I/libPowerHal(  301): 20: cpu_ctrl set freq: 2001000 -1
12-10 15:57:00.472 I/LongLinkLog( 1104): [ (AsrEngine.java:59)#i ] Received WS message!! In onMessage text={"mtype":2,"response_type":200,"msg":"","request_id":"c29eb24f-8b93-407d-8208-e5a54101e954","api_version":"0.1","asr_content":{"is_partial":false},"nlu_content":{},"tts_content":{"tts":"DwDv//z/CwAJAAAABAADAAMABAAAAAAAAwAFAAYACAAKAAkACgAKAAsADAAKAAkACwAMAA0ADgANAA0ADwAQABEAEQARABMAFAAWABcAFwAYABkAGw
12-10 15:57:00.489 I/LongLinkLog( 1104): [ (AsrEngine.java:59)#i ] Received WS message!! In onMessage text={"mtype":2,"response_type":200,"msg":"","request_id":"c29eb24f-8b93-407d-8208-e5a54101e954","api_version":"0.1","asr_content":{"is_partial":false},"nlu_content":{},"tts_content":{"tts":"IAAEAAAADQAUAA4ADAAGAAQABAABAAMAAwAEAAQABAAEAAUABgAGAAYABgAHAAgACAAIAAkACQAKAAoACgALAAwACwAKAAsADAAMAA0ADgAOAA4ADw
12-10 15:57:00.547 I/LongLinkLog( 1104): [ (AsrEngine.java:59)#i ] Received WS message!! In onMessage text={"mtype":2,"response_type":200,"msg":"","request_id":"c29eb24f-8b93-407d-8208-e5a54101e954","api_version":"0.1","asr_content":{"is_partial":false},"nlu_content":{},"tts_content":{"tts":"IQAAAPv/CgAQAAoACgAGAAQABAADAAYABgAGAAcABwAIAAkACgAJAAkACQAJAAoACgAKAAoACgAKAAkACgAKAAoACQAIAAkACQAJAAoACQAJAAkACg
12-10 15:57:00.553 I/PowerWrap(  634): PowerHal_TouchBoost
12-10 15:57:00.557 E/AudioTrack(  634): start(): 0x88a83700, mState = 1
12-10 15:57:00.559 I/libPowerHal(  301): 20: cpu_ctrl set freq: -1 -1
12-10 15:57:00.580 I/BufferQueueProducer(  313): [com.tal.genie.voice/com.tal.genie.dicbook.dic.DicResultActivity#0](this:0xac38f000,id:36,api:1,p:1104,c:313) queueBuffer: fps=3.93 dur=1016.56 max=396.12 min=200.30
12-10 15:57:00.585 I/tal.genie.voic( 1104): Background concurrent copying GC freed 27108(4MB) AllocSpace objects, 237(23MB) LOS objects, 30% free, 27MB/39MB, paused 227us total 124.162ms
12-10 15:57:00.593 I/SurfaceFlinger(  313): [Built-in Screen (type:0)] fps:3.944831,dur:1013.99,max:402.26,min:191.43
12-10 15:57:00.890 E/WifiVendorHal(  634): getWifiLinkLayerStats(l.937) failed {.code = ERROR_NOT_SUPPORTED, .description = }
12-10 15:57:01.594 I/SurfaceFlinger(  313): [Built-in Screen (type:0)] fps:4.996857,dur:1000.63,max:210.94,min:192.72
12-10 15:57:01.771 I/BufferQueueProducer(  313): [com.tal.genie.voice/com.tal.genie.dicbook.dic.DicResultActivity#0](this:0xac38f000,id:36,api:1,p:1104,c:313) queueBuffer: fps=5.04 dur=1190.65 max=209.47 min=192.25
12-10 15:57:02.165 I/PowerWrap(  634): PowerHal_TouchBoost
12-10 15:57:02.167 I/libPowerHal(  301): 20: cpu_ctrl set freq: 2001000 -1
12-10 15:57:02.169 E/ActivityManager(  634): Sending non-protected broadcast com.genie.clickscreen from system 1104:com.tal.genie.voice/u0a30 pkg com.tal.genie.voice
12-10 15:57:02.169 E/ActivityManager(  634): java.lang.Throwable
12-10 15:57:02.169 E/ActivityManager(  634): 	at com.android.server.am.ActivityManagerService.checkBroadcastFromSystem(ActivityManagerService.java:21473)
12-10 15:57:02.169 E/ActivityManager(  634): 	at com.android.server.am.ActivityManagerService.broadcastIntentLocked(ActivityManagerService.java:21984)
12-10 15:57:02.169 E/ActivityManager(  634): 	at com.android.server.am.ActivityManagerService.broadcastIntent(ActivityManagerService.java:22227)
12-10 15:57:02.169 E/ActivityManager(  634): 	at android.app.IActivityManager$Stub.onTransact$broadcastIntent$(IActivityManager.java:10181)
12-10 15:57:02.169 E/ActivityManager(  634): 	at android.app.IActivityManager$Stub.onTransact(IActivityManager.java:167)
12-10 15:57:02.169 E/ActivityManager(  634): 	at com.android.server.am.ActivityManagerService.onTransact(ActivityManagerService.java:3350)
12-10 15:57:02.169 E/ActivityManager(  634): 	at android.os.Binder.execTransact(Binder.java:731)
12-10 15:57:02.176 W/AES     (  634): Exception Log handling...
12-10 15:57:02.178 W/AES     (  634): skip for Exp level 0
12-10 15:57:02.179 E/ActivityManager(  634): Sending non-protected broadcast com.genie.clickscreen from system 1104:com.tal.genie.voice/u0a30 pkg com.tal.genie.voice
12-10 15:57:02.179 E/ActivityManager(  634): java.lang.Throwable
12-10 15:57:02.179 E/ActivityManager(  634): 	at com.android.server.am.ActivityManagerService.checkBroadcastFromSystem(ActivityManagerService.java:21473)
12-10 15:57:02.179 E/ActivityManager(  634): 	at com.android.server.am.ActivityManagerService.broadcastIntentLocked(ActivityManagerService.java:22077)
12-10 15:57:02.179 E/ActivityManager(  634): 	at com.android.server.am.ActivityManagerService.broadcastIntent(ActivityManagerService.java:22227)
12-10 15:57:02.179 E/ActivityManager(  634): 	at android.app.IActivityManager$Stub.onTransact$broadcastIntent$(IActivityManager.java:10181)
12-10 15:57:02.179 E/ActivityManager(  634): 	at android.app.IActivityManager$Stub.onTransact(IActivityManager.java:167)
12-10 15:57:02.179 E/ActivityManager(  634): 	at com.android.server.am.ActivityManagerService.onTransact(ActivityManagerService.java:3350)
12-10 15:57:02.179 E/ActivityManager(  634): 	at android.os.Binder.execTransact(Binder.java:731)
12-10 15:57:02.182 W/AES     (  634): Exception Log handling...
12-10 15:57:02.184 W/AES     (  634): skip for Exp level 0
12-10 15:57:02.185 I/SA.PushAutoTrackHelper( 1153): SDK or push disabled.
12-10 15:57:02.185 I/LockScreenReceiver( 1153): action ::: com.genie.clickscreen
12-10 15:57:02.186 I/EyesProtectManager( 1153): [ (EyesProtectManager.java:76)#userTracked ] userTracked:  configLoaded-true protectorOn-false canUseScreen-true isUseCounting-false useBeginTime-null useSeconds-0 lockScreenTime-null unlockScreenTime- 2021-12-10 15:33:48
12-10 15:57:02.358 I/PowerWrap(  634): PowerHal_TouchBoost
12-10 15:57:02.359 I/libPowerHal(  301): 20: cpu_ctrl set freq: -1 -1
12-10 15:57:02.360 E/TalkAudioHelper( 1104): androidx.appcompat.widget.AppCompatImageView{55201c7 VFED..C.. ...P.... 0,48-48,96 #7f080167 app:id/lv_item_sound}
12-10 15:57:02.360 E/AudioTrack(  634): start(): 0x88a83700, mState = 1
12-10 15:57:02.360 I/TalkAudioHelper( 1104): [ (TalkAudioHelper.java:52)#stop ] stop:0
12-10 15:57:02.361 I/TtSy    ( 1104): [ (TtsPlayer.java:92)#stop ] playState:1
12-10 15:57:02.361 I/TtsManager( 1104): [ (TtsManager.java:56)#cancelTts ] cancelTts:c29eb24f-8b93-407d-8208-e5a54101e954
12-10 15:57:02.362 I/TtsPlayer( 1104): [ (TtsPlayer.java:101)#interrupt ] interrupt:com.tal.talk.tts.TtsPlayer$AudioData@4a479af
12-10 15:57:02.363 I/IVoiceS ( 1104): [ (AsrEngine.java:138)#sendTtsMsg ] tts cancel:c29eb24f-8b93-407d-8208-e5a54101e954
12-10 15:57:02.368 E/tal.genie.voic( 1104): Invalid ID 0x00000041.
12-10 15:57:02.368 E/tal.genie.voic( 1104): Invalid ID 0x00000041.
12-10 15:57:02.369 E/tal.genie.voic( 1104): Invalid ID 0x00000040.
12-10 15:57:02.369 E/tal.genie.voic( 1104): Invalid ID 0x00000040.
12-10 15:57:02.377 I/SA.SensorsDataAPI( 1104): track event:
12-10 15:57:02.377 I/SA.SensorsDataAPI( 1104): {
12-10 15:57:02.377 I/SA.SensorsDataAPI( 1104): 	"_track_id":515349590,
12-10 15:57:02.377 I/SA.SensorsDataAPI( 1104): 	"time":1639123022372,
12-10 15:57:02.377 I/SA.SensorsDataAPI( 1104): 	"type":"track",
12-10 15:57:02.377 I/SA.SensorsDataAPI( 1104): 	"distinct_id":"61D00121B1600029",
12-10 15:57:02.377 I/SA.SensorsDataAPI( 1104): 	"login_id":"61D00121B1600029",
12-10 15:57:02.377 I/SA.SensorsDataAPI( 1104): 	"anonymous_id":"6fe19c181203ab32",
12-10 15:57:02.377 I/SA.SensorsDataAPI( 1104): 	"lib":{
12-10 15:57:02.377 I/SA.SensorsDataAPI( 1104): 		"$lib_method":"code",
12-10 15:57:02.377 I/SA.SensorsDataAPI( 1104): 		"$lib":"Android",
12-10 15:57:02.377 I/SA.SensorsDataAPI( 1104): 		"$lib_version":"6.0.0",
12-10 15:57:02.377 I/SA.SensorsDataAPI( 1104): 		"$app_version":"0.3.0",
12-10 15:57:02.377 I/SA.SensorsDataAPI( 1104): 		"$lib_detail":"com.sensorsdata.analytics.android.sdk.AbstractSensorsDataAPI##trackEventInternal##AbstractSensorsDataAPI.java##1513"
12-10 15:57:02.377 I/SA.SensorsDataAPI( 1104): 	},
12-10 15:57:02.377 I/SA.SensorsDataAPI( 1104): 	"event":"SearchWord_Click",
12-10 15:57:02.377 I/SA.SensorsDataAPI( 1104): 	"properties":{
12-10 15:57:02.377 I/SA.SensorsDataAPI( 1104): 		"$os_version":"9",
12-10 15:57:02.377 I/SA.SensorsDataAPI( 1104): 		"$model":"S10",
12-10 15:57:02.377 I/SA.SensorsDataAPI( 1104): 		"$os":"Android",
12-10 15:57:02.377 I/SA.SensorsDataAPI( 1104): 		"$screen_width":720,
12-10 15:57:02.377 I/SA.SensorsDataAPI( 1104): 		"$brand":"ALPS",
