12-10 15:25:41.681 I/SystemServiceManager(  634): Starting com.android.server.companion.CompanionDeviceManagerService
12-10 15:25:41.685 I/SystemServer(  634): StartRestrictionManager
12-10 15:25:41.686 I/SystemServiceManager(  634): Starting com.android.server.restrictions.RestrictionsManagerService
12-10 15:25:41.689 I/PackageManager(  634): Deferred reconcileAppsData finished 64 packages
12-10 15:25:41.690 I/SystemServer(  634): StartMediaSessionService
12-10 15:25:41.690 I/SystemServiceManager(  634): Starting com.android.server.media.MediaSessionService
12-10 15:25:41.700 I/SystemServer(  634): StartMediaUpdateService
12-10 15:25:41.701 I/SystemServiceManager(  634): Starting com.android.server.media.MediaUpdateService
12-10 15:25:41.701 I/SystemServer(  634): StartMediaRouterService
12-10 15:25:41.705 I/SystemServer(  634): StartBackgroundDexOptService
12-10 15:25:41.707 I/SystemServer(  634): StartPruneInstantAppsJobService
12-10 15:25:41.707 I/SystemServer(  634): StartShortcutServiceLifecycle
12-10 15:25:41.707 I/SystemServiceManager(  634): Starting com.android.server.pm.ShortcutService$Lifecycle
12-10 15:25:41.714 I/SystemServer(  634): StartLauncherAppsService
12-10 15:25:41.714 I/SystemServiceManager(  634): Starting com.android.server.pm.LauncherAppsService
12-10 15:25:41.717 I/SystemServer(  634): StartCrossProfileAppsService
12-10 15:25:41.717 I/SystemServiceManager(  634): Starting com.android.server.pm.CrossProfileAppsService
12-10 15:25:41.719 I/SystemServer(  634): StartMediaProjectionManager
12-10 15:25:41.720 I/SystemServiceManager(  634): Starting com.android.server.media.projection.MediaProjectionManagerService
12-10 15:25:41.729 I/SystemServer(  634): StartSliceManagerService
12-10 15:25:41.729 I/SystemServiceManager(  634): Starting com.android.server.slice.SliceManagerService$Lifecycle
12-10 15:25:41.737 I/SystemServer(  634): StartCameraServiceProxy
12-10 15:25:41.737 I/SystemServiceManager(  634): Starting com.android.server.camera.CameraServiceProxy
12-10 15:25:41.744 I/SystemServer(  634): StartStatsCompanionService
12-10 15:25:41.744 I/SystemServiceManager(  634): Starting com.android.server.stats.StatsCompanionService$Lifecycle
12-10 15:25:41.746 E/KernelUidCpuFreqTimeReader(  634): Failed to read /proc/uid_time_in_state: java.io.FileNotFoundException: /proc/uid_time_in_state (No such file or directory)
12-10 15:25:41.749 I/SystemServer(  634): StartJitCompilation
12-10 15:25:41.749 I/SystemServer(  634): StartAutoFillService
12-10 15:25:41.750 I/SystemServiceManager(  634): Starting com.android.server.autofill.AutofillManagerService
12-10 15:25:41.751 I/AutofillManagerService(  634): Setting debug to false
12-10 15:25:41.755 I/MtkSystemServerImpl(  634): startOtherMtkService 
12-10 15:25:41.755 I/MtkSystemServerImpl(  634): StartSearchEngineManagerService
12-10 15:25:41.761 E/MtkSystemServerImpl(  634): com.mediatek.fmradio.FmRadioPackageManager not found 
12-10 15:25:41.761 I/MtkSystemServerImpl(  634): StartPowerHalMgrService
12-10 15:25:41.762 I/SystemServiceManager(  634): Starting com.mediatek.powerhalservice.PowerHalMgrService
12-10 15:25:41.763 D/PowerHalMgrService(  634): Start PowerHalMgrService.
12-10 15:25:41.764 I/SystemServer(  634): MakeVibratorServiceReady
12-10 15:25:41.768 I/SystemServer(  634): MakeLockSettingsServiceReady
12-10 15:25:41.798 I/SyntheticPasswordManager(  634): Device does not support weaver
12-10 15:25:41.801 I/LockSettingsService(  634): Device doesn't implement AuthSecret HAL
12-10 15:25:41.803 E/LockSettingsStorage(  634): Cannot read file java.io.FileNotFoundException: /data/system/gatekeeper.password.key: open failed: ENOENT (No such file or directory)
12-10 15:25:41.804 E/LockSettingsStorage(  634): Cannot read file java.io.FileNotFoundException: /data/system/password.key: open failed: ENOENT (No such file or directory)
12-10 15:25:41.804 E/LockSettingsStorage(  634): Cannot read file java.io.FileNotFoundException: /data/system/gatekeeper.pattern.key: open failed: ENOENT (No such file or directory)
12-10 15:25:41.805 E/LockSettingsStorage(  634): Cannot read file java.io.FileNotFoundException: /data/system/gatekeeper.gesture.key: open failed: ENOENT (No such file or directory)
12-10 15:25:41.805 E/LockSettingsStorage(  634): Cannot read file java.io.FileNotFoundException: /data/system/gesture.key: open failed: ENOENT (No such file or directory)
12-10 15:25:41.805 I/SystemServer(  634): StartBootPhaseLockSettingsReady
12-10 15:25:41.805 I/SystemServiceManager(  634): Starting phase 480
12-10 15:25:41.876 I/DevicePolicyManager(  634): Set ro.device_owner property to false
12-10 15:25:41.878 W/SystemServiceManager(  634): Service com.android.server.devicepolicy.DevicePolicyManagerService$Lifecycle took 73 ms in onBootPhase
12-10 15:25:41.882 I/SystemServer(  634): StartBootPhaseSystemServicesReady
12-10 15:25:41.882 I/SystemServiceManager(  634): Starting phase 500
12-10 15:25:41.884 D/AppStandbyController(  634): Setting app idle enabled state
12-10 15:25:41.895 I/VrManagerService(  634): No default vr listener service found.
12-10 15:25:41.924 I/WifiService(  634): WifiService starting up with Wi-Fi enabled
12-10 15:25:41.948 E/wificond(  455): No interface is found
12-10 15:25:41.972 D/WifiService(  634): setWifiEnabled: true pid=634, uid=1000, package=android
12-10 15:25:41.990 D/MtkConnectivityService(  634): Got NetworkFactory Messenger for Ethernet
12-10 15:25:42.006 W/SoundTriggerHelper(  634): listModules status=0, # of modules=0
12-10 15:25:42.009 D/PowerHalMgrService(  634): onBootPhase PowerHalMgrService.
12-10 15:25:42.010 I/SystemServer(  634): MakeWindowManagerServiceReady
12-10 15:25:42.023 I/SystemServer(  634): MakePowerManagerServiceReady
12-10 15:25:42.046 I/SystemServer(  634): MakePackageManagerServiceReady
12-10 15:25:42.048 E/KernelCpuSpeedReader(  634): Failed to read cpu-freq: /sys/devices/system/cpu/cpu0/cpufreq/stats/time_in_state (No such file or directory)
12-10 15:25:42.048 W/KeyguardServiceDelegate(  634): onScreenTurningOn(): no keyguard service!
12-10 15:25:42.058 W/PackageManager(  634): Privileged permission android.permission.RECOVERY for package com.tal.genie.launcher - not in privapp-permissions whitelist
12-10 15:25:42.058 W/PackageManager(  634): Privileged permission android.permission.DELETE_CACHE_FILES for package com.tal.genie.launcher - not in privapp-permissions whitelist
12-10 15:25:42.058 W/PackageManager(  634): Privileged permission android.permission.ACCESS_CACHE_FILESYSTEM for package com.tal.genie.launcher - not in privapp-permissions whitelist
12-10 15:25:42.058 W/PackageManager(  634): Privileged permission android.permission.REBOOT for package com.tal.genie.launcher - not in privapp-permissions whitelist
12-10 15:25:42.058 W/PackageManager(  634): Privileged permission android.permission.SHUTDOWN for package com.tal.genie.launcher - not in privapp-permissions whitelist
12-10 15:25:42.058 W/PackageManager(  634): Privileged permission android.permission.READ_LOGS for package com.tal.genie.launcher - not in privapp-permissions whitelist
12-10 15:25:42.071 V/UserDataPreparer(  634): Found /data/user_de/0 with serial number 0
12-10 15:25:42.071 V/UserDataPreparer(  634): Found /data/user/0 with serial number 0
12-10 15:25:42.071 V/UserDataPreparer(  634): Found /data/system_de/0 with serial number 0
12-10 15:25:42.072 V/UserDataPreparer(  634): Found /data/system_ce/0 with serial number 0
12-10 15:25:42.072 V/UserDataPreparer(  634): Found /data/misc_ce/0 with serial number 0
12-10 15:25:42.074 I/SystemServer(  634): MakeDisplayManagerServiceReady
12-10 15:25:42.074 I/SystemServer(  634): StartDeviceSpecificServices
12-10 15:25:42.074 I/SystemServer(  634): StartBootPhaseDeviceSpecificServicesReady
12-10 15:25:42.075 I/SystemServiceManager(  634): Starting phase 520
12-10 15:25:42.076 D/AmsExtImpl(  634): onSystemReady
12-10 15:25:42.079 W/UsageStatsService(  634): Event reported without a package name
12-10 15:25:42.084 I/ActivityManager(  634): System now ready
12-10 15:25:42.086 D/WifiP2pService(  634): P2pDisabledState{ when=0 what=143376 target=com.android.internal.util.StateMachine$SmHandler }
12-10 15:25:42.092 D/MTKWifiDisplayController(  634): loadDebugLevel, debugLevel = 0
12-10 15:25:42.093 I/MTKWifiDisplayController(  634): updateWfdEnableState(), mWifiDisplayOnSetting:false, mWifiP2pEnabled:false
12-10 15:25:42.093 I/MTKWifiDisplayController(  634): updateWfdInfo(), enable:false,mWfdEnabling:false
12-10 15:25:42.094 D/MTKWifiDisplayController(  634): reportFeatureState(), featureState = 2
12-10 15:25:42.094 D/WifiP2pService(  634): P2pDisabledState{ when=0 what=139323 arg2=1 obj=WFD enabled: false
12-10 15:25:42.094 D/WifiP2pService(  634):  WFD DeviceInfo: 0
12-10 15:25:42.094 D/WifiP2pService(  634):  WFD CtrlPort: 0
12-10 15:25:42.094 D/WifiP2pService(  634):  WFD MaxThroughput: 0
12-10 15:25:42.094 D/WifiP2pService(  634):  WFD Extended Capability: 0 target=com.android.internal.util.StateMachine$SmHandler }
12-10 15:25:42.094 D/WifiP2pService(  634): DefaultState{ when=0 what=139323 arg2=1 obj=WFD enabled: false
12-10 15:25:42.094 D/WifiP2pService(  634):  WFD DeviceInfo: 0
12-10 15:25:42.094 D/WifiP2pService(  634):  WFD CtrlPort: 0
12-10 15:25:42.094 D/WifiP2pService(  634):  WFD MaxThroughput: 0
12-10 15:25:42.094 D/WifiP2pService(  634):  WFD Extended Capability: 0 target=com.android.internal.util.StateMachine$SmHandler }
12-10 15:25:42.095 I/MTKWifiDisplayController(  634): updateScanState(), mSinkEnabled:falsemDiscoverPeersInProgress:false
12-10 15:25:42.095 I/SystemServer(  634): Making services ready
12-10 15:25:42.095 I/MTKWifiDisplayController(  634): disconnect, mRemoteDisplayInterface = null
12-10 15:25:42.096 I/SystemServer(  634): StartActivityManagerReadyPhase
12-10 15:25:42.096 I/MTKWifiDisplayController(  634): updateScanState(), mSinkEnabled:falsemDiscoverPeersInProgress:false
12-10 15:25:42.096 I/SystemServiceManager(  634): Starting phase 550
12-10 15:25:42.096 I/MTKWifiDisplayController(  634): RealMetrics, Width = 720, Height = 1600
12-10 15:25:42.097 D/MTKWifiDisplayController(  634): registerEMObserver(), tt:20,nt:60,res:-1,ps:1,psd:10,so:1
12-10 15:25:42.100 I/MTKWifiDisplayController(  634): mResolution:0, resolutionIndex: 5
12-10 15:25:42.125 D/DuraSpeed(  634): Persistent apps = [com.tal.genie.push, com.tal.genie.voice, android, com.android.se, com.android.systemui]
12-10 15:25:42.127 I/MTKWifiDisplayController(  634): actionAtDisconnected
12-10 15:25:42.128 E/MTKWifiDisplayController(  634): actionAtDisconnected, null display
12-10 15:25:42.130 E/MTKWifiDisplayController(  634): WFD disconnected, and WifiLock isn't Held!
12-10 15:25:42.132 D/MTKWifiDisplayController(  634): updateChosenCapability(), connected:false, capability:, portrait:false
12-10 15:25:42.133 I/MTKWifiDisplayController(  634): hideLatencyPanel
12-10 15:25:42.135 D/MTKWifiDisplayController(  634): callback onFeatureStateChanged(): featureState = 2
12-10 15:25:42.348 W/SystemServiceManager(  634): Service com.android.server.InputMethodManagerService$Lifecycle took 210 ms in onBootPhase
12-10 15:25:42.349 D/StorageManagerService(  634): Thinking about init, mSystemReady=true, mDaemonConnected=true
12-10 15:25:42.349 D/StorageManagerService(  634): Setting up emulation state, initlocked=false
12-10 15:25:42.349 D/vold    (  268): e4crypt_unlock_user_key 0 serial=0 token_present=0
12-10 15:25:42.350 D/StorageManagerService(  634): Thinking about reset, mSystemReady=true, mDaemonConnected=true
12-10 15:25:42.353 I/ActivityManager(  634): Force stopping com.android.providers.media appid=10009 user=-1: vold reset
12-10 15:25:42.355 I/WallpaperManagerService(  634): No static wallpaper imagery; defaults will be shown
12-10 15:25:42.358 W/WallpaperManagerService(  634): Invalid wallpaper data
12-10 15:25:42.358 E/WallpaperManagerService(  634): Unable to apply new wallpaper
12-10 15:25:42.360 V/StorageManagerService(  634): Found primary storage at VolumeInfo{emulated}:
12-10 15:25:42.360 V/StorageManagerService(  634):     type=EMULATED diskId=null partGuid= mountFlags=0 mountUserId=-1 
12-10 15:25:42.360 V/StorageManagerService(  634):     state=UNMOUNTED 
12-10 15:25:42.360 V/StorageManagerService(  634):     fsType=null fsUuid=null fsLabel=null 
12-10 15:25:42.360 V/StorageManagerService(  634):     path=null internalPath=null 
12-10 15:25:42.362 I/SystemServer(  634): StartObservingNativeCrashes
12-10 15:25:42.363 I/SystemServer(  634): StartSystemUI
12-10 15:25:42.363 I/SystemServer(  634): WebViewFactoryPreparation
12-10 15:25:42.367 I/SystemServer(  634): MakeNetworkManagementServiceReady
12-10 15:25:42.367 D/NetworkManagement(  634): enabling bandwidth control
12-10 15:25:42.368 I/UsbPortManager(  634): ClientCallback: dual-role-usb20
12-10 15:25:42.376 I/UsbPortManager(  634): USB port added: port=UsbPort{id=dual-role-usb20, supportedModes=dual}, status=UsbPortStatus{connected=false, currentMode=none, currentPowerRole=no-power, currentDataRole=no-data, supportedRoleCombinations=[no-power:no-data]}, canChangeMode=false, canChangePowerRole=false, canChangeDataRole=false
12-10 15:25:42.380 V/vold    (  268): Waiting for FUSE to spin up...
12-10 15:25:42.409 W/ActivityManager(  634): Slow operation: 66ms so far, now at startProcess: returned from zygote!
12-10 15:25:42.409 W/ActivityManager(  634): Slow operation: 67ms so far, now at startProcess: done updating battery stats
12-10 15:25:42.410 W/ActivityManager(  634): Slow operation: 68ms so far, now at startProcess: building log message
12-10 15:25:42.410 I/ActivityManager(  634): Start proc 918:com.android.inputmethod.latin/u0a48 for service com.android.inputmethod.latin/.LatinIME
12-10 15:25:42.410 W/ActivityManager(  634): Slow operation: 68ms so far, now at startProcess: starting to update pids map
12-10 15:25:42.410 W/ActivityManager(  634): Slow operation: 68ms so far, now at startProcess: done updating pids map
12-10 15:25:42.430 V/vold    (  268): Waiting for FUSE to spin up...
12-10 15:25:42.447 W/ActivityManager(  634): Slow operation: 83ms so far, now at startProcess: returned from zygote!
12-10 15:25:42.448 W/ActivityManager(  634): Slow operation: 84ms so far, now at startProcess: done updating battery stats
12-10 15:25:42.449 W/sdcard  (  916): Device explicitly enabled sdcardfs
12-10 15:25:42.451 W/ActivityManager(  634): Slow operation: 86ms so far, now at startProcess: building log message
12-10 15:25:42.451 I/ActivityManager(  634): Start proc 926:com.android.systemui/u0a22 for service com.android.systemui/.SystemUIService
12-10 15:25:42.451 W/ActivityManager(  634): Slow operation: 87ms so far, now at startProcess: starting to update pids map
12-10 15:25:42.451 W/ActivityManager(  634): Slow operation: 87ms so far, now at startProcess: done updating pids map
12-10 15:25:42.489 W/ActivityManager(  634): Slow operation: 66ms so far, now at startProcess: returned from zygote!
12-10 15:25:42.490 W/ActivityManager(  634): Slow operation: 66ms so far, now at startProcess: done updating battery stats
12-10 15:25:42.491 W/ActivityManager(  634): Slow operation: 67ms so far, now at startProcess: building log message
12-10 15:25:42.491 I/ActivityManager(  634): Start proc 939:WebViewLoader-armeabi-v7a/1037 [android.webkit.WebViewLibraryLoader$RelroFileCreator] for 
12-10 15:25:42.491 W/ActivityManager(  634): Slow operation: 67ms so far, now at startProcess: starting to update pids map
12-10 15:25:42.491 W/ActivityManager(  634): Slow operation: 68ms so far, now at startProcess: done updating pids map
12-10 15:25:42.698 I/android.hardware.wifi@1.0-service-mediatek(  300): Wifi HAL started
12-10 15:25:42.747 I/sn      (  475): Retry 1
12-10 15:25:42.747 I/sn      (  475): Fail to access err=2
12-10 15:25:42.747 I/chatty  (  475): uid=1000(system) identical 1 line
12-10 15:25:42.747 I/sn      (  475): Fail to access err=2
12-10 15:25:42.747 I/sn      (  475): Check all possible paths
12-10 15:25:42.760 D/MTKWifiDisplayController(  634): Received WIFI_P2P_STATE_CHANGED_ACTION: enabled=false
12-10 15:25:42.760 I/MTKWifiDisplayController(  634): updateWfdEnableState(), mWifiDisplayOnSetting:false, mWifiP2pEnabled:false
12-10 15:25:42.760 I/MTKWifiDisplayController(  634): updateWfdInfo(), enable:false,mWfdEnabling:false
12-10 15:25:42.760 D/MTKWifiDisplayController(  634): reportFeatureState(), featureState = 2
12-10 15:25:42.760 I/MTKWifiDisplayController(  634): updateScanState(), mSinkEnabled:falsemDiscoverPeersInProgress:false
12-10 15:25:42.761 I/MTKWifiDisplayController(  634): disconnect, mRemoteDisplayInterface = null
12-10 15:25:42.761 I/MTKWifiDisplayController(  634): updateScanState(), mSinkEnabled:falsemDiscoverPeersInProgress:false
12-10 15:25:42.761 D/MTKWifiDisplayController(  634): callback onFeatureStateChanged(): featureState = 2
12-10 15:25:42.761 D/WifiP2pService(  634): P2pDisabledState{ when=0 what=139323 arg2=2 obj=WFD enabled: false
12-10 15:25:42.761 D/WifiP2pService(  634):  WFD DeviceInfo: 0
12-10 15:25:42.761 D/WifiP2pService(  634):  WFD CtrlPort: 0
12-10 15:25:42.761 D/WifiP2pService(  634):  WFD MaxThroughput: 0
12-10 15:25:42.761 D/WifiP2pService(  634):  WFD Extended Capability: 0 target=com.android.internal.util.StateMachine$SmHandler }
12-10 15:25:42.761 D/WifiP2pService(  634): DefaultState{ when=0 what=139323 arg2=2 obj=WFD enabled: false
12-10 15:25:42.761 D/WifiP2pService(  634):  WFD DeviceInfo: 0
12-10 15:25:42.761 D/WifiP2pService(  634):  WFD CtrlPort: 0
12-10 15:25:42.761 D/WifiP2pService(  634):  WFD MaxThroughput: 0
12-10 15:25:42.761 D/WifiP2pService(  634):  WFD Extended Capability: 0 target=com.android.internal.util.StateMachine$SmHandler }
12-10 15:25:42.803 I/ActivityManager(  634): Process WebViewLoader-armeabi-v7a (pid 939) has died: psvc PER 
12-10 15:25:42.856 I/SystemServer(  634): MakeIpSecServiceReady
12-10 15:25:42.862 D/IpSecService(  634): IpSecService is ready
12-10 15:25:42.863 I/SystemServer(  634): MakeNetworkStatsServiceReady
12-10 15:25:42.872 V/NetworkStatsRecorder(  634): setPersistThreshold() with 2097152
12-10 15:25:42.873 V/NetworkStatsRecorder(  634): setPersistThreshold() with 2097152
12-10 15:25:42.874 W/NetworkPolicy(  634): setRestrictBackgroundUL: already false
12-10 15:25:42.878 V/NetworkStatsRecorder(  634): setPersistThreshold() with 2097152
12-10 15:25:42.878 V/NetworkStatsRecorder(  634): setPersistThreshold() with 2097152
12-10 15:25:42.879 D/NetworkStatsRecorder(  634): loadLocked() reading from disk for xt
12-10 15:25:42.972 I/android.hardware.wifi@1.0-service-mediatek(  300): Adding interface handle for p2p0
12-10 15:25:42.972 I/android.hardware.wifi@1.0-service-mediatek(  300): Adding interface handle for wlan0
12-10 15:25:42.972 E/android.hardware.wifi@1.0-service-mediatek(  300): Failed to register radio mode change callback
12-10 15:25:42.973 I/android.hardware.wifi@1.0-service-mediatek(  300): Configured chip in mode 0
12-10 15:25:42.982 I/SystemServer(  634): MakeConnectivityServiceReady
12-10 15:25:43.035 I/SystemServer(  634): MakeNetworkPolicyServiceReady
12-10 15:25:43.036 I/SystemServer(  634): StartWatchdog
12-10 15:25:43.038 I/SystemServer(  634): PhaseThirdPartyAppsCanStart
12-10 15:25:43.038 I/SystemServiceManager(  634): Starting phase 600
12-10 15:25:43.056 V/WallpaperManagerService(  634): bindWallpaperComponentLocked: componentName=ComponentInfo{com.android.systemui/com.android.systemui.ImageWallpaper}
12-10 15:25:43.148 I/wificond(  455): create scanner for interface with index: 9
12-10 15:25:43.148 I/wificond(  455): subscribe scan result for interface with index: 9
12-10 15:25:43.163 E/wificond(  455): No Offload Service available
12-10 15:25:43.163 I/wificond(  455): Offload HAL not supported 
12-10 15:25:43.165 V/SettingsProvider(  634): packageValueForCallResult, name = null, value : Bundle[{_track_generation=android.util.MemoryIntArray@68, value=null, _generation_index=0, _generation=3}]
12-10 15:25:43.209 W/SystemServiceManager(  634): Service com.android.server.job.JobSchedulerService took 133 ms in onBootPhase
12-10 15:25:43.258 I/StatsCompanionService(  634): Told statsd that StatsCompanionService is alive.
12-10 15:25:43.260 I/SystemServer(  634): MakeLocationServiceReady
12-10 15:25:43.272 E/ActivityThread(  918): Failed to find provider info for user_dictionary
12-10 15:25:43.336 V/SettingsProvider(  634): packageValueForCallResult, name = zen_mode, value : Bundle[{_track_generation=android.util.MemoryIntArray@68, value=0, _generation_index=0, _generation=3}]
12-10 15:25:43.338 W/LocationManagerService(  634): no network location provider found
12-10 15:25:43.343 E/LocationManagerService(  634): no geocoder provider found
12-10 15:25:43.352 D/LocationManagerService(  634): Unable to bind FLP Geofence proxy.
12-10 15:25:43.353 D/LocationManagerService(  634): Hardware Activity-Recognition not supported.
12-10 15:25:43.354 D/LocationManagerService(  634): Unable to bind ActivityRecognitionProxy.
12-10 15:25:43.376 I/SystemServer(  634): MakeCountryDetectionServiceReady
12-10 15:25:43.377 I/SystemServer(  634): MakeNetworkTimeUpdateReady
12-10 15:25:43.382 V/SettingsProvider(  634): packageValueForCallResult, name = user_setup_complete, value : Bundle[{_track_generation=android.util.MemoryIntArray@68, value=1, _generation_index=1, _generation=2}]
12-10 15:25:43.388 D/MtkConnectivityService(  634): requestNetwork for uid/pid:1000/634 NetworkRequest [ TRACK_DEFAULT id=6, [ Capabilities: INTERNET&NOT_RESTRICTED&TRUSTED Unwanted:  Uid: 1000] ]
12-10 15:25:43.389 I/SystemServer(  634): MakeCommonTimeManagementServiceReady
12-10 15:25:43.389 I/SystemServer(  634): MakeInputManagerServiceReady
12-10 15:25:43.391 I/SystemServer(  634): MakeTelephonyRegistryReady
12-10 15:25:43.391 I/SystemServer(  634): MakeMediaRouterServiceReady
12-10 15:25:43.392 I/SystemServer(  634): IncidentDaemonReady
12-10 15:25:43.395 I/SystemServiceManager(  634): Calling onStartUser u0
12-10 15:25:43.398 W/VoiceInteractionManagerService(  634): no available voice recognition services found for user 0
12-10 15:25:43.403 I/ActivityManager(  634): START u0 {act=android.intent.action.MAIN cat=[android.intent.category.HOME] flg=0x10000100 cmp=com.android.settings/.FallbackHome} from uid 0
12-10 15:25:43.420 W/ProcessCpuTracker(  634): Skipping unknown process pid 469
12-10 15:25:43.643 I/ActivityManager(  634): Loaded persisted task ids for user 0
12-10 15:25:43.779 W/Looper  (  634): Slow dispatch took 340ms android.fg h=android.os.Handler c=com.android.server.Watchdog$HandlerChecker@3b34856 m=0
12-10 15:25:43.783 W/ActivityManager(  634): Slow operation: 125ms so far, now at startProcess: asking zygote to start proc
12-10 15:25:43.792 D/SystemServerInitThreadPool(  634): Shutdown successful
12-10 15:25:43.800 W/Looper  (  634): Slow delivery took 3932ms main h=android.os.Handler c=com.android.server.BatteryService$8@a656278 m=0
12-10 15:25:43.802 W/ActivityManager(  634): Slow operation: 144ms so far, now at startProcess: returned from zygote!
12-10 15:25:43.803 W/ActivityManager(  634): Slow operation: 144ms so far, now at startProcess: done updating battery stats
12-10 15:25:43.803 W/ActivityManager(  634): Slow operation: 145ms so far, now at startProcess: building log message
12-10 15:25:43.803 I/ActivityManager(  634): Start proc 1005:com.android.settings/1000 for activity com.android.settings/.FallbackHome
12-10 15:25:43.803 W/ActivityManager(  634): Slow operation: 145ms so far, now at startProcess: starting to update pids map
12-10 15:25:43.803 W/ActivityManager(  634): Slow operation: 145ms so far, now at startProcess: done updating pids map
12-10 15:25:43.852 D/ConditionProviders.SCP(  634): onConnected
12-10 15:25:43.854 D/ConditionProviders(  634): Subscribing to condition://android/event?userId=-10000&calendar=&reply=1 with ComponentInfo{android/com.android.server.notification.EventConditionProvider}
12-10 15:25:43.855 D/ConditionProviders(  634): Subscribing to condition://android/schedule?days=1.2.3.4.5.6.7&start=22.0&end=7.0&exitAtAlarm=true with ComponentInfo{android/com.android.server.notification.ScheduleConditionProvider}
12-10 15:25:43.863 V/WindowManager(  634): broadcast VOLUME_CHANGED_ACTION received
12-10 15:25:43.864 I/chatty  (  634): uid=1000 system_server identical 7 lines
12-10 15:25:43.864 V/WindowManager(  634): broadcast VOLUME_CHANGED_ACTION received
12-10 15:25:43.868 V/SettingsProvider(  634): Notifying for 0: content://settings/secure/location_providers_allowed
12-10 15:25:43.873 V/SettingsProvider(  634): Notifying for 0: content://settings/global/location_global_kill_switch
12-10 15:25:43.881 V/WindowManager(  634): Set focused app to: AppWindowToken{85cdd8a token=Token{d32bbf5 ActivityRecord{e12b52c u0 com.android.settings/.FallbackHome t1}}} old focus=null moveFocusNow=true
12-10 15:25:43.893 W/ContextImpl(  634): Calling a method in the system process without a qualified user: android.app.ContextImpl.startService:1532 com.android.server.content.SyncManager$14.run:756 android.os.Handler.handleCallback:873 android.os.Handler.dispatchMessage:99 android.os.Looper.loop:193 
12-10 15:25:43.899 D/WifiP2pService(  634): P2pDisabledState{ when=0 what=143377 target=com.android.internal.util.StateMachine$SmHandler }
12-10 15:25:43.899 D/WifiP2pService(  634): DefaultState{ when=0 what=143377 target=com.android.internal.util.StateMachine$SmHandler }
12-10 15:25:43.899 E/WifiP2pService(  634): Unexpected disable request when WifiChannel is null
12-10 15:25:43.900 I/MTKWifiDisplayController(  634): Received NETWORK_STATE_CHANGED,con:false,SSID:null,Freq:0,netId:-1, updated:false
12-10 15:25:43.900 D/MTKWifiDisplayController(  634): Received WIFI_P2P_STATE_CHANGED_ACTION: enabled=false
12-10 15:25:43.900 I/MTKWifiDisplayController(  634): updateWfdEnableState(), mWifiDisplayOnSetting:false, mWifiP2pEnabled:false
12-10 15:25:43.900 I/MTKWifiDisplayController(  634): updateWfdInfo(), enable:false,mWfdEnabling:false
12-10 15:25:43.901 D/MTKWifiDisplayController(  634): reportFeatureState(), featureState = 2
12-10 15:25:43.901 I/MTKWifiDisplayController(  634): updateScanState(), mSinkEnabled:falsemDiscoverPeersInProgress:false
12-10 15:25:43.901 I/MTKWifiDisplayController(  634): disconnect, mRemoteDisplayInterface = null
12-10 15:25:43.901 D/WifiP2pService(  634): P2pDisabledState{ when=0 what=139323 arg2=3 obj=WFD enabled: false
12-10 15:25:43.901 D/WifiP2pService(  634):  WFD DeviceInfo: 0
12-10 15:25:43.901 D/WifiP2pService(  634):  WFD CtrlPort: 0
12-10 15:25:43.901 D/WifiP2pService(  634):  WFD MaxThroughput: 0
12-10 15:25:43.901 D/WifiP2pService(  634):  WFD Extended Capability: 0 target=com.android.internal.util.StateMachine$SmHandler }
12-10 15:25:43.901 I/MTKWifiDisplayController(  634): updateScanState(), mSinkEnabled:falsemDiscoverPeersInProgress:false
12-10 15:25:43.901 D/MTKWifiDisplayController(  634): callback onFeatureStateChanged(): featureState = 2
12-10 15:25:43.901 D/WifiP2pService(  634): DefaultState{ when=-1ms what=139323 arg2=3 obj=WFD enabled: false
12-10 15:25:43.901 D/WifiP2pService(  634):  WFD DeviceInfo: 0
12-10 15:25:43.901 D/WifiP2pService(  634):  WFD CtrlPort: 0
12-10 15:25:43.901 D/WifiP2pService(  634):  WFD MaxThroughput: 0
12-10 15:25:43.901 D/WifiP2pService(  634):  WFD Extended Capability: 0 target=com.android.internal.util.StateMachine$SmHandler }
12-10 15:25:43.907 V/SettingsProvider(  634): Notifying for 0: content://settings/global/boot_count
12-10 15:25:43.937 E/BatteryExternalStatsWorker(  634): no controller energy info supplied for wifi
12-10 15:25:43.961 D/WifiDisplayAdapter(  634): getWifiDisplayStatusLocked: result=WifiDisplayStatus{featureState=2, scanState=0, activeDisplayState=0, activeDisplay=null, displays=[], sessionInfo=WifiDisplaySessionInfo:
12-10 15:25:43.961 D/WifiDisplayAdapter(  634):     Client/Owner: Client
12-10 15:25:43.961 D/WifiDisplayAdapter(  634):     GroupId: 
12-10 15:25:43.961 D/WifiDisplayAdapter(  634):     Passphrase: 
12-10 15:25:43.961 D/WifiDisplayAdapter(  634):     SessionId: 0
12-10 15:25:43.961 D/WifiDisplayAdapter(  634):     IP Address: }
12-10 15:25:43.963 E/BatteryExternalStatsWorker(  634): no controller energy info supplied for wifi
12-10 15:25:43.963 E/BatteryExternalStatsWorker(  634): no controller energy info supplied for telephony
12-10 15:25:43.963 E/KernelCpuSpeedReader(  634): Failed to read cpu-freq: /sys/devices/system/cpu/cpu0/cpufreq/stats/time_in_state (No such file or directory)
12-10 15:25:43.972 D/WifiDisplayAdapter(  634): getWifiDisplayStatusLocked: result=WifiDisplayStatus{featureState=2, scanState=0, activeDisplayState=0, activeDisplay=null, displays=[], sessionInfo=WifiDisplaySessionInfo:
12-10 15:25:43.972 D/WifiDisplayAdapter(  634):     Client/Owner: Client
12-10 15:25:43.972 D/WifiDisplayAdapter(  634):     GroupId: 
12-10 15:25:43.972 D/WifiDisplayAdapter(  634):     Passphrase: 
12-10 15:25:43.972 D/WifiDisplayAdapter(  634):     SessionId: 0
12-10 15:25:43.972 D/WifiDisplayAdapter(  634):     IP Address: }
12-10 15:25:43.980 V/WiredAccessoryManager(  634): notifyWiredAccessoryChanged: when=0 bits= mask=54
12-10 15:25:43.980 V/WiredAccessoryManager(  634): newName=h2w newState=0 headsetState=0 prev headsetState=0
12-10 15:25:43.980 V/WiredAccessoryManager(  634): init()
12-10 15:25:44.070 D/WifiP2pService(  634): P2pDisabledState{ when=-1ms what=143376 target=com.android.internal.util.StateMachine$SmHandler }
12-10 15:25:44.073 D/ConditionProviders.SCP(  634): onSubscribe condition://android/schedule?days=1.2.3.4.5.6.7&start=22.0&end=7.0&exitAtAlarm=true
12-10 15:25:44.074 D/ConditionProviders.SCP(  634): setRegistered true
12-10 15:25:44.081 D/MTKWifiDisplayController(  634): Received WIFI_P2P_STATE_CHANGED_ACTION: enabled=true
12-10 15:25:44.082 I/MTKWifiDisplayController(  634): updateWfdEnableState(), mWifiDisplayOnSetting:false, mWifiP2pEnabled:true
12-10 15:25:44.082 I/MTKWifiDisplayController(  634): updateWfdInfo(), enable:false,mWfdEnabling:false
12-10 15:25:44.082 D/MTKWifiDisplayController(  634): reportFeatureState(), featureState = 2
12-10 15:25:44.082 I/MTKWifiDisplayController(  634): updateScanState(), mSinkEnabled:falsemDiscoverPeersInProgress:false
12-10 15:25:44.082 I/MTKWifiDisplayController(  634): disconnect, mRemoteDisplayInterface = null
12-10 15:25:44.082 I/MTKWifiDisplayController(  634): updateScanState(), mSinkEnabled:falsemDiscoverPeersInProgress:false
12-10 15:25:44.082 D/MTKWifiDisplayController(  634): callback onFeatureStateChanged(): featureState = 2
12-10 15:25:44.086 D/ConditionProviders.SCP(  634): evaluateSubscriptionLocked cal=ScheduleCalendar[mDays={1, 2, 3, 4, 5, 6, 7}, mSchedule=ScheduleInfo{days=[1, 2, 3, 4, 5, 6, 7], startHour=22, startMinute=0, endHour=7, endMinute=0, exitAtAlarm=true, nextAlarm=Thu Jan 01 08:00:00 GMT+08:00 1970 (0)}], now=Fri Dec 10 15:25:44 GMT+08:00 2021 (1639121144074), nextUserAlarmTime=Thu Jan 01 08:00:00 GMT+08:00 1970 (0)
12-10 15:25:44.087 D/ConditionProviders.SCP(  634): notifyCondition condition://android/schedule?days=1.2.3.4.5.6.7&start=22.0&end=7.0&exitAtAlarm=true STATE_FALSE reason=!meetsSchedule
12-10 15:25:44.089 D/ConditionProviders.SCP(  634): Scheduling evaluate for Fri Dec 10 22:00:00 GMT+08:00 2021 (1639144800000), in +6h34m15s926ms, now=Fri Dec 10 15:25:44 GMT+08:00 2021 (1639121144074)
12-10 15:25:44.094 E/ActivityThread(  634): Failed to find provider info for com.android.calendar
12-10 15:25:44.095 I/SyncManager(  634): Got SyncJobService instance.
12-10 15:25:44.096 E/ActivityThread(  634): Failed to find provider info for com.android.calendar
12-10 15:25:44.117 I/AutofillManagerService(  634): Updating Autofill for user 0: disabled=false
12-10 15:25:44.122 V/WindowManager(  634): broadcast VOLUME_CHANGED_ACTION received
12-10 15:25:44.124 I/chatty  (  634): uid=1000 system_server identical 7 lines
12-10 15:25:44.124 V/WindowManager(  634): broadcast VOLUME_CHANGED_ACTION received
12-10 15:25:44.128 W/Looper  (  634): Drained
12-10 15:25:44.138 V/SettingsProvider(  634): packageValueForCallResult, name = null, value : Bundle[{_track_generation=android.util.MemoryIntArray@68, value=null, _generation_index=0, _generation=3}]
12-10 15:25:44.188 W/ContextImpl( 1005): Calling a method in the system process without a qualified user: android.app.ContextImpl.startService:1532 android.content.ContextWrapper.startService:664 android.app.Activity.onEnterAnimationComplete:6662 android.app.Activity.dispatchEnterAnimationComplete:6673 android.app.ActivityThread.handleEnterAnimationComplete:3275 
12-10 15:25:44.201 I/WindowManager(  634): Relayout Window{3e87588 u0 com.android.settings/com.android.settings.FallbackHome}: oldVis=4 newVis=0 focusMayChange = true
12-10 15:25:44.208 V/WindowManager(  634): Changing focus from null to Window{3e87588 u0 com.android.settings/com.android.settings.FallbackHome} Callers=com.android.server.wm.WindowManagerService.relayoutWindow:2142 com.android.server.wm.Session.relayout:244 android.view.IWindowSession$Stub.onTransact:309 com.android.server.wm.Session.onTransact:164 
12-10 15:25:44.212 D/WindowManager(  634): Input focus has changed to Window{3e87588 u0 com.android.settings/com.android.settings.FallbackHome}
12-10 15:25:44.213 I/WindowManager(  634): Focus moving from null to Window{3e87588 u0 com.android.settings/com.android.settings.FallbackHome}
12-10 15:25:44.277 D/DisplayManagerService(  634): Display 0 hasContent flag changed: hasContent=true, inTraversal=true
12-10 15:25:44.284 I/WindowManager(  634): enableScreenAfterBoot: mDisplayEnabled=false mForceDisplayEnabled=false mShowingBootMessages=false mSystemBooted=false
12-10 15:25:44.284 I/WindowManager(  634): java.lang.RuntimeException: here
12-10 15:25:44.284 I/WindowManager(  634): 	at com.android.server.wm.WindowManagerService.enableScreenAfterBoot(WindowManagerService.java:3426)
12-10 15:25:44.284 I/WindowManager(  634): 	at com.android.server.am.ActivityManagerService.enableScreenAfterBoot(ActivityManagerService.java:8125)
12-10 15:25:44.284 I/WindowManager(  634): 	at com.android.server.am.ActivityManagerService$MainHandler.handleMessage(ActivityManagerService.java:2466)
12-10 15:25:44.284 I/WindowManager(  634): 	at android.os.Handler.dispatchMessage(Handler.java:106)
12-10 15:25:44.284 I/WindowManager(  634): 	at android.os.Looper.loop(Looper.java:193)
12-10 15:25:44.284 I/WindowManager(  634): 	at android.os.HandlerThread.run(HandlerThread.java:65)
12-10 15:25:44.284 I/WindowManager(  634): 	at com.android.server.ServiceThread.run(ServiceThread.java:44)
12-10 15:25:44.285 I/WindowManager(  634): hideBootMessagesLocked: mDisplayEnabled=false mForceDisplayEnabled=false mShowingBootMessages=false mSystemBooted=true
12-10 15:25:44.285 I/WindowManager(  634): java.lang.RuntimeException: here
12-10 15:25:44.285 I/WindowManager(  634): 	at com.android.server.wm.WindowManagerService.hideBootMessagesLocked(WindowManagerService.java:3620)
12-10 15:25:44.285 I/WindowManager(  634): 	at com.android.server.wm.WindowManagerService.enableScreenAfterBoot(WindowManagerService.java:3436)
12-10 15:25:44.285 I/WindowManager(  634): 	at com.android.server.am.ActivityManagerService.enableScreenAfterBoot(ActivityManagerService.java:8125)
12-10 15:25:44.285 I/WindowManager(  634): 	at com.android.server.am.ActivityManagerService$MainHandler.handleMessage(ActivityManagerService.java:2466)
12-10 15:25:44.285 I/WindowManager(  634): 	at android.os.Handler.dispatchMessage(Handler.java:106)
12-10 15:25:44.285 I/WindowManager(  634): 	at android.os.Looper.loop(Looper.java:193)
12-10 15:25:44.285 I/WindowManager(  634): 	at android.os.HandlerThread.run(HandlerThread.java:65)
12-10 15:25:44.285 I/WindowManager(  634): 	at com.android.server.ServiceThread.run(ServiceThread.java:44)
12-10 15:25:44.285 W/KeyguardServiceDelegate(  634): onScreenTurningOn(): no keyguard service!
12-10 15:25:44.286 I/WindowManager(  634): performEnableScreen: mDisplayEnabled=false mForceDisplayEnabled=false mShowingBootMessages=false mSystemBooted=true mOnlyCore=false
12-10 15:25:44.286 I/WindowManager(  634): java.lang.RuntimeException: here
12-10 15:25:44.286 I/WindowManager(  634): 	at com.android.server.wm.WindowManagerService.performEnableScreen(WindowManagerService.java:3499)
12-10 15:25:44.286 I/WindowManager(  634): 	at com.android.server.wm.WindowManagerService.enableScreenAfterBoot(WindowManagerService.java:3444)
12-10 15:25:44.286 I/WindowManager(  634): 	at com.android.server.am.ActivityManagerService.enableScreenAfterBoot(ActivityManagerService.java:8125)
12-10 15:25:44.286 I/WindowManager(  634): 	at com.android.server.am.ActivityManagerService$MainHandler.handleMessage(ActivityManagerService.java:2466)
12-10 15:25:44.286 I/WindowManager(  634): 	at android.os.Handler.dispatchMessage(Handler.java:106)
12-10 15:25:44.286 I/WindowManager(  634): 	at android.os.Looper.loop(Looper.java:193)
12-10 15:25:44.286 I/WindowManager(  634): 	at android.os.HandlerThread.run(HandlerThread.java:65)
12-10 15:25:44.286 I/WindowManager(  634): 	at com.android.server.ServiceThread.run(ServiceThread.java:44)
12-10 15:25:44.290 I/WindowManager(  634): performEnableScreen: mDisplayEnabled=false mForceDisplayEnabled=false mShowingBootMessages=false mSystemBooted=true mOnlyCore=false
12-10 15:25:44.290 I/WindowManager(  634): java.lang.RuntimeException: here
12-10 15:25:44.290 I/WindowManager(  634): 	at com.android.server.wm.WindowManagerService.performEnableScreen(WindowManagerService.java:3499)
12-10 15:25:44.290 I/WindowManager(  634): 	at com.android.server.wm.WindowManagerService.access$1100(WindowManagerService.java:285)
12-10 15:25:44.290 I/WindowManager(  634): 	at com.android.server.wm.WindowManagerService$H.handleMessage(WindowManagerService.java:4900)
12-10 15:25:44.290 I/WindowManager(  634): 	at android.os.Handler.dispatchMessage(Handler.java:106)
12-10 15:25:44.290 I/WindowManager(  634): 	at android.os.Looper.loop(Looper.java:193)
12-10 15:25:44.290 I/WindowManager(  634): 	at android.os.HandlerThread.run(HandlerThread.java:65)
12-10 15:25:44.290 I/WindowManager(  634): 	at com.android.server.ServiceThread.run(ServiceThread.java:44)
12-10 15:25:44.294 D/WifiP2pService(  634): P2pEnabledState
12-10 15:25:44.294 D/WifiP2pService(  634): sending p2p connection changed broadcast
12-10 15:25:44.298 E/WifiP2pService(  634): sendP2pConnectionChangedBroadcast(): WifiChannel is null
12-10 15:25:44.299 D/MTKWifiDisplayController(  634): Received WIFI_P2P_CONNECTION_CHANGED_ACTION: isConnected? false, reason = -1
12-10 15:25:44.299 D/MTKWifiDisplayController(  634): updateWifiP2pChannelId(), id:-1
12-10 15:25:44.299 I/MTKWifiDisplayController(  634): handleConnectionChanged(), mWfdEnabled:false
12-10 15:25:44.308 D/WifiP2pService(  634): DeviceAddress: 66:32:16:00:01:23
12-10 15:25:44.313 D/WifiP2pService(  634): sending p2p persistent groups changed broadcast
12-10 15:25:44.313 D/WifiP2pService(  634): InactiveState
12-10 15:25:44.313 D/WifiP2pService(  634): InactiveState{ when=-19ms what=147457 target=com.android.internal.util.StateMachine$SmHandler }
12-10 15:25:44.313 D/WifiP2pService(  634): P2pEnabledState{ when=-19ms what=147457 target=com.android.internal.util.StateMachine$SmHandler }
12-10 15:25:44.313 D/WifiP2pService(  634): DefaultState{ when=-19ms what=147457 target=com.android.internal.util.StateMachine$SmHandler }
12-10 15:25:44.313 D/WifiP2pService(  634): InactiveState{ when=0 what=139323 arg2=4 obj=WFD enabled: false
12-10 15:25:44.313 D/WifiP2pService(  634):  WFD DeviceInfo: 0
12-10 15:25:44.313 D/WifiP2pService(  634):  WFD CtrlPort: 0
12-10 15:25:44.313 D/WifiP2pService(  634):  WFD MaxThroughput: 0
12-10 15:25:44.313 D/WifiP2pService(  634):  WFD Extended Capability: 0 target=com.android.internal.util.StateMachine$SmHandler }
12-10 15:25:44.313 D/WifiP2pService(  634): P2pEnabledState{ when=0 what=139323 arg2=4 obj=WFD enabled: false
12-10 15:25:44.313 D/WifiP2pService(  634):  WFD DeviceInfo: 0
12-10 15:25:44.313 D/WifiP2pService(  634):  WFD CtrlPort: 0
12-10 15:25:44.313 D/WifiP2pService(  634):  WFD MaxThroughput: 0
12-10 15:25:44.313 D/WifiP2pService(  634):  WFD Extended Capability: 0 target=com.android.internal.util.StateMachine$SmHandler }
12-10 15:25:44.411 D/MtkConnectivityService(  634): requestNetwork for uid/pid:10022/926 NetworkRequest [ TRACK_DEFAULT id=9, [ Capabilities: INTERNET&NOT_RESTRICTED&TRUSTED Unwanted:  Uid: 10022] ]
12-10 15:25:44.482 W/WallpaperManagerService(  634): Cannot extract colors because wallpaper could not be read.
12-10 15:25:44.482 W/WallpaperManagerService(  634): Cannot get theme colors because WallpaperColors is null.
12-10 15:25:44.483 W/WallpaperManagerService(  634): Cannot extract colors because wallpaper could not be read.
12-10 15:25:44.483 W/WallpaperManagerService(  634): Cannot get theme colors because WallpaperColors is null.
12-10 15:25:44.491 I/StatusBarManagerService(  634): registerStatusBar bar=com.android.internal.statusbar.IStatusBar$Stub$Proxy@e85b27e
12-10 15:25:44.516 V/SettingsProvider(  634): packageValueForCallResult, name = null, value : Bundle[{_track_generation=android.util.MemoryIntArray@68, value=null, _generation_index=2, _generation=1}]
12-10 15:25:44.585 E/EmergencyButton(  926): Service state is null
12-10 15:25:44.940 E/ActivityThread(  926): Failed to find provider info for com.android.contacts
12-10 15:25:45.002 I/WindowManager(  634): performEnableScreen: mDisplayEnabled=false mForceDisplayEnabled=false mShowingBootMessages=false mSystemBooted=true mOnlyCore=false
12-10 15:25:45.002 I/WindowManager(  634): java.lang.RuntimeException: here
12-10 15:25:45.002 I/WindowManager(  634): 	at com.android.server.wm.WindowManagerService.performEnableScreen(WindowManagerService.java:3499)
12-10 15:25:45.002 I/WindowManager(  634): 	at com.android.server.wm.WindowManagerService.access$1100(WindowManagerService.java:285)
12-10 15:25:45.002 I/WindowManager(  634): 	at com.android.server.wm.WindowManagerService$H.handleMessage(WindowManagerService.java:4900)
12-10 15:25:45.002 I/WindowManager(  634): 	at android.os.Handler.dispatchMessage(Handler.java:106)
12-10 15:25:45.002 I/WindowManager(  634): 	at android.os.Looper.loop(Looper.java:193)
12-10 15:25:45.002 I/WindowManager(  634): 	at android.os.HandlerThread.run(HandlerThread.java:65)
12-10 15:25:45.002 I/WindowManager(  634): 	at com.android.server.ServiceThread.run(ServiceThread.java:44)
12-10 15:25:45.006 I/chatty  (  634): uid=1000(system) android.display identical 2 lines
12-10 15:25:45.009 I/WindowManager(  634): performEnableScreen: mDisplayEnabled=false mForceDisplayEnabled=false mShowingBootMessages=false mSystemBooted=true mOnlyCore=false
12-10 15:25:45.009 I/WindowManager(  634): java.lang.RuntimeException: here
12-10 15:25:45.009 I/WindowManager(  634): 	at com.android.server.wm.WindowManagerService.performEnableScreen(WindowManagerService.java:3499)
12-10 15:25:45.009 I/WindowManager(  634): 	at com.android.server.wm.WindowManagerService.access$1100(WindowManagerService.java:285)
12-10 15:25:45.009 I/WindowManager(  634): 	at com.android.server.wm.WindowManagerService$H.handleMessage(WindowManagerService.java:4900)
12-10 15:25:45.009 I/WindowManager(  634): 	at android.os.Handler.dispatchMessage(Handler.java:106)
12-10 15:25:45.009 I/WindowManager(  634): 	at android.os.Looper.loop(Looper.java:193)
12-10 15:25:45.009 I/WindowManager(  634): 	at android.os.HandlerThread.run(HandlerThread.java:65)
12-10 15:25:45.009 I/WindowManager(  634): 	at com.android.server.ServiceThread.run(ServiceThread.java:44)
12-10 15:25:45.028 E/ActivityThread(  926): Failed to find provider info for com.android.contacts
12-10 15:25:45.067 E/ActivityThread(  926): Failed to find provider info for com.android.contacts
12-10 15:25:45.100 E/EmergencyButton(  926): Service state is null
12-10 15:25:45.102 I/chatty  (  926): uid=10022(com.android.systemui) identical 1 line
12-10 15:25:45.103 E/EmergencyButton(  926): Service state is null
12-10 15:25:45.159 I/WindowManager(  634): performEnableScreen: mDisplayEnabled=false mForceDisplayEnabled=false mShowingBootMessages=false mSystemBooted=true mOnlyCore=false
12-10 15:25:45.159 I/WindowManager(  634): java.lang.RuntimeException: here
12-10 15:25:45.159 I/WindowManager(  634): 	at com.android.server.wm.WindowManagerService.performEnableScreen(WindowManagerService.java:3499)
12-10 15:25:45.159 I/WindowManager(  634): 	at com.android.server.wm.WindowManagerService.access$1100(WindowManagerService.java:285)
12-10 15:25:45.159 I/WindowManager(  634): 	at com.android.server.wm.WindowManagerService$H.handleMessage(WindowManagerService.java:4900)
12-10 15:25:45.159 I/WindowManager(  634): 	at android.os.Handler.dispatchMessage(Handler.java:106)
12-10 15:25:45.159 I/WindowManager(  634): 	at android.os.Looper.loop(Looper.java:193)
12-10 15:25:45.159 I/WindowManager(  634): 	at android.os.HandlerThread.run(HandlerThread.java:65)
12-10 15:25:45.159 I/WindowManager(  634): 	at com.android.server.ServiceThread.run(ServiceThread.java:44)
12-10 15:25:45.160 I/chatty  (  634): uid=1000(system) android.display identical 1 line
12-10 15:25:45.175 I/WindowManager(  634): performEnableScreen: mDisplayEnabled=false mForceDisplayEnabled=false mShowingBootMessages=false mSystemBooted=true mOnlyCore=false
12-10 15:25:45.175 I/WindowManager(  634): java.lang.RuntimeException: here
12-10 15:25:45.175 I/WindowManager(  634): 	at com.android.server.wm.WindowManagerService.performEnableScreen(WindowManagerService.java:3499)
12-10 15:25:45.175 I/WindowManager(  634): 	at com.android.server.wm.WindowManagerService.access$1100(WindowManagerService.java:285)
12-10 15:25:45.175 I/WindowManager(  634): 	at com.android.server.wm.WindowManagerService$H.handleMessage(WindowManagerService.java:4900)
12-10 15:25:45.175 I/WindowManager(  634): 	at android.os.Handler.dispatchMessage(Handler.java:106)
12-10 15:25:45.175 I/WindowManager(  634): 	at android.os.Looper.loop(Looper.java:193)
12-10 15:25:45.175 I/WindowManager(  634): 	at android.os.HandlerThread.run(HandlerThread.java:65)
12-10 15:25:45.175 I/WindowManager(  634): 	at com.android.server.ServiceThread.run(ServiceThread.java:44)
12-10 15:25:45.188 D/WifiService(  634): New client listening to asynchronous messages
12-10 15:25:45.356 D/MtkOmxMp3Dec(  456): MP3 EOS received, TS=0
12-10 15:25:45.485 I/WindowManager(  634): performEnableScreen: mDisplayEnabled=false mForceDisplayEnabled=false mShowingBootMessages=false mSystemBooted=true mOnlyCore=false
12-10 15:25:45.485 I/WindowManager(  634): java.lang.RuntimeException: here
12-10 15:25:45.485 I/WindowManager(  634): 	at com.android.server.wm.WindowManagerService.performEnableScreen(WindowManagerService.java:3499)
12-10 15:25:45.485 I/WindowManager(  634): 	at com.android.server.wm.WindowManagerService.access$1100(WindowManagerService.java:285)
12-10 15:25:45.485 I/WindowManager(  634): 	at com.android.server.wm.WindowManagerService$H.handleMessage(WindowManagerService.java:4900)
12-10 15:25:45.485 I/WindowManager(  634): 	at android.os.Handler.dispatchMessage(Handler.java:106)
12-10 15:25:45.485 I/WindowManager(  634): 	at android.os.Looper.loop(Looper.java:193)
12-10 15:25:45.485 I/WindowManager(  634): 	at android.os.HandlerThread.run(HandlerThread.java:65)
12-10 15:25:45.485 I/WindowManager(  634): 	at com.android.server.ServiceThread.run(ServiceThread.java:44)
12-10 15:25:45.521 I/chatty  (  634): uid=1000(system) android.display identical 1 line
12-10 15:25:45.522 I/WindowManager(  634): performEnableScreen: mDisplayEnabled=false mForceDisplayEnabled=false mShowingBootMessages=false mSystemBooted=true mOnlyCore=false
12-10 15:25:45.522 I/WindowManager(  634): java.lang.RuntimeException: here
12-10 15:25:45.522 I/WindowManager(  634): 	at com.android.server.wm.WindowManagerService.performEnableScreen(WindowManagerService.java:3499)
12-10 15:25:45.522 I/WindowManager(  634): 	at com.android.server.wm.WindowManagerService.access$1100(WindowManagerService.java:285)
12-10 15:25:45.522 I/WindowManager(  634): 	at com.android.server.wm.WindowManagerService$H.handleMessage(WindowManagerService.java:4900)
12-10 15:25:45.522 I/WindowManager(  634): 	at android.os.Handler.dispatchMessage(Handler.java:106)
12-10 15:25:45.522 I/WindowManager(  634): 	at android.os.Looper.loop(Looper.java:193)
12-10 15:25:45.522 I/WindowManager(  634): 	at android.os.HandlerThread.run(HandlerThread.java:65)
12-10 15:25:45.522 I/WindowManager(  634): 	at com.android.server.ServiceThread.run(ServiceThread.java:44)
12-10 15:25:45.549 I/WindowManager(  634): Waiting for drawn Window{3e87588 u0 com.android.settings/com.android.settings.FallbackHome}: removed=false visible=true mHasSurface=true drawState=1
12-10 15:25:45.550 D/DisplayManagerService(  634): Display 0 hasContent flag changed: hasContent=false, inTraversal=true
12-10 15:25:45.551 I/WindowManager(  634): Waiting for drawn Window{3e87588 u0 com.android.settings/com.android.settings.FallbackHome}: removed=false visible=true mHasSurface=true drawState=1
12-10 15:25:45.552 I/WindowManager(  634): performEnableScreen: mDisplayEnabled=false mForceDisplayEnabled=false mShowingBootMessages=false mSystemBooted=true mOnlyCore=false
12-10 15:25:45.552 I/WindowManager(  634): java.lang.RuntimeException: here
12-10 15:25:45.552 I/WindowManager(  634): 	at com.android.server.wm.WindowManagerService.performEnableScreen(WindowManagerService.java:3499)
12-10 15:25:45.552 I/WindowManager(  634): 	at com.android.server.wm.WindowManagerService.access$1100(WindowManagerService.java:285)
12-10 15:25:45.552 I/WindowManager(  634): 	at com.android.server.wm.WindowManagerService$H.handleMessage(WindowManagerService.java:4900)
12-10 15:25:45.552 I/WindowManager(  634): 	at android.os.Handler.dispatchMessage(Handler.java:106)
12-10 15:25:45.552 I/WindowManager(  634): 	at android.os.Looper.loop(Looper.java:193)
