01-01 08:00:22.366 E/LockSettingsStorage(  628): Cannot read file java.io.FileNotFoundException: /data/system/gatekeeper.pattern.key: open failed: ENOENT (No such file or directory)
01-01 08:00:22.366 E/LockSettingsStorage(  628): Cannot read file java.io.FileNotFoundException: /data/system/gatekeeper.gesture.key: open failed: ENOENT (No such file or directory)
01-01 08:00:22.367 E/LockSettingsStorage(  628): Cannot read file java.io.FileNotFoundException: /data/system/gesture.key: open failed: ENOENT (No such file or directory)
01-01 08:00:22.367 I/SystemServer(  628): StartBootPhaseLockSettingsReady
01-01 08:00:22.367 I/SystemServiceManager(  628): Starting phase 480
01-01 08:00:22.409 I/DevicePolicyManager(  628): Set ro.device_owner property to false
01-01 08:00:22.413 W/ShortcutService(  628): Clock rewound
01-01 08:00:22.413 I/SystemServer(  628): StartBootPhaseSystemServicesReady
01-01 08:00:22.413 I/SystemServiceManager(  628): Starting phase 500
01-01 08:00:22.415 D/AppStandbyController(  628): Setting app idle enabled state
01-01 08:00:22.422 I/VrManagerService(  628): No default vr listener service found.
01-01 08:00:22.444 I/WifiService(  628): WifiService starting up with Wi-Fi enabled
01-01 08:00:22.458 E/wificond(  467): No interface is found
01-01 08:00:22.476 D/WifiService(  628): setWifiEnabled: true pid=628, uid=1000, package=android
01-01 08:00:22.486 D/MtkConnectivityService(  628): Got NetworkFactory Messenger for Ethernet
01-01 08:00:22.497 W/SoundTriggerHelper(  628): listModules status=0, # of modules=0
01-01 08:00:22.500 D/PowerHalMgrService(  628): onBootPhase PowerHalMgrService.
01-01 08:00:22.500 I/SystemServer(  628): MakeWindowManagerServiceReady
01-01 08:00:22.508 I/SystemServer(  628): MakePowerManagerServiceReady
01-01 08:00:22.522 E/KernelCpuSpeedReader(  628): Failed to read cpu-freq: /sys/devices/system/cpu/cpu0/cpufreq/stats/time_in_state (No such file or directory)
01-01 08:00:22.524 I/SystemServer(  628): MakePackageManagerServiceReady
01-01 08:00:22.527 W/KeyguardServiceDelegate(  628): onScreenTurningOn(): no keyguard service!
01-01 08:00:22.532 W/PackageManager(  628): Privileged permission android.permission.READ_LOGS for package com.tal.genie.launcher - not in privapp-permissions whitelist
01-01 08:00:22.548 V/UserDataPreparer(  628): Found /data/user_de/0 with serial number 0
01-01 08:00:22.548 V/UserDataPreparer(  628): Found /data/user/0 with serial number 0
01-01 08:00:22.548 V/UserDataPreparer(  628): Found /data/system_de/0 with serial number 0
01-01 08:00:22.548 V/UserDataPreparer(  628): Found /data/system_ce/0 with serial number 0
01-01 08:00:22.549 V/UserDataPreparer(  628): Found /data/misc_ce/0 with serial number -1
01-01 08:00:22.549 D/UserDataPreparer(  628): Serial number missing on /data/misc_ce/0; assuming current is valid
01-01 08:00:22.551 I/SystemServer(  628): MakeDisplayManagerServiceReady
01-01 08:00:22.551 I/SystemServer(  628): StartDeviceSpecificServices
01-01 08:00:22.551 I/SystemServer(  628): StartBootPhaseDeviceSpecificServicesReady
01-01 08:00:22.551 I/SystemServiceManager(  628): Starting phase 520
01-01 08:00:22.553 D/AmsExtImpl(  628): onSystemReady
01-01 08:00:22.556 W/UsageStatsService(  628): Event reported without a package name
01-01 08:00:22.560 I/ActivityManager(  628): System now ready
01-01 08:00:22.562 D/WifiP2pService(  628): P2pDisabledState{ when=0 what=143376 target=com.android.internal.util.StateMachine$SmHandler }
01-01 08:00:22.566 I/SystemServer(  628): Making services ready
01-01 08:00:22.566 I/SystemServer(  628): StartActivityManagerReadyPhase
01-01 08:00:22.566 I/SystemServiceManager(  628): Starting phase 550
01-01 08:00:22.569 D/DuraSpeed(  628): Persistent apps = [com.tal.genie.rtc, com.tal.genie.push, com.tal.genie.voice, android, com.android.se, com.android.systemui]
01-01 08:00:22.570 D/MTKWifiDisplayController(  628): loadDebugLevel, debugLevel = 0
01-01 08:00:22.570 I/MTKWifiDisplayController(  628): updateWfdEnableState(), mWifiDisplayOnSetting:false, mWifiP2pEnabled:false
01-01 08:00:22.571 I/MTKWifiDisplayController(  628): updateWfdInfo(), enable:false,mWfdEnabling:false
01-01 08:00:22.571 D/MTKWifiDisplayController(  628): reportFeatureState(), featureState = 2
01-01 08:00:22.572 D/WifiP2pService(  628): P2pDisabledState{ when=0 what=139323 arg2=1 obj=WFD enabled: false
01-01 08:00:22.572 D/WifiP2pService(  628):  WFD DeviceInfo: 0
01-01 08:00:22.572 D/WifiP2pService(  628):  WFD CtrlPort: 0
01-01 08:00:22.572 D/WifiP2pService(  628):  WFD MaxThroughput: 0
01-01 08:00:22.572 D/WifiP2pService(  628):  WFD Extended Capability: 0 target=com.android.internal.util.StateMachine$SmHandler }
01-01 08:00:22.572 D/WifiP2pService(  628): DefaultState{ when=0 what=139323 arg2=1 obj=WFD enabled: false
01-01 08:00:22.572 D/WifiP2pService(  628):  WFD DeviceInfo: 0
01-01 08:00:22.572 D/WifiP2pService(  628):  WFD CtrlPort: 0
01-01 08:00:22.572 D/WifiP2pService(  628):  WFD MaxThroughput: 0
01-01 08:00:22.572 D/WifiP2pService(  628):  WFD Extended Capability: 0 target=com.android.internal.util.StateMachine$SmHandler }
01-01 08:00:22.572 I/MTKWifiDisplayController(  628): updateScanState(), mSinkEnabled:falsemDiscoverPeersInProgress:false
01-01 08:00:22.572 I/MTKWifiDisplayController(  628): disconnect, mRemoteDisplayInterface = null
01-01 08:00:22.572 I/MTKWifiDisplayController(  628): updateScanState(), mSinkEnabled:falsemDiscoverPeersInProgress:false
01-01 08:00:22.573 I/MTKWifiDisplayController(  628): RealMetrics, Width = 720, Height = 1600
01-01 08:00:22.573 D/MTKWifiDisplayController(  628): registerEMObserver(), tt:20,nt:60,res:-1,ps:1,psd:10,so:1
01-01 08:00:22.574 I/MTKWifiDisplayController(  628): mResolution:0, resolutionIndex: 5
01-01 08:00:22.582 I/MTKWifiDisplayController(  628): actionAtDisconnected
01-01 08:00:22.582 E/MTKWifiDisplayController(  628): actionAtDisconnected, null display
01-01 08:00:22.584 E/MTKWifiDisplayController(  628): WFD disconnected, and WifiLock isn't Held!
01-01 08:00:22.585 D/MTKWifiDisplayController(  628): updateChosenCapability(), connected:false, capability:, portrait:false
01-01 08:00:22.586 I/MTKWifiDisplayController(  628): hideLatencyPanel
01-01 08:00:22.587 D/MTKWifiDisplayController(  628): callback onFeatureStateChanged(): featureState = 2
01-01 08:00:22.620 W/SystemServiceManager(  628): Service com.android.server.content.ContentService$Lifecycle took 51 ms in onBootPhase
01-01 08:00:22.764 W/SystemServiceManager(  628): Service com.android.server.InputMethodManagerService$Lifecycle took 142 ms in onBootPhase
01-01 08:00:22.764 D/StorageManagerService(  628): Thinking about init, mSystemReady=true, mDaemonConnected=true
01-01 08:00:22.764 D/StorageManagerService(  628): Setting up emulation state, initlocked=false
01-01 08:00:22.765 D/vold    (  272): e4crypt_unlock_user_key 0 serial=0 token_present=0
01-01 08:00:22.765 D/StorageManagerService(  628): Thinking about reset, mSystemReady=true, mDaemonConnected=true
01-01 08:00:22.766 I/ActivityManager(  628): Force stopping com.android.providers.media appid=10006 user=-1: vold reset
01-01 08:00:22.768 I/WallpaperManagerService(  628): No static wallpaper imagery; defaults will be shown
01-01 08:00:22.770 V/StorageManagerService(  628): Found primary storage at VolumeInfo{emulated}:
01-01 08:00:22.770 V/StorageManagerService(  628):     type=EMULATED diskId=null partGuid= mountFlags=0 mountUserId=-1 
01-01 08:00:22.770 V/StorageManagerService(  628):     state=UNMOUNTED 
01-01 08:00:22.770 V/StorageManagerService(  628):     fsType=null fsUuid=null fsLabel=null 
01-01 08:00:22.770 V/StorageManagerService(  628):     path=null internalPath=null 
01-01 08:00:22.770 W/WallpaperManagerService(  628): Invalid wallpaper data
01-01 08:00:22.770 E/WallpaperManagerService(  628): Unable to apply new wallpaper
01-01 08:00:22.774 I/SystemServer(  628): StartObservingNativeCrashes
01-01 08:00:22.776 I/SystemServer(  628): StartSystemUI
01-01 08:00:22.776 I/SystemServer(  628): WebViewFactoryPreparation
01-01 08:00:22.779 I/UsbPortManager(  628): ClientCallback: dual-role-usb20
01-01 08:00:22.781 I/UsbPortManager(  628): USB port added: port=UsbPort{id=dual-role-usb20, supportedModes=dual}, status=UsbPortStatus{connected=false, currentMode=none, currentPowerRole=no-power, currentDataRole=no-data, supportedRoleCombinations=[no-power:no-data]}, canChangeMode=false, canChangePowerRole=false, canChangeDataRole=false
01-01 08:00:22.782 V/vold    (  272): Waiting for FUSE to spin up...
01-01 08:00:22.785 I/SystemServer(  628): MakeNetworkManagementServiceReady
01-01 08:00:22.785 D/NetworkManagement(  628): enabling bandwidth control
01-01 08:00:22.787 I/ActivityManager(  628): Start proc 744:com.android.inputmethod.latin/u0a24 for service com.android.inputmethod.latin/.LatinIME
01-01 08:00:22.822 I/ActivityManager(  628): Start proc 757:com.android.systemui/u0a19 for service com.android.systemui/.SystemUIService
01-01 08:00:22.833 V/vold    (  272): Waiting for FUSE to spin up...
01-01 08:00:22.846 W/sdcard  (  747): Device explicitly enabled sdcardfs
01-01 08:00:22.864 W/ActivityManager(  628): Slow operation: 59ms so far, now at startProcess: done updating battery stats
01-01 08:00:22.864 W/ActivityManager(  628): Slow operation: 59ms so far, now at startProcess: building log message
01-01 08:00:22.865 I/ActivityManager(  628): Start proc 769:WebViewLoader-armeabi-v7a/1037 [android.webkit.WebViewLibraryLoader$RelroFileCreator] for 
01-01 08:00:22.865 W/ActivityManager(  628): Slow operation: 60ms so far, now at startProcess: starting to update pids map
01-01 08:00:22.865 W/ActivityManager(  628): Slow operation: 60ms so far, now at startProcess: done updating pids map
01-01 08:00:22.989 D/MtkOmxAdpcmDec(  468): MtkOmxAdpcmDec Construct !!!
01-01 08:00:22.991 D/MtkOmxAdpcmDec(  468): MtkOmxAdpcmDec Deconstruct !!!
01-01 08:00:22.995 D/MtkOmxAdpcmDec(  468): MtkOmxAdpcmDec Construct !!!
01-01 08:00:22.998 D/MtkOmxAdpcmDec(  468): MtkOmxAdpcmDec Deconstruct !!!
01-01 08:00:23.017 I/ActivityManager(  628): Process WebViewLoader-armeabi-v7a (pid 769) has died: psvc PER 
01-01 08:00:23.018 E/KernelCpuSpeedReader(  628): Failed to read cpu-freq: /sys/devices/system/cpu/cpu0/cpufreq/stats/time_in_state (No such file or directory)
01-01 08:00:23.039 D/MtkOmxApeDec(  468): MtkOmxApeDec::MtkOmxApeDec(APE) this= 0xb3a43a00
01-01 08:00:23.044 D/        (  303): create:in_size:5184,working_BUF_size:34908,out_size:5184
01-01 08:00:23.044 D/MtkOmxApeDec(  468): ctor:in_size:5184,out_size:5184
01-01 08:00:23.044 D/MtkOmxApeDec(  468): MtkOmxApeDec::InitAudioParams(APE)
01-01 08:00:23.060 D/MtkOmxApeDec(  468): ~dtor- this= 0xb3a43a00
01-01 08:00:23.085 D/MtkOmxGsmDec(  468): MtkOmxComponentCreate +++ !!!
01-01 08:00:23.085 D/MtkOmxGsmDec(  468): MtkOmxGsmDec Construct !!!
01-01 08:00:23.085 D/MtkOmxGsmDec(  468): Init Audio(GSM) Params!!!
01-01 08:00:23.087 D/MtkOmxGsmDec(  468): MtkOmxGsmDec Deconstruct !!!
01-01 08:00:23.095 D/MtkOmxMp3Dec(  468): JB MtkOmxMp3Dec::MtkOmxMp3Dec this= 0xb3a43a00
01-01 08:00:23.095 D/MtkOmxMp3Dec(  468): JB MtkOmxMp3Dec::InitAudioParams(MP3)
01-01 08:00:23.096 D/MtkOmxMp3Dec(  468): JB ~MtkOmxMp3Dec this= 0xb3a43a00
01-01 08:00:23.096 D/MtkOmxMp3Dec(  468): component has been DeInit before,return.
01-01 08:00:23.102 I/android.hardware.wifi@1.0-service-mediatek(  302): Wifi HAL started
01-01 08:00:23.108 D/MtkOmxMp3Dec(  468): JB MtkOmxMp3Dec::MtkOmxMp3Dec this= 0xb3a43a00
01-01 08:00:23.108 D/MtkOmxMp3Dec(  468): JB MtkOmxMp3Dec::InitAudioParams(MP3)
01-01 08:00:23.109 D/MtkOmxMp3Dec(  468): JB ~MtkOmxMp3Dec this= 0xb3a43a00
01-01 08:00:23.109 D/MtkOmxMp3Dec(  468): component has been DeInit before,return.
01-01 08:00:23.120 D/MTKWifiDisplayController(  628): Received WIFI_P2P_STATE_CHANGED_ACTION: enabled=false
01-01 08:00:23.120 I/MTKWifiDisplayController(  628): updateWfdEnableState(), mWifiDisplayOnSetting:false, mWifiP2pEnabled:false
01-01 08:00:23.120 I/MTKWifiDisplayController(  628): updateWfdInfo(), enable:false,mWfdEnabling:false
01-01 08:00:23.120 D/MTKWifiDisplayController(  628): reportFeatureState(), featureState = 2
01-01 08:00:23.120 I/MTKWifiDisplayController(  628): updateScanState(), mSinkEnabled:falsemDiscoverPeersInProgress:false
01-01 08:00:23.120 I/MTKWifiDisplayController(  628): disconnect, mRemoteDisplayInterface = null
01-01 08:00:23.120 I/MTKWifiDisplayController(  628): updateScanState(), mSinkEnabled:falsemDiscoverPeersInProgress:false
01-01 08:00:23.120 D/MTKWifiDisplayController(  628): callback onFeatureStateChanged(): featureState = 2
01-01 08:00:23.120 D/WifiP2pService(  628): P2pDisabledState{ when=0 what=139323 arg2=2 obj=WFD enabled: false
01-01 08:00:23.120 D/WifiP2pService(  628):  WFD DeviceInfo: 0
01-01 08:00:23.120 D/WifiP2pService(  628):  WFD CtrlPort: 0
01-01 08:00:23.120 D/WifiP2pService(  628):  WFD MaxThroughput: 0
01-01 08:00:23.120 D/WifiP2pService(  628):  WFD Extended Capability: 0 target=com.android.internal.util.StateMachine$SmHandler }
01-01 08:00:23.120 D/WifiP2pService(  628): DefaultState{ when=-1ms what=139323 arg2=2 obj=WFD enabled: false
01-01 08:00:23.120 D/WifiP2pService(  628):  WFD DeviceInfo: 0
01-01 08:00:23.120 D/WifiP2pService(  628):  WFD CtrlPort: 0
01-01 08:00:23.120 D/WifiP2pService(  628):  WFD MaxThroughput: 0
01-01 08:00:23.120 D/WifiP2pService(  628):  WFD Extended Capability: 0 target=com.android.internal.util.StateMachine$SmHandler }
01-01 08:00:23.186 I/SystemServer(  628): MakeIpSecServiceReady
01-01 08:00:23.191 D/IpSecService(  628): IpSecService is ready
01-01 08:00:23.191 I/SystemServer(  628): MakeNetworkStatsServiceReady
01-01 08:00:23.193 V/NetworkStatsRecorder(  628): setPersistThreshold() with 2097152
01-01 08:00:23.193 I/chatty  (  628): uid=1000 system_server identical 2 lines
01-01 08:00:23.194 V/NetworkStatsRecorder(  628): setPersistThreshold() with 2097152
01-01 08:00:23.194 W/NetworkPolicy(  628): setRestrictBackgroundUL: already false
01-01 08:00:23.194 D/NetworkStatsRecorder(  628): loadLocked() reading from disk for xt
01-01 08:00:23.224 I/SystemServer(  628): MakeConnectivityServiceReady
01-01 08:00:23.253 I/SystemServer(  628): MakeNetworkPolicyServiceReady
01-01 08:00:23.254 I/SystemServer(  628): StartWatchdog
01-01 08:00:23.255 I/SystemServer(  628): PhaseThirdPartyAppsCanStart
01-01 08:00:23.255 I/SystemServiceManager(  628): Starting phase 600
01-01 08:00:23.264 V/WallpaperManagerService(  628): bindWallpaperComponentLocked: componentName=ComponentInfo{com.android.systemui/com.android.systemui.ImageWallpaper}
01-01 08:00:23.319 I/StatsCompanionService(  628): Told statsd that StatsCompanionService is alive.
01-01 08:00:23.320 I/SystemServer(  628): MakeLocationServiceReady
01-01 08:00:23.348 I/android.hardware.wifi@1.0-service-mediatek(  302): Adding interface handle for p2p0
01-01 08:00:23.352 I/android.hardware.wifi@1.0-service-mediatek(  302): Adding interface handle for wlan0
01-01 08:00:23.353 E/android.hardware.wifi@1.0-service-mediatek(  302): Failed to register radio mode change callback
01-01 08:00:23.353 I/android.hardware.wifi@1.0-service-mediatek(  302): Configured chip in mode 0
01-01 08:00:23.361 W/LocationManagerService(  628): no network location provider found
01-01 08:00:23.367 E/LocationManagerService(  628): no geocoder provider found
01-01 08:00:23.373 D/LocationManagerService(  628): Unable to bind FLP Geofence proxy.
01-01 08:00:23.374 D/LocationManagerService(  628): Hardware Activity-Recognition not supported.
01-01 08:00:23.375 D/LocationManagerService(  628): Unable to bind ActivityRecognitionProxy.
01-01 08:00:23.380 I/SystemServer(  628): MakeCountryDetectionServiceReady
01-01 08:00:23.380 I/SystemServer(  628): MakeNetworkTimeUpdateReady
01-01 08:00:23.393 D/MtkConnectivityService(  628): requestNetwork for uid/pid:1000/628 NetworkRequest [ TRACK_DEFAULT id=6, [ Capabilities: INTERNET&NOT_RESTRICTED&TRUSTED Unwanted:  Uid: 1000] ]
01-01 08:00:23.396 I/SystemServer(  628): MakeCommonTimeManagementServiceReady
01-01 08:00:23.396 I/SystemServer(  628): MakeInputManagerServiceReady
01-01 08:00:23.397 I/SystemServer(  628): MakeTelephonyRegistryReady
01-01 08:00:23.398 I/SystemServer(  628): MakeMediaRouterServiceReady
01-01 08:00:23.398 I/SystemServer(  628): IncidentDaemonReady
01-01 08:00:23.402 I/SystemServiceManager(  628): Calling onStartUser u0
01-01 08:00:23.405 W/VoiceInteractionManagerService(  628): no available voice recognition services found for user 0
01-01 08:00:23.414 I/ActivityManager(  628): START u0 {act=android.intent.action.MAIN cat=[android.intent.category.HOME] flg=0x10000100 cmp=com.android.settings/.FallbackHome} from uid 0
01-01 08:00:23.432 I/wificond(  467): create scanner for interface with index: 9
01-01 08:00:23.435 I/wificond(  467): subscribe scan result for interface with index: 9
01-01 08:00:23.448 E/wificond(  467): No Offload Service available
01-01 08:00:23.449 I/wificond(  467): Offload HAL not supported 
01-01 08:00:23.572 I/ActivityManager(  628): Loaded persisted task ids for user 0
01-01 08:00:23.694 W/ActivityManager(  628): Slow operation: 110ms so far, now at startProcess: asking zygote to start proc
01-01 08:00:23.694 D/SystemServerInitThreadPool(  628): Shutdown successful
01-01 08:00:23.702 W/Looper  (  628): Slow delivery took 2475ms main h=android.os.Handler c=com.android.server.BatteryService$8@b1c7486 m=0
01-01 08:00:23.723 W/ActivityManager(  628): Slow operation: 139ms so far, now at startProcess: returned from zygote!
01-01 08:00:23.723 W/ActivityManager(  628): Slow operation: 139ms so far, now at startProcess: done updating battery stats
01-01 08:00:23.723 W/ActivityManager(  628): Slow operation: 139ms so far, now at startProcess: building log message
01-01 08:00:23.723 I/ActivityManager(  628): Start proc 937:com.android.settings/1000 for activity com.android.settings/.FallbackHome
01-01 08:00:23.723 W/ActivityManager(  628): Slow operation: 140ms so far, now at startProcess: starting to update pids map
01-01 08:00:23.723 W/ActivityManager(  628): Slow operation: 140ms so far, now at startProcess: done updating pids map
01-01 08:00:23.767 V/WindowManager(  628): Set focused app to: AppWindowToken{e63a42d token=Token{c01bb44 ActivityRecord{c31f457 u0 com.android.settings/.FallbackHome t1}}} old focus=null moveFocusNow=true
01-01 08:00:23.776 I/sn      (  484): Retry 1
01-01 08:00:23.777 I/sn      (  484): Fail to access err=2
01-01 08:00:23.777 I/chatty  (  484): uid=1000(system) identical 1 line
01-01 08:00:23.777 I/sn      (  484): Fail to access err=2
01-01 08:00:23.777 I/sn      (  484): Check all possible paths
01-01 08:00:23.777 D/ConditionProviders.SCP(  628): onConnected
01-01 08:00:23.777 I/MTKWifiDisplayController(  628): Received NETWORK_STATE_CHANGED,con:false,SSID:null,Freq:0,netId:-1, updated:false
01-01 08:00:23.778 V/SettingsProvider(  628): Notifying for 0: content://settings/global/zen_settings_updated
01-01 08:00:23.781 D/ConditionProviders(  628): Subscribing to condition://android/event?userId=-10000&calendar=&reply=1 with ComponentInfo{android/com.android.server.notification.EventConditionProvider}
01-01 08:00:23.781 D/ConditionProviders(  628): Subscribing to condition://android/schedule?days=1.2.3.4.5.6.7&start=22.0&end=7.0&exitAtAlarm=true with ComponentInfo{android/com.android.server.notification.ScheduleConditionProvider}
01-01 08:00:23.784 V/WindowManager(  628): broadcast VOLUME_CHANGED received
01-01 08:00:23.785 I/chatty  (  628): uid=1000 system_server identical 7 lines
01-01 08:00:23.785 V/WindowManager(  628): broadcast VOLUME_CHANGED received
01-01 08:00:23.790 V/SettingsProvider(  628): Notifying for 0: content://settings/secure/location_providers_allowed
01-01 08:00:23.790 V/SettingsProvider(  628): Notifying for 0: content://settings/global/location_global_kill_switch
01-01 08:00:23.795 W/ContextImpl(  628): Calling a method in the system process without a qualified user: android.app.ContextImpl.startService:1532 com.android.server.content.SyncManager$14.run:756 android.os.Handler.handleCallback:873 android.os.Handler.dispatchMessage:99 android.os.Looper.loop:193 
01-01 08:00:23.798 D/WifiP2pService(  628): P2pDisabledState{ when=0 what=143377 target=com.android.internal.util.StateMachine$SmHandler }
01-01 08:00:23.798 D/WifiP2pService(  628): DefaultState{ when=0 what=143377 target=com.android.internal.util.StateMachine$SmHandler }
01-01 08:00:23.798 E/WifiP2pService(  628): Unexpected disable request when WifiChannel is null
01-01 08:00:23.799 V/SettingsProvider(  628): Notifying for 0: content://settings/global/boot_count
01-01 08:00:23.799 E/BatteryExternalStatsWorker(  628): no controller energy info supplied for wifi
01-01 08:00:23.804 D/MTKWifiDisplayController(  628): Received WIFI_P2P_STATE_CHANGED_ACTION: enabled=false
01-01 08:00:23.804 I/MTKWifiDisplayController(  628): updateWfdEnableState(), mWifiDisplayOnSetting:false, mWifiP2pEnabled:false
01-01 08:00:23.804 I/MTKWifiDisplayController(  628): updateWfdInfo(), enable:false,mWfdEnabling:false
01-01 08:00:23.804 D/MTKWifiDisplayController(  628): reportFeatureState(), featureState = 2
01-01 08:00:23.804 I/MTKWifiDisplayController(  628): updateScanState(), mSinkEnabled:falsemDiscoverPeersInProgress:false
01-01 08:00:23.804 I/MTKWifiDisplayController(  628): disconnect, mRemoteDisplayInterface = null
01-01 08:00:23.804 I/MTKWifiDisplayController(  628): updateScanState(), mSinkEnabled:falsemDiscoverPeersInProgress:false
01-01 08:00:23.804 D/MTKWifiDisplayController(  628): callback onFeatureStateChanged(): featureState = 2
01-01 08:00:23.804 D/WifiP2pService(  628): P2pDisabledState{ when=-1ms what=139323 arg2=3 obj=WFD enabled: false
01-01 08:00:23.804 D/WifiP2pService(  628):  WFD DeviceInfo: 0
01-01 08:00:23.804 D/WifiP2pService(  628):  WFD CtrlPort: 0
01-01 08:00:23.804 D/WifiP2pService(  628):  WFD MaxThroughput: 0
01-01 08:00:23.804 D/WifiP2pService(  628):  WFD Extended Capability: 0 target=com.android.internal.util.StateMachine$SmHandler }
01-01 08:00:23.805 D/WifiP2pService(  628): DefaultState{ when=-1ms what=139323 arg2=3 obj=WFD enabled: false
01-01 08:00:23.805 D/WifiP2pService(  628):  WFD DeviceInfo: 0
01-01 08:00:23.805 D/WifiP2pService(  628):  WFD CtrlPort: 0
01-01 08:00:23.805 D/WifiP2pService(  628):  WFD MaxThroughput: 0
01-01 08:00:23.805 D/WifiP2pService(  628):  WFD Extended Capability: 0 target=com.android.internal.util.StateMachine$SmHandler }
01-01 08:00:23.819 E/BatteryExternalStatsWorker(  628): no controller energy info supplied for wifi
01-01 08:00:23.819 E/BatteryExternalStatsWorker(  628): no controller energy info supplied for telephony
01-01 08:00:23.837 D/WifiDisplayAdapter(  628): getWifiDisplayStatusLocked: result=WifiDisplayStatus{featureState=2, scanState=0, activeDisplayState=0, activeDisplay=null, displays=[], sessionInfo=WifiDisplaySessionInfo:
01-01 08:00:23.837 D/WifiDisplayAdapter(  628):     Client/Owner: Client
01-01 08:00:23.837 D/WifiDisplayAdapter(  628):     GroupId: 
01-01 08:00:23.837 D/WifiDisplayAdapter(  628):     Passphrase: 
01-01 08:00:23.837 D/WifiDisplayAdapter(  628):     SessionId: 0
01-01 08:00:23.837 D/WifiDisplayAdapter(  628):     IP Address: }
01-01 08:00:23.839 E/ActivityThread(  744): Failed to find provider info for user_dictionary
01-01 08:00:23.845 D/WifiDisplayAdapter(  628): getWifiDisplayStatusLocked: result=WifiDisplayStatus{featureState=2, scanState=0, activeDisplayState=0, activeDisplay=null, displays=[], sessionInfo=WifiDisplaySessionInfo:
01-01 08:00:23.845 D/WifiDisplayAdapter(  628):     Client/Owner: Client
01-01 08:00:23.845 D/WifiDisplayAdapter(  628):     GroupId: 
01-01 08:00:23.845 D/WifiDisplayAdapter(  628):     Passphrase: 
01-01 08:00:23.845 D/WifiDisplayAdapter(  628):     SessionId: 0
01-01 08:00:23.845 D/WifiDisplayAdapter(  628):     IP Address: }
01-01 08:00:23.861 V/WiredAccessoryManager(  628): notifyWiredAccessoryChanged: when=0 bits= mask=54
01-01 08:00:23.861 V/WiredAccessoryManager(  628): newName=h2w newState=0 headsetState=0 prev headsetState=0
01-01 08:00:23.861 V/WiredAccessoryManager(  628): init()
01-01 08:00:23.924 D/WifiP2pService(  628): P2pDisabledState{ when=0 what=143376 target=com.android.internal.util.StateMachine$SmHandler }
01-01 08:00:23.925 D/MTKWifiDisplayController(  628): Received WIFI_P2P_STATE_CHANGED_ACTION: enabled=true
01-01 08:00:23.925 I/MTKWifiDisplayController(  628): updateWfdEnableState(), mWifiDisplayOnSetting:false, mWifiP2pEnabled:true
01-01 08:00:23.925 I/MTKWifiDisplayController(  628): updateWfdInfo(), enable:false,mWfdEnabling:false
01-01 08:00:23.926 D/MTKWifiDisplayController(  628): reportFeatureState(), featureState = 2
01-01 08:00:23.926 I/MTKWifiDisplayController(  628): updateScanState(), mSinkEnabled:falsemDiscoverPeersInProgress:false
01-01 08:00:23.926 I/MTKWifiDisplayController(  628): disconnect, mRemoteDisplayInterface = null
01-01 08:00:23.926 I/MTKWifiDisplayController(  628): updateScanState(), mSinkEnabled:falsemDiscoverPeersInProgress:false
01-01 08:00:23.926 D/MTKWifiDisplayController(  628): callback onFeatureStateChanged(): featureState = 2
01-01 08:00:23.929 D/ConditionProviders.SCP(  628): onSubscribe condition://android/schedule?days=1.2.3.4.5.6.7&start=22.0&end=7.0&exitAtAlarm=true
01-01 08:00:23.929 D/ConditionProviders.SCP(  628): setRegistered true
01-01 08:00:23.932 E/ActivityThread(  628): Failed to find provider info for com.android.calendar
01-01 08:00:23.932 D/ConditionProviders.SCP(  628): evaluateSubscriptionLocked cal=ScheduleCalendar[mDays={1, 2, 3, 4, 5, 6, 7}, mSchedule=ScheduleInfo{days=[1, 2, 3, 4, 5, 6, 7], startHour=22, startMinute=0, endHour=7, endMinute=0, exitAtAlarm=true, nextAlarm=Thu Jan 01 08:00:00 GMT+08:00 1970 (0)}], now=Fri Jan 01 08:00:23 GMT+08:00 2010 (1262304023929), nextUserAlarmTime=Thu Jan 01 08:00:00 GMT+08:00 1970 (0)
01-01 08:00:23.932 D/ConditionProviders.SCP(  628): notifyCondition condition://android/schedule?days=1.2.3.4.5.6.7&start=22.0&end=7.0&exitAtAlarm=true STATE_FALSE reason=!meetsSchedule
01-01 08:00:23.933 E/ActivityThread(  628): Failed to find provider info for com.android.calendar
01-01 08:00:23.934 D/ConditionProviders.SCP(  628): Scheduling evaluate for Fri Jan 01 22:00:00 GMT+08:00 2010 (1262354400000), in +13h59m36s71ms, now=Fri Jan 01 08:00:23 GMT+08:00 2010 (1262304023929)
01-01 08:00:23.943 I/SyncManager(  628): Got SyncJobService instance.
01-01 08:00:23.955 I/DropBoxManagerService(  628): Cleaning temp file: /data/system/dropbox/drop70.tmp
01-01 08:00:23.959 I/AutofillManagerService(  628): Updating Autofill for user 0: disabled=false
01-01 08:00:23.964 V/WindowManager(  628): broadcast VOLUME_CHANGED received
01-01 08:00:23.964 I/chatty  (  628): uid=1000 system_server identical 7 lines
01-01 08:00:23.964 V/WindowManager(  628): broadcast VOLUME_CHANGED received
01-01 08:00:23.967 W/Looper  (  628): Drained
01-01 08:00:24.021 I/WindowManager(  628): Relayout Window{953329b u0 com.android.settings/com.android.settings.FallbackHome}: oldVis=4 newVis=0 focusMayChange = true
01-01 08:00:24.026 V/WindowManager(  628): Changing focus from null to Window{953329b u0 com.android.settings/com.android.settings.FallbackHome} Callers=com.android.server.wm.WindowManagerService.relayoutWindow:2142 com.android.server.wm.Session.relayout:244 android.view.IWindowSession$Stub.onTransact:309 com.android.server.wm.Session.onTransact:164 
01-01 08:00:24.026 D/WindowManager(  628): Input focus has changed to Window{953329b u0 com.android.settings/com.android.settings.FallbackHome}
01-01 08:00:24.027 I/WindowManager(  628): Focus moving from null to Window{953329b u0 com.android.settings/com.android.settings.FallbackHome}
01-01 08:00:24.093 D/DisplayManagerService(  628): Display 0 hasContent flag changed: hasContent=true, inTraversal=true
01-01 08:00:24.098 I/WindowManager(  628): enableScreenAfterBoot: mDisplayEnabled=false mForceDisplayEnabled=false mShowingBootMessages=false mSystemBooted=false
01-01 08:00:24.098 I/WindowManager(  628): java.lang.RuntimeException: here
01-01 08:00:24.098 I/WindowManager(  628): 	at com.android.server.wm.WindowManagerService.enableScreenAfterBoot(WindowManagerService.java:3426)
01-01 08:00:24.098 I/WindowManager(  628): 	at com.android.server.am.ActivityManagerService.enableScreenAfterBoot(ActivityManagerService.java:8125)
01-01 08:00:24.098 I/WindowManager(  628): 	at com.android.server.am.ActivityManagerService$MainHandler.handleMessage(ActivityManagerService.java:2466)
01-01 08:00:24.098 I/WindowManager(  628): 	at android.os.Handler.dispatchMessage(Handler.java:106)
01-01 08:00:24.098 I/WindowManager(  628): 	at android.os.Looper.loop(Looper.java:193)
01-01 08:00:24.098 I/WindowManager(  628): 	at android.os.HandlerThread.run(HandlerThread.java:65)
01-01 08:00:24.098 I/WindowManager(  628): 	at com.android.server.ServiceThread.run(ServiceThread.java:44)
01-01 08:00:24.098 I/WindowManager(  628): hideBootMessagesLocked: mDisplayEnabled=false mForceDisplayEnabled=false mShowingBootMessages=false mSystemBooted=true
01-01 08:00:24.098 I/WindowManager(  628): java.lang.RuntimeException: here
01-01 08:00:24.098 I/WindowManager(  628): 	at com.android.server.wm.WindowManagerService.hideBootMessagesLocked(WindowManagerService.java:3620)
01-01 08:00:24.098 I/WindowManager(  628): 	at com.android.server.wm.WindowManagerService.enableScreenAfterBoot(WindowManagerService.java:3436)
01-01 08:00:24.098 I/WindowManager(  628): 	at com.android.server.am.ActivityManagerService.enableScreenAfterBoot(ActivityManagerService.java:8125)
01-01 08:00:24.098 I/WindowManager(  628): 	at com.android.server.am.ActivityManagerService$MainHandler.handleMessage(ActivityManagerService.java:2466)
01-01 08:00:24.098 I/WindowManager(  628): 	at android.os.Handler.dispatchMessage(Handler.java:106)
01-01 08:00:24.098 I/WindowManager(  628): 	at android.os.Looper.loop(Looper.java:193)
01-01 08:00:24.098 I/WindowManager(  628): 	at android.os.HandlerThread.run(HandlerThread.java:65)
01-01 08:00:24.098 I/WindowManager(  628): 	at com.android.server.ServiceThread.run(ServiceThread.java:44)
01-01 08:00:24.099 W/KeyguardServiceDelegate(  628): onScreenTurningOn(): no keyguard service!
01-01 08:00:24.099 I/WindowManager(  628): performEnableScreen: mDisplayEnabled=false mForceDisplayEnabled=false mShowingBootMessages=false mSystemBooted=true mOnlyCore=false
01-01 08:00:24.099 I/WindowManager(  628): java.lang.RuntimeException: here
01-01 08:00:24.099 I/WindowManager(  628): 	at com.android.server.wm.WindowManagerService.performEnableScreen(WindowManagerService.java:3499)
01-01 08:00:24.099 I/WindowManager(  628): 	at com.android.server.wm.WindowManagerService.enableScreenAfterBoot(WindowManagerService.java:3444)
01-01 08:00:24.099 I/WindowManager(  628): 	at com.android.server.am.ActivityManagerService.enableScreenAfterBoot(ActivityManagerService.java:8125)
01-01 08:00:24.099 I/WindowManager(  628): 	at com.android.server.am.ActivityManagerService$MainHandler.handleMessage(ActivityManagerService.java:2466)
01-01 08:00:24.099 I/WindowManager(  628): 	at android.os.Handler.dispatchMessage(Handler.java:106)
01-01 08:00:24.099 I/WindowManager(  628): 	at android.os.Looper.loop(Looper.java:193)
01-01 08:00:24.099 I/WindowManager(  628): 	at android.os.HandlerThread.run(HandlerThread.java:65)
01-01 08:00:24.099 I/WindowManager(  628): 	at com.android.server.ServiceThread.run(ServiceThread.java:44)
01-01 08:00:24.105 I/WindowManager(  628): performEnableScreen: mDisplayEnabled=false mForceDisplayEnabled=false mShowingBootMessages=false mSystemBooted=true mOnlyCore=false
01-01 08:00:24.105 I/WindowManager(  628): java.lang.RuntimeException: here
01-01 08:00:24.105 I/WindowManager(  628): 	at com.android.server.wm.WindowManagerService.performEnableScreen(WindowManagerService.java:3499)
01-01 08:00:24.105 I/WindowManager(  628): 	at com.android.server.wm.WindowManagerService.access$1100(WindowManagerService.java:285)
01-01 08:00:24.105 I/WindowManager(  628): 	at com.android.server.wm.WindowManagerService$H.handleMessage(WindowManagerService.java:4900)
01-01 08:00:24.105 I/WindowManager(  628): 	at android.os.Handler.dispatchMessage(Handler.java:106)
01-01 08:00:24.105 I/WindowManager(  628): 	at android.os.Looper.loop(Looper.java:193)
01-01 08:00:24.105 I/WindowManager(  628): 	at android.os.HandlerThread.run(HandlerThread.java:65)
01-01 08:00:24.105 I/WindowManager(  628): 	at com.android.server.ServiceThread.run(ServiceThread.java:44)
01-01 08:00:24.132 D/WifiP2pService(  628): P2pEnabledState
01-01 08:00:24.132 D/WifiP2pService(  628): sending p2p connection changed broadcast
01-01 08:00:24.134 E/WifiP2pService(  628): sendP2pConnectionChangedBroadcast(): WifiChannel is null
01-01 08:00:24.134 D/MTKWifiDisplayController(  628): Received WIFI_P2P_CONNECTION_CHANGED_ACTION: isConnected? false, reason = -1
01-01 08:00:24.134 D/MTKWifiDisplayController(  628): updateWifiP2pChannelId(), id:-1
01-01 08:00:24.134 I/MTKWifiDisplayController(  628): handleConnectionChanged(), mWfdEnabled:false
01-01 08:00:24.148 D/WifiP2pService(  628): DeviceAddress: 2e:fd:b3:c1:c5:cb
01-01 08:00:24.155 D/WifiP2pService(  628): sending p2p persistent groups changed broadcast
01-01 08:00:24.156 D/WifiP2pService(  628): InactiveState
01-01 08:00:24.157 D/WifiP2pService(  628): InactiveState{ when=-25ms what=147457 target=com.android.internal.util.StateMachine$SmHandler }
01-01 08:00:24.157 D/WifiP2pService(  628): P2pEnabledState{ when=-25ms what=147457 target=com.android.internal.util.StateMachine$SmHandler }
01-01 08:00:24.157 D/WifiP2pService(  628): DefaultState{ when=-25ms what=147457 target=com.android.internal.util.StateMachine$SmHandler }
01-01 08:00:24.157 D/WifiP2pService(  628): InactiveState{ when=-1ms what=139323 arg2=4 obj=WFD enabled: false
01-01 08:00:24.157 D/WifiP2pService(  628):  WFD DeviceInfo: 0
01-01 08:00:24.157 D/WifiP2pService(  628):  WFD CtrlPort: 0
01-01 08:00:24.157 D/WifiP2pService(  628):  WFD MaxThroughput: 0
01-01 08:00:24.157 D/WifiP2pService(  628):  WFD Extended Capability: 0 target=com.android.internal.util.StateMachine$SmHandler }
01-01 08:00:24.157 D/WifiP2pService(  628): P2pEnabledState{ when=-1ms what=139323 arg2=4 obj=WFD enabled: false
01-01 08:00:24.157 D/WifiP2pService(  628):  WFD DeviceInfo: 0
01-01 08:00:24.157 D/WifiP2pService(  628):  WFD CtrlPort: 0
01-01 08:00:24.157 D/WifiP2pService(  628):  WFD MaxThroughput: 0
01-01 08:00:24.157 D/WifiP2pService(  628):  WFD Extended Capability: 0 target=com.android.internal.util.StateMachine$SmHandler }
01-01 08:00:24.216 D/MtkConnectivityService(  628): requestNetwork for uid/pid:10019/757 NetworkRequest [ TRACK_DEFAULT id=9, [ Capabilities: INTERNET&NOT_RESTRICTED&TRUSTED Unwanted:  Uid: 10019] ]
01-01 08:00:24.297 W/WallpaperManagerService(  628): Cannot extract colors because wallpaper could not be read.
01-01 08:00:24.297 W/WallpaperManagerService(  628): Cannot get theme colors because WallpaperColors is null.
01-01 08:00:24.297 W/WallpaperManagerService(  628): Cannot extract colors because wallpaper could not be read.
01-01 08:00:24.298 W/WallpaperManagerService(  628): Cannot get theme colors because WallpaperColors is null.
01-01 08:00:24.307 I/StatusBarManagerService(  628): registerStatusBar bar=com.android.internal.statusbar.IStatusBar$Stub$Proxy@2b53ab0
01-01 08:00:24.401 E/EmergencyButton(  757): Service state is null
01-01 08:00:24.671 E/ActivityThread(  757): Failed to find provider info for com.android.contacts
01-01 08:00:24.729 I/WindowManager(  628): performEnableScreen: mDisplayEnabled=false mForceDisplayEnabled=false mShowingBootMessages=false mSystemBooted=true mOnlyCore=false
01-01 08:00:24.729 I/WindowManager(  628): java.lang.RuntimeException: here
01-01 08:00:24.729 I/WindowManager(  628): 	at com.android.server.wm.WindowManagerService.performEnableScreen(WindowManagerService.java:3499)
01-01 08:00:24.729 I/WindowManager(  628): 	at com.android.server.wm.WindowManagerService.access$1100(WindowManagerService.java:285)
01-01 08:00:24.729 I/WindowManager(  628): 	at com.android.server.wm.WindowManagerService$H.handleMessage(WindowManagerService.java:4900)
01-01 08:00:24.729 I/WindowManager(  628): 	at android.os.Handler.dispatchMessage(Handler.java:106)
01-01 08:00:24.729 I/WindowManager(  628): 	at android.os.Looper.loop(Looper.java:193)
01-01 08:00:24.729 I/WindowManager(  628): 	at android.os.HandlerThread.run(HandlerThread.java:65)
01-01 08:00:24.729 I/WindowManager(  628): 	at com.android.server.ServiceThread.run(ServiceThread.java:44)
01-01 08:00:24.730 I/WindowManager(  628): performEnableScreen: mDisplayEnabled=false mForceDisplayEnabled=false mShowingBootMessages=false mSystemBooted=true mOnlyCore=false
01-01 08:00:24.730 I/WindowManager(  628): java.lang.RuntimeException: here
01-01 08:00:24.730 I/WindowManager(  628): 	at com.android.server.wm.WindowManagerService.performEnableScreen(WindowManagerService.java:3499)
01-01 08:00:24.730 I/WindowManager(  628): 	at com.android.server.wm.WindowManagerService.access$1100(WindowManagerService.java:285)
01-01 08:00:24.730 I/WindowManager(  628): 	at com.android.server.wm.WindowManagerService$H.handleMessage(WindowManagerService.java:4900)
01-01 08:00:24.730 I/WindowManager(  628): 	at android.os.Handler.dispatchMessage(Handler.java:106)
01-01 08:00:24.730 I/WindowManager(  628): 	at android.os.Looper.loop(Looper.java:193)
01-01 08:00:24.730 I/WindowManager(  628): 	at android.os.HandlerThread.run(HandlerThread.java:65)
01-01 08:00:24.730 I/WindowManager(  628): 	at com.android.server.ServiceThread.run(ServiceThread.java:44)
01-01 08:00:24.732 D/DisplayManagerService(  628): Display 0 hasContent flag changed: hasContent=false, inTraversal=true
01-01 08:00:24.736 I/WindowManager(  628): performEnableScreen: mDisplayEnabled=false mForceDisplayEnabled=false mShowingBootMessages=false mSystemBooted=true mOnlyCore=false
01-01 08:00:24.736 I/WindowManager(  628): java.lang.RuntimeException: here
01-01 08:00:24.736 I/WindowManager(  628): 	at com.android.server.wm.WindowManagerService.performEnableScreen(WindowManagerService.java:3499)
01-01 08:00:24.736 I/WindowManager(  628): 	at com.android.server.wm.WindowManagerService.access$1100(WindowManagerService.java:285)
01-01 08:00:24.736 I/WindowManager(  628): 	at com.android.server.wm.WindowManagerService$H.handleMessage(WindowManagerService.java:4900)
01-01 08:00:24.736 I/WindowManager(  628): 	at android.os.Handler.dispatchMessage(Handler.java:106)
01-01 08:00:24.736 I/WindowManager(  628): 	at android.os.Looper.loop(Looper.java:193)
01-01 08:00:24.736 I/WindowManager(  628): 	at android.os.HandlerThread.run(HandlerThread.java:65)
01-01 08:00:24.736 I/WindowManager(  628): 	at com.android.server.ServiceThread.run(ServiceThread.java:44)
01-01 08:00:24.739 I/chatty  (  628): uid=1000(system) android.display identical 1 line
01-01 08:00:24.740 I/WindowManager(  628): performEnableScreen: mDisplayEnabled=false mForceDisplayEnabled=false mShowingBootMessages=false mSystemBooted=true mOnlyCore=false
01-01 08:00:24.740 I/WindowManager(  628): java.lang.RuntimeException: here
01-01 08:00:24.740 I/WindowManager(  628): 	at com.android.server.wm.WindowManagerService.performEnableScreen(WindowManagerService.java:3499)
01-01 08:00:24.740 I/WindowManager(  628): 	at com.android.server.wm.WindowManagerService.access$1100(WindowManagerService.java:285)
01-01 08:00:24.740 I/WindowManager(  628): 	at com.android.server.wm.WindowManagerService$H.handleMessage(WindowManagerService.java:4900)
01-01 08:00:24.740 I/WindowManager(  628): 	at android.os.Handler.dispatchMessage(Handler.java:106)
01-01 08:00:24.740 I/WindowManager(  628): 	at android.os.Looper.loop(Looper.java:193)
01-01 08:00:24.740 I/WindowManager(  628): 	at android.os.HandlerThread.run(HandlerThread.java:65)
01-01 08:00:24.740 I/WindowManager(  628): 	at com.android.server.ServiceThread.run(ServiceThread.java:44)
01-01 08:00:24.747 D/DisplayManagerService(  628): Display 0 hasContent flag changed: hasContent=true, inTraversal=true
01-01 08:00:24.750 I/WindowManager(  628): performEnableScreen: mDisplayEnabled=false mForceDisplayEnabled=false mShowingBootMessages=false mSystemBooted=true mOnlyCore=false
01-01 08:00:24.750 I/WindowManager(  628): java.lang.RuntimeException: here
01-01 08:00:24.750 I/WindowManager(  628): 	at com.android.server.wm.WindowManagerService.performEnableScreen(WindowManagerService.java:3499)
01-01 08:00:24.750 I/WindowManager(  628): 	at com.android.server.wm.WindowManagerService.access$1100(WindowManagerService.java:285)
01-01 08:00:24.750 I/WindowManager(  628): 	at com.android.server.wm.WindowManagerService$H.handleMessage(WindowManagerService.java:4900)
01-01 08:00:24.750 I/WindowManager(  628): 	at android.os.Handler.dispatchMessage(Handler.java:106)
01-01 08:00:24.750 I/WindowManager(  628): 	at android.os.Looper.loop(Looper.java:193)
01-01 08:00:24.750 I/WindowManager(  628): 	at android.os.HandlerThread.run(HandlerThread.java:65)
01-01 08:00:24.750 I/WindowManager(  628): 	at com.android.server.ServiceThread.run(ServiceThread.java:44)
01-01 08:00:24.754 I/chatty  (  628): uid=1000(system) android.display identical 3 lines
01-01 08:00:24.755 I/WindowManager(  628): performEnableScreen: mDisplayEnabled=false mForceDisplayEnabled=false mShowingBootMessages=false mSystemBooted=true mOnlyCore=false
01-01 08:00:24.755 I/WindowManager(  628): java.lang.RuntimeException: here
01-01 08:00:24.755 I/WindowManager(  628): 	at com.android.server.wm.WindowManagerService.performEnableScreen(WindowManagerService.java:3499)
01-01 08:00:24.755 I/WindowManager(  628): 	at com.android.server.wm.WindowManagerService.access$1100(WindowManagerService.java:285)
01-01 08:00:24.755 I/WindowManager(  628): 	at com.android.server.wm.WindowManagerService$H.handleMessage(WindowManagerService.java:4900)
01-01 08:00:24.755 I/WindowManager(  628): 	at android.os.Handler.dispatchMessage(Handler.java:106)
01-01 08:00:24.755 I/WindowManager(  628): 	at android.os.Looper.loop(Looper.java:193)
01-01 08:00:24.755 I/WindowManager(  628): 	at android.os.HandlerThread.run(HandlerThread.java:65)
01-01 08:00:24.755 I/WindowManager(  628): 	at com.android.server.ServiceThread.run(ServiceThread.java:44)
01-01 08:00:24.759 E/ActivityThread(  757): Failed to find provider info for com.android.contacts
01-01 08:00:24.797 E/ActivityThread(  757): Failed to find provider info for com.android.contacts
01-01 08:00:24.825 E/EmergencyButton(  757): Service state is null
01-01 08:00:24.827 I/chatty  (  757): uid=10019(com.android.systemui) identical 1 line
01-01 08:00:24.829 E/EmergencyButton(  757): Service state is null
01-01 08:00:24.876 I/WindowManager(  628): performEnableScreen: mDisplayEnabled=false mForceDisplayEnabled=false mShowingBootMessages=false mSystemBooted=true mOnlyCore=false
01-01 08:00:24.876 I/WindowManager(  628): java.lang.RuntimeException: here
01-01 08:00:24.876 I/WindowManager(  628): 	at com.android.server.wm.WindowManagerService.performEnableScreen(WindowManagerService.java:3499)
01-01 08:00:24.876 I/WindowManager(  628): 	at com.android.server.wm.WindowManagerService.access$1100(WindowManagerService.java:285)
01-01 08:00:24.876 I/WindowManager(  628): 	at com.android.server.wm.WindowManagerService$H.handleMessage(WindowManagerService.java:4900)
01-01 08:00:24.876 I/WindowManager(  628): 	at android.os.Handler.dispatchMessage(Handler.java:106)
01-01 08:00:24.876 I/WindowManager(  628): 	at android.os.Looper.loop(Looper.java:193)
01-01 08:00:24.876 I/WindowManager(  628): 	at android.os.HandlerThread.run(HandlerThread.java:65)
01-01 08:00:24.876 I/WindowManager(  628): 	at com.android.server.ServiceThread.run(ServiceThread.java:44)
01-01 08:00:24.893 I/WindowManager(  628): performEnableScreen: mDisplayEnabled=false mForceDisplayEnabled=false mShowingBootMessages=false mSystemBooted=true mOnlyCore=false
01-01 08:00:24.893 I/WindowManager(  628): java.lang.RuntimeException: here
01-01 08:00:24.893 I/WindowManager(  628): 	at com.android.server.wm.WindowManagerService.performEnableScreen(WindowManagerService.java:3499)
01-01 08:00:24.893 I/WindowManager(  628): 	at com.android.server.wm.WindowManagerService.access$1100(WindowManagerService.java:285)
01-01 08:00:24.893 I/WindowManager(  628): 	at com.android.server.wm.WindowManagerService$H.handleMessage(WindowManagerService.java:4900)
01-01 08:00:24.893 I/WindowManager(  628): 	at android.os.Handler.dispatchMessage(Handler.java:106)
01-01 08:00:24.893 I/WindowManager(  628): 	at android.os.Looper.loop(Looper.java:193)
01-01 08:00:24.893 I/WindowManager(  628): 	at android.os.HandlerThread.run(HandlerThread.java:65)
01-01 08:00:24.893 I/WindowManager(  628): 	at com.android.server.ServiceThread.run(ServiceThread.java:44)
01-01 08:00:24.911 D/WifiService(  628): New client listening to asynchronous messages
01-01 08:00:25.205 I/WindowManager(  628): performEnableScreen: mDisplayEnabled=false mForceDisplayEnabled=false mShowingBootMessages=false mSystemBooted=true mOnlyCore=false
01-01 08:00:25.205 I/WindowManager(  628): java.lang.RuntimeException: here
01-01 08:00:25.205 I/WindowManager(  628): 	at com.android.server.wm.WindowManagerService.performEnableScreen(WindowManagerService.java:3499)
01-01 08:00:25.205 I/WindowManager(  628): 	at com.android.server.wm.WindowManagerService.access$1100(WindowManagerService.java:285)
01-01 08:00:25.205 I/WindowManager(  628): 	at com.android.server.wm.WindowManagerService$H.handleMessage(WindowManagerService.java:4900)
01-01 08:00:25.205 I/WindowManager(  628): 	at android.os.Handler.dispatchMessage(Handler.java:106)
01-01 08:00:25.205 I/WindowManager(  628): 	at android.os.Looper.loop(Looper.java:193)
01-01 08:00:25.205 I/WindowManager(  628): 	at android.os.HandlerThread.run(HandlerThread.java:65)
01-01 08:00:25.205 I/WindowManager(  628): 	at com.android.server.ServiceThread.run(ServiceThread.java:44)
01-01 08:00:25.208 D/DisplayManagerService(  628): Display 0 hasContent flag changed: hasContent=false, inTraversal=true
01-01 08:00:25.210 I/WindowManager(  628): performEnableScreen: mDisplayEnabled=false mForceDisplayEnabled=false mShowingBootMessages=false mSystemBooted=true mOnlyCore=false
01-01 08:00:25.210 I/WindowManager(  628): java.lang.RuntimeException: here
01-01 08:00:25.210 I/WindowManager(  628): 	at com.android.server.wm.WindowManagerService.performEnableScreen(WindowManagerService.java:3499)
01-01 08:00:25.210 I/WindowManager(  628): 	at com.android.server.wm.WindowManagerService.access$1100(WindowManagerService.java:285)
01-01 08:00:25.210 I/WindowManager(  628): 	at com.android.server.wm.WindowManagerService$H.handleMessage(WindowManagerService.java:4900)
01-01 08:00:25.210 I/WindowManager(  628): 	at android.os.Handler.dispatchMessage(Handler.java:106)
01-01 08:00:25.210 I/WindowManager(  628): 	at android.os.Looper.loop(Looper.java:193)
01-01 08:00:25.210 I/WindowManager(  628): 	at android.os.HandlerThread.run(HandlerThread.java:65)
01-01 08:00:25.210 I/WindowManager(  628): 	at com.android.server.ServiceThread.run(ServiceThread.java:44)
01-01 08:00:25.221 D/DisplayManagerService(  628): Display 0 hasContent flag changed: hasContent=true, inTraversal=true
01-01 08:00:25.225 I/WindowManager(  628): performEnableScreen: mDisplayEnabled=false mForceDisplayEnabled=false mShowingBootMessages=false mSystemBooted=true mOnlyCore=false
01-01 08:00:25.225 I/WindowManager(  628): java.lang.RuntimeException: here
01-01 08:00:25.225 I/WindowManager(  628): 	at com.android.server.wm.WindowManagerService.performEnableScreen(WindowManagerService.java:3499)
01-01 08:00:25.225 I/WindowManager(  628): 	at com.android.server.wm.WindowManagerService.access$1100(WindowManagerService.java:285)
01-01 08:00:25.225 I/WindowManager(  628): 	at com.android.server.wm.WindowManagerService$H.handleMessage(WindowManagerService.java:4900)
01-01 08:00:25.225 I/WindowManager(  628): 	at android.os.Handler.dispatchMessage(Handler.java:106)
01-01 08:00:25.225 I/WindowManager(  628): 	at android.os.Looper.loop(Looper.java:193)
01-01 08:00:25.225 I/WindowManager(  628): 	at android.os.HandlerThread.run(HandlerThread.java:65)
01-01 08:00:25.225 I/WindowManager(  628): 	at com.android.server.ServiceThread.run(ServiceThread.java:44)
01-01 08:00:25.243 I/chatty  (  628): uid=1000(system) android.display identical 6 lines
01-01 08:00:25.244 I/WindowManager(  628): performEnableScreen: mDisplayEnabled=false mForceDisplayEnabled=false mShowingBootMessages=false mSystemBooted=true mOnlyCore=false
01-01 08:00:25.244 I/WindowManager(  628): java.lang.RuntimeException: here
01-01 08:00:25.244 I/WindowManager(  628): 	at com.android.server.wm.WindowManagerService.performEnableScreen(WindowManagerService.java:3499)
01-01 08:00:25.244 I/WindowManager(  628): 	at com.android.server.wm.WindowManagerService.access$1100(WindowManagerService.java:285)
01-01 08:00:25.244 I/WindowManager(  628): 	at com.android.server.wm.WindowManagerService$H.handleMessage(WindowManagerService.java:4900)
01-01 08:00:25.244 I/WindowManager(  628): 	at android.os.Handler.dispatchMessage(Handler.java:106)
01-01 08:00:25.244 I/WindowManager(  628): 	at android.os.Looper.loop(Looper.java:193)
01-01 08:00:25.244 I/WindowManager(  628): 	at android.os.HandlerThread.run(HandlerThread.java:65)
01-01 08:00:25.244 I/WindowManager(  628): 	at com.android.server.ServiceThread.run(ServiceThread.java:44)
01-01 08:00:25.271 I/WindowManager(  628): Waiting for drawn Window{953329b u0 com.android.settings/com.android.settings.FallbackHome}: removed=false visible=true mHasSurface=true drawState=1
01-01 08:00:25.271 I/WindowManager(  628): Waiting for drawn Window{6140b1f u0 StatusBar}: removed=false visible=true mHasSurface=true drawState=1
