--------- beginning of system
01-01 08:00:09.852 I/vold    (  273): Vold 3.0 (the awakening) firing up
01-01 08:00:09.852 V/vold    (  273): Detected support for: ext4 f2fs vfat
01-01 08:00:09.860 V/vold    (  273): Found unmanaged dm device named vroot
01-01 08:00:09.860 V/vold    (  273): Found unmanaged dm device named vendor
01-01 08:00:09.860 W/vold    (  273): Failed to LOOP_GET_STATUS64 /dev/block/loop2: No such device or address
01-01 08:00:09.860 W/vold    (  273): Failed to LOOP_GET_STATUS64 /dev/block/loop5: No such device or address
01-01 08:00:09.860 W/vold    (  273): Failed to LOOP_GET_STATUS64 /dev/block/loop1: No such device or address
01-01 08:00:09.860 W/vold    (  273): Failed to LOOP_GET_STATUS64 /dev/block/loop7: No such device or address
01-01 08:00:09.860 W/vold    (  273): Failed to LOOP_GET_STATUS64 /dev/block/loop4: No such device or address
01-01 08:00:09.860 W/vold    (  273): Failed to LOOP_GET_STATUS64 /dev/block/loop3: No such device or address
01-01 08:00:09.860 W/vold    (  273): Failed to LOOP_GET_STATUS64 /dev/block/loop0: No such device or address
01-01 08:00:09.860 W/vold    (  273): Failed to LOOP_GET_STATUS64 /dev/block/loop6: No such device or address
01-01 08:00:09.864 D/vold    (  273): VoldNativeService::start() completed OK
01-01 08:00:09.871 D/vold    (  273): e4crypt_init_user0
01-01 08:00:09.872 D/vold    (  273): e4crypt_prepare_user_storage for volume null, user 0, serial 0, flags 1
01-01 08:00:09.872 D/vold    (  273): Preparing: /data/system/users/0
01-01 08:00:09.872 D/vold    (  273): Preparing: /data/misc/profiles/cur/0
01-01 08:00:09.872 D/vold    (  273): Preparing: /data/system_de/0
01-01 08:00:09.872 D/vold    (  273): Preparing: /data/misc_de/0
01-01 08:00:09.872 D/vold    (  273): Preparing: /data/vendor_de/0
01-01 08:00:09.872 D/vold    (  273): Preparing: /data/user_de/0
01-01 08:00:09.873 V/vold    (  273): /system/bin/vold_prepare_subdirs
01-01 08:00:09.873 V/vold    (  273):     prepare
01-01 08:00:09.873 V/vold    (  273):     
01-01 08:00:09.873 V/vold    (  273):     0
01-01 08:00:09.873 V/vold    (  273):     1
01-01 08:00:09.910 D/vold    (  273): e4crypt_unlock_user_key 0 serial=0 token_present=0
01-01 08:00:09.910 E/vold    (  273): Failed to chmod /data/system_ce/0: No such file or directory
01-01 08:00:09.911 E/vold    (  273): Failed to chmod /data/misc_ce/0: No such file or directory
01-01 08:00:09.911 E/vold    (  273): Failed to chmod /data/media/0: No such file or directory
01-01 08:00:10.422 I/android.hardware.wifi@1.0-service-mediatek(  302): Wifi Hal is booting up...
01-01 08:00:10.549 D/BootLogoUpdater(  309): [boot_logo_updater main 186]boot_logo_updater,
01-01 08:00:10.549 E/BootLogoUpdater(  309): [boot_logo_updater]fail to open: /sys/class/BOOT/BOOT/boot/boot_mode
01-01 08:00:10.549 E/BootLogoUpdater(  309): [boot_logo_updater]update boot reason = 0, ret = 0
01-01 08:00:10.615 I/Cryptfs (  273): cryptfs_check_passwd
01-01 08:00:10.616 D/Cryptfs (  273): crypt_ftr->fs_size = 8729567
01-01 08:00:10.616 I/Cryptfs (  273): Using scrypt with keymaster for cryptfs KDF
01-01 08:00:11.100 I/Cryptfs (  273): Signing safely-padded object
01-01 08:00:11.106 I/vold    (  273): List of Keymaster HALs found:
01-01 08:00:11.107 I/vold    (  273): Keymaster HAL #1: SoftwareWrappedKeymaster2Device from Google SecurityLevel: TRUSTED_ENVIRONMENT HAL: android.hardware.keymaster@3.0::IKeymasterDevice/default
01-01 08:00:11.107 I/vold    (  273): Using SoftwareWrappedKeymaster2Device from Google for encryption.  Security level: TRUSTED_ENVIRONMENT, HAL: android.hardware.keymaster@3.0::IKeymasterDevice/default
01-01 08:00:11.552 I/Cryptfs (  273): Extra parameters for dm_crypt: 1 allow_discards
01-01 08:00:11.554 D/vold    (  273): Disk at 253:2 changed
01-01 08:00:11.963 I/Cryptfs (  273): Password matches
01-01 08:00:11.964 D/Cryptfs (  273): test_mount_encrypted_fs(): Master key saved
01-01 08:00:11.968 I/vold    (  273): List of Keymaster HALs found:
01-01 08:00:11.968 I/vold    (  273): Keymaster HAL #1: SoftwareWrappedKeymaster2Device from Google SecurityLevel: TRUSTED_ENVIRONMENT HAL: android.hardware.keymaster@3.0::IKeymasterDevice/default
01-01 08:00:11.968 I/vold    (  273): Using SoftwareWrappedKeymaster2Device from Google for encryption.  Security level: TRUSTED_ENVIRONMENT, HAL: android.hardware.keymaster@3.0::IKeymasterDevice/default
01-01 08:00:11.968 D/Cryptfs (  273): Password is default - restarting filesystem
01-01 08:00:11.989 D/Cryptfs (  273): unmounting /data succeeded
01-01 08:00:11.989 I/vold    (  273): [libfs_mgr]Running /system/bin/fsck.f2fs -a /dev/block/dm-2
01-01 08:00:12.814 I/vold    (  273): [libfs_mgr]__mount(source=/dev/block/dm-2,target=/data,type=f2fs)=0: Success
01-01 08:00:12.817 D/Cryptfs (  273): Just triggered post_fs_data
01-01 08:00:12.997 D/vold    (  273): e4crypt_init_user0
01-01 08:00:12.997 D/vold    (  273): e4crypt_prepare_user_storage for volume null, user 0, serial 0, flags 1
01-01 08:00:12.997 D/vold    (  273): Preparing: /data/system/users/0
01-01 08:00:12.998 D/vold    (  273): Preparing: /data/misc/profiles/cur/0
01-01 08:00:12.999 D/vold    (  273): Preparing: /data/system_de/0
01-01 08:00:12.999 D/vold    (  273): Preparing: /data/misc_de/0
01-01 08:00:13.000 D/vold    (  273): Preparing: /data/vendor_de/0
01-01 08:00:13.000 D/vold    (  273): Preparing: /data/user_de/0
01-01 08:00:13.001 V/vold    (  273): /system/bin/vold_prepare_subdirs
01-01 08:00:13.001 V/vold    (  273):     prepare
01-01 08:00:13.001 V/vold    (  273):     
01-01 08:00:13.001 V/vold    (  273):     0
01-01 08:00:13.001 V/vold    (  273):     1
01-01 08:00:13.050 D/vold    (  273): e4crypt_unlock_user_key 0 serial=0 token_present=0
01-01 08:00:13.214 D/Cryptfs (  273): post_fs_data done
01-01 08:00:13.216 D/Cryptfs (  273): Just triggered restart_framework
01-01 08:00:13.703 I/installd(  459): installd firing up
01-01 08:00:13.921 I/wificond(  472): wificond is starting up...
01-01 08:00:14.090 I/sn      (  489): Retry Times 15
01-01 08:00:14.090 I/sn      (  489): Sleep Time 10 sec
01-01 08:00:14.090 I/sn      (  489): Retry 0
01-01 08:00:14.091 I/sn      (  489): Fail to access err=2
01-01 08:00:14.091 I/chatty  (  489): uid=1000(system) identical 1 line
01-01 08:00:14.091 I/sn      (  489): Fail to access err=2
01-01 08:00:14.091 I/sn      (  489): Check all possible paths
--------- beginning of main
01-01 08:00:15.101 D/AudioALSADeviceConfigManager(  288): ParseDeviceSequence() devicename = ext_speaker_output action = turnoff
01-01 08:00:15.101 D/AudioALSADeviceConfigManager(  288): ParseDeviceSequence() devicename = builtin_Mic_Mic3 action = turnon
01-01 08:00:15.101 D/AudioALSADeviceConfigManager(  288): ParseDeviceSequence() devicename = builtin_Mic_Mic3 action = turnoff
01-01 08:00:15.101 D/AudioALSADeviceConfigManager(  288): ParseDeviceSequence() devicename = builtin_Mic_Mic1 action = turnon
01-01 08:00:15.101 D/AudioALSADeviceConfigManager(  288): ParseDeviceSequence() devicename = builtin_Mic_Mic1 action = turnoff
01-01 08:00:15.102 D/AudioALSADeviceConfigManager(  288): ParseDeviceSequence() devicename = builtin_Mic_SingleMic action = turnon
01-01 08:00:15.104 D/AudioALSADeviceConfigManager(  288): ParseDeviceSequence() devicename = builtin_Mic_SingleMic action = turnoff
01-01 08:00:15.105 D/AudioALSADeviceConfigManager(  288): ParseDeviceSequence() devicename = builtin_Mic_DualMic action = turnon
01-01 08:00:15.105 D/AudioALSADeviceConfigManager(  288): ParseDeviceSequence() devicename = builtin_Mic_DualMic action = turnoff
01-01 08:00:15.105 D/AudioALSADeviceConfigManager(  288): ParseDeviceSequence() devicename = builtin_Mic_BackMic action = turnon
01-01 08:00:15.105 D/AudioALSADeviceConfigManager(  288): ParseDeviceSequence() devicename = builtin_Mic_BackMic action = turnoff
01-01 08:00:15.105 D/AudioALSADeviceConfigManager(  288): ParseDeviceSequence() devicename = headset_mic_input action = turnon
01-01 08:00:15.105 D/AudioALSADeviceConfigManager(  288): ParseDeviceSequence() devicename = headset_mic_input action = turnoff
01-01 08:00:15.105 D/AudioALSADeviceConfigManager(  288): ParseDeviceSequence() devicename = sidetone_switch action = turnon
01-01 08:00:15.105 D/AudioALSADeviceConfigManager(  288): ParseDeviceSequence() devicename = headset_mic_input action = turnoff
01-01 08:00:15.105 D/AudioALSADeviceConfigManager(  288): ParseDeviceSequence() devicename = Mic1TypeACCMode action = setting
01-01 08:00:15.105 D/AudioALSADeviceConfigManager(  288): ParseDeviceSequence() devicename = Mic1TypeDCCMode action = setting
01-01 08:00:15.105 D/AudioALSADeviceConfigManager(  288): ParseDeviceSequence() devicename = Mic1TypeDMICMode action = setting
01-01 08:00:15.105 D/AudioALSADeviceConfigManager(  288): ParseDeviceSequence() devicename = Mic1TypeDCCECMDIFFMode action = setting
01-01 08:00:15.108 D/AudioALSADeviceConfigManager(  288): ParseDeviceSequence() devicename = Mic1TypeDCCECMSINGLEMode action = setting
01-01 08:00:15.109 D/AudioALSADeviceConfigManager(  288): ParseDeviceSequence() devicename = Mic2TypeACCMode action = setting
01-01 08:00:15.109 D/AudioALSADeviceConfigManager(  288): ParseDeviceSequence() devicename = Mic2TypeDCCMode action = setting
01-01 08:00:15.109 D/AudioALSADeviceConfigManager(  288): ParseDeviceSequence() devicename = Mic2TypeDMICMode action = setting
01-01 08:00:15.109 D/AudioALSADeviceConfigManager(  288): ParseDeviceSequence() devicename = Mic2TypeDCCECMDIFFMode action = setting
01-01 08:00:15.109 D/AudioALSADeviceConfigManager(  288): ParseDeviceSequence() devicename = Mic2TypeDCCECMSINGLEMode action = setting
01-01 08:00:15.109 D/AudioALSADeviceConfigManager(  288): ParseDeviceSequence() devicename = Mic3TypeACCMode action = setting
01-01 08:00:15.109 D/AudioALSADeviceConfigManager(  288): ParseDeviceSequence() devicename = Mic3TypeDCCMode action = setting
01-01 08:00:15.109 D/AudioALSADeviceConfigManager(  288): ParseDeviceSequence() devicename = Mic3TypeDMICMode action = setting
01-01 08:00:15.109 D/AudioALSADeviceConfigManager(  288): ParseDeviceSequence() devicename = Mic3TypeDCCECMDIFFMode action = setting
01-01 08:00:15.109 D/AudioALSADeviceConfigManager(  288): ParseDeviceSequence() devicename = Mic3TypeDCCECMSINGLEMode action = setting
01-01 08:00:15.109 D/AudioALSADeviceConfigManager(  288): ParseDeviceSequence() devicename = Mic4TypeACCMode action = setting
01-01 08:00:15.109 D/AudioALSADeviceConfigManager(  288): ParseDeviceSequence() devicename = Mic4TypeDCCMode action = setting
01-01 08:00:15.109 D/AudioALSADeviceConfigManager(  288): ParseDeviceSequence() devicename = Mic4TypeDMICMode action = setting
01-01 08:00:15.109 D/AudioALSADeviceConfigManager(  288): ParseDeviceSequence() devicename = Mic4TypeDCCECMDIFFMode action = setting
01-01 08:00:15.109 D/AudioALSADeviceConfigManager(  288): ParseDeviceSequence() devicename = Mic4TypeDCCECMSINGLEMode action = setting
01-01 08:00:15.109 D/AudioALSADeviceConfigManager(  288): ParseDeviceSequence() devicename = Mic_Setting_Inverse action = setting
01-01 08:00:15.109 D/AudioALSADeviceConfigManager(  288): ParseDeviceSequence() devicename = Mic_Setting_NoInverse action = setting
01-01 08:00:15.112 D/AudioALSAVoiceWakeUpController(  288): AudioALSAVoiceWakeUpController() , stream_attribute_target->BesRecord_Info.besrecord_enable 0
01-01 08:00:15.114 D/        (  288): appOpsGetInstance(), init AppOps struct, lib is libaudio_param_parser-vnd.so
01-01 08:00:15.116 D/AudioALSAVoiceWakeUpController(  288): updateParamToKernel(), get vow param from XML:0xa695a6e0
01-01 08:00:15.117 D/AudioALSAVoiceWakeUpController(  288): updateParamToKernel(), mVOW_CFG4 load = 0xffffffea
01-01 08:00:15.117 D/AudioALSAVoiceWakeUpController(  288): updateParamToKernel(), CFG0=0x0, CFG1=0x0, CFG2=0x2323, CF3=0xa768, CFG4=0xffef, CFG5=0x1, Perio=0x3
01-01 08:00:15.117 E/AudioALSAVoiceWakeUpController(  288): Error: Audio VOWCFG0 Data invalid value
01-01 08:00:15.117 E/AudioALSAVoiceWakeUpController(  288): Error: Audio VOWCFG1 Data invalid value
01-01 08:00:15.117 E/AudioALSAVoiceWakeUpController(  288): Error: Audio VOWCFG2 Data invalid value
01-01 08:00:15.117 E/AudioALSAVoiceWakeUpController(  288): Error: Audio VOWCFG3 Data invalid value
01-01 08:00:15.117 E/AudioALSAVoiceWakeUpController(  288): Error: Audio VOWCFG4 Data invalid value
01-01 08:00:15.117 E/AudioALSAVoiceWakeUpController(  288): Error: Audio VOWCFG5 Data invalid value
01-01 08:00:15.117 E/AudioALSAVoiceWakeUpController(  288): Error: Audio VOW Periodic On Off Data invalid value
01-01 08:00:15.117 D/AudioALSAStreamManager(  288): AudioALSAStreamManager()
01-01 08:00:15.117 D/AudioALSAStreamManager(  288): AudioALSAStreamManager(), mBesLoudnessStatus [0] (Always) 
01-01 08:00:15.120 D/PQ      (  463): [PQ_PROT] [PQCust] libpq_cust_base_mtk.so absent, libpq_cust_mtk.so OK
01-01 08:00:15.121 E/DrmMtkUtil/SecureTimer(  463): open proc/uptime failed: [Permission denied].
01-01 08:00:15.123 D/AVStageFactory(  463): createInstance(32bit): createVendorAVFactory success!
01-01 08:00:15.123 D/AVStageUtils(  463): createInstance(32bit): createVendorAVUtils success!
01-01 08:00:15.123 D/AVStageFactory(  463): createInstance(32bit): createVendorAVFactory success!
01-01 08:00:15.123 D/AVStageUtils(  463): createInstance(32bit): createVendorAVUtils success!
01-01 08:00:15.126 D/AudioALSAStreamManager(  288): getSWVersion(), /proc/chip/sw_ver: 0100
01-01 08:00:15.126 D/AudioALSAStreamManager(  288):   (str_SWE1=0000
01-01 08:00:15.126 D/AudioALSAStreamManager(  288): )
01-01 08:00:15.126 D/AudioALSAStreamManager(  288): -getSWVersion(), bSW_E1=0
01-01 08:00:15.126 D/AudioALSAStreamManager(  288): appOpsGetInstance(), init AppOps struct, lib is libaudio_param_parser-vnd.so
01-01 08:00:15.132 D/AudioALSAStreamManager(  288): AudioALSAStreamManager() appHandleGetInstance
01-01 08:00:15.132 D/AudioALSAStreamManager(  288): AudioALSAStreamManager() appHandleRegXmlChangedCb
01-01 08:00:15.132 I/mediaserver(  463): ServiceManager: 0xa6610940
01-01 08:00:15.132 D/AudioEventThreadManager(  288): registerCallback(), audioEventType=0, callbackFunc = 0xa5d6efec
01-01 08:00:15.132 D/AudioEventThreadManager(  288): AudioEventThread(), audioEventType = 0
01-01 08:00:15.132 D/AudioEventThreadManager(  288): registerCallback(), add new audioEventType=0, callbackFunc = 0xa5d6efec
01-01 08:00:15.133 D/AudioALSAHardware(  288): AudioALSAHardware()
01-01 08:00:15.133 D/AudioALSAParamTuner(  288): getInstance(), create AudioALSAParamTuner instance --
01-01 08:00:15.133 D/AudioALSAParamTuner(  288): +AudioALSAParamTuner()
01-01 08:00:15.133 E/MTKAudioPowerAQCmdHandler(  288): [cmdHandlerThread] failed, errno: 1
01-01 08:00:15.134 D/AudioCustParam(  288): GetVolumeVer1ParamFromNV 
01-01 08:00:15.136 W/BatteryNotifier(  463): batterystats service unavailable!
01-01 08:00:15.145 D/NVRAM   (  288): fail to open /sys/class/BOOT/BOOT/boot/boot_mode: 
01-01 08:00:15.148 D/NVRAM   (  288): NVM_GetFileDesc: Open /mnt/vendor/nvdata/media/Audio_ver1_Vol_custom,LID:65
01-01 08:00:15.149 D/NVRAM   (  288): NVM_CmpFileVerNo 65  
01-01 08:00:15.149 D/NVRAM   (  288): Load File Version: 001, NvRam File Version: 001
01-01 08:00:15.153 D/NVRAM   (  288): NVM_ProtectDataFile : 65 ++
01-01 08:00:15.153 D/NVRAM   (  288): iCustomBeginLID = 51
01-01 08:00:15.153 D/NVRAM   (  288): NVM_CheckFileSize:stat_size:583,size in table:581
01-01 08:00:15.161 D/NVRAM   (  288): NVM_CheckFile: File is correct!
01-01 08:00:15.161 D/NVRAM   (  288): NVM_ProtectUserData:Check Success
01-01 08:00:15.161 D/NVRAM   (  288): NVM_GetFileDesc ProtectDataFile Check Success!!
01-01 08:00:15.161 D/AudioCustParam(  288): GetVolumeVer1ParamFromNV rec_size = 581 rec_num = 1
01-01 08:00:15.163 D/NVRAM   (  288): NVM_CloseFileDesc: Open by Readonly, no need to check when close
01-01 08:00:15.163 D/AudioMTKGainController(  288): getMicGainDecimal(), micMode 1, gainDevice 0, micGainDecimal 164
01-01 08:00:15.165 D/AudioMTKGainController(  288): getMicGainDecimal(), micMode 1, gainDevice 2, micGainDecimal 180
01-01 08:00:15.165 D/AudioALSAParamTuner(  288): AudioALSAParamTuner(), AudioALSAParamTuner: default mic gain-mormal:164;handsfree:180, receiver gain:112, headset Gain:76
01-01 08:00:15.166 D/AudioALSAParamTuner(  288): getInstance(), create AudioALSAParamTuner instance ++
01-01 08:00:15.166 D/        (  288): appOpsGetInstance(), init AppOps struct, lib is libaudio_param_parser-vnd.so
01-01 08:00:15.170 D/AudioALSAHardware(  288): AudioALSAHardware(), mAudioHalBtscoWB = 0
01-01 08:00:15.170 D/WCNChipController(  288): WCNChipController()
01-01 08:00:15.170 D/WCNChipController(  288): SetBTCurrentSamplingRateNumber(), mBTCurrentSamplingRateNumber: 8000 => 8000
01-01 08:00:15.170 D/AudioBTCVSDControl(  288): +AudioBTCVSDControl
01-01 08:00:15.170 D/AudioBTCVSDControl(  288): AudioBTCVSDControl constructor
01-01 08:00:15.184 D/AudioBTCVSDControl(  288): BT_SCO_SET_TXState state=0x0
01-01 08:00:15.184 D/AudioBTCVSDControl(  288): BT_SCO_SET_RXState state=0x10
01-01 08:00:15.185 D/AudioBTCVSDControl(  288): BT_SCO_CVSD_Init() allocate mBTSCOCVSDContext
01-01 08:00:15.186 D/AudioBTCVSDControl(  288): -AudioBTCVSDControl
01-01 08:00:15.186 D/AudioBTCVSDControl(  288): AudioBTCVSDControl getInstance()
01-01 08:00:15.186 D/AudioBTCVSDControl(  288): BT_SCO_SetMode, mode=0, BTmode=0
01-01 08:00:15.187 D/AudioALSASpeechPhoneCallController(  288): setBTMode(), mBTMode: 0 => 0
01-01 08:00:15.187 D/AudioALSAHardware(  288): -mAudioALSAHardware
01-01 08:00:15.187 D/mtk_audio_hw_hal(  288): gAudioHALRefCountByClient + 1
01-01 08:00:15.188 D/AudioALSAHardware(  288): setAudioParameterChangedCallback(), add callback = 0x0xa63e3129, cookie = 0x0xa6921688, callback size = 0->1
01-01 08:00:15.189 D/AudioPolicyManagerCustomImpl(  308): Register gainTableACFXmlChangedCb
01-01 08:00:15.189 D/AudioPolicyManagerCustomImpl(  308): Set mAudioPolicyManager with 0xb20c2000
01-01 08:00:15.190 E/APM::Serializer(  308): deserialize: Could not parse /odm/etc/audio_policy_configuration.xml document.
01-01 08:00:15.253 D/mtk_audio_hw_hal(  288): gAudioHALRefCountByClient + 2
01-01 08:00:15.259 D/AudioALSAHardware(  288): initCheck()
01-01 08:00:15.260 D/AudioALSAStreamManager(  288): setMasterVolume(), volume = 1.000000
01-01 08:00:15.260 D/AudioMTKGainController(  288): setNormalVolume(), mSceneIndex = 0, stream -1, devices 0x0, index -1, mode 0x0
01-01 08:00:15.260 E/AudioMTKGainController(  288): getGainDevice(), error, devices (0) not support, return GAIN_DEVICE_SPEAKER
01-01 08:00:15.260 W/AudioMTKGainController(  288): error, stream -1 is invalid, use 3 instead
01-01 08:00:15.260 W/AudioMTKGainController(  288): error, index -1 is invalid, use max 15 instead
01-01 08:00:15.260 D/AudioMTKGainController(  288): setSpeakerGain(), gain = 10, spkAnaType = 3, spkLMixerName = Lineout_PGAL_GAIN, spkRMixerName = Lineout_PGAR_GAIN
01-01 08:00:15.261 I/AudioFlinger(  308): loadHwModule() Loaded primary audio interface, handle 10
01-01 08:00:15.261 V/APM::AudioOutputDescriptor(  308): opening output for device 00000002 address  profile 0xb20a71e0 name primary output
01-01 08:00:15.261 I/AudioFlinger(  308): openOutput() this 0xb20bc000, module 10 Device 0x2, SamplingRate 48000, Format 0x000001, Channels 0x3, flags 0x2
01-01 08:00:15.261 D/AudioALSAStreamManager(  288): +openOutputStream()
01-01 08:00:15.261 D/AudioALSAStreamManager(  288): openOutputStream(), devices = 0x2, format = 0x1, channels = 0x3, sampleRate = 48000, status = 0xd
01-01 08:00:15.261 D/AudioALSAStreamOut(  288): AudioALSAStreamOut()
01-01 08:00:15.261 D/AudioALSAStreamOut(  288): set(), devices = 0x2, format = 0x1, channels = 0x3, sampleRate = 48000, flags = 0x2
01-01 08:00:15.261 D/AudioALSASampleRateController(  288): AudioALSASampleRateController()
01-01 08:00:15.262 D/AudioALSASampleRateController(  288): +setPrimaryStreamOutSampleRate(), mPrimaryStreamOutSampleRate: 44100 => 48000
01-01 08:00:15.262 D/AudioALSASampleRateController(  288): -setPrimaryStreamOutSampleRate(), mPrimaryStreamOutSampleRate: 48000
01-01 08:00:15.262 D/AudioALSAStreamOut(  288): set(), mStreamAttributeSource.latency 85, mStreamAttributeSource.buffer_size =16384, channels 2.
01-01 08:00:15.337 D/PQ      (  456): [PQ_PROT] [PQCust] libpq_cust_base_mtk.so absent, libpq_cust_mtk.so OK
01-01 08:00:15.346 E/MtkAudioLoud(  288): loadParameter We don't support the cache for FilterType 1
01-01 08:00:15.346 D/MtkAudioLoud(  288): mIsZeroCoeff 1 mFilterType 1
01-01 08:00:15.347 D/AudioMTKFilterManager(  288): mFixedParam 0
01-01 08:00:15.347 D/AudioALSAStreamManager(  288): -openOutputStream(), out = 0xa51aa500, status = 0x0, mStreamOutVector.size() = 1
01-01 08:00:15.361 I/AudioFlinger_Threads(  308): HAL output buffer size 1024 frames, normal sink buffer size 1024 frames
01-01 08:00:15.377 I/iptables-wrapper-1.0(  492): iptables: Permission denied.
01-01 08:00:15.380 I/iptables-wrapper-1.0(  492): iptables-wrapper-1.0 terminated by exit(1)
01-01 08:00:15.380 E/NetdagentIptables(  492): exec() res=0, status=256 for /system/bin/iptables-wrapper-1.0 -w -t mangle -N oem_mangle_pre 
01-01 08:00:15.399 D/rpmb    (  493): EmmcRpmbReadCounter: write_multiple_block, then read_multiple_block
01-01 08:00:15.409 E/rpmb    (  493): [uree] UREE_RpmbFeedbackWriteCounter Error: -65530 (Input parameters were invalid.)
01-01 08:00:15.409 E/rpmb    (  493): rpmb feedback write counter error 0xffff0006
01-01 08:00:15.442 I/BufferProvider(  308): found effect "Multichannel Downmix To Stereo" from The Android Open Source Project
01-01 08:00:15.449 I/AudioFlinger(  308): Using module 10 as the primary audio interface
01-01 08:00:15.450 I/ip6tables-wrapper-1.0(  492): ip6tables: Permission denied.
01-01 08:00:15.451 D/AudioALSAStreamManager(  288): +setMode(), mAudioMode: 0 => 0
01-01 08:00:15.451 W/AudioALSAStreamManager(  288): -setMode(), mAudioMode: 0 == 0, return
01-01 08:00:15.452 I/ip6tables-wrapper-1.0(  492): ip6tables-wrapper-1.0 terminated by exit(1)
01-01 08:00:15.452 E/NetdagentIptables(  492): exec() res=0, status=256 for /system/bin/ip6tables-wrapper-1.0 -w -t mangle -N oem_mangle_pre 
01-01 08:00:15.454 D/AudioALSAHardware(  288): +getParameters(), key = GetGainTableSceneCount
01-01 08:00:15.454 D/AudioALSAHardware(  288): getParameters(), GetGainTableSceneCount, sceneCount = 1
01-01 08:00:15.454 D/AudioALSAHardware(  288): -getParameters(), return "GetGainTableSceneCount=1"
01-01 08:00:15.455 D/AudioALSAHardware(  288): +getParameters(), key = GetGainTableSceneTable
01-01 08:00:15.456 D/AudioALSAHardware(  288): GetAudioData(), par1 = 0x103, len = 16910
01-01 08:00:15.456 D/AudioALSAHardware(  288): GetAudioCommonData(), par1=0x103, len=16910
01-01 08:00:15.456 D/AudioALSAHardware(  288): GetAudioEncodedBuffer(), before encode (), sz_in(16914), sz_out(22552)
01-01 08:00:15.456 D/AudioALSAHardware(  288): GetAudioEncodedBuffer(), after encode (AAAAAP8SAAAAEBIAAAAEEgAAAAAQAAAAAA0AAAAACgAAAAAHAAAAAAQAAAAAAAAAAAAAAAAAAAAAAAAAAAAAAAAAAAAAAAAAAAAAAAAAAAAAAAAA/wAGAABsAAYAAGAABgAAVAAGAABIAAYAADwABgAAMAAGAAAkAAYAAAAAAAAAAAAAAAAAAAAAAAAAAAAAAAAAAAAAAAAAAAAAAAAAAAAAAAD/AAAAClQAAAAKSAAAAAo8AAAACjAAAAAKJAAAAAoYAAAACgwAAAAKAAAAAAAAAAAAAAAAAAAAAAAAAAAAAAAAAAAAAAAAAAAAAAAAAAAAAP8ABgAAbAAGAABgAAYAAFQABgAASAAGAAA8AAYAADAABgAAJAAGAAAAAAAAAAAAAAAAAAAAAAAAAAAAAAAAAAAAAAAAAAAAAAAAAAAAAAAAAAAAAAAAAAAAAAAAAAAAAAAAAAAAAAAAAAAAAAAAAAAAAAAAAAAAAAAAAAAAAAAAAAAAAAAAAAAAAAAAAAAAAAAAAAAAAAAAAAAAAAAAAAD/AAYAAGwABgAAYAAGAABUAAYAAEgABgAAPAAGAAAwAAYAACQABgAAAAAAAAAAAAAAAAAAAAAAAAAAAAAAAAAAAAAAAAAAAAAAAAAAAAAAAP8ABgAAbAAGAABgAAYAAFQABgAASAAGAAA8AAYAADAABgAAJAAGAAAAAAAAAAAAAAAAAAAAAAAAAAAAAAAAAAAAAAAAAAAAAAAAAAAAAAAA/xIAAAAQEgAAAAQSAAAAABAAAAAADQAAAAAKAAAAAAcAAAAABAAAAAAAAAAAAAAAAAAAAAAAAAAAAAAAAAAAAAAAAAAAAAAAAAAAAAAAAAAAAAAAAAAAAAAAAAAAAAAAAAAAAAAAAAAAAAAAAAAAAAAAAAAAAAAAAAAAAAAAAAAAAAAAAAAAAAAAAAAAAAAAAAAAAAAAAAAAAAAAAAAAAAAAAAAAAAAAAAAAAAAA
01-01 08:00:15.456 D/AudioALSAHardware(  288): -getParameters(), return "GetGainTableSceneTable=AAAAAP8SAAAAEBIAAAAEEgAAAAAQAAAAAA0AAAAACgAAAAAHAAAAAAQAAAAAAAAAAAAAAAAAAAAAAAAAAAAAAAAAAAAAAAAAAAAAAAAAAAAAAAAA/wAGAABsAAYAAGAABgAAVAAGAABIAAYAADwABgAAMAAGAAAkAAYAAAAAAAAAAAAAAAAAAAAAAAAAAAAAAAAAAAAAAAAAAAAAAAAAAAAAAAD/AAAAClQAAAAKSAAAAAo8AAAACjAAAAAKJAAAAAoYAAAACgwAAAAKAAAAAAAAAAAAAAAAAAAAAAAAAAAAAAAAAAAAAAAAAAAAAAAAAAAAAP8ABgAAbAAGAABgAAYAAFQABgAASAAGAAA8AAYAADAABgAAJAAGAAAAAAAAAAAAAAAAAAAAAAAAAAAAAAAAAAAAAAAAAAAAAAAAAAAAAAAAAAAAAAAAAAAAAAAAAAAAAAAAAAAAAAAAAAAAAAAAAAAAAAAAAAAAAAAAAAAAAAAAAAAAAAAAAAAAAAAAAAAAAAAAAAAAAAAAAAAAAAAAAAD/AAYAAGwABgAAYAAGAABUAAYAAEgABgAAPAAGAAAwAAYAACQABgAAAAAAAAAAAAAAAAAAAAAAAAAAAAAAAAAAAAAAAAAAAAAAAAAAAAAAAP8ABgAAbAAGAABgAAYAAFQABgAASAAGAAA8AAYAADAABgAAJAAGAAAAAAAAAAAAAAAAAAAAAAAAAAAAAAAAAAAAAAAAAAAAAAAAAAAAAAAA/xIAAAAQEgAAAAQSAAAAABAAAAAADQAAAAAKAAAAAAcAAAAABAAAAAAAAAAAAAAAAAAAAAAAAAAAAAAAAAAAAAAAAAAAAAAAAAAAAAAAAAAAAAAAAAAAAAAAAAAAAAAAAAAAAAAAAAAAAAAAAAAAAAAAAAAAAAAAAAAAAAAAAAAAAAAAAAAAAAAAAAAAAAAAAAAAAAAAAAAAAAAAAAAAAAAAAAAAAA
01-01 08:00:15.459 D/AudioALSAHardware(  288): +getParameters(), key = GetGainTableNonSceneTable
01-01 08:00:15.460 D/AudioALSAHardware(  288): GetAudioData(), par1 = 0x104, len = 14326
01-01 08:00:15.460 D/AudioALSAHardware(  288): GetAudioCommonData(), par1=0x104, len=14326
01-01 08:00:15.461 D/AudioALSAHardware(  288): GetAudioEncodedBuffer(), before encode (), sz_in(14330), sz_out(19108)
01-01 08:00:15.462 D/AudioALSAHardware(  288): GetAudioEncodedBuffer(), after encode (AAAAAP8SAAAAEBIAAAAEEgAAAAAQAAAAAA0AAAAACgAAAAAHAAAAAAQAAAAAAAAAAAAAAAAAAAAAAAAAAAAAAAAAAAAAAAAAAAAAAAAAAAAAAAAA/wAGAABsAAYAAGAABgAAVAAGAABIAAYAADwABgAAMAAGAAAkAAYAAAAAAAAAAAAAAAAAAAAAAAAAAAAAAAAAAAAAAAAAAAAAAAAAAAAAAAD/AAAAClQAAAAKSAAAAAo8AAAACjAAAAAKJAAAAAoYAAAACgwAAAAKAAAAAAAAAAAAAAAAAAAAAAAAAAAAAAAAAAAAAAAAAAAAAAAAAAAAAP8ABgAAbAAGAABgAAYAAFQABgAASAAGAAA8AAYAADAABgAAJAAGAAAAAAAAAAAAAAAAAAAAAAAAAAAAAAAAAAAAAAAAAAAAAAAAAAAAAAAAAAAAAAAAAAAAAAAAAAAAAAAAAAAAAAAAAAAAAAAAAAAAAAAAAAAAAAAAAAAAAAAAAAAAAAAAAAAAAAAAAAAAAAAAAAAAAAAAAAAAAAAAAAD/AAYAAGwABgAAYAAGAABUAAYAAEgABgAAPAAGAAAwAAYAACQABgAAAAAAAAAAAAAAAAAAAAAAAAAAAAAAAAAAAAAAAAAAAAAAAAAAAAAAAP8ABgAAbAAGAABgAAYAAFQABgAASAAGAAA8AAYAADAABgAAJAAGAAAAAAAAAAAAAAAAAAAAAAAAAAAAAAAAAAAAAAAAAAAAAAAAAAAAAAAA/xIAAAAQEgAAAAQSAAAAABAAAAAADQAAAAAKAAAAAAcAAAAABAAAAAAAAAAAAAAAAAAAAAAAAAAAAAAAAAAAAAAAAAAAAAAAAAAAAAAAAAAAAAAAAAAAAAAAAAAAAAAAAAAAAAAAAAAAAAAAAAAAAAAAAAAAAAAAAAAAAAAAAAAAAAAAAAAAAAAAAAAAAAAAAAAAAAAAAAAAAAAAAAAAAP8ABgAAbAAGAABgAAYA
01-01 08:00:15.462 I/AudioFlinger_Threads(  308): AudioFlinger's thread 0xb1683b40 tid=582 ready to run
01-01 08:00:15.462 W/AudioFlinger_Threads(  308): no wake lock to update, system not ready yet
01-01 08:00:15.465 D/AudioALSAHardware(  288): -getParameters(), return "GetGainTableNonSceneTable=AAAAAP8SAAAAEBIAAAAEEgAAAAAQAAAAAA0AAAAACgAAAAAHAAAAAAQAAAAAAAAAAAAAAAAAAAAAAAAAAAAAAAAAAAAAAAAAAAAAAAAAAAAAAAAA/wAGAABsAAYAAGAABgAAVAAGAABIAAYAADwABgAAMAAGAAAkAAYAAAAAAAAAAAAAAAAAAAAAAAAAAAAAAAAAAAAAAAAAAAAAAAAAAAAAAAD/AAAAClQAAAAKSAAAAAo8AAAACjAAAAAKJAAAAAoYAAAACgwAAAAKAAAAAAAAAAAAAAAAAAAAAAAAAAAAAAAAAAAAAAAAAAAAAAAAAAAAAP8ABgAAbAAGAABgAAYAAFQABgAASAAGAAA8AAYAADAABgAAJAAGAAAAAAAAAAAAAAAAAAAAAAAAAAAAAAAAAAAAAAAAAAAAAAAAAAAAAAAAAAAAAAAAAAAAAAAAAAAAAAAAAAAAAAAAAAAAAAAAAAAAAAAAAAAAAAAAAAAAAAAAAAAAAAAAAAAAAAAAAAAAAAAAAAAAAAAAAAAAAAAAAAD/AAYAAGwABgAAYAAGAABUAAYAAEgABgAAPAAGAAAwAAYAACQABgAAAAAAAAAAAAAAAAAAAAAAAAAAAAAAAAAAAAAAAAAAAAAAAAAAAAAAAP8ABgAAbAAGAABgAAYAAFQABgAASAAGAAA8AAYAADAABgAAJAAGAAAAAAAAAAAAAAAAAAAAAAAAAAAAAAAAAAAAAAAAAAAAAAAAAAAAAAAA/xIAAAAQEgAAAAQSAAAAABAAAAAADQAAAAAKAAAAAAcAAAAABAAAAAAAAAAAAAAAAAAAAAAAAAAAAAAAAAAAAAAAAAAAAAAAAAAAAAAAAAAAAAAAAAAAAAAAAAAAAAAAAAAAAAAAAAAAAAAAAAAAAAAAAAAAAAAAAAAAAAAAAAAAAAAAAAAAAAAAAAAAAAAAAAAAAAAAAAAAAAAAAAAAAP8ABgA
01-01 08:00:15.470 D/AudioPolicyManagerCustomImpl(  308): getGainTable, mGainTableSceneCount 1
01-01 08:00:15.472 D/AudioALSAHardware(  288): +getParameters(), key = GetGainTableCurrentSceneIndex
01-01 08:00:15.472 D/AudioMTKGainController(  288): getCurrentSceneIndex(), mSceneIndex = 0
01-01 08:00:15.472 D/AudioALSAHardware(  288): getParameters(), GetGainTableCurrentSceneIndex, currentSceneIndex = 0
01-01 08:00:15.472 D/AudioALSAHardware(  288): -getParameters(), return "GetGainTableCurrentSceneIndex=0"
01-01 08:00:15.473 D/AudioPolicyManagerCustomImpl(  308): Using scene [0]/[1]
01-01 08:00:15.474 W/AudioFlinger_Threads(  308): no wake lock to update, system not ready yet
01-01 08:00:15.479 D/AudioSystem(  308): +setParameters(): mono_output=0 
01-01 08:00:15.480 W/AudioFlinger(  308): moveEffects() bad srcOutput 0
01-01 08:00:15.483 D/AudioALSAHardware(  288): +routing createAudioPatch Mixer->2
01-01 08:00:15.483 D/AudioALSAStreamManager(  288): +setParameters(), IOport = 13, keyValuePairs = routing=2
01-01 08:00:15.483 D/AudioALSAStreamManager(  288): Send to mStreamOutVector[0]
01-01 08:00:15.483 D/AudioALSAStreamOut(  288): +setParameters(): flag 2, routing=2
01-01 08:00:15.483 D/AudioALSAStreamManager(  288): +routingOutputDevice()
01-01 08:00:15.484 D/AudioALSAStreamManager(  288): routingOutputDevice(), output_devices: 0x2 => 0x2, mPhoneCallSpeechOpen = 0
01-01 08:00:15.484 D/AudioALSAStreamManager(  288): +CheckHeadsetChange(), current_output_devices = 2 output_device = 2 
01-01 08:00:15.484 D/AudioALSAStreamManager(  288): mHeadsetChange = 0
01-01 08:00:15.484 W/AudioALSAStreamManager(  288): -routingOutputDevice(), output_devices == current_output_devices(0x2), return
01-01 08:00:15.484 D/AudioALSAStreamManager(  288): -setParameters()
01-01 08:00:15.489 D/AudioALSAHardware(  288): +getParameters(), key = GetSpeakerProtection
01-01 08:00:15.490 D/AudioALSAHardware(  288): -getParameters(), return "GetSpeakerProtection=0"
01-01 08:00:15.490 D/AudioPolicyManagerCustomImpl(  308): Not support GetSpeakerProtection
01-01 08:00:15.490 V/APM::AudioOutputDescriptor(  308): opening output for device 00000002 address  profile 0xb20a7280 name fast
01-01 08:00:15.490 I/AudioFlinger(  308): openOutput() this 0xb20bc000, module 10 Device 0x2, SamplingRate 48000, Format 0x000001, Channels 0x3, flags 0x4
01-01 08:00:15.490 D/AudioALSAStreamManager(  288): +openOutputStream()
01-01 08:00:15.491 D/AudioALSAStreamManager(  288): openOutputStream(), devices = 0x2, format = 0x1, channels = 0x3, sampleRate = 48000, status = 0x15
01-01 08:00:15.491 D/AudioALSAStreamOut(  288): AudioALSAStreamOut()
01-01 08:00:15.491 D/AudioALSAStreamOut(  288): set(), devices = 0x2, format = 0x1, channels = 0x3, sampleRate = 48000, flags = 0x4
01-01 08:00:15.491 D/AudioALSASampleRateController(  288): +setPrimaryStreamOutSampleRate(), mPrimaryStreamOutSampleRate: 48000 => 48000
01-01 08:00:15.491 W/AudioALSASampleRateController(  288): -setPrimaryStreamOutSampleRate(), sample_rate == mPrimaryStreamOutSampleRate, return
01-01 08:00:15.491 D/AudioALSAStreamOut(  288): set(), mStreamAttributeSource.latency 85, mStreamAttributeSource.buffer_size =16384, channels 2.
01-01 08:00:15.491 E/MtkAudioLoud(  288): loadParameter We don't support the cache for FilterType 1
01-01 08:00:15.491 D/MtkAudioLoud(  288): mIsZeroCoeff 1 mFilterType 1
01-01 08:00:15.491 D/AudioMTKFilterManager(  288): mFixedParam 0
01-01 08:00:15.491 D/AudioALSAStreamManager(  288): -openOutputStream(), out = 0xa51aa780, status = 0x0, mStreamOutVector.size() = 2
01-01 08:00:15.492 I/AudioFlinger_Threads(  308): HAL output buffer size 1024 frames, normal sink buffer size 1024 frames
01-01 08:00:15.494 I/AudioFlinger_Threads(  308): AudioFlinger's thread 0xb1503400 tid=584 ready to run
01-01 08:00:15.494 W/AudioFlinger_Threads(  308): no wake lock to update, system not ready yet
01-01 08:00:15.494 D/AudioSystem(  308): +setParameters(): mono_output=0 
01-01 08:00:15.496 W/AudioFlinger_Threads(  308): no wake lock to update, system not ready yet
01-01 08:00:15.497 D/AudioALSAHardware(  288): +routing createAudioPatch Mixer->2
01-01 08:00:15.497 D/AudioALSAStreamManager(  288): +setParameters(), IOport = 21, keyValuePairs = routing=2
01-01 08:00:15.497 D/AudioALSAStreamManager(  288): Send to mStreamOutVector[1]
01-01 08:00:15.497 D/AudioALSAStreamOut(  288): +setParameters(): flag 4, routing=2
01-01 08:00:15.497 D/AudioALSAStreamManager(  288): +routingOutputDevice()
01-01 08:00:15.497 D/AudioALSAStreamManager(  288): routingOutputDevice(), output_devices: 0x2 => 0x2, mPhoneCallSpeechOpen = 0
01-01 08:00:15.497 D/AudioALSAStreamManager(  288): +CheckHeadsetChange(), current_output_devices = 2 output_device = 2 
01-01 08:00:15.497 D/AudioALSAStreamManager(  288): mHeadsetChange = 0
01-01 08:00:15.497 W/AudioALSAStreamManager(  288): -routingOutputDevice(), output_devices == current_output_devices(0x2), return
01-01 08:00:15.497 D/AudioALSAStreamManager(  288): -setParameters()
01-01 08:00:15.501 D/AudioALSAStreamManager(  288): +openInputStream()
01-01 08:00:15.501 D/AudioALSAStreamManager(  288): openInputStream(), devices = 0x80000004, format = 0x1, channels = 0xc, sampleRate = 48000, status = 14, acoustics = 0x0
01-01 08:00:15.501 D/AudioALSAStreamIn(  288): AudioALSAStreamIn()
01-01 08:00:15.501 D/AudioALSAStreamIn(  288): set(), devices = 0x80000004, format = 0x1, channels = 0xc, sampleRate = 48000, acoustics = 0x0, flags = 0
01-01 08:00:15.501 D/AudioALSAStreamIn(  288): CheckBesRecordInfo()
01-01 08:00:15.502 D/AudioALSAStreamIn(  288): set() done, sampleRate = 48000, num_channels = 2, buffer_size=3840, tempDebugflag = 0
01-01 08:00:15.502 D/AudioALSAStreamManager(  288): -openInputStream(), in = 0xa528a400, status = 0x0, mStreamInVector.size() = 1
01-01 08:00:15.509 I/AudioFlinger_Threads(  308): AudioFlinger's thread 0xb1383cc0 tid=585 ready to run
01-01 08:00:15.514 D/AudioALSAStreamManager(  288): +closeInputStream(), in = 0xa528a400
01-01 08:00:15.515 D/AudioALSAStreamIn(  288): ~AudioALSAStreamIn()
01-01 08:00:15.515 D/AudioALSAStreamManager(  288): -closeInputStream(), mStreamInVector.size() = 0
01-01 08:00:15.545 I/bt_a2dp_hw(  308): adev_open:  adev_open in A2dp_hw module
01-01 08:00:15.545 I/AudioFlinger(  308): loadHwModule() Loaded a2dp audio interface, handle 18
01-01 08:00:15.561 I/AudioFlinger(  308): loadHwModule() Loaded usb audio interface, handle 26
01-01 08:00:15.582 I/iptables-wrapper-1.0(  492): iptables v1.6.1: Couldn't find target `oem_mangle_pre'
01-01 08:00:15.582 I/iptables-wrapper-1.0(  492): 
01-01 08:00:15.582 I/iptables-wrapper-1.0(  492): Try `iptables -h' or 'iptables --help' for more information.
01-01 08:00:15.584 I/iptables-wrapper-1.0(  492): iptables-wrapper-1.0 terminated by exit(2)
01-01 08:00:15.585 E/NetdagentIptables(  492): exec() res=0, status=512 for /system/bin/iptables-wrapper-1.0 -w -t mangle -I PREROUTING -j oem_mangle_pre 
01-01 08:00:15.589 I/r_submix(  288): adev_open(name=audio_hw_if)
01-01 08:00:15.591 I/r_submix(  288): adev_init_check()
01-01 08:00:15.592 W/DeviceHAL(  288): Error from HAL Device in function set_master_mute: Function not implemented
01-01 08:00:15.592 I/AudioFlinger(  308): loadHwModule() Loaded r_submix audio interface, handle 34
01-01 08:00:15.592 D/r_submix(  288): adev_open_input_stream(addr=0)
01-01 08:00:15.592 D/r_submix(  288): submix_audio_device_create_pipe_l(addr=0, idx=9)
01-01 08:00:15.592 D/r_submix(  288):   now using address 0 for route 9
01-01 08:00:15.599 I/AudioFlinger_Threads(  308): AudioFlinger's thread 0xb1383800 tid=588 ready to run
01-01 08:00:15.600 D/r_submix(  288): adev_close_input_stream()
01-01 08:00:15.600 D/AudioPolicyManagerCustomImpl(  308): check outputID [1] Primary
01-01 08:00:15.600 D/r_submix(  288): submix_audio_device_release_pipe_l(idx=9) addr=0
01-01 08:00:15.600 D/r_submix(  288): submix_audio_device_destroy_pipe_l(): pipe destroyed
01-01 08:00:15.601 D/AudioPolicyManagerCustomImpl(  308): check outputID [4] Fast
01-01 08:00:15.601 D/AudioPolicyManagerCustomImpl(  308): select ID [1] Primary as FMRadio reference
01-01 08:00:15.601 D/AudioPolicyManagerCustomImpl(  308): af.music.outputid = 1
01-01 08:00:15.603 W/libc    (  308): Unable to set property "af.music.outputid" to "1": error code: 0x18
01-01 08:00:15.605 I/        (  308): Waiting for activity service
01-01 08:00:15.667 I/ip6tables-wrapper-1.0(  492): ip6tables v1.6.1: Couldn't find target `oem_mangle_pre'
01-01 08:00:15.667 I/ip6tables-wrapper-1.0(  492): 
01-01 08:00:15.667 I/ip6tables-wrapper-1.0(  492): Try `ip6tables -h' or 'ip6tables --help' for more information.
01-01 08:00:15.667 I/ip6tables-wrapper-1.0(  492): ip6tables-wrapper-1.0 terminated by exit(2)
01-01 08:00:15.668 E/NetdagentIptables(  492): exec() res=0, status=512 for /system/bin/ip6tables-wrapper-1.0 -w -t mangle -I PREROUTING -j oem_mangle_pre 
01-01 08:00:15.709 D/rpmb    (  493): EmmcRpmbReadCounter: write_multiple_block, then read_multiple_block
01-01 08:00:15.717 E/rpmb    (  493): [uree] UREE_RpmbFeedbackWriteCounter Error: -65530 (Input parameters were invalid.)
01-01 08:00:15.717 E/rpmb    (  493): rpmb feedback write counter error 0xffff0006
01-01 08:00:15.740 I/iptables-wrapper-1.0(  492): iptables: No chain/target/match by that name.
01-01 08:00:15.741 I/iptables-wrapper-1.0(  492): iptables-wrapper-1.0 terminated by exit(1)
01-01 08:00:15.741 E/NetdagentIptables(  492): exec() res=0, status=256 for /system/bin/iptables-wrapper-1.0 -w -t filter -F oem_mobile 
01-01 08:00:15.781 I/wmt_launcher(  311): (persist.vendor.connsys.fwlog.status) is not supported
01-01 08:00:15.794 I/ip6tables-wrapper-1.0(  492): ip6tables: No chain/target/match by that name.
01-01 08:00:15.800 I/ip6tables-wrapper-1.0(  492): ip6tables-wrapper-1.0 terminated by exit(1)
01-01 08:00:15.801 E/NetdagentIptables(  492): exec() res=0, status=256 for /system/bin/ip6tables-wrapper-1.0 -w -t filter -F oem_mobile 
01-01 08:00:15.852 I/iptables-wrapper-1.0(  492): iptables: No chain/target/match by that name.
01-01 08:00:15.852 I/iptables-wrapper-1.0(  492): iptables-wrapper-1.0 terminated by exit(1)
01-01 08:00:15.853 E/NetdagentIptables(  492): exec() res=0, status=256 for /system/bin/iptables-wrapper-1.0 -w -t filter -X oem_mobile 
01-01 08:00:15.901 I/BufferQueueProducer(  314): [BootAnimation#0](this:0xa6dd0000,id:1,api:1,p:417,c:314) queueBuffer: fps=21.51 dur=1022.66 max=66.63 min=38.62
01-01 08:00:15.912 I/ip6tables-wrapper-1.0(  492): ip6tables: No chain/target/match by that name.
01-01 08:00:15.912 I/ip6tables-wrapper-1.0(  492): ip6tables-wrapper-1.0 terminated by exit(1)
01-01 08:00:15.913 E/NetdagentIptables(  492): exec() res=0, status=256 for /system/bin/ip6tables-wrapper-1.0 -w -t filter -X oem_mobile 
01-01 08:00:15.916 I/SurfaceFlinger(  314): [Built-in Screen (type:0)] fps:21.637564,dur:1016.75,max:70.19,min:34.67
01-01 08:00:15.963 W/camerahalserver(  476): type=1400 audit(0.0:830): avc: denied { read } for name="u:object_r:default_prop:s0" dev="tmpfs" ino=8331 scontext=u:r:mtk_hal_camera:s0 tcontext=u:object_r:default_prop:s0 tclass=file permissive=0
01-01 08:00:15.963 W/camerahalserver(  476): type=1400 audit(0.0:831): avc: denied { read } for name="u:object_r:default_prop:s0" dev="tmpfs" ino=8331 scontext=u:r:mtk_hal_camera:s0 tcontext=u:object_r:default_prop:s0 tclass=file permissive=0
01-01 08:00:15.963 W/camerahalserver(  476): type=1400 audit(0.0:832): avc: denied { read } for name="u:object_r:default_prop:s0" dev="tmpfs" ino=8331 scontext=u:r:mtk_hal_camera:s0 tcontext=u:object_r:default_prop:s0 tclass=file permissive=0
01-01 08:00:15.963 W/camerahalserver(  476): type=1400 audit(0.0:833): avc: denied { read } for name="u:object_r:default_prop:s0" dev="tmpfs" ino=8331 scontext=u:r:mtk_hal_camera:s0 tcontext=u:object_r:default_prop:s0 tclass=file permissive=0
01-01 08:00:15.963 D/PQ      (  476): [PQ_PROT] [PQCust] libpq_cust_base.so absent, libpq_cust.so OK
01-01 08:00:15.965 E/libc    (  476): Access denied finding property "debuglog.drv.fdvt_drv"
01-01 08:00:15.966 E/libc    (  476): Access denied finding property "debuglog.drv"
01-01 08:00:15.967 E/libc    (  476): Access denied finding property "debuglog.drv.rsc_drv"
01-01 08:00:15.967 E/libc    (  476): Access denied finding property "debuglog.drv"
01-01 08:00:15.983 I/mtkcam-module(  476): [ModuleStore] ctor
01-01 08:00:15.983 I/mtkcam-module(  476): [dump_module] [registered] module_id:0x0x40001 module_factory:0xb2266929 register_name:vendor/mediatek/proprietary/hardware/mtkcam/main/core/module/utils/register_utils.cpp
01-01 08:00:15.983 I/mtkcam-module(  476): [ShowLoading] loading (MODULE_GROUP_ID:4 MODULE_GROUP_COUNT:2 ...
01-01 08:00:15.983 I/mtkcam-module(  476): [load] MtkCam_getModuleFactory_utils(0xaf68e015) @ libmtkcam_modulefactory_utils.so
01-01 08:00:15.988 I/mtkcam-module(  476): [ModuleStore] ctor
01-01 08:00:15.988 I/mtkcam-module(  476): [dump_module] [registered] module_id:0x0x1 module_factory:0xb1528475 register_name:vendor/mediatek/proprietary/hardware/mtkcam/main/core/module/drv/register_HalSensor.cpp
01-01 08:00:15.988 I/mtkcam-module(  476): [dump_module] [registered] module_id:0x0x2 module_factory:0xb151b619 register_name:vendor/mediatek/proprietary/hardware/mtkcam/main/core/module/drv/register_HwSyncDrv.cpp
01-01 08:00:15.988 I/mtkcam-module(  476): [dump_module] [registered] module_id:0x0x3 module_factory:0xb1813f45 register_name:vendor/mediatek/proprietary/hardware/mtkcam/main/core/module/drv/register_iopipe_CamIO_NormalPipe.cpp
01-01 08:00:15.988 I/mtkcam-module(  476): [ShowLoading] loading (MODULE_GROUP_ID:0 MODULE_GROUP_COUNT:4 ...
01-01 08:00:15.988 I/mtkcam-module(  476): [load] MtkCam_getModuleFactory_drv(0xaf647431) @ libmtkcam_modulefactory_drv.so
01-01 08:00:15.988 D/SeninfDrvImp(  476): [SeninfDrvImp][SeninfDrvImp] 
01-01 08:00:15.989 D/SeninfDrvImp(  476): [init][init]: Entry count 0 
01-01 08:00:15.989 D/SeninfDrvImp(  476): [init]Efuse Data:0x11c5018c= 0x0, 0x11c50190= 0x0, 0x11c501bc= 0x0, 0x11c501c0= 0x0
01-01 08:00:15.990 D/SeninfDrvImp(  476): [init][init]: Exit count 1 
01-01 08:00:15.990 D/SeninfDrvImp(  476): [setMclk1IODrivingCurrent]DrivingIdx(3), Reg(0x00000003)
01-01 08:00:15.990 D/SeninfDrvImp(  476): [setMclk2IODrivingCurrent]DrivingIdx(3), Reg(0x00000018)
01-01 08:00:15.990 D/SeninfDrvImp(  476): [setMclk][setMclk]pcEn(1), clkPol(0), mMclkUser[0](1), TimestampClk(0), freq(24), mclkIdx 0
01-01 08:00:15.990 D/SeninfDrvImp(  476): [setMclk][setMclk]pcEn(1), clkPol(0), mMclkUser[1](1), TimestampClk(0), freq(24), mclkIdx 1
01-01 08:00:15.990 D/ImgSensorDrv(  476): [searchSensor]SENSOR search start 
01-01 08:00:16.019 D/rpmb    (  493): EmmcRpmbReadCounter: write_multiple_block, then read_multiple_block
01-01 08:00:16.029 E/rpmb    (  493): [uree] UREE_RpmbFeedbackWriteCounter Error: -65530 (Input parameters were invalid.)
01-01 08:00:16.029 E/rpmb    (  493): rpmb feedback write counter error 0xffff0006
01-01 08:00:16.040 D/ImgSensorDrv(  476): [searchSensor]set sensor driver id =1
01-01 08:00:16.040 D/ImgSensorDrv(  476): [searchSensor]sensorIdx 0 found <0x30c6/s5k3l6_mipi_raw/SENSOR_DRVNAME_S5K3L6_MIPI_RAW>
01-01 08:00:16.040 D/ImgSensorDrv(  476): [getInfo2]prv w=0x1070,h=0xc30
01-01 08:00:16.040 D/ImgSensorDrv(  476): [getInfo2]cap w=0x1070,h=0xc30
01-01 08:00:16.040 D/ImgSensorDrv(  476): [getInfo2]vd  w=0x1070,h=0xc30
01-01 08:00:16.040 D/ImgSensorDrv(  476): [getInfo2]pre GrapX=0x0,GrapY=0x0
01-01 08:00:16.046 W/MtkCam/HalSensorList(  476): [impConstructStaticMetadata_by_SymbolName] constructCustStaticMetadata_DEVICE_SCALER_SENSOR_DRVNAME_S5K3L6_MIPI_RAW not found
01-01 08:00:16.048 W/MtkCam/HalSensorList(  476): [impConstructStaticMetadata_by_SymbolName] constructCustStaticMetadata_DEVICE_SCALER_COMMON not found
01-01 08:00:16.049 W/MtkCam/HalSensorList(  476): [impConstructStaticMetadata_by_SymbolName] constructCustStaticMetadata_DEVICE_FEATURE_SENSOR_DRVNAME_S5K3L6_MIPI_RAW not found
01-01 08:00:16.051 W/MtkCam/HalSensorList(  476): [impConstructStaticMetadata_by_SymbolName] constructCustStaticMetadata_DEVICE_FEATURE_COMMON not found
01-01 08:00:16.053 W/MtkCam/HalSensorList(  476): [impConstructStaticMetadata_by_SymbolName] constructCustStaticMetadata_DEVICE_REQUEST_SENSOR_DRVNAME_S5K3L6_MIPI_RAW not found
01-01 08:00:16.055 W/MtkCam/HalSensorList(  476): [impConstructStaticMetadata_by_SymbolName] constructCustStaticMetadata_DEVICE_REQUEST_COMMON not found
01-01 08:00:16.056 W/MtkCam/HalSensorList(  476): [impConstructStaticMetadata_by_SymbolName] constructCustStaticMetadata_PROJECT_LENS_SENSOR_DRVNAME_S5K3L6_MIPI_RAW not found
01-01 08:00:16.057 W/MtkCam/HalSensorList(  476): [impConstructStaticMetadata_by_SymbolName] constructCustStaticMetadata_PROJECT_LENS_COMMON not found
01-01 08:00:16.059 W/MtkCam/HalSensorList(  476): [impConstructStaticMetadata_by_SymbolName] constructCustStaticMetadata_PROJECT_SENSOR_SENSOR_DRVNAME_S5K3L6_MIPI_RAW not found
01-01 08:00:16.060 W/MtkCam/HalSensorList(  476): [impConstructStaticMetadata_by_SymbolName] constructCustStaticMetadata_PROJECT_SENSOR_COMMON not found
01-01 08:00:16.061 W/MtkCam/HalSensorList(  476): [impConstructStaticMetadata_by_SymbolName] constructCustStaticMetadata_PROJECT_TUNING_3A_SENSOR_DRVNAME_S5K3L6_MIPI_RAW not found
01-01 08:00:16.062 W/MtkCam/HalSensorList(  476): [impConstructStaticMetadata_by_SymbolName] constructCustStaticMetadata_PROJECT_TUNING_3A_COMMON not found
01-01 08:00:16.063 W/MtkCam/HalSensorList(  476): [impConstructStaticMetadata_by_SymbolName] constructCustStaticMetadata_PROJECT_FLASHLIGHT_SENSOR_DRVNAME_S5K3L6_MIPI_RAW not found
01-01 08:00:16.064 W/MtkCam/HalSensorList(  476): [impConstructStaticMetadata_by_SymbolName] constructCustStaticMetadata_PROJECT_FLASHLIGHT_COMMON not found
01-01 08:00:16.065 W/MtkCam/HalSensorList(  476): [impConstructStaticMetadata_by_SymbolName] constructCustStaticMetadata_PROJECT_SCALER_SENSOR_DRVNAME_S5K3L6_MIPI_RAW not found
01-01 08:00:16.065 W/MtkCam/HalSensorList(  476): [impConstructStaticMetadata_by_SymbolName] constructCustStaticMetadata_PROJECT_SCALER_COMMON not found
01-01 08:00:16.066 W/MtkCam/HalSensorList(  476): [impConstructStaticMetadata_by_SymbolName] constructCustStaticMetadata_PROJECT_FEATURE_SENSOR_DRVNAME_S5K3L6_MIPI_RAW not found
01-01 08:00:16.067 W/MtkCam/HalSensorList(  476): [impConstructStaticMetadata_by_SymbolName] constructCustStaticMetadata_PROJECT_FEATURE_COMMON not found
01-01 08:00:16.067 W/MtkCam/HalSensorList(  476): [impConstructStaticMetadata_by_SymbolName] constructCustStaticMetadata_PROJECT_CAMERA_SENSOR_DRVNAME_S5K3L6_MIPI_RAW not found
01-01 08:00:16.068 W/MtkCam/HalSensorList(  476): [impConstructStaticMetadata_by_SymbolName] constructCustStaticMetadata_PROJECT_CAMERA_COMMON not found
01-01 08:00:16.069 W/MtkCam/HalSensorList(  476): [impConstructStaticMetadata_by_SymbolName] constructCustStaticMetadata_PROJECT_REQUEST_SENSOR_DRVNAME_S5K3L6_MIPI_RAW not found
01-01 08:00:16.069 D/Zygote  (  450): begin preload
01-01 08:00:16.069 I/Zygote  (  450): Installing ICU cache reference pinning...
01-01 08:00:16.069 I/Zygote  (  450): Preloading ICU data...
01-01 08:00:16.070 W/MtkCam/HalSensorList(  476): [impConstructStaticMetadata_by_SymbolName] constructCustStaticMetadata_PROJECT_REQUEST_COMMON not found
01-01 08:00:16.071 D/ImgSensorDrv(  476): [searchSensor]SENSOR search start 
01-01 08:00:16.110 I/iptables-wrapper-1.0(  492): iptables: No chain/target/match by that name.
01-01 08:00:16.111 I/iptables-wrapper-1.0(  492): iptables-wrapper-1.0 terminated by exit(1)
01-01 08:00:16.111 E/NetdagentIptables(  492): exec() res=0, status=256 for /system/bin/iptables-wrapper-1.0 -w -t filter -F oem_wifi 
01-01 08:00:16.170 I/ip6tables-wrapper-1.0(  492): ip6tables: No chain/target/match by that name.
01-01 08:00:16.173 I/ip6tables-wrapper-1.0(  492): ip6tables-wrapper-1.0 terminated by exit(1)
01-01 08:00:16.173 E/NetdagentIptables(  492): exec() res=0, status=256 for /system/bin/ip6tables-wrapper-1.0 -w -t filter -F oem_wifi 
01-01 08:00:16.206 I/Zygote  (  450): Preloading classes...
01-01 08:00:16.223 I/iptables-wrapper-1.0(  492): iptables: No chain/target/match by that name.
01-01 08:00:16.223 I/iptables-wrapper-1.0(  492): iptables-wrapper-1.0 terminated by exit(1)
01-01 08:00:16.223 E/NetdagentIptables(  492): exec() res=0, status=256 for /system/bin/iptables-wrapper-1.0 -w -t filter -X oem_wifi 
01-01 08:00:16.230 I/SystemServiceRegistry(  450): regMtkService start
01-01 08:00:16.231 I/SystemServiceRegistry(  450): setMtkSystemServiceName start
