--------- beginning of system
12-20 13:49:46.546 V/WindowManager(  646): Changing focus from null to Window{f4c1a7b u0 com.android.settings/com.android.settings.Settings$NetworkDashboardActivity} Callers=com.android.server.wm.WindowManagerService.relayoutWindow:2142 com.android.server.wm.Session.relayout:244 android.view.IWindowSession$Stub.onTransact:309 com.android.server.wm.Session.onTransact:164 
12-20 13:49:46.547 D/WindowManager(  646): Input focus has changed to Window{f4c1a7b u0 com.android.settings/com.android.settings.Settings$NetworkDashboardActivity}
12-20 13:49:46.547 I/WindowManager(  646): Focus moving from null to Window{f4c1a7b u0 com.android.settings/com.android.settings.Settings$NetworkDashboardActivity}
12-20 13:49:47.188 W/ContextImpl(12409): Calling a method in the system process without a qualified user: android.app.ContextImpl.startService:1532 android.content.ContextWrapper.startService:664 android.app.Activity.onEnterAnimationComplete:6662 android.app.Activity.dispatchEnterAnimationComplete:6673 android.app.ActivityThread.handleEnterAnimationComplete:3275 
12-20 13:49:48.309 W/ContextImpl(12409): Calling a method in the system process without a qualified user: android.app.ContextImpl.sendBroadcast:1006 android.content.ContextWrapper.sendBroadcast:444 android.content.ContextWrapper.sendBroadcast:444 android.view.View.dispatchTouchEvent:12526 android.view.ViewGroup.dispatchTransformedTouchEvent:3077 
12-20 13:49:48.461 I/ActivityManager(  646): START u0 {act=android.intent.action.MAIN cmp=com.android.settings/.SubSettings (has extras)} from uid 1000
12-20 13:49:48.483 V/WindowManager(  646): Set focused app to: AppWindowToken{5625047 token=Token{1417f86 ActivityRecord{734f861 u0 com.android.settings/.SubSettings t53}}} old focus=AppWindowToken{16e5d77 token=Token{9cdc376 ActivityRecord{1591611 u0 com.android.settings/.Settings$NetworkDashboardActivity t53}}} moveFocusNow=true
12-20 13:49:48.484 V/WindowManager(  646): Changing focus from Window{f4c1a7b u0 com.android.settings/com.android.settings.Settings$NetworkDashboardActivity} to null Callers=com.android.server.wm.WindowManagerService.setFocusedApp:2638 com.android.server.am.ActivityManagerService.setResumedActivityUncheckLocked:3631 com.android.server.am.ActivityStack.onActivityStateChanged:498 com.android.server.am.TaskRecord.onActivityStateChanged:1794 
12-20 13:49:48.484 D/WindowManager(  646): Input focus has changed to null
12-20 13:49:48.485 I/WindowManager(  646): Focus moving from Window{f4c1a7b u0 com.android.settings/com.android.settings.Settings$NetworkDashboardActivity} to null
12-20 13:49:48.690 I/WindowManager(  646): Relayout Window{b0a1fc2 u0 com.android.settings/com.android.settings.SubSettings}: oldVis=4 newVis=0 focusMayChange = true
12-20 13:49:48.694 V/WindowManager(  646): Changing focus from null to Window{b0a1fc2 u0 com.android.settings/com.android.settings.SubSettings} Callers=com.android.server.wm.WindowManagerService.relayoutWindow:2142 com.android.server.wm.Session.relayout:244 android.view.IWindowSession$Stub.onTransact:309 com.android.server.wm.Session.onTransact:164 
12-20 13:49:48.694 D/WindowManager(  646): Input focus has changed to Window{b0a1fc2 u0 com.android.settings/com.android.settings.SubSettings}
12-20 13:49:48.695 I/WindowManager(  646): Focus moving from null to Window{b0a1fc2 u0 com.android.settings/com.android.settings.SubSettings}
12-20 13:49:48.740 V/AlarmManager(  646): set(null) : type=2 triggerAtTime=240548054 win=11250 tElapsed=240548054 maxElapsed=240559304 interval=0 flags=0x8
12-20 13:49:49.241 W/ContextImpl(12409): Calling a method in the system process without a qualified user: android.app.ContextImpl.startService:1532 android.content.ContextWrapper.startService:664 android.app.Activity.onEnterAnimationComplete:6662 android.app.Activity.dispatchEnterAnimationComplete:6673 android.app.ActivityThread.handleEnterAnimationComplete:3275 
12-20 13:49:49.248 D/MtkConnectivityService(  646): releasing NetworkRequest [ TRACK_DEFAULT id=45, [ Capabilities: INTERNET&NOT_RESTRICTED&TRUSTED Unwanted:  Uid: 1000] ] (release request)
12-20 13:49:51.053 V/AlarmManager(  646): set(PendingIntent{d21179: PendingIntentRecord{75a7ebe com.tal.genie.push broadcastIntent}}) : type=2 triggerAtTime=240555361 win=0 tElapsed=240555361 maxElapsed=240555361 interval=0 flags=0x9
12-20 13:49:51.058 V/AlarmManager(  646): set(PendingIntent{91a0b1f: PendingIntentRecord{8745e6c com.tal.genie.push broadcastIntent}}) : type=2 triggerAtTime=240543369 win=0 tElapsed=240543369 maxElapsed=240543369 interval=0 flags=0x9
12-20 13:49:52.568 W/ContextImpl(12409): Calling a method in the system process without a qualified user: android.app.ContextImpl.sendBroadcast:1006 android.content.ContextWrapper.sendBroadcast:444 android.content.ContextWrapper.sendBroadcast:444 android.view.View.dispatchTouchEvent:12526 android.view.ViewGroup.dispatchTransformedTouchEvent:3083 
12-20 13:49:52.704 I/ActivityManager(  646): START u0 {act=android.intent.action.MAIN cmp=com.android.settings/.SubSettings (has extras)} from uid 1000
12-20 13:49:52.724 V/WindowManager(  646): Set focused app to: AppWindowToken{8ebb5b3 token=Token{99ca722 ActivityRecord{843cced u0 com.android.settings/.SubSettings t53}}} old focus=AppWindowToken{5625047 token=Token{1417f86 ActivityRecord{734f861 u0 com.android.settings/.SubSettings t53}}} moveFocusNow=true
12-20 13:49:52.725 V/WindowManager(  646): Changing focus from Window{b0a1fc2 u0 com.android.settings/com.android.settings.SubSettings} to null Callers=com.android.server.wm.WindowManagerService.setFocusedApp:2638 com.android.server.am.ActivityManagerService.setResumedActivityUncheckLocked:3631 com.android.server.am.ActivityStack.onActivityStateChanged:498 com.android.server.am.TaskRecord.onActivityStateChanged:1794 
12-20 13:49:52.725 D/WindowManager(  646): Input focus has changed to null
12-20 13:49:52.726 I/WindowManager(  646): Focus moving from Window{b0a1fc2 u0 com.android.settings/com.android.settings.SubSettings} to null
12-20 13:49:52.847 I/WindowManager(  646): Relayout Window{b851c07 u0 com.android.settings/com.android.settings.SubSettings}: oldVis=4 newVis=0 focusMayChange = true
12-20 13:49:52.852 V/WindowManager(  646): Changing focus from null to Window{b851c07 u0 com.android.settings/com.android.settings.SubSettings} Callers=com.android.server.wm.WindowManagerService.relayoutWindow:2142 com.android.server.wm.Session.relayout:244 android.view.IWindowSession$Stub.onTransact:309 com.android.server.wm.Session.onTransact:164 
12-20 13:49:52.852 D/WindowManager(  646): Input focus has changed to Window{b851c07 u0 com.android.settings/com.android.settings.SubSettings}
12-20 13:49:52.854 I/WindowManager(  646): Focus moving from null to Window{b851c07 u0 com.android.settings/com.android.settings.SubSettings}
12-20 13:49:53.428 W/ContextImpl(12409): Calling a method in the system process without a qualified user: android.app.ContextImpl.startService:1532 android.content.ContextWrapper.startService:664 android.app.Activity.onEnterAnimationComplete:6662 android.app.Activity.dispatchEnterAnimationComplete:6673 android.app.ActivityThread.handleEnterAnimationComplete:3275 
12-20 13:49:55.720 W/ContextImpl(12409): Calling a method in the system process without a qualified user: android.app.ContextImpl.sendBroadcast:1006 android.content.ContextWrapper.sendBroadcast:444 android.content.ContextWrapper.sendBroadcast:444 android.view.View.dispatchTouchEvent:12526 android.view.ViewGroup.dispatchTransformedTouchEvent:3083 
12-20 13:49:56.895 W/ContextImpl(12409): Calling a method in the system process without a qualified user: android.app.ContextImpl.sendBroadcast:1006 android.content.ContextWrapper.sendBroadcast:444 android.content.ContextWrapper.sendBroadcast:444 android.view.View.dispatchTouchEvent:12526 android.view.ViewGroup.dispatchTransformedTouchEvent:3077 
12-20 13:49:59.061 V/AlarmManager(  646): set(PendingIntent{eb129e7: PendingIntentRecord{bdd6994 com.tal.genie.push broadcastIntent}}) : type=2 triggerAtTime=240563371 win=0 tElapsed=240563371 maxElapsed=240563371 interval=0 flags=0x9
12-20 13:49:59.064 V/AlarmManager(  646): set(PendingIntent{fe93c3d: PendingIntentRecord{ad76c32 com.tal.genie.push broadcastIntent}}) : type=2 triggerAtTime=240551377 win=0 tElapsed=240551377 maxElapsed=240551377 interval=0 flags=0x9
12-20 13:50:00.003 V/AlarmManager(  646): set(PendingIntent{336aa5c: PendingIntentRecord{556c165 android broadcastIntent}}) : type=3 triggerAtTime=240604314 win=0 tElapsed=240604314 maxElapsed=240604314 interval=0 flags=0x1
12-20 13:50:00.802 W/ContextImpl(12409): Calling a method in the system process without a qualified user: android.app.ContextImpl.sendBroadcast:1006 android.content.ContextWrapper.sendBroadcast:444 android.content.ContextWrapper.sendBroadcast:444 android.view.View.dispatchTouchEvent:12526 android.view.ViewGroup.dispatchTransformedTouchEvent:3077 
12-20 13:50:02.432 W/ContextImpl(12409): Calling a method in the system process without a qualified user: android.app.ContextImpl.sendBroadcast:1006 android.content.ContextWrapper.sendBroadcast:444 android.content.ContextWrapper.sendBroadcast:444 android.view.View.dispatchTouchEvent:12526 android.view.ViewGroup.dispatchTransformedTouchEvent:3083 
12-20 13:50:07.082 V/AlarmManager(  646): set(PendingIntent{1a7cd73: PendingIntentRecord{efdb430 com.tal.genie.push broadcastIntent}}) : type=2 triggerAtTime=240571379 win=0 tElapsed=240571379 maxElapsed=240571379 interval=0 flags=0x9
12-20 13:50:07.087 V/AlarmManager(  646): set(PendingIntent{c0c88a9: PendingIntentRecord{eafde2e com.tal.genie.push broadcastIntent}}) : type=2 triggerAtTime=240559398 win=0 tElapsed=240559398 maxElapsed=240559398 interval=0 flags=0x9
12-20 13:50:07.366 V/AlarmManager(  646): set(null) : type=2 triggerAtTime=240631677 win=60000 tElapsed=240631677 maxElapsed=240691677 interval=0 flags=0x8
12-20 13:50:07.381 V/AlarmManager(  646): set(null) : type=2 triggerAtTime=240566695 win=11250 tElapsed=240566695 maxElapsed=240577945 interval=0 flags=0x8
12-20 13:50:07.863 W/ContextImpl(12409): Calling a method in the system process without a qualified user: android.app.ContextImpl.startService:1532 android.content.ContextWrapper.startService:664 android.content.ContextWrapper.startService:664 com.android.internal.policy.DecorView.dispatchTouchEvent:422 android.view.View.dispatchPointerEvent:12808 
12-20 13:50:07.934 W/ContextImpl(12409): Calling a method in the system process without a qualified user: android.app.ContextImpl.startService:1532 android.content.ContextWrapper.startService:664 android.content.ContextWrapper.startService:664 com.android.internal.policy.DecorView.dispatchTouchEvent:422 android.view.View.dispatchPointerEvent:12808 
12-20 13:50:08.950 W/ContextImpl(12409): Calling a method in the system process without a qualified user: android.app.ContextImpl.sendBroadcast:1006 android.content.ContextWrapper.sendBroadcast:444 android.content.ContextWrapper.sendBroadcast:444 android.view.View.dispatchTouchEvent:12526 android.view.ViewGroup.dispatchTransformedTouchEvent:3083 
12-20 13:50:09.265 V/WindowManager(  646): Changing focus from Window{b851c07 u0 com.android.settings/com.android.settings.SubSettings} to Window{53bee19 u0 TAL-Device} Callers=com.android.server.wm.WindowManagerService.addWindow:1519 com.android.server.wm.Session.addToDisplay:205 android.view.IWindowSession$Stub.onTransact:129 com.android.server.wm.Session.onTransact:164 
12-20 13:50:09.266 D/WindowManager(  646): Input focus has changed to Window{53bee19 u0 TAL-Device}
12-20 13:50:09.268 I/WindowManager(  646): Focus moving from Window{b851c07 u0 com.android.settings/com.android.settings.SubSettings} to Window{53bee19 u0 TAL-Device}
12-20 13:50:09.426 I/WindowManager(  646): Losing delayed focus: Window{b851c07 u0 com.android.settings/com.android.settings.SubSettings}
12-20 13:50:09.514 I/WindowManager(  646): Relayout Window{d696da5 u0 InputMethod}: oldVis=8 newVis=0 focusMayChange = true
12-20 13:50:10.176 W/ContextImpl(12409): Calling a method in the system process without a qualified user: android.app.ContextImpl.sendBroadcast:1006 android.content.ContextWrapper.sendBroadcast:444 android.content.ContextWrapper.sendBroadcast:444 android.view.View.dispatchTouchEvent:12526 android.view.ViewGroup.dispatchTransformedTouchEvent:3077 
12-20 13:50:15.091 V/AlarmManager(  646): set(PendingIntent{77a3697: PendingIntentRecord{b757084 com.tal.genie.push broadcastIntent}}) : type=2 triggerAtTime=240579400 win=0 tElapsed=240579400 maxElapsed=240579400 interval=0 flags=0x9
12-20 13:50:15.097 V/AlarmManager(  646): set(PendingIntent{361506d: PendingIntentRecord{83ea4a2 com.tal.genie.push broadcastIntent}}) : type=2 triggerAtTime=240567407 win=0 tElapsed=240567407 maxElapsed=240567407 interval=0 flags=0x9
12-20 13:50:21.198 W/ContextImpl(12409): Calling a method in the system process without a qualified user: android.app.ContextImpl.sendBroadcast:1006 android.content.ContextWrapper.sendBroadcast:444 android.content.ContextWrapper.sendBroadcast:444 android.view.View.dispatchTouchEvent:12526 android.view.ViewGroup.dispatchTransformedTouchEvent:3083 
12-20 13:50:21.315 D/WifiService(  646): SAVE nid=0 config=* ID: 0 SSID: null PROVIDER-NAME: null BSSID: null FQDN: null PRIO: 0 HIDDEN: false
12-20 13:50:21.315 D/WifiService(  646):  NetworkSelectionStatus NETWORK_SELECTION_ENABLED
12-20 13:50:21.315 D/WifiService(  646):  hasEverConnected: false
12-20 13:50:21.315 D/WifiService(  646):  KeyMgmt: WPA_PSK Protocols:
12-20 13:50:21.315 D/WifiService(  646):  AuthAlgorithms:
12-20 13:50:21.315 D/WifiService(  646):  PairwiseCiphers:
12-20 13:50:21.315 D/WifiService(  646):  GroupCiphers:
12-20 13:50:21.315 D/WifiService(  646):  PSK: 
12-20 13:50:21.315 D/WifiService(  646): Enterprise config:
12-20 13:50:21.315 D/WifiService(  646): IP config:
12-20 13:50:21.315 D/WifiService(  646): IP assignment: DHCP
12-20 13:50:21.315 D/WifiService(  646): Proxy settings: STATIC
12-20 13:50:21.315 D/WifiService(  646): HTTP proxy: [10.14.182.230] 8888 xl=
12-20 13:50:21.315 D/WifiService(  646):  cuid=-1 luid=-1 lcuid=0 userApproved=USER_UNSPECIFIED noInternetAccessExpected=false 
12-20 13:50:21.315 D/WifiService(  646): recentFailure: Association Rejection code: 0
12-20 13:50:21.315 D/WifiService(  646):  uid=1000 name=android.uid.system:1000
12-20 13:50:21.316 D/WifiService(  646): New client listening to asynchronous messages
12-20 13:50:21.319 W/ContextImpl(  646): Calling a method in the system process without a qualified user: android.app.ContextImpl.sendBroadcastAsUserMultiplePermissions:1054 com.android.server.wifi.WifiConfigManager.sendConfiguredNetworkChangedBroadcast:660 com.android.server.wifi.WifiConfigManager.addOrUpdateNetwork:1117 com.android.server.wifi.WifiStateMachine.saveNetworkConfigAndSendReply:5918 com.android.server.wifi.WifiStateMachine.access$3000:148 
12-20 13:50:21.330 V/WindowManager(  646): Remove Window{53bee19 u0 TAL-Device} client=ebe8960, surfaceController=Surface(name=TAL-Device)/@0x93f5d42 Callers=com.android.server.wm.WindowState.removeIfPossible:1966 com.android.server.wm.WindowManagerService.removeWindow:1679 com.android.server.wm.Session.remove:226 android.view.IWindowSession$Stub.onTransact:261 com.android.server.wm.Session.onTransact:164 
12-20 13:50:21.334 V/WindowManager(  646): Changing focus from Window{53bee19 u0 TAL-Device EXITING} to Window{b851c07 u0 com.android.settings/com.android.settings.SubSettings} Callers=com.android.server.wm.WindowState.setupWindowForRemoveOnExit:2105 com.android.server.wm.WindowState.removeIfPossible:2076 com.android.server.wm.WindowState.removeIfPossible:1966 com.android.server.wm.WindowManagerService.removeWindow:1679 
12-20 13:50:21.334 D/WindowManager(  646): Input focus has changed to Window{b851c07 u0 com.android.settings/com.android.settings.SubSettings}
12-20 13:50:21.341 W/ContextImpl(  646): Calling a method in the system process without a qualified user: android.app.ContextImpl.sendBroadcastAsUserMultiplePermissions:1054 com.android.server.wifi.WifiConfigManager.sendConfiguredNetworkChangedBroadcast:660 com.android.server.wifi.WifiConfigManager.setNetworkStatus:1338 com.android.server.wifi.WifiConfigManager.setNetworkSelectionStatus:1361 com.android.server.wifi.WifiConfigManager.updateNetworkSelectionStatus:1403 
12-20 13:50:21.349 V/AlarmManager(  646): set(null) : type=2 triggerAtTime=240575663 win=7500 tElapsed=240575663 maxElapsed=240583163 interval=0 flags=0x8
12-20 13:50:21.351 I/WindowManager(  646): Focus moving from Window{53bee19 u0 TAL-Device EXITING} to Window{b851c07 u0 com.android.settings/com.android.settings.SubSettings}
12-20 13:50:21.358 D/MtkConnectivityService(  646): sending Proxy Broadcast for [10.14.182.230] 8888 xl=
12-20 13:50:21.369 I/NetworkStatsRecorder(  646): recordSnapshotLocked: ident[[{type=WIFI, subType=COMBINED, networkId="TAL-Device", metered=false, defaultNetwork=true}]]
12-20 13:50:21.369 W/NetworkStatsRecorder(  646): unknown interfaces [lo], ignoring those stats
12-20 13:50:21.369 I/NetworkStatsRecorder(  646): recordSnapshotLocked: ident[[{type=WIFI, subType=COMBINED, networkId="TAL-Device", metered=false, defaultNetwork=true}]]
12-20 13:50:21.369 W/NetworkStatsRecorder(  646): unknown interfaces [lo], ignoring those stats
12-20 13:50:21.369 I/NetworkStatsRecorder(  646): recordSnapshotLocked: ident[[{type=WIFI, subType=COMBINED, networkId="TAL-Device", metered=false, defaultNetwork=true}]]
12-20 13:50:21.369 I/chatty  (  646): uid=1000(system) ConnectivitySer identical 2 lines
12-20 13:50:21.369 I/NetworkStatsRecorder(  646): recordSnapshotLocked: ident[[{type=WIFI, subType=COMBINED, networkId="TAL-Device", metered=false, defaultNetwork=true}]]
12-20 13:50:21.369 W/NetworkStatsRecorder(  646): unknown interfaces [lo], ignoring those stats
12-20 13:50:21.369 W/NetworkStatsRecorder(  646): unknown interfaces [lo], ignoring those stats
12-20 13:50:21.369 D/NetworkStatsRecorder(  646): forcePersistLocked() writing for dev
12-20 13:50:21.372 D/NetworkStatsRecorder(  646): forcePersistLocked() writing for xt
12-20 13:50:21.378 D/MtkNetworkStatsService(  646): rebuildActiveSubscriberSubIdMap
12-20 13:50:21.381 I/NetworkStats(  646): NetworkIdentity: {type=WIFI, subType=COMBINED, networkId="TAL-Device", metered=false, defaultNetwork=true}
12-20 13:50:22.845 W/ContextImpl(12409): Calling a method in the system process without a qualified user: android.app.ContextImpl.sendBroadcast:1006 android.content.ContextWrapper.sendBroadcast:444 android.content.ContextWrapper.sendBroadcast:444 android.view.View.dispatchTouchEvent:12526 android.view.ViewGroup.dispatchTransformedTouchEvent:3083 
12-20 13:50:22.949 V/WindowManager(  646): Set focused app to: AppWindowToken{5625047 token=Token{1417f86 ActivityRecord{734f861 u0 com.android.settings/.SubSettings t53}}} old focus=AppWindowToken{8ebb5b3 token=Token{99ca722 ActivityRecord{843cced u0 com.android.settings/.SubSettings t53}}} moveFocusNow=true
12-20 13:50:22.951 V/WindowManager(  646): Changing focus from Window{b851c07 u0 com.android.settings/com.android.settings.SubSettings} to null Callers=com.android.server.wm.WindowManagerService.setFocusedApp:2638 com.android.server.am.ActivityManagerService.setResumedActivityUncheckLocked:3631 com.android.server.am.ActivityStack.onActivityStateChanged:498 com.android.server.am.TaskRecord.onActivityStateChanged:1794 
12-20 13:50:22.951 D/WindowManager(  646): Input focus has changed to null
12-20 13:50:22.957 I/WindowManager(  646): Focus moving from Window{b851c07 u0 com.android.settings/com.android.settings.SubSettings} to null
12-20 13:50:23.073 I/WindowManager(  646): Relayout Window{b0a1fc2 u0 com.android.settings/com.android.settings.SubSettings}: oldVis=4 newVis=0 focusMayChange = true
12-20 13:50:23.082 V/WindowManager(  646): Changing focus from null to Window{b0a1fc2 u0 com.android.settings/com.android.settings.SubSettings} Callers=com.android.server.wm.WindowManagerService.relayoutWindow:2142 com.android.server.wm.Session.relayout:244 android.view.IWindowSession$Stub.onTransact:309 com.android.server.wm.Session.onTransact:164 
12-20 13:50:23.082 D/WindowManager(  646): Input focus has changed to Window{b0a1fc2 u0 com.android.settings/com.android.settings.SubSettings}
12-20 13:50:23.084 I/WindowManager(  646): Focus moving from null to Window{b0a1fc2 u0 com.android.settings/com.android.settings.SubSettings}
12-20 13:50:23.117 V/AlarmManager(  646): set(PendingIntent{b7197b: PendingIntentRecord{7db8398 com.tal.genie.push broadcastIntent}}) : type=2 triggerAtTime=240587409 win=0 tElapsed=240587409 maxElapsed=240587409 interval=0 flags=0x9
12-20 13:50:23.124 V/AlarmManager(  646): set(PendingIntent{a1f87f1: PendingIntentRecord{3e7fd6 com.tal.genie.push broadcastIntent}}) : type=2 triggerAtTime=240575434 win=0 tElapsed=240575434 maxElapsed=240575434 interval=0 flags=0x9
12-20 13:50:23.158 V/AlarmManager(  646): set(null) : type=2 triggerAtTime=240582471 win=11249 tElapsed=240582471 maxElapsed=240593720 interval=0 flags=0x8
12-20 13:50:23.649 W/ContextImpl(12409): Calling a method in the system process without a qualified user: android.app.ContextImpl.startService:1532 android.content.ContextWrapper.startService:664 android.app.Activity.onEnterAnimationComplete:6662 android.app.Activity.dispatchEnterAnimationComplete:6673 android.app.ActivityThread.handleEnterAnimationComplete:3275 
12-20 13:50:24.405 W/ContextImpl(12409): Calling a method in the system process without a qualified user: android.app.ContextImpl.sendBroadcast:1006 android.content.ContextWrapper.sendBroadcast:444 android.content.ContextWrapper.sendBroadcast:444 android.view.View.dispatchTouchEvent:12526 android.view.ViewGroup.dispatchTransformedTouchEvent:3083 
12-20 13:50:24.474 V/WindowManager(  646): Set focused app to: AppWindowToken{16e5d77 token=Token{9cdc376 ActivityRecord{1591611 u0 com.android.settings/.Settings$NetworkDashboardActivity t53}}} old focus=AppWindowToken{5625047 token=Token{1417f86 ActivityRecord{734f861 u0 com.android.settings/.SubSettings t53}}} moveFocusNow=true
12-20 13:50:24.474 V/WindowManager(  646): Changing focus from Window{b0a1fc2 u0 com.android.settings/com.android.settings.SubSettings} to null Callers=com.android.server.wm.WindowManagerService.setFocusedApp:2638 com.android.server.am.ActivityManagerService.setResumedActivityUncheckLocked:3631 com.android.server.am.ActivityStack.onActivityStateChanged:498 com.android.server.am.TaskRecord.onActivityStateChanged:1794 
12-20 13:50:24.474 D/WindowManager(  646): Input focus has changed to null
12-20 13:50:24.477 I/WindowManager(  646): Focus moving from Window{b0a1fc2 u0 com.android.settings/com.android.settings.SubSettings} to null
12-20 13:50:24.489 D/MtkConnectivityService(  646): requestNetwork for uid/pid:1000/12409 NetworkRequest [ TRACK_DEFAULT id=53, [ Capabilities: INTERNET&NOT_RESTRICTED&TRUSTED Unwanted:  Uid: 1000] ]
12-20 13:50:24.526 I/WindowManager(  646): Relayout Window{f4c1a7b u0 com.android.settings/com.android.settings.Settings$NetworkDashboardActivity}: oldVis=8 newVis=0 focusMayChange = true
12-20 13:50:24.531 V/WindowManager(  646): Changing focus from null to Window{f4c1a7b u0 com.android.settings/com.android.settings.Settings$NetworkDashboardActivity} Callers=com.android.server.wm.WindowManagerService.relayoutWindow:2142 com.android.server.wm.Session.relayout:244 android.view.IWindowSession$Stub.onTransact:309 com.android.server.wm.Session.onTransact:164 
12-20 13:50:24.531 D/WindowManager(  646): Input focus has changed to Window{f4c1a7b u0 com.android.settings/com.android.settings.Settings$NetworkDashboardActivity}
12-20 13:50:24.535 I/WindowManager(  646): Focus moving from null to Window{f4c1a7b u0 com.android.settings/com.android.settings.Settings$NetworkDashboardActivity}
12-20 13:50:25.042 W/ContextImpl(12409): Calling a method in the system process without a qualified user: android.app.ContextImpl.startService:1532 android.content.ContextWrapper.startService:664 android.app.Activity.onEnterAnimationComplete:6662 android.app.Activity.dispatchEnterAnimationComplete:6673 android.app.ActivityThread.handleEnterAnimationComplete:3275 
12-20 13:50:25.644 E/storaged(  453): getDiskStats failed with result NOT_SUPPORTED and size 0
12-20 13:50:28.942 W/ContextImpl(12409): Calling a method in the system process without a qualified user: android.app.ContextImpl.sendBroadcast:1006 android.content.ContextWrapper.sendBroadcast:444 android.content.ContextWrapper.sendBroadcast:444 android.view.View.dispatchTouchEvent:12526 android.view.ViewGroup.dispatchTransformedTouchEvent:3083 
12-20 13:50:29.043 V/WindowManager(  646): Set focused app to: AppWindowToken{df14137 token=Token{642de36 ActivityRecord{fdae3d1 u0 com.android.settings/.Settings t53}}} old focus=AppWindowToken{16e5d77 token=Token{9cdc376 ActivityRecord{1591611 u0 com.android.settings/.Settings$NetworkDashboardActivity t53}}} moveFocusNow=true
12-20 13:50:29.044 V/WindowManager(  646): Changing focus from Window{f4c1a7b u0 com.android.settings/com.android.settings.Settings$NetworkDashboardActivity} to null Callers=com.android.server.wm.WindowManagerService.setFocusedApp:2638 com.android.server.am.ActivityManagerService.setResumedActivityUncheckLocked:3631 com.android.server.am.ActivityStack.onActivityStateChanged:498 com.android.server.am.TaskRecord.onActivityStateChanged:1794 
12-20 13:50:29.045 D/WindowManager(  646): Input focus has changed to null
12-20 13:50:29.047 I/WindowManager(  646): Focus moving from Window{f4c1a7b u0 com.android.settings/com.android.settings.Settings$NetworkDashboardActivity} to null
12-20 13:50:29.075 I/WindowManager(  646): Relayout Window{1661df0 u0 com.android.settings/com.android.settings.Settings}: oldVis=8 newVis=0 focusMayChange = true
12-20 13:50:29.080 V/WindowManager(  646): Changing focus from null to Window{1661df0 u0 com.android.settings/com.android.settings.Settings} Callers=com.android.server.wm.WindowManagerService.relayoutWindow:2142 com.android.server.wm.Session.relayout:244 android.view.IWindowSession$Stub.onTransact:309 com.android.server.wm.Session.onTransact:164 
12-20 13:50:29.080 D/WindowManager(  646): Input focus has changed to Window{1661df0 u0 com.android.settings/com.android.settings.Settings}
12-20 13:50:29.081 I/WindowManager(  646): Focus moving from null to Window{1661df0 u0 com.android.settings/com.android.settings.Settings}
12-20 13:50:29.168 E/BatteryExternalStatsWorker(  646): no controller energy info supplied for wifi
12-20 13:50:29.168 E/BatteryExternalStatsWorker(  646): no controller energy info supplied for bluetooth
12-20 13:50:29.168 E/BatteryExternalStatsWorker(  646): no controller energy info supplied for telephony
12-20 13:50:29.170 E/KernelCpuSpeedReader(  646): Failed to read cpu-freq: /sys/devices/system/cpu/cpu0/cpufreq/stats/time_in_state (No such file or directory)
12-20 13:50:29.563 W/ContextImpl(12409): Calling a method in the system process without a qualified user: android.app.ContextImpl.startService:1532 android.content.ContextWrapper.startService:664 android.app.Activity.onEnterAnimationComplete:6662 android.app.Activity.dispatchEnterAnimationComplete:6673 android.app.ActivityThread.handleEnterAnimationComplete:3275 
12-20 13:50:29.575 D/MtkConnectivityService(  646): releasing NetworkRequest [ TRACK_DEFAULT id=53, [ Capabilities: INTERNET&NOT_RESTRICTED&TRUSTED Unwanted:  Uid: 1000] ] (release request)
12-20 13:50:30.257 W/ContextImpl(12409): Calling a method in the system process without a qualified user: android.app.ContextImpl.sendBroadcast:1006 android.content.ContextWrapper.sendBroadcast:444 android.view.View.dispatchTouchEvent:12526 android.view.ViewGroup.dispatchTransformedTouchEvent:3077 android.view.ViewGroup.dispatchTouchEvent:2727 
12-20 13:50:30.764 W/ContextImpl(12409): Calling a method in the system process without a qualified user: android.app.ContextImpl.startService:1532 android.content.ContextWrapper.startService:664 android.content.ContextWrapper.startService:664 com.android.internal.policy.DecorView.dispatchTouchEvent:422 android.view.View.dispatchPointerEvent:12808 
12-20 13:50:30.823 I/chatty  (12409): uid=1000(system) com.android.settings identical 3 lines
12-20 13:50:30.840 W/ContextImpl(12409): Calling a method in the system process without a qualified user: android.app.ContextImpl.startService:1532 android.content.ContextWrapper.startService:664 android.content.ContextWrapper.startService:664 com.android.internal.policy.DecorView.dispatchTouchEvent:422 android.view.View.dispatchPointerEvent:12808 
12-20 13:50:30.851 V/WindowManager(  646): Changing focus from Window{1661df0 u0 com.android.settings/com.android.settings.Settings} to Window{d16d982 u0 com.android.systemui} Callers=com.android.server.wm.WindowManagerService.addWindow:1519 com.android.server.wm.Session.addToDisplay:205 android.view.IWindowSession$Stub.onTransact:129 com.android.server.wm.Session.onTransact:164 
12-20 13:50:30.851 D/WindowManager(  646): Input focus has changed to Window{d16d982 u0 com.android.systemui}
12-20 13:50:30.852 I/WindowManager(  646): Focus moving from Window{1661df0 u0 com.android.settings/com.android.settings.Settings} to Window{d16d982 u0 com.android.systemui}
12-20 13:50:30.859 W/ContextImpl(12409): Calling a method in the system process without a qualified user: android.app.ContextImpl.startService:1532 android.content.ContextWrapper.startService:664 android.content.ContextWrapper.startService:664 com.android.internal.policy.DecorView.dispatchTouchEvent:422 android.view.View.dispatchPointerEvent:12808 
12-20 13:50:30.860 V/WindowManager(  646): Changing focus from Window{d16d982 u0 com.android.systemui} to Window{46168c9 u0 com.android.systemui} Callers=com.android.server.wm.WindowManagerService.addWindow:1519 com.android.server.wm.Session.addToDisplay:205 android.view.IWindowSession$Stub.onTransact:129 com.android.server.wm.Session.onTransact:164 
12-20 13:50:30.860 D/WindowManager(  646): Input focus has changed to Window{46168c9 u0 com.android.systemui}
12-20 13:50:30.863 I/WindowManager(  646): Focus moving from Window{d16d982 u0 com.android.systemui} to Window{46168c9 u0 com.android.systemui}
12-20 13:50:30.875 W/ContextImpl(12409): Calling a method in the system process without a qualified user: android.app.ContextImpl.startService:1532 android.content.ContextWrapper.startService:664 android.content.ContextWrapper.startService:664 com.android.internal.policy.DecorView.dispatchTouchEvent:422 android.view.View.dispatchPointerEvent:12808 
12-20 13:50:30.903 I/chatty  (12409): uid=1000(system) com.android.settings identical 2 lines
12-20 13:50:30.906 W/ContextImpl(12409): Calling a method in the system process without a qualified user: android.app.ContextImpl.startService:1532 android.content.ContextWrapper.startService:664 android.content.ContextWrapper.startService:664 com.android.internal.policy.DecorView.dispatchTouchEvent:422 android.view.View.dispatchPointerEvent:12808 
12-20 13:50:30.960 I/WindowManager(  646): Losing delayed focus: Window{1661df0 u0 com.android.settings/com.android.settings.Settings}
12-20 13:50:30.960 I/WindowManager(  646): Losing delayed focus: Window{d16d982 u0 com.android.systemui}
12-20 13:50:31.129 V/AlarmManager(  646): set(PendingIntent{e2a99e8: PendingIntentRecord{4786801 com.tal.genie.push broadcastIntent}}) : type=2 triggerAtTime=240595436 win=0 tElapsed=240595436 maxElapsed=240595436 interval=0 flags=0x9
12-20 13:50:31.133 V/AlarmManager(  646): set(PendingIntent{8bac6a6: PendingIntentRecord{a7158e7 com.tal.genie.push broadcastIntent}}) : type=2 triggerAtTime=240583445 win=0 tElapsed=240583445 maxElapsed=240583445 interval=0 flags=0x9
12-20 13:50:34.409 I/ActivityManager(  646): START u0 {flg=0x30000000 cmp=com.example.myapplication2/.MainActivity} from uid 10022
12-20 13:50:34.431 V/WindowManager(  646): Set focused app to: AppWindowToken{946b98b token=Token{124735a ActivityRecord{dc6c705 u0 com.example.myapplication2/.MainActivity t59}}} old focus=AppWindowToken{df14137 token=Token{642de36 ActivityRecord{fdae3d1 u0 com.android.settings/.Settings t53}}} moveFocusNow=true
12-20 13:50:34.471 I/WindowManager(  646): Relayout Window{1985cc8 u0 com.example.myapplication2/com.example.myapplication2.MainActivity}: oldVis=4 newVis=0 focusMayChange = true
12-20 13:50:34.546 V/WindowManager(  646): Remove Window{46168c9 u0 com.android.systemui} client=58c6893, surfaceController=Surface(name=)/@0xc8effa9 Callers=com.android.server.wm.WindowState.removeIfPossible:1966 com.android.server.wm.WindowManagerService.removeWindow:1679 com.android.server.wm.Session.remove:226 android.view.IWindowSession$Stub.onTransact:261 com.android.server.wm.Session.onTransact:164 
12-20 13:50:34.547 V/WindowManager(  646): Changing focus from Window{46168c9 u0 com.android.systemui} to Window{1985cc8 u0 com.example.myapplication2/com.example.myapplication2.MainActivity} Callers=com.android.server.wm.RootWindowContainer.performSurfacePlacement:568 com.android.server.wm.WindowSurfacePlacer.performSurfacePlacementLoop:207 com.android.server.wm.WindowSurfacePlacer.performSurfacePlacement:155 com.android.server.wm.WindowSurfacePlacer.performSurfacePlacement:145 
12-20 13:50:34.548 D/WindowManager(  646): Input focus has changed to Window{1985cc8 u0 com.example.myapplication2/com.example.myapplication2.MainActivity}
12-20 13:50:34.552 I/WindowManager(  646): Focus moving from Window{46168c9 u0 com.android.systemui} to Window{1985cc8 u0 com.example.myapplication2/com.example.myapplication2.MainActivity}
12-20 13:50:34.585 I/WindowManager(  646): Losing delayed focus: Window{46168c9 u0 com.android.systemui}
12-20 13:50:34.727 W/ContextImpl(12365): Calling a method in the system process without a qualified user: android.app.ContextImpl.sendBroadcast:1006 android.content.ContextWrapper.sendBroadcast:444 android.view.View.dispatchTouchEvent:12526 android.view.ViewGroup.dispatchTransformedTouchEvent:3083 android.view.ViewGroup.dispatchTouchEvent:2684 
12-20 13:50:35.176 W/ContextImpl(12365): Calling a method in the system process without a qualified user: android.app.ContextImpl.startService:1532 android.content.ContextWrapper.startService:664 android.app.Activity.onEnterAnimationComplete:6662 android.app.Activity.dispatchEnterAnimationComplete:6673 android.app.ActivityThread.handleEnterAnimationComplete:3275 
12-20 13:50:35.779 W/ContextImpl(12365): Calling a method in the system process without a qualified user: android.app.ContextImpl.sendBroadcast:1006 android.content.ContextWrapper.sendBroadcast:444 android.view.View.dispatchTouchEvent:12526 android.view.ViewGroup.dispatchTransformedTouchEvent:3083 android.view.ViewGroup.dispatchTouchEvent:2684 
12-20 13:50:35.916 I/ActivityManager(  646): START u0 {flg=0x4000000 cmp=com.tal.genie.launcher/.ui.main.MainActivity} from uid 1000
12-20 13:50:35.985 D/DisplayManagerService(  646): Display listener for pid 12365 died.
12-20 13:50:35.986 I/ActivityManager(  646): Process com.example.myapplication2 (pid 12365) has died: fore TOP 
12-20 13:50:35.986 I/WindowManager(  646): WIN DEATH: Window{1985cc8 u0 com.example.myapplication2/com.example.myapplication2.MainActivity}
12-20 13:50:35.987 V/WindowManager(  646): Remove Window{1985cc8 u0 com.example.myapplication2/com.example.myapplication2.MainActivity} client=747d96b, surfaceController=Surface(name=com.example.myapplication2/com.example.myapplication2.MainActivity)/@0x16a8966 Callers=com.android.server.wm.WindowState.access$300:219 com.android.server.wm.WindowState$DeathRecipient.binderDied:2460 android.os.BinderProxy.sendDeathNotice:1195 <bottom of call stack> <bottom of call stack> 
12-20 13:50:35.987 W/ActivityManager(  646): Force removing ActivityRecord{dc6c705 u0 com.example.myapplication2/.MainActivity t59}: app died, no saved state
12-20 13:50:35.988 V/WindowManager(  646): Changing focus from Window{1985cc8 u0 com.example.myapplication2/com.example.myapplication2.MainActivity} to null Callers=com.android.server.wm.RootWindowContainer.performSurfacePlacement:568 com.android.server.wm.WindowSurfacePlacer.performSurfacePlacementLoop:207 com.android.server.wm.WindowSurfacePlacer.performSurfacePlacement:155 com.android.server.wm.WindowSurfacePlacer.performSurfacePlacement:145 
12-20 13:50:35.988 D/WindowManager(  646): Input focus has changed to null
12-20 13:50:35.992 I/WindowManager(  646): WIN DEATH: Window{d3506b6 u0 Toast}
12-20 13:50:35.997 I/WindowManager(  646): Focus moving from Window{1985cc8 u0 com.example.myapplication2/com.example.myapplication2.MainActivity} to null
12-20 13:50:35.999 V/WindowManager(  646): Removing focused app token:AppWindowToken{946b98b token=Token{124735a ActivityRecord{dc6c705 u0 com.example.myapplication2/.MainActivity t59}}}
12-20 13:50:36.004 V/WindowManager(  646): Set focused app to: AppWindowToken{961b4c9 token=Token{4397cd0 ActivityRecord{f08d493 u0 com.tal.genie.launcher/.ui.main.MainActivity t2}}} old focus=null moveFocusNow=true
12-20 13:50:36.150 I/WindowManager(  646): Relayout Window{38204e7 u0 com.tal.genie.launcher/com.tal.genie.launcher.ui.main.MainActivity}: oldVis=4 newVis=0 focusMayChange = true
12-20 13:50:36.155 V/WindowManager(  646): Changing focus from null to Window{38204e7 u0 com.tal.genie.launcher/com.tal.genie.launcher.ui.main.MainActivity} Callers=com.android.server.wm.WindowManagerService.relayoutWindow:2142 com.android.server.wm.Session.relayout:244 android.view.IWindowSession$Stub.onTransact:309 com.android.server.wm.Session.onTransact:164 
12-20 13:50:36.155 D/WindowManager(  646): Input focus has changed to Window{38204e7 u0 com.tal.genie.launcher/com.tal.genie.launcher.ui.main.MainActivity}
12-20 13:50:36.156 I/WindowManager(  646): Focus moving from null to Window{38204e7 u0 com.tal.genie.launcher/com.tal.genie.launcher.ui.main.MainActivity}
12-20 13:50:36.202 W/ContextImpl( 1153): Calling a method in the system process without a qualified user: android.app.ContextImpl.startService:1532 android.content.ContextWrapper.startService:664 android.content.ContextWrapper.startService:664 android.app.Activity.onEnterAnimationComplete:6662 android.app.Activity.dispatchEnterAnimationComplete:6673 
12-20 13:50:36.206 W/ContextImpl( 1153): Calling a method in the system process without a qualified user: android.app.ContextImpl.startService:1532 android.content.ContextWrapper.startService:664 android.content.ContextWrapper.startService:664 android.app.Activity.onEnterAnimationComplete:6662 android.app.Activity.dispatchEnterAnimationComplete:6673 
12-20 13:50:36.539 W/ActivityManager(  646): setHasOverlayUi called on unknown pid: 12365
12-20 13:50:38.391 W/NotificationService(  646): Object died trying to hide notification android.app.ITransientNotification$Stub$Proxy@826314a in package com.example.myapplication2
12-20 13:50:38.438 W/WindowManager(  646): Unable to start animation, surface is null or no children.
12-20 13:50:39.139 V/AlarmManager(  646): set(PendingIntent{39d3384: PendingIntentRecord{bb9576d com.tal.genie.push broadcastIntent}}) : type=2 triggerAtTime=240603448 win=0 tElapsed=240603448 maxElapsed=240603448 interval=0 flags=0x9
12-20 13:50:39.143 V/AlarmManager(  646): set(PendingIntent{1db9fa2: PendingIntentRecord{e728433 com.tal.genie.push broadcastIntent}}) : type=2 triggerAtTime=240591455 win=0 tElapsed=240591455 maxElapsed=240591455 interval=0 flags=0x9
12-20 13:50:47.155 V/AlarmManager(  646): set(PendingIntent{f430725: PendingIntentRecord{75580fa com.tal.genie.push broadcastIntent}}) : type=2 triggerAtTime=240611456 win=0 tElapsed=240611456 maxElapsed=240611456 interval=0 flags=0x9
12-20 13:50:47.159 V/AlarmManager(  646): set(PendingIntent{7b86108: PendingIntentRecord{b41f0a1 com.tal.genie.push broadcastIntent}}) : type=2 triggerAtTime=240599471 win=0 tElapsed=240599471 maxElapsed=240599471 interval=0 flags=0x9
12-20 13:50:49.395 W/WindowManager(  646): removeWindowToken: Attempted to remove non-existing token: android.os.Binder@7d4b0db
12-20 13:50:49.676 W/ContextImpl( 1153): Calling a method in the system process without a qualified user: android.app.ContextImpl.sendBroadcast:1006 android.content.ContextWrapper.sendBroadcast:444 android.content.ContextWrapper.sendBroadcast:444 android.view.View.dispatchTouchEvent:12526 android.view.ViewGroup.dispatchTransformedTouchEvent:3077 
12-20 13:50:49.767 I/ActivityManager(  646): START u0 {dat=genie://www.tal.com/fingerRead flg=0x10000000 cmp=com.tal.genie.voice/com.tal.genie.dicbook.cread.ClickReadActivity} from uid 1000
12-20 13:50:49.797 V/WindowManager(  646): Set focused app to: AppWindowToken{edb33db token=Token{4d024ea ActivityRecord{d9304d5 u0 com.tal.genie.voice/com.tal.genie.dicbook.cread.ClickReadActivity t56}}} old focus=AppWindowToken{961b4c9 token=Token{4397cd0 ActivityRecord{f08d493 u0 com.tal.genie.launcher/.ui.main.MainActivity t2}}} moveFocusNow=true
12-20 13:50:49.798 V/WindowManager(  646): findFocusedWindow: Reached focused app=AppWindowToken{edb33db token=Token{4d024ea ActivityRecord{d9304d5 u0 com.tal.genie.voice/com.tal.genie.dicbook.cread.ClickReadActivity t56}}}
12-20 13:50:49.799 V/WindowManager(  646): Changing focus from Window{38204e7 u0 com.tal.genie.launcher/com.tal.genie.launcher.ui.main.MainActivity} to null Callers=com.android.server.wm.WindowManagerService.setFocusedApp:2638 com.android.server.am.ActivityManagerService.setResumedActivityUncheckLocked:3631 com.android.server.am.ActivityStack.onActivityStateChanged:498 com.android.server.am.TaskRecord.onActivityStateChanged:1794 
12-20 13:50:49.801 D/WindowManager(  646): Input focus has changed to null
12-20 13:50:49.803 I/WindowManager(  646): Focus moving from Window{38204e7 u0 com.tal.genie.launcher/com.tal.genie.launcher.ui.main.MainActivity} to null
12-20 13:50:49.822 V/WindowManager(  646): findFocusedWindow: Reached focused app=AppWindowToken{edb33db token=Token{4d024ea ActivityRecord{d9304d5 u0 com.tal.genie.voice/com.tal.genie.dicbook.cread.ClickReadActivity t56}}}
12-20 13:50:49.854 I/WindowManager(  646): Relayout Window{7fbc1af u0 com.tal.genie.voice/com.tal.genie.dicbook.cread.ClickReadActivity}: oldVis=4 newVis=0 focusMayChange = true
12-20 13:50:49.861 V/WindowManager(  646): Changing focus from null to Window{7fbc1af u0 com.tal.genie.voice/com.tal.genie.dicbook.cread.ClickReadActivity} Callers=com.android.server.wm.WindowManagerService.relayoutWindow:2142 com.android.server.wm.Session.relayout:244 android.view.IWindowSession$Stub.onTransact:309 com.android.server.wm.Session.onTransact:164 
12-20 13:50:49.861 D/WindowManager(  646): Input focus has changed to Window{7fbc1af u0 com.tal.genie.voice/com.tal.genie.dicbook.cread.ClickReadActivity}
12-20 13:50:49.862 I/WindowManager(  646): Focus moving from null to Window{7fbc1af u0 com.tal.genie.voice/com.tal.genie.dicbook.cread.ClickReadActivity}
12-20 13:50:54.060 V/AlarmManager(  646): set(null) : type=2 triggerAtTime=240927235 win=246645 tElapsed=240927235 maxElapsed=241173880 interval=0 flags=0x0
12-20 13:50:54.060 V/AlarmManager(  646): set(null) : type=2 triggerAtTime=241227235 win=471645 tElapsed=241227235 maxElapsed=241698880 interval=0 flags=0x0
12-20 13:50:55.175 V/AlarmManager(  646): set(PendingIntent{802ae7a: PendingIntentRecord{6a9a62b com.tal.genie.push broadcastIntent}}) : type=2 triggerAtTime=240619473 win=0 tElapsed=240619473 maxElapsed=240619473 interval=0 flags=0x9
12-20 13:50:55.180 V/AlarmManager(  646): set(PendingIntent{71f0a88: PendingIntentRecord{a9d1c21 com.tal.genie.push broadcastIntent}}) : type=2 triggerAtTime=240607492 win=0 tElapsed=240607492 maxElapsed=240607492 interval=0 flags=0x9
12-20 13:51:00.003 V/AlarmManager(  646): set(PendingIntent{336aa5c: PendingIntentRecord{556c165 android broadcastIntent}}) : type=3 triggerAtTime=240664315 win=0 tElapsed=240664315 maxElapsed=240664315 interval=0 flags=0x1
12-20 13:51:03.191 V/AlarmManager(  646): set(PendingIntent{5350a1e: PendingIntentRecord{1dea2ff com.tal.genie.push broadcastIntent}}) : type=2 triggerAtTime=240627493 win=0 tElapsed=240627493 maxElapsed=240627493 interval=0 flags=0x9
12-20 13:51:03.194 V/AlarmManager(  646): set(PendingIntent{1af48cc: PendingIntentRecord{9985715 com.tal.genie.push broadcastIntent}}) : type=2 triggerAtTime=240615506 win=0 tElapsed=240615506 maxElapsed=240615506 interval=0 flags=0x9
12-20 13:51:04.195 V/WindowManager(  646): Changing focus from Window{7fbc1af u0 com.tal.genie.voice/com.tal.genie.dicbook.cread.ClickReadActivity} to Window{38204e7 u0 com.tal.genie.launcher/com.tal.genie.launcher.ui.main.MainActivity} Callers=com.android.server.wm.DisplayContent.layoutAndAssignWindowLayersIfNeeded:2447 com.android.server.wm.DisplayContent.positionStackAt:1911 com.android.server.wm.DisplayWindowController.positionChildAt:93 com.android.server.am.ActivityDisplay.positionChildAt:169 
12-20 13:51:04.196 D/WindowManager(  646): Input focus has changed to Window{38204e7 u0 com.tal.genie.launcher/com.tal.genie.launcher.ui.main.MainActivity}
12-20 13:51:04.204 I/WindowManager(  646): Focus moving from Window{7fbc1af u0 com.tal.genie.voice/com.tal.genie.dicbook.cread.ClickReadActivity} to Window{38204e7 u0 com.tal.genie.launcher/com.tal.genie.launcher.ui.main.MainActivity}
12-20 13:51:04.246 V/WindowManager(  646): Set focused app to: AppWindowToken{961b4c9 token=Token{4397cd0 ActivityRecord{f08d493 u0 com.tal.genie.launcher/.ui.main.MainActivity t2}}} old focus=AppWindowToken{edb33db token=Token{4d024ea ActivityRecord{d9304d5 u0 com.tal.genie.voice/com.tal.genie.dicbook.cread.ClickReadActivity t56}}} moveFocusNow=true
12-20 13:51:04.289 W/ContextImpl( 1153): Calling a method in the system process without a qualified user: android.app.ContextImpl.startService:1532 android.content.ContextWrapper.startService:664 android.content.ContextWrapper.startService:664 android.app.Activity.onEnterAnimationComplete:6662 android.app.Activity.dispatchEnterAnimationComplete:6673 
12-20 13:51:05.371 W/ContextImpl( 1153): Calling a method in the system process without a qualified user: android.app.ContextImpl.sendBroadcast:1006 android.content.ContextWrapper.sendBroadcast:444 android.content.ContextWrapper.sendBroadcast:444 android.view.View.dispatchTouchEvent:12526 android.view.ViewGroup.dispatchTransformedTouchEvent:3077 
12-20 13:51:07.236 I/ActivityManager(  646): START u0 {dat=genie://www.tal.com/fingerBook flg=0x10000000 cmp=com.tal.genie.voice/com.tal.genie.dicbook.cread.ClickBookActivity} from uid 1000
12-20 13:51:07.257 V/WindowManager(  646): Set focused app to: AppWindowToken{d156f94 token=Token{d4d87e7 ActivityRecord{fbe51a6 u0 com.tal.genie.voice/com.tal.genie.dicbook.cread.ClickBookActivity t60}}} old focus=AppWindowToken{961b4c9 token=Token{4397cd0 ActivityRecord{f08d493 u0 com.tal.genie.launcher/.ui.main.MainActivity t2}}} moveFocusNow=true
12-20 13:51:07.257 V/WindowManager(  646): findFocusedWindow: Reached focused app=AppWindowToken{d156f94 token=Token{d4d87e7 ActivityRecord{fbe51a6 u0 com.tal.genie.voice/com.tal.genie.dicbook.cread.ClickBookActivity t60}}}
12-20 13:51:07.258 V/WindowManager(  646): Changing focus from Window{38204e7 u0 com.tal.genie.launcher/com.tal.genie.launcher.ui.main.MainActivity} to null Callers=com.android.server.wm.WindowManagerService.setFocusedApp:2638 com.android.server.am.ActivityManagerService.setResumedActivityUncheckLocked:3631 com.android.server.am.ActivityStack.onActivityStateChanged:498 com.android.server.am.TaskRecord.onActivityStateChanged:1794 
12-20 13:51:07.258 D/WindowManager(  646): Input focus has changed to null
12-20 13:51:07.259 I/WindowManager(  646): Focus moving from Window{38204e7 u0 com.tal.genie.launcher/com.tal.genie.launcher.ui.main.MainActivity} to null
12-20 13:51:07.426 I/WindowManager(  646): Relayout Window{a0417fb u0 com.tal.genie.voice/com.tal.genie.dicbook.cread.ClickBookActivity}: oldVis=4 newVis=0 focusMayChange = true
12-20 13:51:07.435 V/WindowManager(  646): Changing focus from null to Window{a0417fb u0 com.tal.genie.voice/com.tal.genie.dicbook.cread.ClickBookActivity} Callers=com.android.server.wm.WindowManagerService.relayoutWindow:2142 com.android.server.wm.Session.relayout:244 android.view.IWindowSession$Stub.onTransact:309 com.android.server.wm.Session.onTransact:164 
12-20 13:51:07.435 D/WindowManager(  646): Input focus has changed to Window{a0417fb u0 com.tal.genie.voice/com.tal.genie.dicbook.cread.ClickBookActivity}
12-20 13:51:07.436 I/WindowManager(  646): Focus moving from null to Window{a0417fb u0 com.tal.genie.voice/com.tal.genie.dicbook.cread.ClickBookActivity}
12-20 13:51:11.200 V/AlarmManager(  646): set(PendingIntent{f479b06: PendingIntentRecord{f5d05c7 com.tal.genie.push broadcastIntent}}) : type=2 triggerAtTime=240635508 win=0 tElapsed=240635508 maxElapsed=240635508 interval=0 flags=0x9
12-20 13:51:11.208 V/AlarmManager(  646): set(PendingIntent{14847f4: PendingIntentRecord{c6b2b1d com.tal.genie.push broadcastIntent}}) : type=2 triggerAtTime=240623517 win=0 tElapsed=240623517 maxElapsed=240623517 interval=0 flags=0x9
12-20 13:51:12.499 W/NotificationService(  646): Toast already killed. pkg=com.tal.genie.voice callback=android.app.ITransientNotification$Stub$Proxy@61a3763
12-20 13:51:13.993 W/WindowManager(  646): Unable to start animation, surface is null or no children.
12-20 13:51:19.228 V/AlarmManager(  646): set(PendingIntent{fcceeb7: PendingIntentRecord{3879624 com.tal.genie.push broadcastIntent}}) : type=2 triggerAtTime=240643524 win=0 tElapsed=240643524 maxElapsed=240643524 interval=0 flags=0x9
12-20 13:51:19.231 V/AlarmManager(  646): set(PendingIntent{452158d: PendingIntentRecord{1925342 com.tal.genie.push broadcastIntent}}) : type=2 triggerAtTime=240631544 win=0 tElapsed=240631544 maxElapsed=240631544 interval=0 flags=0x9
