12-10 16:54:17.776 D/WindowManager(  634): Window drawn win=Window{46c1780 u0 com.tal.genie.voice/com.tal.genie.dicbook.dic.ListResultActivity}
12-10 16:54:17.776 D/WindowManager(  634): All windows drawn!
12-10 16:54:17.778 D/WindowOrientationListener(  634): WindowOrientationListener enabled clearCurrentRotation=true
12-10 16:54:17.781 I/DisplayPowerController(  634): Unblocked screen on after 136 ms
12-10 16:54:17.848 D/WindowManager(  634): Receive Input KeyEvent of Powerkey up, interactive=true, canceled=false
12-10 16:54:18.031 W/PowerManagerService(  634): Screen on took 390 ms
12-10 16:54:19.860 V/WindowManager(  634): Changing focus from Window{fc96f9c u0 com.tal.genie.voice/com.tal.genie.dicbook.dic.DicResultActivity} to Window{b770103 u0 com.tal.genie.launcher/com.tal.genie.launcher.ui.main.MainActivity} Callers=com.android.server.wm.DisplayContent.layoutAndAssignWindowLayersIfNeeded:2447 com.android.server.wm.DisplayContent.positionStackAt:1911 com.android.server.wm.DisplayWindowController.positionChildAt:93 com.android.server.am.ActivityDisplay.positionChildAt:169 
12-10 16:54:19.860 D/WindowManager(  634): Input focus has changed to Window{b770103 u0 com.tal.genie.launcher/com.tal.genie.launcher.ui.main.MainActivity}
12-10 16:54:19.861 I/WindowManager(  634): Focus moving from Window{fc96f9c u0 com.tal.genie.voice/com.tal.genie.dicbook.dic.DicResultActivity} to Window{b770103 u0 com.tal.genie.launcher/com.tal.genie.launcher.ui.main.MainActivity}
12-10 16:54:19.899 D/DisplayManagerService(  634): Delivering display event: displayId=0, event=2
12-10 16:54:19.900 V/WindowManager(  634): Set focused app to: AppWindowToken{55bffa8 token=Token{ddabbcb ActivityRecord{dda169a u0 com.tal.genie.launcher/.ui.main.MainActivity t2}}} old focus=AppWindowToken{abb0817 token=Token{34df496 ActivityRecord{e24d7b1 u0 com.tal.genie.voice/com.tal.genie.dicbook.dic.DicResultActivity t100}}} moveFocusNow=true
12-10 16:54:19.934 W/ContextImpl( 1153): Calling a method in the system process without a qualified user: android.app.ContextImpl.startService:1532 android.content.ContextWrapper.startService:664 android.content.ContextWrapper.startService:664 android.app.Activity.onEnterAnimationComplete:6662 android.app.Activity.dispatchEnterAnimationComplete:6673 
12-10 16:54:22.096 W/ContextImpl( 1153): Calling a method in the system process without a qualified user: android.app.ContextImpl.sendBroadcast:1006 android.content.ContextWrapper.sendBroadcast:444 android.content.ContextWrapper.sendBroadcast:444 android.view.View.dispatchTouchEvent:12526 android.view.ViewGroup.dispatchTransformedTouchEvent:3083 
12-10 16:54:22.141 I/ActivityManager(  634): START u0 {dat=genie://www.tal.com/fingerRead flg=0x10000000 cmp=com.tal.genie.voice/com.tal.genie.dicbook.cread.ClickReadActivity} from uid 1000
12-10 16:54:22.169 V/WindowManager(  634): Set focused app to: AppWindowToken{1598199 token=Token{4503ae0 ActivityRecord{20a80e3 u0 com.tal.genie.voice/com.tal.genie.dicbook.cread.ClickReadActivity t105}}} old focus=AppWindowToken{55bffa8 token=Token{ddabbcb ActivityRecord{dda169a u0 com.tal.genie.launcher/.ui.main.MainActivity t2}}} moveFocusNow=true
12-10 16:54:22.169 V/WindowManager(  634): findFocusedWindow: Reached focused app=AppWindowToken{1598199 token=Token{4503ae0 ActivityRecord{20a80e3 u0 com.tal.genie.voice/com.tal.genie.dicbook.cread.ClickReadActivity t105}}}
12-10 16:54:22.169 V/WindowManager(  634): Changing focus from Window{b770103 u0 com.tal.genie.launcher/com.tal.genie.launcher.ui.main.MainActivity} to null Callers=com.android.server.wm.WindowManagerService.setFocusedApp:2638 com.android.server.am.ActivityManagerService.setResumedActivityUncheckLocked:3631 com.android.server.am.ActivityStack.onActivityStateChanged:498 com.android.server.am.TaskRecord.onActivityStateChanged:1794 
12-10 16:54:22.170 D/WindowManager(  634): Input focus has changed to null
12-10 16:54:22.171 W/ActivityManager(  634): Request to remove task ignored for non-existent task 104
12-10 16:54:22.172 I/WindowManager(  634): Focus moving from Window{b770103 u0 com.tal.genie.launcher/com.tal.genie.launcher.ui.main.MainActivity} to null
12-10 16:54:22.281 I/WindowManager(  634): Relayout Window{2b209a4 u0 com.tal.genie.voice/com.tal.genie.dicbook.cread.ClickReadActivity}: oldVis=4 newVis=0 focusMayChange = true
12-10 16:54:22.288 V/WindowManager(  634): Changing focus from null to Window{2b209a4 u0 com.tal.genie.voice/com.tal.genie.dicbook.cread.ClickReadActivity} Callers=com.android.server.wm.WindowManagerService.relayoutWindow:2142 com.android.server.wm.Session.relayout:244 android.view.IWindowSession$Stub.onTransact:309 com.android.server.wm.Session.onTransact:164 
12-10 16:54:22.288 D/WindowManager(  634): Input focus has changed to Window{2b209a4 u0 com.tal.genie.voice/com.tal.genie.dicbook.cread.ClickReadActivity}
12-10 16:54:22.289 I/WindowManager(  634): Focus moving from null to Window{2b209a4 u0 com.tal.genie.voice/com.tal.genie.dicbook.cread.ClickReadActivity}
12-10 16:54:40.987 E/storaged(  454): getDiskStats failed with result NOT_SUPPORTED and size 0
12-10 16:55:27.760 E/BatteryExternalStatsWorker(  634): no controller energy info supplied for wifi
12-10 16:55:27.760 E/BatteryExternalStatsWorker(  634): no controller energy info supplied for bluetooth
12-10 16:55:27.760 E/BatteryExternalStatsWorker(  634): no controller energy info supplied for telephony
12-10 16:55:27.762 E/KernelCpuSpeedReader(  634): Failed to read cpu-freq: /sys/devices/system/cpu/cpu0/cpufreq/stats/time_in_state (No such file or directory)
12-10 16:55:40.988 E/storaged(  454): getDiskStats failed with result NOT_SUPPORTED and size 0
12-10 16:55:42.681 V/WindowManager(  634): Changing focus from Window{2b209a4 u0 com.tal.genie.voice/com.tal.genie.dicbook.cread.ClickReadActivity} to Window{b770103 u0 com.tal.genie.launcher/com.tal.genie.launcher.ui.main.MainActivity} Callers=com.android.server.wm.DisplayContent.layoutAndAssignWindowLayersIfNeeded:2447 com.android.server.wm.DisplayContent.positionStackAt:1911 com.android.server.wm.DisplayWindowController.positionChildAt:93 com.android.server.am.ActivityDisplay.positionChildAt:169 
12-10 16:55:42.681 D/WindowManager(  634): Input focus has changed to Window{b770103 u0 com.tal.genie.launcher/com.tal.genie.launcher.ui.main.MainActivity}
12-10 16:55:42.683 I/WindowManager(  634): Focus moving from Window{2b209a4 u0 com.tal.genie.voice/com.tal.genie.dicbook.cread.ClickReadActivity} to Window{b770103 u0 com.tal.genie.launcher/com.tal.genie.launcher.ui.main.MainActivity}
12-10 16:55:42.716 V/WindowManager(  634): Set focused app to: AppWindowToken{55bffa8 token=Token{ddabbcb ActivityRecord{dda169a u0 com.tal.genie.launcher/.ui.main.MainActivity t2}}} old focus=AppWindowToken{1598199 token=Token{4503ae0 ActivityRecord{20a80e3 u0 com.tal.genie.voice/com.tal.genie.dicbook.cread.ClickReadActivity t105}}} moveFocusNow=true
12-10 16:55:42.755 W/ContextImpl( 1153): Calling a method in the system process without a qualified user: android.app.ContextImpl.startService:1532 android.content.ContextWrapper.startService:664 android.content.ContextWrapper.startService:664 android.app.Activity.onEnterAnimationComplete:6662 android.app.Activity.dispatchEnterAnimationComplete:6673 
12-10 16:55:43.679 W/ContextImpl( 1153): Calling a method in the system process without a qualified user: android.app.ContextImpl.sendBroadcast:1006 android.content.ContextWrapper.sendBroadcast:444 android.content.ContextWrapper.sendBroadcast:444 android.view.View.dispatchTouchEvent:12526 android.view.ViewGroup.dispatchTransformedTouchEvent:3083 
12-10 16:55:43.789 I/ActivityManager(  634): START u0 {dat=genie://www.tal.com/fingerRead flg=0x10000000 cmp=com.tal.genie.voice/com.tal.genie.dicbook.cread.ClickReadActivity} from uid 1000
12-10 16:55:43.818 V/WindowManager(  634): Set focused app to: AppWindowToken{b47b78f token=Token{d9a56ee ActivityRecord{e266c69 u0 com.tal.genie.voice/com.tal.genie.dicbook.cread.ClickReadActivity t106}}} old focus=AppWindowToken{55bffa8 token=Token{ddabbcb ActivityRecord{dda169a u0 com.tal.genie.launcher/.ui.main.MainActivity t2}}} moveFocusNow=true
12-10 16:55:43.818 V/WindowManager(  634): findFocusedWindow: Reached focused app=AppWindowToken{b47b78f token=Token{d9a56ee ActivityRecord{e266c69 u0 com.tal.genie.voice/com.tal.genie.dicbook.cread.ClickReadActivity t106}}}
12-10 16:55:43.819 V/WindowManager(  634): Changing focus from Window{b770103 u0 com.tal.genie.launcher/com.tal.genie.launcher.ui.main.MainActivity} to null Callers=com.android.server.wm.WindowManagerService.setFocusedApp:2638 com.android.server.am.ActivityManagerService.setResumedActivityUncheckLocked:3631 com.android.server.am.ActivityStack.onActivityStateChanged:498 com.android.server.am.TaskRecord.onActivityStateChanged:1794 
12-10 16:55:43.819 D/WindowManager(  634): Input focus has changed to null
12-10 16:55:43.822 I/WindowManager(  634): Focus moving from Window{b770103 u0 com.tal.genie.launcher/com.tal.genie.launcher.ui.main.MainActivity} to null
12-10 16:55:43.932 I/WindowManager(  634): Relayout Window{5ee0852 u0 com.tal.genie.voice/com.tal.genie.dicbook.cread.ClickReadActivity}: oldVis=4 newVis=0 focusMayChange = true
12-10 16:55:43.939 V/WindowManager(  634): Changing focus from null to Window{5ee0852 u0 com.tal.genie.voice/com.tal.genie.dicbook.cread.ClickReadActivity} Callers=com.android.server.wm.WindowManagerService.relayoutWindow:2142 com.android.server.wm.Session.relayout:244 android.view.IWindowSession$Stub.onTransact:309 com.android.server.wm.Session.onTransact:164 
12-10 16:55:43.939 D/WindowManager(  634): Input focus has changed to Window{5ee0852 u0 com.tal.genie.voice/com.tal.genie.dicbook.cread.ClickReadActivity}
12-10 16:55:43.940 I/WindowManager(  634): Focus moving from null to Window{5ee0852 u0 com.tal.genie.voice/com.tal.genie.dicbook.cread.ClickReadActivity}
12-10 16:55:45.108 I/NetworkStatsRecorder(  634): recordSnapshotLocked: ident[[{type=WIFI, subType=COMBINED, networkId="TAL-Device", metered=false, defaultNetwork=true}]]
12-10 16:55:45.108 W/NetworkStatsRecorder(  634): unknown interfaces [lo], ignoring those stats
12-10 16:55:45.108 I/NetworkStatsRecorder(  634): recordSnapshotLocked: ident[[{type=WIFI, subType=COMBINED, networkId="TAL-Device", metered=false, defaultNetwork=true}]]
12-10 16:55:45.108 W/NetworkStatsRecorder(  634): unknown interfaces [lo], ignoring those stats
12-10 16:55:45.110 I/NetworkStatsRecorder(  634): recordSnapshotLocked: ident[[{type=WIFI, subType=COMBINED, networkId="TAL-Device", metered=false, defaultNetwork=true}]]
12-10 16:55:45.110 I/chatty  (  634): uid=1000(system) NetworkStats identical 2 lines
12-10 16:55:45.110 I/NetworkStatsRecorder(  634): recordSnapshotLocked: ident[[{type=WIFI, subType=COMBINED, networkId="TAL-Device", metered=false, defaultNetwork=true}]]
12-10 16:55:45.110 W/NetworkStatsRecorder(  634): unknown interfaces [lo], ignoring those stats
12-10 16:55:45.111 W/NetworkStatsRecorder(  634): unknown interfaces [lo], ignoring those stats
12-10 16:55:45.111 D/NetworkStatsRecorder(  634): forcePersistLocked() writing for uid
12-10 16:56:14.802 D/MtkOmxMp3Dec(  456): JB ~MtkOmxMp3Dec this= 0xac043a00
12-10 16:56:14.802 D/MtkOmxMp3Dec(  456): component has been DeInit before,return.
12-10 16:56:14.805 D/TableOfContentThread(  448): ~TableOfContentThread 0xae8c7cc8!
12-10 16:56:14.805 D/TableOfContentThread(  448): stopTOCThread 0xae8c7cc8
12-10 16:56:14.995 D/TableOfContentThread(  448): TableOfContentThread Construct !0xae8c7cc8
12-10 16:56:15.007 D/MtkOmxMp3Dec(  456): JB MtkOmxMp3Dec::MtkOmxMp3Dec this= 0xac043a00
12-10 16:56:15.007 D/MtkOmxMp3Dec(  456): JB MtkOmxMp3Dec::InitAudioParams(MP3)
12-10 16:56:15.023 D/MtkOmxMp3Dec(  456): JB +InitMp3Decoder
12-10 16:56:15.023 D/MtkOmxMp3Dec(  456): -InitMp3Decoder
12-10 16:56:15.303 D/MtkOmxMp3Dec(  456): MP3 EOS received, TS=0
12-10 16:56:22.636 I/ActivityManager(  634): START u0 {cmp=com.tal.genie.voice/com.tal.genie.dicbook.dic.DicExtResultActivity (has extras)} from uid 10030
12-10 16:56:22.655 V/WindowManager(  634): Set focused app to: AppWindowToken{7ad388a token=Token{e6fa2f5 ActivityRecord{226d82c u0 com.tal.genie.voice/com.tal.genie.dicbook.dic.DicExtResultActivity t106}}} old focus=AppWindowToken{b47b78f token=Token{d9a56ee ActivityRecord{e266c69 u0 com.tal.genie.voice/com.tal.genie.dicbook.cread.ClickReadActivity t106}}} moveFocusNow=true
12-10 16:56:22.655 V/WindowManager(  634): findFocusedWindow: Reached focused app=AppWindowToken{7ad388a token=Token{e6fa2f5 ActivityRecord{226d82c u0 com.tal.genie.voice/com.tal.genie.dicbook.dic.DicExtResultActivity t106}}}
12-10 16:56:22.655 V/WindowManager(  634): Changing focus from Window{5ee0852 u0 com.tal.genie.voice/com.tal.genie.dicbook.cread.ClickReadActivity} to null Callers=com.android.server.wm.WindowManagerService.setFocusedApp:2638 com.android.server.am.ActivityManagerService.setResumedActivityUncheckLocked:3631 com.android.server.am.ActivityStack.onActivityStateChanged:498 com.android.server.am.TaskRecord.onActivityStateChanged:1794 
12-10 16:56:22.656 D/WindowManager(  634): Input focus has changed to null
12-10 16:56:22.660 I/WindowManager(  634): Focus moving from Window{5ee0852 u0 com.tal.genie.voice/com.tal.genie.dicbook.cread.ClickReadActivity} to null
12-10 16:56:22.712 I/WindowManager(  634): Relayout Window{63aa273 u0 com.tal.genie.voice/com.tal.genie.dicbook.dic.DicExtResultActivity}: oldVis=4 newVis=0 focusMayChange = true
12-10 16:56:22.717 V/WindowManager(  634): Changing focus from null to Window{63aa273 u0 com.tal.genie.voice/com.tal.genie.dicbook.dic.DicExtResultActivity} Callers=com.android.server.wm.WindowManagerService.relayoutWindow:2142 com.android.server.wm.Session.relayout:244 android.view.IWindowSession$Stub.onTransact:309 com.android.server.wm.Session.onTransact:164 
12-10 16:56:22.717 D/WindowManager(  634): Input focus has changed to Window{63aa273 u0 com.tal.genie.voice/com.tal.genie.dicbook.dic.DicExtResultActivity}
12-10 16:56:22.718 I/WindowManager(  634): Focus moving from null to Window{63aa273 u0 com.tal.genie.voice/com.tal.genie.dicbook.dic.DicExtResultActivity}
12-10 16:56:22.806 D/MtkOmxMp3Dec(  456): JB ~MtkOmxMp3Dec this= 0xac043a00
12-10 16:56:22.806 D/MtkOmxMp3Dec(  456): component has been DeInit before,return.
12-10 16:56:22.809 D/TableOfContentThread(  448): ~TableOfContentThread 0xae8c7cc8!
12-10 16:56:22.809 D/TableOfContentThread(  448): stopTOCThread 0xae8c7cc8
12-10 16:56:22.910 D/TableOfContentThread(  448): TableOfContentThread Construct !0xae8c7cc8
12-10 16:56:22.976 D/MtkOmxMp3Dec(  456): JB MtkOmxMp3Dec::MtkOmxMp3Dec this= 0xac043a00
12-10 16:56:22.976 D/MtkOmxMp3Dec(  456): JB MtkOmxMp3Dec::InitAudioParams(MP3)
12-10 16:56:22.987 D/MtkOmxMp3Dec(  456): JB +InitMp3Decoder
12-10 16:56:22.988 D/MtkOmxMp3Dec(  456): -InitMp3Decoder
12-10 16:56:23.261 D/MtkOmxMp3Dec(  456): MP3 EOS received, TS=0
12-10 16:56:32.007 V/WindowManager(  634): Set focused app to: AppWindowToken{b47b78f token=Token{d9a56ee ActivityRecord{e266c69 u0 com.tal.genie.voice/com.tal.genie.dicbook.cread.ClickReadActivity t106}}} old focus=AppWindowToken{7ad388a token=Token{e6fa2f5 ActivityRecord{226d82c u0 com.tal.genie.voice/com.tal.genie.dicbook.dic.DicExtResultActivity t106}}} moveFocusNow=true
12-10 16:56:32.010 V/WindowManager(  634): Changing focus from Window{63aa273 u0 com.tal.genie.voice/com.tal.genie.dicbook.dic.DicExtResultActivity} to Window{5ee0852 u0 com.tal.genie.voice/com.tal.genie.dicbook.cread.ClickReadActivity} Callers=com.android.server.wm.WindowManagerService.setFocusedApp:2638 com.android.server.am.ActivityManagerService.setResumedActivityUncheckLocked:3631 com.android.server.am.ActivityStack.onActivityStateChanged:498 com.android.server.am.TaskRecord.onActivityStateChanged:1794 
12-10 16:56:32.010 D/WindowManager(  634): Input focus has changed to Window{5ee0852 u0 com.tal.genie.voice/com.tal.genie.dicbook.cread.ClickReadActivity}
12-10 16:56:32.012 I/WindowManager(  634): Focus moving from Window{63aa273 u0 com.tal.genie.voice/com.tal.genie.dicbook.dic.DicExtResultActivity} to Window{5ee0852 u0 com.tal.genie.voice/com.tal.genie.dicbook.cread.ClickReadActivity}
12-10 16:56:34.008 V/WindowManager(  634): Changing focus from Window{5ee0852 u0 com.tal.genie.voice/com.tal.genie.dicbook.cread.ClickReadActivity} to Window{b770103 u0 com.tal.genie.launcher/com.tal.genie.launcher.ui.main.MainActivity} Callers=com.android.server.wm.DisplayContent.layoutAndAssignWindowLayersIfNeeded:2447 com.android.server.wm.DisplayContent.positionStackAt:1911 com.android.server.wm.DisplayWindowController.positionChildAt:93 com.android.server.am.ActivityDisplay.positionChildAt:169 
12-10 16:56:34.012 D/WindowManager(  634): Input focus has changed to Window{b770103 u0 com.tal.genie.launcher/com.tal.genie.launcher.ui.main.MainActivity}
12-10 16:56:34.012 I/WindowManager(  634): Focus moving from Window{5ee0852 u0 com.tal.genie.voice/com.tal.genie.dicbook.cread.ClickReadActivity} to Window{b770103 u0 com.tal.genie.launcher/com.tal.genie.launcher.ui.main.MainActivity}
12-10 16:56:34.050 V/WindowManager(  634): Set focused app to: AppWindowToken{55bffa8 token=Token{ddabbcb ActivityRecord{dda169a u0 com.tal.genie.launcher/.ui.main.MainActivity t2}}} old focus=AppWindowToken{b47b78f token=Token{d9a56ee ActivityRecord{e266c69 u0 com.tal.genie.voice/com.tal.genie.dicbook.cread.ClickReadActivity t106}}} moveFocusNow=true
12-10 16:56:34.082 W/ContextImpl( 1153): Calling a method in the system process without a qualified user: android.app.ContextImpl.startService:1532 android.content.ContextWrapper.startService:664 android.content.ContextWrapper.startService:664 android.app.Activity.onEnterAnimationComplete:6662 android.app.Activity.dispatchEnterAnimationComplete:6673 
12-10 16:56:35.318 W/ContextImpl( 1153): Calling a method in the system process without a qualified user: android.app.ContextImpl.sendBroadcast:1006 android.content.ContextWrapper.sendBroadcast:444 android.content.ContextWrapper.sendBroadcast:444 android.view.View.dispatchTouchEvent:12526 android.view.ViewGroup.dispatchTransformedTouchEvent:3077 
12-10 16:56:35.395 I/ActivityManager(  634): START u0 {dat=genie://www.tal.com/fingerRead flg=0x10000000 cmp=com.tal.genie.voice/com.tal.genie.dicbook.cread.ClickReadActivity} from uid 1000
12-10 16:56:35.420 V/WindowManager(  634): Set focused app to: AppWindowToken{f7bccb5 token=Token{20690ec ActivityRecord{2a3779f u0 com.tal.genie.voice/com.tal.genie.dicbook.cread.ClickReadActivity t107}}} old focus=AppWindowToken{55bffa8 token=Token{ddabbcb ActivityRecord{dda169a u0 com.tal.genie.launcher/.ui.main.MainActivity t2}}} moveFocusNow=true
12-10 16:56:35.421 V/WindowManager(  634): findFocusedWindow: Reached focused app=AppWindowToken{f7bccb5 token=Token{20690ec ActivityRecord{2a3779f u0 com.tal.genie.voice/com.tal.genie.dicbook.cread.ClickReadActivity t107}}}
12-10 16:56:35.421 V/WindowManager(  634): Changing focus from Window{b770103 u0 com.tal.genie.launcher/com.tal.genie.launcher.ui.main.MainActivity} to null Callers=com.android.server.wm.WindowManagerService.setFocusedApp:2638 com.android.server.am.ActivityManagerService.setResumedActivityUncheckLocked:3631 com.android.server.am.ActivityStack.onActivityStateChanged:498 com.android.server.am.TaskRecord.onActivityStateChanged:1794 
12-10 16:56:35.421 D/WindowManager(  634): Input focus has changed to null
12-10 16:56:35.422 I/WindowManager(  634): Focus moving from Window{b770103 u0 com.tal.genie.launcher/com.tal.genie.launcher.ui.main.MainActivity} to null
12-10 16:56:35.519 I/WindowManager(  634): Relayout Window{71ec1f0 u0 com.tal.genie.voice/com.tal.genie.dicbook.cread.ClickReadActivity}: oldVis=4 newVis=0 focusMayChange = true
12-10 16:56:35.522 V/WindowManager(  634): Changing focus from null to Window{71ec1f0 u0 com.tal.genie.voice/com.tal.genie.dicbook.cread.ClickReadActivity} Callers=com.android.server.wm.WindowManagerService.relayoutWindow:2142 com.android.server.wm.Session.relayout:244 android.view.IWindowSession$Stub.onTransact:309 com.android.server.wm.Session.onTransact:164 
12-10 16:56:35.523 D/WindowManager(  634): Input focus has changed to Window{71ec1f0 u0 com.tal.genie.voice/com.tal.genie.dicbook.cread.ClickReadActivity}
12-10 16:56:35.524 I/WindowManager(  634): Focus moving from null to Window{71ec1f0 u0 com.tal.genie.voice/com.tal.genie.dicbook.cread.ClickReadActivity}
12-10 16:56:40.994 E/storaged(  454): getDiskStats failed with result NOT_SUPPORTED and size 0
12-10 16:56:44.600 D/MtkOmxMp3Dec(  456): JB ~MtkOmxMp3Dec this= 0xac043a00
12-10 16:56:44.600 D/MtkOmxMp3Dec(  456): component has been DeInit before,return.
12-10 16:56:44.602 D/TableOfContentThread(  448): ~TableOfContentThread 0xae8c7cc8!
12-10 16:56:44.602 D/TableOfContentThread(  448): stopTOCThread 0xae8c7cc8
12-10 16:56:44.739 D/TableOfContentThread(  448): TableOfContentThread Construct !0xae8c7cc8
12-10 16:56:44.769 D/MtkOmxMp3Dec(  456): JB MtkOmxMp3Dec::MtkOmxMp3Dec this= 0xac043a00
12-10 16:56:44.769 D/MtkOmxMp3Dec(  456): JB MtkOmxMp3Dec::InitAudioParams(MP3)
12-10 16:56:44.785 D/MtkOmxMp3Dec(  456): JB +InitMp3Decoder
12-10 16:56:44.785 D/MtkOmxMp3Dec(  456): -InitMp3Decoder
12-10 16:56:45.070 D/MtkOmxMp3Dec(  456): MP3 EOS received, TS=0
12-10 16:56:50.881 I/NetworkStatsRecorder(  634): recordSnapshotLocked: ident[[{type=WIFI, subType=COMBINED, networkId="TAL-Device", metered=false, defaultNetwork=true}]]
12-10 16:56:50.881 W/NetworkStatsRecorder(  634): unknown interfaces [lo], ignoring those stats
12-10 16:56:50.881 I/NetworkStatsRecorder(  634): recordSnapshotLocked: ident[[{type=WIFI, subType=COMBINED, networkId="TAL-Device", metered=false, defaultNetwork=true}]]
12-10 16:56:50.881 W/NetworkStatsRecorder(  634): unknown interfaces [lo], ignoring those stats
12-10 16:56:50.881 I/NetworkStatsRecorder(  634): recordSnapshotLocked: ident[[{type=WIFI, subType=COMBINED, networkId="TAL-Device", metered=false, defaultNetwork=true}]]
12-10 16:56:50.881 I/chatty  (  634): uid=1000(system) NetworkStats identical 2 lines
12-10 16:56:50.881 I/NetworkStatsRecorder(  634): recordSnapshotLocked: ident[[{type=WIFI, subType=COMBINED, networkId="TAL-Device", metered=false, defaultNetwork=true}]]
12-10 16:56:50.881 W/NetworkStatsRecorder(  634): unknown interfaces [lo], ignoring those stats
12-10 16:56:50.881 W/NetworkStatsRecorder(  634): unknown interfaces [lo], ignoring those stats
12-10 16:56:50.882 D/NetworkStatsRecorder(  634): forcePersistLocked() writing for dev
12-10 16:56:50.887 D/NetworkStatsRecorder(  634): forcePersistLocked() writing for xt
12-10 16:57:24.574 I/WindowManager(  634): Focus moving from Window{71ec1f0 u0 com.tal.genie.voice/com.tal.genie.dicbook.cread.ClickReadActivity} to Window{b770103 u0 com.tal.genie.launcher/com.tal.genie.launcher.ui.main.MainActivity}
12-10 16:57:24.634 W/ContextImpl( 1153): Calling a method in the system process without a qualified user: android.app.ContextImpl.startService:1532 android.content.ContextWrapper.startService:664 android.content.ContextWrapper.startService:664 android.app.Activity.onEnterAnimationComplete:6662 android.app.Activity.dispatchEnterAnimationComplete:6673 
12-10 16:57:25.537 W/ContextImpl( 1153): Calling a method in the system process without a qualified user: android.app.ContextImpl.sendBroadcast:1006 android.content.ContextWrapper.sendBroadcast:444 android.content.ContextWrapper.sendBroadcast:444 android.view.View.dispatchTouchEvent:12526 android.view.ViewGroup.dispatchTransformedTouchEvent:3077 
12-10 16:57:25.632 I/ActivityManager(  634): START u0 {dat=genie://www.tal.com/fingerRead flg=0x10000000 cmp=com.tal.genie.voice/com.tal.genie.dicbook.cread.ClickReadActivity} from uid 1000
12-10 16:57:25.654 I/WindowManager(  634): Focus moving from Window{b770103 u0 com.tal.genie.launcher/com.tal.genie.launcher.ui.main.MainActivity} to null
12-10 16:57:25.754 I/WindowManager(  634): Relayout Window{9736389 u0 com.tal.genie.voice/com.tal.genie.dicbook.cread.ClickReadActivity}: oldVis=4 newVis=0 focusMayChange = true
12-10 16:57:25.759 I/WindowManager(  634): Focus moving from null to Window{9736389 u0 com.tal.genie.voice/com.tal.genie.dicbook.cread.ClickReadActivity}
12-10 16:57:40.995 E/storaged(  454): getDiskStats failed with result NOT_SUPPORTED and size 0
12-10 16:58:40.996 E/storaged(  454): getDiskStats failed with result NOT_SUPPORTED and size 0
12-10 16:58:47.060 I/NetworkStatsRecorder(  634): recordSnapshotLocked: ident[[{type=WIFI, subType=COMBINED, networkId="TAL-Device", metered=false, defaultNetwork=true}]]
12-10 16:58:47.060 W/NetworkStatsRecorder(  634): unknown interfaces [lo], ignoring those stats
12-10 16:58:47.060 I/NetworkStatsRecorder(  634): recordSnapshotLocked: ident[[{type=WIFI, subType=COMBINED, networkId="TAL-Device", metered=false, defaultNetwork=true}]]
12-10 16:58:47.060 W/NetworkStatsRecorder(  634): unknown interfaces [lo], ignoring those stats
12-10 16:58:47.063 I/NetworkStatsRecorder(  634): recordSnapshotLocked: ident[[{type=WIFI, subType=COMBINED, networkId="TAL-Device", metered=false, defaultNetwork=true}]]
12-10 16:58:47.063 I/chatty  (  634): uid=1000(system) NetworkStats identical 2 lines
12-10 16:58:47.063 I/NetworkStatsRecorder(  634): recordSnapshotLocked: ident[[{type=WIFI, subType=COMBINED, networkId="TAL-Device", metered=false, defaultNetwork=true}]]
12-10 16:58:47.063 W/NetworkStatsRecorder(  634): unknown interfaces [lo], ignoring those stats
12-10 16:58:47.063 W/NetworkStatsRecorder(  634): unknown interfaces [lo], ignoring those stats
12-10 16:58:53.293 I/NetworkStatsRecorder(  634): recordSnapshotLocked: ident[[{type=WIFI, subType=COMBINED, networkId="TAL-Device", metered=false, defaultNetwork=true}]]
12-10 16:58:53.294 W/NetworkStatsRecorder(  634): unknown interfaces [lo], ignoring those stats
12-10 16:58:53.295 I/NetworkStatsRecorder(  634): recordSnapshotLocked: ident[[{type=WIFI, subType=COMBINED, networkId="TAL-Device", metered=false, defaultNetwork=true}]]
12-10 16:58:53.295 W/NetworkStatsRecorder(  634): unknown interfaces [lo], ignoring those stats
12-10 16:58:53.295 I/NetworkStatsRecorder(  634): recordSnapshotLocked: ident[[{type=WIFI, subType=COMBINED, networkId="TAL-Device", metered=false, defaultNetwork=true}]]
12-10 16:58:53.295 I/NetworkStatsRecorder(  634): recordSnapshotLocked: ident[[{type=WIFI, subType=COMBINED, networkId="TAL-Device", metered=false, defaultNetwork=true}]]
12-10 16:58:53.295 W/NetworkStatsRecorder(  634): unknown interfaces [lo], ignoring those stats
12-10 16:58:53.295 W/NetworkStatsRecorder(  634): unknown interfaces [lo], ignoring those stats
12-10 16:59:03.822 I/ActivityManager(  634): START u0 {cmp=com.tal.genie.voice/com.tal.explain.ui.VideoExplainActivity (has extras)} from uid 10030
12-10 16:59:03.889 I/WindowManager(  634): Focus moving from Window{9736389 u0 com.tal.genie.voice/com.tal.genie.dicbook.cread.ClickReadActivity} to null
12-10 16:59:04.245 I/WindowManager(  634): Relayout Window{7482e2a u0 com.tal.genie.voice/com.tal.explain.ui.VideoExplainActivity}: oldVis=4 newVis=0 focusMayChange = true
12-10 16:59:04.249 I/WindowManager(  634): Focus moving from null to Window{7482e2a u0 com.tal.genie.voice/com.tal.explain.ui.VideoExplainActivity}
12-10 16:59:04.708 I/NetworkStatsRecorder(  634): recordSnapshotLocked: ident[[{type=WIFI, subType=COMBINED, networkId="TAL-Device", metered=false, defaultNetwork=true}]]
12-10 16:59:04.709 W/NetworkStatsRecorder(  634): unknown interfaces [lo], ignoring those stats
12-10 16:59:04.709 I/NetworkStatsRecorder(  634): recordSnapshotLocked: ident[[{type=WIFI, subType=COMBINED, networkId="TAL-Device", metered=false, defaultNetwork=true}]]
12-10 16:59:04.709 W/NetworkStatsRecorder(  634): unknown interfaces [lo], ignoring those stats
12-10 16:59:04.709 I/NetworkStatsRecorder(  634): recordSnapshotLocked: ident[[{type=WIFI, subType=COMBINED, networkId="TAL-Device", metered=false, defaultNetwork=true}]]
12-10 16:59:04.709 I/chatty  (  634): uid=1000(system) NetworkStats identical 1 line
12-10 16:59:04.709 I/NetworkStatsRecorder(  634): recordSnapshotLocked: ident[[{type=WIFI, subType=COMBINED, networkId="TAL-Device", metered=false, defaultNetwork=true}]]
12-10 16:59:04.709 W/NetworkStatsRecorder(  634): unknown interfaces [lo], ignoring those stats
12-10 16:59:04.709 W/NetworkStatsRecorder(  634): unknown interfaces [lo], ignoring those stats
12-10 16:59:12.036 I/WindowManager(  634): Focus moving from Window{7482e2a u0 com.tal.genie.voice/com.tal.explain.ui.VideoExplainActivity} to null
12-10 16:59:12.084 I/WindowManager(  634): Relayout Window{9736389 u0 com.tal.genie.voice/com.tal.genie.dicbook.cread.ClickReadActivity}: oldVis=8 newVis=0 focusMayChange = true
12-10 16:59:12.094 I/WindowManager(  634): Relayout Window{b770103 u0 com.tal.genie.launcher/com.tal.genie.launcher.ui.main.MainActivity}: oldVis=8 newVis=0 focusMayChange = true
12-10 16:59:12.106 I/WindowManager(  634): Focus moving from null to Window{9736389 u0 com.tal.genie.voice/com.tal.genie.dicbook.cread.ClickReadActivity}
12-10 16:59:12.638 W/ContextImpl( 1153): Calling a method in the system process without a qualified user: android.app.ContextImpl.startService:1532 android.content.ContextWrapper.startService:664 android.content.ContextWrapper.startService:664 android.app.Activity.onEnterAnimationComplete:6662 android.app.Activity.dispatchEnterAnimationComplete:6673 
12-10 16:59:21.246 I/ActivityManager(  634): START u0 {cmp=com.tal.genie.voice/com.tal.genie.dicbook.dic.DicExtResultActivity (has extras)} from uid 10030
12-10 16:59:21.266 I/WindowManager(  634): Focus moving from Window{9736389 u0 com.tal.genie.voice/com.tal.genie.dicbook.cread.ClickReadActivity} to null
12-10 16:59:21.331 I/WindowManager(  634): Relayout Window{94ef38f u0 com.tal.genie.voice/com.tal.genie.dicbook.dic.DicExtResultActivity}: oldVis=4 newVis=0 focusMayChange = true
12-10 16:59:21.336 I/WindowManager(  634): Focus moving from null to Window{94ef38f u0 com.tal.genie.voice/com.tal.genie.dicbook.dic.DicExtResultActivity}
12-10 16:59:28.565 I/NetworkStatsRecorder(  634): recordSnapshotLocked: ident[[{type=WIFI, subType=COMBINED, networkId="TAL-Device", metered=false, defaultNetwork=true}]]
12-10 16:59:28.566 W/NetworkStatsRecorder(  634): unknown interfaces [lo], ignoring those stats
12-10 16:59:28.566 I/NetworkStatsRecorder(  634): recordSnapshotLocked: ident[[{type=WIFI, subType=COMBINED, networkId="TAL-Device", metered=false, defaultNetwork=true}]]
12-10 16:59:28.566 W/NetworkStatsRecorder(  634): unknown interfaces [lo], ignoring those stats
12-10 16:59:28.566 I/NetworkStatsRecorder(  634): recordSnapshotLocked: ident[[{type=WIFI, subType=COMBINED, networkId="TAL-Device", metered=false, defaultNetwork=true}]]
12-10 16:59:28.566 I/chatty  (  634): uid=1000(system) NetworkStats identical 2 lines
12-10 16:59:28.566 I/NetworkStatsRecorder(  634): recordSnapshotLocked: ident[[{type=WIFI, subType=COMBINED, networkId="TAL-Device", metered=false, defaultNetwork=true}]]
12-10 16:59:28.566 W/NetworkStatsRecorder(  634): unknown interfaces [lo], ignoring those stats
12-10 16:59:28.567 W/NetworkStatsRecorder(  634): unknown interfaces [lo], ignoring those stats
12-10 16:59:30.111 I/ActivityManager(  634): START u0 {cmp=com.tal.genie.voice/com.tal.genie.dicbook.dic.DicExtResultActivity (has extras)} from uid 10030
12-10 16:59:30.130 I/WindowManager(  634): Focus moving from Window{94ef38f u0 com.tal.genie.voice/com.tal.genie.dicbook.dic.DicExtResultActivity} to null
12-10 16:59:30.193 I/WindowManager(  634): Relayout Window{9c07cb9 u0 com.tal.genie.voice/com.tal.genie.dicbook.dic.DicExtResultActivity}: oldVis=4 newVis=0 focusMayChange = true
12-10 16:59:30.198 I/WindowManager(  634): Focus moving from null to Window{9c07cb9 u0 com.tal.genie.voice/com.tal.genie.dicbook.dic.DicExtResultActivity}
12-10 16:59:40.997 E/storaged(  454): getDiskStats failed with result NOT_SUPPORTED and size 0
12-10 16:59:41.853 I/ActivityManager(  634): START u0 {cmp=com.tal.genie.voice/com.tal.genie.dicbook.dic.DicExtResultActivity (has extras)} from uid 10030
12-10 16:59:41.868 I/WindowManager(  634): Focus moving from Window{9c07cb9 u0 com.tal.genie.voice/com.tal.genie.dicbook.dic.DicExtResultActivity} to null
12-10 16:59:41.916 I/WindowManager(  634): Relayout Window{5484312 u0 com.tal.genie.voice/com.tal.genie.dicbook.dic.DicExtResultActivity}: oldVis=4 newVis=0 focusMayChange = true
12-10 16:59:41.920 I/WindowManager(  634): Focus moving from null to Window{5484312 u0 com.tal.genie.voice/com.tal.genie.dicbook.dic.DicExtResultActivity}
12-10 16:59:54.124 I/ActivityManager(  634): START u0 {cmp=com.tal.genie.voice/com.tal.genie.dicbook.dic.DicExtResultActivity (has extras)} from uid 10030
12-10 16:59:54.139 I/WindowManager(  634): Focus moving from Window{5484312 u0 com.tal.genie.voice/com.tal.genie.dicbook.dic.DicExtResultActivity} to null
12-10 16:59:54.199 I/WindowManager(  634): Relayout Window{fc0992b u0 com.tal.genie.voice/com.tal.genie.dicbook.dic.DicExtResultActivity}: oldVis=4 newVis=0 focusMayChange = true
12-10 16:59:54.204 I/WindowManager(  634): Focus moving from null to Window{fc0992b u0 com.tal.genie.voice/com.tal.genie.dicbook.dic.DicExtResultActivity}
12-10 17:00:00.384 I/ActivityManager(  634): START u0 {cmp=com.tal.genie.voice/com.tal.genie.dicbook.dic.DicExtResultActivity (has extras)} from uid 10030
12-10 17:00:00.405 I/WindowManager(  634): Focus moving from Window{fc0992b u0 com.tal.genie.voice/com.tal.genie.dicbook.dic.DicExtResultActivity} to null
12-10 17:00:00.471 I/WindowManager(  634): Relayout Window{6538c64 u0 com.tal.genie.voice/com.tal.genie.dicbook.dic.DicExtResultActivity}: oldVis=4 newVis=0 focusMayChange = true
12-10 17:00:00.477 I/WindowManager(  634): Focus moving from null to Window{6538c64 u0 com.tal.genie.voice/com.tal.genie.dicbook.dic.DicExtResultActivity}
12-10 17:00:02.002 I/WindowManager(  634): Focus moving from Window{6538c64 u0 com.tal.genie.voice/com.tal.genie.dicbook.dic.DicExtResultActivity} to Window{fc0992b u0 com.tal.genie.voice/com.tal.genie.dicbook.dic.DicExtResultActivity}
12-10 17:00:03.067 I/WindowManager(  634): Focus moving from Window{fc0992b u0 com.tal.genie.voice/com.tal.genie.dicbook.dic.DicExtResultActivity} to Window{5484312 u0 com.tal.genie.voice/com.tal.genie.dicbook.dic.DicExtResultActivity}
12-10 17:00:03.998 I/WindowManager(  634): Focus moving from Window{5484312 u0 com.tal.genie.voice/com.tal.genie.dicbook.dic.DicExtResultActivity} to Window{9c07cb9 u0 com.tal.genie.voice/com.tal.genie.dicbook.dic.DicExtResultActivity}
12-10 17:00:07.473 I/WindowManager(  634): Focus moving from Window{9c07cb9 u0 com.tal.genie.voice/com.tal.genie.dicbook.dic.DicExtResultActivity} to Window{94ef38f u0 com.tal.genie.voice/com.tal.genie.dicbook.dic.DicExtResultActivity}
12-10 17:00:11.826 I/NetworkStatsRecorder(  634): recordSnapshotLocked: ident[[{type=WIFI, subType=COMBINED, networkId="TAL-Device", metered=false, defaultNetwork=true}]]
12-10 17:00:11.826 W/NetworkStatsRecorder(  634): unknown interfaces [lo], ignoring those stats
12-10 17:00:11.827 I/NetworkStatsRecorder(  634): recordSnapshotLocked: ident[[{type=WIFI, subType=COMBINED, networkId="TAL-Device", metered=false, defaultNetwork=true}]]
12-10 17:00:11.827 W/NetworkStatsRecorder(  634): unknown interfaces [lo], ignoring those stats
12-10 17:00:11.827 I/NetworkStatsRecorder(  634): recordSnapshotLocked: ident[[{type=WIFI, subType=COMBINED, networkId="TAL-Device", metered=false, defaultNetwork=true}]]
12-10 17:00:11.827 I/chatty  (  634): uid=1000(system) NetworkStats identical 1 line
12-10 17:00:11.827 I/NetworkStatsRecorder(  634): recordSnapshotLocked: ident[[{type=WIFI, subType=COMBINED, networkId="TAL-Device", metered=false, defaultNetwork=true}]]
12-10 17:00:11.827 W/NetworkStatsRecorder(  634): unknown interfaces [lo], ignoring those stats
12-10 17:00:11.827 W/NetworkStatsRecorder(  634): unknown interfaces [lo], ignoring those stats
12-10 17:00:14.327 I/ActivityManager(  634): START u0 {cmp=com.tal.genie.voice/com.tal.genie.dicbook.dic.DicExtResultActivity (has extras)} from uid 10030
12-10 17:00:14.355 I/WindowManager(  634): Focus moving from Window{94ef38f u0 com.tal.genie.voice/com.tal.genie.dicbook.dic.DicExtResultActivity} to null
12-10 17:00:14.435 I/WindowManager(  634): Relayout Window{1b54889 u0 com.tal.genie.voice/com.tal.genie.dicbook.dic.DicExtResultActivity}: oldVis=4 newVis=0 focusMayChange = true
12-10 17:00:14.444 I/WindowManager(  634): Focus moving from null to Window{1b54889 u0 com.tal.genie.voice/com.tal.genie.dicbook.dic.DicExtResultActivity}
12-10 17:00:19.858 I/ActivityManager(  634): START u0 {cmp=com.tal.genie.voice/com.tal.genie.dicbook.dic.DicExtResultActivity (has extras)} from uid 10030
12-10 17:00:19.874 I/WindowManager(  634): Focus moving from Window{1b54889 u0 com.tal.genie.voice/com.tal.genie.dicbook.dic.DicExtResultActivity} to null
12-10 17:00:19.925 I/WindowManager(  634): Relayout Window{18fbafa u0 com.tal.genie.voice/com.tal.genie.dicbook.dic.DicExtResultActivity}: oldVis=4 newVis=0 focusMayChange = true
12-10 17:00:19.929 I/WindowManager(  634): Focus moving from null to Window{18fbafa u0 com.tal.genie.voice/com.tal.genie.dicbook.dic.DicExtResultActivity}
12-10 17:00:40.998 E/storaged(  454): getDiskStats failed with result NOT_SUPPORTED and size 0
12-10 17:00:59.472 W/ContextImpl( 1153): Calling a method in the system process without a qualified user: android.app.ContextImpl.startActivity:900 android.content.ContextWrapper.startActivity:401 com.tal.genie.launcher.ui.voice.view.VoiceCallBackImplNew.toVoiceActivity:55 com.tal.genie.launcher.ui.voice.view.VoiceCallBackImplNew.toVoiceView:44 com.tal.genie.launcher.ui.voice.view.VoiceCallBackImplNew.start:38 
12-10 17:00:59.473 I/ActivityManager(  634): START u0 {flg=0x10000000 cmp=com.tal.genie.launcher/.ui.voice.VoiceNewActivity} from uid 1000
12-10 17:00:59.493 I/WindowManager(  634): Focus moving from Window{18fbafa u0 com.tal.genie.voice/com.tal.genie.dicbook.dic.DicExtResultActivity} to null
12-10 17:00:59.608 I/WindowManager(  634): Relayout Window{254c1dc u0 com.tal.genie.launcher/com.tal.genie.launcher.ui.voice.VoiceNewActivity}: oldVis=4 newVis=0 focusMayChange = true
12-10 17:00:59.615 I/WindowManager(  634): Focus moving from null to Window{254c1dc u0 com.tal.genie.launcher/com.tal.genie.launcher.ui.voice.VoiceNewActivity}
12-10 17:00:59.652 W/ContextImpl( 1153): Calling a method in the system process without a qualified user: android.app.ContextImpl.startService:1532 android.content.ContextWrapper.startService:664 android.content.ContextWrapper.startService:664 android.app.Activity.onEnterAnimationComplete:6662 android.app.Activity.dispatchEnterAnimationComplete:6673 
12-10 17:00:59.655 W/ContextImpl( 1153): Calling a method in the system process without a qualified user: android.app.ContextImpl.startService:1532 android.content.ContextWrapper.startService:664 android.content.ContextWrapper.startService:664 android.app.Activity.onEnterAnimationComplete:6662 android.app.Activity.dispatchEnterAnimationComplete:6673 
12-10 17:01:03.753 I/ActivityManager(  634): START u0 {flg=0x10000000 cmp=com.tal.genie.voice/com.tal.genie.dicbook.dic.ListResultActivity} from uid 10030
12-10 17:01:03.762 I/WindowManager(  634): Focus moving from Window{254c1dc u0 com.tal.genie.launcher/com.tal.genie.launcher.ui.voice.VoiceNewActivity} to Window{18fbafa u0 com.tal.genie.voice/com.tal.genie.dicbook.dic.DicExtResultActivity}
12-10 17:01:03.776 I/WindowManager(  634): Focus moving from Window{18fbafa u0 com.tal.genie.voice/com.tal.genie.dicbook.dic.DicExtResultActivity} to null
12-10 17:01:03.850 I/WindowManager(  634): Relayout Window{e3d6a u0 com.tal.genie.voice/com.tal.genie.dicbook.dic.ListResultActivity}: oldVis=4 newVis=0 focusMayChange = true
12-10 17:01:03.856 I/WindowManager(  634): Focus moving from null to Window{e3d6a u0 com.tal.genie.voice/com.tal.genie.dicbook.dic.ListResultActivity}
12-10 17:01:07.716 I/ActivityManager(  634): START u0 {cmp=com.tal.genie.voice/com.tal.genie.dicbook.dic.DicResultActivity (has extras)} from uid 10030
12-10 17:01:07.734 I/WindowManager(  634): Focus moving from Window{e3d6a u0 com.tal.genie.voice/com.tal.genie.dicbook.dic.ListResultActivity} to null
12-10 17:01:07.792 I/WindowManager(  634): Relayout Window{58c0e40 u0 com.tal.genie.voice/com.tal.genie.dicbook.dic.DicResultActivity}: oldVis=4 newVis=0 focusMayChange = true
12-10 17:01:07.799 I/WindowManager(  634): Focus moving from null to Window{58c0e40 u0 com.tal.genie.voice/com.tal.genie.dicbook.dic.DicResultActivity}
12-10 17:01:12.193 I/ActivityManager(  634): START u0 {cmp=com.tal.genie.voice/com.tal.genie.dicbook.dic.DicExtResultActivity (has extras)} from uid 10030
12-10 17:01:12.215 I/WindowManager(  634): Focus moving from Window{58c0e40 u0 com.tal.genie.voice/com.tal.genie.dicbook.dic.DicResultActivity} to null
12-10 17:01:12.277 I/WindowManager(  634): Relayout Window{5baca0 u0 com.tal.genie.voice/com.tal.genie.dicbook.dic.DicExtResultActivity}: oldVis=4 newVis=0 focusMayChange = true
12-10 17:01:12.283 I/WindowManager(  634): Focus moving from null to Window{5baca0 u0 com.tal.genie.voice/com.tal.genie.dicbook.dic.DicExtResultActivity}
12-10 17:01:20.126 I/WindowManager(  634): Focus moving from Window{5baca0 u0 com.tal.genie.voice/com.tal.genie.dicbook.dic.DicExtResultActivity} to Window{58c0e40 u0 com.tal.genie.voice/com.tal.genie.dicbook.dic.DicResultActivity}
12-10 17:01:25.764 I/ActivityManager(  634): START u0 {cmp=com.tal.genie.voice/com.tal.genie.dicbook.dic.DicExtResultActivity (has extras)} from uid 10030
12-10 17:01:25.782 I/WindowManager(  634): Focus moving from Window{58c0e40 u0 com.tal.genie.voice/com.tal.genie.dicbook.dic.DicResultActivity} to null
12-10 17:01:25.842 I/WindowManager(  634): Relayout Window{7297506 u0 com.tal.genie.voice/com.tal.genie.dicbook.dic.DicExtResultActivity}: oldVis=4 newVis=0 focusMayChange = true
12-10 17:01:25.848 I/WindowManager(  634): Focus moving from null to Window{7297506 u0 com.tal.genie.voice/com.tal.genie.dicbook.dic.DicExtResultActivity}
12-10 17:01:32.363 I/NetworkStatsRecorder(  634): recordSnapshotLocked: ident[[{type=WIFI, subType=COMBINED, networkId="TAL-Device", metered=false, defaultNetwork=true}]]
12-10 17:01:32.364 W/NetworkStatsRecorder(  634): unknown interfaces [lo], ignoring those stats
12-10 17:01:32.364 I/NetworkStatsRecorder(  634): recordSnapshotLocked: ident[[{type=WIFI, subType=COMBINED, networkId="TAL-Device", metered=false, defaultNetwork=true}]]
12-10 17:01:32.364 W/NetworkStatsRecorder(  634): unknown interfaces [lo], ignoring those stats
12-10 17:01:32.364 I/NetworkStatsRecorder(  634): recordSnapshotLocked: ident[[{type=WIFI, subType=COMBINED, networkId="TAL-Device", metered=false, defaultNetwork=true}]]
12-10 17:01:32.364 I/chatty  (  634): uid=1000(system) NetworkStats identical 2 lines
12-10 17:01:32.364 I/NetworkStatsRecorder(  634): recordSnapshotLocked: ident[[{type=WIFI, subType=COMBINED, networkId="TAL-Device", metered=false, defaultNetwork=true}]]
12-10 17:01:32.364 W/NetworkStatsRecorder(  634): unknown interfaces [lo], ignoring those stats
12-10 17:01:32.364 W/NetworkStatsRecorder(  634): unknown interfaces [lo], ignoring those stats
12-10 17:01:40.999 E/storaged(  454): getDiskStats failed with result NOT_SUPPORTED and size 0
12-10 17:01:48.613 I/ActivityManager(  634): START u0 {cmp=com.tal.genie.voice/com.tal.genie.dicbook.dic.DicExtResultActivity (has extras)} from uid 10030
12-10 17:01:48.629 I/WindowManager(  634): Focus moving from Window{7297506 u0 com.tal.genie.voice/com.tal.genie.dicbook.dic.DicExtResultActivity} to null
12-10 17:01:48.689 I/WindowManager(  634): Relayout Window{608dedd u0 com.tal.genie.voice/com.tal.genie.dicbook.dic.DicExtResultActivity}: oldVis=4 newVis=0 focusMayChange = true
12-10 17:01:48.696 I/WindowManager(  634): Focus moving from null to Window{608dedd u0 com.tal.genie.voice/com.tal.genie.dicbook.dic.DicExtResultActivity}
12-10 17:02:06.732 I/NetworkStatsRecorder(  634): recordSnapshotLocked: ident[[{type=WIFI, subType=COMBINED, networkId="TAL-Device", metered=false, defaultNetwork=true}]]
12-10 17:02:06.732 W/NetworkStatsRecorder(  634): unknown interfaces [lo], ignoring those stats
12-10 17:02:06.733 I/NetworkStatsRecorder(  634): recordSnapshotLocked: ident[[{type=WIFI, subType=COMBINED, networkId="TAL-Device", metered=false, defaultNetwork=true}]]
12-10 17:02:06.733 W/NetworkStatsRecorder(  634): unknown interfaces [lo], ignoring those stats
12-10 17:02:06.733 I/NetworkStatsRecorder(  634): recordSnapshotLocked: ident[[{type=WIFI, subType=COMBINED, networkId="TAL-Device", metered=false, defaultNetwork=true}]]
12-10 17:02:06.733 I/NetworkStatsRecorder(  634): recordSnapshotLocked: ident[[{type=WIFI, subType=COMBINED, networkId="TAL-Device", metered=false, defaultNetwork=true}]]
12-10 17:02:06.733 W/NetworkStatsRecorder(  634): unknown interfaces [lo], ignoring those stats
12-10 17:02:06.733 W/NetworkStatsRecorder(  634): unknown interfaces [lo], ignoring those stats
12-10 17:02:14.203 I/ActivityManager(  634): START u0 {cmp=com.tal.genie.voice/com.tal.genie.dicbook.dic.DicExtResultActivity (has extras)} from uid 10030
12-10 17:02:14.219 I/WindowManager(  634): Focus moving from Window{608dedd u0 com.tal.genie.voice/com.tal.genie.dicbook.dic.DicExtResultActivity} to null
12-10 17:02:14.281 I/WindowManager(  634): Relayout Window{1e372f u0 com.tal.genie.voice/com.tal.genie.dicbook.dic.DicExtResultActivity}: oldVis=4 newVis=0 focusMayChange = true
12-10 17:02:14.292 I/WindowManager(  634): Focus moving from null to Window{1e372f u0 com.tal.genie.voice/com.tal.genie.dicbook.dic.DicExtResultActivity}
12-10 17:02:21.888 I/NetworkStatsRecorder(  634): recordSnapshotLocked: ident[[{type=WIFI, subType=COMBINED, networkId="TAL-Device", metered=false, defaultNetwork=true}]]
12-10 17:02:21.888 W/NetworkStatsRecorder(  634): unknown interfaces [lo], ignoring those stats
12-10 17:02:21.888 I/NetworkStatsRecorder(  634): recordSnapshotLocked: ident[[{type=WIFI, subType=COMBINED, networkId="TAL-Device", metered=false, defaultNetwork=true}]]
12-10 17:02:21.888 W/NetworkStatsRecorder(  634): unknown interfaces [lo], ignoring those stats
12-10 17:02:21.889 I/NetworkStatsRecorder(  634): recordSnapshotLocked: ident[[{type=WIFI, subType=COMBINED, networkId="TAL-Device", metered=false, defaultNetwork=true}]]
12-10 17:02:21.889 I/chatty  (  634): uid=1000(system) NetworkStats identical 1 line
12-10 17:02:21.889 I/NetworkStatsRecorder(  634): recordSnapshotLocked: ident[[{type=WIFI, subType=COMBINED, networkId="TAL-Device", metered=false, defaultNetwork=true}]]
12-10 17:02:21.889 W/NetworkStatsRecorder(  634): unknown interfaces [lo], ignoring those stats
12-10 17:02:21.890 W/NetworkStatsRecorder(  634): unknown interfaces [lo], ignoring those stats
12-10 17:02:41.000 E/storaged(  454): getDiskStats failed with result NOT_SUPPORTED and size 0
12-10 17:03:12.345 I/WindowManager(  634): Focus moving from Window{1e372f u0 com.tal.genie.voice/com.tal.genie.dicbook.dic.DicExtResultActivity} to Window{608dedd u0 com.tal.genie.voice/com.tal.genie.dicbook.dic.DicExtResultActivity}
12-10 17:03:14.988 I/WindowManager(  634): Focus moving from Window{608dedd u0 com.tal.genie.voice/com.tal.genie.dicbook.dic.DicExtResultActivity} to Window{7297506 u0 com.tal.genie.voice/com.tal.genie.dicbook.dic.DicExtResultActivity}
12-10 17:03:15.542 I/WindowManager(  634): Focus moving from Window{7297506 u0 com.tal.genie.voice/com.tal.genie.dicbook.dic.DicExtResultActivity} to Window{58c0e40 u0 com.tal.genie.voice/com.tal.genie.dicbook.dic.DicResultActivity}
12-10 17:03:18.397 I/WindowManager(  634): Focus moving from Window{58c0e40 u0 com.tal.genie.voice/com.tal.genie.dicbook.dic.DicResultActivity} to Window{b770103 u0 com.tal.genie.launcher/com.tal.genie.launcher.ui.main.MainActivity}
12-10 17:03:18.444 W/ContextImpl( 1153): Calling a method in the system process without a qualified user: android.app.ContextImpl.startService:1532 android.content.ContextWrapper.startService:664 android.content.ContextWrapper.startService:664 android.app.Activity.onEnterAnimationComplete:6662 android.app.Activity.dispatchEnterAnimationComplete:6673 
12-10 17:03:19.944 W/ContextImpl( 1153): Calling a method in the system process without a qualified user: android.app.ContextImpl.startActivity:900 android.content.ContextWrapper.startActivity:401 com.tal.genie.launcher.ui.voice.view.VoiceCallBackImplNew.toVoiceActivity:55 com.tal.genie.launcher.ui.voice.view.VoiceCallBackImplNew.toVoiceView:44 com.tal.genie.launcher.ui.voice.view.VoiceCallBackImplNew.start:38 
12-10 17:03:19.945 I/ActivityManager(  634): START u0 {flg=0x10000000 cmp=com.tal.genie.launcher/.ui.voice.VoiceNewActivity} from uid 1000
12-10 17:03:19.963 I/WindowManager(  634): Focus moving from Window{b770103 u0 com.tal.genie.launcher/com.tal.genie.launcher.ui.main.MainActivity} to null
12-10 17:03:20.067 I/WindowManager(  634): Relayout Window{66e3e8d u0 com.tal.genie.launcher/com.tal.genie.launcher.ui.voice.VoiceNewActivity}: oldVis=4 newVis=0 focusMayChange = true
12-10 17:03:20.071 I/WindowManager(  634): Focus moving from null to Window{66e3e8d u0 com.tal.genie.launcher/com.tal.genie.launcher.ui.voice.VoiceNewActivity}
12-10 17:03:20.102 W/ContextImpl( 1153): Calling a method in the system process without a qualified user: android.app.ContextImpl.startService:1532 android.content.ContextWrapper.startService:664 android.content.ContextWrapper.startService:664 android.app.Activity.onEnterAnimationComplete:6662 android.app.Activity.dispatchEnterAnimationComplete:6673 
