12-20 13:58:48.349 V/AlarmManager(  646): set(PendingIntent{c514432: PendingIntentRecord{20d7583 com.tal.genie.push broadcastIntent}}) : type=2 triggerAtTime=241092631 win=0 tElapsed=241092631 maxElapsed=241092631 interval=0 flags=0x9
12-20 13:58:48.359 V/AlarmManager(  646): set(PendingIntent{fdb2300: PendingIntentRecord{6f81739 com.tal.genie.push broadcastIntent}}) : type=2 triggerAtTime=241080671 win=0 tElapsed=241080671 maxElapsed=241080671 interval=0 flags=0x9
12-20 13:58:56.374 V/AlarmManager(  646): set(PendingIntent{2da5218: PendingIntentRecord{2887471 com.tal.genie.push broadcastIntent}}) : type=2 triggerAtTime=241100675 win=0 tElapsed=241100675 maxElapsed=241100675 interval=0 flags=0x9
12-20 13:58:56.378 V/AlarmManager(  646): set(PendingIntent{7fa3256: PendingIntentRecord{561d2d7 com.tal.genie.push broadcastIntent}}) : type=2 triggerAtTime=241088691 win=0 tElapsed=241088691 maxElapsed=241088691 interval=0 flags=0x9
12-20 13:59:00.003 V/AlarmManager(  646): set(PendingIntent{336aa5c: PendingIntentRecord{556c165 android broadcastIntent}}) : type=3 triggerAtTime=241144314 win=0 tElapsed=241144314 maxElapsed=241144314 interval=0 flags=0x1
12-20 13:59:04.390 V/AlarmManager(  646): set(PendingIntent{fa2fb5c: PendingIntentRecord{6233e65 com.tal.genie.push broadcastIntent}}) : type=2 triggerAtTime=241108691 win=0 tElapsed=241108691 maxElapsed=241108691 interval=0 flags=0x9
12-20 13:59:04.393 V/AlarmManager(  646): set(PendingIntent{122873a: PendingIntentRecord{1c36feb com.tal.genie.push broadcastIntent}}) : type=2 triggerAtTime=241096706 win=0 tElapsed=241096706 maxElapsed=241096706 interval=0 flags=0x9
12-20 13:59:12.415 V/AlarmManager(  646): set(PendingIntent{83da619: PendingIntentRecord{b3186de com.tal.genie.push broadcastIntent}}) : type=2 triggerAtTime=241116708 win=0 tElapsed=241116708 maxElapsed=241116708 interval=0 flags=0x9
12-20 13:59:12.430 V/AlarmManager(  646): set(PendingIntent{8e240bf: PendingIntentRecord{ac9f38c com.tal.genie.push broadcastIntent}}) : type=2 triggerAtTime=241104742 win=0 tElapsed=241104742 maxElapsed=241104742 interval=0 flags=0x9
12-20 13:59:14.404 V/AlarmManager(  646): set(null) : type=2 triggerAtTime=241827235 win=546387 tElapsed=241827235 maxElapsed=242373622 interval=0 flags=0x0
12-20 13:59:14.405 V/AlarmManager(  646): set(null) : type=2 triggerAtTime=242127235 win=771387 tElapsed=242127235 maxElapsed=242898622 interval=0 flags=0x0
12-20 13:59:20.442 V/AlarmManager(  646): set(PendingIntent{839fc29: PendingIntentRecord{c3b0bae com.tal.genie.push broadcastIntent}}) : type=2 triggerAtTime=241124744 win=0 tElapsed=241124744 maxElapsed=241124744 interval=0 flags=0x9
12-20 13:59:20.445 V/AlarmManager(  646): set(PendingIntent{9472d4f: PendingIntentRecord{d368cdc com.tal.genie.push broadcastIntent}}) : type=2 triggerAtTime=241112757 win=0 tElapsed=241112757 maxElapsed=241112757 interval=0 flags=0x9
12-20 13:59:25.654 E/storaged(  453): getDiskStats failed with result NOT_SUPPORTED and size 0
12-20 13:59:28.461 V/AlarmManager(  646): set(null) : type=2 triggerAtTime=241272759 win=120000 tElapsed=241272759 maxElapsed=241392759 interval=0 flags=0x8
12-20 13:59:28.462 V/AlarmManager(  646): set(PendingIntent{3c59b74: PendingIntentRecord{38b89d com.tal.genie.push broadcastIntent}}) : type=2 triggerAtTime=241132759 win=0 tElapsed=241132759 maxElapsed=241132759 interval=0 flags=0x9
12-20 13:59:28.463 V/AlarmManager(  646): set(null) : type=2 triggerAtTime=241127776 win=11250 tElapsed=241127776 maxElapsed=241139026 interval=0 flags=0x8
12-20 13:59:28.469 V/AlarmManager(  646): set(PendingIntent{6d4a112: PendingIntentRecord{78840e3 com.tal.genie.push broadcastIntent}}) : type=2 triggerAtTime=241120779 win=0 tElapsed=241120779 maxElapsed=241120779 interval=0 flags=0x9
12-20 13:59:36.492 V/AlarmManager(  646): set(PendingIntent{15f406a: PendingIntentRecord{72ae95b com.tal.genie.push broadcastIntent}}) : type=2 triggerAtTime=241140782 win=0 tElapsed=241140782 maxElapsed=241140782 interval=0 flags=0x9
12-20 13:59:36.496 V/AlarmManager(  646): set(PendingIntent{7c145f8: PendingIntentRecord{66c8ad1 com.tal.genie.push broadcastIntent}}) : type=2 triggerAtTime=241128809 win=0 tElapsed=241128809 maxElapsed=241128809 interval=0 flags=0x9
12-20 13:59:44.508 V/AlarmManager(  646): set(PendingIntent{812dc10: PendingIntentRecord{374c309 com.tal.genie.push broadcastIntent}}) : type=2 triggerAtTime=241148810 win=0 tElapsed=241148810 maxElapsed=241148810 interval=0 flags=0x9
12-20 13:59:44.511 V/AlarmManager(  646): set(PendingIntent{e19f90e: PendingIntentRecord{9c57f2f com.tal.genie.push broadcastIntent}}) : type=2 triggerAtTime=241136823 win=0 tElapsed=241136823 maxElapsed=241136823 interval=0 flags=0x9
12-20 13:59:52.525 V/AlarmManager(  646): set(PendingIntent{1801be6: PendingIntentRecord{5f02527 com.tal.genie.push broadcastIntent}}) : type=2 triggerAtTime=241156823 win=0 tElapsed=241156823 maxElapsed=241156823 interval=0 flags=0x9
12-20 13:59:52.535 V/AlarmManager(  646): set(PendingIntent{5bbe3d4: PendingIntentRecord{a62c97d com.tal.genie.push broadcastIntent}}) : type=2 triggerAtTime=241144847 win=0 tElapsed=241144847 maxElapsed=241144847 interval=0 flags=0x9
12-20 14:00:00.002 V/AlarmManager(  646): set(PendingIntent{336aa5c: PendingIntentRecord{556c165 android broadcastIntent}}) : type=3 triggerAtTime=241204315 win=0 tElapsed=241204315 maxElapsed=241204315 interval=0 flags=0x1
12-20 14:00:00.549 V/AlarmManager(  646): set(PendingIntent{73f3bca: PendingIntentRecord{260313b com.tal.genie.push broadcastIntent}}) : type=2 triggerAtTime=241164849 win=0 tElapsed=241164849 maxElapsed=241164849 interval=0 flags=0x9
12-20 14:00:00.556 V/AlarmManager(  646): set(PendingIntent{972058: PendingIntentRecord{843c5b1 com.tal.genie.push broadcastIntent}}) : type=2 triggerAtTime=241152867 win=0 tElapsed=241152867 maxElapsed=241152867 interval=0 flags=0x9
12-20 14:00:08.570 V/AlarmManager(  646): set(PendingIntent{9bda270: PendingIntentRecord{fdc79e9 com.tal.genie.push broadcastIntent}}) : type=2 triggerAtTime=241172869 win=0 tElapsed=241172869 maxElapsed=241172869 interval=0 flags=0x9
12-20 14:00:08.573 V/AlarmManager(  646): set(PendingIntent{13b166e: PendingIntentRecord{e12410f com.tal.genie.push broadcastIntent}}) : type=2 triggerAtTime=241160886 win=0 tElapsed=241160886 maxElapsed=241160886 interval=0 flags=0x9
12-20 14:00:15.444 V/AlarmManager(  646): set(null) : type=2 triggerAtTime=241827235 win=500607 tElapsed=241827235 maxElapsed=242327842 interval=0 flags=0x0
12-20 14:00:15.445 V/AlarmManager(  646): set(null) : type=2 triggerAtTime=242127235 win=725607 tElapsed=242127235 maxElapsed=242852842 interval=0 flags=0x0
12-20 14:00:16.591 V/AlarmManager(  646): set(PendingIntent{ba02c0: PendingIntentRecord{c89dbf9 com.tal.genie.push broadcastIntent}}) : type=2 triggerAtTime=241180890 win=0 tElapsed=241180890 maxElapsed=241180890 interval=0 flags=0x9
12-20 14:00:16.596 V/AlarmManager(  646): set(PendingIntent{34eb73e: PendingIntentRecord{c4d199f com.tal.genie.push broadcastIntent}}) : type=2 triggerAtTime=241168908 win=0 tElapsed=241168908 maxElapsed=241168908 interval=0 flags=0x9
12-20 14:00:24.615 V/AlarmManager(  646): set(PendingIntent{e687016: PendingIntentRecord{ba29d97 com.tal.genie.push broadcastIntent}}) : type=2 triggerAtTime=241188912 win=0 tElapsed=241188912 maxElapsed=241188912 interval=0 flags=0x9
12-20 14:00:24.619 V/AlarmManager(  646): set(PendingIntent{a0b4b84: PendingIntentRecord{3e98f6d com.tal.genie.push broadcastIntent}}) : type=2 triggerAtTime=241176932 win=0 tElapsed=241176932 maxElapsed=241176932 interval=0 flags=0x9
12-20 14:00:25.655 E/storaged(  453): getDiskStats failed with result NOT_SUPPORTED and size 0
12-20 14:00:32.634 V/AlarmManager(  646): set(PendingIntent{c4e871c: PendingIntentRecord{6423f25 com.tal.genie.push broadcastIntent}}) : type=2 triggerAtTime=241196933 win=0 tElapsed=241196933 maxElapsed=241196933 interval=0 flags=0x9
12-20 14:00:32.639 V/AlarmManager(  646): set(PendingIntent{51058fa: PendingIntentRecord{e6e3eab com.tal.genie.push broadcastIntent}}) : type=2 triggerAtTime=241184950 win=0 tElapsed=241184950 maxElapsed=241184950 interval=0 flags=0x9
12-20 14:00:40.648 V/AlarmManager(  646): set(PendingIntent{78d0d52: PendingIntentRecord{89d823 com.tal.genie.push broadcastIntent}}) : type=2 triggerAtTime=241204951 win=0 tElapsed=241204951 maxElapsed=241204951 interval=0 flags=0x9
12-20 14:00:40.651 V/AlarmManager(  646): set(PendingIntent{89de120: PendingIntentRecord{490cad9 com.tal.genie.push broadcastIntent}}) : type=2 triggerAtTime=241192964 win=0 tElapsed=241192964 maxElapsed=241192964 interval=0 flags=0x9
12-20 14:00:48.665 V/AlarmManager(  646): set(PendingIntent{932b438: PendingIntentRecord{8cffc11 com.tal.genie.push broadcastIntent}}) : type=2 triggerAtTime=241212966 win=0 tElapsed=241212966 maxElapsed=241212966 interval=0 flags=0x9
12-20 14:00:48.672 V/AlarmManager(  646): set(PendingIntent{581b176: PendingIntentRecord{38eb377 com.tal.genie.push broadcastIntent}}) : type=2 triggerAtTime=241200984 win=0 tElapsed=241200984 maxElapsed=241200984 interval=0 flags=0x9
12-20 14:00:56.686 V/AlarmManager(  646): set(PendingIntent{949794e: PendingIntentRecord{7929a6f com.tal.genie.push broadcastIntent}}) : type=2 triggerAtTime=241220987 win=0 tElapsed=241220987 maxElapsed=241220987 interval=0 flags=0x9
12-20 14:00:56.693 V/AlarmManager(  646): set(PendingIntent{553c37c: PendingIntentRecord{8223405 com.tal.genie.push broadcastIntent}}) : type=2 triggerAtTime=241209003 win=0 tElapsed=241209003 maxElapsed=241209003 interval=0 flags=0x9
12-20 14:00:58.137 E/BatteryExternalStatsWorker(  646): no controller energy info supplied for wifi
12-20 14:00:58.137 E/BatteryExternalStatsWorker(  646): no controller energy info supplied for bluetooth
12-20 14:00:58.137 E/BatteryExternalStatsWorker(  646): no controller energy info supplied for telephony
12-20 14:00:58.139 E/KernelCpuSpeedReader(  646): Failed to read cpu-freq: /sys/devices/system/cpu/cpu0/cpufreq/stats/time_in_state (No such file or directory)
12-20 14:01:00.004 V/AlarmManager(  646): set(PendingIntent{336aa5c: PendingIntentRecord{556c165 android broadcastIntent}}) : type=3 triggerAtTime=241264314 win=0 tElapsed=241264314 maxElapsed=241264314 interval=0 flags=0x1
12-20 14:01:04.706 V/AlarmManager(  646): set(PendingIntent{2059cb2: PendingIntentRecord{5ce2403 com.tal.genie.push broadcastIntent}}) : type=2 triggerAtTime=241229004 win=0 tElapsed=241229004 maxElapsed=241229004 interval=0 flags=0x9
12-20 14:01:04.711 V/AlarmManager(  646): set(PendingIntent{5106f80: PendingIntentRecord{6f8a9b9 com.tal.genie.push broadcastIntent}}) : type=2 triggerAtTime=241217022 win=0 tElapsed=241217022 maxElapsed=241217022 interval=0 flags=0x9
12-20 14:01:12.724 V/AlarmManager(  646): set(PendingIntent{6dcae98: PendingIntentRecord{ab8d6f1 com.tal.genie.push broadcastIntent}}) : type=2 triggerAtTime=241237024 win=0 tElapsed=241237024 maxElapsed=241237024 interval=0 flags=0x9
12-20 14:01:12.730 V/AlarmManager(  646): set(PendingIntent{17b3957: PendingIntentRecord{d3a1c44 com.tal.genie.push broadcastIntent}}) : type=2 triggerAtTime=241225040 win=0 tElapsed=241225040 maxElapsed=241225040 interval=0 flags=0x9
12-20 14:01:12.734 I/NetworkStatsRecorder(  646): recordSnapshotLocked: ident[[{type=WIFI, subType=COMBINED, networkId="TAL-Device", metered=false, defaultNetwork=true}]]
12-20 14:01:12.734 W/NetworkStatsRecorder(  646): unknown interfaces [lo], ignoring those stats
12-20 14:01:12.734 I/NetworkStatsRecorder(  646): recordSnapshotLocked: ident[[{type=WIFI, subType=COMBINED, networkId="TAL-Device", metered=false, defaultNetwork=true}]]
12-20 14:01:12.734 W/NetworkStatsRecorder(  646): unknown interfaces [lo], ignoring those stats
12-20 14:01:12.735 I/NetworkStatsRecorder(  646): recordSnapshotLocked: ident[[{type=WIFI, subType=COMBINED, networkId="TAL-Device", metered=false, defaultNetwork=true}]]
12-20 14:01:12.735 I/chatty  (  646): uid=1000(system) NetworkStats identical 2 lines
12-20 14:01:12.735 I/NetworkStatsRecorder(  646): recordSnapshotLocked: ident[[{type=WIFI, subType=COMBINED, networkId="TAL-Device", metered=false, defaultNetwork=true}]]
12-20 14:01:12.735 W/NetworkStatsRecorder(  646): unknown interfaces [lo], ignoring those stats
12-20 14:01:12.735 W/NetworkStatsRecorder(  646): unknown interfaces [lo], ignoring those stats
12-20 14:01:12.735 D/NetworkStatsRecorder(  646): forcePersistLocked() writing for uid
12-20 14:01:16.898 V/AlarmManager(  646): set(null) : type=2 triggerAtTime=241827235 win=454517 tElapsed=241827235 maxElapsed=242281752 interval=0 flags=0x0
12-20 14:01:16.899 V/AlarmManager(  646): set(null) : type=2 triggerAtTime=242127235 win=679516 tElapsed=242127235 maxElapsed=242806751 interval=0 flags=0x0
12-20 14:01:20.744 V/AlarmManager(  646): set(PendingIntent{eddf701: PendingIntentRecord{18aa9a6 com.tal.genie.push broadcastIntent}}) : type=2 triggerAtTime=241245042 win=0 tElapsed=241245042 maxElapsed=241245042 interval=0 flags=0x9
12-20 14:01:20.753 V/AlarmManager(  646): set(PendingIntent{6d58794: PendingIntentRecord{8b2023d com.tal.genie.push broadcastIntent}}) : type=2 triggerAtTime=241233064 win=0 tElapsed=241233064 maxElapsed=241233064 interval=0 flags=0x9
12-20 14:01:25.655 E/storaged(  453): getDiskStats failed with result NOT_SUPPORTED and size 0
12-20 14:01:28.764 V/AlarmManager(  646): set(PendingIntent{682352c: PendingIntentRecord{dac3bf5 com.tal.genie.push broadcastIntent}}) : type=2 triggerAtTime=241253067 win=0 tElapsed=241253067 maxElapsed=241253067 interval=0 flags=0x9
12-20 14:01:28.771 V/AlarmManager(  646): set(PendingIntent{1185d8a: PendingIntentRecord{69c0ffb com.tal.genie.push broadcastIntent}}) : type=2 triggerAtTime=241241082 win=0 tElapsed=241241082 maxElapsed=241241082 interval=0 flags=0x9
12-20 14:01:34.790 W/BroadcastQueue(  646): Background execution not allowed: receiving Intent { act=com.android.providers.media.ACTIVATE_MEDIAPROCESS flg=0x10 } to com.android.providers.media/.MtpReceiver
12-20 14:01:36.783 V/AlarmManager(  646): set(PendingIntent{df13e2: PendingIntentRecord{9d68373 com.tal.genie.push broadcastIntent}}) : type=2 triggerAtTime=241261087 win=0 tElapsed=241261087 maxElapsed=241261087 interval=0 flags=0x9
12-20 14:01:36.786 V/AlarmManager(  646): set(PendingIntent{a553230: PendingIntentRecord{cb12ea9 com.tal.genie.push broadcastIntent}}) : type=2 triggerAtTime=241249099 win=0 tElapsed=241249099 maxElapsed=241249099 interval=0 flags=0x9
12-20 14:01:44.801 V/AlarmManager(  646): set(PendingIntent{c411748: PendingIntentRecord{67f09e1 com.tal.genie.push broadcastIntent}}) : type=2 triggerAtTime=241269100 win=0 tElapsed=241269100 maxElapsed=241269100 interval=0 flags=0x9
12-20 14:01:44.805 V/AlarmManager(  646): set(PendingIntent{e1ff306: PendingIntentRecord{c4a7dc7 com.tal.genie.push broadcastIntent}}) : type=2 triggerAtTime=241257118 win=0 tElapsed=241257118 maxElapsed=241257118 interval=0 flags=0x9
12-20 14:01:52.824 V/AlarmManager(  646): set(PendingIntent{4135ebf: PendingIntentRecord{9d7b98c com.tal.genie.push broadcastIntent}}) : type=2 triggerAtTime=241277121 win=0 tElapsed=241277121 maxElapsed=241277121 interval=0 flags=0x9
12-20 14:01:52.828 V/AlarmManager(  646): set(PendingIntent{9aad8d5: PendingIntentRecord{58d68ea com.tal.genie.push broadcastIntent}}) : type=2 triggerAtTime=241265141 win=0 tElapsed=241265141 maxElapsed=241265141 interval=0 flags=0x9
12-20 14:02:00.002 V/AlarmManager(  646): set(PendingIntent{336aa5c: PendingIntentRecord{556c165 android broadcastIntent}}) : type=3 triggerAtTime=241324314 win=0 tElapsed=241324314 maxElapsed=241324314 interval=0 flags=0x1
12-20 14:02:00.839 V/AlarmManager(  646): set(PendingIntent{b32b753: PendingIntentRecord{5a58890 com.tal.genie.push broadcastIntent}}) : type=2 triggerAtTime=241285142 win=0 tElapsed=241285142 maxElapsed=241285142 interval=0 flags=0x9
12-20 14:02:00.842 V/AlarmManager(  646): set(PendingIntent{6773589: PendingIntentRecord{407b98e com.tal.genie.push broadcastIntent}}) : type=2 triggerAtTime=241273154 win=0 tElapsed=241273154 maxElapsed=241273154 interval=0 flags=0x9
12-20 14:02:04.096 W/NotificationService(  646): Toast already killed. pkg=com.tal.genie.voice callback=android.app.ITransientNotification$Stub$Proxy@ca6e854
12-20 14:02:05.590 W/WindowManager(  646): Unable to start animation, surface is null or no children.
12-20 14:02:08.453 V/AlarmManager(  646): set(null) : type=2 triggerAtTime=241432767 win=120000 tElapsed=241432767 maxElapsed=241552767 interval=0 flags=0x8
12-20 14:02:08.853 V/AlarmManager(  646): set(PendingIntent{45fafbb: PendingIntentRecord{9eafcd8 com.tal.genie.push broadcastIntent}}) : type=2 triggerAtTime=241293154 win=0 tElapsed=241293154 maxElapsed=241293154 interval=0 flags=0x9
12-20 14:02:08.855 V/AlarmManager(  646): set(PendingIntent{927a831: PendingIntentRecord{207bb16 com.tal.genie.push broadcastIntent}}) : type=2 triggerAtTime=241281168 win=0 tElapsed=241281168 maxElapsed=241281168 interval=0 flags=0x9
12-20 14:02:09.023 V/AlarmManager(  646): set(null) : type=2 triggerAtTime=241827235 win=415423 tElapsed=241827235 maxElapsed=242242658 interval=0 flags=0x0
12-20 14:02:09.024 V/AlarmManager(  646): set(null) : type=2 triggerAtTime=242127235 win=640422 tElapsed=242127235 maxElapsed=242767657 interval=0 flags=0x0
12-20 14:02:15.095 W/WindowManager(  646): removeWindowToken: Attempted to remove non-existing token: android.os.Binder@3a775af
12-20 14:02:16.878 V/AlarmManager(  646): set(PendingIntent{3715d4b: PendingIntentRecord{4b3c328 com.tal.genie.push broadcastIntent}}) : type=2 triggerAtTime=241301168 win=0 tElapsed=241301168 maxElapsed=241301168 interval=0 flags=0x9
12-20 14:02:16.884 V/AlarmManager(  646): set(PendingIntent{ef07841: PendingIntentRecord{44d31e6 com.tal.genie.push broadcastIntent}}) : type=2 triggerAtTime=241289197 win=0 tElapsed=241289197 maxElapsed=241289197 interval=0 flags=0x9
12-20 14:02:24.904 V/AlarmManager(  646): set(PendingIntent{1faee79: PendingIntentRecord{71697be com.tal.genie.push broadcastIntent}}) : type=2 triggerAtTime=241309199 win=0 tElapsed=241309199 maxElapsed=241309199 interval=0 flags=0x9
12-20 14:02:24.914 V/AlarmManager(  646): set(PendingIntent{1ceb01f: PendingIntentRecord{5a49f6c com.tal.genie.push broadcastIntent}}) : type=2 triggerAtTime=241297224 win=0 tElapsed=241297224 maxElapsed=241297224 interval=0 flags=0x9
12-20 14:02:25.658 E/storaged(  453): getDiskStats failed with result NOT_SUPPORTED and size 0
12-20 14:02:32.923 V/AlarmManager(  646): set(PendingIntent{ff08417: PendingIntentRecord{2717004 com.tal.genie.push broadcastIntent}}) : type=2 triggerAtTime=241317226 win=0 tElapsed=241317226 maxElapsed=241317226 interval=0 flags=0x9
12-20 14:02:32.926 V/AlarmManager(  646): set(PendingIntent{18619ed: PendingIntentRecord{c4d7022 com.tal.genie.push broadcastIntent}}) : type=2 triggerAtTime=241305238 win=0 tElapsed=241305238 maxElapsed=241305238 interval=0 flags=0x9
12-20 14:02:40.941 V/AlarmManager(  646): set(PendingIntent{49599a5: PendingIntentRecord{320e17a com.tal.genie.push broadcastIntent}}) : type=2 triggerAtTime=241325246 win=0 tElapsed=241325246 maxElapsed=241325246 interval=0 flags=0x9
12-20 14:02:40.944 V/AlarmManager(  646): set(PendingIntent{80f5d2b: PendingIntentRecord{72ff588 com.tal.genie.push broadcastIntent}}) : type=2 triggerAtTime=241313257 win=0 tElapsed=241313257 maxElapsed=241313257 interval=0 flags=0x9
12-20 14:02:48.959 V/AlarmManager(  646): set(PendingIntent{c6046a3: PendingIntentRecord{f95eda0 com.tal.genie.push broadcastIntent}}) : type=2 triggerAtTime=241333258 win=0 tElapsed=241333258 maxElapsed=241333258 interval=0 flags=0x9
12-20 14:02:48.964 V/AlarmManager(  646): set(PendingIntent{afd1d59: PendingIntentRecord{88ccd1e com.tal.genie.push broadcastIntent}}) : type=2 triggerAtTime=241321275 win=0 tElapsed=241321275 maxElapsed=241321275 interval=0 flags=0x9
12-20 14:02:56.980 V/AlarmManager(  646): set(PendingIntent{1241e91: PendingIntentRecord{2d761f6 com.tal.genie.push broadcastIntent}}) : type=2 triggerAtTime=241341276 win=0 tElapsed=241341276 maxElapsed=241341276 interval=0 flags=0x9
12-20 14:02:56.983 V/AlarmManager(  646): set(PendingIntent{fd1d9f7: PendingIntentRecord{8cd4064 com.tal.genie.push broadcastIntent}}) : type=2 triggerAtTime=241329296 win=0 tElapsed=241329296 maxElapsed=241329296 interval=0 flags=0x9
12-20 14:02:59.376 V/AlarmManager(  646): set(null) : type=2 triggerAtTime=241827235 win=377658 tElapsed=241827235 maxElapsed=242204893 interval=0 flags=0x0
12-20 14:02:59.377 V/AlarmManager(  646): set(null) : type=2 triggerAtTime=242127235 win=602658 tElapsed=242127235 maxElapsed=242729893 interval=0 flags=0x0
12-20 14:03:00.002 V/AlarmManager(  646): set(PendingIntent{336aa5c: PendingIntentRecord{556c165 android broadcastIntent}}) : type=3 triggerAtTime=241384314 win=0 tElapsed=241384314 maxElapsed=241384314 interval=0 flags=0x1
12-20 14:03:04.993 V/AlarmManager(  646): set(PendingIntent{1dba3b4: PendingIntentRecord{79dbbdd com.tal.genie.push broadcastIntent}}) : type=2 triggerAtTime=241349297 win=0 tElapsed=241349297 maxElapsed=241349297 interval=0 flags=0x9
12-20 14:03:04.996 V/AlarmManager(  646): set(PendingIntent{7548352: PendingIntentRecord{26b1623 com.tal.genie.push broadcastIntent}}) : type=2 triggerAtTime=241337309 win=0 tElapsed=241337309 maxElapsed=241337309 interval=0 flags=0x9
12-20 14:03:13.010 V/AlarmManager(  646): set(PendingIntent{9312aaa: PendingIntentRecord{e6b269b com.tal.genie.push broadcastIntent}}) : type=2 triggerAtTime=241357310 win=0 tElapsed=241357310 maxElapsed=241357310 interval=0 flags=0x9
12-20 14:03:13.016 V/AlarmManager(  646): set(PendingIntent{44da38: PendingIntentRecord{71e2a11 com.tal.genie.push broadcastIntent}}) : type=2 triggerAtTime=241345329 win=0 tElapsed=241345329 maxElapsed=241345329 interval=0 flags=0x9
12-20 14:03:21.023 V/AlarmManager(  646): set(PendingIntent{a6cb850: PendingIntentRecord{e530a49 com.tal.genie.push broadcastIntent}}) : type=2 triggerAtTime=241365329 win=0 tElapsed=241365329 maxElapsed=241365329 interval=0 flags=0x9
12-20 14:03:21.028 V/AlarmManager(  646): set(PendingIntent{3f3cf4e: PendingIntentRecord{c4d386f com.tal.genie.push broadcastIntent}}) : type=2 triggerAtTime=241353340 win=0 tElapsed=241353340 maxElapsed=241353340 interval=0 flags=0x9
12-20 14:03:27.087 E/storaged(  453): getDiskStats failed with result NOT_SUPPORTED and size 0
12-20 14:03:29.046 V/AlarmManager(  646): set(PendingIntent{9767a26: PendingIntentRecord{dc667 com.tal.genie.push broadcastIntent}}) : type=2 triggerAtTime=241373341 win=0 tElapsed=241373341 maxElapsed=241373341 interval=0 flags=0x9
12-20 14:03:29.051 V/AlarmManager(  646): set(PendingIntent{2fb0c14: PendingIntentRecord{e0a6cbd com.tal.genie.push broadcastIntent}}) : type=2 triggerAtTime=241361362 win=0 tElapsed=241361362 maxElapsed=241361362 interval=0 flags=0x9
12-20 14:03:37.062 V/AlarmManager(  646): set(PendingIntent{843c9ac: PendingIntentRecord{3577675 com.tal.genie.push broadcastIntent}}) : type=2 triggerAtTime=241381366 win=0 tElapsed=241381366 maxElapsed=241381366 interval=0 flags=0x9
12-20 14:03:37.067 V/AlarmManager(  646): set(PendingIntent{5d3460a: PendingIntentRecord{80e7b com.tal.genie.push broadcastIntent}}) : type=2 triggerAtTime=241369378 win=0 tElapsed=241369378 maxElapsed=241369378 interval=0 flags=0x9
12-20 14:03:45.078 V/AlarmManager(  646): set(PendingIntent{3fe8c62: PendingIntentRecord{7f3d1f3 com.tal.genie.push broadcastIntent}}) : type=2 triggerAtTime=241389380 win=0 tElapsed=241389380 maxElapsed=241389380 interval=0 flags=0x9
12-20 14:03:45.086 V/AlarmManager(  646): set(PendingIntent{1ba9eb0: PendingIntentRecord{4ef6129 com.tal.genie.push broadcastIntent}}) : type=2 triggerAtTime=241377394 win=0 tElapsed=241377394 maxElapsed=241377394 interval=0 flags=0x9
12-20 14:03:49.192 V/AlarmManager(  646): set(null) : type=2 triggerAtTime=241827235 win=340296 tElapsed=241827235 maxElapsed=242167531 interval=0 flags=0x0
12-20 14:03:49.194 V/AlarmManager(  646): set(null) : type=2 triggerAtTime=242127235 win=565295 tElapsed=242127235 maxElapsed=242692530 interval=0 flags=0x0
12-20 14:03:53.104 V/AlarmManager(  646): set(PendingIntent{2e3032: PendingIntentRecord{f05f183 com.tal.genie.push broadcastIntent}}) : type=2 triggerAtTime=241397396 win=0 tElapsed=241397396 maxElapsed=241397396 interval=0 flags=0x9
12-20 14:03:53.112 V/AlarmManager(  646): set(PendingIntent{36fef00: PendingIntentRecord{b7af339 com.tal.genie.push broadcastIntent}}) : type=2 triggerAtTime=241385423 win=0 tElapsed=241385423 maxElapsed=241385423 interval=0 flags=0x9
12-20 14:04:00.002 V/AlarmManager(  646): set(PendingIntent{336aa5c: PendingIntentRecord{556c165 android broadcastIntent}}) : type=3 triggerAtTime=241444314 win=0 tElapsed=241444314 maxElapsed=241444314 interval=0 flags=0x1
12-20 14:04:01.122 V/AlarmManager(  646): set(PendingIntent{5835e56: PendingIntentRecord{c318ed7 com.tal.genie.push broadcastIntent}}) : type=2 triggerAtTime=241405425 win=0 tElapsed=241405425 maxElapsed=241405425 interval=0 flags=0x9
12-20 14:04:01.126 V/AlarmManager(  646): set(PendingIntent{be983c4: PendingIntentRecord{62b02ad com.tal.genie.push broadcastIntent}}) : type=2 triggerAtTime=241393439 win=0 tElapsed=241393439 maxElapsed=241393439 interval=0 flags=0x9
12-20 14:04:09.135 V/AlarmManager(  646): set(PendingIntent{38981cf: PendingIntentRecord{c33875c com.tal.genie.push broadcastIntent}}) : type=2 triggerAtTime=241413439 win=0 tElapsed=241413439 maxElapsed=241413439 interval=0 flags=0x9
12-20 14:04:09.137 V/AlarmManager(  646): set(PendingIntent{4a3f33a: PendingIntentRecord{6c66beb com.tal.genie.push broadcastIntent}}) : type=2 triggerAtTime=241401450 win=0 tElapsed=241401450 maxElapsed=241401450 interval=0 flags=0x9
12-20 14:04:17.153 V/AlarmManager(  646): set(PendingIntent{631af92: PendingIntentRecord{3926d63 com.tal.genie.push broadcastIntent}}) : type=2 triggerAtTime=241421454 win=0 tElapsed=241421454 maxElapsed=241421454 interval=0 flags=0x9
12-20 14:04:17.157 V/AlarmManager(  646): set(PendingIntent{3eed60: PendingIntentRecord{f5e8219 com.tal.genie.push broadcastIntent}}) : type=2 triggerAtTime=241409470 win=0 tElapsed=241409470 maxElapsed=241409470 interval=0 flags=0x9
12-20 14:04:25.166 V/AlarmManager(  646): set(PendingIntent{1e10878: PendingIntentRecord{2355b51 com.tal.genie.push broadcastIntent}}) : type=2 triggerAtTime=241429470 win=0 tElapsed=241429470 maxElapsed=241429470 interval=0 flags=0x9
12-20 14:04:25.170 V/AlarmManager(  646): set(PendingIntent{430bfb6: PendingIntentRecord{fef44b7 com.tal.genie.push broadcastIntent}}) : type=2 triggerAtTime=241417482 win=0 tElapsed=241417482 maxElapsed=241417482 interval=0 flags=0x9
12-20 14:04:27.088 E/storaged(  453): getDiskStats failed with result NOT_SUPPORTED and size 0
12-20 14:04:33.181 V/AlarmManager(  646): set(PendingIntent{8840f8e: PendingIntentRecord{2cc13af com.tal.genie.push broadcastIntent}}) : type=2 triggerAtTime=241437484 win=0 tElapsed=241437484 maxElapsed=241437484 interval=0 flags=0x9
12-20 14:04:33.188 V/AlarmManager(  646): set(PendingIntent{73de3bc: PendingIntentRecord{256f45 com.tal.genie.push broadcastIntent}}) : type=2 triggerAtTime=241425498 win=0 tElapsed=241425498 maxElapsed=241425498 interval=0 flags=0x9
12-20 14:04:40.677 V/AlarmManager(  646): set(null) : type=2 triggerAtTime=241827235 win=301683 tElapsed=241827235 maxElapsed=242128918 interval=0 flags=0x0
12-20 14:04:40.678 V/AlarmManager(  646): set(null) : type=2 triggerAtTime=242127235 win=526682 tElapsed=242127235 maxElapsed=242653917 interval=0 flags=0x0
12-20 14:04:41.196 V/AlarmManager(  646): set(PendingIntent{ff5685e: PendingIntentRecord{7fe443f com.tal.genie.push broadcastIntent}}) : type=2 triggerAtTime=241445499 win=0 tElapsed=241445499 maxElapsed=241445499 interval=0 flags=0x9
12-20 14:04:41.199 V/AlarmManager(  646): set(PendingIntent{7c8710c: PendingIntentRecord{e11fa55 com.tal.genie.push broadcastIntent}}) : type=2 triggerAtTime=241433511 win=0 tElapsed=241433511 maxElapsed=241433511 interval=0 flags=0x9
12-20 14:04:48.459 V/AlarmManager(  646): set(null) : type=2 triggerAtTime=241592769 win=120000 tElapsed=241592769 maxElapsed=241712769 interval=0 flags=0x8
12-20 14:04:48.465 V/AlarmManager(  646): set(null) : type=2 triggerAtTime=241447779 win=11250 tElapsed=241447779 maxElapsed=241459029 interval=0 flags=0x8
12-20 14:04:49.207 V/AlarmManager(  646): set(PendingIntent{5f15ec2: PendingIntentRecord{eb0a4d3 com.tal.genie.push broadcastIntent}}) : type=2 triggerAtTime=241453513 win=0 tElapsed=241453513 maxElapsed=241453513 interval=0 flags=0x9
12-20 14:04:49.210 V/AlarmManager(  646): set(PendingIntent{1a0a810: PendingIntentRecord{fc9f09 com.tal.genie.push broadcastIntent}}) : type=2 triggerAtTime=241441523 win=0 tElapsed=241441523 maxElapsed=241441523 interval=0 flags=0x9
12-20 14:04:57.224 V/AlarmManager(  646): set(PendingIntent{b096928: PendingIntentRecord{dfc2641 com.tal.genie.push broadcastIntent}}) : type=2 triggerAtTime=241461524 win=0 tElapsed=241461524 maxElapsed=241461524 interval=0 flags=0x9
12-20 14:04:57.232 V/AlarmManager(  646): set(PendingIntent{f4a47e6: PendingIntentRecord{66ce127 com.tal.genie.push broadcastIntent}}) : type=2 triggerAtTime=241449541 win=0 tElapsed=241449541 maxElapsed=241449541 interval=0 flags=0x9
12-20 14:05:00.002 V/AlarmManager(  646): set(PendingIntent{336aa5c: PendingIntentRecord{556c165 android broadcastIntent}}) : type=3 triggerAtTime=241504314 win=0 tElapsed=241504314 maxElapsed=241504314 interval=0 flags=0x1
12-20 14:05:05.239 V/AlarmManager(  646): set(PendingIntent{d29656c: PendingIntentRecord{50f4735 com.tal.genie.push broadcastIntent}}) : type=2 triggerAtTime=241469544 win=0 tElapsed=241469544 maxElapsed=241469544 interval=0 flags=0x9
12-20 14:05:05.246 V/AlarmManager(  646): set(PendingIntent{731a7ca: PendingIntentRecord{1802d3b com.tal.genie.push broadcastIntent}}) : type=2 triggerAtTime=241457557 win=0 tElapsed=241457557 maxElapsed=241457557 interval=0 flags=0x9
12-20 14:05:13.272 V/AlarmManager(  646): set(PendingIntent{b0f6622: PendingIntentRecord{6f908b3 com.tal.genie.push broadcastIntent}}) : type=2 triggerAtTime=241477558 win=0 tElapsed=241477558 maxElapsed=241477558 interval=0 flags=0x9
12-20 14:05:13.276 V/AlarmManager(  646): set(PendingIntent{6216e70: PendingIntentRecord{68255e9 com.tal.genie.push broadcastIntent}}) : type=2 triggerAtTime=241465588 win=0 tElapsed=241465588 maxElapsed=241465588 interval=0 flags=0x9
12-20 14:05:21.289 V/AlarmManager(  646): set(PendingIntent{d509b88: PendingIntentRecord{de5d921 com.tal.genie.push broadcastIntent}}) : type=2 triggerAtTime=241485589 win=0 tElapsed=241485589 maxElapsed=241485589 interval=0 flags=0x9
12-20 14:05:21.292 V/AlarmManager(  646): set(PendingIntent{38bb146: PendingIntentRecord{4a1ff07 com.tal.genie.push broadcastIntent}}) : type=2 triggerAtTime=241473604 win=0 tElapsed=241473604 maxElapsed=241473604 interval=0 flags=0x9
12-20 14:05:27.088 E/storaged(  453): getDiskStats failed with result NOT_SUPPORTED and size 0
12-20 14:05:29.303 V/AlarmManager(  646): set(PendingIntent{5f8b59: PendingIntentRecord{4f9a31e com.tal.genie.push broadcastIntent}}) : type=2 triggerAtTime=241493605 win=0 tElapsed=241493605 maxElapsed=241493605 interval=0 flags=0x9
12-20 14:05:29.307 V/AlarmManager(  646): set(PendingIntent{f5c09cc: PendingIntentRecord{4f48415 com.tal.genie.push broadcastIntent}}) : type=2 triggerAtTime=241481619 win=0 tElapsed=241481619 maxElapsed=241481619 interval=0 flags=0x9
12-20 14:05:30.904 V/AlarmManager(  646): set(null) : type=2 triggerAtTime=241827235 win=264012 tElapsed=241827235 maxElapsed=242091247 interval=0 flags=0x0
12-20 14:05:30.906 V/AlarmManager(  646): set(null) : type=2 triggerAtTime=242127235 win=489012 tElapsed=242127235 maxElapsed=242616247 interval=0 flags=0x0
12-20 14:05:37.318 V/AlarmManager(  646): set(PendingIntent{9f417ee: PendingIntentRecord{c4ce48f com.tal.genie.push broadcastIntent}}) : type=2 triggerAtTime=241501621 win=0 tElapsed=241501621 maxElapsed=241501621 interval=0 flags=0x9
12-20 14:05:37.322 V/AlarmManager(  646): set(PendingIntent{ffb131c: PendingIntentRecord{161db25 com.tal.genie.push broadcastIntent}}) : type=2 triggerAtTime=241489634 win=0 tElapsed=241489634 maxElapsed=241489634 interval=0 flags=0x9
12-20 14:05:45.339 V/AlarmManager(  646): set(PendingIntent{54ca9b4: PendingIntentRecord{29149dd com.tal.genie.push broadcastIntent}}) : type=2 triggerAtTime=241509635 win=0 tElapsed=241509635 maxElapsed=241509635 interval=0 flags=0x9
12-20 14:05:45.347 V/AlarmManager(  646): set(PendingIntent{a4bf952: PendingIntentRecord{fbc5423 com.tal.genie.push broadcastIntent}}) : type=2 triggerAtTime=241497657 win=0 tElapsed=241497657 maxElapsed=241497657 interval=0 flags=0x9
12-20 14:05:53.362 V/AlarmManager(  646): set(PendingIntent{8e160aa: PendingIntentRecord{e6249b com.tal.genie.push broadcastIntent}}) : type=2 triggerAtTime=241517656 win=0 tElapsed=241517656 maxElapsed=241517656 interval=0 flags=0x9
12-20 14:05:53.367 V/AlarmManager(  646): set(PendingIntent{c070038: PendingIntentRecord{45c5811 com.tal.genie.push broadcastIntent}}) : type=2 triggerAtTime=241505678 win=0 tElapsed=241505678 maxElapsed=241505678 interval=0 flags=0x9
12-20 14:06:00.003 V/AlarmManager(  646): set(PendingIntent{336aa5c: PendingIntentRecord{556c165 android broadcastIntent}}) : type=3 triggerAtTime=241564314 win=0 tElapsed=241564314 maxElapsed=241564314 interval=0 flags=0x1
12-20 14:06:01.380 V/AlarmManager(  646): set(PendingIntent{ce254e: PendingIntentRecord{f77d66f com.tal.genie.push broadcastIntent}}) : type=2 triggerAtTime=241525679 win=0 tElapsed=241525679 maxElapsed=241525679 interval=0 flags=0x9
12-20 14:06:01.386 V/AlarmManager(  646): set(PendingIntent{2364f7c: PendingIntentRecord{33fd005 com.tal.genie.push broadcastIntent}}) : type=2 triggerAtTime=241513697 win=0 tElapsed=241513697 maxElapsed=241513697 interval=0 flags=0x9
12-20 14:06:09.402 V/AlarmManager(  646): set(PendingIntent{7671214: PendingIntentRecord{ddcfabd com.tal.genie.push broadcastIntent}}) : type=2 triggerAtTime=241533698 win=0 tElapsed=241533698 maxElapsed=241533698 interval=0 flags=0x9
12-20 14:06:09.407 V/AlarmManager(  646): set(PendingIntent{6aa88b2: PendingIntentRecord{7eea003 com.tal.genie.push broadcastIntent}}) : type=2 triggerAtTime=241521719 win=0 tElapsed=241521719 maxElapsed=241521719 interval=0 flags=0x9
12-20 14:06:17.417 V/AlarmManager(  646): set(PendingIntent{5d67c0a: PendingIntentRecord{fda0c7b com.tal.genie.push broadcastIntent}}) : type=2 triggerAtTime=241541721 win=0 tElapsed=241541721 maxElapsed=241541721 interval=0 flags=0x9
12-20 14:06:17.420 V/AlarmManager(  646): set(PendingIntent{1c6fa98: PendingIntentRecord{ba332f1 com.tal.genie.push broadcastIntent}}) : type=2 triggerAtTime=241529733 win=0 tElapsed=241529733 maxElapsed=241529733 interval=0 flags=0x9
12-20 14:06:21.668 V/AlarmManager(  646): set(null) : type=2 triggerAtTime=241827235 win=225939 tElapsed=241827235 maxElapsed=242053174 interval=0 flags=0x0
12-20 14:06:21.669 V/AlarmManager(  646): set(null) : type=2 triggerAtTime=242127235 win=450939 tElapsed=242127235 maxElapsed=242578174 interval=0 flags=0x0
12-20 14:06:25.437 V/AlarmManager(  646): set(PendingIntent{80535da: PendingIntentRecord{13c8a0b com.tal.genie.push broadcastIntent}}) : type=2 triggerAtTime=241549733 win=0 tElapsed=241549733 maxElapsed=241549733 interval=0 flags=0x9
12-20 14:06:25.443 V/AlarmManager(  646): set(PendingIntent{85850e8: PendingIntentRecord{1b15301 com.tal.genie.push broadcastIntent}}) : type=2 triggerAtTime=241537755 win=0 tElapsed=241537755 maxElapsed=241537755 interval=0 flags=0x9
12-20 14:06:27.089 E/storaged(  453): getDiskStats failed with result NOT_SUPPORTED and size 0
12-20 14:06:33.454 V/AlarmManager(  646): set(PendingIntent{f425500: PendingIntentRecord{3246139 com.tal.genie.push broadcastIntent}}) : type=2 triggerAtTime=241557756 win=0 tElapsed=241557756 maxElapsed=241557756 interval=0 flags=0x9
12-20 14:06:33.457 V/AlarmManager(  646): set(PendingIntent{732f37e: PendingIntentRecord{85640df com.tal.genie.push broadcastIntent}}) : type=2 triggerAtTime=241545770 win=0 tElapsed=241545770 maxElapsed=241545770 interval=0 flags=0x9
12-20 14:06:41.474 V/AlarmManager(  646): set(PendingIntent{ab3fe71: PendingIntentRecord{28ff456 com.tal.genie.push broadcastIntent}}) : type=2 triggerAtTime=241565772 win=0 tElapsed=241565772 maxElapsed=241565772 interval=0 flags=0x9
12-20 14:06:41.479 V/AlarmManager(  646): set(PendingIntent{44f09c4: PendingIntentRecord{c3910ad com.tal.genie.push broadcastIntent}}) : type=2 triggerAtTime=241553791 win=0 tElapsed=241553791 maxElapsed=241553791 interval=0 flags=0x9
12-20 14:06:49.493 V/AlarmManager(  646): set(PendingIntent{f03cd5c: PendingIntentRecord{e58a865 com.tal.genie.push broadcastIntent}}) : type=2 triggerAtTime=241573793 win=0 tElapsed=241573793 maxElapsed=241573793 interval=0 flags=0x9
12-20 14:06:49.499 V/AlarmManager(  646): set(PendingIntent{22ca93a: PendingIntentRecord{56fe9eb com.tal.genie.push broadcastIntent}}) : type=2 triggerAtTime=241561811 win=0 tElapsed=241561811 maxElapsed=241561811 interval=0 flags=0x9
12-20 14:06:55.687 V/AlarmManager(  646): set(null) : type=3 triggerAtTime=242220000 win=0 tElapsed=242220000 maxElapsed=242220000 interval=0 flags=0x9
12-20 14:06:57.510 V/AlarmManager(  646): set(PendingIntent{22dab63: PendingIntentRecord{93c5360 com.tal.genie.push broadcastIntent}}) : type=2 triggerAtTime=241581811 win=0 tElapsed=241581811 maxElapsed=241581811 interval=0 flags=0x9
12-20 14:06:57.514 V/AlarmManager(  646): set(PendingIntent{c56f019: PendingIntentRecord{a8208de com.tal.genie.push broadcastIntent}}) : type=2 triggerAtTime=241569827 win=0 tElapsed=241569827 maxElapsed=241569827 interval=0 flags=0x9
12-20 14:07:00.003 V/AlarmManager(  646): set(PendingIntent{336aa5c: PendingIntentRecord{556c165 android broadcastIntent}}) : type=3 triggerAtTime=241624314 win=0 tElapsed=241624314 maxElapsed=241624314 interval=0 flags=0x1
12-20 14:07:05.534 V/AlarmManager(  646): set(PendingIntent{9faba24: PendingIntentRecord{50698d com.tal.genie.push broadcastIntent}}) : type=2 triggerAtTime=241589830 win=0 tElapsed=241589830 maxElapsed=241589830 interval=0 flags=0x9
12-20 14:07:05.542 V/AlarmManager(  646): set(PendingIntent{2741742: PendingIntentRecord{9903353 com.tal.genie.push broadcastIntent}}) : type=2 triggerAtTime=241577852 win=0 tElapsed=241577852 maxElapsed=241577852 interval=0 flags=0x9
12-20 14:07:11.580 V/AlarmManager(  646): set(null) : type=2 triggerAtTime=241827235 win=188505 tElapsed=241827235 maxElapsed=242015740 interval=0 flags=0x0
12-20 14:07:11.582 V/AlarmManager(  646): set(null) : type=2 triggerAtTime=242127235 win=413504 tElapsed=242127235 maxElapsed=242540739 interval=0 flags=0x0
12-20 14:07:13.557 V/AlarmManager(  646): set(PendingIntent{de5629d: PendingIntentRecord{1250312 com.tal.genie.push broadcastIntent}}) : type=2 triggerAtTime=241597853 win=0 tElapsed=241597853 maxElapsed=241597853 interval=0 flags=0x9
12-20 14:07:13.561 V/AlarmManager(  646): set(PendingIntent{59dfae3: PendingIntentRecord{5472ce0 com.tal.genie.push broadcastIntent}}) : type=2 triggerAtTime=241585874 win=0 tElapsed=241585874 maxElapsed=241585874 interval=0 flags=0x9
12-20 14:07:21.579 V/AlarmManager(  646): set(PendingIntent{6fde35b: PendingIntentRecord{8c1b7f8 com.tal.genie.push broadcastIntent}}) : type=2 triggerAtTime=241605876 win=0 tElapsed=241605876 maxElapsed=241605876 interval=0 flags=0x9
12-20 14:07:21.589 V/AlarmManager(  646): set(PendingIntent{25914d1: PendingIntentRecord{eebbb36 com.tal.genie.push broadcastIntent}}) : type=2 triggerAtTime=241593897 win=0 tElapsed=241593897 maxElapsed=241593897 interval=0 flags=0x9
12-20 14:07:27.090 E/storaged(  453): getDiskStats failed with result NOT_SUPPORTED and size 0
12-20 14:07:28.458 V/AlarmManager(  646): set(null) : type=2 triggerAtTime=241752772 win=120000 tElapsed=241752772 maxElapsed=241872772 interval=0 flags=0x8
12-20 14:07:28.475 V/AlarmManager(  646): set(null) : type=2 triggerAtTime=241607789 win=11250 tElapsed=241607789 maxElapsed=241619039 interval=0 flags=0x8
12-20 14:07:29.608 V/AlarmManager(  646): set(PendingIntent{e07592f: PendingIntentRecord{fa77b3c com.tal.genie.push broadcastIntent}}) : type=2 triggerAtTime=241613899 win=0 tElapsed=241613899 maxElapsed=241613899 interval=0 flags=0x9
12-20 14:07:29.612 V/AlarmManager(  646): set(PendingIntent{e43f0c5: PendingIntentRecord{3a7ba1a com.tal.genie.push broadcastIntent}}) : type=2 triggerAtTime=241601923 win=0 tElapsed=241601923 maxElapsed=241601923 interval=0 flags=0x9
12-20 14:07:37.622 V/AlarmManager(  646): set(PendingIntent{7ac737d: PendingIntentRecord{f4b7272 com.tal.genie.push broadcastIntent}}) : type=2 triggerAtTime=241621924 win=0 tElapsed=241621924 maxElapsed=241621924 interval=0 flags=0x9
12-20 14:07:37.626 V/AlarmManager(  646): set(PendingIntent{62aa6c3: PendingIntentRecord{cca9b40 com.tal.genie.push broadcastIntent}}) : type=2 triggerAtTime=241609938 win=0 tElapsed=241609938 maxElapsed=241609938 interval=0 flags=0x9
12-20 14:07:45.640 V/AlarmManager(  646): set(PendingIntent{3382b3b: PendingIntentRecord{6b89258 com.tal.genie.push broadcastIntent}}) : type=2 triggerAtTime=241629940 win=0 tElapsed=241629940 maxElapsed=241629940 interval=0 flags=0x9
12-20 14:07:45.648 V/AlarmManager(  646): set(PendingIntent{13d4fb1: PendingIntentRecord{9490c96 com.tal.genie.push broadcastIntent}}) : type=2 triggerAtTime=241617957 win=0 tElapsed=241617957 maxElapsed=241617957 interval=0 flags=0x9
12-20 14:07:53.670 V/AlarmManager(  646): set(PendingIntent{93d43e9: PendingIntentRecord{8fd186e com.tal.genie.push broadcastIntent}}) : type=2 triggerAtTime=241637959 win=0 tElapsed=241637959 maxElapsed=241637959 interval=0 flags=0x9
12-20 14:07:53.677 V/AlarmManager(  646): set(PendingIntent{4491b0f: PendingIntentRecord{5f9479c com.tal.genie.push broadcastIntent}}) : type=2 triggerAtTime=241625990 win=0 tElapsed=241625990 maxElapsed=241625990 interval=0 flags=0x9
12-20 14:08:00.006 V/AlarmManager(  646): set(PendingIntent{336aa5c: PendingIntentRecord{556c165 android broadcastIntent}}) : type=3 triggerAtTime=241684314 win=0 tElapsed=241684314 maxElapsed=241684314 interval=0 flags=0x1
12-20 14:08:01.694 V/AlarmManager(  646): set(PendingIntent{a8d745d: PendingIntentRecord{49d11d2 com.tal.genie.push broadcastIntent}}) : type=2 triggerAtTime=241645993 win=0 tElapsed=241645993 maxElapsed=241645993 interval=0 flags=0x9
12-20 14:08:01.698 V/AlarmManager(  646): set(PendingIntent{cbac2a3: PendingIntentRecord{fe4b9a0 com.tal.genie.push broadcastIntent}}) : type=2 triggerAtTime=241634010 win=0 tElapsed=241634010 maxElapsed=241634010 interval=0 flags=0x9
12-20 14:08:02.682 V/AlarmManager(  646): set(null) : type=2 triggerAtTime=241827235 win=150179 tElapsed=241827235 maxElapsed=241977414 interval=0 flags=0x0
12-20 14:08:02.683 V/AlarmManager(  646): set(null) : type=2 triggerAtTime=242127235 win=375178 tElapsed=242127235 maxElapsed=242502413 interval=0 flags=0x0
12-20 14:08:09.718 V/AlarmManager(  646): set(PendingIntent{65b96d: PendingIntentRecord{11d59a2 com.tal.genie.push broadcastIntent}}) : type=2 triggerAtTime=241654011 win=0 tElapsed=241654011 maxElapsed=241654011 interval=0 flags=0x9
12-20 14:08:09.734 V/AlarmManager(  646): set(PendingIntent{1ab633: PendingIntentRecord{d554df0 com.tal.genie.push broadcastIntent}}) : type=2 triggerAtTime=241642041 win=0 tElapsed=241642041 maxElapsed=241642041 interval=0 flags=0x9
12-20 14:08:17.757 V/AlarmManager(  646): set(PendingIntent{c4cb8ab: PendingIntentRecord{c30eb08 com.tal.genie.push broadcastIntent}}) : type=2 triggerAtTime=241662042 win=0 tElapsed=241662042 maxElapsed=241662042 interval=0 flags=0x9
12-20 14:08:17.764 V/AlarmManager(  646): set(PendingIntent{8a0b2a1: PendingIntentRecord{c5f4cc6 com.tal.genie.push broadcastIntent}}) : type=2 triggerAtTime=241650075 win=0 tElapsed=241650075 maxElapsed=241650075 interval=0 flags=0x9
12-20 14:08:25.783 V/AlarmManager(  646): set(PendingIntent{96c14d9: PendingIntentRecord{a352e9e com.tal.genie.push broadcastIntent}}) : type=2 triggerAtTime=241670077 win=0 tElapsed=241670077 maxElapsed=241670077 interval=0 flags=0x9
12-20 14:08:25.789 V/AlarmManager(  646): set(PendingIntent{90d2d7f: PendingIntentRecord{db3414c com.tal.genie.push broadcastIntent}}) : type=2 triggerAtTime=241658100 win=0 tElapsed=241658100 maxElapsed=241658100 interval=0 flags=0x9
12-20 14:08:27.091 E/storaged(  453): getDiskStats failed with result NOT_SUPPORTED and size 0
12-20 14:08:33.806 V/AlarmManager(  646): set(PendingIntent{a154d77: PendingIntentRecord{9b66de4 com.tal.genie.push broadcastIntent}}) : type=2 triggerAtTime=241678103 win=0 tElapsed=241678103 maxElapsed=241678103 interval=0 flags=0x9
12-20 14:08:33.809 V/AlarmManager(  646): set(PendingIntent{a80724d: PendingIntentRecord{125102 com.tal.genie.push broadcastIntent}}) : type=2 triggerAtTime=241666121 win=0 tElapsed=241666121 maxElapsed=241666121 interval=0 flags=0x9
12-20 14:08:41.831 V/AlarmManager(  646): set(PendingIntent{ab69e05: PendingIntentRecord{c4fe5a com.tal.genie.push broadcastIntent}}) : type=2 triggerAtTime=241686126 win=0 tElapsed=241686126 maxElapsed=241686126 interval=0 flags=0x9
12-20 14:08:41.833 V/AlarmManager(  646): set(PendingIntent{cfbe88b: PendingIntentRecord{e9e8d68 com.tal.genie.push broadcastIntent}}) : type=2 triggerAtTime=241674146 win=0 tElapsed=241674146 maxElapsed=241674146 interval=0 flags=0x9
12-20 14:08:49.853 V/AlarmManager(  646): set(PendingIntent{e26de03: PendingIntentRecord{783a180 com.tal.genie.push broadcastIntent}}) : type=2 triggerAtTime=241694154 win=0 tElapsed=241694154 maxElapsed=241694154 interval=0 flags=0x9
12-20 14:08:49.875 V/AlarmManager(  646): set(PendingIntent{740f3b9: PendingIntentRecord{b0053fe com.tal.genie.push broadcastIntent}}) : type=2 triggerAtTime=241682188 win=0 tElapsed=241682188 maxElapsed=241682188 interval=0 flags=0x9
12-20 14:08:52.782 V/AlarmManager(  646): set(null) : type=2 triggerAtTime=241827235 win=112604 tElapsed=241827235 maxElapsed=241939839 interval=0 flags=0x0
12-20 14:08:52.783 V/AlarmManager(  646): set(null) : type=2 triggerAtTime=242127235 win=337603 tElapsed=242127235 maxElapsed=242464838 interval=0 flags=0x0
12-20 14:08:57.893 V/AlarmManager(  646): set(PendingIntent{e75e1c9: PendingIntentRecord{d7290ce com.tal.genie.push broadcastIntent}}) : type=2 triggerAtTime=241702190 win=0 tElapsed=241702190 maxElapsed=241702190 interval=0 flags=0x9
12-20 14:08:57.899 V/AlarmManager(  646): set(PendingIntent{f3a9bef: PendingIntentRecord{15166fc com.tal.genie.push broadcastIntent}}) : type=2 triggerAtTime=241690212 win=0 tElapsed=241690212 maxElapsed=241690212 interval=0 flags=0x9
12-20 14:09:00.001 V/AlarmManager(  646): set(PendingIntent{336aa5c: PendingIntentRecord{556c165 android broadcastIntent}}) : type=3 triggerAtTime=241744314 win=0 tElapsed=241744314 maxElapsed=241744314 interval=0 flags=0x1
12-20 14:09:05.915 V/AlarmManager(  646): set(PendingIntent{b9dac3d: PendingIntentRecord{cb1c32 com.tal.genie.push broadcastIntent}}) : type=2 triggerAtTime=241710213 win=0 tElapsed=241710213 maxElapsed=241710213 interval=0 flags=0x9
12-20 14:09:05.919 V/AlarmManager(  646): set(PendingIntent{9be6d83: PendingIntentRecord{1c4bb00 com.tal.genie.push broadcastIntent}}) : type=2 triggerAtTime=241698231 win=0 tElapsed=241698231 maxElapsed=241698231 interval=0 flags=0x9
12-20 14:09:07.402 I/UsageStatsService(  646): User[0] Flushing usage stats to disk
12-20 14:09:13.930 V/AlarmManager(  646): set(PendingIntent{3cc8a56: PendingIntentRecord{4c14ad7 com.tal.genie.push broadcastIntent}}) : type=2 triggerAtTime=241718232 win=0 tElapsed=241718232 maxElapsed=241718232 interval=0 flags=0x9
12-20 14:09:13.934 V/AlarmManager(  646): set(PendingIntent{4648fc4: PendingIntentRecord{8371ead com.tal.genie.push broadcastIntent}}) : type=2 triggerAtTime=241706247 win=0 tElapsed=241706247 maxElapsed=241706247 interval=0 flags=0x9
12-20 14:09:21.947 V/AlarmManager(  646): set(PendingIntent{f84135c: PendingIntentRecord{e4a7665 com.tal.genie.push broadcastIntent}}) : type=2 triggerAtTime=241726250 win=0 tElapsed=241726250 maxElapsed=241726250 interval=0 flags=0x9
12-20 14:09:21.951 V/AlarmManager(  646): set(PendingIntent{ce55f3a: PendingIntentRecord{18967eb com.tal.genie.push broadcastIntent}}) : type=2 triggerAtTime=241714263 win=0 tElapsed=241714263 maxElapsed=241714263 interval=0 flags=0x9
12-20 14:09:27.092 E/storaged(  453): getDiskStats failed with result NOT_SUPPORTED and size 0
12-20 14:09:29.965 V/AlarmManager(  646): set(PendingIntent{20a0d1d: PendingIntentRecord{fb49b92 com.tal.genie.push broadcastIntent}}) : type=2 triggerAtTime=241734263 win=0 tElapsed=241734263 maxElapsed=241734263 interval=0 flags=0x9
12-20 14:09:29.968 V/AlarmManager(  646): set(PendingIntent{e9b960: PendingIntentRecord{a3f5e19 com.tal.genie.push broadcastIntent}}) : type=2 triggerAtTime=241722281 win=0 tElapsed=241722281 maxElapsed=241722281 interval=0 flags=0x9
12-20 14:09:37.985 V/AlarmManager(  646): set(PendingIntent{b995478: PendingIntentRecord{4d5b751 com.tal.genie.push broadcastIntent}}) : type=2 triggerAtTime=241742283 win=0 tElapsed=241742283 maxElapsed=241742283 interval=0 flags=0x9
12-20 14:09:37.987 V/AlarmManager(  646): set(PendingIntent{67febb6: PendingIntentRecord{30d00b7 com.tal.genie.push broadcastIntent}}) : type=2 triggerAtTime=241730300 win=0 tElapsed=241730300 maxElapsed=241730300 interval=0 flags=0x9
12-20 14:09:43.441 V/AlarmManager(  646): set(null) : type=2 triggerAtTime=241827235 win=74610 tElapsed=241827235 maxElapsed=241901845 interval=0 flags=0x0
12-20 14:09:43.444 V/AlarmManager(  646): set(null) : type=2 triggerAtTime=242127235 win=299607 tElapsed=242127235 maxElapsed=242426842 interval=0 flags=0x0
12-20 14:09:45.998 V/AlarmManager(  646): set(PendingIntent{d9832c8: PendingIntentRecord{7f6bf61 com.tal.genie.push broadcastIntent}}) : type=2 triggerAtTime=241750301 win=0 tElapsed=241750301 maxElapsed=241750301 interval=0 flags=0x9
