12-21 11:34:15.318 I/ActivityManager(  646): START u0 {cmp=com.example.myapplication2/.PWDActivity} from uid 1000
12-21 11:34:15.336 V/WindowManager(  646): Set focused app to: AppWindowToken{156db2e token=Token{72d59a9 ActivityRecord{bcb2930 u0 com.example.myapplication2/.PWDActivity t106}}} old focus=AppWindowToken{efb336 token=Token{a91ecd1 ActivityRecord{d76eff8 u0 com.example.myapplication2/.MainActivity t106}}} moveFocusNow=true
12-21 11:34:15.337 V/WindowManager(  646): Changing focus from Window{f851be9 u0 com.example.myapplication2/com.example.myapplication2.MainActivity} to null Callers=com.android.server.wm.WindowManagerService.setFocusedApp:2638 com.android.server.am.ActivityManagerService.setResumedActivityUncheckLocked:3631 com.android.server.am.ActivityStack.onActivityStateChanged:498 com.android.server.am.TaskRecord.onActivityStateChanged:1794 
12-21 11:34:15.337 D/WindowManager(  646): Input focus has changed to null
12-21 11:34:15.338 I/WindowManager(  646): Focus moving from Window{f851be9 u0 com.example.myapplication2/com.example.myapplication2.MainActivity} to null
12-21 11:34:15.581 I/WindowManager(  646): Relayout Window{2f16263 u0 com.example.myapplication2/com.example.myapplication2.PWDActivity}: oldVis=4 newVis=0 focusMayChange = true
12-21 11:34:15.585 V/WindowManager(  646): Changing focus from null to Window{2f16263 u0 com.example.myapplication2/com.example.myapplication2.PWDActivity} Callers=com.android.server.wm.WindowManagerService.relayoutWindow:2142 com.android.server.wm.Session.relayout:244 android.view.IWindowSession$Stub.onTransact:309 com.android.server.wm.Session.onTransact:164 
12-21 11:34:15.585 D/WindowManager(  646): Input focus has changed to Window{2f16263 u0 com.example.myapplication2/com.example.myapplication2.PWDActivity}
12-21 11:34:15.585 I/WindowManager(  646): Focus moving from null to Window{2f16263 u0 com.example.myapplication2/com.example.myapplication2.PWDActivity}
12-21 11:34:16.083 W/ContextImpl( 3210): Calling a method in the system process without a qualified user: android.app.ContextImpl.startService:1532 android.content.ContextWrapper.startService:664 android.app.Activity.onEnterAnimationComplete:6662 android.app.Activity.dispatchEnterAnimationComplete:6673 android.app.ActivityThread.handleEnterAnimationComplete:3275 
12-21 11:34:16.621 W/ContextImpl( 3210): Calling a method in the system process without a qualified user: android.app.ContextImpl.sendBroadcast:1006 android.content.ContextWrapper.sendBroadcast:444 android.view.View.dispatchTouchEvent:12526 android.view.ViewGroup.dispatchTransformedTouchEvent:3083 android.view.ViewGroup.dispatchTouchEvent:2684 
12-21 11:34:16.808 I/ActivityManager(  646): START u0 {cmp=com.android.settings/.Settings} from uid 1000
12-21 11:34:16.859 V/WindowManager(  646): Changing focus from Window{2f16263 u0 com.example.myapplication2/com.example.myapplication2.PWDActivity} to null Callers=com.android.server.wm.WindowManagerService.relayoutWindow:2142 com.android.server.wm.Session.relayout:244 android.view.ViewRootImpl.relayoutWindow:6736 android.view.ViewRootImpl.performTraversals:2076 
12-21 11:34:16.859 D/WindowManager(  646): Input focus has changed to null
12-21 11:34:16.860 I/WindowManager(  646): Focus moving from Window{2f16263 u0 com.example.myapplication2/com.example.myapplication2.PWDActivity} to null
12-21 11:34:16.861 I/ActivityManager(  646): Start proc 3262:com.android.settings/1000 for activity com.android.settings/.Settings
12-21 11:34:16.898 V/WindowManager(  646): Set focused app to: AppWindowToken{a039f9a token=Token{5b1fc45 ActivityRecord{22084bc u0 com.android.settings/.Settings t107}}} old focus=AppWindowToken{156db2e token=Token{72d59a9 ActivityRecord{bcb2930 u0 com.example.myapplication2/.PWDActivity t106}}} moveFocusNow=true
12-21 11:34:16.970 V/SettingsProvider(  646): packageValueForCallResult, name = null, value : Bundle[{_track_generation=android.util.MemoryIntArray@68, value=null, _generation_index=0, _generation=3}]
12-21 11:34:16.971 W/WindowManager(  646): removeWindowToken: Attempted to remove non-existing token: android.os.Binder@4c4b5d9
12-21 11:34:17.096 V/SettingsProvider(  646): packageValueForCallResult, name = null, value : Bundle[{_track_generation=android.util.MemoryIntArray@68, value=null, _generation_index=1, _generation=2}]
12-21 11:34:17.112 I/WindowManager(  646): Relayout Window{2416213 u0 com.android.settings/com.android.settings.Settings}: oldVis=4 newVis=0 focusMayChange = true
12-21 11:34:17.121 V/WindowManager(  646): Changing focus from null to Window{2416213 u0 com.android.settings/com.android.settings.Settings} Callers=com.android.server.wm.WindowManagerService.relayoutWindow:2142 com.android.server.wm.Session.relayout:244 android.view.IWindowSession$Stub.onTransact:309 com.android.server.wm.Session.onTransact:164 
12-21 11:34:17.122 D/WindowManager(  646): Input focus has changed to Window{2416213 u0 com.android.settings/com.android.settings.Settings}
12-21 11:34:17.122 I/WindowManager(  646): Focus moving from null to Window{2416213 u0 com.android.settings/com.android.settings.Settings}
12-21 11:34:17.173 V/SettingsProvider(  646): packageValueForCallResult, name = null, value : Bundle[{_track_generation=android.util.MemoryIntArray@68, value=null, _generation_index=2, _generation=1}]
12-21 11:34:17.192 E/BatteryExternalStatsWorker(  646): no controller energy info supplied for wifi
12-21 11:34:17.192 E/BatteryExternalStatsWorker(  646): no controller energy info supplied for bluetooth
12-21 11:34:17.192 E/BatteryExternalStatsWorker(  646): no controller energy info supplied for telephony
12-21 11:34:17.194 E/KernelCpuSpeedReader(  646): Failed to read cpu-freq: /sys/devices/system/cpu/cpu0/cpufreq/stats/time_in_state (No such file or directory)
12-21 11:34:17.519 W/ContextImpl( 3262): Calling a method in the system process without a qualified user: android.app.ContextImpl.startService:1532 android.content.ContextWrapper.startService:664 android.app.Activity.onEnterAnimationComplete:6662 android.app.Activity.dispatchEnterAnimationComplete:6673 android.app.ActivityThread.handleEnterAnimationComplete:3275 
12-21 11:34:18.845 E/storaged(  468): getDiskStats failed with result NOT_SUPPORTED and size 0
12-21 11:34:18.981 W/WindowManager(  646): removeWindowToken: Attempted to remove non-existing token: android.os.Binder@37fc18b
12-21 11:34:19.844 W/ContextImpl( 3262): Calling a method in the system process without a qualified user: android.app.ContextImpl.sendBroadcast:1006 android.content.ContextWrapper.sendBroadcast:444 android.view.View.dispatchTouchEvent:12526 android.view.ViewGroup.dispatchTransformedTouchEvent:3077 android.view.ViewGroup.dispatchTouchEvent:2727 
12-21 11:34:19.920 I/ActivityManager(  646): START u0 {flg=0x8000 cmp=com.android.settings/.Settings$NetworkDashboardActivity (has extras)} from uid 1000
12-21 11:34:19.933 V/WindowManager(  646): Set focused app to: AppWindowToken{9b6644 token=Token{fcb6b57 ActivityRecord{720dcd6 u0 com.android.settings/.Settings$NetworkDashboardActivity t107}}} old focus=AppWindowToken{a039f9a token=Token{5b1fc45 ActivityRecord{22084bc u0 com.android.settings/.Settings t107}}} moveFocusNow=true
12-21 11:34:19.934 V/WindowManager(  646): Changing focus from Window{2416213 u0 com.android.settings/com.android.settings.Settings} to null Callers=com.android.server.wm.WindowManagerService.setFocusedApp:2638 com.android.server.am.ActivityManagerService.setResumedActivityUncheckLocked:3631 com.android.server.am.ActivityStack.onActivityStateChanged:498 com.android.server.am.TaskRecord.onActivityStateChanged:1794 
12-21 11:34:19.934 D/WindowManager(  646): Input focus has changed to null
12-21 11:34:19.936 I/WindowManager(  646): Focus moving from Window{2416213 u0 com.android.settings/com.android.settings.Settings} to null
12-21 11:34:20.058 E/UserRestrictionsUtils(  646): Unknown restriction: null
12-21 11:34:20.112 D/MtkConnectivityService(  646): requestNetwork for uid/pid:1000/3262 NetworkRequest [ TRACK_DEFAULT id=19, [ Capabilities: INTERNET&NOT_RESTRICTED&TRUSTED Unwanted:  Uid: 1000] ]
12-21 11:34:20.157 I/WindowManager(  646): Relayout Window{af102f8 u0 com.android.settings/com.android.settings.Settings$NetworkDashboardActivity}: oldVis=4 newVis=0 focusMayChange = true
12-21 11:34:20.161 V/WindowManager(  646): Changing focus from null to Window{af102f8 u0 com.android.settings/com.android.settings.Settings$NetworkDashboardActivity} Callers=com.android.server.wm.WindowManagerService.relayoutWindow:2142 com.android.server.wm.Session.relayout:244 android.view.IWindowSession$Stub.onTransact:309 com.android.server.wm.Session.onTransact:164 
12-21 11:34:20.162 D/WindowManager(  646): Input focus has changed to Window{af102f8 u0 com.android.settings/com.android.settings.Settings$NetworkDashboardActivity}
12-21 11:34:20.164 I/WindowManager(  646): Focus moving from null to Window{af102f8 u0 com.android.settings/com.android.settings.Settings$NetworkDashboardActivity}
12-21 11:34:20.761 W/ContextImpl( 3262): Calling a method in the system process without a qualified user: android.app.ContextImpl.startService:1532 android.content.ContextWrapper.startService:664 android.app.Activity.onEnterAnimationComplete:6662 android.app.Activity.dispatchEnterAnimationComplete:6673 android.app.ActivityThread.handleEnterAnimationComplete:3275 
12-21 11:34:21.579 W/ContextImpl( 3262): Calling a method in the system process without a qualified user: android.app.ContextImpl.sendBroadcast:1006 android.content.ContextWrapper.sendBroadcast:444 android.content.ContextWrapper.sendBroadcast:444 android.view.View.dispatchTouchEvent:12526 android.view.ViewGroup.dispatchTransformedTouchEvent:3077 
12-21 11:34:21.673 I/ActivityManager(  646): START u0 {act=android.intent.action.MAIN cmp=com.android.settings/.SubSettings (has extras)} from uid 1000
12-21 11:34:21.691 V/WindowManager(  646): Set focused app to: AppWindowToken{be7b0d4 token=Token{f670627 ActivityRecord{6f1e0e6 u0 com.android.settings/.SubSettings t107}}} old focus=AppWindowToken{9b6644 token=Token{fcb6b57 ActivityRecord{720dcd6 u0 com.android.settings/.Settings$NetworkDashboardActivity t107}}} moveFocusNow=true
12-21 11:34:21.692 V/WindowManager(  646): Changing focus from Window{af102f8 u0 com.android.settings/com.android.settings.Settings$NetworkDashboardActivity} to null Callers=com.android.server.wm.WindowManagerService.setFocusedApp:2638 com.android.server.am.ActivityManagerService.setResumedActivityUncheckLocked:3631 com.android.server.am.ActivityStack.onActivityStateChanged:498 com.android.server.am.TaskRecord.onActivityStateChanged:1794 
12-21 11:34:21.692 D/WindowManager(  646): Input focus has changed to null
12-21 11:34:21.693 I/WindowManager(  646): Focus moving from Window{af102f8 u0 com.android.settings/com.android.settings.Settings$NetworkDashboardActivity} to null
12-21 11:34:21.854 I/WindowManager(  646): Relayout Window{137bdb3 u0 com.android.settings/com.android.settings.SubSettings}: oldVis=4 newVis=0 focusMayChange = true
12-21 11:34:21.858 V/WindowManager(  646): Changing focus from null to Window{137bdb3 u0 com.android.settings/com.android.settings.SubSettings} Callers=com.android.server.wm.WindowManagerService.relayoutWindow:2142 com.android.server.wm.Session.relayout:244 android.view.IWindowSession$Stub.onTransact:309 com.android.server.wm.Session.onTransact:164 
12-21 11:34:21.858 D/WindowManager(  646): Input focus has changed to Window{137bdb3 u0 com.android.settings/com.android.settings.SubSettings}
12-21 11:34:21.859 I/WindowManager(  646): Focus moving from null to Window{137bdb3 u0 com.android.settings/com.android.settings.SubSettings}
12-21 11:34:21.905 V/AlarmManager(  646): set(null) : type=2 triggerAtTime=2497530 win=11250 tElapsed=2497530 maxElapsed=2508780 interval=0 flags=0x8
12-21 11:34:22.411 W/ContextImpl( 3262): Calling a method in the system process without a qualified user: android.app.ContextImpl.startService:1532 android.content.ContextWrapper.startService:664 android.app.Activity.onEnterAnimationComplete:6662 android.app.Activity.dispatchEnterAnimationComplete:6673 android.app.ActivityThread.handleEnterAnimationComplete:3275 
12-21 11:34:22.480 D/MtkConnectivityService(  646): releasing NetworkRequest [ TRACK_DEFAULT id=19, [ Capabilities: INTERNET&NOT_RESTRICTED&TRUSTED Unwanted:  Uid: 1000] ] (release request)
12-21 11:34:23.137 W/ContextImpl( 3262): Calling a method in the system process without a qualified user: android.app.ContextImpl.sendBroadcast:1006 android.content.ContextWrapper.sendBroadcast:444 android.content.ContextWrapper.sendBroadcast:444 android.view.View.dispatchTouchEvent:12526 android.view.ViewGroup.dispatchTransformedTouchEvent:3083 
12-21 11:34:23.239 I/ActivityManager(  646): START u0 {act=android.intent.action.MAIN cmp=com.android.settings/.SubSettings (has extras)} from uid 1000
12-21 11:34:23.254 V/WindowManager(  646): Set focused app to: AppWindowToken{53f6acc token=Token{af20cff ActivityRecord{62bdc1e u0 com.android.settings/.SubSettings t107}}} old focus=AppWindowToken{be7b0d4 token=Token{f670627 ActivityRecord{6f1e0e6 u0 com.android.settings/.SubSettings t107}}} moveFocusNow=true
12-21 11:34:23.255 V/WindowManager(  646): Changing focus from Window{137bdb3 u0 com.android.settings/com.android.settings.SubSettings} to null Callers=com.android.server.wm.WindowManagerService.setFocusedApp:2638 com.android.server.am.ActivityManagerService.setResumedActivityUncheckLocked:3631 com.android.server.am.ActivityStack.onActivityStateChanged:498 com.android.server.am.TaskRecord.onActivityStateChanged:1794 
12-21 11:34:23.255 D/WindowManager(  646): Input focus has changed to null
12-21 11:34:23.256 I/WindowManager(  646): Focus moving from Window{137bdb3 u0 com.android.settings/com.android.settings.SubSettings} to null
12-21 11:34:23.364 I/WindowManager(  646): Relayout Window{57a75d0 u0 com.android.settings/com.android.settings.SubSettings}: oldVis=4 newVis=0 focusMayChange = true
12-21 11:34:23.368 V/WindowManager(  646): Changing focus from null to Window{57a75d0 u0 com.android.settings/com.android.settings.SubSettings} Callers=com.android.server.wm.WindowManagerService.relayoutWindow:2142 com.android.server.wm.Session.relayout:244 android.view.IWindowSession$Stub.onTransact:309 com.android.server.wm.Session.onTransact:164 
12-21 11:34:23.369 D/WindowManager(  646): Input focus has changed to Window{57a75d0 u0 com.android.settings/com.android.settings.SubSettings}
12-21 11:34:23.372 I/WindowManager(  646): Focus moving from null to Window{57a75d0 u0 com.android.settings/com.android.settings.SubSettings}
12-21 11:34:23.950 W/ContextImpl( 3262): Calling a method in the system process without a qualified user: android.app.ContextImpl.startService:1532 android.content.ContextWrapper.startService:664 android.app.Activity.onEnterAnimationComplete:6662 android.app.Activity.dispatchEnterAnimationComplete:6673 android.app.ActivityThread.handleEnterAnimationComplete:3275 
12-21 11:34:25.170 W/ContextImpl( 3262): Calling a method in the system process without a qualified user: android.app.ContextImpl.sendBroadcast:1006 android.content.ContextWrapper.sendBroadcast:444 android.content.ContextWrapper.sendBroadcast:444 android.view.View.dispatchTouchEvent:12526 android.view.ViewGroup.dispatchTransformedTouchEvent:3083 
12-21 11:34:26.886 W/ContextImpl( 3262): Calling a method in the system process without a qualified user: android.app.ContextImpl.sendBroadcast:1006 android.content.ContextWrapper.sendBroadcast:444 android.content.ContextWrapper.sendBroadcast:444 android.view.View.dispatchTouchEvent:12526 android.view.ViewGroup.dispatchTransformedTouchEvent:3083 
12-21 11:34:27.168 V/WindowManager(  646): Changing focus from Window{57a75d0 u0 com.android.settings/com.android.settings.SubSettings} to Window{3a976ad u0 TAL-Device} Callers=com.android.server.wm.WindowManagerService.addWindow:1519 com.android.server.wm.Session.addToDisplay:205 android.view.IWindowSession$Stub.onTransact:129 com.android.server.wm.Session.onTransact:164 
12-21 11:34:27.169 D/WindowManager(  646): Input focus has changed to Window{3a976ad u0 TAL-Device}
12-21 11:34:27.177 I/WindowManager(  646): Focus moving from Window{57a75d0 u0 com.android.settings/com.android.settings.SubSettings} to Window{3a976ad u0 TAL-Device}
12-21 11:34:27.345 I/WindowManager(  646): Losing delayed focus: Window{57a75d0 u0 com.android.settings/com.android.settings.SubSettings}
12-21 11:34:27.467 I/WindowManager(  646): Relayout Window{ada58a6 u0 InputMethod}: oldVis=8 newVis=0 focusMayChange = true
12-21 11:34:28.112 W/ContextImpl( 3262): Calling a method in the system process without a qualified user: android.app.ContextImpl.sendBroadcast:1006 android.content.ContextWrapper.sendBroadcast:444 android.content.ContextWrapper.sendBroadcast:444 android.view.View.dispatchTouchEvent:12526 android.view.ViewGroup.dispatchTransformedTouchEvent:3083 
12-21 11:34:29.357 W/ContextImpl( 3262): Calling a method in the system process without a qualified user: android.app.ContextImpl.sendBroadcast:1006 android.content.ContextWrapper.sendBroadcast:444 android.content.ContextWrapper.sendBroadcast:444 android.view.View.dispatchTouchEvent:12526 android.view.ViewGroup.dispatchTransformedTouchEvent:3083 
12-21 11:34:30.355 V/WindowManager(  646): Changing focus from Window{3a976ad u0 TAL-Device} to Window{aebf824 u0 PopupWindow:66d0f3} Callers=com.android.server.wm.WindowManagerService.addWindow:1519 com.android.server.wm.Session.addToDisplay:205 android.view.IWindowSession$Stub.onTransact:129 com.android.server.wm.Session.onTransact:164 
12-21 11:34:30.356 D/WindowManager(  646): Input focus has changed to Window{aebf824 u0 PopupWindow:66d0f3}
12-21 11:34:30.358 I/WindowManager(  646): Focus moving from Window{3a976ad u0 TAL-Device} to Window{aebf824 u0 PopupWindow:66d0f3}
12-21 11:34:30.439 I/WindowManager(  646): Losing delayed focus: Window{3a976ad u0 TAL-Device}
12-21 11:34:31.459 W/ContextImpl( 3262): Calling a method in the system process without a qualified user: android.app.ContextImpl.sendBroadcast:1006 android.content.ContextWrapper.sendBroadcast:444 android.content.ContextWrapper.sendBroadcast:444 android.view.View.dispatchTouchEvent:12526 android.view.ViewGroup.dispatchTransformedTouchEvent:3083 
12-21 11:34:31.621 V/WindowManager(  646): Changing focus from Window{aebf824 u0 PopupWindow:66d0f3} to Window{3a976ad u0 TAL-Device} Callers=com.android.server.wm.WindowManagerService.relayoutWindow:2142 com.android.server.wm.Session.relayout:244 android.view.IWindowSession$Stub.onTransact:309 com.android.server.wm.Session.onTransact:164 
12-21 11:34:31.622 D/WindowManager(  646): Input focus has changed to Window{3a976ad u0 TAL-Device}
12-21 11:34:31.631 I/WindowManager(  646): Focus moving from Window{aebf824 u0 PopupWindow:66d0f3} to Window{3a976ad u0 TAL-Device}
12-21 11:34:32.580 W/ContextImpl( 3262): Calling a method in the system process without a qualified user: android.app.ContextImpl.sendBroadcast:1006 android.content.ContextWrapper.sendBroadcast:444 android.content.ContextWrapper.sendBroadcast:444 android.view.View.dispatchTouchEvent:12526 android.view.ViewGroup.dispatchTransformedTouchEvent:3077 
12-21 11:34:33.623 D/WifiService(  646): New client listening to asynchronous messages
12-21 11:34:33.624 D/WifiService(  646): SAVE nid=0 config=* ID: 0 SSID: null PROVIDER-NAME: null BSSID: null FQDN: null PRIO: 0 HIDDEN: false
12-21 11:34:33.624 D/WifiService(  646):  NetworkSelectionStatus NETWORK_SELECTION_ENABLED
12-21 11:34:33.624 D/WifiService(  646):  hasEverConnected: false
12-21 11:34:33.624 D/WifiService(  646):  KeyMgmt: WPA_PSK Protocols:
12-21 11:34:33.624 D/WifiService(  646):  AuthAlgorithms:
12-21 11:34:33.624 D/WifiService(  646):  PairwiseCiphers:
12-21 11:34:33.624 D/WifiService(  646):  GroupCiphers:
12-21 11:34:33.624 D/WifiService(  646):  PSK: 
12-21 11:34:33.624 D/WifiService(  646): Enterprise config:
12-21 11:34:33.624 D/WifiService(  646): IP config:
12-21 11:34:33.624 D/WifiService(  646): IP assignment: DHCP
12-21 11:34:33.624 D/WifiService(  646): Proxy settings: NONE
12-21 11:34:33.624 D/WifiService(  646):  cuid=-1 luid=-1 lcuid=0 userApproved=USER_UNSPECIFIED noInternetAccessExpected=false 
12-21 11:34:33.624 D/WifiService(  646): recentFailure: Association Rejection code: 0
12-21 11:34:33.624 D/WifiService(  646):  uid=1000 name=android.uid.system:1000
12-21 11:34:33.627 W/ContextImpl(  646): Calling a method in the system process without a qualified user: android.app.ContextImpl.sendBroadcastAsUserMultiplePermissions:1054 com.android.server.wifi.WifiConfigManager.sendConfiguredNetworkChangedBroadcast:660 com.android.server.wifi.WifiConfigManager.addOrUpdateNetwork:1117 com.android.server.wifi.WifiStateMachine.saveNetworkConfigAndSendReply:5918 com.android.server.wifi.WifiStateMachine.access$3000:148 
12-21 11:34:33.637 V/WindowManager(  646): Remove Window{3a976ad u0 TAL-Device} client=74947c4, surfaceController=Surface(name=TAL-Device)/@0x4c50163 Callers=com.android.server.wm.WindowState.removeIfPossible:1966 com.android.server.wm.WindowManagerService.removeWindow:1679 com.android.server.wm.Session.remove:226 android.view.IWindowSession$Stub.onTransact:261 com.android.server.wm.Session.onTransact:164 
12-21 11:34:33.643 W/ContextImpl(  646): Calling a method in the system process without a qualified user: android.app.ContextImpl.sendBroadcastAsUserMultiplePermissions:1054 com.android.server.wifi.WifiConfigManager.sendConfiguredNetworkChangedBroadcast:660 com.android.server.wifi.WifiConfigManager.setNetworkStatus:1338 com.android.server.wifi.WifiConfigManager.setNetworkSelectionStatus:1361 com.android.server.wifi.WifiConfigManager.updateNetworkSelectionStatus:1403 
12-21 11:34:33.649 V/WindowManager(  646): Changing focus from Window{3a976ad u0 TAL-Device EXITING} to Window{57a75d0 u0 com.android.settings/com.android.settings.SubSettings} Callers=com.android.server.wm.WindowState.setupWindowForRemoveOnExit:2105 com.android.server.wm.WindowState.removeIfPossible:2076 com.android.server.wm.WindowState.removeIfPossible:1966 com.android.server.wm.WindowManagerService.removeWindow:1679 
12-21 11:34:33.649 D/WindowManager(  646): Input focus has changed to Window{57a75d0 u0 com.android.settings/com.android.settings.SubSettings}
12-21 11:34:33.655 V/AlarmManager(  646): set(null) : type=2 triggerAtTime=2504279 win=7500 tElapsed=2504279 maxElapsed=2511779 interval=0 flags=0x8
12-21 11:34:33.661 I/WindowManager(  646): Focus moving from Window{3a976ad u0 TAL-Device EXITING} to Window{57a75d0 u0 com.android.settings/com.android.settings.SubSettings}
12-21 11:34:33.667 D/MtkConnectivityService(  646): sending Proxy Broadcast for [] 0 xl=
12-21 11:34:33.680 I/NetworkStatsRecorder(  646): recordSnapshotLocked: ident[[{type=WIFI, subType=COMBINED, networkId="TAL-Device", metered=false, defaultNetwork=true}]]
12-21 11:34:33.680 W/NetworkStatsRecorder(  646): unknown interfaces [lo], ignoring those stats
12-21 11:34:33.680 I/NetworkStatsRecorder(  646): recordSnapshotLocked: ident[[{type=WIFI, subType=COMBINED, networkId="TAL-Device", metered=false, defaultNetwork=true}]]
12-21 11:34:33.680 W/NetworkStatsRecorder(  646): unknown interfaces [lo], ignoring those stats
12-21 11:34:33.680 I/NetworkStatsRecorder(  646): recordSnapshotLocked: ident[[{type=WIFI, subType=COMBINED, networkId="TAL-Device", metered=false, defaultNetwork=true}]]
12-21 11:34:33.680 I/chatty  (  646): uid=1000(system) ConnectivitySer identical 2 lines
12-21 11:34:33.680 I/NetworkStatsRecorder(  646): recordSnapshotLocked: ident[[{type=WIFI, subType=COMBINED, networkId="TAL-Device", metered=false, defaultNetwork=true}]]
12-21 11:34:33.680 W/NetworkStatsRecorder(  646): unknown interfaces [lo], ignoring those stats
12-21 11:34:33.680 I/NetworkStatsRecorder(  646): recordSnapshotLocked: ident[[{type=WIFI, subType=COMBINED, networkId="TAL-Device", metered=false, defaultNetwork=true}]]
12-21 11:34:33.680 W/NetworkStatsRecorder(  646): unknown interfaces [lo], ignoring those stats
12-21 11:34:33.684 D/MtkNetworkStatsService(  646): rebuildActiveSubscriberSubIdMap
12-21 11:34:33.686 I/NetworkStats(  646): NetworkIdentity: {type=WIFI, subType=COMBINED, networkId="TAL-Device", metered=false, defaultNetwork=true}
12-21 11:34:35.404 W/ContextImpl( 3262): Calling a method in the system process without a qualified user: android.app.ContextImpl.sendBroadcast:1006 android.content.ContextWrapper.sendBroadcast:444 android.content.ContextWrapper.sendBroadcast:444 android.view.View.dispatchTouchEvent:12526 android.view.ViewGroup.dispatchTransformedTouchEvent:3083 
12-21 11:34:35.506 V/WindowManager(  646): Set focused app to: AppWindowToken{be7b0d4 token=Token{f670627 ActivityRecord{6f1e0e6 u0 com.android.settings/.SubSettings t107}}} old focus=AppWindowToken{53f6acc token=Token{af20cff ActivityRecord{62bdc1e u0 com.android.settings/.SubSettings t107}}} moveFocusNow=true
12-21 11:34:35.507 V/WindowManager(  646): Changing focus from Window{57a75d0 u0 com.android.settings/com.android.settings.SubSettings} to null Callers=com.android.server.wm.WindowManagerService.setFocusedApp:2638 com.android.server.am.ActivityManagerService.setResumedActivityUncheckLocked:3631 com.android.server.am.ActivityStack.onActivityStateChanged:498 com.android.server.am.TaskRecord.onActivityStateChanged:1794 
12-21 11:34:35.507 D/WindowManager(  646): Input focus has changed to null
12-21 11:34:35.511 I/WindowManager(  646): Focus moving from Window{57a75d0 u0 com.android.settings/com.android.settings.SubSettings} to null
12-21 11:34:35.649 I/WindowManager(  646): Relayout Window{137bdb3 u0 com.android.settings/com.android.settings.SubSettings}: oldVis=8 newVis=0 focusMayChange = true
12-21 11:34:35.659 V/WindowManager(  646): Changing focus from null to Window{137bdb3 u0 com.android.settings/com.android.settings.SubSettings} Callers=com.android.server.wm.WindowManagerService.relayoutWindow:2142 com.android.server.wm.Session.relayout:244 android.view.IWindowSession$Stub.onTransact:309 com.android.server.wm.Session.onTransact:164 
12-21 11:34:35.659 D/WindowManager(  646): Input focus has changed to Window{137bdb3 u0 com.android.settings/com.android.settings.SubSettings}
12-21 11:34:35.661 I/WindowManager(  646): Focus moving from null to Window{137bdb3 u0 com.android.settings/com.android.settings.SubSettings}
12-21 11:34:35.726 V/AlarmManager(  646): set(null) : type=2 triggerAtTime=2511351 win=11250 tElapsed=2511351 maxElapsed=2522601 interval=0 flags=0x8
12-21 11:34:36.258 W/ContextImpl( 3262): Calling a method in the system process without a qualified user: android.app.ContextImpl.startService:1532 android.content.ContextWrapper.startService:664 android.app.Activity.onEnterAnimationComplete:6662 android.app.Activity.dispatchEnterAnimationComplete:6673 android.app.ActivityThread.handleEnterAnimationComplete:3275 
12-21 11:34:36.558 W/ContextImpl( 3262): Calling a method in the system process without a qualified user: android.app.ContextImpl.sendBroadcast:1006 android.content.ContextWrapper.sendBroadcast:444 android.content.ContextWrapper.sendBroadcast:444 android.view.View.dispatchTouchEvent:12526 android.view.ViewGroup.dispatchTransformedTouchEvent:3083 
12-21 11:34:36.670 V/WindowManager(  646): Set focused app to: AppWindowToken{9b6644 token=Token{fcb6b57 ActivityRecord{720dcd6 u0 com.android.settings/.Settings$NetworkDashboardActivity t107}}} old focus=AppWindowToken{be7b0d4 token=Token{f670627 ActivityRecord{6f1e0e6 u0 com.android.settings/.SubSettings t107}}} moveFocusNow=true
12-21 11:34:36.670 V/WindowManager(  646): Changing focus from Window{137bdb3 u0 com.android.settings/com.android.settings.SubSettings} to null Callers=com.android.server.wm.WindowManagerService.setFocusedApp:2638 com.android.server.am.ActivityManagerService.setResumedActivityUncheckLocked:3631 com.android.server.am.ActivityStack.onActivityStateChanged:498 com.android.server.am.TaskRecord.onActivityStateChanged:1794 
12-21 11:34:36.671 D/WindowManager(  646): Input focus has changed to null
12-21 11:34:36.673 I/WindowManager(  646): Focus moving from Window{137bdb3 u0 com.android.settings/com.android.settings.SubSettings} to null
12-21 11:34:36.684 D/MtkConnectivityService(  646): requestNetwork for uid/pid:1000/3262 NetworkRequest [ TRACK_DEFAULT id=28, [ Capabilities: INTERNET&NOT_RESTRICTED&TRUSTED Unwanted:  Uid: 1000] ]
12-21 11:34:36.715 I/WindowManager(  646): Relayout Window{af102f8 u0 com.android.settings/com.android.settings.Settings$NetworkDashboardActivity}: oldVis=8 newVis=0 focusMayChange = true
12-21 11:34:36.719 V/WindowManager(  646): Changing focus from null to Window{af102f8 u0 com.android.settings/com.android.settings.Settings$NetworkDashboardActivity} Callers=com.android.server.wm.WindowManagerService.relayoutWindow:2142 com.android.server.wm.Session.relayout:244 android.view.IWindowSession$Stub.onTransact:309 com.android.server.wm.Session.onTransact:164 
12-21 11:34:36.719 D/WindowManager(  646): Input focus has changed to Window{af102f8 u0 com.android.settings/com.android.settings.Settings$NetworkDashboardActivity}
12-21 11:34:36.720 I/WindowManager(  646): Focus moving from null to Window{af102f8 u0 com.android.settings/com.android.settings.Settings$NetworkDashboardActivity}
12-21 11:34:37.228 W/ContextImpl( 3262): Calling a method in the system process without a qualified user: android.app.ContextImpl.startService:1532 android.content.ContextWrapper.startService:664 android.app.Activity.onEnterAnimationComplete:6662 android.app.Activity.dispatchEnterAnimationComplete:6673 android.app.ActivityThread.handleEnterAnimationComplete:3275 
12-21 11:34:37.253 W/ContextImpl( 3262): Calling a method in the system process without a qualified user: android.app.ContextImpl.startService:1532 android.content.ContextWrapper.startService:664 android.content.ContextWrapper.startService:664 com.android.internal.policy.DecorView.dispatchTouchEvent:422 android.view.View.dispatchPointerEvent:12808 
12-21 11:34:38.070 I/chatty  ( 3262): uid=1000(system) com.android.settings identical 4 lines
12-21 11:34:38.087 W/ContextImpl( 3262): Calling a method in the system process without a qualified user: android.app.ContextImpl.startService:1532 android.content.ContextWrapper.startService:664 android.content.ContextWrapper.startService:664 com.android.internal.policy.DecorView.dispatchTouchEvent:422 android.view.View.dispatchPointerEvent:12808 
12-21 11:34:38.097 V/WindowManager(  646): Changing focus from Window{af102f8 u0 com.android.settings/com.android.settings.Settings$NetworkDashboardActivity} to Window{e899761 u0 com.android.systemui} Callers=com.android.server.wm.WindowManagerService.addWindow:1519 com.android.server.wm.Session.addToDisplay:205 android.view.IWindowSession$Stub.onTransact:129 com.android.server.wm.Session.onTransact:164 
12-21 11:34:38.097 D/WindowManager(  646): Input focus has changed to Window{e899761 u0 com.android.systemui}
12-21 11:34:38.098 I/WindowManager(  646): Focus moving from Window{af102f8 u0 com.android.settings/com.android.settings.Settings$NetworkDashboardActivity} to Window{e899761 u0 com.android.systemui}
12-21 11:34:38.105 W/ContextImpl( 3262): Calling a method in the system process without a qualified user: android.app.ContextImpl.startService:1532 android.content.ContextWrapper.startService:664 android.content.ContextWrapper.startService:664 com.android.internal.policy.DecorView.dispatchTouchEvent:422 android.view.View.dispatchPointerEvent:12808 
12-21 11:34:38.106 V/WindowManager(  646): Changing focus from Window{e899761 u0 com.android.systemui} to Window{3d46b74 u0 com.android.systemui} Callers=com.android.server.wm.WindowManagerService.addWindow:1519 com.android.server.wm.Session.addToDisplay:205 android.view.IWindowSession$Stub.onTransact:129 com.android.server.wm.Session.onTransact:164 
12-21 11:34:38.106 D/WindowManager(  646): Input focus has changed to Window{3d46b74 u0 com.android.systemui}
12-21 11:34:38.108 I/WindowManager(  646): Focus moving from Window{e899761 u0 com.android.systemui} to Window{3d46b74 u0 com.android.systemui}
12-21 11:34:38.125 W/ContextImpl( 3262): Calling a method in the system process without a qualified user: android.app.ContextImpl.startService:1532 android.content.ContextWrapper.startService:664 android.content.ContextWrapper.startService:664 com.android.internal.policy.DecorView.dispatchTouchEvent:422 android.view.View.dispatchPointerEvent:12808 
12-21 11:34:38.170 I/chatty  ( 3262): uid=1000(system) com.android.settings identical 3 lines
12-21 11:34:38.173 W/ContextImpl( 3262): Calling a method in the system process without a qualified user: android.app.ContextImpl.startService:1532 android.content.ContextWrapper.startService:664 android.content.ContextWrapper.startService:664 com.android.internal.policy.DecorView.dispatchTouchEvent:422 android.view.View.dispatchPointerEvent:12808 
12-21 11:34:38.196 I/WindowManager(  646): Losing delayed focus: Window{af102f8 u0 com.android.settings/com.android.settings.Settings$NetworkDashboardActivity}
12-21 11:34:38.196 I/WindowManager(  646): Losing delayed focus: Window{e899761 u0 com.android.systemui}
12-21 11:34:39.816 V/WindowManager(  646): Remove Window{3d46b74 u0 com.android.systemui} client=2bb3286, surfaceController=Surface(name=)/@0x43db50c Callers=com.android.server.wm.WindowState.removeIfPossible:1966 com.android.server.wm.WindowManagerService.removeWindow:1679 com.android.server.wm.Session.remove:226 android.view.IWindowSession$Stub.onTransact:261 com.android.server.wm.Session.onTransact:164 
12-21 11:34:39.818 V/WindowManager(  646): Changing focus from Window{3d46b74 u0 com.android.systemui} to Window{af102f8 u0 com.android.settings/com.android.settings.Settings$NetworkDashboardActivity} Callers=com.android.server.wm.RootWindowContainer.performSurfacePlacement:568 com.android.server.wm.WindowSurfacePlacer.performSurfacePlacementLoop:207 com.android.server.wm.WindowSurfacePlacer.performSurfacePlacement:155 com.android.server.wm.WindowSurfacePlacer.performSurfacePlacement:145 
12-21 11:34:39.818 D/WindowManager(  646): Input focus has changed to Window{af102f8 u0 com.android.settings/com.android.settings.Settings$NetworkDashboardActivity}
12-21 11:34:39.829 I/WindowManager(  646): Focus moving from Window{3d46b74 u0 com.android.systemui} to Window{af102f8 u0 com.android.settings/com.android.settings.Settings$NetworkDashboardActivity}
12-21 11:34:39.832 W/ViewRootImpl[](  784): Dropping event due to root view being removed: MotionEvent { action=ACTION_UP, actionButton=0, id[0]=0, x[0]=270.62415, y[0]=529.66895, toolType[0]=TOOL_TYPE_FINGER, buttonState=0, metaState=0, flags=0x0, edgeFlags=0x0, pointerCount=1, historySize=0, eventTime=2500422, downTime=2500334, deviceId=5, source=0x1002 }
12-21 11:34:39.959 W/ContextImpl( 3262): Calling a method in the system process without a qualified user: android.app.ContextImpl.sendBroadcast:1006 android.content.ContextWrapper.sendBroadcast:444 android.content.ContextWrapper.sendBroadcast:444 android.view.View.dispatchTouchEvent:12526 android.view.ViewGroup.dispatchTransformedTouchEvent:3077 
12-21 11:34:40.037 D/BluetoothManagerService(  646): Airplane Mode change - current state:  OFF
12-21 11:34:40.038 V/SettingsProvider(  646): Notifying for 0: content://settings/global/airplane_mode_on
12-21 11:34:40.042 V/SettingsProvider(  646): Notifying for 0: content://settings/global/wifi_on
12-21 11:34:40.044 E/EmergencyButton(  784): Service state is null
12-21 11:34:40.047 D/WifiP2pService(  646): InactiveState{ when=0 what=143377 target=com.android.internal.util.StateMachine$SmHandler }
12-21 11:34:40.047 D/WifiP2pService(  646): P2pEnabledState{ when=0 what=143377 target=com.android.internal.util.StateMachine$SmHandler }
12-21 11:34:40.049 D/MTKWifiDisplayController(  646): Received WIFI_P2P_STATE_CHANGED_ACTION: enabled=false
12-21 11:34:40.049 I/MTKWifiDisplayController(  646): updateWfdEnableState(), mWifiDisplayOnSetting:false, mWifiP2pEnabled:false
12-21 11:34:40.049 I/MTKWifiDisplayController(  646): updateWfdInfo(), enable:false,mWfdEnabling:false
12-21 11:34:40.050 D/MTKWifiDisplayController(  646): reportFeatureState(), featureState = 2
12-21 11:34:40.050 I/MTKWifiDisplayController(  646): updateScanState(), mSinkEnabled:falsemDiscoverPeersInProgress:false
12-21 11:34:40.050 I/MTKWifiDisplayController(  646): disconnect, mRemoteDisplayInterface = null
12-21 11:34:40.050 I/MTKWifiDisplayController(  646): updateScanState(), mSinkEnabled:falsemDiscoverPeersInProgress:false
12-21 11:34:40.050 D/MTKWifiDisplayController(  646): callback onFeatureStateChanged(): featureState = 2
12-21 11:34:40.183 D/WifiP2pService(  646): P2pDisablingState
12-21 11:34:40.183 D/WifiP2pService(  646): P2pDisablingState{ when=-136ms what=147458 target=com.android.internal.util.StateMachine$SmHandler }
12-21 11:34:40.183 D/WifiP2pService(  646): p2p socket connection lost
12-21 11:34:40.183 D/WifiP2pService(  646): P2pDisabledState
12-21 11:34:40.184 D/WifiP2pService(  646): P2pDisabledState{ when=-1ms what=139323 arg2=5 obj=WFD enabled: false
12-21 11:34:40.184 D/WifiP2pService(  646):  WFD DeviceInfo: 0
12-21 11:34:40.184 D/WifiP2pService(  646):  WFD CtrlPort: 0
12-21 11:34:40.184 D/WifiP2pService(  646):  WFD MaxThroughput: 0
12-21 11:34:40.184 D/WifiP2pService(  646):  WFD Extended Capability: 0 target=com.android.internal.util.StateMachine$SmHandler }
12-21 11:34:40.184 D/MTKWifiDisplayController(  646): Received WIFI_P2P_STATE_CHANGED_ACTION: enabled=false
12-21 11:34:40.185 I/MTKWifiDisplayController(  646): updateWfdEnableState(), mWifiDisplayOnSetting:false, mWifiP2pEnabled:false
12-21 11:34:40.185 I/MTKWifiDisplayController(  646): updateWfdInfo(), enable:false,mWfdEnabling:false
12-21 11:34:40.185 D/WifiP2pService(  646): DefaultState{ when=-1ms what=139323 arg2=5 obj=WFD enabled: false
12-21 11:34:40.185 D/WifiP2pService(  646):  WFD DeviceInfo: 0
12-21 11:34:40.185 D/WifiP2pService(  646):  WFD CtrlPort: 0
12-21 11:34:40.185 D/WifiP2pService(  646):  WFD MaxThroughput: 0
12-21 11:34:40.185 D/WifiP2pService(  646):  WFD Extended Capability: 0 target=com.android.internal.util.StateMachine$SmHandler }
12-21 11:34:40.185 D/MTKWifiDisplayController(  646): reportFeatureState(), featureState = 2
12-21 11:34:40.185 I/MTKWifiDisplayController(  646): updateScanState(), mSinkEnabled:falsemDiscoverPeersInProgress:false
12-21 11:34:40.185 D/WifiP2pService(  646): P2pDisabledState{ when=0 what=139323 arg2=6 obj=WFD enabled: false
12-21 11:34:40.185 D/WifiP2pService(  646):  WFD DeviceInfo: 0
12-21 11:34:40.185 D/WifiP2pService(  646):  WFD CtrlPort: 0
12-21 11:34:40.185 D/WifiP2pService(  646):  WFD MaxThroughput: 0
12-21 11:34:40.185 D/WifiP2pService(  646):  WFD Extended Capability: 0 target=com.android.internal.util.StateMachine$SmHandler }
12-21 11:34:40.185 I/MTKWifiDisplayController(  646): disconnect, mRemoteDisplayInterface = null
12-21 11:34:40.185 I/MTKWifiDisplayController(  646): updateScanState(), mSinkEnabled:falsemDiscoverPeersInProgress:false
12-21 11:34:40.185 D/WifiP2pService(  646): DefaultState{ when=0 what=139323 arg2=6 obj=WFD enabled: false
12-21 11:34:40.185 D/WifiP2pService(  646):  WFD DeviceInfo: 0
12-21 11:34:40.185 D/WifiP2pService(  646):  WFD CtrlPort: 0
12-21 11:34:40.185 D/WifiP2pService(  646):  WFD MaxThroughput: 0
12-21 11:34:40.185 D/WifiP2pService(  646):  WFD Extended Capability: 0 target=com.android.internal.util.StateMachine$SmHandler }
12-21 11:34:40.185 D/MTKWifiDisplayController(  646): callback onFeatureStateChanged(): featureState = 2
12-21 11:34:40.250 I/wificond(  469): Unsubscribe scan result for interface with index: 9
12-21 11:34:40.369 E/android.hardware.wifi@1.0-service-mediatek(  302): Failed to open directory: Permission denied
12-21 11:34:40.369 E/android.hardware.wifi@1.0-service-mediatek(  302): Error occurred while deleting old tombstone files
12-21 11:34:40.369 E/android.hardware.wifi@1.0-service-mediatek(  302): Error writing files to flash
12-21 11:34:40.371 I/android.hardware.wifi@1.0-service-mediatek(  302): Legacy HAL stop complete callback received
12-21 11:34:40.650 D/NetlinkEvent(  465): Unknown ifindex 9 in RTM_DELADDR
12-21 11:34:40.659 W/ContextImpl( 3262): Calling a method in the system process without a qualified user: android.app.ContextImpl.startService:1532 android.content.ContextWrapper.startService:664 android.content.ContextWrapper.startService:664 com.android.internal.policy.DecorView.dispatchTouchEvent:422 android.view.View.dispatchPointerEvent:12808 
12-21 11:34:40.699 I/chatty  ( 3262): uid=1000(system) com.android.settings identical 2 lines
12-21 11:34:40.716 W/ContextImpl( 3262): Calling a method in the system process without a qualified user: android.app.ContextImpl.startService:1532 android.content.ContextWrapper.startService:664 android.content.ContextWrapper.startService:664 com.android.internal.policy.DecorView.dispatchTouchEvent:422 android.view.View.dispatchPointerEvent:12808 
12-21 11:34:40.718 I/android.hardware.wifi@1.0-service-mediatek(  302): Wifi HAL stopped
12-21 11:34:40.724 D/MtkConnectivityService(  646): NetworkAgentInfo [WIFI () - 100] EVENT_NETWORK_INFO_CHANGED, going from CONNECTED to DISCONNECTED
12-21 11:34:40.726 D/MtkConnectivityService(  646): NetworkAgentInfo [WIFI () - 100] got DISCONNECTED, was satisfying 16
12-21 11:34:40.729 I/MTKWifiDisplayController(  646): Received NETWORK_STATE_CHANGED,con:false,SSID:null,Freq:0,netId:-1, updated:true
12-21 11:34:40.730 V/AlarmManager(  646): set(null) : type=2 triggerAtTime=2511354 win=7500 tElapsed=2511354 maxElapsed=2518854 interval=0 flags=0x8
12-21 11:34:40.733 W/ContextImpl( 3262): Calling a method in the system process without a qualified user: android.app.ContextImpl.startService:1532 android.content.ContextWrapper.startService:664 android.content.ContextWrapper.startService:664 com.android.internal.policy.DecorView.dispatchTouchEvent:422 android.view.View.dispatchPointerEvent:12808 
12-21 11:34:40.740 I/MTKWifiDisplayController(  646): Received NETWORK_STATE_CHANGED,con:false,SSID:null,Freq:0,netId:-1, updated:false
12-21 11:34:40.751 W/ContextImpl( 3262): Calling a method in the system process without a qualified user: android.app.ContextImpl.startService:1532 android.content.ContextWrapper.startService:664 android.content.ContextWrapper.startService:664 com.android.internal.policy.DecorView.dispatchTouchEvent:422 android.view.View.dispatchPointerEvent:12808 
12-21 11:34:40.753 D/WifiP2pService(  646): P2pDisabledState{ when=-29ms what=143375 target=com.android.internal.util.StateMachine$SmHandler }
12-21 11:34:40.753 D/WifiP2pService(  646): DefaultState{ when=-29ms what=143375 target=com.android.internal.util.StateMachine$SmHandler }
12-21 11:34:40.754 D/WifiP2pService(  646): P2pDisabledState{ when=0 what=143377 target=com.android.internal.util.StateMachine$SmHandler }
12-21 11:34:40.755 D/WifiP2pService(  646): DefaultState{ when=0 what=143377 target=com.android.internal.util.StateMachine$SmHandler }
12-21 11:34:40.757 D/WifiP2pService(  646): P2pDisabledState{ when=0 what=131204 target=com.android.internal.util.StateMachine$SmHandler }
12-21 11:34:40.757 D/WifiP2pService(  646): DefaultState{ when=0 what=131204 target=com.android.internal.util.StateMachine$SmHandler }
12-21 11:34:40.757 E/WifiP2pService(  646): Unhandled message { when=0 what=131204 target=com.android.internal.util.StateMachine$SmHandler }
12-21 11:34:40.758 D/MTKWifiDisplayController(  646): Received WIFI_P2P_STATE_CHANGED_ACTION: enabled=false
12-21 11:34:40.758 I/MTKWifiDisplayController(  646): updateWfdEnableState(), mWifiDisplayOnSetting:false, mWifiP2pEnabled:false
12-21 11:34:40.758 I/MTKWifiDisplayController(  646): updateWfdInfo(), enable:false,mWfdEnabling:false
12-21 11:34:40.759 W/ContextImpl( 1155): Calling a method in the system process without a qualified user: android.app.ContextImpl.sendBroadcast:1006 android.content.ContextWrapper.sendBroadcast:444 com.tal.genie.push_receiver.PushSenderNetManager.sendWifiDisconnectedShowBroadcast:38 com.tal.genie.launcher.service.NetChangeListener.showNetDisconnectPrompt:83 com.tal.genie.launcher.service.NetChangeListener.onWifiDisConnected:53 
12-21 11:34:40.760 D/MTKWifiDisplayController(  646): reportFeatureState(), featureState = 2
12-21 11:34:40.760 I/MTKWifiDisplayController(  646): updateScanState(), mSinkEnabled:falsemDiscoverPeersInProgress:false
12-21 11:34:40.760 I/MTKWifiDisplayController(  646): disconnect, mRemoteDisplayInterface = null
12-21 11:34:40.760 I/MTKWifiDisplayController(  646): updateScanState(), mSinkEnabled:falsemDiscoverPeersInProgress:false
12-21 11:34:40.760 D/MTKWifiDisplayController(  646): callback onFeatureStateChanged(): featureState = 2
12-21 11:34:40.761 D/WifiP2pService(  646): P2pDisabledState{ when=0 what=139323 arg2=7 obj=WFD enabled: false
12-21 11:34:40.761 D/WifiP2pService(  646):  WFD DeviceInfo: 0
12-21 11:34:40.761 D/WifiP2pService(  646):  WFD CtrlPort: 0
12-21 11:34:40.761 D/WifiP2pService(  646):  WFD MaxThroughput: 0
12-21 11:34:40.761 D/WifiP2pService(  646):  WFD Extended Capability: 0 target=com.android.internal.util.StateMachine$SmHandler }
12-21 11:34:40.761 D/WifiP2pService(  646): DefaultState{ when=0 what=139323 arg2=7 obj=WFD enabled: false
12-21 11:34:40.761 D/WifiP2pService(  646):  WFD DeviceInfo: 0
12-21 11:34:40.761 D/WifiP2pService(  646):  WFD CtrlPort: 0
12-21 11:34:40.761 D/WifiP2pService(  646):  WFD MaxThroughput: 0
12-21 11:34:40.761 D/WifiP2pService(  646):  WFD Extended Capability: 0 target=com.android.internal.util.StateMachine$SmHandler }
12-21 11:34:40.763 W/NetworkStatsRecorder(  646): unknown interfaces [lo], ignoring those stats
12-21 11:34:40.763 I/chatty  (  646): uid=1000(system) ConnectivitySer identical 2 lines
12-21 11:34:40.763 W/NetworkStatsRecorder(  646): unknown interfaces [lo], ignoring those stats
12-21 11:34:40.768 W/ContextImpl( 3262): Calling a method in the system process without a qualified user: android.app.ContextImpl.startService:1532 android.content.ContextWrapper.startService:664 android.content.ContextWrapper.startService:664 com.android.internal.policy.DecorView.dispatchTouchEvent:422 android.view.View.dispatchPointerEvent:12808 
12-21 11:34:40.770 E/BatteryExternalStatsWorker(  646): no controller energy info supplied for wifi
12-21 11:34:40.774 D/MtkNetworkStatsService(  646): rebuildActiveSubscriberSubIdMap
12-21 11:34:40.786 W/ContextImpl( 3262): Calling a method in the system process without a qualified user: android.app.ContextImpl.startService:1532 android.content.ContextWrapper.startService:664 android.content.ContextWrapper.startService:664 com.android.internal.policy.DecorView.dispatchTouchEvent:422 android.view.View.dispatchPointerEvent:12808 
12-21 11:34:40.787 E/BatteryExternalStatsWorker(  646): no controller energy info supplied for wifi
12-21 11:34:40.804 D/MtkConnectivityService(  646): Sending DISCONNECTED broadcast for type 1 NetworkAgentInfo [WIFI () - 100] isDefaultNetwork=true
12-21 11:34:40.805 W/ContextImpl( 3262): Calling a method in the system process without a qualified user: android.app.ContextImpl.startService:1532 android.content.ContextWrapper.startService:664 android.content.ContextWrapper.startService:664 com.android.internal.policy.DecorView.dispatchTouchEvent:422 android.view.View.dispatchPointerEvent:12808 
12-21 11:34:40.805 V/WindowManager(  646): Changing focus from Window{af102f8 u0 com.android.settings/com.android.settings.Settings$NetworkDashboardActivity} to Window{25216c5 u0 com.android.systemui} Callers=com.android.server.wm.WindowManagerService.addWindow:1519 com.android.server.wm.Session.addToDisplay:205 android.view.IWindowSession$Stub.onTransact:129 com.android.server.wm.Session.onTransact:164 
12-21 11:34:40.806 D/WindowManager(  646): Input focus has changed to Window{25216c5 u0 com.android.systemui}
12-21 11:34:40.812 I/WindowManager(  646): Focus moving from Window{af102f8 u0 com.android.settings/com.android.settings.Settings$NetworkDashboardActivity} to Window{25216c5 u0 com.android.systemui}
12-21 11:34:40.815 W/ContextImpl( 3262): Calling a method in the system process without a qualified user: android.app.ContextImpl.startService:1532 android.content.ContextWrapper.startService:664 android.content.ContextWrapper.startService:664 com.android.internal.policy.DecorView.dispatchTouchEvent:422 android.view.View.dispatchPointerEvent:12808 
12-21 11:34:40.818 V/NetworkStatsRecorder(  646): setPersistThreshold() with 2097152
12-21 11:34:40.818 I/chatty  (  646): uid=1000(system) NetworkPolicy identical 2 lines
12-21 11:34:40.818 V/NetworkStatsRecorder(  646): setPersistThreshold() with 2097152
12-21 11:34:40.828 W/ContextImpl( 3262): Calling a method in the system process without a qualified user: android.app.ContextImpl.startService:1532 android.content.ContextWrapper.startService:664 android.content.ContextWrapper.startService:664 com.android.internal.policy.DecorView.dispatchTouchEvent:422 android.view.View.dispatchPointerEvent:12808 
12-21 11:34:40.840 V/WindowManager(  646): Changing focus from Window{25216c5 u0 com.android.systemui} to Window{5c25a41 u0 com.android.systemui} Callers=com.android.server.wm.WindowManagerService.addWindow:1519 com.android.server.wm.Session.addToDisplay:205 android.view.IWindowSession$Stub.onTransact:129 com.android.server.wm.Session.onTransact:164 
12-21 11:34:40.840 D/WindowManager(  646): Input focus has changed to Window{5c25a41 u0 com.android.systemui}
12-21 11:34:40.841 I/WindowManager(  646): Focus moving from Window{25216c5 u0 com.android.systemui} to Window{5c25a41 u0 com.android.systemui}
