12-15 16:28:23.157 W/ContextImpl( 1148): Calling a method in the system process without a qualified user: android.app.ContextImpl.startService:1532 android.content.ContextWrapper.startService:664 android.content.ContextWrapper.startService:664 android.app.Activity.onEnterAnimationComplete:6662 android.app.Activity.dispatchEnterAnimationComplete:6673 
12-15 16:28:23.158 W/ContextImpl( 1148): Calling a method in the system process without a qualified user: android.app.ContextImpl.startService:1532 android.content.ContextWrapper.startService:664 android.content.ContextWrapper.startService:664 android.app.Activity.onEnterAnimationComplete:6662 android.app.Activity.dispatchEnterAnimationComplete:6673 
12-15 16:28:23.164 I/WindowManager(  628): Relayout Window{1e73e36 u0 com.tal.genie.launcher/com.tal.genie.lockscreen.activity.LockScreenActivity}: oldVis=4 newVis=0 focusMayChange = true
12-15 16:28:23.170 I/WindowManager(  628): Focus moving from null to Window{1e73e36 u0 com.tal.genie.launcher/com.tal.genie.lockscreen.activity.LockScreenActivity}
12-15 16:28:46.937 E/storaged(  472): getDiskStats failed with result NOT_SUPPORTED and size 0
12-15 16:29:46.938 E/storaged(  472): getDiskStats failed with result NOT_SUPPORTED and size 0
12-15 16:30:02.801 D/WindowManager(  628): Receive Input KeyEvent of Powerkey down, interactive=true
12-15 16:30:02.806 W/ContextImpl( 1148): Calling a method in the system process without a qualified user: android.app.ContextImpl.sendBroadcast:1006 android.content.ContextWrapper.sendBroadcast:444 com.tal.genie.lockscreen.receiver.LockScreenReceiver.sendUnlockScreenOnBroadcast:155 com.tal.genie.lockscreen.receiver.LockScreenReceiver.onReceive:47 android.app.LoadedApk$ReceiverDispatcher$Args.lambda$getRunnable$0:1391 
12-15 16:30:02.840 W/ContextImpl( 1148): Calling a method in the system process without a qualified user: android.app.ContextImpl.sendBroadcast:1006 android.content.ContextWrapper.sendBroadcast:444 com.tal.genie.lockscreen.utils.PushNotificationDialogManager.sendPushNotificationStatus:54 com.tal.genie.lockscreen.utils.PushNotificationDialogManager.sendPushNotificationShow:23 com.tal.genie.lockscreen.activity.LockScreenActivity.onFinish:187 
12-15 16:30:02.918 D/WindowManager(  628): Receive Input KeyEvent of Powerkey up, interactive=true, canceled=false
12-15 16:30:02.918 D/WindowManager(  628): powerPress: eventTime=2730513 interactive=true count=1 beganFromNonInteractive=false mShortPressOnPowerBehavior=1
12-15 16:30:02.918 I/PowerManagerService(  628): Going to sleep due to power button (uid 1000)...
12-15 16:30:02.918 W/UsageStatsService(  628): Event reported without a package name
12-15 16:30:02.920 I/PowerManagerService(  628): Sleeping (uid 1000)...
12-15 16:30:02.920 I/DisplayPowerController(  628): Blocking screen off
12-15 16:30:02.920 I/DisplayPowerController(  628): Unblocked screen off after 0 ms
12-15 16:30:02.924 E/KernelCpuSpeedReader(  628): Failed to read cpu-freq: /sys/devices/system/cpu/cpu0/cpufreq/stats/time_in_state (No such file or directory)
12-15 16:30:02.945 D/WindowOrientationListener(  628): WindowOrientationListener disabled
12-15 16:30:02.953 I/DisplayManagerService(  628): Display device changed state: "内置屏幕", OFF
12-15 16:30:02.953 D/DisplayManagerService(  628): Delivering display event: displayId=0, event=2
12-15 16:30:03.064 V/WindowManager(  628): Changing focus from Window{1e73e36 u0 com.tal.genie.launcher/com.tal.genie.lockscreen.activity.LockScreenActivity} to null Callers=com.android.server.wm.AppWindowToken.setVisibility:465 com.android.server.wm.AppWindowContainerController.setVisibility:452 com.android.server.am.ActivityRecord.setVisibility:1635 com.android.server.am.ActivityStack.prepareActivityHideTransitionAnimation:3810 
12-15 16:30:03.064 D/WindowManager(  628): Input focus has changed to null
12-15 16:30:03.065 I/WindowManager(  628): Focus moving from Window{1e73e36 u0 com.tal.genie.launcher/com.tal.genie.lockscreen.activity.LockScreenActivity} to null
12-15 16:30:03.093 V/WindowManager(  628): Removing focused app token:AppWindowToken{2a4f9dc token=Token{e72e4f ActivityRecord{84670ae u0 com.tal.genie.launcher/com.tal.genie.lockscreen.activity.LockScreenActivity t58}}}
12-15 16:30:03.152 I/WindowManager(  628): Relayout Window{9105584 u0 com.tal.genie.voice/com.tal.genie.dicbook.dic.DicResultActivity}: oldVis=4 newVis=0 focusMayChange = true
12-15 16:30:03.160 V/WindowManager(  628): Changing focus from null to Window{9105584 u0 com.tal.genie.voice/com.tal.genie.dicbook.dic.DicResultActivity} Callers=com.android.server.wm.WindowManagerService.relayoutWindow:2142 com.android.server.wm.Session.relayout:244 android.view.IWindowSession$Stub.onTransact:309 com.android.server.wm.Session.onTransact:164 
12-15 16:30:03.160 D/WindowManager(  628): Input focus has changed to Window{9105584 u0 com.tal.genie.voice/com.tal.genie.dicbook.dic.DicResultActivity}
12-15 16:30:03.162 I/WindowManager(  628): Focus moving from null to Window{9105584 u0 com.tal.genie.voice/com.tal.genie.dicbook.dic.DicResultActivity}
12-15 16:30:03.223 W/ContextImpl( 1148): Calling a method in the system process without a qualified user: android.app.ContextImpl.startService:1532 android.content.ContextWrapper.startService:664 android.content.ContextWrapper.startService:664 android.app.Activity.onEnterAnimationComplete:6662 android.app.Activity.dispatchEnterAnimationComplete:6673 
12-15 16:30:03.227 I/WindowManager(  628): Relayout Window{a317f57 u0 com.tal.genie.launcher/com.tal.genie.launcher.ui.main.MainActivity}: oldVis=4 newVis=0 focusMayChange = true
12-15 16:30:03.238 D/WindowManager(  628): Receive Input KeyEvent of Powerkey down, interactive=false
12-15 16:30:03.240 I/PowerManagerService(  628): Waking up from sleep (uid=1000 reason=android.policy:POWER)...
12-15 16:30:03.241 I/DisplayPowerController(  628): Blocking screen on until initial contents have been drawn.
12-15 16:30:03.242 E/KernelCpuSpeedReader(  628): Failed to read cpu-freq: /sys/devices/system/cpu/cpu0/cpufreq/stats/time_in_state (No such file or directory)
12-15 16:30:03.254 V/WindowManager(  628): Set focused app to: AppWindowToken{198f13e token=Token{d10bdf9 ActivityRecord{9672cc0 u0 com.tal.genie.voice/com.tal.genie.dicbook.dic.DicResultActivity t57}}} old focus=null moveFocusNow=true
12-15 16:30:03.275 W/UsageStatsService(  628): Event reported without a package name
12-15 16:30:03.301 I/WindowManager(  628): Waiting for drawn Window{a317f57 u0 com.tal.genie.launcher/com.tal.genie.launcher.ui.main.MainActivity}: removed=false visible=true mHasSurface=true drawState=1
12-15 16:30:03.301 I/WindowManager(  628): Waiting for drawn Window{9105584 u0 com.tal.genie.voice/com.tal.genie.dicbook.dic.DicResultActivity}: removed=false visible=true mHasSurface=true drawState=1
12-15 16:30:03.301 D/DisplayManagerService(  628): Delivering display event: displayId=0, event=2
12-15 16:30:03.312 I/WindowManager(  628): Waiting for drawn Window{a317f57 u0 com.tal.genie.launcher/com.tal.genie.launcher.ui.main.MainActivity}: removed=false visible=true mHasSurface=true drawState=1
12-15 16:30:03.312 I/WindowManager(  628): Waiting for drawn Window{9105584 u0 com.tal.genie.voice/com.tal.genie.dicbook.dic.DicResultActivity}: removed=false visible=true mHasSurface=true drawState=1
12-15 16:30:03.313 I/DisplayManagerService(  628): Display device changed state: "内置屏幕", ON
12-15 16:30:03.313 D/DisplayManagerService(  628): Delivering display event: displayId=0, event=2
12-15 16:30:03.321 I/WindowManager(  628): Waiting for drawn Window{a317f57 u0 com.tal.genie.launcher/com.tal.genie.launcher.ui.main.MainActivity}: removed=false visible=true mHasSurface=true drawState=1
12-15 16:30:03.321 I/WindowManager(  628): Waiting for drawn Window{9105584 u0 com.tal.genie.voice/com.tal.genie.dicbook.dic.DicResultActivity}: removed=false visible=true mHasSurface=true drawState=1
12-15 16:30:03.332 W/BroadcastQueue(  628): Background execution not allowed: receiving Intent { act=android.intent.action.USER_PRESENT flg=0x24200010 } to com.tal.genie.launcher/com.tal.genie.lockscreen.receiver.LockScreenReceiver
12-15 16:30:03.345 I/WindowManager(  628): Waiting for drawn Window{a317f57 u0 com.tal.genie.launcher/com.tal.genie.launcher.ui.main.MainActivity}: removed=false visible=true mHasSurface=true drawState=1
12-15 16:30:03.345 I/WindowManager(  628): Waiting for drawn Window{9105584 u0 com.tal.genie.voice/com.tal.genie.dicbook.dic.DicResultActivity}: removed=false visible=true mHasSurface=true drawState=1
12-15 16:30:03.350 I/WindowManager(  628): Waiting for drawn Window{a317f57 u0 com.tal.genie.launcher/com.tal.genie.launcher.ui.main.MainActivity}: removed=false visible=true mHasSurface=true drawState=1
12-15 16:30:03.350 I/WindowManager(  628): Waiting for drawn Window{9105584 u0 com.tal.genie.voice/com.tal.genie.dicbook.dic.DicResultActivity}: removed=false visible=true mHasSurface=true drawState=1
12-15 16:30:03.380 D/WindowManager(  628): Receive Input KeyEvent of Powerkey up, interactive=true, canceled=false
12-15 16:30:03.394 I/WindowManager(  628): Waiting for drawn Window{a317f57 u0 com.tal.genie.launcher/com.tal.genie.launcher.ui.main.MainActivity}: removed=false visible=true mHasSurface=true drawState=1
12-15 16:30:03.394 I/WindowManager(  628): Waiting for drawn Window{9105584 u0 com.tal.genie.voice/com.tal.genie.dicbook.dic.DicResultActivity}: removed=false visible=true mHasSurface=true drawState=4
12-15 16:30:03.394 D/WindowManager(  628): Window drawn win=Window{9105584 u0 com.tal.genie.voice/com.tal.genie.dicbook.dic.DicResultActivity}
12-15 16:30:03.429 I/WindowManager(  628): Waiting for drawn Window{a317f57 u0 com.tal.genie.launcher/com.tal.genie.launcher.ui.main.MainActivity}: removed=false visible=true mHasSurface=true drawState=1
12-15 16:30:03.512 I/WindowManager(  628): Waiting for drawn Window{a317f57 u0 com.tal.genie.launcher/com.tal.genie.launcher.ui.main.MainActivity}: removed=false visible=true mHasSurface=true drawState=3
12-15 16:30:03.517 I/WindowManager(  628): Waiting for drawn Window{a317f57 u0 com.tal.genie.launcher/com.tal.genie.launcher.ui.main.MainActivity}: removed=false visible=true mHasSurface=true drawState=4
12-15 16:30:03.518 D/WindowManager(  628): Window drawn win=Window{a317f57 u0 com.tal.genie.launcher/com.tal.genie.launcher.ui.main.MainActivity}
12-15 16:30:03.518 D/WindowManager(  628): All windows drawn!
12-15 16:30:03.535 D/WindowOrientationListener(  628): WindowOrientationListener enabled clearCurrentRotation=true
12-15 16:30:03.540 I/DisplayPowerController(  628): Unblocked screen on after 299 ms
12-15 16:30:03.549 W/ContextImpl( 1148): Calling a method in the system process without a qualified user: android.app.ContextImpl.sendBroadcast:1006 android.content.ContextWrapper.sendBroadcast:444 com.tal.genie.userdata.receiver.TokenUpdateManager.sendToken:40 com.tal.genie.userdata.LoginDataManager.updateALlLoginData:65 com.tal.genie.app_model.local.login.LocalLoginManagerProxy.cacheLoginData:42 
12-15 16:30:03.557 W/BroadcastQueue(  628): Background execution not allowed: receiving Intent { act=access.token.update.action flg=0x10 (has extras) } to com.tal.genie.rtc/.userdata.receiver.TokenUpdateReceiver
12-15 16:30:03.606 W/ContextImpl( 1148): Calling a method in the system process without a qualified user: android.app.ContextImpl.sendBroadcast:1006 android.content.ContextWrapper.sendBroadcast:444 com.tal.genie.userdata.receiver.TokenUpdateManager.sendToken:40 com.tal.genie.userdata.LoginDataManager.updateALlLoginData:65 com.tal.genie.app_model.local.login.LocalLoginManagerProxy.cacheLoginData:42 
12-15 16:30:03.623 W/BroadcastQueue(  628): Background execution not allowed: receiving Intent { act=access.token.update.action flg=0x10 (has extras) } to com.tal.genie.rtc/.userdata.receiver.TokenUpdateReceiver
12-15 16:30:03.652 W/PowerManagerService(  628): Screen on took 413 ms
12-15 16:30:03.693 W/ContextImpl( 1148): Calling a method in the system process without a qualified user: android.app.ContextImpl.sendBroadcast:1006 android.content.ContextWrapper.sendBroadcast:444 com.tal.genie.userdata.receiver.TokenUpdateManager.sendToken:40 com.tal.genie.userdata.LoginDataManager.updateALlLoginData:65 com.tal.genie.app_model.local.login.LocalLoginManagerProxy.cacheLoginData:42 
12-15 16:30:03.717 W/BroadcastQueue(  628): Background execution not allowed: receiving Intent { act=access.token.update.action flg=0x10 (has extras) } to com.tal.genie.rtc/.userdata.receiver.TokenUpdateReceiver
12-15 16:30:07.352 V/WindowManager(  628): Changing focus from Window{9105584 u0 com.tal.genie.voice/com.tal.genie.dicbook.dic.DicResultActivity} to Window{a317f57 u0 com.tal.genie.launcher/com.tal.genie.launcher.ui.main.MainActivity} Callers=com.android.server.wm.DisplayContent.layoutAndAssignWindowLayersIfNeeded:2447 com.android.server.wm.DisplayContent.positionStackAt:1911 com.android.server.wm.DisplayWindowController.positionChildAt:93 com.android.server.am.ActivityDisplay.positionChildAt:169 
12-15 16:30:07.352 D/WindowManager(  628): Input focus has changed to Window{a317f57 u0 com.tal.genie.launcher/com.tal.genie.launcher.ui.main.MainActivity}
12-15 16:30:07.353 I/WindowManager(  628): Focus moving from Window{9105584 u0 com.tal.genie.voice/com.tal.genie.dicbook.dic.DicResultActivity} to Window{a317f57 u0 com.tal.genie.launcher/com.tal.genie.launcher.ui.main.MainActivity}
12-15 16:30:07.381 D/DisplayManagerService(  628): Delivering display event: displayId=0, event=2
12-15 16:30:07.383 V/WindowManager(  628): Set focused app to: AppWindowToken{67c28c6 token=Token{ff77ea1 ActivityRecord{ab36708 u0 com.tal.genie.launcher/.ui.main.MainActivity t2}}} old focus=AppWindowToken{198f13e token=Token{d10bdf9 ActivityRecord{9672cc0 u0 com.tal.genie.voice/com.tal.genie.dicbook.dic.DicResultActivity t57}}} moveFocusNow=true
12-15 16:30:07.469 W/ContextImpl( 1148): Calling a method in the system process without a qualified user: android.app.ContextImpl.startService:1532 android.content.ContextWrapper.startService:664 android.content.ContextWrapper.startService:664 android.app.Activity.onEnterAnimationComplete:6662 android.app.Activity.dispatchEnterAnimationComplete:6673 
12-15 16:30:11.686 W/ContextImpl( 1148): Calling a method in the system process without a qualified user: android.app.ContextImpl.startActivity:900 android.content.ContextWrapper.startActivity:401 com.tal.genie.launcher.ui.voice.view.VoiceCallBackImplNew.toVoiceActivity:55 com.tal.genie.launcher.ui.voice.view.VoiceCallBackImplNew.toVoiceView:44 com.tal.genie.launcher.ui.voice.view.VoiceCallBackImplNew.start:38 
12-15 16:30:11.687 I/ActivityManager(  628): START u0 {flg=0x10000000 cmp=com.tal.genie.launcher/.ui.voice.VoiceNewActivity} from uid 1000
12-15 16:30:11.709 V/WindowManager(  628): Set focused app to: AppWindowToken{57a1a1 token=Token{bc23608 ActivityRecord{3784fab u0 com.tal.genie.launcher/.ui.voice.VoiceNewActivity t59}}} old focus=AppWindowToken{67c28c6 token=Token{ff77ea1 ActivityRecord{ab36708 u0 com.tal.genie.launcher/.ui.main.MainActivity t2}}} moveFocusNow=true
12-15 16:30:11.710 V/WindowManager(  628): findFocusedWindow: Reached focused app=AppWindowToken{57a1a1 token=Token{bc23608 ActivityRecord{3784fab u0 com.tal.genie.launcher/.ui.voice.VoiceNewActivity t59}}}
12-15 16:30:11.711 V/WindowManager(  628): Changing focus from Window{a317f57 u0 com.tal.genie.launcher/com.tal.genie.launcher.ui.main.MainActivity} to null Callers=com.android.server.wm.WindowManagerService.setFocusedApp:2638 com.android.server.am.ActivityManagerService.setResumedActivityUncheckLocked:3631 com.android.server.am.ActivityStack.onActivityStateChanged:498 com.android.server.am.TaskRecord.onActivityStateChanged:1794 
12-15 16:30:11.711 D/WindowManager(  628): Input focus has changed to null
12-15 16:30:11.712 I/WindowManager(  628): Focus moving from Window{a317f57 u0 com.tal.genie.launcher/com.tal.genie.launcher.ui.main.MainActivity} to null
12-15 16:30:11.712 W/ActivityManager(  628): Request to remove task ignored for non-existent task 58
12-15 16:30:11.839 I/WindowManager(  628): Relayout Window{c80519e u0 com.tal.genie.launcher/com.tal.genie.launcher.ui.voice.VoiceNewActivity}: oldVis=4 newVis=0 focusMayChange = true
12-15 16:30:11.844 V/WindowManager(  628): Changing focus from null to Window{c80519e u0 com.tal.genie.launcher/com.tal.genie.launcher.ui.voice.VoiceNewActivity} Callers=com.android.server.wm.WindowManagerService.relayoutWindow:2142 com.android.server.wm.Session.relayout:244 android.view.IWindowSession$Stub.onTransact:309 com.android.server.wm.Session.onTransact:164 
12-15 16:30:11.844 D/WindowManager(  628): Input focus has changed to Window{c80519e u0 com.tal.genie.launcher/com.tal.genie.launcher.ui.voice.VoiceNewActivity}
12-15 16:30:11.844 I/WindowManager(  628): Focus moving from null to Window{c80519e u0 com.tal.genie.launcher/com.tal.genie.launcher.ui.voice.VoiceNewActivity}
12-15 16:30:11.890 W/ContextImpl( 1148): Calling a method in the system process without a qualified user: android.app.ContextImpl.startService:1532 android.content.ContextWrapper.startService:664 android.content.ContextWrapper.startService:664 android.app.Activity.onEnterAnimationComplete:6662 android.app.Activity.dispatchEnterAnimationComplete:6673 
12-15 16:30:11.892 W/ContextImpl( 1148): Calling a method in the system process without a qualified user: android.app.ContextImpl.startService:1532 android.content.ContextWrapper.startService:664 android.content.ContextWrapper.startService:664 android.app.Activity.onEnterAnimationComplete:6662 android.app.Activity.dispatchEnterAnimationComplete:6673 
12-15 16:30:20.891 W/ContextImpl( 1148): Calling a method in the system process without a qualified user: android.app.ContextImpl.startActivity:900 android.content.ContextWrapper.startActivity:401 com.tal.genie.launcher.ui.voice.view.VoiceCallBackImplNew.toVoiceActivity:55 com.tal.genie.launcher.ui.voice.view.VoiceCallBackImplNew.toVoiceView:44 com.tal.genie.launcher.ui.voice.view.VoiceCallBackImplNew.start:38 
12-15 16:30:20.894 I/ActivityManager(  628): START u0 {flg=0x10000000 cmp=com.tal.genie.launcher/.ui.voice.VoiceNewActivity} from uid 1000
12-15 16:30:24.811 I/NetworkStatsRecorder(  628): recordSnapshotLocked: ident[[{type=WIFI, subType=COMBINED, networkId="TAL-Device", metered=false, defaultNetwork=true}]]
12-15 16:30:24.811 W/NetworkStatsRecorder(  628): unknown interfaces [lo], ignoring those stats
12-15 16:30:24.811 I/NetworkStatsRecorder(  628): recordSnapshotLocked: ident[[{type=WIFI, subType=COMBINED, networkId="TAL-Device", metered=false, defaultNetwork=true}]]
12-15 16:30:24.811 W/NetworkStatsRecorder(  628): unknown interfaces [lo], ignoring those stats
12-15 16:30:24.811 I/NetworkStatsRecorder(  628): recordSnapshotLocked: ident[[{type=WIFI, subType=COMBINED, networkId="TAL-Device", metered=false, defaultNetwork=true}]]
12-15 16:30:24.811 I/chatty  (  628): uid=1000(system) NetworkStats identical 2 lines
12-15 16:30:24.812 I/NetworkStatsRecorder(  628): recordSnapshotLocked: ident[[{type=WIFI, subType=COMBINED, networkId="TAL-Device", metered=false, defaultNetwork=true}]]
12-15 16:30:24.812 W/NetworkStatsRecorder(  628): unknown interfaces [lo], ignoring those stats
12-15 16:30:24.812 W/NetworkStatsRecorder(  628): unknown interfaces [lo], ignoring those stats
12-15 16:30:24.812 D/NetworkStatsRecorder(  628): forcePersistLocked() writing for dev
12-15 16:30:24.818 D/NetworkStatsRecorder(  628): forcePersistLocked() writing for xt
12-15 16:30:25.422 I/WindowManager(  628): Focus moving from Window{c80519e u0 com.tal.genie.launcher/com.tal.genie.launcher.ui.voice.VoiceNewActivity} to Window{a317f57 u0 com.tal.genie.launcher/com.tal.genie.launcher.ui.main.MainActivity}
12-15 16:30:25.426 I/ActivityManager(  628): START u0 {flg=0x10008000 cmp=com.tal.genie.voice/com.tal.genie.dicbook.dic.ListResultActivity} from uid 10027
12-15 16:30:25.468 I/WindowManager(  628): Focus moving from Window{a317f57 u0 com.tal.genie.launcher/com.tal.genie.launcher.ui.main.MainActivity} to null
12-15 16:30:25.657 I/WindowManager(  628): Relayout Window{c09850a u0 com.tal.genie.voice/com.tal.genie.dicbook.dic.ListResultActivity}: oldVis=4 newVis=0 focusMayChange = true
12-15 16:30:25.669 I/WindowManager(  628): Focus moving from null to Window{c09850a u0 com.tal.genie.voice/com.tal.genie.dicbook.dic.ListResultActivity}
12-15 16:30:39.137 I/WindowManager(  628): Focus moving from Window{c09850a u0 com.tal.genie.voice/com.tal.genie.dicbook.dic.ListResultActivity} to Window{a317f57 u0 com.tal.genie.launcher/com.tal.genie.launcher.ui.main.MainActivity}
12-15 16:30:39.228 W/ContextImpl( 1148): Calling a method in the system process without a qualified user: android.app.ContextImpl.startService:1532 android.content.ContextWrapper.startService:664 android.content.ContextWrapper.startService:664 android.app.Activity.onEnterAnimationComplete:6662 android.app.Activity.dispatchEnterAnimationComplete:6673 
12-15 16:30:39.431 W/ContextImpl( 1148): Calling a method in the system process without a qualified user: android.app.ContextImpl.sendBroadcast:1006 android.content.ContextWrapper.sendBroadcast:444 com.tal.genie.userdata.receiver.TokenUpdateManager.sendToken:40 com.tal.genie.userdata.LoginDataManager.updateALlLoginData:65 com.tal.genie.app_model.local.login.LocalLoginManagerProxy.cacheLoginData:42 
12-15 16:30:39.436 W/ContextImpl( 1148): Calling a method in the system process without a qualified user: android.app.ContextImpl.sendBroadcast:1006 android.content.ContextWrapper.sendBroadcast:444 com.tal.genie.userdata.receiver.TokenUpdateManager.sendToken:40 com.tal.genie.userdata.LoginDataManager.updateALlLoginData:65 com.tal.genie.app_model.local.login.LocalLoginManagerProxy.cacheLoginData:42 
12-15 16:30:39.468 W/BroadcastQueue(  628): Background execution not allowed: receiving Intent { act=access.token.update.action flg=0x10 (has extras) } to com.tal.genie.rtc/.userdata.receiver.TokenUpdateReceiver
12-15 16:30:39.470 W/BroadcastQueue(  628): Background execution not allowed: receiving Intent { act=access.token.update.action flg=0x10 (has extras) } to com.tal.genie.rtc/.userdata.receiver.TokenUpdateReceiver
12-15 16:30:39.505 W/ContextImpl( 1148): Calling a method in the system process without a qualified user: android.app.ContextImpl.sendBroadcast:1006 android.content.ContextWrapper.sendBroadcast:444 com.tal.genie.userdata.receiver.TokenUpdateManager.sendToken:40 com.tal.genie.userdata.LoginDataManager.updateALlLoginData:65 com.tal.genie.app_model.local.login.LocalLoginManagerProxy.cacheLoginData:42 
12-15 16:30:39.518 W/BroadcastQueue(  628): Background execution not allowed: receiving Intent { act=access.token.update.action flg=0x10 (has extras) } to com.tal.genie.rtc/.userdata.receiver.TokenUpdateReceiver
12-15 16:30:43.177 W/ContextImpl( 1148): Calling a method in the system process without a qualified user: android.app.ContextImpl.startActivity:900 android.content.ContextWrapper.startActivity:401 com.tal.genie.launcher.ui.voice.view.VoiceCallBackImplNew.toVoiceActivity:55 com.tal.genie.launcher.ui.voice.view.VoiceCallBackImplNew.toVoiceView:44 com.tal.genie.launcher.ui.voice.view.VoiceCallBackImplNew.start:38 
12-15 16:30:43.178 I/ActivityManager(  628): START u0 {flg=0x10000000 cmp=com.tal.genie.launcher/.ui.voice.VoiceNewActivity} from uid 1000
12-15 16:30:43.195 I/WindowManager(  628): Focus moving from Window{a317f57 u0 com.tal.genie.launcher/com.tal.genie.launcher.ui.main.MainActivity} to null
12-15 16:30:43.294 I/WindowManager(  628): Relayout Window{d31fb35 u0 com.tal.genie.launcher/com.tal.genie.launcher.ui.voice.VoiceNewActivity}: oldVis=4 newVis=0 focusMayChange = true
12-15 16:30:43.300 I/WindowManager(  628): Focus moving from null to Window{d31fb35 u0 com.tal.genie.launcher/com.tal.genie.launcher.ui.voice.VoiceNewActivity}
12-15 16:30:43.331 W/ContextImpl( 1148): Calling a method in the system process without a qualified user: android.app.ContextImpl.startService:1532 android.content.ContextWrapper.startService:664 android.content.ContextWrapper.startService:664 android.app.Activity.onEnterAnimationComplete:6662 android.app.Activity.dispatchEnterAnimationComplete:6673 
12-15 16:30:43.333 W/ContextImpl( 1148): Calling a method in the system process without a qualified user: android.app.ContextImpl.startService:1532 android.content.ContextWrapper.startService:664 android.content.ContextWrapper.startService:664 android.app.Activity.onEnterAnimationComplete:6662 android.app.Activity.dispatchEnterAnimationComplete:6673 
12-15 16:30:46.939 E/storaged(  472): getDiskStats failed with result NOT_SUPPORTED and size 0
12-15 16:30:48.104 I/WindowManager(  628): Focus moving from Window{d31fb35 u0 com.tal.genie.launcher/com.tal.genie.launcher.ui.voice.VoiceNewActivity} to Window{a317f57 u0 com.tal.genie.launcher/com.tal.genie.launcher.ui.main.MainActivity}
12-15 16:30:48.194 W/ContextImpl( 1148): Calling a method in the system process without a qualified user: android.app.ContextImpl.startService:1532 android.content.ContextWrapper.startService:664 android.content.ContextWrapper.startService:664 android.app.Activity.onEnterAnimationComplete:6662 android.app.Activity.dispatchEnterAnimationComplete:6673 
12-15 16:30:48.204 I/NetworkStatsRecorder(  628): recordSnapshotLocked: ident[[{type=WIFI, subType=COMBINED, networkId="TAL-Device", metered=false, defaultNetwork=true}]]
12-15 16:30:48.204 W/NetworkStatsRecorder(  628): unknown interfaces [lo], ignoring those stats
12-15 16:30:48.204 I/NetworkStatsRecorder(  628): recordSnapshotLocked: ident[[{type=WIFI, subType=COMBINED, networkId="TAL-Device", metered=false, defaultNetwork=true}]]
12-15 16:30:48.204 W/NetworkStatsRecorder(  628): unknown interfaces [lo], ignoring those stats
12-15 16:30:48.204 I/NetworkStatsRecorder(  628): recordSnapshotLocked: ident[[{type=WIFI, subType=COMBINED, networkId="TAL-Device", metered=false, defaultNetwork=true}]]
12-15 16:30:48.205 I/chatty  (  628): uid=1000(system) NetworkStats identical 1 line
12-15 16:30:48.205 I/NetworkStatsRecorder(  628): recordSnapshotLocked: ident[[{type=WIFI, subType=COMBINED, networkId="TAL-Device", metered=false, defaultNetwork=true}]]
12-15 16:30:48.205 W/NetworkStatsRecorder(  628): unknown interfaces [lo], ignoring those stats
12-15 16:30:48.205 W/NetworkStatsRecorder(  628): unknown interfaces [lo], ignoring those stats
12-15 16:30:49.203 I/UsageStatsService(  628): User[0] Flushing usage stats to disk
12-15 16:31:02.243 W/ContextImpl( 1148): Calling a method in the system process without a qualified user: android.app.ContextImpl.startActivity:900 android.content.ContextWrapper.startActivity:401 com.tal.genie.launcher.ui.voice.view.VoiceCallBackImplNew.toVoiceActivity:55 com.tal.genie.launcher.ui.voice.view.VoiceCallBackImplNew.toVoiceView:44 com.tal.genie.launcher.ui.voice.view.VoiceCallBackImplNew.start:38 
12-15 16:31:02.243 I/ActivityManager(  628): START u0 {flg=0x10000000 cmp=com.tal.genie.launcher/.ui.voice.VoiceNewActivity} from uid 1000
12-15 16:31:02.259 V/WindowManager(  628): Set focused app to: AppWindowToken{bcd8a3 token=Token{9a1bfd2 ActivityRecord{f201a5d u0 com.tal.genie.launcher/.ui.voice.VoiceNewActivity t62}}} old focus=AppWindowToken{67c28c6 token=Token{ff77ea1 ActivityRecord{ab36708 u0 com.tal.genie.launcher/.ui.main.MainActivity t2}}} moveFocusNow=true
12-15 16:31:02.259 V/WindowManager(  628): findFocusedWindow: Reached focused app=AppWindowToken{bcd8a3 token=Token{9a1bfd2 ActivityRecord{f201a5d u0 com.tal.genie.launcher/.ui.voice.VoiceNewActivity t62}}}
12-15 16:31:02.260 V/WindowManager(  628): Changing focus from Window{a317f57 u0 com.tal.genie.launcher/com.tal.genie.launcher.ui.main.MainActivity} to null Callers=com.android.server.wm.WindowManagerService.setFocusedApp:2638 com.android.server.am.ActivityManagerService.setResumedActivityUncheckLocked:3631 com.android.server.am.ActivityStack.onActivityStateChanged:498 com.android.server.am.TaskRecord.onActivityStateChanged:1794 
12-15 16:31:02.260 D/WindowManager(  628): Input focus has changed to null
12-15 16:31:02.261 I/WindowManager(  628): Focus moving from Window{a317f57 u0 com.tal.genie.launcher/com.tal.genie.launcher.ui.main.MainActivity} to null
12-15 16:31:02.392 I/WindowManager(  628): Relayout Window{3b5c182 u0 com.tal.genie.launcher/com.tal.genie.launcher.ui.voice.VoiceNewActivity}: oldVis=4 newVis=0 focusMayChange = true
12-15 16:31:02.396 V/WindowManager(  628): Changing focus from null to Window{3b5c182 u0 com.tal.genie.launcher/com.tal.genie.launcher.ui.voice.VoiceNewActivity} Callers=com.android.server.wm.WindowManagerService.relayoutWindow:2142 com.android.server.wm.Session.relayout:244 android.view.IWindowSession$Stub.onTransact:309 com.android.server.wm.Session.onTransact:164 
12-15 16:31:02.396 D/WindowManager(  628): Input focus has changed to Window{3b5c182 u0 com.tal.genie.launcher/com.tal.genie.launcher.ui.voice.VoiceNewActivity}
12-15 16:31:02.397 I/WindowManager(  628): Focus moving from null to Window{3b5c182 u0 com.tal.genie.launcher/com.tal.genie.launcher.ui.voice.VoiceNewActivity}
12-15 16:31:02.432 W/ContextImpl( 1148): Calling a method in the system process without a qualified user: android.app.ContextImpl.startService:1532 android.content.ContextWrapper.startService:664 android.content.ContextWrapper.startService:664 android.app.Activity.onEnterAnimationComplete:6662 android.app.Activity.dispatchEnterAnimationComplete:6673 
12-15 16:31:02.434 W/ContextImpl( 1148): Calling a method in the system process without a qualified user: android.app.ContextImpl.startService:1532 android.content.ContextWrapper.startService:664 android.content.ContextWrapper.startService:664 android.app.Activity.onEnterAnimationComplete:6662 android.app.Activity.dispatchEnterAnimationComplete:6673 
12-15 16:31:07.937 I/ActivityManager(  628): START u0 {flg=0x10000000 cmp=com.tal.genie.voice/com.tal.genie.dicbook.dic.ListResultActivity} from uid 10027
12-15 16:31:07.971 V/WindowManager(  628): Set focused app to: AppWindowToken{96b7001 token=Token{264c1e8 ActivityRecord{ce01f0b u0 com.tal.genie.voice/com.tal.genie.dicbook.dic.ListResultActivity t63}}} old focus=AppWindowToken{bcd8a3 token=Token{9a1bfd2 ActivityRecord{f201a5d u0 com.tal.genie.launcher/.ui.voice.VoiceNewActivity t62}}} moveFocusNow=true
12-15 16:31:07.972 V/WindowManager(  628): findFocusedWindow: Reached focused app=AppWindowToken{96b7001 token=Token{264c1e8 ActivityRecord{ce01f0b u0 com.tal.genie.voice/com.tal.genie.dicbook.dic.ListResultActivity t63}}}
12-15 16:31:07.972 V/WindowManager(  628): Changing focus from Window{3b5c182 u0 com.tal.genie.launcher/com.tal.genie.launcher.ui.voice.VoiceNewActivity} to null Callers=com.android.server.wm.WindowManagerService.setFocusedApp:2638 com.android.server.am.ActivityManagerService.setResumedActivityUncheckLocked:3631 com.android.server.am.ActivityStack.onActivityStateChanged:498 com.android.server.am.TaskRecord.onActivityStateChanged:1794 
12-15 16:31:07.972 D/WindowManager(  628): Input focus has changed to null
12-15 16:31:07.974 I/WindowManager(  628): Focus moving from Window{3b5c182 u0 com.tal.genie.launcher/com.tal.genie.launcher.ui.voice.VoiceNewActivity} to null
12-15 16:31:08.146 I/WindowManager(  628): Relayout Window{d95c5df u0 com.tal.genie.voice/com.tal.genie.dicbook.dic.ListResultActivity}: oldVis=4 newVis=0 focusMayChange = true
12-15 16:31:08.151 V/WindowManager(  628): Changing focus from null to Window{d95c5df u0 com.tal.genie.voice/com.tal.genie.dicbook.dic.ListResultActivity} Callers=com.android.server.wm.WindowManagerService.relayoutWindow:2142 com.android.server.wm.Session.relayout:244 android.view.IWindowSession$Stub.onTransact:309 com.android.server.wm.Session.onTransact:164 
12-15 16:31:08.151 D/WindowManager(  628): Input focus has changed to Window{d95c5df u0 com.tal.genie.voice/com.tal.genie.dicbook.dic.ListResultActivity}
12-15 16:31:08.153 I/WindowManager(  628): Focus moving from null to Window{d95c5df u0 com.tal.genie.voice/com.tal.genie.dicbook.dic.ListResultActivity}
12-15 16:31:30.534 W/ContextImpl( 1148): Calling a method in the system process without a qualified user: android.app.ContextImpl.startActivity:900 android.content.ContextWrapper.startActivity:401 com.tal.genie.launcher.ui.voice.view.VoiceCallBackImplNew.toVoiceActivity:55 com.tal.genie.launcher.ui.voice.view.VoiceCallBackImplNew.toVoiceView:44 com.tal.genie.launcher.ui.voice.view.VoiceCallBackImplNew.start:38 
12-15 16:31:30.534 I/ActivityManager(  628): START u0 {flg=0x10000000 cmp=com.tal.genie.launcher/.ui.voice.VoiceNewActivity} from uid 1000
12-15 16:31:30.552 V/WindowManager(  628): Set focused app to: AppWindowToken{ffb6651 token=Token{1c5f78 ActivityRecord{10478db u0 com.tal.genie.launcher/.ui.voice.VoiceNewActivity t64}}} old focus=AppWindowToken{96b7001 token=Token{264c1e8 ActivityRecord{ce01f0b u0 com.tal.genie.voice/com.tal.genie.dicbook.dic.ListResultActivity t63}}} moveFocusNow=true
12-15 16:31:30.553 V/WindowManager(  628): findFocusedWindow: Reached focused app=AppWindowToken{ffb6651 token=Token{1c5f78 ActivityRecord{10478db u0 com.tal.genie.launcher/.ui.voice.VoiceNewActivity t64}}}
12-15 16:31:30.553 V/WindowManager(  628): Changing focus from Window{d95c5df u0 com.tal.genie.voice/com.tal.genie.dicbook.dic.ListResultActivity} to null Callers=com.android.server.wm.WindowManagerService.setFocusedApp:2638 com.android.server.am.ActivityManagerService.setResumedActivityUncheckLocked:3631 com.android.server.am.ActivityStack.onActivityStateChanged:498 com.android.server.am.TaskRecord.onActivityStateChanged:1794 
12-15 16:31:30.553 D/WindowManager(  628): Input focus has changed to null
12-15 16:31:30.554 I/WindowManager(  628): Focus moving from Window{d95c5df u0 com.tal.genie.voice/com.tal.genie.dicbook.dic.ListResultActivity} to null
12-15 16:31:30.641 I/WindowManager(  628): Relayout Window{f2296a8 u0 com.tal.genie.launcher/com.tal.genie.launcher.ui.voice.VoiceNewActivity}: oldVis=4 newVis=0 focusMayChange = true
12-15 16:31:30.645 V/WindowManager(  628): Changing focus from null to Window{f2296a8 u0 com.tal.genie.launcher/com.tal.genie.launcher.ui.voice.VoiceNewActivity} Callers=com.android.server.wm.WindowManagerService.relayoutWindow:2142 com.android.server.wm.Session.relayout:244 android.view.IWindowSession$Stub.onTransact:309 com.android.server.wm.Session.onTransact:164 
12-15 16:31:30.645 D/WindowManager(  628): Input focus has changed to Window{f2296a8 u0 com.tal.genie.launcher/com.tal.genie.launcher.ui.voice.VoiceNewActivity}
12-15 16:31:30.646 I/WindowManager(  628): Focus moving from null to Window{f2296a8 u0 com.tal.genie.launcher/com.tal.genie.launcher.ui.voice.VoiceNewActivity}
12-15 16:31:30.706 W/ContextImpl( 1148): Calling a method in the system process without a qualified user: android.app.ContextImpl.startService:1532 android.content.ContextWrapper.startService:664 android.content.ContextWrapper.startService:664 android.app.Activity.onEnterAnimationComplete:6662 android.app.Activity.dispatchEnterAnimationComplete:6673 
12-15 16:31:30.708 W/ContextImpl( 1148): Calling a method in the system process without a qualified user: android.app.ContextImpl.startService:1532 android.content.ContextWrapper.startService:664 android.content.ContextWrapper.startService:664 android.app.Activity.onEnterAnimationComplete:6662 android.app.Activity.dispatchEnterAnimationComplete:6673 
12-15 16:31:36.561 W/ContextImpl( 1148): Calling a method in the system process without a qualified user: android.app.ContextImpl.startActivity:900 android.content.ContextWrapper.startActivity:401 com.tal.genie.launcher.ui.voice.view.VoiceCallBackImplNew.toVoiceActivity:55 com.tal.genie.launcher.ui.voice.view.VoiceCallBackImplNew.toVoiceView:44 com.tal.genie.launcher.ui.voice.view.VoiceCallBackImplNew.start:38 
12-15 16:31:36.562 I/ActivityManager(  628): START u0 {flg=0x10000000 cmp=com.tal.genie.launcher/.ui.voice.VoiceNewActivity} from uid 1000
12-15 16:31:40.368 I/NetworkStatsRecorder(  628): recordSnapshotLocked: ident[[{type=WIFI, subType=COMBINED, networkId="TAL-Device", metered=false, defaultNetwork=true}]]
12-15 16:31:40.368 W/NetworkStatsRecorder(  628): unknown interfaces [lo], ignoring those stats
12-15 16:31:40.368 I/NetworkStatsRecorder(  628): recordSnapshotLocked: ident[[{type=WIFI, subType=COMBINED, networkId="TAL-Device", metered=false, defaultNetwork=true}]]
12-15 16:31:40.368 W/NetworkStatsRecorder(  628): unknown interfaces [lo], ignoring those stats
12-15 16:31:40.368 I/NetworkStatsRecorder(  628): recordSnapshotLocked: ident[[{type=WIFI, subType=COMBINED, networkId="TAL-Device", metered=false, defaultNetwork=true}]]
12-15 16:31:40.368 I/chatty  (  628): uid=1000(system) NetworkStats identical 2 lines
12-15 16:31:40.368 I/NetworkStatsRecorder(  628): recordSnapshotLocked: ident[[{type=WIFI, subType=COMBINED, networkId="TAL-Device", metered=false, defaultNetwork=true}]]
12-15 16:31:40.368 W/NetworkStatsRecorder(  628): unknown interfaces [lo], ignoring those stats
12-15 16:31:40.369 W/NetworkStatsRecorder(  628): unknown interfaces [lo], ignoring those stats
12-15 16:31:40.369 D/NetworkStatsRecorder(  628): forcePersistLocked() writing for dev
12-15 16:31:40.377 D/NetworkStatsRecorder(  628): forcePersistLocked() writing for xt
12-15 16:31:40.657 I/NetworkStatsRecorder(  628): recordSnapshotLocked: ident[[{type=WIFI, subType=COMBINED, networkId="TAL-Device", metered=false, defaultNetwork=true}]]
12-15 16:31:40.657 W/NetworkStatsRecorder(  628): unknown interfaces [lo], ignoring those stats
12-15 16:31:40.657 I/NetworkStatsRecorder(  628): recordSnapshotLocked: ident[[{type=WIFI, subType=COMBINED, networkId="TAL-Device", metered=false, defaultNetwork=true}]]
12-15 16:31:40.657 W/NetworkStatsRecorder(  628): unknown interfaces [lo], ignoring those stats
12-15 16:31:40.657 I/NetworkStatsRecorder(  628): recordSnapshotLocked: ident[[{type=WIFI, subType=COMBINED, networkId="TAL-Device", metered=false, defaultNetwork=true}]]
12-15 16:31:40.657 W/NetworkStatsRecorder(  628): unknown interfaces [lo], ignoring those stats
12-15 16:31:40.657 W/NetworkStatsRecorder(  628): unknown interfaces [lo], ignoring those stats
12-15 16:31:40.657 D/NetworkStatsRecorder(  628): forcePersistLocked() writing for dev
12-15 16:31:40.664 D/NetworkStatsRecorder(  628): forcePersistLocked() writing for xt
--------- beginning of main
12-15 16:31:40.692 I/LongLinkLog( 1807): 38e\\\\u9e21\\\\u60b2\\\\u3002\\\\u5750\\\\u6101\\\\u7fa4\\\\u82b3\\\\u6b47\\\\uff0c\\\\u767d\\\\u9732\\\\u51cb\\\\u534e\\\\u6ecb\\\\u300247.\\u003c\\\\b\\u003e\\\\u5149\\\\u98ce\\\\u706d\\\\u5170\\\\u8559\\\\uff0c\\\\u767d\\\\u9732\\\\u6d12\\\\u8475\\\\u85ff\\\\u300248.\\u003c\\\\b\\u003e\\\\u82b3\\\\u8349\\\\u6b47\\\\u67d4\\\\u8273\\\\uff0c\\\\u767d\\\\u9732\\\\u50ac\\\\u5bd2\\\\u8863\\\\u30028.\\u003c\\\\b\\u003e\\\\u767d\\\\u9732\\\\u89c1\\\\u65e5\\\\u706d\\\\uff0c\\\\u7ea2\\\\u989c\\\\u968f\\\\u971c\\\\u51cb\\\\u30029.\\u003c\\\\b\\u003e\\\\u5929\\\\u6e05\\\\u767d\\\\u9732\\\\u4e0b\\\\uff0c\\\\u59cb\\\\u89c9\\\\u79cb\\\\u98ce\\\\u8fd8\\\\u300210.\\u003c\\\\b\\u003e\\\\u7389\\\\u87fe\\\\u79bb\\\\u6d77\\\\u4e0a\\\\uff0c\\\\u767d\\\\u9732\\\\u6e7f\\\\u82b1\\\\u65f6\\\\u300211.\\u003c\\\\b\\u003e\\\\u6e05\\\\u971c\\\\u5165\\\\u6653\\\\u9b13\\\\uff0c\\\\u767d\\\\u9732\\\\u751f\\\\u8863\\\\u5dfe\\\\u300212.\\u003c\\\\b\\u003e\\\\u5343\\\\u91d1\\\\u6563\\\\u4e49\\\\u58eb\\\\uff0c\\\\u56db\\\\u5750\\\\u65e0\\\\u51e1\\\\u5bbe\\\\u300213.\\u003c\\\\b\\u003e\\\\u9189\\\\u770b\\\\u58a8\\\\u82b1\\\\u6708\\\\u767d\\\\uff0c\\\\u604d\\\\u7591\\\\u96ea\\\\u6ee1\\\\u524d\\\\u6751\\\\u300240.\\u003c\\\\b\\u003e\\\\u51bb\\\\u7b14\\\\u65b0\\\\u8bd7\\\\u61d2\\\\u5199\\\\uff0c\\\\u5bd2\\\\u7089\\\\u7f8e\\\\u9152\\\\u65f6\\\\u6e29\\\\u300241.\\u003c\\\\b\\u003e\\\\u79e6\\\\u697c\\\\u51fa\\\\u4f73\\\\u4e3d\\\\uff0c\\\\u6b63\\\\u503c\\\\u671d\\\\u65e5\\\\u5149\\\\u300236.\\u003c\\\\b\\u003e\\\\u9732\\\\u6697\\\\u70df\\\\u6d53\\\\u8349\\\\u8272\\\\u65b0\\\\uff0c\\\\u4e00\\\\u7ffb\\\\u6d41\\\\u6c34\\\\u6ee1\\\\u6eaa\\\\u6625\\\\u300237.\\u003c\\\\b\\u003e\\\\u6625\\\\u5fc3\\\\u81ea\\\\u6447\\\\u8361\\\\uff0c\\\\u767e\\\\u820c\\\\u66f4\\\\u591a\\\\u8a00\\\\u300238.\\u003c\\\\b\\u003e\\\\u5384\\\\u78f4\\\\u5c42\\\\u5c42\\\\u4e0a\\\\u592a\\\\u534e\\\\uff0c\\\\u767d\\\\u4e91\\\\u6df1\\\\u5904\\\\u6709\\\\u4eba\\\\u5bb6\\\\u300239.\\u003c\\\\b\\u003e\\\\u77f3\\\\u7b0b\\\\u5982\\\\u5353\\\\u7b14\\\\uff0c\\\\u53bf\\\\u4e4b\\\\u5c71\\\\u4e4b\\\\u5dc5\\\\u300240.\\u003c\\\\b\\u003e\\\\u8c01\\\\u4e3a\\\\u4e0d\\\\u5e73\\\\u8005\\\\uff0c\\\\u4e0e\\\\u4e4b\\\\u4e66\\\\u9752\\\\u5929\\\\u300241.\\u003c\\\\b\\u003e\\\\u6653\\\\u5cf0\\\\u5982\\\\u753b\\\\u78a7\\\\u53c2\\\\u5dee\\\\uff0c\\\\u85e4\\\\u5f71\\\\u98ce\\\\u6447\\\\u62c2\\\\u69db\\\\u5782\\\\u300242.\\u003c\\\\b\\u003e\\\\u6ee1\\\\u7a97\\\\u660e\\\\u6708\\\\u5929\\\\u98ce\\\\u9759\\\\uff0c\\\\u7389\\\\u78ec\\\\u65f6\\\\u95fb\\\\u4e00\\\\u4e24\\\\u58f0\\\\u300243.\\u003c\\\\b\\u003e\\\\u516d\\\\u9f99\\\\u8fc7\\\\u4e07\\\\u58d1\\\\uff0c\\\\u6da7\\\\u8c37\\\\u968f\\\\u8426\\\\u56de\\\\u30027.\\u003c\\\\b\\u003e\\\\u5929\\\\u95e8\\\\u4e00\\\\u957f\\\\u5578\\\\uff0c\\\\u4e07\\\\u91cc\\\\u6e05\\\\u98ce\\\\u6765\\\\u30028.\\u003c\\\\b\\u003e\\\\u5e73\\\\u660e\\\\u767b\\\\u65e5\\\\u89c2\\\\uff0c\\\\u4e3e\\\\u624b\\\\u5f00\\\\u4e91\\\\u5173\\\\u30029.\\u003c\\\\b\\u003e\\\\u51ed\\\\u5d16\\\\u89c8\\\\u516b\\\\u6781\\\\uff0c\\\\u76ee\\\\u5c3d\\\\u957f\\\\u7a7a\\\\u95f2\\\\u300210.\\u003c\\\\b\\u003e\\\\u6500\\\\u5d16\\\\u4e0a\\\\u65e5\\\\u89c2\\\\uff0c\\\\u4f0f\\\\u69db\\\\u7aa5\\\\u4e1c\\\\u6e9f11.\\u003c\\\\b\\u003e\\\\u957f\\\\u677e\\\\u5165\\\\u9704\\\\u6c49\\\\uff0c\\\\u8fdc\\\\u671b\\\\u4e0d\\\\u76c8\\\\u5c3a\\\\u300212.\\u003c\\\\b\\u003e\\\\u5c71\\\\u82b1\\\\u5f02\\\\u4eba\\\\u95f4\\\\uff0c\\\\u4e94\\\\u6708\\\\u96ea\\\\u4e2d\\\\u767d\\\\u300213.\\u003c\\\\b\\u003e\\\\u5c71\\\\u660e\\\\u6708\\\\u9732\\\\u767d\\\\uff0c\\\\u591c\\\\u9759\\\\u677e\\\\u98ce\\\\u6b47\\\\u300214.\\u003c\\\\b\\u003e\\\\u521d\\\\u884c\\\\u82e5\\\\u7247\\\\u4e91\\\\uff0c\\\\u6773\\\\u5728\\\\u9752\\\\u5d16\\\\u95f4\\\\u300215.\\u003c\\\\b\\u003e\\\\u9ad8\\\\u9ad8\\\\u81f3\\\\u5929\\\\u95e8\\\\uff0c\\\\u65e5\\\\u89c2\\\\u8fd1\\\\u53ef\\\\u6500\\\\u300216.\\u003c\\\\b\\u003e\\\\u767d\\\\u5e1d\\\\u57ce\\\\u8fb9\\\\u8db3\\\\u98ce\\\\u6ce2\\\\uff0c\\\\u77bf\\\\u5858\\\\u4e94\\\\u6708\\\\u8c01\\\\u6562\\\\u8fc7\\\\u300234.\\u003c\\\\b\\u00
12-15 16:31:40.692 I/LongLinkLog( 1807): 3e\\\\u5deb\\\\u5c71\\\\u6795\\\\u969c\\\\u753b\\\\u9ad8\\\\u4e18\\\\uff0c\\\\u767d\\\\u5e1d\\\\u57ce\\\\u8fb9\\\\u6811\\\\u8272\\\\u79cb\\\\u300238.\\u003c\\\\b\\u003e\\\\u6614\\\\u522b\\\\u9ec4\\\\u9e64\\\\u697c\\\\uff0c\\\\u8e49\\\\u8dce\\\\u6dee\\\\u6d77\\\\u79cb\\\\u300237.\\u003c\\\\b\\u003e\\\\u6696\\\\u98ce\\\\u82b1\\\\u7ed5\\\\u6811\\\\uff0c\\\\u79cb\\\\u96e8\\\\u8349\\\\u6cbf\\\\u57ce\\\\u300247.\\u003c\\\\b\\u003e\\\\u70fd\\\\u706b\\\\u52a8\\\\u6c99\\\\u6f20\\\\uff0c\\\\u8fde\\\\u7167\\\\u7518\\\\u6cc9\\\\u4e91\\\\u300229.\\u003c\\\\b\\u003e\\\\u6b64\\\\u66f2\\\\u6709\\\\u610f\\\\u65e0\\\\u4eba\\\\u4f20\\\\uff0c\\\\u613f\\\\u968f\\\\u6625\\\\u98ce\\\\u5bc4\\\\u71d5\\\\u7136\\\\u300222.\\u003c\\\\b\\u003e\\\\u4e94\\\\u9675\\\\u5e74\\\\u5c11\\\\u91d1\\\\u5e02\\\\u4e1c\\\\uff0c\\\\u94f6\\\\u978d\\\\u767d\\\\u9a6c\\\\u5ea6\\\\u6625\\\\u98ce\\\\u300223.\\u003c\\\\b\\u003e\\\\u89e3\\\\u91ca\\\\u6625\\\\u98ce\\\\u65e0\\\\u9650\\\\u6068\\\\uff0c\\\\u6c89\\\\u9999\\\\u4ead\\\\u5317\\\\u501a\\\\u9611\\\\u5e72\\\\u300226.\\u003c\\\\b\\u003e\\\\u4f55\\\\u65f6\\\\u5929\\\\u72fc\\\\u706d\\\\uff1f\\\\u7236\\\\u5b50\\\\u5f97\\\\u5b89\\\\u95f2\\\\u300211.\\u003c\\\\b\\u003e\\\\u9e66\\\\u9e49\\\\u6765\\\\u8fc7\\\\u5434\\\\u6c5f\\\\u6c34\\\\uff0c\\\\u6c5f\\\\u4e0a\\\\u6d32\\\\u4f20\\\\u9e66\\\\u9e49\\\\u540d\\\\u300224.\\u003c\\\\b\\u003e\\\\u9e66\\\\u9e49\\\\u897f\\\\u98de\\\\u9647\\\\u5c71\\\\u53bb\\\\uff0c\\\\u82b3\\\\u6d32\\\\u4e4b\\\\u6811\\\\u4f55\\\\u9752\\\\u9752\\\\u300225.\\u003c\\\\b\\u003e\\\\u6d89\\\\u6c5f\\\\u5f04\\\\u79cb\\\\u6c34\\\\uff0c\\\\u7231\\\\u6b64\\\\u8377\\\\u82b1\\\\u9c9c\\\\u300229.\\u003c\\\\b\\u003e\\\\u6c5f\\\\u5317\\\\u8377\\\\u82b1\\\\u5f00\\\\uff0c\\\\u6c5f\\\\u5357\\\\u6768\\\\u6885\\\\u719f\\\\u300232.\\u003c\\\\b\\u003e\\\\u6570\\\\u679d\\\\u77f3\\\\u69b4\\\\u53d1\\\\uff0c\\\\u4e00\\\\u4e08\\\\u8377\\\\u82b1\\\\u5f00\\\\u300233.\\u003c\\\\b\\u003e\\\\u5b9d\\\\u5251\\\\u53cc\\\\u86df\\\\u9f99\\\\uff0c\\\\u96ea\\\\u82b1\\\\u7167\\\\u8299\\\\u84c9\\\\u300213.\\u003c\\\\b\\u003e\\\\u7476\\\\u53f0\\\\u96ea\\\\u82b1\\\\u6570\\\\u5343\\\\u70b9\\\\uff0c\\\\u7247\\\\u7247\\\\u5439\\\\u843d\\\\u6625\\\\u98ce\\\\u9999\\\\u300216.\\u003c\\\\b\\u003e\\\\u4ece\\\\u5179\\\\u4e00\\\\u522b\\\\u6b66\\\\u9675\\\\u53bb\\\\uff0c\\\\u53bb\\\\u540e\\\\u6843\\\\u82b1\\\\u6625\\\\u6c34\\\\u6df1\\\\u300247.\\u003c\\\\b\\u003e\\\\u6210\\\\u529f\\\\u89e3\\\\u76f8\\\\u8bbf\\\\uff0c\\\\u6eaa\\\\u6c34\\\\u6843\\\\u82b1\\\\u6d41\\\\u300248.\\u003c\\\\b\\u003e\\\\u5ba2\\\\u5fc3\\\\u6d17\\\\u6d41\\\\u6c34\\\\uff0c\\\\u4f59\\\\u54cd\\\\u5165\\\\u971c\\\\u949f\\\\u300248.\\u003c\\\\b\\u003e\\\\u6e05\\\\u733f\\\\u65ad\\\\u4eba\\\\u80a0\\\\uff0c\\\\u6e38\\\\u5b50\\\\u601d\\\\u6545\\\\u4e61\\\\u300241.\\u003c\\\\b\\u003e\\\\u6843\\\\u82b1\\\\u98de\\\\u7eff\\\\u6c34\\\\uff0c\\\\u4e09\\\\u6708\\\\u4e0b\\\\u77bf\\\\u5858\\\\u300231.\\u003c\\\\b\\u003e\\\\u79c0\\\\u7709\\\\u971c\\\\u96ea\\\\u989c\\\\u6843\\\\u82b1\\\\uff0c\\\\u9aa8\\\\u9752\\\\u9ad3\\\\u7eff\\\\u957f\\\\u7f8e\\\\u597d\\\\u300232.\\u003c\\\\b\\u003e\\\\u6d6e\\\\u5170\\\\u82b3\\\\u6ee1\\\\uff0c\\\\u8272\\\\u6da8\\\\u6843\\\\u82b1\\\\u7136\\\\u300233.\\u003c\\\\b\\u003e\\\\u6c34\\\\u4f5c\\\\u9752\\\\u9f99\\\\u76d8\\\\u77f3\\\\u5824\\\\uff0c\\\\u6843\\\\u82b1\\\\u5939\\\\u5cb8\\\\u9c81\\\\u95e8\\\\u897f\\\\u300234.\\u003c\\\\b\\u003e\\\\u65e5\\\\u843d\\\\u6c99\\\\u660e\\\\u5929\\\\u5012\\\\u5f00\\\\uff0c\\\\u6ce2\\\\u6447\\\\u77f3\\\\u52a8\\\\u6c34\\\\u8426\\\\u56de\\\\u300235.\\u003c\\\\b\\u003e\\\\u8fd8\\\\u60dc\\\\u8bd7\\\\u9152\\\\u522b\\\\uff0c\\\\u6df1\\\\u4e3a\\\\u6c5f\\\\u6d77\\\\u8a00\\\\u300236.\\u003c\\\\b\\u003e\\\\u6843\\\\u82b1\\\\u6625\\\\u6c34\\\\u751f\\\\uff0c\\\\u767d\\\\u77f3\\\\u4eca\\\\u51fa\\\\u6ca1\\\\u300237.\\u003c\\\\b\\u003e\\\\u8d35\\\\u8d31\\\\u7ed3\\\\u4ea4\\\\u5fc3\\\\u4e0d\\\\u79fb\\\\uff0c\\\\u552f\\\\u6709\\\\u4e25\\\\u9675\\\\u53ca\\\\u5149\\\\u6b66\\\\u300211.\\u003c\\\\b\\u003e\\\\u8f7b\\\\u8a00\\\\u6258\\\\u670b\\\\u53cb\\\\uff0c\\\\u5bf9\\
