--------- beginning of system
12-23 15:44:00.882 I/vold    (  273): Vold 3.0 (the awakening) firing up
12-23 15:44:00.882 V/vold    (  273): Detected support for: ext4 f2fs vfat
12-23 15:44:00.890 V/vold    (  273): Found unmanaged dm device named vroot
12-23 15:44:00.890 V/vold    (  273): Found unmanaged dm device named vendor
12-23 15:44:00.890 W/vold    (  273): Failed to LOOP_GET_STATUS64 /dev/block/loop2: No such device or address
12-23 15:44:00.890 W/vold    (  273): Failed to LOOP_GET_STATUS64 /dev/block/loop5: No such device or address
12-23 15:44:00.890 W/vold    (  273): Failed to LOOP_GET_STATUS64 /dev/block/loop1: No such device or address
12-23 15:44:00.890 W/vold    (  273): Failed to LOOP_GET_STATUS64 /dev/block/loop7: No such device or address
12-23 15:44:00.890 W/vold    (  273): Failed to LOOP_GET_STATUS64 /dev/block/loop4: No such device or address
12-23 15:44:00.890 W/vold    (  273): Failed to LOOP_GET_STATUS64 /dev/block/loop3: No such device or address
12-23 15:44:00.890 W/vold    (  273): Failed to LOOP_GET_STATUS64 /dev/block/loop0: No such device or address
12-23 15:44:00.890 W/vold    (  273): Failed to LOOP_GET_STATUS64 /dev/block/loop6: No such device or address
12-23 15:44:00.895 D/vold    (  273): VoldNativeService::start() completed OK
12-23 15:44:00.903 D/vold    (  273): e4crypt_init_user0
12-23 15:44:00.904 D/vold    (  273): e4crypt_prepare_user_storage for volume null, user 0, serial 0, flags 1
12-23 15:44:00.904 D/vold    (  273): Preparing: /data/system/users/0
12-23 15:44:00.904 D/vold    (  273): Preparing: /data/misc/profiles/cur/0
12-23 15:44:00.904 D/vold    (  273): Preparing: /data/system_de/0
12-23 15:44:00.904 D/vold    (  273): Preparing: /data/misc_de/0
12-23 15:44:00.904 D/vold    (  273): Preparing: /data/vendor_de/0
12-23 15:44:00.904 D/vold    (  273): Preparing: /data/user_de/0
12-23 15:44:00.904 V/vold    (  273): /system/bin/vold_prepare_subdirs
12-23 15:44:00.904 V/vold    (  273):     prepare
12-23 15:44:00.904 V/vold    (  273):     
12-23 15:44:00.904 V/vold    (  273):     0
12-23 15:44:00.904 V/vold    (  273):     1
12-23 15:44:00.944 D/vold    (  273): e4crypt_unlock_user_key 0 serial=0 token_present=0
12-23 15:44:00.944 E/vold    (  273): Failed to chmod /data/system_ce/0: No such file or directory
12-23 15:44:00.944 E/vold    (  273): Failed to chmod /data/misc_ce/0: No such file or directory
12-23 15:44:00.944 E/vold    (  273): Failed to chmod /data/media/0: No such file or directory
12-23 15:44:01.482 I/android.hardware.wifi@1.0-service-mediatek(  302): Wifi Hal is booting up...
12-23 15:44:01.576 D/BootLogoUpdater(  308): [boot_logo_updater main 186]boot_logo_updater,
12-23 15:44:01.577 E/BootLogoUpdater(  308): [boot_logo_updater]fail to open: /sys/class/BOOT/BOOT/boot/boot_mode
12-23 15:44:01.577 E/BootLogoUpdater(  308): [boot_logo_updater]update boot reason = 0, ret = 0
12-23 15:44:01.595 I/Cryptfs (  273): cryptfs_check_passwd
12-23 15:44:01.596 D/Cryptfs (  273): crypt_ftr->fs_size = 8729567
12-23 15:44:01.597 I/Cryptfs (  273): Using scrypt with keymaster for cryptfs KDF
12-23 15:44:02.079 I/Cryptfs (  273): Signing safely-padded object
12-23 15:44:02.087 I/vold    (  273): List of Keymaster HALs found:
12-23 15:44:02.087 I/vold    (  273): Keymaster HAL #1: SoftwareWrappedKeymaster2Device from Google SecurityLevel: TRUSTED_ENVIRONMENT HAL: android.hardware.keymaster@3.0::IKeymasterDevice/default
12-23 15:44:02.087 I/vold    (  273): Using SoftwareWrappedKeymaster2Device from Google for encryption.  Security level: TRUSTED_ENVIRONMENT, HAL: android.hardware.keymaster@3.0::IKeymasterDevice/default
12-23 15:44:02.522 I/Cryptfs (  273): Extra parameters for dm_crypt: 1 allow_discards
12-23 15:44:02.524 D/vold    (  273): Disk at 253:2 changed
12-23 15:44:02.942 I/Cryptfs (  273): Password matches
12-23 15:44:02.942 D/Cryptfs (  273): test_mount_encrypted_fs(): Master key saved
12-23 15:44:02.946 I/vold    (  273): List of Keymaster HALs found:
12-23 15:44:02.947 I/vold    (  273): Keymaster HAL #1: SoftwareWrappedKeymaster2Device from Google SecurityLevel: TRUSTED_ENVIRONMENT HAL: android.hardware.keymaster@3.0::IKeymasterDevice/default
12-23 15:44:02.947 I/vold    (  273): Using SoftwareWrappedKeymaster2Device from Google for encryption.  Security level: TRUSTED_ENVIRONMENT, HAL: android.hardware.keymaster@3.0::IKeymasterDevice/default
12-23 15:44:02.947 D/Cryptfs (  273): Password is default - restarting filesystem
12-23 15:44:02.966 D/Cryptfs (  273): unmounting /data succeeded
12-23 15:44:02.966 I/vold    (  273): [libfs_mgr]Running /system/bin/fsck.f2fs -a /dev/block/dm-2
12-23 15:44:03.048 I/vold    (  273): [libfs_mgr]__mount(source=/dev/block/dm-2,target=/data,type=f2fs)=0: Success
12-23 15:44:03.049 D/Cryptfs (  273): Just triggered post_fs_data
12-23 15:44:03.181 D/vold    (  273): e4crypt_init_user0
12-23 15:44:03.181 D/vold    (  273): e4crypt_prepare_user_storage for volume null, user 0, serial 0, flags 1
12-23 15:44:03.181 D/vold    (  273): Preparing: /data/system/users/0
12-23 15:44:03.181 D/vold    (  273): Preparing: /data/misc/profiles/cur/0
12-23 15:44:03.182 D/vold    (  273): Preparing: /data/system_de/0
12-23 15:44:03.183 D/vold    (  273): Preparing: /data/misc_de/0
12-23 15:44:03.183 D/vold    (  273): Preparing: /data/vendor_de/0
12-23 15:44:03.183 D/vold    (  273): Preparing: /data/user_de/0
12-23 15:44:03.184 V/vold    (  273): /system/bin/vold_prepare_subdirs
12-23 15:44:03.184 V/vold    (  273):     prepare
12-23 15:44:03.184 V/vold    (  273):     
12-23 15:44:03.184 V/vold    (  273):     0
12-23 15:44:03.184 V/vold    (  273):     1
12-23 15:44:03.219 D/vold    (  273): e4crypt_unlock_user_key 0 serial=0 token_present=0
12-23 15:44:03.324 D/Cryptfs (  273): post_fs_data done
12-23 15:44:03.326 D/Cryptfs (  273): Just triggered restart_framework
12-23 15:44:03.674 I/installd(  444): installd firing up
12-23 15:44:03.833 I/sn      (  473): Retry Times 15
12-23 15:44:03.833 I/sn      (  473): Sleep Time 10 sec
12-23 15:44:03.833 I/sn      (  473): Retry 0
12-23 15:44:03.833 I/sn      (  473): Fail to access err=2
12-23 15:44:03.833 I/chatty  (  473): uid=1000(system) identical 1 line
12-23 15:44:03.833 I/sn      (  473): Fail to access err=2
12-23 15:44:03.833 I/sn      (  473): Check all possible paths
12-23 15:44:03.909 I/wificond(  454): wificond is starting up...
12-23 15:44:05.166 D/TableOfContentThread(  447): TableOfContentThread Construct !0xae146288
12-23 15:44:08.405 I/SystemServer(  634): InitBeforeStartServices
12-23 15:44:08.405 I/SystemServer(  634): Entered the Android system server!
12-23 15:44:08.680 I/SystemServer(  634): StartServices
12-23 15:44:08.680 I/SystemServer(  634): Reading configuration...
12-23 15:44:08.680 I/SystemServer(  634): ReadingSystemConfig
12-23 15:44:08.681 I/SystemServer(  634): StartInstaller
12-23 15:44:08.681 I/SystemServiceManager(  634): Starting com.android.server.pm.Installer
12-23 15:44:08.683 I/SystemServer(  634): DeviceIdentifiersPolicyService
12-23 15:44:08.683 I/SystemServiceManager(  634): Starting com.android.server.os.DeviceIdentifiersPolicyService
12-23 15:44:08.684 I/SystemServer(  634): StartActivityManager
12-23 15:44:08.684 I/SystemServiceManager(  634): Starting com.android.server.am.ActivityManagerService$Lifecycle
12-23 15:44:08.699 I/SystemConfig(  634): Non-xml file /system/etc/permissions/pms_sysapp_removable_system_list.txt in /system/etc/permissions directory, ignoring
12-23 15:44:08.718 W/SystemConfig(  634): Got exception parsing permissions.
12-23 15:44:08.718 W/SystemConfig(  634): org.xmlpull.v1.XmlPullParserException: Unexpected start tag in /vendor/etc/permissions/media_codecs.xml: found MediaCodecs, expected 'permissions' or 'config'
12-23 15:44:08.718 W/SystemConfig(  634): 	at com.android.server.SystemConfig.readPermissionsFromXml(SystemConfig.java:398)
12-23 15:44:08.718 W/SystemConfig(  634): 	at com.android.server.SystemConfig.readPermissions(SystemConfig.java:362)
12-23 15:44:08.718 W/SystemConfig(  634): 	at com.android.server.SystemConfig.<init>(SystemConfig.java:304)
12-23 15:44:08.718 W/SystemConfig(  634): 	at com.android.server.SystemConfig.getInstance(SystemConfig.java:177)
12-23 15:44:08.718 W/SystemConfig(  634): 	at com.android.server.-$$Lambda$YWiwiKm_Qgqb55C6tTuq_n2JzdY.run(Unknown Source:0)
12-23 15:44:08.718 W/SystemConfig(  634): 	at java.util.concurrent.Executors$RunnableAdapter.call(Executors.java:458)
12-23 15:44:08.718 W/SystemConfig(  634): 	at java.util.concurrent.FutureTask.run(FutureTask.java:266)
12-23 15:44:08.718 W/SystemConfig(  634): 	at java.util.concurrent.ThreadPoolExecutor.runWorker(ThreadPoolExecutor.java:1167)
12-23 15:44:08.718 W/SystemConfig(  634): 	at java.util.concurrent.ThreadPoolExecutor$Worker.run(ThreadPoolExecutor.java:641)
12-23 15:44:08.718 W/SystemConfig(  634): 	at com.android.internal.util.ConcurrentUtils$1$1.run(ConcurrentUtils.java:62)
12-23 15:44:08.738 I/SystemConfig(  634): Non-xml file /vendor/etc/permissions/pms_sysapp_removable_vendor_list.txt in /vendor/etc/permissions directory, ignoring
12-23 15:44:08.921 I/ActivityManager(  634): Memory class: 128
12-23 15:44:08.928 D/BatteryStatsImpl(  634): Reading daily items from /data/system/batterystats-daily.xml
12-23 15:44:08.936 E/BatteryExternalStatsWorker(  634): no controller energy info supplied for telephony
12-23 15:44:08.936 E/KernelUidCpuFreqTimeReader(  634): Failed to read /proc/uid_time_in_state: java.io.FileNotFoundException: /proc/uid_time_in_state (No such file or directory)
12-23 15:44:08.942 W/KernelCpuProcReader(  634): File not exist: /proc/uid_cpupower/concurrent_active_time
12-23 15:44:08.942 W/KernelCpuProcReader(  634): File not exist: /proc/uid_cpupower/concurrent_policy_time
12-23 15:44:08.942 E/KernelCpuSpeedReader(  634): Failed to read cpu-freq: /sys/devices/system/cpu/cpu0/cpufreq/stats/time_in_state (No such file or directory)
12-23 15:44:08.943 W/KernelMemoryBandwidthStats(  634): No kernel memory bandwidth stats available
12-23 15:44:08.946 E/KernelUidCpuFreqTimeReader(  634): Failed to read /proc/uid_time_in_state: java.io.FileNotFoundException: /proc/uid_time_in_state (No such file or directory)
12-23 15:44:09.056 W/AppOps  (  634): Unknown attribute in 'op' tag: n
12-23 15:44:09.061 I/chatty  (  634): uid=1000 system_server identical 77 lines
12-23 15:44:09.061 W/AppOps  (  634): Unknown attribute in 'op' tag: n
12-23 15:44:09.064 I/IntentFirewall(  634): Read new rules (A:0 B:0 S:0)
12-23 15:44:09.073 D/AppOps  (  634): AppOpsService published
12-23 15:44:09.073 I/AnrManager(  634): startAnrManagerService
12-23 15:44:09.120 I/AnrManager(  634): prepareStackTraceFile: /data/anr/mtk_traces.txt
12-23 15:44:09.122 I/AnrManager(  634): prepareStackTraceFile: 
12-23 15:44:09.334 W/SystemServiceManager(  634): Service com.android.server.am.ActivityManagerService$Lifecycle took 262 ms in onStart
12-23 15:44:09.334 I/SystemServer(  634): StartPowerManager
12-23 15:44:09.334 I/SystemServiceManager(  634): Starting com.android.server.power.PowerManagerService
12-23 15:44:09.334 D/AmsExtImpl(  634): Crate local socket: duraspeed_memory
12-23 15:44:09.335 D/AmsExtImpl(  634): Waiting Client connected...
12-23 15:44:09.341 I/SystemServer(  634): InitPowerManagement
12-23 15:44:09.343 I/SystemServer(  634): StartRecoverySystemService
12-23 15:44:09.343 I/SystemServiceManager(  634): Starting com.android.server.RecoverySystemService
12-23 15:44:09.347 W/RescueParty(  634): Noticed 1 events for UID 0 in last 10 sec
12-23 15:44:09.347 I/SystemServer(  634): StartLightsService
12-23 15:44:09.347 I/SystemServiceManager(  634): Starting com.android.server.lights.LightsService
12-23 15:44:09.355 I/SystemServer(  634): StartSidekickService
12-23 15:44:09.355 I/SystemServer(  634): StartDisplayManager
12-23 15:44:09.356 I/SystemServiceManager(  634): Starting com.android.server.display.DisplayManagerService
12-23 15:44:09.362 I/SystemServer(  634): WaitForDisplay
12-23 15:44:09.362 I/SystemServiceManager(  634): Starting phase 100
12-23 15:44:09.366 D/DisplayManagerService(  634): waitForDefaultDisplay: waiting, timeout=10000
12-23 15:44:09.383 I/DisplayManagerService(  634): Display device added: DisplayDeviceInfo{"内置屏幕": uniqueId="local:0", 720 x 1600, modeId 1, defaultModeId 1, supportedModes [{id=1, width=720, height=1600, fps=57.07}], colorMode 0, supportedColorModes [0], HdrCapabilities android.view.Display$HdrCapabilities@40f16308, density 320, 169.333 x 236.279 dpi, appVsyncOff -5000000, presDeadline 23522341, touch INTERNAL, rotation 0, type BUILT_IN, state UNKNOWN, FLAG_DEFAULT_DISPLAY, FLAG_ROTATES_WITH_CONTENT, FLAG_SECURE, FLAG_SUPPORTS_PROTECTED_BUFFERS}
12-23 15:44:09.389 D/DisplayManagerService(  634): Delivering display event: displayId=0, event=1
12-23 15:44:09.390 I/DisplayManagerService(  634): Display device changed state: "内置屏幕", ON
12-23 15:44:09.390 I/SystemServer(  634): StartPackageManagerService
12-23 15:44:09.390 D/DisplayManagerService(  634): Delivering display event: displayId=0, event=2
12-23 15:44:09.443 D/SELinuxMMAC(  634): Using policy file /system/etc/selinux/plat_mac_permissions.xml
12-23 15:44:09.447 D/SELinuxMMAC(  634): Using policy file /vendor/etc/selinux/vendor_mac_permissions.xml
12-23 15:44:09.452 E/storaged(  453): getService package_native failed
12-23 15:44:09.456 I/storaged(  453): storaged: Start
12-23 15:44:09.456 E/storaged(  453): getDiskStats failed with result NOT_SUPPORTED and size 0
12-23 15:44:09.738 D/PackageManager(  634): GenieSkipPkgs /vendor/overlay/SysuiDarkTheme skip ? false
12-23 15:44:09.739 D/PackageManager(  634): GenieSkipPkgs /vendor/overlay/framework-res__auto_generated_rro.apk skip ? false
12-23 15:44:09.740 D/PackageManager(  634): GenieSkipPkgs /vendor/overlay/DisplayCutoutEmulationCorner skip ? false
12-23 15:44:09.741 D/PackageManager(  634): GenieSkipPkgs /vendor/overlay/DisplayCutoutEmulationDouble skip ? false
12-23 15:44:09.743 D/PackageManager(  634): GenieSkipPkgs /vendor/overlay/DisplayCutoutEmulationTall skip ? false
12-23 15:44:09.758 D/PackageManager(  634): GenieSkipPkgs /system/framework/arm skip ? false
12-23 15:44:09.759 D/PackageManager(  634): GenieSkipPkgs /system/framework/framework-res.apk skip ? false
12-23 15:44:09.760 D/PackageManager(  634): GenieSkipPkgs /system/framework/mediatek-res skip ? false
12-23 15:44:09.762 D/PackageManager(  634): GenieSkipPkgs /system/framework/oat skip ? false
12-23 15:44:09.763 W/PackageManager(  634): Failed to parse /system/framework/arm: Missing base APK in /system/framework/arm
12-23 15:44:09.765 W/PackageManager(  634): Failed to parse /system/framework/oat: Missing base APK in /system/framework/oat
12-23 15:44:09.786 D/PackageManager(  634): GenieSkipPkgs /system/priv-app/MtkPackageInstaller skip ? false
12-23 15:44:09.787 D/PackageManager(  634): GenieSkipPkgs /system/priv-app/MtkDownloadProviderUi skip ? false
12-23 15:44:09.787 D/PackageManager(  634): GenieSkipPkgs /system/priv-app/Shell skip ? false
12-23 15:44:09.788 D/PackageManager(  634): GenieSkipPkgs /system/priv-app/ProxyHandler skip ? false
12-23 15:44:09.790 D/PackageManager(  634): GenieSkipPkgs /system/priv-app/StatementService skip ? false
12-23 15:44:09.792 D/PackageManager(  634): GenieSkipPkgs /system/priv-app/InputDevices skip ? false
12-23 15:44:09.792 D/PackageManager(  634): GenieSkipPkgs /system/priv-app/EngineerMode skip ? false
12-23 15:44:09.793 D/PackageManager(  634): GenieSkipPkgs /system/priv-app/ExtServices skip ? false
12-23 15:44:09.793 D/PackageManager(  634): GenieSkipPkgs /system/priv-app/genie_launcher skip ? false
12-23 15:44:09.793 D/PackageManager(  634): GenieSkipPkgs /system/priv-app/DataProtection skip ? false
12-23 15:44:09.793 D/PackageManager(  634): GenieSkipPkgs /system/priv-app/MtkSettings skip ? false
12-23 15:44:09.793 D/PackageManager(  634): GenieSkipPkgs /system/priv-app/BlockedNumberProvider skip ? false
12-23 15:44:09.793 D/PackageManager(  634): GenieSkipPkgs /system/priv-app/MtkMediaProvider skip ? false
12-23 15:44:09.793 D/PackageManager(  634): GenieSkipPkgs /system/priv-app/FusedLocation skip ? false
12-23 15:44:09.793 D/PackageManager(  634): GenieSkipPkgs /system/priv-app/MtkContactsProvider skip ? false
12-23 15:44:09.793 D/PackageManager(  634): GenieSkipPkgs /system/priv-app/DefaultContainerService skip ? false
12-23 15:44:09.794 D/PackageManager(  634): GenieSkipPkgs /system/priv-app/MtkDocumentsUI skip ? false
12-23 15:44:09.794 D/PackageManager(  634): GenieSkipPkgs /system/priv-app/MtkSystemUI skip ? false
12-23 15:44:09.794 D/PackageManager(  634): GenieSkipPkgs /system/priv-app/MtkCarrierConfig skip ? false
12-23 15:44:09.794 D/PackageManager(  634): GenieSkipPkgs /system/priv-app/MtkCalendarProvider skip ? false
12-23 15:44:09.794 D/PackageManager(  634): GenieSkipPkgs /system/priv-app/SettingsIntelligence skip ? false
12-23 15:44:09.794 D/PackageManager(  634): GenieSkipPkgs /system/priv-app/SharedStorageBackup skip ? false
12-23 15:44:09.794 D/PackageManager(  634): GenieSkipPkgs /system/priv-app/DuraSpeed skip ? false
12-23 15:44:09.794 D/PackageManager(  634): GenieSkipPkgs /system/priv-app/ManagedProvisioning skip ? false
12-23 15:44:09.794 D/PackageManager(  634): GenieSkipPkgs /system/priv-app/WallpaperCropper skip ? false
12-23 15:44:09.794 D/PackageManager(  634): GenieSkipPkgs /system/priv-app/ExternalStorageProvider skip ? false
12-23 15:44:09.794 D/PackageManager(  634): GenieSkipPkgs /system/priv-app/MtpDocumentsProvider skip ? false
12-23 15:44:09.794 D/PackageManager(  634): GenieSkipPkgs /system/priv-app/UserDictionaryProvider skip ? false
12-23 15:44:09.794 D/PackageManager(  634): GenieSkipPkgs /system/priv-app/StorageManager skip ? false
12-23 15:44:09.795 D/PackageManager(  634): GenieSkipPkgs /system/priv-app/MtkDownloadProvider skip ? false
12-23 15:44:09.795 D/PackageManager(  634): GenieSkipPkgs /system/priv-app/BackupRestoreConfirmation skip ? false
12-23 15:44:09.795 D/PackageManager(  634): GenieSkipPkgs /system/priv-app/Provision skip ? false
12-23 15:44:09.795 D/PackageManager(  634): GenieSkipPkgs /system/priv-app/MtkSettingsProvider skip ? false
12-23 15:44:09.884 D/PackageManager(  634): GenieSkipPkgs /system/app/genie_task skip ? false
12-23 15:44:09.885 D/PackageManager(  634): GenieSkipPkgs /system/app/ExtShared skip ? false
12-23 15:44:09.886 D/PackageManager(  634): GenieSkipPkgs /system/app/webview skip ? false
12-23 15:44:09.887 D/PackageManager(  634): GenieSkipPkgs /system/app/KeyChain skip ? false
12-23 15:44:09.889 D/PackageManager(  634): GenieSkipPkgs /system/app/CompanionDeviceManager skip ? false
12-23 15:44:09.889 D/PackageManager(  634): GenieSkipPkgs /system/app/osgenie_BD skip ? false
12-23 15:44:09.890 D/PackageManager(  634): GenieSkipPkgs /system/app/CertInstaller skip ? false
12-23 15:44:09.890 D/PackageManager(  634): GenieSkipPkgs /system/app/genieATSCMDServer skip ? false
12-23 15:44:09.890 D/PackageManager(  634): GenieSkipPkgs /system/app/BuiltInPrintService skip ? false
12-23 15:44:09.890 D/PackageManager(  634): GenieSkipPkgs /system/app/MiraVision skip ? false
12-23 15:44:09.890 D/PackageManager(  634): GenieSkipPkgs /system/app/Protips skip ? false
12-23 15:44:09.890 D/PackageManager(  634): GenieSkipPkgs /system/app/genie_rtc skip ? false
12-23 15:44:09.890 D/PackageManager(  634): GenieSkipPkgs /system/app/genie_voice skip ? false
12-23 15:44:09.890 D/PackageManager(  634): GenieSkipPkgs /system/app/HTMLViewer skip ? false
12-23 15:44:09.890 D/PackageManager(  634): GenieSkipPkgs /system/app/genie_audio_message skip ? false
12-23 15:44:09.890 D/PackageManager(  634): GenieSkipPkgs /system/app/genie_ischoolbook skip ? false
12-23 15:44:09.890 D/PackageManager(  634): GenieSkipPkgs /system/app/NlpService skip ? false
12-23 15:44:09.890 D/PackageManager(  634): GenieSkipPkgs /system/app/LocationEM2 skip ? false
12-23 15:44:09.891 D/PackageManager(  634): GenieSkipPkgs /system/app/MtkWallpaperPicker skip ? false
12-23 15:44:09.891 D/PackageManager(  634): GenieSkipPkgs /system/app/SimRecoveryTestTool skip ? false
12-23 15:44:09.891 D/PackageManager(  634): GenieSkipPkgs /system/app/osgenie_wifisetup skip ? false
12-23 15:44:09.891 D/PackageManager(  634): GenieSkipPkgs /system/app/MTKLogger skip ? false
12-23 15:44:09.891 D/PackageManager(  634): GenieSkipPkgs /system/app/Camera skip ? false
12-23 15:44:09.892 D/PackageManager(  634): GenieSkipPkgs /system/app/FileManager skip ? false
12-23 15:44:09.892 D/PackageManager(  634): GenieSkipPkgs /system/app/WallpaperBackup skip ? false
12-23 15:44:09.892 D/PackageManager(  634): GenieSkipPkgs /system/app/genie_push skip ? false
12-23 15:44:09.892 D/PackageManager(  634): GenieSkipPkgs /system/app/Traceur skip ? false
12-23 15:44:09.892 D/PackageManager(  634): GenieSkipPkgs /system/app/PacProcessor skip ? false
12-23 15:44:09.892 D/PackageManager(  634): GenieSkipPkgs /system/app/MtkBluetooth skip ? false
12-23 15:44:09.892 D/PackageManager(  634): GenieSkipPkgs /system/app/PrintRecommendationService skip ? false
12-23 15:44:09.892 D/PackageManager(  634): GenieSkipPkgs /system/app/SensorHub skip ? false
12-23 15:44:09.892 D/PackageManager(  634): GenieSkipPkgs /system/app/genieATS skip ? false
12-23 15:44:09.892 D/PackageManager(  634): GenieSkipPkgs /system/app/LPPeService skip ? false
12-23 15:44:09.892 D/PackageManager(  634): GenieSkipPkgs /system/app/CaptivePortalLogin skip ? false
12-23 15:44:09.892 D/PackageManager(  634): GenieSkipPkgs /system/app/MtkGallery2 skip ? false
12-23 15:44:09.892 D/PackageManager(  634): GenieSkipPkgs /system/app/BluetoothMidiService skip ? false
12-23 15:44:09.893 D/PackageManager(  634): GenieSkipPkgs /system/app/EasterEgg skip ? false
12-23 15:44:09.893 D/PackageManager(  634): GenieSkipPkgs /system/app/genie_correct skip ? false
12-23 15:44:09.893 D/PackageManager(  634): GenieSkipPkgs /system/app/MtkLatinIME skip ? false
12-23 15:44:09.893 D/PackageManager(  634): GenieSkipPkgs /system/app/SecureElement skip ? false
12-23 15:44:10.007 D/PackageManager(  634): GenieSkipPkgs /vendor/app/MTKThermalManager skip ? false
12-23 15:44:10.018 I/PackageManager(  634): Finished scanning system apps. Time: 303 ms, packageCount: 81 , timePerPackage: 3 , cached: 81
12-23 15:44:10.019 I/PackageManager(  634): Finished scanning non-system apps. Time: 1 ms, packageCount: 0 , timePerPackage: 0 , cached: 0
12-23 15:44:10.027 I/PackageManager(  634): Time to scan packages: 0.312 seconds
12-23 15:44:10.030 W/PackageManager(  634): Privileged permission android.permission.RECOVERY for package com.tal.genie.launcher - not in privapp-permissions whitelist
12-23 15:44:10.030 W/PackageManager(  634): Privileged permission android.permission.DELETE_CACHE_FILES for package com.tal.genie.launcher - not in privapp-permissions whitelist
12-23 15:44:10.031 W/PackageManager(  634): Privileged permission android.permission.ACCESS_CACHE_FILESYSTEM for package com.tal.genie.launcher - not in privapp-permissions whitelist
12-23 15:44:10.031 W/PackageManager(  634): Privileged permission android.permission.REBOOT for package com.tal.genie.launcher - not in privapp-permissions whitelist
12-23 15:44:10.031 W/PackageManager(  634): Privileged permission android.permission.SHUTDOWN for package com.tal.genie.launcher - not in privapp-permissions whitelist
12-23 15:44:10.031 W/PackageManager(  634): Privileged permission android.permission.READ_LOGS for package com.tal.genie.launcher - not in privapp-permissions whitelist
12-23 15:44:10.035 V/PackageManager(  634): reconcileAppsData for null u0 0x3 migrateAppData=true
12-23 15:44:10.387 V/PackageManager(  634): reconcileAppsData finished 17 packages
12-23 15:44:10.611 I/SystemServer(  634): StartOtaDexOptService
12-23 15:44:10.612 D/OTADexopt(  634): No upgrade, skipping A/B artifacts check.
12-23 15:44:10.612 I/SystemServer(  634): StartUserManagerService
12-23 15:44:10.612 I/SystemServiceManager(  634): Starting com.android.server.pm.UserManagerService$LifeCycle
12-23 15:44:10.614 I/SystemServer(  634): InitAttributerCache
12-23 15:44:10.615 I/SystemServer(  634): SetSystemProcess
12-23 15:44:10.655 I/SystemServer(  634): StartOverlayManagerService
12-23 15:44:10.658 I/MtkSystemServerImpl(  634): startMtkBootstrapServices
12-23 15:44:10.658 I/SystemServer(  634): StartBatteryService
12-23 15:44:10.659 I/SystemServiceManager(  634): Starting com.android.server.BatteryService
12-23 15:44:10.677 E/BatteryExternalStatsWorker(  634): no controller energy info supplied for telephony
12-23 15:44:10.677 E/KernelUidCpuFreqTimeReader(  634): Failed to read /proc/uid_time_in_state: java.io.FileNotFoundException: /proc/uid_time_in_state (No such file or directory)
12-23 15:44:10.678 E/KernelCpuSpeedReader(  634): Failed to read cpu-freq: /sys/devices/system/cpu/cpu0/cpufreq/stats/time_in_state (No such file or directory)
12-23 15:44:10.693 E/KernelUidCpuFreqTimeReader(  634): Failed to read /proc/uid_time_in_state: java.io.FileNotFoundException: /proc/uid_time_in_state (No such file or directory)
12-23 15:44:10.702 I/HealthServiceWrapper(  634): health: HealthServiceWrapper listening to instance default
12-23 15:44:10.702 I/BatteryService(  634): health: Waited 0ms and received the update.
12-23 15:44:10.707 I/SystemServer(  634): StartUsageService
12-23 15:44:10.707 I/SystemServiceManager(  634): Starting com.android.server.usage.UsageStatsService
12-23 15:44:10.729 E/KernelUidCpuFreqTimeReader(  634): Failed to read /proc/uid_time_in_state: java.io.FileNotFoundException: /proc/uid_time_in_state (No such file or directory)
12-23 15:44:10.730 E/KernelCpuSpeedReader(  634): Failed to read cpu-freq: /sys/devices/system/cpu/cpu0/cpufreq/stats/time_in_state (No such file or directory)
12-23 15:44:10.733 E/KernelCpuSpeedReader(  634): Failed to read cpu-freq: /sys/devices/system/cpu/cpu0/cpufreq/stats/time_in_state (No such file or directory)
12-23 15:44:10.752 D/MtkOmxAdpcmDec(  455): MtkOmxAdpcmDec Construct !!!
12-23 15:44:10.752 I/UsageStatsService(  634): User[0] Rollover scheduled @ 2021-12-24 15:42:47(1640331767714)
12-23 15:44:10.753 I/SystemServer(  634): StartWebViewUpdateService
12-23 15:44:10.753 I/SystemServiceManager(  634): Starting com.android.server.webkit.WebViewUpdateService
12-23 15:44:10.755 D/MtkOmxAdpcmDec(  455): MtkOmxAdpcmDec Deconstruct !!!
12-23 15:44:10.761 I/SystemServer(  634): StartBinderCallsStatsService
12-23 15:44:10.765 D/MtkOmxAdpcmDec(  455): MtkOmxAdpcmDec Construct !!!
12-23 15:44:10.765 I/MtkSystemServerImpl(  634): startMtkCoreServices 
12-23 15:44:10.766 I/SystemServer(  634): StartKeyAttestationApplicationIdProviderService
12-23 15:44:10.766 I/SystemServer(  634): SecondaryZygotePreload
12-23 15:44:10.767 I/SystemServer(  634): StartKeyChainSystemService
12-23 15:44:10.768 I/SystemServiceManager(  634): Starting com.android.server.security.KeyChainSystemService
12-23 15:44:10.768 I/SystemServer(  634): StartSchedulingPolicyService
12-23 15:44:10.771 I/SystemServer(  634): StartEntropyMixer
12-23 15:44:10.771 D/MtkOmxAdpcmDec(  455): MtkOmxAdpcmDec Deconstruct !!!
12-23 15:44:10.777 I/EntropyMixer(  634): Added HW RNG output to entropy pool
12-23 15:44:10.777 I/EntropyMixer(  634): Writing entropy...
12-23 15:44:10.784 I/SystemServer(  634): StartAccountManagerService
12-23 15:44:10.785 I/SystemServiceManager(  634): Starting com.android.server.accounts.AccountManagerService$Lifecycle
12-23 15:44:10.797 I/SystemServer(  634): StartContentService
12-23 15:44:10.799 E/SystemServer(  634): Unable to preload default resources
12-23 15:44:10.801 I/SystemServiceManager(  634): Starting com.android.server.content.ContentService$Lifecycle
12-23 15:44:10.807 I/SystemServer(  634): InstallSystemProviders
12-23 15:44:10.818 D/MtkOmxApeDec(  455): MtkOmxApeDec::MtkOmxApeDec(APE) this= 0xab1c3a00
12-23 15:44:10.822 D/        (  303): create:in_size:5184,working_BUF_size:34908,out_size:5184
12-23 15:44:10.822 D/MtkOmxApeDec(  455): ctor:in_size:5184,out_size:5184
12-23 15:44:10.822 D/MtkOmxApeDec(  455): MtkOmxApeDec::InitAudioParams(APE)
12-23 15:44:10.837 D/MtkOmxApeDec(  455): ~dtor- this= 0xab1c3a00
12-23 15:44:10.880 D/MtkOmxGsmDec(  455): MtkOmxComponentCreate +++ !!!
12-23 15:44:10.881 D/MtkOmxGsmDec(  455): MtkOmxGsmDec Construct !!!
12-23 15:44:10.881 D/MtkOmxGsmDec(  455): Init Audio(GSM) Params!!!
12-23 15:44:10.882 D/MtkOmxGsmDec(  455): MtkOmxGsmDec Deconstruct !!!
12-23 15:44:10.893 D/MtkOmxMp3Dec(  455): JB MtkOmxMp3Dec::MtkOmxMp3Dec this= 0xab1c3a00
12-23 15:44:10.893 D/MtkOmxMp3Dec(  455): JB MtkOmxMp3Dec::InitAudioParams(MP3)
12-23 15:44:10.896 D/MtkOmxMp3Dec(  455): JB ~MtkOmxMp3Dec this= 0xab1c3a00
12-23 15:44:10.896 D/MtkOmxMp3Dec(  455): component has been DeInit before,return.
12-23 15:44:10.897 V/SettingsProvider(  634): packageValueForCallResult, name = null, value : Bundle[{_track_generation=android.util.MemoryIntArray@68, value=null, _generation_index=0, _generation=1}]
12-23 15:44:10.901 V/SettingsProvider(  634): packageValueForCallResult, name = multi_press_timeout, value : Bundle[{_track_generation=android.util.MemoryIntArray@68, value=300, _generation_index=1, _generation=1}]
12-23 15:44:10.902 V/SettingsProvider(  634): packageValueForCallResult, name = null, value : Bundle[{_track_generation=android.util.MemoryIntArray@68, value=null, _generation_index=2, _generation=1}]
12-23 15:44:10.903 D/MtkOmxMp3Dec(  455): JB MtkOmxMp3Dec::MtkOmxMp3Dec this= 0xab1c3a00
12-23 15:44:10.903 D/MtkOmxMp3Dec(  455): JB MtkOmxMp3Dec::InitAudioParams(MP3)
12-23 15:44:10.906 D/MtkOmxMp3Dec(  455): JB ~MtkOmxMp3Dec this= 0xab1c3a00
12-23 15:44:10.906 D/MtkOmxMp3Dec(  455): component has been DeInit before,return.
12-23 15:44:10.908 I/SystemServer(  634): StartDropBoxManager
12-23 15:44:10.908 I/SystemServiceManager(  634): Starting com.android.server.DropBoxManagerService
12-23 15:44:10.911 I/SystemServer(  634): StartVibratorService
12-23 15:44:10.926 I/SystemServer(  634): StartConsumerIrService
12-23 15:44:10.932 I/SystemServer(  634): StartAlarmManagerService
12-23 15:44:10.932 I/MtkSystemServerImpl(  634): startMtkAlarmManagerService
12-23 15:44:10.944 I/SystemServiceManager(  634): Starting com.mediatek.server.MtkAlarmManagerService
12-23 15:44:10.955 V/AlarmManager(  634): set(PendingIntent{bb1c9cb: PendingIntentRecord{430f5a8 android broadcastIntent}}) : type=3 triggerAtTime=61284 win=0 tElapsed=61284 maxElapsed=61284 interval=0 flags=0x1
12-23 15:44:10.956 V/AlarmManager(  634): set(PendingIntent{ba1f8c1: PendingIntentRecord{407e866 android broadcastIntent}}) : type=1 triggerAtTime=1640275200000 win=0 tElapsed=29761284 maxElapsed=29761284 interval=0 flags=0x1
12-23 15:44:10.961 I/SystemServer(  634): InitWatchdog
12-23 15:44:10.963 I/SystemServer(  634): StartInputManagerService
12-23 15:44:10.964 I/InputManager(  634): Initializing input manager, mUseDevInputEventForAudioJack=true
12-23 15:44:10.970 I/SystemServer(  634): StartWindowManagerService
12-23 15:44:10.984 I/WindowManager(  634): No existing display settings /data/system/display_settings.xml; starting empty
12-23 15:44:11.020 I/SystemServer(  634): SetWindowManagerService
12-23 15:44:11.071 V/WindowManager(  634): Adding display=Display id 0: DisplayInfo{"内置屏幕", uniqueId "local:0", app 720 x 1600, real 720 x 1600, largest app 720 x 1600, smallest app 720 x 1600, mode 1, defaultMode 1, modes [{id=1, width=720, height=1600, fps=57.07}], colorMode 0, supportedColorModes [0], hdrCapabilities android.view.Display$HdrCapabilities@40f16308, rotation 0, density 320 (169.333 x 236.279) dpi, layerStack 0, appVsyncOff -5000000, presDeadline 23522341, type BUILT_IN, state ON, FLAG_SECURE, FLAG_SUPPORTS_PROTECTED_BUFFERS, removeMode 0}, DisplayMetrics{density=2.0, width=720, height=1600, scaledDensity=2.0, xdpi=169.333, ydpi=236.279}, isValid=true
12-23 15:44:11.073 D/DisplayManagerService(  634): Delivering display event: displayId=0, event=2
12-23 15:44:11.074 D/WindowManager(  634): Registering PointerEventListener for DisplayId: 0
12-23 15:44:11.083 I/SystemServer(  634): WindowManagerServiceOnInitReady
12-23 15:44:11.091 D/WindowOrientationListener(  634): ctor: com.android.server.policy.PhoneWindowManager$MyOrientationListener@1922e4c
12-23 15:44:11.117 I/SystemServer(  634): StartVrManagerService
12-23 15:44:11.117 I/SystemServiceManager(  634): Starting com.android.server.vr.VrManagerService
12-23 15:44:11.128 I/SystemServer(  634): StartInputManager
12-23 15:44:11.128 I/InputManager(  634): Starting input manager
12-23 15:44:11.133 I/SystemServer(  634): DisplayManagerWindowManagerAndInputReady
12-23 15:44:11.133 I/SystemServer(  634): StartBluetoothService
12-23 15:44:11.133 I/SystemServiceManager(  634): Starting com.android.server.BluetoothService
12-23 15:44:11.143 D/BluetoothManagerService(  634): Detected SystemUiUid: 10020
12-23 15:44:11.143 I/SystemServer(  634): IpConnectivityMetrics
12-23 15:44:11.143 I/SystemServiceManager(  634): Starting com.android.server.connectivity.IpConnectivityMetrics
12-23 15:44:11.147 I/SystemServer(  634): NetworkWatchlistService
12-23 15:44:11.147 I/SystemServiceManager(  634): Starting com.android.server.net.watchlist.NetworkWatchlistService$Lifecycle
12-23 15:44:11.157 I/WatchlistSettings(  634): Reload watchlist settings done
12-23 15:44:11.159 I/SystemServer(  634): StartInputMethodManagerLifecycle
12-23 15:44:11.160 I/SystemServiceManager(  634): Starting com.android.server.InputMethodManagerService$Lifecycle
12-23 15:44:11.161 I/WatchlistLoggingHandler(  634): Start aggregating watchlist records.
12-23 15:44:11.201 I/SystemServer(  634): StartAccessibilityManagerService
12-23 15:44:11.207 I/SystemServer(  634): MakeDisplayReady
12-23 15:44:11.211 I/ActivityManager(  634): Config changes=20005df8 {1.0 ?mcc?mnc [zh_CN] ldltr sw360dp w360dp h800dp 320dpi nrml long port ?uimode ?night -touch -keyb/v/h -nav/h winConfig={ mBounds=Rect(0, 0 - 0, 0) mAppBounds=Rect(0, 0 - 720, 1600) mWindowingMode=fullscreen mActivityType=undefined} s.2}
12-23 15:44:11.234 I/ActivityManager(  634): Override config changes=60007dfc {1.0 ?mcc?mnc [zh_CN] ldltr sw360dp w360dp h800dp 320dpi nrml long port ?uimode ?night -touch -keyb/v/h -nav/h winConfig={ mBounds=Rect(0, 0 - 720, 1600) mAppBounds=Rect(0, 0 - 720, 1600) mWindowingMode=fullscreen mActivityType=undefined} s.2} for displayId=0
12-23 15:44:11.242 D/DisplayManagerService(  634): Delivering display event: displayId=0, event=2
12-23 15:44:11.290 I/ActivityManager(  634): Config changes=8 {1.0 ?mcc?mnc [zh_CN] ldltr sw360dp w360dp h800dp 320dpi nrml long port ?uimode ?night finger -keyb/v/h -nav/h winConfig={ mBounds=Rect(0, 0 - 0, 0) mAppBounds=Rect(0, 0 - 720, 1600) mWindowingMode=fullscreen mActivityType=undefined} s.3}
12-23 15:44:11.314 I/ActivityManager(  634): Override config changes=8 {1.0 ?mcc?mnc [zh_CN] ldltr sw360dp w360dp h800dp 320dpi nrml long port ?uimode ?night finger -keyb/v/h -nav/h winConfig={ mBounds=Rect(0, 0 - 720, 1600) mAppBounds=Rect(0, 0 - 720, 1600) mWindowingMode=fullscreen mActivityType=undefined} s.3} for displayId=0
12-23 15:44:11.324 I/SystemServer(  634): StartStorageManagerService
12-23 15:44:11.324 I/MtkSystemServerImpl(  634): PPL not supported, retruning, will start AOSP StorageManagerService
12-23 15:44:11.325 I/SystemServiceManager(  634): Starting com.android.server.StorageManagerService$Lifecycle
12-23 15:44:11.353 D/StorageManagerService(  634): Thinking about init, mSystemReady=false, mDaemonConnected=true
12-23 15:44:11.353 D/StorageManagerService(  634): Thinking about reset, mSystemReady=false, mDaemonConnected=true
12-23 15:44:11.353 I/SystemServer(  634): StartStorageStatsService
12-23 15:44:11.354 I/SystemServiceManager(  634): Starting com.android.server.usage.StorageStatsService$Lifecycle
12-23 15:44:11.363 I/SystemServer(  634): StartUiModeManager
12-23 15:44:11.364 I/SystemServiceManager(  634): Starting com.android.server.UiModeManagerService
12-23 15:44:11.369 D/vold    (  273): fdeGetField: value: ''
12-23 15:44:11.372 I/SystemServer(  634): UpdatePackagesIfNeeded
12-23 15:44:11.373 I/SystemServer(  634): PerformFstrimIfNeeded
12-23 15:44:11.374 I/ActivityManager(  634): Config changes=200 {1.0 ?mcc?mnc [zh_CN] ldltr sw360dp w360dp h800dp 320dpi nrml long port finger -keyb/v/h -nav/h winConfig={ mBounds=Rect(0, 0 - 0, 0) mAppBounds=Rect(0, 0 - 720, 1600) mWindowingMode=fullscreen mActivityType=undefined} s.4}
12-23 15:44:11.375 W/PackageManager(  634): No disk maintenance in 377941413375; running immediately
12-23 15:44:11.375 I/SystemServer(  634): StartLockSettingsService
12-23 15:44:11.376 I/StorageManagerService(  634): Running fstrim idle maintenance
12-23 15:44:11.376 I/SystemServiceManager(  634): Starting com.android.server.locksettings.LockSettingsService$Lifecycle
12-23 15:44:11.386 D/vold    (  273): Starting trim of /data
12-23 15:44:11.403 I/ActivityManager(  634): Override config changes=200 {1.0 ?mcc?mnc [zh_CN] ldltr sw360dp w360dp h800dp 320dpi nrml long port finger -keyb/v/h -nav/h winConfig={ mBounds=Rect(0, 0 - 720, 1600) mAppBounds=Rect(0, 0 - 720, 1600) mWindowingMode=fullscreen mActivityType=undefined} s.4} for displayId=0
12-23 15:44:11.408 I/vold    (  273): Trimmed 18446744073709551615 bytes on /data in 21ms
12-23 15:44:11.408 D/vold    (  273): Starting trim of /cache
12-23 15:44:11.416 I/SystemServer(  634): StartPersistentDataBlock
12-23 15:44:11.418 I/SystemServiceManager(  634): Starting com.android.server.PersistentDataBlockService
12-23 15:44:11.422 E/PersistentDataBlockService(  634): not able to find package 
12-23 15:44:11.422 E/PersistentDataBlockService(  634): android.content.pm.PackageManager$NameNotFoundException: 
12-23 15:44:11.422 E/PersistentDataBlockService(  634): 	at android.app.ApplicationPackageManager.getPackageUidAsUser(ApplicationPackageManager.java:299)
12-23 15:44:11.422 E/PersistentDataBlockService(  634): 	at com.android.server.PersistentDataBlockService.getAllowedUid(PersistentDataBlockService.java:113)
12-23 15:44:11.422 E/PersistentDataBlockService(  634): 	at com.android.server.PersistentDataBlockService.lambda$onStart$0(PersistentDataBlockService.java:126)
12-23 15:44:11.422 E/PersistentDataBlockService(  634): 	at com.android.server.-$$Lambda$PersistentDataBlockService$EZl9OYaT2eNL7kfSr2nKUBjxidk.run(Unknown Source:2)
12-23 15:44:11.422 E/PersistentDataBlockService(  634): 	at java.util.concurrent.Executors$RunnableAdapter.call(Executors.java:458)
12-23 15:44:11.422 E/PersistentDataBlockService(  634): 	at java.util.concurrent.FutureTask.run(FutureTask.java:266)
12-23 15:44:11.422 E/PersistentDataBlockService(  634): 	at java.util.concurrent.ThreadPoolExecutor.runWorker(ThreadPoolExecutor.java:1167)
12-23 15:44:11.422 E/PersistentDataBlockService(  634): 	at java.util.concurrent.ThreadPoolExecutor$Worker.run(ThreadPoolExecutor.java:641)
12-23 15:44:11.422 E/PersistentDataBlockService(  634): 	at com.android.internal.util.ConcurrentUtils$1$1.run(ConcurrentUtils.java:62)
12-23 15:44:11.427 I/OemLock (  634): OemLock HAL not present on device
12-23 15:44:11.430 I/SystemServer(  634): StartOemLockService
12-23 15:44:11.430 I/SystemServiceManager(  634): Starting com.android.server.oemlock.OemLockService
12-23 15:44:11.433 I/OemLock (  634): OemLock HAL not present on device
12-23 15:44:11.433 I/OemLock (  634): Using persistent data block based lock
12-23 15:44:11.436 I/SystemServer(  634): StartDeviceIdleController
12-23 15:44:11.436 I/SystemServiceManager(  634): Starting com.android.server.DeviceIdleController
12-23 15:44:11.447 I/SystemServer(  634): StartDevicePolicyManager
12-23 15:44:11.447 I/SystemServiceManager(  634): Starting com.android.server.devicepolicy.DevicePolicyManagerService$Lifecycle
12-23 15:44:11.472 I/SystemServer(  634): StartStatusBarManagerService
12-23 15:44:11.478 I/SystemServer(  634): StartClipboardService
12-23 15:44:11.478 I/SystemServiceManager(  634): Starting com.android.server.clipboard.ClipboardService
12-23 15:44:11.482 I/SystemServer(  634): StartNetworkManagementService
12-23 15:44:11.485 I/NetworkManagement(  634): onDaemonConnected()
12-23 15:44:11.490 I/SystemServer(  634): StartIpSecService
12-23 15:44:11.495 I/SystemServer(  634): StartTextServicesManager
12-23 15:44:11.495 I/SystemServiceManager(  634): Starting com.android.server.TextServicesManagerService$Lifecycle
12-23 15:44:11.499 I/SystemServer(  634): StartTextClassificationManagerService
12-23 15:44:11.500 I/SystemServiceManager(  634): Starting com.android.server.textclassifier.TextClassificationManagerService$Lifecycle
12-23 15:44:11.503 I/SystemServer(  634): StartNetworkScoreService
12-23 15:44:11.503 I/SystemServiceManager(  634): Starting com.android.server.NetworkScoreService$Lifecycle
12-23 15:44:11.509 I/SystemServer(  634): StartNetworkStatsService
12-23 15:44:11.675 D/MtkNetworkStatsService(  634): MtkNetworkStatsService starting up
12-23 15:44:11.679 I/SystemServer(  634): StartNetworkPolicyManagerService
12-23 15:44:11.693 I/SystemServer(  634): StartWifi
12-23 15:44:11.742 I/SystemServiceManager(  634): Starting com.android.server.wifi.WifiService
12-23 15:44:11.798 D/MtkOmxMp3Dec(  455): JB MtkOmxMp3Dec::MtkOmxMp3Dec this= 0xab1c3a00
12-23 15:44:11.798 D/MtkOmxMp3Dec(  455): JB MtkOmxMp3Dec::InitAudioParams(MP3)
12-23 15:44:11.847 D/MtkOmxMp3Dec(  455): JB +InitMp3Decoder
12-23 15:44:11.847 D/MtkOmxMp3Dec(  455): -InitMp3Decoder
12-23 15:44:11.918 I/vold    (  273): Trimmed 824520704 bytes on /cache in 509ms
12-23 15:44:11.918 D/vold    (  273): Starting trim of /mnt/vendor/nvdata
12-23 15:44:11.919 W/vold    (  273): Failed to open /mnt/vendor/nvdata: Permission denied
12-23 15:44:11.919 D/vold    (  273): Starting trim of /mnt/vendor/nvcfg
12-23 15:44:11.920 W/vold    (  273): Failed to open /mnt/vendor/nvcfg: Permission denied
12-23 15:44:12.130 I/SystemServer(  634): StartWifiScanning
12-23 15:44:12.133 I/SystemServiceManager(  634): Starting com.android.server.wifi.scanner.WifiScanningService
12-23 15:44:12.139 I/SystemServer(  634): StartWifiP2P
12-23 15:44:12.141 I/SystemServiceManager(  634): Starting com.android.server.wifi.p2p.WifiP2pService
12-23 15:44:12.166 D/WifiP2pService(  634): P2pDisabledState
12-23 15:44:12.169 I/SystemServer(  634): StartEthernet
12-23 15:44:12.171 I/SystemServiceManager(  634): Starting com.android.server.ethernet.EthernetService
12-23 15:44:12.174 I/SystemServer(  634): StartConnectivityService
12-23 15:44:12.258 D/MtkConnectivityService(  634): MtkConnectivityService starting up
12-23 15:44:12.267 D/MtkConnectivityService(  634): wifiOnly=false
12-23 15:44:12.268 E/MtkConnectivityService(  634): Error in networkAttributes - ignoring attempt to define type 49
12-23 15:44:12.268 E/MtkConnectivityService(  634): Ignoring protectedNetwork 10
12-23 15:44:12.268 E/MtkConnectivityService(  634): Ignoring protectedNetwork 11
12-23 15:44:12.268 E/MtkConnectivityService(  634): Ignoring protectedNetwork 12
12-23 15:44:12.268 E/MtkConnectivityService(  634): Ignoring protectedNetwork 14
12-23 15:44:12.268 E/MtkConnectivityService(  634): Ignoring protectedNetwork 15
12-23 15:44:12.335 D/MtkConnectivityService(  634): USP_SUPPORTED=false, isOp07=false
12-23 15:44:12.337 I/SystemServer(  634): StartNsdService
12-23 15:44:12.342 D/NsdService(  634): Network service discovery is enabled
12-23 15:44:12.351 I/SystemServer(  634): StartSystemUpdateManagerService
12-23 15:44:12.352 I/SystemUpdateManagerService(  634): No existing info file /data/system/system-update-info.xml
12-23 15:44:12.358 I/SystemServer(  634): StartUpdateLockService
12-23 15:44:12.362 I/SystemServer(  634): StartGeninLampManagerService
12-23 15:44:12.362 I/SystemServer(  634): LampManager Service is create
12-23 15:44:12.367 I/SystemServer(  634): StartNotificationManager
12-23 15:44:12.367 I/SystemServiceManager(  634): Starting com.android.server.notification.NotificationManagerService
12-23 15:44:12.396 D/ConditionProviders.SCP(  634): new ScheduleConditionProvider()
12-23 15:44:12.418 D/NotificationAssistants(  634): Approving default notification assistant for user 0
12-23 15:44:12.429 W/SystemServiceManager(  634): Service com.android.server.notification.NotificationManagerService took 57 ms in onStart
12-23 15:44:12.434 I/SystemServer(  634): StartDeviceMonitor
12-23 15:44:12.434 I/SystemServiceManager(  634): Starting com.android.server.storage.DeviceStorageMonitorService
12-23 15:44:12.441 I/SystemServer(  634): StartLocationManagerService
12-23 15:44:12.446 I/SystemServer(  634): StartCountryDetectorService
12-23 15:44:12.448 I/SystemServer(  634): StartSearchManagerService
12-23 15:44:12.449 I/SystemServiceManager(  634): Starting com.android.server.search.SearchManagerService$Lifecycle
12-23 15:44:12.453 I/SystemServer(  634): StartWallpaperManagerService
12-23 15:44:12.453 I/SystemServiceManager(  634): Starting com.android.server.wallpaper.WallpaperManagerService$Lifecycle
12-23 15:44:12.458 I/SystemServer(  634): StartAudioService
12-23 15:44:12.459 I/SystemServiceManager(  634): Starting com.android.server.audio.AudioService$Lifecycle
12-23 15:44:12.471 V/SettingsProvider(  634): name : mode_ringer_streams_affected appId : 1000
12-23 15:44:12.638 I/SystemServer(  634): StartDockObserver
12-23 15:44:12.638 I/SystemServiceManager(  634): Starting com.android.server.DockObserver
12-23 15:44:12.639 W/DockObserver(  634): This kernel does not have dock station support
12-23 15:44:12.648 I/SystemServer(  634): StartWiredAccessoryManager
12-23 15:44:12.650 W/WiredAccessoryManager(  634): This kernel does not have usb audio support
12-23 15:44:12.655 W/WiredAccessoryManager(  634): This kernel does not have HDMI audio support
12-23 15:44:12.656 I/SystemServer(  634): StartMidiManager
12-23 15:44:12.656 I/SystemServiceManager(  634): Starting com.android.server.midi.MidiService$Lifecycle
12-23 15:44:12.660 I/SystemServer(  634): StartUsbService
12-23 15:44:12.661 I/SystemServiceManager(  634): Starting com.android.server.usb.UsbService$Lifecycle
12-23 15:44:12.668 E/UsbDeviceManager(  634): failed to write to /sys/class/android_usb/android0/f_rndis/ethaddr
12-23 15:44:12.673 I/UsbDeviceManager(  634): USB GADGET HAL not present in the device
12-23 15:44:12.673 I/UsbDeviceManager(  634): java.util.NoSuchElementException
12-23 15:44:12.673 I/UsbDeviceManager(  634): 	at android.os.HwBinder.getService(Native Method)
12-23 15:44:12.673 I/UsbDeviceManager(  634): 	at android.hardware.usb.gadget.V1_0.IUsbGadget.getService(IUsbGadget.java:40)
12-23 15:44:12.673 I/UsbDeviceManager(  634): 	at android.hardware.usb.gadget.V1_0.IUsbGadget.getService(IUsbGadget.java:44)
12-23 15:44:12.673 I/UsbDeviceManager(  634): 	at com.android.server.usb.UsbDeviceManager.<init>(UsbDeviceManager.java:267)
12-23 15:44:12.673 I/UsbDeviceManager(  634): 	at com.android.server.usb.UsbService.<init>(UsbService.java:139)
12-23 15:44:12.673 I/UsbDeviceManager(  634): 	at com.android.server.usb.UsbService$Lifecycle.onStart(UsbService.java:73)
12-23 15:44:12.673 I/UsbDeviceManager(  634): 	at com.android.server.SystemServiceManager.startService(SystemServiceManager.java:126)
12-23 15:44:12.673 I/UsbDeviceManager(  634): 	at com.android.server.SystemServiceManager.startService(SystemServiceManager.java:113)
12-23 15:44:12.673 I/UsbDeviceManager(  634): 	at com.android.server.SystemServiceManager.startService(SystemServiceManager.java:72)
12-23 15:44:12.673 I/UsbDeviceManager(  634): 	at com.android.server.SystemServer.startOtherServices(SystemServer.java:1362)
12-23 15:44:12.673 I/UsbDeviceManager(  634): 	at com.android.server.SystemServer.run(SystemServer.java:450)
12-23 15:44:12.673 I/UsbDeviceManager(  634): 	at com.android.server.SystemServer.main(SystemServer.java:305)
12-23 15:44:12.673 I/UsbDeviceManager(  634): 	at java.lang.reflect.Method.invoke(Native Method)
12-23 15:44:12.673 I/UsbDeviceManager(  634): 	at com.android.internal.os.RuntimeInit$MethodAndArgsCaller.run(RuntimeInit.java:493)
12-23 15:44:12.673 I/UsbDeviceManager(  634): 	at com.android.internal.os.ZygoteInit.main(ZygoteInit.java:891)
12-23 15:44:12.673 E/UsbDeviceManager(  634): Failed to open control for mtp
12-23 15:44:12.673 E/UsbDeviceManager(  634): Failed to open control for mtp
12-23 15:44:12.722 I/UsbPortManager(  634): Usb hal service started android.hardware.usb@1.0::IUsb default
12-23 15:44:12.743 W/SystemServiceManager(  634): Service com.android.server.usb.UsbService$Lifecycle took 82 ms in onStart
12-23 15:44:12.744 I/SystemServer(  634): StartSerialService
12-23 15:44:12.746 I/SystemServer(  634): StartHardwarePropertiesManagerService
12-23 15:44:12.751 I/SystemServer(  634): StartTwilightService
12-23 15:44:12.751 I/SystemServiceManager(  634): Starting com.android.server.twilight.TwilightService
12-23 15:44:12.752 I/SystemServer(  634): StartNightDisplay
12-23 15:44:12.752 I/SystemServiceManager(  634): Starting com.android.server.display.ColorDisplayService
12-23 15:44:12.753 I/SystemServer(  634): StartJobScheduler
12-23 15:44:12.753 I/SystemServiceManager(  634): Starting com.android.server.job.JobSchedulerService
12-23 15:44:12.767 D/JobStore(  634): Start tag: job-info
12-23 15:44:12.772 I/JobStore(  634): Read 2 jobs
12-23 15:44:12.792 I/SystemServer(  634): StartSoundTrigger
12-23 15:44:12.792 I/SystemServiceManager(  634): Starting com.android.server.soundtrigger.SoundTriggerService
12-23 15:44:12.796 I/SystemServer(  634): StartTrustManager
12-23 15:44:12.796 I/SystemServiceManager(  634): Starting com.android.server.trust.TrustManagerService
12-23 15:44:12.799 I/SystemServer(  634): StartBackupManager
12-23 15:44:12.799 I/SystemServiceManager(  634): Starting com.android.server.backup.BackupManagerService$Lifecycle
12-23 15:44:12.803 I/SystemServer(  634): StartAppWidgerService
12-23 15:44:12.804 I/SystemServiceManager(  634): Starting com.android.server.appwidget.AppWidgetService
