12-23 17:23:54.174 W/ndroid.settings( 5146): type=1400 audit(0.0:10464): avc: denied { read } for name="vmallocinfo" dev="proc" ino=4026532076 scontext=u:r:system_app:s0 tcontext=u:object_r:proc_vmallocinfo:s0 tclass=file permissive=0
12-23 17:23:54.174 W/ndroid.settings( 5146): type=1400 audit(0.0:10465): avc: denied { read } for name="buffer_total_size_kb" dev="tracefs" ino=50 scontext=u:r:system_app:s0 tcontext=u:object_r:debugfs_tracing_debug:s0 tclass=file permissive=0
12-23 17:23:54.177 W/android.os.Debug( 5146): Unable to open /sys/kernel/debug/shrinker: No such file or directory
12-23 17:23:54.177 W/android.os.Debug( 5146): Unable to open /sys/kernel/debug/tracing/buffer_total_size_kb: Permission denied
12-23 17:23:54.177 E/android.os.Debug( 5146): open dir: /d/ion/clients/.
12-23 17:23:54.190 W/ProcStatsManager( 5146): No process com.android.keychain/1000 for service com.android.keychain.KeyChainService
12-23 17:23:54.190 W/ProcStatsManager( 5146): No process android.ext.services/10009 for service android.ext.services.storage.CacheQuotaServiceImpl
12-23 17:23:54.274 I/DeviceIndex( 5146): Skipping: device index is not enabled
12-23 17:23:54.284 W/TileUtils( 5146): Found com.android.settings.Settings$NotificationAppListActivity for intent Intent { act=com.android.settings.action.SETTINGS pkg=com.android.settings } missing metadata com.android.settings.category
12-23 17:23:54.290 W/android.os.Debug( 5146): Unable to open /sys/kernel/debug/shrinker: No such file or directory
12-23 17:23:54.291 W/android.os.Debug( 5146): Unable to open /sys/kernel/debug/tracing/buffer_total_size_kb: Permission denied
12-23 17:23:54.291 E/android.os.Debug( 5146): open dir: /d/ion/clients/.
12-23 17:23:54.300 W/ProcStatsManager( 5146): No process com.android.keychain/1000 for service com.android.keychain.KeyChainService
12-23 17:23:54.300 W/ProcStatsManager( 5146): No process android.ext.services/10009 for service android.ext.services.storage.CacheQuotaServiceImpl
12-23 17:23:54.303 W/Settings( 5146): Setting bugreport_in_power_menu has moved from android.provider.Settings.Secure to android.provider.Settings.Global.
12-23 17:23:54.351 E/WifiVendorHal(  634): getWifiLinkLayerStats(l.937) failed {.code = ERROR_NOT_SUPPORTED, .description = }
12-23 17:23:54.386 I/WindowManager(  634): Relayout Window{a6c5a01 u0 com.android.settings/com.android.settings.SubSettings}: oldVis=4 newVis=0 focusMayChange = true
12-23 17:23:54.389 I/BufferQueue(  313): [unnamed-313-57](this:0xad9a6000,id:57,api:0,p:-1,c:-1) BufferQueue core=(313:/system/bin/surfaceflinger)
12-23 17:23:54.390 I/BufferQueueConsumer(  313): [unnamed-313-57](this:0xad9a6000,id:57,api:0,p:-1,c:313) connect(C): consumer=(313:/system/bin/surfaceflinger) controlledByApp=false
12-23 17:23:54.390 I/BufferQueueConsumer(  313): [unnamed-313-57](this:0xad9a6000,id:57,api:0,p:-1,c:313) setConsumerName: unnamed-313-57
12-23 17:23:54.390 I/BufferQueueConsumer(  313): [com.android.settings/com.android.settings.SubSettings#0](this:0xad9a6000,id:57,api:0,p:-1,c:313) setConsumerName: com.android.settings/com.android.settings.SubSettings#0
12-23 17:23:54.390 I/BufferQueueConsumer(  313): [com.android.settings/com.android.settings.SubSettings#0](this:0xad9a6000,id:57,api:0,p:-1,c:313) setDefaultBufferSize: width=720 height=1600
12-23 17:23:54.391 I/WindowManager(  634): Focus moving from null to Window{a6c5a01 u0 com.android.settings/com.android.settings.SubSettings}
12-23 17:23:54.393 I/BufferQueueProducer(  313): [com.android.settings/com.android.settings.SubSettings#0](this:0xad9a6000,id:57,api:1,p:5146,c:313) connect(P): api=1 producer=(5146:com.android.settings) producerControlledByApp=true
12-23 17:23:54.602 I/ActivityManager(  634): Displayed com.android.settings/.SubSettings: +538ms
12-23 17:23:54.873 I/vendor.mediatek.hardware.power@2.0-impl(  303): powerHintAsync hint:8, data:0
12-23 17:23:54.874 I/PowerWrap(  634): PowerHal_Wrap_mtkPowerHint
12-23 17:23:54.876 I/libPowerHal(  303): 17: cpu_ctrl set freq: -1 -1
12-23 17:23:55.046 I/BufferQueueProducer(  313): [com.android.settings/com.android.settings.Settings$SystemDashboardActivity#0](this:0xab703000,id:56,api:1,p:5146,c:313) disconnect(P): api 1
12-23 17:23:55.046 I/BufferQueueConsumer(  313): [com.android.settings/com.android.settings.Settings$SystemDashboardActivity#0](this:0xab703000,id:56,api:1,p:-1,c:313) getReleasedBuffers: returning mask 0xffffffffffffffff
12-23 17:23:55.055 W/ContextImpl( 5146): Calling a method in the system process without a qualified user: android.app.ContextImpl.startService:1532 android.content.ContextWrapper.startService:664 android.app.Activity.onEnterAnimationComplete:6662 android.app.Activity.dispatchEnterAnimationComplete:6673 android.app.ActivityThread.handleEnterAnimationComplete:3275 
12-23 17:23:55.079 I/BufferQueueConsumer(  313): [com.android.settings/com.android.settings.Settings$SystemDashboardActivity#0](this:0xab703000,id:56,api:1,p:-1,c:-1) disconnect(C)
12-23 17:23:55.079 I/BufferQueue(  313): [com.android.settings/com.android.settings.Settings$SystemDashboardActivity#0](this:0xab703000,id:56,api:1,p:-1,c:-1) ~BufferQueueCore
12-23 17:23:55.082 I/SurfaceFlinger(  313): [Built-in Screen (type:0)] fps:48.295704,dur:1035.29,max:91.57,min:13.78
12-23 17:23:55.387 I/PowerWrap(  634): PowerHal_TouchBoost
12-23 17:23:55.389 I/libPowerHal(  303): 20: cpu_ctrl set freq: 2001000 -1
12-23 17:23:55.390 W/ContextImpl( 5146): Calling a method in the system process without a qualified user: android.app.ContextImpl.sendBroadcast:1006 android.content.ContextWrapper.sendBroadcast:444 android.content.ContextWrapper.sendBroadcast:444 android.view.View.dispatchTouchEvent:12526 android.view.ViewGroup.dispatchTransformedTouchEvent:3077 
12-23 17:23:55.391 E/ActivityManager(  634): Sending non-protected broadcast com.genie.clickscreen from system 5146:com.android.settings/1000 pkg com.android.settings
12-23 17:23:55.391 E/ActivityManager(  634): java.lang.Throwable
12-23 17:23:55.391 E/ActivityManager(  634): 	at com.android.server.am.ActivityManagerService.checkBroadcastFromSystem(ActivityManagerService.java:21473)
12-23 17:23:55.391 E/ActivityManager(  634): 	at com.android.server.am.ActivityManagerService.broadcastIntentLocked(ActivityManagerService.java:21984)
12-23 17:23:55.391 E/ActivityManager(  634): 	at com.android.server.am.ActivityManagerService.broadcastIntent(ActivityManagerService.java:22227)
12-23 17:23:55.391 E/ActivityManager(  634): 	at android.app.IActivityManager$Stub.onTransact$broadcastIntent$(IActivityManager.java:10181)
12-23 17:23:55.391 E/ActivityManager(  634): 	at android.app.IActivityManager$Stub.onTransact(IActivityManager.java:167)
12-23 17:23:55.391 E/ActivityManager(  634): 	at com.android.server.am.ActivityManagerService.onTransact(ActivityManagerService.java:3350)
12-23 17:23:55.391 E/ActivityManager(  634): 	at android.os.Binder.execTransact(Binder.java:731)
12-23 17:23:55.393 E/ActivityManager(  634): Sending non-protected broadcast com.genie.clickscreen from system 5146:com.android.settings/1000 pkg com.android.settings
12-23 17:23:55.393 E/ActivityManager(  634): java.lang.Throwable
12-23 17:23:55.393 E/ActivityManager(  634): 	at com.android.server.am.ActivityManagerService.checkBroadcastFromSystem(ActivityManagerService.java:21473)
12-23 17:23:55.393 E/ActivityManager(  634): 	at com.android.server.am.ActivityManagerService.broadcastIntentLocked(ActivityManagerService.java:22077)
12-23 17:23:55.393 E/ActivityManager(  634): 	at com.android.server.am.ActivityManagerService.broadcastIntent(ActivityManagerService.java:22227)
12-23 17:23:55.393 E/ActivityManager(  634): 	at android.app.IActivityManager$Stub.onTransact$broadcastIntent$(IActivityManager.java:10181)
12-23 17:23:55.393 E/ActivityManager(  634): 	at android.app.IActivityManager$Stub.onTransact(IActivityManager.java:167)
12-23 17:23:55.393 E/ActivityManager(  634): 	at com.android.server.am.ActivityManagerService.onTransact(ActivityManagerService.java:3350)
12-23 17:23:55.393 E/ActivityManager(  634): 	at android.os.Binder.execTransact(Binder.java:731)
12-23 17:23:55.396 I/SA.PushAutoTrackHelper( 1155): SDK or push disabled.
12-23 17:23:55.396 I/LockScreenReceiver( 1155): action ::: com.genie.clickscreen
12-23 17:23:55.396 I/EyesProtectManager( 1155): [ (EyesProtectManager.java:76)#userTracked ] userTracked:  configLoaded-true protectorOn-false canUseScreen-true isUseCounting-false useBeginTime-null useSeconds-0 lockScreenTime-null unlockScreenTime- 2021-12-23 17:22:48
12-23 17:23:55.587 I/BufferQueueProducer(  313): [com.android.settings/com.android.settings.SubSettings#0](this:0xad9a6000,id:57,api:1,p:5146,c:313) queueBuffer: fps=7.98 dur=1002.66 max=883.81 min=11.01
12-23 17:23:55.597 I/PowerWrap(  634): PowerHal_TouchBoost
12-23 17:23:55.599 I/libPowerHal(  303): 20: cpu_ctrl set freq: -1 -1
12-23 17:23:55.808 I/PowerWrap(  634): PowerHal_TouchBoost
12-23 17:23:55.810 I/libPowerHal(  303): 20: cpu_ctrl set freq: 2001000 -1
12-23 17:23:56.096 I/SurfaceFlinger(  313): [Built-in Screen (type:0)] fps:31.548342,dur:1014.32,max:420.42,min:1.83
12-23 17:23:56.508 I/PowerWrap(  634): PowerHal_TouchBoost
12-23 17:23:56.511 I/libPowerHal(  303): 20: cpu_ctrl set freq: -1 -1
12-23 17:23:56.607 I/BufferQueueProducer(  313): [com.android.settings/com.android.settings.SubSettings#0](this:0xad9a6000,id:57,api:1,p:5146,c:313) queueBuffer: fps=52.93 dur=1020.23 max=87.58 min=7.28
12-23 17:23:56.701 I/PowerWrap(  634): PowerHal_TouchBoost
12-23 17:23:56.704 I/libPowerHal(  303): 20: cpu_ctrl set freq: 2001000 -1
12-23 17:23:57.086 I/PowerWrap(  634): PowerHal_TouchBoost
12-23 17:23:57.087 I/libPowerHal(  303): 20: cpu_ctrl set freq: -1 -1
12-23 17:23:57.112 I/SurfaceFlinger(  313): [Built-in Screen (type:0)] fps:54.106228,dur:1016.52,max:52.37,min:16.75
12-23 17:23:57.365 E/WifiVendorHal(  634): getWifiLinkLayerStats(l.937) failed {.code = ERROR_NOT_SUPPORTED, .description = }
12-23 17:23:57.578 I/PowerWrap(  634): PowerHal_TouchBoost
12-23 17:23:57.579 I/libPowerHal(  303): 20: cpu_ctrl set freq: 2001000 -1
12-23 17:23:57.611 I/BufferQueueProducer(  313): [com.android.settings/com.android.settings.SubSettings#0](this:0xad9a6000,id:57,api:1,p:5146,c:313) queueBuffer: fps=54.79 dur=1003.82 max=71.29 min=10.34
12-23 17:23:57.682 I/PowerWrap(  634): PowerHal_TouchBoost
12-23 17:23:57.683 I/libPowerHal(  303): 20: cpu_ctrl set freq: -1 -1
12-23 17:23:57.694 E/AudioTrack(  634): start(): 0xa7def680, mState = 1
12-23 17:23:57.709 E/AudioALSAPlaybackHandlerBase(  288): -getHardwareBufferInfo(), pcm_get_htimestamp fail, ret = -1, pcm_get_error = 
12-23 17:23:57.757 I/WindowManager(  634): Focus moving from Window{a6c5a01 u0 com.android.settings/com.android.settings.SubSettings} to Window{211bcc4 u0 com.android.settings/com.android.settings.SubSettings}
12-23 17:23:57.774 I/BufferQueue(  313): [unnamed-313-58](this:0xada17000,id:58,api:0,p:-1,c:-1) BufferQueue core=(313:/system/bin/surfaceflinger)
12-23 17:23:57.774 I/BufferQueueConsumer(  313): [unnamed-313-58](this:0xada17000,id:58,api:0,p:-1,c:313) connect(C): consumer=(313:/system/bin/surfaceflinger) controlledByApp=false
12-23 17:23:57.775 I/BufferQueueConsumer(  313): [unnamed-313-58](this:0xada17000,id:58,api:0,p:-1,c:313) setConsumerName: unnamed-313-58
12-23 17:23:57.775 I/BufferQueueConsumer(  313): [com.android.settings/com.android.settings.SubSettings#1](this:0xada17000,id:58,api:0,p:-1,c:313) setConsumerName: com.android.settings/com.android.settings.SubSettings#1
12-23 17:23:57.775 I/BufferQueueConsumer(  313): [com.android.settings/com.android.settings.SubSettings#1](this:0xada17000,id:58,api:0,p:-1,c:313) setDefaultBufferSize: width=812 height=606
12-23 17:23:57.780 I/BufferQueueProducer(  313): [com.android.settings/com.android.settings.SubSettings#1](this:0xada17000,id:58,api:1,p:5146,c:313) connect(P): api=1 producer=(5146:com.android.settings) producerControlledByApp=true
12-23 17:23:57.823 I/WindowManager(  634): Losing delayed focus: Window{a6c5a01 u0 com.android.settings/com.android.settings.SubSettings}
12-23 17:23:58.354 E/MtkDataShapingUtils(  634): Exception openLteGateByDataShaping  in java.lang.NullPointerException: null receiver
12-23 17:23:58.354 W/System.err(  634): java.lang.NullPointerException: null receiver
12-23 17:23:58.354 W/System.err(  634): 	at java.lang.reflect.Method.invoke(Native Method)
12-23 17:23:58.354 W/System.err(  634): 	at com.mediatek.server.MtkDataShaping.openLteGateByDataShaping(MtkDataShaping.java:36)
12-23 17:23:58.354 W/System.err(  634): 	at com.android.server.AlarmManagerService.deliverAlarmsLocked(AlarmManagerService.java:3603)
12-23 17:23:58.354 W/System.err(  634): 	at com.android.server.AlarmManagerService$AlarmThread.run(AlarmManagerService.java:3781)
12-23 17:23:58.355 E/ActivityManager(  634): Sending non-protected broadcast ALARM_ACTION(1093) from system uid 1000 pkg com.tal.genie.push
12-23 17:23:58.355 E/ActivityManager(  634): java.lang.Throwable
12-23 17:23:58.355 E/ActivityManager(  634): 	at com.android.server.am.ActivityManagerService.checkBroadcastFromSystem(ActivityManagerService.java:21477)
12-23 17:23:58.355 E/ActivityManager(  634): 	at com.android.server.am.ActivityManagerService.broadcastIntentLocked(ActivityManagerService.java:22077)
12-23 17:23:58.355 E/ActivityManager(  634): 	at com.android.server.am.ActivityManagerService.broadcastIntentInPackage(ActivityManagerService.java:22256)
12-23 17:23:58.355 E/ActivityManager(  634): 	at com.android.server.am.PendingIntentRecord.sendInner(PendingIntentRecord.java:372)
12-23 17:23:58.355 E/ActivityManager(  634): 	at com.android.server.am.PendingIntentRecord.sendWithResult(PendingIntentRecord.java:245)
12-23 17:23:58.355 E/ActivityManager(  634): 	at com.android.server.am.ActivityManagerService.sendIntentSender(ActivityManagerService.java:8613)
12-23 17:23:58.355 E/ActivityManager(  634): 	at android.app.PendingIntent.sendAndReturnResult(PendingIntent.java:892)
12-23 17:23:58.355 E/ActivityManager(  634): 	at android.app.PendingIntent.send(PendingIntent.java:874)
12-23 17:23:58.355 E/ActivityManager(  634): 	at com.android.server.AlarmManagerService$DeliveryTracker.deliverLocked(AlarmManagerService.java:4387)
12-23 17:23:58.355 E/ActivityManager(  634): 	at com.android.server.AlarmManagerService.deliverAlarmsLocked(AlarmManagerService.java:3632)
12-23 17:23:58.355 E/ActivityManager(  634): 	at com.android.server.AlarmManagerService$AlarmThread.run(AlarmManagerService.java:3781)
12-23 17:23:58.471 I/PowerWrap(  634): PowerHal_TouchBoost
12-23 17:23:58.473 I/libPowerHal(  303): 20: cpu_ctrl set freq: 2001000 -1
12-23 17:23:58.594 I/PowerWrap(  634): PowerHal_TouchBoost
12-23 17:23:58.594 I/libPowerHal(  303): 20: cpu_ctrl set freq: -1 -1
12-23 17:23:58.596 E/AudioTrack(  634): start(): 0xa7def680, mState = 1
12-23 17:23:58.607 I/UsbDeviceManager(  634): Setting USB config to adb
12-23 17:23:58.616 E/MtpServer( 1138): request read returned -1, errno: 5
12-23 17:23:58.617 I/android.hardware.usb@1.1-service-mediatek(  301): uevent received SUBSYSTEM=dual_role_usb
12-23 17:23:58.618 I/android.hardware.usb@1.1-service-mediatek(  301): dual-role-usb20
12-23 17:23:58.618 E/android.hardware.usb@1.1-service-mediatek(  301): fopen failed
12-23 17:23:58.618 I/chatty  (  301): uid=1000(system) usb@1.1-service identical 1 line
12-23 17:23:58.618 E/android.hardware.usb@1.1-service-mediatek(  301): fopen failed
12-23 17:23:58.618 I/android.hardware.usb@1.1-service-mediatek(  301): connected:1 canChangeMode:0 canChagedata:0 canChangePower:0
12-23 17:23:58.619 I/UsbPortManager(  634): ClientCallback: dual-role-usb20
12-23 17:23:58.629 I/BufferQueueProducer(  313): [com.android.settings/com.android.settings.SubSettings#1](this:0xada17000,id:58,api:1,p:5146,c:313) disconnect(P): api 1
12-23 17:23:58.629 I/BufferQueueConsumer(  313): [com.android.settings/com.android.settings.SubSettings#1](this:0xada17000,id:58,api:1,p:-1,c:313) getReleasedBuffers: returning mask 0xffffffffffffffff
12-23 17:23:58.639 I/SurfaceFlinger(  313): [Built-in Screen (type:0)] fps:37.338360,dur:1526.58,max:544.62,min:15.40
12-23 17:23:58.641 I/WindowManager(  634): Focus moving from Window{211bcc4 u0 com.android.settings/com.android.settings.SubSettings EXITING} to Window{a6c5a01 u0 com.android.settings/com.android.settings.SubSettings}
12-23 17:23:58.664 W/init    (    1): type=1400 audit(0.0:10473): avc: denied { dac_read_search } for capability=2 scontext=u:r:init:s0 tcontext=u:r:init:s0 tclass=capability permissive=0
12-23 17:23:58.664 I/chatty  (    1): uid=0(root) /init identical 2 lines
12-23 17:23:58.664 W/init    (    1): type=1400 audit(0.0:10476): avc: denied { dac_read_search } for capability=2 scontext=u:r:init:s0 tcontext=u:r:init:s0 tclass=capability permissive=0
12-23 17:23:58.666 I/BufferQueueProducer(  313): [com.android.settings/com.android.settings.SubSettings#0](this:0xad9a6000,id:57,api:1,p:5146,c:313) queueBuffer: fps=26.54 dur=1055.18 max=582.63 min=11.19
12-23 17:23:58.688 I/adbd    ( 5227): initializing functionfs
12-23 17:23:58.689 I/adbd    ( 5227): opening control endpoint /dev/usb-ffs/adb/ep0
12-23 17:23:58.691 I/adbd    ( 5227): functionfs successfully initialized
12-23 17:23:58.691 I/adbd    ( 5227): registering usb transport
12-23 17:23:58.691 I/ADB_SERVICES( 5227): fdevent_loop length=1
12-23 17:23:58.692 I/ADB_SERVICES( 5227): (null): starting read_transport thread on fd 16, SYNC online (2)
12-23 17:23:58.692 I/ADB_SERVICES( 5227): (null): starting write_transport thread, reading from fd 16
12-23 17:23:58.693 I/ADB_SERVICES( 5227): recv: SYNC 00000001 00000002 0000 
12-23 17:23:58.712 W/Looper  (  634): Slow dispatch took 112ms android.fg h=com.android.server.usb.UsbDeviceManager$UsbHandlerLegacy c=null m=1
12-23 17:23:58.713 I/UsbPortManager(  634): USB port changed: port=UsbPort{id=dual-role-usb20, supportedModes=dual}, status=UsbPortStatus{connected=false, currentMode=none, currentPowerRole=no-power, currentDataRole=no-data, supportedRoleCombinations=[no-power:no-data]}, canChangeMode=false, canChangePowerRole=false, canChangeDataRole=false
12-23 17:23:58.798 W/SurfaceFlinger(  313): Attempting to set client state on removed layer: Dim Layer for - Task=20#0
12-23 17:23:58.799 W/SurfaceFlinger(  313): Attempting to set client state on removed layer: com.android.settings/com.android.settings.SubSettings#1
12-23 17:23:58.799 W/SurfaceFlinger(  313): Attempting to destroy on removed layer: Dim Layer for - Task=20#0
12-23 17:23:58.799 W/SurfaceFlinger(  313): Attempting to destroy on removed layer: com.android.settings/com.android.settings.SubSettings#1
12-23 17:23:58.812 I/BufferQueueConsumer(  313): [com.android.settings/com.android.settings.SubSettings#1](this:0xada17000,id:58,api:1,p:-1,c:-1) disconnect(C)
12-23 17:23:58.814 I/BufferQueue(  313): [com.android.settings/com.android.settings.SubSettings#1](this:0xada17000,id:58,api:1,p:-1,c:-1) ~BufferQueueCore
12-23 17:23:58.960 I/android.hardware.usb@1.1-service-mediatek(  301): uevent received SUBSYSTEM=dual_role_usb
12-23 17:23:58.961 I/android.hardware.usb@1.1-service-mediatek(  301): dual-role-usb20
12-23 17:23:58.962 E/android.hardware.usb@1.1-service-mediatek(  301): fopen failed
12-23 17:23:58.962 I/chatty  (  301): uid=1000(system) usb@1.1-service identical 1 line
12-23 17:23:58.962 E/android.hardware.usb@1.1-service-mediatek(  301): fopen failed
12-23 17:23:58.962 I/android.hardware.usb@1.1-service-mediatek(  301): connected:1 canChangeMode:0 canChagedata:0 canChangePower:0
12-23 17:23:58.963 I/UsbPortManager(  634): ClientCallback: dual-role-usb20
12-23 17:23:58.963 I/UsbPortManager(  634): USB port changed: port=UsbPort{id=dual-role-usb20, supportedModes=dual}, status=UsbPortStatus{connected=true, currentMode=ufp, currentPowerRole=sink, currentDataRole=device, supportedRoleCombinations=[sink:device]}, canChangeMode=false, canChangePowerRole=false, canChangeDataRole=false
12-23 17:23:59.071 W/lmkd    (  312): type=1400 audit(0.0:10477): avc: denied { dac_read_search } for capability=2 scontext=u:r:lmkd:s0 tcontext=u:r:lmkd:s0 tclass=capability permissive=0
12-23 17:23:59.905 I/ADB_SERVICES( 5227): (null): read_transport thread read CNXN (count=2)
12-23 17:23:59.905 I/ADB_SERVICES( 5227): recv: CNXN 01000001 00100000 00ea host::features=shell_v2,cmd,stat_v2,ls_v2,fixed_push_mkdir,apex,abb,fixed_push_symlink_timestamp,abb_exec,remount_shell,track_app,sendrecv_v2,sendrecv_v2_brotli,sendrecv_v2_lz4,sendrecv_v2_zstd,sendrecv_v2_dry_run_send,openscreen_mdns
12-23 17:23:59.905 I/adbd    ( 5227): Calling send_auth_request...
12-23 17:23:59.914 I/adbd    ( 5227): in adbd_auth_verify,adbd_debug:
12-23 17:23:59.914 I/adbd    ( 5227): Calling send_auth_request...
12-23 17:23:59.926 I/PowerWrap(  634): PowerHal_TouchBoost
12-23 17:23:59.926 I/libPowerHal(  303): 20: cpu_ctrl set freq: 2001000 -1
12-23 17:23:59.927 W/ContextImpl( 5146): Calling a method in the system process without a qualified user: android.app.ContextImpl.sendBroadcast:1006 android.content.ContextWrapper.sendBroadcast:444 android.content.ContextWrapper.sendBroadcast:444 android.view.View.dispatchTouchEvent:12526 android.view.ViewGroup.dispatchTransformedTouchEvent:3083 
12-23 17:23:59.928 E/ActivityManager(  634): Sending non-protected broadcast com.genie.clickscreen from system 5146:com.android.settings/1000 pkg com.android.settings
12-23 17:23:59.928 E/ActivityManager(  634): java.lang.Throwable
12-23 17:23:59.928 E/ActivityManager(  634): 	at com.android.server.am.ActivityManagerService.checkBroadcastFromSystem(ActivityManagerService.java:21473)
12-23 17:23:59.928 E/ActivityManager(  634): 	at com.android.server.am.ActivityManagerService.broadcastIntentLocked(ActivityManagerService.java:21984)
12-23 17:23:59.928 E/ActivityManager(  634): 	at com.android.server.am.ActivityManagerService.broadcastIntent(ActivityManagerService.java:22227)
12-23 17:23:59.928 E/ActivityManager(  634): 	at android.app.IActivityManager$Stub.onTransact$broadcastIntent$(IActivityManager.java:10181)
12-23 17:23:59.928 E/ActivityManager(  634): 	at android.app.IActivityManager$Stub.onTransact(IActivityManager.java:167)
12-23 17:23:59.928 E/ActivityManager(  634): 	at com.android.server.am.ActivityManagerService.onTransact(ActivityManagerService.java:3350)
12-23 17:23:59.928 E/ActivityManager(  634): 	at android.os.Binder.execTransact(Binder.java:731)
12-23 17:23:59.935 W/AES     (  634): Exception Log handling...
12-23 17:23:59.936 W/AES     (  634): skip for Exp level 0
12-23 17:23:59.937 E/ActivityManager(  634): Sending non-protected broadcast com.genie.clickscreen from system 5146:com.android.settings/1000 pkg com.android.settings
12-23 17:23:59.937 E/ActivityManager(  634): java.lang.Throwable
12-23 17:23:59.937 E/ActivityManager(  634): 	at com.android.server.am.ActivityManagerService.checkBroadcastFromSystem(ActivityManagerService.java:21473)
12-23 17:23:59.937 E/ActivityManager(  634): 	at com.android.server.am.ActivityManagerService.broadcastIntentLocked(ActivityManagerService.java:22077)
12-23 17:23:59.937 E/ActivityManager(  634): 	at com.android.server.am.ActivityManagerService.broadcastIntent(ActivityManagerService.java:22227)
12-23 17:23:59.937 E/ActivityManager(  634): 	at android.app.IActivityManager$Stub.onTransact$broadcastIntent$(IActivityManager.java:10181)
12-23 17:23:59.937 E/ActivityManager(  634): 	at android.app.IActivityManager$Stub.onTransact(IActivityManager.java:167)
12-23 17:23:59.937 E/ActivityManager(  634): 	at com.android.server.am.ActivityManagerService.onTransact(ActivityManagerService.java:3350)
12-23 17:23:59.937 E/ActivityManager(  634): 	at android.os.Binder.execTransact(Binder.java:731)
12-23 17:23:59.939 W/AES     (  634): Exception Log handling...
12-23 17:23:59.941 W/AES     (  634): skip for Exp level 0
12-23 17:23:59.942 I/SA.PushAutoTrackHelper( 1155): SDK or push disabled.
12-23 17:23:59.942 I/ActivityManager(  634): START u0 {flg=0x10000000 cmp=com.android.systemui/.usb.UsbDebuggingActivity (has extras)} from uid 1000
12-23 17:23:59.942 I/LockScreenReceiver( 1155): action ::: com.genie.clickscreen
12-23 17:23:59.942 I/EyesProtectManager( 1155): [ (EyesProtectManager.java:76)#userTracked ] userTracked:  configLoaded-true protectorOn-false canUseScreen-true isUseCounting-false useBeginTime-null useSeconds-0 lockScreenTime-null unlockScreenTime- 2021-12-23 17:22:48
12-23 17:23:59.948 I/vendor.mediatek.hardware.power@2.0-impl(  303): powerHintAsync hint:8, data:1
12-23 17:23:59.951 I/SurfaceFlinger(  313): [Built-in Screen (type:0)] fps:8.383873,dur:1312.04,max:1134.76,min:16.13
12-23 17:23:59.953 I/PowerWrap(  634): PowerHal_Wrap_mtkPowerHint
12-23 17:23:59.953 I/PowerWrap(  634): PowerHal_Wrap_mtkPowerHint
12-23 17:23:59.958 I/PowerWrap(  634): PowerHal_Wrap_mtkPowerHint
12-23 17:23:59.958 I/PowerWrap(  634): PowerHal_Wrap_mtkPowerHint
12-23 17:23:59.959 W/ActivityThread(  935): handleWindowVisibility: no activity for token android.os.BinderProxy@ed63891
12-23 17:23:59.961 I/WindowManager(  634): Focus moving from Window{a6c5a01 u0 com.android.settings/com.android.settings.SubSettings} to null
12-23 17:23:59.963 I/vendor.mediatek.hardware.power@2.0-impl(  303): notifyAppState pack:com.android.systemui, act:com.android.systemui.usb.UsbDebuggingActivity, pid:935, state:1
12-23 17:23:59.963 I/libPowerHal(  303): [perfNotifyAppState] foreground:com.android.systemui, pid:935
12-23 17:23:59.964 W/lmkd    (  312): type=1400 audit(0.0:10491): avc: denied { dac_read_search } for capability=2 scontext=u:r:lmkd:s0 tcontext=u:r:lmkd:s0 tclass=capability permissive=0
12-23 17:23:59.964 W/lmkd    (  312): type=1400 audit(0.0:10492): avc: denied { dac_read_search } for capability=2 scontext=u:r:lmkd:s0 tcontext=u:r:lmkd:s0 tclass=capability permissive=0
12-23 17:23:59.994 I/BufferQueueProducer(  313): [com.android.settings/com.android.settings.SubSettings#0](this:0xad9a6000,id:57,api:1,p:5146,c:313) queueBuffer: fps=0.75 dur=1328.26 max=1328.26 min=1328.26
12-23 17:23:59.995 I/PowerWrap(  634): PowerHal_TouchBoost
12-23 17:24:00.000 E/MtkDataShapingUtils(  634): Exception openLteGateByDataShaping  in java.lang.NullPointerException: null receiver
12-23 17:24:00.000 W/System.err(  634): java.lang.NullPointerException: null receiver
12-23 17:24:00.000 W/System.err(  634): 	at java.lang.reflect.Method.invoke(Native Method)
12-23 17:24:00.000 W/System.err(  634): 	at com.mediatek.server.MtkDataShaping.openLteGateByDataShaping(MtkDataShaping.java:36)
12-23 17:24:00.000 W/System.err(  634): 	at com.android.server.AlarmManagerService.deliverAlarmsLocked(AlarmManagerService.java:3603)
12-23 17:24:00.000 W/System.err(  634): 	at com.android.server.AlarmManagerService$AlarmThread.run(AlarmManagerService.java:3781)
12-23 17:24:00.029 E/TouchFilter(  634): setTouchFilter LOG Enable prameter: 0
12-23 17:24:00.047 I/WindowManager(  634): Relayout Window{cd206a7 u0 com.android.systemui/com.android.systemui.usb.UsbDebuggingActivity}: oldVis=4 newVis=0 focusMayChange = true
12-23 17:24:00.050 I/BufferQueue(  313): [unnamed-313-59](this:0xad9df000,id:59,api:0,p:-1,c:-1) BufferQueue core=(313:/system/bin/surfaceflinger)
12-23 17:24:00.050 I/BufferQueueConsumer(  313): [unnamed-313-59](this:0xad9df000,id:59,api:0,p:-1,c:313) connect(C): consumer=(313:/system/bin/surfaceflinger) controlledByApp=false
12-23 17:24:00.050 I/BufferQueueConsumer(  313): [unnamed-313-59](this:0xad9df000,id:59,api:0,p:-1,c:313) setConsumerName: unnamed-313-59
12-23 17:24:00.050 I/BufferQueueConsumer(  313): [com.android.systemui/com.android.systemui.usb.UsbDebuggingActivity#0](this:0xad9df000,id:59,api:0,p:-1,c:313) setConsumerName: com.android.systemui/com.android.systemui.usb.UsbDebuggingActivity#0
12-23 17:24:00.050 I/BufferQueueConsumer(  313): [com.android.systemui/com.android.systemui.usb.UsbDebuggingActivity#0](this:0xad9df000,id:59,api:0,p:-1,c:313) setDefaultBufferSize: width=812 height=623
12-23 17:24:00.052 I/WindowManager(  634): Focus moving from null to Window{cd206a7 u0 com.android.systemui/com.android.systemui.usb.UsbDebuggingActivity}
12-23 17:24:00.053 I/BufferQueueProducer(  313): [com.android.systemui/com.android.systemui.usb.UsbDebuggingActivity#0](this:0xad9df000,id:59,api:1,p:935,c:313) connect(P): api=1 producer=(935:com.android.systemui) producerControlledByApp=true
12-23 17:24:00.062 I/SA.PushAutoTrackHelper( 1155): SDK or push disabled.
12-23 17:24:00.064 I/SA.PushAutoTrackHelper( 1155): SDK or push disabled.
12-23 17:24:00.136 I/ActivityManager(  634): Displayed com.android.systemui/.usb.UsbDebuggingActivity: +163ms
12-23 17:24:00.146 I/vendor.mediatek.hardware.power@2.0-impl(  303): powerHintAsync hint:8, data:0
12-23 17:24:00.148 I/PowerWrap(  634): PowerHal_Wrap_mtkPowerHint
12-23 17:24:00.150 I/libPowerHal(  303): 16: cpu_ctrl set freq: -1 -1
12-23 17:24:00.373 E/WifiVendorHal(  634): getWifiLinkLayerStats(l.937) failed {.code = ERROR_NOT_SUPPORTED, .description = }
12-23 17:24:01.240 I/PowerWrap(  634): PowerHal_TouchBoost
12-23 17:24:01.240 I/libPowerHal(  303): 20: cpu_ctrl set freq: 2001000 -1
12-23 17:24:01.242 E/ActivityManager(  634): Sending non-protected broadcast com.genie.clickscreen from system 935:com.android.systemui/u0a20 pkg com.android.systemui
12-23 17:24:01.242 E/ActivityManager(  634): java.lang.Throwable
12-23 17:24:01.242 E/ActivityManager(  634): 	at com.android.server.am.ActivityManagerService.checkBroadcastFromSystem(ActivityManagerService.java:21473)
12-23 17:24:01.242 E/ActivityManager(  634): 	at com.android.server.am.ActivityManagerService.broadcastIntentLocked(ActivityManagerService.java:21984)
12-23 17:24:01.242 E/ActivityManager(  634): 	at com.android.server.am.ActivityManagerService.broadcastIntent(ActivityManagerService.java:22227)
12-23 17:24:01.242 E/ActivityManager(  634): 	at android.app.IActivityManager$Stub.onTransact$broadcastIntent$(IActivityManager.java:10181)
12-23 17:24:01.242 E/ActivityManager(  634): 	at android.app.IActivityManager$Stub.onTransact(IActivityManager.java:167)
12-23 17:24:01.242 E/ActivityManager(  634): 	at com.android.server.am.ActivityManagerService.onTransact(ActivityManagerService.java:3350)
12-23 17:24:01.242 E/ActivityManager(  634): 	at android.os.Binder.execTransact(Binder.java:731)
12-23 17:24:01.249 W/AES     (  634): Exception Log handling...
12-23 17:24:01.250 W/AES     (  634): skip for Exp level 0
12-23 17:24:01.251 E/ActivityManager(  634): Sending non-protected broadcast com.genie.clickscreen from system 935:com.android.systemui/u0a20 pkg com.android.systemui
12-23 17:24:01.251 E/ActivityManager(  634): java.lang.Throwable
12-23 17:24:01.251 E/ActivityManager(  634): 	at com.android.server.am.ActivityManagerService.checkBroadcastFromSystem(ActivityManagerService.java:21473)
12-23 17:24:01.251 E/ActivityManager(  634): 	at com.android.server.am.ActivityManagerService.broadcastIntentLocked(ActivityManagerService.java:22077)
12-23 17:24:01.251 E/ActivityManager(  634): 	at com.android.server.am.ActivityManagerService.broadcastIntent(ActivityManagerService.java:22227)
12-23 17:24:01.251 E/ActivityManager(  634): 	at android.app.IActivityManager$Stub.onTransact$broadcastIntent$(IActivityManager.java:10181)
12-23 17:24:01.251 E/ActivityManager(  634): 	at android.app.IActivityManager$Stub.onTransact(IActivityManager.java:167)
12-23 17:24:01.251 E/ActivityManager(  634): 	at com.android.server.am.ActivityManagerService.onTransact(ActivityManagerService.java:3350)
12-23 17:24:01.251 E/ActivityManager(  634): 	at android.os.Binder.execTransact(Binder.java:731)
12-23 17:24:01.254 W/AES     (  634): Exception Log handling...
12-23 17:24:01.255 W/AES     (  634): skip for Exp level 0
12-23 17:24:01.256 I/SA.PushAutoTrackHelper( 1155): SDK or push disabled.
12-23 17:24:01.256 I/LockScreenReceiver( 1155): action ::: com.genie.clickscreen
12-23 17:24:01.257 I/EyesProtectManager( 1155): [ (EyesProtectManager.java:76)#userTracked ] userTracked:  configLoaded-true protectorOn-false canUseScreen-true isUseCounting-false useBeginTime-null useSeconds-0 lockScreenTime-null unlockScreenTime- 2021-12-23 17:22:48
12-23 17:24:01.270 I/BufferQueueProducer(  313): [com.android.systemui/com.android.systemui.usb.UsbDebuggingActivity#0](this:0xad9df000,id:59,api:1,p:935,c:313) queueBuffer: fps=1.74 dur=1152.69 max=1136.56 min=16.13
12-23 17:24:01.283 I/SurfaceFlinger(  313): [Built-in Screen (type:0)] fps:23.281326,dur:1331.54,max:735.47,min:15.20
12-23 17:24:01.344 I/PowerWrap(  634): PowerHal_TouchBoost
12-23 17:24:01.346 I/libPowerHal(  303): 20: cpu_ctrl set freq: -1 -1
12-23 17:24:01.348 E/AudioTrack(  634): start(): 0xa7def680, mState = 1
12-23 17:24:01.870 I/PowerWrap(  634): PowerHal_TouchBoost
12-23 17:24:01.872 I/libPowerHal(  303): 20: cpu_ctrl set freq: 2001000 -1
12-23 17:24:01.957 I/PowerWrap(  634): PowerHal_TouchBoost
12-23 17:24:01.958 I/libPowerHal(  303): 20: cpu_ctrl set freq: -1 -1
12-23 17:24:01.968 E/AudioTrack(  634): start(): 0xa7def680, mState = 1
12-23 17:24:01.972 I/adbd    ( 5227): adb client authorized
12-23 17:24:01.972 I/ADB_SERVICES( 5227): (null): write_transport thread send CNXN, (count=2), active(1)
12-23 17:24:01.972 I/ADB_SERVICES( 5227): (null): write_transport sent CNXN
12-23 17:24:01.974 I/WindowManager(  634): Focus moving from Window{cd206a7 u0 com.android.systemui/com.android.systemui.usb.UsbDebuggingActivity} to Window{a6c5a01 u0 com.android.settings/com.android.settings.SubSettings}
12-23 17:24:01.978 I/PowerWrap(  634): PowerHal_Wrap_mtkPowerHint
12-23 17:24:01.978 I/PowerWrap(  634): PowerHal_Wrap_mtkPowerHint
12-23 17:24:01.991 W/lmkd    (  312): type=1400 audit(0.0:10493): avc: denied { dac_read_search } for capability=2 scontext=u:r:lmkd:s0 tcontext=u:r:lmkd:s0 tclass=capability permissive=0
12-23 17:24:01.991 W/lmkd    (  312): type=1400 audit(0.0:10494): avc: denied { dac_read_search } for capability=2 scontext=u:r:lmkd:s0 tcontext=u:r:lmkd:s0 tclass=capability permissive=0
12-23 17:24:01.997 I/libPowerHal(  303): 16: cpu_ctrl set freq: 2001000 -1
12-23 17:24:02.000 I/PowerWrap(  634): PowerHal_Wrap_mtkPowerHint
12-23 17:24:02.000 I/PowerWrap(  634): PowerHal_Wrap_mtkPowerHint
12-23 17:24:02.005 I/vendor.mediatek.hardware.power@2.0-impl(  303): notifyAppState pack:com.android.settings, act:com.android.settings.SubSettings, pid:5146, state:1
12-23 17:24:02.007 I/BufferQueueProducer(  313): [com.android.settings/com.android.settings.SubSettings#0](this:0xad9a6000,id:57,api:1,p:5146,c:313) queueBuffer: fps=8.45 dur=2012.92 max=1485.32 min=10.06
12-23 17:24:02.009 I/libPowerHal(  303): [perfNotifyAppState] foreground:com.android.settings, pid:5146
12-23 17:24:02.013 I/SurfaceFlinger(  313): screenshot (Dim Layer for - Task=21#0)
12-23 17:24:02.014 I/SurfaceFlinger(  313): screenshot (com.android.systemui/com.android.systemui.usb.UsbDebuggingActivity#0)
12-23 17:24:02.031 I/BufferQueueProducer(  313): [com.android.systemui/com.android.systemui.usb.UsbDebuggingActivity#0](this:0xad9df000,id:59,api:1,p:935,c:313) disconnect(P): api 1
12-23 17:24:02.031 I/BufferQueueConsumer(  313): [com.android.systemui/com.android.systemui.usb.UsbDebuggingActivity#0](this:0xad9df000,id:59,api:1,p:-1,c:313) getReleasedBuffers: returning mask 0xffffffffffffffff
12-23 17:24:02.038 I/DeviceIndex( 5146): Skipping: device index is not enabled
12-23 17:24:02.041 W/TileUtils( 5146): Found com.android.settings.Settings$NotificationAppListActivity for intent Intent { act=com.android.settings.action.SETTINGS pkg=com.android.settings } missing metadata com.android.settings.category
12-23 17:24:02.051 W/pool-1-thread-1( 5146): type=1400 audit(0.0:10495): avc: denied { read } for name="pagetypeinfo" dev="proc" ino=4026531858 scontext=u:r:system_app:s0 tcontext=u:object_r:proc_pagetypeinfo:s0 tclass=file permissive=0
12-23 17:24:02.054 W/pool-1-thread-1( 5146): type=1400 audit(0.0:10496): avc: denied { search } for name="zram0" dev="sysfs" ino=15606 scontext=u:r:system_app:s0 tcontext=u:object_r:sysfs_zram:s0 tclass=dir permissive=0
12-23 17:24:02.054 W/pool-1-thread-1( 5146): type=1400 audit(0.0:10497): avc: denied { search } for name="zram0" dev="sysfs" ino=15606 scontext=u:r:system_app:s0 tcontext=u:object_r:sysfs_zram:s0 tclass=dir permissive=0
12-23 17:24:02.054 W/pool-1-thread-1( 5146): type=1400 audit(0.0:10498): avc: denied { read } for name="vmallocinfo" dev="proc" ino=4026532076 scontext=u:r:system_app:s0 tcontext=u:object_r:proc_vmallocinfo:s0 tclass=file permissive=0
12-23 17:24:02.054 W/pool-1-thread-1( 5146): type=1400 audit(0.0:10499): avc: denied { read } for name="buffer_total_size_kb" dev="tracefs" ino=50 scontext=u:r:system_app:s0 tcontext=u:object_r:debugfs_tracing_debug:s0 tclass=file permissive=0
12-23 17:24:02.054 W/pool-1-thread-1( 5146): type=1400 audit(0.0:10500): avc: denied { read } for name="clients" dev="debugfs" ino=7231 scontext=u:r:system_app:s0 tcontext=u:object_r:debugfs_ion:s0 tclass=dir permissive=0
12-23 17:24:02.056 W/android.os.Debug( 5146): Unable to open /sys/kernel/debug/shrinker: No such file or directory
12-23 17:24:02.056 W/android.os.Debug( 5146): Unable to open /sys/kernel/debug/tracing/buffer_total_size_kb: Permission denied
12-23 17:24:02.056 E/android.os.Debug( 5146): open dir: /d/ion/clients/.
12-23 17:24:02.056 W/Settings( 5146): Setting bugreport_in_power_menu has moved from android.provider.Settings.Secure to android.provider.Settings.Global.
12-23 17:24:02.060 W/ProcStatsManager( 5146): No process com.android.keychain/1000 for service com.android.keychain.KeyChainService
12-23 17:24:02.060 W/ProcStatsManager( 5146): No process android.ext.services/10009 for service android.ext.services.storage.CacheQuotaServiceImpl
12-23 17:24:02.085 W/ContextImpl( 5146): Calling a method in the system process without a qualified user: android.app.ContextImpl.startService:1532 android.content.ContextWrapper.startService:664 android.app.Activity.onEnterAnimationComplete:6662 android.app.Activity.dispatchEnterAnimationComplete:6673 android.app.ActivityThread.handleEnterAnimationComplete:3275 
12-23 17:24:02.099 I/PowerWrap(  634): PowerHal_Wrap_mtkPowerHint
12-23 17:24:02.100 I/libPowerHal(  303): 16: cpu_ctrl set freq: -1 -1
12-23 17:24:02.213 W/SurfaceFlinger(  313): Attempting to set client state on removed layer: com.android.systemui/com.android.systemui.usb.UsbDebuggingActivity#0
12-23 17:24:02.213 W/SurfaceFlinger(  313): Attempting to destroy on removed layer: com.android.systemui/com.android.systemui.usb.UsbDebuggingActivity#0
12-23 17:24:02.228 I/BufferQueueConsumer(  313): [com.android.systemui/com.android.systemui.usb.UsbDebuggingActivity#0](this:0xad9df000,id:59,api:1,p:-1,c:-1) disconnect(C)
12-23 17:24:02.229 I/BufferQueue(  313): [com.android.systemui/com.android.systemui.usb.UsbDebuggingActivity#0](this:0xad9df000,id:59,api:1,p:-1,c:-1) ~BufferQueueCore
12-23 17:24:02.288 W/SurfaceFlinger(  313): Attempting to destroy on removed layer: Task=21#0
12-23 17:24:02.300 I/SurfaceFlinger(  313): [Built-in Screen (type:0)] fps:53.091312,dur:1017.12,max:92.47,min:2.42
12-23 17:24:03.389 E/WifiVendorHal(  634): getWifiLinkLayerStats(l.937) failed {.code = ERROR_NOT_SUPPORTED, .description = }
12-23 17:24:03.715 I/libPowerHal(  303): perfUserScnCheckAll
12-23 17:24:03.728 I/BufferQueueProducer(  313): [com.android.settings/com.android.settings.SubSettings#0](this:0xad9a6000,id:57,api:1,p:5146,c:313) queueBuffer: fps=1.16 dur=1720.68 max=1610.41 min=110.27
12-23 17:24:03.736 I/SurfaceFlinger(  313): [Built-in Screen (type:0)] fps:0.696126,dur:1436.52,max:1436.52,min:1436.52
12-23 17:24:06.361 E/MtkDataShapingUtils(  634): Exception openLteGateByDataShaping  in java.lang.NullPointerException: null receiver
12-23 17:24:06.361 W/System.err(  634): java.lang.NullPointerException: null receiver
12-23 17:24:06.362 W/System.err(  634): 	at java.lang.reflect.Method.invoke(Native Method)
12-23 17:24:06.362 W/System.err(  634): 	at com.mediatek.server.MtkDataShaping.openLteGateByDataShaping(MtkDataShaping.java:36)
12-23 17:24:06.362 W/System.err(  634): 	at com.android.server.AlarmManagerService.deliverAlarmsLocked(AlarmManagerService.java:3603)
12-23 17:24:06.362 W/System.err(  634): 	at com.android.server.AlarmManagerService$AlarmThread.run(AlarmManagerService.java:3781)
12-23 17:24:06.363 E/ActivityManager(  634): Sending non-protected broadcast ALARM_ACTION(1093) from system uid 1000 pkg com.tal.genie.push
12-23 17:24:06.363 E/ActivityManager(  634): java.lang.Throwable
12-23 17:24:06.363 E/ActivityManager(  634): 	at com.android.server.am.ActivityManagerService.checkBroadcastFromSystem(ActivityManagerService.java:21477)
12-23 17:24:06.363 E/ActivityManager(  634): 	at com.android.server.am.ActivityManagerService.broadcastIntentLocked(ActivityManagerService.java:22077)
12-23 17:24:06.363 E/ActivityManager(  634): 	at com.android.server.am.ActivityManagerService.broadcastIntentInPackage(ActivityManagerService.java:22256)
12-23 17:24:06.363 E/ActivityManager(  634): 	at com.android.server.am.PendingIntentRecord.sendInner(PendingIntentRecord.java:372)
12-23 17:24:06.363 E/ActivityManager(  634): 	at com.android.server.am.PendingIntentRecord.sendWithResult(PendingIntentRecord.java:245)
12-23 17:24:06.363 E/ActivityManager(  634): 	at com.android.server.am.ActivityManagerService.sendIntentSender(ActivityManagerService.java:8613)
12-23 17:24:06.363 E/ActivityManager(  634): 	at android.app.PendingIntent.sendAndReturnResult(PendingIntent.java:892)
12-23 17:24:06.363 E/ActivityManager(  634): 	at android.app.PendingIntent.send(PendingIntent.java:874)
12-23 17:24:06.363 E/ActivityManager(  634): 	at com.android.server.AlarmManagerService$DeliveryTracker.deliverLocked(AlarmManagerService.java:4387)
12-23 17:24:06.363 E/ActivityManager(  634): 	at com.android.server.AlarmManagerService.deliverAlarmsLocked(AlarmManagerService.java:3632)
12-23 17:24:06.363 E/ActivityManager(  634): 	at com.android.server.AlarmManagerService$AlarmThread.run(AlarmManagerService.java:3781)
12-23 17:24:06.371 W/AES     (  634): Exception Log handling...
12-23 17:24:06.373 W/AES     (  634): skip for Exp level 0
12-23 17:24:06.402 E/WifiVendorHal(  634): getWifiLinkLayerStats(l.937) failed {.code = ERROR_NOT_SUPPORTED, .description = }
12-23 17:24:09.409 E/WifiVendorHal(  634): getWifiLinkLayerStats(l.937) failed {.code = ERROR_NOT_SUPPORTED, .description = }
12-23 17:24:09.756 I/PowerWrap(  634): PowerHal_TouchBoost
12-23 17:24:09.756 I/libPowerHal(  303): 20: cpu_ctrl set freq: 2001000 -1
12-23 17:24:09.757 W/ContextImpl( 5146): Calling a method in the system process without a qualified user: android.app.ContextImpl.startService:1532 android.content.ContextWrapper.startService:664 android.content.ContextWrapper.startService:664 com.android.internal.policy.DecorView.dispatchTouchEvent:422 android.view.View.dispatchPointerEvent:12808 
12-23 17:24:09.843 I/PowerWrap(  634): PowerHal_TouchBoost
12-23 17:24:09.844 I/libPowerHal(  303): 20: cpu_ctrl set freq: -1 -1
12-23 17:24:09.844 W/ContextImpl( 5146): Calling a method in the system process without a qualified user: android.app.ContextImpl.startService:1532 android.content.ContextWrapper.startService:664 android.content.ContextWrapper.startService:664 com.android.internal.policy.DecorView.dispatchTouchEvent:422 android.view.View.dispatchPointerEvent:12808 
12-23 17:24:09.872 I/SurfaceFlinger(  313): screenshot (com.android.settings/com.android.settings.SubSettings#0)
12-23 17:24:09.889 I/GenieFastBlurUtility(  935): =====blur time:15
12-23 17:24:11.818 E/storaged(  453): getDiskStats failed with result NOT_SUPPORTED and size 0
12-23 17:24:12.426 E/WifiVendorHal(  634): getWifiLinkLayerStats(l.937) failed {.code = ERROR_NOT_SUPPORTED, .description = }
12-23 17:24:14.378 E/MtkDataShapingUtils(  634): Exception openLteGateByDataShaping  in java.lang.NullPointerException: null receiver
12-23 17:24:14.378 W/System.err(  634): java.lang.NullPointerException: null receiver
12-23 17:24:14.378 W/System.err(  634): 	at java.lang.reflect.Method.invoke(Native Method)
12-23 17:24:14.378 W/System.err(  634): 	at com.mediatek.server.MtkDataShaping.openLteGateByDataShaping(MtkDataShaping.java:36)
12-23 17:24:14.378 W/System.err(  634): 	at com.android.server.AlarmManagerService.deliverAlarmsLocked(AlarmManagerService.java:3603)
12-23 17:24:14.378 W/System.err(  634): 	at com.android.server.AlarmManagerService$AlarmThread.run(AlarmManagerService.java:3781)
12-23 17:24:14.379 E/ActivityManager(  634): Sending non-protected broadcast ALARM_ACTION(1093) from system uid 1000 pkg com.tal.genie.push
12-23 17:24:14.379 E/ActivityManager(  634): java.lang.Throwable
12-23 17:24:14.379 E/ActivityManager(  634): 	at com.android.server.am.ActivityManagerService.checkBroadcastFromSystem(ActivityManagerService.java:21477)
12-23 17:24:14.379 E/ActivityManager(  634): 	at com.android.server.am.ActivityManagerService.broadcastIntentLocked(ActivityManagerService.java:22077)
12-23 17:24:14.379 E/ActivityManager(  634): 	at com.android.server.am.ActivityManagerService.broadcastIntentInPackage(ActivityManagerService.java:22256)
12-23 17:24:14.379 E/ActivityManager(  634): 	at com.android.server.am.PendingIntentRecord.sendInner(PendingIntentRecord.java:372)
12-23 17:24:14.379 E/ActivityManager(  634): 	at com.android.server.am.PendingIntentRecord.sendWithResult(PendingIntentRecord.java:245)
12-23 17:24:14.379 E/ActivityManager(  634): 	at com.android.server.am.ActivityManagerService.sendIntentSender(ActivityManagerService.java:8613)
12-23 17:24:14.379 E/ActivityManager(  634): 	at android.app.PendingIntent.sendAndReturnResult(PendingIntent.java:892)
12-23 17:24:14.379 E/ActivityManager(  634): 	at android.app.PendingIntent.send(PendingIntent.java:874)
12-23 17:24:14.379 E/ActivityManager(  634): 	at com.android.server.AlarmManagerService$DeliveryTracker.deliverLocked(AlarmManagerService.java:4387)
12-23 17:24:14.379 E/ActivityManager(  634): 	at com.android.server.AlarmManagerService.deliverAlarmsLocked(AlarmManagerService.java:3632)
12-23 17:24:14.379 E/ActivityManager(  634): 	at com.android.server.AlarmManagerService$AlarmThread.run(AlarmManagerService.java:3781)
12-23 17:24:14.387 W/AES     (  634): Exception Log handling...
12-23 17:24:14.388 W/AES     (  634): skip for Exp level 0
12-23 17:24:15.439 E/WifiVendorHal(  634): getWifiLinkLayerStats(l.937) failed {.code = ERROR_NOT_SUPPORTED, .description = }
12-23 17:24:18.456 I/chatty  (  634): uid=1000(system) WifiStateMachin identical 1 line
12-23 17:24:19.209 W/BroadcastQueue(  634): Background execution not allowed: receiving Intent { act=com.android.providers.media.ACTIVATE_MEDIAPROCESS flg=0x10 } to com.android.providers.media/.MtpReceiver
12-23 17:24:21.462 E/WifiVendorHal(  634): getWifiLinkLayerStats(l.937) failed {.code = ERROR_NOT_SUPPORTED, .description = }
12-23 17:24:22.392 E/MtkDataShapingUtils(  634): Exception openLteGateByDataShaping  in java.lang.NullPointerException: null receiver
12-23 17:24:22.392 W/System.err(  634): java.lang.NullPointerException: null receiver
12-23 17:24:22.393 W/System.err(  634): 	at java.lang.reflect.Method.invoke(Native Method)
12-23 17:24:22.393 W/System.err(  634): 	at com.mediatek.server.MtkDataShaping.openLteGateByDataShaping(MtkDataShaping.java:36)
12-23 17:24:22.393 W/System.err(  634): 	at com.android.server.AlarmManagerService.deliverAlarmsLocked(AlarmManagerService.java:3603)
12-23 17:24:22.393 W/System.err(  634): 	at com.android.server.AlarmManagerService$AlarmThread.run(AlarmManagerService.java:3781)
12-23 17:24:22.394 E/ActivityManager(  634): Sending non-protected broadcast ALARM_ACTION(1093) from system uid 1000 pkg com.tal.genie.push
12-23 17:24:22.394 E/ActivityManager(  634): java.lang.Throwable
12-23 17:24:22.394 E/ActivityManager(  634): 	at com.android.server.am.ActivityManagerService.checkBroadcastFromSystem(ActivityManagerService.java:21477)
12-23 17:24:22.394 E/ActivityManager(  634): 	at com.android.server.am.ActivityManagerService.broadcastIntentLocked(ActivityManagerService.java:22077)
12-23 17:24:22.394 E/ActivityManager(  634): 	at com.android.server.am.ActivityManagerService.broadcastIntentInPackage(ActivityManagerService.java:22256)
12-23 17:24:22.394 E/ActivityManager(  634): 	at com.android.server.am.PendingIntentRecord.sendInner(PendingIntentRecord.java:372)
12-23 17:24:22.394 E/ActivityManager(  634): 	at com.android.server.am.PendingIntentRecord.sendWithResult(PendingIntentRecord.java:245)
12-23 17:24:22.394 E/ActivityManager(  634): 	at com.android.server.am.ActivityManagerService.sendIntentSender(ActivityManagerService.java:8613)
12-23 17:24:22.394 E/ActivityManager(  634): 	at android.app.PendingIntent.sendAndReturnResult(PendingIntent.java:892)
12-23 17:24:22.394 E/ActivityManager(  634): 	at android.app.PendingIntent.send(PendingIntent.java:874)
12-23 17:24:22.394 E/ActivityManager(  634): 	at com.android.server.AlarmManagerService$DeliveryTracker.deliverLocked(AlarmManagerService.java:4387)
12-23 17:24:22.394 E/ActivityManager(  634): 	at com.android.server.AlarmManagerService.deliverAlarmsLocked(AlarmManagerService.java:3632)
12-23 17:24:22.394 E/ActivityManager(  634): 	at com.android.server.AlarmManagerService$AlarmThread.run(AlarmManagerService.java:3781)
12-23 17:24:22.402 W/AES     (  634): Exception Log handling...
12-23 17:24:22.404 W/AES     (  634): skip for Exp level 0
12-23 17:24:23.400 I/test    ( 1300): [ (UpdateManager.java:27)#update ] check code:159 name 1.0.0 12-23 11:09:07 release isRelease=false
12-23 17:24:23.441 I/System.out( 1300): port:443
12-23 17:24:24.469 E/WifiVendorHal(  634): getWifiLinkLayerStats(l.937) failed {.code = ERROR_NOT_SUPPORTED, .description = }
12-23 17:24:25.732 I/ADB_SERVICES( 5227): service_to_fd shell,v2,TERM=xterm-256color,raw:inputkeyevent 3
12-23 17:24:25.736 I/ADB_SERVICES( 5227): local_socket_flush_incoming write_data=15
12-23 17:24:25.746 I/ADB_SERVICES( 5227): post waitpid (pid=5249) status=7f00
