01-01 08:00:21.770 D/DisplayManagerService(  630): Display 0 hasContent flag changed: hasContent=false, inTraversal=true
01-01 08:00:21.771 I/WindowManager(  630): Waiting for drawn Window{1ef992d u0 com.android.settings/com.android.settings.FallbackHome}: removed=false visible=true mHasSurface=true drawState=1
01-01 08:00:21.771 I/WindowManager(  630): performEnableScreen: mDisplayEnabled=false mForceDisplayEnabled=false mShowingBootMessages=false mSystemBooted=true mOnlyCore=false
01-01 08:00:21.771 I/WindowManager(  630): java.lang.RuntimeException: here
01-01 08:00:21.771 I/WindowManager(  630): 	at com.android.server.wm.WindowManagerService.performEnableScreen(WindowManagerService.java:3499)
01-01 08:00:21.771 I/WindowManager(  630): 	at com.android.server.wm.WindowManagerService.access$1100(WindowManagerService.java:285)
01-01 08:00:21.771 I/WindowManager(  630): 	at com.android.server.wm.WindowManagerService$H.handleMessage(WindowManagerService.java:4900)
01-01 08:00:21.771 I/WindowManager(  630): 	at android.os.Handler.dispatchMessage(Handler.java:106)
01-01 08:00:21.771 I/WindowManager(  630): 	at android.os.Looper.loop(Looper.java:193)
01-01 08:00:21.771 I/WindowManager(  630): 	at android.os.HandlerThread.run(HandlerThread.java:65)
01-01 08:00:21.771 I/WindowManager(  630): 	at com.android.server.ServiceThread.run(ServiceThread.java:44)
01-01 08:00:21.784 I/WindowManager(  630): Waiting for drawn Window{1ef992d u0 com.android.settings/com.android.settings.FallbackHome}: removed=false visible=true mHasSurface=true drawState=1
01-01 08:00:21.788 I/WindowManager(  630): performEnableScreen: mDisplayEnabled=false mForceDisplayEnabled=false mShowingBootMessages=false mSystemBooted=true mOnlyCore=false
01-01 08:00:21.788 I/WindowManager(  630): java.lang.RuntimeException: here
01-01 08:00:21.788 I/WindowManager(  630): 	at com.android.server.wm.WindowManagerService.performEnableScreen(WindowManagerService.java:3499)
01-01 08:00:21.788 I/WindowManager(  630): 	at com.android.server.wm.WindowManagerService.access$1100(WindowManagerService.java:285)
01-01 08:00:21.788 I/WindowManager(  630): 	at com.android.server.wm.WindowManagerService$H.handleMessage(WindowManagerService.java:4900)
01-01 08:00:21.788 I/WindowManager(  630): 	at android.os.Handler.dispatchMessage(Handler.java:106)
01-01 08:00:21.788 I/WindowManager(  630): 	at android.os.Looper.loop(Looper.java:193)
01-01 08:00:21.788 I/WindowManager(  630): 	at android.os.HandlerThread.run(HandlerThread.java:65)
01-01 08:00:21.788 I/WindowManager(  630): 	at com.android.server.ServiceThread.run(ServiceThread.java:44)
01-01 08:00:21.791 I/WindowManager(  630): Waiting for drawn Window{1ef992d u0 com.android.settings/com.android.settings.FallbackHome}: removed=false visible=true mHasSurface=true drawState=3
01-01 08:00:21.793 D/DisplayManagerService(  630): Display 0 hasContent flag changed: hasContent=true, inTraversal=true
01-01 08:00:21.793 I/WindowManager(  630): Waiting for drawn Window{1ef992d u0 com.android.settings/com.android.settings.FallbackHome}: removed=false visible=true mHasSurface=true drawState=4
01-01 08:00:21.793 D/WindowManager(  630): Window drawn win=Window{1ef992d u0 com.android.settings/com.android.settings.FallbackHome}
01-01 08:00:21.793 D/WindowManager(  630): All windows drawn!
01-01 08:00:21.796 I/WindowManager(  630): performEnableScreen: mDisplayEnabled=false mForceDisplayEnabled=false mShowingBootMessages=false mSystemBooted=true mOnlyCore=false
01-01 08:00:21.796 I/WindowManager(  630): java.lang.RuntimeException: here
01-01 08:00:21.796 I/WindowManager(  630): 	at com.android.server.wm.WindowManagerService.performEnableScreen(WindowManagerService.java:3499)
01-01 08:00:21.796 I/WindowManager(  630): 	at com.android.server.wm.WindowManagerService.access$1100(WindowManagerService.java:285)
01-01 08:00:21.796 I/WindowManager(  630): 	at com.android.server.wm.WindowManagerService$H.handleMessage(WindowManagerService.java:4900)
01-01 08:00:21.796 I/WindowManager(  630): 	at android.os.Handler.dispatchMessage(Handler.java:106)
01-01 08:00:21.796 I/WindowManager(  630): 	at android.os.Looper.loop(Looper.java:193)
01-01 08:00:21.796 I/WindowManager(  630): 	at android.os.HandlerThread.run(HandlerThread.java:65)
01-01 08:00:21.796 I/WindowManager(  630): 	at com.android.server.ServiceThread.run(ServiceThread.java:44)
01-01 08:00:21.796 I/chatty  (  630): uid=1000(system) android.display identical 1 line
01-01 08:00:21.797 I/WindowManager(  630): performEnableScreen: mDisplayEnabled=false mForceDisplayEnabled=false mShowingBootMessages=false mSystemBooted=true mOnlyCore=false
01-01 08:00:21.797 I/WindowManager(  630): java.lang.RuntimeException: here
01-01 08:00:21.797 I/WindowManager(  630): 	at com.android.server.wm.WindowManagerService.performEnableScreen(WindowManagerService.java:3499)
01-01 08:00:21.797 I/WindowManager(  630): 	at com.android.server.wm.WindowManagerService.access$1100(WindowManagerService.java:285)
01-01 08:00:21.797 I/WindowManager(  630): 	at com.android.server.wm.WindowManagerService$H.handleMessage(WindowManagerService.java:4900)
01-01 08:00:21.797 I/WindowManager(  630): 	at android.os.Handler.dispatchMessage(Handler.java:106)
01-01 08:00:21.797 I/WindowManager(  630): 	at android.os.Looper.loop(Looper.java:193)
01-01 08:00:21.797 I/WindowManager(  630): 	at android.os.HandlerThread.run(HandlerThread.java:65)
01-01 08:00:21.797 I/WindowManager(  630): 	at com.android.server.ServiceThread.run(ServiceThread.java:44)
01-01 08:00:21.797 D/WindowOrientationListener(  630): WindowOrientationListener enabled clearCurrentRotation=true
01-01 08:00:21.797 I/WindowManager(  630): performEnableScreen: mDisplayEnabled=false mForceDisplayEnabled=false mShowingBootMessages=false mSystemBooted=true mOnlyCore=false
01-01 08:00:21.797 I/WindowManager(  630): java.lang.RuntimeException: here
01-01 08:00:21.797 I/WindowManager(  630): 	at com.android.server.wm.WindowManagerService.performEnableScreen(WindowManagerService.java:3499)
01-01 08:00:21.797 I/WindowManager(  630): 	at com.android.server.wm.WindowManagerService.access$1100(WindowManagerService.java:285)
01-01 08:00:21.797 I/WindowManager(  630): 	at com.android.server.wm.WindowManagerService$H.handleMessage(WindowManagerService.java:4900)
01-01 08:00:21.797 I/WindowManager(  630): 	at android.os.Handler.dispatchMessage(Handler.java:106)
01-01 08:00:21.797 I/WindowManager(  630): 	at android.os.Looper.loop(Looper.java:193)
01-01 08:00:21.797 I/WindowManager(  630): 	at android.os.HandlerThread.run(HandlerThread.java:65)
01-01 08:00:21.797 I/WindowManager(  630): 	at com.android.server.ServiceThread.run(ServiceThread.java:44)
01-01 08:00:21.804 I/chatty  (  630): uid=1000(system) android.display identical 2 lines
01-01 08:00:21.824 I/WindowManager(  630): performEnableScreen: mDisplayEnabled=false mForceDisplayEnabled=false mShowingBootMessages=false mSystemBooted=true mOnlyCore=false
01-01 08:00:21.824 I/WindowManager(  630): java.lang.RuntimeException: here
01-01 08:00:21.824 I/WindowManager(  630): 	at com.android.server.wm.WindowManagerService.performEnableScreen(WindowManagerService.java:3499)
01-01 08:00:21.824 I/WindowManager(  630): 	at com.android.server.wm.WindowManagerService.access$1100(WindowManagerService.java:285)
01-01 08:00:21.824 I/WindowManager(  630): 	at com.android.server.wm.WindowManagerService$H.handleMessage(WindowManagerService.java:4900)
01-01 08:00:21.824 I/WindowManager(  630): 	at android.os.Handler.dispatchMessage(Handler.java:106)
01-01 08:00:21.824 I/WindowManager(  630): 	at android.os.Looper.loop(Looper.java:193)
01-01 08:00:21.824 I/WindowManager(  630): 	at android.os.HandlerThread.run(HandlerThread.java:65)
01-01 08:00:21.824 I/WindowManager(  630): 	at com.android.server.ServiceThread.run(ServiceThread.java:44)
01-01 08:00:21.825 I/WindowManager(  630): ******** booted=true msg=false haveBoot=false haveApp=false haveWall=true wallEnabled=true haveKeyguard=true
01-01 08:00:21.825 I/WindowManager(  630): ******************** ENABLING SCREEN!
01-01 08:00:21.825 V/WindowManager(  630): Setting event dispatching to true
01-01 08:00:21.825 D/ActivityManager(  630): bootAnimationComplete, mCallFinishBooting = true
01-01 08:00:21.827 I/SystemServiceManager(  630): Starting phase 1000
01-01 08:00:21.830 D/Genie   (  630): DevicePolicyManagerService systemReady com.tal.genie.voice.receiver.AdminReceiver is already ActiveAdmin, return
01-01 08:00:21.830 D/ColorDisplayService(  630): setUp: currentUser=0
01-01 08:00:21.832 D/ColorDisplayService(  630): onAutoModeChanged: autoMode=0
01-01 08:00:21.833 I/ColorDisplayService(  630): Turning off night display
01-01 08:00:21.836 I/UsbDeviceManager(  630): Setting USB config to mtp
01-01 08:00:21.842 V/ActivityManager(  630): broadcast BOOT_COMPLETED intent
01-01 08:00:21.844 D/ActivityManager(  630): Finishing user boot 0
01-01 08:00:21.844 I/ActivityManager(  630): User 0 state changed from BOOTING to RUNNING_LOCKED
01-01 08:00:21.851 D/ActivityManager(  630): Started unlocking user 0
01-01 08:00:21.851 D/ActivityManager(  630): Unlocking user 0 progress 0
01-01 08:00:21.852 D/ActivityManager(  630): Unlocking user 0 progress 5
01-01 08:00:21.860 I/WindowManager(  630): performEnableScreen: mDisplayEnabled=true mForceDisplayEnabled=false mShowingBootMessages=false mSystemBooted=true mOnlyCore=false
01-01 08:00:21.860 I/WindowManager(  630): java.lang.RuntimeException: here
01-01 08:00:21.860 I/WindowManager(  630): 	at com.android.server.wm.WindowManagerService.performEnableScreen(WindowManagerService.java:3499)
01-01 08:00:21.860 I/WindowManager(  630): 	at com.android.server.wm.WindowManagerService.access$1100(WindowManagerService.java:285)
01-01 08:00:21.860 I/WindowManager(  630): 	at com.android.server.wm.WindowManagerService$H.handleMessage(WindowManagerService.java:4900)
01-01 08:00:21.860 I/WindowManager(  630): 	at android.os.Handler.dispatchMessage(Handler.java:106)
01-01 08:00:21.860 I/WindowManager(  630): 	at android.os.Looper.loop(Looper.java:193)
01-01 08:00:21.860 I/WindowManager(  630): 	at android.os.HandlerThread.run(HandlerThread.java:65)
01-01 08:00:21.860 I/WindowManager(  630): 	at com.android.server.ServiceThread.run(ServiceThread.java:44)
01-01 08:00:21.861 I/WindowManager(  630): performEnableScreen: mDisplayEnabled=true mForceDisplayEnabled=false mShowingBootMessages=false mSystemBooted=true mOnlyCore=false
01-01 08:00:21.861 I/WindowManager(  630): java.lang.RuntimeException: here
01-01 08:00:21.861 I/WindowManager(  630): 	at com.android.server.wm.WindowManagerService.performEnableScreen(WindowManagerService.java:3499)
01-01 08:00:21.861 I/WindowManager(  630): 	at com.android.server.wm.WindowManagerService.access$1100(WindowManagerService.java:285)
01-01 08:00:21.861 I/WindowManager(  630): 	at com.android.server.wm.WindowManagerService$H.handleMessage(WindowManagerService.java:4900)
01-01 08:00:21.861 I/WindowManager(  630): 	at android.os.Handler.dispatchMessage(Handler.java:106)
01-01 08:00:21.861 I/WindowManager(  630): 	at android.os.Looper.loop(Looper.java:193)
01-01 08:00:21.861 I/WindowManager(  630): 	at android.os.HandlerThread.run(HandlerThread.java:65)
01-01 08:00:21.861 I/WindowManager(  630): 	at com.android.server.ServiceThread.run(ServiceThread.java:44)
01-01 08:00:21.865 D/MtkConnectivityService(  630): Got NetworkFactory Messenger for WIFI
01-01 08:00:21.865 D/MtkConnectivityService(  630): Got NetworkFactory Messenger for WIFI_UT
01-01 08:00:21.865 D/WifiP2pService(  630): InactiveState{ when=0 what=69633 target=com.android.internal.util.StateMachine$SmHandler }
01-01 08:00:21.865 D/WifiP2pService(  630): P2pEnabledState{ when=-1ms what=69633 target=com.android.internal.util.StateMachine$SmHandler }
01-01 08:00:21.865 D/WifiP2pService(  630): DefaultState{ when=-1ms what=69633 target=com.android.internal.util.StateMachine$SmHandler }
01-01 08:00:21.865 D/WifiP2pService(  630): InactiveState{ when=0 what=69632 obj=com.android.server.wifi.util.WifiAsyncChannel@86cb045 target=com.android.internal.util.StateMachine$SmHandler }
01-01 08:00:21.865 D/WifiP2pService(  630): P2pEnabledState{ when=0 what=69632 obj=com.android.server.wifi.util.WifiAsyncChannel@86cb045 target=com.android.internal.util.StateMachine$SmHandler }
01-01 08:00:21.865 D/WifiP2pService(  630): DefaultState{ when=0 what=69632 obj=com.android.server.wifi.util.WifiAsyncChannel@86cb045 target=com.android.internal.util.StateMachine$SmHandler }
01-01 08:00:21.865 D/WifiP2pService(  630): Full connection with WifiStateMachine established
01-01 08:00:21.880 D/WifiP2pService(  630): InactiveState{ when=0 what=131203 target=com.android.internal.util.StateMachine$SmHandler }
01-01 08:00:21.880 D/WifiP2pService(  630): P2pEnabledState{ when=0 what=131203 target=com.android.internal.util.StateMachine$SmHandler }
01-01 08:00:21.880 D/WifiP2pService(  630): DefaultState{ when=0 what=131203 target=com.android.internal.util.StateMachine$SmHandler }
01-01 08:00:21.880 E/WifiP2pService(  630): Unhandled message { when=0 what=131203 target=com.android.internal.util.StateMachine$SmHandler }
01-01 08:00:21.891 D/vold    (  272): e4crypt_prepare_user_storage for volume null, user 0, serial 0, flags 2
01-01 08:00:21.891 D/vold    (  272): Preparing: /data/system_ce/0
01-01 08:00:21.891 D/vold    (  272): Preparing: /data/misc_ce/0
01-01 08:00:21.891 D/vold    (  272): Preparing: /data/vendor_ce/0
01-01 08:00:21.892 D/vold    (  272): Preparing: /data/media/0
01-01 08:00:21.892 D/vold    (  272): Preparing: /data/data
01-01 08:00:21.892 V/vold    (  272): Starting restorecon of /data/system_ce/0
01-01 08:00:22.126 W/WindowManager(  630): App freeze timeout expired.
01-01 08:00:22.147 I/EntropyMixer(  630): Writing entropy...
01-01 08:00:22.166 E/BatteryExternalStatsWorker(  630): no controller energy info supplied for wifi
01-01 08:00:22.166 E/BatteryExternalStatsWorker(  630): no controller energy info supplied for bluetooth
01-01 08:00:22.171 E/KernelCpuSpeedReader(  630): Failed to read cpu-freq: /sys/devices/system/cpu/cpu0/cpufreq/stats/time_in_state (No such file or directory)
01-01 08:00:22.173 W/BatteryExternalStatsWorker(  630): modem info is invalid: ModemActivityInfo{ mTimestamp=0 mSleepTimeMs=0 mIdleTimeMs=0 mTxTimeMs[]=[0, 0, 0, 0, 0] mRxTimeMs=0 mEnergyUsed=0}
01-01 08:00:22.316 I/ActivityManager(  630): User 0 state changed from RUNNING_LOCKED to RUNNING_UNLOCKING
01-01 08:00:22.316 W/Looper  (  630): Slow dispatch took 426ms android.fg h=android.os.Handler c=com.android.server.am.-$$Lambda$UserController$o6oQFjGYYIfx-I94cSakTLPLt6s@d4e953e m=0
01-01 08:00:22.316 W/Looper  (  630): Slow delivery took 427ms android.fg h=com.android.server.usb.UsbDebuggingManager$UsbDebuggingHandler c=null m=2
01-01 08:00:22.316 I/SystemServiceManager(  630): Calling onUnlockUser u0
01-01 08:00:22.319 W/Looper  (  630): Drained
01-01 08:00:22.323 W/VoiceInteractionManagerService(  630): no available voice recognition services found for user 0
01-01 08:00:22.324 I/ActivityManager(  630): User 0 state changed from RUNNING_UNLOCKING to RUNNING_UNLOCKED
01-01 08:00:22.335 I/ActivityManager(  630): Sending BOOT_COMPLETE user #0
01-01 08:00:22.368 I/ActivityManager(  630): Start proc 1142:com.tal.genie.rtc/1000 for added application com.tal.genie.rtc
01-01 08:00:22.402 I/ActivityManager(  630): START u0 {act=android.intent.action.MAIN cat=[android.intent.category.HOME] flg=0x10000100 cmp=com.tal.genie.launcher/.ui.start.StartActivity} from uid 0
01-01 08:00:22.402 I/WindowManager(  630): Focus moving from Window{1ef992d u0 com.android.settings/com.android.settings.FallbackHome} to null
01-01 08:00:22.405 W/ActivityManager(  630): Slow operation: 77ms so far, now at startProcess: returned from zygote!
01-01 08:00:22.428 E/BackupPasswordManager(  630): Unable to read backup pw version
01-01 08:00:22.429 E/BackupPasswordManager(  630): Unable to read saved backup pw hash
01-01 08:00:22.448 W/ActivityManager(  630): Slow operation: 120ms so far, now at startProcess: done updating battery stats
01-01 08:00:22.453 W/ActivityManager(  630): Slow operation: 126ms so far, now at startProcess: building log message
01-01 08:00:22.454 I/ActivityManager(  630): Start proc 1155:com.tal.genie.push/1000 for added application com.tal.genie.push
01-01 08:00:22.454 W/ActivityManager(  630): Slow operation: 126ms so far, now at startProcess: starting to update pids map
01-01 08:00:22.454 W/ActivityManager(  630): Slow operation: 126ms so far, now at startProcess: done updating pids map
01-01 08:00:22.454 W/ActivityManager(  630): Slow operation: 124ms so far, now at startProcess: asking zygote to start proc
01-01 08:00:22.516 I/AppWidgetServiceImpl(  630): Async processing of onUserUnlocked u0 took 192 ms
01-01 08:00:22.516 W/Looper  (  630): Slow dispatch took 192ms android.fg h=android.os.Handler c=com.android.server.appwidget.-$$Lambda$AppWidgetService$HIwvoPMyKqEhLVIiysgUKH8QJg8@929f977 m=0
01-01 08:00:22.530 I/ActivityManager(  630): Loading recents for user 0 into memory.
01-01 08:00:22.547 W/ActivityManager(  630): Slow operation: 218ms so far, now at startProcess: returned from zygote!
01-01 08:00:22.587 W/Looper  (  630): Slow delivery took 256ms android.fg h=com.android.server.AppStateTracker$MyHandler c=null m=14
01-01 08:00:22.587 W/ActivityManager(  630): Slow operation: 258ms so far, now at startProcess: done updating battery stats
01-01 08:00:22.588 W/ActivityManager(  630): Slow operation: 258ms so far, now at startProcess: building log message
01-01 08:00:22.588 I/ActivityManager(  630): Start proc 1176:com.tal.genie.voice/u0a33 for added application com.tal.genie.voice
01-01 08:00:22.588 W/ActivityManager(  630): Slow operation: 259ms so far, now at startProcess: starting to update pids map
01-01 08:00:22.588 W/ActivityManager(  630): Slow operation: 259ms so far, now at startProcess: done updating pids map
01-01 08:00:22.597 W/Looper  (  630): Drained
01-01 08:00:22.597 W/ActivityManager(  630): Slow operation: 267ms so far, now at startProcess: asking zygote to start proc
01-01 08:00:22.619 W/Looper  (  630): Slow dispatch took 112ms main h=android.app.ActivityThread$H c=android.app.-$$Lambda$LoadedApk$ReceiverDispatcher$Args$_BumDX2UKsnxLVrE6UJsJZkotuA@bab8050 m=0
01-01 08:00:22.619 W/Looper  (  630): Slow delivery took 228ms main h=com.android.server.power.Notifier$NotifierHandler c=null m=1
01-01 08:00:22.645 W/ActivityManager(  630): Slow operation: 314ms so far, now at startProcess: returned from zygote!
01-01 08:00:22.645 W/ActivityManager(  630): Slow operation: 314ms so far, now at startProcess: done updating battery stats
01-01 08:00:22.645 W/ActivityManager(  630): Slow operation: 315ms so far, now at startProcess: building log message
01-01 08:00:22.646 I/ActivityManager(  630): Start proc 1192:com.android.se/1068 for added application com.android.se
01-01 08:00:22.646 W/ActivityManager(  630): Slow operation: 315ms so far, now at startProcess: starting to update pids map
01-01 08:00:22.646 W/ActivityManager(  630): Slow operation: 315ms so far, now at startProcess: done updating pids map
01-01 08:00:22.646 I/SyncManager(  630): Loaded persisted syncs: 0 periodic syncs, 0 oneshot syncs, 9 total system server jobs, JobStats: FirstLoad: 2/2/0 LastSave: -1/-1/-1
01-01 08:00:22.648 W/ActivityManager(  630): Slow operation: 278ms so far, now at startProcess: asking zygote to start proc
01-01 08:00:22.665 W/ActivityManager(  630): Slow operation: 295ms so far, now at startProcess: returned from zygote!
01-01 08:00:22.665 W/ActivityManager(  630): Slow operation: 295ms so far, now at startProcess: done updating battery stats
01-01 08:00:22.692 W/ActivityManager(  630): Slow operation: 321ms so far, now at startProcess: building log message
01-01 08:00:22.692 I/ActivityManager(  630): Start proc 1202:android.process.media/u0a18 for broadcast com.android.providers.downloads/.DownloadReceiver
01-01 08:00:22.692 W/ActivityManager(  630): Slow operation: 321ms so far, now at startProcess: starting to update pids map
01-01 08:00:22.692 W/ActivityManager(  630): Slow operation: 321ms so far, now at startProcess: done updating pids map
01-01 08:00:22.698 W/ActivityManager(  630): Slow operation: 255ms so far, now at startProcess: asking zygote to start proc
01-01 08:00:22.701 W/Looper  (  630): Drained
01-01 08:00:22.703 I/BackupManagerService(  630): Unlocking system user; mService=com.android.server.backup.BackupManagerService@94a1a5a
01-01 08:00:22.718 I/BackupManagerService(  630): Backup enabled => false
01-01 08:00:22.722 W/ActivityManager(  630): Slow operation: 280ms so far, now at startProcess: returned from zygote!
01-01 08:00:22.722 W/ActivityManager(  630): Slow operation: 280ms so far, now at startProcess: done updating battery stats
01-01 08:00:22.723 W/ActivityManager(  630): Slow operation: 280ms so far, now at startProcess: building log message
01-01 08:00:22.723 I/ActivityManager(  630): Start proc 1218:com.tal.genie.launcher/1000 for activity com.tal.genie.launcher/.ui.start.StartActivity
01-01 08:00:22.723 W/ActivityManager(  630): Slow operation: 280ms so far, now at startProcess: starting to update pids map
01-01 08:00:22.723 W/ActivityManager(  630): Slow operation: 280ms so far, now at startProcess: done updating pids map
01-01 08:00:23.015 W/ActivityThread( 1155): ClassLoader.getResourceAsStream: The class loader returned by Thread.getContextClassLoader() may fail for processes that host multiple applications. You should explicitly specify a context class loader. For example: Thread.setContextClassLoader(getClass().getClassLoader());
01-01 08:00:23.204 W/ActivityThread( 1142): ClassLoader.getResourceAsStream: The class loader returned by Thread.getContextClassLoader() may fail for processes that host multiple applications. You should explicitly specify a context class loader. For example: Thread.setContextClassLoader(getClass().getClassLoader());
01-01 08:00:23.323 W/ContextImpl( 1218): Calling a method in the system process without a qualified user: android.app.ContextImpl.bindService:1612 android.content.ContextWrapper.bindService:698 com.tal.genie.launcher.ui.voice.client.BaseServiceClient.bindService:70 com.tal.genie.launcher.ui.voice.client.BaseServiceClient.bindService:81 com.tal.genie.launcher.ui.voice.client.VoiceServiceClient.init:64 
01-01 08:00:23.327 W/ContextImpl( 1218): Calling a method in the system process without a qualified user: android.app.ContextImpl.sendBroadcast:1006 android.content.ContextWrapper.sendBroadcast:444 com.tal.genie.launcher.service.RemoteServiceStarter.startVoice:83 com.tal.genie.launcher.common.ProxyServiceImpl.wakeUpVoiceService:41 com.tal.genie.launcher.App.initClient:121 
01-01 08:00:23.330 W/ContextImpl( 1155): Calling a method in the system process without a qualified user: android.app.ContextImpl.startService:1532 android.content.ContextWrapper.startService:664 com.tal.genie.app_keepalive.KeepAliveApplication.startService:49 com.tal.genie.app_keepalive.KeepAliveApplication.startKeepAliveService:36 com.tal.genie.app_keepalive.KeepAliveApplication.start:24 
01-01 08:00:23.390 I/BroadcastQueue(  630): Delay finish: android/com.android.server.BootReceiver
01-01 08:00:23.433 I/BootReceiver(  630): Copying audit failures to DropBox
01-01 08:00:23.436 W/BootReceiver(  630): cannot read last msg
01-01 08:00:23.436 W/BootReceiver(  630): java.io.FileNotFoundException: /proc/last_kmsg (Permission denied)
01-01 08:00:23.436 W/BootReceiver(  630): 	at java.io.FileInputStream.open0(Native Method)
01-01 08:00:23.436 W/BootReceiver(  630): 	at java.io.FileInputStream.open(FileInputStream.java:231)
01-01 08:00:23.436 W/BootReceiver(  630): 	at java.io.FileInputStream.<init>(FileInputStream.java:165)
01-01 08:00:23.436 W/BootReceiver(  630): 	at android.os.FileUtils.readTextFile(FileUtils.java:514)
01-01 08:00:23.436 W/BootReceiver(  630): 	at com.android.server.BootReceiver.logFsShutdownTime(BootReceiver.java:525)
01-01 08:00:23.436 W/BootReceiver(  630): 	at com.android.server.BootReceiver.logBootEvents(BootReceiver.java:243)
01-01 08:00:23.436 W/BootReceiver(  630): 	at com.android.server.BootReceiver.access$000(BootReceiver.java:66)
01-01 08:00:23.436 W/BootReceiver(  630): 	at com.android.server.BootReceiver$1.run(BootReceiver.java:127)
01-01 08:00:23.437 I/BootReceiver(  630): Checking for fsck errors
01-01 08:00:23.440 I/BootReceiver(  630): fs_stat, partition:cache stat:0xb
01-01 08:00:23.440 I/BootReceiver(  630): fs_stat, partition:nvdata stat:0xb
01-01 08:00:23.440 I/BootReceiver(  630): fs_stat, partition:nvcfg stat:0x4b
01-01 08:00:23.487 W/ContextImpl( 1142): Calling a method in the system process without a qualified user: android.app.ContextImpl.startService:1532 android.content.ContextWrapper.startService:664 com.netease.nimlib.service.NimService.a:145 com.netease.nimlib.ipc.b.d:75 com.netease.nimlib.ipc.b.<init>:67 
01-01 08:00:23.500 W/ContextImpl( 1142): Calling a method in the system process without a qualified user: android.app.ContextImpl.startService:1532 android.content.ContextWrapper.startService:664 com.netease.nimlib.ipc.c.c:180 com.netease.nimlib.ipc.c.b:146 com.netease.nimlib.ipc.c.b:79 
01-01 08:00:23.505 W/ContextImpl( 1142): Calling a method in the system process without a qualified user: android.app.ContextImpl.bindService:1612 android.content.ContextWrapper.bindService:698 com.netease.nimlib.ipc.c.c:183 com.netease.nimlib.ipc.c.b:146 com.netease.nimlib.ipc.c.b:79 
01-01 08:00:23.508 I/ActivityManager(  630): START u0 {cmp=com.tal.genie.launcher/.ui.main.MainActivity} from uid 1000
01-01 08:00:23.519 I/ActivityManager(  630): Start proc 1330:com.tal.genie.rtc:core/1000 for service com.tal.genie.rtc/com.netease.nimlib.service.NimService
01-01 08:00:23.520 W/ContextImpl( 1218): Calling a method in the system process without a qualified user: android.app.ContextImpl.startForegroundService:1538 android.content.ContextWrapper.startForegroundService:669 android.content.ContextWrapper.startForegroundService:669 com.tal.genie.launcher.service.RemoteServiceStarter.startLockScreenService:71 com.tal.genie.launcher.ui.start.StartActivity.onCreate:30 
01-01 08:00:23.522 W/ContextImpl( 1142): Calling a method in the system process without a qualified user: android.app.ContextImpl.startService:1532 android.content.ContextWrapper.startService:664 com.netease.nimlib.ipc.c.c:180 com.netease.nimlib.ipc.c.b:146 com.netease.nimlib.ipc.c.b:79 
01-01 08:00:23.524 W/ContextImpl( 1142): Calling a method in the system process without a qualified user: android.app.ContextImpl.bindService:1612 android.content.ContextWrapper.bindService:698 com.netease.nimlib.ipc.c.c:183 com.netease.nimlib.ipc.c.b:146 com.netease.nimlib.ipc.c.b:79 
01-01 08:00:23.822 W/ContextImpl( 1142): Calling a method in the system process without a qualified user: android.app.ContextImpl.startForegroundService:1538 android.content.ContextWrapper.startForegroundService:669 com.tal.genie.rtc.RTCService$Companion.start:20 com.tal.genie.rtc.RtcApplication.onCreate:78 android.app.Instrumentation.callApplicationOnCreate:1154 
01-01 08:00:23.917 W/ContextImpl( 1155): Calling a method in the system process without a qualified user: android.app.ContextImpl.bindService:1612 android.content.ContextWrapper.bindService:698 com.tal.genie.app_keepalive.KeepAliveService.setForeground:95 com.tal.genie.app_keepalive.KeepAliveService.onStartCommand:57 android.app.ActivityThread.handleServiceArgs:3698 
01-01 08:00:24.011 W/ActivityThread( 1218): ClassLoader.getResourceAsStream: The class loader returned by Thread.getContextClassLoader() may fail for processes that host multiple applications. You should explicitly specify a context class loader. For example: Thread.setContextClassLoader(getClass().getClassLoader());
01-01 08:00:24.064 E/NotificationService(  630): Muting recently noisy 0|com.tal.genie.push|1155|null|1000
01-01 08:00:24.072 W/ContextImpl( 1218): Calling a method in the system process without a qualified user: android.app.ContextImpl.sendBroadcast:1006 android.content.ContextWrapper.sendBroadcast:444 com.tal.genie.launcher.service.RemoteServiceStarter.startVideoChatService:41 com.tal.genie.launcher.service.RemoteServiceStarter.startRemoteAppService:21 com.tal.genie.launcher.ui.main.MainActivity.onCreate:106 
01-01 08:00:24.075 W/ContextImpl( 1218): Calling a method in the system process without a qualified user: android.app.ContextImpl.sendBroadcast:1006 android.content.ContextWrapper.sendBroadcast:444 com.tal.genie.launcher.service.RemoteServiceStarter.startPushService:58 com.tal.genie.launcher.service.RemoteServiceStarter.startRemoteAppService:23 com.tal.genie.launcher.ui.main.MainActivity.onCreate:106 
01-01 08:00:24.114 W/ContextImpl( 1218): Calling a method in the system process without a qualified user: android.app.ContextImpl.startForegroundService:1538 android.content.ContextWrapper.startForegroundService:669 com.tal.genie.launcher.service.RemoteServiceStarter.startLockScreenService:71 com.tal.genie.launcher.service.RemoteServiceStarter.startRemoteAppService:25 com.tal.genie.launcher.ui.main.MainActivity.onCreate:106 
01-01 08:00:24.135 W/ContextImpl( 1218): Calling a method in the system process without a qualified user: android.app.ContextImpl.sendBroadcast:1006 android.content.ContextWrapper.sendBroadcast:444 com.tal.genie.push_receiver.PushSenderBindManager.sendPushBindBroadcastStatic:31 com.tal.genie.push_receiver.PushSenderManager.sendPushBindBroadcastStatic:18 com.tal.genie.launcher.ui.main.MainActivity.onPostCreate:205 
01-01 08:00:24.153 W/ContextImpl( 1218): Calling a method in the system process without a qualified user: android.app.ContextImpl.startService:1532 android.content.ContextWrapper.startService:664 android.content.ContextWrapper.startService:664 android.app.Activity.onPostResume:1391 androidx.fragment.app.FragmentActivity.onPostResume:446 
01-01 08:00:24.326 I/WindowManager(  630): ******* TELLING SURFACE FLINGER WE ARE BOOTED!
01-01 08:00:24.512 W/ActivityThread( 1330): ClassLoader.getResourceAsStream: The class loader returned by Thread.getContextClassLoader() may fail for processes that host multiple applications. You should explicitly specify a context class loader. For example: Thread.setContextClassLoader(getClass().getClassLoader());
01-01 08:00:24.524 I/WindowManager(  630): Relayout Window{345991d u0 com.tal.genie.launcher/com.tal.genie.launcher.ui.main.MainActivity}: oldVis=4 newVis=0 focusMayChange = true
01-01 08:00:24.536 I/WindowManager(  630): Focus moving from null to Window{345991d u0 com.tal.genie.launcher/com.tal.genie.launcher.ui.main.MainActivity}
01-01 08:00:24.660 W/wificond(  471): Scan is not started. Ignore abort request
01-01 08:00:24.863 I/MTKWifiDisplayController(  630): Received NETWORK_STATE_CHANGED,con:false,SSID:null,Freq:0,netId:-1, updated:false
01-01 08:00:25.033 I/chatty  (  630): uid=1000(system) android.display identical 3 lines
01-01 08:00:25.101 I/MTKWifiDisplayController(  630): Received NETWORK_STATE_CHANGED,con:false,SSID:null,Freq:0,netId:-1, updated:false
01-01 08:00:25.633 W/ContextImpl( 1218): Calling a method in the system process without a qualified user: android.app.ContextImpl.sendBroadcast:1006 android.content.ContextWrapper.sendBroadcast:444 com.tal.genie.launcher.service.TimeTickListener.sendOTASilentBroadcast:62 com.tal.genie.launcher.service.TimeTickListener.onTimeTickReceived:31 com.tal.genie.base_receiver.time.TimeTickReceiver.parseTime:79 
01-01 08:00:25.668 W/ActivityManager(  630): Unable to start service Intent { cmp=com.android.printspooler/.model.PrintSpoolerService } U=0: not found
01-01 08:00:25.758 I/TransportClient(  630): LocalTransportService#0: Notifying [TransportManager.registerTransport()] transport = IBackupTransport
01-01 08:00:25.771 I/BroadcastQueue(  630): Resuming delayed broadcast
01-01 08:00:25.782 I/BackupManagerService(  630): Found stale backup journal, scheduling
01-01 08:00:25.782 I/chatty  (  630): uid=1000(system) backup identical 4 lines
01-01 08:00:25.782 I/BackupManagerService(  630): Found stale backup journal, scheduling
01-01 08:00:25.918 W/Looper  (  630): Slow dispatch took 131ms main h=android.app.ActivityThread$H c=null m=114
01-01 08:00:25.963 I/Telecom (  630): DefaultDialerCache: Refreshing default dialer for user 0: now null: DDC.oR@AA0
01-01 08:00:25.991 I/Telecom (  630): MissedCallNotifierImpl: reloadAfterBootComplete: user=0: TSBCR.oR@AA4
01-01 08:00:26.047 I/ActivityManager(  630): Start proc 1537:android.process.acore/u0a11 for content provider com.android.providers.contacts/.CallLogProvider
01-01 08:00:26.096 W/ActivityManager(  630): Slow operation: 93ms so far, now at startProcess: returned from zygote!
01-01 08:00:26.096 W/ActivityManager(  630): Slow operation: 94ms so far, now at startProcess: done updating battery stats
01-01 08:00:26.100 W/ActivityManager(  630): Slow operation: 97ms so far, now at startProcess: building log message
01-01 08:00:26.100 I/ActivityManager(  630): Start proc 1551:com.mediatek.mtklogger/u0a32 for broadcast com.mediatek.mtklogger/.framework.LogReceiver
01-01 08:00:26.100 W/ActivityManager(  630): Slow operation: 97ms so far, now at startProcess: starting to update pids map
01-01 08:00:26.100 W/ActivityManager(  630): Slow operation: 97ms so far, now at startProcess: done updating pids map
01-01 08:00:26.330 I/ActivityManager(  630): Start proc 1578:com.android.gallery3d/u0a34 for broadcast com.android.gallery3d/com.mediatek.gallery3d.adapter.FeatureServiceStart
01-01 08:00:26.352 W/ContextImpl( 1155): Calling a method in the system process without a qualified user: android.app.ContextImpl.sendBroadcast:1006 android.content.ContextWrapper.sendBroadcast:444 com.tal.genie.push.ota.OTAHelper.sendCheckUpgrade:134 com.tal.genie.push.ota.OTAHelper$1.run:63 android.os.Handler.handleCallback:873 
01-01 08:00:26.672 I/ActivityManager(  630): Start proc 1599:com.android.managedprovisioning/u0a10 for broadcast com.android.managedprovisioning/.preprovisioning.BootReminder
01-01 08:00:26.891 I/ActivityManager(  630): Start proc 1614:com.android.packageinstaller/u0a16 for broadcast com.android.packageinstaller/.TemporaryFileManager
01-01 08:00:27.105 I/ActivityManager(  630): Start proc 1629:com.android.providers.calendar/u0a7 for broadcast com.android.providers.calendar/.CalendarReceiver
01-01 08:00:27.245 I/BroadcastQueue(  630): Delay finish: com.android.providers.media/.MediaScannerReceiver
01-01 08:00:27.504 I/BroadcastQueue(  630): Resuming delayed broadcast
01-01 08:00:27.537 I/ActivityManager(  630): Start proc 1650:com.android.traceur/u0a31 for broadcast com.android.traceur/.Receiver
01-01 08:00:27.676 I/ActivityManager(  630): Start proc 1666:com.mediatek.batterywarning/1000 for broadcast com.mediatek.batterywarning/.BatteryWarningReceiver
01-01 08:00:27.763 I/ActivityManager(  630): Start proc 1683:com.mediatek.camera/u0a43 for broadcast com.mediatek.camera/.DisableCameraReceiver
01-01 08:00:27.857 W/ContextImpl( 1218): Calling a method in the system process without a qualified user: android.app.ContextImpl.startActivity:888 android.content.ContextWrapper.startActivity:379 com.tal.genie.lockscreen.receiver.LockScreenReceiver.lockScreen:115 com.tal.genie.lockscreen.receiver.LockScreenReceiver.onReceive:49 android.app.LoadedApk$ReceiverDispatcher$Args.lambda$getRunnable$0:1391 
01-01 08:00:27.857 W/ContextImpl( 1218): Calling a method in the system process without a qualified user: android.app.ContextImpl.startActivity:900 android.app.ContextImpl.startActivity:889 android.content.ContextWrapper.startActivity:379 com.tal.genie.lockscreen.receiver.LockScreenReceiver.lockScreen:115 com.tal.genie.lockscreen.receiver.LockScreenReceiver.onReceive:49 
01-01 08:00:27.858 I/ActivityManager(  630): START u0 {flg=0x10800000 cmp=com.tal.genie.launcher/com.tal.genie.lockscreen.activity.LockScreenActivity} from uid 1000
01-01 08:00:27.880 W/ContextImpl( 1218): Calling a method in the system process without a qualified user: android.app.ContextImpl.sendBroadcast:1006 android.content.ContextWrapper.sendBroadcast:444 com.tal.genie.lockscreen.utils.PushNotificationDialogManager.sendPushNotificationStatus:54 com.tal.genie.lockscreen.utils.PushNotificationDialogManager.sendPushNotificationShow:23 com.tal.genie.lockscreen.receiver.LockScreenReceiver.lockScreen:120 
01-01 08:00:27.914 I/WindowManager(  630): Focus moving from Window{345991d u0 com.tal.genie.launcher/com.tal.genie.launcher.ui.main.MainActivity} to null
01-01 08:00:27.948 W/ActivityManager(  630): Slow operation: 68ms so far, now at startProcess: returned from zygote!
01-01 08:00:27.952 W/ActivityManager(  630): Slow operation: 71ms so far, now at startProcess: done updating battery stats
01-01 08:00:27.952 W/ActivityManager(  630): Slow operation: 72ms so far, now at startProcess: building log message
01-01 08:00:27.952 I/ActivityManager(  630): Start proc 1701:com.mediatek.duraspeed/1000 for broadcast com.mediatek.duraspeed/.DuraSpeedAppReceiver
01-01 08:00:27.952 W/ActivityManager(  630): Slow operation: 72ms so far, now at startProcess: starting to update pids map
01-01 08:00:27.952 W/ActivityManager(  630): Slow operation: 72ms so far, now at startProcess: done updating pids map
01-01 08:00:27.993 W/ContextImpl( 1218): Calling a method in the system process without a qualified user: android.app.ContextImpl.sendBroadcast:1006 android.content.ContextWrapper.sendBroadcast:444 android.content.ContextWrapper.sendBroadcast:444 com.tal.genie.lockscreen.receiver.LockScreenReceiver.sendBroadCastToVoice:180 com.tal.genie.lockscreen.activity.LockScreenActivity.onTimeTickReceived:156 
01-01 08:00:28.006 W/ContextImpl( 1218): Calling a method in the system process without a qualified user: android.app.ContextImpl.startForegroundService:1538 android.content.ContextWrapper.startForegroundService:669 android.content.ContextWrapper.startForegroundService:669 com.tal.genie.lockscreen.activity.LockScreenActivity.initSevice:84 com.tal.genie.lockscreen.activity.LockScreenActivity.onCreate:77 
01-01 08:00:28.027 W/ContextImpl( 1218): Calling a method in the system process without a qualified user: android.app.ContextImpl.startService:1532 android.content.ContextWrapper.startService:664 android.content.ContextWrapper.startService:664 android.app.Activity.onPostResume:1391 androidx.fragment.app.FragmentActivity.onPostResume:446 
01-01 08:00:28.058 I/WindowManager(  630): Relayout Window{6986ca3 u0 com.tal.genie.launcher/com.tal.genie.lockscreen.activity.LockScreenActivity}: oldVis=4 newVis=0 focusMayChange = true
01-01 08:00:28.070 I/WindowManager(  630): Focus moving from null to Window{6986ca3 u0 com.tal.genie.launcher/com.tal.genie.lockscreen.activity.LockScreenActivity}
01-01 08:00:28.317 I/MTKWifiDisplayController(  630): Received NETWORK_STATE_CHANGED,con:false,SSID:null,Freq:0,netId:-1, updated:false
01-01 08:00:28.360 W/NetworkStatsRecorder(  630): unknown interfaces [wlan0, lo], ignoring those stats
01-01 08:00:28.360 I/chatty  (  630): uid=1000(system) ConnectivitySer identical 2 lines
01-01 08:00:28.360 W/NetworkStatsRecorder(  630): unknown interfaces [wlan0, lo], ignoring those stats
01-01 08:00:28.395 I/MTKWifiDisplayController(  630): Received NETWORK_STATE_CHANGED,con:true,SSID:"HUAWEI Mate 30 5G",Freq:2457,netId:0, updated:true
01-01 08:00:28.396 W/DnsManager(  630): updatePrivateDns(100, PrivateDnsConfig{false:/[]})
01-01 08:00:28.401 W/ContextImpl( 1218): Calling a method in the system process without a qualified user: android.app.ContextImpl.sendBroadcast:1006 android.content.ContextWrapper.sendBroadcast:444 com.tal.genie.push_receiver.PushSenderNetManager.sendWifiDisconnectedCloseBroadcast:60 com.tal.genie.launcher.service.NetChangeListener.closeNetDisConnectPrompt:72 com.tal.genie.launcher.service.NetChangeListener.onWifiConnected:66 
01-01 08:00:28.406 I/MTKWifiDisplayController(  630): Received NETWORK_STATE_CHANGED,con:true,SSID:"HUAWEI Mate 30 5G",Freq:2457,netId:0, updated:false
01-01 08:00:28.414 W/ContextImpl(  630): Calling a method in the system process without a qualified user: android.app.ContextImpl.sendBroadcastAsUserMultiplePermissions:1054 com.android.server.wifi.WifiConfigManager.sendConfiguredNetworkChangedBroadcast:660 com.android.server.wifi.WifiConfigManager.setNetworkStatus:1338 com.android.server.wifi.WifiConfigManager.updateNetworkAfterConnect:1619 com.android.server.wifi.WifiStateMachine.registerConnected:3832 
01-01 08:00:28.460 W/ActivityManager(  630): Slow operation: 106ms so far, now at startProcess: returned from zygote!
01-01 08:00:28.461 W/ActivityManager(  630): Slow operation: 106ms so far, now at startProcess: done updating battery stats
01-01 08:00:28.462 W/ActivityManager(  630): Slow operation: 107ms so far, now at startProcess: building log message
01-01 08:00:28.462 I/ActivityManager(  630): Start proc 1731:com.mediatek.engineermode/1001 for broadcast com.mediatek.engineermode/.boot.EmBootupReceiver
01-01 08:00:28.462 W/ActivityManager(  630): Slow operation: 107ms so far, now at startProcess: starting to update pids map
01-01 08:00:28.462 W/ActivityManager(  630): Slow operation: 108ms so far, now at startProcess: done updating pids map
01-01 08:00:28.465 E/BatteryExternalStatsWorker(  630): no controller energy info supplied for wifi
01-01 08:00:28.483 W/NetworkStatsRecorder(  630): unknown interfaces [wlan0, lo], ignoring those stats
01-01 08:00:28.483 I/chatty  (  630): uid=1000(system) ConnectivitySer identical 2 lines
01-01 08:00:28.483 W/NetworkStatsRecorder(  630): unknown interfaces [wlan0, lo], ignoring those stats
01-01 08:00:28.491 I/NetworkStats(  630): NetworkIdentity: {type=WIFI, subType=COMBINED, networkId="HUAWEI Mate 30 5G", metered=true, defaultNetwork=false}
01-01 08:00:28.503 I/ActivityManager(  630): Process com.mediatek.duraspeed (pid 1701) has died: cch  CEM 
01-01 08:00:28.514 I/ActivityManager(  630): Process com.mediatek.mtklogger (pid 1551) has died: cch+4CEM 
01-01 08:00:28.538 W/NetworkStatsRecorder(  630): unknown interfaces [lo], ignoring those stats
01-01 08:00:28.539 I/chatty  (  630): uid=1000(system) ConnectivitySer identical 2 lines
01-01 08:00:28.539 W/NetworkStatsRecorder(  630): unknown interfaces [lo], ignoring those stats
01-01 08:00:28.548 I/NetworkStats(  630): NetworkIdentity: {type=WIFI, subType=COMBINED, networkId="HUAWEI Mate 30 5G", metered=true, defaultNetwork=false}
01-01 08:00:28.591 I/NetworkStatsRecorder(  630): recordSnapshotLocked: ident[[{type=WIFI, subType=COMBINED, networkId="HUAWEI Mate 30 5G", metered=true, defaultNetwork=false}]]
01-01 08:00:28.591 W/NetworkStatsRecorder(  630): unknown interfaces [lo], ignoring those stats
01-01 08:00:28.591 I/NetworkStatsRecorder(  630): recordSnapshotLocked: ident[[{type=WIFI, subType=COMBINED, networkId="HUAWEI Mate 30 5G", metered=true, defaultNetwork=false}]]
01-01 08:00:28.591 W/NetworkStatsRecorder(  630): unknown interfaces [lo], ignoring those stats
01-01 08:00:28.592 I/NetworkStatsRecorder(  630): recordSnapshotLocked: ident[[{type=WIFI, subType=COMBINED, networkId="HUAWEI Mate 30 5G", metered=true, defaultNetwork=false}]]
01-01 08:00:28.592 W/NetworkStatsRecorder(  630): unknown interfaces [lo], ignoring those stats
01-01 08:00:28.592 W/NetworkStatsRecorder(  630): unknown interfaces [lo], ignoring those stats
01-01 08:00:28.603 I/NetworkStats(  630): NetworkIdentity: {type=WIFI, subType=COMBINED, networkId="HUAWEI Mate 30 5G", metered=true, defaultNetwork=true}
11-18 10:54:13.192 I/JobScheduler(  630): RTC now valid; recalculating persisted job windows
11-18 10:54:13.195 W/SyncManager(  630): Clock is valid now.
11-18 10:54:13.210 E/JobScheduler(  630): Not yet prepared when started tracking: JobStatus{7a5e119 #1000/2131427336 com.android.settings/.fuelgauge.batterytip.AnomalyConfigJobService u=0 s=1000 TIME=-9ms:-9ms CHARGING IDLE PERIODIC PERSISTED WAIT:DEV_NOT_DOZING}
11-18 10:54:13.280 E/JobScheduler(  630): Not yet prepared when started tracking: JobStatus{a9c8a8d #1000/2131427335 com.android.settings/.fuelgauge.batterytip.AnomalyCleanupJobService u=0 s=1000 TIME=-88ms:-88ms CHARGING IDLE PERIODIC PERSISTED WAIT:DEV_NOT_DOZING}
11-18 10:54:13.400 W/ActivityManager(  630): Slow operation: 70ms so far, now at startProcess: returned from zygote!
11-18 10:54:13.400 W/ActivityManager(  630): Slow operation: 71ms so far, now at startProcess: done updating battery stats
11-18 10:54:13.404 W/ActivityManager(  630): Slow operation: 74ms so far, now at startProcess: building log message
11-18 10:54:13.404 I/ActivityManager(  630): Start proc 1768:com.mediatek.thermalmanager/1000 for broadcast com.mediatek.thermalmanager/.ServiceStarter
11-18 10:54:13.404 W/ActivityManager(  630): Slow operation: 74ms so far, now at startProcess: starting to update pids map
11-18 10:54:13.404 W/ActivityManager(  630): Slow operation: 75ms so far, now at startProcess: done updating pids map
11-18 10:54:13.591 W/ContextImpl(  630): Calling a method in the system process without a qualified user: android.app.ContextImpl.sendBroadcastAsUserMultiplePermissions:1054 com.android.server.wifi.WifiConfigManager.sendConfiguredNetworkChangedBroadcast:660 com.android.server.wifi.WifiConfigManager.setNetworkStatus:1338 com.android.server.wifi.WifiConfigManager.setNetworkSelectionStatus:1361 com.android.server.wifi.WifiConfigManager.updateNetworkSelectionStatus:1403 
11-18 10:54:13.844 I/ActivityManager(  630): Finished processing BOOT_COMPLETED for u0
11-18 10:54:14.502 I/sn      (  492): Retry 2
11-18 10:54:14.503 I/sn      (  492): Fail to access err=2
11-18 10:54:14.503 I/chatty  (  492): uid=1000(system) identical 1 line
11-18 10:54:14.503 I/sn      (  492): Fail to access err=2
11-18 10:54:14.503 I/sn      (  492): Check all possible paths
11-18 10:54:15.176 W/ContextImpl( 1155): Calling a method in the system process without a qualified user: android.app.ContextImpl.sendBroadcast:1006 android.content.ContextWrapper.sendBroadcast:444 com.tal100.chatsdk.TMPushListener.onReceivedRegisterId:41 com.tal100.chatsdk.TMPushManager.onRecvRegisterId:156 <bottom of call stack> 
11-18 10:54:20.147 E/RemotePrintSpooler(  630): Error pruning approved print services.
11-18 10:54:20.147 E/RemotePrintSpooler(  630): java.util.concurrent.TimeoutException: Cannot get spooler!
11-18 10:54:20.147 E/RemotePrintSpooler(  630): 	at com.android.server.print.RemotePrintSpooler.bindLocked(RemotePrintSpooler.java:634)
11-18 10:54:20.147 E/RemotePrintSpooler(  630): 	at com.android.server.print.RemotePrintSpooler.getRemoteInstanceLazy(RemotePrintSpooler.java:594)
11-18 10:54:20.147 E/RemotePrintSpooler(  630): 	at com.android.server.print.RemotePrintSpooler.pruneApprovedPrintServices(RemotePrintSpooler.java:509)
11-18 10:54:20.147 E/RemotePrintSpooler(  630): 	at com.android.server.print.UserState.prunePrintServices(UserState.java:1030)
11-18 10:54:20.147 E/RemotePrintSpooler(  630): 	at com.android.server.print.UserState.<init>(UserState.java:177)
11-18 10:54:20.147 E/RemotePrintSpooler(  630): 	at com.android.server.print.PrintManagerService$PrintManagerImpl.getOrCreateUserStateLocked(PrintManagerService.java:971)
11-18 10:54:20.147 E/RemotePrintSpooler(  630): 	at com.android.server.print.PrintManagerService$PrintManagerImpl.access$600(PrintManagerService.java:112)
11-18 10:54:20.147 E/RemotePrintSpooler(  630): 	at com.android.server.print.PrintManagerService$PrintManagerImpl$3.run(PrintManagerService.java:992)
11-18 10:54:20.147 E/RemotePrintSpooler(  630): 	at android.os.Handler.handleCallback(Handler.java:873)
11-18 10:54:20.147 E/RemotePrintSpooler(  630): 	at android.os.Handler.dispatchMessage(Handler.java:99)
11-18 10:54:20.147 E/RemotePrintSpooler(  630): 	at android.os.Looper.loop(Looper.java:193)
11-18 10:54:20.147 E/RemotePrintSpooler(  630): 	at android.os.HandlerThread.run(HandlerThread.java:65)
11-18 10:54:20.150 W/ActivityManager(  630): Unable to start service Intent { cmp=com.android.printspooler/.model.PrintSpoolerService } U=0: not found
11-18 10:54:24.503 I/sn      (  492): Retry 3
11-18 10:54:24.503 I/sn      (  492): Fail to access err=2
11-18 10:54:24.504 I/chatty  (  492): uid=1000(system) identical 1 line
11-18 10:54:24.504 I/sn      (  492): Fail to access err=2
11-18 10:54:24.504 I/sn      (  492): Check all possible paths
11-18 10:54:30.189 E/RemotePrintSpooler(  630): Error removing obsolete print jobs .
11-18 10:54:30.189 E/RemotePrintSpooler(  630): java.util.concurrent.TimeoutException: Cannot get spooler!
11-18 10:54:30.189 E/RemotePrintSpooler(  630): 	at com.android.server.print.RemotePrintSpooler.bindLocked(RemotePrintSpooler.java:634)
11-18 10:54:30.189 E/RemotePrintSpooler(  630): 	at com.android.server.print.RemotePrintSpooler.getRemoteInstanceLazy(RemotePrintSpooler.java:594)
11-18 10:54:30.189 E/RemotePrintSpooler(  630): 	at com.android.server.print.RemotePrintSpooler.removeObsoletePrintJobs(RemotePrintSpooler.java:531)
11-18 10:54:30.189 E/RemotePrintSpooler(  630): 	at com.android.server.print.UserState.removeObsoletePrintJobs(UserState.java:217)
11-18 10:54:30.189 E/RemotePrintSpooler(  630): 	at com.android.server.print.PrintManagerService$PrintManagerImpl$3.run(PrintManagerService.java:999)
11-18 10:54:30.189 E/RemotePrintSpooler(  630): 	at android.os.Handler.handleCallback(Handler.java:873)
11-18 10:54:30.189 E/RemotePrintSpooler(  630): 	at android.os.Handler.dispatchMessage(Handler.java:99)
11-18 10:54:30.189 E/RemotePrintSpooler(  630): 	at android.os.Looper.loop(Looper.java:193)
11-18 10:54:30.189 E/RemotePrintSpooler(  630): 	at android.os.HandlerThread.run(HandlerThread.java:65)
11-18 10:54:30.190 W/Looper  (  630): Slow dispatch took 20174ms android.bg h=android.os.Handler c=com.android.server.print.PrintManagerService$PrintManagerImpl$3@6b3d05a m=0
