12-23 17:16:29.331 E/MtkDataShapingUtils(  634): Exception openLteGateByDataShaping  in java.lang.NullPointerException: null receiver
12-23 17:16:29.331 W/System.err(  634): java.lang.NullPointerException: null receiver
12-23 17:16:29.332 W/System.err(  634): 	at java.lang.reflect.Method.invoke(Native Method)
12-23 17:16:29.332 W/System.err(  634): 	at com.mediatek.server.MtkDataShaping.openLteGateByDataShaping(MtkDataShaping.java:36)
12-23 17:16:29.332 W/System.err(  634): 	at com.android.server.AlarmManagerService.deliverAlarmsLocked(AlarmManagerService.java:3603)
12-23 17:16:29.332 W/System.err(  634): 	at com.android.server.AlarmManagerService$AlarmThread.run(AlarmManagerService.java:3781)
12-23 17:16:29.334 E/ActivityManager(  634): Sending non-protected broadcast ALARM_ACTION(1093) from system uid 1000 pkg com.tal.genie.push
12-23 17:16:29.334 E/ActivityManager(  634): java.lang.Throwable
12-23 17:16:29.334 E/ActivityManager(  634): 	at com.android.server.am.ActivityManagerService.checkBroadcastFromSystem(ActivityManagerService.java:21477)
12-23 17:16:29.334 E/ActivityManager(  634): 	at com.android.server.am.ActivityManagerService.broadcastIntentLocked(ActivityManagerService.java:22077)
12-23 17:16:29.334 E/ActivityManager(  634): 	at com.android.server.am.ActivityManagerService.broadcastIntentInPackage(ActivityManagerService.java:22256)
12-23 17:16:29.334 E/ActivityManager(  634): 	at com.android.server.am.PendingIntentRecord.sendInner(PendingIntentRecord.java:372)
12-23 17:16:29.334 E/ActivityManager(  634): 	at com.android.server.am.PendingIntentRecord.sendWithResult(PendingIntentRecord.java:245)
12-23 17:16:29.334 E/ActivityManager(  634): 	at com.android.server.am.ActivityManagerService.sendIntentSender(ActivityManagerService.java:8613)
12-23 17:16:29.334 E/ActivityManager(  634): 	at android.app.PendingIntent.sendAndReturnResult(PendingIntent.java:892)
12-23 17:16:29.334 E/ActivityManager(  634): 	at android.app.PendingIntent.send(PendingIntent.java:874)
12-23 17:16:29.334 E/ActivityManager(  634): 	at com.android.server.AlarmManagerService$DeliveryTracker.deliverLocked(AlarmManagerService.java:4387)
12-23 17:16:29.334 E/ActivityManager(  634): 	at com.android.server.AlarmManagerService.deliverAlarmsLocked(AlarmManagerService.java:3632)
12-23 17:16:29.334 E/ActivityManager(  634): 	at com.android.server.AlarmManagerService$AlarmThread.run(AlarmManagerService.java:3781)
12-23 17:16:29.342 W/AES     (  634): Exception Log handling...
12-23 17:16:29.344 W/AES     (  634): skip for Exp level 0
12-23 17:16:37.350 E/MtkDataShapingUtils(  634): Exception openLteGateByDataShaping  in java.lang.NullPointerException: null receiver
12-23 17:16:37.350 W/System.err(  634): java.lang.NullPointerException: null receiver
12-23 17:16:37.350 W/System.err(  634): 	at java.lang.reflect.Method.invoke(Native Method)
12-23 17:16:37.350 W/System.err(  634): 	at com.mediatek.server.MtkDataShaping.openLteGateByDataShaping(MtkDataShaping.java:36)
12-23 17:16:37.350 W/System.err(  634): 	at com.android.server.AlarmManagerService.deliverAlarmsLocked(AlarmManagerService.java:3603)
12-23 17:16:37.350 W/System.err(  634): 	at com.android.server.AlarmManagerService$AlarmThread.run(AlarmManagerService.java:3781)
12-23 17:16:37.352 E/ActivityManager(  634): Sending non-protected broadcast ALARM_ACTION(1093) from system uid 1000 pkg com.tal.genie.push
12-23 17:16:37.352 E/ActivityManager(  634): java.lang.Throwable
12-23 17:16:37.352 E/ActivityManager(  634): 	at com.android.server.am.ActivityManagerService.checkBroadcastFromSystem(ActivityManagerService.java:21477)
12-23 17:16:37.352 E/ActivityManager(  634): 	at com.android.server.am.ActivityManagerService.broadcastIntentLocked(ActivityManagerService.java:22077)
12-23 17:16:37.352 E/ActivityManager(  634): 	at com.android.server.am.ActivityManagerService.broadcastIntentInPackage(ActivityManagerService.java:22256)
12-23 17:16:37.352 E/ActivityManager(  634): 	at com.android.server.am.PendingIntentRecord.sendInner(PendingIntentRecord.java:372)
12-23 17:16:37.352 E/ActivityManager(  634): 	at com.android.server.am.PendingIntentRecord.sendWithResult(PendingIntentRecord.java:245)
12-23 17:16:37.352 E/ActivityManager(  634): 	at com.android.server.am.ActivityManagerService.sendIntentSender(ActivityManagerService.java:8613)
12-23 17:16:37.352 E/ActivityManager(  634): 	at android.app.PendingIntent.sendAndReturnResult(PendingIntent.java:892)
12-23 17:16:37.352 E/ActivityManager(  634): 	at android.app.PendingIntent.send(PendingIntent.java:874)
12-23 17:16:37.352 E/ActivityManager(  634): 	at com.android.server.AlarmManagerService$DeliveryTracker.deliverLocked(AlarmManagerService.java:4387)
12-23 17:16:37.352 E/ActivityManager(  634): 	at com.android.server.AlarmManagerService.deliverAlarmsLocked(AlarmManagerService.java:3632)
12-23 17:16:37.352 E/ActivityManager(  634): 	at com.android.server.AlarmManagerService$AlarmThread.run(AlarmManagerService.java:3781)
12-23 17:16:37.360 W/AES     (  634): Exception Log handling...
12-23 17:16:37.363 W/AES     (  634): skip for Exp level 0
12-23 17:16:45.368 E/MtkDataShapingUtils(  634): Exception openLteGateByDataShaping  in java.lang.NullPointerException: null receiver
12-23 17:16:45.368 W/System.err(  634): java.lang.NullPointerException: null receiver
12-23 17:16:45.368 W/System.err(  634): 	at java.lang.reflect.Method.invoke(Native Method)
12-23 17:16:45.368 W/System.err(  634): 	at com.mediatek.server.MtkDataShaping.openLteGateByDataShaping(MtkDataShaping.java:36)
12-23 17:16:45.368 W/System.err(  634): 	at com.android.server.AlarmManagerService.deliverAlarmsLocked(AlarmManagerService.java:3603)
12-23 17:16:45.368 W/System.err(  634): 	at com.android.server.AlarmManagerService$AlarmThread.run(AlarmManagerService.java:3781)
12-23 17:16:45.370 E/ActivityManager(  634): Sending non-protected broadcast ALARM_ACTION(1093) from system uid 1000 pkg com.tal.genie.push
12-23 17:16:45.370 E/ActivityManager(  634): java.lang.Throwable
12-23 17:16:45.370 E/ActivityManager(  634): 	at com.android.server.am.ActivityManagerService.checkBroadcastFromSystem(ActivityManagerService.java:21477)
12-23 17:16:45.370 E/ActivityManager(  634): 	at com.android.server.am.ActivityManagerService.broadcastIntentLocked(ActivityManagerService.java:22077)
12-23 17:16:45.370 E/ActivityManager(  634): 	at com.android.server.am.ActivityManagerService.broadcastIntentInPackage(ActivityManagerService.java:22256)
12-23 17:16:45.370 E/ActivityManager(  634): 	at com.android.server.am.PendingIntentRecord.sendInner(PendingIntentRecord.java:372)
12-23 17:16:45.370 E/ActivityManager(  634): 	at com.android.server.am.PendingIntentRecord.sendWithResult(PendingIntentRecord.java:245)
12-23 17:16:45.370 E/ActivityManager(  634): 	at com.android.server.am.ActivityManagerService.sendIntentSender(ActivityManagerService.java:8613)
12-23 17:16:45.370 E/ActivityManager(  634): 	at android.app.PendingIntent.sendAndReturnResult(PendingIntent.java:892)
12-23 17:16:45.370 E/ActivityManager(  634): 	at android.app.PendingIntent.send(PendingIntent.java:874)
12-23 17:16:45.370 E/ActivityManager(  634): 	at com.android.server.AlarmManagerService$DeliveryTracker.deliverLocked(AlarmManagerService.java:4387)
12-23 17:16:45.370 E/ActivityManager(  634): 	at com.android.server.AlarmManagerService.deliverAlarmsLocked(AlarmManagerService.java:3632)
12-23 17:16:45.370 E/ActivityManager(  634): 	at com.android.server.AlarmManagerService$AlarmThread.run(AlarmManagerService.java:3781)
12-23 17:16:45.378 W/AES     (  634): Exception Log handling...
12-23 17:16:45.380 W/AES     (  634): skip for Exp level 0
12-23 17:16:53.289 I/test    ( 1300): [ (UpdateManager.java:27)#update ] check code:159 name 1.0.0 12-23 11:09:07 release isRelease=false
12-23 17:16:53.385 E/MtkDataShapingUtils(  634): Exception openLteGateByDataShaping  in java.lang.NullPointerException: null receiver
12-23 17:16:53.385 W/System.err(  634): java.lang.NullPointerException: null receiver
12-23 17:16:53.386 W/System.err(  634): 	at java.lang.reflect.Method.invoke(Native Method)
12-23 17:16:53.386 W/System.err(  634): 	at com.mediatek.server.MtkDataShaping.openLteGateByDataShaping(MtkDataShaping.java:36)
12-23 17:16:53.386 W/System.err(  634): 	at com.android.server.AlarmManagerService.deliverAlarmsLocked(AlarmManagerService.java:3603)
12-23 17:16:53.386 W/System.err(  634): 	at com.android.server.AlarmManagerService$AlarmThread.run(AlarmManagerService.java:3781)
12-23 17:16:53.387 E/ActivityManager(  634): Sending non-protected broadcast ALARM_ACTION(1093) from system uid 1000 pkg com.tal.genie.push
12-23 17:16:53.387 E/ActivityManager(  634): java.lang.Throwable
12-23 17:16:53.387 E/ActivityManager(  634): 	at com.android.server.am.ActivityManagerService.checkBroadcastFromSystem(ActivityManagerService.java:21477)
12-23 17:16:53.387 E/ActivityManager(  634): 	at com.android.server.am.ActivityManagerService.broadcastIntentLocked(ActivityManagerService.java:22077)
12-23 17:16:53.387 E/ActivityManager(  634): 	at com.android.server.am.ActivityManagerService.broadcastIntentInPackage(ActivityManagerService.java:22256)
12-23 17:16:53.387 E/ActivityManager(  634): 	at com.android.server.am.PendingIntentRecord.sendInner(PendingIntentRecord.java:372)
12-23 17:16:53.387 E/ActivityManager(  634): 	at com.android.server.am.PendingIntentRecord.sendWithResult(PendingIntentRecord.java:245)
12-23 17:16:53.387 E/ActivityManager(  634): 	at com.android.server.am.ActivityManagerService.sendIntentSender(ActivityManagerService.java:8613)
12-23 17:16:53.387 E/ActivityManager(  634): 	at android.app.PendingIntent.sendAndReturnResult(PendingIntent.java:892)
12-23 17:16:53.387 E/ActivityManager(  634): 	at android.app.PendingIntent.send(PendingIntent.java:874)
12-23 17:16:53.387 E/ActivityManager(  634): 	at com.android.server.AlarmManagerService$DeliveryTracker.deliverLocked(AlarmManagerService.java:4387)
12-23 17:16:53.387 E/ActivityManager(  634): 	at com.android.server.AlarmManagerService.deliverAlarmsLocked(AlarmManagerService.java:3632)
12-23 17:16:53.387 E/ActivityManager(  634): 	at com.android.server.AlarmManagerService$AlarmThread.run(AlarmManagerService.java:3781)
12-23 17:16:53.392 W/AES     (  634): Exception Log handling...
12-23 17:16:53.393 W/AES     (  634): skip for Exp level 0
12-23 17:17:01.399 E/MtkDataShapingUtils(  634): Exception openLteGateByDataShaping  in java.lang.NullPointerException: null receiver
12-23 17:17:01.399 W/System.err(  634): java.lang.NullPointerException: null receiver
12-23 17:17:01.400 W/System.err(  634): 	at java.lang.reflect.Method.invoke(Native Method)
12-23 17:17:01.400 W/System.err(  634): 	at com.mediatek.server.MtkDataShaping.openLteGateByDataShaping(MtkDataShaping.java:36)
12-23 17:17:01.400 W/System.err(  634): 	at com.android.server.AlarmManagerService.deliverAlarmsLocked(AlarmManagerService.java:3603)
12-23 17:17:01.400 W/System.err(  634): 	at com.android.server.AlarmManagerService$AlarmThread.run(AlarmManagerService.java:3781)
12-23 17:17:01.404 E/ActivityManager(  634): Sending non-protected broadcast ALARM_ACTION(1093) from system uid 1000 pkg com.tal.genie.push
12-23 17:17:01.404 E/ActivityManager(  634): java.lang.Throwable
12-23 17:17:01.404 E/ActivityManager(  634): 	at com.android.server.am.ActivityManagerService.checkBroadcastFromSystem(ActivityManagerService.java:21477)
12-23 17:17:01.404 E/ActivityManager(  634): 	at com.android.server.am.ActivityManagerService.broadcastIntentLocked(ActivityManagerService.java:22077)
12-23 17:17:01.404 E/ActivityManager(  634): 	at com.android.server.am.ActivityManagerService.broadcastIntentInPackage(ActivityManagerService.java:22256)
12-23 17:17:01.404 E/ActivityManager(  634): 	at com.android.server.am.PendingIntentRecord.sendInner(PendingIntentRecord.java:372)
12-23 17:17:01.404 E/ActivityManager(  634): 	at com.android.server.am.PendingIntentRecord.sendWithResult(PendingIntentRecord.java:245)
12-23 17:17:01.404 E/ActivityManager(  634): 	at com.android.server.am.ActivityManagerService.sendIntentSender(ActivityManagerService.java:8613)
12-23 17:17:01.404 E/ActivityManager(  634): 	at android.app.PendingIntent.sendAndReturnResult(PendingIntent.java:892)
12-23 17:17:01.404 E/ActivityManager(  634): 	at android.app.PendingIntent.send(PendingIntent.java:874)
12-23 17:17:01.404 E/ActivityManager(  634): 	at com.android.server.AlarmManagerService$DeliveryTracker.deliverLocked(AlarmManagerService.java:4387)
12-23 17:17:01.404 E/ActivityManager(  634): 	at com.android.server.AlarmManagerService.deliverAlarmsLocked(AlarmManagerService.java:3632)
12-23 17:17:01.404 E/ActivityManager(  634): 	at com.android.server.AlarmManagerService$AlarmThread.run(AlarmManagerService.java:3781)
12-23 17:17:01.412 W/AES     (  634): Exception Log handling...
12-23 17:17:01.414 W/AES     (  634): skip for Exp level 0
12-23 17:17:01.431 I/SA.PushAutoTrackHelper( 1155): SDK or push disabled.
12-23 17:17:01.434 I/SA.PushAutoTrackHelper( 1155): SDK or push disabled.
12-23 17:17:09.309 I/native  ( 1100): I20211223 17:17:09.309252  1229 torch_asr_decoder.cc:326] Endpoint is detected at 515
12-23 17:17:09.420 E/MtkDataShapingUtils(  634): Exception openLteGateByDataShaping  in java.lang.NullPointerException: null receiver
12-23 17:17:09.420 W/System.err(  634): java.lang.NullPointerException: null receiver
12-23 17:17:09.421 W/System.err(  634): 	at java.lang.reflect.Method.invoke(Native Method)
12-23 17:17:09.421 W/System.err(  634): 	at com.mediatek.server.MtkDataShaping.openLteGateByDataShaping(MtkDataShaping.java:36)
12-23 17:17:09.421 W/System.err(  634): 	at com.android.server.AlarmManagerService.deliverAlarmsLocked(AlarmManagerService.java:3603)
12-23 17:17:09.421 W/System.err(  634): 	at com.android.server.AlarmManagerService$AlarmThread.run(AlarmManagerService.java:3781)
12-23 17:17:09.422 E/ActivityManager(  634): Sending non-protected broadcast ALARM_ACTION(1093) from system uid 1000 pkg com.tal.genie.push
12-23 17:17:09.422 E/ActivityManager(  634): java.lang.Throwable
12-23 17:17:09.422 E/ActivityManager(  634): 	at com.android.server.am.ActivityManagerService.checkBroadcastFromSystem(ActivityManagerService.java:21477)
12-23 17:17:09.422 E/ActivityManager(  634): 	at com.android.server.am.ActivityManagerService.broadcastIntentLocked(ActivityManagerService.java:22077)
12-23 17:17:09.422 E/ActivityManager(  634): 	at com.android.server.am.ActivityManagerService.broadcastIntentInPackage(ActivityManagerService.java:22256)
12-23 17:17:09.422 E/ActivityManager(  634): 	at com.android.server.am.PendingIntentRecord.sendInner(PendingIntentRecord.java:372)
12-23 17:17:09.422 E/ActivityManager(  634): 	at com.android.server.am.PendingIntentRecord.sendWithResult(PendingIntentRecord.java:245)
12-23 17:17:09.422 E/ActivityManager(  634): 	at com.android.server.am.ActivityManagerService.sendIntentSender(ActivityManagerService.java:8613)
12-23 17:17:09.422 E/ActivityManager(  634): 	at android.app.PendingIntent.sendAndReturnResult(PendingIntent.java:892)
12-23 17:17:09.422 E/ActivityManager(  634): 	at android.app.PendingIntent.send(PendingIntent.java:874)
12-23 17:17:09.422 E/ActivityManager(  634): 	at com.android.server.AlarmManagerService$DeliveryTracker.deliverLocked(AlarmManagerService.java:4387)
12-23 17:17:09.422 E/ActivityManager(  634): 	at com.android.server.AlarmManagerService.deliverAlarmsLocked(AlarmManagerService.java:3632)
12-23 17:17:09.422 E/ActivityManager(  634): 	at com.android.server.AlarmManagerService$AlarmThread.run(AlarmManagerService.java:3781)
12-23 17:17:09.431 W/AES     (  634): Exception Log handling...
12-23 17:17:09.432 W/AES     (  634): skip for Exp level 0
12-23 17:17:11.813 E/storaged(  453): getDiskStats failed with result NOT_SUPPORTED and size 0
12-23 17:17:13.569 I/[push]AlarmKeepAlive( 1437): 108/do keep alive
12-23 17:17:13.570 I/[push]AlarmKeepAlive( 1437): 108/start keep alive alarm, delay=15000 executor:java.util.concurrent.Executors$DelegatedScheduledExecutorService@e461cb5
12-23 17:17:13.571 I/[push]im_packet( 1437): 101/send PacketHeader [SID 1 , CID 2 , SER 0 , RES 200 , TAG 0 , LEN 5]
12-23 17:17:13.614 I/[push]im_packet( 1437): 101/received PacketHeader [SID 1 , CID 2 , SER 0 , RES 200 , TAG 2 , LEN 7]
12-23 17:17:14.263 I/native  ( 1100): I20211223 17:17:14.263284  1229 torch_asr_decoder.cc:326] Endpoint is detected at 451
12-23 17:17:17.437 E/MtkDataShapingUtils(  634): Exception openLteGateByDataShaping  in java.lang.NullPointerException: null receiver
12-23 17:17:17.437 W/System.err(  634): java.lang.NullPointerException: null receiver
12-23 17:17:17.437 W/System.err(  634): 	at java.lang.reflect.Method.invoke(Native Method)
12-23 17:17:17.438 W/System.err(  634): 	at com.mediatek.server.MtkDataShaping.openLteGateByDataShaping(MtkDataShaping.java:36)
12-23 17:17:17.438 W/System.err(  634): 	at com.android.server.AlarmManagerService.deliverAlarmsLocked(AlarmManagerService.java:3603)
12-23 17:17:17.438 W/System.err(  634): 	at com.android.server.AlarmManagerService$AlarmThread.run(AlarmManagerService.java:3781)
12-23 17:17:17.439 E/ActivityManager(  634): Sending non-protected broadcast ALARM_ACTION(1093) from system uid 1000 pkg com.tal.genie.push
12-23 17:17:17.439 E/ActivityManager(  634): java.lang.Throwable
12-23 17:17:17.439 E/ActivityManager(  634): 	at com.android.server.am.ActivityManagerService.checkBroadcastFromSystem(ActivityManagerService.java:21477)
12-23 17:17:17.439 E/ActivityManager(  634): 	at com.android.server.am.ActivityManagerService.broadcastIntentLocked(ActivityManagerService.java:22077)
12-23 17:17:17.439 E/ActivityManager(  634): 	at com.android.server.am.ActivityManagerService.broadcastIntentInPackage(ActivityManagerService.java:22256)
12-23 17:17:17.439 E/ActivityManager(  634): 	at com.android.server.am.PendingIntentRecord.sendInner(PendingIntentRecord.java:372)
12-23 17:17:17.439 E/ActivityManager(  634): 	at com.android.server.am.PendingIntentRecord.sendWithResult(PendingIntentRecord.java:245)
12-23 17:17:17.439 E/ActivityManager(  634): 	at com.android.server.am.ActivityManagerService.sendIntentSender(ActivityManagerService.java:8613)
12-23 17:17:17.439 E/ActivityManager(  634): 	at android.app.PendingIntent.sendAndReturnResult(PendingIntent.java:892)
12-23 17:17:17.439 E/ActivityManager(  634): 	at android.app.PendingIntent.send(PendingIntent.java:874)
12-23 17:17:17.439 E/ActivityManager(  634): 	at com.android.server.AlarmManagerService$DeliveryTracker.deliverLocked(AlarmManagerService.java:4387)
12-23 17:17:17.439 E/ActivityManager(  634): 	at com.android.server.AlarmManagerService.deliverAlarmsLocked(AlarmManagerService.java:3632)
12-23 17:17:17.439 E/ActivityManager(  634): 	at com.android.server.AlarmManagerService$AlarmThread.run(AlarmManagerService.java:3781)
12-23 17:17:17.447 W/AES     (  634): Exception Log handling...
12-23 17:17:17.449 W/AES     (  634): skip for Exp level 0
12-23 17:17:18.584 I/native  ( 1100): I20211223 17:17:18.584285  1229 torch_asr_decoder.cc:326] Endpoint is detected at 355
12-23 17:17:23.294 I/test    ( 1300): [ (UpdateManager.java:27)#update ] check code:159 name 1.0.0 12-23 11:09:07 release isRelease=false
12-23 17:17:25.454 E/MtkDataShapingUtils(  634): Exception openLteGateByDataShaping  in java.lang.NullPointerException: null receiver
12-23 17:17:25.454 W/System.err(  634): java.lang.NullPointerException: null receiver
12-23 17:17:25.455 W/System.err(  634): 	at java.lang.reflect.Method.invoke(Native Method)
12-23 17:17:25.455 W/System.err(  634): 	at com.mediatek.server.MtkDataShaping.openLteGateByDataShaping(MtkDataShaping.java:36)
12-23 17:17:25.455 W/System.err(  634): 	at com.android.server.AlarmManagerService.deliverAlarmsLocked(AlarmManagerService.java:3603)
12-23 17:17:25.455 W/System.err(  634): 	at com.android.server.AlarmManagerService$AlarmThread.run(AlarmManagerService.java:3781)
12-23 17:17:25.456 E/ActivityManager(  634): Sending non-protected broadcast ALARM_ACTION(1093) from system uid 1000 pkg com.tal.genie.push
12-23 17:17:25.456 E/ActivityManager(  634): java.lang.Throwable
12-23 17:17:25.456 E/ActivityManager(  634): 	at com.android.server.am.ActivityManagerService.checkBroadcastFromSystem(ActivityManagerService.java:21477)
12-23 17:17:25.456 E/ActivityManager(  634): 	at com.android.server.am.ActivityManagerService.broadcastIntentLocked(ActivityManagerService.java:22077)
12-23 17:17:25.456 E/ActivityManager(  634): 	at com.android.server.am.ActivityManagerService.broadcastIntentInPackage(ActivityManagerService.java:22256)
12-23 17:17:25.456 E/ActivityManager(  634): 	at com.android.server.am.PendingIntentRecord.sendInner(PendingIntentRecord.java:372)
12-23 17:17:25.456 E/ActivityManager(  634): 	at com.android.server.am.PendingIntentRecord.sendWithResult(PendingIntentRecord.java:245)
12-23 17:17:25.456 E/ActivityManager(  634): 	at com.android.server.am.ActivityManagerService.sendIntentSender(ActivityManagerService.java:8613)
12-23 17:17:25.456 E/ActivityManager(  634): 	at android.app.PendingIntent.sendAndReturnResult(PendingIntent.java:892)
12-23 17:17:25.456 E/ActivityManager(  634): 	at android.app.PendingIntent.send(PendingIntent.java:874)
12-23 17:17:25.456 E/ActivityManager(  634): 	at com.android.server.AlarmManagerService$DeliveryTracker.deliverLocked(AlarmManagerService.java:4387)
12-23 17:17:25.456 E/ActivityManager(  634): 	at com.android.server.AlarmManagerService.deliverAlarmsLocked(AlarmManagerService.java:3632)
12-23 17:17:25.456 E/ActivityManager(  634): 	at com.android.server.AlarmManagerService$AlarmThread.run(AlarmManagerService.java:3781)
12-23 17:17:25.465 W/AES     (  634): Exception Log handling...
12-23 17:17:25.466 W/AES     (  634): skip for Exp level 0
12-23 17:17:28.609 I/[push]AlarmKeepAlive( 1437): 108/do keep alive
12-23 17:17:28.610 I/[push]AlarmKeepAlive( 1437): 108/start keep alive alarm, delay=225005 executor:java.util.concurrent.Executors$DelegatedScheduledExecutorService@e461cb5
12-23 17:17:31.866 I/native  ( 1100): I20211223 17:17:31.866047  1229 torch_asr_decoder.cc:326] Endpoint is detected at 323
12-23 17:17:33.471 E/MtkDataShapingUtils(  634): Exception openLteGateByDataShaping  in java.lang.NullPointerException: null receiver
12-23 17:17:33.472 W/System.err(  634): java.lang.NullPointerException: null receiver
12-23 17:17:33.472 W/System.err(  634): 	at java.lang.reflect.Method.invoke(Native Method)
12-23 17:17:33.472 W/System.err(  634): 	at com.mediatek.server.MtkDataShaping.openLteGateByDataShaping(MtkDataShaping.java:36)
12-23 17:17:33.472 W/System.err(  634): 	at com.android.server.AlarmManagerService.deliverAlarmsLocked(AlarmManagerService.java:3603)
12-23 17:17:33.472 W/System.err(  634): 	at com.android.server.AlarmManagerService$AlarmThread.run(AlarmManagerService.java:3781)
12-23 17:17:33.474 E/ActivityManager(  634): Sending non-protected broadcast ALARM_ACTION(1093) from system uid 1000 pkg com.tal.genie.push
12-23 17:17:33.474 E/ActivityManager(  634): java.lang.Throwable
12-23 17:17:33.474 E/ActivityManager(  634): 	at com.android.server.am.ActivityManagerService.checkBroadcastFromSystem(ActivityManagerService.java:21477)
12-23 17:17:33.474 E/ActivityManager(  634): 	at com.android.server.am.ActivityManagerService.broadcastIntentLocked(ActivityManagerService.java:22077)
12-23 17:17:33.474 E/ActivityManager(  634): 	at com.android.server.am.ActivityManagerService.broadcastIntentInPackage(ActivityManagerService.java:22256)
12-23 17:17:33.474 E/ActivityManager(  634): 	at com.android.server.am.PendingIntentRecord.sendInner(PendingIntentRecord.java:372)
12-23 17:17:33.474 E/ActivityManager(  634): 	at com.android.server.am.PendingIntentRecord.sendWithResult(PendingIntentRecord.java:245)
12-23 17:17:33.474 E/ActivityManager(  634): 	at com.android.server.am.ActivityManagerService.sendIntentSender(ActivityManagerService.java:8613)
12-23 17:17:33.474 E/ActivityManager(  634): 	at android.app.PendingIntent.sendAndReturnResult(PendingIntent.java:892)
12-23 17:17:33.474 E/ActivityManager(  634): 	at android.app.PendingIntent.send(PendingIntent.java:874)
12-23 17:17:33.474 E/ActivityManager(  634): 	at com.android.server.AlarmManagerService$DeliveryTracker.deliverLocked(AlarmManagerService.java:4387)
12-23 17:17:33.474 E/ActivityManager(  634): 	at com.android.server.AlarmManagerService.deliverAlarmsLocked(AlarmManagerService.java:3632)
12-23 17:17:33.474 E/ActivityManager(  634): 	at com.android.server.AlarmManagerService$AlarmThread.run(AlarmManagerService.java:3781)
12-23 17:17:33.482 W/AES     (  634): Exception Log handling...
12-23 17:17:33.485 W/AES     (  634): skip for Exp level 0
12-23 17:17:41.491 E/MtkDataShapingUtils(  634): Exception openLteGateByDataShaping  in java.lang.NullPointerException: null receiver
12-23 17:17:41.491 W/System.err(  634): java.lang.NullPointerException: null receiver
12-23 17:17:41.491 W/System.err(  634): 	at java.lang.reflect.Method.invoke(Native Method)
12-23 17:17:41.491 W/System.err(  634): 	at com.mediatek.server.MtkDataShaping.openLteGateByDataShaping(MtkDataShaping.java:36)
12-23 17:17:41.491 W/System.err(  634): 	at com.android.server.AlarmManagerService.deliverAlarmsLocked(AlarmManagerService.java:3603)
12-23 17:17:41.491 W/System.err(  634): 	at com.android.server.AlarmManagerService$AlarmThread.run(AlarmManagerService.java:3781)
12-23 17:17:41.492 E/ActivityManager(  634): Sending non-protected broadcast ALARM_ACTION(1093) from system uid 1000 pkg com.tal.genie.push
12-23 17:17:41.492 E/ActivityManager(  634): java.lang.Throwable
12-23 17:17:41.492 E/ActivityManager(  634): 	at com.android.server.am.ActivityManagerService.checkBroadcastFromSystem(ActivityManagerService.java:21477)
12-23 17:17:41.492 E/ActivityManager(  634): 	at com.android.server.am.ActivityManagerService.broadcastIntentLocked(ActivityManagerService.java:22077)
12-23 17:17:41.492 E/ActivityManager(  634): 	at com.android.server.am.ActivityManagerService.broadcastIntentInPackage(ActivityManagerService.java:22256)
12-23 17:17:41.492 E/ActivityManager(  634): 	at com.android.server.am.PendingIntentRecord.sendInner(PendingIntentRecord.java:372)
12-23 17:17:41.492 E/ActivityManager(  634): 	at com.android.server.am.PendingIntentRecord.sendWithResult(PendingIntentRecord.java:245)
12-23 17:17:41.492 E/ActivityManager(  634): 	at com.android.server.am.ActivityManagerService.sendIntentSender(ActivityManagerService.java:8613)
12-23 17:17:41.492 E/ActivityManager(  634): 	at android.app.PendingIntent.sendAndReturnResult(PendingIntent.java:892)
12-23 17:17:41.492 E/ActivityManager(  634): 	at android.app.PendingIntent.send(PendingIntent.java:874)
12-23 17:17:41.492 E/ActivityManager(  634): 	at com.android.server.AlarmManagerService$DeliveryTracker.deliverLocked(AlarmManagerService.java:4387)
12-23 17:17:41.492 E/ActivityManager(  634): 	at com.android.server.AlarmManagerService.deliverAlarmsLocked(AlarmManagerService.java:3632)
12-23 17:17:41.492 E/ActivityManager(  634): 	at com.android.server.AlarmManagerService$AlarmThread.run(AlarmManagerService.java:3781)
12-23 17:17:41.500 W/AES     (  634): Exception Log handling...
12-23 17:17:41.502 W/AES     (  634): skip for Exp level 0
12-23 17:17:42.437 I/native  ( 1100): I20211223 17:17:42.437743  1229 torch_asr_decoder.cc:326] Endpoint is detected at 515
12-23 17:17:48.837 I/native  ( 1100): I20211223 17:17:48.837175  1229 torch_asr_decoder.cc:326] Endpoint is detected at 515
12-23 17:17:49.505 E/MtkDataShapingUtils(  634): Exception openLteGateByDataShaping  in java.lang.NullPointerException: null receiver
12-23 17:17:49.505 W/System.err(  634): java.lang.NullPointerException: null receiver
12-23 17:17:49.506 W/System.err(  634): 	at java.lang.reflect.Method.invoke(Native Method)
12-23 17:17:49.506 W/System.err(  634): 	at com.mediatek.server.MtkDataShaping.openLteGateByDataShaping(MtkDataShaping.java:36)
12-23 17:17:49.506 W/System.err(  634): 	at com.android.server.AlarmManagerService.deliverAlarmsLocked(AlarmManagerService.java:3603)
12-23 17:17:49.506 W/System.err(  634): 	at com.android.server.AlarmManagerService$AlarmThread.run(AlarmManagerService.java:3781)
12-23 17:17:49.507 E/ActivityManager(  634): Sending non-protected broadcast ALARM_ACTION(1093) from system uid 1000 pkg com.tal.genie.push
12-23 17:17:49.507 E/ActivityManager(  634): java.lang.Throwable
12-23 17:17:49.507 E/ActivityManager(  634): 	at com.android.server.am.ActivityManagerService.checkBroadcastFromSystem(ActivityManagerService.java:21477)
12-23 17:17:49.507 E/ActivityManager(  634): 	at com.android.server.am.ActivityManagerService.broadcastIntentLocked(ActivityManagerService.java:22077)
12-23 17:17:49.507 E/ActivityManager(  634): 	at com.android.server.am.ActivityManagerService.broadcastIntentInPackage(ActivityManagerService.java:22256)
12-23 17:17:49.507 E/ActivityManager(  634): 	at com.android.server.am.PendingIntentRecord.sendInner(PendingIntentRecord.java:372)
12-23 17:17:49.507 E/ActivityManager(  634): 	at com.android.server.am.PendingIntentRecord.sendWithResult(PendingIntentRecord.java:245)
12-23 17:17:49.507 E/ActivityManager(  634): 	at com.android.server.am.ActivityManagerService.sendIntentSender(ActivityManagerService.java:8613)
12-23 17:17:49.507 E/ActivityManager(  634): 	at android.app.PendingIntent.sendAndReturnResult(PendingIntent.java:892)
12-23 17:17:49.507 E/ActivityManager(  634): 	at android.app.PendingIntent.send(PendingIntent.java:874)
12-23 17:17:49.507 E/ActivityManager(  634): 	at com.android.server.AlarmManagerService$DeliveryTracker.deliverLocked(AlarmManagerService.java:4387)
12-23 17:17:49.507 E/ActivityManager(  634): 	at com.android.server.AlarmManagerService.deliverAlarmsLocked(AlarmManagerService.java:3632)
12-23 17:17:49.507 E/ActivityManager(  634): 	at com.android.server.AlarmManagerService$AlarmThread.run(AlarmManagerService.java:3781)
12-23 17:17:49.516 W/AES     (  634): Exception Log handling...
12-23 17:17:49.517 W/AES     (  634): skip for Exp level 0
12-23 17:17:53.303 I/test    ( 1300): [ (UpdateManager.java:27)#update ] check code:159 name 1.0.0 12-23 11:09:07 release isRelease=false
12-23 17:17:57.523 E/MtkDataShapingUtils(  634): Exception openLteGateByDataShaping  in java.lang.NullPointerException: null receiver
12-23 17:17:57.524 W/System.err(  634): java.lang.NullPointerException: null receiver
12-23 17:17:57.524 W/System.err(  634): 	at java.lang.reflect.Method.invoke(Native Method)
12-23 17:17:57.524 W/System.err(  634): 	at com.mediatek.server.MtkDataShaping.openLteGateByDataShaping(MtkDataShaping.java:36)
12-23 17:17:57.524 W/System.err(  634): 	at com.android.server.AlarmManagerService.deliverAlarmsLocked(AlarmManagerService.java:3603)
12-23 17:17:57.524 W/System.err(  634): 	at com.android.server.AlarmManagerService$AlarmThread.run(AlarmManagerService.java:3781)
12-23 17:17:57.525 E/ActivityManager(  634): Sending non-protected broadcast ALARM_ACTION(1093) from system uid 1000 pkg com.tal.genie.push
12-23 17:17:57.525 E/ActivityManager(  634): java.lang.Throwable
12-23 17:17:57.525 E/ActivityManager(  634): 	at com.android.server.am.ActivityManagerService.checkBroadcastFromSystem(ActivityManagerService.java:21477)
12-23 17:17:57.525 E/ActivityManager(  634): 	at com.android.server.am.ActivityManagerService.broadcastIntentLocked(ActivityManagerService.java:22077)
12-23 17:17:57.525 E/ActivityManager(  634): 	at com.android.server.am.ActivityManagerService.broadcastIntentInPackage(ActivityManagerService.java:22256)
12-23 17:17:57.525 E/ActivityManager(  634): 	at com.android.server.am.PendingIntentRecord.sendInner(PendingIntentRecord.java:372)
12-23 17:17:57.525 E/ActivityManager(  634): 	at com.android.server.am.PendingIntentRecord.sendWithResult(PendingIntentRecord.java:245)
12-23 17:17:57.525 E/ActivityManager(  634): 	at com.android.server.am.ActivityManagerService.sendIntentSender(ActivityManagerService.java:8613)
12-23 17:17:57.525 E/ActivityManager(  634): 	at android.app.PendingIntent.sendAndReturnResult(PendingIntent.java:892)
12-23 17:17:57.525 E/ActivityManager(  634): 	at android.app.PendingIntent.send(PendingIntent.java:874)
12-23 17:17:57.525 E/ActivityManager(  634): 	at com.android.server.AlarmManagerService$DeliveryTracker.deliverLocked(AlarmManagerService.java:4387)
12-23 17:17:57.525 E/ActivityManager(  634): 	at com.android.server.AlarmManagerService.deliverAlarmsLocked(AlarmManagerService.java:3632)
12-23 17:17:57.525 E/ActivityManager(  634): 	at com.android.server.AlarmManagerService$AlarmThread.run(AlarmManagerService.java:3781)
12-23 17:17:57.534 W/AES     (  634): Exception Log handling...
12-23 17:17:57.535 W/AES     (  634): skip for Exp level 0
12-23 17:17:59.063 I/native  ( 1100): I20211223 17:17:59.063110  1229 torch_asr_decoder.cc:326] Endpoint is detected at 515
12-23 17:18:03.543 I/native  ( 1100): I20211223 17:18:03.543546  1229 torch_asr_decoder.cc:326] Endpoint is detected at 259
12-23 17:18:05.542 E/MtkDataShapingUtils(  634): Exception openLteGateByDataShaping  in java.lang.NullPointerException: null receiver
12-23 17:18:05.543 W/System.err(  634): java.lang.NullPointerException: null receiver
12-23 17:18:05.543 W/System.err(  634): 	at java.lang.reflect.Method.invoke(Native Method)
12-23 17:18:05.543 W/System.err(  634): 	at com.mediatek.server.MtkDataShaping.openLteGateByDataShaping(MtkDataShaping.java:36)
12-23 17:18:05.543 W/System.err(  634): 	at com.android.server.AlarmManagerService.deliverAlarmsLocked(AlarmManagerService.java:3603)
12-23 17:18:05.543 W/System.err(  634): 	at com.android.server.AlarmManagerService$AlarmThread.run(AlarmManagerService.java:3781)
12-23 17:18:05.545 E/ActivityManager(  634): Sending non-protected broadcast ALARM_ACTION(1093) from system uid 1000 pkg com.tal.genie.push
12-23 17:18:05.545 E/ActivityManager(  634): java.lang.Throwable
12-23 17:18:05.545 E/ActivityManager(  634): 	at com.android.server.am.ActivityManagerService.checkBroadcastFromSystem(ActivityManagerService.java:21477)
12-23 17:18:05.545 E/ActivityManager(  634): 	at com.android.server.am.ActivityManagerService.broadcastIntentLocked(ActivityManagerService.java:22077)
12-23 17:18:05.545 E/ActivityManager(  634): 	at com.android.server.am.ActivityManagerService.broadcastIntentInPackage(ActivityManagerService.java:22256)
12-23 17:18:05.545 E/ActivityManager(  634): 	at com.android.server.am.PendingIntentRecord.sendInner(PendingIntentRecord.java:372)
12-23 17:18:05.545 E/ActivityManager(  634): 	at com.android.server.am.PendingIntentRecord.sendWithResult(PendingIntentRecord.java:245)
12-23 17:18:05.545 E/ActivityManager(  634): 	at com.android.server.am.ActivityManagerService.sendIntentSender(ActivityManagerService.java:8613)
12-23 17:18:05.545 E/ActivityManager(  634): 	at android.app.PendingIntent.sendAndReturnResult(PendingIntent.java:892)
12-23 17:18:05.545 E/ActivityManager(  634): 	at android.app.PendingIntent.send(PendingIntent.java:874)
12-23 17:18:05.545 E/ActivityManager(  634): 	at com.android.server.AlarmManagerService$DeliveryTracker.deliverLocked(AlarmManagerService.java:4387)
12-23 17:18:05.545 E/ActivityManager(  634): 	at com.android.server.AlarmManagerService.deliverAlarmsLocked(AlarmManagerService.java:3632)
12-23 17:18:05.545 E/ActivityManager(  634): 	at com.android.server.AlarmManagerService$AlarmThread.run(AlarmManagerService.java:3781)
12-23 17:18:05.554 W/AES     (  634): Exception Log handling...
12-23 17:18:05.555 W/AES     (  634): skip for Exp level 0
12-23 17:18:05.571 I/SA.PushAutoTrackHelper( 1155): SDK or push disabled.
12-23 17:18:05.575 I/SA.PushAutoTrackHelper( 1155): SDK or push disabled.
12-23 17:18:09.146 I/native  ( 1100): I20211223 17:18:09.145956  1229 torch_asr_decoder.cc:326] Endpoint is detected at 195
12-23 17:18:11.814 E/storaged(  453): getDiskStats failed with result NOT_SUPPORTED and size 0
12-23 17:18:13.563 E/MtkDataShapingUtils(  634): Exception openLteGateByDataShaping  in java.lang.NullPointerException: null receiver
12-23 17:18:13.563 W/System.err(  634): java.lang.NullPointerException: null receiver
12-23 17:18:13.564 W/System.err(  634): 	at java.lang.reflect.Method.invoke(Native Method)
12-23 17:18:13.564 W/System.err(  634): 	at com.mediatek.server.MtkDataShaping.openLteGateByDataShaping(MtkDataShaping.java:36)
12-23 17:18:13.564 W/System.err(  634): 	at com.android.server.AlarmManagerService.deliverAlarmsLocked(AlarmManagerService.java:3603)
12-23 17:18:13.564 W/System.err(  634): 	at com.android.server.AlarmManagerService$AlarmThread.run(AlarmManagerService.java:3781)
12-23 17:18:13.565 E/ActivityManager(  634): Sending non-protected broadcast ALARM_ACTION(1093) from system uid 1000 pkg com.tal.genie.push
12-23 17:18:13.565 E/ActivityManager(  634): java.lang.Throwable
12-23 17:18:13.565 E/ActivityManager(  634): 	at com.android.server.am.ActivityManagerService.checkBroadcastFromSystem(ActivityManagerService.java:21477)
12-23 17:18:13.565 E/ActivityManager(  634): 	at com.android.server.am.ActivityManagerService.broadcastIntentLocked(ActivityManagerService.java:22077)
12-23 17:18:13.565 E/ActivityManager(  634): 	at com.android.server.am.ActivityManagerService.broadcastIntentInPackage(ActivityManagerService.java:22256)
12-23 17:18:13.565 E/ActivityManager(  634): 	at com.android.server.am.PendingIntentRecord.sendInner(PendingIntentRecord.java:372)
12-23 17:18:13.565 E/ActivityManager(  634): 	at com.android.server.am.PendingIntentRecord.sendWithResult(PendingIntentRecord.java:245)
12-23 17:18:13.565 E/ActivityManager(  634): 	at com.android.server.am.ActivityManagerService.sendIntentSender(ActivityManagerService.java:8613)
12-23 17:18:13.565 E/ActivityManager(  634): 	at android.app.PendingIntent.sendAndReturnResult(PendingIntent.java:892)
12-23 17:18:13.565 E/ActivityManager(  634): 	at android.app.PendingIntent.send(PendingIntent.java:874)
12-23 17:18:13.565 E/ActivityManager(  634): 	at com.android.server.AlarmManagerService$DeliveryTracker.deliverLocked(AlarmManagerService.java:4387)
12-23 17:18:13.565 E/ActivityManager(  634): 	at com.android.server.AlarmManagerService.deliverAlarmsLocked(AlarmManagerService.java:3632)
12-23 17:18:13.565 E/ActivityManager(  634): 	at com.android.server.AlarmManagerService$AlarmThread.run(AlarmManagerService.java:3781)
12-23 17:18:13.574 W/AES     (  634): Exception Log handling...
12-23 17:18:13.575 W/AES     (  634): skip for Exp level 0
12-23 17:18:16.183 I/native  ( 1100): I20211223 17:18:16.183322  1229 torch_asr_decoder.cc:326] Endpoint is detected at 243
12-23 17:18:21.584 E/MtkDataShapingUtils(  634): Exception openLteGateByDataShaping  in java.lang.NullPointerException: null receiver
12-23 17:18:21.584 W/System.err(  634): java.lang.NullPointerException: null receiver
12-23 17:18:21.584 W/System.err(  634): 	at java.lang.reflect.Method.invoke(Native Method)
12-23 17:18:21.585 W/System.err(  634): 	at com.mediatek.server.MtkDataShaping.openLteGateByDataShaping(MtkDataShaping.java:36)
12-23 17:18:21.585 W/System.err(  634): 	at com.android.server.AlarmManagerService.deliverAlarmsLocked(AlarmManagerService.java:3603)
12-23 17:18:21.585 W/System.err(  634): 	at com.android.server.AlarmManagerService$AlarmThread.run(AlarmManagerService.java:3781)
12-23 17:18:21.586 E/ActivityManager(  634): Sending non-protected broadcast ALARM_ACTION(1093) from system uid 1000 pkg com.tal.genie.push
12-23 17:18:21.586 E/ActivityManager(  634): java.lang.Throwable
12-23 17:18:21.586 E/ActivityManager(  634): 	at com.android.server.am.ActivityManagerService.checkBroadcastFromSystem(ActivityManagerService.java:21477)
12-23 17:18:21.586 E/ActivityManager(  634): 	at com.android.server.am.ActivityManagerService.broadcastIntentLocked(ActivityManagerService.java:22077)
12-23 17:18:21.586 E/ActivityManager(  634): 	at com.android.server.am.ActivityManagerService.broadcastIntentInPackage(ActivityManagerService.java:22256)
12-23 17:18:21.586 E/ActivityManager(  634): 	at com.android.server.am.PendingIntentRecord.sendInner(PendingIntentRecord.java:372)
12-23 17:18:21.586 E/ActivityManager(  634): 	at com.android.server.am.PendingIntentRecord.sendWithResult(PendingIntentRecord.java:245)
12-23 17:18:21.586 E/ActivityManager(  634): 	at com.android.server.am.ActivityManagerService.sendIntentSender(ActivityManagerService.java:8613)
12-23 17:18:21.586 E/ActivityManager(  634): 	at android.app.PendingIntent.sendAndReturnResult(PendingIntent.java:892)
12-23 17:18:21.586 E/ActivityManager(  634): 	at android.app.PendingIntent.send(PendingIntent.java:874)
12-23 17:18:21.586 E/ActivityManager(  634): 	at com.android.server.AlarmManagerService$DeliveryTracker.deliverLocked(AlarmManagerService.java:4387)
12-23 17:18:21.586 E/ActivityManager(  634): 	at com.android.server.AlarmManagerService.deliverAlarmsLocked(AlarmManagerService.java:3632)
12-23 17:18:21.586 E/ActivityManager(  634): 	at com.android.server.AlarmManagerService$AlarmThread.run(AlarmManagerService.java:3781)
12-23 17:18:21.594 W/AES     (  634): Exception Log handling...
12-23 17:18:21.596 W/AES     (  634): skip for Exp level 0
12-23 17:18:23.309 I/test    ( 1300): [ (UpdateManager.java:27)#update ] check code:159 name 1.0.0 12-23 11:09:07 release isRelease=false
12-23 17:18:29.601 E/MtkDataShapingUtils(  634): Exception openLteGateByDataShaping  in java.lang.NullPointerException: null receiver
12-23 17:18:29.602 W/System.err(  634): java.lang.NullPointerException: null receiver
12-23 17:18:29.602 W/System.err(  634): 	at java.lang.reflect.Method.invoke(Native Method)
12-23 17:18:29.602 W/System.err(  634): 	at com.mediatek.server.MtkDataShaping.openLteGateByDataShaping(MtkDataShaping.java:36)
12-23 17:18:29.602 W/System.err(  634): 	at com.android.server.AlarmManagerService.deliverAlarmsLocked(AlarmManagerService.java:3603)
12-23 17:18:29.602 W/System.err(  634): 	at com.android.server.AlarmManagerService$AlarmThread.run(AlarmManagerService.java:3781)
12-23 17:18:29.603 E/ActivityManager(  634): Sending non-protected broadcast ALARM_ACTION(1093) from system uid 1000 pkg com.tal.genie.push
12-23 17:18:29.603 E/ActivityManager(  634): java.lang.Throwable
12-23 17:18:29.603 E/ActivityManager(  634): 	at com.android.server.am.ActivityManagerService.checkBroadcastFromSystem(ActivityManagerService.java:21477)
12-23 17:18:29.603 E/ActivityManager(  634): 	at com.android.server.am.ActivityManagerService.broadcastIntentLocked(ActivityManagerService.java:22077)
12-23 17:18:29.603 E/ActivityManager(  634): 	at com.android.server.am.ActivityManagerService.broadcastIntentInPackage(ActivityManagerService.java:22256)
12-23 17:18:29.603 E/ActivityManager(  634): 	at com.android.server.am.PendingIntentRecord.sendInner(PendingIntentRecord.java:372)
12-23 17:18:29.603 E/ActivityManager(  634): 	at com.android.server.am.PendingIntentRecord.sendWithResult(PendingIntentRecord.java:245)
12-23 17:18:29.603 E/ActivityManager(  634): 	at com.android.server.am.ActivityManagerService.sendIntentSender(ActivityManagerService.java:8613)
12-23 17:18:29.603 E/ActivityManager(  634): 	at android.app.PendingIntent.sendAndReturnResult(PendingIntent.java:892)
12-23 17:18:29.603 E/ActivityManager(  634): 	at android.app.PendingIntent.send(PendingIntent.java:874)
12-23 17:18:29.603 E/ActivityManager(  634): 	at com.android.server.AlarmManagerService$DeliveryTracker.deliverLocked(AlarmManagerService.java:4387)
12-23 17:18:29.603 E/ActivityManager(  634): 	at com.android.server.AlarmManagerService.deliverAlarmsLocked(AlarmManagerService.java:3632)
12-23 17:18:29.603 E/ActivityManager(  634): 	at com.android.server.AlarmManagerService$AlarmThread.run(AlarmManagerService.java:3781)
12-23 17:18:29.612 W/AES     (  634): Exception Log handling...
12-23 17:18:29.613 W/AES     (  634): skip for Exp level 0
12-23 17:18:37.618 E/MtkDataShapingUtils(  634): Exception openLteGateByDataShaping  in java.lang.NullPointerException: null receiver
12-23 17:18:37.618 W/System.err(  634): java.lang.NullPointerException: null receiver
12-23 17:18:37.618 W/System.err(  634): 	at java.lang.reflect.Method.invoke(Native Method)
12-23 17:18:37.618 W/System.err(  634): 	at com.mediatek.server.MtkDataShaping.openLteGateByDataShaping(MtkDataShaping.java:36)
12-23 17:18:37.618 W/System.err(  634): 	at com.android.server.AlarmManagerService.deliverAlarmsLocked(AlarmManagerService.java:3603)
12-23 17:18:37.618 W/System.err(  634): 	at com.android.server.AlarmManagerService$AlarmThread.run(AlarmManagerService.java:3781)
12-23 17:18:37.620 E/ActivityManager(  634): Sending non-protected broadcast ALARM_ACTION(1093) from system uid 1000 pkg com.tal.genie.push
12-23 17:18:37.620 E/ActivityManager(  634): java.lang.Throwable
12-23 17:18:37.620 E/ActivityManager(  634): 	at com.android.server.am.ActivityManagerService.checkBroadcastFromSystem(ActivityManagerService.java:21477)
12-23 17:18:37.620 E/ActivityManager(  634): 	at com.android.server.am.ActivityManagerService.broadcastIntentLocked(ActivityManagerService.java:22077)
12-23 17:18:37.620 E/ActivityManager(  634): 	at com.android.server.am.ActivityManagerService.broadcastIntentInPackage(ActivityManagerService.java:22256)
12-23 17:18:37.620 E/ActivityManager(  634): 	at com.android.server.am.PendingIntentRecord.sendInner(PendingIntentRecord.java:372)
12-23 17:18:37.620 E/ActivityManager(  634): 	at com.android.server.am.PendingIntentRecord.sendWithResult(PendingIntentRecord.java:245)
12-23 17:18:37.620 E/ActivityManager(  634): 	at com.android.server.am.ActivityManagerService.sendIntentSender(ActivityManagerService.java:8613)
12-23 17:18:37.620 E/ActivityManager(  634): 	at android.app.PendingIntent.sendAndReturnResult(PendingIntent.java:892)
12-23 17:18:37.620 E/ActivityManager(  634): 	at android.app.PendingIntent.send(PendingIntent.java:874)
12-23 17:18:37.620 E/ActivityManager(  634): 	at com.android.server.AlarmManagerService$DeliveryTracker.deliverLocked(AlarmManagerService.java:4387)
12-23 17:18:37.620 E/ActivityManager(  634): 	at com.android.server.AlarmManagerService.deliverAlarmsLocked(AlarmManagerService.java:3632)
12-23 17:18:37.620 E/ActivityManager(  634): 	at com.android.server.AlarmManagerService$AlarmThread.run(AlarmManagerService.java:3781)
12-23 17:18:37.627 W/AES     (  634): Exception Log handling...
12-23 17:18:37.629 W/AES     (  634): skip for Exp level 0
12-23 17:18:40.205 I/native  ( 1100): I20211223 17:18:40.205493  1229 torch_asr_decoder.cc:326] Endpoint is detected at 355
12-23 17:18:45.634 E/MtkDataShapingUtils(  634): Exception openLteGateByDataShaping  in java.lang.NullPointerException: null receiver
12-23 17:18:45.634 W/System.err(  634): java.lang.NullPointerException: null receiver
12-23 17:18:45.635 W/System.err(  634): 	at java.lang.reflect.Method.invoke(Native Method)
12-23 17:18:45.635 W/System.err(  634): 	at com.mediatek.server.MtkDataShaping.openLteGateByDataShaping(MtkDataShaping.java:36)
12-23 17:18:45.635 W/System.err(  634): 	at com.android.server.AlarmManagerService.deliverAlarmsLocked(AlarmManagerService.java:3603)
12-23 17:18:45.635 W/System.err(  634): 	at com.android.server.AlarmManagerService$AlarmThread.run(AlarmManagerService.java:3781)
12-23 17:18:45.636 E/ActivityManager(  634): Sending non-protected broadcast ALARM_ACTION(1093) from system uid 1000 pkg com.tal.genie.push
12-23 17:18:45.636 E/ActivityManager(  634): java.lang.Throwable
12-23 17:18:45.636 E/ActivityManager(  634): 	at com.android.server.am.ActivityManagerService.checkBroadcastFromSystem(ActivityManagerService.java:21477)
12-23 17:18:45.636 E/ActivityManager(  634): 	at com.android.server.am.ActivityManagerService.broadcastIntentLocked(ActivityManagerService.java:22077)
12-23 17:18:45.636 E/ActivityManager(  634): 	at com.android.server.am.ActivityManagerService.broadcastIntentInPackage(ActivityManagerService.java:22256)
12-23 17:18:45.636 E/ActivityManager(  634): 	at com.android.server.am.PendingIntentRecord.sendInner(PendingIntentRecord.java:372)
12-23 17:18:45.636 E/ActivityManager(  634): 	at com.android.server.am.PendingIntentRecord.sendWithResult(PendingIntentRecord.java:245)
12-23 17:18:45.636 E/ActivityManager(  634): 	at com.android.server.am.ActivityManagerService.sendIntentSender(ActivityManagerService.java:8613)
12-23 17:18:45.636 E/ActivityManager(  634): 	at android.app.PendingIntent.sendAndReturnResult(PendingIntent.java:892)
12-23 17:18:45.636 E/ActivityManager(  634): 	at android.app.PendingIntent.send(PendingIntent.java:874)
12-23 17:18:45.636 E/ActivityManager(  634): 	at com.android.server.AlarmManagerService$DeliveryTracker.deliverLocked(AlarmManagerService.java:4387)
12-23 17:18:45.636 E/ActivityManager(  634): 	at com.android.server.AlarmManagerService.deliverAlarmsLocked(AlarmManagerService.java:3632)
12-23 17:18:45.636 E/ActivityManager(  634): 	at com.android.server.AlarmManagerService$AlarmThread.run(AlarmManagerService.java:3781)
12-23 17:18:45.644 W/AES     (  634): Exception Log handling...
12-23 17:18:45.645 W/AES     (  634): skip for Exp level 0
12-23 17:18:53.317 I/test    ( 1300): [ (UpdateManager.java:27)#update ] check code:159 name 1.0.0 12-23 11:09:07 release isRelease=false
12-23 17:18:53.650 E/MtkDataShapingUtils(  634): Exception openLteGateByDataShaping  in java.lang.NullPointerException: null receiver
12-23 17:18:53.650 W/System.err(  634): java.lang.NullPointerException: null receiver
12-23 17:18:53.651 W/System.err(  634): 	at java.lang.reflect.Method.invoke(Native Method)
12-23 17:18:53.651 W/System.err(  634): 	at com.mediatek.server.MtkDataShaping.openLteGateByDataShaping(MtkDataShaping.java:36)
12-23 17:18:53.651 W/System.err(  634): 	at com.android.server.AlarmManagerService.deliverAlarmsLocked(AlarmManagerService.java:3603)
12-23 17:18:53.651 W/System.err(  634): 	at com.android.server.AlarmManagerService$AlarmThread.run(AlarmManagerService.java:3781)
12-23 17:18:53.653 E/ActivityManager(  634): Sending non-protected broadcast ALARM_ACTION(1093) from system uid 1000 pkg com.tal.genie.push
