10-10 10:06:10.227 W/Watchdog( 1496): hungtask: writing kick
10-10 10:06:14.942 I/chatty  ( 2285): uid=1000(system) Thread-2 expire 10 lines
10-10 10:06:24.167 I/ImsResolver( 2030): getMmTelFeatureAndListen - slot: 2 callback: com.android.ims.MmTelFeatureConnection$1@5281c9e
10-10 10:06:38.272 I/HwBatteryService( 1496): quick charge status : 0
10-10 10:06:38.272 D/HwBatteryService( 1496): onUEvent fcpStatus = 0
10-10 10:06:38.272 D/HwBatteryService( 1496): onUEvent scpStatus = 0 ,ovpStatus = 0
10-10 10:06:38.272 I/HwBatteryService( 1496): handleWirelessTxStatus
10-10 10:06:38.273 I/HwBatteryService( 1496): switch not open, return, mWirelessTxFlag : 0
10-10 10:06:38.273 I/UsbDeviceManager( 1496): water_intrused state= 0
10-10 10:06:40.230 W/Watchdog( 1496): hungtask: writing kick
10-10 10:06:46.281 I/chatty  (  765): uid=0(root) erecovery-event expire 35 lines
10-10 10:06:49.771 I/storaged(  738): storaged_t::event: storage_info refreshed.
10-10 10:06:59.007 I/chatty  ( 1934): uid=1000(system) com.huawei.systemserver expire 11 lines
10-10 10:07:08.981 I/HwBatteryService( 1496): quick charge status : 0
10-10 10:07:08.981 D/HwBatteryService( 1496): onUEvent fcpStatus = 0
10-10 10:07:08.981 D/HwBatteryService( 1496): onUEvent scpStatus = 0 ,ovpStatus = 0
10-10 10:07:08.981 I/HwBatteryService( 1496): handleWirelessTxStatus
10-10 10:07:08.982 I/HwBatteryService( 1496): switch not open, return, mWirelessTxFlag : 0
10-10 10:07:08.983 I/UsbDeviceManager( 1496): water_intrused state= 0
10-10 10:07:10.234 W/Watchdog( 1496): hungtask: writing kick
10-10 10:07:19.156 I/chatty  ( 2005): uid=1000(system) Binder:2005_3 expire 1 line
10-10 10:07:22.783 I/chatty  ( 3697): uid=10137 com.tencent.mm:push expire 2 lines
10-10 10:07:22.791 I/chatty  (  530): uid=0(root) Binder:530_2 expire 2 lines
10-10 10:07:28.187 I/ImsResolver( 2030): getMmTelFeatureAndListen - slot: 2 callback: com.android.ims.MmTelFeatureConnection$1@b00837f
10-10 10:07:31.146 I/fwkit_EvilKitRecognitionService( 2494): [I/fwkit/fwkit_EvilKitRecognitionService 2494:111 EvilKitRecognitionService.java:1094] leave EKRHandler
10-10 10:07:38.959 I/chatty  (  765): uid=0(root) erecovery-event expire 23 lines
10-10 10:07:39.712 I/HwBatteryService( 1496): quick charge status : 0
10-10 10:07:39.712 D/HwBatteryService( 1496): onUEvent fcpStatus = 0
10-10 10:07:39.712 D/HwBatteryService( 1496): onUEvent scpStatus = 0 ,ovpStatus = 0
10-10 10:07:39.713 I/HwBatteryService( 1496): handleWirelessTxStatus
10-10 10:07:39.713 I/HwBatteryService( 1496): switch not open, return, mWirelessTxFlag : 0
10-10 10:07:39.714 I/UsbDeviceManager( 1496): water_intrused state= 0
10-10 10:07:40.238 W/Watchdog( 1496): hungtask: writing kick
10-10 10:07:45.826 I/HwBatteryService( 1496): quick charge status : 0
10-10 10:07:45.826 D/HwBatteryService( 1496): onUEvent fcpStatus = 0
10-10 10:07:45.827 D/HwBatteryService( 1496): onUEvent scpStatus = 0 ,ovpStatus = 0
10-10 10:07:45.827 I/HwBatteryService( 1496): handleWirelessTxStatus
10-10 10:07:45.827 I/HwBatteryService( 1496): switch not open, return, mWirelessTxFlag : 0
10-10 10:07:45.828 I/UsbDeviceManager( 1496): water_intrused state= 0
10-10 10:07:45.836 I/BatteryService( 1496): normal charge status : 1
10-10 10:07:45.846 W/KeyguardUpdateMonitor( 1807): ACTION_BATTERY_CHANGED AMP: 0; Volt: 0
10-10 10:07:45.853 I/chatty  ( 2005): uid=1000(system) com.huawei.powergenie expire 9 lines
10-10 10:07:45.854 I/chatty  ( 2285): uid=1000(system) com.huawei.systemmanager:service expire 12 lines
10-10 10:07:45.857 W/HiDecision(22049): SystemStateReceiver: other action
10-10 10:07:45.860 I/chatty  ( 1496): uid=1000 system_server expire 13 lines
10-10 10:07:45.866 W/MagazineUtils( 1807): check active connect, state = -1
10-10 10:07:45.881 W/KeyguardUpdateMonitor( 1807): ChargingSpeed  Wattage: -1 ST: 5000000 --> 7500000
10-10 10:07:45.882 I/KgBattery( 1807): BatteryInfo updated:  2lPc-1
10-10 10:07:45.883 W/KG_FDT  ( 1807): isFaceUnlockEnabled 0
10-10 10:07:45.884 W/HwKgdBArea_BTY( 1807): updateBatteryInfo : false showBatteryInfo:  true isShowChargingFpDisplay:  false
10-10 10:07:45.885 W/HwKgdBArea_BTY( 1807): updateBatteryInfo : false showBatteryInfo:  true isShowChargingFpDisplay:  false
10-10 10:07:45.885 W/HwLockScreenPanel( 1807): refreshBatteryInfo: null
10-10 10:07:45.885 W/HwLockScreenPanel( 1807): Handle message: 100
10-10 10:07:45.887 W/KgBattery( 1807): getCharge info with type: text
10-10 10:07:45.901 W/PanelView( 1807): set notification panel padding = 1556
10-10 10:07:45.901 W/HwBackDropView( 1807): setAnimationParamInner 0.0   0
10-10 10:07:45.902 W/HwKeyguardBottomArea( 1807): refresh Charge status layout when dp changed
10-10 10:07:45.902 W/HwKeyguardBottomArea( 1807): refresh Charge status layout when dp changed
10-10 10:07:45.921 W/PanelView( 1807): set notification panel padding = 1556
10-10 10:07:45.922 W/HwBackDropView( 1807): setAnimationParamInner 0.0   0
10-10 10:07:49.772 I/storaged(  738): storaged_t::event: storage_info refreshed.
10-10 10:07:58.327 I/chatty  (  471): uid=1000(system) /vendor/bin/pmom_cat expire 14 lines
10-10 10:07:59.096 I/chatty  ( 1934): uid=1000(system) com.huawei.systemserver expire 13 lines
10-10 10:08:10.242 W/Watchdog( 1496): hungtask: writing kick
10-10 10:08:10.428 I/HwBatteryService( 1496): quick charge status : 0
10-10 10:08:10.428 D/HwBatteryService( 1496): onUEvent fcpStatus = 0
10-10 10:08:10.428 D/HwBatteryService( 1496): onUEvent scpStatus = 0 ,ovpStatus = 0
10-10 10:08:10.428 I/HwBatteryService( 1496): handleWirelessTxStatus
10-10 10:08:10.428 I/HwBatteryService( 1496): switch not open, return, mWirelessTxFlag : 0
10-10 10:08:10.429 I/UsbDeviceManager( 1496): water_intrused state= 0
10-10 10:08:10.436 I/Legacy PowerHAL(  576): get_number_of_platform_modes
10-10 10:08:10.436 I/Legacy PowerHAL(  576): get_voter_list!
10-10 10:08:10.436 I/Legacy PowerHAL(  576): get_platform_low_power_stats update list
10-10 10:08:10.954 I/chatty  (  765): uid=0(root) erecovery-event expire 18 lines
10-10 10:08:19.247 I/chatty  (  739): uid=1000(system) /system/bin/thermal-daemon expire 13 lines
10-10 10:08:32.256 I/ImsResolver( 2030): getMmTelFeatureAndListen - slot: 2 callback: com.android.ims.MmTelFeatureConnection$1@a82df4c
10-10 10:08:32.687 I/chatty  (  765): uid=0(root) erecovery-event expire 39 lines
10-10 10:08:36.834 I/chatty  ( 3697): uid=10137 com.tencent.mm:push expire 2 lines
10-10 10:08:40.107 I/chatty  ( 3800): uid=10137(com.tencent.mm) [GT]ColdPool#10 expire 2 lines
10-10 10:08:40.107 I/chatty  ( 3800): uid=10137(com.tencent.mm) [GT]ColdPool#11 expire 2 lines
10-10 10:08:40.108 I/NetworkStats( 1496): openSessionForUsageStats, pid = 3800, pkg = com.tencent.mm
10-10 10:08:40.108 I/NetworkStats( 1496): openSessionForUsageStats, pid = 3800, pkg = com.tencent.mm
10-10 10:08:40.108 I/chatty  ( 3800): uid=10137(com.tencent.mm) [GT]ColdPool#5 expire 2 lines
10-10 10:08:40.108 I/NetworkStats( 1496): openSessionInternal,pid = 3800
10-10 10:08:40.110 I/NetworkStats( 1496): performPollLocked, pid = 1496
10-10 10:08:40.109 I/NetworkStats( 1496): openSessionForUsageStats, pid = 3800, pkg = com.tencent.mm
10-10 10:08:40.146 I/chatty  (10668): uid=0(root) expire 1 line
10-10 10:08:40.165 I/chatty  (10669): uid=0(root) expire 1 line
10-10 10:08:40.176 W/NetworkStatsFactory( 1496): mStatsXtProcUid: /proc/net/comm/stats does not exist!
10-10 10:08:40.176 D/HwNetworkStatsService( 1496): hwRecordUidAndProcSnapshotLocked currentTime = 1633831720116
10-10 10:08:40.178 I/NetworkStatsFactory( 1496): javaReadNetworkStatsUidAndProcDetail. cost time = 1
10-10 10:08:40.180 D/HwNetworkStatsService( 1496): hwMaybeUidAndProcPersistLocked currentTime = 1633831720116
10-10 10:08:40.195 I/NetworkStats( 1496): openSessionForUsageStats, pid = 3800, pkg = com.tencent.mm
10-10 10:08:40.196 I/NetworkStats( 1496): openSessionForUsageStats, pid = 3800, pkg = com.tencent.mm
10-10 10:08:40.198 I/chatty  ( 3800): uid=10137(com.tencent.mm) [GT]TP#Internal expire 1 line
10-10 10:08:40.198 I/chatty  ( 3800): uid=10137(com.tencent.mm) expire 2 lines
10-10 10:08:40.205 I/NetworkStats( 1496): openSessionForUsageStats, pid = 3800, pkg = com.tencent.mm
10-10 10:08:40.245 W/Watchdog( 1496): hungtask: writing kick
10-10 10:08:40.246 I/chatty  ( 1496): uid=1000(system) android.fg expire 10 lines
10-10 10:08:41.151 I/HwBatteryService( 1496): quick charge status : 0
10-10 10:08:41.151 D/HwBatteryService( 1496): onUEvent fcpStatus = 0
10-10 10:08:41.152 D/HwBatteryService( 1496): onUEvent scpStatus = 0 ,ovpStatus = 0
10-10 10:08:41.152 I/HwBatteryService( 1496): handleWirelessTxStatus
10-10 10:08:41.152 I/HwBatteryService( 1496): switch not open, return, mWirelessTxFlag : 0
10-10 10:08:41.154 I/UsbDeviceManager( 1496): water_intrused state= 0
10-10 10:08:44.770 I/chatty  (  739): uid=1000(system) /system/bin/thermal-daemon expire 11 lines
10-10 10:08:44.988 I/chatty  ( 3697): uid=10137(com.tencent.mm) [GT]HotPool#7 expire 3 lines
10-10 10:08:46.057 I/NetworkStats( 1496): openSessionForUsageStats, pid = 3800, pkg = com.tencent.mm
10-10 10:08:46.070 I/NetworkStats( 1496): openSessionForUsageStats, pid = 3800, pkg = com.tencent.mm
10-10 10:08:49.773 I/storaged(  738): storaged_t::event: storage_info refreshed.
10-10 10:08:50.498 V/Cursor  ( 3264): Filling cursor window with start position:0 required position:0
10-10 10:08:50.504 V/Cursor  ( 3264): Filling cursor window with start position:0 required position:0
10-10 10:08:50.550 I/chatty  ( 3800): uid=10137(com.tencent.mm) [GT]ColdPool#9 expire 3 lines
10-10 10:08:55.125 V/BroadcastQueue( 1496): Finished with ordered broadcast BroadcastRecord{371b96e u0 com.tencent.mm.plugin.report.service.KVCommCrossProcessReceiver}
10-10 10:08:59.136 I/chatty  ( 1934): uid=1000(system) com.huawei.systemserver expire 13 lines
10-10 10:09:00.483 I/chatty  (  765): uid=0(root) erecovery-event expire 29 lines
10-10 10:09:10.247 W/Watchdog( 1496): hungtask: writing kick
10-10 10:09:11.881 I/HwBatteryService( 1496): quick charge status : 0
10-10 10:09:11.882 D/HwBatteryService( 1496): onUEvent fcpStatus = 0
10-10 10:09:11.882 D/HwBatteryService( 1496): onUEvent scpStatus = 0 ,ovpStatus = 0
10-10 10:09:11.882 I/HwBatteryService( 1496): handleWirelessTxStatus
10-10 10:09:11.882 I/HwBatteryService( 1496): switch not open, return, mWirelessTxFlag : 0
10-10 10:09:11.883 I/UsbDeviceManager( 1496): water_intrused state= 0
10-10 10:09:15.213 I/chatty  ( 2285): uid=1000(system) Thread-2 expire 10 lines
10-10 10:09:36.325 I/ImsResolver( 2030): getMmTelFeatureAndListen - slot: 2 callback: com.android.ims.MmTelFeatureConnection$1@a8a6b95
10-10 10:09:39.828 E/LOGSERVER_UTILS(  765): [Erecovery]readEvent: eRecEventManager readEvent 0
10-10 10:09:40.251 W/Watchdog( 1496): hungtask: writing kick
10-10 10:09:40.870 E/LOGSERVER_UTILS(  765): [Erecovery]readEvent: eRecEventManager readEvent 0
10-10 10:09:42.591 I/HwBatteryService( 1496): quick charge status : 0
10-10 10:09:42.592 D/HwBatteryService( 1496): onUEvent fcpStatus = 0
10-10 10:09:42.592 D/HwBatteryService( 1496): onUEvent scpStatus = 0 ,ovpStatus = 0
10-10 10:09:42.592 I/HwBatteryService( 1496): handleWirelessTxStatus
10-10 10:09:42.592 I/HwBatteryService( 1496): switch not open, return, mWirelessTxFlag : 0
10-10 10:09:42.593 I/UsbDeviceManager( 1496): water_intrused state= 0
10-10 10:09:45.006 E/LOGSERVER_UTILS(  765): [Erecovery]readEvent: eRecEventManager readEvent 0
10-10 10:09:46.048 E/LOGSERVER_UTILS(  765): [Erecovery]readEvent: eRecEventManager readEvent 0
10-10 10:09:47.080 I/chatty  (  765): uid=0(root) erecovery-event identical 31 lines
10-10 10:09:48.117 D/OCTTY   ( 1446): [hisi_config_uart:216] hisi_config_uart
10-10 10:09:48.117 D/OCTTY   ( 1446): [hisi_config_uart:286] set install to 2, disable linedisc
10-10 10:09:48.118 D/OCTTY   ( 1446): [hisi_config_uart:290] Have uninstalled N_HW_BFG Line displine
10-10 10:09:48.118 D/OCTTY   ( 1446): [set_baud_rate:115] set_baud_rate
10-10 10:09:48.118 D/OCTTY   ( 1446): [set_baud_rate:146] set_baud_rate() done
10-10 10:09:48.118 D/OCTTY   ( 1446): [hisi_config_uart:330]Have installed N_HW_BFG Line displine
10-10 10:09:48.118 E/OCTTY   ( 1446): [main:370] install already set to 
10-10 10:09:48.118 E/OCTTY   ( 1446): 
10-10 10:09:48.121 D/OCTTY   ( 1446): [hisi_config_uart:216] hisi_config_uart
10-10 10:09:48.121 D/OCTTY   ( 1446): [hisi_config_uart:286] set install to 2, disable linedisc
10-10 10:09:48.122 D/OCTTY   ( 1446): [hisi_config_uart:290] Have uninstalled N_HW_BFG Line displine
10-10 10:09:48.122 D/OCTTY   ( 1446): [set_baud_rate:115] set_baud_rate
10-10 10:09:48.122 D/OCTTY   ( 1446): [set_baud_rate:146] set_baud_rate() done
10-10 10:09:48.122 D/OCTTY   ( 1446): [change_baud_rate:161] change_baud_rate
10-10 10:09:48.122 D/OCTTY   ( 1446): [change_baud_rate:199] change_baud_rate() done
10-10 10:09:48.122 D/OCTTY   ( 1446): [hisi_config_uart:330]Have installed N_HW_BFG Line displine
10-10 10:09:48.122 E/OCTTY   ( 1446): [main:370] install already set to 
10-10 10:09:48.122 E/OCTTY   ( 1446): 
10-10 10:09:49.774 I/storaged(  738): storaged_t::event: storage_info refreshed.
10-10 10:09:52.777 I/AlarmManager( 1496): remove alarm:Alarm{54f0aa5 type 2 when 1077126256 PendingIntent{127a49e: PendingIntentRecord{23d6b7f com.tencent.mm broadcastIntent}}com.tencent.mm} according to operation:6ffa80f
10-10 10:09:52.782 I/chatty  ( 3697): uid=10137 com.tencent.mm:push expire 2 lines
10-10 10:09:52.793 I/chatty  (  530): uid=0(root) Binder:530_2 expire 2 lines
10-10 10:09:55.460 I/chatty  ( 1451): uid=1021(gps) /vendor/bin/hignss_hisi expire 6 lines
10-10 10:09:55.489 I/chatty  (10685): uid=1021(gps) expire 132 lines
10-10 10:09:59.236 I/chatty  ( 1934): uid=1000(system) com.huawei.systemserver expire 11 lines
10-10 10:10:00.339 W/HiDecision(22049): MinuteGeneratorService: This is no hour change
10-10 10:10:04.698 I/chatty  (  765): uid=0(root) erecovery-event expire 28 lines
10-10 10:10:10.254 W/Watchdog( 1496): hungtask: writing kick
10-10 10:10:13.303 I/HwBatteryService( 1496): quick charge status : 0
10-10 10:10:13.304 D/HwBatteryService( 1496): onUEvent fcpStatus = 0
10-10 10:10:13.304 D/HwBatteryService( 1496): onUEvent scpStatus = 0 ,ovpStatus = 0
10-10 10:10:13.304 I/HwBatteryService( 1496): handleWirelessTxStatus
10-10 10:10:13.304 I/HwBatteryService( 1496): switch not open, return, mWirelessTxFlag : 0
10-10 10:10:13.305 I/UsbDeviceManager( 1496): water_intrused state= 0
10-10 10:10:15.321 I/chatty  ( 2285): uid=1000(system) Thread-2 expire 13 lines
10-10 10:10:20.461 I/chatty  ( 2005): uid=1000(system) HandleHighTempT expire 11 lines
10-10 10:10:24.425 I/chatty  ( 2005): uid=1000(system) Binder:2005_2 expire 4 lines
10-10 10:10:24.426 I/chatty  (  739): uid=1000(system) /system/bin/thermal-daemon expire 15 lines
10-10 10:10:28.460 D/UsbSettingsService(21737): handleMessage, msg.what = 4
10-10 10:10:28.461 D/UsbSettingsService(21737): receive message to check monkey running.
10-10 10:10:40.258 W/Watchdog( 1496): hungtask: writing kick
10-10 10:10:40.379 I/ImsResolver( 2030): getMmTelFeatureAndListen - slot: 2 callback: com.android.ims.MmTelFeatureConnection$1@3f564aa
10-10 10:10:44.038 I/HwBatteryService( 1496): quick charge status : 0
10-10 10:10:44.038 D/HwBatteryService( 1496): onUEvent fcpStatus = 0
10-10 10:10:44.038 D/HwBatteryService( 1496): onUEvent scpStatus = 0 ,ovpStatus = 0
10-10 10:10:44.038 I/HwBatteryService( 1496): handleWirelessTxStatus
10-10 10:10:44.039 I/HwBatteryService( 1496): switch not open, return, mWirelessTxFlag : 0
10-10 10:10:44.040 I/UsbDeviceManager( 1496): water_intrused state= 0
10-10 10:10:44.974 I/chatty  (  765): uid=0(root) erecovery-event expire 41 lines
10-10 10:10:49.774 I/storaged(  738): storaged_t::event: storage_info refreshed.
10-10 10:10:53.549 I/chatty  ( 3697): uid=10137(com.tencent.mm) mars::4004 expire 4 lines
10-10 10:10:53.575 I/chatty  ( 3697): uid=10137 com.tencent.mm:push expire 2 lines
10-10 10:10:53.578 I/chatty  (  530): uid=0(root) /system/bin/netd expire 10 lines
10-10 10:10:53.582 I/chatty  (  530): uid=0(root) Binder:530_2 expire 1 line
10-10 10:10:53.591 I/chatty  ( 3697): uid=10137 com.tencent.mm:push expire 2 lines
10-10 10:10:59.261 I/chatty  ( 1934): uid=1000(system) com.huawei.systemserver expire 13 lines
10-10 10:11:03.626 I/chatty  ( 1496): uid=1000(system) android.bg expire 5 lines
10-10 10:11:03.628 D/JobScheduler( 1496): Maybe queuing ready jobs...
10-10 10:11:03.628 D/NetdConnector( 1496): SND -> {1721 firewall set_uid_rule standby 10094 allow}
10-10 10:11:03.629 D/NetdConnector( 1496): RCV <- {200 1721 Firewall command succeeded}
10-10 10:11:03.629 D/NetdConnector( 1496): RCV <- {200 1721 Firewall command succeeded}
10-10 10:11:03.630 D/NetdConnector( 1496): SND -> {1722 firewall set_uid_rule standby 10092 allow}
10-10 10:11:03.631 D/NetdConnector( 1496): RCV <- {200 1722 Firewall command succeeded}
10-10 10:11:03.632 D/NetdConnector( 1496): RCV <- {200 1722 Firewall command succeeded}
10-10 10:11:03.634 V/BroadcastQueue( 1496): Finished with ordered broadcast BroadcastRecord{418b62b u0 com.tencent.mm.plugin.report.service.KVCommCrossProcessReceiver}
10-10 10:11:03.635 D/JobScheduler( 1496): Maybe queuing ready jobs...
10-10 10:11:04.630 E/LOGSERVER_UTILS(  765): [Erecovery]readEvent: eRecEventManager readEvent 0
10-10 10:11:09.674 I/AlarmManager( 1496): remove alarm:Alarm{5438846 type 2 when 1077187036 PendingIntent{aa66aed: PendingIntentRecord{dbded22 com.tencent.mm broadcastIntent}}com.tencent.mm} according to operation:648da88
10-10 10:11:08.658 E/LOGSERVER_UTILS(  765): [Erecovery]readEvent: eRecEventManager readEvent 0
10-10 10:11:09.696 E/LOGSERVER_UTILS(  765): [Erecovery]readEvent: eRecEventManager readEvent 0
10-10 10:11:10.181 I/AlarmManager( 1496): remove alarm:Alarm{204e95d type 2 when 1077203658 PendingIntent{648da88: PendingIntentRecord{ccaac21 com.tencent.mm broadcastIntent}}com.tencent.mm} according to operation:d6a8a07
10-10 10:11:10.191 I/mars::stn( 3697): [longlink_connect_monitor.cc, __AutoIntervalConnect, 319]:longlink_progress set rebuild alarm, reason: rebuild longlink alarm, current time: 818003681, next rebuild time interval: 583398
10-10 10:11:10.261 W/Watchdog( 1496): hungtask: writing kick
10-10 10:11:10.737 E/LOGSERVER_UTILS(  765): [Erecovery]readEvent: eRecEventManager readEvent 0
10-10 10:11:14.759 I/HwBatteryService( 1496): quick charge status : 0
10-10 10:11:14.759 D/HwBatteryService( 1496): onUEvent fcpStatus = 0
10-10 10:11:14.759 D/HwBatteryService( 1496): onUEvent scpStatus = 0 ,ovpStatus = 0
10-10 10:11:14.760 I/HwBatteryService( 1496): handleWirelessTxStatus
10-10 10:11:14.760 I/HwBatteryService( 1496): switch not open, return, mWirelessTxFlag : 0
10-10 10:11:14.762 I/UsbDeviceManager( 1496): water_intrused state= 0
10-10 10:11:14.902 E/LOGSERVER_UTILS(  765): [Erecovery]readEvent: eRecEventManager readEvent 0
10-10 10:11:15.943 E/LOGSERVER_UTILS(  765): [Erecovery]readEvent: eRecEventManager readEvent 0
10-10 10:11:19.718 V/BroadcastQueue( 1496): Finished with ordered broadcast BroadcastRecord{61fe2d2 u0 com.tencent.mm.plugin.report.service.KVCommCrossProcessReceiver}
10-10 10:11:20.100 E/LOGSERVER_UTILS(  765): [Erecovery]readEvent: eRecEventManager readEvent 0
10-10 10:11:21.125 E/LOGSERVER_UTILS(  765): [Erecovery]readEvent: eRecEventManager readEvent 0
10-10 10:11:38.712 E/LOGSERVER_UTILS(  765): [Erecovery]readEvent: eRecEventManager readEvent 0
10-10 10:11:39.738 E/LOGSERVER_UTILS(  765): [Erecovery]readEvent: eRecEventManager readEvent 0
10-10 10:11:40.264 W/Watchdog( 1496): hungtask: writing kick
10-10 10:11:40.775 E/LOGSERVER_UTILS(  765): [Erecovery]readEvent: eRecEventManager readEvent 0
10-10 10:11:42.837 I/chatty  (  765): uid=0(root) erecovery-event identical 51 lines
10-10 10:11:44.413 I/ImsResolver( 2030): getMmTelFeatureAndListen - slot: 2 callback: com.android.ims.MmTelFeatureConnection$1@9a3d89b
10-10 10:11:45.478 I/HwBatteryService( 1496): quick charge status : 0
10-10 10:11:45.478 D/HwBatteryService( 1496): onUEvent fcpStatus = 0
10-10 10:11:45.478 D/HwBatteryService( 1496): onUEvent scpStatus = 0 ,ovpStatus = 0
10-10 10:11:45.478 I/HwBatteryService( 1496): handleWirelessTxStatus
10-10 10:11:45.479 I/HwBatteryService( 1496): switch not open, return, mWirelessTxFlag : 0
10-10 10:11:45.479 I/UsbDeviceManager( 1496): water_intrused state= 0
10-10 10:11:49.775 I/storaged(  738): storaged_t::event: storage_info refreshed.
10-10 10:11:59.353 I/chatty  ( 1934): uid=1000(system) com.huawei.systemserver expire 3 lines
10-10 10:12:10.268 W/Watchdog( 1496): hungtask: writing kick
10-10 10:12:11.980 V/ActivityManager( 1496): startProcess: name=com.huawei.rcsserviceapplication:service app=null knownToBeDead=true thread=null pid=-1
10-10 10:12:12.000 I/chatty  (  532): uid=0(root) main expire 5 lines
10-10 10:12:12.004 I/ActivityManager( 1496): Start proc 10710:com.huawei.rcsserviceapplication:service/u0a62 for service com.huawei.rcsserviceapplication/com.huawei.rcs.service.RcsService
10-10 10:12:12.005 E/ProcessInfoCollector( 1496): getProcessInfo: failed to find this proc 
10-10 10:12:12.012 I/ication:servic(10710): Reinit property: dalvik.vm.checkjni= false
10-10 10:12:12.018 E/ication:servic(10710): Not starting debugger since process cannot load the jdwp agent.
10-10 10:12:12.039 D/ZrHung.AppEyeUiProbe(10710): AppEyeUIP created.
10-10 10:12:12.046 D/ActivityThread(10710): Attach thread to application
10-10 10:12:12.072 I/HwApiCacheMangerEx(10710): apicache path=/storage/emulated/0 state=mounted key=com.huawei.rcsserviceapplication#10062#256
10-10 10:12:12.074 I/HwApiCacheMangerEx(10710): apicache path=/storage/emulated/0 state=mounted key=com.huawei.rcsserviceapplication#10062#0
10-10 10:12:12.078 I/ication:servic(10710): The ClassLoaderContext is a special shared library.
10-10 10:12:12.082 I/HwLogExceptionInner(10710): Log blacklist 
10-10 10:12:12.101 I/ication:servic(10710): QarthPatchMonintor::Init
10-10 10:12:12.101 I/ication:servic(10710): 
10-10 10:12:12.101 I/ication:servic(10710): QarthPatchMonintor::StartWatch
10-10 10:12:12.101 I/ication:servic(10710): 
10-10 10:12:12.101 I/ication:servic(10710): QarthPatchMonintor::WatchPackage: /data/hotpatch/fwkhotpatch/
10-10 10:12:12.101 I/ication:servic(10710): 
10-10 10:12:12.102 I/ication:servic(10710): QarthPatchMonintor::CheckAndWatchPatch: /data/hotpatch/fwkhotpatch/com.huawei.rcsserviceapplication
10-10 10:12:12.102 I/ication:servic(10710): 
10-10 10:12:12.102 I/ication:servic(10710): QarthPatchMonintor::CheckAndWatchPatch: /data/hotpatch/fwkhotpatch/all
10-10 10:12:12.102 I/ication:servic(10710): 
10-10 10:12:12.102 I/ication:servic(10710): QarthPatchMonintor::Run
10-10 10:12:12.102 I/ication:servic(10710): 
10-10 10:12:12.105 I/ication:servic(10710): QarthPatchMonintor::Reading
10-10 10:12:12.105 I/ication:servic(10710): 
10-10 10:12:12.105 I/ication:servic(10710): QarthPatchMonintor::CheckNotifyEvent
10-10 10:12:12.105 I/ication:servic(10710): 
10-10 10:12:12.105 I/ication:servic(10710): QarthPatchMonintor::CheckNotifyEvent before read
10-10 10:12:12.105 I/ication:servic(10710): 
10-10 10:12:12.112 I/AwareBitmapCacher(10710): init processName:com.huawei.rcsserviceapplication:service pid=10710 uid=10062
10-10 10:12:12.117 D/HRCS    (10710): ContactProvider: DEBUG: setAuth auth = org.gsma.joyn.contact
10-10 10:12:12.141 D/SmsProvider(10710): setAuth() auth:com.huawei.rcs.messaging
10-10 10:12:12.142 D/HRCS    (10710): MessageProvider: DEBUG: MessageProvider()
10-10 10:12:12.145 D/SmsProvider(10710): onCreate() mOpenHelper:com.huawei.rcs.message.provider.RcsProviderHelper@2cb8b4a
10-10 10:12:12.154 D/RcsService(10710): RcsServiceApplication - ================onCreate============
10-10 10:12:12.157 D/RcsService(10710): RcsXmlParser - sIsHwRcsServiceInstalled: true
10-10 10:12:12.158 D/RcsService(10710): RcsXmlParser - sIsSupportDecoupling: true
10-10 10:12:12.160 V/ActivityManager( 1496): Successfully start provider ContentProviderRecord{1316520 u0 com.android.providers.settings/.SettingsProvider} launchingApp=null caller pid= 10710
10-10 10:12:12.163 D/RcsService(10710): RcsXmlParser - initPlmnLocalStore
10-10 10:12:12.173 E/RcsService(10710): RcsXmlParser - mContext or mccmnc is null return
10-10 10:12:12.174 D/RcsService(10710): RcsFeatureEnabler - rcsProductEnabled: true rcsVendorEnabled: true
10-10 10:12:12.182 D/RcsService(10710): RcsXmlParser - getCurrentPlmn:getCurrentPlmn isEmpty
10-10 10:12:12.182 D/RcsService(10710): RcsXmlParser - updatePlmnCurrent
10-10 10:12:12.202 W/Settings(10710): Setting device_provisioned has moved from android.provider.Settings.Secure to android.provider.Settings.Global.
10-10 10:12:12.204 D/RcsService(10710): RcsServiceApplication -  isOobeFinish =  true
10-10 10:12:12.221 D/RcsService(10710): RcsXmlParser -  mccmnc is empty,retrun null
10-10 10:12:12.221 D/RcsService(10710): RcsServiceApplication - kill process. isRcsFeatureEnable: false, isRcsSwitchOn: true, isOobeFinished: true
10-10 10:12:12.221 I/Process (10710): Sending signal. PID: 10710 SIG: 9
10-10 10:12:12.266 I/ActivityManager( 1496): Process com.huawei.rcsserviceapplication:service (pid 10710) has died: fore SVC 
10-10 10:12:12.266 D/ActivityManager( 1496): cleanUpApplicationRecord app: ProcessRecord{31bbfa3 10710:com.huawei.rcsserviceapplication:service/u0a62}, app.bad: false, restarting: false, allowRestart: true
10-10 10:12:12.267 W/ActivityManager( 1496): Scheduling restart of crashed service com.huawei.rcsserviceapplication/com.huawei.rcs.service.RcsService in 16384000ms
10-10 10:12:12.267 I/chatty  ( 1496): uid=1000(system) ActivityManager expire 10 lines
10-10 10:12:12.274 I/chatty  ( 1934): uid=1000(system) Binder:1934_6 expire 3 lines
10-10 10:12:12.284 I/chatty  ( 1934): uid=1000(system) Binder:1934_6 expire 10 lines
10-10 10:12:12.772 I/audio_hw_primary(  559): usb_ext_get_parameters: check show hires (false)
10-10 10:12:12.775 I/HwAudioServiceEx( 1496): check HiRes Icon false
10-10 10:12:12.776 I/chatty  ( 1496): uid=1000(system) Thread-7 expire 6 lines
10-10 10:12:16.187 I/HwBatteryService( 1496): quick charge status : 0
10-10 10:12:16.188 D/HwBatteryService( 1496): onUEvent fcpStatus = 0
10-10 10:12:16.188 D/HwBatteryService( 1496): onUEvent scpStatus = 0 ,ovpStatus = 0
10-10 10:12:16.188 I/HwBatteryService( 1496): handleWirelessTxStatus
10-10 10:12:16.188 I/HwBatteryService( 1496): switch not open, return, mWirelessTxFlag : 0
10-10 10:12:16.189 I/UsbDeviceManager( 1496): water_intrused state= 0
10-10 10:12:19.335 I/chatty  ( 1934): uid=1000(system) com.huawei.systemserver expire 12 lines
10-10 10:12:22.311 I/HwBatteryService( 1496): quick charge status : 0
10-10 10:12:22.314 D/HwBatteryService( 1496): onUEvent fcpStatus = 0
10-10 10:12:22.314 D/HwBatteryService( 1496): onUEvent scpStatus = 0 ,ovpStatus = 0
10-10 10:12:22.314 I/HwBatteryService( 1496): handleWirelessTxStatus
10-10 10:12:22.314 I/HwBatteryService( 1496): switch not open, return, mWirelessTxFlag : 0
10-10 10:12:22.315 I/UsbDeviceManager( 1496): water_intrused state= 0
10-10 10:12:22.320 I/BatteryService( 1496): normal charge status : 1
10-10 10:12:22.330 W/KeyguardUpdateMonitor( 1807): ACTION_BATTERY_CHANGED AMP: 0; Volt: 0
10-10 10:12:22.343 W/HiDecision(22049): SystemStateReceiver: other action
10-10 10:12:22.356 E/        (  576): [hw_comm_get_power_state] test_scene: charger_type
10-10 10:12:22.357 E/        (  576): hw_pwr_read_int open:/sys/class/hw_power/charger/direct_charger/adaptor_detect err
10-10 10:12:22.358 E/        (  576): [hw_comm_get_power_state] test_scene: 31, result: 0 
10-10 10:12:22.358 W/MagazineUtils( 1807): check active connect, state = -1
10-10 10:12:22.374 W/KeyguardUpdateMonitor( 1807): ChargingSpeed  Wattage: -1 ST: 5000000 --> 7500000
10-10 10:12:22.374 I/KgBattery( 1807): BatteryInfo updated:  2lPc-1
10-10 10:12:22.375 W/KG_FDT  ( 1807): isFaceUnlockEnabled 0
10-10 10:12:22.376 W/HwKgdBArea_BTY( 1807): updateBatteryInfo : false showBatteryInfo:  true isShowChargingFpDisplay:  false
10-10 10:12:22.377 W/HwKgdBArea_BTY( 1807): updateBatteryInfo : false showBatteryInfo:  true isShowChargingFpDisplay:  false
10-10 10:12:22.377 W/HwLockScreenPanel( 1807): refreshBatteryInfo: null
10-10 10:12:22.377 W/HwLockScreenPanel( 1807): Handle message: 100
10-10 10:12:22.379 W/KgBattery( 1807): getCharge info with type: text
10-10 10:12:22.394 W/PanelView( 1807): set notification panel padding = 1556
10-10 10:12:22.394 W/HwBackDropView( 1807): setAnimationParamInner 0.0   0
10-10 10:12:22.396 W/HwKeyguardBottomArea( 1807): refresh Charge status layout when dp changed
10-10 10:12:22.397 W/HwKeyguardBottomArea( 1807): refresh Charge status layout when dp changed
10-10 10:12:22.414 W/PanelView( 1807): set notification panel padding = 1556
10-10 10:12:22.415 W/HwBackDropView( 1807): setAnimationParamInner 0.0   0
10-10 10:12:22.784 E/libc    ( 3697): Access denied finding property "net.dns1"
10-10 10:12:22.785 E/libc    ( 3697): Access denied finding property "net.dns2"
10-10 10:12:22.795 I/chatty  (  530): uid=0(root) Binder:530_2 expire 2 lines
10-10 10:12:23.187 I/chatty  (  765): uid=0(root) erecovery-event expire 57 lines
10-10 10:12:24.603 I/chatty  (  739): uid=1000(system) /system/bin/thermal-daemon expire 16 lines
10-10 10:12:24.605 I/chatty  ( 2005): uid=1000(system) Binder:2005_8 expire 10 lines
10-10 10:12:40.272 W/Watchdog( 1496): hungtask: writing kick
10-10 10:12:46.915 I/HwBatteryService( 1496): quick charge status : 0
10-10 10:12:46.915 D/HwBatteryService( 1496): onUEvent fcpStatus = 0
10-10 10:12:46.915 D/HwBatteryService( 1496): onUEvent scpStatus = 0 ,ovpStatus = 0
10-10 10:12:46.915 I/HwBatteryService( 1496): handleWirelessTxStatus
10-10 10:12:46.915 I/HwBatteryService( 1496): switch not open, return, mWirelessTxFlag : 0
10-10 10:12:46.917 I/UsbDeviceManager( 1496): water_intrused state= 0
10-10 10:12:46.918 I/Legacy PowerHAL(  576): get_number_of_platform_modes
10-10 10:12:46.918 I/Legacy PowerHAL(  576): get_voter_list!
10-10 10:12:46.918 I/Legacy PowerHAL(  576): get_platform_low_power_stats update list
10-10 10:12:48.438 I/ImsResolver( 2030): getMmTelFeatureAndListen - slot: 2 callback: com.android.ims.MmTelFeatureConnection$1@9a4a438
10-10 10:12:49.777 I/storaged(  738): storaged_t::event: storage_info refreshed.
10-10 10:13:04.011 I/com.huawei.hiai.awareness.bottomsensor.FenceManager( 3576):  CAWARENESS: doNotifyListKeyChange() topKey : com.huawei.recsys_1:1;11,1,2~{"$or":[{"$and":[{"column0":"com.android.gallery3d"},{"column2":"com.huawei.gallery.app.SlotAlbumActivity"}]}]} fenceType : 8 fenceKey : 8,4,1~2021-10-10D10H13
10-10 10:13:04.012 I/com.huawei.hiai.awareness.bottomsensor.FenceManager( 3576):  CAWARENESS: doNotifyListKeyChange() topKey : com.huawei.recsys_1:1;11,2,1~{"column0":"com.zhiyun.feel|cn.ledongli.ldl|com.codoon.gps|com.hotbody.fitzero|com.sportq.fit|com.boohee.one|com.huawei.health|com.dailyyoga.cn|co.runner.app|com.yuedong.sport|com.health.fatfighter|com.gotokeep.keep"} fenceType : 8 fenceKey : 8,4,1~2021-10-10D10H13
10-10 10:13:04.012 I/com.huawei.hiai.awareness.bottomsensor.FenceManager( 3576):  CAWARENESS: doNotifyListKeyChange() topKey : com.huawei.recsys_1:1;11,2,1~{"column0":"com.vmall.client|com.taobao.taobao"} fenceType : 8 fenceKey : 8,4,1~2021-10-10D10H13
10-10 10:13:04.012 I/com.huawei.hiai.awareness.bottomsensor.FenceManager( 3576):  CAWARENESS: doNotifyListKeyChange() topKey : com.huawei.recsys_1:1;11,1,1~{"column0":"com.huawei.scanner"} fenceType : 8 fenceKey : 8,4,1~2021-10-10D10H13
10-10 10:13:04.012 I/com.huawei.hiai.awareness.bottomsensor.FenceManager( 3576):  CAWARENESS: doNotifyListKeyChange() topKey : com.huawei.intelligent_1:1;10,4,5888 fenceType : 8 fenceKey : 8,4,1~2021-10-10D10H13
10-10 10:13:04.012 I/com.huawei.hiai.awareness.bottomsensor.FenceManager( 3576):  CAWARENESS: doNotifyListKeyChange() topKey : com.huawei.recsys_1:1;10,4,1 fenceType : 8 fenceKey : 8,4,1~2021-10-10D10H13
10-10 10:13:04.012 I/com.huawei.hiai.awareness.bottomsensor.FenceManager( 3576):  CAWARENESS: doNotifyListKeyChange() topKey : com.huawei.recsys_1:1;11,1,1~{"column0":"com.huawei.android.launcher"} fenceType : 8 fenceKey : 8,4,1~2021-10-10D10H13
10-10 10:13:04.012 I/com.huawei.hiai.awareness.bottomsensor.FenceManager( 3576):  CAWARENESS: doNotifyListKeyChange() topKey : com.huawei.recsys_1:1;11,1,1~{"column0":"com.huawei.objautorigmaster"} fenceType : 8 fenceKey : 8,4,1~2021-10-10D10H13
10-10 10:13:04.013 I/com.huawei.hiai.awareness.bottomsensor.FenceManager( 3576):  CAWARENESS: doNotifyListKeyChange() topKey : com.huawei.recsys_1:1;11,2,2~{"$or":[{"$and":[{"column0":"com.fenbi.android.solar"},{"column2":"com.fenbi.android.solar.activity.MultiPurposeCameraActivity"}]},{"$and":[{"column0":"cn.danatech.xingseapp"},{"column2":"com.xingse.app.pages.recognition.UploadActivity"}]},{"$and":[{"column0":"com.baidu.homework"},{"column2":"com.baidu.homework.common.camera.CameraActivity"}]},{"$and":[{"column0":"com.baidu.browser.apps"},{"column2":"com.baidu.megapp.proxy.activity.FragmentActivityProxyExt"}]},{"$and":[{"column0":"cn.com.robusoft.floweridentification"},{"column2":"cn.com.robusoft.floweridentification.presentation.discernment.DiscernActivity"}]},{"$and":[{"column0":"com.UCMobile"},{"column2":"com.uc.module.barcode.CaptureActivity"}]},{"$and":[{"column0":"com.microsoft.bing"},{"column2":"com.microsoft.client.bing.activities.CameraActivity"}]}]} fenceType : 8 fenceKey : 8,4,1~2021-10-10D10H13
10-10 10:13:04.013 I/com.huawei.hiai.awareness.bottomsensor.FenceManager( 3576):  CAWARENESS: doNotifyListKeyChange() topKey : android_1:1;6,3,3 fenceType : 8 fenceKey : 8,4,1~2021-10-10D10H13
10-10 10:13:04.013 I/com.huawei.hiai.awareness.bottomsensor.FenceManager( 3576):  CAWARENESS: doNotifyListKeyChange() topKey : com.huawei.powergenie_1:1;1,4,31 fenceType : 8 fenceKey : 8,4,1~2021-10-10D10H13
10-10 10:13:04.013 I/com.huawei.hiai.awareness.bottomsensor.FenceManager( 3576):  CAWARENESS: doNotifyListKeyChange() topKey : cawareness.locationcollector_1:1;8,4,1~2021-10-10D10H13 fenceType : 8 fenceKey : 8,4,1~2021-10-10D10H13
10-10 10:13:04.013 I/com.huawei.hiai.awareness.bottomsensor.FenceManager( 3576):  CAWARENESS: isSatisfyFenceTime() topKey : cawareness.locationcollector_1:1;8,4,1~2021-10-10D10H13 type : 8 startTime : null endTime : null
10-10 10:13:04.013 I/com.huawei.hiai.awareness.bottomsensor.FenceManager( 3576):  CAWARENESS: isSatisfyFenceTime() startTime or endTime is empty topKey : cawareness.locationcollector_1:1;8,4,1~2021-10-10D10H13
10-10 10:13:04.013 I/com.huawei.hiai.awareness.bottomsensor.FenceManager( 3576):  CAWARENESS: doNotifyListKeyChange() isSatisfy : true
10-10 10:13:04.014 I/EventManager( 3576):  CAWARENESS: notifyUserByPendingIntent() isNeedRemoveEvent :  true
10-10 10:13:04.015 I/com.huawei.hiai.awareness.service.ServiceBindingManager( 3576):  CAWARENESS: removeBindingCallback() success cawareness.locationcollector_1:1;8,4,1~2021-10-10D10H13
10-10 10:13:04.016 I/com.huawei.hiai.awareness.bottomsensor.FenceManager( 3576):  CAWARENESS: removeFence() sFenceHashMap has removed topKey : cawareness.locationcollector_1:1;8,4,1~2021-10-10D10H13
10-10 10:13:04.017 I/ServiceRestartManager( 3576):  CAWARENESS: removeBindPackageInterval() ignore interval event
10-10 10:13:04.017 I/EventManager( 3576):  CAWARENESS: notifyUserByPendingIntent() pendingIntent.send topKey = cawareness.locationcollector_1:1;8,4,1~2021-10-10D10H13
10-10 10:13:04.021 I/com.huawei.hiai.awareness.bottomsensor.FenceManager( 3576):  CAWARENESS: doNotifyListKeyChange() topKey : com.huawei.recsys_1:1;11,1,2~{"$or":[{"$and":[{"column0":"com.huawei.scanner"},{"column2":"com.huawei.scanner.view.ScannerActivity"}]}]} fenceType : 8 fenceKey : 8,4,1~2021-10-10D10H13
10-10 10:13:04.021 I/com.huawei.hiai.awareness.bottomsensor.FenceManager( 3576):  CAWARENESS: doNotifyListKeyChange() topKey : cawareness.getuserdata_1:1;8,4,2~17H0 fenceType : 8 fenceKey : 8,4,1~2021-10-10D10H13
10-10 10:13:04.021 I/com.huawei.hiai.awareness.bottomsensor.FenceManager( 3576):  CAWARENESS: doNotifyListKeyChange() topKey : cawareness.getuserdata_1:1;8,4,2~5H0 fenceType : 8 fenceKey : 8,4,1~2021-10-10D10H13
10-10 10:13:04.021 I/com.huawei.hiai.awareness.bottomsensor.FenceManager( 3576):  CAWARENESS: doNotifyListKeyChange() topKey : com.huawei.recsys_1:1;11,2,1~{"column0":"com.youdao.dict|com.sogou.translator|com.youdao.translator|com.microsoft.translator|com.baidu.baidutranslate|com.iflytek.translatorapp|com.kingsoft"} fenceType : 8 fenceKey : 8,4,1~2021-10-10D10H13
10-10 10:13:04.021 I/com.huawei.hiai.awareness.bottomsensor.FenceManager( 3576):  CAWARENESS: doNotifyListKeyChange() topKey : com.huawei.recsys_1:1;6,16,3 fenceType : 8 fenceKey : 8,4,1~2021-10-10D10H13
10-10 10:13:04.021 I/com.huawei.hiai.awareness.bottomsensor.FenceManager( 3576):  CAWARENESS: doNotifyListKeyChange() topKey : com.huawei.recsys_1:1;11,1,1~{"column0":"com.microsoft.office.excel|com.zhanlang.notes|cn.ticktick.task|com.iflytek.vflynote|com.plan.kot32.tomatotime|com.luyun.diary|com.youdao.note|com.evernote|com.microsoft.office.word"} fenceType : 8 fenceKey : 8,4,1~2021-10-10D10H13
10-10 10:13:04.023 I/LocationCollectRequestBroadcast( 3576):  CAWARENESS:  action = location_collect_time_broadcast_tag
10-10 10:13:04.030 I/FLTAG_AFM( 3576): shared feature exist: com.huawei.featurelayer.sharedfeature.map
10-10 10:13:04.030 I/LocationManager( 3576):  CAWARENESS: isHwMapFeatureExist() isFeatureExist : true
10-10 10:13:04.034 I/com.huawei.hiai.awareness.service.ServiceBindingManager( 3576):  CAWARENESS: addBindingCallback() not contain packageName : cawareness.locationcollector
10-10 10:13:04.034 I/ServiceRestartManager( 3576):  CAWARENESS: addBindPackageInterval() ignore interval event
10-10 10:13:04.035 I/com.huawei.hiai.awareness.service.ServiceBindingManager( 3576):  CAWARENESS: addBindingCallback() register success topKey : cawareness.locationcollector_1:1;8,4,1~2021-10-10D10H33
10-10 10:13:04.036 I/LocationCollector( 3576):  CAWARENESS: Wifi is not connected
10-10 10:13:04.036 I/LocationCollector( 3576):  CAWARENESS: isInAbsoluteStillStatus() == TRUE
10-10 10:13:04.037 W/LocationCollector( 3576):  CAWARENESS: Wifi is not connect
10-10 10:13:04.039 I/com.huawei.hiai.awareness.service.ServiceBindingManager( 3576):  CAWARENESS: RequestRunnable run() start result : RequestResult{type = 0, status = 0, action = 0, secondAction = null, time = 0, sensorTime = 0, confidence = 0, registerTopKey = cawareness.locationcollector_1:1;8,4,1~2021-10-10D10H33, resultType = 1, content = null, triggerStatus = 3, errorCode = -1, errorResult = null}
10-10 10:13:04.039 D/TelephonyManager( 3576): getAllCellInfo calling app is com.huawei.hiai
10-10 10:13:04.043 W/PhoneInterfaceManager( 2030): shouldBlockLocation running ...
10-10 10:13:04.043 I/PhoneInterfaceManager( 2030): shouldBlockLocation  ret:false
10-10 10:13:04.046 E/NetworkUtils( 3576):  CAWARENESS: list is null
10-10 10:13:04.046 W/LocationCollector( 3576):  CAWARENESS: CellInfo not get
10-10 10:13:04.047 I/LocationCollector( 3576):  CAWARENESS: setRawLocationRecord() currentTime:2021-10-10 10:13:04
10-10 10:13:04.047 I/LocationCollector( 3576):  CAWARENESS: notifyInsertRawLocationRecord() is sent
10-10 10:13:04.047 W/PlaceRecognition( 3576):  CAWARENESS: setRawPositionState() location is null
10-10 10:13:04.068 I/FLTAG_AFM( 3576): shared feature exist: com.huawei.featurelayer.sharedfeature.map
10-10 10:13:04.068 I/LocationManager( 3576):  CAWARENESS: isHwMapFeatureExist() isFeatureExist : true
10-10 10:13:04.068 E/LocationReport( 3576):  CAWARENESS: getDistance() gps == null get failed
10-10 10:13:04.068 E/LocationReport( 3576):  CAWARENESS: getDistance() gps == null get failed
10-10 10:13:04.068 E/LocationReport( 3576):  CAWARENESS: locationChanged() lastStatus = other  need't report 
10-10 10:13:10.276 W/Watchdog( 1496): hungtask: writing kick
10-10 10:13:10.747 I/chatty  (  765): uid=0(root) erecovery-event expire 28 lines
10-10 10:13:15.583 I/chatty  ( 2285): uid=1000(system) Thread-2 expire 12 lines
10-10 10:13:17.646 I/HwBatteryService( 1496): quick charge status : 0
10-10 10:13:17.646 D/HwBatteryService( 1496): onUEvent fcpStatus = 0
10-10 10:13:17.646 D/HwBatteryService( 1496): onUEvent scpStatus = 0 ,ovpStatus = 0
10-10 10:13:17.646 I/HwBatteryService( 1496): handleWirelessTxStatus
10-10 10:13:17.646 I/HwBatteryService( 1496): switch not open, return, mWirelessTxFlag : 0
10-10 10:13:17.647 I/UsbDeviceManager( 1496): water_intrused state= 0
10-10 10:13:19.443 I/chatty  ( 1934): uid=1000(system) com.huawei.systemserver expire 11 lines
10-10 10:13:39.296 I/chatty  ( 2005): uid=1000(system) actions handler expire 12 lines
10-10 10:13:40.075 I/NetworkStatsManager( 3800): querySummary callingPid = 3800
10-10 10:13:40.076 I/NetworkStats( 1496): openSessionForUsageStats, pid = 3800, pkg = com.tencent.mm
10-10 10:13:40.077 I/NetworkStats( 1496): openSessionInternal,pid = 3800
10-10 10:13:40.079 I/NetworkStats( 1496): performPollLocked, pid = 1496
10-10 10:13:40.086 I/chatty  ( 1496): uid=1000(system) Binder:1496_2 expire 2 lines
10-10 10:13:40.114 I/chatty  (10750): uid=0(root) expire 1 line
10-10 10:13:40.139 I/chatty  (10751): uid=0(root) expire 1 line
10-10 10:13:40.150 W/NetworkStatsFactory( 1496): mStatsXtProcUid: /proc/net/comm/stats does not exist!
10-10 10:13:40.151 D/HwNetworkStatsService( 1496): hwRecordUidAndProcSnapshotLocked currentTime = 1633832020086
10-10 10:13:40.152 I/NetworkStatsFactory( 1496): javaReadNetworkStatsUidAndProcDetail. cost time = 1
10-10 10:13:40.155 D/HwNetworkStatsService( 1496): hwMaybeUidAndProcPersistLocked currentTime = 1633832020086
10-10 10:13:40.172 I/NetworkStatsManager( 3800): querySummary callingPid = 3800
10-10 10:13:40.172 I/NetworkStats( 1496): openSessionForUsageStats, pid = 3800, pkg = com.tencent.mm
10-10 10:13:40.279 W/Watchdog( 1496): hungtask: writing kick
10-10 10:13:40.280 I/chatty  ( 1496): uid=1000(system) android.fg expire 15 lines
10-10 10:13:42.514 I/chatty  (10752): uid=1021(gps) expire 308 lines
10-10 10:13:45.306 E/memtrack( 3697): Couldn't load memtrack module
10-10 10:13:45.306 W/android.os.Debug( 3697): failed to get memory consumption info: -1
10-10 10:13:45.421 I/MicroMsg.MemoryWatchDog( 3697): [AutoCheck]  
10-10 10:13:45.421 I/MicroMsg.MemoryWatchDog( 3697): >>>>>>>>>>>>>>>>>>>>>>>>>>>>>>>>>>>>>>>>>>>>>>>>>>> MemoryInfo(tid=1258) <<<<<<<<<<<<<<<<<<<<<<<<<<<<<<<<<<<<<<<<<<<<<<<<
10-10 10:13:45.421 I/MicroMsg.MemoryWatchDog( 3697): | Activity:	default	AppForeground:true	ProcessForeground:false
10-10 10:13:45.421 I/MicroMsg.MemoryWatchDog( 3697): | Source:	 3
10-10 10:13:45.421 I/MicroMsg.MemoryWatchDog( 3697): | VmSize:	 5543368kB
10-10 10:13:45.421 I/MicroMsg.MemoryWatchDog( 3697): | SystemMemoryInfo:	 totalMem=3889393664, availMem=2248994816, lowMemory=false, threshold=226492416
10-10 10:13:45.421 I/MicroMsg.MemoryWatchDog( 3697): | Dalvik:	 memClass=384, memLargeClass=512 B, UsedMemory=16327082 B, RecycledMemory=3450986 B, MaxMemory=536870912 B
10-10 10:13:45.421 I/MicroMsg.MemoryWatchDog( 3697): | NATIVE:	 HeapSize=29360128 B, AllocatedSize=23299240 B, RecycledSize=6060888 B
10-10 10:13:45.421 I/MicroMsg.MemoryWatchDog( 3697): | Stats:	 pss-sum:0 KB, code=5280, stack=44, graphics=0, java-heap=6012, native-heap=18828, system=39704, total-pss=77836, private-other=7968, total-swap=7932
10-10 10:13:45.421 I/MicroMsg.MemoryWatchDog( 3697): | AMSStats:	 code=5280, stack=44, graphics=0, java-heap=6016, native-heap=18828, system=39704, total-pss=77840, private-other=7968, total-swap=7932
10-10 10:13:45.421 I/MicroMsg.MemoryWatchDog( 3697): | FgService:	[]
10-10 10:13:45.421 I/MicroMsg.MemoryWatchDog( 3697): >>>>>>>>>>>>>>>>>>>>>>>>>>>>>>>>>>>>>>>>>>>>>>>>>>> END(cost:269ms) <<<<<<<<<<<<<<<<<<<<<<<<<<<<<<<<<<<<<<<<<<<<<<<<<<<
10-10 10:13:45.851 I/chatty  ( 1994): uid=1000(system) Timer-0 expire 13 lines
10-10 10:13:48.347 I/HwBatteryService( 1496): quick charge status : 0
10-10 10:13:48.347 D/HwBatteryService( 1496): onUEvent fcpStatus = 0
10-10 10:13:48.347 D/HwBatteryService( 1496): onUEvent scpStatus = 0 ,ovpStatus = 0
10-10 10:13:48.347 I/HwBatteryService( 1496): handleWirelessTxStatus
10-10 10:13:48.347 I/HwBatteryService( 1496): switch not open, return, mWirelessTxFlag : 0
10-10 10:13:48.349 I/UsbDeviceManager( 1496): water_intrused state= 0
10-10 10:13:49.278 I/chatty  (  739): uid=1000(system) /system/bin/thermal-daemon expire 13 lines
10-10 10:13:49.778 I/storaged(  738): storaged_t::event: storage_info refreshed.
10-10 10:13:51.010 E/memtrack( 3800): Couldn't load memtrack module
10-10 10:13:51.010 W/android.os.Debug( 3800): failed to get memory consumption info: -1
10-10 10:13:51.274 I/MicroMsg.MemoryWatchDog( 3800): [AutoCheck]  
10-10 10:13:51.274 I/MicroMsg.MemoryWatchDog( 3800): >>>>>>>>>>>>>>>>>>>>>>>>>>>>>>>>>>>>>>>>>>>>>>>>>>> MemoryInfo(tid=1198) <<<<<<<<<<<<<<<<<<<<<<<<<<<<<<<<<<<<<<<<<<<<<<<<
10-10 10:13:51.274 I/MicroMsg.MemoryWatchDog( 3800): | Activity:	default	AppForeground:true	ProcessForeground:false
10-10 10:13:51.274 I/MicroMsg.MemoryWatchDog( 3800): | Source:	 3
10-10 10:13:51.274 I/MicroMsg.MemoryWatchDog( 3800): | VmSize:	 5585176kB
10-10 10:13:51.274 I/MicroMsg.MemoryWatchDog( 3800): | SystemMemoryInfo:	 totalMem=3889393664, availMem=2248708096, lowMemory=false, threshold=226492416
10-10 10:13:51.274 I/MicroMsg.MemoryWatchDog( 3800): | Dalvik:	 memClass=384, memLargeClass=512 B, UsedMemory=18235061 B, RecycledMemory=2588493 B, MaxMemory=536870912 B
10-10 10:13:51.274 I/MicroMsg.MemoryWatchDog( 3800): | NATIVE:	 HeapSize=39845888 B, AllocatedSize=23590536 B, RecycledSize=16255352 B
10-10 10:13:51.274 I/MicroMsg.MemoryWatchDog( 3800): | Stats:	 pss-sum:188769 KB, code=33468, stack=36, graphics=0, java-heap=8284, native-heap=20004, system=39889, total-pss=110785, private-other=9104, total-swap=7944
10-10 10:13:51.274 I/MicroMsg.MemoryWatchDog( 3800): | AMSStats:	 code=33468, stack=36, graphics=0, java-heap=8284, native-heap=20004, system=39889, total-pss=110785, private-other=9104, total-swap=7944
10-10 10:13:51.274 I/MicroMsg.MemoryWatchDog( 3800): | FgService:	[]
10-10 10:13:51.274 I/MicroMsg.MemoryWatchDog( 3800): >>>>>>>>>>>>>>>>>>>>>>>>>>>>>>>>>>>>>>>>>>>>>>>>>>> END(cost:423ms) <<<<<<<<<<<<<<<<<<<<<<<<<<<<<<<<<<<<<<<<<<<<<<<<<<<
10-10 10:13:51.274 I/MicroMsg.MemoryWatchDog( 3800): | Process: com.tencent.mm, pid: 3800, totalPss: 110793
10-10 10:13:51.274 I/MicroMsg.MemoryWatchDog( 3800): | Process: com.tencent.mm:push, pid: 3697, totalPss: 77976
10-10 10:13:52.497 I/ImsResolver( 2030): getMmTelFeatureAndListen - slot: 2 callback: com.android.ims.MmTelFeatureConnection$1@732c11
10-10 10:13:53.221 I/chatty  (  765): uid=0(root) erecovery-event expire 32 lines
10-10 10:13:55.441 V/BroadcastQueue( 1496): Finished with ordered broadcast BroadcastRecord{24672a0 u0 com.tencent.mm.plugin.report.service.KVCommCrossProcessReceiver}
10-10 10:13:59.503 I/chatty  ( 1934): uid=1000(system) com.huawei.systemserver expire 10 lines
10-10 10:14:10.146 I/chatty  (  530): uid=0(root) POSIX timer 0 expire 10 lines
10-10 10:14:10.281 W/Watchdog( 1496): hungtask: writing kick
10-10 10:14:15.130 V/AlarmManager( 1496): Received TIME_TICK alarm; rescheduling
10-10 10:14:15.144 I/chatty  ( 5144): uid=1000(system) ReceiverDispatc expire 7 lines
10-10 10:14:15.144 V/BroadcastQueue( 1496): Finished with ordered broadcast BroadcastRecord{a2bf5b8 u0 com.huawei.action.push.intent.CHECK_CHANNEL_CYCLE}
10-10 10:14:15.151 V/BroadcastQueue( 1496): Finished with ordered broadcast BroadcastRecord{fabc3d0 u0 null}
10-10 10:14:15.155 V/BroadcastQueue( 1496): Finished with ordered broadcast BroadcastRecord{4abefc9 u0 null}
10-10 10:14:15.159 I/HwAlarmManagerService( 1496): hwSetAlarm listenerTag: time_tick
10-10 10:14:15.162 E/DateView( 1807): DateView,mCurrentTime: 1633832055162
10-10 10:14:15.163 I/HwAlarmManagerService( 1496): hwSetAlarm listenerTag: *job.heartbeat*
10-10 10:14:15.164 D/JobScheduler.Time( 1496): Deadline-expired alarm fired
10-10 10:14:15.168 W/HwAlarmManagerService( 1496): isContainsAppUidInWorksource-->happend NameNotFoundException
10-10 10:14:15.169 V/BroadcastQueue( 1496): Finished with ordered broadcast BroadcastRecord{bd259ef u0 null}
10-10 10:14:15.169 W/HwAlarmManagerService( 1496): isContainsAppUidInWorksource-->happend NameNotFoundException
10-10 10:14:15.172 I/HwAlarmManagerService( 1496): hwSetAlarm listenerTag: *job.deadline*
10-10 10:14:15.172 I/JobScheduler.Time( 1496): mNextJobExpiredElapsedMillis: 836330023
10-10 10:14:15.173 D/JobScheduler.Time( 1496): Delay-expired alarm fired
10-10 10:14:15.176 I/PushLog110000403( 5144): [ReceiverDispatcher-309]enter AlarmTools:setInexactAlarm(intent:Intent { act=com.huawei.action.push.intent.CHECK_CHANNEL_CYCLE pkg=android } interval:1200000ms
10-10 10:14:15.177 W/HwAlarmManagerService( 1496): isContainsAppUidInWorksource-->happend NameNotFoundException
10-10 10:14:15.177 V/BroadcastQueue( 1496): Finished with ordered broadcast BroadcastRecord{dd14cfc u0 com.huawei.hwsystemmanager.power.SCHEDULE_RECORD_REMAING_TIME_SCENE}
10-10 10:14:15.178 W/HwAlarmManagerService( 1496): isContainsAppUidInWorksource-->happend NameNotFoundException
10-10 10:14:15.181 I/HwAlarmManagerService( 1496): hwSetAlarm listenerTag: *job.delay*
10-10 10:14:15.182 I/JobScheduler.Time( 1496): mNextDelayExpiredElapsedMillis: 820813426
10-10 10:14:15.182 I/PushLog110000403( 5144): [ReceiverDispatcher-309]com.huawei.action.CONNECT_PUSHSRV alarm trigger, expectTriggerTime:0, current trigger time:1633832055182
10-10 10:14:15.182 I/PushLog110000403( 5144): [ReceiverDispatcher-309]network is null
10-10 10:14:15.183 I/PushLog110000403( 5144): [ReceiverDispatcher-309]network is null
10-10 10:14:15.183 I/PushLog110000403( 5144): [ReceiverDispatcher-309]enter cancelAlarm(Action=com.huawei.action.CONNECT_PUSHSRV
10-10 10:14:15.185 W/PanelView( 1807): set notification panel padding = 1556
10-10 10:14:15.185 W/HwBackDropView( 1807): setAnimationParamInner 0.0   0
