10-16 11:09:26.724 W/MDP     ( 2533): DpDriver::waitFramedone takes 92ms
10-16 11:09:26.724 W/MDP     ( 2533): DpAsyncBlitStream: 0xa8428000, 92 ms
10-16 11:09:26.727 W/af_mgr_v3(  470): pd result is not ready! statMagicNum(62)
10-16 11:09:26.742 I/AliFrameWork( 1090): [14971717] [GLRender] :drop a frame pts = 4240000 
10-16 11:09:26.743 I/AliFrameWork( 1090): [14971717] [GLRender] :drop a frame pts = 4280000 
10-16 11:09:26.777 W/MDP     (  470): DpDriver::waitFramedone takes 55ms
10-16 11:09:26.777 W/MDP     (  470): DpIsp: 0xa4ed7700, scenario 9, waitComplete 56 ms, 0, 0, 56, 0
10-16 11:09:26.777 W/MDP     (  470): DpIsp: 0xa4ed7700, scenario 9, dst0 56 ms, 0, 56, 56, 56
10-16 11:09:26.777 W/MDP     (  470): DpIsp: 0xa4ed7700, src 55 ms, 0, 0, 0, 0
10-16 11:09:26.794 W/af_mgr_v3(  470): pd result is not ready! statMagicNum(63)
10-16 11:09:26.829 W/MDP     (  470): DpDriver::waitFramedone takes 51ms
10-16 11:09:26.829 W/MDP     (  470): DpIsp: 0xa4ed7700, scenario 9, waitComplete 51 ms, 0, 0, 51, 0
10-16 11:09:26.829 W/MDP     (  470): DpIsp: 0xa4ed7700, scenario 9, dst0 51 ms, 0, 51, 51, 51
10-16 11:09:26.829 W/MDP     (  470): DpIsp: 0xa4ed7700, src 51 ms, 0, 0, 0, 0
10-16 11:09:26.832 W/MDP     ( 2533): DpDriver::waitFramedone takes 77ms
10-16 11:09:26.832 W/MDP     ( 2533): DpAsyncBlitStream: 0xa8428000, 77 ms
10-16 11:09:26.833 I/BufferQueueProducer( 1090): [ImageReader-2560x1920f23m2-1090-1](this:0x7e3c5000,id:1,api:4,p:451,c:1090) queueBuffer: fps=18.50 dur=1027.11 max=61.10 min=40.97
10-16 11:09:26.843 I/AliFrameWork( 1090): [14971717] [GLRender] :drop a frame pts = 4360000 
10-16 11:09:26.844 I/AliFrameWork( 1090): [14971717] [GLRender] :drop a frame pts = 4400000 
10-16 11:09:26.862 W/af_mgr_v3(  470): pd result is not ready! statMagicNum(65)
10-16 11:09:26.885 W/MDP     (  470): DpDriver::waitFramedone takes 55ms
10-16 11:09:26.885 W/MDP     (  470): DpIsp: 0xa4ed7700, scenario 9, waitComplete 55 ms, 0, 0, 55, 0
10-16 11:09:26.885 W/MDP     (  470): DpIsp: 0xa4ed7700, scenario 9, dst0 55 ms, 0, 55, 55, 55
10-16 11:09:26.885 W/MDP     (  470): DpIsp: 0xa4ed7700, src 55 ms, 0, 0, 0, 0
10-16 11:09:26.930 W/af_mgr_v3(  470): pd result is not ready! statMagicNum(66)
10-16 11:09:26.938 W/MDP     (  470): DpDriver::waitFramedone takes 52ms
10-16 11:09:26.938 W/MDP     (  470): DpIsp: 0xa4ed7700, scenario 9, waitComplete 52 ms, 0, 0, 52, 0
10-16 11:09:26.938 W/MDP     (  470): DpIsp: 0xa4ed7700, scenario 9, dst0 52 ms, 0, 52, 52, 52
10-16 11:09:26.938 W/MDP     (  470): DpIsp: 0xa4ed7700, src 52 ms, 0, 0, 0, 0
10-16 11:09:26.942 W/MDP     ( 2533): DpDriver::waitFramedone takes 83ms
10-16 11:09:26.942 W/MDP     ( 2533): DpAsyncBlitStream: 0xa8428000, 83 ms
10-16 11:09:26.959 I/AliFrameWork( 1090): [14971717] [GLRender] :drop a frame pts = 4480000 
10-16 11:09:26.960 I/AliFrameWork( 1090): [14971717] [GLRender] :drop a frame pts = 4520000 
10-16 11:09:26.990 I/AliFrameWork( 1090): [14971717] [CurlDataSource] :CURLINFO_RESPONSE_CODE is 200
10-16 11:09:26.994 W/MDP     (  470): DpDriver::waitFramedone takes 55ms
10-16 11:09:26.994 W/MDP     (  470): DpIsp: 0xa4ed7700, scenario 9, waitComplete 55 ms, 0, 0, 55, 0
10-16 11:09:26.994 W/MDP     (  470): DpIsp: 0xa4ed7700, scenario 9, dst0 55 ms, 0, 55, 55, 55
10-16 11:09:26.994 W/MDP     (  470): DpIsp: 0xa4ed7700, src 53 ms, 0, 0, 0, 0
10-16 11:09:26.997 W/af_mgr_v3(  470): pd result is not ready! statMagicNum(67)
10-16 11:09:27.047 W/MDP     (  470): DpDriver::waitFramedone takes 52ms
10-16 11:09:27.047 W/MDP     (  470): DpIsp: 0xa4ed7700, scenario 9, waitComplete 52 ms, 0, 0, 52, 0
10-16 11:09:27.047 W/MDP     (  470): DpIsp: 0xa4ed7700, scenario 9, dst0 52 ms, 0, 52, 52, 52
10-16 11:09:27.047 W/MDP     (  470): DpIsp: 0xa4ed7700, src 52 ms, 0, 0, 0, 0
10-16 11:09:27.050 W/MDP     ( 2533): DpDriver::waitFramedone takes 66ms
10-16 11:09:27.050 W/MDP     ( 2533): DpAsyncBlitStream: 0xa8428000, 66 ms
10-16 11:09:27.059 I/AliFrameWork( 1090): [14971717] [GLRender] :drop a frame pts = 4600000 
10-16 11:09:27.065 W/af_mgr_v3(  470): pd result is not ready! statMagicNum(68)
10-16 11:09:27.075 I/AliFrameWork( 1090): [14971717] [HLSStream] :file have 2 streams
10-16 11:09:27.075 I/AliFrameWork( 1090): [14971717] [] :DAR 1280:720
10-16 11:09:27.076 W/AliFrameWork( 1090): [14971717] [HLSStream] :open stream  index is 0
10-16 11:09:27.076 W/AliFrameWork( 1090): [14971717] [HLSStream] :open stream  index is 1
10-16 11:09:27.076 I/AliFrameWork( 1090): [14971717] [HLSStream] :file have 2 streams
10-16 11:09:27.076 I/AliFrameWork( 1090): [14971717] [] :DAR 1280:720
10-16 11:09:27.103 W/MDP     (  470): DpDriver::waitFramedone takes 55ms
10-16 11:09:27.103 W/MDP     (  470): DpIsp: 0xa4ed7700, scenario 9, waitComplete 55 ms, 0, 0, 55, 0
10-16 11:09:27.103 W/MDP     (  470): DpIsp: 0xa4ed7700, scenario 9, dst0 55 ms, 0, 55, 55, 55
10-16 11:09:27.103 W/MDP     (  470): DpIsp: 0xa4ed7700, src 55 ms, 0, 0, 0, 0
10-16 11:09:27.113 W/AliFrameWork( 1090): [14971717] [avFormatDemuxer] :pkt pts error
10-16 11:09:27.113 W/AliFrameWork( 1090): [14971717] [avFormatDemuxer] :pkt dts error
10-16 11:09:27.113 W/AliFrameWork( 1090): [14971717] [avFormatDemuxer] :pkt pts error
10-16 11:09:27.113 W/AliFrameWork( 1090): [14971717] [avFormatDemuxer] :pkt dts error
10-16 11:09:27.113 W/AliFrameWork( 1090): [14971717] [avFormatDemuxer] :pkt pts error
10-16 11:09:27.113 W/AliFrameWork( 1090): [14971717] [avFormatDemuxer] :pkt dts error
10-16 11:09:27.114 W/AliFrameWork( 1090): [14971717] [avFormatDemuxer] :pkt pts error
10-16 11:09:27.114 W/AliFrameWork( 1090): [14971717] [avFormatDemuxer] :pkt dts error
10-16 11:09:27.114 W/AliFrameWork( 1090): [14971717] [avFormatDemuxer] :pkt pts error
10-16 11:09:27.114 W/AliFrameWork( 1090): [14971717] [avFormatDemuxer] :pkt dts error
10-16 11:09:27.114 W/AliFrameWork( 1090): [14971717] [avFormatDemuxer] :pkt pts error
10-16 11:09:27.115 W/AliFrameWork( 1090): [14971717] [avFormatDemuxer] :pkt dts error
10-16 11:09:27.115 W/AliFrameWork( 1090): [14971717] [avFormatDemuxer] :pkt pts error
10-16 11:09:27.115 W/AliFrameWork( 1090): [14971717] [avFormatDemuxer] :pkt dts error
10-16 11:09:27.120 I/AliFrameWork( 1090): [14971717] [NativeBase] :AliyunCorePlayer callback --> CurrentDownloadSpeed() 2436307
10-16 11:09:27.120 I/AliFrameWork( 1090): [14971717] [NativeBase] :java_GetDuration() = 79000
10-16 11:09:27.132 W/af_mgr_v3(  470): pd result is not ready! statMagicNum(70)
10-16 11:09:27.155 E/MtkDataShapingUtils(  628): Exception openLteGateByDataShaping  in java.lang.NullPointerException: null receiver
10-16 11:09:27.155 W/System.err(  628): java.lang.NullPointerException: null receiver
10-16 11:09:27.155 W/System.err(  628): 	at java.lang.reflect.Method.invoke(Native Method)
10-16 11:09:27.155 W/System.err(  628): 	at com.mediatek.server.MtkDataShaping.openLteGateByDataShaping(MtkDataShaping.java:36)
10-16 11:09:27.155 W/System.err(  628): 	at com.android.server.AlarmManagerService.deliverAlarmsLocked(AlarmManagerService.java:3603)
10-16 11:09:27.155 W/System.err(  628): 	at com.android.server.AlarmManagerService$AlarmThread.run(AlarmManagerService.java:3781)
10-16 11:09:27.156 W/MDP     (  470): DpDriver::waitFramedone takes 52ms
10-16 11:09:27.156 W/MDP     (  470): DpIsp: 0xa4ed7700, scenario 9, waitComplete 52 ms, 0, 0, 52, 0
10-16 11:09:27.156 W/MDP     (  470): DpIsp: 0xa4ed7700, scenario 9, dst0 52 ms, 0, 52, 52, 52
10-16 11:09:27.156 W/MDP     (  470): DpIsp: 0xa4ed7700, src 52 ms, 0, 0, 0, 0
10-16 11:09:27.157 E/ActivityManager(  628): Sending non-protected broadcast ALARM_ACTION(1084) from system uid 1000 pkg com.tal.genie.push
10-16 11:09:27.157 E/ActivityManager(  628): java.lang.Throwable
10-16 11:09:27.157 E/ActivityManager(  628): 	at com.android.server.am.ActivityManagerService.checkBroadcastFromSystem(ActivityManagerService.java:21471)
10-16 11:09:27.157 E/ActivityManager(  628): 	at com.android.server.am.ActivityManagerService.broadcastIntentLocked(ActivityManagerService.java:22071)
10-16 11:09:27.157 E/ActivityManager(  628): 	at com.android.server.am.ActivityManagerService.broadcastIntentInPackage(ActivityManagerService.java:22250)
10-16 11:09:27.157 E/ActivityManager(  628): 	at com.android.server.am.PendingIntentRecord.sendInner(PendingIntentRecord.java:372)
10-16 11:09:27.157 E/ActivityManager(  628): 	at com.android.server.am.PendingIntentRecord.sendWithResult(PendingIntentRecord.java:245)
10-16 11:09:27.157 E/ActivityManager(  628): 	at com.android.server.am.ActivityManagerService.sendIntentSender(ActivityManagerService.java:8607)
10-16 11:09:27.157 E/ActivityManager(  628): 	at android.app.PendingIntent.sendAndReturnResult(PendingIntent.java:892)
10-16 11:09:27.157 E/ActivityManager(  628): 	at android.app.PendingIntent.send(PendingIntent.java:874)
10-16 11:09:27.157 E/ActivityManager(  628): 	at com.android.server.AlarmManagerService$DeliveryTracker.deliverLocked(AlarmManagerService.java:4387)
10-16 11:09:27.157 E/ActivityManager(  628): 	at com.android.server.AlarmManagerService.deliverAlarmsLocked(AlarmManagerService.java:3632)
10-16 11:09:27.157 E/ActivityManager(  628): 	at com.android.server.AlarmManagerService$AlarmThread.run(AlarmManagerService.java:3781)
10-16 11:09:27.159 W/MDP     ( 2533): DpDriver::waitFramedone takes 88ms
10-16 11:09:27.159 W/MDP     ( 2533): DpAsyncBlitStream: 0xa8428000, 88 ms
10-16 11:09:27.167 W/AES     (  628): Exception Log handling...
10-16 11:09:27.172 W/AES     (  628): skip for Exp level 0
10-16 11:09:27.176 I/AliFrameWork( 1090): [14971717] [GLRender] :drop a frame pts = 4680000 
10-16 11:09:27.177 I/AliFrameWork( 1090): [14971717] [GLRender] :drop a frame pts = 4720000 
10-16 11:09:27.200 W/af_mgr_v3(  470): pd result is not ready! statMagicNum(71)
10-16 11:09:27.212 W/MDP     (  470): DpDriver::waitFramedone takes 55ms
10-16 11:09:27.212 W/MDP     (  470): DpIsp: 0xa4ed7700, scenario 9, waitComplete 55 ms, 0, 0, 55, 0
10-16 11:09:27.212 W/MDP     (  470): DpIsp: 0xa4ed7700, scenario 9, dst0 55 ms, 0, 55, 55, 55
10-16 11:09:27.212 W/MDP     (  470): DpIsp: 0xa4ed7700, src 54 ms, 0, 0, 0, 0
10-16 11:09:27.264 W/MDP     (  470): DpDriver::waitFramedone takes 48ms
10-16 11:09:27.265 W/MDP     (  470): DpIsp: 0xa4ed7700, scenario 9, waitComplete 48 ms, 0, 0, 48, 0
10-16 11:09:27.265 W/MDP     (  470): DpIsp: 0xa4ed7700, scenario 9, dst0 52 ms, 4, 52, 52, 52
10-16 11:09:27.265 W/MDP     (  470): DpIsp: 0xa4ed7700, src 52 ms, 0, 0, 0, 0
10-16 11:09:27.267 W/af_mgr_v3(  470): pd result is not ready! statMagicNum(72)
10-16 11:09:27.268 W/MDP     ( 2533): DpDriver::waitFramedone takes 78ms
10-16 11:09:27.268 W/MDP     ( 2533): DpAsyncBlitStream: 0xa8428000, 78 ms
10-16 11:09:27.276 I/AliFrameWork( 1090): [14971717] [GLRender] :drop a frame pts = 4800000 
10-16 11:09:27.290 I/BufferQueueProducer(  313): [com.tal.genie.voice/com.tal.explain.ui.VideoExplainActivity#0](this:0xa354e000,id:10,api:1,p:1090,c:313) queueBuffer: fps=12.09 dur=1075.51 max=140.75 min=9.23
10-16 11:09:27.301 I/SurfaceFlinger(  313): [Built-in Screen (type:0)] fps:12.427048,dur:1046.11,max:144.83,min:2.28
10-16 11:09:27.320 W/MDP     (  470): DpDriver::waitFramedone takes 55ms
10-16 11:09:27.320 W/MDP     (  470): DpIsp: 0xa4ed7700, scenario 9, waitComplete 55 ms, 0, 0, 55, 0
10-16 11:09:27.320 W/MDP     (  470): DpIsp: 0xa4ed7700, scenario 9, dst0 55 ms, 0, 55, 55, 55
10-16 11:09:27.321 W/MDP     (  470): DpIsp: 0xa4ed7700, src 55 ms, 0, 0, 0, 0
10-16 11:09:27.335 W/af_mgr_v3(  470): pd result is not ready! statMagicNum(73)
10-16 11:09:27.373 W/MDP     (  470): DpDriver::waitFramedone takes 52ms
10-16 11:09:27.373 W/MDP     (  470): DpIsp: 0xa4ed7700, scenario 9, waitComplete 52 ms, 0, 0, 52, 0
10-16 11:09:27.373 W/MDP     (  470): DpIsp: 0xa4ed7700, scenario 9, dst0 52 ms, 0, 52, 52, 52
10-16 11:09:27.373 W/MDP     (  470): DpIsp: 0xa4ed7700, src 51 ms, 0, 0, 0, 0
10-16 11:09:27.376 W/MDP     ( 2533): DpDriver::waitFramedone takes 97ms
10-16 11:09:27.376 W/MDP     ( 2533): DpAsyncBlitStream: 0xa8428000, 97 ms
10-16 11:09:27.392 I/AliFrameWork( 1090): [14971717] [GLRender] :drop a frame pts = 4880000 
10-16 11:09:27.393 I/AliFrameWork( 1090): [14971717] [GLRender] :drop a frame pts = 4920000 
10-16 11:09:27.394 I/AliFrameWork( 1090): [14971717] [GLRender] :drop a frame pts = 4960000 
10-16 11:09:27.395 I/BufferQueueProducer( 1090): [SurfaceTexture-1-1090-1](this:0x61c7c000,id:3,api:3,p:1090,c:1090) queueBuffer: fps=9.08 dur=1101.59 max=125.14 min=90.40
10-16 11:09:27.403 W/af_mgr_v3(  470): pd result is not ready! statMagicNum(75)
10-16 11:09:27.429 W/MDP     (  470): DpDriver::waitFramedone takes 55ms
10-16 11:09:27.429 W/MDP     (  470): DpIsp: 0xa4ed7700, scenario 9, waitComplete 55 ms, 0, 0, 55, 0
10-16 11:09:27.429 W/MDP     (  470): DpIsp: 0xa4ed7700, scenario 9, dst0 55 ms, 0, 55, 55, 55
10-16 11:09:27.429 W/MDP     (  470): DpIsp: 0xa4ed7700, src 55 ms, 0, 0, 0, 0
10-16 11:09:27.470 W/af_mgr_v3(  470): pd result is not ready! statMagicNum(76)
10-16 11:09:27.482 W/MDP     (  470): DpDriver::waitFramedone takes 52ms
10-16 11:09:27.482 W/MDP     (  470): DpIsp: 0xa4ed7700, scenario 9, waitComplete 52 ms, 0, 0, 52, 0
10-16 11:09:27.482 W/MDP     (  470): DpIsp: 0xa4ed7700, scenario 9, dst0 52 ms, 0, 52, 52, 52
10-16 11:09:27.482 W/MDP     (  470): DpIsp: 0xa4ed7700, src 52 ms, 0, 0, 0, 0
10-16 11:09:27.485 W/MDP     ( 2533): DpDriver::waitFramedone takes 74ms
10-16 11:09:27.485 W/MDP     ( 2533): DpAsyncBlitStream: 0xa8428000, 75 ms
10-16 11:09:27.492 I/AliFrameWork( 1090): [14971717] [GLRender] :drop a frame pts = 5040000 
10-16 11:09:27.538 W/af_mgr_v3(  470): pd result is not ready! statMagicNum(77)
10-16 11:09:27.538 W/MDP     (  470): DpDriver::waitFramedone takes 55ms
10-16 11:09:27.538 W/MDP     (  470): DpIsp: 0xa4ed7700, scenario 9, waitComplete 55 ms, 0, 0, 55, 0
10-16 11:09:27.538 W/MDP     (  470): DpIsp: 0xa4ed7700, scenario 9, dst0 55 ms, 0, 55, 55, 55
10-16 11:09:27.538 W/MDP     (  470): DpIsp: 0xa4ed7700, src 55 ms, 0, 0, 0, 0
10-16 11:09:27.591 W/MDP     (  470): DpDriver::waitFramedone takes 47ms
10-16 11:09:27.592 W/MDP     (  470): DpIsp: 0xa4ed7700, scenario 9, waitComplete 47 ms, 0, 0, 47, 0
10-16 11:09:27.592 W/MDP     (  470): DpIsp: 0xa4ed7700, scenario 9, dst0 47 ms, 0, 47, 47, 47
10-16 11:09:27.592 W/MDP     (  470): DpIsp: 0xa4ed7700, src 52 ms, 0, 0, 0, 0
10-16 11:09:27.594 W/MDP     ( 2533): DpDriver::waitFramedone takes 88ms
10-16 11:09:27.595 W/MDP     ( 2533): DpAsyncBlitStream: 0xa8428000, 88 ms
10-16 11:09:27.605 W/af_mgr_v3(  470): pd result is not ready! statMagicNum(78)
10-16 11:09:27.609 I/AliFrameWork( 1090): [14971717] [GLRender] :drop a frame pts = 5120000 
10-16 11:09:27.610 I/AliFrameWork( 1090): [14971717] [GLRender] :drop a frame pts = 5160000 
10-16 11:09:27.622 W/mtkcam-AppStreamMgr(  470): [0-ResultHandler::enqueResult] frameNo:77 existed in mResultQueue[0] - hasLastPartial:0->0
10-16 11:09:27.637 I/AliFrameWork( 1090): [14971717] [NativeBase] :java_GetDuration() = 79000
10-16 11:09:27.647 W/MDP     (  470): DpDriver::waitFramedone takes 55ms
10-16 11:09:27.647 W/MDP     (  470): DpIsp: 0xa4ed7700, scenario 9, waitComplete 55 ms, 0, 0, 55, 0
10-16 11:09:27.647 W/MDP     (  470): DpIsp: 0xa4ed7700, scenario 9, dst0 55 ms, 0, 55, 55, 55
10-16 11:09:27.647 W/MDP     (  470): DpIsp: 0xa4ed7700, src 54 ms, 0, 0, 0, 0
10-16 11:09:27.673 W/af_mgr_v3(  470): pd result is not ready! statMagicNum(79)
10-16 11:09:27.700 W/MDP     (  470): DpDriver::waitFramedone takes 52ms
10-16 11:09:27.700 W/MDP     (  470): DpIsp: 0xa4ed7700, scenario 9, waitComplete 52 ms, 0, 0, 52, 0
10-16 11:09:27.700 W/MDP     (  470): DpIsp: 0xa4ed7700, scenario 9, dst0 52 ms, 0, 52, 52, 52
10-16 11:09:27.700 W/MDP     (  470): DpIsp: 0xa4ed7700, src 52 ms, 0, 0, 0, 0
10-16 11:09:27.703 W/MDP     ( 2533): DpDriver::waitFramedone takes 73ms
10-16 11:09:27.703 W/MDP     ( 2533): DpAsyncBlitStream: 0xa8428000, 73 ms
10-16 11:09:27.713 I/BufferQueueProducer( 1090): [SurfaceTexture-0-1090-0](this:0x63e6c000,id:2,api:1,p:1090,c:1090) queueBuffer: fps=9.18 dur=1089.35 max=115.57 min=104.93
10-16 11:09:27.726 I/AliFrameWork( 1090): [14971717] [GLRender] :drop a frame pts = 5240000 
10-16 11:09:27.727 I/AliFrameWork( 1090): [14971717] [GLRender] :drop a frame pts = 5280000 
10-16 11:09:27.740 W/af_mgr_v3(  470): pd result is not ready! statMagicNum(81)
10-16 11:09:27.756 W/MDP     (  470): DpDriver::waitFramedone takes 55ms
10-16 11:09:27.756 W/MDP     (  470): DpIsp: 0xa4ed7700, scenario 9, waitComplete 55 ms, 0, 0, 55, 0
10-16 11:09:27.756 W/MDP     (  470): DpIsp: 0xa4ed7700, scenario 9, dst0 55 ms, 0, 55, 55, 55
10-16 11:09:27.756 W/MDP     (  470): DpIsp: 0xa4ed7700, src 55 ms, 0, 0, 0, 0
10-16 11:09:27.808 W/af_mgr_v3(  470): pd result is not ready! statMagicNum(82)
10-16 11:09:27.809 W/MDP     (  470): DpDriver::waitFramedone takes 52ms
10-16 11:09:27.809 W/MDP     (  470): DpIsp: 0xa4ed7700, scenario 9, waitComplete 52 ms, 0, 0, 52, 0
10-16 11:09:27.809 W/MDP     (  470): DpIsp: 0xa4ed7700, scenario 9, dst0 52 ms, 0, 52, 52, 52
10-16 11:09:27.809 W/MDP     (  470): DpIsp: 0xa4ed7700, src 52 ms, 0, 0, 0, 0
10-16 11:09:27.812 W/MDP     ( 2533): DpDriver::waitFramedone takes 71ms
10-16 11:09:27.812 W/MDP     ( 2533): DpAsyncBlitStream: 0xa8428000, 71 ms
10-16 11:09:27.826 I/AliFrameWork( 1090): [14971717] [GLRender] :drop a frame pts = 5360000 
10-16 11:09:27.865 W/MDP     (  470): DpDriver::waitFramedone takes 55ms
10-16 11:09:27.865 W/MDP     (  470): DpIsp: 0xa4ed7700, scenario 9, waitComplete 55 ms, 0, 0, 55, 0
10-16 11:09:27.865 W/MDP     (  470): DpIsp: 0xa4ed7700, scenario 9, dst0 55 ms, 0, 55, 55, 55
10-16 11:09:27.865 W/MDP     (  470): DpIsp: 0xa4ed7700, src 55 ms, 0, 0, 0, 0
10-16 11:09:27.870 I/BufferQueueProducer( 1090): [ImageReader-2560x1920f23m2-1090-1](this:0x7e3c5000,id:1,api:4,p:451,c:1090) queueBuffer: fps=18.33 dur=1036.63 max=61.19 min=47.88
10-16 11:09:27.875 W/af_mgr_v3(  470): pd result is not ready! statMagicNum(83)
10-16 11:09:27.918 W/MDP     (  470): DpDriver::waitFramedone takes 52ms
10-16 11:09:27.918 W/MDP     (  470): DpIsp: 0xa4ed7700, scenario 9, waitComplete 52 ms, 0, 0, 52, 0
10-16 11:09:27.918 W/MDP     (  470): DpIsp: 0xa4ed7700, scenario 9, dst0 52 ms, 0, 52, 52, 52
10-16 11:09:27.918 W/MDP     (  470): DpIsp: 0xa4ed7700, src 52 ms, 0, 0, 0, 0
10-16 11:09:27.921 W/MDP     ( 2533): DpDriver::waitFramedone takes 82ms
10-16 11:09:27.922 W/MDP     ( 2533): DpAsyncBlitStream: 0xa8428000, 83 ms
10-16 11:09:27.926 I/AliFrameWork( 1090): [14971717] [GLRender] :drop a frame pts = 5440000 
10-16 11:09:27.927 I/AliFrameWork( 1090): [14971717] [GLRender] :drop a frame pts = 5480000 
10-16 11:09:27.943 W/af_mgr_v3(  470): pd result is not ready! statMagicNum(84)
10-16 11:09:27.974 W/MDP     (  470): DpDriver::waitFramedone takes 55ms
10-16 11:09:27.974 W/MDP     (  470): DpIsp: 0xa4ed7700, scenario 9, waitComplete 55 ms, 0, 0, 55, 0
10-16 11:09:27.974 W/MDP     (  470): DpIsp: 0xa4ed7700, scenario 9, dst0 55 ms, 0, 55, 55, 55
10-16 11:09:27.974 W/MDP     (  470): DpIsp: 0xa4ed7700, src 54 ms, 0, 0, 0, 0
10-16 11:09:28.011 W/af_mgr_v3(  470): pd result is not ready! statMagicNum(86)
10-16 11:09:28.027 W/MDP     (  470): DpDriver::waitFramedone takes 52ms
10-16 11:09:28.027 W/MDP     (  470): DpIsp: 0xa4ed7700, scenario 9, waitComplete 52 ms, 0, 0, 52, 0
10-16 11:09:28.027 W/MDP     (  470): DpIsp: 0xa4ed7700, scenario 9, dst0 52 ms, 0, 52, 52, 52
10-16 11:09:28.027 W/MDP     (  470): DpIsp: 0xa4ed7700, src 52 ms, 0, 0, 0, 0
10-16 11:09:28.030 W/MDP     ( 2533): DpDriver::waitFramedone takes 89ms
10-16 11:09:28.031 W/MDP     ( 2533): DpAsyncBlitStream: 0xa8428000, 89 ms
10-16 11:09:28.042 I/AliFrameWork( 1090): [14971717] [GLRender] :drop a frame pts = 5560000 
10-16 11:09:28.043 I/AliFrameWork( 1090): [14971717] [GLRender] :drop a frame pts = 5600000 
10-16 11:09:28.062 I/AliFrameWork( 1090): [14971717] [CurlDataSource] :CURLINFO_RESPONSE_CODE is 200
10-16 11:09:28.078 W/af_mgr_v3(  470): pd result is not ready! statMagicNum(87)
10-16 11:09:28.083 W/MDP     (  470): DpDriver::waitFramedone takes 55ms
10-16 11:09:28.083 W/MDP     (  470): DpIsp: 0xa4ed7700, scenario 9, waitComplete 55 ms, 0, 0, 55, 0
10-16 11:09:28.083 W/MDP     (  470): DpIsp: 0xa4ed7700, scenario 9, dst0 55 ms, 0, 55, 55, 55
10-16 11:09:28.083 W/MDP     (  470): DpIsp: 0xa4ed7700, src 54 ms, 0, 0, 0, 0
10-16 11:09:28.136 W/MDP     (  470): DpDriver::waitFramedone takes 52ms
10-16 11:09:28.136 W/MDP     (  470): DpIsp: 0xa4ed7700, scenario 9, waitComplete 52 ms, 0, 0, 52, 0
10-16 11:09:28.136 W/MDP     (  470): DpIsp: 0xa4ed7700, scenario 9, dst0 52 ms, 0, 52, 52, 52
10-16 11:09:28.136 W/MDP     (  470): DpIsp: 0xa4ed7700, src 52 ms, 0, 0, 0, 0
10-16 11:09:28.139 W/MDP     ( 2533): DpDriver::waitFramedone takes 75ms
10-16 11:09:28.139 W/MDP     ( 2533): DpAsyncBlitStream: 0xa8428000, 75 ms
10-16 11:09:28.146 W/af_mgr_v3(  470): pd result is not ready! statMagicNum(88)
10-16 11:09:28.160 I/AliFrameWork( 1090): [14971717] [GLRender] :drop a frame pts = 5680000 
10-16 11:09:28.161 I/AliFrameWork( 1090): [14971717] [HLSStream] :file have 2 streams
10-16 11:09:28.161 I/AliFrameWork( 1090): [14971717] [] :DAR 1280:720
10-16 11:09:28.161 W/AliFrameWork( 1090): [14971717] [HLSStream] :open stream  index is 0
10-16 11:09:28.161 W/AliFrameWork( 1090): [14971717] [HLSStream] :open stream  index is 1
10-16 11:09:28.161 I/AliFrameWork( 1090): [14971717] [HLSStream] :file have 2 streams
10-16 11:09:28.161 I/AliFrameWork( 1090): [14971717] [] :DAR 1280:720
10-16 11:09:28.164 I/AliFrameWork( 1090): [14971717] [NativeBase] :AliyunCorePlayer callback --> CurrentDownloadSpeed() 3106196
10-16 11:09:28.165 I/AliFrameWork( 1090): [14971717] [NativeBase] :java_GetDuration() = 79000
10-16 11:09:28.169 I/NetworkStatsRecorder(  628): recordSnapshotLocked: ident[[{type=WIFI, subType=COMBINED, networkId="HUAWEI Mate 30 5G", metered=true, defaultNetwork=true}]]
10-16 11:09:28.170 W/NetworkStatsRecorder(  628): unknown interfaces [lo], ignoring those stats
10-16 11:09:28.170 I/NetworkStatsRecorder(  628): recordSnapshotLocked: ident[[{type=WIFI, subType=COMBINED, networkId="HUAWEI Mate 30 5G", metered=true, defaultNetwork=true}]]
10-16 11:09:28.170 W/NetworkStatsRecorder(  628): unknown interfaces [lo], ignoring those stats
10-16 11:09:28.170 I/NetworkStatsRecorder(  628): recordSnapshotLocked: ident[[{type=WIFI, subType=COMBINED, networkId="HUAWEI Mate 30 5G", metered=true, defaultNetwork=true}]]
10-16 11:09:28.170 I/chatty  (  628): uid=1000(system) NetworkStats identical 1 line
10-16 11:09:28.170 I/NetworkStatsRecorder(  628): recordSnapshotLocked: ident[[{type=WIFI, subType=COMBINED, networkId="HUAWEI Mate 30 5G", metered=true, defaultNetwork=true}]]
10-16 11:09:28.170 W/NetworkStatsRecorder(  628): unknown interfaces [lo], ignoring those stats
10-16 11:09:28.170 W/NetworkStatsRecorder(  628): unknown interfaces [lo], ignoring those stats
10-16 11:09:28.190 W/AliFrameWork( 1090): [14971717] [avFormatDemuxer] :pkt pts error
10-16 11:09:28.190 W/AliFrameWork( 1090): [14971717] [avFormatDemuxer] :pkt dts error
10-16 11:09:28.190 W/AliFrameWork( 1090): [14971717] [avFormatDemuxer] :pkt pts error
10-16 11:09:28.190 W/AliFrameWork( 1090): [14971717] [avFormatDemuxer] :pkt dts error
10-16 11:09:28.190 W/AliFrameWork( 1090): [14971717] [avFormatDemuxer] :pkt pts error
10-16 11:09:28.190 W/AliFrameWork( 1090): [14971717] [avFormatDemuxer] :pkt dts error
10-16 11:09:28.191 W/AliFrameWork( 1090): [14971717] [avFormatDemuxer] :pkt pts error
10-16 11:09:28.191 W/AliFrameWork( 1090): [14971717] [avFormatDemuxer] :pkt dts error
10-16 11:09:28.191 W/AliFrameWork( 1090): [14971717] [avFormatDemuxer] :pkt pts error
10-16 11:09:28.191 W/AliFrameWork( 1090): [14971717] [avFormatDemuxer] :pkt dts error
10-16 11:09:28.191 W/AliFrameWork( 1090): [14971717] [avFormatDemuxer] :pkt pts error
10-16 11:09:28.191 W/AliFrameWork( 1090): [14971717] [avFormatDemuxer] :pkt dts error
10-16 11:09:28.192 W/AliFrameWork( 1090): [14971717] [avFormatDemuxer] :pkt pts error
10-16 11:09:28.192 W/MDP     (  470): DpDriver::waitFramedone takes 55ms
10-16 11:09:28.192 W/MDP     (  470): DpIsp: 0xa4ed7700, scenario 9, waitComplete 55 ms, 0, 0, 55, 0
10-16 11:09:28.192 W/AliFrameWork( 1090): [14971717] [avFormatDemuxer] :pkt dts error
10-16 11:09:28.192 W/MDP     (  470): DpIsp: 0xa4ed7700, scenario 9, dst0 55 ms, 0, 55, 55, 55
10-16 11:09:28.192 W/MDP     (  470): DpIsp: 0xa4ed7700, src 54 ms, 0, 0, 0, 0
10-16 11:09:28.213 W/af_mgr_v3(  470): pd result is not ready! statMagicNum(89)
10-16 11:09:28.245 W/MDP     (  470): DpDriver::waitFramedone takes 52ms
10-16 11:09:28.245 W/MDP     (  470): DpIsp: 0xa4ed7700, scenario 9, waitComplete 52 ms, 0, 0, 52, 0
10-16 11:09:28.245 W/MDP     (  470): DpIsp: 0xa4ed7700, scenario 9, dst0 52 ms, 0, 52, 52, 52
10-16 11:09:28.245 W/MDP     (  470): DpIsp: 0xa4ed7700, src 52 ms, 0, 0, 0, 0
10-16 11:09:28.248 W/MDP     ( 2533): DpDriver::waitFramedone takes 72ms
10-16 11:09:28.248 W/MDP     ( 2533): DpAsyncBlitStream: 0xa8428000, 73 ms
10-16 11:09:28.259 I/AliFrameWork( 1090): [14971717] [GLRender] :drop a frame pts = 5760000 
10-16 11:09:28.260 I/AliFrameWork( 1090): [14971717] [GLRender] :drop a frame pts = 5800000 
10-16 11:09:28.281 W/af_mgr_v3(  470): pd result is not ready! statMagicNum(91)
10-16 11:09:28.300 W/MDP     (  470): DpDriver::waitFramedone takes 55ms
10-16 11:09:28.301 W/MDP     (  470): DpIsp: 0xa4ed7700, scenario 9, waitComplete 55 ms, 0, 0, 55, 0
10-16 11:09:28.301 W/MDP     (  470): DpIsp: 0xa4ed7700, scenario 9, dst0 55 ms, 0, 55, 55, 55
10-16 11:09:28.301 W/MDP     (  470): DpIsp: 0xa4ed7700, src 55 ms, 0, 0, 0, 0
10-16 11:09:28.348 W/af_mgr_v3(  470): pd result is not ready! statMagicNum(92)
10-16 11:09:28.353 W/MDP     (  470): DpDriver::waitFramedone takes 52ms
10-16 11:09:28.353 W/MDP     (  470): DpIsp: 0xa4ed7700, scenario 9, waitComplete 52 ms, 0, 0, 52, 0
10-16 11:09:28.353 W/MDP     (  470): DpIsp: 0xa4ed7700, scenario 9, dst0 52 ms, 0, 52, 52, 52
10-16 11:09:28.354 W/MDP     (  470): DpIsp: 0xa4ed7700, src 52 ms, 0, 0, 0, 0
10-16 11:09:28.357 W/MDP     ( 2533): DpDriver::waitFramedone takes 82ms
10-16 11:09:28.357 W/MDP     ( 2533): DpAsyncBlitStream: 0xa8428000, 83 ms
10-16 11:09:28.372 I/libPowerHal(  303): gameNotifyDisplayType - type:1
10-16 11:09:28.373 I/BufferQueueProducer(  313): [com.tal.genie.voice/com.tal.explain.ui.VideoExplainActivity#0](this:0xa354e000,id:10,api:1,p:1090,c:313) queueBuffer: fps=11.08 dur=1083.25 max=128.65 min=14.52
10-16 11:09:28.376 I/AliFrameWork( 1090): [14971717] [GLRender] :drop a frame pts = 5880000 
10-16 11:09:28.376 I/AliFrameWork( 1090): [14971717] [GLRender] :drop a frame pts = 5920000 
10-16 11:09:28.388 I/SurfaceFlinger(  313): [Built-in Screen (type:0)] fps:11.037248,dur:1087.23,max:144.32,min:17.52
10-16 11:09:28.409 W/MDP     (  470): DpDriver::waitFramedone takes 55ms
10-16 11:09:28.409 W/MDP     (  470): DpIsp: 0xa4ed7700, scenario 9, waitComplete 55 ms, 0, 0, 55, 0
10-16 11:09:28.409 W/MDP     (  470): DpIsp: 0xa4ed7700, scenario 9, dst0 55 ms, 0, 55, 55, 55
10-16 11:09:28.409 W/MDP     (  470): DpIsp: 0xa4ed7700, src 52 ms, 0, 0, 0, 0
10-16 11:09:28.416 W/af_mgr_v3(  470): pd result is not ready! statMagicNum(93)
10-16 11:09:28.462 W/MDP     (  470): DpDriver::waitFramedone takes 52ms
10-16 11:09:28.462 W/MDP     (  470): DpIsp: 0xa4ed7700, scenario 9, waitComplete 52 ms, 0, 0, 52, 0
10-16 11:09:28.462 W/MDP     (  470): DpIsp: 0xa4ed7700, scenario 9, dst0 52 ms, 0, 52, 52, 52
10-16 11:09:28.462 W/MDP     (  470): DpIsp: 0xa4ed7700, src 52 ms, 0, 0, 0, 0
10-16 11:09:28.465 W/MDP     ( 2533): DpDriver::waitFramedone takes 67ms
10-16 11:09:28.465 W/MDP     ( 2533): DpAsyncBlitStream: 0xa8428000, 67 ms
10-16 11:09:28.476 I/AliFrameWork( 1090): [14971717] [GLRender] :drop a frame pts = 6000000 
10-16 11:09:28.477 I/AliFrameWork( 1090): [14971717] [GLRender] :drop a frame pts = 6040000 
10-16 11:09:28.479 I/BufferQueueProducer( 1090): [SurfaceTexture-1-1090-1](this:0x61c7c000,id:3,api:3,p:1090,c:1090) queueBuffer: fps=9.23 dur=1083.79 max=120.04 min=97.13
10-16 11:09:28.483 W/af_mgr_v3(  470): pd result is not ready! statMagicNum(94)
10-16 11:09:28.518 W/MDP     (  470): DpDriver::waitFramedone takes 55ms
10-16 11:09:28.518 W/MDP     (  470): DpIsp: 0xa4ed7700, scenario 9, waitComplete 55 ms, 0, 0, 55, 0
10-16 11:09:28.518 W/MDP     (  470): DpIsp: 0xa4ed7700, scenario 9, dst0 55 ms, 0, 55, 55, 55
10-16 11:09:28.519 W/MDP     (  470): DpIsp: 0xa4ed7700, src 55 ms, 0, 0, 0, 0
10-16 11:09:28.552 W/af_mgr_v3(  470): pd result is not ready! statMagicNum(96)
10-16 11:09:28.571 W/MDP     (  470): DpDriver::waitFramedone takes 52ms
10-16 11:09:28.571 W/MDP     (  470): DpIsp: 0xa4ed7700, scenario 9, waitComplete 52 ms, 0, 0, 52, 0
10-16 11:09:28.571 W/MDP     (  470): DpIsp: 0xa4ed7700, scenario 9, dst0 52 ms, 0, 52, 52, 52
10-16 11:09:28.572 W/MDP     (  470): DpIsp: 0xa4ed7700, src 52 ms, 0, 0, 0, 0
10-16 11:09:28.574 W/MDP     ( 2533): DpDriver::waitFramedone takes 83ms
10-16 11:09:28.575 W/MDP     ( 2533): DpAsyncBlitStream: 0xa8428000, 83 ms
10-16 11:09:28.592 I/AliFrameWork( 1090): [14971717] [GLRender] :drop a frame pts = 6120000 
10-16 11:09:28.593 I/AliFrameWork( 1090): [14971717] [GLRender] :drop a frame pts = 6160000 
10-16 11:09:28.619 W/af_mgr_v3(  470): pd result is not ready! statMagicNum(97)
10-16 11:09:28.627 W/MDP     (  470): DpDriver::waitFramedone takes 55ms
10-16 11:09:28.627 W/MDP     (  470): DpIsp: 0xa4ed7700, scenario 9, waitComplete 55 ms, 0, 0, 55, 0
10-16 11:09:28.627 W/MDP     (  470): DpIsp: 0xa4ed7700, scenario 9, dst0 55 ms, 0, 55, 55, 55
10-16 11:09:28.627 W/MDP     (  470): DpIsp: 0xa4ed7700, src 55 ms, 0, 0, 0, 0
10-16 11:09:28.674 I/AliFrameWork( 1090): [14971717] [NativeBase] :java_GetDuration() = 79000
10-16 11:09:28.680 W/MDP     (  470): DpDriver::waitFramedone takes 52ms
10-16 11:09:28.680 W/MDP     (  470): DpIsp: 0xa4ed7700, scenario 9, waitComplete 52 ms, 0, 0, 52, 0
10-16 11:09:28.680 W/MDP     (  470): DpIsp: 0xa4ed7700, scenario 9, dst0 52 ms, 0, 52, 52, 52
10-16 11:09:28.680 W/MDP     (  470): DpIsp: 0xa4ed7700, src 52 ms, 0, 0, 0, 0
10-16 11:09:28.683 W/MDP     ( 2533): DpDriver::waitFramedone takes 76ms
10-16 11:09:28.684 W/MDP     ( 2533): DpAsyncBlitStream: 0xa8428000, 76 ms
10-16 11:09:28.686 W/af_mgr_v3(  470): pd result is not ready! statMagicNum(98)
10-16 11:09:28.709 I/AliFrameWork( 1090): [14971717] [GLRender] :drop a frame pts = 6240000 
10-16 11:09:28.737 W/MDP     (  470): DpDriver::waitFramedone takes 55ms
10-16 11:09:28.737 W/MDP     (  470): DpIsp: 0xa4ed7700, scenario 9, waitComplete 55 ms, 0, 0, 55, 0
10-16 11:09:28.737 W/MDP     (  470): DpIsp: 0xa4ed7700, scenario 9, dst0 55 ms, 0, 55, 55, 55
10-16 11:09:28.737 W/MDP     (  470): DpIsp: 0xa4ed7700, src 55 ms, 0, 0, 0, 0
10-16 11:09:28.754 W/af_mgr_v3(  470): pd result is not ready! statMagicNum(99)
10-16 11:09:28.790 W/MDP     (  470): DpDriver::waitFramedone takes 52ms
10-16 11:09:28.790 W/MDP     (  470): DpIsp: 0xa4ed7700, scenario 9, waitComplete 52 ms, 0, 0, 52, 0
10-16 11:09:28.790 W/MDP     (  470): DpIsp: 0xa4ed7700, scenario 9, dst0 52 ms, 0, 52, 52, 52
10-16 11:09:28.790 W/MDP     (  470): DpIsp: 0xa4ed7700, src 52 ms, 0, 0, 0, 0
10-16 11:09:28.794 W/MDP     ( 2533): DpDriver::waitFramedone takes 71ms
10-16 11:09:28.795 W/MDP     ( 2533): DpAsyncBlitStream: 0xa8428000, 71 ms
10-16 11:09:28.800 I/BufferQueueProducer( 1090): [SurfaceTexture-0-1090-0](this:0x63e6c000,id:2,api:1,p:1090,c:1090) queueBuffer: fps=9.20 dur=1087.39 max=114.06 min=103.50
10-16 11:09:28.822 W/af_mgr_v3(  470): pd result is not ready! statMagicNum(101)
10-16 11:09:28.831 I/AliFrameWork( 1090): [14971717] [GLRender] :drop a frame pts = 6320000 
10-16 11:09:28.837 I/AliFrameWork( 1090): [14971717] [GLRender] :drop a frame pts = 6360000 
10-16 11:09:28.843 E/WifiVendorHal(  628): getWifiLinkLayerStats(l.937) failed {.code = ERROR_NOT_SUPPORTED, .description = }
10-16 11:09:28.845 W/MDP     (  470): DpDriver::waitFramedone takes 54ms
10-16 11:09:28.845 W/MDP     (  470): DpIsp: 0xa4ed7700, scenario 9, waitComplete 55 ms, 0, 0, 55, 0
10-16 11:09:28.845 W/MDP     (  470): DpIsp: 0xa4ed7700, scenario 9, dst0 55 ms, 0, 55, 55, 55
10-16 11:09:28.845 W/MDP     (  470): DpIsp: 0xa4ed7700, src 54 ms, 0, 0, 0, 0
10-16 11:09:28.889 W/af_mgr_v3(  470): pd result is not ready! statMagicNum(102)
10-16 11:09:28.898 W/MDP     (  470): DpDriver::waitFramedone takes 52ms
10-16 11:09:28.898 W/MDP     (  470): DpIsp: 0xa4ed7700, scenario 9, waitComplete 52 ms, 0, 0, 52, 0
10-16 11:09:28.898 W/MDP     (  470): DpIsp: 0xa4ed7700, scenario 9, dst0 52 ms, 0, 52, 52, 52
10-16 11:09:28.899 W/MDP     (  470): DpIsp: 0xa4ed7700, src 53 ms, 0, 0, 0, 0
10-16 11:09:28.903 W/MDP     ( 2533): DpDriver::waitFramedone takes 56ms
10-16 11:09:28.903 W/MDP     ( 2533): DpAsyncBlitStream: 0xa8428000, 56 ms
10-16 11:09:28.905 I/BufferQueueProducer( 1090): [ImageReader-2560x1920f23m2-1090-1](this:0x7e3c5000,id:1,api:4,p:451,c:1090) queueBuffer: fps=18.34 dur=1035.73 max=60.10 min=47.74
10-16 11:09:28.909 I/AliFrameWork( 1090): [14971717] [GLRender] :drop a frame pts = 6440000 
10-16 11:09:28.954 W/MDP     (  470): DpDriver::waitFramedone takes 54ms
10-16 11:09:28.954 W/MDP     (  470): DpIsp: 0xa4ed7700, scenario 9, waitComplete 54 ms, 0, 0, 54, 0
10-16 11:09:28.954 W/MDP     (  470): DpIsp: 0xa4ed7700, scenario 9, dst0 54 ms, 0, 54, 54, 54
10-16 11:09:28.954 W/MDP     (  470): DpIsp: 0xa4ed7700, src 53 ms, 0, 0, 0, 0
10-16 11:09:28.956 W/af_mgr_v3(  470): pd result is not ready! statMagicNum(103)
10-16 11:09:29.007 W/MDP     (  470): DpDriver::waitFramedone takes 52ms
10-16 11:09:29.007 W/MDP     (  470): DpIsp: 0xa4ed7700, scenario 9, waitComplete 52 ms, 0, 0, 52, 0
10-16 11:09:29.007 W/MDP     (  470): DpIsp: 0xa4ed7700, scenario 9, dst0 52 ms, 0, 52, 52, 52
10-16 11:09:29.007 W/MDP     (  470): DpIsp: 0xa4ed7700, src 52 ms, 0, 0, 0, 0
10-16 11:09:29.010 W/MDP     ( 2533): DpDriver::waitFramedone takes 87ms
10-16 11:09:29.010 W/MDP     ( 2533): DpAsyncBlitStream: 0xa8428000, 87 ms
10-16 11:09:29.024 W/af_mgr_v3(  470): pd result is not ready! statMagicNum(104)
10-16 11:09:29.026 I/AliFrameWork( 1090): [14971717] [GLRender] :drop a frame pts = 6520000 
10-16 11:09:29.027 I/AliFrameWork( 1090): [14971717] [GLRender] :drop a frame pts = 6560000 
10-16 11:09:29.064 W/MDP     (  470): DpDriver::waitFramedone takes 56ms
10-16 11:09:29.064 W/MDP     (  470): DpIsp: 0xa4ed7700, scenario 9, waitComplete 56 ms, 0, 0, 56, 0
10-16 11:09:29.064 W/MDP     (  470): DpIsp: 0xa4ed7700, scenario 9, dst0 56 ms, 0, 56, 56, 56
10-16 11:09:29.064 W/MDP     (  470): DpIsp: 0xa4ed7700, src 56 ms, 0, 0, 0, 0
10-16 11:09:29.092 W/af_mgr_v3(  470): pd result is not ready! statMagicNum(106)
10-16 11:09:29.116 W/MDP     (  470): DpDriver::waitFramedone takes 51ms
10-16 11:09:29.116 W/MDP     (  470): DpIsp: 0xa4ed7700, scenario 9, waitComplete 52 ms, 0, 0, 52, 0
10-16 11:09:29.116 W/MDP     (  470): DpIsp: 0xa4ed7700, scenario 9, dst0 52 ms, 0, 52, 52, 52
10-16 11:09:29.116 W/MDP     (  470): DpIsp: 0xa4ed7700, src 51 ms, 0, 0, 0, 0
10-16 11:09:29.119 W/MDP     ( 2533): DpDriver::waitFramedone takes 74ms
10-16 11:09:29.119 W/MDP     ( 2533): DpAsyncBlitStream: 0xa8428000, 74 ms
10-16 11:09:29.126 I/AliFrameWork( 1090): [14971717] [GLRender] :drop a frame pts = 6640000 
10-16 11:09:29.126 I/AliFrameWork( 1090): [14971717] [GLRender] :drop a frame pts = 6680000 
10-16 11:09:29.159 W/af_mgr_v3(  470): pd result is not ready! statMagicNum(107)
10-16 11:09:29.172 W/MDP     (  470): DpDriver::waitFramedone takes 55ms
10-16 11:09:29.172 W/MDP     (  470): DpIsp: 0xa4ed7700, scenario 9, waitComplete 55 ms, 0, 0, 55, 0
10-16 11:09:29.172 W/MDP     (  470): DpIsp: 0xa4ed7700, scenario 9, dst0 55 ms, 0, 55, 55, 55
10-16 11:09:29.172 W/MDP     (  470): DpIsp: 0xa4ed7700, src 55 ms, 0, 0, 0, 0
10-16 11:09:29.192 I/AliFrameWork( 1090): [14971717] [NativeBase] :AliyunCorePlayer callback --> CurrentDownloadSpeed() 4147479
10-16 11:09:29.192 I/AliFrameWork( 1090): [14971717] [NativeBase] :java_GetDuration() = 79000
10-16 11:09:29.225 W/MDP     (  470): DpDriver::waitFramedone takes 52ms
10-16 11:09:29.225 W/MDP     (  470): DpIsp: 0xa4ed7700, scenario 9, waitComplete 52 ms, 0, 0, 52, 0
10-16 11:09:29.225 W/MDP     (  470): DpIsp: 0xa4ed7700, scenario 9, dst0 52 ms, 0, 52, 52, 52
10-16 11:09:29.225 W/MDP     (  470): DpIsp: 0xa4ed7700, src 52 ms, 0, 0, 0, 0
10-16 11:09:29.227 W/af_mgr_v3(  470): pd result is not ready! statMagicNum(108)
10-16 11:09:29.228 W/MDP     ( 2533): DpDriver::waitFramedone takes 87ms
10-16 11:09:29.228 W/MDP     ( 2533): DpAsyncBlitStream: 0xa8428000, 87 ms
10-16 11:09:29.242 I/AliFrameWork( 1090): [14971717] [GLRender] :drop a frame pts = 6760000 
10-16 11:09:29.281 W/MDP     (  470): DpDriver::waitFramedone takes 55ms
10-16 11:09:29.281 W/MDP     (  470): DpIsp: 0xa4ed7700, scenario 9, waitComplete 55 ms, 0, 0, 55, 0
10-16 11:09:29.281 W/MDP     (  470): DpIsp: 0xa4ed7700, scenario 9, dst0 55 ms, 0, 55, 55, 55
10-16 11:09:29.281 W/MDP     (  470): DpIsp: 0xa4ed7700, src 55 ms, 0, 0, 0, 0
10-16 11:09:29.294 W/af_mgr_v3(  470): pd result is not ready! statMagicNum(109)
10-16 11:09:29.303 I/AliFrameWork( 1090): [14971717] [CurlDataSource] :CURLINFO_RESPONSE_CODE is 200
10-16 11:09:29.334 W/MDP     (  470): DpDriver::waitFramedone takes 48ms
10-16 11:09:29.334 W/MDP     (  470): DpIsp: 0xa4ed7700, scenario 9, waitComplete 49 ms, 0, 0, 49, 0
10-16 11:09:29.334 W/MDP     (  470): DpIsp: 0xa4ed7700, scenario 9, dst0 49 ms, 0, 49, 49, 49
10-16 11:09:29.336 W/MDP     (  470): DpIsp: 0xa4ed7700, src 53 ms, 0, 0, 0, 1
10-16 11:09:29.337 W/MDP     ( 2533): DpDriver::waitFramedone takes 73ms
10-16 11:09:29.337 W/MDP     ( 2533): DpAsyncBlitStream: 0xa8428000, 73 ms
10-16 11:09:29.342 I/AliFrameWork( 1090): [14971717] [GLRender] :drop a frame pts = 6840000 
10-16 11:09:29.344 I/AliFrameWork( 1090): [14971717] [GLRender] :drop a frame pts = 6880000 
10-16 11:09:29.362 W/af_mgr_v3(  470): pd result is not ready! statMagicNum(111)
10-16 11:09:29.382 I/BufferQueueProducer(  313): [com.tal.genie.voice/com.tal.explain.ui.VideoExplainActivity#0](this:0xa354e000,id:10,api:1,p:1090,c:313) queueBuffer: fps=13.88 dur=1008.54 max=144.93 min=4.96
10-16 11:09:29.390 W/MDP     (  470): DpDriver::waitFramedone takes 53ms
10-16 11:09:29.390 W/MDP     (  470): DpIsp: 0xa4ed7700, scenario 9, waitComplete 53 ms, 0, 0, 53, 0
10-16 11:09:29.390 W/MDP     (  470): DpIsp: 0xa4ed7700, scenario 9, dst0 53 ms, 0, 53, 53, 53
10-16 11:09:29.390 W/MDP     (  470): DpIsp: 0xa4ed7700, src 53 ms, 0, 0, 0, 0
10-16 11:09:29.404 I/SurfaceFlinger(  313): [Built-in Screen (type:0)] fps:13.784807,dur:1015.61,max:144.98,min:3.27
10-16 11:09:29.429 W/af_mgr_v3(  470): pd result is not ready! statMagicNum(112)
10-16 11:09:29.442 W/MDP     (  470): DpDriver::waitFramedone takes 52ms
10-16 11:09:29.442 W/MDP     (  470): DpIsp: 0xa4ed7700, scenario 9, waitComplete 52 ms, 0, 0, 52, 0
10-16 11:09:29.442 W/MDP     (  470): DpIsp: 0xa4ed7700, scenario 9, dst0 52 ms, 0, 52, 52, 52
10-16 11:09:29.443 W/MDP     (  470): DpIsp: 0xa4ed7700, src 52 ms, 0, 0, 0, 0
10-16 11:09:29.445 W/MDP     ( 2533): DpDriver::waitFramedone takes 88ms
10-16 11:09:29.445 W/MDP     ( 2533): DpAsyncBlitStream: 0xa8428000, 88 ms
10-16 11:09:29.457 I/AliFrameWork( 1090): [14971717] [HLSStream] :file have 2 streams
10-16 11:09:29.458 I/AliFrameWork( 1090): [14971717] [] :DAR 1280:720
10-16 11:09:29.458 W/AliFrameWork( 1090): [14971717] [HLSStream] :open stream  index is 0
10-16 11:09:29.458 W/AliFrameWork( 1090): [14971717] [HLSStream] :open stream  index is 1
10-16 11:09:29.458 I/AliFrameWork( 1090): [14971717] [HLSStream] :file have 2 streams
10-16 11:09:29.458 I/AliFrameWork( 1090): [14971717] [] :DAR 1280:720
10-16 11:09:29.460 I/AliFrameWork( 1090): [14971717] [GLRender] :drop a frame pts = 6960000 
10-16 11:09:29.460 I/AliFrameWork( 1090): [14971717] [GLRender] :drop a frame pts = 7000000 
10-16 11:09:29.495 W/AliFrameWork( 1090): [14971717] [avFormatDemuxer] :pkt pts error
10-16 11:09:29.495 W/AliFrameWork( 1090): [14971717] [avFormatDemuxer] :pkt dts error
10-16 11:09:29.496 W/AliFrameWork( 1090): [14971717] [avFormatDemuxer] :pkt pts error
10-16 11:09:29.496 W/AliFrameWork( 1090): [14971717] [avFormatDemuxer] :pkt dts error
10-16 11:09:29.496 W/AliFrameWork( 1090): [14971717] [avFormatDemuxer] :pkt pts error
10-16 11:09:29.496 W/AliFrameWork( 1090): [14971717] [avFormatDemuxer] :pkt dts error
10-16 11:09:29.496 W/AliFrameWork( 1090): [14971717] [avFormatDemuxer] :pkt pts error
10-16 11:09:29.497 W/AliFrameWork( 1090): [14971717] [avFormatDemuxer] :pkt dts error
10-16 11:09:29.497 W/AliFrameWork( 1090): [14971717] [avFormatDemuxer] :pkt pts error
10-16 11:09:29.497 W/AliFrameWork( 1090): [14971717] [avFormatDemuxer] :pkt dts error
10-16 11:09:29.497 W/AliFrameWork( 1090): [14971717] [avFormatDemuxer] :pkt pts error
10-16 11:09:29.497 W/AliFrameWork( 1090): [14971717] [avFormatDemuxer] :pkt dts error
10-16 11:09:29.497 W/af_mgr_v3(  470): pd result is not ready! statMagicNum(113)
10-16 11:09:29.498 W/MDP     (  470): DpDriver::waitFramedone takes 55ms
10-16 11:09:29.498 W/MDP     (  470): DpIsp: 0xa4ed7700, scenario 9, waitComplete 55 ms, 0, 0, 55, 0
10-16 11:09:29.498 W/MDP     (  470): DpIsp: 0xa4ed7700, scenario 9, dst0 55 ms, 0, 55, 55, 55
10-16 11:09:29.498 W/MDP     (  470): DpIsp: 0xa4ed7700, src 55 ms, 0, 0, 0, 0
10-16 11:09:29.552 W/MDP     (  470): DpDriver::waitFramedone takes 52ms
10-16 11:09:29.552 W/MDP     (  470): DpIsp: 0xa4ed7700, scenario 9, waitComplete 52 ms, 0, 0, 52, 0
10-16 11:09:29.552 W/MDP     (  470): DpIsp: 0xa4ed7700, scenario 9, dst0 53 ms, 0, 52, 52, 53
10-16 11:09:29.552 W/MDP     (  470): DpIsp: 0xa4ed7700, src 52 ms, 0, 0, 0, 0
10-16 11:09:29.554 W/MDP     ( 2533): DpDriver::waitFramedone takes 79ms
10-16 11:09:29.554 W/MDP     ( 2533): DpAsyncBlitStream: 0xa8428000, 80 ms
10-16 11:09:29.559 I/AliFrameWork( 1090): [14971717] [GLRender] :drop a frame pts = 7080000 
10-16 11:09:29.559 I/AliFrameWork( 1090): [14971717] [GLRender] :drop a frame pts = 7120000 
10-16 11:09:29.560 I/BufferQueueProducer( 1090): [SurfaceTexture-1-1090-1](this:0x61c7c000,id:3,api:3,p:1090,c:1090) queueBuffer: fps=9.25 dur=1081.24 max=128.24 min=71.88
10-16 11:09:29.564 W/af_mgr_v3(  470): pd result is not ready! statMagicNum(114)
10-16 11:09:29.607 W/MDP     (  470): DpDriver::waitFramedone takes 55ms
10-16 11:09:29.607 W/MDP     (  470): DpIsp: 0xa4ed7700, scenario 9, waitComplete 55 ms, 0, 0, 55, 0
10-16 11:09:29.607 W/MDP     (  470): DpIsp: 0xa4ed7700, scenario 9, dst0 55 ms, 0, 55, 55, 55
10-16 11:09:29.607 W/MDP     (  470): DpIsp: 0xa4ed7700, src 54 ms, 0, 0, 0, 0
10-16 11:09:29.632 W/af_mgr_v3(  470): pd result is not ready! statMagicNum(116)
10-16 11:09:29.660 W/MDP     (  470): DpDriver::waitFramedone takes 52ms
10-16 11:09:29.660 W/MDP     (  470): DpIsp: 0xa4ed7700, scenario 9, waitComplete 52 ms, 0, 0, 52, 0
10-16 11:09:29.660 W/MDP     (  470): DpIsp: 0xa4ed7700, scenario 9, dst0 52 ms, 0, 52, 52, 52
10-16 11:09:29.660 W/MDP     (  470): DpIsp: 0xa4ed7700, src 52 ms, 0, 0, 0, 0
10-16 11:09:29.663 W/MDP     ( 2533): DpDriver::waitFramedone takes 91ms
10-16 11:09:29.663 W/MDP     ( 2533): DpAsyncBlitStream: 0xa8428000, 91 ms
10-16 11:09:29.676 I/AliFrameWork( 1090): [14971717] [GLRender] :drop a frame pts = 7200000 
10-16 11:09:29.676 I/AliFrameWork( 1090): [14971717] [GLRender] :drop a frame pts = 7240000 
10-16 11:09:29.700 W/af_mgr_v3(  470): pd result is not ready! statMagicNum(117)
10-16 11:09:29.707 I/AliFrameWork( 1090): [14971717] [NativeBase] :java_GetDuration() = 79000
10-16 11:09:29.716 W/MDP     (  470): DpDriver::waitFramedone takes 55ms
10-16 11:09:29.716 W/MDP     (  470): DpIsp: 0xa4ed7700, scenario 9, waitComplete 55 ms, 0, 0, 55, 0
10-16 11:09:29.716 W/MDP     (  470): DpIsp: 0xa4ed7700, scenario 9, dst0 55 ms, 0, 55, 55, 55
10-16 11:09:29.716 W/MDP     (  470): DpIsp: 0xa4ed7700, src 55 ms, 0, 0, 0, 0
10-16 11:09:29.767 W/af_mgr_v3(  470): pd result is not ready! statMagicNum(118)
10-16 11:09:29.769 W/MDP     (  470): DpDriver::waitFramedone takes 52ms
10-16 11:09:29.769 W/MDP     (  470): DpIsp: 0xa4ed7700, scenario 9, waitComplete 52 ms, 0, 0, 52, 0
10-16 11:09:29.769 W/MDP     (  470): DpIsp: 0xa4ed7700, scenario 9, dst0 52 ms, 0, 52, 52, 52
10-16 11:09:29.769 W/MDP     (  470): DpIsp: 0xa4ed7700, src 52 ms, 0, 0, 0, 0
10-16 11:09:29.772 W/MDP     ( 2533): DpDriver::waitFramedone takes 88ms
10-16 11:09:29.772 W/MDP     ( 2533): DpAsyncBlitStream: 0xa8428000, 88 ms
10-16 11:09:29.776 I/AliFrameWork( 1090): [14971717] [GLRender] :drop a frame pts = 7320000 
10-16 11:09:29.825 W/MDP     (  470): DpDriver::waitFramedone takes 55ms
10-16 11:09:29.825 W/MDP     (  470): DpIsp: 0xa4ed7700, scenario 9, waitComplete 55 ms, 0, 0, 55, 0
10-16 11:09:29.825 W/MDP     (  470): DpIsp: 0xa4ed7700, scenario 9, dst0 55 ms, 0, 55, 55, 55
10-16 11:09:29.825 W/MDP     (  470): DpIsp: 0xa4ed7700, src 55 ms, 0, 0, 0, 0
10-16 11:09:29.835 W/af_mgr_v3(  470): pd result is not ready! statMagicNum(119)
10-16 11:09:29.878 W/MDP     (  470): DpDriver::waitFramedone takes 52ms
10-16 11:09:29.878 W/MDP     (  470): DpIsp: 0xa4ed7700, scenario 9, waitComplete 52 ms, 0, 0, 52, 0
10-16 11:09:29.878 W/MDP     (  470): DpIsp: 0xa4ed7700, scenario 9, dst0 52 ms, 0, 52, 52, 52
10-16 11:09:29.878 W/MDP     (  470): DpIsp: 0xa4ed7700, src 52 ms, 0, 0, 0, 0
10-16 11:09:29.881 W/MDP     ( 2533): DpDriver::waitFramedone takes 90ms
10-16 11:09:29.881 W/MDP     ( 2533): DpAsyncBlitStream: 0xa8428000, 90 ms
10-16 11:09:29.884 I/BufferQueueProducer( 1090): [SurfaceTexture-0-1090-0](this:0x63e6c000,id:2,api:1,p:1090,c:1090) queueBuffer: fps=9.23 dur=1084.01 max=112.57 min=105.13
10-16 11:09:29.892 I/AliFrameWork( 1090): [14971717] [GLRender] :drop a frame pts = 7400000 
10-16 11:09:29.894 I/AliFrameWork( 1090): [14971717] [GLRender] :drop a frame pts = 7440000 
10-16 11:09:29.902 W/af_mgr_v3(  470): pd result is not ready! statMagicNum(120)
10-16 11:09:29.935 W/MDP     (  470): DpDriver::waitFramedone takes 56ms
10-16 11:09:29.935 W/MDP     (  470): DpIsp: 0xa4ed7700, scenario 9, waitComplete 56 ms, 0, 0, 56, 0
10-16 11:09:29.935 W/MDP     (  470): DpIsp: 0xa4ed7700, scenario 9, dst0 56 ms, 0, 56, 56, 56
10-16 11:09:29.935 W/MDP     (  470): DpIsp: 0xa4ed7700, src 56 ms, 0, 0, 0, 0
10-16 11:09:29.943 I/BufferQueueProducer( 1090): [ImageReader-2560x1920f23m2-1090-1](this:0x7e3c5000,id:1,api:4,p:451,c:1090) queueBuffer: fps=18.32 dur=1037.17 max=62.70 min=46.66
10-16 11:09:29.970 W/af_mgr_v3(  470): pd result is not ready! statMagicNum(122)
10-16 11:09:29.987 W/MDP     (  470): DpDriver::waitFramedone takes 51ms
10-16 11:09:29.987 W/MDP     (  470): DpIsp: 0xa4ed7700, scenario 9, waitComplete 51 ms, 0, 0, 51, 0
10-16 11:09:29.987 W/MDP     (  470): DpIsp: 0xa4ed7700, scenario 9, dst0 51 ms, 0, 51, 51, 51
10-16 11:09:29.987 W/MDP     (  470): DpIsp: 0xa4ed7700, src 51 ms, 0, 0, 0, 0
10-16 11:09:29.991 W/MDP     ( 2533): DpDriver::waitFramedone takes 79ms
10-16 11:09:29.991 W/MDP     ( 2533): DpAsyncBlitStream: 0xa8428000, 79 ms
10-16 11:09:30.009 I/AliFrameWork( 1090): [14971717] [GLRender] :drop a frame pts = 7520000 
10-16 11:09:30.010 I/AliFrameWork( 1090): [14971717] [GLRender] :drop a frame pts = 7560000 
10-16 11:09:30.038 W/af_mgr_v3(  470): pd result is not ready! statMagicNum(123)
10-16 11:09:30.043 W/MDP     (  470): DpDriver::waitFramedone takes 56ms
10-16 11:09:30.044 W/MDP     (  470): DpIsp: 0xa4ed7700, scenario 9, waitComplete 56 ms, 0, 0, 56, 0
10-16 11:09:30.044 W/MDP     (  470): DpIsp: 0xa4ed7700, scenario 9, dst0 56 ms, 0, 56, 56, 56
10-16 11:09:30.044 W/MDP     (  470): DpIsp: 0xa4ed7700, src 56 ms, 0, 0, 0, 0
10-16 11:09:30.096 W/MDP     (  470): DpDriver::waitFramedone takes 51ms
10-16 11:09:30.096 W/MDP     (  470): DpIsp: 0xa4ed7700, scenario 9, waitComplete 51 ms, 0, 0, 51, 0
10-16 11:09:30.096 W/MDP     (  470): DpIsp: 0xa4ed7700, scenario 9, dst0 51 ms, 0, 51, 51, 51
10-16 11:09:30.096 W/MDP     (  470): DpIsp: 0xa4ed7700, src 51 ms, 0, 0, 0, 0
10-16 11:09:30.099 W/MDP     ( 2533): DpDriver::waitFramedone takes 73ms
10-16 11:09:30.099 W/MDP     ( 2533): DpAsyncBlitStream: 0xa8428000, 73 ms
10-16 11:09:30.105 W/af_mgr_v3(  470): pd result is not ready! statMagicNum(124)
10-16 11:09:30.109 I/AliFrameWork( 1090): [14971717] [GLRender] :drop a frame pts = 7640000 
10-16 11:09:30.152 W/MDP     (  470): DpDriver::waitFramedone takes 54ms
10-16 11:09:30.152 W/MDP     (  470): DpIsp: 0xa4ed7700, scenario 9, waitComplete 55 ms, 0, 0, 55, 0
10-16 11:09:30.152 W/MDP     (  470): DpIsp: 0xa4ed7700, scenario 9, dst0 55 ms, 0, 55, 55, 55
10-16 11:09:30.152 W/MDP     (  470): DpIsp: 0xa4ed7700, src 54 ms, 0, 0, 0, 0
10-16 11:09:30.173 W/af_mgr_v3(  470): pd result is not ready! statMagicNum(125)
10-16 11:09:30.205 W/MDP     (  470): DpDriver::waitFramedone takes 52ms
10-16 11:09:30.205 W/MDP     (  470): DpIsp: 0xa4ed7700, scenario 9, waitComplete 52 ms, 0, 0, 52, 0
10-16 11:09:30.205 W/MDP     (  470): DpIsp: 0xa4ed7700, scenario 9, dst0 52 ms, 0, 52, 52, 52
10-16 11:09:30.205 W/MDP     (  470): DpIsp: 0xa4ed7700, src 52 ms, 0, 0, 0, 0
10-16 11:09:30.208 W/MDP     ( 2533): DpDriver::waitFramedone takes 85ms
10-16 11:09:30.208 W/MDP     ( 2533): DpAsyncBlitStream: 0xa8428000, 85 ms
10-16 11:09:30.226 I/AliFrameWork( 1090): [14971717] [GLRender] :drop a frame pts = 7720000 
10-16 11:09:30.227 I/AliFrameWork( 1090): [14971717] [GLRender] :drop a frame pts = 7760000 
10-16 11:09:30.229 I/AliFrameWork( 1090): [14971717] [NativeBase] :AliyunCorePlayer callback --> CurrentDownloadSpeed() 3363148
10-16 11:09:30.230 I/AliFrameWork( 1090): [14971717] [NativeBase] :java_GetDuration() = 79000
10-16 11:09:30.240 W/af_mgr_v3(  470): pd result is not ready! statMagicNum(127)
10-16 11:09:30.261 W/MDP     (  470): DpDriver::waitFramedone takes 55ms
