10-16 11:09:20.474 W/TaskMgr (  470): [sendEvent] TaskEvent:PreivewEnd
10-16 11:09:20.474 E/pdo_buf_mgr(  470): [dequeueHwBuf] dev(1), data path(5), Deque HW buffer fail : bDequed(0) SttPipe(0x0) CamsvSttPipe(0x0) ionDevFD(288) (dequeueHwBuf){#708:vendor/mediatek/proprietary/hardware/mtkcam/aaa/source/isp_30/buf_mgr/PDOBufMgr.cpp}
10-16 11:09:20.474 W/Task3APv(  470): [destroy] +
10-16 11:09:20.474 W/Task3APv(  470): [destroy] -
10-16 11:09:20.474 W/TaskMgr (  470): [sendEvent] Remove Task(0)
10-16 11:09:20.474 W/aaa_hal_sttCtrl(  470): [stopStt] 
10-16 11:09:20.475 E/StrobeDrvFlashlight(  470): setOnOff(): failed to ioctl. (setOnOff){#452:vendor/mediatek/proprietary/hardware/mtkcam/aaa/source/isp_30/../common/strobe/strobe_drv_flashlight.cpp}
10-16 11:09:20.478 I/BWC     (  470): Profile_Change:[BWCPT_CAMERA_CAPTURE]:OFF,current concurrency is 0x0,DDR=,EMI scenario=BWL_SCN_ICFP OFF
10-16 11:09:20.482 I/MtkCam/Plugin_S_SEMI(  470): [~S_SEMI_Plugin] destroy  S_SEMI plugin
10-16 11:09:20.482 I/MtkCam/Plugin_S_DUAL(  470): [~S_DUAL_Plugin] TPI destroy  S_DUAL plugin
10-16 11:09:20.482 I/MtkCam/TPI_S_Green(  470): [~S_GREEN_Plugin] destroy  S_GREEN plugin
10-16 11:09:20.482 I/MtkCam/TPI_S_FB(  470): [~S_FB_Plugin] destroy  S_FB plugin
10-16 11:09:20.486 W/MtkCam/fdNodeImp(  470): [onDequeRequest] [exitPending] mRequestQueue.size:0
10-16 11:09:20.487 W/mHalFDVT(  470): (2337)[halFDUninit] FD HAL Object is already uninited...
10-16 11:09:20.579 I/hw-BpHwBinder(  470): onLastStrongRef automatically unlinking death recipients
10-16 11:09:20.582 I/CameraProviderManager(  451): Camera device device@3.4/internal/0 torch status is now AVAILABLE_OFF
10-16 11:09:20.582 I/CameraService(  451): onTorchStatusChangedLocked: Torch status changed for cameraId=0, newStatus=1
10-16 11:09:20.582 I/vendor.mediatek.hardware.power@2.0-impl(  303): scnDisable hdl:42
10-16 11:09:20.583 I/vendor.mediatek.hardware.power@2.0-impl(  303): scnDisable hdl:38
10-16 11:09:20.585 I/vendor.mediatek.hardware.power@2.0-impl(  303): scnUnreg hdl:38
10-16 11:09:20.585 I/libPowerHal(  303): perfUserUnregScn - handle:38
10-16 11:09:20.586 I/BufferQueueProducer( 1090): [ImageReader-2560x1920f23m2-1090-0](this:0x7a845000,id:0,api:4,p:451,c:-1) disconnect(P): api 4
10-16 11:09:20.586 I/CameraLatencyHistogram(  451): Stream 0 dequeueBuffer latency histogram (33) samples:
10-16 11:09:20.586 I/CameraLatencyHistogram(  451):         5     10     15     20     25     30     35     40     45    inf (max ms)
10-16 11:09:20.586 I/CameraLatencyHistogram(  451):      60.61   27.27   6.06   0.00   0.00   3.03   0.00   0.00   0.00   3.03 (%)
10-16 11:09:20.586 I/Camera3-Device(  451): disconnect: X
10-16 11:09:20.586 I/Camera3-Device(  451): disconnect: E
10-16 11:09:20.592 I/CameraService(  451): disconnect: Disconnected client for camera 0 for PID 1090
10-16 11:09:20.643 I/TtSy    ( 1090): [ (OssHelper.java:54)#lambda$getOssEntityBean$0 ] getToken: thread:Thread[RxCachedThreadScheduler-2,5,main] type:lamp
10-16 11:09:20.666 I/OSS-Android-SDK( 1090): [INFO]: LogFilePath is: /storage/emulated/0/OSSLog/logs.csv
10-16 11:09:20.715 I/OSS-Android-SDK( 1090): [INFO]: =====[device info]=====
10-16 11:09:20.715 I/OSS-Android-SDK( 1090): [INFO]: android_version：9
10-16 11:09:20.715 I/OSS-Android-SDK( 1090): [INFO]: mobile_model：S10
10-16 11:09:20.715 I/OSS-Android-SDK( 1090): [INFO]: network_state：connected
10-16 11:09:20.715 I/OSS-Android-SDK( 1090): [INFO]: network_type：WIFI 
10-16 11:09:20.716 I/BufferQueueProducer(  313): [com.tal.genie.voice/com.tal.genie.dicbook.cread.FingerSearchActivity#0](this:0xa1d97000,id:9,api:1,p:1090,c:313) queueBuffer: fps=57.56 dur=1007.57 max=31.54 min=6.56
10-16 11:09:20.736 I/System.out( 1090): port:80
10-16 11:09:20.755 I/System.out( 1090): [OkHttp] sendRequest>>
10-16 11:09:20.756 I/System.out( 1090): [OkHttp] sendRequest<<
10-16 11:09:20.768 I/System.out( 1090): port:443
10-16 11:09:20.940 I/SurfaceFlinger(  313): [Built-in Screen (type:0)] fps:57.074581,dur:1016.21,max:18.66,min:16.54
10-16 11:09:21.102 I/test    ( 1079): check code:45 name 0.2.0 10-15 18:26:22
10-16 11:09:21.104 I/com.tal.genie.rtc( 1079): check code:45 name 0.2.0 10-15 18:26:22
10-16 11:09:21.118 I/Rtc-OkHttp( 1079): --> GET http://bugly.liyafeng.com/users/rtc/update
10-16 11:09:21.118 I/Rtc-OkHttp( 1079): timestamp: 1634353761
10-16 11:09:21.118 I/Rtc-OkHttp( 1079): trace-id: 163435376153596
10-16 11:09:21.118 I/Rtc-OkHttp( 1079): nonce: android-0.2.0-eb9868ba-4784-4975-8cc7-338d06178716
10-16 11:09:21.118 I/Rtc-OkHttp( 1079): device-id: 00000000-63eb-35b8-ffff-ffffef05ac4a
10-16 11:09:21.118 I/Rtc-OkHttp( 1079): app-version: 0.2.0
10-16 11:09:21.118 I/Rtc-OkHttp( 1079): app-refer: lamp_stu
10-16 11:09:21.118 I/Rtc-OkHttp( 1079): user-agent: genie_device_user_agent
10-16 11:09:21.118 I/Rtc-OkHttp( 1079): sign: 94cd3b5c3560c564e1d56b9b53b408c5
10-16 11:09:21.118 I/Rtc-OkHttp( 1079): Authorization: Bearer eyJhbGciOiJIUzI1NiIsInR5cCI6IkpXVCJ9.eyJ1c2VyX2lkIjoxMDAwMTcyLCJ1c2VyX3NvdXJjZSI6ImxhbXBfc3R1IiwiYXVkIjoiQWNjZXNzVG9rZW4iLCJleHAiOjE2MzQ5NTcyODYsImlhdCI6MTYzNDM1MjQ4NiwibmJmIjoxNjM0MzUyNDg2LCJzdWIiOiIxMDAwMTcyIn0._2sijz3g5LmMPUO0I_3e5HnrL8_rx88cafJryqoIPMY
10-16 11:09:21.119 I/Rtc-OkHttp( 1079): --> END GET
10-16 11:09:21.144 I/Rtc-OkHttp( 1079): <-- 200 OK http://bugly.liyafeng.com/users/rtc/update (24ms)
10-16 11:09:21.144 I/Rtc-OkHttp( 1079): Server: nginx/1.12.2
10-16 11:09:21.144 I/Rtc-OkHttp( 1079): Date: Sat, 16 Oct 2021 03:09:21 GMT
10-16 11:09:21.144 I/Rtc-OkHttp( 1079): Content-Type: text/html; charset=utf-8
10-16 11:09:21.144 I/Rtc-OkHttp( 1079): Content-Length: 60
10-16 11:09:21.144 I/Rtc-OkHttp( 1079): Connection: keep-alive
10-16 11:09:21.144 I/Rtc-OkHttp( 1079): X-Powered-By: Express
10-16 11:09:21.144 I/Rtc-OkHttp( 1079): ETag: W/"3c-P5+aacLvND30T8bbG25OLg84qJM"
10-16 11:09:21.145 I/Rtc-OkHttp( 1079): 
10-16 11:09:21.145 I/Rtc-OkHttp( 1079): {"gpath":"{\"volume\":100}","gcode":"","gisForce":"isForce"}
10-16 11:09:21.146 I/Rtc-OkHttp( 1079): <-- END HTTP (60-byte body)
10-16 11:09:21.186 E/##############( 1090): url:https://qz-test.oss-cn-beijing.aliyuncs.com/ksb-server/lamp/20211016/0a9173fe-9191-49d8-ac74-5dc7a8aeeb56.jpg
10-16 11:09:21.731 I/BufferQueueProducer(  313): [com.tal.genie.voice/com.tal.genie.dicbook.cread.FingerSearchActivity#0](this:0xa1d97000,id:9,api:1,p:1090,c:313) queueBuffer: fps=57.13 dur=1015.27 max=19.30 min=13.32
10-16 11:09:21.737 I/LonglinkLog( 1090): [ (LonglinkLog.java:40)#i ] Received WS message!! In onMessage text={"mtype":4,"response_type":200,"msg":"success","request_id":"c6887fb0-8896-4ef1-8e19-e0abb2ab7264","api_version":"0.1","asr_content":{"is_partial":false,"result":""},"nlu_content":{"task_type":"","show_content":"","show_nlu":""},"tts_content":{"cur":0},"book_search_content":{"data":{"fullpage_url":"
10-16 11:09:21.848 I/vendor.mediatek.hardware.power@2.0-impl(  303): powerHintAsync hint:8, data:0
10-16 11:09:21.849 I/PowerWrap(  628): PowerHal_Wrap_mtkPowerHint
10-16 11:09:21.850 I/libPowerHal(  303): 16: cpu_ctrl set freq: -1 -1
10-16 11:09:22.169 I/SurfaceFlinger(  313): [Built-in Screen (type:0)] fps:43.134113,dur:1228.73,max:299.97,min:17.22
10-16 11:09:22.250 I/LonglinkLog( 1090): [ (LonglinkLog.java:40)#i ] Received WS message!! In onMessage text={"mtype":4,"response_type":200,"msg":"success","request_id":"c6887fb0-8896-4ef1-8e19-e0abb2ab7264","api_version":"0.1","asr_content":{"is_partial":false,"result":""},"nlu_content":{"task_type":"","show_content":"","show_nlu":""},"tts_content":{"cur":0},"book_search_content":{"data":{"fullpage_url":"
10-16 11:09:22.313 I/System.out( 1090): port:80
10-16 11:09:22.673 I/ActivityManager(  628): START u0 {cmp=com.tal.genie.voice/com.tal.explain.ui.VideoExplainActivity (has extras)} from uid 10022
10-16 11:09:22.675 I/vendor.mediatek.hardware.power@2.0-impl(  303): powerHintAsync hint:8, data:1
10-16 11:09:22.676 I/libPowerHal(  303): 8: cpu_ctrl set freq: 2001000 -1
10-16 11:09:22.678 I/PowerWrap(  628): PowerHal_Wrap_mtkPowerHint
10-16 11:09:22.678 I/PowerWrap(  628): PowerHal_Wrap_mtkPowerHint
10-16 11:09:22.692 I/CameraService(  451): CameraService::connect call (PID -1 "com.tal.genie.voice", camera ID 0) for HAL version default and Camera API version 2
10-16 11:09:22.694 I/Camera2ClientBase(  451): Camera 0: Opened. Client: com.tal.genie.voice (PID 1090, UID 10022)
10-16 11:09:22.695 I/CameraDeviceClient(  451): CameraDeviceClient 0: Opened
10-16 11:09:22.696 I/CameraService(  451): onTorchStatusChangedLocked: Torch status changed for cameraId=0, newStatus=0
10-16 11:09:22.699 I/vendor.mediatek.hardware.power@2.0-impl(  303): scnDisable hdl:41
10-16 11:09:22.699 I/vendor.mediatek.hardware.power@2.0-impl(  303): scnReg hdl:38
10-16 11:09:22.700 I/vendor.mediatek.hardware.power@2.0-impl(  303): scnEnable hdl:38, timeout:1000
10-16 11:09:22.700 I/vendor.mediatek.hardware.power@2.0-impl(  303): scnReg hdl:43
10-16 11:09:22.700 I/libPowerHal(  303): perfUserScnEnable - handle:38
10-16 11:09:22.700 I/vendor.mediatek.hardware.power@2.0-impl(  303): scnEnable hdl:43, timeout:0
10-16 11:09:22.700 I/libPowerHal(  303): perfUserScnEnable - handle:43
10-16 11:09:22.700 I/vendor.mediatek.hardware.power@2.0-impl(  303): scnReg hdl:44
10-16 11:09:22.701 I/vendor.mediatek.hardware.power@2.0-impl(  303): scnEnable hdl:44, timeout:0
10-16 11:09:22.701 I/libPowerHal(  303): perfUserScnEnable - handle:44
10-16 11:09:22.702 I/CameraProviderManager(  451): Camera device device@3.4/internal/0 torch status is now NOT_AVAILABLE
10-16 11:09:22.702 I/CameraService(  451): onTorchStatusChangedLocked: Torch status changed for cameraId=0, newStatus=0
10-16 11:09:22.707 E/StrobeDrvFlashlightFops(  470): openkd(): failed to open device file(/dev/flashlight) error(No such file or directory). (openkd){#77:vendor/mediatek/proprietary/hardware/mtkcam/aaa/source/isp_30/../common/strobe/strobe_drv_flashlight_fops.cpp}
10-16 11:09:22.708 W/0:dev3-cmd(  470): type=1400 audit(0.0:7338): avc: denied { read } for name="u:object_r:default_prop:s0" dev="tmpfs" ino=8090 scontext=u:r:mtk_hal_camera:s0 tcontext=u:object_r:default_prop:s0 tclass=file permissive=0
10-16 11:09:22.708 W/camera-v2-threa( 1090): type=1400 audit(0.0:7339): avc: denied { open } for path="/dev/__properties__/u:object_r:graphics_debug_prop:s0" dev="tmpfs" ino=8121 scontext=u:r:platform_app:s0:c512,c768 tcontext=u:object_r:graphics_debug_prop:s0 tclass=file permissive=0
10-16 11:09:22.708 W/camera-v2-threa( 1090): type=1400 audit(0.0:7340): avc: denied { open } for path="/dev/__properties__/u:object_r:debug_bq_dump_prop:s0" dev="tmpfs" ino=8082 scontext=u:r:platform_app:s0:c512,c768 tcontext=u:object_r:debug_bq_dump_prop:s0 tclass=file permissive=0
10-16 11:09:22.708 W/0:dev3-cmd(  470): type=1400 audit(0.0:7341): avc: denied { read } for name="u:object_r:default_prop:s0" dev="tmpfs" ino=8090 scontext=u:r:mtk_hal_camera:s0 tcontext=u:object_r:default_prop:s0 tclass=file permissive=0
10-16 11:09:22.708 I/BufferQueue( 1090): [unnamed-1090-1](this:0x7e3c5000,id:1,api:0,p:-1,c:-1) BufferQueue core=(1090:com.tal.genie.voice)
10-16 11:09:22.708 E/libc    ( 1090): Access denied finding property "vendor.debug.sf.stc_interval"
10-16 11:09:22.708 E/libc    (  470): Access denied finding property "dump.bpci_tbl.enable"
10-16 11:09:22.709 E/libc    ( 1090): Access denied finding property "vendor.debug.bq.dump"
10-16 11:09:22.709 E/libc    (  470): Access denied finding property "dump.bpci_tbl.enable"
10-16 11:09:22.711 W/camera-v2-threa( 1090): type=1400 audit(0.0:7342): avc: denied { open } for path="/dev/__properties__/u:object_r:debug_bq_dump_prop:s0" dev="tmpfs" ino=8082 scontext=u:r:platform_app:s0:c512,c768 tcontext=u:object_r:debug_bq_dump_prop:s0 tclass=file permissive=0
10-16 11:09:22.711 W/camera-v2-threa( 1090): type=1400 audit(0.0:7343): avc: denied { open } for path="/dev/__properties__/u:object_r:graphics_debug_prop:s0" dev="tmpfs" ino=8121 scontext=u:r:platform_app:s0:c512,c768 tcontext=u:object_r:graphics_debug_prop:s0 tclass=file permissive=0
10-16 11:09:22.711 W/camera-v2-threa( 1090): type=1400 audit(0.0:7344): avc: denied { open } for path="/dev/__properties__/u:object_r:debug_bq_dump_prop:s0" dev="tmpfs" ino=8082 scontext=u:r:platform_app:s0:c512,c768 tcontext=u:object_r:debug_bq_dump_prop:s0 tclass=file permissive=0
10-16 11:09:22.711 W/camera-v2-threa( 1090): type=1400 audit(0.0:7345): avc: denied { open } for path="/dev/__properties__/u:object_r:graphics_debug_prop:s0" dev="tmpfs" ino=8121 scontext=u:r:platform_app:s0:c512,c768 tcontext=u:object_r:graphics_debug_prop:s0 tclass=file permissive=0
10-16 11:09:22.711 I/BufferQueueConsumer( 1090): [unnamed-1090-1](this:0x7e3c5000,id:1,api:0,p:-1,c:1090) connect(C): consumer=(1090:com.tal.genie.voice) controlledByApp=true
10-16 11:09:22.711 E/libc    ( 1090): Access denied finding property "vendor.debug.bq.dump"
10-16 11:09:22.712 I/BufferQueueConsumer( 1090): [unnamed-1090-1](this:0x7e3c5000,id:1,api:0,p:-1,c:1090) setConsumerName: unnamed-1090-1
10-16 11:09:22.712 E/libc    ( 1090): Access denied finding property "vendor.debug.bq.line"
10-16 11:09:22.712 E/libc    ( 1090): Access denied finding property "vendor.debug.bq.dump"
10-16 11:09:22.712 I/BufferQueueConsumer( 1090): [ImageReader-2560x1920f23m2-1090-1](this:0x7e3c5000,id:1,api:0,p:-1,c:1090) setConsumerName: ImageReader-2560x1920f23m2-1090-1
10-16 11:09:22.712 E/libc    ( 1090): Access denied finding property "vendor.debug.bq.line"
10-16 11:09:22.712 I/BufferQueueConsumer( 1090): [ImageReader-2560x1920f23m2-1090-1](this:0x7e3c5000,id:1,api:0,p:-1,c:1090) setDefaultBufferSize: width=2560 height=1920
10-16 11:09:22.722 E/MtkCam/SensorProviderService(  470): (2442)[doEnableSensor] get Default Sensor FAIL! (doEnableSensor){#481:vendor/mediatek/proprietary/hardware/mtkcam/utils/sys/SensorProvider/SensorProviderService.cpp}
10-16 11:09:22.733 I/PowerWrap(  628): PowerHal_Wrap_mtkPowerHint
10-16 11:09:22.733 I/PowerWrap(  628): PowerHal_Wrap_mtkPowerHint
10-16 11:09:22.734 I/Accelerometer(  469): batch: handle:0, flag:0,samplingPeriodNs:20000000 maxBatchReportLatencyNs:0
10-16 11:09:22.734 E/Accelerometer(  469): no batch control attr
10-16 11:09:22.734 E/SensorManager(  469): batch failed 0 0 20000000 0 err = -1
10-16 11:09:22.735 E/SensorService(  628): sensor batch failed 0x9e4074a0 0x00000001 20000000 0 err=Operation not permitted
10-16 11:09:22.738 I/WindowManager(  628): Focus moving from Window{d9c6e0d u0 com.tal.genie.voice/com.tal.genie.dicbook.cread.FingerSearchActivity} to null
10-16 11:09:22.739 I/vendor.mediatek.hardware.power@2.0-impl(  303): notifyAppState pack:com.tal.genie.voice, act:com.tal.explain.ui.VideoExplainActivity, pid:1090, state:1
10-16 11:09:22.745 W/ActivityThread( 1090): handleWindowVisibility: no activity for token android.os.BinderProxy@2661079
10-16 11:09:22.748 I/BufferQueueProducer(  313): [com.tal.genie.voice/com.tal.genie.dicbook.cread.FingerSearchActivity#0](this:0xa1d97000,id:9,api:1,p:1090,c:313) queueBuffer: fps=8.86 dur=1016.27 max=332.11 min=3.01
10-16 11:09:22.795 I/vendor.mediatek.hardware.power@2.0-impl(  303): scnDisable hdl:38
10-16 11:09:22.796 I/vendor.mediatek.hardware.power@2.0-impl(  303): scnReg hdl:45
10-16 11:09:22.796 I/vendor.mediatek.hardware.power@2.0-impl(  303): scnEnable hdl:45, timeout:1000
10-16 11:09:22.796 I/libPowerHal(  303): perfUserScnEnable - handle:45
10-16 11:09:22.796 I/vendor.mediatek.hardware.power@2.0-impl(  303): scnReg hdl:46
10-16 11:09:22.796 I/vendor.mediatek.hardware.power@2.0-impl(  303): scnDisable hdl:43
10-16 11:09:22.797 I/vendor.mediatek.hardware.power@2.0-impl(  303): scnEnable hdl:46, timeout:0
10-16 11:09:22.797 W/mtkcam-AppStreamMgr(  470): [0-ConfigHandler::checkStream] framework stream dataspace:0x08c20000(V0_JFIF|STANDARD_BT601_625|TRANSFER_SMPTE_170M|RANGE_FULL) {.v3_2 = {.id = 0, .streamType = OUTPUT, .width = 2560, .height = 1920, .format = YCBCR_420_888, .usage = CPU_READ_NEVER | CPU_READ_RARELY | CPU_READ_OFTEN | CPU_WRITE_NEVER (0x3), .dataSpace = UNKNOWN | STANDARD_UNSPECIFIED | STANDARD_BT601_625 | TRANSFER_UNSPECIFIED | TRANSFER_LINEAR | TRANSFER_SRGB | TRANSFER_SMPTE_170M | RANGE_UNSPECIFIED | RANGE_FULL | V0_JFIF (0x8c20000), .rotation = ROTATION_0}, .physicalCameraId = "", .bufferSize = 0}
10-16 11:09:22.798 I/libPowerHal(  303): perfUserScnEnable - handle:46
10-16 11:09:22.798 I/vendor.mediatek.hardware.power@2.0-impl(  303): scnEnable hdl:44, timeout:0
10-16 11:09:22.798 W/mtkcam-FeatureSettingPolicy(  470): [evaluateVhdrConfiguration] Get appConfig sessionParams appHdrMode fail: test_entry.count(0)
10-16 11:09:22.798 I/libPowerHal(  303): perfUserScnEnable - handle:44
10-16 11:09:22.799 W/mtkcam-P1HwSettingPolicy(  470): [operator()] all yuv size is larger than max rrzo size, set default rrzo to 1280x720
10-16 11:09:22.799 I/BWC     (  470): Profile_Change:[BWCPT_CAMERA_CAPTURE]:ON,current concurrency is 0x10,DDR=,EMI scenario=BWL_SCN_ICFP ON
10-16 11:09:22.799 I/BWC     (  470): MMDVFS SET 1
10-16 11:09:22.800 E/mtkcam-PipelineContextBuilder(  470): [configContextLocked_P1Node] Need to do config P1 for ISP 6.0 face detection!!!!!!! (configContextLocked_P1Node){#670:vendor/mediatek/proprietary/hardware/mtkcam3/pipeline/model/utils/PipelineContextBuilder.cpp}
10-16 11:09:22.800 I/MtkCam/ppl_context(  470): [dump] <Default/0>
10-16 11:09:22.801 I/MtkCam/ppl_context(  470): [dump] .root={ 0x1 }, .edges={(0x1 -> 0x5)(0x1 -> 0x4)(0x1 -> 0x3)(0x5 -> 0x6)}
10-16 11:09:22.801 I/MtkCam/ppl_context(  470): [dump] <nodeId 0x1 (P1Node)>
10-16 11:09:22.801 I/MtkCam/ppl_context(  470): [dump]     In: .AppImage={ } .HalImage={ } .AppMeta={ 0x80000000 } .HalMeta={ 0x10000000d }
10-16 11:09:22.801 I/MtkCam/ppl_context(  470): [dump]    Out: .AppImage={ } .HalImage={ 0x100000001 0x100000002 } .AppMeta={ 0x100000015 } .HalMeta={ 0x10000000f }
10-16 11:09:22.801 I/MtkCam/ppl_context(  470): [dump] <nodeId 0x3 ()>
10-16 11:09:22.801 I/MtkCam/ppl_context(  470): [dump]     In: .AppImage={ } .HalImage={ 0x100000001 } .AppMeta={ } .HalMeta={ 0x10000000f }
10-16 11:09:22.801 I/MtkCam/ppl_context(  470): [dump]    Out: .AppImage={ } .HalImage={ } .AppMeta={ } .HalMeta={ 0x100000013 }
10-16 11:09:22.801 I/MtkCam/ppl_context(  470): [dump] <nodeId 0x4 (P2CaptureNode)>
10-16 11:09:22.801 I/MtkCam/ppl_context(  470): [dump]     In: .AppImage={ } .HalImage={ 0x100000001 0x100000002 } .AppMeta={ 0x80000000 0x100000015 } .HalMeta={ 0x10000000f }
10-16 11:09:22.801 I/MtkCam/ppl_context(  470): [dump]    Out: .AppImage={ 0 } .HalImage={ } .AppMeta={ 0x10000001a } .HalMeta={ 0x100000012 }
10-16 11:09:22.801 I/MtkCam/ppl_context(  470): [dump] <nodeId 0x5 (P2_StreamingNode)>
10-16 11:09:22.801 I/MtkCam/ppl_context(  470): [dump]     In: .AppImage={ } .HalImage={ 0x100000001 0x100000002 } .AppMeta={ 0x80000000 0x100000015 } .HalMeta={ 0x10000000f }
10-16 11:09:22.801 I/MtkCam/ppl_context(  470): [dump]    Out: .AppImage={ 0 } .HalImage={ 0x10000000b } .AppMeta={ 0x100000017 } .HalMeta={ 0x100000011 }
10-16 11:09:22.801 I/MtkCam/ppl_context(  470): [dump] <nodeId 0x6 (FdNode)>
10-16 11:09:22.801 I/MtkCam/ppl_context(  470): [dump]     In: .AppImage={ } .HalImage={ 0x10000000b } .AppMeta={ 0x80000000 } .HalMeta={ 0x100000011 }
10-16 11:09:22.801 I/MtkCam/ppl_context(  470): [dump]    Out: .AppImage={ } .HalImage={ } .AppMeta={ 0x10000001b } .HalMeta={ }
10-16 11:09:22.801 I/MtkCam/ppl_context(  470): [dump] <image streams>
10-16 11:09:22.801 I/MtkCam/ppl_context(  470): [dump]     [APP     ] 00 2560x1920 OUT t:0/r:0 maxBuffers:11 d/s:0x08c20000(V0_JFIF|STANDARD_BT601_625|TRANSFER_SMPTE_170M|RANGE_FULL) Hal-Client-usage:0x3(0|SW_READ_OFTEN) Real:0x32315659(YV12) Request:0x23(YCbCr_420_888) Override:0x23(YCbCr_420_888) Hal-usage:0x20033(0|SW_READ_OFTEN|SW_WRITE_OFTEN|HW_CAMERA_WRITE) HalStream::(consumer/producer)Usage:0/0x20033 bufOffset:  0 rowStrideInBytes/sizeInBytes: 2560/4915200 1280/1228800 1280/1232640 s0:d0:App:YV12:0|SW_READ_OFTEN 0xad914c00
10-16 11:09:22.801 I/MtkCam/ppl_context(  470): [dump]     [POOL    ] 0x100000001 4208x3120 ImgFormat:0x2201(BAYER10) BufPlanes(strides/sizeInBytes):[ 5260/16411200 ] bufOffset:[ 0 ] t:0 maxBufNum:6 minInitBufNum:0 Hal:Image:P1:Fullraw_main1 AllocImgFormat:0x2201(BAYER10) AllocBufPlanes(strides/sizeInBytes):[ 5260/16411200 ]
10-16 11:09:22.801 I/MtkCam/ppl_context(  470): [dump]     [POOL    ] 0x100000002 1280x960  ImgFormat:0x2205(FG_BAYER10) BufPlanes(strides/sizeInBytes):[ 2400/2304000 ] bufOffset:[ 0 ] t:0 maxBufNum:6 minInitBufNum:0 Hal:Image:P1:Resizeraw_main1 AllocImgFormat:0x2205(FG_BAYER10) AllocBufPlanes(strides/sizeInBytes):[ 2400/2304000 ]
10-16 11:09:22.801 I/MtkCam/ppl_context(  470): [dump]     [POOL    ] 0x10000000b  640x480  ImgFormat:0x14(YUY2) BufPlanes(strides/sizeInBytes):[ 1280/614400 ] bufOffset:[ 0 ] t:0 maxBufNum:5 minInitBufNum:1 Hal:Image:FD AllocImgFormat:0x14(YUY2) AllocBufPlanes(strides/sizeInBytes):[ 1280/614400 ]
10-16 11:09:22.801 I/MtkCam/ppl_context(  470): [dump] <meta streams>
10-16 11:09:22.801 I/MtkCam/ppl_context(  470): [dump]     0x80000000 maxBuffers:0 minInitBufNum:0 Meta:App:Control
10-16 11:09:22.801 I/MtkCam/ppl_context(  470): [dump]     0x10000000d maxBuffers:10 minInitBufNum:1 Hal:Meta:Control_main1
10-16 11:09:22.801 I/MtkCam/ppl_context(  470): [dump]     0x10000000f maxBuffers:10 minInitBufNum:1 Hal:Meta:P1:Dynamic_main1
10-16 11:09:22.801 I/MtkCam/ppl_context(  470): [dump]     0x100000011 maxBuffers:10 minInitBufNum:1 Hal:Meta:P2:Dynamic
10-16 11:09:22.801 I/MtkCam/ppl_context(  470): [dump]     0x100000012 maxBuffers:10 minInitBufNum:1 Hal:Meta:P2C:Dynamic
10-16 11:09:22.801 I/MtkCam/ppl_context(  470): [dump]     0x100000013 maxBuffers:10 minInitBufNum:1 Hal:Meta:PDE:Dynamic
10-16 11:09:22.801 I/MtkCam/ppl_context(  470): [dump]     0x100000015 maxBuffers:10 minInitBufNum:1 App:Meta:DynamicP1_main1
10-16 11:09:22.801 I/MtkCam/ppl_context(  470): [dump]     0x100000017 maxBuffers:10 minInitBufNum:1 App:Meta:DynamicP2
10-16 11:09:22.801 I/MtkCam/ppl_context(  470): [dump]     0x10000001a maxBuffers:10 minInitBufNum:1 App:Meta:DynamicP2Cap
10-16 11:09:22.801 I/MtkCam/ppl_context(  470): [dump]     0x10000001b maxBuffers:10 minInitBufNum:1 App:Meta:FD
10-16 11:09:22.825 E/WifiVendorHal(  628): getWifiLinkLayerStats(l.937) failed {.code = ERROR_NOT_SUPPORTED, .description = }
10-16 11:09:22.882 I/AliFrameWork( 1090): [14971717] [] :Ffmpeg version v4.3.1.4-7-g4c5cdaaf
10-16 11:09:22.926 W/AliFrameWork( 1090): [14971717] [PlayerJNI] :JNI_OnLoad
10-16 11:09:22.931 I/tal.genie.voic( 1090): Thread[1,tid=1090,Native,Thread*=0xa4d3c000,peer=0x753f8760,"main"] recursive attempt to load library "/system/app/genie_voice/genie_voice.apk!/lib/armeabi-v7a/libsaasCorePlayer.so"
10-16 11:09:22.941 I/AliFrameWork( 1090): [14971717] [] :setWorkPath :/system/app/genie_voice/lib/arm/
10-16 11:09:22.945 I/AliFrameWork( 1090): [14971717] [analytics] :mReporter:0x9e427b00
10-16 11:09:22.947 E/AliLivePlayerView( 1090): init: TextureRenderView
10-16 11:09:22.948 I/AliFrameWork( 1090): [14971717] [NativeBase] :java_EnableVideoRenderedCallback() = 1
10-16 11:09:23.054 W/AudioManager( 1090): Use of stream types is deprecated for operations other than volume control
10-16 11:09:23.054 W/AudioManager( 1090): See the documentation of requestAudioFocus() for what to use instead with android.media.AudioAttributes to qualify your playback use case
10-16 11:09:23.057 I/MediaFocusControl(  628): requestAudioFocus() from uid/pid 10022/1090 clientId=android.media.AudioManager@ccb471e callingPack=com.tal.genie.voice req=1 flags=0x0 sdk=30
10-16 11:09:23.089 I/CrashReport-Native( 1090): jni_setNativeInfo: key is 14
10-16 11:09:23.089 I/CrashReport-Native( 1090): Set native info: isAppForeground(true)
10-16 11:09:23.133 I/WindowManager(  628): Relayout Window{168343b u0 com.tal.genie.voice/com.tal.explain.ui.VideoExplainActivity}: oldVis=4 newVis=0 focusMayChange = true
10-16 11:09:23.138 I/BufferQueue(  313): [unnamed-313-10](this:0xa354e000,id:10,api:0,p:-1,c:-1) BufferQueue core=(313:/system/bin/surfaceflinger)
10-16 11:09:23.138 I/BufferQueueConsumer(  313): [unnamed-313-10](this:0xa354e000,id:10,api:0,p:-1,c:313) connect(C): consumer=(313:/system/bin/surfaceflinger) controlledByApp=false
10-16 11:09:23.138 I/BufferQueueConsumer(  313): [unnamed-313-10](this:0xa354e000,id:10,api:0,p:-1,c:313) setConsumerName: unnamed-313-10
10-16 11:09:23.138 I/BufferQueueConsumer(  313): [com.tal.genie.voice/com.tal.explain.ui.VideoExplainActivity#0](this:0xa354e000,id:10,api:0,p:-1,c:313) setConsumerName: com.tal.genie.voice/com.tal.explain.ui.VideoExplainActivity#0
10-16 11:09:23.138 I/BufferQueueConsumer(  313): [com.tal.genie.voice/com.tal.explain.ui.VideoExplainActivity#0](this:0xa354e000,id:10,api:0,p:-1,c:313) setDefaultBufferSize: width=720 height=1600
10-16 11:09:23.140 I/WindowManager(  628): Focus moving from null to Window{168343b u0 com.tal.genie.voice/com.tal.explain.ui.VideoExplainActivity}
10-16 11:09:23.145 I/BufferQueueProducer(  313): [com.tal.genie.voice/com.tal.explain.ui.VideoExplainActivity#0](this:0xa354e000,id:10,api:1,p:1090,c:313) connect(P): api=1 producer=(1090:com.tal.genie.voice) producerControlledByApp=true
10-16 11:09:23.169 I/BufferQueue( 1090): [unnamed-1090-2](this:0x63e6c000,id:2,api:0,p:-1,c:-1) BufferQueue core=(1090:com.tal.genie.voice)
10-16 11:09:23.169 E/libc    ( 1090): Access denied finding property "vendor.debug.sf.stc_interval"
10-16 11:09:23.169 E/libc    ( 1090): Access denied finding property "vendor.debug.bq.dump"
10-16 11:09:23.169 I/BufferQueueConsumer( 1090): [unnamed-1090-2](this:0x63e6c000,id:2,api:0,p:-1,c:1090) connect(C): consumer=(1090:com.tal.genie.voice) controlledByApp=true
10-16 11:09:23.169 E/libc    ( 1090): Access denied finding property "vendor.debug.bq.dump"
10-16 11:09:23.169 I/BufferQueueConsumer( 1090): [unnamed-1090-2](this:0x63e6c000,id:2,api:0,p:-1,c:1090) setConsumerName: unnamed-1090-2
10-16 11:09:23.169 E/libc    ( 1090): Access denied finding property "vendor.debug.bq.line"
10-16 11:09:23.169 E/libc    ( 1090): Access denied finding property "vendor.debug.bq.dump"
10-16 11:09:23.169 I/BufferQueueConsumer( 1090): [SurfaceTexture-0-1090-0](this:0x63e6c000,id:2,api:0,p:-1,c:1090) setConsumerName: SurfaceTexture-0-1090-0
10-16 11:09:23.169 E/libc    ( 1090): Access denied finding property "vendor.debug.bq.line"
10-16 11:09:23.170 I/BufferQueueConsumer( 1090): [SurfaceTexture-0-1090-0](this:0x63e6c000,id:2,api:0,p:-1,c:1090) setDefaultBufferSize: width=720 height=1600
10-16 11:09:23.170 I/AliFrameWork( 1090): [14971717] [NativeBase] :java_SetView(0xbe8f35e0)
10-16 11:09:23.173 I/GLConsumer( 1090): [SurfaceTexture-0-1090-0] attachToContext
10-16 11:09:23.183 I/SurfaceFlinger(  313): [Built-in Screen (type:0)] fps:8.870946,dur:1014.55,max:351.93,min:16.48
10-16 11:09:23.186 I/AliFrameWork( 1090): [14971717] [NativeBase] :java_SetAutoPlay(1)
10-16 11:09:23.187 I/AliFrameWork( 1090): [14971717] [JavaJniSaasPlayer] :java_SetDataSource_VidAuth() vidAuth = {"mVid":"6c464b75ab884fcbb8daee56a380bb62","mPlayAuth":"PlayAuth*****","mRegion":"cn-shanghai","vidBase":"{\"mForceQuality\":false,\"mQuality\":\"SD\",\"mTitle\":\"\",\"mCoverUrl\":\"\"}"}
10-16 11:09:23.187 I/AliFrameWork( 1090): [14971717] [NativeBase] :java_Prepare()
10-16 11:09:23.205 I/AliFrameWork( 1090): [14971717] [analytics] :eventCode:1003, name:GET_URL string:it * playauth *||* pa * {"vid":"6c464b75ab884fcbb8daee56a380bb62","playAuth":"eyJTZWN1cml0eVRva2VuIjoiQ0FJU2h3TjFxNkZ0NUIyeWZTaklyNURNSE5LQ29ieFY1NWpjZW1qMWdYQTRRT1ZGdkszeWl6ejJJSHBLZVhkdUFlQVhzL28wbW1oWjcvWVlsck1xRmNNY0ZCYWNNWmNzdE1zTHJGbnhKcExGc3QySjZyOEpqc1Z6OXFkQnExbXBzdlhKYXNEVkVmbDJFNVhFTWlJUi8wMGU2TC8rY2lyWXBUWEhWYlNDbFo5Z2FQa09Rd0M4ZGtBb0xkeEtKd3hrMnQxNFVtWFdPYVNDUHdMU2htUEJMVXhtdldnR2wyUnp1NHV5M3ZPZDVoZlpwMXI4eE80YXhlTDBQb1AyVjgxbExacGxlc3FwM0k0U2M3YmFnaFpVNGdscjhxbHg3c3BCNVN5Vmt0eVdHVWhKL3phTElvaXQ3TnBqZmlCMGVvUUFQb3BGcC9YNmp2QWF3UExVbTliWXhncGhCOFIrWGo3RFpZYXV4N0d6ZW9XVE84MCthS3p3TmxuVXo5bUxMZU9WaVE0L1ptOEJQdzQ0RUxoSWFGMElVRXh6RVcrRmV2TC9wZ21RUGwvK0ZKTG9pdjltamNCSHFIeno1c2VQS2xTMVJMR1U3RDBWSUpkVWJUbHpiVUJMZ3pLNUl2NWJMVmNTS3dJK1YreVBNYXgzYlFGRHI1M3ZzVGJiWHpaYjBtcHR1UG56ZHdKNFRXYnJna2VVR29BQldmeC9LbDhrYkgyMW9TL29WV0twemlJeEh5NUNua3YySXBvKzRBMU5VNUhLR2M5ZDB5REhxcmVTYjh3VnZrVnF6VEtYdmhRelcvMkNLTW03aFhnbUVuRmpoWjYzZDl2NDQ5UzNCaXhWWHd2Qk83aTU4c
10-16 11:09:23.205 I/AliFrameWork( 1090): [14971717] [PlayInfoRequest] :Prepare() authSource={"mVid":"6c464b75ab884fcbb8daee56a380bb62","mPlayAuth":"PlayAuth*****","mRegion":"cn-shanghai","vidBase":"{\"mForceQuality\":false,\"mQuality\":\"SD\",\"mTitle\":\"\",\"mCoverUrl\":\"\"}"}
10-16 11:09:23.230 I/ActivityManager(  628): Displayed com.tal.genie.voice/com.tal.explain.ui.VideoExplainActivity: +459ms
10-16 11:09:23.447 W/Drv/HWsync(  470): Drv/HWsync[sendCommand] WARNING: NO FrameTimeDelayFrame from sensor_dev:1, set to 1
10-16 11:09:23.451 E/iio/camio(  470): [vendor/mediatek/proprietary/hardware/mtkcam/drv/src/isp/mt8168/imageio/pipe/CamIOPipe/CamIOPipe.cpp, sendCommand, line3240] ERROR: NOT support command! (sendCommand){#3240:vendor/mediatek/proprietary/hardware/mtkcam/drv/src/isp/mt8168/imageio/pipe/CamIOPipe/CamIOPipe.cpp}
10-16 11:09:23.451 E/NormalPipe_FrmB(  470): [vendor/mediatek/proprietary/hardware/mtkcam/drv/src/isp/mt8168/iopipe/CamIO/NormalPipe_FrmB.cpp, sendCommand, line2947] ERROR: error: sendCommand fail: (cmd,arg1,arg2,arg3)=(0x00001128,0xa4ff0030,0x00000000,0x00000000) (sendCommand){#2947:vendor/mediatek/proprietary/hardware/mtkcam/drv/src/isp/mt8168/iopipe/CamIO/NormalPipe_FrmB.cpp}
10-16 11:09:23.453 I/CamCalCamCal(  470): ver3900~ pCamCalData->sensorID=30c6
10-16 11:09:23.453 I/CamCalCamCal(  470): ver3900~ pCamCalData->deviceID=1
10-16 11:09:23.455 I/CamCalCamCal(  470): ver3900~ DoCamCal2AGain is enter..BlockSize=28 SensorID=30c6
10-16 11:09:23.461 I/CamCalCamCal(  470): ver3900~ DoCamCal2AGain AFConfig=0x1 AWBConfig=0x1, AWBAFConfig = 0x3
10-16 11:09:23.461 I/CamCalCamCal(  470): ver3900~ AWB offset=14
10-16 11:09:23.471 I/CamCalCamCal(  470): ver3900~ ======================AWB CAM_CAL==================
10-16 11:09:23.471 I/CamCalCamCal(  470): ver3900~ [rCalGain.u4R] = 442
10-16 11:09:23.471 I/CamCalCamCal(  470): ver3900~ [rCalGain.u4G] = 1021
10-16 11:09:23.471 I/CamCalCamCal(  470): ver3900~ [rCalGain.u4B] = 677
10-16 11:09:23.471 I/CamCalCamCal(  470): ver3900~ [rFacGain.u4R] = 455
10-16 11:09:23.471 I/CamCalCamCal(  470): ver3900~ [rFacGain.u4G] = 1024
10-16 11:09:23.471 I/CamCalCamCal(  470): ver3900~ [rFacGain.u4B] = 672
10-16 11:09:23.471 I/CamCalCamCal(  470): ver3900~ ======================AWB CAM_CAL==================
10-16 11:09:23.476 I/CamCalCamCal(  470): ver3900~ ======================AF CAM_CAL==================
10-16 11:09:23.476 I/CamCalCamCal(  470): ver3900~ [AFInf] = 154
10-16 11:09:23.476 I/CamCalCamCal(  470): ver3900~ [AFMacro] = 470
10-16 11:09:23.476 I/CamCalCamCal(  470): ver3900~ ======================AF CAM_CAL==================
10-16 11:09:23.477 I/AfAlgoC (  470): [initAF] version .4 8333036 8363040 8294003 8363002 8042003, param 20210809
10-16 11:09:23.479 W/aaa_hal_sttCtrl(  470): [startStt] SensorDev = 1, m_i4SttPortEnable = 15 
10-16 11:09:23.479 W/IspDrv  (  470): {IspDrv} [deTuningQueByCq] WARNING: [Init]init tuningQue curWriteIdx index(-1)
10-16 11:09:23.480 I/CamCalCamCal(  470): ver3900~ pCamCalData->sensorID=30c6
10-16 11:09:23.480 I/CamCalCamCal(  470): ver3900~ pCamCalData->deviceID=1
10-16 11:09:23.482 I/CamCalCamCal(  470): ver3900~ DoCamCal2AGain is enter..BlockSize=28 SensorID=30c6
10-16 11:09:23.483 I/AliFrameWork( 1090): [14971717] [CurlDataSource] :CURLINFO_RESPONSE_CODE is 200
10-16 11:09:23.485 I/AliFrameWork( 1090): [14971717] [GetPlayInfoRequest] :vodInfo=[{"mFormat":"m3u8","mEncryptType":"AliyunVoDEncryption","mDefinition":"FD"},{"mFormat":"m3u8","mEncryptType":"AliyunVoDEncryption","mDefinition":"LD"},{"mFormat":"m3u8","mEncryptType":"AliyunVoDEncryption","mDefinition":"SD"},{"mFormat":"m3u8","mEncryptType":"AliyunVoDEncryption","mDefinition":"HD"}] , requestId = 88D01D2A-E07A-55A2-90D3-6CDD97941B0E
10-16 11:09:23.486 W/TaskMgr (  470): [sendEvent] TaskEvent:PreivewStart
10-16 11:09:23.487 W/TaskMgr (  470): [sendEvent] Create Task(0)
10-16 11:09:23.487 W/TaskMgr (  470): [sendEvent] Create Task(7)
10-16 11:09:23.491 I/AliFrameWork( 1090): [14971717] [analytics] :eventCode:1004, name:GET_URL_DONE string:cost * 281 *||* it * playauth *||* mi * [{"encryption":1,"definition":"FD","finalDefinition":"FD","format":"m3u8","vid":"6c464b75ab884fcbb8daee56a380bb62"},{"encryption":1,"definition":"HD","finalDefinition":"HD","format":"m3u8","vid":"6c464b75ab884fcbb8daee56a380bb62"},{"encryption":1,"definition":"LD","finalDefinition":"LD","format":"m3u8","vid":"6c464b75ab884fcbb8daee56a380bb62"},{"encryption":1,"definition":"SD","finalDefinition":"SD","format":"m3u8","vid":"6c464b75ab884fcbb8daee56a380bb62"}] ret:0
10-16 11:09:23.495 I/AliFrameWork( 1090): [14971717] [ApsaraPlayerService] :EnterBackGround APP_FOREGROUND
10-16 11:09:23.496 I/AliFrameWork( 1090): [14971717] [ApsaraVideoPlayerSaas] :startBuffer:500, highBuffer:3000, maxBuffer:50000, delay:5000,backwardBuffer:0
10-16 11:09:23.496 I/CamCalCamCal(  470): ver3900~ DoCamCal2AGain AFConfig=0x1 AWBConfig=0x1, AWBAFConfig = 0x3
10-16 11:09:23.496 I/CamCalCamCal(  470): ver3900~ AWB offset=14
10-16 11:09:23.497 I/AliFrameWork( 1090): [14971717] [analytics] :eventCode:2028, name:ROTATE string:rotation * 0 ret:0
10-16 11:09:23.498 I/AliFrameWork( 1090): [14971717] [analytics] :eventCode:2029, name:MIRROR string:mirror * 0 ret:0
10-16 11:09:23.499 I/AliFrameWork( 1090): [14971717] [analytics] :eventCode:2026, name:DISABLE_LOOPING string: ret:0
10-16 11:09:23.499 I/AliFrameWork( 1090): [14971717] [ApsaraVideoPlayerSaas] :startBuffer:500, highBuffer:3000, maxBuffer:50000, delay:5000,backwardBuffer:0
10-16 11:09:23.500 I/AliFrameWork( 1090): [14971717] [analytics] :eventCode:2042, name:BLACK_INFO string:video.dec.h264 * 0 ret:0
10-16 11:09:23.504 I/AliFrameWork( 1090): [14971717] [analytics] :eventCode:1101, name:PREPARE string:dn * SD *||* play_config * {"http_proxy":"","refer":"","timeout_ms":15000,"RTMaxDelayTime":5000000,"startBufferDuration":500000,"highLevelBufferDuration":3000000,"maxBufferDuration":50000000} ret:0
10-16 11:09:23.506 I/CamCalCamCal(  470): ver3900~ ======================AWB CAM_CAL==================
10-16 11:09:23.506 I/CamCalCamCal(  470): ver3900~ [rCalGain.u4R] = 442
10-16 11:09:23.506 I/CamCalCamCal(  470): ver3900~ [rCalGain.u4G] = 1021
10-16 11:09:23.506 I/CamCalCamCal(  470): ver3900~ [rCalGain.u4B] = 677
10-16 11:09:23.506 I/CamCalCamCal(  470): ver3900~ [rFacGain.u4R] = 455
10-16 11:09:23.506 I/CamCalCamCal(  470): ver3900~ [rFacGain.u4G] = 1024
10-16 11:09:23.506 I/CamCalCamCal(  470): ver3900~ [rFacGain.u4B] = 672
10-16 11:09:23.506 I/CamCalCamCal(  470): ver3900~ ======================AWB CAM_CAL==================
10-16 11:09:23.511 I/CamCalCamCal(  470): ver3900~ ======================AF CAM_CAL==================
10-16 11:09:23.511 I/CamCalCamCal(  470): ver3900~ [AFInf] = 154
10-16 11:09:23.511 I/CamCalCamCal(  470): ver3900~ [AFMacro] = 470
10-16 11:09:23.511 I/CamCalCamCal(  470): ver3900~ ======================AF CAM_CAL==================
10-16 11:09:23.512 I/AliFrameWork( 1090): [14971717] [NativeBase] :AliyunCorePlayer callback --> StatusChanged(1)
10-16 11:09:23.514 I/MtkCam/TPI_S_FB(  470): [S_FB_Plugin] create S_FB plugin
10-16 11:09:23.514 I/MtkCam/TPI_S_Green(  470): [S_GREEN_Plugin] create S_GREEN plugin
10-16 11:09:23.516 W/StereoSettingProvider(  470): [getStereoSensorIndex] WRN(  204):Cannot get sensor index by logical device ID 0, return 0, 1
10-16 11:09:23.516 I/MtkCam/Plugin_S_DUAL(  470): [S_DUAL_Plugin] TPI create S_DUAL plugin: Tolerence:700000000, DpBit:0xad95f700 DumpBuffer:0
10-16 11:09:23.517 W/StereoSettingProvider(  470): [getStereoSensorIndex] WRN(  204):Cannot get sensor index by logical device ID 0, return 0, 1
10-16 11:09:23.517 I/MtkCam/Plugin_S_SEMI(  470): [S_SEMI_Plugin] create S_SEMI plugin: Tolerence:700000000, DumpBuffer:0
10-16 11:09:23.517 I/MtkCam/TPI_S_FB(  470): [getConfigSetting] max out size(0x0)
10-16 11:09:23.519 W/TaskAFNormal(  470): [run] AFO buffer is NULL
10-16 11:09:23.522 W/StereoSettingProvider(  470): [getStereoSensorIndex] WRN(  204):Cannot get sensor index by logical device ID 0, return 0, 1
10-16 11:09:23.522 W/StereoSettingProvider(  470): [getStereoSensorIndex] WRN(  204):Cannot get sensor index by logical device ID 0, return 0, 1
10-16 11:09:23.525 I/BufferQueueProducer( 1090): [ImageReader-2560x1920f23m2-1090-1](this:0x7e3c5000,id:1,api:4,p:451,c:1090) connect(P): api=4 producer=(451:???) producerControlledByApp=false
10-16 11:09:23.526 E/libc    ( 1090): Access denied finding property "vendor.debug.bq.line"
10-16 11:09:23.552 W/TaskAFNormal(  470): [run] AFO buffer is NULL
10-16 11:09:23.585 W/TaskAFNormal(  470): [run] AFO buffer is NULL
10-16 11:09:23.619 W/af_mgr_v3(  470): Cannot get matched afegain from m_vISQueue!
10-16 11:09:23.650 I/BufferQueueProducer(  313): [com.tal.genie.launcher/com.tal.genie.launcher.ui.main.MainActivity#0](this:0xa1d29000,id:7,api:1,p:1144,c:313) disconnect(P): api 1
10-16 11:09:23.651 I/BufferQueueConsumer(  313): [com.tal.genie.launcher/com.tal.genie.launcher.ui.main.MainActivity#0](this:0xa1d29000,id:7,api:1,p:-1,c:313) getReleasedBuffers: returning mask 0xffffffffffffffff
10-16 11:09:23.651 I/BufferQueueProducer(  313): [com.tal.genie.voice/com.tal.genie.dicbook.cread.FingerSearchActivity#0](this:0xa1d97000,id:9,api:1,p:1090,c:313) disconnect(P): api 1
10-16 11:09:23.651 I/BufferQueueConsumer(  313): [com.tal.genie.voice/com.tal.genie.dicbook.cread.FingerSearchActivity#0](this:0xa1d97000,id:9,api:1,p:-1,c:313) getReleasedBuffers: returning mask 0xffffffffffffffff
10-16 11:09:23.686 I/vendor.mediatek.hardware.power@2.0-impl(  303): powerHintAsync hint:8, data:0
10-16 11:09:23.704 I/PowerWrap(  628): PowerHal_Wrap_mtkPowerHint
10-16 11:09:23.704 I/CrashReport-Native( 1144): jni_setNativeInfo: key is 14
10-16 11:09:23.705 I/CrashReport-Native( 1144): Set native info: isAppForeground(false)
10-16 11:09:23.713 I/CrashReport-Native( 1090): jni_setNativeInfo: key is 14
10-16 11:09:23.713 I/CrashReport-Native( 1090): Set native info: isAppForeground(true)
10-16 11:09:23.724 W/MDP     (  470): DpDriver::waitFramedone takes 50ms
10-16 11:09:23.724 W/MDP     (  470): DpIsp: 0xa4ed7700, scenario 9, waitComplete 50 ms, 0, 0, 50, 0
10-16 11:09:23.724 W/MDP     (  470): DpIsp: 0xa4ed7700, scenario 9, dst0 50 ms, 0, 50, 50, 50
10-16 11:09:23.734 W/mtkcam-AppStreamMgr(  470): [0-ResultHandler::enqueResult] frameNo:2 existed in mResultQueue[0] - hasLastPartial:0->0
10-16 11:09:23.743 I/BufferQueueConsumer(  313): [com.tal.genie.voice/com.tal.genie.dicbook.cread.FingerSearchActivity#0](this:0xa1d97000,id:9,api:1,p:-1,c:-1) disconnect(C)
10-16 11:09:23.743 I/BufferQueue(  313): [com.tal.genie.voice/com.tal.genie.dicbook.cread.FingerSearchActivity#0](this:0xa1d97000,id:9,api:1,p:-1,c:-1) ~BufferQueueCore
10-16 11:09:23.757 I/AliFrameWork( 1090): [14971717] [CurlDataSource] :CURLINFO_RESPONSE_CODE is 200
10-16 11:09:23.758 W/lmkd    (  312): type=1400 audit(0.0:7357): avc: denied { dac_read_search } for capability=2 scontext=u:r:lmkd:s0 tcontext=u:r:lmkd:s0 tclass=capability permissive=0
10-16 11:09:23.758 W/lmkd    (  312): type=1400 audit(0.0:7358): avc: denied { dac_read_search } for capability=2 scontext=u:r:lmkd:s0 tcontext=u:r:lmkd:s0 tclass=capability permissive=0
10-16 11:09:23.760 I/BufferQueueConsumer(  313): [com.tal.genie.launcher/com.tal.genie.launcher.ui.main.MainActivity#0](this:0xa1d29000,id:7,api:1,p:-1,c:-1) disconnect(C)
10-16 11:09:23.763 I/BufferQueue(  313): [com.tal.genie.launcher/com.tal.genie.launcher.ui.main.MainActivity#0](this:0xa1d29000,id:7,api:1,p:-1,c:-1) ~BufferQueueCore
10-16 11:09:23.777 W/MDP     (  470): DpDriver::waitFramedone takes 52ms
10-16 11:09:23.777 W/MDP     (  470): DpIsp: 0xa4ed7700, scenario 9, waitComplete 52 ms, 0, 0, 52, 0
10-16 11:09:23.777 W/MDP     (  470): DpIsp: 0xa4ed7700, scenario 9, dst0 52 ms, 0, 52, 52, 52
10-16 11:09:23.777 W/MDP     (  470): DpIsp: 0xa4ed7700, src 42 ms, 0, 0, 0, 0
10-16 11:09:23.797 I/libPowerHal(  303): 45: cpu_ctrl set freq: -1 -1
10-16 11:09:23.830 W/MDP     (  470): DpDriver::waitFramedone takes 52ms
10-16 11:09:23.830 W/MDP     (  470): DpIsp: 0xa4ed7700, scenario 9, waitComplete 52 ms, 0, 0, 52, 0
10-16 11:09:23.830 W/MDP     (  470): DpIsp: 0xa4ed7700, scenario 9, dst0 52 ms, 0, 52, 52, 52
10-16 11:09:23.830 W/MDP     (  470): DpIsp: 0xa4ed7700, src 52 ms, 0, 0, 0, 0
10-16 11:09:23.883 W/MDP     (  470): DpDriver::waitFramedone takes 52ms
10-16 11:09:23.883 W/MDP     (  470): DpIsp: 0xa4ed7700, scenario 9, waitComplete 52 ms, 0, 0, 52, 0
10-16 11:09:23.883 W/MDP     (  470): DpIsp: 0xa4ed7700, scenario 9, dst0 52 ms, 0, 52, 52, 52
10-16 11:09:23.883 W/MDP     (  470): DpIsp: 0xa4ed7700, src 50 ms, 0, 0, 0, 0
10-16 11:09:23.936 W/MDP     (  470): DpDriver::waitFramedone takes 52ms
10-16 11:09:23.936 W/MDP     (  470): DpIsp: 0xa4ed7700, scenario 9, waitComplete 52 ms, 0, 0, 52, 0
10-16 11:09:23.938 W/MDP     (  470): DpIsp: 0xa4ed7700, scenario 9, dst0 53 ms, 0, 52, 52, 52
10-16 11:09:23.938 W/MDP     (  470): DpIsp: 0xa4ed7700, src 53 ms, 0, 0, 0, 0
10-16 11:09:23.989 W/MDP     (  470): DpDriver::waitFramedone takes 50ms
10-16 11:09:23.989 W/MDP     (  470): DpIsp: 0xa4ed7700, scenario 9, waitComplete 50 ms, 0, 0, 50, 0
10-16 11:09:23.989 W/MDP     (  470): DpIsp: 0xa4ed7700, scenario 9, dst0 50 ms, 0, 50, 50, 50
10-16 11:09:23.989 W/MDP     (  470): DpIsp: 0xa4ed7700, src 50 ms, 0, 0, 0, 0
10-16 11:09:23.992 I/AliFrameWork( 1090): [14971717] [CurlDataSource] :CURLINFO_RESPONSE_CODE is 200
10-16 11:09:24.000 I/AliFrameWork( 1090): [14971717] [NativeBase] :AliyunCorePlayer callback --> StatusChanged(-1)
10-16 11:09:24.042 W/MDP     (  470): DpDriver::waitFramedone takes 52ms
10-16 11:09:24.042 W/MDP     (  470): DpIsp: 0xa4ed7700, scenario 9, waitComplete 52 ms, 0, 0, 52, 0
10-16 11:09:24.042 W/MDP     (  470): DpIsp: 0xa4ed7700, scenario 9, dst0 52 ms, 0, 52, 52, 52
10-16 11:09:24.042 W/MDP     (  470): DpIsp: 0xa4ed7700, src 52 ms, 0, 0, 0, 0
10-16 11:09:24.095 W/MDP     (  470): DpDriver::waitFramedone takes 52ms
10-16 11:09:24.095 W/MDP     (  470): DpIsp: 0xa4ed7700, scenario 9, waitComplete 52 ms, 0, 0, 52, 0
10-16 11:09:24.096 W/MDP     (  470): DpIsp: 0xa4ed7700, scenario 9, dst0 52 ms, 0, 52, 52, 52
10-16 11:09:24.096 W/MDP     (  470): DpIsp: 0xa4ed7700, src 53 ms, 0, 0, 0, 0
10-16 11:09:24.147 W/MDP     (  470): DpDriver::waitFramedone takes 51ms
10-16 11:09:24.147 W/MDP     (  470): DpIsp: 0xa4ed7700, scenario 9, waitComplete 51 ms, 0, 0, 51, 0
10-16 11:09:24.148 W/MDP     (  470): DpIsp: 0xa4ed7700, scenario 9, dst0 51 ms, 0, 51, 51, 51
10-16 11:09:24.148 W/MDP     (  470): DpIsp: 0xa4ed7700, src 51 ms, 0, 0, 0, 0
10-16 11:09:24.185 I/BufferQueueProducer(  313): [com.tal.genie.voice/com.tal.explain.ui.VideoExplainActivity#0](this:0xa354e000,id:10,api:1,p:1090,c:313) queueBuffer: fps=55.87 dur=1002.29 max=48.71 min=5.57
10-16 11:09:24.200 I/SurfaceFlinger(  313): [Built-in Screen (type:0)] fps:57.053658,dur:1016.59,max:20.70,min:15.66
10-16 11:09:24.200 W/MDP     (  470): DpDriver::waitFramedone takes 52ms
10-16 11:09:24.200 W/MDP     (  470): DpIsp: 0xa4ed7700, scenario 9, waitComplete 52 ms, 0, 0, 52, 0
10-16 11:09:24.200 W/MDP     (  470): DpIsp: 0xa4ed7700, scenario 9, dst0 52 ms, 0, 52, 52, 52
10-16 11:09:24.200 W/MDP     (  470): DpIsp: 0xa4ed7700, src 52 ms, 0, 0, 0, 0
10-16 11:09:24.253 W/MDP     (  470): DpDriver::waitFramedone takes 52ms
10-16 11:09:24.253 W/MDP     (  470): DpIsp: 0xa4ed7700, scenario 9, waitComplete 52 ms, 0, 0, 52, 0
10-16 11:09:24.253 W/MDP     (  470): DpIsp: 0xa4ed7700, scenario 9, dst0 52 ms, 0, 52, 52, 52
10-16 11:09:24.253 W/MDP     (  470): DpIsp: 0xa4ed7700, src 52 ms, 0, 0, 0, 0
10-16 11:09:24.295 W/af_mgr_v3(  470): pd result is not ready! statMagicNum(17)
10-16 11:09:24.306 W/MDP     (  470): DpDriver::waitFramedone takes 52ms
10-16 11:09:24.306 W/MDP     (  470): DpIsp: 0xa4ed7700, scenario 9, waitComplete 52 ms, 0, 0, 52, 0
10-16 11:09:24.306 W/MDP     (  470): DpIsp: 0xa4ed7700, scenario 9, dst0 52 ms, 0, 52, 52, 52
10-16 11:09:24.306 W/MDP     (  470): DpIsp: 0xa4ed7700, src 52 ms, 0, 0, 0, 0
10-16 11:09:24.342 W/mtkcam-AppStreamMgr(  470): [0-ResultHandler::enqueResult] frameNo:16 existed in mResultQueue[0] - hasLastPartial:0->0
10-16 11:09:24.359 W/MDP     (  470): DpDriver::waitFramedone takes 52ms
10-16 11:09:24.359 W/MDP     (  470): DpIsp: 0xa4ed7700, scenario 9, waitComplete 52 ms, 0, 0, 52, 0
10-16 11:09:24.359 W/MDP     (  470): DpIsp: 0xa4ed7700, scenario 9, dst0 52 ms, 0, 52, 52, 52
10-16 11:09:24.359 W/MDP     (  470): DpIsp: 0xa4ed7700, src 52 ms, 0, 0, 0, 0
10-16 11:09:24.362 W/af_mgr_v3(  470): pd result is not ready! statMagicNum(18)
10-16 11:09:24.412 W/MDP     (  470): DpDriver::waitFramedone takes 52ms
10-16 11:09:24.412 W/MDP     (  470): DpIsp: 0xa4ed7700, scenario 9, waitComplete 52 ms, 0, 0, 52, 0
10-16 11:09:24.412 W/MDP     (  470): DpIsp: 0xa4ed7700, scenario 9, dst0 52 ms, 0, 52, 52, 52
10-16 11:09:24.412 W/MDP     (  470): DpIsp: 0xa4ed7700, src 52 ms, 0, 0, 0, 0
10-16 11:09:24.420 I/AliFrameWork( 1090): [14971717] [CurlDataSource] :CURLINFO_RESPONSE_CODE is 200
10-16 11:09:24.430 W/af_mgr_v3(  470): pd result is not ready! statMagicNum(19)
10-16 11:09:24.465 W/MDP     (  470): DpDriver::waitFramedone takes 52ms
10-16 11:09:24.465 W/MDP     (  470): DpIsp: 0xa4ed7700, scenario 9, waitComplete 52 ms, 0, 0, 52, 0
10-16 11:09:24.465 W/MDP     (  470): DpIsp: 0xa4ed7700, scenario 9, dst0 52 ms, 0, 52, 52, 52
10-16 11:09:24.465 W/MDP     (  470): DpIsp: 0xa4ed7700, src 52 ms, 0, 0, 0, 0
10-16 11:09:24.497 W/af_mgr_v3(  470): pd result is not ready! statMagicNum(20)
10-16 11:09:24.518 W/MDP     (  470): DpDriver::waitFramedone takes 46ms
10-16 11:09:24.518 W/MDP     (  470): DpIsp: 0xa4ed7700, scenario 9, waitComplete 46 ms, 0, 0, 46, 0
10-16 11:09:24.518 W/MDP     (  470): DpIsp: 0xa4ed7700, scenario 9, dst0 46 ms, 0, 46, 46, 46
10-16 11:09:24.520 W/MDP     (  470): DpIsp: 0xa4ed7700, src 53 ms, 0, 0, 0, 0
10-16 11:09:24.565 W/af_mgr_v3(  470): pd result is not ready! statMagicNum(22)
10-16 11:09:24.570 I/AliFrameWork( 1090): [14971717] [HLSStream] :file have 2 streams
10-16 11:09:24.571 I/AliFrameWork( 1090): [14971717] [] :DAR 1280:720
10-16 11:09:24.571 W/AliFrameWork( 1090): [14971717] [HLSStream] :open stream  index is 0
10-16 11:09:24.571 W/MDP     (  470): DpDriver::waitFramedone takes 48ms
10-16 11:09:24.571 W/MDP     (  470): DpIsp: 0xa4ed7700, scenario 9, waitComplete 48 ms, 0, 0, 48, 0
10-16 11:09:24.571 W/AliFrameWork( 1090): [14971717] [HLSStream] :open stream  index is 1
10-16 11:09:24.571 W/MDP     (  470): DpIsp: 0xa4ed7700, scenario 9, dst0 48 ms, 0, 48, 48, 48
10-16 11:09:24.571 W/MDP     (  470): DpIsp: 0xa4ed7700, src 48 ms, 0, 0, 0, 0
10-16 11:09:24.573 I/AliFrameWork( 1090): [14971717] [ApsaraPlayerService] :mPtsDiscontinueDelta = 10000000
10-16 11:09:24.573 I/AliFrameWork( 1090): [14971717] [ApsaraPlayerService] :SecretPlayBack
10-16 11:09:24.574 I/AliFrameWork( 1090): [14971717] [] :DAR 1280:720
10-16 11:09:24.574 I/chatty  ( 1090): uid=10022(com.tal.genie.voice) ApsaraPlayerSer identical 2 lines
10-16 11:09:24.574 I/AliFrameWork( 1090): [14971717] [] :DAR 1280:720
10-16 11:09:24.574 I/NativePlayerBase( 1090): nUpdateViewCallback videoType = 0
10-16 11:09:24.575 I/AliFrameWork( 1090): [14971717] [] :DAR 1280:720
10-16 11:09:24.575 W/AliFrameWork( 1090): [14971717] [avFormatDemuxer] :pkt pts error
10-16 11:09:24.575 W/AliFrameWork( 1090): [14971717] [avFormatDemuxer] :pkt dts error
10-16 11:09:24.576 W/AliFrameWork( 1090): [14971717] [avFormatDemuxer] :pkt pts error
10-16 11:09:24.576 W/AliFrameWork( 1090): [14971717] [avFormatDemuxer] :pkt dts error
10-16 11:09:24.577 I/AliFrameWork( 1090): [14971717] [NativeBase] :AliyunCorePlayer callback --> VideoSizeChanged(1862572356, 1280)
10-16 11:09:24.578 I/AliFrameWork( 1090): [14971717] [AbrBufferAlgoStrategy] :BA already change to bitrate:0
10-16 11:09:24.580 I/AliFrameWork( 1090): [14971717] [NativeBase] :AliyunCorePlayer callback --> StreamInfoCallback() vid=6c464b75ab884fcbb8daee56a380bb62
10-16 11:09:24.581 W/AliFrameWork( 1090): [14971717] [avFormatDemuxer] :pkt pts error
10-16 11:09:24.581 W/AliFrameWork( 1090): [14971717] [avFormatDemuxer] :pkt dts error
10-16 11:09:24.581 W/AliFrameWork( 1090): [14971717] [avFormatDemuxer] :pkt pts error
10-16 11:09:24.581 W/AliFrameWork( 1090): [14971717] [avFormatDemuxer] :pkt dts error
10-16 11:09:24.582 W/AliFrameWork( 1090): [14971717] [avFormatDemuxer] :pkt pts error
10-16 11:09:24.582 W/AliFrameWork( 1090): [14971717] [avFormatDemuxer] :pkt dts error
10-16 11:09:24.590 I/AliFrameWork( 1090): [14971717] [avcodecDecoder] :set decoder thread as :5
10-16 11:09:24.592 I/AliFrameWork( 1090): [14971717] [] :DAR 1280:720
10-16 11:09:24.593 E/AliFrameWork( 1090): [14971717] [GLRender_OESContext] :compileShader mVertShader failed. ret = -1 
10-16 11:09:24.596 I/AliFrameWork( 1090): [14971717] [GLRender egl_context] :function name eglPresentationTimeANDROID
10-16 11:09:24.596 I/AliFrameWork( 1090): [14971717] [GLRender egl_context] :sym 0xa86dbc41, critical true
10-16 11:09:24.596 I/AliFrameWork( 1090): [14971717] [GLRender egl_context] :EGL client major 1 minor 4
