12-15 18:23:07.501 I/WindowManager(  624): 	at com.android.server.wm.WindowManagerService$H.handleMessage(WindowManagerService.java:4900)
12-15 18:23:07.501 I/WindowManager(  624): 	at android.os.Handler.dispatchMessage(Handler.java:106)
12-15 18:23:07.501 I/WindowManager(  624): 	at android.os.Looper.loop(Looper.java:193)
12-15 18:23:07.501 I/WindowManager(  624): 	at android.os.HandlerThread.run(HandlerThread.java:65)
12-15 18:23:07.501 I/WindowManager(  624): 	at com.android.server.ServiceThread.run(ServiceThread.java:44)
12-15 18:23:07.640 I/chatty  (  624): uid=1000(system) android.display identical 5 lines
12-15 18:23:07.649 I/WindowManager(  624): performEnableScreen: mDisplayEnabled=false mForceDisplayEnabled=false mShowingBootMessages=false mSystemBooted=true mOnlyCore=false
12-15 18:23:07.649 I/WindowManager(  624): java.lang.RuntimeException: here
12-15 18:23:07.649 I/WindowManager(  624): 	at com.android.server.wm.WindowManagerService.performEnableScreen(WindowManagerService.java:3499)
12-15 18:23:07.649 I/WindowManager(  624): 	at com.android.server.wm.WindowManagerService.access$1100(WindowManagerService.java:285)
12-15 18:23:07.649 I/WindowManager(  624): 	at com.android.server.wm.WindowManagerService$H.handleMessage(WindowManagerService.java:4900)
12-15 18:23:07.649 I/WindowManager(  624): 	at android.os.Handler.dispatchMessage(Handler.java:106)
12-15 18:23:07.649 I/WindowManager(  624): 	at android.os.Looper.loop(Looper.java:193)
12-15 18:23:07.649 I/WindowManager(  624): 	at android.os.HandlerThread.run(HandlerThread.java:65)
12-15 18:23:07.649 I/WindowManager(  624): 	at com.android.server.ServiceThread.run(ServiceThread.java:44)
12-15 18:23:07.649 I/WindowManager(  624): ******** booted=true msg=false haveBoot=false haveApp=false haveWall=true wallEnabled=true haveKeyguard=true
12-15 18:23:07.650 I/WindowManager(  624): ******************** ENABLING SCREEN!
12-15 18:23:07.650 V/WindowManager(  624): Setting event dispatching to true
12-15 18:23:07.650 D/ActivityManager(  624): bootAnimationComplete, mCallFinishBooting = true
12-15 18:23:07.651 I/SystemServiceManager(  624): Starting phase 1000
12-15 18:23:07.654 D/Genie   (  624): DevicePolicyManagerService systemReady com.tal.genie.voice.receiver.AdminReceiver is already ActiveAdmin, return
12-15 18:23:07.654 D/ColorDisplayService(  624): setUp: currentUser=0
12-15 18:23:07.656 I/UsbDeviceManager(  624): Setting USB config to adb
12-15 18:23:07.661 D/ColorDisplayService(  624): onAutoModeChanged: autoMode=0
12-15 18:23:07.661 I/ColorDisplayService(  624): Turning off night display
12-15 18:23:07.667 V/ActivityManager(  624): broadcast BOOT_COMPLETED intent
12-15 18:23:07.670 D/ActivityManager(  624): Finishing user boot 0
12-15 18:23:07.670 I/ActivityManager(  624): User 0 state changed from BOOTING to RUNNING_LOCKED
12-15 18:23:07.677 D/ActivityManager(  624): Started unlocking user 0
12-15 18:23:07.677 D/ActivityManager(  624): Unlocking user 0 progress 0
12-15 18:23:07.677 D/ActivityManager(  624): Unlocking user 0 progress 5
12-15 18:23:07.685 I/WindowManager(  624): performEnableScreen: mDisplayEnabled=true mForceDisplayEnabled=false mShowingBootMessages=false mSystemBooted=true mOnlyCore=false
12-15 18:23:07.685 I/WindowManager(  624): java.lang.RuntimeException: here
12-15 18:23:07.685 I/WindowManager(  624): 	at com.android.server.wm.WindowManagerService.performEnableScreen(WindowManagerService.java:3499)
12-15 18:23:07.685 I/WindowManager(  624): 	at com.android.server.wm.WindowManagerService.access$1100(WindowManagerService.java:285)
12-15 18:23:07.685 I/WindowManager(  624): 	at com.android.server.wm.WindowManagerService$H.handleMessage(WindowManagerService.java:4900)
12-15 18:23:07.685 I/WindowManager(  624): 	at android.os.Handler.dispatchMessage(Handler.java:106)
12-15 18:23:07.685 I/WindowManager(  624): 	at android.os.Looper.loop(Looper.java:193)
12-15 18:23:07.685 I/WindowManager(  624): 	at android.os.HandlerThread.run(HandlerThread.java:65)
12-15 18:23:07.685 I/WindowManager(  624): 	at com.android.server.ServiceThread.run(ServiceThread.java:44)
12-15 18:23:07.686 I/chatty  (  624): uid=1000(system) android.display identical 1 line
12-15 18:23:07.686 I/WindowManager(  624): performEnableScreen: mDisplayEnabled=true mForceDisplayEnabled=false mShowingBootMessages=false mSystemBooted=true mOnlyCore=false
12-15 18:23:07.686 I/WindowManager(  624): java.lang.RuntimeException: here
12-15 18:23:07.686 I/WindowManager(  624): 	at com.android.server.wm.WindowManagerService.performEnableScreen(WindowManagerService.java:3499)
12-15 18:23:07.686 I/WindowManager(  624): 	at com.android.server.wm.WindowManagerService.access$1100(WindowManagerService.java:285)
12-15 18:23:07.686 I/WindowManager(  624): 	at com.android.server.wm.WindowManagerService$H.handleMessage(WindowManagerService.java:4900)
12-15 18:23:07.686 I/WindowManager(  624): 	at android.os.Handler.dispatchMessage(Handler.java:106)
12-15 18:23:07.686 I/WindowManager(  624): 	at android.os.Looper.loop(Looper.java:193)
12-15 18:23:07.686 I/WindowManager(  624): 	at android.os.HandlerThread.run(HandlerThread.java:65)
12-15 18:23:07.686 I/WindowManager(  624): 	at com.android.server.ServiceThread.run(ServiceThread.java:44)
12-15 18:23:07.697 D/MtkConnectivityService(  624): Got NetworkFactory Messenger for WIFI
12-15 18:23:07.697 D/MtkConnectivityService(  624): Got NetworkFactory Messenger for WIFI_UT
12-15 18:23:07.698 D/WifiP2pService(  624): InactiveState{ when=0 what=69633 target=com.android.internal.util.StateMachine$SmHandler }
12-15 18:23:07.698 D/WifiP2pService(  624): P2pEnabledState{ when=-1ms what=69633 target=com.android.internal.util.StateMachine$SmHandler }
12-15 18:23:07.698 D/WifiP2pService(  624): DefaultState{ when=-1ms what=69633 target=com.android.internal.util.StateMachine$SmHandler }
12-15 18:23:07.698 D/WifiP2pService(  624): InactiveState{ when=0 what=69632 obj=com.android.server.wifi.util.WifiAsyncChannel@f126615 target=com.android.internal.util.StateMachine$SmHandler }
12-15 18:23:07.698 D/WifiP2pService(  624): P2pEnabledState{ when=0 what=69632 obj=com.android.server.wifi.util.WifiAsyncChannel@f126615 target=com.android.internal.util.StateMachine$SmHandler }
12-15 18:23:07.698 D/WifiP2pService(  624): DefaultState{ when=0 what=69632 obj=com.android.server.wifi.util.WifiAsyncChannel@f126615 target=com.android.internal.util.StateMachine$SmHandler }
12-15 18:23:07.698 D/WifiP2pService(  624): Full connection with WifiStateMachine established
12-15 18:23:07.711 V/SettingsProvider(  624): Notifying for 0: content://settings/global/adb_enabled
12-15 18:23:07.712 D/vold    (  270): e4crypt_prepare_user_storage for volume null, user 0, serial 0, flags 2
12-15 18:23:07.712 D/vold    (  270): Preparing: /data/system_ce/0
12-15 18:23:07.712 D/vold    (  270): Preparing: /data/misc_ce/0
12-15 18:23:07.712 D/vold    (  270): Preparing: /data/vendor_ce/0
12-15 18:23:07.713 D/vold    (  270): Preparing: /data/media/0
12-15 18:23:07.713 D/vold    (  270): Preparing: /data/data
12-15 18:23:07.714 V/vold    (  270): Starting restorecon of /data/system_ce/0
12-15 18:23:07.718 D/WifiP2pService(  624): InactiveState{ when=-2ms what=131203 target=com.android.internal.util.StateMachine$SmHandler }
12-15 18:23:07.718 D/WifiP2pService(  624): P2pEnabledState{ when=-2ms what=131203 target=com.android.internal.util.StateMachine$SmHandler }
12-15 18:23:07.718 D/WifiP2pService(  624): DefaultState{ when=-2ms what=131203 target=com.android.internal.util.StateMachine$SmHandler }
12-15 18:23:07.718 E/WifiP2pService(  624): Unhandled message { when=-3ms what=131203 target=com.android.internal.util.StateMachine$SmHandler }
12-15 18:23:07.783 V/vold    (  270): Finished restorecon of /data/system_ce/0
12-15 18:23:07.783 V/vold    (  270): Starting restorecon of /data/misc_ce/0
12-15 18:23:07.819 W/WindowManager(  624): App freeze timeout expired.
12-15 18:23:08.062 I/ActivityManager(  624): User 0 state changed from RUNNING_LOCKED to RUNNING_UNLOCKING
12-15 18:23:08.062 W/Looper  (  624): Slow dispatch took 352ms android.fg h=android.os.Handler c=com.android.server.am.-$$Lambda$UserController$o6oQFjGYYIfx-I94cSakTLPLt6s@1c04e91 m=0
12-15 18:23:08.062 I/SystemServiceManager(  624): Calling onUnlockUser u0
12-15 18:23:08.063 W/Looper  (  624): Slow delivery took 352ms android.fg h=com.android.server.usb.UsbDebuggingManager$UsbDebuggingHandler c=null m=1
12-15 18:23:08.063 W/Looper  (  624): Drained
12-15 18:23:08.089 W/VoiceInteractionManagerService(  624): no available voice recognition services found for user 0
12-15 18:23:08.093 I/ActivityManager(  624): User 0 state changed from RUNNING_UNLOCKING to RUNNING_UNLOCKED
12-15 18:23:08.105 I/ActivityManager(  624): Sending BOOT_COMPLETE user #0
12-15 18:23:08.145 W/ActivityManager(  624): Slow operation: 51ms so far, now at startProcess: building log message
12-15 18:23:08.145 I/ActivityManager(  624): Start proc 1083:com.tal.genie.push/1000 for added application com.tal.genie.push
12-15 18:23:08.145 W/ActivityManager(  624): Slow operation: 51ms so far, now at startProcess: starting to update pids map
12-15 18:23:08.145 W/ActivityManager(  624): Slow operation: 51ms so far, now at startProcess: done updating pids map
12-15 18:23:08.149 W/ActivityManager(  624): Slow operation: 54ms so far, now at startProcess: asking zygote to start proc
12-15 18:23:08.170 I/WindowManager(  624): Focus moving from Window{f9aafe7 u0 com.android.settings/com.android.settings.FallbackHome} to null
12-15 18:23:08.170 I/ActivityManager(  624): START u0 {act=android.intent.action.MAIN cat=[android.intent.category.HOME] flg=0x10000100 cmp=com.tal.genie.launcher/.ui.start.StartActivity} from uid 0
12-15 18:23:08.182 E/BatteryExternalStatsWorker(  624): no controller energy info supplied for wifi
12-15 18:23:08.182 E/BatteryExternalStatsWorker(  624): no controller energy info supplied for bluetooth
12-15 18:23:08.182 E/BatteryExternalStatsWorker(  624): no controller energy info supplied for telephony
12-15 18:23:08.183 E/KernelCpuSpeedReader(  624): Failed to read cpu-freq: /sys/devices/system/cpu/cpu0/cpufreq/stats/time_in_state (No such file or directory)
12-15 18:23:08.198 W/ActivityManager(  624): Slow operation: 103ms so far, now at startProcess: returned from zygote!
12-15 18:23:08.200 I/SyncManager(  624): Loaded persisted syncs: 0 periodic syncs, 0 oneshot syncs, 9 total system server jobs, JobStats: FirstLoad: 2/2/0 LastSave: -1/-1/-1
12-15 18:23:08.207 I/AppWidgetServiceImpl(  624): Async processing of onUserUnlocked u0 took 121 ms
12-15 18:23:08.207 W/Looper  (  624): Slow dispatch took 121ms android.fg h=android.os.Handler c=com.android.server.appwidget.-$$Lambda$AppWidgetService$HIwvoPMyKqEhLVIiysgUKH8QJg8@c48283 m=0
12-15 18:23:08.210 E/BackupPasswordManager(  624): Unable to read backup pw version
12-15 18:23:08.211 E/BackupPasswordManager(  624): Unable to read saved backup pw hash
12-15 18:23:08.239 I/ActivityManager(  624): Loading recents for user 0 into memory.
12-15 18:23:08.250 W/ActivityManager(  624): Slow operation: 155ms so far, now at startProcess: done updating battery stats
12-15 18:23:08.251 W/ActivityManager(  624): Slow operation: 156ms so far, now at startProcess: building log message
12-15 18:23:08.251 I/ActivityManager(  624): Start proc 1098:com.tal.genie.voice/u0a27 for added application com.tal.genie.voice
12-15 18:23:08.251 W/ActivityManager(  624): Slow operation: 156ms so far, now at startProcess: starting to update pids map
12-15 18:23:08.251 W/ActivityManager(  624): Slow operation: 156ms so far, now at startProcess: done updating pids map
12-15 18:23:08.257 W/ActivityManager(  624): Slow operation: 161ms so far, now at startProcess: asking zygote to start proc
12-15 18:23:08.299 W/ActivityManager(  624): Slow operation: 203ms so far, now at startProcess: returned from zygote!
12-15 18:23:08.306 W/ActivityManager(  624): Slow operation: 209ms so far, now at startProcess: done updating battery stats
12-15 18:23:08.306 W/ActivityManager(  624): Slow operation: 210ms so far, now at startProcess: building log message
12-15 18:23:08.306 I/ActivityManager(  624): Start proc 1113:com.android.se/1068 for added application com.android.se
12-15 18:23:08.306 W/ActivityManager(  624): Slow operation: 210ms so far, now at startProcess: starting to update pids map
12-15 18:23:08.306 W/ActivityManager(  624): Slow operation: 210ms so far, now at startProcess: done updating pids map
12-15 18:23:08.306 W/ActivityManager(  624): Slow operation: 167ms so far, now at startProcess: asking zygote to start proc
12-15 18:23:08.307 I/EntropyMixer(  624): Writing entropy...
12-15 18:23:08.333 W/ActivityManager(  624): Slow operation: 194ms so far, now at startProcess: returned from zygote!
12-15 18:23:08.334 W/ActivityManager(  624): Slow operation: 194ms so far, now at startProcess: done updating battery stats
12-15 18:23:08.339 W/ActivityManager(  624): Slow operation: 200ms so far, now at startProcess: building log message
12-15 18:23:08.339 I/ActivityManager(  624): Start proc 1120:android.process.media/u0a10 for broadcast com.android.providers.downloads/.DownloadReceiver
12-15 18:23:08.340 W/ActivityManager(  624): Slow operation: 200ms so far, now at startProcess: starting to update pids map
12-15 18:23:08.340 W/ActivityManager(  624): Slow operation: 200ms so far, now at startProcess: done updating pids map
12-15 18:23:08.340 W/ActivityManager(  624): Slow operation: 129ms so far, now at startProcess: asking zygote to start proc
12-15 18:23:08.370 W/ActivityManager(  624): Slow operation: 160ms so far, now at startProcess: returned from zygote!
12-15 18:23:08.370 W/ActivityManager(  624): Slow operation: 160ms so far, now at startProcess: done updating battery stats
12-15 18:23:08.371 W/ActivityManager(  624): Slow operation: 160ms so far, now at startProcess: building log message
12-15 18:23:08.371 I/ActivityManager(  624): Start proc 1139:com.tal.genie.launcher/1000 for activity com.tal.genie.launcher/.ui.start.StartActivity
12-15 18:23:08.371 W/ActivityManager(  624): Slow operation: 160ms so far, now at startProcess: starting to update pids map
12-15 18:23:08.371 W/ActivityManager(  624): Slow operation: 161ms so far, now at startProcess: done updating pids map
12-15 18:23:08.418 I/UsbPortManager(  624): ClientCallback: dual-role-usb20
12-15 18:23:08.419 I/UsbPortManager(  624): USB port changed: port=UsbPort{id=dual-role-usb20, supportedModes=dual}, status=UsbPortStatus{connected=true, currentMode=ufp, currentPowerRole=sink, currentDataRole=device, supportedRoleCombinations=[sink:device]}, canChangeMode=false, canChangePowerRole=false, canChangeDataRole=false
12-15 18:23:08.428 I/BackupManagerService(  624): Unlocking system user; mService=com.android.server.backup.BackupManagerService@a4a56db
12-15 18:23:08.430 I/BackupManagerService(  624): Backup enabled => false
12-15 18:23:08.653 I/ActivityManager(  624): Start proc 1183:com.android.keychain/1000 for service com.android.keychain/.KeyChainService
12-15 18:23:08.834 W/ActivityThread( 1083): ClassLoader.getResourceAsStream: The class loader returned by Thread.getContextClassLoader() may fail for processes that host multiple applications. You should explicitly specify a context class loader. For example: Thread.setContextClassLoader(getClass().getClassLoader());
12-15 18:23:09.136 W/ContextImpl( 1083): Calling a method in the system process without a qualified user: android.app.ContextImpl.startService:1532 android.content.ContextWrapper.startService:664 com.tal.genie.app_keepalive.KeepAliveApplication.startService:49 com.tal.genie.app_keepalive.KeepAliveApplication.startKeepAliveService:36 com.tal.genie.app_keepalive.KeepAliveApplication.start:24 
12-15 18:23:09.278 I/BroadcastQueue(  624): Delay finish: android/com.android.server.BootReceiver
12-15 18:23:09.311 I/BootReceiver(  624): Copying audit failures to DropBox
12-15 18:23:09.313 W/BootReceiver(  624): cannot read last msg
12-15 18:23:09.313 W/BootReceiver(  624): java.io.FileNotFoundException: /proc/last_kmsg (Permission denied)
12-15 18:23:09.313 W/BootReceiver(  624): 	at java.io.FileInputStream.open0(Native Method)
12-15 18:23:09.313 W/BootReceiver(  624): 	at java.io.FileInputStream.open(FileInputStream.java:231)
12-15 18:23:09.313 W/BootReceiver(  624): 	at java.io.FileInputStream.<init>(FileInputStream.java:165)
12-15 18:23:09.313 W/BootReceiver(  624): 	at android.os.FileUtils.readTextFile(FileUtils.java:514)
12-15 18:23:09.313 W/BootReceiver(  624): 	at com.android.server.BootReceiver.logFsShutdownTime(BootReceiver.java:525)
12-15 18:23:09.313 W/BootReceiver(  624): 	at com.android.server.BootReceiver.logBootEvents(BootReceiver.java:243)
12-15 18:23:09.313 W/BootReceiver(  624): 	at com.android.server.BootReceiver.access$000(BootReceiver.java:66)
12-15 18:23:09.313 W/BootReceiver(  624): 	at com.android.server.BootReceiver$1.run(BootReceiver.java:127)
12-15 18:23:09.314 I/BootReceiver(  624): Checking for fsck errors
12-15 18:23:09.316 I/BootReceiver(  624): fs_stat, partition:cache stat:0x3
12-15 18:23:09.320 I/BootReceiver(  624): fs_stat, partition:nvdata stat:0x3
12-15 18:23:09.320 I/BootReceiver(  624): fs_stat, partition:nvcfg stat:0x43
12-15 18:23:09.425 I/ActivityManager(  624): START u0 {cmp=com.tal.genie.launcher/.ui.initializer.InitializerHomeActivity} from uid 1000
12-15 18:23:09.438 W/ContextImpl( 1139): Calling a method in the system process without a qualified user: android.app.ContextImpl.startForegroundService:1538 android.content.ContextWrapper.startForegroundService:669 com.tal.genie.launcher.service.RemoteServiceManager.startLockScreenAction:44 com.tal.genie.launcher.service.RemoteServiceManager.startService:27 com.tal.genie.launcher.ui.start.StartActivity.onCreate:31 
12-15 18:23:09.501 W/ContextImpl( 1139): Calling a method in the system process without a qualified user: android.app.ContextImpl.startService:1532 android.content.ContextWrapper.startService:664 android.content.ContextWrapper.startService:664 android.app.Activity.onEnterAnimationComplete:6662 android.app.Activity.dispatchEnterAnimationComplete:6673 
12-15 18:23:09.503 W/ContextImpl( 1139): Calling a method in the system process without a qualified user: android.app.ContextImpl.startService:1532 android.content.ContextWrapper.startService:664 android.content.ContextWrapper.startService:664 android.app.Activity.onEnterAnimationComplete:6662 android.app.Activity.dispatchEnterAnimationComplete:6673 
12-15 18:23:09.567 W/ContextImpl( 1083): Calling a method in the system process without a qualified user: android.app.ContextImpl.bindService:1612 android.content.ContextWrapper.bindService:698 com.tal.genie.app_keepalive.KeepAliveService.setForeground:115 com.tal.genie.app_keepalive.KeepAliveService.onStartCommand:74 android.app.ActivityThread.handleServiceArgs:3698 
12-15 18:23:09.576 W/ContextImpl( 1083): Calling a method in the system process without a qualified user: android.app.ContextImpl.bindService:1612 android.content.ContextWrapper.bindService:698 com.tal.genie.app_keepalive.KeepAliveService.startRtcService:162 com.tal.genie.app_keepalive.KeepAliveService.setForeground:116 com.tal.genie.app_keepalive.KeepAliveService.onStartCommand:74 
12-15 18:23:09.648 W/ActivityManager(  624): Slow operation: 68ms so far, now at startProcess: returned from zygote!
12-15 18:23:09.648 W/ActivityManager(  624): Slow operation: 68ms so far, now at startProcess: done updating battery stats
12-15 18:23:09.648 W/ActivityManager(  624): Slow operation: 68ms so far, now at startProcess: building log message
12-15 18:23:09.648 I/ActivityManager(  624): Start proc 1295:com.tal.genie.rtc/1000 for service com.tal.genie.rtc/.RTCService
12-15 18:23:09.648 W/ActivityManager(  624): Slow operation: 68ms so far, now at startProcess: starting to update pids map
12-15 18:23:09.648 W/ActivityManager(  624): Slow operation: 68ms so far, now at startProcess: done updating pids map
12-15 18:23:09.700 E/NotificationService(  624): Muting recently noisy 0|com.tal.genie.push|1083|null|1000
12-15 18:23:09.739 W/ActivityThread( 1139): ClassLoader.getResourceAsStream: The class loader returned by Thread.getContextClassLoader() may fail for processes that host multiple applications. You should explicitly specify a context class loader. For example: Thread.setContextClassLoader(getClass().getClassLoader());
12-15 18:23:09.740 W/ContextImpl(  624): Calling a method in the system process without a qualified user: android.app.ContextImpl.sendBroadcast:1006 com.android.server.audio.AudioService.setMicrophoneMuteNoCallerCheck:2539 com.android.server.audio.AudioService.setMicrophoneMute:2525 android.media.IAudioService$Stub.onTransact:236 android.os.Binder.execTransact:731 
12-15 18:23:09.782 W/ContextImpl( 1139): Calling a method in the system process without a qualified user: android.app.ContextImpl.startActivity:888 android.content.ContextWrapper.startActivity:379 com.tal.genie.launcher.ui.PageRouter.startNormalWifiSettingNoBackButton:140 com.tal.genie.launcher.ui.InitializerPageRouter.startNormalWifiSettingNoBackButton:29 com.tal.genie.launcher.ui.initializer.InitializerHomeActivity.onResume:50 
12-15 18:23:09.783 W/ContextImpl( 1139): Calling a method in the system process without a qualified user: android.app.ContextImpl.startActivity:900 android.app.ContextImpl.startActivity:889 android.content.ContextWrapper.startActivity:379 com.tal.genie.launcher.ui.PageRouter.startNormalWifiSettingNoBackButton:140 com.tal.genie.launcher.ui.InitializerPageRouter.startNormalWifiSettingNoBackButton:29 
12-15 18:23:09.783 I/ActivityManager(  624): START u0 {flg=0x10000000 cmp=com.tal.genie.wifisetup/.MainActivity (has extras)} from uid 1000
12-15 18:23:09.840 I/ActivityManager(  624): Start proc 1314:com.tal.genie.wifisetup/1000 for activity com.tal.genie.wifisetup/.MainActivity
12-15 18:23:09.902 W/ContextImpl( 1139): Calling a method in the system process without a qualified user: android.app.ContextImpl.startService:1532 android.content.ContextWrapper.startService:664 android.content.ContextWrapper.startService:664 android.app.Activity.onEnterAnimationComplete:6662 android.app.Activity.dispatchEnterAnimationComplete:6673 
12-15 18:23:10.076 I/WindowManager(  624): Relayout Window{7199129 u0 com.tal.genie.launcher/com.tal.genie.launcher.ui.initializer.InitializerHomeActivity}: oldVis=4 newVis=0 focusMayChange = true
12-15 18:23:10.150 I/WindowManager(  624): ******* TELLING SURFACE FLINGER WE ARE BOOTED!
12-15 18:23:10.158 W/wificond(  453): Scan is not started. Ignore abort request
12-15 18:23:10.369 I/MTKWifiDisplayController(  624): Received NETWORK_STATE_CHANGED,con:false,SSID:null,Freq:0,netId:-1, updated:false
12-15 18:23:10.495 I/chatty  (  624): uid=1000(system) android.display identical 3 lines
12-15 18:23:10.598 I/MTKWifiDisplayController(  624): Received NETWORK_STATE_CHANGED,con:false,SSID:null,Freq:0,netId:-1, updated:false
12-15 18:23:10.678 I/WindowManager(  624): Relayout Window{9a46f1f u0 com.tal.genie.wifisetup/com.tal.genie.wifisetup.MainActivity}: oldVis=4 newVis=0 focusMayChange = true
12-15 18:23:10.693 I/WindowManager(  624): Focus moving from null to Window{9a46f1f u0 com.tal.genie.wifisetup/com.tal.genie.wifisetup.MainActivity}
12-15 18:23:10.985 I/MTKWifiDisplayController(  624): Received NETWORK_STATE_CHANGED,con:false,SSID:null,Freq:0,netId:-1, updated:false
12-15 18:23:10.995 W/DnsManager(  624): updatePrivateDns(100, PrivateDnsConfig{false:/[]})
12-15 18:23:10.998 W/ContextImpl(  624): Calling a method in the system process without a qualified user: android.app.ContextImpl.sendBroadcastAsUserMultiplePermissions:1054 com.android.server.wifi.WifiConfigManager.sendConfiguredNetworkChangedBroadcast:660 com.android.server.wifi.WifiConfigManager.setNetworkStatus:1338 com.android.server.wifi.WifiConfigManager.updateNetworkAfterConnect:1619 com.android.server.wifi.WifiStateMachine.registerConnected:3832 
12-15 18:23:11.018 I/MTKWifiDisplayController(  624): Received NETWORK_STATE_CHANGED,con:true,SSID:"TAL-Device",Freq:5280,netId:0, updated:true
12-15 18:23:11.018 I/MTKWifiDisplayController(  624): Received NETWORK_STATE_CHANGED,con:true,SSID:"TAL-Device",Freq:5280,netId:0, updated:false
12-15 18:23:11.036 W/ContextImpl( 1139): Calling a method in the system process without a qualified user: android.app.ContextImpl.sendBroadcast:1006 android.content.ContextWrapper.sendBroadcast:444 com.tal.genie.push_receiver.PushSenderNetManager.sendWifiDisconnectedCloseBroadcast:60 com.tal.genie.launcher.service.NetChangeListener.closeNetDisConnectPrompt:72 com.tal.genie.launcher.service.NetChangeListener.onWifiConnected:66 
12-15 18:23:11.046 W/NetworkStatsRecorder(  624): unknown interfaces [wlan0, lo], ignoring those stats
12-15 18:23:11.046 W/NetworkStatsRecorder(  624): unknown interfaces [wlan0, lo], ignoring those stats
12-15 18:23:11.050 E/BatteryExternalStatsWorker(  624): no controller energy info supplied for wifi
12-15 18:23:11.052 W/NetworkStatsRecorder(  624): unknown interfaces [wlan0, lo], ignoring those stats
12-15 18:23:11.052 W/NetworkStatsRecorder(  624): unknown interfaces [wlan0, lo], ignoring those stats
12-15 18:23:11.065 I/NetworkStats(  624): NetworkIdentity: {type=WIFI, subType=COMBINED, networkId="TAL-Device", metered=false, defaultNetwork=false}
12-15 18:23:11.085 W/NetworkStatsRecorder(  624): unknown interfaces [lo], ignoring those stats
12-15 18:23:11.086 I/chatty  (  624): uid=1000(system) ConnectivitySer identical 2 lines
12-15 18:23:11.092 W/NetworkStatsRecorder(  624): unknown interfaces [lo], ignoring those stats
12-15 18:23:11.101 I/NetworkStats(  624): NetworkIdentity: {type=WIFI, subType=COMBINED, networkId="TAL-Device", metered=false, defaultNetwork=false}
12-15 18:23:11.133 W/ContextImpl( 1314): Calling a method in the system process without a qualified user: android.app.ContextImpl.startService:1532 android.content.ContextWrapper.startService:664 android.content.ContextWrapper.startService:664 android.app.Activity.onEnterAnimationComplete:6662 android.app.Activity.dispatchEnterAnimationComplete:6673 
12-15 18:23:11.168 W/ActivityThread( 1295): ClassLoader.getResourceAsStream: The class loader returned by Thread.getContextClassLoader() may fail for processes that host multiple applications. You should explicitly specify a context class loader. For example: Thread.setContextClassLoader(getClass().getClassLoader());
12-15 18:23:11.172 I/NetworkStatsRecorder(  624): recordSnapshotLocked: ident[[{type=WIFI, subType=COMBINED, networkId="TAL-Device", metered=false, defaultNetwork=false}]]
12-15 18:23:11.172 W/NetworkStatsRecorder(  624): unknown interfaces [lo], ignoring those stats
12-15 18:23:11.172 I/NetworkStatsRecorder(  624): recordSnapshotLocked: ident[[{type=WIFI, subType=COMBINED, networkId="TAL-Device", metered=false, defaultNetwork=false}]]
12-15 18:23:11.172 W/NetworkStatsRecorder(  624): unknown interfaces [lo], ignoring those stats
12-15 18:23:11.172 I/NetworkStatsRecorder(  624): recordSnapshotLocked: ident[[{type=WIFI, subType=COMBINED, networkId="TAL-Device", metered=false, defaultNetwork=false}]]
12-15 18:23:11.173 I/NetworkStatsRecorder(  624): recordSnapshotLocked: ident[[{type=WIFI, subType=COMBINED, networkId="TAL-Device", metered=false, defaultNetwork=false}]]
12-15 18:23:11.173 W/NetworkStatsRecorder(  624): unknown interfaces [lo], ignoring those stats
12-15 18:23:11.173 I/NetworkStatsRecorder(  624): recordSnapshotLocked: ident[[{type=WIFI, subType=COMBINED, networkId="TAL-Device", metered=false, defaultNetwork=false}]]
12-15 18:23:11.173 W/NetworkStatsRecorder(  624): unknown interfaces [lo], ignoring those stats
12-15 18:23:11.182 I/NetworkStats(  624): NetworkIdentity: {type=WIFI, subType=COMBINED, networkId="TAL-Device", metered=false, defaultNetwork=true}
12-15 18:23:11.192 I/WindowManager(  624): Focus moving from Window{9a46f1f u0 com.tal.genie.wifisetup/com.tal.genie.wifisetup.MainActivity} to Window{7199129 u0 com.tal.genie.launcher/com.tal.genie.launcher.ui.initializer.InitializerHomeActivity}
12-15 18:23:11.256 W/ContextImpl( 1295): Calling a method in the system process without a qualified user: android.app.ContextImpl.startService:1532 android.content.ContextWrapper.startService:664 com.netease.nimlib.service.NimService.a:145 com.netease.nimlib.ipc.b.d:75 com.netease.nimlib.ipc.b.<init>:67 
12-15 18:23:11.285 W/ContextImpl( 1295): Calling a method in the system process without a qualified user: android.app.ContextImpl.startService:1532 android.content.ContextWrapper.startService:664 com.netease.nimlib.ipc.c.c:180 com.netease.nimlib.ipc.c.b:146 com.netease.nimlib.ipc.c.b:79 
12-15 18:23:11.303 W/ContextImpl(  624): Calling a method in the system process without a qualified user: android.app.ContextImpl.sendBroadcastAsUserMultiplePermissions:1054 com.android.server.wifi.WifiConfigManager.sendConfiguredNetworkChangedBroadcast:660 com.android.server.wifi.WifiConfigManager.setNetworkStatus:1338 com.android.server.wifi.WifiConfigManager.setNetworkSelectionStatus:1361 com.android.server.wifi.WifiConfigManager.updateNetworkSelectionStatus:1403 
12-15 18:23:11.304 E/ActivityThread(  624): Failed to find provider info for telephony
12-15 18:23:11.312 W/ContextImpl( 1295): Calling a method in the system process without a qualified user: android.app.ContextImpl.bindService:1612 android.content.ContextWrapper.bindService:698 com.netease.nimlib.ipc.c.c:183 com.netease.nimlib.ipc.c.b:146 com.netease.nimlib.ipc.c.b:79 
12-15 18:23:11.321 W/ActivityManager(  624): Slow operation: 55ms so far, now at startProcess: returned from zygote!
12-15 18:23:11.321 W/ActivityManager(  624): Slow operation: 55ms so far, now at startProcess: done updating battery stats
12-15 18:23:11.322 W/ActivityManager(  624): Slow operation: 55ms so far, now at startProcess: building log message
12-15 18:23:11.322 I/ActivityManager(  624): Start proc 1451:com.tal.genie.rtc:core/1000 for service com.tal.genie.rtc/com.netease.nimlib.service.NimService
12-15 18:23:11.322 W/ActivityManager(  624): Slow operation: 55ms so far, now at startProcess: starting to update pids map
12-15 18:23:11.322 W/ActivityManager(  624): Slow operation: 55ms so far, now at startProcess: done updating pids map
12-15 18:23:11.376 W/ContextImpl( 1295): Calling a method in the system process without a qualified user: android.app.ContextImpl.startService:1532 android.content.ContextWrapper.startService:664 com.netease.nimlib.ipc.c.c:180 com.netease.nimlib.ipc.c.b:146 com.netease.nimlib.ipc.c.b:79 
12-15 18:23:11.377 W/ContextImpl( 1295): Calling a method in the system process without a qualified user: android.app.ContextImpl.bindService:1612 android.content.ContextWrapper.bindService:698 com.netease.nimlib.ipc.c.c:183 com.netease.nimlib.ipc.c.b:146 com.netease.nimlib.ipc.c.b:79 
12-15 18:23:11.467 W/ContextImpl( 1139): Calling a method in the system process without a qualified user: android.app.ContextImpl.startService:1532 android.content.ContextWrapper.startService:664 android.content.ContextWrapper.startService:664 android.app.Activity.onEnterAnimationComplete:6662 android.app.Activity.dispatchEnterAnimationComplete:6673 
12-15 18:23:11.583 I/TransportClient(  624): LocalTransportService#0: Notifying [TransportManager.registerTransport()] transport = IBackupTransport
12-15 18:23:11.621 I/BroadcastQueue(  624): Resuming delayed broadcast
12-15 18:23:11.723 W/ActivityManager(  624): Slow operation: 55ms so far, now at startProcess: returned from zygote!
12-15 18:23:11.750 W/ActivityManager(  624): Slow operation: 83ms so far, now at startProcess: done updating battery stats
12-15 18:23:11.751 W/ActivityManager(  624): Slow operation: 84ms so far, now at startProcess: building log message
12-15 18:23:11.751 I/ActivityManager(  624): Start proc 1497:com.mediatek.mtklogger/u0a35 for broadcast com.mediatek.mtklogger/.framework.LogReceiver
12-15 18:23:11.752 W/ActivityManager(  624): Slow operation: 84ms so far, now at startProcess: starting to update pids map
12-15 18:23:11.752 W/ActivityManager(  624): Slow operation: 85ms so far, now at startProcess: done updating pids map
12-15 18:23:11.765 I/BackupManagerService(  624): Found stale backup journal, scheduling
12-15 18:23:11.767 I/chatty  (  624): uid=1000(system) backup identical 5 lines
12-15 18:23:11.787 I/BackupManagerService(  624): Found stale backup journal, scheduling
12-15 18:23:11.788 W/BroadcastQueue(  624): Permission Denial: broadcasting Intent { act=android.net.conn.CONNECTIVITY_CHANGE flg=0x4200010 (has extras) } from null (pid=-1, uid=-1) requires com.tencent.bugly.BuglyBroadcastReceiver.permission due to registered receiver BroadcastFilter{2f9d9fa u0 ReceiverList{5cd2425 1451 com.tal.genie.rtc:core/1000/u0 remote:b51e01c}}
12-15 18:23:11.789 I/BackupManagerService(  624): Found stale backup journal, scheduling
12-15 18:23:11.793 I/chatty  (  624): uid=1000(system) backup identical 9 lines
12-15 18:23:11.793 I/BackupManagerService(  624): Found stale backup journal, scheduling
12-15 18:23:11.820 W/ContextImpl( 1295): Calling a method in the system process without a qualified user: android.app.ContextImpl.startForegroundService:1538 android.content.ContextWrapper.startForegroundService:669 com.tal.genie.rtc.RTCService$Companion.start:40 com.tal.genie.rtc.RtcApplication.onCreate:79 android.app.Instrumentation.callApplicationOnCreate:1154 
12-15 18:23:12.008 W/BroadcastQueue(  624): Permission Denial: broadcasting Intent { act=android.net.conn.CONNECTIVITY_CHANGE flg=0x4200010 (has extras) } from null (pid=-1, uid=-1) requires com.tencent.bugly.BuglyBroadcastReceiver.permission due to registered receiver BroadcastFilter{663b077 u0 ReceiverList{cc88276 1098 com.tal.genie.voice/10027/u0 remote:29b7111}}
12-15 18:23:12.131 W/Looper  (  624): Slow dispatch took 470ms main h=android.app.ActivityThread$H c=null m=114
12-15 18:23:12.132 W/Looper  (  624): Slow delivery took 471ms main h=android.app.ActivityThread$H c=null m=121
12-15 18:23:12.142 W/ContextImpl( 1083): Calling a method in the system process without a qualified user: android.app.ContextImpl.sendBroadcast:1006 android.content.ContextWrapper.sendBroadcast:444 com.tal.genie.push.ota.OTAHelper.sendCheckUpgrade:133 com.tal.genie.push.ota.OTAHelper$1.run:63 android.os.Handler.handleCallback:873 
12-15 18:23:12.279 W/Looper  (  624): Slow dispatch took 147ms main h=android.app.ActivityThread$H c=null m=114
12-15 18:23:12.424 W/Looper  (  624): Drained
12-15 18:23:12.501 W/ContextImpl( 1295): Calling a method in the system process without a qualified user: android.app.ContextImpl.bindService:1612 android.content.ContextWrapper.bindService:698 com.tal.genie.rtc.RTCService.startPushService:73 com.tal.genie.rtc.RTCService.onCreate:51 android.app.ActivityThread.handleCreateService:3563 
12-15 18:23:12.598 W/ActivityManager(  624): Slow operation: 117ms so far, now at startProcess: returned from zygote!
12-15 18:23:12.598 W/ActivityManager(  624): Slow operation: 117ms so far, now at startProcess: done updating battery stats
12-15 18:23:12.599 W/ActivityManager(  624): Slow operation: 118ms so far, now at startProcess: building log message
12-15 18:23:12.599 I/ActivityManager(  624): Start proc 1597:com.android.gallery3d/u0a48 for broadcast com.android.gallery3d/com.mediatek.gallery3d.adapter.FeatureServiceStart
12-15 18:23:12.599 W/ActivityManager(  624): Slow operation: 118ms so far, now at startProcess: starting to update pids map
12-15 18:23:12.599 W/ActivityManager(  624): Slow operation: 118ms so far, now at startProcess: done updating pids map
12-15 18:23:13.448 W/ActivityManager(  624): Slow operation: 103ms so far, now at startProcess: returned from zygote!
12-15 18:23:13.448 W/ActivityManager(  624): Slow operation: 104ms so far, now at startProcess: done updating battery stats
12-15 18:23:13.449 W/ActivityManager(  624): Slow operation: 105ms so far, now at startProcess: building log message
12-15 18:23:13.449 I/ActivityManager(  624): Start proc 1638:com.android.managedprovisioning/u0a22 for broadcast com.android.managedprovisioning/.preprovisioning.BootReminder
12-15 18:23:13.449 W/ActivityManager(  624): Slow operation: 105ms so far, now at startProcess: starting to update pids map
12-15 18:23:13.449 W/ActivityManager(  624): Slow operation: 105ms so far, now at startProcess: done updating pids map
12-15 18:23:13.773 I/ActivityManager(  624): Start proc 1653:com.android.packageinstaller/u0a23 for broadcast com.android.packageinstaller/.TemporaryFileManager
12-15 18:23:14.105 I/ActivityManager(  624): Start proc 1670:com.android.providers.calendar/u0a6 for broadcast com.android.providers.calendar/.CalendarReceiver
12-15 18:23:14.312 I/BroadcastQueue(  624): Delay finish: com.android.providers.media/.MediaScannerReceiver
12-15 18:23:14.586 I/ActivityManager(  624): Process com.mediatek.mtklogger (pid 1497) has died: cch+4CEM 
12-15 18:23:14.688 I/BroadcastQueue(  624): Resuming delayed broadcast
12-15 18:23:14.738 I/ActivityManager(  624): Start proc 1692:com.android.traceur/u0a45 for broadcast com.android.traceur/.Receiver
12-15 18:23:14.801 I/sn      (  467): Retry 2
12-15 18:23:14.801 I/sn      (  467): Fail to access err=2
12-15 18:23:14.801 I/chatty  (  467): uid=1000(system) identical 1 line
12-15 18:23:14.801 I/sn      (  467): Fail to access err=2
12-15 18:23:14.801 I/sn      (  467): Check all possible paths
12-15 18:23:14.901 I/ActivityManager(  624): Start proc 1708:com.mediatek.camera/u0a32 for broadcast com.mediatek.camera/.DisableCameraReceiver
12-15 18:23:15.033 I/ActivityManager(  624): Start proc 1726:com.mediatek.duraspeed/1000 for broadcast com.mediatek.duraspeed/.DuraSpeedAppReceiver
12-15 18:23:15.238 W/ActivityManager(  624): Slow operation: 66ms so far, now at startProcess: returned from zygote!
12-15 18:23:15.239 W/ActivityManager(  624): Slow operation: 67ms so far, now at startProcess: done updating battery stats
12-15 18:23:15.240 W/ActivityManager(  624): Slow operation: 68ms so far, now at startProcess: building log message
12-15 18:23:15.240 I/ActivityManager(  624): Start proc 1742:com.mediatek.engineermode/1001 for broadcast com.mediatek.engineermode/.boot.EmBootupReceiver
12-15 18:23:15.240 W/ActivityManager(  624): Slow operation: 68ms so far, now at startProcess: starting to update pids map
12-15 18:23:15.240 W/ActivityManager(  624): Slow operation: 68ms so far, now at startProcess: done updating pids map
12-15 18:23:15.240 I/ActivityManager(  624): Process com.mediatek.duraspeed (pid 1726) has died: cch  CEM 
12-15 18:23:15.410 I/ActivityManager(  624): Start proc 1763:com.mediatek.thermalmanager/1000 for broadcast com.mediatek.thermalmanager/.ServiceStarter
12-15 18:23:15.533 I/ActivityManager(  624): Finished processing BOOT_COMPLETED for u0
12-15 18:23:24.802 I/sn      (  467): Retry 3
12-15 18:23:24.802 I/sn      (  467): Fail to access err=2
12-15 18:23:24.802 I/chatty  (  467): uid=1000(system) identical 1 line
12-15 18:23:24.802 I/sn      (  467): Fail to access err=2
12-15 18:23:24.802 I/sn      (  467): Check all possible paths
12-15 18:23:33.574 I/ActivityManager(  624): Start proc 1812:android.ext.services/u0a7 for service android.ext.services/.storage.CacheQuotaServiceImpl
12-15 18:23:34.802 I/sn      (  467): Retry 4
12-15 18:23:34.803 I/sn      (  467): Fail to access err=2
12-15 18:23:34.803 I/chatty  (  467): uid=1000(system) identical 1 line
12-15 18:23:34.803 I/sn      (  467): Fail to access err=2
12-15 18:23:34.803 I/sn      (  467): Check all possible paths
12-15 18:23:40.326 W/ContextImpl( 1139): Calling a method in the system process without a qualified user: android.app.ContextImpl.sendBroadcast:1006 android.content.ContextWrapper.sendBroadcast:444 android.content.ContextWrapper.sendBroadcast:444 android.view.View.dispatchTouchEvent:12526 android.view.ViewGroup.dispatchTransformedTouchEvent:3083 
12-15 18:23:40.479 I/ActivityManager(  624): START u0 {cmp=com.tal.genie.launcher/.ui.initializer.InitializerBindActivity} from uid 1000
12-15 18:23:40.505 I/WindowManager(  624): Focus moving from Window{7199129 u0 com.tal.genie.launcher/com.tal.genie.launcher.ui.initializer.InitializerHomeActivity} to null
12-15 18:23:40.678 I/WindowManager(  624): Relayout Window{33cdd3b u0 com.tal.genie.launcher/com.tal.genie.launcher.ui.initializer.InitializerBindActivity}: oldVis=4 newVis=0 focusMayChange = true
12-15 18:23:40.685 I/WindowManager(  624): Focus moving from null to Window{33cdd3b u0 com.tal.genie.launcher/com.tal.genie.launcher.ui.initializer.InitializerBindActivity}
12-15 18:23:40.762 W/ContextImpl( 1139): Calling a method in the system process without a qualified user: android.app.ContextImpl.startService:1532 android.content.ContextWrapper.startService:664 android.content.ContextWrapper.startService:664 android.app.Activity.onEnterAnimationComplete:6662 android.app.Activity.dispatchEnterAnimationComplete:6673 
12-15 18:23:40.765 W/ContextImpl( 1139): Calling a method in the system process without a qualified user: android.app.ContextImpl.startService:1532 android.content.ContextWrapper.startService:664 android.content.ContextWrapper.startService:664 android.app.Activity.onEnterAnimationComplete:6662 android.app.Activity.dispatchEnterAnimationComplete:6673 
12-15 18:23:40.980 W/ContextImpl( 1139): Calling a method in the system process without a qualified user: android.app.ContextImpl.sendBroadcast:1006 android.content.ContextWrapper.sendBroadcast:444 com.tal.genie.userdata.receiver.TokenUpdateManager.sendToken:40 com.tal.genie.userdata.LoginDataManager.updateALlLoginData:65 com.tal.genie.app_model.remote.client.login.LoginClient.cacheLoginData:73 
12-15 18:23:40.992 W/BroadcastQueue(  624): Background execution not allowed: receiving Intent { act=access.token.update.action flg=0x10 (has extras) } to com.tal.genie.rtc/.userdata.receiver.TokenUpdateReceiver
12-15 18:23:41.022 W/ContextImpl( 1139): Calling a method in the system process without a qualified user: android.app.ContextImpl.bindService:1612 android.content.ContextWrapper.bindService:698 com.tal.genie.launcher.ui.voice.client.BaseServiceClient.bindService:70 com.tal.genie.launcher.ui.voice.client.BaseServiceClient.bindService:81 com.tal.genie.launcher.ui.voice.client.VoiceServiceClient.init:58 
12-15 18:23:41.024 W/ContextImpl( 1139): Calling a method in the system process without a qualified user: android.app.ContextImpl.sendBroadcast:1006 android.content.ContextWrapper.sendBroadcast:444 com.tal.genie.launcher.service.RemoteServiceManager.startVoiceService:106 com.tal.genie.launcher.service.RemoteServiceManager.startVoiceAction:135 com.tal.genie.launcher.service.RemoteServiceManager.startService:31 
12-15 18:23:42.143 W/ContextImpl( 1139): Calling a method in the system process without a qualified user: android.app.ContextImpl.sendBroadcast:1006 android.content.ContextWrapper.sendBroadcast:444 android.content.ContextWrapper.sendBroadcast:444 android.view.View.dispatchTouchEvent:12526 android.view.ViewGroup.dispatchTransformedTouchEvent:3077 
12-15 18:23:43.039 W/NotificationService(  624): Toast already killed. pkg=com.tal.genie.launcher callback=android.app.ITransientNotification$Stub$Proxy@3d76dfc
12-15 18:23:44.552 W/WindowManager(  624): Unable to start animation, surface is null or no children.
12-15 18:23:44.803 I/sn      (  467): Retry 5
12-15 18:23:44.804 I/sn      (  467): Fail to access err=2
12-15 18:23:44.804 I/chatty  (  467): uid=1000(system) identical 1 line
12-15 18:23:44.804 I/sn      (  467): Fail to access err=2
12-15 18:23:44.804 I/sn      (  467): Check all possible paths
12-15 18:23:45.535 I/ActivityManager(  624): START u0 {cmp=com.tal.genie.launcher/.ui.main.MainActivity} from uid 1000
12-15 18:23:45.553 I/WindowManager(  624): Focus moving from Window{33cdd3b u0 com.tal.genie.launcher/com.tal.genie.launcher.ui.initializer.InitializerBindActivity} to null
12-15 18:23:45.642 W/ContextImpl(  624): Calling a method in the system process without a qualified user: android.app.ContextImpl.sendBroadcast:1006 com.android.server.audio.AudioService.setMicrophoneMuteNoCallerCheck:2539 com.android.server.audio.AudioService.setMicrophoneMute:2525 android.media.IAudioService$Stub.onTransact:236 android.os.Binder.execTransact:731 
12-15 18:23:45.661 W/ContextImpl( 1139): Calling a method in the system process without a qualified user: android.app.ContextImpl.sendBroadcast:1006 android.content.ContextWrapper.sendBroadcast:444 com.tal.genie.launcher.service.RemoteServiceManager.startVideoChatService:78 com.tal.genie.launcher.service.RemoteServiceManager.startLauncherAction:58 com.tal.genie.launcher.service.RemoteServiceManager.startService:29 
12-15 18:23:45.662 W/ContextImpl( 1139): Calling a method in the system process without a qualified user: android.app.ContextImpl.sendBroadcast:1006 android.content.ContextWrapper.sendBroadcast:444 com.tal.genie.launcher.service.RemoteServiceManager.startPushService:95 com.tal.genie.launcher.service.RemoteServiceManager.startLauncherAction:60 com.tal.genie.launcher.service.RemoteServiceManager.startService:29 
12-15 18:23:45.665 W/ContextImpl( 1139): Calling a method in the system process without a qualified user: android.app.ContextImpl.startForegroundService:1538 android.content.ContextWrapper.startForegroundService:669 com.tal.genie.launcher.service.RemoteServiceManager.startLockScreenAction:44 com.tal.genie.launcher.service.RemoteServiceManager.startLauncherAction:62 com.tal.genie.launcher.service.RemoteServiceManager.startService:29 
12-15 18:23:45.672 W/ContextImpl( 1139): Calling a method in the system process without a qualified user: android.app.ContextImpl.sendBroadcast:1006 android.content.ContextWrapper.sendBroadcast:444 com.tal.genie.push_receiver.PushSenderBindManager.sendPushBindBroadcastStatic:31 com.tal.genie.push_receiver.PushSenderManager.sendPushBindBroadcastStatic:18 com.tal.genie.launcher.ui.main.MainActivity.onPostCreate:125 
12-15 18:23:45.709 I/WindowManager(  624): Relayout Window{ed04e2c u0 com.tal.genie.launcher/com.tal.genie.launcher.ui.main.MainActivity}: oldVis=4 newVis=0 focusMayChange = true
12-15 18:23:45.714 I/WindowManager(  624): Focus moving from null to Window{ed04e2c u0 com.tal.genie.launcher/com.tal.genie.launcher.ui.main.MainActivity}
12-15 18:23:46.371 W/ContextImpl( 1139): Calling a method in the system process without a qualified user: android.app.ContextImpl.startService:1532 android.content.ContextWrapper.startService:664 android.content.ContextWrapper.startService:664 android.app.Activity.onEnterAnimationComplete:6662 android.app.Activity.dispatchEnterAnimationComplete:6673 
12-15 18:23:46.374 W/ContextImpl( 1139): Calling a method in the system process without a qualified user: android.app.ContextImpl.startService:1532 android.content.ContextWrapper.startService:664 android.content.ContextWrapper.startService:664 android.app.Activity.onEnterAnimationComplete:6662 android.app.Activity.dispatchEnterAnimationComplete:6673 
12-15 18:23:46.515 W/ContextImpl( 1139): Calling a method in the system process without a qualified user: android.app.ContextImpl.sendBroadcast:1006 android.content.ContextWrapper.sendBroadcast:444 com.tal.genie.lockscreen.receiver.LockScreenReceiver.sendBroadCastToVoice:189 com.tal.genie.lockscreen.receiver.LockScreenListener.eyesProtect:23 com.tal.genie.service_controldata.EyesProtectManager.eyesProtectDetector:145 
12-15 18:23:46.813 W/ContextImpl( 1083): Calling a method in the system process without a qualified user: android.app.ContextImpl.sendBroadcast:1006 android.content.ContextWrapper.sendBroadcast:444 com.tal100.chatsdk.TMPushListener.onReceivedRegisterId:41 com.tal100.chatsdk.TMPushManager.onRecvRegisterId:156 <bottom of call stack> 
12-15 18:23:47.382 W/ContextImpl( 1139): Calling a method in the system process without a qualified user: android.app.ContextImpl.sendBroadcast:1006 android.content.ContextWrapper.sendBroadcast:444 android.content.ContextWrapper.sendBroadcast:444 android.view.View.dispatchTouchEvent:12526 android.view.ViewGroup.dispatchTransformedTouchEvent:3077 
12-15 18:23:50.133 W/ContextImpl( 1139): Calling a method in the system process without a qualified user: android.app.ContextImpl.sendBroadcast:1006 android.content.ContextWrapper.sendBroadcast:444 android.content.ContextWrapper.sendBroadcast:444 android.view.View.dispatchTouchEvent:12526 android.view.ViewGroup.dispatchTransformedTouchEvent:3077 
12-15 18:23:50.248 I/ActivityManager(  624): START u0 {dat=genie://www.tal.com/fingerRead flg=0x10000000 cmp=com.tal.genie.voice/com.tal.genie.dicbook.cread.ClickReadActivity} from uid 1000
12-15 18:23:50.324 I/WindowManager(  624): Focus moving from Window{ed04e2c u0 com.tal.genie.launcher/com.tal.genie.launcher.ui.main.MainActivity} to null
12-15 18:23:50.851 I/WindowManager(  624): Relayout Window{a42e19a u0 com.tal.genie.voice/com.tal.genie.dicbook.cread.ClickReadActivity}: oldVis=4 newVis=0 focusMayChange = true
12-15 18:23:50.857 I/WindowManager(  624): Focus moving from null to Window{a42e19a u0 com.tal.genie.voice/com.tal.genie.dicbook.cread.ClickReadActivity}
12-15 18:23:53.168 I/WindowManager(  624): Focus moving from Window{a42e19a u0 com.tal.genie.voice/com.tal.genie.dicbook.cread.ClickReadActivity} to Window{ed04e2c u0 com.tal.genie.launcher/com.tal.genie.launcher.ui.main.MainActivity}
12-15 18:23:53.322 W/ContextImpl( 1139): Calling a method in the system process without a qualified user: android.app.ContextImpl.startService:1532 android.content.ContextWrapper.startService:664 android.content.ContextWrapper.startService:664 android.app.Activity.onEnterAnimationComplete:6662 android.app.Activity.dispatchEnterAnimationComplete:6673 
12-15 18:23:54.036 W/WindowManager(  624): removeWindowToken: Attempted to remove non-existing token: android.os.Binder@d1c85e9
12-15 18:23:54.804 I/sn      (  467): Retry 6
