11-18 11:03:12.268 W/ContextImpl( 1218): Calling a method in the system process without a qualified user: android.app.ContextImpl.sendBroadcast:1006 android.content.ContextWrapper.sendBroadcast:444 android.content.ContextWrapper.sendBroadcast:444 android.view.View.dispatchTouchEvent:12526 android.view.ViewGroup.dispatchTransformedTouchEvent:3077 
11-18 11:03:13.945 I/WindowManager(  630): Focus moving from Window{860fd2 u0 com.tal.genie.launcher/com.tal.genie.setting.activity.PersonalActivity} to null
11-18 11:03:13.956 W/ContextImpl( 1218): Calling a method in the system process without a qualified user: android.app.ContextImpl.startService:1532 android.content.ContextWrapper.startService:664 android.content.ContextWrapper.startService:664 android.app.Activity.onPostResume:1391 androidx.fragment.app.FragmentActivity.onPostResume:446 
11-18 11:03:13.969 I/WindowManager(  630): Relayout Window{740721f u0 com.tal.genie.launcher/com.tal.genie.setting.activity.SettingActivity}: oldVis=8 newVis=0 focusMayChange = true
11-18 11:03:13.973 I/WindowManager(  630): Focus moving from null to Window{740721f u0 com.tal.genie.launcher/com.tal.genie.setting.activity.SettingActivity}
11-18 11:03:19.392 W/ContextImpl( 1218): Calling a method in the system process without a qualified user: android.app.ContextImpl.startActivity:888 android.content.ContextWrapper.startActivity:379 com.tal.genie.lockscreen.receiver.LockScreenReceiver.lockScreen:115 com.tal.genie.lockscreen.receiver.LockScreenReceiver.onReceive:49 android.app.LoadedApk$ReceiverDispatcher$Args.lambda$getRunnable$0:1391 
11-18 11:03:19.392 W/ContextImpl( 1218): Calling a method in the system process without a qualified user: android.app.ContextImpl.startActivity:900 android.app.ContextImpl.startActivity:889 android.content.ContextWrapper.startActivity:379 com.tal.genie.lockscreen.receiver.LockScreenReceiver.lockScreen:115 com.tal.genie.lockscreen.receiver.LockScreenReceiver.onReceive:49 
11-18 11:03:19.393 I/ActivityManager(  630): START u0 {flg=0x10800000 cmp=com.tal.genie.launcher/com.tal.genie.lockscreen.activity.LockScreenActivity} from uid 1000
11-18 11:03:19.406 W/ContextImpl( 1218): Calling a method in the system process without a qualified user: android.app.ContextImpl.sendBroadcast:1006 android.content.ContextWrapper.sendBroadcast:444 com.tal.genie.lockscreen.utils.PushNotificationDialogManager.sendPushNotificationStatus:54 com.tal.genie.lockscreen.utils.PushNotificationDialogManager.sendPushNotificationShow:23 com.tal.genie.lockscreen.receiver.LockScreenReceiver.lockScreen:120 
11-18 11:03:19.425 I/WindowManager(  630): Focus moving from Window{740721f u0 com.tal.genie.launcher/com.tal.genie.setting.activity.SettingActivity} to null
11-18 11:03:19.472 W/ContextImpl( 1218): Calling a method in the system process without a qualified user: android.app.ContextImpl.sendBroadcast:1006 android.content.ContextWrapper.sendBroadcast:444 android.content.ContextWrapper.sendBroadcast:444 com.tal.genie.lockscreen.receiver.LockScreenReceiver.sendBroadCastToVoice:180 com.tal.genie.lockscreen.activity.LockScreenActivity.onTimeTickReceived:156 
11-18 11:03:19.477 W/ContextImpl( 1218): Calling a method in the system process without a qualified user: android.app.ContextImpl.startForegroundService:1538 android.content.ContextWrapper.startForegroundService:669 android.content.ContextWrapper.startForegroundService:669 com.tal.genie.lockscreen.activity.LockScreenActivity.initSevice:84 com.tal.genie.lockscreen.activity.LockScreenActivity.onCreate:77 
11-18 11:03:19.485 W/ContextImpl( 1218): Calling a method in the system process without a qualified user: android.app.ContextImpl.startService:1532 android.content.ContextWrapper.startService:664 android.content.ContextWrapper.startService:664 android.app.Activity.onPostResume:1391 androidx.fragment.app.FragmentActivity.onPostResume:446 
11-18 11:03:19.507 I/WindowManager(  630): Relayout Window{5893cf4 u0 com.tal.genie.launcher/com.tal.genie.lockscreen.activity.LockScreenActivity}: oldVis=4 newVis=0 focusMayChange = true
11-18 11:03:19.511 I/WindowManager(  630): Focus moving from null to Window{5893cf4 u0 com.tal.genie.launcher/com.tal.genie.lockscreen.activity.LockScreenActivity}
11-18 11:03:20.538 W/ContextImpl( 1218): Calling a method in the system process without a qualified user: android.app.ContextImpl.sendBroadcast:1006 android.content.ContextWrapper.sendBroadcast:444 android.content.ContextWrapper.sendBroadcast:444 android.view.View.dispatchTouchEvent:12526 android.view.ViewGroup.dispatchTransformedTouchEvent:3083 
11-18 11:03:21.035 W/ContextImpl( 1218): Calling a method in the system process without a qualified user: android.app.ContextImpl.sendBroadcast:1006 android.content.ContextWrapper.sendBroadcast:444 com.tal.genie.lockscreen.utils.PushNotificationDialogManager.sendPushNotificationStatus:54 com.tal.genie.lockscreen.utils.PushNotificationDialogManager.sendPushNotificationShow:23 com.tal.genie.lockscreen.activity.LockScreenActivity.onFinish:188 
11-18 11:03:21.251 I/WindowManager(  630): Focus moving from Window{5893cf4 u0 com.tal.genie.launcher/com.tal.genie.lockscreen.activity.LockScreenActivity} to null
11-18 11:03:21.261 W/ContextImpl( 1218): Calling a method in the system process without a qualified user: android.app.ContextImpl.startService:1532 android.content.ContextWrapper.startService:664 android.content.ContextWrapper.startService:664 android.app.Activity.onPostResume:1391 androidx.fragment.app.FragmentActivity.onPostResume:446 
11-18 11:03:21.267 I/WindowManager(  630): Relayout Window{740721f u0 com.tal.genie.launcher/com.tal.genie.setting.activity.SettingActivity}: oldVis=8 newVis=0 focusMayChange = true
11-18 11:03:21.271 I/WindowManager(  630): Focus moving from null to Window{740721f u0 com.tal.genie.launcher/com.tal.genie.setting.activity.SettingActivity}
11-18 11:03:22.534 W/ContextImpl( 1218): Calling a method in the system process without a qualified user: android.app.ContextImpl.sendBroadcast:1006 android.content.ContextWrapper.sendBroadcast:444 android.content.ContextWrapper.sendBroadcast:444 android.view.View.dispatchTouchEvent:12526 android.view.ViewGroup.dispatchTransformedTouchEvent:3083 
11-18 11:03:22.630 I/WindowManager(  630): Focus moving from Window{740721f u0 com.tal.genie.launcher/com.tal.genie.setting.activity.SettingActivity} to null
11-18 11:03:22.644 W/ContextImpl( 1218): Calling a method in the system process without a qualified user: android.app.ContextImpl.startService:1532 android.content.ContextWrapper.startService:664 android.content.ContextWrapper.startService:664 android.app.Activity.onPostResume:1391 androidx.fragment.app.FragmentActivity.onPostResume:446 
11-18 11:03:22.660 I/WindowManager(  630): Relayout Window{345991d u0 com.tal.genie.launcher/com.tal.genie.launcher.ui.main.MainActivity}: oldVis=8 newVis=0 focusMayChange = true
11-18 11:03:22.665 I/WindowManager(  630): Focus moving from null to Window{345991d u0 com.tal.genie.launcher/com.tal.genie.launcher.ui.main.MainActivity}
11-18 11:03:24.566 W/ContextImpl( 1218): Calling a method in the system process without a qualified user: android.app.ContextImpl.sendBroadcast:1006 android.content.ContextWrapper.sendBroadcast:444 android.content.ContextWrapper.sendBroadcast:444 android.view.View.dispatchTouchEvent:12526 android.view.ViewGroup.dispatchTransformedTouchEvent:3077 
11-18 11:03:25.331 I/NetworkStatsRecorder(  630): recordSnapshotLocked: ident[[{type=WIFI, subType=COMBINED, networkId="HUAWEI Mate 30 5G", metered=true, defaultNetwork=true}]]
11-18 11:03:25.331 W/NetworkStatsRecorder(  630): unknown interfaces [lo], ignoring those stats
11-18 11:03:25.331 I/NetworkStatsRecorder(  630): recordSnapshotLocked: ident[[{type=WIFI, subType=COMBINED, networkId="HUAWEI Mate 30 5G", metered=true, defaultNetwork=true}]]
11-18 11:03:25.331 W/NetworkStatsRecorder(  630): unknown interfaces [lo], ignoring those stats
11-18 11:03:25.332 I/NetworkStatsRecorder(  630): recordSnapshotLocked: ident[[{type=WIFI, subType=COMBINED, networkId="HUAWEI Mate 30 5G", metered=true, defaultNetwork=true}]]
11-18 11:03:25.332 I/chatty  (  630): uid=1000(system) NetworkStats identical 2 lines
11-18 11:03:25.332 I/NetworkStatsRecorder(  630): recordSnapshotLocked: ident[[{type=WIFI, subType=COMBINED, networkId="HUAWEI Mate 30 5G", metered=true, defaultNetwork=true}]]
11-18 11:03:25.332 W/NetworkStatsRecorder(  630): unknown interfaces [lo], ignoring those stats
11-18 11:03:25.333 I/NetworkStatsRecorder(  630): recordSnapshotLocked: ident[[{type=WIFI, subType=COMBINED, networkId="HUAWEI Mate 30 5G", metered=true, defaultNetwork=true}]]
11-18 11:03:25.333 I/chatty  (  630): uid=1000(system) NetworkStats identical 1 line
11-18 11:03:25.333 I/NetworkStatsRecorder(  630): recordSnapshotLocked: ident[[{type=WIFI, subType=COMBINED, networkId="HUAWEI Mate 30 5G", metered=true, defaultNetwork=true}]]
11-18 11:03:25.333 W/NetworkStatsRecorder(  630): unknown interfaces [lo], ignoring those stats
11-18 11:03:30.052 W/ContextImpl( 1218): Calling a method in the system process without a qualified user: android.app.ContextImpl.sendBroadcast:1006 android.content.ContextWrapper.sendBroadcast:444 android.content.ContextWrapper.sendBroadcast:444 android.view.View.dispatchTouchEvent:12526 android.view.ViewGroup.dispatchTransformedTouchEvent:3083 
11-18 11:03:30.142 I/ActivityManager(  630): START u0 {cmp=com.tal.genie.launcher/com.tal.genie.setting.activity.SettingActivity} from uid 1000
11-18 11:03:30.167 I/WindowManager(  630): Focus moving from Window{345991d u0 com.tal.genie.launcher/com.tal.genie.launcher.ui.main.MainActivity} to null
11-18 11:03:30.229 W/ContextImpl( 1218): Calling a method in the system process without a qualified user: android.app.ContextImpl.startService:1532 android.content.ContextWrapper.startService:664 android.content.ContextWrapper.startService:664 android.app.Activity.onPostResume:1391 androidx.fragment.app.FragmentActivity.onPostResume:446 
11-18 11:03:30.247 I/WindowManager(  630): Relayout Window{9c9fa87 u0 com.tal.genie.launcher/com.tal.genie.setting.activity.SettingActivity}: oldVis=4 newVis=0 focusMayChange = true
11-18 11:03:30.250 I/WindowManager(  630): Focus moving from null to Window{9c9fa87 u0 com.tal.genie.launcher/com.tal.genie.setting.activity.SettingActivity}
11-18 11:03:31.768 W/ContextImpl( 1218): Calling a method in the system process without a qualified user: android.app.ContextImpl.sendBroadcast:1006 android.content.ContextWrapper.sendBroadcast:444 android.content.ContextWrapper.sendBroadcast:444 android.view.View.dispatchTouchEvent:12526 android.view.ViewGroup.dispatchTransformedTouchEvent:3083 
11-18 11:03:31.866 I/WindowManager(  630): Focus moving from Window{9c9fa87 u0 com.tal.genie.launcher/com.tal.genie.setting.activity.SettingActivity} to null
11-18 11:03:31.881 W/ContextImpl( 1218): Calling a method in the system process without a qualified user: android.app.ContextImpl.startService:1532 android.content.ContextWrapper.startService:664 android.content.ContextWrapper.startService:664 android.app.Activity.onPostResume:1391 androidx.fragment.app.FragmentActivity.onPostResume:446 
11-18 11:03:31.892 I/WindowManager(  630): Relayout Window{345991d u0 com.tal.genie.launcher/com.tal.genie.launcher.ui.main.MainActivity}: oldVis=8 newVis=0 focusMayChange = true
11-18 11:03:31.897 I/WindowManager(  630): Focus moving from null to Window{345991d u0 com.tal.genie.launcher/com.tal.genie.launcher.ui.main.MainActivity}
11-18 11:03:37.227 W/ContextImpl( 1218): Calling a method in the system process without a qualified user: android.app.ContextImpl.startActivity:888 android.content.ContextWrapper.startActivity:379 com.tal.genie.lockscreen.receiver.LockScreenReceiver.lockScreen:115 com.tal.genie.lockscreen.receiver.LockScreenReceiver.onReceive:49 android.app.LoadedApk$ReceiverDispatcher$Args.lambda$getRunnable$0:1391 
11-18 11:03:37.227 W/ContextImpl( 1218): Calling a method in the system process without a qualified user: android.app.ContextImpl.startActivity:900 android.app.ContextImpl.startActivity:889 android.content.ContextWrapper.startActivity:379 com.tal.genie.lockscreen.receiver.LockScreenReceiver.lockScreen:115 com.tal.genie.lockscreen.receiver.LockScreenReceiver.onReceive:49 
11-18 11:03:37.228 I/ActivityManager(  630): START u0 {flg=0x10800000 cmp=com.tal.genie.launcher/com.tal.genie.lockscreen.activity.LockScreenActivity} from uid 1000
11-18 11:03:37.242 W/ContextImpl( 1218): Calling a method in the system process without a qualified user: android.app.ContextImpl.sendBroadcast:1006 android.content.ContextWrapper.sendBroadcast:444 com.tal.genie.lockscreen.utils.PushNotificationDialogManager.sendPushNotificationStatus:54 com.tal.genie.lockscreen.utils.PushNotificationDialogManager.sendPushNotificationShow:23 com.tal.genie.lockscreen.receiver.LockScreenReceiver.lockScreen:120 
11-18 11:03:37.262 I/WindowManager(  630): Focus moving from Window{345991d u0 com.tal.genie.launcher/com.tal.genie.launcher.ui.main.MainActivity} to null
11-18 11:03:37.301 W/ContextImpl( 1218): Calling a method in the system process without a qualified user: android.app.ContextImpl.sendBroadcast:1006 android.content.ContextWrapper.sendBroadcast:444 android.content.ContextWrapper.sendBroadcast:444 com.tal.genie.lockscreen.receiver.LockScreenReceiver.sendBroadCastToVoice:180 com.tal.genie.lockscreen.activity.LockScreenActivity.onTimeTickReceived:156 
11-18 11:03:37.312 W/ContextImpl( 1218): Calling a method in the system process without a qualified user: android.app.ContextImpl.startForegroundService:1538 android.content.ContextWrapper.startForegroundService:669 android.content.ContextWrapper.startForegroundService:669 com.tal.genie.lockscreen.activity.LockScreenActivity.initSevice:84 com.tal.genie.lockscreen.activity.LockScreenActivity.onCreate:77 
11-18 11:03:37.320 W/ContextImpl( 1218): Calling a method in the system process without a qualified user: android.app.ContextImpl.startService:1532 android.content.ContextWrapper.startService:664 android.content.ContextWrapper.startService:664 android.app.Activity.onPostResume:1391 androidx.fragment.app.FragmentActivity.onPostResume:446 
11-18 11:03:37.344 I/WindowManager(  630): Relayout Window{33ef8e5 u0 com.tal.genie.launcher/com.tal.genie.lockscreen.activity.LockScreenActivity}: oldVis=4 newVis=0 focusMayChange = true
11-18 11:03:37.348 I/WindowManager(  630): Focus moving from null to Window{33ef8e5 u0 com.tal.genie.launcher/com.tal.genie.lockscreen.activity.LockScreenActivity}
11-18 11:03:39.551 W/ContextImpl( 1218): Calling a method in the system process without a qualified user: android.app.ContextImpl.sendBroadcast:1006 android.content.ContextWrapper.sendBroadcast:444 android.content.ContextWrapper.sendBroadcast:444 android.view.View.dispatchTouchEvent:12526 android.view.ViewGroup.dispatchTransformedTouchEvent:3083 
11-18 11:03:40.087 W/ContextImpl( 1218): Calling a method in the system process without a qualified user: android.app.ContextImpl.sendBroadcast:1006 android.content.ContextWrapper.sendBroadcast:444 com.tal.genie.lockscreen.utils.PushNotificationDialogManager.sendPushNotificationStatus:54 com.tal.genie.lockscreen.utils.PushNotificationDialogManager.sendPushNotificationShow:23 com.tal.genie.lockscreen.activity.LockScreenActivity.onFinish:188 
11-18 11:03:40.312 I/WindowManager(  630): Focus moving from Window{33ef8e5 u0 com.tal.genie.launcher/com.tal.genie.lockscreen.activity.LockScreenActivity} to null
11-18 11:03:40.326 W/ContextImpl( 1218): Calling a method in the system process without a qualified user: android.app.ContextImpl.startService:1532 android.content.ContextWrapper.startService:664 android.content.ContextWrapper.startService:664 android.app.Activity.onPostResume:1391 androidx.fragment.app.FragmentActivity.onPostResume:446 
11-18 11:03:40.340 I/WindowManager(  630): Relayout Window{345991d u0 com.tal.genie.launcher/com.tal.genie.launcher.ui.main.MainActivity}: oldVis=8 newVis=0 focusMayChange = true
11-18 11:03:40.347 I/WindowManager(  630): Focus moving from null to Window{345991d u0 com.tal.genie.launcher/com.tal.genie.launcher.ui.main.MainActivity}
11-18 11:03:41.984 W/ContextImpl( 1218): Calling a method in the system process without a qualified user: android.app.ContextImpl.sendBroadcast:1006 android.content.ContextWrapper.sendBroadcast:444 android.content.ContextWrapper.sendBroadcast:444 android.view.View.dispatchTouchEvent:12526 android.view.ViewGroup.dispatchTransformedTouchEvent:3083 
11-18 11:03:42.074 I/ActivityManager(  630): START u0 {cmp=com.tal.genie.launcher/com.tal.genie.setting.activity.SettingActivity} from uid 1000
11-18 11:03:42.096 I/WindowManager(  630): Focus moving from Window{345991d u0 com.tal.genie.launcher/com.tal.genie.launcher.ui.main.MainActivity} to null
11-18 11:03:42.168 W/ContextImpl( 1218): Calling a method in the system process without a qualified user: android.app.ContextImpl.startService:1532 android.content.ContextWrapper.startService:664 android.content.ContextWrapper.startService:664 android.app.Activity.onPostResume:1391 androidx.fragment.app.FragmentActivity.onPostResume:446 
11-18 11:03:42.191 I/WindowManager(  630): Relayout Window{27ecdc5 u0 com.tal.genie.launcher/com.tal.genie.setting.activity.SettingActivity}: oldVis=4 newVis=0 focusMayChange = true
11-18 11:03:42.204 I/WindowManager(  630): Focus moving from null to Window{27ecdc5 u0 com.tal.genie.launcher/com.tal.genie.setting.activity.SettingActivity}
11-18 11:03:44.473 W/ContextImpl( 1218): Calling a method in the system process without a qualified user: android.app.ContextImpl.sendBroadcast:1006 android.content.ContextWrapper.sendBroadcast:444 android.content.ContextWrapper.sendBroadcast:444 android.view.View.dispatchTouchEvent:12526 android.view.ViewGroup.dispatchTransformedTouchEvent:3083 
11-18 11:03:44.559 I/ActivityManager(  630): START u0 {flg=0x10000000 cmp=com.tal.genie.wifisetup/.MainActivity} from uid 1000
11-18 11:03:44.601 I/ActivityManager(  630): Start proc 2529:com.tal.genie.wifisetup/1000 for activity com.tal.genie.wifisetup/.MainActivity
11-18 11:03:44.679 I/WindowManager(  630): Focus moving from Window{27ecdc5 u0 com.tal.genie.launcher/com.tal.genie.setting.activity.SettingActivity} to null
11-18 11:03:44.679 W/ActivityManager(  630): Request to remove task ignored for non-existent task 12
11-18 11:03:45.095 W/ContextImpl( 2529): Calling a method in the system process without a qualified user: android.app.ContextImpl.startService:1532 android.content.ContextWrapper.startService:664 android.content.ContextWrapper.startService:664 android.app.Activity.onPostResume:1391 androidx.fragment.app.FragmentActivity.onPostResume:467 
11-18 11:03:45.163 I/WindowManager(  630): Relayout Window{eb2f046 u0 com.tal.genie.wifisetup/com.tal.genie.wifisetup.MainActivity}: oldVis=4 newVis=0 focusMayChange = true
11-18 11:03:45.168 I/WindowManager(  630): Focus moving from null to Window{eb2f046 u0 com.tal.genie.wifisetup/com.tal.genie.wifisetup.MainActivity}
11-18 11:03:46.787 W/ContextImpl( 2529): Calling a method in the system process without a qualified user: android.app.ContextImpl.sendBroadcast:1006 android.content.ContextWrapper.sendBroadcast:444 android.content.ContextWrapper.sendBroadcast:444 android.content.ContextWrapper.sendBroadcast:444 android.view.View.dispatchTouchEvent:12526 
11-18 11:03:47.995 W/ContextImpl( 2529): Calling a method in the system process without a qualified user: android.app.ContextImpl.sendBroadcast:1006 android.content.ContextWrapper.sendBroadcast:444 android.content.ContextWrapper.sendBroadcast:444 android.content.ContextWrapper.sendBroadcast:444 android.view.View.dispatchTouchEvent:12526 
11-18 11:03:48.689 E/TaskPersister(  630): File error accessing recents directory (directory doesn't exist?).
11-18 11:03:49.151 W/ContextImpl( 2529): Calling a method in the system process without a qualified user: android.app.ContextImpl.sendBroadcast:1006 android.content.ContextWrapper.sendBroadcast:444 android.content.ContextWrapper.sendBroadcast:444 android.content.ContextWrapper.sendBroadcast:444 android.view.View.dispatchTouchEvent:12526 
11-18 11:03:49.245 I/WindowManager(  630): Focus moving from Window{eb2f046 u0 com.tal.genie.wifisetup/com.tal.genie.wifisetup.MainActivity} to Window{27ecdc5 u0 com.tal.genie.launcher/com.tal.genie.setting.activity.SettingActivity}
11-18 11:03:49.288 W/ContextImpl( 1218): Calling a method in the system process without a qualified user: android.app.ContextImpl.startService:1532 android.content.ContextWrapper.startService:664 android.content.ContextWrapper.startService:664 android.app.Activity.onPostResume:1391 androidx.fragment.app.FragmentActivity.onPostResume:446 
11-18 11:03:52.370 E/TaskPersister(  630): File error accessing recents directory (directory doesn't exist?).
11-18 11:03:54.762 W/ContextImpl( 1218): Calling a method in the system process without a qualified user: android.app.ContextImpl.startActivity:888 android.content.ContextWrapper.startActivity:379 com.tal.genie.lockscreen.receiver.LockScreenReceiver.lockScreen:115 com.tal.genie.lockscreen.receiver.LockScreenReceiver.onReceive:49 android.app.LoadedApk$ReceiverDispatcher$Args.lambda$getRunnable$0:1391 
11-18 11:03:54.762 W/ContextImpl( 1218): Calling a method in the system process without a qualified user: android.app.ContextImpl.startActivity:900 android.app.ContextImpl.startActivity:889 android.content.ContextWrapper.startActivity:379 com.tal.genie.lockscreen.receiver.LockScreenReceiver.lockScreen:115 com.tal.genie.lockscreen.receiver.LockScreenReceiver.onReceive:49 
11-18 11:03:54.763 I/ActivityManager(  630): START u0 {flg=0x10800000 cmp=com.tal.genie.launcher/com.tal.genie.lockscreen.activity.LockScreenActivity} from uid 1000
11-18 11:03:54.777 W/ContextImpl( 1218): Calling a method in the system process without a qualified user: android.app.ContextImpl.sendBroadcast:1006 android.content.ContextWrapper.sendBroadcast:444 com.tal.genie.lockscreen.utils.PushNotificationDialogManager.sendPushNotificationStatus:54 com.tal.genie.lockscreen.utils.PushNotificationDialogManager.sendPushNotificationShow:23 com.tal.genie.lockscreen.receiver.LockScreenReceiver.lockScreen:120 
11-18 11:03:54.791 I/WindowManager(  630): Focus moving from Window{27ecdc5 u0 com.tal.genie.launcher/com.tal.genie.setting.activity.SettingActivity} to null
11-18 11:03:54.829 W/ContextImpl( 1218): Calling a method in the system process without a qualified user: android.app.ContextImpl.sendBroadcast:1006 android.content.ContextWrapper.sendBroadcast:444 android.content.ContextWrapper.sendBroadcast:444 com.tal.genie.lockscreen.receiver.LockScreenReceiver.sendBroadCastToVoice:180 com.tal.genie.lockscreen.activity.LockScreenActivity.onTimeTickReceived:156 
11-18 11:03:54.835 W/ContextImpl( 1218): Calling a method in the system process without a qualified user: android.app.ContextImpl.startForegroundService:1538 android.content.ContextWrapper.startForegroundService:669 android.content.ContextWrapper.startForegroundService:669 com.tal.genie.lockscreen.activity.LockScreenActivity.initSevice:84 com.tal.genie.lockscreen.activity.LockScreenActivity.onCreate:77 
11-18 11:03:54.842 W/ContextImpl( 1218): Calling a method in the system process without a qualified user: android.app.ContextImpl.startService:1532 android.content.ContextWrapper.startService:664 android.content.ContextWrapper.startService:664 android.app.Activity.onPostResume:1391 androidx.fragment.app.FragmentActivity.onPostResume:446 
11-18 11:03:54.858 I/WindowManager(  630): Relayout Window{755306 u0 com.tal.genie.launcher/com.tal.genie.lockscreen.activity.LockScreenActivity}: oldVis=4 newVis=0 focusMayChange = true
11-18 11:03:54.862 I/WindowManager(  630): Focus moving from null to Window{755306 u0 com.tal.genie.launcher/com.tal.genie.lockscreen.activity.LockScreenActivity}
11-18 11:03:56.057 W/ContextImpl( 1218): Calling a method in the system process without a qualified user: android.app.ContextImpl.sendBroadcast:1006 android.content.ContextWrapper.sendBroadcast:444 android.content.ContextWrapper.sendBroadcast:444 android.view.View.dispatchTouchEvent:12526 android.view.ViewGroup.dispatchTransformedTouchEvent:3077 
11-18 11:03:56.606 W/ContextImpl( 1218): Calling a method in the system process without a qualified user: android.app.ContextImpl.sendBroadcast:1006 android.content.ContextWrapper.sendBroadcast:444 com.tal.genie.lockscreen.utils.PushNotificationDialogManager.sendPushNotificationStatus:54 com.tal.genie.lockscreen.utils.PushNotificationDialogManager.sendPushNotificationShow:23 com.tal.genie.lockscreen.activity.LockScreenActivity.onFinish:188 
11-18 11:03:56.825 I/WindowManager(  630): Focus moving from Window{755306 u0 com.tal.genie.launcher/com.tal.genie.lockscreen.activity.LockScreenActivity} to null
11-18 11:03:56.835 W/ContextImpl( 1218): Calling a method in the system process without a qualified user: android.app.ContextImpl.startService:1532 android.content.ContextWrapper.startService:664 android.content.ContextWrapper.startService:664 android.app.Activity.onPostResume:1391 androidx.fragment.app.FragmentActivity.onPostResume:446 
11-18 11:03:56.845 I/WindowManager(  630): Relayout Window{27ecdc5 u0 com.tal.genie.launcher/com.tal.genie.setting.activity.SettingActivity}: oldVis=8 newVis=0 focusMayChange = true
11-18 11:03:56.849 I/WindowManager(  630): Focus moving from null to Window{27ecdc5 u0 com.tal.genie.launcher/com.tal.genie.setting.activity.SettingActivity}
11-18 11:04:00.029 W/ContextImpl( 1218): Calling a method in the system process without a qualified user: android.app.ContextImpl.sendBroadcast:1006 android.content.ContextWrapper.sendBroadcast:444 com.tal.genie.launcher.service.TimeTickListener.sendOTASilentBroadcast:62 com.tal.genie.launcher.service.TimeTickListener.onTimeTickReceived:31 com.tal.genie.base_receiver.time.TimeTickManager.onTimeTickReceived:80 
11-18 11:04:00.042 W/ContextImpl( 1218): Calling a method in the system process without a qualified user: android.app.ContextImpl.sendBroadcast:1006 android.content.ContextWrapper.sendBroadcast:444 com.tal.genie.service_controldata.EyesProtectManager.sendEyesProtectorBroadcast:362 com.tal.genie.service_controldata.EyesProtectManager.eyesProtectDetector:135 com.tal.genie.launcher.service.TimeTickListener.onTimeTickReceived:34 
11-18 11:04:00.055 W/ContextImpl( 1218): Calling a method in the system process without a qualified user: android.app.ContextImpl.sendBroadcast:1006 android.content.ContextWrapper.sendBroadcast:444 com.tal.genie.lockscreen.receiver.LockScreenReceiver.sendBroadCastToVoice:180 com.tal.genie.lockscreen.receiver.LockScreenReceiver.onReceive:67 android.app.LoadedApk$ReceiverDispatcher$Args.lambda$getRunnable$0:1391 
11-18 11:04:01.619 W/ContextImpl( 1218): Calling a method in the system process without a qualified user: android.app.ContextImpl.startActivity:888 android.content.ContextWrapper.startActivity:379 com.tal.genie.lockscreen.receiver.LockScreenReceiver.lockScreen:115 com.tal.genie.lockscreen.receiver.LockScreenReceiver.onReceive:49 android.app.LoadedApk$ReceiverDispatcher$Args.lambda$getRunnable$0:1391 
11-18 11:04:01.620 W/ContextImpl( 1218): Calling a method in the system process without a qualified user: android.app.ContextImpl.startActivity:900 android.app.ContextImpl.startActivity:889 android.content.ContextWrapper.startActivity:379 com.tal.genie.lockscreen.receiver.LockScreenReceiver.lockScreen:115 com.tal.genie.lockscreen.receiver.LockScreenReceiver.onReceive:49 
11-18 11:04:01.621 I/ActivityManager(  630): START u0 {flg=0x10800000 cmp=com.tal.genie.launcher/com.tal.genie.lockscreen.activity.LockScreenActivity} from uid 1000
11-18 11:04:01.637 W/ContextImpl( 1218): Calling a method in the system process without a qualified user: android.app.ContextImpl.sendBroadcast:1006 android.content.ContextWrapper.sendBroadcast:444 com.tal.genie.lockscreen.utils.PushNotificationDialogManager.sendPushNotificationStatus:54 com.tal.genie.lockscreen.utils.PushNotificationDialogManager.sendPushNotificationShow:23 com.tal.genie.lockscreen.receiver.LockScreenReceiver.lockScreen:120 
11-18 11:04:01.653 I/WindowManager(  630): Focus moving from Window{27ecdc5 u0 com.tal.genie.launcher/com.tal.genie.setting.activity.SettingActivity} to null
11-18 11:04:01.694 W/ContextImpl( 1218): Calling a method in the system process without a qualified user: android.app.ContextImpl.sendBroadcast:1006 android.content.ContextWrapper.sendBroadcast:444 android.content.ContextWrapper.sendBroadcast:444 com.tal.genie.lockscreen.receiver.LockScreenReceiver.sendBroadCastToVoice:180 com.tal.genie.lockscreen.activity.LockScreenActivity.onTimeTickReceived:156 
11-18 11:04:01.701 W/ContextImpl( 1218): Calling a method in the system process without a qualified user: android.app.ContextImpl.startForegroundService:1538 android.content.ContextWrapper.startForegroundService:669 android.content.ContextWrapper.startForegroundService:669 com.tal.genie.lockscreen.activity.LockScreenActivity.initSevice:84 com.tal.genie.lockscreen.activity.LockScreenActivity.onCreate:77 
11-18 11:04:01.707 W/ContextImpl( 1218): Calling a method in the system process without a qualified user: android.app.ContextImpl.startService:1532 android.content.ContextWrapper.startService:664 android.content.ContextWrapper.startService:664 android.app.Activity.onPostResume:1391 androidx.fragment.app.FragmentActivity.onPostResume:446 
11-18 11:04:01.718 I/WindowManager(  630): Relayout Window{cb875c6 u0 com.tal.genie.launcher/com.tal.genie.lockscreen.activity.LockScreenActivity}: oldVis=4 newVis=0 focusMayChange = true
11-18 11:04:01.722 I/WindowManager(  630): Focus moving from null to Window{cb875c6 u0 com.tal.genie.launcher/com.tal.genie.lockscreen.activity.LockScreenActivity}
11-18 11:04:01.862 E/storaged(  470): getDiskStats failed with result NOT_SUPPORTED and size 0
11-18 11:04:56.156 I/PowerManagerService(  630): Going to sleep due to screen timeout (uid 1000)...
11-18 11:04:56.157 W/UsageStatsService(  630): Event reported without a package name
11-18 11:04:56.157 I/PowerManagerService(  630): Sleeping (uid 1000)...
11-18 11:04:56.157 I/DisplayPowerController(  630): Blocking screen off
11-18 11:04:56.157 I/DisplayPowerController(  630): Unblocked screen off after 1 ms
11-18 11:04:56.164 W/KernelCpuProcReader(  630): File not exist: /proc/uid_cpupower/concurrent_active_time
11-18 11:04:56.165 W/KernelCpuProcReader(  630): File not exist: /proc/uid_cpupower/concurrent_policy_time
11-18 11:04:56.171 E/KernelCpuSpeedReader(  630): Failed to read cpu-freq: /sys/devices/system/cpu/cpu0/cpufreq/stats/time_in_state (No such file or directory)
11-18 11:04:56.186 I/DisplayManagerService(  630): Display device changed state: "", OFF
11-18 11:05:01.180 W/ContextImpl( 1218): Calling a method in the system process without a qualified user: android.app.ContextImpl.sendBroadcast:1006 android.content.ContextWrapper.sendBroadcast:444 android.content.ContextWrapper.sendBroadcast:444 com.tal.genie.lockscreen.receiver.LockScreenReceiver.sendBroadCastToVoice:180 com.tal.genie.lockscreen.activity.LockScreenActivity.onTimeTickReceived:156 
11-18 11:05:01.199 W/ContextImpl( 1218): Calling a method in the system process without a qualified user: android.app.ContextImpl.sendBroadcast:1006 android.content.ContextWrapper.sendBroadcast:444 com.tal.genie.launcher.service.TimeTickListener.sendOTASilentBroadcast:62 com.tal.genie.launcher.service.TimeTickListener.onTimeTickReceived:31 com.tal.genie.base_receiver.time.TimeTickManager.onTimeTickReceived:80 
11-18 11:05:01.214 W/ContextImpl( 1218): Calling a method in the system process without a qualified user: android.app.ContextImpl.sendBroadcast:1006 android.content.ContextWrapper.sendBroadcast:444 com.tal.genie.service_controldata.EyesProtectManager.sendEyesProtectorBroadcast:362 com.tal.genie.service_controldata.EyesProtectManager.eyesProtectDetector:135 com.tal.genie.launcher.service.TimeTickListener.onTimeTickReceived:34 
11-18 11:05:01.230 W/ContextImpl( 1218): Calling a method in the system process without a qualified user: android.app.ContextImpl.sendBroadcast:1006 android.content.ContextWrapper.sendBroadcast:444 com.tal.genie.lockscreen.receiver.LockScreenReceiver.sendBroadCastToVoice:180 com.tal.genie.lockscreen.receiver.LockScreenReceiver.onReceive:67 android.app.LoadedApk$ReceiverDispatcher$Args.lambda$getRunnable$0:1391 
11-18 11:05:01.862 E/storaged(  470): getDiskStats failed with result NOT_SUPPORTED and size 0
11-18 11:05:05.318 I/PowerManagerService(  630): Waking up from sleep (uid=1000 reason=android.policy:POWER)...
11-18 11:05:05.318 W/UsageStatsService(  630): Event reported without a package name
11-18 11:05:05.319 I/DisplayPowerController(  630): Blocking screen on until initial contents have been drawn.
11-18 11:05:05.320 E/KernelCpuSpeedReader(  630): Failed to read cpu-freq: /sys/devices/system/cpu/cpu0/cpufreq/stats/time_in_state (No such file or directory)
11-18 11:05:05.349 W/ContextImpl( 1218): Calling a method in the system process without a qualified user: android.app.ContextImpl.startService:1532 android.content.ContextWrapper.startService:664 android.content.ContextWrapper.startService:664 android.app.Activity.onPostResume:1391 androidx.fragment.app.FragmentActivity.onPostResume:446 
11-18 11:05:05.357 W/BroadcastQueue(  630): Background execution not allowed: receiving Intent { act=android.intent.action.USER_PRESENT flg=0x24200010 } to com.tal.genie.launcher/com.tal.genie.lockscreen.receiver.LockScreenReceiver
11-18 11:05:05.361 I/DisplayManagerService(  630): Display device changed state: "", ON
11-18 11:05:05.361 I/WindowManager(  630): Waiting for drawn Window{cb875c6 u0 com.tal.genie.launcher/com.tal.genie.lockscreen.activity.LockScreenActivity}: removed=false visible=true mHasSurface=true drawState=1
11-18 11:05:05.370 I/WindowManager(  630): Waiting for drawn Window{cb875c6 u0 com.tal.genie.launcher/com.tal.genie.lockscreen.activity.LockScreenActivity}: removed=false visible=true mHasSurface=true drawState=1
11-18 11:05:05.373 I/WindowManager(  630): Waiting for drawn Window{cb875c6 u0 com.tal.genie.launcher/com.tal.genie.lockscreen.activity.LockScreenActivity}: removed=false visible=true mHasSurface=true drawState=1
11-18 11:05:05.384 I/WindowManager(  630): Waiting for drawn Window{cb875c6 u0 com.tal.genie.launcher/com.tal.genie.lockscreen.activity.LockScreenActivity}: removed=false visible=true mHasSurface=true drawState=1
11-18 11:05:05.399 I/WindowManager(  630): Waiting for drawn Window{cb875c6 u0 com.tal.genie.launcher/com.tal.genie.lockscreen.activity.LockScreenActivity}: removed=false visible=true mHasSurface=true drawState=4
11-18 11:05:05.400 W/ContextImpl( 1218): Calling a method in the system process without a qualified user: android.app.ContextImpl.sendBroadcast:1006 android.content.ContextWrapper.sendBroadcast:444 com.tal.genie.lockscreen.receiver.LockScreenReceiver.sendUnlockScreenOnBroadcast:152 com.tal.genie.lockscreen.receiver.LockScreenReceiver.onReceive:47 android.app.LoadedApk$ReceiverDispatcher$Args.lambda$getRunnable$0:1391 
11-18 11:05:05.412 W/ContextImpl( 1218): Calling a method in the system process without a qualified user: android.app.ContextImpl.sendBroadcast:1006 android.content.ContextWrapper.sendBroadcast:444 com.tal.genie.lockscreen.utils.PushNotificationDialogManager.sendPushNotificationStatus:54 com.tal.genie.lockscreen.utils.PushNotificationDialogManager.sendPushNotificationShow:23 com.tal.genie.lockscreen.activity.LockScreenActivity.onFinish:188 
11-18 11:05:05.412 I/DisplayPowerController(  630): Unblocked screen on after 93 ms
11-18 11:05:05.628 I/WindowManager(  630): Focus moving from Window{cb875c6 u0 com.tal.genie.launcher/com.tal.genie.lockscreen.activity.LockScreenActivity} to null
11-18 11:05:05.649 W/ContextImpl( 1218): Calling a method in the system process without a qualified user: android.app.ContextImpl.startService:1532 android.content.ContextWrapper.startService:664 android.content.ContextWrapper.startService:664 android.app.Activity.onPostResume:1391 androidx.fragment.app.FragmentActivity.onPostResume:446 
11-18 11:05:05.660 I/WindowManager(  630): Relayout Window{27ecdc5 u0 com.tal.genie.launcher/com.tal.genie.setting.activity.SettingActivity}: oldVis=8 newVis=0 focusMayChange = true
11-18 11:05:05.667 I/WindowManager(  630): Focus moving from null to Window{27ecdc5 u0 com.tal.genie.launcher/com.tal.genie.setting.activity.SettingActivity}
11-18 11:05:05.703 W/PowerManagerService(  630): Screen on took 390 ms
11-18 11:05:10.779 W/ContextImpl( 1218): Calling a method in the system process without a qualified user: android.app.ContextImpl.startActivity:888 android.content.ContextWrapper.startActivity:379 com.tal.genie.lockscreen.receiver.LockScreenReceiver.lockScreen:115 com.tal.genie.lockscreen.receiver.LockScreenReceiver.onReceive:49 android.app.LoadedApk$ReceiverDispatcher$Args.lambda$getRunnable$0:1391 
11-18 11:05:10.780 W/ContextImpl( 1218): Calling a method in the system process without a qualified user: android.app.ContextImpl.startActivity:900 android.app.ContextImpl.startActivity:889 android.content.ContextWrapper.startActivity:379 com.tal.genie.lockscreen.receiver.LockScreenReceiver.lockScreen:115 com.tal.genie.lockscreen.receiver.LockScreenReceiver.onReceive:49 
11-18 11:05:10.781 I/ActivityManager(  630): START u0 {flg=0x10800000 cmp=com.tal.genie.launcher/com.tal.genie.lockscreen.activity.LockScreenActivity} from uid 1000
11-18 11:05:10.796 W/ContextImpl( 1218): Calling a method in the system process without a qualified user: android.app.ContextImpl.sendBroadcast:1006 android.content.ContextWrapper.sendBroadcast:444 com.tal.genie.lockscreen.utils.PushNotificationDialogManager.sendPushNotificationStatus:54 com.tal.genie.lockscreen.utils.PushNotificationDialogManager.sendPushNotificationShow:23 com.tal.genie.lockscreen.receiver.LockScreenReceiver.lockScreen:120 
11-18 11:05:10.808 I/WindowManager(  630): Focus moving from Window{27ecdc5 u0 com.tal.genie.launcher/com.tal.genie.setting.activity.SettingActivity} to null
11-18 11:05:10.842 W/ContextImpl( 1218): Calling a method in the system process without a qualified user: android.app.ContextImpl.sendBroadcast:1006 android.content.ContextWrapper.sendBroadcast:444 android.content.ContextWrapper.sendBroadcast:444 com.tal.genie.lockscreen.receiver.LockScreenReceiver.sendBroadCastToVoice:180 com.tal.genie.lockscreen.activity.LockScreenActivity.onTimeTickReceived:156 
11-18 11:05:10.848 W/ContextImpl( 1218): Calling a method in the system process without a qualified user: android.app.ContextImpl.startForegroundService:1538 android.content.ContextWrapper.startForegroundService:669 android.content.ContextWrapper.startForegroundService:669 com.tal.genie.lockscreen.activity.LockScreenActivity.initSevice:84 com.tal.genie.lockscreen.activity.LockScreenActivity.onCreate:77 
11-18 11:05:10.859 W/ContextImpl( 1218): Calling a method in the system process without a qualified user: android.app.ContextImpl.startService:1532 android.content.ContextWrapper.startService:664 android.content.ContextWrapper.startService:664 android.app.Activity.onPostResume:1391 androidx.fragment.app.FragmentActivity.onPostResume:446 
11-18 11:05:10.872 I/WindowManager(  630): Relayout Window{66b3d2b u0 com.tal.genie.launcher/com.tal.genie.lockscreen.activity.LockScreenActivity}: oldVis=4 newVis=0 focusMayChange = true
11-18 11:05:10.877 I/WindowManager(  630): Focus moving from null to Window{66b3d2b u0 com.tal.genie.launcher/com.tal.genie.lockscreen.activity.LockScreenActivity}
11-18 11:05:11.432 W/ContextImpl( 1218): Calling a method in the system process without a qualified user: android.app.ContextImpl.sendBroadcast:1006 android.content.ContextWrapper.sendBroadcast:444 android.content.ContextWrapper.sendBroadcast:444 android.view.View.dispatchTouchEvent:12526 android.view.ViewGroup.dispatchTransformedTouchEvent:3083 
11-18 11:05:11.928 W/ContextImpl( 1218): Calling a method in the system process without a qualified user: android.app.ContextImpl.sendBroadcast:1006 android.content.ContextWrapper.sendBroadcast:444 com.tal.genie.lockscreen.utils.PushNotificationDialogManager.sendPushNotificationStatus:54 com.tal.genie.lockscreen.utils.PushNotificationDialogManager.sendPushNotificationShow:23 com.tal.genie.lockscreen.activity.LockScreenActivity.onFinish:188 
11-18 11:05:12.151 I/WindowManager(  630): Focus moving from Window{66b3d2b u0 com.tal.genie.launcher/com.tal.genie.lockscreen.activity.LockScreenActivity} to null
11-18 11:05:12.163 W/ContextImpl( 1218): Calling a method in the system process without a qualified user: android.app.ContextImpl.startService:1532 android.content.ContextWrapper.startService:664 android.content.ContextWrapper.startService:664 android.app.Activity.onPostResume:1391 androidx.fragment.app.FragmentActivity.onPostResume:446 
11-18 11:05:12.174 I/WindowManager(  630): Relayout Window{27ecdc5 u0 com.tal.genie.launcher/com.tal.genie.setting.activity.SettingActivity}: oldVis=8 newVis=0 focusMayChange = true
11-18 11:05:12.179 I/WindowManager(  630): Focus moving from null to Window{27ecdc5 u0 com.tal.genie.launcher/com.tal.genie.setting.activity.SettingActivity}
11-18 11:05:16.892 W/ContextImpl( 1218): Calling a method in the system process without a qualified user: android.app.ContextImpl.startActivity:888 android.content.ContextWrapper.startActivity:379 com.tal.genie.lockscreen.receiver.LockScreenReceiver.lockScreen:115 com.tal.genie.lockscreen.receiver.LockScreenReceiver.onReceive:49 android.app.LoadedApk$ReceiverDispatcher$Args.lambda$getRunnable$0:1391 
11-18 11:05:16.892 W/ContextImpl( 1218): Calling a method in the system process without a qualified user: android.app.ContextImpl.startActivity:900 android.app.ContextImpl.startActivity:889 android.content.ContextWrapper.startActivity:379 com.tal.genie.lockscreen.receiver.LockScreenReceiver.lockScreen:115 com.tal.genie.lockscreen.receiver.LockScreenReceiver.onReceive:49 
11-18 11:05:16.893 I/ActivityManager(  630): START u0 {flg=0x10800000 cmp=com.tal.genie.launcher/com.tal.genie.lockscreen.activity.LockScreenActivity} from uid 1000
11-18 11:05:16.908 W/ContextImpl( 1218): Calling a method in the system process without a qualified user: android.app.ContextImpl.sendBroadcast:1006 android.content.ContextWrapper.sendBroadcast:444 com.tal.genie.lockscreen.utils.PushNotificationDialogManager.sendPushNotificationStatus:54 com.tal.genie.lockscreen.utils.PushNotificationDialogManager.sendPushNotificationShow:23 com.tal.genie.lockscreen.receiver.LockScreenReceiver.lockScreen:120 
11-18 11:05:16.924 I/WindowManager(  630): Focus moving from Window{27ecdc5 u0 com.tal.genie.launcher/com.tal.genie.setting.activity.SettingActivity} to null
11-18 11:05:16.964 W/ContextImpl( 1218): Calling a method in the system process without a qualified user: android.app.ContextImpl.sendBroadcast:1006 android.content.ContextWrapper.sendBroadcast:444 android.content.ContextWrapper.sendBroadcast:444 com.tal.genie.lockscreen.receiver.LockScreenReceiver.sendBroadCastToVoice:180 com.tal.genie.lockscreen.activity.LockScreenActivity.onTimeTickReceived:156 
11-18 11:05:16.970 W/ContextImpl( 1218): Calling a method in the system process without a qualified user: android.app.ContextImpl.startForegroundService:1538 android.content.ContextWrapper.startForegroundService:669 android.content.ContextWrapper.startForegroundService:669 com.tal.genie.lockscreen.activity.LockScreenActivity.initSevice:84 com.tal.genie.lockscreen.activity.LockScreenActivity.onCreate:77 
11-18 11:05:16.977 W/ContextImpl( 1218): Calling a method in the system process without a qualified user: android.app.ContextImpl.startService:1532 android.content.ContextWrapper.startService:664 android.content.ContextWrapper.startService:664 android.app.Activity.onPostResume:1391 androidx.fragment.app.FragmentActivity.onPostResume:446 
11-18 11:05:16.990 I/WindowManager(  630): Relayout Window{ec2dbad u0 com.tal.genie.launcher/com.tal.genie.lockscreen.activity.LockScreenActivity}: oldVis=4 newVis=0 focusMayChange = true
11-18 11:05:16.994 I/WindowManager(  630): Focus moving from null to Window{ec2dbad u0 com.tal.genie.launcher/com.tal.genie.lockscreen.activity.LockScreenActivity}
11-18 11:05:26.772 W/ContextImpl( 1218): Calling a method in the system process without a qualified user: android.app.ContextImpl.sendBroadcast:1006 android.content.ContextWrapper.sendBroadcast:444 com.tal.genie.lockscreen.receiver.LockScreenReceiver.sendUnlockScreenOnBroadcast:152 com.tal.genie.lockscreen.receiver.LockScreenReceiver.onReceive:47 android.app.LoadedApk$ReceiverDispatcher$Args.lambda$getRunnable$0:1391 
11-18 11:05:26.794 W/ContextImpl( 1218): Calling a method in the system process without a qualified user: android.app.ContextImpl.sendBroadcast:1006 android.content.ContextWrapper.sendBroadcast:444 com.tal.genie.lockscreen.utils.PushNotificationDialogManager.sendPushNotificationStatus:54 com.tal.genie.lockscreen.utils.PushNotificationDialogManager.sendPushNotificationShow:23 com.tal.genie.lockscreen.activity.LockScreenActivity.onFinish:188 
11-18 11:05:26.932 I/PowerManagerService(  630): Going to sleep due to power button (uid 1000)...
11-18 11:05:26.932 W/UsageStatsService(  630): Event reported without a package name
11-18 11:05:26.933 I/PowerManagerService(  630): Sleeping (uid 1000)...
11-18 11:05:26.933 I/DisplayPowerController(  630): Blocking screen off
11-18 11:05:26.933 I/DisplayPowerController(  630): Unblocked screen off after 1 ms
11-18 11:05:26.936 W/KernelCpuProcReader(  630): File not exist: /proc/uid_cpupower/concurrent_active_time
11-18 11:05:26.938 W/KernelCpuProcReader(  630): File not exist: /proc/uid_cpupower/concurrent_policy_time
11-18 11:05:26.938 E/KernelCpuSpeedReader(  630): Failed to read cpu-freq: /sys/devices/system/cpu/cpu0/cpufreq/stats/time_in_state (No such file or directory)
11-18 11:05:26.953 I/DisplayManagerService(  630): Display device changed state: "", OFF
11-18 11:05:27.005 I/WindowManager(  630): Focus moving from Window{ec2dbad u0 com.tal.genie.launcher/com.tal.genie.lockscreen.activity.LockScreenActivity} to null
11-18 11:05:27.082 I/WindowManager(  630): Relayout Window{27ecdc5 u0 com.tal.genie.launcher/com.tal.genie.setting.activity.SettingActivity}: oldVis=4 newVis=0 focusMayChange = true
11-18 11:05:27.087 I/WindowManager(  630): Focus moving from null to Window{27ecdc5 u0 com.tal.genie.launcher/com.tal.genie.setting.activity.SettingActivity}
11-18 11:05:28.156 I/PowerManagerService(  630): Waking up from sleep (uid=1000 reason=android.policy:POWER)...
11-18 11:05:28.156 W/UsageStatsService(  630): Event reported without a package name
11-18 11:05:28.157 I/DisplayPowerController(  630): Blocking screen on until initial contents have been drawn.
11-18 11:05:28.157 E/KernelCpuSpeedReader(  630): Failed to read cpu-freq: /sys/devices/system/cpu/cpu0/cpufreq/stats/time_in_state (No such file or directory)
11-18 11:05:28.187 W/BroadcastQueue(  630): Background execution not allowed: receiving Intent { act=android.intent.action.USER_PRESENT flg=0x24200010 } to com.tal.genie.launcher/com.tal.genie.lockscreen.receiver.LockScreenReceiver
11-18 11:05:28.189 I/DisplayManagerService(  630): Display device changed state: "", ON
11-18 11:05:28.193 I/WindowManager(  630): Waiting for drawn Window{27ecdc5 u0 com.tal.genie.launcher/com.tal.genie.setting.activity.SettingActivity}: removed=false visible=true mHasSurface=true drawState=1
11-18 11:05:28.195 I/WindowManager(  630): Waiting for drawn Window{27ecdc5 u0 com.tal.genie.launcher/com.tal.genie.setting.activity.SettingActivity}: removed=false visible=true mHasSurface=true drawState=1
11-18 11:05:28.199 I/WindowManager(  630): Waiting for drawn Window{27ecdc5 u0 com.tal.genie.launcher/com.tal.genie.setting.activity.SettingActivity}: removed=false visible=true mHasSurface=true drawState=1
11-18 11:05:28.204 W/ContextImpl( 1218): Calling a method in the system process without a qualified user: android.app.ContextImpl.startService:1532 android.content.ContextWrapper.startService:664 android.content.ContextWrapper.startService:664 android.app.Activity.onPostResume:1391 androidx.fragment.app.FragmentActivity.onPostResume:446 
11-18 11:05:28.216 W/ContextImpl( 1218): Calling a method in the system process without a qualified user: android.app.ContextImpl.sendBroadcast:1006 android.content.ContextWrapper.sendBroadcast:444 com.tal.genie.lockscreen.receiver.LockScreenReceiver.sendUnlockScreenOnBroadcast:152 com.tal.genie.lockscreen.receiver.LockScreenReceiver.onReceive:47 android.app.LoadedApk$ReceiverDispatcher$Args.lambda$getRunnable$0:1391 
11-18 11:05:28.238 I/WindowManager(  630): Waiting for drawn Window{27ecdc5 u0 com.tal.genie.launcher/com.tal.genie.setting.activity.SettingActivity}: removed=false visible=true mHasSurface=true drawState=1
11-18 11:05:28.249 I/WindowManager(  630): Waiting for drawn Window{27ecdc5 u0 com.tal.genie.launcher/com.tal.genie.setting.activity.SettingActivity}: removed=false visible=true mHasSurface=true drawState=4
11-18 11:05:28.252 I/DisplayPowerController(  630): Unblocked screen on after 95 ms
11-18 11:05:28.536 W/PowerManagerService(  630): Screen on took 384 ms
11-18 11:05:33.616 W/ContextImpl( 1218): Calling a method in the system process without a qualified user: android.app.ContextImpl.startActivity:888 android.content.ContextWrapper.startActivity:379 com.tal.genie.lockscreen.receiver.LockScreenReceiver.lockScreen:115 com.tal.genie.lockscreen.receiver.LockScreenReceiver.onReceive:49 android.app.LoadedApk$ReceiverDispatcher$Args.lambda$getRunnable$0:1391 
