12-15 16:26:27.106 W/main    ( 4354): type=1400 audit(0.0:11933): avc: denied { dac_read_search } for capability=2 scontext=u:r:zygote:s0 tcontext=u:r:zygote:s0 tclass=capability permissive=0
12-15 16:26:27.106 I/chatty  ( 4354): uid=0(root) identical 2 lines
12-15 16:26:27.106 W/main    ( 4354): type=1400 audit(0.0:11936): avc: denied { dac_read_search } for capability=2 scontext=u:r:zygote:s0 tcontext=u:r:zygote:s0 tclass=capability permissive=0
12-15 16:26:27.106 I/BufferQueue(  312): [unnamed-312-91](this:0xabc96000,id:91,api:0,p:-1,c:-1) BufferQueue core=(312:/system/bin/surfaceflinger)
12-15 16:26:27.106 I/BufferQueueConsumer(  312): [unnamed-312-91](this:0xabc96000,id:91,api:0,p:-1,c:312) connect(C): consumer=(312:/system/bin/surfaceflinger) controlledByApp=false
12-15 16:26:27.106 I/BufferQueueConsumer(  312): [unnamed-312-91](this:0xabc96000,id:91,api:0,p:-1,c:312) setConsumerName: unnamed-312-91
12-15 16:26:27.106 I/BufferQueueConsumer(  312): [Splash Screen com.example.myapplication2#0](this:0xabc96000,id:91,api:0,p:-1,c:312) setConsumerName: Splash Screen com.example.myapplication2#0
12-15 16:26:27.106 I/BufferQueueConsumer(  312): [Splash Screen com.example.myapplication2#0](this:0xabc96000,id:91,api:0,p:-1,c:312) setDefaultBufferSize: width=720 height=1600
12-15 16:26:27.118 I/.myapplication( 4354): Late-enabling -Xcheck:jni
12-15 16:26:27.122 I/BufferQueueProducer(  312): [Splash Screen com.example.myapplication2#0](this:0xabc96000,id:91,api:2,p:628,c:312) connect(P): api=2 producer=(628:system_server) producerControlledByApp=false
12-15 16:26:27.131 I/PowerWrap(  628): PowerHal_TouchBoost
12-15 16:26:27.164 I/ADB_SERVICES( 2572): fdevent_loop length=1
12-15 16:26:27.186 W/lmkd    (  311): type=1400 audit(0.0:11937): avc: denied { dac_read_search } for capability=2 scontext=u:r:lmkd:s0 tcontext=u:r:lmkd:s0 tclass=capability permissive=0
12-15 16:26:27.187 I/vendor.mediatek.hardware.power@2.0-impl(  301): notifyAppState pack:com.example.myapplication2, act:com.example.myapplication2.MainActivity, pid:4354, state:1
12-15 16:26:27.188 I/libPowerHal(  301): [perfNotifyAppState] foreground:com.example.myapplication2, pid:4354
12-15 16:26:27.194 I/BufferQueueProducer(  312): [#0](this:0xabbb2000,id:89,api:1,p:760,c:312) disconnect(P): api 1
12-15 16:26:27.194 I/BufferQueueConsumer(  312): [#0](this:0xabbb2000,id:89,api:1,p:-1,c:312) getReleasedBuffers: returning mask 0xffffffffffffffff
12-15 16:26:27.197 I/SurfaceFlinger(  312): screenshot (com.android.settings/com.android.settings.Settings#0)
12-15 16:26:27.211 W/SurfaceFlinger(  312): Attempting to destroy on removed layer: 5fda0a2 com.android.systemui#0
12-15 16:26:27.215 I/BufferQueueProducer(  312): [#1](this:0xa8aca000,id:90,api:1,p:760,c:312) disconnect(P): api 1
12-15 16:26:27.215 I/BufferQueueConsumer(  312): [#1](this:0xa8aca000,id:90,api:1,p:-1,c:312) getReleasedBuffers: returning mask 0xffffffffffffffff
12-15 16:26:27.219 W/SurfaceFlinger(  312): Attempting to destroy on removed layer: 467b269 com.android.systemui#0
12-15 16:26:27.221 I/WindowManager(  628): Focus moving from Window{467b269 u0 com.android.systemui} to null
12-15 16:26:27.223 I/BufferQueueConsumer(  312): [#0](this:0xabbb2000,id:89,api:1,p:-1,c:-1) disconnect(C)
12-15 16:26:27.224 I/BufferQueueConsumer(  312): [#1](this:0xa8aca000,id:90,api:1,p:-1,c:-1) disconnect(C)
12-15 16:26:27.226 I/BufferQueue(  312): [#0](this:0xabbb2000,id:89,api:1,p:-1,c:-1) ~BufferQueueCore
12-15 16:26:27.226 I/BufferQueue(  312): [#1](this:0xa8aca000,id:90,api:1,p:-1,c:-1) ~BufferQueueCore
12-15 16:26:27.244 I/BufferQueueProducer(  312): [FramebufferSurface](this:0xad31e000,id:0,api:1,p:312,c:312) queueBuffer: fps=0.00 dur=1826211.69 max=1826194.78 min=16.91
12-15 16:26:27.248 I/.myapplication( 4354): The ClassLoaderContext is a special shared library.
12-15 16:26:27.253 I/PowerWrap(  628): PowerHal_TouchBoost
12-15 16:26:27.307 I/PowerWrap(  628): PowerHal_TouchBoost
12-15 16:26:27.310 W/ContextImpl( 3315): Calling a method in the system process without a qualified user: android.app.ContextImpl.sendBroadcast:1006 android.content.ContextWrapper.sendBroadcast:444 android.view.View.dispatchTouchEvent:12526 android.view.ViewGroup.dispatchTransformedTouchEvent:3083 android.view.ViewGroup.dispatchTouchEvent:2684 
12-15 16:26:27.313 E/ActivityManager(  628): Sending non-protected broadcast com.genie.clickscreen from system 3315:com.android.settings/1000 pkg com.android.settings
12-15 16:26:27.313 E/ActivityManager(  628): java.lang.Throwable
12-15 16:26:27.313 E/ActivityManager(  628): 	at com.android.server.am.ActivityManagerService.checkBroadcastFromSystem(ActivityManagerService.java:21473)
12-15 16:26:27.313 E/ActivityManager(  628): 	at com.android.server.am.ActivityManagerService.broadcastIntentLocked(ActivityManagerService.java:21984)
12-15 16:26:27.313 E/ActivityManager(  628): 	at com.android.server.am.ActivityManagerService.broadcastIntent(ActivityManagerService.java:22227)
12-15 16:26:27.313 E/ActivityManager(  628): 	at android.app.IActivityManager$Stub.onTransact$broadcastIntent$(IActivityManager.java:10181)
12-15 16:26:27.313 E/ActivityManager(  628): 	at android.app.IActivityManager$Stub.onTransact(IActivityManager.java:167)
12-15 16:26:27.313 E/ActivityManager(  628): 	at com.android.server.am.ActivityManagerService.onTransact(ActivityManagerService.java:3350)
12-15 16:26:27.313 E/ActivityManager(  628): 	at android.os.Binder.execTransact(Binder.java:731)
12-15 16:26:27.319 E/ActivityManager(  628): Sending non-protected broadcast com.genie.clickscreen from system 3315:com.android.settings/1000 pkg com.android.settings
12-15 16:26:27.319 E/ActivityManager(  628): java.lang.Throwable
12-15 16:26:27.319 E/ActivityManager(  628): 	at com.android.server.am.ActivityManagerService.checkBroadcastFromSystem(ActivityManagerService.java:21473)
12-15 16:26:27.319 E/ActivityManager(  628): 	at com.android.server.am.ActivityManagerService.broadcastIntentLocked(ActivityManagerService.java:22077)
12-15 16:26:27.319 E/ActivityManager(  628): 	at com.android.server.am.ActivityManagerService.broadcastIntent(ActivityManagerService.java:22227)
12-15 16:26:27.319 E/ActivityManager(  628): 	at android.app.IActivityManager$Stub.onTransact$broadcastIntent$(IActivityManager.java:10181)
12-15 16:26:27.319 E/ActivityManager(  628): 	at android.app.IActivityManager$Stub.onTransact(IActivityManager.java:167)
12-15 16:26:27.319 E/ActivityManager(  628): 	at com.android.server.am.ActivityManagerService.onTransact(ActivityManagerService.java:3350)
12-15 16:26:27.319 E/ActivityManager(  628): 	at android.os.Binder.execTransact(Binder.java:731)
12-15 16:26:27.326 I/SA.PushAutoTrackHelper( 1148): SDK or push disabled.
12-15 16:26:27.326 I/LockScreenReceiver( 1148): action ::: com.genie.clickscreen
12-15 16:26:27.326 I/EyesProtectManager( 1148): [ (EyesProtectManager.java:76)#userTracked ] userTracked:  configLoaded-true protectorOn-false canUseScreen-true isUseCounting-false useBeginTime-null useSeconds-0 lockScreenTime-2021-12-15 16:25:26 unlockScreenTime- null
12-15 16:26:27.411 I/PowerWrap(  628): PowerHal_TouchBoost
12-15 16:26:27.423 E/AudioTrack(  628): start(): 0x8bec3180, mState = 1
12-15 16:26:27.428 I/BufferQueueProducer(  312): [com.android.settings/com.android.settings.Settings#0](this:0xabc11000,id:86,api:1,p:3315,c:312) queueBuffer: fps=4.53 dur=3528.49 max=2715.54 min=15.77
12-15 16:26:27.429 I/ActivityManager(  628): START u0 {flg=0x8000 cmp=com.android.settings/.Settings$DisplaySettingsActivity (has extras)} from uid 1000
12-15 16:26:27.431 I/vendor.mediatek.hardware.power@2.0-impl(  301): powerHintAsync hint:8, data:1
12-15 16:26:27.442 I/PowerWrap(  628): PowerHal_Wrap_mtkPowerHint
12-15 16:26:27.443 I/PowerWrap(  628): PowerHal_Wrap_mtkPowerHint
12-15 16:26:27.469 I/SurfaceFactory( 4354): [static] sSurfaceFactory = com.mediatek.view.impl.SurfaceFactoryImpl@2146747
12-15 16:26:27.472 I/BufferQueue(  312): [unnamed-312-92](this:0xabbae000,id:92,api:0,p:-1,c:-1) BufferQueue core=(312:/system/bin/surfaceflinger)
12-15 16:26:27.472 I/BufferQueueConsumer(  312): [unnamed-312-92](this:0xabbae000,id:92,api:0,p:-1,c:312) connect(C): consumer=(312:/system/bin/surfaceflinger) controlledByApp=false
12-15 16:26:27.472 I/BufferQueueConsumer(  312): [unnamed-312-92](this:0xabbae000,id:92,api:0,p:-1,c:312) setConsumerName: unnamed-312-92
12-15 16:26:27.472 I/BufferQueueConsumer(  312): [Splash Screen com.android.settings#0](this:0xabbae000,id:92,api:0,p:-1,c:312) setConsumerName: Splash Screen com.android.settings#0
12-15 16:26:27.472 I/BufferQueueConsumer(  312): [Splash Screen com.android.settings#0](this:0xabbae000,id:92,api:0,p:-1,c:312) setDefaultBufferSize: width=720 height=1600
12-15 16:26:27.488 I/BufferQueueProducer(  312): [Splash Screen com.android.settings#0](this:0xabbae000,id:92,api:2,p:628,c:312) connect(P): api=2 producer=(628:system_server) producerControlledByApp=false
12-15 16:26:27.494 I/SurfaceFlinger(  312): [SF client] NEW(0xabd686d0) for (628:system_server)
12-15 16:26:27.504 I/PowerWrap(  628): PowerHal_Wrap_mtkPowerHint
12-15 16:26:27.504 I/PowerWrap(  628): PowerHal_Wrap_mtkPowerHint
12-15 16:26:27.506 W/ActivityThread( 3315): handleWindowVisibility: no activity for token android.os.BinderProxy@8b747f5
12-15 16:26:27.508 I/vendor.mediatek.hardware.power@2.0-impl(  301): notifyAppState pack:com.android.settings, act:com.android.settings.Settings$DisplaySettingsActivity, pid:3315, state:1
12-15 16:26:27.508 I/libPowerHal(  301): [perfNotifyAppState] foreground:com.android.settings, pid:3315
12-15 16:26:27.547 I/WindowManager(  628): Relayout Window{d089c3f u0 com.example.myapplication2/com.example.myapplication2.MainActivity}: oldVis=4 newVis=0 focusMayChange = true
12-15 16:26:27.550 I/BufferQueue(  312): [unnamed-312-93](this:0xabbb2000,id:93,api:0,p:-1,c:-1) BufferQueue core=(312:/system/bin/surfaceflinger)
12-15 16:26:27.550 I/BufferQueueConsumer(  312): [unnamed-312-93](this:0xabbb2000,id:93,api:0,p:-1,c:312) connect(C): consumer=(312:/system/bin/surfaceflinger) controlledByApp=false
12-15 16:26:27.551 I/BufferQueueConsumer(  312): [unnamed-312-93](this:0xabbb2000,id:93,api:0,p:-1,c:312) setConsumerName: unnamed-312-93
12-15 16:26:27.551 I/BufferQueueConsumer(  312): [com.example.myapplication2/com.example.myapplication2.MainActivity#0](this:0xabbb2000,id:93,api:0,p:-1,c:312) setConsumerName: com.example.myapplication2/com.example.myapplication2.MainActivity#0
12-15 16:26:27.551 I/BufferQueueConsumer(  312): [com.example.myapplication2/com.example.myapplication2.MainActivity#0](this:0xabbb2000,id:93,api:0,p:-1,c:312) setDefaultBufferSize: width=720 height=1600
12-15 16:26:27.572 E/UserRestrictionsUtils(  628): Unknown restriction: null
12-15 16:26:27.577 E/UserRestrictionsUtils(  628): Unknown restriction: null
12-15 16:26:27.601 I/ConfigStore( 4354): android::hardware::configstore::V1_0::ISurfaceFlingerConfigs::hasWideColorDisplay retrieved: 0
12-15 16:26:27.601 I/ConfigStore( 4354): android::hardware::configstore::V1_0::ISurfaceFlingerConfigs::hasHDRDisplay retrieved: 0
12-15 16:26:27.601 I/OpenGLRenderer( 4354): Initialized EGL, version 1.4
12-15 16:26:27.602 E/OpenGLRenderer( 4354): Device claims wide gamut support, cannot find matching config, error = EGL_SUCCESS
12-15 16:26:27.646 I/DeviceIndex( 3315): Skipping: device index is not enabled
12-15 16:26:27.666 W/TileUtils( 3315): Found com.android.settings.Settings$NotificationAppListActivity for intent Intent { act=com.android.settings.action.SETTINGS pkg=com.android.settings } missing metadata com.android.settings.category
12-15 16:26:27.675 I/BufferQueueProducer(  312): [com.example.myapplication2/com.example.myapplication2.MainActivity#0](this:0xabbb2000,id:93,api:1,p:4354,c:312) connect(P): api=1 producer=(4354:com.example.myapplication2) producerControlledByApp=true
12-15 16:26:27.706 I/WindowManager(  628): Relayout Window{7ae3c1a u0 com.android.settings/com.android.settings.Settings$DisplaySettingsActivity}: oldVis=4 newVis=0 focusMayChange = true
12-15 16:26:27.710 I/BufferQueue(  312): [unnamed-312-94](this:0xabcde000,id:94,api:0,p:-1,c:-1) BufferQueue core=(312:/system/bin/surfaceflinger)
12-15 16:26:27.711 I/BufferQueueConsumer(  312): [unnamed-312-94](this:0xabcde000,id:94,api:0,p:-1,c:312) connect(C): consumer=(312:/system/bin/surfaceflinger) controlledByApp=false
12-15 16:26:27.711 I/BufferQueueConsumer(  312): [unnamed-312-94](this:0xabcde000,id:94,api:0,p:-1,c:312) setConsumerName: unnamed-312-94
12-15 16:26:27.711 I/BufferQueueConsumer(  312): [com.android.settings/com.android.settings.Settings$DisplaySettingsActivity#0](this:0xabcde000,id:94,api:0,p:-1,c:312) setConsumerName: com.android.settings/com.android.settings.Settings$DisplaySettingsActivity#0
12-15 16:26:27.711 I/BufferQueueConsumer(  312): [com.android.settings/com.android.settings.Settings$DisplaySettingsActivity#0](this:0xabcde000,id:94,api:0,p:-1,c:312) setDefaultBufferSize: width=720 height=1600
12-15 16:26:27.713 I/WindowManager(  628): Focus moving from null to Window{7ae3c1a u0 com.android.settings/com.android.settings.Settings$DisplaySettingsActivity}
12-15 16:26:27.715 I/BufferQueueProducer(  312): [com.android.settings/com.android.settings.Settings$DisplaySettingsActivity#0](this:0xabcde000,id:94,api:1,p:3315,c:312) connect(P): api=1 producer=(3315:com.android.settings) producerControlledByApp=true
12-15 16:26:27.726 E/gralloc ( 4354): Arm Module v1.0
12-15 16:26:27.745 E/ion     ( 4354): ioctl c0044901 failed with code -1: Invalid argument
12-15 16:26:27.791 W/SurfaceFlinger(  312): Attempting to set client state on removed layer: Splash Screen com.example.myapplication2#0
12-15 16:26:27.791 W/SurfaceFlinger(  312): Attempting to destroy on removed layer: Splash Screen com.example.myapplication2#0
12-15 16:26:27.795 I/BufferQueueProducer(  312): [Splash Screen com.example.myapplication2#0](this:0xabc96000,id:91,api:2,p:628,c:312) disconnect(P): api 2
12-15 16:26:27.796 I/BufferQueueConsumer(  312): [Splash Screen com.example.myapplication2#0](this:0xabc96000,id:91,api:2,p:-1,c:312) getReleasedBuffers: returning mask 0xffffffffffffffff
12-15 16:26:27.798 W/WindowManager(  628): Failed looking up window callers=com.android.server.wm.WindowManagerService.windowForClientLocked:5599 com.android.server.wm.WindowManagerService.removeWindow:1675 com.android.server.wm.Session.remove:226 
12-15 16:26:27.801 I/BufferQueueConsumer(  312): [Splash Screen com.example.myapplication2#0](this:0xabc96000,id:91,api:2,p:-1,c:-1) disconnect(C)
12-15 16:26:27.803 I/BufferQueue(  312): [Splash Screen com.example.myapplication2#0](this:0xabc96000,id:91,api:2,p:-1,c:-1) ~BufferQueueCore
12-15 16:26:27.804 I/EthernetTracker(  628): interfaceLinkStateChanged, iface: wlan0, up: true
12-15 16:26:27.843 I/BufferQueueProducer(  312): [com.example.myapplication2/com.example.myapplication2.MainActivity#0](this:0xabbb2000,id:93,api:1,p:4354,c:312) disconnect(P): api 1
12-15 16:26:27.843 I/BufferQueueConsumer(  312): [com.example.myapplication2/com.example.myapplication2.MainActivity#0](this:0xabbb2000,id:93,api:1,p:-1,c:312) getReleasedBuffers: returning mask 0xffffffffffffffff
12-15 16:26:27.848 W/ContextImpl( 3315): Calling a method in the system process without a qualified user: android.app.ContextImpl.startService:1532 android.content.ContextWrapper.startService:664 android.app.Activity.onEnterAnimationComplete:6662 android.app.Activity.dispatchEnterAnimationComplete:6673 android.app.ActivityThread.handleEnterAnimationComplete:3275 
12-15 16:26:27.856 I/ActivityManager(  628): Displayed com.android.settings/.Settings$DisplaySettingsActivity: +340ms (total +756ms)
12-15 16:26:27.869 I/BufferQueueProducer(  312): [com.android.settings/com.android.settings.Settings#0](this:0xabc11000,id:86,api:1,p:3315,c:312) disconnect(P): api 1
12-15 16:26:27.869 I/BufferQueueConsumer(  312): [com.android.settings/com.android.settings.Settings#0](this:0xabc11000,id:86,api:1,p:-1,c:312) getReleasedBuffers: returning mask 0xffffffffffffffff
12-15 16:26:27.890 I/system_server(  628): NativeAlloc concurrent copying GC freed 88266(5MB) AllocSpace objects, 93(3MB) LOS objects, 58% free, 8MB/20MB, paused 244us total 211.740ms
12-15 16:26:27.892 I/PowerWrap(  628): PowerHal_Wrap_mtkPowerHint
12-15 16:26:27.892 I/PowerWrap(  628): PowerHal_Wrap_querySysInfo
12-15 16:26:27.895 E/PowerHalWrapper(  628): <amsBoostStop> duration: 6000ms
12-15 16:26:27.895 I/PowerWrap(  628): PowerHal_Wrap_mtkPowerHint
12-15 16:26:27.895 I/PowerWrap(  628): PowerHal_Wrap_mtkPowerHint
12-15 16:26:27.898 I/vendor.mediatek.hardware.power@2.0-impl(  301): powerHintAsync hint:8, data:0
12-15 16:26:27.924 I/BufferQueueConsumer(  312): [com.android.settings/com.android.settings.Settings#0](this:0xabc11000,id:86,api:1,p:-1,c:-1) disconnect(C)
12-15 16:26:27.924 I/BufferQueue(  312): [com.android.settings/com.android.settings.Settings#0](this:0xabc11000,id:86,api:1,p:-1,c:-1) ~BufferQueueCore
12-15 16:26:27.941 I/BufferQueueConsumer(  312): [com.example.myapplication2/com.example.myapplication2.MainActivity#0](this:0xabbb2000,id:93,api:1,p:-1,c:-1) disconnect(C)
12-15 16:26:27.941 I/BufferQueue(  312): [com.example.myapplication2/com.example.myapplication2.MainActivity#0](this:0xabbb2000,id:93,api:1,p:-1,c:-1) ~BufferQueueCore
12-15 16:26:28.033 I/BufferQueueProducer(  312): [Splash Screen com.android.settings#0](this:0xabbae000,id:92,api:2,p:628,c:312) disconnect(P): api 2
12-15 16:26:28.033 I/BufferQueueConsumer(  312): [Splash Screen com.android.settings#0](this:0xabbae000,id:92,api:2,p:-1,c:312) getReleasedBuffers: returning mask 0xffffffffffffffff
12-15 16:26:28.034 W/SurfaceFlinger(  312): Attempting to set client state on removed layer: Splash Screen com.android.settings#0
12-15 16:26:28.034 W/SurfaceFlinger(  312): Attempting to destroy on removed layer: Splash Screen com.android.settings#0
12-15 16:26:28.046 I/BufferQueueConsumer(  312): [Splash Screen com.android.settings#0](this:0xabbae000,id:92,api:2,p:-1,c:-1) disconnect(C)
12-15 16:26:28.048 I/BufferQueue(  312): [Splash Screen com.android.settings#0](this:0xabbae000,id:92,api:2,p:-1,c:-1) ~BufferQueueCore
12-15 16:26:28.118 I/SurfaceFlinger(  312): [Built-in Screen (type:0)] fps:56.119179,dur:1015.70,max:35.03,min:15.11
12-15 16:26:28.235 I/SA.SensorsDataAPI( 1148): track event:
12-15 16:26:28.235 I/SA.SensorsDataAPI( 1148): {
12-15 16:26:28.235 I/SA.SensorsDataAPI( 1148): 	"_track_id":792415759,
12-15 16:26:28.235 I/SA.SensorsDataAPI( 1148): 	"time":1639556758199,
12-15 16:26:28.235 I/SA.SensorsDataAPI( 1148): 	"type":"track",
12-15 16:26:28.235 I/SA.SensorsDataAPI( 1148): 	"distinct_id":"61D00121B1600029",
12-15 16:26:28.235 I/SA.SensorsDataAPI( 1148): 	"login_id":"61D00121B1600029",
12-15 16:26:28.235 I/SA.SensorsDataAPI( 1148): 	"anonymous_id":"6b02f66c607e38c9",
12-15 16:26:28.235 I/SA.SensorsDataAPI( 1148): 	"lib":{
12-15 16:26:28.235 I/SA.SensorsDataAPI( 1148): 		"$lib_method":"autoTrack",
12-15 16:26:28.235 I/SA.SensorsDataAPI( 1148): 		"$lib":"Android",
12-15 16:26:28.235 I/SA.SensorsDataAPI( 1148): 		"$lib_version":"6.0.0",
12-15 16:26:28.235 I/SA.SensorsDataAPI( 1148): 		"$app_version":"1.0.0",
12-15 16:26:28.235 I/SA.SensorsDataAPI( 1148): 		"$lib_detail":"com.tal.genie.launcher.ui.voice.VoiceNewActivity######"
12-15 16:26:28.235 I/SA.SensorsDataAPI( 1148): 	},
12-15 16:26:28.235 I/SA.SensorsDataAPI( 1148): 	"event":"$AppEnd",
12-15 16:26:28.235 I/SA.SensorsDataAPI( 1148): 	"properties":{
12-15 16:26:28.235 I/SA.SensorsDataAPI( 1148): 		"$os_version":"9",
12-15 16:26:28.235 I/SA.SensorsDataAPI( 1148): 		"$model":"S10",
12-15 16:26:28.235 I/SA.SensorsDataAPI( 1148): 		"$os":"Android",
12-15 16:26:28.235 I/SA.SensorsDataAPI( 1148): 		"$screen_width":720,
12-15 16:26:28.235 I/SA.SensorsDataAPI( 1148): 		"$brand":"ALPS",
12-15 16:26:28.235 I/SA.SensorsDataAPI( 1148): 		"$screen_height":1600,
12-15 16:26:28.235 I/SA.SensorsDataAPI( 1148): 		"$app_version":"1.0.0",
12-15 16:26:28.235 I/SA.SensorsDataAPI( 1148): 		"$lib":"Android",
12-15 16:26:28.235 I/SA.SensorsDataAPI( 1148): 		"$device_id":"6b02f66c607e38c9",
12-15 16:26:28.235 I/SA.SensorsDataAPI( 1148): 		"$app_name":"Genie launcher",
12-15 16:26:28.235 I/SA.SensorsDataAPI( 1148): 		"$lib_version":"6.0.0",
12-15 16:26:28.235 I/SA.SensorsDataAPI( 1148): 		"$timezone_offset":-480,
12-15 16:26:28.235 I/SA.SensorsDataAPI( 1148): 		"$app_id":"com.tal.genie.launcher",
12-15 16:26:28.235 I/SA.SensorsDataAPI( 1148): 		"$manufacturer":"ALPS",
12-15 16:26:28.235 I/SA.SensorsDataAPI( 1148): 		"userId":"1000303",
12-15 16:26:28.235 I/SA.SensorsDataAPI( 1148): 		"sn":"61D00121B1600029",
12-15 16:26:28.235 I/SA.SensorsDataAPI( 1148): 		"appId":"com.tal.genie.launcher",
12-15 16:26:28.235 I/SA.SensorsDataAPI( 1148): 		"grade":"-1",
12-15 16:26:28.235 I/SA.SensorsDataAPI( 1148): 		"gender":"女",
12-15 16:26:28.235 I/SA.SensorsDataAPI( 1148): 		"age":"1970-01-01 00:00:00.000",
12-15 16:26:28.235 I/SA.SensorsDataAPI( 1148): 		"$referrer_title":"Genie launcher",
12-15 16:26:28.235 I/SA.SensorsDataAPI( 1148): 		"$wifi":true,
12-15 16:26:28.235 I/SA.SensorsDataAPI( 1148): 		"$network_type":"WIFI",
12-15 16:26:28.235 I/SA.SensorsDataAPI( 1148): 		"$screen_name":"com.tal.genie.launcher.ui.voice.VoiceNewActivity",
12-15 16:26:28.235 I/SA.SensorsDataAPI( 1148): 		"$title":"Genie launcher",
12-15 16:26:28.235 I/SA.SensorsDataAPI( 1148): 		"event_duration":150.728,
12-15 16:26:28.235 I/SA.SensorsDataAPI( 1148): 		"$lib_method":"autoTrack",
12-15 16:26:28.235 I/SA.SensorsDataAPI( 1148): 		"$is_first_day":false
12-15 16:26:28.235 I/SA.SensorsDataAPI( 1148): 	}
12-15 16:26:28.235 I/SA.SensorsDataAPI( 1148): }
12-15 16:26:28.243 I/System.out( 1148): port:8080
12-15 16:26:28.268 I/System.out( 1148): [OkHttp] sendRequest<<
12-15 16:26:28.321 I/SA.AnalyticsMessages( 1148): responseCode: 200
12-15 16:26:28.322 I/SA.AnalyticsMessages( 1148): valid message: 
12-15 16:26:28.322 I/SA.AnalyticsMessages( 1148): [
12-15 16:26:28.322 I/SA.AnalyticsMessages( 1148): 	{
12-15 16:26:28.322 I/SA.AnalyticsMessages( 1148): 		"_track_id":792415759,
12-15 16:26:28.322 I/SA.AnalyticsMessages( 1148): 		"time":1639556758199,
12-15 16:26:28.322 I/SA.AnalyticsMessages( 1148): 		"type":"track",
12-15 16:26:28.322 I/SA.AnalyticsMessages( 1148): 		"distinct_id":"61D00121B1600029",
12-15 16:26:28.322 I/SA.AnalyticsMessages( 1148): 		"login_id":"61D00121B1600029",
12-15 16:26:28.322 I/SA.AnalyticsMessages( 1148): 		"anonymous_id":"6b02f66c607e38c9",
12-15 16:26:28.322 I/SA.AnalyticsMessages( 1148): 		"lib":{
12-15 16:26:28.322 I/SA.AnalyticsMessages( 1148): 			"$lib_method":"autoTrack",
12-15 16:26:28.322 I/SA.AnalyticsMessages( 1148): 			"$lib":"Android",
12-15 16:26:28.322 I/SA.AnalyticsMessages( 1148): 			"$lib_version":"6.0.0",
12-15 16:26:28.322 I/SA.AnalyticsMessages( 1148): 			"$app_version":"1.0.0",
12-15 16:26:28.322 I/SA.AnalyticsMessages( 1148): 			"$lib_detail":"com.tal.genie.launcher.ui.voice.VoiceNewActivity######"
12-15 16:26:28.322 I/SA.AnalyticsMessages( 1148): 		},
12-15 16:26:28.322 I/SA.AnalyticsMessages( 1148): 		"event":"$AppEnd",
12-15 16:26:28.322 I/SA.AnalyticsMessages( 1148): 		"properties":{
12-15 16:26:28.322 I/SA.AnalyticsMessages( 1148): 			"$os_version":"9",
12-15 16:26:28.322 I/SA.AnalyticsMessages( 1148): 			"$model":"S10",
12-15 16:26:28.322 I/SA.AnalyticsMessages( 1148): 			"$os":"Android",
12-15 16:26:28.322 I/SA.AnalyticsMessages( 1148): 			"$screen_width":720,
12-15 16:26:28.322 I/SA.AnalyticsMessages( 1148): 			"$brand":"ALPS",
12-15 16:26:28.322 I/SA.AnalyticsMessages( 1148): 			"$screen_height":1600,
12-15 16:26:28.322 I/SA.AnalyticsMessages( 1148): 			"$app_version":"1.0.0",
12-15 16:26:28.322 I/SA.AnalyticsMessages( 1148): 			"$lib":"Android",
12-15 16:26:28.322 I/SA.AnalyticsMessages( 1148): 			"$device_id":"6b02f66c607e38c9",
12-15 16:26:28.322 I/SA.AnalyticsMessages( 1148): 			"$app_name":"Genie launcher",
12-15 16:26:28.322 I/SA.AnalyticsMessages( 1148): 			"$lib_version":"6.0.0",
12-15 16:26:28.322 I/SA.AnalyticsMessages( 1148): 			"$timezone_offset":-480,
12-15 16:26:28.322 I/SA.AnalyticsMessages( 1148): 			"$app_id":"com.tal.genie.launcher",
12-15 16:26:28.322 I/SA.AnalyticsMessages( 1148): 			"$manufacturer":"ALPS",
12-15 16:26:28.322 I/SA.AnalyticsMessages( 1148): 			"userId":"1000303",
12-15 16:26:28.322 I/SA.AnalyticsMessages( 1148): 			"sn":"61D00121B1600029",
12-15 16:26:28.322 I/SA.AnalyticsMessages( 1148): 			"appId":"com.tal.genie.launcher",
12-15 16:26:28.322 I/SA.AnalyticsMessages( 1148): 			"grade":"-1",
12-15 16:26:28.322 I/SA.AnalyticsMessages( 1148): 			"gender":"女",
12-15 16:26:28.322 I/SA.AnalyticsMessages( 1148): 			"age":"1970-01-01 00:00:00.000",
12-15 16:26:28.322 I/SA.AnalyticsMessages( 1148): 			"$referrer_title":"Genie launcher",
12-15 16:26:28.322 I/SA.AnalyticsMessages( 1148): 			"$wifi":true,
12-15 16:26:28.322 I/SA.AnalyticsMessages( 1148): 			"$network_type":"WIFI",
12-15 16:26:28.322 I/SA.AnalyticsMessages( 1148): 			"$screen_name":"com.tal.genie.launcher.ui.voice.VoiceNewActivity",
12-15 16:26:28.322 I/SA.AnalyticsMessages( 1148): 			"$title":"Genie launcher",
12-15 16:26:28.322 I/SA.AnalyticsMessages( 1148): 			"event_duration":150.728,
12-15 16:26:28.322 I/SA.AnalyticsMessages( 1148): 			"$lib_method":"autoTrack",
12-15 16:26:28.322 I/SA.AnalyticsMessages( 1148): 			"$is_first_day":false
12-15 16:26:28.322 I/SA.AnalyticsMessages( 1148): 		},
12-15 16:26:28.322 I/SA.AnalyticsMessages( 1148): 		"_flush_time":1639556788237
12-15 16:26:28.322 I/SA.AnalyticsMessages( 1148): 	}
12-15 16:26:28.322 I/SA.AnalyticsMessages( 1148): ]
12-15 16:26:28.324 I/SA.AnalyticsMessages( 1148): Events flushed. [left = 0]
12-15 16:26:29.252 I/PowerWrap(  628): PowerHal_TouchBoost
12-15 16:26:29.253 W/ContextImpl( 3315): Calling a method in the system process without a qualified user: android.app.ContextImpl.sendBroadcast:1006 android.content.ContextWrapper.sendBroadcast:444 android.content.ContextWrapper.sendBroadcast:444 android.view.View.dispatchTouchEvent:12526 android.view.ViewGroup.dispatchTransformedTouchEvent:3083 
12-15 16:26:29.254 E/ActivityManager(  628): Sending non-protected broadcast com.genie.clickscreen from system 3315:com.android.settings/1000 pkg com.android.settings
12-15 16:26:29.254 E/ActivityManager(  628): java.lang.Throwable
12-15 16:26:29.254 E/ActivityManager(  628): 	at com.android.server.am.ActivityManagerService.checkBroadcastFromSystem(ActivityManagerService.java:21473)
12-15 16:26:29.254 E/ActivityManager(  628): 	at com.android.server.am.ActivityManagerService.broadcastIntentLocked(ActivityManagerService.java:21984)
12-15 16:26:29.254 E/ActivityManager(  628): 	at com.android.server.am.ActivityManagerService.broadcastIntent(ActivityManagerService.java:22227)
12-15 16:26:29.254 E/ActivityManager(  628): 	at android.app.IActivityManager$Stub.onTransact$broadcastIntent$(IActivityManager.java:10181)
12-15 16:26:29.254 E/ActivityManager(  628): 	at android.app.IActivityManager$Stub.onTransact(IActivityManager.java:167)
12-15 16:26:29.254 E/ActivityManager(  628): 	at com.android.server.am.ActivityManagerService.onTransact(ActivityManagerService.java:3350)
12-15 16:26:29.254 E/ActivityManager(  628): 	at android.os.Binder.execTransact(Binder.java:731)
12-15 16:26:29.256 E/ActivityManager(  628): Sending non-protected broadcast com.genie.clickscreen from system 3315:com.android.settings/1000 pkg com.android.settings
12-15 16:26:29.256 E/ActivityManager(  628): java.lang.Throwable
12-15 16:26:29.256 E/ActivityManager(  628): 	at com.android.server.am.ActivityManagerService.checkBroadcastFromSystem(ActivityManagerService.java:21473)
12-15 16:26:29.256 E/ActivityManager(  628): 	at com.android.server.am.ActivityManagerService.broadcastIntentLocked(ActivityManagerService.java:22077)
12-15 16:26:29.256 E/ActivityManager(  628): 	at com.android.server.am.ActivityManagerService.broadcastIntent(ActivityManagerService.java:22227)
12-15 16:26:29.256 E/ActivityManager(  628): 	at android.app.IActivityManager$Stub.onTransact$broadcastIntent$(IActivityManager.java:10181)
12-15 16:26:29.256 E/ActivityManager(  628): 	at android.app.IActivityManager$Stub.onTransact(IActivityManager.java:167)
12-15 16:26:29.256 E/ActivityManager(  628): 	at com.android.server.am.ActivityManagerService.onTransact(ActivityManagerService.java:3350)
12-15 16:26:29.256 E/ActivityManager(  628): 	at android.os.Binder.execTransact(Binder.java:731)
12-15 16:26:29.257 I/SA.PushAutoTrackHelper( 1148): SDK or push disabled.
12-15 16:26:29.257 I/LockScreenReceiver( 1148): action ::: com.genie.clickscreen
12-15 16:26:29.258 I/EyesProtectManager( 1148): [ (EyesProtectManager.java:76)#userTracked ] userTracked:  configLoaded-true protectorOn-false canUseScreen-true isUseCounting-false useBeginTime-null useSeconds-0 lockScreenTime-2021-12-15 16:25:26 unlockScreenTime- null
12-15 16:26:29.314 I/BufferQueueProducer(  312): [com.android.settings/com.android.settings.Settings$DisplaySettingsActivity#0](this:0xabcde000,id:94,api:1,p:3315,c:312) queueBuffer: fps=2.01 dur=1490.08 max=1451.43 min=16.05
12-15 16:26:29.339 I/PowerWrap(  628): PowerHal_TouchBoost
12-15 16:26:29.345 E/AudioTrack(  628): start(): 0x8bec3180, mState = 1
12-15 16:26:29.348 I/PowerWrap(  628): PowerHal_Wrap_mtkPowerHint
12-15 16:26:29.348 I/chatty  (  628): uid=1000(system) Binder:628_B identical 1 line
12-15 16:26:29.348 I/PowerWrap(  628): PowerHal_Wrap_mtkPowerHint
12-15 16:26:29.348 I/libPowerHal(  301): 15: cpu_ctrl set freq: -1 -1
12-15 16:26:29.349 I/SurfaceFlinger(  312): [Built-in Screen (type:0)] fps:15.439598,dur:1230.60,max:915.41,min:17.11
12-15 16:26:29.353 I/libPowerHal(  301): 17: cpu_ctrl set freq: 2001000 -1
12-15 16:26:29.367 I/PowerWrap(  628): PowerHal_Wrap_mtkPowerHint
12-15 16:26:29.367 I/PowerWrap(  628): PowerHal_Wrap_mtkPowerHint
12-15 16:26:29.369 I/vendor.mediatek.hardware.power@2.0-impl(  301): notifyAppState pack:com.android.settings, act:com.android.settings.Settings, pid:3315, state:1
12-15 16:26:29.370 I/WindowManager(  628): Focus moving from Window{7ae3c1a u0 com.android.settings/com.android.settings.Settings$DisplaySettingsActivity} to null
12-15 16:26:29.388 I/DeviceIndex( 3315): Skipping: device index is not enabled
12-15 16:26:29.392 W/Binder:459_2(  459): type=1400 audit(0.0:11946): avc: denied { dac_read_search } for capability=2 scontext=u:r:installd:s0 tcontext=u:r:installd:s0 tclass=capability permissive=0
12-15 16:26:29.392 I/chatty  (  459): uid=0(root) Binder:459_2 identical 3 lines
12-15 16:26:29.392 W/Binder:459_2(  459): type=1400 audit(0.0:11950): avc: denied { dac_read_search } for capability=2 scontext=u:r:installd:s0 tcontext=u:r:installd:s0 tclass=capability permissive=0
12-15 16:26:29.397 W/TileUtils( 3315): Found com.android.settings.Settings$NotificationAppListActivity for intent Intent { act=com.android.settings.action.SETTINGS pkg=com.android.settings } missing metadata com.android.settings.category
12-15 16:26:29.403 I/WindowManager(  628): Relayout Window{6a7d4cb u0 com.android.settings/com.android.settings.Settings}: oldVis=8 newVis=0 focusMayChange = true
12-15 16:26:29.405 I/BufferQueue(  312): [unnamed-312-95](this:0xad3d2000,id:95,api:0,p:-1,c:-1) BufferQueue core=(312:/system/bin/surfaceflinger)
12-15 16:26:29.406 I/BufferQueueConsumer(  312): [unnamed-312-95](this:0xad3d2000,id:95,api:0,p:-1,c:312) connect(C): consumer=(312:/system/bin/surfaceflinger) controlledByApp=false
12-15 16:26:29.406 I/BufferQueueConsumer(  312): [unnamed-312-95](this:0xad3d2000,id:95,api:0,p:-1,c:312) setConsumerName: unnamed-312-95
12-15 16:26:29.406 I/BufferQueueConsumer(  312): [com.android.settings/com.android.settings.Settings#0](this:0xad3d2000,id:95,api:0,p:-1,c:312) setConsumerName: com.android.settings/com.android.settings.Settings#0
12-15 16:26:29.406 I/BufferQueueConsumer(  312): [com.android.settings/com.android.settings.Settings#0](this:0xad3d2000,id:95,api:0,p:-1,c:312) setDefaultBufferSize: width=720 height=1600
12-15 16:26:29.407 I/WindowManager(  628): Focus moving from null to Window{6a7d4cb u0 com.android.settings/com.android.settings.Settings}
12-15 16:26:29.409 I/BufferQueueProducer(  312): [com.android.settings/com.android.settings.Settings#0](this:0xad3d2000,id:95,api:1,p:3315,c:312) connect(P): api=1 producer=(3315:com.android.settings) producerControlledByApp=true
12-15 16:26:29.446 I/WifiHAL (  300): feature_set=0x488141a
12-15 16:26:29.447 I/WifiHAL (  300): feature_set=0x488141a
12-15 16:26:29.455 E/BatteryExternalStatsWorker(  628): no controller energy info supplied for wifi
12-15 16:26:29.455 E/BatteryExternalStatsWorker(  628): no controller energy info supplied for bluetooth
12-15 16:26:29.455 E/BatteryExternalStatsWorker(  628): no controller energy info supplied for telephony
12-15 16:26:29.455 E/KernelCpuSpeedReader(  628): Failed to read cpu-freq: /sys/devices/system/cpu/cpu0/cpufreq/stats/time_in_state (No such file or directory)
12-15 16:26:29.574 I/PowerWrap(  628): PowerHal_Wrap_mtkPowerHint
12-15 16:26:29.575 I/libPowerHal(  301): 17: cpu_ctrl set freq: -1 -1
12-15 16:26:29.889 I/BufferQueueProducer(  312): [com.android.settings/com.android.settings.Settings$DisplaySettingsActivity#0](this:0xabcde000,id:94,api:1,p:3315,c:312) disconnect(P): api 1
12-15 16:26:29.889 I/BufferQueueConsumer(  312): [com.android.settings/com.android.settings.Settings$DisplaySettingsActivity#0](this:0xabcde000,id:94,api:1,p:-1,c:312) getReleasedBuffers: returning mask 0xffffffffffffffff
12-15 16:26:29.901 W/ContextImpl( 3315): Calling a method in the system process without a qualified user: android.app.ContextImpl.startService:1532 android.content.ContextWrapper.startService:664 android.app.Activity.onEnterAnimationComplete:6662 android.app.Activity.dispatchEnterAnimationComplete:6673 android.app.ActivityThread.handleEnterAnimationComplete:3275 
12-15 16:26:29.921 I/BufferQueueConsumer(  312): [com.android.settings/com.android.settings.Settings$DisplaySettingsActivity#0](this:0xabcde000,id:94,api:1,p:-1,c:-1) disconnect(C)
12-15 16:26:29.922 I/BufferQueue(  312): [com.android.settings/com.android.settings.Settings$DisplaySettingsActivity#0](this:0xabcde000,id:94,api:1,p:-1,c:-1) ~BufferQueueCore
12-15 16:26:30.064 E/WifiVendorHal(  628): getWifiLinkLayerStats(l.937) failed {.code = ERROR_NOT_SUPPORTED, .description = }
12-15 16:26:30.339 I/PowerWrap(  628): PowerHal_TouchBoost
12-15 16:26:30.340 I/libPowerHal(  301): 20: cpu_ctrl set freq: 2001000 -1
12-15 16:26:30.341 W/ContextImpl( 3315): Calling a method in the system process without a qualified user: android.app.ContextImpl.startService:1532 android.content.ContextWrapper.startService:664 android.content.ContextWrapper.startService:664 com.android.internal.policy.DecorView.dispatchTouchEvent:422 android.view.View.dispatchPointerEvent:12808 
12-15 16:26:30.423 I/SurfaceFlinger(  312): screenshot (com.android.settings/com.android.settings.Settings#0)
12-15 16:26:30.430 I/chatty  ( 3315): uid=1000(system) com.android.settings identical 3 lines
12-15 16:26:30.437 I/GenieFastBlurUtility(  760): =====blur time:13
12-15 16:26:30.448 W/ContextImpl( 3315): Calling a method in the system process without a qualified user: android.app.ContextImpl.startService:1532 android.content.ContextWrapper.startService:664 android.content.ContextWrapper.startService:664 com.android.internal.policy.DecorView.dispatchTouchEvent:422 android.view.View.dispatchPointerEvent:12808 
12-15 16:26:30.449 I/WindowManager(  628): Focus moving from Window{6a7d4cb u0 com.android.settings/com.android.settings.Settings} to Window{bbd582 u0 com.android.systemui}
12-15 16:26:30.456 I/WindowManager(  628): Focus moving from Window{bbd582 u0 com.android.systemui} to Window{d1794c9 u0 com.android.systemui}
12-15 16:26:30.463 I/BufferQueue(  312): [unnamed-312-96](this:0xabc14000,id:96,api:0,p:-1,c:-1) BufferQueue core=(312:/system/bin/surfaceflinger)
12-15 16:26:30.463 I/BufferQueueConsumer(  312): [unnamed-312-96](this:0xabc14000,id:96,api:0,p:-1,c:312) connect(C): consumer=(312:/system/bin/surfaceflinger) controlledByApp=false
12-15 16:26:30.463 I/BufferQueueConsumer(  312): [unnamed-312-96](this:0xabc14000,id:96,api:0,p:-1,c:312) setConsumerName: unnamed-312-96
12-15 16:26:30.463 I/BufferQueueConsumer(  312): [#0](this:0xabc14000,id:96,api:0,p:-1,c:312) setConsumerName: #0
12-15 16:26:30.463 I/BufferQueueConsumer(  312): [#0](this:0xabc14000,id:96,api:0,p:-1,c:312) setDefaultBufferSize: width=720 height=1600
12-15 16:26:30.466 I/BufferQueueProducer(  312): [#0](this:0xabc14000,id:96,api:1,p:760,c:312) connect(P): api=1 producer=(760:com.android.systemui) producerControlledByApp=true
12-15 16:26:30.466 W/ContextImpl( 3315): Calling a method in the system process without a qualified user: android.app.ContextImpl.startService:1532 android.content.ContextWrapper.startService:664 android.content.ContextWrapper.startService:664 com.android.internal.policy.DecorView.dispatchTouchEvent:422 android.view.View.dispatchPointerEvent:12808 
12-15 16:26:30.467 I/SurfaceFlinger(  312): [Built-in Screen (type:0)] fps:31.297169,dur:1118.31,max:525.64,min:3.35
12-15 16:26:30.478 I/BufferQueue(  312): [unnamed-312-97](this:0xa8a8e000,id:97,api:0,p:-1,c:-1) BufferQueue core=(312:/system/bin/surfaceflinger)
12-15 16:26:30.478 I/BufferQueueConsumer(  312): [unnamed-312-97](this:0xa8a8e000,id:97,api:0,p:-1,c:312) connect(C): consumer=(312:/system/bin/surfaceflinger) controlledByApp=false
12-15 16:26:30.478 I/BufferQueueConsumer(  312): [unnamed-312-97](this:0xa8a8e000,id:97,api:0,p:-1,c:312) setConsumerName: unnamed-312-97
12-15 16:26:30.478 I/BufferQueueConsumer(  312): [#1](this:0xa8a8e000,id:97,api:0,p:-1,c:312) setConsumerName: #1
12-15 16:26:30.478 I/BufferQueueConsumer(  312): [#1](this:0xa8a8e000,id:97,api:0,p:-1,c:312) setDefaultBufferSize: width=720 height=1600
12-15 16:26:30.480 I/BufferQueueProducer(  312): [#1](this:0xa8a8e000,id:97,api:1,p:760,c:312) connect(P): api=1 producer=(760:com.android.systemui) producerControlledByApp=true
12-15 16:26:30.495 I/PowerWrap(  628): PowerHal_TouchBoost
12-15 16:26:30.496 I/libPowerHal(  301): 20: cpu_ctrl set freq: -1 -1
12-15 16:26:30.498 I/chatty  ( 3315): uid=1000(system) com.android.settings identical 2 lines
12-15 16:26:30.502 W/ContextImpl( 3315): Calling a method in the system process without a qualified user: android.app.ContextImpl.startService:1532 android.content.ContextWrapper.startService:664 android.content.ContextWrapper.startService:664 com.android.internal.policy.DecorView.dispatchTouchEvent:422 android.view.View.dispatchPointerEvent:12808 
12-15 16:26:30.532 I/WindowManager(  628): Losing delayed focus: Window{6a7d4cb u0 com.android.settings/com.android.settings.Settings}
12-15 16:26:30.532 I/WindowManager(  628): Losing delayed focus: Window{bbd582 u0 com.android.systemui}
12-15 16:26:30.546 I/BufferQueueProducer(  312): [com.android.settings/com.android.settings.Settings#0](this:0xad3d2000,id:95,api:1,p:3315,c:312) queueBuffer: fps=1.79 dur=1116.71 max=1085.14 min=31.56
12-15 16:26:31.232 I/PowerWrap(  628): PowerHal_TouchBoost
12-15 16:26:31.234 I/libPowerHal(  301): 20: cpu_ctrl set freq: 2001000 -1
12-15 16:26:31.236 E/ActivityManager(  628): Sending non-protected broadcast com.genie.clickscreen from system 760:com.android.systemui/u0a20 pkg com.android.systemui
12-15 16:26:31.236 E/ActivityManager(  628): java.lang.Throwable
12-15 16:26:31.236 E/ActivityManager(  628): 	at com.android.server.am.ActivityManagerService.checkBroadcastFromSystem(ActivityManagerService.java:21473)
12-15 16:26:31.236 E/ActivityManager(  628): 	at com.android.server.am.ActivityManagerService.broadcastIntentLocked(ActivityManagerService.java:21984)
12-15 16:26:31.236 E/ActivityManager(  628): 	at com.android.server.am.ActivityManagerService.broadcastIntent(ActivityManagerService.java:22227)
12-15 16:26:31.236 E/ActivityManager(  628): 	at android.app.IActivityManager$Stub.onTransact$broadcastIntent$(IActivityManager.java:10181)
12-15 16:26:31.236 E/ActivityManager(  628): 	at android.app.IActivityManager$Stub.onTransact(IActivityManager.java:167)
12-15 16:26:31.236 E/ActivityManager(  628): 	at com.android.server.am.ActivityManagerService.onTransact(ActivityManagerService.java:3350)
12-15 16:26:31.236 E/ActivityManager(  628): 	at android.os.Binder.execTransact(Binder.java:731)
12-15 16:26:31.240 E/ActivityManager(  628): Sending non-protected broadcast com.genie.clickscreen from system 760:com.android.systemui/u0a20 pkg com.android.systemui
12-15 16:26:31.240 E/ActivityManager(  628): java.lang.Throwable
12-15 16:26:31.240 E/ActivityManager(  628): 	at com.android.server.am.ActivityManagerService.checkBroadcastFromSystem(ActivityManagerService.java:21473)
12-15 16:26:31.240 E/ActivityManager(  628): 	at com.android.server.am.ActivityManagerService.broadcastIntentLocked(ActivityManagerService.java:22077)
12-15 16:26:31.240 E/ActivityManager(  628): 	at com.android.server.am.ActivityManagerService.broadcastIntent(ActivityManagerService.java:22227)
12-15 16:26:31.240 E/ActivityManager(  628): 	at android.app.IActivityManager$Stub.onTransact$broadcastIntent$(IActivityManager.java:10181)
12-15 16:26:31.240 E/ActivityManager(  628): 	at android.app.IActivityManager$Stub.onTransact(IActivityManager.java:167)
12-15 16:26:31.240 E/ActivityManager(  628): 	at com.android.server.am.ActivityManagerService.onTransact(ActivityManagerService.java:3350)
12-15 16:26:31.240 E/ActivityManager(  628): 	at android.os.Binder.execTransact(Binder.java:731)
12-15 16:26:31.242 I/SA.PushAutoTrackHelper( 1148): SDK or push disabled.
12-15 16:26:31.243 I/LockScreenReceiver( 1148): action ::: com.genie.clickscreen
12-15 16:26:31.243 I/EyesProtectManager( 1148): [ (EyesProtectManager.java:76)#userTracked ] userTracked:  configLoaded-true protectorOn-false canUseScreen-true isUseCounting-false useBeginTime-null useSeconds-0 lockScreenTime-2021-12-15 16:25:26 unlockScreenTime- null
12-15 16:26:31.312 W/System  ( 1148): A resource failed to call destroy. 
12-15 16:26:31.316 I/chatty  ( 1148): uid=1000(system) FinalizerDaemon identical 4 lines
12-15 16:26:31.316 W/System  ( 1148): A resource failed to call destroy. 
12-15 16:26:31.319 I/PowerWrap(  628): PowerHal_TouchBoost
12-15 16:26:31.320 I/libPowerHal(  301): 20: cpu_ctrl set freq: -1 -1
12-15 16:26:31.321 E/AudioTrack(  628): start(): 0x8bec3180, mState = 1
12-15 16:26:31.425 I/PowerWrap(  628): PowerHal_TouchBoost
12-15 16:26:31.427 I/libPowerHal(  301): 20: cpu_ctrl set freq: 2001000 -1
12-15 16:26:31.494 I/PowerWrap(  628): PowerHal_TouchBoost
12-15 16:26:31.496 I/libPowerHal(  301): 20: cpu_ctrl set freq: -1 -1
12-15 16:26:31.496 E/AudioTrack(  628): start(): 0x8bec3180, mState = 1
12-15 16:26:31.583 I/PowerWrap(  628): PowerHal_TouchBoost
12-15 16:26:31.586 I/libPowerHal(  301): 20: cpu_ctrl set freq: 2001000 -1
12-15 16:26:31.652 I/PowerWrap(  628): PowerHal_TouchBoost
12-15 16:26:31.654 I/libPowerHal(  301): 20: cpu_ctrl set freq: -1 -1
12-15 16:26:31.655 E/AudioTrack(  628): start(): 0x8bec3180, mState = 1
12-15 16:26:31.723 I/PowerWrap(  628): PowerHal_TouchBoost
12-15 16:26:31.726 I/libPowerHal(  301): 20: cpu_ctrl set freq: 2001000 -1
12-15 16:26:31.809 I/PowerWrap(  628): PowerHal_TouchBoost
12-15 16:26:31.811 I/libPowerHal(  301): 20: cpu_ctrl set freq: -1 -1
12-15 16:26:31.811 E/AudioTrack(  628): start(): 0x8bec3180, mState = 1
12-15 16:26:31.880 I/PowerWrap(  628): PowerHal_TouchBoost
12-15 16:26:31.882 I/libPowerHal(  301): 20: cpu_ctrl set freq: 2001000 -1
12-15 16:26:31.967 I/PowerWrap(  628): PowerHal_TouchBoost
12-15 16:26:31.968 I/libPowerHal(  301): 20: cpu_ctrl set freq: -1 -1
12-15 16:26:31.969 E/AudioTrack(  628): start(): 0x8bec3180, mState = 1
12-15 16:26:32.055 I/PowerWrap(  628): PowerHal_TouchBoost
12-15 16:26:32.058 I/libPowerHal(  301): 20: cpu_ctrl set freq: 2001000 -1
12-15 16:26:32.092 W/TRAEIdle_Androi( 1276): type=1400 audit(0.0:12879): avc: denied { read } for name="stat" dev="proc" ino=4026532021 scontext=u:r:system_app:s0 tcontext=u:object_r:proc_stat:s0 tclass=file permissive=0
12-15 16:26:32.160 I/PowerWrap(  628): PowerHal_TouchBoost
12-15 16:26:32.162 I/libPowerHal(  301): 20: cpu_ctrl set freq: -1 -1
12-15 16:26:32.163 E/AudioTrack(  628): start(): 0x8bec3180, mState = 1
12-15 16:26:32.213 I/PowerWrap(  628): PowerHal_TouchBoost
12-15 16:26:32.215 I/libPowerHal(  301): 20: cpu_ctrl set freq: 2001000 -1
12-15 16:26:32.283 I/PowerWrap(  628): PowerHal_TouchBoost
12-15 16:26:32.285 E/AudioTrack(  628): start(): 0x8bec3180, mState = 1
12-15 16:26:32.285 I/libPowerHal(  301): 20: cpu_ctrl set freq: -1 -1
12-15 16:26:32.389 I/PowerWrap(  628): PowerHal_TouchBoost
12-15 16:26:32.391 I/libPowerHal(  301): 20: cpu_ctrl set freq: 2001000 -1
12-15 16:26:32.475 I/PowerWrap(  628): PowerHal_TouchBoost
12-15 16:26:32.477 I/libPowerHal(  301): 20: cpu_ctrl set freq: -1 -1
12-15 16:26:32.478 E/AudioTrack(  628): start(): 0x8bec3180, mState = 1
12-15 16:26:32.564 I/PowerWrap(  628): PowerHal_TouchBoost
12-15 16:26:32.567 I/libPowerHal(  301): 20: cpu_ctrl set freq: 2001000 -1
12-15 16:26:32.633 I/PowerWrap(  628): PowerHal_TouchBoost
12-15 16:26:32.635 I/libPowerHal(  301): 20: cpu_ctrl set freq: -1 -1
12-15 16:26:32.639 I/BufferQueueProducer(  312): [#0](this:0xabc14000,id:96,api:1,p:760,c:312) disconnect(P): api 1
12-15 16:26:32.639 I/BufferQueueConsumer(  312): [#0](this:0xabc14000,id:96,api:1,p:-1,c:312) getReleasedBuffers: returning mask 0xffffffffffffffff
12-15 16:26:32.649 I/BufferQueueProducer(  312): [#1](this:0xa8a8e000,id:97,api:1,p:760,c:312) disconnect(P): api 1
12-15 16:26:32.649 I/BufferQueueConsumer(  312): [#1](this:0xa8a8e000,id:97,api:1,p:-1,c:312) getReleasedBuffers: returning mask 0xffffffffffffffff
12-15 16:26:32.655 I/BufferQueueConsumer(  312): [#0](this:0xabc14000,id:96,api:1,p:-1,c:-1) disconnect(C)
12-15 16:26:32.657 I/BufferQueueConsumer(  312): [#1](this:0xa8a8e000,id:97,api:1,p:-1,c:-1) disconnect(C)
12-15 16:26:32.659 W/SurfaceFlinger(  312): Attempting to destroy on removed layer: d1794c9 com.android.systemui#0
12-15 16:26:32.660 I/BufferQueue(  312): [#0](this:0xabc14000,id:96,api:1,p:-1,c:-1) ~BufferQueueCore
12-15 16:26:32.661 I/BufferQueue(  312): [#1](this:0xa8a8e000,id:97,api:1,p:-1,c:-1) ~BufferQueueCore
12-15 16:26:32.661 I/WindowManager(  628): Focus moving from Window{d1794c9 u0 com.android.systemui} to Window{6a7d4cb u0 com.android.settings/com.android.settings.Settings}
12-15 16:26:32.663 I/SurfaceFlinger(  312): [Built-in Screen (type:0)] fps:14.571212,dur:2196.11,max:1373.37,min:16.08
12-15 16:26:32.664 W/ViewRootImpl[](  760): Dropping event due to root view being removed: MotionEvent { action=ACTION_UP, actionButton=0, id[0]=0, x[0]=221.6921, y[0]=498.68832, toolType[0]=TOOL_TYPE_FINGER, buttonState=0, metaState=0, flags=0x0, edgeFlags=0x0, pointerCount=1, historySize=0, eventTime=2520346, downTime=2520276, deviceId=1, source=0x1002 }
12-15 16:26:32.664 W/InputEventReceiver(  760): Attempted to finish an input event but the input event receiver has already been disposed.
12-15 16:26:32.682 I/BufferQueueProducer(  312): [com.android.settings/com.android.settings.Settings#0](this:0xad3d2000,id:95,api:1,p:3315,c:312) queueBuffer: fps=7.96 dur=2135.62 max=1405.77 min=13.65
12-15 16:26:32.739 I/PowerWrap(  628): PowerHal_TouchBoost
12-15 16:26:32.741 I/libPowerHal(  301): 20: cpu_ctrl set freq: 2001000 -1
12-15 16:26:32.742 W/ContextImpl( 3315): Calling a method in the system process without a qualified user: android.app.ContextImpl.sendBroadcast:1006 android.content.ContextWrapper.sendBroadcast:444 android.view.View.dispatchTouchEvent:12526 android.view.ViewGroup.dispatchTransformedTouchEvent:3077 android.view.ViewGroup.dispatchTouchEvent:2727 
12-15 16:26:32.743 E/ActivityManager(  628): Sending non-protected broadcast com.genie.clickscreen from system 3315:com.android.settings/1000 pkg com.android.settings
12-15 16:26:32.743 E/ActivityManager(  628): java.lang.Throwable
12-15 16:26:32.743 E/ActivityManager(  628): 	at com.android.server.am.ActivityManagerService.checkBroadcastFromSystem(ActivityManagerService.java:21473)
12-15 16:26:32.743 E/ActivityManager(  628): 	at com.android.server.am.ActivityManagerService.broadcastIntentLocked(ActivityManagerService.java:21984)
12-15 16:26:32.743 E/ActivityManager(  628): 	at com.android.server.am.ActivityManagerService.broadcastIntent(ActivityManagerService.java:22227)
12-15 16:26:32.743 E/ActivityManager(  628): 	at android.app.IActivityManager$Stub.onTransact$broadcastIntent$(IActivityManager.java:10181)
12-15 16:26:32.743 E/ActivityManager(  628): 	at android.app.IActivityManager$Stub.onTransact(IActivityManager.java:167)
12-15 16:26:32.743 E/ActivityManager(  628): 	at com.android.server.am.ActivityManagerService.onTransact(ActivityManagerService.java:3350)
12-15 16:26:32.743 E/ActivityManager(  628): 	at android.os.Binder.execTransact(Binder.java:731)
12-15 16:26:32.751 W/AES     (  628): Exception Log handling...
12-15 16:26:32.752 W/AES     (  628): skip for Exp level 0
12-15 16:26:32.753 E/ActivityManager(  628): Sending non-protected broadcast com.genie.clickscreen from system 3315:com.android.settings/1000 pkg com.android.settings
12-15 16:26:32.753 E/ActivityManager(  628): java.lang.Throwable
12-15 16:26:32.753 E/ActivityManager(  628): 	at com.android.server.am.ActivityManagerService.checkBroadcastFromSystem(ActivityManagerService.java:21473)
12-15 16:26:32.753 E/ActivityManager(  628): 	at com.android.server.am.ActivityManagerService.broadcastIntentLocked(ActivityManagerService.java:22077)
12-15 16:26:32.753 E/ActivityManager(  628): 	at com.android.server.am.ActivityManagerService.broadcastIntent(ActivityManagerService.java:22227)
12-15 16:26:32.753 E/ActivityManager(  628): 	at android.app.IActivityManager$Stub.onTransact$broadcastIntent$(IActivityManager.java:10181)
