12-21 11:07:05.745 I/LongLinkLog( 1569): [ (AsrEngine.java:59)#i ] status changed to DISCONNECTED
12-21 11:07:05.746 I/LongLinkLog( 1569): [ (AsrEngine.java:59)#i ] reconnectAfterBackOff backOffSecond = 6 retryTimes:10
12-21 11:07:05.838 D/AudioALSAStreamOut(  288): [primary] dump()
12-21 11:07:05.839 D/AudioALSAStreamOut(  288): [primary] dump()
12-21 11:07:06.909 D/AudioProcessor( 1569): [ (AudioProcessor.java:199)#sendDataToJNI4 ] type:1 isHeating:false
12-21 11:07:06.968 D/AudioProcessor( 1569): [ (AudioProcessor.java:199)#sendDataToJNI4 ] type:2 isHeating:false
12-21 11:07:07.453 D/AudioProcessor( 1569): [ (AudioProcessor.java:199)#sendDataToJNI4 ] type:4 isHeating:false
12-21 11:07:07.490 E/WifiVendorHal(  646): getWifiLinkLayerStats(l.937) failed {.code = ERROR_NOT_SUPPORTED, .description = }
12-21 11:07:07.496 E/connsyslogger(  454): port index:3 not opened
12-21 11:07:07.618 D/AudioProcessor( 1569): [ (AudioProcessor.java:199)#sendDataToJNI4 ] type:2 isHeating:false
12-21 11:07:07.847 D/AudioALSAStreamOut(  288): [primary] dump()
12-21 11:07:07.848 D/AudioALSAStreamOut(  288): [primary] dump()
12-21 11:07:08.583 D/AudioProcessor( 1569): [ (AudioProcessor.java:199)#sendDataToJNI4 ] type:4 isHeating:false
12-21 11:07:09.066 D/AudioProcessor( 1569): [ (AudioProcessor.java:199)#sendDataToJNI4 ] type:3 isHeating:false
12-21 11:07:09.156 D/AudioProcessor( 1569): [ (AudioProcessor.java:199)#sendDataToJNI4 ] type:0 isHeating:false
12-21 11:07:09.854 D/AudioALSAStreamOut(  288): [primary] dump()
12-21 11:07:09.855 D/AudioALSAStreamOut(  288): [primary] dump()
12-21 11:07:10.417 E/connsyslogger(  454): port index:3 not opened
12-21 11:07:10.509 E/WifiVendorHal(  646): getWifiLinkLayerStats(l.937) failed {.code = ERROR_NOT_SUPPORTED, .description = }
12-21 11:07:11.752 I/LongLinkLog( 1569): [ (AsrEngine.java:59)#i ] connect status = DISCONNECTED,thread = Thread[wsMessage,5,main]
12-21 11:07:11.753 I/LongLinkLog( 1569): [ (AsrEngine.java:59)#i ] status changed to CONNECTING
12-21 11:07:11.754 I/TtSy    ( 1569): [ (AsrEngine.java:99)#lambda$init$0$AsrEngine ] status:CONNECTING
12-21 11:07:11.757 I/LongLinkLog( 1569): [ (AsrEngine.java:59)#i ] socketId:1d32586c-0f7c-491f-bd17-43076610c121 userId:1000303 deviceSn:61D00121B1600029 token:eyJhbGciOiJIUzI1NiIsInR5cCI6IkpXVCJ9.eyJ1c2VyX2lkIjoxMDAwMzAzLCJ1c2VyX3NvdXJjZSI6ImxhbXBfc3R1IiwiYXVkIjoiQWNjZXNzVG9rZW4iLCJleHAiOjE2NDAwNzgxNTcsImlhdCI6MTYzOTk5MTc1NywibmJmIjoxNjM5OTkxNzU3LCJzdWIiOiIxMDAwMzAzIn0.7Xlezg82e5qQy_yBZgIMktib0C35NjahafJSq7XlLXs
12-21 11:07:11.762 I/System.out( 1569): port:8888
12-21 11:07:11.768 E/connsyslogger(  454): port index:3 not opened
12-21 11:07:11.861 D/AudioALSAStreamOut(  288): [primary] dump()
12-21 11:07:11.863 D/AudioALSAStreamOut(  288): [primary] dump()
12-21 11:07:11.976 D/lights  (  297): write_int open fd=7
12-21 11:07:11.977 I/SA.PushAutoTrackHelper( 1155): SDK or push disabled.
12-21 11:07:11.977 I/LockScreenReceiver( 1155): action ::: android.intent.action.SCREEN_DIM
12-21 11:07:11.979 W/ContextImpl( 1155): Calling a method in the system process without a qualified user: android.app.ContextImpl.startActivity:888 android.content.ContextWrapper.startActivity:379 com.tal.genie.lockscreen.receiver.LockScreenReceiver.lockScreen:117 com.tal.genie.lockscreen.receiver.LockScreenReceiver.onReceive:51 android.app.LoadedApk$ReceiverDispatcher$Args.lambda$getRunnable$0:1391 
12-21 11:07:11.980 W/ContextImpl( 1155): Calling a method in the system process without a qualified user: android.app.ContextImpl.startActivity:900 android.app.ContextImpl.startActivity:889 android.content.ContextWrapper.startActivity:379 com.tal.genie.lockscreen.receiver.LockScreenReceiver.lockScreen:117 com.tal.genie.lockscreen.receiver.LockScreenReceiver.onReceive:51 
12-21 11:07:11.982 I/ActivityManager(  646): START u0 {flg=0x10800000 cmp=com.tal.genie.launcher/com.tal.genie.lockscreen.activity.LockScreenActivity} from uid 1000
12-21 11:07:11.989 I/vendor.mediatek.hardware.power@2.0-impl(  304): powerHintAsync hint:8, data:1
12-21 11:07:11.992 I/SurfaceFlinger(  314): [Built-in Screen (type:0)] fps:0.083714,dur:11945.46,max:11945.46,min:11945.46
12-21 11:07:11.992 I/libPowerHal(  304): 8: cpu_ctrl set freq: 2001000 -1
12-21 11:07:11.995 I/PowerWrap(  646): PowerHal_Wrap_mtkPowerHint
12-21 11:07:11.999 W/ContextImpl( 1155): Calling a method in the system process without a qualified user: android.app.ContextImpl.sendBroadcast:1006 android.content.ContextWrapper.sendBroadcast:444 com.tal.genie.lockscreen.utils.PushNotificationDialogManager.sendPushNotificationStatus:54 com.tal.genie.lockscreen.utils.PushNotificationDialogManager.sendPushNotificationShow:23 com.tal.genie.lockscreen.receiver.LockScreenReceiver.lockScreen:122 
12-21 11:07:11.996 I/PowerWrap(  646): PowerHal_Wrap_mtkPowerHint
12-21 11:07:12.000 E/ActivityManager(  646): Sending non-protected broadcast genie.notify.action.state.action from system 1155:com.tal.genie.launcher/1000 pkg com.tal.genie.launcher
12-21 11:07:12.000 E/ActivityManager(  646): java.lang.Throwable
12-21 11:07:12.000 E/ActivityManager(  646): 	at com.android.server.am.ActivityManagerService.checkBroadcastFromSystem(ActivityManagerService.java:21473)
12-21 11:07:12.000 E/ActivityManager(  646): 	at com.android.server.am.ActivityManagerService.broadcastIntentLocked(ActivityManagerService.java:22077)
12-21 11:07:12.000 E/ActivityManager(  646): 	at com.android.server.am.ActivityManagerService.broadcastIntent(ActivityManagerService.java:22227)
12-21 11:07:12.000 E/ActivityManager(  646): 	at android.app.IActivityManager$Stub.onTransact$broadcastIntent$(IActivityManager.java:10181)
12-21 11:07:12.000 E/ActivityManager(  646): 	at android.app.IActivityManager$Stub.onTransact(IActivityManager.java:167)
12-21 11:07:12.000 E/ActivityManager(  646): 	at com.android.server.am.ActivityManagerService.onTransact(ActivityManagerService.java:3350)
12-21 11:07:12.000 E/ActivityManager(  646): 	at android.os.Binder.execTransact(Binder.java:731)
12-21 11:07:12.004 D/ViewRootImpl[launcher](  646): hardware acceleration = false , fakeHwAccelerated = true, sRendererDisabled = true, forceHwAccelerated = false, sSystemRendererDisabled = true
12-21 11:07:12.007 W/AES     (  646): Exception Log handling...
12-21 11:07:12.008 D/AES     (  646): ExceptionLog: notify aed, process:system_server pid:646 cause:system_server_wtf 
12-21 11:07:12.008 W/AES     (  646): skip for Exp level 0
12-21 11:07:12.010 I/HomeFragment( 1155): [ (BaseFragment.java:73)#onPause ] onPause.
12-21 11:07:12.011 I/HomeFragment( 1155): [ (HomeFragment.java:120)#onPause ] onPause  isVisible :: true
12-21 11:07:12.012 D/MainActivity( 1155): [ (LogDefaultI.java:8)#logDefaultD ] onPause.
12-21 11:07:12.010 W/lmkd    (  313): type=1400 audit(0.0:7773): avc: denied { dac_read_search } for capability=2 scontext=u:r:lmkd:s0 tcontext=u:r:lmkd:s0 tclass=capability permissive=0
12-21 11:07:12.010 W/lmkd    (  313): type=1400 audit(0.0:7774): avc: denied { dac_read_search } for capability=2 scontext=u:r:lmkd:s0 tcontext=u:r:lmkd:s0 tclass=capability permissive=0
12-21 11:07:12.013 D/LogUtils---NotifyActionStateReceiver( 1100): onReceive.
12-21 11:07:12.014 D/LogUtils---NotifyActionStateManager( 1100): onReceivedActionState data: {"canShow":false,"canSkip":true}
12-21 11:07:12.015 D/LogUtils---NotifyActionStateManager( 1100): onReceivedActionState handle data successful!
12-21 11:07:12.015 I/PowerWrap(  646): PowerHal_Wrap_mtkPowerHint
12-21 11:07:12.016 I/PowerWrap(  646): PowerHal_Wrap_mtkPowerHint
12-21 11:07:12.018 I/BufferQueue(  314): [unnamed-314-12](this:0xa9c29000,id:12,api:0,p:-1,c:-1) BufferQueue core=(314:/system/bin/surfaceflinger)
12-21 11:07:12.018 I/BufferQueueConsumer(  314): [unnamed-314-12](this:0xa9c29000,id:12,api:0,p:-1,c:314) connect(C): consumer=(314:/system/bin/surfaceflinger) controlledByApp=false
12-21 11:07:12.018 I/BufferQueueConsumer(  314): [unnamed-314-12](this:0xa9c29000,id:12,api:0,p:-1,c:314) setConsumerName: unnamed-314-12
12-21 11:07:12.018 I/BufferQueueConsumer(  314): [Splash Screen com.tal.genie.launcher#0](this:0xa9c29000,id:12,api:0,p:-1,c:314) setConsumerName: Splash Screen com.tal.genie.launcher#0
12-21 11:07:12.018 I/BufferQueueConsumer(  314): [Splash Screen com.tal.genie.launcher#0](this:0xa9c29000,id:12,api:0,p:-1,c:314) setDefaultBufferSize: width=720 height=1600
12-21 11:07:12.021 V/WindowManager(  646): Set focused app to: AppWindowToken{c5965be token=Token{6703479 ActivityRecord{586d40 u0 com.tal.genie.launcher/com.tal.genie.lockscreen.activity.LockScreenActivity t101}}} old focus=AppWindowToken{68d408f token=Token{5cc63ee ActivityRecord{d48d69 u0 com.tal.genie.launcher/.ui.main.MainActivity t2}}} moveFocusNow=true
12-21 11:07:12.021 V/WindowManager(  646): Changing focus from Window{b8714b2 u0 com.tal.genie.launcher/com.tal.genie.launcher.ui.main.MainActivity} to null Callers=com.android.server.wm.WindowManagerService.setFocusedApp:2638 com.android.server.am.ActivityManagerService.setResumedActivityUncheckLocked:3631 com.android.server.am.ActivityStack.onActivityStateChanged:498 com.android.server.am.TaskRecord.onActivityStateChanged:1794 
12-21 11:07:12.021 D/WindowManager(  646): Input focus has changed to null
12-21 11:07:12.022 I/WindowManager(  646): Focus moving from Window{b8714b2 u0 com.tal.genie.launcher/com.tal.genie.launcher.ui.main.MainActivity} to null
12-21 11:07:12.023 I/vendor.mediatek.hardware.power@2.0-impl(  304): notifyAppState pack:com.tal.genie.launcher, act:com.tal.genie.lockscreen.activity.LockScreenActivity, pid:1155, state:1
12-21 11:07:12.025 W/ActivityThread( 1155): handleWindowVisibility: no activity for token android.os.BinderProxy@436acae
12-21 11:07:12.023 W/lmkd    (  313): type=1400 audit(0.0:7775): avc: denied { dac_read_search } for capability=2 scontext=u:r:lmkd:s0 tcontext=u:r:lmkd:s0 tclass=capability permissive=0
12-21 11:07:12.023 W/lmkd    (  313): type=1400 audit(0.0:7776): avc: denied { dac_read_search } for capability=2 scontext=u:r:lmkd:s0 tcontext=u:r:lmkd:s0 tclass=capability permissive=0
12-21 11:07:12.033 D/Surface (  646): lockCanvas
12-21 11:07:12.033 D/Surface (  646): Surface::connect(this=0x8b54e000,api=2)
12-21 11:07:12.033 I/BufferQueueProducer(  314): [Splash Screen com.tal.genie.launcher#0](this:0xa9c29000,id:12,api:2,p:646,c:314) connect(P): api=2 producer=(646:system_server) producerControlledByApp=false
12-21 11:07:12.052 D/Surface (  646): lockCanvas
12-21 11:07:12.061 D/DeviceUseModel( 1155): [ (DeviceUseModel.java:213)#recordLockTime ] 记录锁屏时间：2021-12-21 11:07:12
12-21 11:07:12.062 D/EyesProtectManager( 1155): [ (EyesProtectManager.java:169)#parseScreenUseTime ] 触发了屏幕可用时间解析逻辑
12-21 11:07:12.062 D/EyesProtectManager( 1155): [ (EyesProtectManager.java:176)#parseScreenUseTime ] 未解析到今日屏幕保护时间设置 ：
12-21 11:07:12.063 D/EyesProtectManager( 1155): [ (EyesProtectManager.java:160)#eyesProtectWithNoBroadcast ] 没有发送锁屏广播
12-21 11:07:12.063 W/ContextImpl( 1155): Calling a method in the system process without a qualified user: android.app.ContextImpl.startForegroundService:1538 android.content.ContextWrapper.startForegroundService:669 android.content.ContextWrapper.startForegroundService:669 com.tal.genie.lockscreen.activity.LockScreenActivity.initSevice:84 com.tal.genie.lockscreen.activity.LockScreenActivity.onCreate:77 
12-21 11:07:12.069 V/PhoneWindow( 1155): DecorView setVisiblity: visibility = 4, Parent = null, this = DecorView@3f383c2[]
12-21 11:07:12.071 D/ViewRootImpl[LockScreenActivity]( 1155): hardware acceleration = true , fakeHwAccelerated = false, sRendererDisabled = false, forceHwAccelerated = false, sSystemRendererDisabled = false
12-21 11:07:12.073 I/SA.SensorsDataAPI( 1155): track event:
12-21 11:07:12.073 I/SA.SensorsDataAPI( 1155): {
12-21 11:07:12.073 I/SA.SensorsDataAPI( 1155): 	"_track_id":-673596411,
12-21 11:07:12.073 I/SA.SensorsDataAPI( 1155): 	"time":1640056032070,
12-21 11:07:12.073 I/SA.SensorsDataAPI( 1155): 	"type":"track",
12-21 11:07:12.073 I/SA.SensorsDataAPI( 1155): 	"distinct_id":"61D00121B1600029",
12-21 11:07:12.073 I/SA.SensorsDataAPI( 1155): 	"login_id":"61D00121B1600029",
12-21 11:07:12.073 I/SA.SensorsDataAPI( 1155): 	"anonymous_id":"ae68bf8276e92d56",
12-21 11:07:12.073 I/SA.SensorsDataAPI( 1155): 	"lib":{
12-21 11:07:12.073 I/SA.SensorsDataAPI( 1155): 		"$lib_method":"autoTrack",
12-21 11:07:12.073 I/SA.SensorsDataAPI( 1155): 		"$lib":"Android",
12-21 11:07:12.073 I/SA.SensorsDataAPI( 1155): 		"$lib_version":"6.0.0",
12-21 11:07:12.073 I/SA.SensorsDataAPI( 1155): 		"$app_version":"1.0.0",
12-21 11:07:12.073 I/SA.SensorsDataAPI( 1155): 		"$lib_detail":"com.tal.genie.lockscreen.activity.LockScreenActivity######"
12-21 11:07:12.073 I/SA.SensorsDataAPI( 1155): 	},
12-21 11:07:12.073 I/SA.SensorsDataAPI( 1155): 	"event":"$AppViewScreen",
12-21 11:07:12.073 I/SA.SensorsDataAPI( 1155): 	"properties":{
12-21 11:07:12.073 I/SA.SensorsDataAPI( 1155): 		"$os_version":"9",
12-21 11:07:12.073 I/SA.SensorsDataAPI( 1155): 		"$model":"S10",
12-21 11:07:12.073 I/SA.SensorsDataAPI( 1155): 		"$os":"Android",
12-21 11:07:12.073 I/SA.SensorsDataAPI( 1155): 		"$screen_width":720,
12-21 11:07:12.073 I/SA.SensorsDataAPI( 1155): 		"$brand":"ALPS",
12-21 11:07:12.073 I/SA.SensorsDataAPI( 1155): 		"$screen_height":1600,
12-21 11:07:12.073 I/SA.SensorsDataAPI( 1155): 		"$app_version":"1.0.0",
12-21 11:07:12.073 I/SA.SensorsDataAPI( 1155): 		"$lib":"Android",
12-21 11:07:12.073 I/SA.SensorsDataAPI( 1155): 		"$device_id":"ae68bf8276e92d56",
12-21 11:07:12.073 I/SA.SensorsDataAPI( 1155): 		"$app_name":"Genie launcher",
12-21 11:07:12.073 I/SA.SensorsDataAPI( 1155): 		"$lib_version":"6.0.0",
12-21 11:07:12.073 I/SA.SensorsDataAPI( 1155): 		"$timezone_offset":-480,
12-21 11:07:12.073 I/SA.SensorsDataAPI( 1155): 		"$app_id":"com.tal.genie.launcher",
12-21 11:07:12.073 I/SA.SensorsDataAPI( 1155): 		"$manufacturer":"ALPS",
12-21 11:07:12.073 I/SA.SensorsDataAPI( 1155): 		"userId":"1000303",
12-21 11:07:12.073 I/SA.SensorsDataAPI( 1155): 		"sn":"61D00121B1600029",
12-21 11:07:12.073 I/SA.SensorsDataAPI( 1155): 		"appId":"com.tal.genie.launcher",
12-21 11:07:12.073 I/SA.SensorsDataAPI( 1155): 		"grade":"-1",
12-21 11:07:12.073 I/SA.SensorsDataAPI( 1155): 		"gender":"女",
12-21 11:07:12.073 I/SA.SensorsDataAPI( 1155): 		"age":"1970-01-01 00:00:00.000",
12-21 11:07:12.073 I/SA.SensorsDataAPI( 1155): 		"$referrer_title":"Genie launcher",
12-21 11:07:12.073 I/SA.SensorsDataAPI( 1155): 		"$wifi":true,
12-21 11:07:12.073 I/SA.SensorsDataAPI( 1155): 		"$network_type":"WIFI",
12-21 11:07:12.073 I/SA.SensorsDataAPI( 1155): 		"$referrer":"com.tal.genie.launcher.ui.main.MainActivity",
12-21 11:07:12.073 I/SA.SensorsDataAPI( 1155): 		"$url":"com.tal.genie.lockscreen.activity.LockScreenActivity",
12-21 11:07:12.073 I/SA.SensorsDataAPI( 1155): 		"$screen_name":"com.tal.genie.lockscreen.activity.LockScreenActivity",
12-21 11:07:12.073 I/SA.SensorsDataAPI( 1155): 		"$title":"Genie launcher",
12-21 11:07:12.073 I/SA.SensorsDataAPI( 1155): 		"$lib_method":"autoTrack",
12-21 11:07:12.073 I/SA.SensorsDataAPI( 1155): 		"$is_first_day":false
12-21 11:07:12.073 I/SA.SensorsDataAPI( 1155): 	}
12-21 11:07:12.073 I/SA.SensorsDataAPI( 1155): }
12-21 11:07:12.074 V/PhoneWindow( 1155): DecorView setVisiblity: visibility = 0, Parent = android.view.ViewRootImpl@cacc809, this = DecorView@3f383c2[LockScreenActivity]
12-21 11:07:12.074 D/StatusBar(  784): disable<E i a s b h r c s > disable2<q i n >
12-21 11:07:12.074 D/StatusBarKeyguardViewManager(  784): setOccluded() - setKeyguardOccluded(true)
12-21 11:07:12.074 D/StatusBarKeyguardViewManager(  784): reset() is called, mShowing = false ,mOccluded = truehideBouncerWhenShowing = true
12-21 11:07:12.076 D/GenieActivity( 1155): onEnterAnimationComplete com.tal.genie.lockscreen.activity.LockScreenActivity@ccba386
12-21 11:07:12.076 W/ContextImpl( 1155): Calling a method in the system process without a qualified user: android.app.ContextImpl.startService:1532 android.content.ContextWrapper.startService:664 android.content.ContextWrapper.startService:664 android.app.Activity.onEnterAnimationComplete:6662 android.app.Activity.dispatchEnterAnimationComplete:6673 
12-21 11:07:12.077 D/GenieActivity( 1155): onEnterAnimationComplete com.tal.genie.lockscreen.activity.LockScreenActivity@ccba386
12-21 11:07:12.078 I/SA.PushAutoTrackHelper( 1155): SDK or push disabled.
12-21 11:07:12.082 E/LongLinkLog( 1569): [ (AsrEngine.java:64)#e ] onFailure response=null,throwable = java.net.ConnectException: Failed to connect to /10.14.182.230:8888
12-21 11:07:12.083 E/LongLinkLog( 1569): [ (AsrEngine.java:64)#e ] ws error:Failed to connect to /10.14.182.230:8888
12-21 11:07:12.083 D/GenieService(  784): received closeDialog command
12-21 11:07:12.084 D/GenieService(  784): received closeDialog command
12-21 11:07:12.085 I/LongLinkLog( 1569): [ (AsrEngine.java:59)#i ] status changed to DISCONNECTED
12-21 11:07:12.077 W/ContextImpl( 1155): Calling a method in the system process without a qualified user: android.app.ContextImpl.startService:1532 android.content.ContextWrapper.startService:664 android.content.ContextWrapper.startService:664 android.app.Activity.onEnterAnimationComplete:6662 android.app.Activity.dispatchEnterAnimationComplete:6673 
12-21 11:07:12.087 I/WindowManager(  646): Relayout Window{f8a0f7a u0 com.tal.genie.launcher/com.tal.genie.lockscreen.activity.LockScreenActivity}: oldVis=4 newVis=0 focusMayChange = true
12-21 11:07:12.087 I/TtSy    ( 1569): [ (AsrEngine.java:99)#lambda$init$0$AsrEngine ] status:DISCONNECTED
12-21 11:07:12.087 I/LongLinkLog( 1569): [ (AsrEngine.java:59)#i ] reconnectAfterBackOff status = DISCONNECTED,thread = Thread[OkHttp https://hmi.chengjiukehu.com/...,5,main]
12-21 11:07:12.087 D/TalkEventDispatcher( 1569): [ (TalkEventDispatcher.java:139)#onError ] onError:
12-21 11:07:12.088 I/LongLinkLog( 1569): [ (AsrEngine.java:59)#i ] status changed to DISCONNECTED
12-21 11:07:12.089 I/BufferQueue(  314): [unnamed-314-13](this:0xa9b55000,id:13,api:0,p:-1,c:-1) BufferQueue core=(314:/system/bin/surfaceflinger)
12-21 11:07:12.089 I/BufferQueueConsumer(  314): [unnamed-314-13](this:0xa9b55000,id:13,api:0,p:-1,c:314) connect(C): consumer=(314:/system/bin/surfaceflinger) controlledByApp=false
12-21 11:07:12.089 I/BufferQueueConsumer(  314): [unnamed-314-13](this:0xa9b55000,id:13,api:0,p:-1,c:314) setConsumerName: unnamed-314-13
12-21 11:07:12.089 E/TtSy    ( 1569): [ (TTalkSdk.java:221)#onError ] onError: msg:网络不好,请稍后再试 errorCode:WS10001
12-21 11:07:12.089 I/BufferQueueConsumer(  314): [com.tal.genie.launcher/com.tal.genie.lockscreen.activity.LockScreenActivity#0](this:0xa9b55000,id:13,api:0,p:-1,c:314) setConsumerName: com.tal.genie.launcher/com.tal.genie.lockscreen.activity.LockScreenActivity#0
12-21 11:07:12.089 I/BufferQueueConsumer(  314): [com.tal.genie.launcher/com.tal.genie.lockscreen.activity.LockScreenActivity#0](this:0xa9b55000,id:13,api:0,p:-1,c:314) setDefaultBufferSize: width=720 height=1600
12-21 11:07:12.090 E/IVoiceS ( 1569): [ (TalkVoiceS.java:193)#onError ] onError: msg:网络不好,请稍后再试 code:WS10001
12-21 11:07:12.090 V/WindowManager(  646): Changing focus from null to Window{f8a0f7a u0 com.tal.genie.launcher/com.tal.genie.lockscreen.activity.LockScreenActivity} Callers=com.android.server.wm.WindowManagerService.relayoutWindow:2142 com.android.server.wm.Session.relayout:244 android.view.IWindowSession$Stub.onTransact:309 com.android.server.wm.Session.onTransact:164 
12-21 11:07:12.090 E/IVoiceS ( 1569): [ (TalkVoiceS.java:284)#dispatchOnError ] error: isVoicePageOpen false
12-21 11:07:12.090 D/WindowManager(  646): Input focus has changed to Window{f8a0f7a u0 com.tal.genie.launcher/com.tal.genie.lockscreen.activity.LockScreenActivity}
12-21 11:07:12.091 I/WindowManager(  646): Focus moving from null to Window{f8a0f7a u0 com.tal.genie.launcher/com.tal.genie.lockscreen.activity.LockScreenActivity}
12-21 11:07:12.092 D/Surface ( 1155): Surface::connect(this=0x9ee4a000,api=1)
12-21 11:07:12.092 D/Surface ( 1155): Surface::allocateBuffers(this=0x9ee4a000)
12-21 11:07:12.093 I/BufferQueueProducer(  314): [com.tal.genie.launcher/com.tal.genie.lockscreen.activity.LockScreenActivity#0](this:0xa9b55000,id:13,api:1,p:1155,c:314) connect(P): api=1 producer=(1155:com.tal.genie.launcher) producerControlledByApp=true
12-21 11:07:12.095 I/LongLinkLog( 1569): [ (AsrEngine.java:59)#i ] reconnectAfterBackOff backOffSecond = 6 retryTimes:11
12-21 11:07:12.095 D/mali_winsys( 1155): EGLint new_window_surface(egl_winsys_display *, void *, EGLSurface, EGLConfig, egl_winsys_surface **, EGLBoolean) returns 0x3000
12-21 11:07:12.100 D/Surface ( 1155): Surface::disconnect(this=0x84afc800,api=1)
12-21 11:07:12.101 I/BufferQueueProducer(  314): [com.tal.genie.launcher/com.tal.genie.launcher.ui.main.MainActivity#0](this:0xab2eb000,id:9,api:1,p:1155,c:314) disconnect(P): api 1
12-21 11:07:12.101 I/BufferQueueConsumer(  314): [com.tal.genie.launcher/com.tal.genie.launcher.ui.main.MainActivity#0](this:0xab2eb000,id:9,api:1,p:-1,c:314) getReleasedBuffers: returning mask 0xffffffffffffffff
12-21 11:07:12.118 D/View    (  646): [Warning] assignParent to null: this = DecorView@dbf32b[launcher]
12-21 11:07:12.118 I/ActivityManager(  646): Displayed com.tal.genie.launcher/com.tal.genie.lockscreen.activity.LockScreenActivity: +100ms
12-21 11:07:12.131 D/skia    (  646): SkJpegCodec::onGetPixels + (432, 960)
12-21 11:07:12.131 D/skia    (  646): SkJpegCodec::onGetPixels fEnTdshp 0 fISOSpeedRatings -1!
12-21 11:07:12.139 D/skia    (  646): SkJpegCodec::onGetPixels -
12-21 11:07:12.142 I/vendor.mediatek.hardware.power@2.0-impl(  304): powerHintAsync hint:8, data:0
12-21 11:07:12.144 I/PowerWrap(  646): PowerHal_Wrap_mtkPowerHint
12-21 11:07:12.145 I/libPowerHal(  304): 17: cpu_ctrl set freq: -1 -1
12-21 11:07:12.146 I/UserToolsFragment( 1155): [ (BaseFragment.java:79)#onStop ] onStop.
12-21 11:07:12.147 I/HomeFragment( 1155): [ (BaseFragment.java:79)#onStop ] onStop.
12-21 11:07:12.148 I/HomeMathFragment( 1155): [ (BaseFragment.java:79)#onStop ] onStop.
12-21 11:07:12.149 D/MainActivity( 1155): [ (LogDefaultI.java:8)#logDefaultD ] onStop.
12-21 11:07:12.152 D/MainActivity( 1155): [ (LogDefaultI.java:8)#logDefaultD ] onSaveInstanceState.
12-21 11:07:12.153 V/PhoneWindow( 1155): DecorView setVisiblity: visibility = 4, Parent = android.view.ViewRootImpl@1154621, this = DecorView@ff31a46[MainActivity]
12-21 11:07:12.171 I/BufferQueueConsumer(  314): [com.tal.genie.launcher/com.tal.genie.launcher.ui.main.MainActivity#0](this:0xab2eb000,id:9,api:1,p:-1,c:-1) disconnect(C)
12-21 11:07:12.171 I/BufferQueue(  314): [com.tal.genie.launcher/com.tal.genie.launcher.ui.main.MainActivity#0](this:0xab2eb000,id:9,api:1,p:-1,c:-1) ~BufferQueueCore
12-21 11:07:12.295 D/Surface (  646): Surface::disconnect(this=0x8b54e000,api=2)
12-21 11:07:12.296 I/BufferQueueProducer(  314): [Splash Screen com.tal.genie.launcher#0](this:0xa9c29000,id:12,api:2,p:646,c:314) disconnect(P): api 2
12-21 11:07:12.296 I/BufferQueueConsumer(  314): [Splash Screen com.tal.genie.launcher#0](this:0xa9c29000,id:12,api:2,p:-1,c:314) getReleasedBuffers: returning mask 0xffffffffffffffff
12-21 11:07:12.297 W/SurfaceFlinger(  314): Attempting to set client state on removed layer: Splash Screen com.tal.genie.launcher#0
12-21 11:07:12.297 W/SurfaceFlinger(  314): Attempting to destroy on removed layer: Splash Screen com.tal.genie.launcher#0
12-21 11:07:12.311 I/BufferQueueConsumer(  314): [Splash Screen com.tal.genie.launcher#0](this:0xa9c29000,id:12,api:2,p:-1,c:-1) disconnect(C)
12-21 11:07:12.314 I/BufferQueue(  314): [Splash Screen com.tal.genie.launcher#0](this:0xa9c29000,id:12,api:2,p:-1,c:-1) ~BufferQueueCore
12-21 11:07:12.361 D/AudioProcessor( 1569): [ (AudioProcessor.java:199)#sendDataToJNI4 ] type:1 isHeating:false
12-21 11:07:12.471 D/AudioProcessor( 1569): [ (AudioProcessor.java:199)#sendDataToJNI4 ] type:2 isHeating:false
12-21 11:07:12.769 D/AudioProcessor( 1569): [ (AudioProcessor.java:199)#sendDataToJNI4 ] type:4 isHeating:false
12-21 11:07:13.231 D/AudioProcessor( 1569): [ (AudioProcessor.java:199)#sendDataToJNI4 ] type:3 isHeating:false
12-21 11:07:13.314 D/AudioProcessor( 1569): [ (AudioProcessor.java:199)#sendDataToJNI4 ] type:0 isHeating:false
12-21 11:07:13.520 E/WifiVendorHal(  646): getWifiLinkLayerStats(l.937) failed {.code = ERROR_NOT_SUPPORTED, .description = }
12-21 11:07:13.527 E/connsyslogger(  454): port index:3 not opened
12-21 11:07:13.870 D/AudioALSAStreamOut(  288): [primary] dump()
12-21 11:07:13.871 D/AudioALSAStreamOut(  288): [primary] dump()
12-21 11:07:14.742 E/connsyslogger(  454): port index:3 not opened
12-21 11:07:15.767 E/connsyslogger(  454): port index:3 not opened
12-21 11:07:15.878 D/AudioALSAStreamOut(  288): [primary] dump()
12-21 11:07:15.879 D/AudioALSAStreamOut(  288): [primary] dump()
12-21 11:07:16.176 D/AudioProcessor( 1569): [ (AudioProcessor.java:199)#sendDataToJNI4 ] type:1 isHeating:false
12-21 11:07:16.246 D/AudioProcessor( 1569): [ (AudioProcessor.java:199)#sendDataToJNI4 ] type:2 isHeating:false
12-21 11:07:16.539 E/WifiVendorHal(  646): getWifiLinkLayerStats(l.937) failed {.code = ERROR_NOT_SUPPORTED, .description = }
12-21 11:07:17.872 D/AudioProcessor( 1569): [ (AudioProcessor.java:199)#sendDataToJNI4 ] type:4 isHeating:false
12-21 11:07:17.884 D/AudioALSAStreamOut(  288): [primary] dump()
12-21 11:07:17.885 D/AudioALSAStreamOut(  288): [primary] dump()
12-21 11:07:18.102 I/LongLinkLog( 1569): [ (AsrEngine.java:59)#i ] connect status = DISCONNECTED,thread = Thread[wsMessage,5,main]
12-21 11:07:18.103 I/LongLinkLog( 1569): [ (AsrEngine.java:59)#i ] status changed to CONNECTING
12-21 11:07:18.103 I/TtSy    ( 1569): [ (AsrEngine.java:99)#lambda$init$0$AsrEngine ] status:CONNECTING
12-21 11:07:18.105 I/LongLinkLog( 1569): [ (AsrEngine.java:59)#i ] socketId:b5ff97db-5f7e-44d6-bdb7-2b8f6fc800e5 userId:1000303 deviceSn:61D00121B1600029 token:eyJhbGciOiJIUzI1NiIsInR5cCI6IkpXVCJ9.eyJ1c2VyX2lkIjoxMDAwMzAzLCJ1c2VyX3NvdXJjZSI6ImxhbXBfc3R1IiwiYXVkIjoiQWNjZXNzVG9rZW4iLCJleHAiOjE2NDAwNzgxNTcsImlhdCI6MTYzOTk5MTc1NywibmJmIjoxNjM5OTkxNzU3LCJzdWIiOiIxMDAwMzAzIn0.7Xlezg82e5qQy_yBZgIMktib0C35NjahafJSq7XlLXs
12-21 11:07:18.107 I/System.out( 1569): port:8888
12-21 11:07:18.114 E/connsyslogger(  454): port index:3 not opened
12-21 11:07:18.277 E/LongLinkLog( 1569): [ (AsrEngine.java:64)#e ] onFailure response=null,throwable = java.net.ConnectException: Failed to connect to /10.14.182.230:8888
12-21 11:07:18.277 I/LongLinkLog( 1569): [ (AsrEngine.java:59)#i ] status changed to DISCONNECTED
12-21 11:07:18.277 E/LongLinkLog( 1569): [ (AsrEngine.java:64)#e ] ws error:Failed to connect to /10.14.182.230:8888
12-21 11:07:18.278 I/TtSy    ( 1569): [ (AsrEngine.java:99)#lambda$init$0$AsrEngine ] status:DISCONNECTED
12-21 11:07:18.279 D/TalkEventDispatcher( 1569): [ (TalkEventDispatcher.java:139)#onError ] onError:
12-21 11:07:18.281 E/TtSy    ( 1569): [ (TTalkSdk.java:221)#onError ] onError: msg:网络不好,请稍后再试 errorCode:WS10001
12-21 11:07:18.281 E/IVoiceS ( 1569): [ (TalkVoiceS.java:193)#onError ] onError: msg:网络不好,请稍后再试 code:WS10001
12-21 11:07:18.282 E/IVoiceS ( 1569): [ (TalkVoiceS.java:284)#dispatchOnError ] error: isVoicePageOpen false
12-21 11:07:18.282 I/LongLinkLog( 1569): [ (AsrEngine.java:59)#i ] reconnectAfterBackOff status = DISCONNECTED,thread = Thread[OkHttp https://hmi.chengjiukehu.com/...,5,main]
12-21 11:07:18.284 I/LongLinkLog( 1569): [ (AsrEngine.java:59)#i ] status changed to DISCONNECTED
12-21 11:07:18.285 I/LongLinkLog( 1569): [ (AsrEngine.java:59)#i ] reconnectAfterBackOff backOffSecond = 6 retryTimes:12
12-21 11:07:18.352 D/AudioProcessor( 1569): [ (AudioProcessor.java:199)#sendDataToJNI4 ] type:3 isHeating:false
12-21 11:07:18.436 D/AudioProcessor( 1569): [ (AudioProcessor.java:199)#sendDataToJNI4 ] type:0 isHeating:false
12-21 11:07:18.825 E/storaged(  468): getDiskStats failed with result NOT_SUPPORTED and size 0
12-21 11:07:19.556 E/WifiVendorHal(  646): getWifiLinkLayerStats(l.937) failed {.code = ERROR_NOT_SUPPORTED, .description = }
12-21 11:07:19.562 E/connsyslogger(  454): port index:3 not opened
12-21 11:07:19.890 D/AudioALSAStreamOut(  288): [primary] dump()
12-21 11:07:19.891 D/AudioALSAStreamOut(  288): [primary] dump()
12-21 11:07:20.785 E/connsyslogger(  454): port index:3 not opened
12-21 11:07:21.108 D/AES     (  646): AEEIOCTL_GET/SET_SF_STATE IOCTL,cmd= 1074294797, lParam=0. 
12-21 11:07:21.108 D/AES     (  646): AEEIOCTL_RT_MON_Kick IOCTL,cmd= 2147774474, lParam=300. 
12-21 11:07:21.148 D/AudioProcessor( 1569): [ (AudioProcessor.java:199)#sendDataToJNI4 ] type:1 isHeating:false
12-21 11:07:21.208 D/AudioProcessor( 1569): [ (AudioProcessor.java:199)#sendDataToJNI4 ] type:2 isHeating:false
12-21 11:07:21.371 D/AudioProcessor( 1569): [ (AudioProcessor.java:199)#sendDataToJNI4 ] type:4 isHeating:false
12-21 11:07:21.699 D/AudioProcessor( 1569): [ (AudioProcessor.java:199)#sendDataToJNI4 ] type:2 isHeating:false
12-21 11:07:21.897 D/AudioALSAStreamOut(  288): [primary] dump()
12-21 11:07:21.899 D/AudioALSAStreamOut(  288): [primary] dump()
12-21 11:07:22.131 E/connsyslogger(  454): port index:3 not opened
12-21 11:07:22.132 I/System.out( 1155): port:8080
12-21 11:07:22.164 D/OpenSSLLib( 1155): OpensslErr:Module:12(177:); file:external/boringssl/src/crypto/asn1/asn1_lib.c ;Line:168;Function:ASN1_get_object
12-21 11:07:22.164 D/OpenSSLLib( 1155): OpensslErr:Module:12(177:); file:external/boringssl/src/crypto/asn1/asn1_lib.c ;Line:168;Function:ASN1_get_object
12-21 11:07:22.167 I/System.out( 1155): [OkHttp] sendRequest<<
12-21 11:07:22.225 I/SA.AnalyticsMessages( 1155): responseCode: 200
12-21 11:07:22.226 I/SA.AnalyticsMessages( 1155): valid message: 
12-21 11:07:22.226 I/SA.AnalyticsMessages( 1155): [
12-21 11:07:22.226 I/SA.AnalyticsMessages( 1155): 	{
12-21 11:07:22.226 I/SA.AnalyticsMessages( 1155): 		"_track_id":-673596411,
12-21 11:07:22.226 I/SA.AnalyticsMessages( 1155): 		"time":1640056032070,
12-21 11:07:22.226 I/SA.AnalyticsMessages( 1155): 		"type":"track",
12-21 11:07:22.226 I/SA.AnalyticsMessages( 1155): 		"distinct_id":"61D00121B1600029",
12-21 11:07:22.226 I/SA.AnalyticsMessages( 1155): 		"login_id":"61D00121B1600029",
12-21 11:07:22.226 I/SA.AnalyticsMessages( 1155): 		"anonymous_id":"ae68bf8276e92d56",
12-21 11:07:22.226 I/SA.AnalyticsMessages( 1155): 		"lib":{
12-21 11:07:22.226 I/SA.AnalyticsMessages( 1155): 			"$lib_method":"autoTrack",
12-21 11:07:22.226 I/SA.AnalyticsMessages( 1155): 			"$lib":"Android",
12-21 11:07:22.226 I/SA.AnalyticsMessages( 1155): 			"$lib_version":"6.0.0",
12-21 11:07:22.226 I/SA.AnalyticsMessages( 1155): 			"$app_version":"1.0.0",
12-21 11:07:22.226 I/SA.AnalyticsMessages( 1155): 			"$lib_detail":"com.tal.genie.lockscreen.activity.LockScreenActivity######"
12-21 11:07:22.226 I/SA.AnalyticsMessages( 1155): 		},
12-21 11:07:22.226 I/SA.AnalyticsMessages( 1155): 		"event":"$AppViewScreen",
12-21 11:07:22.226 I/SA.AnalyticsMessages( 1155): 		"properties":{
12-21 11:07:22.226 I/SA.AnalyticsMessages( 1155): 			"$os_version":"9",
12-21 11:07:22.226 I/SA.AnalyticsMessages( 1155): 			"$model":"S10",
12-21 11:07:22.226 I/SA.AnalyticsMessages( 1155): 			"$os":"Android",
12-21 11:07:22.226 I/SA.AnalyticsMessages( 1155): 			"$screen_width":720,
12-21 11:07:22.226 I/SA.AnalyticsMessages( 1155): 			"$brand":"ALPS",
12-21 11:07:22.226 I/SA.AnalyticsMessages( 1155): 			"$screen_height":1600,
12-21 11:07:22.226 I/SA.AnalyticsMessages( 1155): 			"$app_version":"1.0.0",
12-21 11:07:22.226 I/SA.AnalyticsMessages( 1155): 			"$lib":"Android",
12-21 11:07:22.226 I/SA.AnalyticsMessages( 1155): 			"$device_id":"ae68bf8276e92d56",
12-21 11:07:22.226 I/SA.AnalyticsMessages( 1155): 			"$app_name":"Genie launcher",
12-21 11:07:22.226 I/SA.AnalyticsMessages( 1155): 			"$lib_version":"6.0.0",
12-21 11:07:22.226 I/SA.AnalyticsMessages( 1155): 			"$timezone_offset":-480,
12-21 11:07:22.226 I/SA.AnalyticsMessages( 1155): 			"$app_id":"com.tal.genie.launcher",
12-21 11:07:22.226 I/SA.AnalyticsMessages( 1155): 			"$manufacturer":"ALPS",
12-21 11:07:22.226 I/SA.AnalyticsMessages( 1155): 			"userId":"1000303",
12-21 11:07:22.226 I/SA.AnalyticsMessages( 1155): 			"sn":"61D00121B1600029",
12-21 11:07:22.226 I/SA.AnalyticsMessages( 1155): 			"appId":"com.tal.genie.launcher",
12-21 11:07:22.226 I/SA.AnalyticsMessages( 1155): 			"grade":"-1",
12-21 11:07:22.226 I/SA.AnalyticsMessages( 1155): 			"gender":"女",
12-21 11:07:22.226 I/SA.AnalyticsMessages( 1155): 			"age":"1970-01-01 00:00:00.000",
12-21 11:07:22.226 I/SA.AnalyticsMessages( 1155): 			"$referrer_title":"Genie launcher",
12-21 11:07:22.226 I/SA.AnalyticsMessages( 1155): 			"$wifi":true,
12-21 11:07:22.226 I/SA.AnalyticsMessages( 1155): 			"$network_type":"WIFI",
12-21 11:07:22.226 I/SA.AnalyticsMessages( 1155): 			"$referrer":"com.tal.genie.launcher.ui.main.MainActivity",
12-21 11:07:22.226 I/SA.AnalyticsMessages( 1155): 			"$url":"com.tal.genie.lockscreen.activity.LockScreenActivity",
12-21 11:07:22.226 I/SA.AnalyticsMessages( 1155): 			"$screen_name":"com.tal.genie.lockscreen.activity.LockScreenActivity",
12-21 11:07:22.226 I/SA.AnalyticsMessages( 1155): 			"$title":"Genie launcher",
12-21 11:07:22.226 I/SA.AnalyticsMessages( 1155): 			"$lib_method":"autoTrack",
12-21 11:07:22.226 I/SA.AnalyticsMessages( 1155): 			"$is_first_day":false
12-21 11:07:22.226 I/SA.AnalyticsMessages( 1155): 		},
12-21 11:07:22.226 I/SA.AnalyticsMessages( 1155): 		"_flush_time":1640056042125
12-21 11:07:22.226 I/SA.AnalyticsMessages( 1155): 	}
12-21 11:07:22.226 I/SA.AnalyticsMessages( 1155): ]
12-21 11:07:22.229 I/SA.AnalyticsMessages( 1155): Events flushed. [left = 0]
12-21 11:07:22.365 D/AudioProcessor( 1569): [ (AudioProcessor.java:199)#sendDataToJNI4 ] type:4 isHeating:false
12-21 11:07:22.573 E/WifiVendorHal(  646): getWifiLinkLayerStats(l.937) failed {.code = ERROR_NOT_SUPPORTED, .description = }
12-21 11:07:22.829 D/AudioProcessor( 1569): [ (AudioProcessor.java:199)#sendDataToJNI4 ] type:3 isHeating:false
12-21 11:07:22.903 D/AudioProcessor( 1569): [ (AudioProcessor.java:199)#sendDataToJNI4 ] type:0 isHeating:false
12-21 11:07:23.753 E/connsyslogger(  454): port index:3 not opened
12-21 11:07:23.858 D/AudioProcessor( 1569): [ (AudioProcessor.java:199)#sendDataToJNI4 ] type:1 isHeating:false
12-21 11:07:23.904 D/AudioALSAStreamOut(  288): [primary] dump()
12-21 11:07:23.905 D/AudioALSAStreamOut(  288): [primary] dump()
12-21 11:07:23.920 D/AudioProcessor( 1569): [ (AudioProcessor.java:199)#sendDataToJNI4 ] type:2 isHeating:false
12-21 11:07:24.077 D/AudioProcessor( 1569): [ (AudioProcessor.java:199)#sendDataToJNI4 ] type:4 isHeating:false
12-21 11:07:24.292 I/LongLinkLog( 1569): [ (AsrEngine.java:59)#i ] connect status = DISCONNECTED,thread = Thread[wsMessage,5,main]
12-21 11:07:24.293 I/LongLinkLog( 1569): [ (AsrEngine.java:59)#i ] status changed to CONNECTING
12-21 11:07:24.294 I/TtSy    ( 1569): [ (AsrEngine.java:99)#lambda$init$0$AsrEngine ] status:CONNECTING
12-21 11:07:24.296 I/LongLinkLog( 1569): [ (AsrEngine.java:59)#i ] socketId:6d3ae117-9dad-400b-a97e-ca57d0239a95 userId:1000303 deviceSn:61D00121B1600029 token:eyJhbGciOiJIUzI1NiIsInR5cCI6IkpXVCJ9.eyJ1c2VyX2lkIjoxMDAwMzAzLCJ1c2VyX3NvdXJjZSI6ImxhbXBfc3R1IiwiYXVkIjoiQWNjZXNzVG9rZW4iLCJleHAiOjE2NDAwNzgxNTcsImlhdCI6MTYzOTk5MTc1NywibmJmIjoxNjM5OTkxNzU3LCJzdWIiOiIxMDAwMzAzIn0.7Xlezg82e5qQy_yBZgIMktib0C35NjahafJSq7XlLXs
12-21 11:07:24.299 I/System.out( 1569): port:8888
12-21 11:07:24.429 D/AudioProcessor( 1569): [ (AudioProcessor.java:199)#sendDataToJNI4 ] type:2 isHeating:false
12-21 11:07:24.584 E/LongLinkLog( 1569): [ (AsrEngine.java:64)#e ] onFailure response=null,throwable = java.net.ConnectException: Failed to connect to /10.14.182.230:8888
12-21 11:07:24.585 I/LongLinkLog( 1569): [ (AsrEngine.java:59)#i ] status changed to DISCONNECTED
12-21 11:07:24.585 E/LongLinkLog( 1569): [ (AsrEngine.java:64)#e ] ws error:Failed to connect to /10.14.182.230:8888
12-21 11:07:24.586 I/TtSy    ( 1569): [ (AsrEngine.java:99)#lambda$init$0$AsrEngine ] status:DISCONNECTED
12-21 11:07:24.586 D/TalkEventDispatcher( 1569): [ (TalkEventDispatcher.java:139)#onError ] onError:
12-21 11:07:24.587 E/TtSy    ( 1569): [ (TTalkSdk.java:221)#onError ] onError: msg:网络不好,请稍后再试 errorCode:WS10001
12-21 11:07:24.587 E/IVoiceS ( 1569): [ (TalkVoiceS.java:193)#onError ] onError: msg:网络不好,请稍后再试 code:WS10001
12-21 11:07:24.588 E/IVoiceS ( 1569): [ (TalkVoiceS.java:284)#dispatchOnError ] error: isVoicePageOpen false
12-21 11:07:24.589 I/LongLinkLog( 1569): [ (AsrEngine.java:59)#i ] reconnectAfterBackOff status = DISCONNECTED,thread = Thread[OkHttp https://hmi.chengjiukehu.com/...,5,main]
12-21 11:07:24.590 I/LongLinkLog( 1569): [ (AsrEngine.java:59)#i ] status changed to DISCONNECTED
12-21 11:07:24.590 I/LongLinkLog( 1569): [ (AsrEngine.java:59)#i ] reconnectAfterBackOff backOffSecond = 7 retryTimes:13
12-21 11:07:24.775 E/connsyslogger(  454): port index:3 not opened
12-21 11:07:24.909 D/AudioProcessor( 1569): [ (AudioProcessor.java:199)#sendDataToJNI4 ] type:4 isHeating:false
12-21 11:07:25.228 D/AudioProcessor( 1569): [ (AudioProcessor.java:199)#sendDataToJNI4 ] type:2 isHeating:false
12-21 11:07:25.590 E/WifiVendorHal(  646): getWifiLinkLayerStats(l.937) failed {.code = ERROR_NOT_SUPPORTED, .description = }
12-21 11:07:25.903 E/connsyslogger(  454): port index:3 not opened
12-21 11:07:25.904 I/connsyslogger(  454): thrLogWriter: LogBuf=227.805664KB,idx=0
12-21 11:07:25.910 D/AudioALSAStreamOut(  288): [primary] dump()
12-21 11:07:25.911 D/AudioALSAStreamOut(  288): [primary] dump()
12-21 11:07:26.349 D/AudioProcessor( 1569): [ (AudioProcessor.java:199)#sendDataToJNI4 ] type:4 isHeating:false
12-21 11:07:26.412 I/test    ( 1276): [ (UpdateManager.java:27)#update ] check code:13 name 1.0.0 12-16 18:52:44 release isRelease=false
12-21 11:07:26.731 D/MobileLogD(  464): conditional wait timedout
12-21 11:07:26.832 D/AudioProcessor( 1569): [ (AudioProcessor.java:199)#sendDataToJNI4 ] type:3 isHeating:false
12-21 11:07:26.909 D/AudioProcessor( 1569): [ (AudioProcessor.java:199)#sendDataToJNI4 ] type:0 isHeating:false
12-21 11:07:27.267 E/connsyslogger(  454): port index:3 not opened
12-21 11:07:27.917 D/AudioALSAStreamOut(  288): [primary] dump()
12-21 11:07:27.919 D/AudioALSAStreamOut(  288): [primary] dump()
12-21 11:07:28.610 E/WifiVendorHal(  646): getWifiLinkLayerStats(l.937) failed {.code = ERROR_NOT_SUPPORTED, .description = }
12-21 11:07:28.616 E/connsyslogger(  454): port index:3 not opened
12-21 11:07:28.982 D/AudioProcessor( 1569): [ (AudioProcessor.java:199)#sendDataToJNI4 ] type:1 isHeating:false
12-21 11:07:29.044 D/AudioProcessor( 1569): [ (AudioProcessor.java:199)#sendDataToJNI4 ] type:2 isHeating:false
12-21 11:07:29.116 D/connsyslogger(  454): clearLog :/storage/emulated/0/mtklog/connsyslog/fw,foldersize:2000
12-21 11:07:29.794 E/connsyslogger(  454): port index:3 not opened
12-21 11:07:29.925 D/AudioALSAStreamOut(  288): [primary] dump()
12-21 11:07:29.926 D/AudioALSAStreamOut(  288): [primary] dump()
12-21 11:07:30.818 E/connsyslogger(  454): port index:3 not opened
12-21 11:07:31.595 I/LongLinkLog( 1569): [ (AsrEngine.java:59)#i ] connect status = DISCONNECTED,thread = Thread[wsMessage,5,main]
12-21 11:07:31.596 I/LongLinkLog( 1569): [ (AsrEngine.java:59)#i ] status changed to CONNECTING
12-21 11:07:31.596 I/TtSy    ( 1569): [ (AsrEngine.java:99)#lambda$init$0$AsrEngine ] status:CONNECTING
12-21 11:07:31.598 I/LongLinkLog( 1569): [ (AsrEngine.java:59)#i ] socketId:b8c2bfe8-1e63-4dd3-86e3-9ee9d4b9382c userId:1000303 deviceSn:61D00121B1600029 token:eyJhbGciOiJIUzI1NiIsInR5cCI6IkpXVCJ9.eyJ1c2VyX2lkIjoxMDAwMzAzLCJ1c2VyX3NvdXJjZSI6ImxhbXBfc3R1IiwiYXVkIjoiQWNjZXNzVG9rZW4iLCJleHAiOjE2NDAwNzgxNTcsImlhdCI6MTYzOTk5MTc1NywibmJmIjoxNjM5OTkxNzU3LCJzdWIiOiIxMDAwMzAzIn0.7Xlezg82e5qQy_yBZgIMktib0C35NjahafJSq7XlLXs
12-21 11:07:31.601 I/System.out( 1569): port:8888
12-21 11:07:31.626 E/WifiVendorHal(  646): getWifiLinkLayerStats(l.937) failed {.code = ERROR_NOT_SUPPORTED, .description = }
12-21 11:07:31.627 D/AudioProcessor( 1569): [ (AudioProcessor.java:199)#sendDataToJNI4 ] type:4 isHeating:false
12-21 11:07:31.723 E/LongLinkLog( 1569): [ (AsrEngine.java:64)#e ] onFailure response=null,throwable = java.net.ConnectException: Failed to connect to /10.14.182.230:8888
12-21 11:07:31.723 I/LongLinkLog( 1569): [ (AsrEngine.java:59)#i ] status changed to DISCONNECTED
12-21 11:07:31.723 E/LongLinkLog( 1569): [ (AsrEngine.java:64)#e ] ws error:Failed to connect to /10.14.182.230:8888
12-21 11:07:31.724 I/TtSy    ( 1569): [ (AsrEngine.java:99)#lambda$init$0$AsrEngine ] status:DISCONNECTED
12-21 11:07:31.726 D/TalkEventDispatcher( 1569): [ (TalkEventDispatcher.java:139)#onError ] onError:
12-21 11:07:31.727 E/TtSy    ( 1569): [ (TTalkSdk.java:221)#onError ] onError: msg:网络不好,请稍后再试 errorCode:WS10001
12-21 11:07:31.727 E/IVoiceS ( 1569): [ (TalkVoiceS.java:193)#onError ] onError: msg:网络不好,请稍后再试 code:WS10001
12-21 11:07:31.728 E/IVoiceS ( 1569): [ (TalkVoiceS.java:284)#dispatchOnError ] error: isVoicePageOpen false
12-21 11:07:31.736 I/LongLinkLog( 1569): [ (AsrEngine.java:59)#i ] reconnectAfterBackOff status = DISCONNECTED,thread = Thread[OkHttp https://hmi.chengjiukehu.com/...,5,main]
12-21 11:07:31.737 I/LongLinkLog( 1569): [ (AsrEngine.java:59)#i ] status changed to DISCONNECTED
12-21 11:07:31.738 I/LongLinkLog( 1569): [ (AsrEngine.java:59)#i ] reconnectAfterBackOff backOffSecond = 7 retryTimes:14
12-21 11:07:31.793 D/AudioProcessor( 1569): [ (AudioProcessor.java:199)#sendDataToJNI4 ] type:2 isHeating:false
12-21 11:07:31.820 E/connsyslogger(  454): port index:3 not opened
12-21 11:07:31.931 D/AudioALSAStreamOut(  288): [primary] dump()
12-21 11:07:31.932 D/AudioALSAStreamOut(  288): [primary] dump()
12-21 11:07:32.265 D/AudioProcessor( 1569): [ (AudioProcessor.java:199)#sendDataToJNI4 ] type:4 isHeating:false
12-21 11:07:32.425 I/native  ( 1569): I20211221 11:07:32.425067  1661 torch_asr_decoder.cc:326] Endpoint is detected at 387
12-21 11:07:32.425 D/AudioProcessor( 1569): [ (AudioProcessor.java:199)#sendDataToJNI4 ] type:3 isHeating:false
12-21 11:07:32.501 D/AudioProcessor( 1569): [ (AudioProcessor.java:199)#sendDataToJNI4 ] type:0 isHeating:false
12-21 11:07:33.116 D/AudioProcessor( 1569): [ (AudioProcessor.java:199)#sendDataToJNI4 ] type:1 isHeating:false
12-21 11:07:33.203 D/AudioProcessor( 1569): [ (AudioProcessor.java:199)#sendDataToJNI4 ] type:2 isHeating:false
12-21 11:07:33.788 E/connsyslogger(  454): port index:3 not opened
12-21 11:07:33.938 D/AudioALSAStreamOut(  288): [primary] dump()
12-21 11:07:33.939 D/AudioALSAStreamOut(  288): [primary] dump()
12-21 11:07:34.041 D/AudioProcessor( 1569): [ (AudioProcessor.java:199)#sendDataToJNI4 ] type:4 isHeating:false
12-21 11:07:34.503 D/AudioProcessor( 1569): [ (AudioProcessor.java:199)#sendDataToJNI4 ] type:3 isHeating:false
12-21 11:07:34.589 D/AudioProcessor( 1569): [ (AudioProcessor.java:199)#sendDataToJNI4 ] type:0 isHeating:false
12-21 11:07:34.636 E/WifiVendorHal(  646): getWifiLinkLayerStats(l.937) failed {.code = ERROR_NOT_SUPPORTED, .description = }
12-21 11:07:34.813 E/connsyslogger(  454): port index:3 not opened
12-21 11:07:34.843 D/AudioProcessor( 1569): [ (AudioProcessor.java:199)#sendDataToJNI4 ] type:1 isHeating:false
12-21 11:07:34.956 D/AudioProcessor( 1569): [ (AudioProcessor.java:199)#sendDataToJNI4 ] type:2 isHeating:false
12-21 11:07:35.946 D/AudioALSAStreamOut(  288): [primary] dump()
12-21 11:07:35.947 D/AudioALSAStreamOut(  288): [primary] dump()
12-21 11:07:37.271 E/connsyslogger(  454): port index:3 not opened
12-21 11:07:37.653 E/WifiVendorHal(  646): getWifiLinkLayerStats(l.937) failed {.code = ERROR_NOT_SUPPORTED, .description = }
12-21 11:07:37.705 D/AudioProcessor( 1569): [ (AudioProcessor.java:199)#sendDataToJNI4 ] type:4 isHeating:false
12-21 11:07:37.953 D/AudioALSAStreamOut(  288): [primary] dump()
12-21 11:07:37.954 D/AudioALSAStreamOut(  288): [primary] dump()
12-21 11:07:38.187 I/native  ( 1569): I20211221 11:07:38.187207  1661 torch_asr_decoder.cc:326] Endpoint is detected at 371
12-21 11:07:38.187 D/AudioProcessor( 1569): [ (AudioProcessor.java:199)#sendDataToJNI4 ] type:3 isHeating:false
12-21 11:07:38.256 D/AudioProcessor( 1569): [ (AudioProcessor.java:199)#sendDataToJNI4 ] type:0 isHeating:false
12-21 11:07:38.745 I/LongLinkLog( 1569): [ (AsrEngine.java:59)#i ] connect status = DISCONNECTED,thread = Thread[wsMessage,5,main]
12-21 11:07:38.746 I/LongLinkLog( 1569): [ (AsrEngine.java:59)#i ] status changed to CONNECTING
12-21 11:07:38.747 I/TtSy    ( 1569): [ (AsrEngine.java:99)#lambda$init$0$AsrEngine ] status:CONNECTING
12-21 11:07:38.750 I/LongLinkLog( 1569): [ (AsrEngine.java:59)#i ] socketId:234a7023-9a94-4d9e-ac77-157f41c69b2b userId:1000303 deviceSn:61D00121B1600029 token:eyJhbGciOiJIUzI1NiIsInR5cCI6IkpXVCJ9.eyJ1c2VyX2lkIjoxMDAwMzAzLCJ1c2VyX3NvdXJjZSI6ImxhbXBfc3R1IiwiYXVkIjoiQWNjZXNzVG9rZW4iLCJleHAiOjE2NDAwNzgxNTcsImlhdCI6MTYzOTk5MTc1NywibmJmIjoxNjM5OTkxNzU3LCJzdWIiOiIxMDAwMzAzIn0.7Xlezg82e5qQy_yBZgIMktib0C35NjahafJSq7XlLXs
12-21 11:07:38.753 I/System.out( 1569): port:8888
12-21 11:07:38.758 E/connsyslogger(  454): port index:3 not opened
12-21 11:07:38.895 E/LongLinkLog( 1569): [ (AsrEngine.java:64)#e ] onFailure response=null,throwable = java.net.ConnectException: Failed to connect to /10.14.182.230:8888
12-21 11:07:38.896 I/LongLinkLog( 1569): [ (AsrEngine.java:59)#i ] status changed to DISCONNECTED
12-21 11:07:38.896 E/LongLinkLog( 1569): [ (AsrEngine.java:64)#e ] ws error:Failed to connect to /10.14.182.230:8888
12-21 11:07:38.897 I/TtSy    ( 1569): [ (AsrEngine.java:99)#lambda$init$0$AsrEngine ] status:DISCONNECTED
12-21 11:07:38.898 I/LongLinkLog( 1569): [ (AsrEngine.java:59)#i ] reconnectAfterBackOff status = DISCONNECTED,thread = Thread[OkHttp https://hmi.chengjiukehu.com/...,5,main]
12-21 11:07:38.899 D/TalkEventDispatcher( 1569): [ (TalkEventDispatcher.java:139)#onError ] onError:
12-21 11:07:38.901 E/TtSy    ( 1569): [ (TTalkSdk.java:221)#onError ] onError: msg:网络不好,请稍后再试 errorCode:WS10001
12-21 11:07:38.901 I/LongLinkLog( 1569): [ (AsrEngine.java:59)#i ] status changed to DISCONNECTED
12-21 11:07:38.902 E/IVoiceS ( 1569): [ (TalkVoiceS.java:193)#onError ] onError: msg:网络不好,请稍后再试 code:WS10001
12-21 11:07:38.902 I/LongLinkLog( 1569): [ (AsrEngine.java:59)#i ] reconnectAfterBackOff backOffSecond = 5 retryTimes:15
12-21 11:07:38.903 E/IVoiceS ( 1569): [ (TalkVoiceS.java:284)#dispatchOnError ] error: isVoicePageOpen false
12-21 11:07:39.697 D/AudioProcessor( 1569): [ (AudioProcessor.java:199)#sendDataToJNI4 ] type:1 isHeating:false
12-21 11:07:39.761 D/AudioProcessor( 1569): [ (AudioProcessor.java:199)#sendDataToJNI4 ] type:2 isHeating:false
12-21 11:07:39.960 D/AudioALSAStreamOut(  288): [primary] dump()
12-21 11:07:39.960 D/AudioALSAStreamOut(  288): [primary] dump()
12-21 11:07:40.663 E/WifiVendorHal(  646): getWifiLinkLayerStats(l.937) failed {.code = ERROR_NOT_SUPPORTED, .description = }
12-21 11:07:40.669 E/connsyslogger(  454): port index:3 not opened
12-21 11:07:41.966 D/AudioALSAStreamOut(  288): [primary] dump()
12-21 11:07:41.967 D/AudioALSAStreamOut(  288): [primary] dump()
12-21 11:07:42.348 D/AudioProcessor( 1569): [ (AudioProcessor.java:199)#sendDataToJNI4 ] type:4 isHeating:false
12-21 11:07:42.671 D/AudioProcessor( 1569): [ (AudioProcessor.java:199)#sendDataToJNI4 ] type:2 isHeating:false
12-21 11:07:43.471 D/AudioProcessor( 1569): [ (AudioProcessor.java:199)#sendDataToJNI4 ] type:4 isHeating:false
12-21 11:07:43.679 E/WifiVendorHal(  646): getWifiLinkLayerStats(l.937) failed {.code = ERROR_NOT_SUPPORTED, .description = }
12-21 11:07:43.687 E/connsyslogger(  454): port index:3 not opened
12-21 11:07:43.909 I/LongLinkLog( 1569): [ (AsrEngine.java:59)#i ] connect status = DISCONNECTED,thread = Thread[wsMessage,5,main]
12-21 11:07:43.909 I/LongLinkLog( 1569): [ (AsrEngine.java:59)#i ] status changed to CONNECTING
12-21 11:07:43.910 I/TtSy    ( 1569): [ (AsrEngine.java:99)#lambda$init$0$AsrEngine ] status:CONNECTING
12-21 11:07:43.911 I/LongLinkLog( 1569): [ (AsrEngine.java:59)#i ] socketId:1e098fbd-91ef-4e1c-a210-2c7a9c173fe3 userId:1000303 deviceSn:61D00121B1600029 token:eyJhbGciOiJIUzI1NiIsInR5cCI6IkpXVCJ9.eyJ1c2VyX2lkIjoxMDAwMzAzLCJ1c2VyX3NvdXJjZSI6ImxhbXBfc3R1IiwiYXVkIjoiQWNjZXNzVG9rZW4iLCJleHAiOjE2NDAwNzgxNTcsImlhdCI6MTYzOTk5MTc1NywibmJmIjoxNjM5OTkxNzU3LCJzdWIiOiIxMDAwMzAzIn0.7Xlezg82e5qQy_yBZgIMktib0C35NjahafJSq7XlLXs
12-21 11:07:43.913 I/System.out( 1569): port:8888
12-21 11:07:43.949 D/AudioProcessor( 1569): [ (AudioProcessor.java:199)#sendDataToJNI4 ] type:3 isHeating:false
12-21 11:07:43.971 D/AudioALSAStreamOut(  288): [primary] dump()
12-21 11:07:43.972 D/AudioALSAStreamOut(  288): [primary] dump()
12-21 11:07:44.023 D/AudioProcessor( 1569): [ (AudioProcessor.java:199)#sendDataToJNI4 ] type:0 isHeating:false
12-21 11:07:44.349 E/LongLinkLog( 1569): [ (AsrEngine.java:64)#e ] onFailure response=null,throwable = java.net.ConnectException: Failed to connect to /10.14.182.230:8888
12-21 11:07:44.350 I/LongLinkLog( 1569): [ (AsrEngine.java:59)#i ] status changed to DISCONNECTED
12-21 11:07:44.351 E/LongLinkLog( 1569): [ (AsrEngine.java:64)#e ] ws error:Failed to connect to /10.14.182.230:8888
12-21 11:07:44.351 I/TtSy    ( 1569): [ (AsrEngine.java:99)#lambda$init$0$AsrEngine ] status:DISCONNECTED
12-21 11:07:44.352 I/LongLinkLog( 1569): [ (AsrEngine.java:59)#i ] reconnectAfterBackOff status = DISCONNECTED,thread = Thread[OkHttp https://hmi.chengjiukehu.com/...,5,main]
12-21 11:07:44.353 I/LongLinkLog( 1569): [ (AsrEngine.java:59)#i ] status changed to DISCONNECTED
12-21 11:07:44.353 D/TalkEventDispatcher( 1569): [ (TalkEventDispatcher.java:139)#onError ] onError:
12-21 11:07:44.354 I/LongLinkLog( 1569): [ (AsrEngine.java:59)#i ] reconnectAfterBackOff backOffSecond = 5 retryTimes:16
12-21 11:07:44.354 E/TtSy    ( 1569): [ (TTalkSdk.java:221)#onError ] onError: msg:网络不好,请稍后再试 errorCode:WS10001
