11-17 11:32:03.873 I/sn      (  489): Check all possible paths
11-17 11:32:11.288 E/storaged(  468): getDiskStats failed with result NOT_SUPPORTED and size 0
11-17 11:32:13.873 I/sn      (  489): Retry 7
11-17 11:32:13.874 I/sn      (  489): Fail to access err=2
11-17 11:32:13.874 I/chatty  (  489): uid=1000(system) identical 1 line
11-17 11:32:13.874 I/sn      (  489): Fail to access err=2
11-17 11:32:13.874 I/sn      (  489): Check all possible paths
11-17 11:32:23.874 I/sn      (  489): Retry 8
11-17 11:32:23.874 I/sn      (  489): Fail to access err=2
11-17 11:32:23.875 I/chatty  (  489): uid=1000(system) identical 1 line
11-17 11:32:23.875 I/sn      (  489): Fail to access err=2
11-17 11:32:23.875 I/sn      (  489): Check all possible paths
11-17 11:32:33.875 I/sn      (  489): Retry 9
11-17 11:32:33.875 I/sn      (  489): Fail to access err=2
11-17 11:32:33.875 I/chatty  (  489): uid=1000(system) identical 1 line
11-17 11:32:33.875 I/sn      (  489): Fail to access err=2
11-17 11:32:33.875 I/sn      (  489): Check all possible paths
11-17 11:32:43.875 I/sn      (  489): Retry 10
11-17 11:32:43.876 I/sn      (  489): Fail to access err=2
11-17 11:32:43.876 I/chatty  (  489): uid=1000(system) identical 1 line
11-17 11:32:43.876 I/sn      (  489): Fail to access err=2
11-17 11:32:43.876 I/sn      (  489): Check all possible paths
11-17 11:32:53.876 I/sn      (  489): Retry 11
11-17 11:32:53.876 I/sn      (  489): Fail to access err=2
11-17 11:32:53.876 I/chatty  (  489): uid=1000(system) identical 1 line
11-17 11:32:53.876 I/sn      (  489): Fail to access err=2
11-17 11:32:53.877 I/sn      (  489): Check all possible paths
11-17 11:33:03.877 I/sn      (  489): Retry 12
11-17 11:33:03.877 I/sn      (  489): Fail to access err=2
11-17 11:33:03.877 I/chatty  (  489): uid=1000(system) identical 1 line
11-17 11:33:03.877 I/sn      (  489): Fail to access err=2
11-17 11:33:03.877 I/sn      (  489): Check all possible paths
11-17 11:33:11.289 E/storaged(  468): getDiskStats failed with result NOT_SUPPORTED and size 0
11-17 11:33:13.878 I/sn      (  489): Retry 13
11-17 11:33:13.878 I/sn      (  489): Fail to access err=2
11-17 11:33:13.878 I/chatty  (  489): uid=1000(system) identical 1 line
11-17 11:33:13.878 I/sn      (  489): Fail to access err=2
11-17 11:33:13.878 I/sn      (  489): Check all possible paths
11-17 11:33:23.878 I/sn      (  489): Retry 14
11-17 11:33:23.879 I/sn      (  489): Fail to access err=2
11-17 11:33:23.879 I/chatty  (  489): uid=1000(system) identical 1 line
11-17 11:33:23.879 I/sn      (  489): Fail to access err=2
11-17 11:33:23.879 I/sn      (  489): Check all possible paths
11-17 11:33:36.739 W/ContextImpl( 1216): Calling a method in the system process without a qualified user: android.app.ContextImpl.startService:1532 android.content.ContextWrapper.startService:664 android.content.ContextWrapper.startService:664 com.android.internal.policy.DecorView.dispatchTouchEvent:418 android.view.View.dispatchPointerEvent:12808 
11-17 11:33:36.822 I/chatty  ( 1216): uid=1000(system) com.tal.genie.launcher identical 4 lines
11-17 11:33:36.840 W/ContextImpl( 1216): Calling a method in the system process without a qualified user: android.app.ContextImpl.startService:1532 android.content.ContextWrapper.startService:664 android.content.ContextWrapper.startService:664 com.android.internal.policy.DecorView.dispatchTouchEvent:418 android.view.View.dispatchPointerEvent:12808 
11-17 11:33:36.849 I/WindowManager(  629): Focus moving from Window{41b0397 u0 com.tal.genie.launcher/com.tal.genie.launcher.ui.initializer.SnExceptionActivity} to Window{d2bad7d u0 com.android.systemui}
11-17 11:33:36.857 I/WindowManager(  629): Focus moving from Window{d2bad7d u0 com.android.systemui} to Window{84aa479 u0 com.android.systemui}
11-17 11:33:36.857 W/ContextImpl( 1216): Calling a method in the system process without a qualified user: android.app.ContextImpl.startService:1532 android.content.ContextWrapper.startService:664 android.content.ContextWrapper.startService:664 com.android.internal.policy.DecorView.dispatchTouchEvent:418 android.view.View.dispatchPointerEvent:12808 
11-17 11:33:36.872 I/chatty  ( 1216): uid=1000(system) com.tal.genie.launcher identical 1 line
11-17 11:33:36.874 W/ContextImpl( 1216): Calling a method in the system process without a qualified user: android.app.ContextImpl.startService:1532 android.content.ContextWrapper.startService:664 android.content.ContextWrapper.startService:664 com.android.internal.policy.DecorView.dispatchTouchEvent:418 android.view.View.dispatchPointerEvent:12808 
11-17 11:33:36.944 I/WindowManager(  629): Losing delayed focus: Window{41b0397 u0 com.tal.genie.launcher/com.tal.genie.launcher.ui.initializer.SnExceptionActivity}
11-17 11:33:36.944 I/WindowManager(  629): Losing delayed focus: Window{d2bad7d u0 com.android.systemui}
11-17 11:33:39.347 I/ActivityManager(  629): START u0 {flg=0x30000000 cmp=com.example.myapplication2/.MainActivity} from uid 10023
11-17 11:33:39.397 I/ActivityManager(  629): Start proc 1894:com.example.myapplication2/u0a26 for activity com.example.myapplication2/.MainActivity
11-17 11:33:39.502 I/WindowManager(  629): Focus moving from Window{84aa479 u0 com.android.systemui} to null
11-17 11:33:39.624 W/ContextImpl( 1216): Calling a method in the system process without a qualified user: android.app.ContextImpl.sendBroadcast:1006 android.content.ContextWrapper.sendBroadcast:444 android.content.ContextWrapper.sendBroadcast:444 android.view.View.dispatchTouchEvent:12526 android.view.ViewGroup.dispatchTransformedTouchEvent:3083 
11-17 11:33:39.802 I/WindowManager(  629): Relayout Window{a15530b u0 com.example.myapplication2/com.example.myapplication2.MainActivity}: oldVis=4 newVis=0 focusMayChange = true
11-17 11:33:39.808 I/WindowManager(  629): Focus moving from null to Window{a15530b u0 com.example.myapplication2/com.example.myapplication2.MainActivity}
11-17 11:33:40.948 I/ActivityManager(  629): START u0 {flg=0x4000000 cmp=com.tal.genie.launcher/.ui.main.MainActivity} from uid 10026
11-17 11:33:41.018 I/ActivityManager(  629): Process com.example.myapplication2 (pid 1894) has died: fore TOP 
11-17 11:33:41.019 W/ActivityManager(  629): Force removing ActivityRecord{b7cde04 u0 com.example.myapplication2/.MainActivity t13}: app died, no saved state
11-17 11:33:41.019 I/WindowManager(  629): WIN DEATH: Window{a15530b u0 com.example.myapplication2/com.example.myapplication2.MainActivity}
11-17 11:33:41.041 W/ActivityManager(  629): setHasOverlayUi called on unknown pid: 1894
11-17 11:33:41.041 I/WindowManager(  629): Focus moving from Window{a15530b u0 com.example.myapplication2/com.example.myapplication2.MainActivity} to null
11-17 11:33:41.144 W/ContextImpl( 1216): Calling a method in the system process without a qualified user: android.app.ContextImpl.sendBroadcast:1006 android.content.ContextWrapper.sendBroadcast:444 com.tal.genie.launcher.service.RemoteServiceStarter.startVideoChatService:41 com.tal.genie.launcher.service.RemoteServiceStarter.startRemoteAppService:21 com.tal.genie.launcher.ui.main.MainActivity.onCreate:106 
11-17 11:33:41.146 W/ContextImpl( 1216): Calling a method in the system process without a qualified user: android.app.ContextImpl.sendBroadcast:1006 android.content.ContextWrapper.sendBroadcast:444 com.tal.genie.launcher.service.RemoteServiceStarter.startPushService:58 com.tal.genie.launcher.service.RemoteServiceStarter.startRemoteAppService:23 com.tal.genie.launcher.ui.main.MainActivity.onCreate:106 
11-17 11:33:41.155 W/ContextImpl( 1216): Calling a method in the system process without a qualified user: android.app.ContextImpl.startForegroundService:1538 android.content.ContextWrapper.startForegroundService:669 com.tal.genie.launcher.service.RemoteServiceStarter.startLockScreenService:71 com.tal.genie.launcher.service.RemoteServiceStarter.startRemoteAppService:25 com.tal.genie.launcher.ui.main.MainActivity.onCreate:106 
11-17 11:33:41.164 W/ContextImpl( 1216): Calling a method in the system process without a qualified user: android.app.ContextImpl.sendBroadcast:1006 android.content.ContextWrapper.sendBroadcast:444 com.tal.genie.push_receiver.PushSenderBindManager.sendPushBindBroadcastStatic:31 com.tal.genie.push_receiver.PushSenderManager.sendPushBindBroadcastStatic:18 com.tal.genie.launcher.ui.main.MainActivity.onPostCreate:205 
11-17 11:33:41.176 W/ContextImpl( 1216): Calling a method in the system process without a qualified user: android.app.ContextImpl.startService:1532 android.content.ContextWrapper.startService:664 android.content.ContextWrapper.startService:664 android.app.Activity.onPostResume:1391 androidx.fragment.app.FragmentActivity.onPostResume:446 
11-17 11:33:41.215 I/WindowManager(  629): Relayout Window{a61763a u0 com.tal.genie.launcher/com.tal.genie.launcher.ui.main.MainActivity}: oldVis=4 newVis=0 focusMayChange = true
11-17 11:33:41.220 I/WindowManager(  629): Focus moving from null to Window{a61763a u0 com.tal.genie.launcher/com.tal.genie.launcher.ui.main.MainActivity}
11-17 11:33:41.704 W/ContextImpl( 1216): Calling a method in the system process without a qualified user: android.app.ContextImpl.sendBroadcast:1006 android.content.ContextWrapper.sendBroadcast:444 com.tal.genie.launcher.service.TimeTickListener.sendOTASilentBroadcast:62 com.tal.genie.launcher.service.TimeTickListener.onTimeTickReceived:31 com.tal.genie.base_receiver.time.TimeTickReceiver.parseTime:79 
11-17 11:33:41.713 W/ContextImpl( 1216): Calling a method in the system process without a qualified user: android.app.ContextImpl.sendBroadcast:1006 android.content.ContextWrapper.sendBroadcast:444 com.tal.genie.service_controldata.EyesProtectManager.sendEyesProtectorBroadcast:362 com.tal.genie.service_controldata.EyesProtectManager.eyesProtectDetector:135 com.tal.genie.launcher.service.TimeTickListener.onTimeTickReceived:34 
11-17 11:33:41.777 W/ContextImpl( 1216): Calling a method in the system process without a qualified user: android.app.ContextImpl.sendBroadcast:1006 android.content.ContextWrapper.sendBroadcast:444 com.tal.genie.lockscreen.receiver.LockScreenReceiver.sendBroadCastToVoice:180 com.tal.genie.lockscreen.receiver.LockScreenReceiver.onReceive:67 android.app.LoadedApk$ReceiverDispatcher$Args.lambda$getRunnable$0:1391 
11-17 11:33:42.685 W/ContextImpl( 1138): Calling a method in the system process without a qualified user: android.app.ContextImpl.sendBroadcast:1006 android.content.ContextWrapper.sendBroadcast:444 com.tal100.chatsdk.TMPushListener.onReceivedRegisterId:41 com.tal100.chatsdk.TMPushManager.onRecvRegisterId:156 <bottom of call stack> 
11-17 11:33:43.495 E/TaskPersister(  629): File error accessing recents directory (directory doesn't exist?).
11-17 11:33:46.040 W/ContextImpl( 1216): Calling a method in the system process without a qualified user: android.app.ContextImpl.sendBroadcast:1006 android.content.ContextWrapper.sendBroadcast:444 android.content.ContextWrapper.sendBroadcast:444 android.view.View.dispatchTouchEvent:12526 android.view.ViewGroup.dispatchTransformedTouchEvent:3077 
11-17 11:33:48.648 W/ContextImpl( 1216): Calling a method in the system process without a qualified user: android.app.ContextImpl.sendBroadcast:1006 android.content.ContextWrapper.sendBroadcast:444 android.content.ContextWrapper.sendBroadcast:444 android.view.View.dispatchTouchEvent:12526 android.view.ViewGroup.dispatchTransformedTouchEvent:3077 
11-17 11:34:00.024 W/ContextImpl( 1216): Calling a method in the system process without a qualified user: android.app.ContextImpl.sendBroadcast:1006 android.content.ContextWrapper.sendBroadcast:444 com.tal.genie.launcher.service.TimeTickListener.sendOTASilentBroadcast:62 com.tal.genie.launcher.service.TimeTickListener.onTimeTickReceived:31 com.tal.genie.base_receiver.time.TimeTickManager.onTimeTickReceived:80 
11-17 11:34:00.042 W/ContextImpl( 1216): Calling a method in the system process without a qualified user: android.app.ContextImpl.sendBroadcast:1006 android.content.ContextWrapper.sendBroadcast:444 com.tal.genie.service_controldata.EyesProtectManager.sendEyesProtectorBroadcast:362 com.tal.genie.service_controldata.EyesProtectManager.eyesProtectDetector:135 com.tal.genie.launcher.service.TimeTickListener.onTimeTickReceived:34 
11-17 11:34:00.119 W/ContextImpl( 1216): Calling a method in the system process without a qualified user: android.app.ContextImpl.sendBroadcast:1006 android.content.ContextWrapper.sendBroadcast:444 com.tal.genie.lockscreen.receiver.LockScreenReceiver.sendBroadCastToVoice:180 com.tal.genie.lockscreen.receiver.LockScreenReceiver.onReceive:67 android.app.LoadedApk$ReceiverDispatcher$Args.lambda$getRunnable$0:1391 
11-17 11:34:11.290 E/storaged(  468): getDiskStats failed with result NOT_SUPPORTED and size 0
11-17 11:35:00.023 W/ContextImpl( 1216): Calling a method in the system process without a qualified user: android.app.ContextImpl.sendBroadcast:1006 android.content.ContextWrapper.sendBroadcast:444 com.tal.genie.launcher.service.TimeTickListener.sendOTASilentBroadcast:62 com.tal.genie.launcher.service.TimeTickListener.onTimeTickReceived:31 com.tal.genie.base_receiver.time.TimeTickManager.onTimeTickReceived:80 
11-17 11:35:00.041 W/ContextImpl( 1216): Calling a method in the system process without a qualified user: android.app.ContextImpl.sendBroadcast:1006 android.content.ContextWrapper.sendBroadcast:444 com.tal.genie.service_controldata.EyesProtectManager.sendEyesProtectorBroadcast:362 com.tal.genie.service_controldata.EyesProtectManager.eyesProtectDetector:135 com.tal.genie.launcher.service.TimeTickListener.onTimeTickReceived:34 
11-17 11:35:00.062 W/ContextImpl( 1216): Calling a method in the system process without a qualified user: android.app.ContextImpl.sendBroadcast:1006 android.content.ContextWrapper.sendBroadcast:444 com.tal.genie.lockscreen.receiver.LockScreenReceiver.sendBroadCastToVoice:180 com.tal.genie.lockscreen.receiver.LockScreenReceiver.onReceive:67 android.app.LoadedApk$ReceiverDispatcher$Args.lambda$getRunnable$0:1391 
11-17 11:35:11.291 E/storaged(  468): getDiskStats failed with result NOT_SUPPORTED and size 0
11-17 11:35:44.835 I/ActivityManager(  629): START u0 {flg=0x10008000 cmp=com.tal.genie.voice/com.tal.genie.dicbook.dic.ListResultActivity} from uid 10049
11-17 11:35:44.867 I/WindowManager(  629): Focus moving from Window{a61763a u0 com.tal.genie.launcher/com.tal.genie.launcher.ui.main.MainActivity} to null
11-17 11:35:45.406 I/WindowManager(  629): Relayout Window{698651f u0 com.tal.genie.voice/com.tal.genie.dicbook.dic.ListResultActivity}: oldVis=4 newVis=0 focusMayChange = true
11-17 11:35:45.415 I/WindowManager(  629): Focus moving from null to Window{698651f u0 com.tal.genie.voice/com.tal.genie.dicbook.dic.ListResultActivity}
11-17 11:35:46.912 W/NotificationService(  629): Toast already killed. pkg=com.tal.genie.voice callback=android.app.ITransientNotification$Stub$Proxy@6de156e
11-17 11:35:48.853 W/WindowManager(  629): Unable to start animation, surface is null or no children.
11-17 11:35:48.975 E/TaskPersister(  629): File error accessing recents directory (directory doesn't exist?).
11-17 11:35:57.914 W/WindowManager(  629): removeWindowToken: Attempted to remove non-existing token: android.os.Binder@8f1a428
11-17 11:36:00.027 W/ContextImpl( 1216): Calling a method in the system process without a qualified user: android.app.ContextImpl.sendBroadcast:1006 android.content.ContextWrapper.sendBroadcast:444 com.tal.genie.launcher.service.TimeTickListener.sendOTASilentBroadcast:62 com.tal.genie.launcher.service.TimeTickListener.onTimeTickReceived:31 com.tal.genie.base_receiver.time.TimeTickManager.onTimeTickReceived:80 
11-17 11:36:00.040 W/ContextImpl( 1216): Calling a method in the system process without a qualified user: android.app.ContextImpl.sendBroadcast:1006 android.content.ContextWrapper.sendBroadcast:444 com.tal.genie.service_controldata.EyesProtectManager.sendEyesProtectorBroadcast:362 com.tal.genie.service_controldata.EyesProtectManager.eyesProtectDetector:135 com.tal.genie.launcher.service.TimeTickListener.onTimeTickReceived:34 
11-17 11:36:00.060 W/ContextImpl( 1216): Calling a method in the system process without a qualified user: android.app.ContextImpl.sendBroadcast:1006 android.content.ContextWrapper.sendBroadcast:444 com.tal.genie.lockscreen.receiver.LockScreenReceiver.sendBroadCastToVoice:180 com.tal.genie.lockscreen.receiver.LockScreenReceiver.onReceive:67 android.app.LoadedApk$ReceiverDispatcher$Args.lambda$getRunnable$0:1391 
11-17 11:36:11.292 E/storaged(  468): getDiskStats failed with result NOT_SUPPORTED and size 0
11-17 11:37:00.028 W/ContextImpl( 1216): Calling a method in the system process without a qualified user: android.app.ContextImpl.sendBroadcast:1006 android.content.ContextWrapper.sendBroadcast:444 com.tal.genie.launcher.service.TimeTickListener.sendOTASilentBroadcast:62 com.tal.genie.launcher.service.TimeTickListener.onTimeTickReceived:31 com.tal.genie.base_receiver.time.TimeTickManager.onTimeTickReceived:80 
11-17 11:37:00.041 W/ContextImpl( 1216): Calling a method in the system process without a qualified user: android.app.ContextImpl.sendBroadcast:1006 android.content.ContextWrapper.sendBroadcast:444 com.tal.genie.service_controldata.EyesProtectManager.sendEyesProtectorBroadcast:362 com.tal.genie.service_controldata.EyesProtectManager.eyesProtectDetector:135 com.tal.genie.launcher.service.TimeTickListener.onTimeTickReceived:34 
11-17 11:37:00.063 W/ContextImpl( 1216): Calling a method in the system process without a qualified user: android.app.ContextImpl.sendBroadcast:1006 android.content.ContextWrapper.sendBroadcast:444 com.tal.genie.lockscreen.receiver.LockScreenReceiver.sendBroadCastToVoice:180 com.tal.genie.lockscreen.receiver.LockScreenReceiver.onReceive:67 android.app.LoadedApk$ReceiverDispatcher$Args.lambda$getRunnable$0:1391 
11-17 11:37:11.293 E/storaged(  468): getDiskStats failed with result NOT_SUPPORTED and size 0
11-17 11:38:00.024 W/ContextImpl( 1216): Calling a method in the system process without a qualified user: android.app.ContextImpl.sendBroadcast:1006 android.content.ContextWrapper.sendBroadcast:444 com.tal.genie.launcher.service.TimeTickListener.sendOTASilentBroadcast:62 com.tal.genie.launcher.service.TimeTickListener.onTimeTickReceived:31 com.tal.genie.base_receiver.time.TimeTickManager.onTimeTickReceived:80 
11-17 11:38:00.042 W/ContextImpl( 1216): Calling a method in the system process without a qualified user: android.app.ContextImpl.sendBroadcast:1006 android.content.ContextWrapper.sendBroadcast:444 com.tal.genie.service_controldata.EyesProtectManager.sendEyesProtectorBroadcast:362 com.tal.genie.service_controldata.EyesProtectManager.eyesProtectDetector:135 com.tal.genie.launcher.service.TimeTickListener.onTimeTickReceived:34 
11-17 11:38:00.061 W/ContextImpl( 1216): Calling a method in the system process without a qualified user: android.app.ContextImpl.sendBroadcast:1006 android.content.ContextWrapper.sendBroadcast:444 com.tal.genie.lockscreen.receiver.LockScreenReceiver.sendBroadCastToVoice:180 com.tal.genie.lockscreen.receiver.LockScreenReceiver.onReceive:67 android.app.LoadedApk$ReceiverDispatcher$Args.lambda$getRunnable$0:1391 
11-17 11:38:11.294 E/storaged(  468): getDiskStats failed with result NOT_SUPPORTED and size 0
11-17 11:38:22.310 I/WindowManager(  629): Focus moving from Window{698651f u0 com.tal.genie.voice/com.tal.genie.dicbook.dic.ListResultActivity} to Window{dc8c820 u0 com.android.systemui}
11-17 11:38:22.319 I/WindowManager(  629): Focus moving from Window{dc8c820 u0 com.android.systemui} to Window{91267f u0 com.android.systemui}
11-17 11:38:22.424 I/WindowManager(  629): Losing delayed focus: Window{698651f u0 com.tal.genie.voice/com.tal.genie.dicbook.dic.ListResultActivity}
11-17 11:38:22.424 I/WindowManager(  629): Losing delayed focus: Window{dc8c820 u0 com.android.systemui}
11-17 11:38:24.729 I/ActivityManager(  629): START u0 {flg=0x30000000 cmp=com.example.myapplication2/.MainActivity} from uid 10023
11-17 11:38:24.774 I/ActivityManager(  629): Start proc 2234:com.example.myapplication2/u0a26 for activity com.example.myapplication2/.MainActivity
11-17 11:38:24.903 I/WindowManager(  629): Focus moving from Window{91267f u0 com.android.systemui} to null
11-17 11:38:25.151 I/WindowManager(  629): Relayout Window{b489574 u0 com.example.myapplication2/com.example.myapplication2.MainActivity}: oldVis=4 newVis=0 focusMayChange = true
11-17 11:38:25.159 I/WindowManager(  629): Focus moving from null to Window{b489574 u0 com.example.myapplication2/com.example.myapplication2.MainActivity}
11-17 11:38:25.296 I/ActivityManager(  629): START u0 {cmp=com.tal.genie.voice/com.tal.genie.dicbook.dic.DicResultActivity (has extras)} from uid 10049
11-17 11:38:25.339 I/WindowManager(  629): Focus moving from Window{b489574 u0 com.example.myapplication2/com.example.myapplication2.MainActivity} to null
11-17 11:38:25.433 I/WindowManager(  629): Relayout Window{193a30e u0 com.tal.genie.voice/com.tal.genie.dicbook.dic.DicResultActivity}: oldVis=4 newVis=0 focusMayChange = true
11-17 11:38:25.438 I/WindowManager(  629): Focus moving from null to Window{193a30e u0 com.tal.genie.voice/com.tal.genie.dicbook.dic.DicResultActivity}
11-17 11:38:27.978 I/WindowManager(  629): Focus moving from Window{193a30e u0 com.tal.genie.voice/com.tal.genie.dicbook.dic.DicResultActivity} to Window{b489574 u0 com.example.myapplication2/com.example.myapplication2.MainActivity}
11-17 11:38:29.956 E/TaskPersister(  629): File error accessing recents directory (directory doesn't exist?).
11-17 11:38:30.640 I/WindowManager(  629): Focus moving from Window{b489574 u0 com.example.myapplication2/com.example.myapplication2.MainActivity} to Window{25921a0 u0 com.example.myapplication2/com.example.myapplication2.MainActivity}
11-17 11:38:30.959 I/WindowManager(  629): Losing delayed focus: Window{b489574 u0 com.example.myapplication2/com.example.myapplication2.MainActivity}
11-17 11:38:35.794 I/WindowManager(  629): Focus moving from Window{25921a0 u0 com.example.myapplication2/com.example.myapplication2.MainActivity EXITING} to Window{b489574 u0 com.example.myapplication2/com.example.myapplication2.MainActivity}
11-17 11:38:35.796 I/ActivityManager(  629): START u0 {cmp=com.example.myapplication2/.PWDActivity} from uid 10026
11-17 11:38:35.815 I/WindowManager(  629): Focus moving from Window{b489574 u0 com.example.myapplication2/com.example.myapplication2.MainActivity} to null
11-17 11:38:36.055 I/WindowManager(  629): Relayout Window{1c22c3a u0 com.example.myapplication2/com.example.myapplication2.PWDActivity}: oldVis=4 newVis=0 focusMayChange = true
11-17 11:38:36.059 I/WindowManager(  629): Focus moving from null to Window{1c22c3a u0 com.example.myapplication2/com.example.myapplication2.PWDActivity}
11-17 11:38:37.558 I/ActivityManager(  629): START u0 {cmp=com.android.settings/.Settings} from uid 10026
11-17 11:38:37.606 I/WindowManager(  629): Focus moving from Window{1c22c3a u0 com.example.myapplication2/com.example.myapplication2.PWDActivity} to null
11-17 11:38:37.728 W/ContextImpl(  953): Calling a method in the system process without a qualified user: android.app.ContextImpl.startService:1532 android.content.ContextWrapper.startService:664 android.app.Activity.onPostResume:1391 android.app.Activity.performResume:7344 android.app.ActivityThread.performResumeActivity:3807 
11-17 11:38:37.760 I/WindowManager(  629): Relayout Window{6f0f4c6 u0 com.android.settings/com.android.settings.Settings}: oldVis=4 newVis=0 focusMayChange = true
11-17 11:38:37.766 I/WindowManager(  629): Focus moving from null to Window{6f0f4c6 u0 com.android.settings/com.android.settings.Settings}
11-17 11:38:37.887 E/BatteryExternalStatsWorker(  629): no controller energy info supplied for wifi
11-17 11:38:37.887 E/BatteryExternalStatsWorker(  629): no controller energy info supplied for bluetooth
11-17 11:38:37.891 W/KernelCpuProcReader(  629): File not exist: /proc/uid_cpupower/concurrent_active_time
11-17 11:38:37.891 W/KernelCpuProcReader(  629): File not exist: /proc/uid_cpupower/concurrent_policy_time
11-17 11:38:37.892 E/KernelCpuSpeedReader(  629): Failed to read cpu-freq: /sys/devices/system/cpu/cpu0/cpufreq/stats/time_in_state (No such file or directory)
11-17 11:38:37.897 W/BatteryExternalStatsWorker(  629): modem info is invalid: ModemActivityInfo{ mTimestamp=0 mSleepTimeMs=0 mIdleTimeMs=0 mTxTimeMs[]=[0, 0, 0, 0, 0] mRxTimeMs=0 mEnergyUsed=0}
11-17 11:38:38.748 W/ContextImpl(  953): Calling a method in the system process without a qualified user: android.app.ContextImpl.sendBroadcast:1006 android.content.ContextWrapper.sendBroadcast:444 android.view.View.dispatchTouchEvent:12526 android.view.ViewGroup.dispatchTransformedTouchEvent:3077 android.view.ViewGroup.dispatchTouchEvent:2727 
11-17 11:38:39.619 I/ActivityManager(  629): START u0 {flg=0x8000 cmp=com.android.settings/.Settings$SystemDashboardActivity (has extras)} from uid 1000
11-17 11:38:39.644 I/WindowManager(  629): Focus moving from Window{6f0f4c6 u0 com.android.settings/com.android.settings.Settings} to null
11-17 11:38:39.820 W/ContextImpl(  953): Calling a method in the system process without a qualified user: android.app.ContextImpl.startService:1532 android.content.ContextWrapper.startService:664 android.app.Activity.onPostResume:1391 android.app.Activity.performResume:7344 android.app.ActivityThread.performResumeActivity:3807 
11-17 11:38:39.877 I/WindowManager(  629): Relayout Window{a018898 u0 com.android.settings/com.android.settings.Settings$SystemDashboardActivity}: oldVis=4 newVis=0 focusMayChange = true
11-17 11:38:39.881 I/WindowManager(  629): Focus moving from null to Window{a018898 u0 com.android.settings/com.android.settings.Settings$SystemDashboardActivity}
11-17 11:38:40.902 W/ContextImpl(  953): Calling a method in the system process without a qualified user: android.app.ContextImpl.sendBroadcast:1006 android.content.ContextWrapper.sendBroadcast:444 android.content.ContextWrapper.sendBroadcast:444 android.view.View.dispatchTouchEvent:12526 android.view.ViewGroup.dispatchTransformedTouchEvent:3083 
11-17 11:38:41.998 I/ActivityManager(  629): START u0 {act=android.intent.action.MAIN cmp=com.android.settings/.SubSettings (has extras)} from uid 1000
11-17 11:38:42.015 I/WindowManager(  629): Focus moving from Window{a018898 u0 com.android.settings/com.android.settings.Settings$SystemDashboardActivity} to null
11-17 11:38:42.179 W/BroadcastQueue(  629): Permission Denial: broadcasting Intent { act=android.net.conn.CONNECTIVITY_CHANGE flg=0x4200010 (has extras) } from null (pid=-1, uid=-1) requires android.permission.CHANGE_NETWORK_STATE due to registered receiver BroadcastFilter{32f6910 u0 ReceiverList{2dc9d3 953 com.android.settings/1000/u0 remote:a47f7c2}}
11-17 11:38:42.180 W/BroadcastQueue(  629): Permission Denial: broadcasting Intent { act=android.net.wifi.STATE_CHANGE flg=0x4000010 (has extras) } from null (pid=-1, uid=-1) requires android.permission.CHANGE_NETWORK_STATE due to registered receiver BroadcastFilter{32f6910 u0 ReceiverList{2dc9d3 953 com.android.settings/1000/u0 remote:a47f7c2}}
11-17 11:38:42.180 W/BroadcastQueue(  629): Permission Denial: broadcasting Intent { act=android.net.conn.CONNECTIVITY_CHANGE flg=0x4200010 (has extras) } from null (pid=-1, uid=-1) requires android.permission.CHANGE_NETWORK_STATE due to registered receiver BroadcastFilter{581302f u0 ReceiverList{3a1ce0e 953 com.android.settings/1000/u0 remote:f92cc09}}
11-17 11:38:42.180 W/BroadcastQueue(  629): Permission Denial: broadcasting Intent { act=android.net.wifi.STATE_CHANGE flg=0x4000010 (has extras) } from null (pid=-1, uid=-1) requires android.permission.CHANGE_NETWORK_STATE due to registered receiver BroadcastFilter{581302f u0 ReceiverList{3a1ce0e 953 com.android.settings/1000/u0 remote:f92cc09}}
11-17 11:38:42.200 W/ContextImpl(  953): Calling a method in the system process without a qualified user: android.app.ContextImpl.startService:1532 android.content.ContextWrapper.startService:664 android.app.Activity.onPostResume:1391 android.app.Activity.performResume:7344 android.app.ActivityThread.performResumeActivity:3807 
11-17 11:38:42.212 I/WindowManager(  629): Relayout Window{f11d572 u0 com.android.settings/com.android.settings.SubSettings}: oldVis=4 newVis=0 focusMayChange = true
11-17 11:38:42.218 I/WindowManager(  629): Focus moving from null to Window{f11d572 u0 com.android.settings/com.android.settings.SubSettings}
11-17 11:38:43.075 W/ContextImpl(  953): Calling a method in the system process without a qualified user: android.app.ContextImpl.sendBroadcast:1006 android.content.ContextWrapper.sendBroadcast:444 android.content.ContextWrapper.sendBroadcast:444 android.view.View.dispatchTouchEvent:12526 android.view.ViewGroup.dispatchTransformedTouchEvent:3077 
11-17 11:38:46.177 W/ContextImpl(  953): Calling a method in the system process without a qualified user: android.app.ContextImpl.sendBroadcast:1006 android.content.ContextWrapper.sendBroadcast:444 android.content.ContextWrapper.sendBroadcast:444 android.view.View.dispatchTouchEvent:12526 android.view.ViewGroup.dispatchTransformedTouchEvent:3077 
11-17 11:38:46.817 W/WindowManager(  629): removeWindowToken: Attempted to remove non-existing token: android.os.Binder@c7d529c
11-17 11:38:46.818 I/NotificationService(  629): cancelToast pkg=com.android.settings callback=android.app.ITransientNotification$Stub$Proxy@e1fcff
11-17 11:38:46.821 W/WindowManager(  629): removeWindowToken: Attempted to remove non-existing token: android.os.Binder@c7d529c
11-17 11:38:47.002 W/WindowManager(  629): removeWindowToken: Attempted to remove non-existing token: android.os.Binder@9e7035d
11-17 11:38:47.003 I/NotificationService(  629): cancelToast pkg=com.android.settings callback=android.app.ITransientNotification$Stub$Proxy@41c3682
11-17 11:38:47.005 W/WindowManager(  629): removeWindowToken: Attempted to remove non-existing token: android.os.Binder@9e7035d
11-17 11:38:47.170 W/WindowManager(  629): removeWindowToken: Attempted to remove non-existing token: android.os.Binder@de900f6
11-17 11:38:47.170 I/NotificationService(  629): cancelToast pkg=com.android.settings callback=android.app.ITransientNotification$Stub$Proxy@78d743d
11-17 11:38:47.171 W/WindowManager(  629): removeWindowToken: Attempted to remove non-existing token: android.os.Binder@de900f6
11-17 11:38:47.367 I/Telecom (  629): DefaultDialerCache: Refreshing default dialer for user 0: now null: DDC.oR@AA8
11-17 11:38:47.383 W/WindowManager(  629): removeWindowToken: Attempted to remove non-existing token: android.os.Binder@7d09985
11-17 11:38:47.383 I/NotificationService(  629): cancelToast pkg=com.android.settings callback=android.app.ITransientNotification$Stub$Proxy@19bd2d7
11-17 11:38:47.383 W/WindowManager(  629): removeWindowToken: Attempted to remove non-existing token: android.os.Binder@7d09985
11-17 11:38:47.393 W/VoiceInteractionManagerService(  629): no available voice interaction services found for user 0
11-17 11:38:47.933 I/Telecom (  629): DefaultDialerCache: Refreshing default dialer for user 0: now null: DDC.oR@ABA
11-17 11:38:47.943 W/VoiceInteractionManagerService(  629): no available voice interaction services found for user 0
11-17 11:38:49.611 W/ContextImpl(  953): Calling a method in the system process without a qualified user: android.app.ContextImpl.startService:1532 android.content.ContextWrapper.startService:664 android.content.ContextWrapper.startService:664 com.android.internal.policy.DecorView.dispatchTouchEvent:418 android.view.View.dispatchPointerEvent:12808 
11-17 11:38:49.713 W/ContextImpl(  953): Calling a method in the system process without a qualified user: android.app.ContextImpl.startService:1532 android.content.ContextWrapper.startService:664 android.content.ContextWrapper.startService:664 com.android.internal.policy.DecorView.dispatchTouchEvent:418 android.view.View.dispatchPointerEvent:12808 
11-17 11:38:50.163 W/WindowManager(  629): Unable to start animation, surface is null or no children.
11-17 11:38:50.513 I/chatty  (  629): uid=1000(system) android.display identical 2 lines
11-17 11:38:50.681 W/WindowManager(  629): Unable to start animation, surface is null or no children.
11-17 11:38:50.784 W/ContextImpl(  953): Calling a method in the system process without a qualified user: android.app.ContextImpl.startService:1532 android.content.ContextWrapper.startService:664 android.content.ContextWrapper.startService:664 com.android.internal.policy.DecorView.dispatchTouchEvent:418 android.view.View.dispatchPointerEvent:12808 
11-17 11:38:50.894 W/NotificationService(  629): Toast already killed. pkg=com.android.settings callback=android.app.ITransientNotification$Stub$Proxy@905f163
11-17 11:38:50.905 W/ContextImpl(  953): Calling a method in the system process without a qualified user: android.app.ContextImpl.startService:1532 android.content.ContextWrapper.startService:664 android.content.ContextWrapper.startService:664 com.android.internal.policy.DecorView.dispatchTouchEvent:418 android.view.View.dispatchPointerEvent:12808 
11-17 11:38:52.027 W/ContextImpl(  953): Calling a method in the system process without a qualified user: android.app.ContextImpl.sendBroadcast:1006 android.content.ContextWrapper.sendBroadcast:444 android.content.ContextWrapper.sendBroadcast:444 android.view.View.dispatchTouchEvent:12526 android.view.ViewGroup.dispatchTransformedTouchEvent:3083 
11-17 11:38:52.115 I/WindowManager(  629): Focus moving from Window{f11d572 u0 com.android.settings/com.android.settings.SubSettings} to null
11-17 11:38:52.133 W/ContextImpl(  953): Calling a method in the system process without a qualified user: android.app.ContextImpl.startService:1532 android.content.ContextWrapper.startService:664 android.app.Activity.onPostResume:1391 android.app.Activity.performResume:7344 android.app.ActivityThread.performResumeActivity:3807 
11-17 11:38:52.145 I/WindowManager(  629): Relayout Window{a018898 u0 com.android.settings/com.android.settings.Settings$SystemDashboardActivity}: oldVis=8 newVis=0 focusMayChange = true
11-17 11:38:52.151 I/WindowManager(  629): Focus moving from null to Window{a018898 u0 com.android.settings/com.android.settings.Settings$SystemDashboardActivity}
11-17 11:38:53.483 W/ContextImpl(  953): Calling a method in the system process without a qualified user: android.app.ContextImpl.sendBroadcast:1006 android.content.ContextWrapper.sendBroadcast:444 android.content.ContextWrapper.sendBroadcast:444 android.view.View.dispatchTouchEvent:12526 android.view.ViewGroup.dispatchTransformedTouchEvent:3077 
11-17 11:38:53.575 I/ActivityManager(  629): START u0 {act=android.intent.action.MAIN cmp=com.android.settings/.SubSettings (has extras)} from uid 1000
11-17 11:38:53.590 I/WindowManager(  629): Focus moving from Window{a018898 u0 com.android.settings/com.android.settings.Settings$SystemDashboardActivity} to null
11-17 11:38:53.661 E/UserRestrictionsUtils(  629): Unknown restriction: null
11-17 11:38:53.664 I/chatty  (  629): uid=1000(system) Binder:629_9 identical 1 line
11-17 11:38:53.687 E/UserRestrictionsUtils(  629): Unknown restriction: null
11-17 11:38:53.737 I/ProcessStatsService(  629): Added stats: 2010-01-01-08-00-53, over +36s694ms
11-17 11:38:53.890 W/ContextImpl(  953): Calling a method in the system process without a qualified user: android.app.ContextImpl.startService:1532 android.content.ContextWrapper.startService:664 android.app.Activity.onPostResume:1391 android.app.Activity.performResume:7344 android.app.ActivityThread.performResumeActivity:3807 
11-17 11:38:53.905 I/ProcessStatsService(  629): Added stats: 2010-01-01-08-00-53, over +36s694ms
11-17 11:38:53.906 I/WindowManager(  629): Relayout Window{a5f6b87 u0 com.android.settings/com.android.settings.SubSettings}: oldVis=4 newVis=0 focusMayChange = true
11-17 11:38:53.913 I/WindowManager(  629): Focus moving from null to Window{a5f6b87 u0 com.android.settings/com.android.settings.SubSettings}
11-17 11:38:54.639 W/ContextImpl(  953): Calling a method in the system process without a qualified user: android.app.ContextImpl.sendBroadcast:1006 android.content.ContextWrapper.sendBroadcast:444 android.content.ContextWrapper.sendBroadcast:444 android.view.View.dispatchTouchEvent:12526 android.view.ViewGroup.dispatchTransformedTouchEvent:3083 
11-17 11:38:56.740 W/ContextImpl(  953): Calling a method in the system process without a qualified user: android.app.ContextImpl.sendBroadcast:1006 android.content.ContextWrapper.sendBroadcast:444 android.content.ContextWrapper.sendBroadcast:444 android.view.View.dispatchTouchEvent:12526 android.view.ViewGroup.dispatchTransformedTouchEvent:3083 
11-17 11:38:57.822 W/WindowManager(  629): removeWindowToken: Attempted to remove non-existing token: android.os.Binder@c7d529c
11-17 11:38:58.004 W/WindowManager(  629): removeWindowToken: Attempted to remove non-existing token: android.os.Binder@9e7035d
11-17 11:38:58.171 W/WindowManager(  629): removeWindowToken: Attempted to remove non-existing token: android.os.Binder@de900f6
11-17 11:38:58.383 W/WindowManager(  629): removeWindowToken: Attempted to remove non-existing token: android.os.Binder@7d09985
11-17 11:39:00.040 W/ContextImpl( 1216): Calling a method in the system process without a qualified user: android.app.ContextImpl.sendBroadcast:1006 android.content.ContextWrapper.sendBroadcast:444 com.tal.genie.launcher.service.TimeTickListener.sendOTASilentBroadcast:62 com.tal.genie.launcher.service.TimeTickListener.onTimeTickReceived:31 com.tal.genie.base_receiver.time.TimeTickManager.onTimeTickReceived:80 
11-17 11:39:00.058 W/ContextImpl( 1216): Calling a method in the system process without a qualified user: android.app.ContextImpl.sendBroadcast:1006 android.content.ContextWrapper.sendBroadcast:444 com.tal.genie.service_controldata.EyesProtectManager.sendEyesProtectorBroadcast:362 com.tal.genie.service_controldata.EyesProtectManager.eyesProtectDetector:135 com.tal.genie.launcher.service.TimeTickListener.onTimeTickReceived:34 
11-17 11:39:00.081 W/ContextImpl( 1216): Calling a method in the system process without a qualified user: android.app.ContextImpl.sendBroadcast:1006 android.content.ContextWrapper.sendBroadcast:444 com.tal.genie.lockscreen.receiver.LockScreenReceiver.sendBroadCastToVoice:180 com.tal.genie.lockscreen.receiver.LockScreenReceiver.onReceive:67 android.app.LoadedApk$ReceiverDispatcher$Args.lambda$getRunnable$0:1391 
11-17 11:39:01.891 W/WindowManager(  629): removeWindowToken: Attempted to remove non-existing token: android.os.Binder@a43edf5
11-17 11:39:03.398 I/WindowManager(  629): Focus moving from Window{a5f6b87 u0 com.android.settings/com.android.settings.SubSettings} to Window{a020175 u0 com.android.settings/com.android.settings.SubSettings}
11-17 11:39:03.484 I/WindowManager(  629): Losing delayed focus: Window{a5f6b87 u0 com.android.settings/com.android.settings.SubSettings}
11-17 11:39:04.389 I/UsbDeviceManager(  629): Setting USB config to adb
11-17 11:39:04.398 I/UsbPortManager(  629): ClientCallback: dual-role-usb20
11-17 11:39:04.437 I/WindowManager(  629): Focus moving from Window{a020175 u0 com.android.settings/com.android.settings.SubSettings EXITING} to Window{a5f6b87 u0 com.android.settings/com.android.settings.SubSettings}
11-17 11:39:04.493 W/Looper  (  629): Slow dispatch took 106ms android.fg h=com.android.server.usb.UsbDeviceManager$UsbHandlerLegacy c=null m=1
11-17 11:39:04.493 I/UsbPortManager(  629): USB port changed: port=UsbPort{id=dual-role-usb20, supportedModes=dual}, status=UsbPortStatus{connected=false, currentMode=none, currentPowerRole=no-power, currentDataRole=no-data, supportedRoleCombinations=[no-power:no-data]}, canChangeMode=false, canChangePowerRole=false, canChangeDataRole=false
11-17 11:39:04.747 I/UsbPortManager(  629): ClientCallback: dual-role-usb20
11-17 11:39:04.747 I/UsbPortManager(  629): USB port changed: port=UsbPort{id=dual-role-usb20, supportedModes=dual}, status=UsbPortStatus{connected=true, currentMode=ufp, currentPowerRole=sink, currentDataRole=device, supportedRoleCombinations=[sink:device]}, canChangeMode=false, canChangePowerRole=false, canChangeDataRole=false
11-17 11:39:06.127 I/ActivityManager(  629): START u0 {flg=0x10000000 cmp=com.android.systemui/.usb.UsbDebuggingActivity (has extras)} from uid 1000
11-17 11:39:06.180 I/WindowManager(  629): Focus moving from Window{a5f6b87 u0 com.android.settings/com.android.settings.SubSettings} to null
11-17 11:39:06.252 I/WindowManager(  629): Relayout Window{dee083f u0 com.android.systemui/com.android.systemui.usb.UsbDebuggingActivity}: oldVis=4 newVis=0 focusMayChange = true
11-17 11:39:06.260 I/WindowManager(  629): Focus moving from null to Window{dee083f u0 com.android.systemui/com.android.systemui.usb.UsbDebuggingActivity}
11-17 11:39:06.605 I/WindowManager(  629): Focus moving from Window{dee083f u0 com.android.systemui/com.android.systemui.usb.UsbDebuggingActivity} to Window{a5f6b87 u0 com.android.settings/com.android.settings.SubSettings}
11-17 11:39:06.719 W/ContextImpl(  953): Calling a method in the system process without a qualified user: android.app.ContextImpl.startService:1532 android.content.ContextWrapper.startService:664 android.app.Activity.onPostResume:1391 android.app.Activity.performResume:7344 android.app.ActivityThread.performResumeActivity:3807 
11-17 11:39:06.735 I/ProcessStatsService(  629): Added stats: 2010-01-01-08-00-53, over +36s694ms
11-17 11:39:11.295 E/storaged(  468): getDiskStats failed with result NOT_SUPPORTED and size 0
11-17 11:39:15.491 W/ContextImpl(  953): Calling a method in the system process without a qualified user: android.app.ContextImpl.sendBroadcast:1006 android.content.ContextWrapper.sendBroadcast:444 android.content.ContextWrapper.sendBroadcast:444 android.view.View.dispatchTouchEvent:12526 android.view.ViewGroup.dispatchTransformedTouchEvent:3083 
11-17 11:39:15.628 I/UsbDeviceManager(  629): Setting USB config to mtp
11-17 11:39:15.654 I/UsbPortManager(  629): ClientCallback: dual-role-usb20
11-17 11:39:15.785 W/Looper  (  629): Slow dispatch took 164ms android.fg h=com.android.server.usb.UsbDeviceManager$UsbHandlerLegacy c=null m=1
11-17 11:39:15.785 I/UsbPortManager(  629): USB port changed: port=UsbPort{id=dual-role-usb20, supportedModes=dual}, status=UsbPortStatus{connected=false, currentMode=none, currentPowerRole=no-power, currentDataRole=no-data, supportedRoleCombinations=[no-power:no-data]}, canChangeMode=false, canChangePowerRole=false, canChangeDataRole=false
11-17 11:39:16.010 I/UsbPortManager(  629): ClientCallback: dual-role-usb20
11-17 11:39:16.011 I/UsbPortManager(  629): USB port changed: port=UsbPort{id=dual-role-usb20, supportedModes=dual}, status=UsbPortStatus{connected=true, currentMode=ufp, currentPowerRole=sink, currentDataRole=device, supportedRoleCombinations=[sink:device]}, canChangeMode=false, canChangePowerRole=false, canChangeDataRole=false
11-17 11:39:16.288 I/WindowManager(  629): Focus moving from Window{a5f6b87 u0 com.android.settings/com.android.settings.SubSettings} to Window{ff1f71e u0 com.android.settings/com.android.settings.SubSettings}
11-17 11:39:16.398 I/WindowManager(  629): Losing delayed focus: Window{a5f6b87 u0 com.android.settings/com.android.settings.SubSettings}
11-17 11:39:17.400 W/ContextImpl(  953): Calling a method in the system process without a qualified user: android.app.ContextImpl.sendBroadcast:1006 android.content.ContextWrapper.sendBroadcast:444 android.content.ContextWrapper.sendBroadcast:444 android.view.View.dispatchTouchEvent:12526 android.view.ViewGroup.dispatchTransformedTouchEvent:3083 
11-17 11:39:17.534 I/UsbDeviceManager(  629): Setting USB config to adb
11-17 11:39:17.546 I/UsbPortManager(  629): ClientCallback: dual-role-usb20
11-17 11:39:17.566 I/WindowManager(  629): Focus moving from Window{ff1f71e u0 com.android.settings/com.android.settings.SubSettings EXITING} to Window{a5f6b87 u0 com.android.settings/com.android.settings.SubSettings}
11-17 11:39:17.637 W/Looper  (  629): Slow dispatch took 109ms android.fg h=com.android.server.usb.UsbDeviceManager$UsbHandlerLegacy c=null m=1
11-17 11:39:17.637 I/UsbPortManager(  629): USB port changed: port=UsbPort{id=dual-role-usb20, supportedModes=dual}, status=UsbPortStatus{connected=false, currentMode=none, currentPowerRole=no-power, currentDataRole=no-data, supportedRoleCombinations=[no-power:no-data]}, canChangeMode=false, canChangePowerRole=false, canChangeDataRole=false
11-17 11:39:17.876 I/UsbPortManager(  629): ClientCallback: dual-role-usb20
11-17 11:39:17.876 I/UsbPortManager(  629): USB port changed: port=UsbPort{id=dual-role-usb20, supportedModes=dual}, status=UsbPortStatus{connected=true, currentMode=ufp, currentPowerRole=sink, currentDataRole=device, supportedRoleCombinations=[sink:device]}, canChangeMode=false, canChangePowerRole=false, canChangeDataRole=false
11-17 11:39:18.645 I/ActivityManager(  629): START u0 {flg=0x10000000 cmp=com.android.systemui/.usb.UsbDebuggingActivity (has extras)} from uid 1000
11-17 11:39:18.669 I/WindowManager(  629): Focus moving from Window{a5f6b87 u0 com.android.settings/com.android.settings.SubSettings} to null
11-17 11:39:18.719 I/WindowManager(  629): Relayout Window{66110fb u0 com.android.systemui/com.android.systemui.usb.UsbDebuggingActivity}: oldVis=4 newVis=0 focusMayChange = true
11-17 11:39:18.724 I/WindowManager(  629): Focus moving from null to Window{66110fb u0 com.android.systemui/com.android.systemui.usb.UsbDebuggingActivity}
11-17 11:39:20.651 I/WindowManager(  629): Focus moving from Window{66110fb u0 com.android.systemui/com.android.systemui.usb.UsbDebuggingActivity} to Window{a5f6b87 u0 com.android.settings/com.android.settings.SubSettings}
11-17 11:39:20.728 W/ContextImpl(  953): Calling a method in the system process without a qualified user: android.app.ContextImpl.startService:1532 android.content.ContextWrapper.startService:664 android.app.Activity.onPostResume:1391 android.app.Activity.performResume:7344 android.app.ActivityThread.performResumeActivity:3807 
11-17 11:39:20.741 I/ProcessStatsService(  629): Added stats: 2010-01-01-08-00-53, over +36s694ms
11-17 11:39:29.824 W/ContextImpl(  953): Calling a method in the system process without a qualified user: android.app.ContextImpl.startService:1532 android.content.ContextWrapper.startService:664 android.content.ContextWrapper.startService:664 com.android.internal.policy.DecorView.dispatchTouchEvent:418 android.view.View.dispatchPointerEvent:12808 
11-17 11:39:29.877 I/chatty  (  953): uid=1000(system) com.android.settings identical 2 lines
11-17 11:39:29.909 W/ContextImpl(  953): Calling a method in the system process without a qualified user: android.app.ContextImpl.startService:1532 android.content.ContextWrapper.startService:664 android.content.ContextWrapper.startService:664 com.android.internal.policy.DecorView.dispatchTouchEvent:418 android.view.View.dispatchPointerEvent:12808 
11-17 11:39:29.923 V/WindowManager(  629): Changing focus from Window{a5f6b87 u0 com.android.settings/com.android.settings.SubSettings} to Window{6ff35c1 u0 com.android.systemui} Callers=com.android.server.wm.WindowManagerService.addWindow:1519 com.android.server.wm.Session.addToDisplay:205 android.view.IWindowSession$Stub.onTransact:129 com.android.server.wm.Session.onTransact:164 
11-17 11:39:29.923 D/WindowManager(  629): Input focus has changed to Window{6ff35c1 u0 com.android.systemui}
11-17 11:39:29.924 I/WindowManager(  629): Focus moving from Window{a5f6b87 u0 com.android.settings/com.android.settings.SubSettings} to Window{6ff35c1 u0 com.android.systemui}
11-17 11:39:29.935 V/WindowManager(  629): Changing focus from Window{6ff35c1 u0 com.android.systemui} to Window{42be554 u0 com.android.systemui} Callers=com.android.server.wm.WindowManagerService.addWindow:1519 com.android.server.wm.Session.addToDisplay:205 android.view.IWindowSession$Stub.onTransact:129 com.android.server.wm.Session.onTransact:164 
11-17 11:39:29.935 D/WindowManager(  629): Input focus has changed to Window{42be554 u0 com.android.systemui}
11-17 11:39:29.936 I/WindowManager(  629): Focus moving from Window{6ff35c1 u0 com.android.systemui} to Window{42be554 u0 com.android.systemui}
11-17 11:39:29.996 V/WindowManager(  629): Remove Window{42be554 u0 com.android.systemui} client=150e166, surfaceController=Surface(name=)/@0x7afc43 Callers=com.android.server.wm.WindowState.removeIfPossible:1966 com.android.server.wm.WindowManagerService.removeWindow:1679 com.android.server.wm.Session.remove:226 android.view.IWindowSession$Stub.onTransact:261 com.android.server.wm.Session.onTransact:164 
11-17 11:39:29.998 V/WindowManager(  629): Changing focus from Window{42be554 u0 com.android.systemui} to Window{a5f6b87 u0 com.android.settings/com.android.settings.SubSettings} Callers=com.android.server.wm.RootWindowContainer.performSurfacePlacement:568 com.android.server.wm.WindowSurfacePlacer.performSurfacePlacementLoop:207 com.android.server.wm.WindowSurfacePlacer.performSurfacePlacement:155 com.android.server.wm.WindowSurfacePlacer.performSurfacePlacement:145 
11-17 11:39:29.998 D/WindowManager(  629): Input focus has changed to Window{a5f6b87 u0 com.android.settings/com.android.settings.SubSettings}
11-17 11:39:30.003 I/WindowManager(  629): Focus moving from Window{42be554 u0 com.android.systemui} to Window{a5f6b87 u0 com.android.settings/com.android.settings.SubSettings}
11-17 11:39:30.003 I/WindowManager(  629): Losing delayed focus: Window{6ff35c1 u0 com.android.systemui}
