12-23 15:44:17.185 D/WifiService(  634): New client listening to asynchronous messages
12-23 15:44:17.499 I/WindowManager(  634): performEnableScreen: mDisplayEnabled=false mForceDisplayEnabled=false mShowingBootMessages=false mSystemBooted=true mOnlyCore=false
12-23 15:44:17.499 I/WindowManager(  634): java.lang.RuntimeException: here
12-23 15:44:17.499 I/WindowManager(  634): 	at com.android.server.wm.WindowManagerService.performEnableScreen(WindowManagerService.java:3499)
12-23 15:44:17.499 I/WindowManager(  634): 	at com.android.server.wm.WindowManagerService.access$1100(WindowManagerService.java:285)
12-23 15:44:17.499 I/WindowManager(  634): 	at com.android.server.wm.WindowManagerService$H.handleMessage(WindowManagerService.java:4900)
12-23 15:44:17.499 I/WindowManager(  634): 	at android.os.Handler.dispatchMessage(Handler.java:106)
12-23 15:44:17.499 I/WindowManager(  634): 	at android.os.Looper.loop(Looper.java:193)
12-23 15:44:17.499 I/WindowManager(  634): 	at android.os.HandlerThread.run(HandlerThread.java:65)
12-23 15:44:17.499 I/WindowManager(  634): 	at com.android.server.ServiceThread.run(ServiceThread.java:44)
12-23 15:44:17.534 I/chatty  (  634): uid=1000(system) android.display identical 1 line
12-23 15:44:17.535 I/WindowManager(  634): performEnableScreen: mDisplayEnabled=false mForceDisplayEnabled=false mShowingBootMessages=false mSystemBooted=true mOnlyCore=false
12-23 15:44:17.535 I/WindowManager(  634): java.lang.RuntimeException: here
12-23 15:44:17.535 I/WindowManager(  634): 	at com.android.server.wm.WindowManagerService.performEnableScreen(WindowManagerService.java:3499)
12-23 15:44:17.535 I/WindowManager(  634): 	at com.android.server.wm.WindowManagerService.access$1100(WindowManagerService.java:285)
12-23 15:44:17.535 I/WindowManager(  634): 	at com.android.server.wm.WindowManagerService$H.handleMessage(WindowManagerService.java:4900)
12-23 15:44:17.535 I/WindowManager(  634): 	at android.os.Handler.dispatchMessage(Handler.java:106)
12-23 15:44:17.535 I/WindowManager(  634): 	at android.os.Looper.loop(Looper.java:193)
12-23 15:44:17.535 I/WindowManager(  634): 	at android.os.HandlerThread.run(HandlerThread.java:65)
12-23 15:44:17.535 I/WindowManager(  634): 	at com.android.server.ServiceThread.run(ServiceThread.java:44)
12-23 15:44:17.568 I/WindowManager(  634): Waiting for drawn Window{3732af5 u0 com.android.settings/com.android.settings.FallbackHome}: removed=false visible=true mHasSurface=true drawState=1
12-23 15:44:17.569 D/DisplayManagerService(  634): Display 0 hasContent flag changed: hasContent=false, inTraversal=true
12-23 15:44:17.571 I/WindowManager(  634): Waiting for drawn Window{3732af5 u0 com.android.settings/com.android.settings.FallbackHome}: removed=false visible=true mHasSurface=true drawState=1
12-23 15:44:17.572 I/WindowManager(  634): performEnableScreen: mDisplayEnabled=false mForceDisplayEnabled=false mShowingBootMessages=false mSystemBooted=true mOnlyCore=false
12-23 15:44:17.572 I/WindowManager(  634): java.lang.RuntimeException: here
12-23 15:44:17.572 I/WindowManager(  634): 	at com.android.server.wm.WindowManagerService.performEnableScreen(WindowManagerService.java:3499)
12-23 15:44:17.572 I/WindowManager(  634): 	at com.android.server.wm.WindowManagerService.access$1100(WindowManagerService.java:285)
12-23 15:44:17.572 I/WindowManager(  634): 	at com.android.server.wm.WindowManagerService$H.handleMessage(WindowManagerService.java:4900)
12-23 15:44:17.572 I/WindowManager(  634): 	at android.os.Handler.dispatchMessage(Handler.java:106)
12-23 15:44:17.572 I/WindowManager(  634): 	at android.os.Looper.loop(Looper.java:193)
12-23 15:44:17.572 I/WindowManager(  634): 	at android.os.HandlerThread.run(HandlerThread.java:65)
12-23 15:44:17.572 I/WindowManager(  634): 	at com.android.server.ServiceThread.run(ServiceThread.java:44)
12-23 15:44:17.601 I/WindowManager(  634): Waiting for drawn Window{3732af5 u0 com.android.settings/com.android.settings.FallbackHome}: removed=false visible=true mHasSurface=true drawState=3
12-23 15:44:17.602 D/DisplayManagerService(  634): Display 0 hasContent flag changed: hasContent=true, inTraversal=true
12-23 15:44:17.603 I/WindowManager(  634): Waiting for drawn Window{3732af5 u0 com.android.settings/com.android.settings.FallbackHome}: removed=false visible=true mHasSurface=true drawState=4
12-23 15:44:17.603 D/WindowManager(  634): Window drawn win=Window{3732af5 u0 com.android.settings/com.android.settings.FallbackHome}
12-23 15:44:17.603 D/WindowManager(  634): All windows drawn!
12-23 15:44:17.606 I/WindowManager(  634): performEnableScreen: mDisplayEnabled=false mForceDisplayEnabled=false mShowingBootMessages=false mSystemBooted=true mOnlyCore=false
12-23 15:44:17.606 I/WindowManager(  634): java.lang.RuntimeException: here
12-23 15:44:17.606 I/WindowManager(  634): 	at com.android.server.wm.WindowManagerService.performEnableScreen(WindowManagerService.java:3499)
12-23 15:44:17.606 I/WindowManager(  634): 	at com.android.server.wm.WindowManagerService.access$1100(WindowManagerService.java:285)
12-23 15:44:17.606 I/WindowManager(  634): 	at com.android.server.wm.WindowManagerService$H.handleMessage(WindowManagerService.java:4900)
12-23 15:44:17.606 I/WindowManager(  634): 	at android.os.Handler.dispatchMessage(Handler.java:106)
12-23 15:44:17.606 I/WindowManager(  634): 	at android.os.Looper.loop(Looper.java:193)
12-23 15:44:17.606 I/WindowManager(  634): 	at android.os.HandlerThread.run(HandlerThread.java:65)
12-23 15:44:17.606 I/WindowManager(  634): 	at com.android.server.ServiceThread.run(ServiceThread.java:44)
12-23 15:44:17.607 I/WindowManager(  634): performEnableScreen: mDisplayEnabled=false mForceDisplayEnabled=false mShowingBootMessages=false mSystemBooted=true mOnlyCore=false
12-23 15:44:17.607 I/WindowManager(  634): java.lang.RuntimeException: here
12-23 15:44:17.607 I/WindowManager(  634): 	at com.android.server.wm.WindowManagerService.performEnableScreen(WindowManagerService.java:3499)
12-23 15:44:17.607 I/WindowManager(  634): 	at com.android.server.wm.WindowManagerService.access$1100(WindowManagerService.java:285)
12-23 15:44:17.607 I/WindowManager(  634): 	at com.android.server.wm.WindowManagerService$H.handleMessage(WindowManagerService.java:4900)
12-23 15:44:17.607 I/WindowManager(  634): 	at android.os.Handler.dispatchMessage(Handler.java:106)
12-23 15:44:17.607 I/WindowManager(  634): 	at android.os.Looper.loop(Looper.java:193)
12-23 15:44:17.607 I/WindowManager(  634): 	at android.os.HandlerThread.run(HandlerThread.java:65)
12-23 15:44:17.607 I/WindowManager(  634): 	at com.android.server.ServiceThread.run(ServiceThread.java:44)
12-23 15:44:17.609 D/WindowOrientationListener(  634): WindowOrientationListener enabled clearCurrentRotation=true
12-23 15:44:17.609 I/WindowManager(  634): performEnableScreen: mDisplayEnabled=false mForceDisplayEnabled=false mShowingBootMessages=false mSystemBooted=true mOnlyCore=false
12-23 15:44:17.609 I/WindowManager(  634): java.lang.RuntimeException: here
12-23 15:44:17.609 I/WindowManager(  634): 	at com.android.server.wm.WindowManagerService.performEnableScreen(WindowManagerService.java:3499)
12-23 15:44:17.609 I/WindowManager(  634): 	at com.android.server.wm.WindowManagerService.access$1100(WindowManagerService.java:285)
12-23 15:44:17.609 I/WindowManager(  634): 	at com.android.server.wm.WindowManagerService$H.handleMessage(WindowManagerService.java:4900)
12-23 15:44:17.609 I/WindowManager(  634): 	at android.os.Handler.dispatchMessage(Handler.java:106)
12-23 15:44:17.609 I/WindowManager(  634): 	at android.os.Looper.loop(Looper.java:193)
12-23 15:44:17.609 I/WindowManager(  634): 	at android.os.HandlerThread.run(HandlerThread.java:65)
12-23 15:44:17.609 I/WindowManager(  634): 	at com.android.server.ServiceThread.run(ServiceThread.java:44)
12-23 15:44:17.737 I/chatty  (  634): uid=1000(system) android.display identical 5 lines
12-23 15:44:17.745 I/WindowManager(  634): performEnableScreen: mDisplayEnabled=false mForceDisplayEnabled=false mShowingBootMessages=false mSystemBooted=true mOnlyCore=false
12-23 15:44:17.745 I/WindowManager(  634): java.lang.RuntimeException: here
12-23 15:44:17.745 I/WindowManager(  634): 	at com.android.server.wm.WindowManagerService.performEnableScreen(WindowManagerService.java:3499)
12-23 15:44:17.745 I/WindowManager(  634): 	at com.android.server.wm.WindowManagerService.access$1100(WindowManagerService.java:285)
12-23 15:44:17.745 I/WindowManager(  634): 	at com.android.server.wm.WindowManagerService$H.handleMessage(WindowManagerService.java:4900)
12-23 15:44:17.745 I/WindowManager(  634): 	at android.os.Handler.dispatchMessage(Handler.java:106)
12-23 15:44:17.745 I/WindowManager(  634): 	at android.os.Looper.loop(Looper.java:193)
12-23 15:44:17.745 I/WindowManager(  634): 	at android.os.HandlerThread.run(HandlerThread.java:65)
12-23 15:44:17.745 I/WindowManager(  634): 	at com.android.server.ServiceThread.run(ServiceThread.java:44)
12-23 15:44:17.746 I/WindowManager(  634): ******** booted=true msg=false haveBoot=false haveApp=false haveWall=true wallEnabled=true haveKeyguard=true
12-23 15:44:17.746 I/WindowManager(  634): ******************** ENABLING SCREEN!
12-23 15:44:17.746 V/WindowManager(  634): Setting event dispatching to true
12-23 15:44:17.746 D/ActivityManager(  634): bootAnimationComplete, mCallFinishBooting = true
12-23 15:44:17.748 I/SystemServiceManager(  634): Starting phase 1000
12-23 15:44:17.750 D/Genie   (  634): DevicePolicyManagerService systemReady com.tal.genie.voice.receiver.AdminReceiver is already ActiveAdmin, return
12-23 15:44:17.750 D/ColorDisplayService(  634): setUp: currentUser=0
12-23 15:44:17.751 I/UsbDeviceManager(  634): Setting USB config to mtp
12-23 15:44:17.756 D/ColorDisplayService(  634): onAutoModeChanged: autoMode=0
12-23 15:44:17.756 I/ColorDisplayService(  634): Turning off night display
12-23 15:44:17.763 V/ActivityManager(  634): broadcast BOOT_COMPLETED intent
12-23 15:44:17.767 D/ActivityManager(  634): Finishing user boot 0
12-23 15:44:17.767 I/ActivityManager(  634): User 0 state changed from BOOTING to RUNNING_LOCKED
12-23 15:44:17.775 D/ActivityManager(  634): Started unlocking user 0
12-23 15:44:17.776 D/ActivityManager(  634): Unlocking user 0 progress 0
12-23 15:44:17.776 D/ActivityManager(  634): Unlocking user 0 progress 5
12-23 15:44:17.789 I/WindowManager(  634): performEnableScreen: mDisplayEnabled=true mForceDisplayEnabled=false mShowingBootMessages=false mSystemBooted=true mOnlyCore=false
12-23 15:44:17.789 I/WindowManager(  634): java.lang.RuntimeException: here
12-23 15:44:17.789 I/WindowManager(  634): 	at com.android.server.wm.WindowManagerService.performEnableScreen(WindowManagerService.java:3499)
12-23 15:44:17.789 I/WindowManager(  634): 	at com.android.server.wm.WindowManagerService.access$1100(WindowManagerService.java:285)
12-23 15:44:17.789 I/WindowManager(  634): 	at com.android.server.wm.WindowManagerService$H.handleMessage(WindowManagerService.java:4900)
12-23 15:44:17.789 I/WindowManager(  634): 	at android.os.Handler.dispatchMessage(Handler.java:106)
12-23 15:44:17.789 I/WindowManager(  634): 	at android.os.Looper.loop(Looper.java:193)
12-23 15:44:17.789 I/WindowManager(  634): 	at android.os.HandlerThread.run(HandlerThread.java:65)
12-23 15:44:17.789 I/WindowManager(  634): 	at com.android.server.ServiceThread.run(ServiceThread.java:44)
12-23 15:44:17.789 I/chatty  (  634): uid=1000(system) android.display identical 1 line
12-23 15:44:17.790 I/WindowManager(  634): performEnableScreen: mDisplayEnabled=true mForceDisplayEnabled=false mShowingBootMessages=false mSystemBooted=true mOnlyCore=false
12-23 15:44:17.790 I/WindowManager(  634): java.lang.RuntimeException: here
12-23 15:44:17.790 I/WindowManager(  634): 	at com.android.server.wm.WindowManagerService.performEnableScreen(WindowManagerService.java:3499)
12-23 15:44:17.790 I/WindowManager(  634): 	at com.android.server.wm.WindowManagerService.access$1100(WindowManagerService.java:285)
12-23 15:44:17.790 I/WindowManager(  634): 	at com.android.server.wm.WindowManagerService$H.handleMessage(WindowManagerService.java:4900)
12-23 15:44:17.790 I/WindowManager(  634): 	at android.os.Handler.dispatchMessage(Handler.java:106)
12-23 15:44:17.790 I/WindowManager(  634): 	at android.os.Looper.loop(Looper.java:193)
12-23 15:44:17.790 I/WindowManager(  634): 	at android.os.HandlerThread.run(HandlerThread.java:65)
12-23 15:44:17.790 I/WindowManager(  634): 	at com.android.server.ServiceThread.run(ServiceThread.java:44)
12-23 15:44:17.790 W/WindowManager(  634): App freeze timeout expired.
12-23 15:44:17.794 D/MtkConnectivityService(  634): Got NetworkFactory Messenger for WIFI
12-23 15:44:17.795 D/MtkConnectivityService(  634): Got NetworkFactory Messenger for WIFI_UT
12-23 15:44:17.795 D/WifiP2pService(  634): InactiveState{ when=-1ms what=69633 target=com.android.internal.util.StateMachine$SmHandler }
12-23 15:44:17.795 D/WifiP2pService(  634): P2pEnabledState{ when=-1ms what=69633 target=com.android.internal.util.StateMachine$SmHandler }
12-23 15:44:17.795 D/WifiP2pService(  634): DefaultState{ when=-1ms what=69633 target=com.android.internal.util.StateMachine$SmHandler }
12-23 15:44:17.796 D/WifiP2pService(  634): InactiveState{ when=0 what=69632 obj=com.android.server.wifi.util.WifiAsyncChannel@a58a515 target=com.android.internal.util.StateMachine$SmHandler }
12-23 15:44:17.796 D/WifiP2pService(  634): P2pEnabledState{ when=0 what=69632 obj=com.android.server.wifi.util.WifiAsyncChannel@a58a515 target=com.android.internal.util.StateMachine$SmHandler }
12-23 15:44:17.796 D/WifiP2pService(  634): DefaultState{ when=0 what=69632 obj=com.android.server.wifi.util.WifiAsyncChannel@a58a515 target=com.android.internal.util.StateMachine$SmHandler }
12-23 15:44:17.796 D/WifiP2pService(  634): Full connection with WifiStateMachine established
12-23 15:44:17.806 D/vold    (  273): e4crypt_prepare_user_storage for volume null, user 0, serial 0, flags 2
12-23 15:44:17.806 D/vold    (  273): Preparing: /data/system_ce/0
12-23 15:44:17.806 D/vold    (  273): Preparing: /data/misc_ce/0
12-23 15:44:17.806 D/vold    (  273): Preparing: /data/vendor_ce/0
12-23 15:44:17.807 D/vold    (  273): Preparing: /data/media/0
12-23 15:44:17.807 D/vold    (  273): Preparing: /data/data
12-23 15:44:17.807 V/vold    (  273): Starting restorecon of /data/system_ce/0
12-23 15:44:17.824 V/AlarmManager(  634): set(null) : type=2 triggerAtTime=39108 win=14999 tElapsed=39108 maxElapsed=54107 interval=0 flags=0x8
12-23 15:44:17.827 V/vold    (  273): Finished restorecon of /data/system_ce/0
12-23 15:44:17.827 V/vold    (  273): Starting restorecon of /data/misc_ce/0
12-23 15:44:17.829 D/WifiP2pService(  634): InactiveState{ when=0 what=131203 target=com.android.internal.util.StateMachine$SmHandler }
12-23 15:44:17.829 D/WifiP2pService(  634): P2pEnabledState{ when=0 what=131203 target=com.android.internal.util.StateMachine$SmHandler }
12-23 15:44:17.829 D/WifiP2pService(  634): DefaultState{ when=0 what=131203 target=com.android.internal.util.StateMachine$SmHandler }
12-23 15:44:17.829 E/WifiP2pService(  634): Unhandled message { when=-1ms what=131203 target=com.android.internal.util.StateMachine$SmHandler }
12-23 15:44:17.866 V/AlarmManager(  634): set(null) : type=2 triggerAtTime=34150 win=11250 tElapsed=34150 maxElapsed=45400 interval=0 flags=0x8
12-23 15:44:18.031 I/EntropyMixer(  634): Writing entropy...
12-23 15:44:18.041 E/BatteryExternalStatsWorker(  634): no controller energy info supplied for wifi
12-23 15:44:18.041 E/BatteryExternalStatsWorker(  634): no controller energy info supplied for bluetooth
12-23 15:44:18.041 E/BatteryExternalStatsWorker(  634): no controller energy info supplied for telephony
12-23 15:44:18.041 E/KernelCpuSpeedReader(  634): Failed to read cpu-freq: /sys/devices/system/cpu/cpu0/cpufreq/stats/time_in_state (No such file or directory)
12-23 15:44:18.177 I/ActivityManager(  634): User 0 state changed from RUNNING_LOCKED to RUNNING_UNLOCKING
12-23 15:44:18.177 W/Looper  (  634): Slow dispatch took 373ms android.fg h=android.os.Handler c=com.android.server.am.-$$Lambda$UserController$o6oQFjGYYIfx-I94cSakTLPLt6s@9c1d9d0 m=0
12-23 15:44:18.177 W/Looper  (  634): Slow delivery took 373ms android.fg h=com.android.server.usb.UsbDebuggingManager$UsbDebuggingHandler c=null m=2
12-23 15:44:18.177 I/SystemServiceManager(  634): Calling onUnlockUser u0
12-23 15:44:18.188 W/Looper  (  634): Drained
12-23 15:44:18.190 W/VoiceInteractionManagerService(  634): no available voice recognition services found for user 0
12-23 15:44:18.195 I/ActivityManager(  634): User 0 state changed from RUNNING_UNLOCKING to RUNNING_UNLOCKED
12-23 15:44:18.205 I/ActivityManager(  634): Sending BOOT_COMPLETE user #0
12-23 15:44:18.226 I/ActivityManager(  634): Start proc 1093:com.tal.genie.push/1000 for added application com.tal.genie.push
12-23 15:44:18.242 I/AppWidgetServiceImpl(  634): Async processing of onUserUnlocked u0 took 52 ms
12-23 15:44:18.242 I/ActivityManager(  634): START u0 {act=android.intent.action.MAIN cat=[android.intent.category.HOME] flg=0x10000100 cmp=com.tal.genie.launcher/.ui.start.StartActivity} from uid 0
12-23 15:44:18.243 I/WindowManager(  634): Focus moving from Window{3732af5 u0 com.android.settings/com.android.settings.FallbackHome} to null
12-23 15:44:18.251 W/ActivityManager(  634): Slow operation: 53ms so far, now at startProcess: returned from zygote!
12-23 15:44:18.257 E/BackupPasswordManager(  634): Unable to read backup pw version
12-23 15:44:18.257 E/BackupPasswordManager(  634): Unable to read saved backup pw hash
12-23 15:44:18.305 W/ActivityManager(  634): Slow operation: 107ms so far, now at startProcess: done updating battery stats
12-23 15:44:18.306 W/ActivityManager(  634): Slow operation: 109ms so far, now at startProcess: building log message
12-23 15:44:18.306 I/ActivityManager(  634): Start proc 1100:com.tal.genie.voice/u0a34 for added application com.tal.genie.voice
12-23 15:44:18.306 W/ActivityManager(  634): Slow operation: 109ms so far, now at startProcess: starting to update pids map
12-23 15:44:18.307 W/ActivityManager(  634): Slow operation: 109ms so far, now at startProcess: done updating pids map
12-23 15:44:18.307 W/ActivityManager(  634): Slow operation: 107ms so far, now at startProcess: asking zygote to start proc
12-23 15:44:18.320 I/ActivityManager(  634): Loading recents for user 0 into memory.
12-23 15:44:18.333 W/ActivityManager(  634): Slow operation: 134ms so far, now at startProcess: returned from zygote!
12-23 15:44:18.340 W/ActivityManager(  634): Slow operation: 140ms so far, now at startProcess: done updating battery stats
12-23 15:44:18.341 W/ActivityManager(  634): Slow operation: 141ms so far, now at startProcess: building log message
12-23 15:44:18.341 I/ActivityManager(  634): Start proc 1120:com.android.se/1068 for added application com.android.se
12-23 15:44:18.341 W/ActivityManager(  634): Slow operation: 141ms so far, now at startProcess: starting to update pids map
12-23 15:44:18.341 W/ActivityManager(  634): Slow operation: 141ms so far, now at startProcess: done updating pids map
12-23 15:44:18.342 W/ActivityManager(  634): Slow operation: 130ms so far, now at startProcess: asking zygote to start proc
12-23 15:44:18.408 W/ActivityManager(  634): Slow operation: 197ms so far, now at startProcess: returned from zygote!
12-23 15:44:18.409 W/ActivityManager(  634): Slow operation: 198ms so far, now at startProcess: done updating battery stats
12-23 15:44:18.416 I/BackupManagerService(  634): Unlocking system user; mService=com.android.server.backup.BackupManagerService@a69ca19
12-23 15:44:18.417 W/ActivityManager(  634): Slow operation: 206ms so far, now at startProcess: building log message
12-23 15:44:18.417 I/ActivityManager(  634): Start proc 1138:android.process.media/u0a6 for broadcast com.android.providers.downloads/.DownloadReceiver
12-23 15:44:18.417 W/ActivityManager(  634): Slow operation: 206ms so far, now at startProcess: starting to update pids map
12-23 15:44:18.417 W/ActivityManager(  634): Slow operation: 206ms so far, now at startProcess: done updating pids map
12-23 15:44:18.417 W/ActivityManager(  634): Slow operation: 125ms so far, now at startProcess: asking zygote to start proc
12-23 15:44:18.427 W/Looper  (  634): Slow delivery took 200ms main h=com.android.providers.settings.SettingsProvider$SettingsRegistry$MyHandler c=null m=2
12-23 15:44:18.428 I/BackupManagerService(  634): Backup enabled => false
12-23 15:44:18.431 I/SyncManager(  634): Loaded persisted syncs: 0 periodic syncs, 0 oneshot syncs, 9 total system server jobs, JobStats: FirstLoad: 2/2/0 LastSave: -1/-1/-1
12-23 15:44:18.446 W/ActivityManager(  634): Slow operation: 154ms so far, now at startProcess: returned from zygote!
12-23 15:44:18.448 W/ActivityManager(  634): Slow operation: 156ms so far, now at startProcess: done updating battery stats
12-23 15:44:18.448 W/ActivityManager(  634): Slow operation: 156ms so far, now at startProcess: building log message
12-23 15:44:18.448 I/ActivityManager(  634): Start proc 1155:com.tal.genie.launcher/1000 for activity com.tal.genie.launcher/.ui.start.StartActivity
12-23 15:44:18.448 W/ActivityManager(  634): Slow operation: 156ms so far, now at startProcess: starting to update pids map
12-23 15:44:18.448 W/ActivityManager(  634): Slow operation: 156ms so far, now at startProcess: done updating pids map
12-23 15:44:18.452 W/Looper  (  634): Drained
12-23 15:44:18.509 I/ActivityManager(  634): Start proc 1174:com.android.keychain/1000 for service com.android.keychain/.KeyChainService
12-23 15:44:18.807 W/ActivityThread( 1093): ClassLoader.getResourceAsStream: The class loader returned by Thread.getContextClassLoader() may fail for processes that host multiple applications. You should explicitly specify a context class loader. For example: Thread.setContextClassLoader(getClass().getClassLoader());
12-23 15:44:18.934 I/BroadcastQueue(  634): Delay finish: android/com.android.server.BootReceiver
12-23 15:44:18.960 I/BootReceiver(  634): Copying audit failures to DropBox
12-23 15:44:18.960 W/BootReceiver(  634): cannot read last msg
12-23 15:44:18.960 W/BootReceiver(  634): java.io.FileNotFoundException: /proc/last_kmsg (Permission denied)
12-23 15:44:18.960 W/BootReceiver(  634): 	at java.io.FileInputStream.open0(Native Method)
12-23 15:44:18.960 W/BootReceiver(  634): 	at java.io.FileInputStream.open(FileInputStream.java:231)
12-23 15:44:18.960 W/BootReceiver(  634): 	at java.io.FileInputStream.<init>(FileInputStream.java:165)
12-23 15:44:18.960 W/BootReceiver(  634): 	at android.os.FileUtils.readTextFile(FileUtils.java:514)
12-23 15:44:18.960 W/BootReceiver(  634): 	at com.android.server.BootReceiver.logFsShutdownTime(BootReceiver.java:525)
12-23 15:44:18.960 W/BootReceiver(  634): 	at com.android.server.BootReceiver.logBootEvents(BootReceiver.java:243)
12-23 15:44:18.960 W/BootReceiver(  634): 	at com.android.server.BootReceiver.access$000(BootReceiver.java:66)
12-23 15:44:18.960 W/BootReceiver(  634): 	at com.android.server.BootReceiver$1.run(BootReceiver.java:127)
12-23 15:44:18.965 I/BootReceiver(  634): Checking for fsck errors
12-23 15:44:18.967 I/BootReceiver(  634): fs_stat, partition:cache stat:0x3
12-23 15:44:18.968 I/BootReceiver(  634): fs_stat, partition:nvdata stat:0x3
12-23 15:44:18.968 I/BootReceiver(  634): fs_stat, partition:nvcfg stat:0x43
12-23 15:44:19.169 W/ContextImpl( 1093): Calling a method in the system process without a qualified user: android.app.ContextImpl.startService:1532 android.content.ContextWrapper.startService:664 com.tal.genie.app_keepalive.KeepAliveApplication.startService:49 com.tal.genie.app_keepalive.KeepAliveApplication.startKeepAliveService:36 com.tal.genie.app_keepalive.KeepAliveApplication.start:24 
12-23 15:44:19.508 W/ContextImpl( 1093): Calling a method in the system process without a qualified user: android.app.ContextImpl.bindService:1612 android.content.ContextWrapper.bindService:698 com.tal.genie.app_keepalive.KeepAliveService.setForeground:115 com.tal.genie.app_keepalive.KeepAliveService.onStartCommand:74 android.app.ActivityThread.handleServiceArgs:3698 
12-23 15:44:19.512 W/ContextImpl( 1093): Calling a method in the system process without a qualified user: android.app.ContextImpl.bindService:1612 android.content.ContextWrapper.bindService:698 com.tal.genie.app_keepalive.KeepAliveService.startRtcService:162 com.tal.genie.app_keepalive.KeepAliveService.setForeground:116 com.tal.genie.app_keepalive.KeepAliveService.onStartCommand:74 
12-23 15:44:19.543 I/ActivityManager(  634): Start proc 1300:com.tal.genie.rtc/1000 for service com.tal.genie.rtc/.RTCService
12-23 15:44:19.615 I/ActivityManager(  634): START u0 {cmp=com.tal.genie.launcher/.ui.initializer.InitializerHomeActivity} from uid 1000
12-23 15:44:19.632 E/NotificationService(  634): Muting recently noisy 0|com.tal.genie.push|1093|null|1000
12-23 15:44:19.643 W/ContextImpl( 1155): Calling a method in the system process without a qualified user: android.app.ContextImpl.startForegroundService:1538 android.content.ContextWrapper.startForegroundService:669 com.tal.genie.launcher.service.RemoteServiceManager.startLockScreenAction:44 com.tal.genie.launcher.service.RemoteServiceManager.startService:27 com.tal.genie.launcher.ui.start.StartActivity.onCreate:31 
12-23 15:44:19.680 W/ContextImpl( 1155): Calling a method in the system process without a qualified user: android.app.ContextImpl.startService:1532 android.content.ContextWrapper.startService:664 android.content.ContextWrapper.startService:664 android.app.Activity.onEnterAnimationComplete:6662 android.app.Activity.dispatchEnterAnimationComplete:6673 
12-23 15:44:19.683 W/ContextImpl( 1155): Calling a method in the system process without a qualified user: android.app.ContextImpl.startService:1532 android.content.ContextWrapper.startService:664 android.content.ContextWrapper.startService:664 android.app.Activity.onEnterAnimationComplete:6662 android.app.Activity.dispatchEnterAnimationComplete:6673 
12-23 15:44:19.889 W/ActivityThread( 1155): ClassLoader.getResourceAsStream: The class loader returned by Thread.getContextClassLoader() may fail for processes that host multiple applications. You should explicitly specify a context class loader. For example: Thread.setContextClassLoader(getClass().getClassLoader());
12-23 15:44:19.918 W/ContextImpl(  634): Calling a method in the system process without a qualified user: android.app.ContextImpl.sendBroadcast:1006 com.android.server.audio.AudioService.setMicrophoneMuteNoCallerCheck:2539 com.android.server.audio.AudioService.setMicrophoneMute:2525 android.media.IAudioService$Stub.onTransact:236 android.os.Binder.execTransact:731 
12-23 15:44:19.960 W/ContextImpl( 1155): Calling a method in the system process without a qualified user: android.app.ContextImpl.startActivity:888 android.content.ContextWrapper.startActivity:379 com.tal.genie.launcher.ui.PageRouter.startNormalWifiSettingNoBackButton:140 com.tal.genie.launcher.ui.InitializerPageRouter.startNormalWifiSettingNoBackButton:29 com.tal.genie.launcher.ui.initializer.InitializerHomeActivity.onResume:50 
12-23 15:44:19.960 W/ContextImpl( 1155): Calling a method in the system process without a qualified user: android.app.ContextImpl.startActivity:900 android.app.ContextImpl.startActivity:889 android.content.ContextWrapper.startActivity:379 com.tal.genie.launcher.ui.PageRouter.startNormalWifiSettingNoBackButton:140 com.tal.genie.launcher.ui.InitializerPageRouter.startNormalWifiSettingNoBackButton:29 
12-23 15:44:19.961 I/ActivityManager(  634): START u0 {flg=0x10000000 cmp=com.tal.genie.wifisetup/.MainActivity (has extras)} from uid 1000
12-23 15:44:20.049 W/ContextImpl( 1155): Calling a method in the system process without a qualified user: android.app.ContextImpl.startService:1532 android.content.ContextWrapper.startService:664 android.content.ContextWrapper.startService:664 android.app.Activity.onEnterAnimationComplete:6662 android.app.Activity.dispatchEnterAnimationComplete:6673 
12-23 15:44:20.083 I/ActivityManager(  634): Start proc 1338:com.tal.genie.wifisetup/1000 for activity com.tal.genie.wifisetup/.MainActivity
12-23 15:44:20.084 I/WindowManager(  634): Relayout Window{9e94ec8 u0 com.tal.genie.launcher/com.tal.genie.launcher.ui.initializer.InitializerHomeActivity}: oldVis=4 newVis=0 focusMayChange = true
12-23 15:44:20.110 I/WindowManager(  634): Focus moving from null to Window{9e94ec8 u0 com.tal.genie.launcher/com.tal.genie.launcher.ui.initializer.InitializerHomeActivity}
12-23 15:44:20.238 I/WindowManager(  634): Focus moving from Window{9e94ec8 u0 com.tal.genie.launcher/com.tal.genie.launcher.ui.initializer.InitializerHomeActivity} to null
12-23 15:44:20.248 I/WindowManager(  634): ******* TELLING SURFACE FLINGER WE ARE BOOTED!
12-23 15:44:20.319 W/wificond(  454): Scan is not started. Ignore abort request
12-23 15:44:20.423 I/MTKWifiDisplayController(  634): Received NETWORK_STATE_CHANGED,con:false,SSID:null,Freq:0,netId:-1, updated:false
12-23 15:44:20.519 I/BroadcastQueue(  634): Resuming delayed broadcast
12-23 15:44:20.578 I/MTKWifiDisplayController(  634): Received NETWORK_STATE_CHANGED,con:false,SSID:null,Freq:0,netId:-1, updated:false
12-23 15:44:20.606 I/chatty  (  634): uid=1000(system) android.display identical 1 line
12-23 15:44:20.609 I/MTKWifiDisplayController(  634): Received NETWORK_STATE_CHANGED,con:false,SSID:null,Freq:0,netId:-1, updated:false
12-23 15:44:20.637 I/ActivityManager(  634): Start proc 1388:com.mediatek.mtklogger/u0a38 for broadcast com.mediatek.mtklogger/.framework.LogReceiver
12-23 15:44:20.659 I/MTKWifiDisplayController(  634): Received NETWORK_STATE_CHANGED,con:false,SSID:null,Freq:0,netId:-1, updated:false
12-23 15:44:20.780 I/WindowManager(  634): Relayout Window{9882121 u0 com.tal.genie.wifisetup/com.tal.genie.wifisetup.MainActivity}: oldVis=4 newVis=0 focusMayChange = true
12-23 15:44:20.790 I/WindowManager(  634): Focus moving from null to Window{9882121 u0 com.tal.genie.wifisetup/com.tal.genie.wifisetup.MainActivity}
12-23 15:44:20.879 W/Looper  (  634): Slow dispatch took 304ms main h=android.app.ActivityThread$H c=null m=114
12-23 15:44:20.891 W/Looper  (  634): Slow delivery took 304ms main h=android.app.ActivityThread$H c=null m=121
12-23 15:44:20.904 W/ActivityThread( 1300): ClassLoader.getResourceAsStream: The class loader returned by Thread.getContextClassLoader() may fail for processes that host multiple applications. You should explicitly specify a context class loader. For example: Thread.setContextClassLoader(getClass().getClassLoader());
12-23 15:44:21.051 W/ContextImpl( 1300): Calling a method in the system process without a qualified user: android.app.ContextImpl.startService:1532 android.content.ContextWrapper.startService:664 com.netease.nimlib.service.NimService.a:145 com.netease.nimlib.ipc.b.d:75 com.netease.nimlib.ipc.b.<init>:67 
12-23 15:44:21.056 W/ContextImpl( 1300): Calling a method in the system process without a qualified user: android.app.ContextImpl.startService:1532 android.content.ContextWrapper.startService:664 com.netease.nimlib.ipc.c.c:180 com.netease.nimlib.ipc.c.b:146 com.netease.nimlib.ipc.c.b:79 
12-23 15:44:21.060 W/ContextImpl( 1300): Calling a method in the system process without a qualified user: android.app.ContextImpl.bindService:1612 android.content.ContextWrapper.bindService:698 com.netease.nimlib.ipc.c.c:183 com.netease.nimlib.ipc.c.b:146 com.netease.nimlib.ipc.c.b:79 
12-23 15:44:21.064 W/Looper  (  634): Drained
12-23 15:44:21.065 I/MTKWifiDisplayController(  634): Received NETWORK_STATE_CHANGED,con:false,SSID:null,Freq:0,netId:-1, updated:false
12-23 15:44:21.067 W/ContextImpl( 1300): Calling a method in the system process without a qualified user: android.app.ContextImpl.startService:1532 android.content.ContextWrapper.startService:664 com.netease.nimlib.ipc.c.c:180 com.netease.nimlib.ipc.c.b:146 com.netease.nimlib.ipc.c.b:79 
12-23 15:44:21.069 W/ContextImpl( 1300): Calling a method in the system process without a qualified user: android.app.ContextImpl.bindService:1612 android.content.ContextWrapper.bindService:698 com.netease.nimlib.ipc.c.c:183 com.netease.nimlib.ipc.c.b:146 com.netease.nimlib.ipc.c.b:79 
12-23 15:44:21.081 I/ActivityManager(  634): Start proc 1437:com.tal.genie.rtc:core/1000 for service com.tal.genie.rtc/com.netease.nimlib.service.NimService
12-23 15:44:21.093 I/MTKWifiDisplayController(  634): Received NETWORK_STATE_CHANGED,con:true,SSID:"TAL-Device",Freq:5260,netId:0, updated:true
12-23 15:44:21.094 I/MTKWifiDisplayController(  634): Received NETWORK_STATE_CHANGED,con:true,SSID:"TAL-Device",Freq:5260,netId:0, updated:false
12-23 15:44:21.097 W/DnsManager(  634): updatePrivateDns(100, PrivateDnsConfig{false:/[]})
12-23 15:44:21.098 W/ContextImpl(  634): Calling a method in the system process without a qualified user: android.app.ContextImpl.sendBroadcastAsUserMultiplePermissions:1054 com.android.server.wifi.WifiConfigManager.sendConfiguredNetworkChangedBroadcast:660 com.android.server.wifi.WifiConfigManager.setNetworkStatus:1338 com.android.server.wifi.WifiConfigManager.updateNetworkAfterConnect:1619 com.android.server.wifi.WifiStateMachine.registerConnected:3832 
12-23 15:44:21.128 W/ContextImpl( 1155): Calling a method in the system process without a qualified user: android.app.ContextImpl.sendBroadcast:1006 android.content.ContextWrapper.sendBroadcast:444 com.tal.genie.push_receiver.PushSenderNetManager.sendWifiDisconnectedCloseBroadcast:60 com.tal.genie.launcher.service.NetChangeListener.closeNetDisConnectPrompt:72 com.tal.genie.launcher.service.NetChangeListener.onWifiConnected:66 
12-23 15:44:21.265 W/NetworkStatsRecorder(  634): unknown interfaces [wlan0, lo], ignoring those stats
12-23 15:44:21.269 W/ContextImpl( 1338): Calling a method in the system process without a qualified user: android.app.ContextImpl.startService:1532 android.content.ContextWrapper.startService:664 android.content.ContextWrapper.startService:664 android.app.Activity.onEnterAnimationComplete:6662 android.app.Activity.dispatchEnterAnimationComplete:6673 
12-23 15:44:21.274 W/NetworkStatsRecorder(  634): unknown interfaces [wlan0, lo], ignoring those stats
12-23 15:44:21.275 W/NetworkStatsRecorder(  634): unknown interfaces [wlan0, lo], ignoring those stats
12-23 15:44:21.280 W/ActivityManager(  634): Slow operation: 103ms so far, now at startProcess: returned from zygote!
12-23 15:44:21.281 W/ActivityManager(  634): Slow operation: 103ms so far, now at startProcess: done updating battery stats
12-23 15:44:21.282 W/NetworkStatsRecorder(  634): unknown interfaces [wlan0, lo], ignoring those stats
12-23 15:44:21.285 W/ActivityManager(  634): Slow operation: 107ms so far, now at startProcess: building log message
12-23 15:44:21.285 I/ActivityManager(  634): Start proc 1469:com.android.gallery3d/u0a46 for broadcast com.android.gallery3d/com.mediatek.gallery3d.adapter.FeatureServiceStart
12-23 15:44:21.285 W/ActivityManager(  634): Slow operation: 107ms so far, now at startProcess: starting to update pids map
12-23 15:44:21.285 W/ActivityManager(  634): Slow operation: 107ms so far, now at startProcess: done updating pids map
12-23 15:44:21.292 I/NetworkStats(  634): NetworkIdentity: {type=WIFI, subType=COMBINED, networkId="TAL-Device", metered=false, defaultNetwork=false}
12-23 15:44:21.307 E/BatteryExternalStatsWorker(  634): no controller energy info supplied for wifi
12-23 15:44:21.317 W/NetworkStatsRecorder(  634): unknown interfaces [lo], ignoring those stats
12-23 15:44:21.317 I/chatty  (  634): uid=1000(system) ConnectivitySer identical 2 lines
12-23 15:44:21.317 W/NetworkStatsRecorder(  634): unknown interfaces [lo], ignoring those stats
12-23 15:44:21.337 I/NetworkStats(  634): NetworkIdentity: {type=WIFI, subType=COMBINED, networkId="TAL-Device", metered=false, defaultNetwork=false}
12-23 15:44:21.388 I/NetworkStatsRecorder(  634): recordSnapshotLocked: ident[[{type=WIFI, subType=COMBINED, networkId="TAL-Device", metered=false, defaultNetwork=false}]]
12-23 15:44:21.388 W/NetworkStatsRecorder(  634): unknown interfaces [lo], ignoring those stats
12-23 15:44:21.388 I/NetworkStatsRecorder(  634): recordSnapshotLocked: ident[[{type=WIFI, subType=COMBINED, networkId="TAL-Device", metered=false, defaultNetwork=false}]]
12-23 15:44:21.388 W/NetworkStatsRecorder(  634): unknown interfaces [lo], ignoring those stats
12-23 15:44:21.388 I/NetworkStatsRecorder(  634): recordSnapshotLocked: ident[[{type=WIFI, subType=COMBINED, networkId="TAL-Device", metered=false, defaultNetwork=false}]]
12-23 15:44:21.388 W/NetworkStatsRecorder(  634): unknown interfaces [lo], ignoring those stats
12-23 15:44:21.388 W/NetworkStatsRecorder(  634): unknown interfaces [lo], ignoring those stats
12-23 15:44:21.395 I/NetworkStats(  634): NetworkIdentity: {type=WIFI, subType=COMBINED, networkId="TAL-Device", metered=false, defaultNetwork=true}
12-23 15:44:21.431 W/ContextImpl( 1300): Calling a method in the system process without a qualified user: android.app.ContextImpl.startForegroundService:1538 android.content.ContextWrapper.startForegroundService:669 com.tal.genie.rtc.RTCService$Companion.start:40 com.tal.genie.rtc.RtcApplication.onCreate:79 android.app.Instrumentation.callApplicationOnCreate:1154 
12-23 15:44:21.521 W/ContextImpl(  634): Calling a method in the system process without a qualified user: android.app.ContextImpl.sendBroadcastAsUserMultiplePermissions:1054 com.android.server.wifi.WifiConfigManager.sendConfiguredNetworkChangedBroadcast:660 com.android.server.wifi.WifiConfigManager.setNetworkStatus:1338 com.android.server.wifi.WifiConfigManager.setNetworkSelectionStatus:1361 com.android.server.wifi.WifiConfigManager.updateNetworkSelectionStatus:1403 
12-23 15:44:21.552 E/ActivityThread(  634): Failed to find provider info for telephony
12-23 15:44:21.553 W/BroadcastQueue(  634): Permission Denial: broadcasting Intent { act=android.net.conn.CONNECTIVITY_CHANGE flg=0x4200010 (has extras) } from null (pid=-1, uid=-1) requires com.tencent.bugly.BuglyBroadcastReceiver.permission due to registered receiver BroadcastFilter{36e2c4d u0 ReceiverList{33ecfe4 1437 com.tal.genie.rtc:core/1000/u0 remote:d9f777}}
12-23 15:44:21.557 I/TransportClient(  634): LocalTransportService#0: Notifying [TransportManager.registerTransport()] transport = IBackupTransport
12-23 15:44:21.593 I/WindowManager(  634): Focus moving from Window{9882121 u0 com.tal.genie.wifisetup/com.tal.genie.wifisetup.MainActivity} to Window{9e94ec8 u0 com.tal.genie.launcher/com.tal.genie.launcher.ui.initializer.InitializerHomeActivity}
12-23 15:44:21.718 I/BackupManagerService(  634): Found stale backup journal, scheduling
12-23 15:44:21.719 I/BackupManagerService(  634): Found stale backup journal, scheduling
12-23 15:44:21.754 W/ContextImpl( 1300): Calling a method in the system process without a qualified user: android.app.ContextImpl.bindService:1612 android.content.ContextWrapper.bindService:698 com.tal.genie.rtc.RTCService.startPushService:73 com.tal.genie.rtc.RTCService.onCreate:51 android.app.ActivityThread.handleCreateService:3563 
12-23 15:44:21.759 I/BackupManagerService(  634): Found stale backup journal, scheduling
12-23 15:44:21.764 I/chatty  (  634): uid=1000(system) backup identical 2 lines
12-23 15:44:21.764 I/BackupManagerService(  634): Found stale backup journal, scheduling
12-23 15:44:21.943 W/ContextImpl( 1155): Calling a method in the system process without a qualified user: android.app.ContextImpl.startService:1532 android.content.ContextWrapper.startService:664 android.content.ContextWrapper.startService:664 android.app.Activity.onEnterAnimationComplete:6662 android.app.Activity.dispatchEnterAnimationComplete:6673 
12-23 15:44:22.175 W/ContextImpl( 1093): Calling a method in the system process without a qualified user: android.app.ContextImpl.sendBroadcast:1006 android.content.ContextWrapper.sendBroadcast:444 com.tal.genie.push.ota.OTAHelper.sendCheckUpgrade:133 com.tal.genie.push.ota.OTAHelper$1.run:63 android.os.Handler.handleCallback:873 
12-23 15:44:22.390 W/ActivityManager(  634): Slow operation: 113ms so far, now at startProcess: returned from zygote!
12-23 15:44:22.391 W/ActivityManager(  634): Slow operation: 114ms so far, now at startProcess: done updating battery stats
12-23 15:44:22.392 W/ActivityManager(  634): Slow operation: 115ms so far, now at startProcess: building log message
12-23 15:44:22.392 I/ActivityManager(  634): Start proc 1622:com.android.managedprovisioning/u0a19 for broadcast com.android.managedprovisioning/.preprovisioning.BootReminder
12-23 15:44:22.392 W/ActivityManager(  634): Slow operation: 116ms so far, now at startProcess: starting to update pids map
12-23 15:44:22.396 W/ActivityManager(  634): Slow operation: 120ms so far, now at startProcess: done updating pids map
12-23 15:44:22.898 I/ActivityManager(  634): Start proc 1647:com.android.packageinstaller/u0a8 for broadcast com.android.packageinstaller/.TemporaryFileManager
12-23 15:44:23.199 I/ActivityManager(  634): Start proc 1663:com.android.providers.calendar/u0a15 for broadcast com.android.providers.calendar/.CalendarReceiver
12-23 15:44:23.363 I/ActivityManager(  634): Process com.mediatek.mtklogger (pid 1388) has died: cch+2CEM 
12-23 15:44:23.559 I/BroadcastQueue(  634): Delay finish: com.android.providers.media/.MediaScannerReceiver
12-23 15:44:23.837 I/sn      (  473): Retry 2
12-23 15:44:23.837 I/sn      (  473): Fail to access err=2
12-23 15:44:23.837 I/chatty  (  473): uid=1000(system) identical 1 line
12-23 15:44:23.837 I/sn      (  473): Fail to access err=2
12-23 15:44:23.837 I/sn      (  473): Check all possible paths
12-23 15:44:23.991 I/BroadcastQueue(  634): Resuming delayed broadcast
12-23 15:44:24.036 I/ActivityManager(  634): Start proc 1687:com.android.traceur/u0a43 for broadcast com.android.traceur/.Receiver
12-23 15:44:24.130 E/TaskPersister(  634): File error accessing recents directory (directory doesn't exist?).
12-23 15:44:24.177 I/ActivityManager(  634): Start proc 1704:com.mediatek.camera/u0a40 for broadcast com.mediatek.camera/.DisableCameraReceiver
12-23 15:44:24.296 I/ActivityManager(  634): Start proc 1719:com.mediatek.duraspeed/1000 for broadcast com.mediatek.duraspeed/.DuraSpeedAppReceiver
12-23 15:44:24.445 I/ActivityManager(  634): Start proc 1734:com.mediatek.engineermode/1001 for broadcast com.mediatek.engineermode/.boot.EmBootupReceiver
12-23 15:44:24.462 I/ActivityManager(  634): Process com.mediatek.duraspeed (pid 1719) has died: cch  CEM 
12-23 15:44:24.606 I/ActivityManager(  634): Start proc 1754:com.mediatek.thermalmanager/1000 for broadcast com.mediatek.thermalmanager/.ServiceStarter
12-23 15:44:24.713 I/ActivityManager(  634): Finished processing BOOT_COMPLETED for u0
12-23 15:44:33.837 I/sn      (  473): Retry 3
12-23 15:44:33.838 I/sn      (  473): Fail to access err=2
12-23 15:44:33.838 I/chatty  (  473): uid=1000(system) identical 1 line
12-23 15:44:33.838 I/sn      (  473): Fail to access err=2
12-23 15:44:33.838 I/sn      (  473): Check all possible paths
12-23 15:44:41.426 I/ActivityManager(  634): Start proc 1798:android.ext.services/u0a9 for service android.ext.services/.storage.CacheQuotaServiceImpl
12-23 15:44:43.838 I/sn      (  473): Retry 4
12-23 15:44:43.839 I/sn      (  473): Fail to access err=2
12-23 15:44:43.839 I/chatty  (  473): uid=1000(system) identical 1 line
12-23 15:44:43.839 I/sn      (  473): Fail to access err=2
12-23 15:44:43.839 I/sn      (  473): Check all possible paths
12-23 15:44:53.839 I/sn      (  473): Retry 5
12-23 15:44:53.840 I/sn      (  473): Fail to access err=2
12-23 15:44:53.840 I/chatty  (  473): uid=1000(system) identical 1 line
12-23 15:44:53.840 I/sn      (  473): Fail to access err=2
12-23 15:44:53.840 I/sn      (  473): Check all possible paths
12-23 15:45:03.840 I/sn      (  473): Retry 6
12-23 15:45:03.840 I/sn      (  473): Fail to access err=2
12-23 15:45:03.840 I/chatty  (  473): uid=1000(system) identical 1 line
12-23 15:45:03.840 I/sn      (  473): Fail to access err=2
12-23 15:45:03.840 I/sn      (  473): Check all possible paths
12-23 15:45:10.682 E/storaged(  453): getDiskStats failed with result NOT_SUPPORTED and size 0
12-23 15:45:13.840 I/sn      (  473): Retry 7
12-23 15:45:13.841 I/sn      (  473): Fail to access err=2
12-23 15:45:13.841 I/chatty  (  473): uid=1000(system) identical 1 line
12-23 15:45:13.841 I/sn      (  473): Fail to access err=2
12-23 15:45:13.841 I/sn      (  473): Check all possible paths
12-23 15:45:23.841 I/sn      (  473): Retry 8
12-23 15:45:23.841 I/sn      (  473): Fail to access err=2
12-23 15:45:23.842 I/chatty  (  473): uid=1000(system) identical 1 line
12-23 15:45:23.842 I/sn      (  473): Fail to access err=2
12-23 15:45:23.842 I/sn      (  473): Check all possible paths
12-23 15:45:33.842 I/sn      (  473): Retry 9
12-23 15:45:33.842 I/sn      (  473): Fail to access err=2
12-23 15:45:33.842 I/chatty  (  473): uid=1000(system) identical 1 line
12-23 15:45:33.842 I/sn      (  473): Fail to access err=2
12-23 15:45:33.842 I/sn      (  473): Check all possible paths
12-23 15:45:43.843 I/sn      (  473): Retry 10
12-23 15:45:43.843 I/sn      (  473): Fail to access err=2
12-23 15:45:43.843 I/chatty  (  473): uid=1000(system) identical 1 line
12-23 15:45:43.843 I/sn      (  473): Fail to access err=2
12-23 15:45:43.843 I/sn      (  473): Check all possible paths
12-23 15:45:53.843 I/sn      (  473): Retry 11
12-23 15:45:53.843 I/sn      (  473): Fail to access err=2
12-23 15:45:53.844 I/chatty  (  473): uid=1000(system) identical 1 line
12-23 15:45:53.844 I/sn      (  473): Fail to access err=2
12-23 15:45:53.844 I/sn      (  473): Check all possible paths
12-23 15:46:03.844 I/sn      (  473): Retry 12
12-23 15:46:03.844 I/sn      (  473): Fail to access err=2
12-23 15:46:03.844 I/chatty  (  473): uid=1000(system) identical 1 line
12-23 15:46:03.844 I/sn      (  473): Fail to access err=2
12-23 15:46:03.844 I/sn      (  473): Check all possible paths
12-23 15:46:10.683 E/storaged(  453): getDiskStats failed with result NOT_SUPPORTED and size 0
12-23 15:46:13.844 I/sn      (  473): Retry 13
12-23 15:46:13.845 I/sn      (  473): Fail to access err=2
12-23 15:46:13.845 I/chatty  (  473): uid=1000(system) identical 1 line
12-23 15:46:13.845 I/sn      (  473): Fail to access err=2
12-23 15:46:13.845 I/sn      (  473): Check all possible paths
12-23 15:46:23.845 I/sn      (  473): Retry 14
12-23 15:46:23.845 I/sn      (  473): Fail to access err=2
12-23 15:46:23.845 I/chatty  (  473): uid=1000(system) identical 1 line
12-23 15:46:23.845 I/sn      (  473): Fail to access err=2
12-23 15:46:23.845 I/sn      (  473): Check all possible paths
12-23 15:47:10.684 E/storaged(  453): getDiskStats failed with result NOT_SUPPORTED and size 0
12-23 15:48:10.685 E/storaged(  453): getDiskStats failed with result NOT_SUPPORTED and size 0
12-23 15:48:58.212 W/ContextImpl( 1155): Calling a method in the system process without a qualified user: android.app.ContextImpl.sendBroadcast:1006 android.content.ContextWrapper.sendBroadcast:444 android.content.ContextWrapper.sendBroadcast:444 android.view.View.dispatchTouchEvent:12526 android.view.ViewGroup.dispatchTransformedTouchEvent:3083 
12-23 15:48:58.308 I/ActivityManager(  634): START u0 {cmp=com.tal.genie.launcher/.ui.initializer.InitializerBindActivity} from uid 1000
12-23 15:48:58.335 I/WindowManager(  634): Focus moving from Window{9e94ec8 u0 com.tal.genie.launcher/com.tal.genie.launcher.ui.initializer.InitializerHomeActivity} to null
12-23 15:48:58.518 I/WindowManager(  634): Relayout Window{8ca3607 u0 com.tal.genie.launcher/com.tal.genie.launcher.ui.initializer.InitializerBindActivity}: oldVis=4 newVis=0 focusMayChange = true
12-23 15:48:58.524 I/WindowManager(  634): Focus moving from null to Window{8ca3607 u0 com.tal.genie.launcher/com.tal.genie.launcher.ui.initializer.InitializerBindActivity}
12-23 15:48:58.569 W/ContextImpl( 1155): Calling a method in the system process without a qualified user: android.app.ContextImpl.startService:1532 android.content.ContextWrapper.startService:664 android.content.ContextWrapper.startService:664 android.app.Activity.onEnterAnimationComplete:6662 android.app.Activity.dispatchEnterAnimationComplete:6673 
12-23 15:48:58.570 W/ContextImpl( 1155): Calling a method in the system process without a qualified user: android.app.ContextImpl.startService:1532 android.content.ContextWrapper.startService:664 android.content.ContextWrapper.startService:664 android.app.Activity.onEnterAnimationComplete:6662 android.app.Activity.dispatchEnterAnimationComplete:6673 
12-23 15:48:58.747 W/ContextImpl( 1155): Calling a method in the system process without a qualified user: android.app.ContextImpl.sendBroadcast:1006 android.content.ContextWrapper.sendBroadcast:444 com.tal.genie.userdata.receiver.TokenUpdateManager.sendToken:40 com.tal.genie.userdata.LoginDataManager.updateALlLoginData:65 com.tal.genie.app_model.remote.client.login.LoginClient.cacheLoginData:73 
12-23 15:48:58.759 W/BroadcastQueue(  634): Background execution not allowed: receiving Intent { act=access.token.update.action flg=0x10 (has extras) } to com.tal.genie.rtc/.userdata.receiver.TokenUpdateReceiver
12-23 15:48:58.795 W/ContextImpl( 1155): Calling a method in the system process without a qualified user: android.app.ContextImpl.bindService:1612 android.content.ContextWrapper.bindService:698 com.tal.genie.launcher.ui.voice.client.BaseServiceClient.bindService:70 com.tal.genie.launcher.ui.voice.client.BaseServiceClient.bindService:81 com.tal.genie.launcher.ui.voice.client.VoiceServiceClient.init:58 
