01-01 08:00:25.273 I/WindowManager(  628): Waiting for drawn Window{953329b u0 com.android.settings/com.android.settings.FallbackHome}: removed=false visible=true mHasSurface=true drawState=1
01-01 08:00:25.273 I/WindowManager(  628): Waiting for drawn Window{6140b1f u0 StatusBar}: removed=false visible=true mHasSurface=true drawState=1
01-01 08:00:25.274 I/WindowManager(  628): performEnableScreen: mDisplayEnabled=false mForceDisplayEnabled=false mShowingBootMessages=false mSystemBooted=true mOnlyCore=false
01-01 08:00:25.274 I/WindowManager(  628): java.lang.RuntimeException: here
01-01 08:00:25.274 I/WindowManager(  628): 	at com.android.server.wm.WindowManagerService.performEnableScreen(WindowManagerService.java:3499)
01-01 08:00:25.274 I/WindowManager(  628): 	at com.android.server.wm.WindowManagerService.access$1100(WindowManagerService.java:285)
01-01 08:00:25.274 I/WindowManager(  628): 	at com.android.server.wm.WindowManagerService$H.handleMessage(WindowManagerService.java:4900)
01-01 08:00:25.274 I/WindowManager(  628): 	at android.os.Handler.dispatchMessage(Handler.java:106)
01-01 08:00:25.274 I/WindowManager(  628): 	at android.os.Looper.loop(Looper.java:193)
01-01 08:00:25.274 I/WindowManager(  628): 	at android.os.HandlerThread.run(HandlerThread.java:65)
01-01 08:00:25.274 I/WindowManager(  628): 	at com.android.server.ServiceThread.run(ServiceThread.java:44)
01-01 08:00:25.299 I/WindowManager(  628): Waiting for drawn Window{953329b u0 com.android.settings/com.android.settings.FallbackHome}: removed=false visible=true mHasSurface=true drawState=3
01-01 08:00:25.299 I/WindowManager(  628): Waiting for drawn Window{6140b1f u0 StatusBar}: removed=false visible=true mHasSurface=true drawState=1
01-01 08:00:25.301 I/WindowManager(  628): Waiting for drawn Window{953329b u0 com.android.settings/com.android.settings.FallbackHome}: removed=false visible=true mHasSurface=true drawState=4
01-01 08:00:25.301 D/WindowManager(  628): Window drawn win=Window{953329b u0 com.android.settings/com.android.settings.FallbackHome}
01-01 08:00:25.301 I/WindowManager(  628): Waiting for drawn Window{6140b1f u0 StatusBar}: removed=false visible=true mHasSurface=true drawState=1
01-01 08:00:25.303 I/WindowManager(  628): Waiting for drawn Window{6140b1f u0 StatusBar}: removed=false visible=true mHasSurface=true drawState=1
01-01 08:00:25.303 I/WindowManager(  628): performEnableScreen: mDisplayEnabled=false mForceDisplayEnabled=false mShowingBootMessages=false mSystemBooted=true mOnlyCore=false
01-01 08:00:25.303 I/WindowManager(  628): java.lang.RuntimeException: here
01-01 08:00:25.303 I/WindowManager(  628): 	at com.android.server.wm.WindowManagerService.performEnableScreen(WindowManagerService.java:3499)
01-01 08:00:25.303 I/WindowManager(  628): 	at com.android.server.wm.WindowManagerService.access$1100(WindowManagerService.java:285)
01-01 08:00:25.303 I/WindowManager(  628): 	at com.android.server.wm.WindowManagerService$H.handleMessage(WindowManagerService.java:4900)
01-01 08:00:25.303 I/WindowManager(  628): 	at android.os.Handler.dispatchMessage(Handler.java:106)
01-01 08:00:25.303 I/WindowManager(  628): 	at android.os.Looper.loop(Looper.java:193)
01-01 08:00:25.303 I/WindowManager(  628): 	at android.os.HandlerThread.run(HandlerThread.java:65)
01-01 08:00:25.303 I/WindowManager(  628): 	at com.android.server.ServiceThread.run(ServiceThread.java:44)
01-01 08:00:25.304 I/chatty  (  628): uid=1000(system) android.display identical 2 lines
01-01 08:00:25.304 I/WindowManager(  628): performEnableScreen: mDisplayEnabled=false mForceDisplayEnabled=false mShowingBootMessages=false mSystemBooted=true mOnlyCore=false
01-01 08:00:25.304 I/WindowManager(  628): java.lang.RuntimeException: here
01-01 08:00:25.304 I/WindowManager(  628): 	at com.android.server.wm.WindowManagerService.performEnableScreen(WindowManagerService.java:3499)
01-01 08:00:25.304 I/WindowManager(  628): 	at com.android.server.wm.WindowManagerService.access$1100(WindowManagerService.java:285)
01-01 08:00:25.304 I/WindowManager(  628): 	at com.android.server.wm.WindowManagerService$H.handleMessage(WindowManagerService.java:4900)
01-01 08:00:25.304 I/WindowManager(  628): 	at android.os.Handler.dispatchMessage(Handler.java:106)
01-01 08:00:25.304 I/WindowManager(  628): 	at android.os.Looper.loop(Looper.java:193)
01-01 08:00:25.304 I/WindowManager(  628): 	at android.os.HandlerThread.run(HandlerThread.java:65)
01-01 08:00:25.304 I/WindowManager(  628): 	at com.android.server.ServiceThread.run(ServiceThread.java:44)
01-01 08:00:25.314 I/WindowManager(  628): Waiting for drawn Window{6140b1f u0 StatusBar}: removed=false visible=true mHasSurface=true drawState=1
01-01 08:00:25.314 I/WindowManager(  628): performEnableScreen: mDisplayEnabled=false mForceDisplayEnabled=false mShowingBootMessages=false mSystemBooted=true mOnlyCore=false
01-01 08:00:25.314 I/WindowManager(  628): java.lang.RuntimeException: here
01-01 08:00:25.314 I/WindowManager(  628): 	at com.android.server.wm.WindowManagerService.performEnableScreen(WindowManagerService.java:3499)
01-01 08:00:25.314 I/WindowManager(  628): 	at com.android.server.wm.WindowManagerService.access$1100(WindowManagerService.java:285)
01-01 08:00:25.314 I/WindowManager(  628): 	at com.android.server.wm.WindowManagerService$H.handleMessage(WindowManagerService.java:4900)
01-01 08:00:25.314 I/WindowManager(  628): 	at android.os.Handler.dispatchMessage(Handler.java:106)
01-01 08:00:25.314 I/WindowManager(  628): 	at android.os.Looper.loop(Looper.java:193)
01-01 08:00:25.314 I/WindowManager(  628): 	at android.os.HandlerThread.run(HandlerThread.java:65)
01-01 08:00:25.314 I/WindowManager(  628): 	at com.android.server.ServiceThread.run(ServiceThread.java:44)
01-01 08:00:25.380 I/WindowManager(  628): Waiting for drawn Window{6140b1f u0 StatusBar}: removed=false visible=true mHasSurface=true drawState=4
01-01 08:00:25.380 D/WindowManager(  628): Window drawn win=Window{6140b1f u0 StatusBar}
01-01 08:00:25.380 D/WindowManager(  628): All windows drawn!
01-01 08:00:25.382 I/WindowManager(  628): performEnableScreen: mDisplayEnabled=false mForceDisplayEnabled=false mShowingBootMessages=false mSystemBooted=true mOnlyCore=false
01-01 08:00:25.382 I/WindowManager(  628): java.lang.RuntimeException: here
01-01 08:00:25.382 I/WindowManager(  628): 	at com.android.server.wm.WindowManagerService.performEnableScreen(WindowManagerService.java:3499)
01-01 08:00:25.382 I/WindowManager(  628): 	at com.android.server.wm.WindowManagerService.access$1100(WindowManagerService.java:285)
01-01 08:00:25.382 I/WindowManager(  628): 	at com.android.server.wm.WindowManagerService$H.handleMessage(WindowManagerService.java:4900)
01-01 08:00:25.382 I/WindowManager(  628): 	at android.os.Handler.dispatchMessage(Handler.java:106)
01-01 08:00:25.382 I/WindowManager(  628): 	at android.os.Looper.loop(Looper.java:193)
01-01 08:00:25.382 I/WindowManager(  628): 	at android.os.HandlerThread.run(HandlerThread.java:65)
01-01 08:00:25.382 I/WindowManager(  628): 	at com.android.server.ServiceThread.run(ServiceThread.java:44)
01-01 08:00:25.383 I/WindowManager(  628): ******** booted=true msg=false haveBoot=false haveApp=false haveWall=true wallEnabled=true haveKeyguard=false
01-01 08:00:25.384 D/WindowOrientationListener(  628): WindowOrientationListener enabled clearCurrentRotation=true
01-01 08:00:25.385 I/WindowManager(  628): performEnableScreen: mDisplayEnabled=false mForceDisplayEnabled=false mShowingBootMessages=false mSystemBooted=true mOnlyCore=false
01-01 08:00:25.385 I/WindowManager(  628): java.lang.RuntimeException: here
01-01 08:00:25.385 I/WindowManager(  628): 	at com.android.server.wm.WindowManagerService.performEnableScreen(WindowManagerService.java:3499)
01-01 08:00:25.385 I/WindowManager(  628): 	at com.android.server.wm.WindowManagerService.access$1100(WindowManagerService.java:285)
01-01 08:00:25.385 I/WindowManager(  628): 	at com.android.server.wm.WindowManagerService$H.handleMessage(WindowManagerService.java:4900)
01-01 08:00:25.385 I/WindowManager(  628): 	at android.os.Handler.dispatchMessage(Handler.java:106)
01-01 08:00:25.385 I/WindowManager(  628): 	at android.os.Looper.loop(Looper.java:193)
01-01 08:00:25.385 I/WindowManager(  628): 	at android.os.HandlerThread.run(HandlerThread.java:65)
01-01 08:00:25.385 I/WindowManager(  628): 	at com.android.server.ServiceThread.run(ServiceThread.java:44)
01-01 08:00:25.386 I/WindowManager(  628): ******** booted=true msg=false haveBoot=false haveApp=false haveWall=true wallEnabled=true haveKeyguard=true
01-01 08:00:25.387 I/WindowManager(  628): ******************** ENABLING SCREEN!
01-01 08:00:25.387 V/WindowManager(  628): Setting event dispatching to true
01-01 08:00:25.387 D/ActivityManager(  628): bootAnimationComplete, mCallFinishBooting = true
01-01 08:00:25.388 I/SystemServiceManager(  628): Starting phase 1000
01-01 08:00:25.390 D/Genie   (  628): DevicePolicyManagerService systemReady com.tal.genie.voice.receiver.AdminReceiver is already ActiveAdmin, return
01-01 08:00:25.390 D/ColorDisplayService(  628): setUp: currentUser=0
01-01 08:00:25.390 I/UsbDeviceManager(  628): Setting USB config to adb
01-01 08:00:25.394 D/ColorDisplayService(  628): onAutoModeChanged: autoMode=0
01-01 08:00:25.394 I/ColorDisplayService(  628): Turning off night display
01-01 08:00:25.400 V/ActivityManager(  628): broadcast BOOT_COMPLETED intent
01-01 08:00:25.406 D/ActivityManager(  628): Finishing user boot 0
01-01 08:00:25.406 I/ActivityManager(  628): User 0 state changed from BOOTING to RUNNING_LOCKED
01-01 08:00:25.413 D/ActivityManager(  628): Started unlocking user 0
01-01 08:00:25.413 D/ActivityManager(  628): Unlocking user 0 progress 0
01-01 08:00:25.413 D/ActivityManager(  628): Unlocking user 0 progress 5
01-01 08:00:25.421 I/WindowManager(  628): performEnableScreen: mDisplayEnabled=true mForceDisplayEnabled=false mShowingBootMessages=false mSystemBooted=true mOnlyCore=false
01-01 08:00:25.421 I/WindowManager(  628): java.lang.RuntimeException: here
01-01 08:00:25.421 I/WindowManager(  628): 	at com.android.server.wm.WindowManagerService.performEnableScreen(WindowManagerService.java:3499)
01-01 08:00:25.421 I/WindowManager(  628): 	at com.android.server.wm.WindowManagerService.access$1100(WindowManagerService.java:285)
01-01 08:00:25.421 I/WindowManager(  628): 	at com.android.server.wm.WindowManagerService$H.handleMessage(WindowManagerService.java:4900)
01-01 08:00:25.421 I/WindowManager(  628): 	at android.os.Handler.dispatchMessage(Handler.java:106)
01-01 08:00:25.421 I/WindowManager(  628): 	at android.os.Looper.loop(Looper.java:193)
01-01 08:00:25.421 I/WindowManager(  628): 	at android.os.HandlerThread.run(HandlerThread.java:65)
01-01 08:00:25.421 I/WindowManager(  628): 	at com.android.server.ServiceThread.run(ServiceThread.java:44)
01-01 08:00:25.422 I/WindowManager(  628): performEnableScreen: mDisplayEnabled=true mForceDisplayEnabled=false mShowingBootMessages=false mSystemBooted=true mOnlyCore=false
01-01 08:00:25.422 I/WindowManager(  628): java.lang.RuntimeException: here
01-01 08:00:25.422 I/WindowManager(  628): 	at com.android.server.wm.WindowManagerService.performEnableScreen(WindowManagerService.java:3499)
01-01 08:00:25.422 I/WindowManager(  628): 	at com.android.server.wm.WindowManagerService.access$1100(WindowManagerService.java:285)
01-01 08:00:25.422 I/WindowManager(  628): 	at com.android.server.wm.WindowManagerService$H.handleMessage(WindowManagerService.java:4900)
01-01 08:00:25.422 I/WindowManager(  628): 	at android.os.Handler.dispatchMessage(Handler.java:106)
01-01 08:00:25.422 I/WindowManager(  628): 	at android.os.Looper.loop(Looper.java:193)
01-01 08:00:25.422 I/WindowManager(  628): 	at android.os.HandlerThread.run(HandlerThread.java:65)
01-01 08:00:25.422 I/WindowManager(  628): 	at com.android.server.ServiceThread.run(ServiceThread.java:44)
01-01 08:00:25.429 D/MtkConnectivityService(  628): Got NetworkFactory Messenger for WIFI
01-01 08:00:25.432 D/MtkConnectivityService(  628): Got NetworkFactory Messenger for WIFI_UT
01-01 08:00:25.432 D/WifiP2pService(  628): InactiveState{ when=0 what=69633 target=com.android.internal.util.StateMachine$SmHandler }
01-01 08:00:25.432 D/WifiP2pService(  628): P2pEnabledState{ when=0 what=69633 target=com.android.internal.util.StateMachine$SmHandler }
01-01 08:00:25.432 D/WifiP2pService(  628): DefaultState{ when=0 what=69633 target=com.android.internal.util.StateMachine$SmHandler }
01-01 08:00:25.432 D/WifiP2pService(  628): InactiveState{ when=0 what=69632 obj=com.android.server.wifi.util.WifiAsyncChannel@52b506d target=com.android.internal.util.StateMachine$SmHandler }
01-01 08:00:25.432 D/WifiP2pService(  628): P2pEnabledState{ when=0 what=69632 obj=com.android.server.wifi.util.WifiAsyncChannel@52b506d target=com.android.internal.util.StateMachine$SmHandler }
01-01 08:00:25.432 D/WifiP2pService(  628): DefaultState{ when=0 what=69632 obj=com.android.server.wifi.util.WifiAsyncChannel@52b506d target=com.android.internal.util.StateMachine$SmHandler }
01-01 08:00:25.432 D/WifiP2pService(  628): Full connection with WifiStateMachine established
01-01 08:00:25.444 D/vold    (  272): e4crypt_prepare_user_storage for volume null, user 0, serial 0, flags 2
01-01 08:00:25.444 D/vold    (  272): Preparing: /data/system_ce/0
01-01 08:00:25.444 D/vold    (  272): Preparing: /data/misc_ce/0
01-01 08:00:25.444 D/vold    (  272): Preparing: /data/vendor_ce/0
01-01 08:00:25.446 V/SettingsProvider(  628): Notifying for 0: content://settings/global/adb_enabled
01-01 08:00:25.448 D/vold    (  272): Preparing: /data/media/0
01-01 08:00:25.448 D/vold    (  272): Preparing: /data/data
01-01 08:00:25.448 V/vold    (  272): Starting restorecon of /data/system_ce/0
01-01 08:00:25.462 D/WifiP2pService(  628): InactiveState{ when=-2ms what=131203 target=com.android.internal.util.StateMachine$SmHandler }
01-01 08:00:25.462 D/WifiP2pService(  628): P2pEnabledState{ when=-2ms what=131203 target=com.android.internal.util.StateMachine$SmHandler }
01-01 08:00:25.462 D/WifiP2pService(  628): DefaultState{ when=-2ms what=131203 target=com.android.internal.util.StateMachine$SmHandler }
01-01 08:00:25.462 E/WifiP2pService(  628): Unhandled message { when=-2ms what=131203 target=com.android.internal.util.StateMachine$SmHandler }
01-01 08:00:25.524 V/vold    (  272): Finished restorecon of /data/system_ce/0
01-01 08:00:25.524 V/vold    (  272): Starting restorecon of /data/misc_ce/0
01-01 08:00:25.766 W/WindowManager(  628): App freeze timeout expired.
01-01 08:00:25.788 I/ActivityManager(  628): User 0 state changed from RUNNING_LOCKED to RUNNING_UNLOCKING
01-01 08:00:25.789 W/Looper  (  628): Slow dispatch took 345ms android.fg h=android.os.Handler c=com.android.server.am.-$$Lambda$UserController$o6oQFjGYYIfx-I94cSakTLPLt6s@3b98669 m=0
01-01 08:00:25.789 I/SystemServiceManager(  628): Calling onUnlockUser u0
01-01 08:00:25.794 W/Looper  (  628): Slow delivery took 346ms android.fg h=com.android.server.usb.UsbDebuggingManager$UsbDebuggingHandler c=null m=1
01-01 08:00:25.794 W/Looper  (  628): Drained
01-01 08:00:25.800 W/VoiceInteractionManagerService(  628): no available voice recognition services found for user 0
01-01 08:00:25.803 I/ActivityManager(  628): User 0 state changed from RUNNING_UNLOCKING to RUNNING_UNLOCKED
01-01 08:00:25.820 I/ActivityManager(  628): Sending BOOT_COMPLETE user #0
01-01 08:00:25.856 W/ActivityManager(  628): Slow operation: 52ms so far, now at startProcess: done updating battery stats
01-01 08:00:25.864 W/ActivityManager(  628): Slow operation: 61ms so far, now at startProcess: building log message
01-01 08:00:25.865 I/ActivityManager(  628): Start proc 1079:com.tal.genie.rtc/1000 for added application com.tal.genie.rtc
01-01 08:00:25.865 W/ActivityManager(  628): Slow operation: 61ms so far, now at startProcess: starting to update pids map
01-01 08:00:25.865 W/ActivityManager(  628): Slow operation: 61ms so far, now at startProcess: done updating pids map
01-01 08:00:25.874 W/ActivityManager(  628): Slow operation: 64ms so far, now at startProcess: asking zygote to start proc
01-01 08:00:25.884 I/WindowManager(  628): Focus moving from Window{953329b u0 com.android.settings/com.android.settings.FallbackHome} to null
01-01 08:00:25.885 I/ActivityManager(  628): START u0 {act=android.intent.action.MAIN cat=[android.intent.category.HOME] flg=0x10000100 cmp=com.tal.genie.launcher/.ui.start.StartActivity} from uid 0
01-01 08:00:25.909 W/ActivityManager(  628): Slow operation: 99ms so far, now at startProcess: returned from zygote!
01-01 08:00:25.961 W/ActivityManager(  628): Slow operation: 151ms so far, now at startProcess: done updating battery stats
01-01 08:00:25.962 W/ActivityManager(  628): Slow operation: 152ms so far, now at startProcess: building log message
01-01 08:00:25.962 I/ActivityManager(  628): Start proc 1084:com.tal.genie.push/1000 for added application com.tal.genie.push
01-01 08:00:25.962 W/ActivityManager(  628): Slow operation: 152ms so far, now at startProcess: starting to update pids map
01-01 08:00:25.962 W/ActivityManager(  628): Slow operation: 152ms so far, now at startProcess: done updating pids map
01-01 08:00:25.962 W/ActivityManager(  628): Slow operation: 151ms so far, now at startProcess: asking zygote to start proc
01-01 08:00:25.966 I/EntropyMixer(  628): Writing entropy...
01-01 08:00:25.970 I/SyncManager(  628): Loaded persisted syncs: 0 periodic syncs, 0 oneshot syncs, 9 total system server jobs, JobStats: FirstLoad: 2/2/0 LastSave: -1/-1/-1
01-01 08:00:25.975 E/BatteryExternalStatsWorker(  628): no controller energy info supplied for wifi
01-01 08:00:25.975 E/BatteryExternalStatsWorker(  628): no controller energy info supplied for bluetooth
01-01 08:00:25.975 E/BatteryExternalStatsWorker(  628): no controller energy info supplied for telephony
01-01 08:00:25.976 E/KernelCpuSpeedReader(  628): Failed to read cpu-freq: /sys/devices/system/cpu/cpu0/cpufreq/stats/time_in_state (No such file or directory)
01-01 08:00:25.988 W/ActivityManager(  628): Slow operation: 176ms so far, now at startProcess: returned from zygote!
01-01 08:00:25.999 W/ActivityManager(  628): Slow operation: 187ms so far, now at startProcess: done updating battery stats
01-01 08:00:25.999 W/ActivityManager(  628): Slow operation: 187ms so far, now at startProcess: building log message
01-01 08:00:25.999 I/ActivityManager(  628): Start proc 1090:com.tal.genie.voice/u0a22 for added application com.tal.genie.voice
01-01 08:00:25.999 W/ActivityManager(  628): Slow operation: 187ms so far, now at startProcess: starting to update pids map
01-01 08:00:25.999 W/ActivityManager(  628): Slow operation: 187ms so far, now at startProcess: done updating pids map
01-01 08:00:26.002 W/ActivityManager(  628): Slow operation: 185ms so far, now at startProcess: asking zygote to start proc
01-01 08:00:26.045 W/ActivityManager(  628): Slow operation: 228ms so far, now at startProcess: returned from zygote!
01-01 08:00:26.045 W/ActivityManager(  628): Slow operation: 228ms so far, now at startProcess: done updating battery stats
01-01 08:00:26.050 I/AppWidgetServiceImpl(  628): Async processing of onUserUnlocked u0 took 245 ms
01-01 08:00:26.052 W/ActivityManager(  628): Slow operation: 235ms so far, now at startProcess: building log message
01-01 08:00:26.052 I/ActivityManager(  628): Start proc 1104:com.android.se/1068 for added application com.android.se
01-01 08:00:26.052 W/ActivityManager(  628): Slow operation: 235ms so far, now at startProcess: starting to update pids map
01-01 08:00:26.052 W/ActivityManager(  628): Slow operation: 235ms so far, now at startProcess: done updating pids map
01-01 08:00:26.052 W/ActivityManager(  628): Slow operation: 217ms so far, now at startProcess: asking zygote to start proc
01-01 08:00:26.052 W/Looper  (  628): Slow dispatch took 246ms android.fg h=android.os.Handler c=com.android.server.appwidget.-$$Lambda$AppWidgetService$HIwvoPMyKqEhLVIiysgUKH8QJg8@a50d03 m=0
01-01 08:00:26.053 I/ActivityManager(  628): Loading recents for user 0 into memory.
01-01 08:00:26.059 W/Looper  (  628): Slow delivery took 250ms android.fg h=android.os.Handler c=com.android.server.am.-$$Lambda$UserController$Eh5Od1-6teHInq04bnfmHhMt3-E@38fa480 m=0
01-01 08:00:26.073 E/BackupPasswordManager(  628): Unable to read backup pw version
01-01 08:00:26.074 E/BackupPasswordManager(  628): Unable to read saved backup pw hash
01-01 08:00:26.094 W/ActivityManager(  628): Slow operation: 259ms so far, now at startProcess: returned from zygote!
01-01 08:00:26.098 W/ActivityManager(  628): Slow operation: 263ms so far, now at startProcess: done updating battery stats
01-01 08:00:26.099 W/ActivityManager(  628): Slow operation: 264ms so far, now at startProcess: building log message
01-01 08:00:26.099 I/ActivityManager(  628): Start proc 1124:android.process.media/u0a6 for broadcast com.android.providers.downloads/.DownloadReceiver
01-01 08:00:26.099 W/ActivityManager(  628): Slow operation: 265ms so far, now at startProcess: starting to update pids map
01-01 08:00:26.099 W/ActivityManager(  628): Slow operation: 265ms so far, now at startProcess: done updating pids map
01-01 08:00:26.100 W/ActivityManager(  628): Slow operation: 145ms so far, now at startProcess: asking zygote to start proc
01-01 08:00:26.101 W/Looper  (  628): Drained
01-01 08:00:26.172 W/ActivityManager(  628): Slow operation: 217ms so far, now at startProcess: returned from zygote!
01-01 08:00:26.176 W/ActivityManager(  628): Slow operation: 221ms so far, now at startProcess: done updating battery stats
01-01 08:00:26.190 I/UsbPortManager(  628): ClientCallback: dual-role-usb20
01-01 08:00:26.190 I/UsbPortManager(  628): USB port changed: port=UsbPort{id=dual-role-usb20, supportedModes=dual}, status=UsbPortStatus{connected=true, currentMode=ufp, currentPowerRole=sink, currentDataRole=device, supportedRoleCombinations=[sink:device]}, canChangeMode=false, canChangePowerRole=false, canChangeDataRole=false
01-01 08:00:26.240 W/ActivityManager(  628): Slow operation: 285ms so far, now at startProcess: building log message
01-01 08:00:26.240 I/ActivityManager(  628): Start proc 1144:com.tal.genie.launcher/1000 for activity com.tal.genie.launcher/.ui.start.StartActivity
01-01 08:00:26.240 W/ActivityManager(  628): Slow operation: 285ms so far, now at startProcess: starting to update pids map
01-01 08:00:26.240 W/ActivityManager(  628): Slow operation: 285ms so far, now at startProcess: done updating pids map
01-01 08:00:26.242 I/BackupManagerService(  628): Unlocking system user; mService=com.android.server.backup.BackupManagerService@b104429
01-01 08:00:26.244 I/BackupManagerService(  628): Backup enabled => false
01-01 08:00:26.594 W/ContextImpl( 1144): Calling a method in the system process without a qualified user: android.app.ContextImpl.bindService:1612 android.content.ContextWrapper.bindService:698 com.tal.genie.launcher.ui.voice.client.BaseServiceClient.bindService:70 com.tal.genie.launcher.ui.voice.client.BaseServiceClient.bindService:81 com.tal.genie.launcher.ui.voice.client.VoiceServiceClient.init:61 
01-01 08:00:26.797 I/ActivityManager(  628): START u0 {cmp=com.tal.genie.launcher/.ui.main.MainActivity} from uid 1000
01-01 08:00:26.809 W/ContextImpl( 1144): Calling a method in the system process without a qualified user: android.app.ContextImpl.sendBroadcast:1006 android.content.ContextWrapper.sendBroadcast:444 android.content.ContextWrapper.sendBroadcast:444 com.tal.genie.launcher.service.RemoteServiceStarter.startVoice:104 com.tal.genie.launcher.ui.start.StartActivity.onCreate:27 
01-01 08:00:26.831 W/ContextImpl( 1144): Calling a method in the system process without a qualified user: android.app.ContextImpl.sendBroadcast:1006 android.content.ContextWrapper.sendBroadcast:444 android.content.ContextWrapper.sendBroadcast:444 com.tal.genie.launcher.service.RemoteServiceStarter.startLockScreenService:75 com.tal.genie.launcher.ui.start.StartActivity.onCreate:29 
01-01 08:00:26.882 I/ActivityManager(  628): Start proc 1210:com.android.keychain/1000 for service com.android.keychain/.KeyChainService
01-01 08:00:27.017 I/BroadcastQueue(  628): Delay finish: android/com.android.server.BootReceiver
01-01 08:00:27.030 I/BootReceiver(  628): Copying audit failures to DropBox
01-01 08:00:27.032 W/BootReceiver(  628): cannot read last msg
01-01 08:00:27.032 W/BootReceiver(  628): java.io.FileNotFoundException: /proc/last_kmsg (Permission denied)
01-01 08:00:27.032 W/BootReceiver(  628): 	at java.io.FileInputStream.open0(Native Method)
01-01 08:00:27.032 W/BootReceiver(  628): 	at java.io.FileInputStream.open(FileInputStream.java:231)
01-01 08:00:27.032 W/BootReceiver(  628): 	at java.io.FileInputStream.<init>(FileInputStream.java:165)
01-01 08:00:27.032 W/BootReceiver(  628): 	at android.os.FileUtils.readTextFile(FileUtils.java:514)
01-01 08:00:27.032 W/BootReceiver(  628): 	at com.android.server.BootReceiver.logFsShutdownTime(BootReceiver.java:525)
01-01 08:00:27.032 W/BootReceiver(  628): 	at com.android.server.BootReceiver.logBootEvents(BootReceiver.java:243)
01-01 08:00:27.032 W/BootReceiver(  628): 	at com.android.server.BootReceiver.access$000(BootReceiver.java:66)
01-01 08:00:27.032 W/BootReceiver(  628): 	at com.android.server.BootReceiver$1.run(BootReceiver.java:127)
01-01 08:00:27.032 I/BootReceiver(  628): Checking for fsck errors
01-01 08:00:27.033 I/BootReceiver(  628): fs_stat, partition:cache stat:0xb
01-01 08:00:27.034 I/BootReceiver(  628): fs_stat, partition:nvdata stat:0xb
01-01 08:00:27.034 I/BootReceiver(  628): fs_stat, partition:nvcfg stat:0x4b
01-01 08:00:27.372 W/ActivityThread( 1084): ClassLoader.getResourceAsStream: The class loader returned by Thread.getContextClassLoader() may fail for processes that host multiple applications. You should explicitly specify a context class loader. For example: Thread.setContextClassLoader(getClass().getClassLoader());
01-01 08:00:27.451 W/ContextImpl( 1144): Calling a method in the system process without a qualified user: android.app.ContextImpl.sendBroadcast:1006 android.content.ContextWrapper.sendBroadcast:444 com.tal.genie.launcher.service.RemoteServiceStarter.startVideoChatService:41 com.tal.genie.launcher.service.RemoteServiceStarter.startRemoteAppService:19 com.tal.genie.launcher.ui.main.MainActivity.onCreate:108 
01-01 08:00:27.455 W/ContextImpl( 1144): Calling a method in the system process without a qualified user: android.app.ContextImpl.sendBroadcast:1006 android.content.ContextWrapper.sendBroadcast:444 com.tal.genie.launcher.service.RemoteServiceStarter.startPushService:58 com.tal.genie.launcher.service.RemoteServiceStarter.startRemoteAppService:21 com.tal.genie.launcher.ui.main.MainActivity.onCreate:108 
01-01 08:00:27.466 W/ContextImpl( 1144): Calling a method in the system process without a qualified user: android.app.ContextImpl.sendBroadcast:1006 android.content.ContextWrapper.sendBroadcast:444 com.tal.genie.launcher.service.RemoteServiceStarter.startLockScreenService:75 com.tal.genie.launcher.service.RemoteServiceStarter.startRemoteAppService:23 com.tal.genie.launcher.ui.main.MainActivity.onCreate:108 
01-01 08:00:27.473 W/ContextImpl( 1144): Calling a method in the system process without a qualified user: android.app.ContextImpl.sendBroadcast:1006 android.content.ContextWrapper.sendBroadcast:444 com.tal.genie.launcher.service.RemoteServiceStarter.startDicBookService:91 com.tal.genie.launcher.service.RemoteServiceStarter.startRemoteAppService:25 com.tal.genie.launcher.ui.main.MainActivity.onCreate:108 
01-01 08:00:27.571 W/ActivityThread( 1144): ClassLoader.getResourceAsStream: The class loader returned by Thread.getContextClassLoader() may fail for processes that host multiple applications. You should explicitly specify a context class loader. For example: Thread.setContextClassLoader(getClass().getClassLoader());
01-01 08:00:27.580 I/ActivityManager(  628): START u0 {flg=0x10000000 cmp=com.android.systemui/.usb.UsbDebuggingActivity (has extras)} from uid 1000
01-01 08:00:27.637 W/ContextImpl( 1144): Calling a method in the system process without a qualified user: android.app.ContextImpl.sendBroadcast:1006 android.content.ContextWrapper.sendBroadcast:444 com.tal.genie.push_receiver.PushSenderBindManager.sendPushBindBroadcastStatic:31 com.tal.genie.push_receiver.PushSenderManager.sendPushBindBroadcastStatic:18 com.tal.genie.launcher.ui.main.MainActivity.onPostCreate:207 
01-01 08:00:27.749 W/ContextImpl( 1084): Calling a method in the system process without a qualified user: android.app.ContextImpl.startService:1532 android.content.ContextWrapper.startService:664 com.tal.genie.app_keepalive.KeepAliveApplication.startService:49 com.tal.genie.app_keepalive.KeepAliveApplication.startKeepAliveService:36 com.tal.genie.app_keepalive.KeepAliveApplication.start:24 
01-01 08:00:27.810 W/ContextImpl( 1084): Calling a method in the system process without a qualified user: android.app.ContextImpl.sendBroadcast:1006 android.content.ContextWrapper.sendBroadcast:444 com.tal.genie.push.ota.OTAHelper.sendCheckUpgrade:117 com.tal.genie.push.ota.OTAHelper.checkDeviceVersion:23 com.tal.genie.push.MainApplication.onCreate:46 
01-01 08:00:27.886 I/WindowManager(  628): Relayout Window{5f6449 u0 com.android.systemui/com.android.systemui.usb.UsbDebuggingActivity}: oldVis=4 newVis=0 focusMayChange = true
01-01 08:00:27.887 I/WindowManager(  628): ******* TELLING SURFACE FLINGER WE ARE BOOTED!
01-01 08:00:27.900 I/WindowManager(  628): Focus moving from null to Window{5f6449 u0 com.android.systemui/com.android.systemui.usb.UsbDebuggingActivity}
01-01 08:00:28.039 W/ContextImpl( 1079): Calling a method in the system process without a qualified user: android.app.ContextImpl.startService:1532 android.content.ContextWrapper.startService:664 com.netease.nimlib.service.NimService.a:145 com.netease.nimlib.ipc.b.d:75 com.netease.nimlib.ipc.b.<init>:67 
01-01 08:00:28.050 W/wificond(  467): Scan is not started. Ignore abort request
01-01 08:00:28.061 W/ActivityThread( 1079): ClassLoader.getResourceAsStream: The class loader returned by Thread.getContextClassLoader() may fail for processes that host multiple applications. You should explicitly specify a context class loader. For example: Thread.setContextClassLoader(getClass().getClassLoader());
01-01 08:00:28.070 W/ContextImpl( 1079): Calling a method in the system process without a qualified user: android.app.ContextImpl.startService:1532 android.content.ContextWrapper.startService:664 com.netease.nimlib.ipc.c.c:180 com.netease.nimlib.ipc.c.b:146 com.netease.nimlib.ipc.c.b:79 
01-01 08:00:28.111 I/WindowManager(  628): Relayout Window{62112d9 u0 com.tal.genie.launcher/com.tal.genie.launcher.ui.main.MainActivity}: oldVis=4 newVis=0 focusMayChange = true
01-01 08:00:28.160 W/ContextImpl( 1079): Calling a method in the system process without a qualified user: android.app.ContextImpl.bindService:1612 android.content.ContextWrapper.bindService:698 com.netease.nimlib.ipc.c.c:183 com.netease.nimlib.ipc.c.b:146 com.netease.nimlib.ipc.c.b:79 
01-01 08:00:28.178 W/ActivityManager(  628): Slow operation: 114ms so far, now at startProcess: returned from zygote!
01-01 08:00:28.193 W/ActivityManager(  628): Slow operation: 129ms so far, now at startProcess: done updating battery stats
01-01 08:00:28.194 W/ActivityManager(  628): Slow operation: 130ms so far, now at startProcess: building log message
01-01 08:00:28.194 I/ActivityManager(  628): Start proc 1301:com.tal.genie.rtc:core/1000 for service com.tal.genie.rtc/com.netease.nimlib.service.NimService
01-01 08:00:28.194 W/ActivityManager(  628): Slow operation: 130ms so far, now at startProcess: starting to update pids map
01-01 08:00:28.194 W/ActivityManager(  628): Slow operation: 130ms so far, now at startProcess: done updating pids map
01-01 08:00:28.197 W/ContextImpl( 1079): Calling a method in the system process without a qualified user: android.app.ContextImpl.startService:1532 android.content.ContextWrapper.startService:664 com.netease.nimlib.ipc.c.c:180 com.netease.nimlib.ipc.c.b:146 com.netease.nimlib.ipc.c.b:79 
01-01 08:00:28.234 W/ContextImpl( 1079): Calling a method in the system process without a qualified user: android.app.ContextImpl.bindService:1612 android.content.ContextWrapper.bindService:698 com.netease.nimlib.ipc.c.c:183 com.netease.nimlib.ipc.c.b:146 com.netease.nimlib.ipc.c.b:79 
01-01 08:00:28.429 I/MTKWifiDisplayController(  628): Received NETWORK_STATE_CHANGED,con:false,SSID:null,Freq:0,netId:-1, updated:false
01-01 08:00:28.534 I/chatty  (  628): uid=1000(system) android.display identical 3 lines
01-01 08:00:28.546 I/MTKWifiDisplayController(  628): Received NETWORK_STATE_CHANGED,con:false,SSID:null,Freq:0,netId:-1, updated:false
01-01 08:00:28.675 W/ContextImpl( 1084): Calling a method in the system process without a qualified user: android.app.ContextImpl.bindService:1612 android.content.ContextWrapper.bindService:698 com.tal.genie.app_keepalive.KeepAliveService.setForeground:95 com.tal.genie.app_keepalive.KeepAliveService.onStartCommand:57 android.app.ActivityThread.handleServiceArgs:3698 
01-01 08:00:28.787 E/NotificationService(  628): Muting recently noisy 0|com.tal.genie.push|1084|null|1000
01-01 08:00:28.980 I/MTKWifiDisplayController(  628): Received NETWORK_STATE_CHANGED,con:false,SSID:null,Freq:0,netId:-1, updated:false
01-01 08:00:28.989 I/MTKWifiDisplayController(  628): Received NETWORK_STATE_CHANGED,con:true,SSID:"HUAWEI Mate 30 5G",Freq:2437,netId:0, updated:true
01-01 08:00:28.992 W/ContextImpl(  628): Calling a method in the system process without a qualified user: android.app.ContextImpl.sendBroadcastAsUserMultiplePermissions:1054 com.android.server.wifi.WifiConfigManager.sendConfiguredNetworkChangedBroadcast:660 com.android.server.wifi.WifiConfigManager.setNetworkStatus:1338 com.android.server.wifi.WifiConfigManager.updateNetworkAfterConnect:1619 com.android.server.wifi.WifiStateMachine.registerConnected:3832 
01-01 08:00:28.993 I/MTKWifiDisplayController(  628): Received NETWORK_STATE_CHANGED,con:true,SSID:"HUAWEI Mate 30 5G",Freq:2437,netId:0, updated:false
01-01 08:00:28.998 W/NetworkStatsRecorder(  628): unknown interfaces [wlan0, lo], ignoring those stats
01-01 08:00:28.999 I/chatty  (  628): uid=1000(system) ConnectivitySer identical 2 lines
01-01 08:00:28.999 W/NetworkStatsRecorder(  628): unknown interfaces [wlan0, lo], ignoring those stats
01-01 08:00:29.018 W/DnsManager(  628): updatePrivateDns(100, PrivateDnsConfig{true:/[]})
01-01 08:00:29.028 E/BatteryExternalStatsWorker(  628): no controller energy info supplied for wifi
01-01 08:00:29.091 W/NetworkStatsRecorder(  628): unknown interfaces [wlan0, lo], ignoring those stats
01-01 08:00:29.092 I/chatty  (  628): uid=1000(system) ConnectivitySer identical 2 lines
01-01 08:00:29.092 W/NetworkStatsRecorder(  628): unknown interfaces [wlan0, lo], ignoring those stats
01-01 08:00:29.113 I/NetworkStats(  628): NetworkIdentity: {type=WIFI, subType=COMBINED, networkId="HUAWEI Mate 30 5G", metered=true, defaultNetwork=false}
01-01 08:00:29.123 W/NetworkStatsRecorder(  628): unknown interfaces [lo], ignoring those stats
01-01 08:00:29.123 I/chatty  (  628): uid=1000(system) ConnectivitySer identical 2 lines
01-01 08:00:29.123 W/NetworkStatsRecorder(  628): unknown interfaces [lo], ignoring those stats
01-01 08:00:29.126 I/NetworkStats(  628): NetworkIdentity: {type=WIFI, subType=COMBINED, networkId="HUAWEI Mate 30 5G", metered=true, defaultNetwork=false}
01-01 08:00:29.191 I/NetworkStatsRecorder(  628): recordSnapshotLocked: ident[[{type=WIFI, subType=COMBINED, networkId="HUAWEI Mate 30 5G", metered=true, defaultNetwork=false}]]
01-01 08:00:29.192 W/NetworkStatsRecorder(  628): unknown interfaces [lo], ignoring those stats
01-01 08:00:29.192 I/NetworkStatsRecorder(  628): recordSnapshotLocked: ident[[{type=WIFI, subType=COMBINED, networkId="HUAWEI Mate 30 5G", metered=true, defaultNetwork=false}]]
01-01 08:00:29.192 W/NetworkStatsRecorder(  628): unknown interfaces [lo], ignoring those stats
01-01 08:00:29.192 I/NetworkStatsRecorder(  628): recordSnapshotLocked: ident[[{type=WIFI, subType=COMBINED, networkId="HUAWEI Mate 30 5G", metered=true, defaultNetwork=false}]]
01-01 08:00:29.192 W/NetworkStatsRecorder(  628): unknown interfaces [lo], ignoring those stats
01-01 08:00:29.192 W/NetworkStatsRecorder(  628): unknown interfaces [lo], ignoring those stats
01-01 08:00:29.201 I/NetworkStats(  628): NetworkIdentity: {type=WIFI, subType=COMBINED, networkId="HUAWEI Mate 30 5G", metered=true, defaultNetwork=true}
01-01 08:00:29.303 W/ContextImpl( 1079): Calling a method in the system process without a qualified user: android.app.ContextImpl.startForegroundService:1538 android.content.ContextWrapper.startForegroundService:669 com.tal.genie.rtc.RTCService$Companion.start:20 com.tal.genie.rtc.RtcApplication.onCreate:73 android.app.Instrumentation.callApplicationOnCreate:1154 
10-16 10:57:49.588 I/JobScheduler(  628): RTC now valid; recalculating persisted job windows
10-16 10:57:49.592 W/SyncManager(  628): Clock is valid now.
10-16 10:57:49.594 W/ContextImpl(  628): Calling a method in the system process without a qualified user: android.app.ContextImpl.sendBroadcastAsUserMultiplePermissions:1054 com.android.server.wifi.WifiConfigManager.sendConfiguredNetworkChangedBroadcast:660 com.android.server.wifi.WifiConfigManager.setNetworkStatus:1338 com.android.server.wifi.WifiConfigManager.setNetworkSelectionStatus:1361 com.android.server.wifi.WifiConfigManager.updateNetworkSelectionStatus:1403 
10-16 10:57:49.595 E/JobScheduler(  628): Not yet prepared when started tracking: JobStatus{8bebcad #1000/2131427336 com.android.settings/.fuelgauge.batterytip.AnomalyConfigJobService u=0 s=1000 TIME=-4ms:-4ms CHARGING IDLE PERIODIC PERSISTED WAIT:DEV_NOT_DOZING}
10-16 10:57:49.597 E/ActivityThread(  628): Failed to find provider info for telephony
10-16 10:57:49.601 E/ActivityThread(  628): Failed to find provider info for com.android.calendar
10-16 10:57:49.618 E/ActivityThread(  628): Failed to find provider info for com.android.calendar
10-16 10:57:49.645 E/JobScheduler(  628): Not yet prepared when started tracking: JobStatus{867d465 #1000/2131427335 com.android.settings/.fuelgauge.batterytip.AnomalyCleanupJobService u=0 s=1000 TIME=-54ms:-54ms CHARGING IDLE PERIODIC PERSISTED WAIT:DEV_NOT_DOZING}
10-16 10:57:49.714 W/BroadcastQueue(  628): Permission Denial: broadcasting Intent { act=android.net.conn.CONNECTIVITY_CHANGE flg=0x4200010 (has extras) } from null (pid=-1, uid=-1) requires com.tencent.bugly.BuglyBroadcastReceiver.permission due to registered receiver BroadcastFilter{6743763 u0 ReceiverList{7b46192 1301 com.tal.genie.rtc:core/1000/u0 remote:ab52b1d}}
10-16 10:57:49.805 I/TransportClient(  628): LocalTransportService#0: Notifying [TransportManager.registerTransport()] transport = IBackupTransport
10-16 10:57:49.851 W/Looper  (  628): Slow dispatch took 161ms main h=android.app.ActivityThread$H c=android.app.LoadedApk$ServiceDispatcher$RunConnection@57e5c19 m=0
10-16 10:57:49.881 I/BackupManagerService(  628): Found stale backup journal, scheduling
10-16 10:57:49.881 I/chatty  (  628): uid=1000(system) backup identical 2 lines
10-16 10:57:49.881 I/BackupManagerService(  628): Found stale backup journal, scheduling
10-16 10:57:50.120 I/UsageStatsService(  628): Time changed in UsageStats by 372049040 seconds
10-16 10:57:50.120 I/UsageStatsService(  628): User[0] Flushing usage stats to disk
10-16 10:57:50.425 I/UsageStatsDatabase(  628): Time changed by +4306d2h57m20s273ms. files deleted: 0 files moved: 4
10-16 10:57:50.527 I/UsageStatsService(  628): User[0] Rollover scheduled @ 2021-10-17 10:57:41(1634439461523)
10-16 10:57:50.728 W/ContextImpl( 1144): Calling a method in the system process without a qualified user: android.app.ContextImpl.sendBroadcast:1006 android.content.ContextWrapper.sendBroadcast:444 com.tal.genie.push_receiver.PushSenderNetManager.sendWifiDisconnectedCloseBroadcast:60 com.tal.genie.launcher.service.NetChangeListener.closeNetDisConnectPrompt:69 com.tal.genie.launcher.service.NetChangeListener.onWifiConnected:65 
10-16 10:57:50.833 I/BroadcastQueue(  628): Resuming delayed broadcast
10-16 10:57:51.521 W/ContextImpl( 1144): Calling a method in the system process without a qualified user: android.app.ContextImpl.sendBroadcast:1006 android.content.ContextWrapper.sendBroadcast:444 com.tal.genie.launcher.service.TimeTickListener.sendOTASilentBroadcast:52 com.tal.genie.launcher.service.TimeTickListener.onTimeTickReceived:31 com.tal.genie.base_receiver.time.TimeTickReceiver.parseTime:79 
10-16 10:57:51.544 W/ContextImpl( 1144): Calling a method in the system process without a qualified user: android.app.ContextImpl.sendBroadcast:1006 android.content.ContextWrapper.sendBroadcast:444 com.tal.genie.service_controldata.EyesProtectorManager.sendEyesProtectorBroadcast:186 com.tal.genie.service_controldata.EyesProtectorManager.eyesProtectDetector:63 com.tal.genie.launcher.service.TimeTickListener.onTimeTickReceived:34 
10-16 10:57:52.504 I/WindowManager(  628): Focus moving from Window{5f6449 u0 com.android.systemui/com.android.systemui.usb.UsbDebuggingActivity} to Window{62112d9 u0 com.tal.genie.launcher/com.tal.genie.launcher.ui.main.MainActivity}
10-16 10:57:53.284 W/ActivityManager(  628): Unable to start service Intent { cmp=com.mediatek.location.lppe.main/.LPPeServiceWrapper } U=0: not found
10-16 10:57:53.285 W/ActivityManager(  628): Unable to start service Intent { cmp=com.mediatek.nlpservice/.NlpService } U=0: not found
10-16 10:57:53.334 I/ActivityManager(  628): Start proc 1527:com.mediatek.mtklogger/u0a28 for broadcast com.mediatek.mtklogger/.framework.LogReceiver
10-16 10:57:53.499 I/ActivityManager(  628): Start proc 1546:com.android.gallery3d/u0a27 for broadcast com.android.gallery3d/com.mediatek.gallery3d.adapter.FeatureServiceStart
10-16 10:57:53.732 I/ActivityManager(  628): Start proc 1565:com.android.managedprovisioning/u0a9 for broadcast com.android.managedprovisioning/.preprovisioning.BootReminder
10-16 10:57:53.907 I/ActivityManager(  628): Start proc 1581:com.android.packageinstaller/u0a13 for broadcast com.android.packageinstaller/.TemporaryFileManager
10-16 10:57:54.049 I/sn      (  484): Retry 2
10-16 10:57:54.049 I/sn      (  484): Fail to access err=2
10-16 10:57:54.049 I/chatty  (  484): uid=1000(system) identical 1 line
10-16 10:57:54.049 I/sn      (  484): Fail to access err=2
10-16 10:57:54.049 I/sn      (  484): Check all possible paths
10-16 10:57:54.239 I/BroadcastQueue(  628): Delay finish: com.android.providers.media/.MediaScannerReceiver
10-16 10:57:54.505 I/BroadcastQueue(  628): Resuming delayed broadcast
10-16 10:57:54.540 I/ActivityManager(  628): Start proc 1603:com.android.traceur/u0a31 for broadcast com.android.traceur/.Receiver
10-16 10:57:54.690 I/ActivityManager(  628): Start proc 1622:com.mediatek.camera/u0a41 for broadcast com.mediatek.camera/.DisableCameraReceiver
10-16 10:57:54.809 I/ActivityManager(  628): Start proc 1638:com.mediatek.duraspeed/1000 for broadcast com.mediatek.duraspeed/.DuraSpeedAppReceiver
10-16 10:57:54.977 I/ActivityManager(  628): Start proc 1654:com.mediatek.engineermode/1001 for broadcast com.mediatek.engineermode/.boot.EmBootupReceiver
10-16 10:57:55.001 I/ActivityManager(  628): Process com.mediatek.duraspeed (pid 1638) has died: cch  CEM 
10-16 10:57:55.137 I/ActivityManager(  628): Start proc 1676:com.mediatek.thermalmanager/1000 for broadcast com.mediatek.thermalmanager/.ServiceStarter
10-16 10:57:55.222 I/ActivityManager(  628): Start proc 1690:com.tal.genie.setting/1000 for broadcast com.tal.genie.setting/.receiver.CustomReceiver
10-16 10:57:55.582 I/ActivityManager(  628): Process com.mediatek.mtklogger (pid 1527) has died: cch+4CEM 
10-16 10:57:55.590 I/ActivityManager(  628): Finished processing BOOT_COMPLETED for u0
10-16 10:57:55.628 I/ActivityManager(  628): Start proc 1708:com.tal.genie.lockscreen/u0a25 for broadcast com.tal.genie.lockscreen/.receiver.LockScreenReceiver
10-16 10:57:55.924 W/BroadcastQueue(  628): Permission Denial: broadcasting Intent { act=android.net.conn.CONNECTIVITY_CHANGE flg=0x4200010 (has extras) } from null (pid=-1, uid=-1) requires com.tencent.bugly.BuglyBroadcastReceiver.permission due to registered receiver BroadcastFilter{2d9b057 u0 ReceiverList{21915d6 1690 com.tal.genie.setting/1000/u0 remote:30eb5f1}}
10-16 10:57:56.092 W/ActivityThread( 1690): ClassLoader.getResourceAsStream: The class loader returned by Thread.getContextClassLoader() may fail for processes that host multiple applications. You should explicitly specify a context class loader. For example: Thread.setContextClassLoader(getClass().getClassLoader());
10-16 10:57:57.781 W/ContextImpl( 1084): Calling a method in the system process without a qualified user: android.app.ContextImpl.sendBroadcast:1006 android.content.ContextWrapper.sendBroadcast:444 com.tal100.chatsdk.TMPushListener.onReceivedRegisterId:41 com.tal100.chatsdk.TMPushManager.onRecvRegisterId:156 <bottom of call stack> 
10-16 10:58:00.026 W/ContextImpl( 1144): Calling a method in the system process without a qualified user: android.app.ContextImpl.sendBroadcast:1006 android.content.ContextWrapper.sendBroadcast:444 com.tal.genie.launcher.service.TimeTickListener.sendOTASilentBroadcast:52 com.tal.genie.launcher.service.TimeTickListener.onTimeTickReceived:31 com.tal.genie.base_receiver.time.TimeTickManager.onTimeTickReceived:80 
10-16 10:58:00.045 W/ContextImpl( 1144): Calling a method in the system process without a qualified user: android.app.ContextImpl.sendBroadcast:1006 android.content.ContextWrapper.sendBroadcast:444 com.tal.genie.service_controldata.EyesProtectorManager.sendEyesProtectorBroadcast:186 com.tal.genie.service_controldata.EyesProtectorManager.eyesProtectDetector:63 com.tal.genie.launcher.service.TimeTickListener.onTimeTickReceived:34 
10-16 10:58:04.050 I/sn      (  484): Retry 3
10-16 10:58:04.050 I/sn      (  484): Fail to access err=2
10-16 10:58:04.050 I/chatty  (  484): uid=1000(system) identical 1 line
10-16 10:58:04.050 I/sn      (  484): Fail to access err=2
10-16 10:58:04.050 I/sn      (  484): Check all possible paths
10-16 10:58:11.961 I/ActivityManager(  628): Start proc 1809:android.ext.services/u0a15 for service android.ext.services/.storage.CacheQuotaServiceImpl
10-16 10:58:14.051 I/sn      (  484): Retry 4
10-16 10:58:14.051 I/sn      (  484): Fail to access err=2
10-16 10:58:14.051 I/chatty  (  484): uid=1000(system) identical 1 line
10-16 10:58:14.051 I/sn      (  484): Fail to access err=2
10-16 10:58:14.051 I/sn      (  484): Check all possible paths
10-16 10:58:24.052 I/sn      (  484): Retry 5
10-16 10:58:24.052 I/sn      (  484): Fail to access err=2
10-16 10:58:24.052 I/chatty  (  484): uid=1000(system) identical 1 line
10-16 10:58:24.052 I/sn      (  484): Fail to access err=2
10-16 10:58:24.052 I/sn      (  484): Check all possible paths
10-16 10:58:34.052 I/sn      (  484): Retry 6
10-16 10:58:34.053 I/sn      (  484): Fail to access err=2
10-16 10:58:34.053 I/chatty  (  484): uid=1000(system) identical 1 line
10-16 10:58:34.053 I/sn      (  484): Fail to access err=2
10-16 10:58:34.053 I/sn      (  484): Check all possible paths
10-16 10:58:41.527 E/storaged(  466): getDiskStats failed with result NOT_SUPPORTED and size 0
10-16 10:58:44.053 I/sn      (  484): Retry 7
10-16 10:58:44.053 I/sn      (  484): Fail to access err=2
10-16 10:58:44.053 I/chatty  (  484): uid=1000(system) identical 1 line
10-16 10:58:44.053 I/sn      (  484): Fail to access err=2
10-16 10:58:44.053 I/sn      (  484): Check all possible paths
10-16 10:58:45.741 E/AppIdleHistory(  628): Unable to read app idle file for user 0
10-16 10:58:52.563 I/ActivityManager(  628): START u0 {flg=0x10800000 cmp=com.tal.genie.lockscreen/.activity.LockScreenActivity} from uid 10025
10-16 10:58:52.603 I/WindowManager(  628): Focus moving from Window{62112d9 u0 com.tal.genie.launcher/com.tal.genie.launcher.ui.main.MainActivity} to null
10-16 10:58:52.603 W/ActivityManager(  628): Request to remove task ignored for non-existent task 13
10-16 10:58:52.949 I/WindowManager(  628): Relayout Window{6792e9b u0 com.tal.genie.lockscreen/com.tal.genie.lockscreen.activity.LockScreenActivity}: oldVis=4 newVis=0 focusMayChange = true
10-16 10:58:52.953 I/WindowManager(  628): Focus moving from null to Window{6792e9b u0 com.tal.genie.lockscreen/com.tal.genie.lockscreen.activity.LockScreenActivity}
10-16 10:58:54.054 I/sn      (  484): Retry 8
10-16 10:58:54.054 I/sn      (  484): Fail to access err=2
10-16 10:58:54.054 I/chatty  (  484): uid=1000(system) identical 1 line
10-16 10:58:54.054 I/sn      (  484): Fail to access err=2
10-16 10:58:54.054 I/sn      (  484): Check all possible paths
10-16 10:59:00.025 W/ContextImpl( 1144): Calling a method in the system process without a qualified user: android.app.ContextImpl.sendBroadcast:1006 android.content.ContextWrapper.sendBroadcast:444 com.tal.genie.launcher.service.TimeTickListener.sendOTASilentBroadcast:52 com.tal.genie.launcher.service.TimeTickListener.onTimeTickReceived:31 com.tal.genie.base_receiver.time.TimeTickManager.onTimeTickReceived:80 
10-16 10:59:00.041 W/ContextImpl( 1144): Calling a method in the system process without a qualified user: android.app.ContextImpl.sendBroadcast:1006 android.content.ContextWrapper.sendBroadcast:444 com.tal.genie.service_controldata.EyesProtectorManager.sendEyesProtectorBroadcast:186 com.tal.genie.service_controldata.EyesProtectorManager.eyesProtectDetector:63 com.tal.genie.launcher.service.TimeTickListener.onTimeTickReceived:34 
10-16 10:59:04.054 I/sn      (  484): Retry 9
10-16 10:59:04.054 I/sn      (  484): Fail to access err=2
10-16 10:59:04.054 I/chatty  (  484): uid=1000(system) identical 1 line
