12-20 14:09:46.000 V/AlarmManager(  646): set(PendingIntent{8653a86: PendingIntentRecord{492ef47 com.tal.genie.push broadcastIntent}}) : type=2 triggerAtTime=241738313 win=0 tElapsed=241738313 maxElapsed=241738313 interval=0 flags=0x9
12-20 14:09:54.014 V/AlarmManager(  646): set(PendingIntent{fd3145e: PendingIntentRecord{bc8803f com.tal.genie.push broadcastIntent}}) : type=2 triggerAtTime=241758314 win=0 tElapsed=241758314 maxElapsed=241758314 interval=0 flags=0x9
12-20 14:09:54.020 V/AlarmManager(  646): set(PendingIntent{b2bfd0c: PendingIntentRecord{c1c9655 com.tal.genie.push broadcastIntent}}) : type=2 triggerAtTime=241746333 win=0 tElapsed=241746333 maxElapsed=241746333 interval=0 flags=0x9
12-20 14:10:00.002 V/AlarmManager(  646): set(PendingIntent{336aa5c: PendingIntentRecord{556c165 android broadcastIntent}}) : type=3 triggerAtTime=241804314 win=0 tElapsed=241804314 maxElapsed=241804314 interval=0 flags=0x1
12-20 14:10:02.035 V/AlarmManager(  646): set(PendingIntent{39f4ac2: PendingIntentRecord{7a620d3 com.tal.genie.push broadcastIntent}}) : type=2 triggerAtTime=241766333 win=0 tElapsed=241766333 maxElapsed=241766333 interval=0 flags=0x9
12-20 14:10:02.038 V/AlarmManager(  646): set(PendingIntent{5ee7410: PendingIntentRecord{2447b09 com.tal.genie.push broadcastIntent}}) : type=2 triggerAtTime=241754351 win=0 tElapsed=241754351 maxElapsed=241754351 interval=0 flags=0x9
12-20 14:10:10.055 V/AlarmManager(  646): set(null) : type=2 triggerAtTime=241914353 win=120000 tElapsed=241914353 maxElapsed=242034353 interval=0 flags=0x8
12-20 14:10:10.056 V/AlarmManager(  646): set(null) : type=2 triggerAtTime=241769370 win=11250 tElapsed=241769370 maxElapsed=241780620 interval=0 flags=0x8
12-20 14:10:10.056 V/AlarmManager(  646): set(PendingIntent{ce38241: PendingIntentRecord{dd473e6 com.tal.genie.push broadcastIntent}}) : type=2 triggerAtTime=241774351 win=0 tElapsed=241774351 maxElapsed=241774351 interval=0 flags=0x9
12-20 14:10:10.064 V/AlarmManager(  646): set(PendingIntent{8a99d27: PendingIntentRecord{143fbd4 com.tal.genie.push broadcastIntent}}) : type=2 triggerAtTime=241762373 win=0 tElapsed=241762373 maxElapsed=241762373 interval=0 flags=0x9
12-20 14:10:18.076 V/AlarmManager(  646): set(PendingIntent{e8b0a1f: PendingIntentRecord{142f16c com.tal.genie.push broadcastIntent}}) : type=2 triggerAtTime=241782374 win=0 tElapsed=241782374 maxElapsed=241782374 interval=0 flags=0x9
12-20 14:10:18.078 V/AlarmManager(  646): set(PendingIntent{497e335: PendingIntentRecord{be413ca com.tal.genie.push broadcastIntent}}) : type=2 triggerAtTime=241770391 win=0 tElapsed=241770391 maxElapsed=241770391 interval=0 flags=0x9
12-20 14:10:26.091 V/AlarmManager(  646): set(PendingIntent{35e43ed: PendingIntentRecord{e235222 com.tal.genie.push broadcastIntent}}) : type=2 triggerAtTime=241790392 win=0 tElapsed=241790392 maxElapsed=241790392 interval=0 flags=0x9
12-20 14:10:26.095 V/AlarmManager(  646): set(PendingIntent{5c84b3: PendingIntentRecord{d453a70 com.tal.genie.push broadcastIntent}}) : type=2 triggerAtTime=241778407 win=0 tElapsed=241778407 maxElapsed=241778407 interval=0 flags=0x9
12-20 14:10:27.093 E/storaged(  453): getDiskStats failed with result NOT_SUPPORTED and size 0
12-20 14:10:33.495 V/AlarmManager(  646): set(null) : type=2 triggerAtTime=241827235 win=37069 tElapsed=241827235 maxElapsed=241864304 interval=0 flags=0x0
12-20 14:10:33.497 V/AlarmManager(  646): set(null) : type=2 triggerAtTime=242127235 win=262068 tElapsed=242127235 maxElapsed=242389303 interval=0 flags=0x0
12-20 14:10:34.112 V/AlarmManager(  646): set(PendingIntent{70a4fd: PendingIntentRecord{ae985f2 com.tal.genie.push broadcastIntent}}) : type=2 triggerAtTime=241798409 win=0 tElapsed=241798409 maxElapsed=241798409 interval=0 flags=0x9
12-20 14:10:34.121 V/AlarmManager(  646): set(PendingIntent{769f443: PendingIntentRecord{f5b9ac0 com.tal.genie.push broadcastIntent}}) : type=2 triggerAtTime=241786433 win=0 tElapsed=241786433 maxElapsed=241786433 interval=0 flags=0x9
12-20 14:10:42.140 V/AlarmManager(  646): set(PendingIntent{863a8bb: PendingIntentRecord{b7a01d8 com.tal.genie.push broadcastIntent}}) : type=2 triggerAtTime=241806434 win=0 tElapsed=241806434 maxElapsed=241806434 interval=0 flags=0x9
12-20 14:10:42.144 V/AlarmManager(  646): set(PendingIntent{492c931: PendingIntentRecord{8b2c816 com.tal.genie.push broadcastIntent}}) : type=2 triggerAtTime=241794457 win=0 tElapsed=241794457 maxElapsed=241794457 interval=0 flags=0x9
12-20 14:10:50.159 V/AlarmManager(  646): set(PendingIntent{f986d69: PendingIntentRecord{d72c3ee com.tal.genie.push broadcastIntent}}) : type=2 triggerAtTime=241814458 win=0 tElapsed=241814458 maxElapsed=241814458 interval=0 flags=0x9
12-20 14:10:50.163 V/AlarmManager(  646): set(PendingIntent{9a4208f: PendingIntentRecord{a679f1c com.tal.genie.push broadcastIntent}}) : type=2 triggerAtTime=241802476 win=0 tElapsed=241802476 maxElapsed=241802476 interval=0 flags=0x9
12-20 14:10:58.173 V/AlarmManager(  646): set(PendingIntent{159287: PendingIntentRecord{73eb5b4 com.tal.genie.push broadcastIntent}}) : type=2 triggerAtTime=241822476 win=0 tElapsed=241822476 maxElapsed=241822476 interval=0 flags=0x9
12-20 14:10:58.177 V/AlarmManager(  646): set(PendingIntent{e4865dd: PendingIntentRecord{9cae552 com.tal.genie.push broadcastIntent}}) : type=2 triggerAtTime=241810489 win=0 tElapsed=241810489 maxElapsed=241810489 interval=0 flags=0x9
12-20 14:11:00.001 V/AlarmManager(  646): set(PendingIntent{336aa5c: PendingIntentRecord{556c165 android broadcastIntent}}) : type=3 triggerAtTime=241864314 win=0 tElapsed=241864314 maxElapsed=241864314 interval=0 flags=0x1
12-20 14:11:06.210 V/AlarmManager(  646): set(PendingIntent{22c209b: PendingIntentRecord{19b4c38 com.tal.genie.push broadcastIntent}}) : type=2 triggerAtTime=241830493 win=0 tElapsed=241830493 maxElapsed=241830493 interval=0 flags=0x9
12-20 14:11:06.216 V/AlarmManager(  646): set(PendingIntent{ba8b411: PendingIntentRecord{3d80976 com.tal.genie.push broadcastIntent}}) : type=2 triggerAtTime=241818528 win=0 tElapsed=241818528 maxElapsed=241818528 interval=0 flags=0x9
12-20 14:11:14.237 V/AlarmManager(  646): set(PendingIntent{464d449: PendingIntentRecord{112d14e com.tal.genie.push broadcastIntent}}) : type=2 triggerAtTime=241838529 win=0 tElapsed=241838529 maxElapsed=241838529 interval=0 flags=0x9
12-20 14:11:14.240 V/AlarmManager(  646): set(PendingIntent{11d126f: PendingIntentRecord{5d8db7c com.tal.genie.push broadcastIntent}}) : type=2 triggerAtTime=241826553 win=0 tElapsed=241826553 maxElapsed=241826553 interval=0 flags=0x9
12-20 14:11:22.259 V/AlarmManager(  646): set(PendingIntent{fbee067: PendingIntentRecord{34f1e14 com.tal.genie.push broadcastIntent}}) : type=2 triggerAtTime=241846554 win=0 tElapsed=241846554 maxElapsed=241846554 interval=0 flags=0x9
12-20 14:11:22.264 V/AlarmManager(  646): set(PendingIntent{b5216bd: PendingIntentRecord{80f74b2 com.tal.genie.push broadcastIntent}}) : type=2 triggerAtTime=241834577 win=0 tElapsed=241834577 maxElapsed=241834577 interval=0 flags=0x9
12-20 14:11:22.923 V/AlarmManager(  646): set(null) : type=2 triggerAtTime=241827242 win=0 tElapsed=241832237 maxElapsed=241832237 interval=0 flags=0x0
12-20 14:11:22.960 V/AlarmManager(  646): set(null) : type=2 triggerAtTime=259214759 win=13040613 tElapsed=259214759 maxElapsed=272255372 interval=0 flags=0x0
12-20 14:11:22.963 V/AlarmManager(  646): set(null) : type=2 triggerAtTime=242127242 win=224973 tElapsed=242127242 maxElapsed=242352215 interval=0 flags=0x0
12-20 14:11:22.964 V/AlarmManager(  646): set(null) : type=2 triggerAtTime=242727235 win=674967 tElapsed=242727235 maxElapsed=243402202 interval=0 flags=0x0
12-20 14:11:22.987 V/AlarmManager(  646): set(null) : type=2 triggerAtTime=242727235 win=674950 tElapsed=242727235 maxElapsed=243402185 interval=0 flags=0x0
12-20 14:11:22.988 V/AlarmManager(  646): set(null) : type=2 triggerAtTime=243027235 win=899949 tElapsed=243027235 maxElapsed=243927184 interval=0 flags=0x0
12-20 14:11:23.942 V/AlarmManager(  646): set(null) : type=2 triggerAtTime=242727235 win=674235 tElapsed=242727235 maxElapsed=243401470 interval=0 flags=0x0
12-20 14:11:23.943 V/AlarmManager(  646): set(null) : type=2 triggerAtTime=243027235 win=899233 tElapsed=243027235 maxElapsed=243926468 interval=0 flags=0x0
12-20 14:11:27.093 E/storaged(  453): getDiskStats failed with result NOT_SUPPORTED and size 0
12-20 14:11:30.285 V/AlarmManager(  646): set(PendingIntent{766acfc: PendingIntentRecord{6549f85 com.tal.genie.push broadcastIntent}}) : type=2 triggerAtTime=241854583 win=0 tElapsed=241854583 maxElapsed=241854583 interval=0 flags=0x9
12-20 14:11:30.297 V/AlarmManager(  646): set(PendingIntent{80a1da: PendingIntentRecord{b1860b com.tal.genie.push broadcastIntent}}) : type=2 triggerAtTime=241842602 win=0 tElapsed=241842602 maxElapsed=241842602 interval=0 flags=0x9
12-20 14:11:38.314 V/AlarmManager(  646): set(PendingIntent{9e19232: PendingIntentRecord{442ab83 com.tal.genie.push broadcastIntent}}) : type=2 triggerAtTime=241862604 win=0 tElapsed=241862604 maxElapsed=241862604 interval=0 flags=0x9
12-20 14:11:38.318 V/AlarmManager(  646): set(PendingIntent{af72100: PendingIntentRecord{d473d39 com.tal.genie.push broadcastIntent}}) : type=2 triggerAtTime=241850630 win=0 tElapsed=241850630 maxElapsed=241850630 interval=0 flags=0x9
12-20 14:11:46.335 V/AlarmManager(  646): set(PendingIntent{9b81018: PendingIntentRecord{2d65a71 com.tal.genie.push broadcastIntent}}) : type=2 triggerAtTime=241870632 win=0 tElapsed=241870632 maxElapsed=241870632 interval=0 flags=0x9
12-20 14:11:46.341 V/AlarmManager(  646): set(PendingIntent{9392056: PendingIntentRecord{db128d7 com.tal.genie.push broadcastIntent}}) : type=2 triggerAtTime=241858652 win=0 tElapsed=241858652 maxElapsed=241858652 interval=0 flags=0x9
12-20 14:11:54.357 V/AlarmManager(  646): set(PendingIntent{4e3e42e: PendingIntentRecord{e225bcf com.tal.genie.push broadcastIntent}}) : type=2 triggerAtTime=241878653 win=0 tElapsed=241878653 maxElapsed=241878653 interval=0 flags=0x9
12-20 14:11:54.362 V/AlarmManager(  646): set(PendingIntent{db4595c: PendingIntentRecord{22c4465 com.tal.genie.push broadcastIntent}}) : type=2 triggerAtTime=241866673 win=0 tElapsed=241866673 maxElapsed=241866673 interval=0 flags=0x9
12-20 14:12:00.002 V/AlarmManager(  646): set(PendingIntent{336aa5c: PendingIntentRecord{556c165 android broadcastIntent}}) : type=3 triggerAtTime=241924314 win=0 tElapsed=241924314 maxElapsed=241924314 interval=0 flags=0x1
12-20 14:12:02.385 V/AlarmManager(  646): set(PendingIntent{a979b1d: PendingIntentRecord{93e1192 com.tal.genie.push broadcastIntent}}) : type=2 triggerAtTime=241886674 win=0 tElapsed=241886674 maxElapsed=241886674 interval=0 flags=0x9
12-20 14:12:02.395 V/AlarmManager(  646): set(PendingIntent{7471f60: PendingIntentRecord{917cc19 com.tal.genie.push broadcastIntent}}) : type=2 triggerAtTime=241874708 win=0 tElapsed=241874708 maxElapsed=241874708 interval=0 flags=0x9
12-20 14:12:10.410 V/AlarmManager(  646): set(PendingIntent{77d7a78: PendingIntentRecord{c8de551 com.tal.genie.push broadcastIntent}}) : type=2 triggerAtTime=241894710 win=0 tElapsed=241894710 maxElapsed=241894710 interval=0 flags=0x9
12-20 14:12:10.414 V/AlarmManager(  646): set(PendingIntent{1ef81b6: PendingIntentRecord{543deb7 com.tal.genie.push broadcastIntent}}) : type=2 triggerAtTime=241882726 win=0 tElapsed=241882726 maxElapsed=241882726 interval=0 flags=0x9
12-20 14:12:15.086 W/NotificationService(  646): Toast already killed. pkg=com.tal.genie.voice callback=android.app.ITransientNotification$Stub$Proxy@2f7d945
12-20 14:12:15.488 V/AlarmManager(  646): set(null) : type=2 triggerAtTime=242727235 win=635574 tElapsed=242727235 maxElapsed=243362809 interval=0 flags=0x0
12-20 14:12:15.489 V/AlarmManager(  646): set(null) : type=2 triggerAtTime=243027235 win=860574 tElapsed=243027235 maxElapsed=243887809 interval=0 flags=0x0
12-20 14:12:16.584 W/WindowManager(  646): Unable to start animation, surface is null or no children.
12-20 14:12:18.426 V/AlarmManager(  646): set(PendingIntent{b09e455: PendingIntentRecord{5864e6a com.tal.genie.push broadcastIntent}}) : type=2 triggerAtTime=241902727 win=0 tElapsed=241902727 maxElapsed=241902727 interval=0 flags=0x9
12-20 14:12:18.428 V/AlarmManager(  646): set(PendingIntent{60fdf5b: PendingIntentRecord{63203f8 com.tal.genie.push broadcastIntent}}) : type=2 triggerAtTime=241890741 win=0 tElapsed=241890741 maxElapsed=241890741 interval=0 flags=0x9
12-20 14:12:26.088 W/WindowManager(  646): removeWindowToken: Attempted to remove non-existing token: android.os.Binder@44bc624
12-20 14:12:26.439 V/AlarmManager(  646): set(PendingIntent{f48ded3: PendingIntentRecord{1d5a10 com.tal.genie.push broadcastIntent}}) : type=2 triggerAtTime=241910741 win=0 tElapsed=241910741 maxElapsed=241910741 interval=0 flags=0x9
12-20 14:12:26.448 V/AlarmManager(  646): set(PendingIntent{6506909: PendingIntentRecord{633a70e com.tal.genie.push broadcastIntent}}) : type=2 triggerAtTime=241898761 win=0 tElapsed=241898761 maxElapsed=241898761 interval=0 flags=0x9
12-20 14:12:27.094 E/storaged(  453): getDiskStats failed with result NOT_SUPPORTED and size 0
12-20 14:12:34.460 V/AlarmManager(  646): set(PendingIntent{cbf3041: PendingIntentRecord{16189e6 com.tal.genie.push broadcastIntent}}) : type=2 triggerAtTime=241918762 win=0 tElapsed=241918762 maxElapsed=241918762 interval=0 flags=0x9
12-20 14:12:34.478 V/AlarmManager(  646): set(PendingIntent{c6ffb27: PendingIntentRecord{15e01d4 com.tal.genie.push broadcastIntent}}) : type=2 triggerAtTime=241906778 win=0 tElapsed=241906778 maxElapsed=241906778 interval=0 flags=0x9
12-20 14:12:42.483 V/AlarmManager(  646): set(PendingIntent{cff281f: PendingIntentRecord{dd7b76c com.tal.genie.push broadcastIntent}}) : type=2 triggerAtTime=241926780 win=0 tElapsed=241926780 maxElapsed=241926780 interval=0 flags=0x9
12-20 14:12:42.492 V/AlarmManager(  646): set(PendingIntent{8443135: PendingIntentRecord{549ca com.tal.genie.push broadcastIntent}}) : type=2 triggerAtTime=241914800 win=0 tElapsed=241914800 maxElapsed=241914800 interval=0 flags=0x9
12-20 14:12:50.047 V/AlarmManager(  646): set(null) : type=2 triggerAtTime=242074358 win=119997 tElapsed=242074358 maxElapsed=242194355 interval=0 flags=0x8
12-20 14:12:50.066 V/AlarmManager(  646): set(null) : type=2 triggerAtTime=241929380 win=11250 tElapsed=241929380 maxElapsed=241940630 interval=0 flags=0x8
12-20 14:12:50.499 V/AlarmManager(  646): set(PendingIntent{43642b3: PendingIntentRecord{cdf2070 com.tal.genie.push broadcastIntent}}) : type=2 triggerAtTime=241934801 win=0 tElapsed=241934801 maxElapsed=241934801 interval=0 flags=0x9
12-20 14:12:50.501 V/AlarmManager(  646): set(PendingIntent{d831fe9: PendingIntentRecord{bc3c46e com.tal.genie.push broadcastIntent}}) : type=2 triggerAtTime=241922814 win=0 tElapsed=241922814 maxElapsed=241922814 interval=0 flags=0x9
12-20 14:12:58.516 V/AlarmManager(  646): set(PendingIntent{3d28d88: PendingIntentRecord{6f5e321 com.tal.genie.push broadcastIntent}}) : type=2 triggerAtTime=241942816 win=0 tElapsed=241942816 maxElapsed=241942816 interval=0 flags=0x9
12-20 14:12:58.520 V/AlarmManager(  646): set(PendingIntent{63a1907: PendingIntentRecord{cc6fa34 com.tal.genie.push broadcastIntent}}) : type=2 triggerAtTime=241930832 win=0 tElapsed=241930832 maxElapsed=241930832 interval=0 flags=0x9
12-20 14:13:00.002 V/AlarmManager(  646): set(PendingIntent{336aa5c: PendingIntentRecord{556c165 android broadcastIntent}}) : type=3 triggerAtTime=241984314 win=0 tElapsed=241984314 maxElapsed=241984314 interval=0 flags=0x1
12-20 14:13:06.531 V/AlarmManager(  646): set(PendingIntent{e66e15: PendingIntentRecord{e5752a com.tal.genie.push broadcastIntent}}) : type=2 triggerAtTime=241950833 win=0 tElapsed=241950833 maxElapsed=241950833 interval=0 flags=0x9
12-20 14:13:06.535 V/AlarmManager(  646): set(PendingIntent{3e1df1b: PendingIntentRecord{30868b8 com.tal.genie.push broadcastIntent}}) : type=2 triggerAtTime=241938847 win=0 tElapsed=241938847 maxElapsed=241938847 interval=0 flags=0x9
12-20 14:13:08.961 V/AlarmManager(  646): set(null) : type=2 triggerAtTime=242727235 win=595470 tElapsed=242727235 maxElapsed=243322705 interval=0 flags=0x0
12-20 14:13:08.962 V/AlarmManager(  646): set(null) : type=2 triggerAtTime=243027235 win=820469 tElapsed=243027235 maxElapsed=243847704 interval=0 flags=0x0
12-20 14:13:14.550 V/AlarmManager(  646): set(PendingIntent{f994525: PendingIntentRecord{6f1e6fa com.tal.genie.push broadcastIntent}}) : type=2 triggerAtTime=241958849 win=0 tElapsed=241958849 maxElapsed=241958849 interval=0 flags=0x9
12-20 14:13:14.557 V/AlarmManager(  646): set(PendingIntent{8bbb4ab: PendingIntentRecord{3a3708 com.tal.genie.push broadcastIntent}}) : type=2 triggerAtTime=241946868 win=0 tElapsed=241946868 maxElapsed=241946868 interval=0 flags=0x9
12-20 14:13:22.568 V/AlarmManager(  646): set(PendingIntent{c500e23: PendingIntentRecord{476df20 com.tal.genie.push broadcastIntent}}) : type=2 triggerAtTime=241966870 win=0 tElapsed=241966870 maxElapsed=241966870 interval=0 flags=0x9
12-20 14:13:22.571 V/AlarmManager(  646): set(PendingIntent{158f0d9: PendingIntentRecord{d16da9e com.tal.genie.push broadcastIntent}}) : type=2 triggerAtTime=241954883 win=0 tElapsed=241954883 maxElapsed=241954883 interval=0 flags=0x9
12-20 14:13:27.095 E/storaged(  453): getDiskStats failed with result NOT_SUPPORTED and size 0
12-20 14:13:30.582 V/AlarmManager(  646): set(PendingIntent{5b6e211: PendingIntentRecord{1e59f76 com.tal.genie.push broadcastIntent}}) : type=2 triggerAtTime=241974884 win=0 tElapsed=241974884 maxElapsed=241974884 interval=0 flags=0x9
12-20 14:13:30.585 V/AlarmManager(  646): set(PendingIntent{9f0977: PendingIntentRecord{1a379e4 com.tal.genie.push broadcastIntent}}) : type=2 triggerAtTime=241962897 win=0 tElapsed=241962897 maxElapsed=241962897 interval=0 flags=0x9
12-20 14:13:38.602 V/AlarmManager(  646): set(PendingIntent{f97b06f: PendingIntentRecord{32217c com.tal.genie.push broadcastIntent}}) : type=2 triggerAtTime=241982901 win=0 tElapsed=241982901 maxElapsed=241982901 interval=0 flags=0x9
12-20 14:13:38.606 V/AlarmManager(  646): set(PendingIntent{d743a05: PendingIntentRecord{9086a5a com.tal.genie.push broadcastIntent}}) : type=2 triggerAtTime=241970919 win=0 tElapsed=241970919 maxElapsed=241970919 interval=0 flags=0x9
12-20 14:13:46.623 V/AlarmManager(  646): set(PendingIntent{8f4a4bd: PendingIntentRecord{189eab2 com.tal.genie.push broadcastIntent}}) : type=2 triggerAtTime=241990921 win=0 tElapsed=241990921 maxElapsed=241990921 interval=0 flags=0x9
12-20 14:13:46.628 V/AlarmManager(  646): set(PendingIntent{4e75a03: PendingIntentRecord{5406d80 com.tal.genie.push broadcastIntent}}) : type=2 triggerAtTime=241978939 win=0 tElapsed=241978939 maxElapsed=241978939 interval=0 flags=0x9
12-20 14:13:54.635 V/AlarmManager(  646): set(PendingIntent{7f0067b: PendingIntentRecord{14e6c98 com.tal.genie.push broadcastIntent}}) : type=2 triggerAtTime=241998941 win=0 tElapsed=241998941 maxElapsed=241998941 interval=0 flags=0x9
12-20 14:13:54.638 V/AlarmManager(  646): set(PendingIntent{90abcf1: PendingIntentRecord{28a10d6 com.tal.genie.push broadcastIntent}}) : type=2 triggerAtTime=241986950 win=0 tElapsed=241986950 maxElapsed=241986950 interval=0 flags=0x9
12-20 14:13:59.259 V/AlarmManager(  646): set(null) : type=2 triggerAtTime=242727235 win=557746 tElapsed=242727235 maxElapsed=243284981 interval=0 flags=0x0
12-20 14:13:59.260 V/AlarmManager(  646): set(null) : type=2 triggerAtTime=243027235 win=782745 tElapsed=243027235 maxElapsed=243809980 interval=0 flags=0x0
12-20 14:14:00.002 V/AlarmManager(  646): set(PendingIntent{336aa5c: PendingIntentRecord{556c165 android broadcastIntent}}) : type=3 triggerAtTime=242044314 win=0 tElapsed=242044314 maxElapsed=242044314 interval=0 flags=0x1
12-20 14:14:02.650 V/AlarmManager(  646): set(PendingIntent{ff65d01: PendingIntentRecord{c0217a6 com.tal.genie.push broadcastIntent}}) : type=2 triggerAtTime=242006950 win=0 tElapsed=242006950 maxElapsed=242006950 interval=0 flags=0x9
12-20 14:14:02.655 V/AlarmManager(  646): set(PendingIntent{7cd5e7: PendingIntentRecord{5fda594 com.tal.genie.push broadcastIntent}}) : type=2 triggerAtTime=241994965 win=0 tElapsed=241994965 maxElapsed=241994965 interval=0 flags=0x9
12-20 14:14:10.663 V/AlarmManager(  646): set(PendingIntent{cf49adf: PendingIntentRecord{2d0132c com.tal.genie.push broadcastIntent}}) : type=2 triggerAtTime=242014966 win=0 tElapsed=242014966 maxElapsed=242014966 interval=0 flags=0x9
12-20 14:14:10.666 V/AlarmManager(  646): set(PendingIntent{877c1f5: PendingIntentRecord{946b8a com.tal.genie.push broadcastIntent}}) : type=2 triggerAtTime=242002978 win=0 tElapsed=242002978 maxElapsed=242002978 interval=0 flags=0x9
12-20 14:14:18.679 V/AlarmManager(  646): set(PendingIntent{2033aad: PendingIntentRecord{60ee1e2 com.tal.genie.push broadcastIntent}}) : type=2 triggerAtTime=242022981 win=0 tElapsed=242022981 maxElapsed=242022981 interval=0 flags=0x9
12-20 14:14:18.683 V/AlarmManager(  646): set(PendingIntent{3f53973: PendingIntentRecord{8dcb030 com.tal.genie.push broadcastIntent}}) : type=2 triggerAtTime=242010997 win=0 tElapsed=242010997 maxElapsed=242010997 interval=0 flags=0x9
12-20 14:14:26.694 V/AlarmManager(  646): set(PendingIntent{20c63eb: PendingIntentRecord{87a5548 com.tal.genie.push broadcastIntent}}) : type=2 triggerAtTime=242030998 win=0 tElapsed=242030998 maxElapsed=242030998 interval=0 flags=0x9
12-20 14:14:26.697 V/AlarmManager(  646): set(PendingIntent{fc26fe1: PendingIntentRecord{ce66106 com.tal.genie.push broadcastIntent}}) : type=2 triggerAtTime=242019009 win=0 tElapsed=242019009 maxElapsed=242019009 interval=0 flags=0x9
12-20 14:14:27.095 E/storaged(  453): getDiskStats failed with result NOT_SUPPORTED and size 0
12-20 14:14:34.709 V/AlarmManager(  646): set(PendingIntent{8e03a19: PendingIntentRecord{1828ade com.tal.genie.push broadcastIntent}}) : type=2 triggerAtTime=242039010 win=0 tElapsed=242039010 maxElapsed=242039010 interval=0 flags=0x9
12-20 14:14:34.712 V/AlarmManager(  646): set(PendingIntent{98f4bf: PendingIntentRecord{66c978c com.tal.genie.push broadcastIntent}}) : type=2 triggerAtTime=242027025 win=0 tElapsed=242027025 maxElapsed=242027025 interval=0 flags=0x9
12-20 14:14:42.727 V/AlarmManager(  646): set(PendingIntent{7eabcb7: PendingIntentRecord{fc4c24 com.tal.genie.push broadcastIntent}}) : type=2 triggerAtTime=242047026 win=0 tElapsed=242047026 maxElapsed=242047026 interval=0 flags=0x9
12-20 14:14:42.729 V/AlarmManager(  646): set(PendingIntent{277938d: PendingIntentRecord{7ecf942 com.tal.genie.push broadcastIntent}}) : type=2 triggerAtTime=242035042 win=0 tElapsed=242035042 maxElapsed=242035042 interval=0 flags=0x9
12-20 14:14:50.742 V/AlarmManager(  646): set(PendingIntent{bc8a745: PendingIntentRecord{bc46e9a com.tal.genie.push broadcastIntent}}) : type=2 triggerAtTime=242055046 win=0 tElapsed=242055046 maxElapsed=242055046 interval=0 flags=0x9
12-20 14:14:50.744 V/AlarmManager(  646): set(PendingIntent{17233cb: PendingIntentRecord{36a17a8 com.tal.genie.push broadcastIntent}}) : type=2 triggerAtTime=242043057 win=0 tElapsed=242043057 maxElapsed=242043057 interval=0 flags=0x9
12-20 14:14:51.007 V/AlarmManager(  646): set(null) : type=2 triggerAtTime=242727235 win=518935 tElapsed=242727235 maxElapsed=243246170 interval=0 flags=0x0
12-20 14:14:51.008 V/AlarmManager(  646): set(null) : type=2 triggerAtTime=243027235 win=743934 tElapsed=243027235 maxElapsed=243771169 interval=0 flags=0x0
12-20 14:14:58.754 V/AlarmManager(  646): set(PendingIntent{9e73255: PendingIntentRecord{b84846a com.tal.genie.push broadcastIntent}}) : type=2 triggerAtTime=242063058 win=0 tElapsed=242063058 maxElapsed=242063058 interval=0 flags=0x9
12-20 14:14:58.757 V/AlarmManager(  646): set(PendingIntent{bc0dd5b: PendingIntentRecord{3f229f8 com.tal.genie.push broadcastIntent}}) : type=2 triggerAtTime=242051070 win=0 tElapsed=242051070 maxElapsed=242051070 interval=0 flags=0x9
12-20 14:15:00.004 V/AlarmManager(  646): set(PendingIntent{336aa5c: PendingIntentRecord{556c165 android broadcastIntent}}) : type=3 triggerAtTime=242104314 win=0 tElapsed=242104314 maxElapsed=242104314 interval=0 flags=0x1
12-20 14:15:06.774 V/AlarmManager(  646): set(PendingIntent{74c5709: PendingIntentRecord{7fbfd0e com.tal.genie.push broadcastIntent}}) : type=2 triggerAtTime=242071071 win=0 tElapsed=242071071 maxElapsed=242071071 interval=0 flags=0x9
12-20 14:15:06.779 V/AlarmManager(  646): set(PendingIntent{439332f: PendingIntentRecord{f4d4d3c com.tal.genie.push broadcastIntent}}) : type=2 triggerAtTime=242059092 win=0 tElapsed=242059092 maxElapsed=242059092 interval=0 flags=0x9
12-20 14:15:14.806 V/AlarmManager(  646): set(PendingIntent{d1e9fe6: PendingIntentRecord{ca65927 com.tal.genie.push broadcastIntent}}) : type=2 triggerAtTime=242079094 win=0 tElapsed=242079094 maxElapsed=242079094 interval=0 flags=0x9
12-20 14:15:14.812 V/AlarmManager(  646): set(PendingIntent{e661d7d: PendingIntentRecord{a24d472 com.tal.genie.push broadcastIntent}}) : type=2 triggerAtTime=242067124 win=0 tElapsed=242067124 maxElapsed=242067124 interval=0 flags=0x9
12-20 14:15:22.827 V/AlarmManager(  646): set(PendingIntent{3e07f35: PendingIntentRecord{5567fca com.tal.genie.push broadcastIntent}}) : type=2 triggerAtTime=242087125 win=0 tElapsed=242087125 maxElapsed=242087125 interval=0 flags=0x9
12-20 14:15:22.832 V/AlarmManager(  646): set(PendingIntent{100253b: PendingIntentRecord{f0a0458 com.tal.genie.push broadcastIntent}}) : type=2 triggerAtTime=242075144 win=0 tElapsed=242075144 maxElapsed=242075144 interval=0 flags=0x9
12-20 14:15:27.096 E/storaged(  453): getDiskStats failed with result NOT_SUPPORTED and size 0
12-20 14:15:30.846 V/AlarmManager(  646): set(null) : type=2 triggerAtTime=242235146 win=120000 tElapsed=242235146 maxElapsed=242355146 interval=0 flags=0x8
12-20 14:15:30.847 V/AlarmManager(  646): set(PendingIntent{f290670: PendingIntentRecord{f0e0de9 com.tal.genie.push broadcastIntent}}) : type=2 triggerAtTime=242095146 win=0 tElapsed=242095146 maxElapsed=242095146 interval=0 flags=0x9
12-20 14:15:30.847 V/AlarmManager(  646): set(null) : type=2 triggerAtTime=242090155 win=11250 tElapsed=242090155 maxElapsed=242101405 interval=0 flags=0x8
12-20 14:15:30.857 V/AlarmManager(  646): set(PendingIntent{c6f1a6e: PendingIntentRecord{46ff50f com.tal.genie.push broadcastIntent}}) : type=2 triggerAtTime=242083169 win=0 tElapsed=242083169 maxElapsed=242083169 interval=0 flags=0x9
12-20 14:15:38.871 V/AlarmManager(  646): set(PendingIntent{26c0946: PendingIntentRecord{4f77707 com.tal.genie.push broadcastIntent}}) : type=2 triggerAtTime=242103173 win=0 tElapsed=242103173 maxElapsed=242103173 interval=0 flags=0x9
12-20 14:15:38.874 V/AlarmManager(  646): set(PendingIntent{a0c0034: PendingIntentRecord{b641e5d com.tal.genie.push broadcastIntent}}) : type=2 triggerAtTime=242091187 win=0 tElapsed=242091187 maxElapsed=242091187 interval=0 flags=0x9
12-20 14:15:40.879 V/AlarmManager(  646): set(null) : type=2 triggerAtTime=242727235 win=481531 tElapsed=242727235 maxElapsed=243208766 interval=0 flags=0x0
12-20 14:15:40.880 V/AlarmManager(  646): set(null) : type=2 triggerAtTime=243027235 win=706530 tElapsed=243027235 maxElapsed=243733765 interval=0 flags=0x0
12-20 14:15:46.888 V/AlarmManager(  646): set(PendingIntent{ef7f416: PendingIntentRecord{af5d197 com.tal.genie.push broadcastIntent}}) : type=2 triggerAtTime=242111189 win=0 tElapsed=242111189 maxElapsed=242111189 interval=0 flags=0x9
12-20 14:15:46.894 V/AlarmManager(  646): set(PendingIntent{2506f84: PendingIntentRecord{251e36d com.tal.genie.push broadcastIntent}}) : type=2 triggerAtTime=242099207 win=0 tElapsed=242099207 maxElapsed=242099207 interval=0 flags=0x9
12-20 14:15:54.924 V/AlarmManager(  646): set(PendingIntent{b942b1c: PendingIntentRecord{6e11325 com.tal.genie.push broadcastIntent}}) : type=2 triggerAtTime=242119209 win=0 tElapsed=242119209 maxElapsed=242119209 interval=0 flags=0x9
12-20 14:15:54.929 V/AlarmManager(  646): set(PendingIntent{5489cfa: PendingIntentRecord{31b32ab com.tal.genie.push broadcastIntent}}) : type=2 triggerAtTime=242107242 win=0 tElapsed=242107242 maxElapsed=242107242 interval=0 flags=0x9
12-20 14:16:00.003 V/AlarmManager(  646): set(PendingIntent{336aa5c: PendingIntentRecord{556c165 android broadcastIntent}}) : type=3 triggerAtTime=242164315 win=0 tElapsed=242164315 maxElapsed=242164315 interval=0 flags=0x1
12-20 14:16:02.945 V/AlarmManager(  646): set(PendingIntent{fb24520: PendingIntentRecord{6b75ed9 com.tal.genie.push broadcastIntent}}) : type=2 triggerAtTime=242127245 win=0 tElapsed=242127245 maxElapsed=242127245 interval=0 flags=0x9
12-20 14:16:02.956 V/AlarmManager(  646): set(PendingIntent{fcfb09e: PendingIntentRecord{b72877f com.tal.genie.push broadcastIntent}}) : type=2 triggerAtTime=242115263 win=0 tElapsed=242115263 maxElapsed=242115263 interval=0 flags=0x9
12-20 14:16:10.965 V/AlarmManager(  646): set(PendingIntent{c233576: PendingIntentRecord{48be777 com.tal.genie.push broadcastIntent}}) : type=2 triggerAtTime=242135265 win=0 tElapsed=242135265 maxElapsed=242135265 interval=0 flags=0x9
12-20 14:16:10.974 V/AlarmManager(  646): set(PendingIntent{d21ffe4: PendingIntentRecord{1c99c4d com.tal.genie.push broadcastIntent}}) : type=2 triggerAtTime=242123285 win=0 tElapsed=242123285 maxElapsed=242123285 interval=0 flags=0x9
12-20 14:16:18.997 V/AlarmManager(  646): set(PendingIntent{8bb0805: PendingIntentRecord{cf2205a com.tal.genie.push broadcastIntent}}) : type=2 triggerAtTime=242143286 win=0 tElapsed=242143286 maxElapsed=242143286 interval=0 flags=0x9
12-20 14:16:19.004 V/AlarmManager(  646): set(PendingIntent{88f628b: PendingIntentRecord{7957f68 com.tal.genie.push broadcastIntent}}) : type=2 triggerAtTime=242131316 win=0 tElapsed=242131316 maxElapsed=242131316 interval=0 flags=0x9
12-20 14:16:27.020 V/AlarmManager(  646): set(PendingIntent{56f9803: PendingIntentRecord{626d380 com.tal.genie.push broadcastIntent}}) : type=2 triggerAtTime=242151317 win=0 tElapsed=242151317 maxElapsed=242151317 interval=0 flags=0x9
12-20 14:16:27.023 V/AlarmManager(  646): set(PendingIntent{7f93db9: PendingIntentRecord{c03d5fe com.tal.genie.push broadcastIntent}}) : type=2 triggerAtTime=242139336 win=0 tElapsed=242139336 maxElapsed=242139336 interval=0 flags=0x9
12-20 14:16:27.097 E/storaged(  453): getDiskStats failed with result NOT_SUPPORTED and size 0
12-20 14:16:31.899 V/AlarmManager(  646): set(null) : type=2 triggerAtTime=242727235 win=443266 tElapsed=242727235 maxElapsed=243170501 interval=0 flags=0x0
12-20 14:16:31.901 V/AlarmManager(  646): set(null) : type=2 triggerAtTime=243027235 win=668265 tElapsed=243027235 maxElapsed=243695500 interval=0 flags=0x0
12-20 14:16:35.036 V/AlarmManager(  646): set(PendingIntent{12e3393: PendingIntentRecord{b14efd0 com.tal.genie.push broadcastIntent}}) : type=2 triggerAtTime=242159337 win=0 tElapsed=242159337 maxElapsed=242159337 interval=0 flags=0x9
12-20 14:16:35.041 V/AlarmManager(  646): set(PendingIntent{3dbabc9: PendingIntentRecord{95592ce com.tal.genie.push broadcastIntent}}) : type=2 triggerAtTime=242147352 win=0 tElapsed=242147352 maxElapsed=242147352 interval=0 flags=0x9
12-20 14:16:39.709 W/NotificationService(  646): Toast already killed. pkg=com.tal.genie.voice callback=android.app.ITransientNotification$Stub$Proxy@c15ab94
12-20 14:16:41.201 W/WindowManager(  646): Unable to start animation, surface is null or no children.
12-20 14:16:43.049 V/AlarmManager(  646): set(PendingIntent{da3a18a: PendingIntentRecord{4a003fb com.tal.genie.push broadcastIntent}}) : type=2 triggerAtTime=242167356 win=0 tElapsed=242167356 maxElapsed=242167356 interval=0 flags=0x9
12-20 14:16:43.059 V/AlarmManager(  646): set(PendingIntent{87a5c18: PendingIntentRecord{6b8b671 com.tal.genie.push broadcastIntent}}) : type=2 triggerAtTime=242155367 win=0 tElapsed=242155367 maxElapsed=242155367 interval=0 flags=0x9
12-20 14:16:50.712 W/WindowManager(  646): removeWindowToken: Attempted to remove non-existing token: android.os.Binder@57e75ef
12-20 14:16:51.084 V/AlarmManager(  646): set(PendingIntent{3d49630: PendingIntentRecord{66c2a9 com.tal.genie.push broadcastIntent}}) : type=2 triggerAtTime=242175369 win=0 tElapsed=242175369 maxElapsed=242175369 interval=0 flags=0x9
12-20 14:16:51.097 V/AlarmManager(  646): set(PendingIntent{2c6902e: PendingIntentRecord{d97cf com.tal.genie.push broadcastIntent}}) : type=2 triggerAtTime=242163403 win=0 tElapsed=242163403 maxElapsed=242163403 interval=0 flags=0x9
12-20 14:16:59.116 V/AlarmManager(  646): set(PendingIntent{a047706: PendingIntentRecord{4ceb1c7 com.tal.genie.push broadcastIntent}}) : type=2 triggerAtTime=242183405 win=0 tElapsed=242183405 maxElapsed=242183405 interval=0 flags=0x9
12-20 14:16:59.122 V/AlarmManager(  646): set(PendingIntent{d1683f4: PendingIntentRecord{182b71d com.tal.genie.push broadcastIntent}}) : type=2 triggerAtTime=242171433 win=0 tElapsed=242171433 maxElapsed=242171433 interval=0 flags=0x9
12-20 14:17:00.003 V/AlarmManager(  646): set(PendingIntent{336aa5c: PendingIntentRecord{556c165 android broadcastIntent}}) : type=3 triggerAtTime=242224314 win=0 tElapsed=242224314 maxElapsed=242224314 interval=0 flags=0x1
12-20 14:17:07.142 V/AlarmManager(  646): set(PendingIntent{10aacea: PendingIntentRecord{9371bdb com.tal.genie.push broadcastIntent}}) : type=2 triggerAtTime=242191436 win=0 tElapsed=242191436 maxElapsed=242191436 interval=0 flags=0x9
12-20 14:17:07.150 V/AlarmManager(  646): set(PendingIntent{d55c678: PendingIntentRecord{8ce4151 com.tal.genie.push broadcastIntent}}) : type=2 triggerAtTime=242179461 win=0 tElapsed=242179461 maxElapsed=242179461 interval=0 flags=0x9
12-20 14:17:15.160 V/AlarmManager(  646): set(PendingIntent{aa6ec90: PendingIntentRecord{c86c989 com.tal.genie.push broadcastIntent}}) : type=2 triggerAtTime=242199465 win=0 tElapsed=242199465 maxElapsed=242199465 interval=0 flags=0x9
12-20 14:17:15.164 V/AlarmManager(  646): set(PendingIntent{fc1bd8e: PendingIntentRecord{71329af com.tal.genie.push broadcastIntent}}) : type=2 triggerAtTime=242187477 win=0 tElapsed=242187477 maxElapsed=242187477 interval=0 flags=0x9
12-20 14:17:22.978 V/AlarmManager(  646): set(null) : type=2 triggerAtTime=242727235 win=404957 tElapsed=242727235 maxElapsed=243132192 interval=0 flags=0x0
12-20 14:17:22.979 V/AlarmManager(  646): set(null) : type=2 triggerAtTime=243027235 win=629956 tElapsed=243027235 maxElapsed=243657191 interval=0 flags=0x0
12-20 14:17:23.174 V/AlarmManager(  646): set(PendingIntent{accc4e0: PendingIntentRecord{26c4399 com.tal.genie.push broadcastIntent}}) : type=2 triggerAtTime=242207478 win=0 tElapsed=242207478 maxElapsed=242207478 interval=0 flags=0x9
12-20 14:17:23.176 V/AlarmManager(  646): set(PendingIntent{607965e: PendingIntentRecord{bbfda3f com.tal.genie.push broadcastIntent}}) : type=2 triggerAtTime=242195489 win=0 tElapsed=242195489 maxElapsed=242195489 interval=0 flags=0x9
12-20 14:17:27.099 E/storaged(  453): getDiskStats failed with result NOT_SUPPORTED and size 0
12-20 14:17:31.190 V/AlarmManager(  646): set(PendingIntent{13a1336: PendingIntentRecord{958d237 com.tal.genie.push broadcastIntent}}) : type=2 triggerAtTime=242215491 win=0 tElapsed=242215491 maxElapsed=242215491 interval=0 flags=0x9
12-20 14:17:31.195 V/AlarmManager(  646): set(PendingIntent{86873a4: PendingIntentRecord{c8d650d com.tal.genie.push broadcastIntent}}) : type=2 triggerAtTime=242203507 win=0 tElapsed=242203507 maxElapsed=242203507 interval=0 flags=0x9
12-20 14:17:36.441 W/NotificationService(  646): Toast already killed. pkg=com.tal.genie.voice callback=android.app.ITransientNotification$Stub$Proxy@40c514b
12-20 14:17:37.938 W/WindowManager(  646): Unable to start animation, surface is null or no children.
12-20 14:17:39.214 V/AlarmManager(  646): set(PendingIntent{a7f8279: PendingIntentRecord{4a19bbe com.tal.genie.push broadcastIntent}}) : type=2 triggerAtTime=242223509 win=0 tElapsed=242223509 maxElapsed=242223509 interval=0 flags=0x9
12-20 14:17:39.217 V/AlarmManager(  646): set(PendingIntent{937641f: PendingIntentRecord{c11436c com.tal.genie.push broadcastIntent}}) : type=2 triggerAtTime=242211529 win=0 tElapsed=242211529 maxElapsed=242211529 interval=0 flags=0x9
12-20 14:17:47.230 V/AlarmManager(  646): set(PendingIntent{d3bb817: PendingIntentRecord{d4e9404 com.tal.genie.push broadcastIntent}}) : type=2 triggerAtTime=242231530 win=0 tElapsed=242231530 maxElapsed=242231530 interval=0 flags=0x9
12-20 14:17:47.234 V/AlarmManager(  646): set(PendingIntent{aa66ded: PendingIntentRecord{a93422 com.tal.genie.push broadcastIntent}}) : type=2 triggerAtTime=242219546 win=0 tElapsed=242219546 maxElapsed=242219546 interval=0 flags=0x9
12-20 14:17:47.439 W/WindowManager(  646): removeWindowToken: Attempted to remove non-existing token: android.os.Binder@20c2cc2
12-20 14:17:55.247 V/AlarmManager(  646): set(PendingIntent{eec6da5: PendingIntentRecord{6b1257a com.tal.genie.push broadcastIntent}}) : type=2 triggerAtTime=242239547 win=0 tElapsed=242239547 maxElapsed=242239547 interval=0 flags=0x9
12-20 14:17:55.253 V/AlarmManager(  646): set(PendingIntent{934512b: PendingIntentRecord{e43d988 com.tal.genie.push broadcastIntent}}) : type=2 triggerAtTime=242227565 win=0 tElapsed=242227565 maxElapsed=242227565 interval=0 flags=0x9
12-20 14:17:55.690 V/AlarmManager(  646): set(null) : type=3 triggerAtTime=242880000 win=0 tElapsed=242880000 maxElapsed=242880000 interval=0 flags=0x9
12-20 14:18:00.002 V/AlarmManager(  646): set(PendingIntent{336aa5c: PendingIntentRecord{556c165 android broadcastIntent}}) : type=3 triggerAtTime=242284314 win=0 tElapsed=242284314 maxElapsed=242284314 interval=0 flags=0x1
12-20 14:18:03.279 V/AlarmManager(  646): set(PendingIntent{fe9d11e: PendingIntentRecord{f795dff com.tal.genie.push broadcastIntent}}) : type=2 triggerAtTime=242247567 win=0 tElapsed=242247567 maxElapsed=242247567 interval=0 flags=0x9
12-20 14:18:03.284 V/AlarmManager(  646): set(PendingIntent{38ae7cc: PendingIntentRecord{88d0a15 com.tal.genie.push broadcastIntent}}) : type=2 triggerAtTime=242235595 win=0 tElapsed=242235595 maxElapsed=242235595 interval=0 flags=0x9
12-20 14:18:10.833 V/AlarmManager(  646): set(null) : type=2 triggerAtTime=242395147 win=120000 tElapsed=242395147 maxElapsed=242515147 interval=0 flags=0x8
12-20 14:18:10.842 V/AlarmManager(  646): set(null) : type=2 triggerAtTime=242250155 win=11249 tElapsed=242250155 maxElapsed=242261404 interval=0 flags=0x8
12-20 14:18:11.298 V/AlarmManager(  646): set(PendingIntent{59d6b82: PendingIntentRecord{3549293 com.tal.genie.push broadcastIntent}}) : type=2 triggerAtTime=242255596 win=0 tElapsed=242255596 maxElapsed=242255596 interval=0 flags=0x9
12-20 14:18:11.301 V/AlarmManager(  646): set(PendingIntent{5d62d0: PendingIntentRecord{8bea2c9 com.tal.genie.push broadcastIntent}}) : type=2 triggerAtTime=242243614 win=0 tElapsed=242243614 maxElapsed=242243614 interval=0 flags=0x9
12-20 14:18:13.940 V/AlarmManager(  646): set(null) : type=2 triggerAtTime=242727235 win=366735 tElapsed=242727235 maxElapsed=243093970 interval=0 flags=0x0
12-20 14:18:13.941 V/AlarmManager(  646): set(null) : type=2 triggerAtTime=243027235 win=591735 tElapsed=243027235 maxElapsed=243618970 interval=0 flags=0x0
12-20 14:18:19.313 V/AlarmManager(  646): set(PendingIntent{6630fdd: PendingIntentRecord{8f14752 com.tal.genie.push broadcastIntent}}) : type=2 triggerAtTime=242263613 win=0 tElapsed=242263613 maxElapsed=242263613 interval=0 flags=0x9
12-20 14:18:19.319 V/AlarmManager(  646): set(PendingIntent{99dab20: PendingIntentRecord{d05ccd9 com.tal.genie.push broadcastIntent}}) : type=2 triggerAtTime=242251630 win=0 tElapsed=242251630 maxElapsed=242251630 interval=0 flags=0x9
12-20 14:18:27.100 E/storaged(  453): getDiskStats failed with result NOT_SUPPORTED and size 0
12-20 14:18:27.343 V/AlarmManager(  646): set(PendingIntent{d21be38: PendingIntentRecord{6a33e11 com.tal.genie.push broadcastIntent}}) : type=2 triggerAtTime=242271632 win=0 tElapsed=242271632 maxElapsed=242271632 interval=0 flags=0x9
12-20 14:18:27.361 V/AlarmManager(  646): set(PendingIntent{290cb76: PendingIntentRecord{8e8c577 com.tal.genie.push broadcastIntent}}) : type=2 triggerAtTime=242259673 win=0 tElapsed=242259673 maxElapsed=242259673 interval=0 flags=0x9
12-20 14:18:35.380 V/AlarmManager(  646): set(PendingIntent{1e1d34e: PendingIntentRecord{7dcec6f com.tal.genie.push broadcastIntent}}) : type=2 triggerAtTime=242279676 win=0 tElapsed=242279676 maxElapsed=242279676 interval=0 flags=0x9
12-20 14:18:35.383 V/AlarmManager(  646): set(PendingIntent{5f4ad7c: PendingIntentRecord{ff1d605 com.tal.genie.push broadcastIntent}}) : type=2 triggerAtTime=242267696 win=0 tElapsed=242267696 maxElapsed=242267696 interval=0 flags=0x9
12-20 14:18:43.397 V/AlarmManager(  646): set(PendingIntent{cd33014: PendingIntentRecord{209c0bd com.tal.genie.push broadcastIntent}}) : type=2 triggerAtTime=242287697 win=0 tElapsed=242287697 maxElapsed=242287697 interval=0 flags=0x9
12-20 14:18:43.400 V/AlarmManager(  646): set(PendingIntent{60ed6b2: PendingIntentRecord{967d603 com.tal.genie.push broadcastIntent}}) : type=2 triggerAtTime=242275712 win=0 tElapsed=242275712 maxElapsed=242275712 interval=0 flags=0x9
12-20 14:18:51.412 V/AlarmManager(  646): set(PendingIntent{7b68a0a: PendingIntentRecord{484027b com.tal.genie.push broadcastIntent}}) : type=2 triggerAtTime=242295715 win=0 tElapsed=242295715 maxElapsed=242295715 interval=0 flags=0x9
12-20 14:18:51.415 V/AlarmManager(  646): set(PendingIntent{b18b898: PendingIntentRecord{f5518f1 com.tal.genie.push broadcastIntent}}) : type=2 triggerAtTime=242283727 win=0 tElapsed=242283727 maxElapsed=242283727 interval=0 flags=0x9
12-20 14:18:59.424 V/AlarmManager(  646): set(PendingIntent{75202b0: PendingIntentRecord{edcf529 com.tal.genie.push broadcastIntent}}) : type=2 triggerAtTime=242303728 win=0 tElapsed=242303728 maxElapsed=242303728 interval=0 flags=0x9
12-20 14:18:59.426 V/AlarmManager(  646): set(PendingIntent{d7d10ae: PendingIntentRecord{de94e4f com.tal.genie.push broadcastIntent}}) : type=2 triggerAtTime=242291739 win=0 tElapsed=242291739 maxElapsed=242291739 interval=0 flags=0x9
12-20 14:19:00.002 V/AlarmManager(  646): set(PendingIntent{336aa5c: PendingIntentRecord{556c165 android broadcastIntent}}) : type=3 triggerAtTime=242344314 win=0 tElapsed=242344314 maxElapsed=242344314 interval=0 flags=0x1
12-20 14:19:04.949 V/AlarmManager(  646): set(null) : type=2 triggerAtTime=242727235 win=328479 tElapsed=242727235 maxElapsed=243055714 interval=0 flags=0x0
12-20 14:19:04.950 V/AlarmManager(  646): set(null) : type=2 triggerAtTime=243027235 win=553478 tElapsed=243027235 maxElapsed=243580713 interval=0 flags=0x0
12-20 14:19:07.443 V/AlarmManager(  646): set(PendingIntent{d4a217e: PendingIntentRecord{438d6df com.tal.genie.push broadcastIntent}}) : type=2 triggerAtTime=242311742 win=0 tElapsed=242311742 maxElapsed=242311742 interval=0 flags=0x9
12-20 14:19:07.447 V/AlarmManager(  646): set(PendingIntent{d259f2c: PendingIntentRecord{78c5df5 com.tal.genie.push broadcastIntent}}) : type=2 triggerAtTime=242299761 win=0 tElapsed=242299761 maxElapsed=242299761 interval=0 flags=0x9
12-20 14:19:15.467 V/AlarmManager(  646): set(PendingIntent{17c7c30: PendingIntentRecord{cf7b0a9 com.tal.genie.push broadcastIntent}}) : type=2 triggerAtTime=242319761 win=0 tElapsed=242319761 maxElapsed=242319761 interval=0 flags=0x9
12-20 14:19:15.472 V/AlarmManager(  646): set(PendingIntent{8ffe62e: PendingIntentRecord{2ab35cf com.tal.genie.push broadcastIntent}}) : type=2 triggerAtTime=242307784 win=0 tElapsed=242307784 maxElapsed=242307784 interval=0 flags=0x9
12-20 14:19:23.490 V/AlarmManager(  646): set(PendingIntent{7528d06: PendingIntentRecord{dc20fc7 com.tal.genie.push broadcastIntent}}) : type=2 triggerAtTime=242327785 win=0 tElapsed=242327785 maxElapsed=242327785 interval=0 flags=0x9
12-20 14:19:23.499 V/AlarmManager(  646): set(PendingIntent{75989f4: PendingIntentRecord{fe0451d com.tal.genie.push broadcastIntent}}) : type=2 triggerAtTime=242315810 win=0 tElapsed=242315810 maxElapsed=242315810 interval=0 flags=0x9
12-20 14:19:27.102 E/storaged(  453): getDiskStats failed with result NOT_SUPPORTED and size 0
12-20 14:19:31.514 V/AlarmManager(  646): set(PendingIntent{278238c: PendingIntentRecord{243fad5 com.tal.genie.push broadcastIntent}}) : type=2 triggerAtTime=242335811 win=0 tElapsed=242335811 maxElapsed=242335811 interval=0 flags=0x9
12-20 14:19:31.518 V/AlarmManager(  646): set(PendingIntent{31ce2ea: PendingIntentRecord{b6c19db com.tal.genie.push broadcastIntent}}) : type=2 triggerAtTime=242323829 win=0 tElapsed=242323829 maxElapsed=242323829 interval=0 flags=0x9
12-20 14:19:39.540 V/AlarmManager(  646): set(PendingIntent{782e542: PendingIntentRecord{7a1e953 com.tal.genie.push broadcastIntent}}) : type=2 triggerAtTime=242343830 win=0 tElapsed=242343830 maxElapsed=242343830 interval=0 flags=0x9
12-20 14:19:39.545 V/AlarmManager(  646): set(PendingIntent{e39d290: PendingIntentRecord{826b789 com.tal.genie.push broadcastIntent}}) : type=2 triggerAtTime=242331856 win=0 tElapsed=242331856 maxElapsed=242331856 interval=0 flags=0x9
12-20 14:19:47.558 V/AlarmManager(  646): set(PendingIntent{74d63a8: PendingIntentRecord{c40cec1 com.tal.genie.push broadcastIntent}}) : type=2 triggerAtTime=242351857 win=0 tElapsed=242351857 maxElapsed=242351857 interval=0 flags=0x9
12-20 14:19:47.561 V/AlarmManager(  646): set(PendingIntent{dd0666: PendingIntentRecord{ef2fda7 com.tal.genie.push broadcastIntent}}) : type=2 triggerAtTime=242339874 win=0 tElapsed=242339874 maxElapsed=242339874 interval=0 flags=0x9
12-20 14:19:55.573 V/AlarmManager(  646): set(PendingIntent{23c7c3e: PendingIntentRecord{78ffa9f com.tal.genie.push broadcastIntent}}) : type=2 triggerAtTime=242359875 win=0 tElapsed=242359875 maxElapsed=242359875 interval=0 flags=0x9
12-20 14:19:55.577 V/AlarmManager(  646): set(PendingIntent{ca457ec: PendingIntentRecord{14b87b5 com.tal.genie.push broadcastIntent}}) : type=2 triggerAtTime=242347889 win=0 tElapsed=242347889 maxElapsed=242347889 interval=0 flags=0x9
12-20 14:19:55.731 V/AlarmManager(  646): set(null) : type=2 triggerAtTime=242727235 win=290392 tElapsed=242727235 maxElapsed=243017627 interval=0 flags=0x0
12-20 14:19:55.733 V/AlarmManager(  646): set(null) : type=2 triggerAtTime=243027235 win=515391 tElapsed=243027235 maxElapsed=243542626 interval=0 flags=0x0
12-20 14:20:00.004 V/AlarmManager(  646): set(PendingIntent{336aa5c: PendingIntentRecord{556c165 android broadcastIntent}}) : type=3 triggerAtTime=242404314 win=0 tElapsed=242404314 maxElapsed=242404314 interval=0 flags=0x1
12-20 14:20:03.590 V/AlarmManager(  646): set(PendingIntent{62bd93c: PendingIntentRecord{d43f6c5 com.tal.genie.push broadcastIntent}}) : type=2 triggerAtTime=242367891 win=0 tElapsed=242367891 maxElapsed=242367891 interval=0 flags=0x9
12-20 14:20:03.593 V/AlarmManager(  646): set(PendingIntent{c7e481a: PendingIntentRecord{9d8cf4b com.tal.genie.push broadcastIntent}}) : type=2 triggerAtTime=242355906 win=0 tElapsed=242355906 maxElapsed=242355906 interval=0 flags=0x9
12-20 14:20:09.101 I/NetworkStatsRecorder(  646): recordSnapshotLocked: ident[[{type=WIFI, subType=COMBINED, networkId="TAL-Device", metered=false, defaultNetwork=true}]]
12-20 14:20:09.101 W/NetworkStatsRecorder(  646): unknown interfaces [lo], ignoring those stats
12-20 14:20:09.101 I/NetworkStatsRecorder(  646): recordSnapshotLocked: ident[[{type=WIFI, subType=COMBINED, networkId="TAL-Device", metered=false, defaultNetwork=true}]]
12-20 14:20:09.101 W/NetworkStatsRecorder(  646): unknown interfaces [lo], ignoring those stats
12-20 14:20:09.102 I/NetworkStatsRecorder(  646): recordSnapshotLocked: ident[[{type=WIFI, subType=COMBINED, networkId="TAL-Device", metered=false, defaultNetwork=true}]]
12-20 14:20:09.102 I/chatty  (  646): uid=1000(system) NetworkStats identical 2 lines
12-20 14:20:09.102 I/NetworkStatsRecorder(  646): recordSnapshotLocked: ident[[{type=WIFI, subType=COMBINED, networkId="TAL-Device", metered=false, defaultNetwork=true}]]
12-20 14:20:09.102 W/NetworkStatsRecorder(  646): unknown interfaces [lo], ignoring those stats
12-20 14:20:09.102 W/NetworkStatsRecorder(  646): unknown interfaces [lo], ignoring those stats
12-20 14:20:09.102 D/NetworkStatsRecorder(  646): forcePersistLocked() writing for dev
12-20 14:20:09.109 D/NetworkStatsRecorder(  646): forcePersistLocked() writing for xt
12-20 14:20:11.609 V/AlarmManager(  646): set(PendingIntent{ea5c072: PendingIntentRecord{761dcc3 com.tal.genie.push broadcastIntent}}) : type=2 triggerAtTime=242375911 win=0 tElapsed=242375911 maxElapsed=242375911 interval=0 flags=0x9
12-20 14:20:11.614 V/AlarmManager(  646): set(PendingIntent{7c09940: PendingIntentRecord{332f079 com.tal.genie.push broadcastIntent}}) : type=2 triggerAtTime=242363926 win=0 tElapsed=242363926 maxElapsed=242363926 interval=0 flags=0x9
12-20 14:20:15.611 W/NotificationService(  646): Toast already killed. pkg=com.tal.genie.voice callback=android.app.ITransientNotification$Stub$Proxy@a0f310f
12-20 14:20:17.103 W/WindowManager(  646): Unable to start animation, surface is null or no children.
12-20 14:20:19.629 V/AlarmManager(  646): set(PendingIntent{5a33a5d: PendingIntentRecord{3365fd2 com.tal.genie.push broadcastIntent}}) : type=2 triggerAtTime=242383928 win=0 tElapsed=242383928 maxElapsed=242383928 interval=0 flags=0x9
12-20 14:20:19.643 V/AlarmManager(  646): set(PendingIntent{dc4f8a3: PendingIntentRecord{1b1b7a0 com.tal.genie.push broadcastIntent}}) : type=2 triggerAtTime=242371955 win=0 tElapsed=242371955 maxElapsed=242371955 interval=0 flags=0x9
12-20 14:20:26.609 W/WindowManager(  646): removeWindowToken: Attempted to remove non-existing token: android.os.Binder@231fa96
12-20 14:20:27.102 E/storaged(  453): getDiskStats failed with result NOT_SUPPORTED and size 0
