10-16 11:07:10.817 E/ActivityManager(  628): Sending non-protected broadcast ALARM_ACTION(1084) from system uid 1000 pkg com.tal.genie.push
10-16 11:07:10.817 E/ActivityManager(  628): java.lang.Throwable
10-16 11:07:10.817 E/ActivityManager(  628): 	at com.android.server.am.ActivityManagerService.checkBroadcastFromSystem(ActivityManagerService.java:21471)
10-16 11:07:10.817 E/ActivityManager(  628): 	at com.android.server.am.ActivityManagerService.broadcastIntentLocked(ActivityManagerService.java:22071)
10-16 11:07:10.817 E/ActivityManager(  628): 	at com.android.server.am.ActivityManagerService.broadcastIntentInPackage(ActivityManagerService.java:22250)
10-16 11:07:10.817 E/ActivityManager(  628): 	at com.android.server.am.PendingIntentRecord.sendInner(PendingIntentRecord.java:372)
10-16 11:07:10.817 E/ActivityManager(  628): 	at com.android.server.am.PendingIntentRecord.sendWithResult(PendingIntentRecord.java:245)
10-16 11:07:10.817 E/ActivityManager(  628): 	at com.android.server.am.ActivityManagerService.sendIntentSender(ActivityManagerService.java:8607)
10-16 11:07:10.817 E/ActivityManager(  628): 	at android.app.PendingIntent.sendAndReturnResult(PendingIntent.java:892)
10-16 11:07:10.817 E/ActivityManager(  628): 	at android.app.PendingIntent.send(PendingIntent.java:874)
10-16 11:07:10.817 E/ActivityManager(  628): 	at com.android.server.AlarmManagerService$DeliveryTracker.deliverLocked(AlarmManagerService.java:4387)
10-16 11:07:10.817 E/ActivityManager(  628): 	at com.android.server.AlarmManagerService.deliverAlarmsLocked(AlarmManagerService.java:3632)
10-16 11:07:10.817 E/ActivityManager(  628): 	at com.android.server.AlarmManagerService$AlarmThread.run(AlarmManagerService.java:3781)
10-16 11:07:10.823 W/AES     (  628): Exception Log handling...
10-16 11:07:10.826 W/AES     (  628): skip for Exp level 0
10-16 11:07:12.553 E/WifiVendorHal(  628): getWifiLinkLayerStats(l.937) failed {.code = ERROR_NOT_SUPPORTED, .description = }
10-16 11:07:15.562 I/chatty  (  628): uid=1000(system) WifiStateMachin identical 1 line
10-16 11:07:18.579 E/WifiVendorHal(  628): getWifiLinkLayerStats(l.937) failed {.code = ERROR_NOT_SUPPORTED, .description = }
10-16 11:07:18.832 E/MtkDataShapingUtils(  628): Exception openLteGateByDataShaping  in java.lang.NullPointerException: null receiver
10-16 11:07:18.832 W/System.err(  628): java.lang.NullPointerException: null receiver
10-16 11:07:18.832 W/System.err(  628): 	at java.lang.reflect.Method.invoke(Native Method)
10-16 11:07:18.832 W/System.err(  628): 	at com.mediatek.server.MtkDataShaping.openLteGateByDataShaping(MtkDataShaping.java:36)
10-16 11:07:18.832 W/System.err(  628): 	at com.android.server.AlarmManagerService.deliverAlarmsLocked(AlarmManagerService.java:3603)
10-16 11:07:18.832 W/System.err(  628): 	at com.android.server.AlarmManagerService$AlarmThread.run(AlarmManagerService.java:3781)
10-16 11:07:18.836 E/ActivityManager(  628): Sending non-protected broadcast ALARM_ACTION(1084) from system uid 1000 pkg com.tal.genie.push
10-16 11:07:18.836 E/ActivityManager(  628): java.lang.Throwable
10-16 11:07:18.836 E/ActivityManager(  628): 	at com.android.server.am.ActivityManagerService.checkBroadcastFromSystem(ActivityManagerService.java:21471)
10-16 11:07:18.836 E/ActivityManager(  628): 	at com.android.server.am.ActivityManagerService.broadcastIntentLocked(ActivityManagerService.java:22071)
10-16 11:07:18.836 E/ActivityManager(  628): 	at com.android.server.am.ActivityManagerService.broadcastIntentInPackage(ActivityManagerService.java:22250)
10-16 11:07:18.836 E/ActivityManager(  628): 	at com.android.server.am.PendingIntentRecord.sendInner(PendingIntentRecord.java:372)
10-16 11:07:18.836 E/ActivityManager(  628): 	at com.android.server.am.PendingIntentRecord.sendWithResult(PendingIntentRecord.java:245)
10-16 11:07:18.836 E/ActivityManager(  628): 	at com.android.server.am.ActivityManagerService.sendIntentSender(ActivityManagerService.java:8607)
10-16 11:07:18.836 E/ActivityManager(  628): 	at android.app.PendingIntent.sendAndReturnResult(PendingIntent.java:892)
10-16 11:07:18.836 E/ActivityManager(  628): 	at android.app.PendingIntent.send(PendingIntent.java:874)
10-16 11:07:18.836 E/ActivityManager(  628): 	at com.android.server.AlarmManagerService$DeliveryTracker.deliverLocked(AlarmManagerService.java:4387)
10-16 11:07:18.836 E/ActivityManager(  628): 	at com.android.server.AlarmManagerService.deliverAlarmsLocked(AlarmManagerService.java:3632)
10-16 11:07:18.836 E/ActivityManager(  628): 	at com.android.server.AlarmManagerService$AlarmThread.run(AlarmManagerService.java:3781)
10-16 11:07:18.842 W/AES     (  628): Exception Log handling...
10-16 11:07:18.844 W/AES     (  628): skip for Exp level 0
10-16 11:07:21.046 I/test    ( 1079): check code:45 name 0.2.0 10-15 18:26:22
10-16 11:07:21.049 I/com.tal.genie.rtc( 1079): check code:45 name 0.2.0 10-15 18:26:22
10-16 11:07:21.069 I/Rtc-OkHttp( 1079): --> GET http://bugly.liyafeng.com/users/rtc/update
10-16 11:07:21.069 I/Rtc-OkHttp( 1079): timestamp: 1634353641
10-16 11:07:21.069 I/Rtc-OkHttp( 1079): trace-id: 163435364164443
10-16 11:07:21.069 I/Rtc-OkHttp( 1079): nonce: android-0.2.0-fa93e53c-3af8-423f-a2b6-77b8f2288100
10-16 11:07:21.070 I/Rtc-OkHttp( 1079): device-id: 00000000-63eb-35b8-ffff-ffffef05ac4a
10-16 11:07:21.070 I/Rtc-OkHttp( 1079): app-version: 0.2.0
10-16 11:07:21.070 I/Rtc-OkHttp( 1079): app-refer: lamp_stu
10-16 11:07:21.070 I/Rtc-OkHttp( 1079): user-agent: genie_device_user_agent
10-16 11:07:21.070 I/Rtc-OkHttp( 1079): sign: 7f99c576ce96cb54f3f94fc02bc89157
10-16 11:07:21.070 I/Rtc-OkHttp( 1079): Authorization: Bearer eyJhbGciOiJIUzI1NiIsInR5cCI6IkpXVCJ9.eyJ1c2VyX2lkIjoxMDAwMTcyLCJ1c2VyX3NvdXJjZSI6ImxhbXBfc3R1IiwiYXVkIjoiQWNjZXNzVG9rZW4iLCJleHAiOjE2MzQ5NTcyODYsImlhdCI6MTYzNDM1MjQ4NiwibmJmIjoxNjM0MzUyNDg2LCJzdWIiOiIxMDAwMTcyIn0._2sijz3g5LmMPUO0I_3e5HnrL8_rx88cafJryqoIPMY
10-16 11:07:21.070 I/Rtc-OkHttp( 1079): --> END GET
10-16 11:07:21.103 I/Rtc-OkHttp( 1079): <-- 200 OK http://bugly.liyafeng.com/users/rtc/update (33ms)
10-16 11:07:21.104 I/Rtc-OkHttp( 1079): Server: nginx/1.12.2
10-16 11:07:21.104 I/Rtc-OkHttp( 1079): Date: Sat, 16 Oct 2021 03:07:21 GMT
10-16 11:07:21.104 I/Rtc-OkHttp( 1079): Content-Type: text/html; charset=utf-8
10-16 11:07:21.104 I/Rtc-OkHttp( 1079): Content-Length: 60
10-16 11:07:21.104 I/Rtc-OkHttp( 1079): Connection: keep-alive
10-16 11:07:21.104 I/Rtc-OkHttp( 1079): X-Powered-By: Express
10-16 11:07:21.104 I/Rtc-OkHttp( 1079): ETag: W/"3c-P5+aacLvND30T8bbG25OLg84qJM"
10-16 11:07:21.105 I/Rtc-OkHttp( 1079): 
10-16 11:07:21.105 I/Rtc-OkHttp( 1079): {"gpath":"{\"volume\":100}","gcode":"","gisForce":"isForce"}
10-16 11:07:21.105 I/Rtc-OkHttp( 1079): <-- END HTTP (60-byte body)
10-16 11:07:21.589 E/WifiVendorHal(  628): getWifiLinkLayerStats(l.937) failed {.code = ERROR_NOT_SUPPORTED, .description = }
10-16 11:07:24.602 E/WifiVendorHal(  628): getWifiLinkLayerStats(l.937) failed {.code = ERROR_NOT_SUPPORTED, .description = }
10-16 11:07:26.850 E/MtkDataShapingUtils(  628): Exception openLteGateByDataShaping  in java.lang.NullPointerException: null receiver
10-16 11:07:26.850 W/System.err(  628): java.lang.NullPointerException: null receiver
10-16 11:07:26.850 W/System.err(  628): 	at java.lang.reflect.Method.invoke(Native Method)
10-16 11:07:26.850 W/System.err(  628): 	at com.mediatek.server.MtkDataShaping.openLteGateByDataShaping(MtkDataShaping.java:36)
10-16 11:07:26.850 W/System.err(  628): 	at com.android.server.AlarmManagerService.deliverAlarmsLocked(AlarmManagerService.java:3603)
10-16 11:07:26.850 W/System.err(  628): 	at com.android.server.AlarmManagerService$AlarmThread.run(AlarmManagerService.java:3781)
10-16 11:07:26.852 E/ActivityManager(  628): Sending non-protected broadcast ALARM_ACTION(1084) from system uid 1000 pkg com.tal.genie.push
10-16 11:07:26.852 E/ActivityManager(  628): java.lang.Throwable
10-16 11:07:26.852 E/ActivityManager(  628): 	at com.android.server.am.ActivityManagerService.checkBroadcastFromSystem(ActivityManagerService.java:21471)
10-16 11:07:26.852 E/ActivityManager(  628): 	at com.android.server.am.ActivityManagerService.broadcastIntentLocked(ActivityManagerService.java:22071)
10-16 11:07:26.852 E/ActivityManager(  628): 	at com.android.server.am.ActivityManagerService.broadcastIntentInPackage(ActivityManagerService.java:22250)
10-16 11:07:26.852 E/ActivityManager(  628): 	at com.android.server.am.PendingIntentRecord.sendInner(PendingIntentRecord.java:372)
10-16 11:07:26.852 E/ActivityManager(  628): 	at com.android.server.am.PendingIntentRecord.sendWithResult(PendingIntentRecord.java:245)
10-16 11:07:26.852 E/ActivityManager(  628): 	at com.android.server.am.ActivityManagerService.sendIntentSender(ActivityManagerService.java:8607)
10-16 11:07:26.852 E/ActivityManager(  628): 	at android.app.PendingIntent.sendAndReturnResult(PendingIntent.java:892)
10-16 11:07:26.852 E/ActivityManager(  628): 	at android.app.PendingIntent.send(PendingIntent.java:874)
10-16 11:07:26.852 E/ActivityManager(  628): 	at com.android.server.AlarmManagerService$DeliveryTracker.deliverLocked(AlarmManagerService.java:4387)
10-16 11:07:26.852 E/ActivityManager(  628): 	at com.android.server.AlarmManagerService.deliverAlarmsLocked(AlarmManagerService.java:3632)
10-16 11:07:26.852 E/ActivityManager(  628): 	at com.android.server.AlarmManagerService$AlarmThread.run(AlarmManagerService.java:3781)
10-16 11:07:26.856 W/AES     (  628): Exception Log handling...
10-16 11:07:26.857 W/AES     (  628): skip for Exp level 0
10-16 11:07:27.568 I/native  ( 1090): I20211016 11:07:27.568367  1525 torch_asr_decoder.cc:326] Endpoint is detected at 739
10-16 11:07:27.612 E/WifiVendorHal(  628): getWifiLinkLayerStats(l.937) failed {.code = ERROR_NOT_SUPPORTED, .description = }
10-16 11:07:30.629 E/WifiVendorHal(  628): getWifiLinkLayerStats(l.937) failed {.code = ERROR_NOT_SUPPORTED, .description = }
10-16 11:07:31.895 I/libPowerHal(  303): perfUserScnCheckAll
10-16 11:07:33.639 E/WifiVendorHal(  628): getWifiLinkLayerStats(l.937) failed {.code = ERROR_NOT_SUPPORTED, .description = }
10-16 11:07:34.864 E/MtkDataShapingUtils(  628): Exception openLteGateByDataShaping  in java.lang.NullPointerException: null receiver
10-16 11:07:34.865 W/System.err(  628): java.lang.NullPointerException: null receiver
10-16 11:07:34.865 W/System.err(  628): 	at java.lang.reflect.Method.invoke(Native Method)
10-16 11:07:34.865 W/System.err(  628): 	at com.mediatek.server.MtkDataShaping.openLteGateByDataShaping(MtkDataShaping.java:36)
10-16 11:07:34.865 W/System.err(  628): 	at com.android.server.AlarmManagerService.deliverAlarmsLocked(AlarmManagerService.java:3603)
10-16 11:07:34.865 W/System.err(  628): 	at com.android.server.AlarmManagerService$AlarmThread.run(AlarmManagerService.java:3781)
10-16 11:07:34.866 E/ActivityManager(  628): Sending non-protected broadcast ALARM_ACTION(1084) from system uid 1000 pkg com.tal.genie.push
10-16 11:07:34.866 E/ActivityManager(  628): java.lang.Throwable
10-16 11:07:34.866 E/ActivityManager(  628): 	at com.android.server.am.ActivityManagerService.checkBroadcastFromSystem(ActivityManagerService.java:21471)
10-16 11:07:34.866 E/ActivityManager(  628): 	at com.android.server.am.ActivityManagerService.broadcastIntentLocked(ActivityManagerService.java:22071)
10-16 11:07:34.866 E/ActivityManager(  628): 	at com.android.server.am.ActivityManagerService.broadcastIntentInPackage(ActivityManagerService.java:22250)
10-16 11:07:34.866 E/ActivityManager(  628): 	at com.android.server.am.PendingIntentRecord.sendInner(PendingIntentRecord.java:372)
10-16 11:07:34.866 E/ActivityManager(  628): 	at com.android.server.am.PendingIntentRecord.sendWithResult(PendingIntentRecord.java:245)
10-16 11:07:34.866 E/ActivityManager(  628): 	at com.android.server.am.ActivityManagerService.sendIntentSender(ActivityManagerService.java:8607)
10-16 11:07:34.866 E/ActivityManager(  628): 	at android.app.PendingIntent.sendAndReturnResult(PendingIntent.java:892)
10-16 11:07:34.866 E/ActivityManager(  628): 	at android.app.PendingIntent.send(PendingIntent.java:874)
10-16 11:07:34.866 E/ActivityManager(  628): 	at com.android.server.AlarmManagerService$DeliveryTracker.deliverLocked(AlarmManagerService.java:4387)
10-16 11:07:34.866 E/ActivityManager(  628): 	at com.android.server.AlarmManagerService.deliverAlarmsLocked(AlarmManagerService.java:3632)
10-16 11:07:34.866 E/ActivityManager(  628): 	at com.android.server.AlarmManagerService$AlarmThread.run(AlarmManagerService.java:3781)
10-16 11:07:34.871 W/AES     (  628): Exception Log handling...
10-16 11:07:34.873 W/AES     (  628): skip for Exp level 0
10-16 11:07:36.655 E/WifiVendorHal(  628): getWifiLinkLayerStats(l.937) failed {.code = ERROR_NOT_SUPPORTED, .description = }
10-16 11:07:39.669 E/WifiVendorHal(  628): getWifiLinkLayerStats(l.937) failed {.code = ERROR_NOT_SUPPORTED, .description = }
10-16 11:07:41.537 E/storaged(  466): getDiskStats failed with result NOT_SUPPORTED and size 0
10-16 11:07:41.653 I/native  ( 1090): I20211016 11:07:41.652926  1525 torch_asr_decoder.cc:326] Endpoint is detected at 1283
10-16 11:07:42.682 E/WifiVendorHal(  628): getWifiLinkLayerStats(l.937) failed {.code = ERROR_NOT_SUPPORTED, .description = }
10-16 11:07:42.877 E/MtkDataShapingUtils(  628): Exception openLteGateByDataShaping  in java.lang.NullPointerException: null receiver
10-16 11:07:42.878 W/System.err(  628): java.lang.NullPointerException: null receiver
10-16 11:07:42.878 W/System.err(  628): 	at java.lang.reflect.Method.invoke(Native Method)
10-16 11:07:42.878 W/System.err(  628): 	at com.mediatek.server.MtkDataShaping.openLteGateByDataShaping(MtkDataShaping.java:36)
10-16 11:07:42.878 W/System.err(  628): 	at com.android.server.AlarmManagerService.deliverAlarmsLocked(AlarmManagerService.java:3603)
10-16 11:07:42.878 W/System.err(  628): 	at com.android.server.AlarmManagerService$AlarmThread.run(AlarmManagerService.java:3781)
10-16 11:07:42.882 E/ActivityManager(  628): Sending non-protected broadcast ALARM_ACTION(1084) from system uid 1000 pkg com.tal.genie.push
10-16 11:07:42.882 E/ActivityManager(  628): java.lang.Throwable
10-16 11:07:42.882 E/ActivityManager(  628): 	at com.android.server.am.ActivityManagerService.checkBroadcastFromSystem(ActivityManagerService.java:21471)
10-16 11:07:42.882 E/ActivityManager(  628): 	at com.android.server.am.ActivityManagerService.broadcastIntentLocked(ActivityManagerService.java:22071)
10-16 11:07:42.882 E/ActivityManager(  628): 	at com.android.server.am.ActivityManagerService.broadcastIntentInPackage(ActivityManagerService.java:22250)
10-16 11:07:42.882 E/ActivityManager(  628): 	at com.android.server.am.PendingIntentRecord.sendInner(PendingIntentRecord.java:372)
10-16 11:07:42.882 E/ActivityManager(  628): 	at com.android.server.am.PendingIntentRecord.sendWithResult(PendingIntentRecord.java:245)
10-16 11:07:42.882 E/ActivityManager(  628): 	at com.android.server.am.ActivityManagerService.sendIntentSender(ActivityManagerService.java:8607)
10-16 11:07:42.882 E/ActivityManager(  628): 	at android.app.PendingIntent.sendAndReturnResult(PendingIntent.java:892)
10-16 11:07:42.882 E/ActivityManager(  628): 	at android.app.PendingIntent.send(PendingIntent.java:874)
10-16 11:07:42.882 E/ActivityManager(  628): 	at com.android.server.AlarmManagerService$DeliveryTracker.deliverLocked(AlarmManagerService.java:4387)
10-16 11:07:42.882 E/ActivityManager(  628): 	at com.android.server.AlarmManagerService.deliverAlarmsLocked(AlarmManagerService.java:3632)
10-16 11:07:42.882 E/ActivityManager(  628): 	at com.android.server.AlarmManagerService$AlarmThread.run(AlarmManagerService.java:3781)
10-16 11:07:42.888 W/AES     (  628): Exception Log handling...
10-16 11:07:42.891 W/AES     (  628): skip for Exp level 0
10-16 11:07:45.577 E/NotificationShelf(  757): iconState is null. ExpandedIcon: StatusBarIconView(slot=com.tal.genie.lockscreen/0x3e7 icon=StatusBarIcon(icon=Icon(typ=RESOURCE pkg=com.tal.genie.lockscreen id=0x7f07006f) visible user=0 ) notification=StatusBarNotification(pkg=com.tal.genie.lockscreen user=UserHandle{0} id=999 tag=null key=0|com.tal.genie.lockscreen|999|null|10025: Notification(channel=com.tal.genie.lockscreen pri=2 contentView=null vibrate=null sound=null defaults=0x0 flags=0x62 color=0x00000000 category=service vis=PRIVATE)))
10-16 11:07:45.577 E/NotificationShelf(  757):  icon parent: null 
10-16 11:07:45.577 E/NotificationShelf(  757):  number of notifications: 8
10-16 11:07:45.583 W/AES     (  628): Exception Log handling...
10-16 11:07:45.585 W/AES     (  628): skip for Exp level 0
10-16 11:07:45.588 I/BufferQueueProducer(  313): [StatusBar#0](this:0xa1e60000,id:3,api:1,p:757,c:313) queueBuffer: fps=0.04 dur=45539.05 max=45498.15 min=40.90
10-16 11:07:45.598 I/SurfaceFlinger(  313): [Built-in Screen (type:0)] fps:0.087835,dur:45539.94,max:45469.73,min:16.76
10-16 11:07:45.613 E/NotificationShelf(  757): iconState is null. ExpandedIcon: StatusBarIconView(slot=com.tal.genie.lockscreen/0x3e7 icon=StatusBarIcon(icon=Icon(typ=RESOURCE pkg=com.tal.genie.lockscreen id=0x7f07006f) visible user=0 ) notification=StatusBarNotification(pkg=com.tal.genie.lockscreen user=UserHandle{0} id=999 tag=null key=0|com.tal.genie.lockscreen|999|null|10025: Notification(channel=com.tal.genie.lockscreen pri=2 contentView=null vibrate=null sound=null defaults=0x0 flags=0x62 color=0x00000000 category=service vis=PRIVATE)))
10-16 11:07:45.613 E/NotificationShelf(  757):  icon parent: null 
10-16 11:07:45.613 E/NotificationShelf(  757):  number of notifications: 8
10-16 11:07:45.620 W/AES     (  628): Exception Log handling...
10-16 11:07:45.622 W/AES     (  628): skip for Exp level 0
10-16 11:07:45.699 E/WifiVendorHal(  628): getWifiLinkLayerStats(l.937) failed {.code = ERROR_NOT_SUPPORTED, .description = }
10-16 11:07:48.716 E/WifiVendorHal(  628): getWifiLinkLayerStats(l.937) failed {.code = ERROR_NOT_SUPPORTED, .description = }
10-16 11:07:50.899 E/MtkDataShapingUtils(  628): Exception openLteGateByDataShaping  in java.lang.NullPointerException: null receiver
10-16 11:07:50.899 W/System.err(  628): java.lang.NullPointerException: null receiver
10-16 11:07:50.899 W/System.err(  628): 	at java.lang.reflect.Method.invoke(Native Method)
10-16 11:07:50.899 W/System.err(  628): 	at com.mediatek.server.MtkDataShaping.openLteGateByDataShaping(MtkDataShaping.java:36)
10-16 11:07:50.899 W/System.err(  628): 	at com.android.server.AlarmManagerService.deliverAlarmsLocked(AlarmManagerService.java:3603)
10-16 11:07:50.899 W/System.err(  628): 	at com.android.server.AlarmManagerService$AlarmThread.run(AlarmManagerService.java:3781)
10-16 11:07:50.900 E/ActivityManager(  628): Sending non-protected broadcast ALARM_ACTION(1084) from system uid 1000 pkg com.tal.genie.push
10-16 11:07:50.900 E/ActivityManager(  628): java.lang.Throwable
10-16 11:07:50.900 E/ActivityManager(  628): 	at com.android.server.am.ActivityManagerService.checkBroadcastFromSystem(ActivityManagerService.java:21471)
10-16 11:07:50.900 E/ActivityManager(  628): 	at com.android.server.am.ActivityManagerService.broadcastIntentLocked(ActivityManagerService.java:22071)
10-16 11:07:50.900 E/ActivityManager(  628): 	at com.android.server.am.ActivityManagerService.broadcastIntentInPackage(ActivityManagerService.java:22250)
10-16 11:07:50.900 E/ActivityManager(  628): 	at com.android.server.am.PendingIntentRecord.sendInner(PendingIntentRecord.java:372)
10-16 11:07:50.900 E/ActivityManager(  628): 	at com.android.server.am.PendingIntentRecord.sendWithResult(PendingIntentRecord.java:245)
10-16 11:07:50.900 E/ActivityManager(  628): 	at com.android.server.am.ActivityManagerService.sendIntentSender(ActivityManagerService.java:8607)
10-16 11:07:50.900 E/ActivityManager(  628): 	at android.app.PendingIntent.sendAndReturnResult(PendingIntent.java:892)
10-16 11:07:50.900 E/ActivityManager(  628): 	at android.app.PendingIntent.send(PendingIntent.java:874)
10-16 11:07:50.900 E/ActivityManager(  628): 	at com.android.server.AlarmManagerService$DeliveryTracker.deliverLocked(AlarmManagerService.java:4387)
10-16 11:07:50.900 E/ActivityManager(  628): 	at com.android.server.AlarmManagerService.deliverAlarmsLocked(AlarmManagerService.java:3632)
10-16 11:07:50.900 E/ActivityManager(  628): 	at com.android.server.AlarmManagerService$AlarmThread.run(AlarmManagerService.java:3781)
10-16 11:07:50.905 W/AES     (  628): Exception Log handling...
10-16 11:07:50.907 W/AES     (  628): skip for Exp level 0
10-16 11:07:51.062 I/test    ( 1079): check code:45 name 0.2.0 10-15 18:26:22
10-16 11:07:51.064 I/com.tal.genie.rtc( 1079): check code:45 name 0.2.0 10-15 18:26:22
10-16 11:07:51.077 I/Rtc-OkHttp( 1079): --> GET http://bugly.liyafeng.com/users/rtc/update
10-16 11:07:51.078 I/Rtc-OkHttp( 1079): timestamp: 1634353671
10-16 11:07:51.078 I/Rtc-OkHttp( 1079): trace-id: 163435367190889
10-16 11:07:51.078 I/Rtc-OkHttp( 1079): nonce: android-0.2.0-1244b3de-0200-4a29-996c-2e031c843f00
10-16 11:07:51.078 I/Rtc-OkHttp( 1079): device-id: 00000000-63eb-35b8-ffff-ffffef05ac4a
10-16 11:07:51.078 I/Rtc-OkHttp( 1079): app-version: 0.2.0
10-16 11:07:51.078 I/Rtc-OkHttp( 1079): app-refer: lamp_stu
10-16 11:07:51.078 I/Rtc-OkHttp( 1079): user-agent: genie_device_user_agent
10-16 11:07:51.078 I/Rtc-OkHttp( 1079): sign: 233bc1cde27b1bc677f21f999c07b4fa
10-16 11:07:51.078 I/Rtc-OkHttp( 1079): Authorization: Bearer eyJhbGciOiJIUzI1NiIsInR5cCI6IkpXVCJ9.eyJ1c2VyX2lkIjoxMDAwMTcyLCJ1c2VyX3NvdXJjZSI6ImxhbXBfc3R1IiwiYXVkIjoiQWNjZXNzVG9rZW4iLCJleHAiOjE2MzQ5NTcyODYsImlhdCI6MTYzNDM1MjQ4NiwibmJmIjoxNjM0MzUyNDg2LCJzdWIiOiIxMDAwMTcyIn0._2sijz3g5LmMPUO0I_3e5HnrL8_rx88cafJryqoIPMY
10-16 11:07:51.078 I/Rtc-OkHttp( 1079): --> END GET
10-16 11:07:51.101 I/Rtc-OkHttp( 1079): <-- 200 OK http://bugly.liyafeng.com/users/rtc/update (22ms)
10-16 11:07:51.101 I/Rtc-OkHttp( 1079): Server: nginx/1.12.2
10-16 11:07:51.101 I/Rtc-OkHttp( 1079): Date: Sat, 16 Oct 2021 03:07:51 GMT
10-16 11:07:51.101 I/Rtc-OkHttp( 1079): Content-Type: text/html; charset=utf-8
10-16 11:07:51.101 I/Rtc-OkHttp( 1079): Content-Length: 60
10-16 11:07:51.101 I/Rtc-OkHttp( 1079): Connection: keep-alive
10-16 11:07:51.101 I/Rtc-OkHttp( 1079): X-Powered-By: Express
10-16 11:07:51.101 I/Rtc-OkHttp( 1079): ETag: W/"3c-P5+aacLvND30T8bbG25OLg84qJM"
10-16 11:07:51.102 I/Rtc-OkHttp( 1079): 
10-16 11:07:51.103 I/Rtc-OkHttp( 1079): {"gpath":"{\"volume\":100}","gcode":"","gisForce":"isForce"}
10-16 11:07:51.103 I/Rtc-OkHttp( 1079): <-- END HTTP (60-byte body)
10-16 11:07:51.722 E/WifiVendorHal(  628): getWifiLinkLayerStats(l.937) failed {.code = ERROR_NOT_SUPPORTED, .description = }
10-16 11:07:54.736 I/chatty  (  628): uid=1000(system) WifiStateMachin identical 1 line
10-16 11:07:57.752 E/WifiVendorHal(  628): getWifiLinkLayerStats(l.937) failed {.code = ERROR_NOT_SUPPORTED, .description = }
10-16 11:07:58.914 E/MtkDataShapingUtils(  628): Exception openLteGateByDataShaping  in java.lang.NullPointerException: null receiver
10-16 11:07:58.914 W/System.err(  628): java.lang.NullPointerException: null receiver
10-16 11:07:58.914 W/System.err(  628): 	at java.lang.reflect.Method.invoke(Native Method)
10-16 11:07:58.914 W/System.err(  628): 	at com.mediatek.server.MtkDataShaping.openLteGateByDataShaping(MtkDataShaping.java:36)
10-16 11:07:58.914 W/System.err(  628): 	at com.android.server.AlarmManagerService.deliverAlarmsLocked(AlarmManagerService.java:3603)
10-16 11:07:58.914 W/System.err(  628): 	at com.android.server.AlarmManagerService$AlarmThread.run(AlarmManagerService.java:3781)
10-16 11:07:58.916 E/ActivityManager(  628): Sending non-protected broadcast ALARM_ACTION(1084) from system uid 1000 pkg com.tal.genie.push
10-16 11:07:58.916 E/ActivityManager(  628): java.lang.Throwable
10-16 11:07:58.916 E/ActivityManager(  628): 	at com.android.server.am.ActivityManagerService.checkBroadcastFromSystem(ActivityManagerService.java:21471)
10-16 11:07:58.916 E/ActivityManager(  628): 	at com.android.server.am.ActivityManagerService.broadcastIntentLocked(ActivityManagerService.java:22071)
10-16 11:07:58.916 E/ActivityManager(  628): 	at com.android.server.am.ActivityManagerService.broadcastIntentInPackage(ActivityManagerService.java:22250)
10-16 11:07:58.916 E/ActivityManager(  628): 	at com.android.server.am.PendingIntentRecord.sendInner(PendingIntentRecord.java:372)
10-16 11:07:58.916 E/ActivityManager(  628): 	at com.android.server.am.PendingIntentRecord.sendWithResult(PendingIntentRecord.java:245)
10-16 11:07:58.916 E/ActivityManager(  628): 	at com.android.server.am.ActivityManagerService.sendIntentSender(ActivityManagerService.java:8607)
10-16 11:07:58.916 E/ActivityManager(  628): 	at android.app.PendingIntent.sendAndReturnResult(PendingIntent.java:892)
10-16 11:07:58.916 E/ActivityManager(  628): 	at android.app.PendingIntent.send(PendingIntent.java:874)
10-16 11:07:58.916 E/ActivityManager(  628): 	at com.android.server.AlarmManagerService$DeliveryTracker.deliverLocked(AlarmManagerService.java:4387)
10-16 11:07:58.916 E/ActivityManager(  628): 	at com.android.server.AlarmManagerService.deliverAlarmsLocked(AlarmManagerService.java:3632)
10-16 11:07:58.916 E/ActivityManager(  628): 	at com.android.server.AlarmManagerService$AlarmThread.run(AlarmManagerService.java:3781)
10-16 11:07:58.920 W/AES     (  628): Exception Log handling...
10-16 11:07:58.922 W/lmkd    (  312): type=1400 audit(0.0:7194): avc: denied { dac_read_search } for capability=2 scontext=u:r:lmkd:s0 tcontext=u:r:lmkd:s0 tclass=capability permissive=0
10-16 11:07:58.922 W/AES     (  628): skip for Exp level 0
10-16 11:07:58.928 I/chatty  (  312): uid=0(root) /system/bin/lmkd expire 2 lines
10-16 11:07:58.928 W/lmkd    (  312): type=1400 audit(0.0:7197): avc: denied { dac_read_search } for capability=2 scontext=u:r:lmkd:s0 tcontext=u:r:lmkd:s0 tclass=capability permissive=0
10-16 11:07:58.936 I/[push]JobCore( 1301): 2/onStartJob 1
10-16 11:07:58.938 W/lmkd    (  312): type=1400 audit(0.0:7198): avc: denied { dac_read_search } for capability=2 scontext=u:r:lmkd:s0 tcontext=u:r:lmkd:s0 tclass=capability permissive=0
10-16 11:07:58.942 I/[push]JobCore( 1301): 2/onStartJob 0
10-16 11:08:00.001 E/MtkDataShapingUtils(  628): Exception openLteGateByDataShaping  in java.lang.NullPointerException: null receiver
10-16 11:08:00.001 W/System.err(  628): java.lang.NullPointerException: null receiver
10-16 11:08:00.001 W/System.err(  628): 	at java.lang.reflect.Method.invoke(Native Method)
10-16 11:08:00.001 W/System.err(  628): 	at com.mediatek.server.MtkDataShaping.openLteGateByDataShaping(MtkDataShaping.java:36)
10-16 11:08:00.001 W/System.err(  628): 	at com.android.server.AlarmManagerService.deliverAlarmsLocked(AlarmManagerService.java:3603)
10-16 11:08:00.001 W/System.err(  628): 	at com.android.server.AlarmManagerService$AlarmThread.run(AlarmManagerService.java:3781)
10-16 11:08:00.008 W/lmkd    (  312): type=1400 audit(0.0:7202): avc: denied { dac_read_search } for capability=2 scontext=u:r:lmkd:s0 tcontext=u:r:lmkd:s0 tclass=capability permissive=0
10-16 11:08:00.008 W/lmkd    (  312): type=1400 audit(0.0:7203): avc: denied { dac_read_search } for capability=2 scontext=u:r:lmkd:s0 tcontext=u:r:lmkd:s0 tclass=capability permissive=0
10-16 11:08:00.018 W/ContextImpl( 1144): Calling a method in the system process without a qualified user: android.app.ContextImpl.sendBroadcast:1006 android.content.ContextWrapper.sendBroadcast:444 com.tal.genie.launcher.service.TimeTickListener.sendOTASilentBroadcast:52 com.tal.genie.launcher.service.TimeTickListener.onTimeTickReceived:31 com.tal.genie.base_receiver.time.TimeTickManager.onTimeTickReceived:80 
10-16 11:08:00.024 E/ActivityManager(  628): Sending non-protected broadcast com.tal.genie.setting.action_silent_upgrade from system 1144:com.tal.genie.launcher/1000 pkg com.tal.genie.launcher
10-16 11:08:00.024 E/ActivityManager(  628): java.lang.Throwable
10-16 11:08:00.024 E/ActivityManager(  628): 	at com.android.server.am.ActivityManagerService.checkBroadcastFromSystem(ActivityManagerService.java:21467)
10-16 11:08:00.024 E/ActivityManager(  628): 	at com.android.server.am.ActivityManagerService.broadcastIntentLocked(ActivityManagerService.java:22071)
10-16 11:08:00.024 E/ActivityManager(  628): 	at com.android.server.am.ActivityManagerService.broadcastIntent(ActivityManagerService.java:22221)
10-16 11:08:00.024 E/ActivityManager(  628): 	at android.app.IActivityManager$Stub.onTransact$broadcastIntent$(IActivityManager.java:10181)
10-16 11:08:00.024 E/ActivityManager(  628): 	at android.app.IActivityManager$Stub.onTransact(IActivityManager.java:167)
10-16 11:08:00.024 E/ActivityManager(  628): 	at com.android.server.am.ActivityManagerService.onTransact(ActivityManagerService.java:3350)
10-16 11:08:00.024 E/ActivityManager(  628): 	at android.os.Binder.execTransact(Binder.java:731)
10-16 11:08:00.025 W/lmkd    (  312): type=1400 audit(0.0:7204): avc: denied { dac_read_search } for capability=2 scontext=u:r:lmkd:s0 tcontext=u:r:lmkd:s0 tclass=capability permissive=0
10-16 11:08:00.025 I/chatty  (  312): uid=0(root) /system/bin/lmkd identical 1 line
10-16 11:08:00.027 E/NotificationShelf(  757): iconState is null. ExpandedIcon: StatusBarIconView(slot=com.tal.genie.lockscreen/0x3e7 icon=StatusBarIcon(icon=Icon(typ=RESOURCE pkg=com.tal.genie.lockscreen id=0x7f07006f) visible user=0 ) notification=StatusBarNotification(pkg=com.tal.genie.lockscreen user=UserHandle{0} id=999 tag=null key=0|com.tal.genie.lockscreen|999|null|10025: Notification(channel=com.tal.genie.lockscreen pri=2 contentView=null vibrate=null sound=null defaults=0x0 flags=0x62 color=0x00000000 category=service vis=PRIVATE)))
10-16 11:08:00.027 E/NotificationShelf(  757):  icon parent: null 
10-16 11:08:00.027 E/NotificationShelf(  757):  number of notifications: 8
10-16 11:08:00.028 W/lmkd    (  312): type=1400 audit(0.0:7206): avc: denied { dac_read_search } for capability=2 scontext=u:r:lmkd:s0 tcontext=u:r:lmkd:s0 tclass=capability permissive=0
10-16 11:08:00.028 W/AES     (  628): Exception Log handling...
10-16 11:08:00.029 W/AES     (  628): skip for Exp level 0
10-16 11:08:00.033 W/ContextImpl( 1144): Calling a method in the system process without a qualified user: android.app.ContextImpl.sendBroadcast:1006 android.content.ContextWrapper.sendBroadcast:444 com.tal.genie.service_controldata.EyesProtectorManager.sendEyesProtectorBroadcast:186 com.tal.genie.service_controldata.EyesProtectorManager.eyesProtectDetector:63 com.tal.genie.launcher.service.TimeTickListener.onTimeTickReceived:34 
10-16 11:08:00.035 I/CustomReceiver( 1690): action ::: com.tal.genie.setting.action_silent_upgrade
10-16 11:08:00.039 E/ActivityManager(  628): Sending non-protected broadcast com.tal.genie.lock.eyes.protect from system 1144:com.tal.genie.launcher/1000 pkg com.tal.genie.launcher
10-16 11:08:00.039 E/ActivityManager(  628): java.lang.Throwable
10-16 11:08:00.039 E/ActivityManager(  628): 	at com.android.server.am.ActivityManagerService.checkBroadcastFromSystem(ActivityManagerService.java:21467)
10-16 11:08:00.039 E/ActivityManager(  628): 	at com.android.server.am.ActivityManagerService.broadcastIntentLocked(ActivityManagerService.java:22071)
10-16 11:08:00.039 E/ActivityManager(  628): 	at com.android.server.am.ActivityManagerService.broadcastIntent(ActivityManagerService.java:22221)
10-16 11:08:00.039 E/ActivityManager(  628): 	at android.app.IActivityManager$Stub.onTransact$broadcastIntent$(IActivityManager.java:10181)
10-16 11:08:00.039 E/ActivityManager(  628): 	at android.app.IActivityManager$Stub.onTransact(IActivityManager.java:167)
10-16 11:08:00.039 E/ActivityManager(  628): 	at com.android.server.am.ActivityManagerService.onTransact(ActivityManagerService.java:3350)
10-16 11:08:00.039 E/ActivityManager(  628): 	at android.os.Binder.execTransact(Binder.java:731)
10-16 11:08:00.043 W/AES     (  628): Exception Log handling...
10-16 11:08:00.045 W/AES     (  628): skip for Exp level 0
10-16 11:08:00.048 I/LockScreenReceiver( 1708): action ::: com.tal.genie.lock.eyes.protect
10-16 11:08:00.052 W/AES     (  628): Exception Log handling...
10-16 11:08:00.054 W/AES     (  628): skip for Exp level 0
10-16 11:08:00.055 I/TtSy    ( 1090): [ (BrHelp.java:37)#onReceive ] action:com.tal.genie.lock.screen.protect
10-16 11:08:00.059 I/TtSy    ( 1090): [ (BrHelp.java:37)#onReceive ] action:com.tal.genie.lock.screen.protect
10-16 11:08:00.062 I/BufferQueueProducer(  313): [StatusBar#0](this:0xa1e60000,id:3,api:1,p:757,c:313) queueBuffer: fps=0.21 dur=14474.82 max=14427.13 min=14.85
10-16 11:08:00.071 I/SurfaceFlinger(  313): [Built-in Screen (type:0)] fps:0.207277,dur:14473.40,max:14420.88,min:17.66
10-16 11:08:00.079 E/NotificationShelf(  757): iconState is null. ExpandedIcon: StatusBarIconView(slot=com.tal.genie.lockscreen/0x3e7 icon=StatusBarIcon(icon=Icon(typ=RESOURCE pkg=com.tal.genie.lockscreen id=0x7f07006f) visible user=0 ) notification=StatusBarNotification(pkg=com.tal.genie.lockscreen user=UserHandle{0} id=999 tag=null key=0|com.tal.genie.lockscreen|999|null|10025: Notification(channel=com.tal.genie.lockscreen pri=2 contentView=null vibrate=null sound=null defaults=0x0 flags=0x62 color=0x00000000 category=service vis=PRIVATE)))
10-16 11:08:00.079 E/NotificationShelf(  757):  icon parent: null 
10-16 11:08:00.079 E/NotificationShelf(  757):  number of notifications: 8
10-16 11:08:00.089 I/BufferQueueProducer(  313): [com.tal.genie.lockscreen/com.tal.genie.lockscreen.activity.LockScreenActivity#0](this:0xa1d0c000,id:8,api:1,p:1708,c:313) queueBuffer: fps=0.02 dur=59987.42 max=59987.42 min=59987.42
10-16 11:08:00.094 W/AES     (  628): Exception Log handling...
10-16 11:08:00.095 W/AES     (  628): skip for Exp level 0
10-16 11:08:00.098 I/BufferQueueProducer(  313): [com.tal.genie.launcher/com.tal.genie.launcher.ui.main.MainActivity#0](this:0xa1d29000,id:7,api:1,p:1144,c:313) queueBuffer: fps=0.02 dur=59985.90 max=59985.90 min=59985.90
10-16 11:08:00.769 E/WifiVendorHal(  628): getWifiLinkLayerStats(l.937) failed {.code = ERROR_NOT_SUPPORTED, .description = }
10-16 11:08:03.786 E/WifiVendorHal(  628): getWifiLinkLayerStats(l.937) failed {.code = ERROR_NOT_SUPPORTED, .description = }
10-16 11:08:05.650 I/native  ( 1090): I20211016 11:08:05.649930  1525 torch_asr_decoder.cc:326] Endpoint is detected at 1459
10-16 11:08:06.802 E/WifiVendorHal(  628): getWifiLinkLayerStats(l.937) failed {.code = ERROR_NOT_SUPPORTED, .description = }
10-16 11:08:06.929 E/MtkDataShapingUtils(  628): Exception openLteGateByDataShaping  in java.lang.NullPointerException: null receiver
10-16 11:08:06.929 W/System.err(  628): java.lang.NullPointerException: null receiver
10-16 11:08:06.929 W/System.err(  628): 	at java.lang.reflect.Method.invoke(Native Method)
10-16 11:08:06.929 W/System.err(  628): 	at com.mediatek.server.MtkDataShaping.openLteGateByDataShaping(MtkDataShaping.java:36)
10-16 11:08:06.929 W/System.err(  628): 	at com.android.server.AlarmManagerService.deliverAlarmsLocked(AlarmManagerService.java:3603)
10-16 11:08:06.929 W/System.err(  628): 	at com.android.server.AlarmManagerService$AlarmThread.run(AlarmManagerService.java:3781)
10-16 11:08:06.930 E/ActivityManager(  628): Sending non-protected broadcast ALARM_ACTION(1084) from system uid 1000 pkg com.tal.genie.push
10-16 11:08:06.930 E/ActivityManager(  628): java.lang.Throwable
10-16 11:08:06.930 E/ActivityManager(  628): 	at com.android.server.am.ActivityManagerService.checkBroadcastFromSystem(ActivityManagerService.java:21471)
10-16 11:08:06.930 E/ActivityManager(  628): 	at com.android.server.am.ActivityManagerService.broadcastIntentLocked(ActivityManagerService.java:22071)
10-16 11:08:06.930 E/ActivityManager(  628): 	at com.android.server.am.ActivityManagerService.broadcastIntentInPackage(ActivityManagerService.java:22250)
10-16 11:08:06.930 E/ActivityManager(  628): 	at com.android.server.am.PendingIntentRecord.sendInner(PendingIntentRecord.java:372)
10-16 11:08:06.930 E/ActivityManager(  628): 	at com.android.server.am.PendingIntentRecord.sendWithResult(PendingIntentRecord.java:245)
10-16 11:08:06.930 E/ActivityManager(  628): 	at com.android.server.am.ActivityManagerService.sendIntentSender(ActivityManagerService.java:8607)
10-16 11:08:06.930 E/ActivityManager(  628): 	at android.app.PendingIntent.sendAndReturnResult(PendingIntent.java:892)
10-16 11:08:06.930 E/ActivityManager(  628): 	at android.app.PendingIntent.send(PendingIntent.java:874)
10-16 11:08:06.930 E/ActivityManager(  628): 	at com.android.server.AlarmManagerService$DeliveryTracker.deliverLocked(AlarmManagerService.java:4387)
10-16 11:08:06.930 E/ActivityManager(  628): 	at com.android.server.AlarmManagerService.deliverAlarmsLocked(AlarmManagerService.java:3632)
10-16 11:08:06.930 E/ActivityManager(  628): 	at com.android.server.AlarmManagerService$AlarmThread.run(AlarmManagerService.java:3781)
10-16 11:08:09.812 E/WifiVendorHal(  628): getWifiLinkLayerStats(l.937) failed {.code = ERROR_NOT_SUPPORTED, .description = }
10-16 11:08:12.829 E/WifiVendorHal(  628): getWifiLinkLayerStats(l.937) failed {.code = ERROR_NOT_SUPPORTED, .description = }
10-16 11:08:14.935 E/MtkDataShapingUtils(  628): Exception openLteGateByDataShaping  in java.lang.NullPointerException: null receiver
10-16 11:08:14.935 W/System.err(  628): java.lang.NullPointerException: null receiver
10-16 11:08:14.935 W/System.err(  628): 	at java.lang.reflect.Method.invoke(Native Method)
10-16 11:08:14.935 W/System.err(  628): 	at com.mediatek.server.MtkDataShaping.openLteGateByDataShaping(MtkDataShaping.java:36)
10-16 11:08:14.935 W/System.err(  628): 	at com.android.server.AlarmManagerService.deliverAlarmsLocked(AlarmManagerService.java:3603)
10-16 11:08:14.935 W/System.err(  628): 	at com.android.server.AlarmManagerService$AlarmThread.run(AlarmManagerService.java:3781)
10-16 11:08:14.936 E/ActivityManager(  628): Sending non-protected broadcast ALARM_ACTION(1084) from system uid 1000 pkg com.tal.genie.push
10-16 11:08:14.936 E/ActivityManager(  628): java.lang.Throwable
10-16 11:08:14.936 E/ActivityManager(  628): 	at com.android.server.am.ActivityManagerService.checkBroadcastFromSystem(ActivityManagerService.java:21471)
10-16 11:08:14.936 E/ActivityManager(  628): 	at com.android.server.am.ActivityManagerService.broadcastIntentLocked(ActivityManagerService.java:22071)
10-16 11:08:14.936 E/ActivityManager(  628): 	at com.android.server.am.ActivityManagerService.broadcastIntentInPackage(ActivityManagerService.java:22250)
10-16 11:08:14.936 E/ActivityManager(  628): 	at com.android.server.am.PendingIntentRecord.sendInner(PendingIntentRecord.java:372)
10-16 11:08:14.936 E/ActivityManager(  628): 	at com.android.server.am.PendingIntentRecord.sendWithResult(PendingIntentRecord.java:245)
10-16 11:08:14.936 E/ActivityManager(  628): 	at com.android.server.am.ActivityManagerService.sendIntentSender(ActivityManagerService.java:8607)
10-16 11:08:14.936 E/ActivityManager(  628): 	at android.app.PendingIntent.sendAndReturnResult(PendingIntent.java:892)
10-16 11:08:14.936 E/ActivityManager(  628): 	at android.app.PendingIntent.send(PendingIntent.java:874)
10-16 11:08:14.936 E/ActivityManager(  628): 	at com.android.server.AlarmManagerService$DeliveryTracker.deliverLocked(AlarmManagerService.java:4387)
10-16 11:08:14.936 E/ActivityManager(  628): 	at com.android.server.AlarmManagerService.deliverAlarmsLocked(AlarmManagerService.java:3632)
10-16 11:08:14.936 E/ActivityManager(  628): 	at com.android.server.AlarmManagerService$AlarmThread.run(AlarmManagerService.java:3781)
10-16 11:08:14.940 W/AES     (  628): Exception Log handling...
10-16 11:08:14.942 W/AES     (  628): skip for Exp level 0
10-16 11:08:15.846 E/WifiVendorHal(  628): getWifiLinkLayerStats(l.937) failed {.code = ERROR_NOT_SUPPORTED, .description = }
10-16 11:08:18.862 E/WifiVendorHal(  628): getWifiLinkLayerStats(l.937) failed {.code = ERROR_NOT_SUPPORTED, .description = }
10-16 11:08:21.075 I/test    ( 1079): check code:45 name 0.2.0 10-15 18:26:22
10-16 11:08:21.079 I/com.tal.genie.rtc( 1079): check code:45 name 0.2.0 10-15 18:26:22
10-16 11:08:21.095 I/Rtc-OkHttp( 1079): --> GET http://bugly.liyafeng.com/users/rtc/update
10-16 11:08:21.095 I/Rtc-OkHttp( 1079): timestamp: 1634353701
10-16 11:08:21.095 I/Rtc-OkHttp( 1079): trace-id: 163435370134895
10-16 11:08:21.095 I/Rtc-OkHttp( 1079): nonce: android-0.2.0-f86656b0-9b98-4700-8324-f72b0b3462c8
10-16 11:08:21.095 I/Rtc-OkHttp( 1079): device-id: 00000000-63eb-35b8-ffff-ffffef05ac4a
10-16 11:08:21.095 I/Rtc-OkHttp( 1079): app-version: 0.2.0
10-16 11:08:21.095 I/Rtc-OkHttp( 1079): app-refer: lamp_stu
10-16 11:08:21.095 I/Rtc-OkHttp( 1079): user-agent: genie_device_user_agent
10-16 11:08:21.095 I/Rtc-OkHttp( 1079): sign: 2e01d3eee3efba9ff47c5383f4bbe999
10-16 11:08:21.096 I/Rtc-OkHttp( 1079): Authorization: Bearer eyJhbGciOiJIUzI1NiIsInR5cCI6IkpXVCJ9.eyJ1c2VyX2lkIjoxMDAwMTcyLCJ1c2VyX3NvdXJjZSI6ImxhbXBfc3R1IiwiYXVkIjoiQWNjZXNzVG9rZW4iLCJleHAiOjE2MzQ5NTcyODYsImlhdCI6MTYzNDM1MjQ4NiwibmJmIjoxNjM0MzUyNDg2LCJzdWIiOiIxMDAwMTcyIn0._2sijz3g5LmMPUO0I_3e5HnrL8_rx88cafJryqoIPMY
10-16 11:08:21.096 I/Rtc-OkHttp( 1079): --> END GET
10-16 11:08:21.125 I/Rtc-OkHttp( 1079): <-- 200 OK http://bugly.liyafeng.com/users/rtc/update (29ms)
10-16 11:08:21.126 I/Rtc-OkHttp( 1079): Server: nginx/1.12.2
10-16 11:08:21.126 I/Rtc-OkHttp( 1079): Date: Sat, 16 Oct 2021 03:08:21 GMT
10-16 11:08:21.126 I/Rtc-OkHttp( 1079): Content-Type: text/html; charset=utf-8
10-16 11:08:21.126 I/Rtc-OkHttp( 1079): Content-Length: 60
10-16 11:08:21.126 I/Rtc-OkHttp( 1079): Connection: keep-alive
10-16 11:08:21.126 I/Rtc-OkHttp( 1079): X-Powered-By: Express
10-16 11:08:21.126 I/Rtc-OkHttp( 1079): ETag: W/"3c-P5+aacLvND30T8bbG25OLg84qJM"
10-16 11:08:21.127 I/Rtc-OkHttp( 1079): 
10-16 11:08:21.127 I/Rtc-OkHttp( 1079): {"gpath":"{\"volume\":100}","gcode":"","gisForce":"isForce"}
10-16 11:08:21.127 I/Rtc-OkHttp( 1079): <-- END HTTP (60-byte body)
10-16 11:08:21.869 E/WifiVendorHal(  628): getWifiLinkLayerStats(l.937) failed {.code = ERROR_NOT_SUPPORTED, .description = }
10-16 11:08:22.947 E/MtkDataShapingUtils(  628): Exception openLteGateByDataShaping  in java.lang.NullPointerException: null receiver
10-16 11:08:22.947 W/System.err(  628): java.lang.NullPointerException: null receiver
10-16 11:08:22.947 W/System.err(  628): 	at java.lang.reflect.Method.invoke(Native Method)
10-16 11:08:22.947 W/System.err(  628): 	at com.mediatek.server.MtkDataShaping.openLteGateByDataShaping(MtkDataShaping.java:36)
10-16 11:08:22.947 W/System.err(  628): 	at com.android.server.AlarmManagerService.deliverAlarmsLocked(AlarmManagerService.java:3603)
10-16 11:08:22.947 W/System.err(  628): 	at com.android.server.AlarmManagerService$AlarmThread.run(AlarmManagerService.java:3781)
10-16 11:08:22.948 E/ActivityManager(  628): Sending non-protected broadcast ALARM_ACTION(1084) from system uid 1000 pkg com.tal.genie.push
10-16 11:08:22.948 E/ActivityManager(  628): java.lang.Throwable
10-16 11:08:22.948 E/ActivityManager(  628): 	at com.android.server.am.ActivityManagerService.checkBroadcastFromSystem(ActivityManagerService.java:21471)
10-16 11:08:22.948 E/ActivityManager(  628): 	at com.android.server.am.ActivityManagerService.broadcastIntentLocked(ActivityManagerService.java:22071)
10-16 11:08:22.948 E/ActivityManager(  628): 	at com.android.server.am.ActivityManagerService.broadcastIntentInPackage(ActivityManagerService.java:22250)
10-16 11:08:22.948 E/ActivityManager(  628): 	at com.android.server.am.PendingIntentRecord.sendInner(PendingIntentRecord.java:372)
10-16 11:08:22.948 E/ActivityManager(  628): 	at com.android.server.am.PendingIntentRecord.sendWithResult(PendingIntentRecord.java:245)
10-16 11:08:22.948 E/ActivityManager(  628): 	at com.android.server.am.ActivityManagerService.sendIntentSender(ActivityManagerService.java:8607)
10-16 11:08:22.948 E/ActivityManager(  628): 	at android.app.PendingIntent.sendAndReturnResult(PendingIntent.java:892)
10-16 11:08:22.948 E/ActivityManager(  628): 	at android.app.PendingIntent.send(PendingIntent.java:874)
10-16 11:08:22.948 E/ActivityManager(  628): 	at com.android.server.AlarmManagerService$DeliveryTracker.deliverLocked(AlarmManagerService.java:4387)
10-16 11:08:22.948 E/ActivityManager(  628): 	at com.android.server.AlarmManagerService.deliverAlarmsLocked(AlarmManagerService.java:3632)
10-16 11:08:22.948 E/ActivityManager(  628): 	at com.android.server.AlarmManagerService$AlarmThread.run(AlarmManagerService.java:3781)
10-16 11:08:22.952 W/AES     (  628): Exception Log handling...
10-16 11:08:22.954 W/AES     (  628): skip for Exp level 0
10-16 11:08:24.889 E/WifiVendorHal(  628): getWifiLinkLayerStats(l.937) failed {.code = ERROR_NOT_SUPPORTED, .description = }
10-16 11:08:27.902 E/WifiVendorHal(  628): getWifiLinkLayerStats(l.937) failed {.code = ERROR_NOT_SUPPORTED, .description = }
10-16 11:08:28.078 E/MtkDataShapingUtils(  628): Exception openLteGateByDataShaping  in java.lang.NullPointerException: null receiver
10-16 11:08:28.079 W/System.err(  628): java.lang.NullPointerException: null receiver
10-16 11:08:28.079 W/System.err(  628): 	at java.lang.reflect.Method.invoke(Native Method)
10-16 11:08:28.079 W/System.err(  628): 	at com.mediatek.server.MtkDataShaping.openLteGateByDataShaping(MtkDataShaping.java:36)
10-16 11:08:28.079 W/System.err(  628): 	at com.android.server.AlarmManagerService.deliverAlarmsLocked(AlarmManagerService.java:3603)
10-16 11:08:28.079 W/System.err(  628): 	at com.android.server.AlarmManagerService$AlarmThread.run(AlarmManagerService.java:3781)
10-16 11:08:30.919 E/WifiVendorHal(  628): getWifiLinkLayerStats(l.937) failed {.code = ERROR_NOT_SUPPORTED, .description = }
10-16 11:08:30.958 E/MtkDataShapingUtils(  628): Exception openLteGateByDataShaping  in java.lang.NullPointerException: null receiver
10-16 11:08:30.959 W/System.err(  628): java.lang.NullPointerException: null receiver
10-16 11:08:30.959 W/System.err(  628): 	at java.lang.reflect.Method.invoke(Native Method)
10-16 11:08:30.959 W/System.err(  628): 	at com.mediatek.server.MtkDataShaping.openLteGateByDataShaping(MtkDataShaping.java:36)
10-16 11:08:30.959 W/System.err(  628): 	at com.android.server.AlarmManagerService.deliverAlarmsLocked(AlarmManagerService.java:3603)
10-16 11:08:30.959 W/System.err(  628): 	at com.android.server.AlarmManagerService$AlarmThread.run(AlarmManagerService.java:3781)
10-16 11:08:30.960 E/ActivityManager(  628): Sending non-protected broadcast ALARM_ACTION(1084) from system uid 1000 pkg com.tal.genie.push
10-16 11:08:30.960 E/ActivityManager(  628): java.lang.Throwable
10-16 11:08:30.960 E/ActivityManager(  628): 	at com.android.server.am.ActivityManagerService.checkBroadcastFromSystem(ActivityManagerService.java:21471)
10-16 11:08:30.960 E/ActivityManager(  628): 	at com.android.server.am.ActivityManagerService.broadcastIntentLocked(ActivityManagerService.java:22071)
10-16 11:08:30.960 E/ActivityManager(  628): 	at com.android.server.am.ActivityManagerService.broadcastIntentInPackage(ActivityManagerService.java:22250)
10-16 11:08:30.960 E/ActivityManager(  628): 	at com.android.server.am.PendingIntentRecord.sendInner(PendingIntentRecord.java:372)
10-16 11:08:30.960 E/ActivityManager(  628): 	at com.android.server.am.PendingIntentRecord.sendWithResult(PendingIntentRecord.java:245)
10-16 11:08:30.960 E/ActivityManager(  628): 	at com.android.server.am.ActivityManagerService.sendIntentSender(ActivityManagerService.java:8607)
10-16 11:08:30.960 E/ActivityManager(  628): 	at android.app.PendingIntent.sendAndReturnResult(PendingIntent.java:892)
10-16 11:08:30.960 E/ActivityManager(  628): 	at android.app.PendingIntent.send(PendingIntent.java:874)
10-16 11:08:30.960 E/ActivityManager(  628): 	at com.android.server.AlarmManagerService$DeliveryTracker.deliverLocked(AlarmManagerService.java:4387)
10-16 11:08:30.960 E/ActivityManager(  628): 	at com.android.server.AlarmManagerService.deliverAlarmsLocked(AlarmManagerService.java:3632)
10-16 11:08:30.960 E/ActivityManager(  628): 	at com.android.server.AlarmManagerService$AlarmThread.run(AlarmManagerService.java:3781)
10-16 11:08:30.963 W/AES     (  628): Exception Log handling...
10-16 11:08:30.965 W/AES     (  628): skip for Exp level 0
10-16 11:08:33.926 E/WifiVendorHal(  628): getWifiLinkLayerStats(l.937) failed {.code = ERROR_NOT_SUPPORTED, .description = }
10-16 11:08:36.942 E/WifiVendorHal(  628): getWifiLinkLayerStats(l.937) failed {.code = ERROR_NOT_SUPPORTED, .description = }
10-16 11:08:38.969 E/MtkDataShapingUtils(  628): Exception openLteGateByDataShaping  in java.lang.NullPointerException: null receiver
10-16 11:08:38.969 W/System.err(  628): java.lang.NullPointerException: null receiver
10-16 11:08:38.969 W/System.err(  628): 	at java.lang.reflect.Method.invoke(Native Method)
10-16 11:08:38.969 W/System.err(  628): 	at com.mediatek.server.MtkDataShaping.openLteGateByDataShaping(MtkDataShaping.java:36)
10-16 11:08:38.970 W/System.err(  628): 	at com.android.server.AlarmManagerService.deliverAlarmsLocked(AlarmManagerService.java:3603)
10-16 11:08:38.970 W/System.err(  628): 	at com.android.server.AlarmManagerService$AlarmThread.run(AlarmManagerService.java:3781)
10-16 11:08:38.971 E/ActivityManager(  628): Sending non-protected broadcast ALARM_ACTION(1084) from system uid 1000 pkg com.tal.genie.push
10-16 11:08:38.971 E/ActivityManager(  628): java.lang.Throwable
10-16 11:08:38.971 E/ActivityManager(  628): 	at com.android.server.am.ActivityManagerService.checkBroadcastFromSystem(ActivityManagerService.java:21471)
10-16 11:08:38.971 E/ActivityManager(  628): 	at com.android.server.am.ActivityManagerService.broadcastIntentLocked(ActivityManagerService.java:22071)
10-16 11:08:38.971 E/ActivityManager(  628): 	at com.android.server.am.ActivityManagerService.broadcastIntentInPackage(ActivityManagerService.java:22250)
10-16 11:08:38.971 E/ActivityManager(  628): 	at com.android.server.am.PendingIntentRecord.sendInner(PendingIntentRecord.java:372)
