--------- beginning of system
12-10 15:25:29.882 I/vold    (  268): Vold 3.0 (the awakening) firing up
12-10 15:25:29.883 V/vold    (  268): Detected support for: ext4 f2fs vfat
12-10 15:25:29.891 V/vold    (  268): Found unmanaged dm device named vroot
12-10 15:25:29.891 V/vold    (  268): Found unmanaged dm device named vendor
12-10 15:25:29.891 W/vold    (  268): Failed to LOOP_GET_STATUS64 /dev/block/loop5: No such device or address
12-10 15:25:29.891 W/vold    (  268): Failed to LOOP_GET_STATUS64 /dev/block/loop1: No such device or address
12-10 15:25:29.891 W/vold    (  268): Failed to LOOP_GET_STATUS64 /dev/block/loop2: No such device or address
12-10 15:25:29.891 W/vold    (  268): Failed to LOOP_GET_STATUS64 /dev/block/loop3: No such device or address
12-10 15:25:29.891 W/vold    (  268): Failed to LOOP_GET_STATUS64 /dev/block/loop0: No such device or address
12-10 15:25:29.891 W/vold    (  268): Failed to LOOP_GET_STATUS64 /dev/block/loop6: No such device or address
12-10 15:25:29.891 W/vold    (  268): Failed to LOOP_GET_STATUS64 /dev/block/loop7: No such device or address
12-10 15:25:29.891 W/vold    (  268): Failed to LOOP_GET_STATUS64 /dev/block/loop4: No such device or address
12-10 15:25:29.895 D/vold    (  268): VoldNativeService::start() completed OK
12-10 15:25:29.900 D/vold    (  268): e4crypt_init_user0
12-10 15:25:29.900 D/vold    (  268): e4crypt_prepare_user_storage for volume null, user 0, serial 0, flags 1
12-10 15:25:29.900 D/vold    (  268): Preparing: /data/system/users/0
12-10 15:25:29.900 D/vold    (  268): Preparing: /data/misc/profiles/cur/0
12-10 15:25:29.900 D/vold    (  268): Preparing: /data/system_de/0
12-10 15:25:29.900 D/vold    (  268): Preparing: /data/misc_de/0
12-10 15:25:29.900 D/vold    (  268): Preparing: /data/vendor_de/0
12-10 15:25:29.901 D/vold    (  268): Preparing: /data/user_de/0
12-10 15:25:29.901 V/vold    (  268): /system/bin/vold_prepare_subdirs
12-10 15:25:29.901 V/vold    (  268):     prepare
12-10 15:25:29.901 V/vold    (  268):     
12-10 15:25:29.901 V/vold    (  268):     0
12-10 15:25:29.901 V/vold    (  268):     1
12-10 15:25:29.935 D/vold    (  268): e4crypt_unlock_user_key 0 serial=0 token_present=0
12-10 15:25:29.935 E/vold    (  268): Failed to chmod /data/system_ce/0: No such file or directory
12-10 15:25:29.935 E/vold    (  268): Failed to chmod /data/misc_ce/0: No such file or directory
12-10 15:25:29.936 E/vold    (  268): Failed to chmod /data/media/0: No such file or directory
12-10 15:25:30.439 I/android.hardware.wifi@1.0-service-mediatek(  300): Wifi Hal is booting up...
12-10 15:25:30.597 I/Cryptfs (  268): cryptfs_check_passwd
12-10 15:25:30.599 D/Cryptfs (  268): crypt_ftr->fs_size = 8729567
12-10 15:25:30.600 I/Cryptfs (  268): Using scrypt with keymaster for cryptfs KDF
12-10 15:25:30.781 D/BootLogoUpdater(  309): [boot_logo_updater main 186]boot_logo_updater,
12-10 15:25:30.782 E/BootLogoUpdater(  309): [boot_logo_updater]fail to open: /sys/class/BOOT/BOOT/boot/boot_mode
12-10 15:25:30.782 E/BootLogoUpdater(  309): [boot_logo_updater]update boot reason = 0, ret = 0
12-10 15:25:31.032 I/Cryptfs (  268): Signing safely-padded object
12-10 15:25:31.046 I/vold    (  268): List of Keymaster HALs found:
12-10 15:25:31.046 I/vold    (  268): Keymaster HAL #1: SoftwareWrappedKeymaster2Device from Google SecurityLevel: TRUSTED_ENVIRONMENT HAL: android.hardware.keymaster@3.0::IKeymasterDevice/default
12-10 15:25:31.046 I/vold    (  268): Using SoftwareWrappedKeymaster2Device from Google for encryption.  Security level: TRUSTED_ENVIRONMENT, HAL: android.hardware.keymaster@3.0::IKeymasterDevice/default
12-10 15:25:31.478 I/Cryptfs (  268): Extra parameters for dm_crypt: 1 allow_discards
12-10 15:25:31.480 D/vold    (  268): Disk at 253:2 changed
12-10 15:25:31.895 I/Cryptfs (  268): Password matches
12-10 15:25:31.896 D/Cryptfs (  268): test_mount_encrypted_fs(): Master key saved
12-10 15:25:31.900 I/vold    (  268): List of Keymaster HALs found:
12-10 15:25:31.900 I/vold    (  268): Keymaster HAL #1: SoftwareWrappedKeymaster2Device from Google SecurityLevel: TRUSTED_ENVIRONMENT HAL: android.hardware.keymaster@3.0::IKeymasterDevice/default
12-10 15:25:31.900 I/vold    (  268): Using SoftwareWrappedKeymaster2Device from Google for encryption.  Security level: TRUSTED_ENVIRONMENT, HAL: android.hardware.keymaster@3.0::IKeymasterDevice/default
12-10 15:25:31.900 D/Cryptfs (  268): Password is default - restarting filesystem
12-10 15:25:31.919 D/Cryptfs (  268): unmounting /data succeeded
12-10 15:25:31.919 I/vold    (  268): [libfs_mgr]Running /system/bin/fsck.f2fs -a /dev/block/dm-2
12-10 15:25:31.995 I/vold    (  268): [libfs_mgr]__mount(source=/dev/block/dm-2,target=/data,type=f2fs)=0: Success
12-10 15:25:31.996 D/Cryptfs (  268): Just triggered post_fs_data
12-10 15:25:32.142 D/vold    (  268): e4crypt_init_user0
12-10 15:25:32.142 D/vold    (  268): e4crypt_prepare_user_storage for volume null, user 0, serial 0, flags 1
12-10 15:25:32.142 D/vold    (  268): Preparing: /data/system/users/0
12-10 15:25:32.143 D/vold    (  268): Preparing: /data/misc/profiles/cur/0
12-10 15:25:32.143 D/vold    (  268): Preparing: /data/system_de/0
12-10 15:25:32.145 D/vold    (  268): Preparing: /data/misc_de/0
12-10 15:25:32.145 D/vold    (  268): Preparing: /data/vendor_de/0
12-10 15:25:32.146 D/vold    (  268): Preparing: /data/user_de/0
12-10 15:25:32.146 V/vold    (  268): /system/bin/vold_prepare_subdirs
12-10 15:25:32.146 V/vold    (  268):     prepare
12-10 15:25:32.146 V/vold    (  268):     
12-10 15:25:32.146 V/vold    (  268):     0
12-10 15:25:32.146 V/vold    (  268):     1
12-10 15:25:32.179 D/vold    (  268): e4crypt_unlock_user_key 0 serial=0 token_present=0
12-10 15:25:32.283 D/Cryptfs (  268): post_fs_data done
12-10 15:25:32.285 D/Cryptfs (  268): Just triggered restart_framework
12-10 15:25:32.746 I/sn      (  475): Retry Times 15
12-10 15:25:32.746 I/sn      (  475): Sleep Time 10 sec
12-10 15:25:32.746 I/sn      (  475): Retry 0
12-10 15:25:32.746 I/sn      (  475): Fail to access err=2
12-10 15:25:32.747 I/chatty  (  475): uid=1000(system) identical 1 line
12-10 15:25:32.747 I/sn      (  475): Fail to access err=2
12-10 15:25:32.747 I/sn      (  475): Check all possible paths
12-10 15:25:32.790 I/installd(  445): installd firing up
12-10 15:25:32.796 I/wificond(  455): wificond is starting up...
12-10 15:25:33.975 D/TableOfContentThread(  448): TableOfContentThread Construct !0xae8c6288
12-10 15:25:37.425 I/SystemServer(  634): InitBeforeStartServices
12-10 15:25:37.425 I/SystemServer(  634): Entered the Android system server!
12-10 15:25:37.704 I/SystemServer(  634): StartServices
12-10 15:25:37.704 I/SystemServer(  634): Reading configuration...
12-10 15:25:37.704 I/SystemServer(  634): ReadingSystemConfig
12-10 15:25:37.705 I/SystemServer(  634): StartInstaller
12-10 15:25:37.705 I/SystemServiceManager(  634): Starting com.android.server.pm.Installer
12-10 15:25:37.707 I/SystemServer(  634): DeviceIdentifiersPolicyService
12-10 15:25:37.707 I/SystemServiceManager(  634): Starting com.android.server.os.DeviceIdentifiersPolicyService
12-10 15:25:37.708 I/SystemServer(  634): StartActivityManager
12-10 15:25:37.708 I/SystemServiceManager(  634): Starting com.android.server.am.ActivityManagerService$Lifecycle
12-10 15:25:37.712 I/SystemConfig(  634): Non-xml file /system/etc/permissions/pms_sysapp_removable_system_list.txt in /system/etc/permissions directory, ignoring
12-10 15:25:37.758 I/SystemConfig(  634): Non-xml file /vendor/etc/permissions/pms_sysapp_removable_vendor_list.txt in /vendor/etc/permissions directory, ignoring
12-10 15:25:37.764 W/SystemConfig(  634): Got exception parsing permissions.
12-10 15:25:37.764 W/SystemConfig(  634): org.xmlpull.v1.XmlPullParserException: Unexpected start tag in /vendor/etc/permissions/media_codecs.xml: found MediaCodecs, expected 'permissions' or 'config'
12-10 15:25:37.764 W/SystemConfig(  634): 	at com.android.server.SystemConfig.readPermissionsFromXml(SystemConfig.java:398)
12-10 15:25:37.764 W/SystemConfig(  634): 	at com.android.server.SystemConfig.readPermissions(SystemConfig.java:362)
12-10 15:25:37.764 W/SystemConfig(  634): 	at com.android.server.SystemConfig.<init>(SystemConfig.java:304)
12-10 15:25:37.764 W/SystemConfig(  634): 	at com.android.server.SystemConfig.getInstance(SystemConfig.java:177)
12-10 15:25:37.764 W/SystemConfig(  634): 	at com.android.server.-$$Lambda$YWiwiKm_Qgqb55C6tTuq_n2JzdY.run(Unknown Source:0)
12-10 15:25:37.764 W/SystemConfig(  634): 	at java.util.concurrent.Executors$RunnableAdapter.call(Executors.java:458)
12-10 15:25:37.764 W/SystemConfig(  634): 	at java.util.concurrent.FutureTask.run(FutureTask.java:266)
12-10 15:25:37.764 W/SystemConfig(  634): 	at java.util.concurrent.ThreadPoolExecutor.runWorker(ThreadPoolExecutor.java:1167)
12-10 15:25:37.764 W/SystemConfig(  634): 	at java.util.concurrent.ThreadPoolExecutor$Worker.run(ThreadPoolExecutor.java:641)
12-10 15:25:37.764 W/SystemConfig(  634): 	at com.android.internal.util.ConcurrentUtils$1$1.run(ConcurrentUtils.java:62)
12-10 15:25:37.945 I/ActivityManager(  634): Memory class: 128
12-10 15:25:37.951 D/BatteryStatsImpl(  634): Reading daily items from /data/system/batterystats-daily.xml
12-10 15:25:37.963 E/BatteryExternalStatsWorker(  634): no controller energy info supplied for telephony
12-10 15:25:37.963 E/KernelUidCpuFreqTimeReader(  634): Failed to read /proc/uid_time_in_state: java.io.FileNotFoundException: /proc/uid_time_in_state (No such file or directory)
12-10 15:25:37.968 W/KernelCpuProcReader(  634): File not exist: /proc/uid_cpupower/concurrent_active_time
12-10 15:25:37.969 W/KernelCpuProcReader(  634): File not exist: /proc/uid_cpupower/concurrent_policy_time
12-10 15:25:37.969 E/KernelCpuSpeedReader(  634): Failed to read cpu-freq: /sys/devices/system/cpu/cpu0/cpufreq/stats/time_in_state (No such file or directory)
12-10 15:25:37.970 W/KernelMemoryBandwidthStats(  634): No kernel memory bandwidth stats available
12-10 15:25:37.973 E/KernelUidCpuFreqTimeReader(  634): Failed to read /proc/uid_time_in_state: java.io.FileNotFoundException: /proc/uid_time_in_state (No such file or directory)
12-10 15:25:38.095 W/AppOps  (  634): Unknown attribute in 'op' tag: n
12-10 15:25:38.102 I/chatty  (  634): uid=1000 system_server identical 106 lines
12-10 15:25:38.102 W/AppOps  (  634): Unknown attribute in 'op' tag: n
12-10 15:25:38.107 I/IntentFirewall(  634): Read new rules (A:0 B:0 S:0)
12-10 15:25:38.125 D/AppOps  (  634): AppOpsService published
12-10 15:25:38.125 I/AnrManager(  634): startAnrManagerService
12-10 15:25:38.217 I/AnrManager(  634): prepareStackTraceFile: /data/anr/mtk_traces.txt
12-10 15:25:38.219 I/AnrManager(  634): prepareStackTraceFile: 
12-10 15:25:38.368 E/storaged(  454): getService package_native failed
12-10 15:25:38.370 I/storaged(  454): storaged: Start
12-10 15:25:38.371 E/storaged(  454): getDiskStats failed with result NOT_SUPPORTED and size 0
12-10 15:25:38.514 W/SystemServiceManager(  634): Service com.android.server.am.ActivityManagerService$Lifecycle took 392 ms in onStart
12-10 15:25:38.514 I/SystemServer(  634): StartPowerManager
12-10 15:25:38.514 I/SystemServiceManager(  634): Starting com.android.server.power.PowerManagerService
12-10 15:25:38.514 D/AmsExtImpl(  634): Crate local socket: duraspeed_memory
12-10 15:25:38.515 D/AmsExtImpl(  634): Waiting Client connected...
12-10 15:25:38.521 I/SystemServer(  634): InitPowerManagement
12-10 15:25:38.523 I/SystemServer(  634): StartRecoverySystemService
12-10 15:25:38.523 I/SystemServiceManager(  634): Starting com.android.server.RecoverySystemService
12-10 15:25:38.528 W/RescueParty(  634): Noticed 1 events for UID 0 in last 10 sec
12-10 15:25:38.528 I/SystemServer(  634): StartLightsService
12-10 15:25:38.528 I/SystemServiceManager(  634): Starting com.android.server.lights.LightsService
12-10 15:25:38.537 I/SystemServer(  634): StartSidekickService
12-10 15:25:38.537 I/SystemServer(  634): StartDisplayManager
12-10 15:25:38.537 I/SystemServiceManager(  634): Starting com.android.server.display.DisplayManagerService
12-10 15:25:38.544 I/SystemServer(  634): WaitForDisplay
12-10 15:25:38.545 I/SystemServiceManager(  634): Starting phase 100
12-10 15:25:38.551 D/DisplayManagerService(  634): waitForDefaultDisplay: waiting, timeout=10000
12-10 15:25:38.570 I/DisplayManagerService(  634): Display device added: DisplayDeviceInfo{"内置屏幕": uniqueId="local:0", 720 x 1600, modeId 1, defaultModeId 1, supportedModes [{id=1, width=720, height=1600, fps=57.07}], colorMode 0, supportedColorModes [0], HdrCapabilities android.view.Display$HdrCapabilities@40f16308, density 320, 169.333 x 236.279 dpi, appVsyncOff -5000000, presDeadline 23522341, touch INTERNAL, rotation 0, type BUILT_IN, state UNKNOWN, FLAG_DEFAULT_DISPLAY, FLAG_ROTATES_WITH_CONTENT, FLAG_SECURE, FLAG_SUPPORTS_PROTECTED_BUFFERS}
12-10 15:25:38.575 D/DisplayManagerService(  634): Delivering display event: displayId=0, event=1
12-10 15:25:38.575 I/SystemServer(  634): StartPackageManagerService
12-10 15:25:38.575 I/DisplayManagerService(  634): Display device changed state: "内置屏幕", ON
12-10 15:25:38.576 D/DisplayManagerService(  634): Delivering display event: displayId=0, event=2
12-10 15:25:38.629 D/SELinuxMMAC(  634): Using policy file /system/etc/selinux/plat_mac_permissions.xml
12-10 15:25:38.633 D/SELinuxMMAC(  634): Using policy file /vendor/etc/selinux/vendor_mac_permissions.xml
12-10 15:25:38.921 D/PackageManager(  634): GenieSkipPkgs /vendor/overlay/DisplayCutoutEmulationCorner skip ? false
12-10 15:25:38.921 D/PackageManager(  634): GenieSkipPkgs /vendor/overlay/DisplayCutoutEmulationDouble skip ? false
12-10 15:25:38.922 D/PackageManager(  634): GenieSkipPkgs /vendor/overlay/SysuiDarkTheme skip ? false
12-10 15:25:38.923 D/PackageManager(  634): GenieSkipPkgs /vendor/overlay/framework-res__auto_generated_rro.apk skip ? false
12-10 15:25:38.924 D/PackageManager(  634): GenieSkipPkgs /vendor/overlay/DisplayCutoutEmulationTall skip ? false
12-10 15:25:38.941 D/PackageManager(  634): GenieSkipPkgs /system/framework/framework-res.apk skip ? false
12-10 15:25:38.942 D/PackageManager(  634): GenieSkipPkgs /system/framework/arm skip ? false
12-10 15:25:38.943 D/PackageManager(  634): GenieSkipPkgs /system/framework/oat skip ? false
12-10 15:25:38.944 D/PackageManager(  634): GenieSkipPkgs /system/framework/mediatek-res skip ? false
12-10 15:25:38.948 W/PackageManager(  634): Failed to parse /system/framework/arm: Missing base APK in /system/framework/arm
12-10 15:25:38.948 W/PackageManager(  634): Failed to parse /system/framework/oat: Missing base APK in /system/framework/oat
12-10 15:25:38.968 D/PackageManager(  634): GenieSkipPkgs /system/priv-app/SharedStorageBackup skip ? false
12-10 15:25:38.969 D/PackageManager(  634): GenieSkipPkgs /system/priv-app/MtkSettings skip ? false
12-10 15:25:38.970 D/PackageManager(  634): GenieSkipPkgs /system/priv-app/MtkCarrierConfig skip ? false
12-10 15:25:38.971 D/PackageManager(  634): GenieSkipPkgs /system/priv-app/InputDevices skip ? false
12-10 15:25:38.972 D/PackageManager(  634): GenieSkipPkgs /system/priv-app/Provision skip ? false
12-10 15:25:38.973 D/PackageManager(  634): GenieSkipPkgs /system/priv-app/BackupRestoreConfirmation skip ? false
12-10 15:25:38.973 D/PackageManager(  634): GenieSkipPkgs /system/priv-app/MtkMediaProvider skip ? false
12-10 15:25:38.973 D/PackageManager(  634): GenieSkipPkgs /system/priv-app/MtkContactsProvider skip ? false
12-10 15:25:38.973 D/PackageManager(  634): GenieSkipPkgs /system/priv-app/MtkCalendarProvider skip ? false
12-10 15:25:38.973 D/PackageManager(  634): GenieSkipPkgs /system/priv-app/DataProtection skip ? false
12-10 15:25:38.973 D/PackageManager(  634): GenieSkipPkgs /system/priv-app/StorageManager skip ? false
12-10 15:25:38.974 D/PackageManager(  634): GenieSkipPkgs /system/priv-app/MtkDownloadProviderUi skip ? false
12-10 15:25:38.974 D/PackageManager(  634): GenieSkipPkgs /system/priv-app/EngineerMode skip ? false
12-10 15:25:38.974 D/PackageManager(  634): GenieSkipPkgs /system/priv-app/StatementService skip ? false
12-10 15:25:38.974 D/PackageManager(  634): GenieSkipPkgs /system/priv-app/MtkDownloadProvider skip ? false
12-10 15:25:38.974 D/PackageManager(  634): GenieSkipPkgs /system/priv-app/UserDictionaryProvider skip ? false
12-10 15:25:38.974 D/PackageManager(  634): GenieSkipPkgs /system/priv-app/DuraSpeed skip ? false
12-10 15:25:38.974 D/PackageManager(  634): GenieSkipPkgs /system/priv-app/MtkDocumentsUI skip ? false
12-10 15:25:38.974 D/PackageManager(  634): GenieSkipPkgs /system/priv-app/MtkPackageInstaller skip ? false
12-10 15:25:38.974 D/PackageManager(  634): GenieSkipPkgs /system/priv-app/ProxyHandler skip ? false
12-10 15:25:38.974 D/PackageManager(  634): GenieSkipPkgs /system/priv-app/genie_launcher skip ? false
12-10 15:25:38.974 D/PackageManager(  634): GenieSkipPkgs /system/priv-app/ExtServices skip ? false
12-10 15:25:38.974 D/PackageManager(  634): GenieSkipPkgs /system/priv-app/MtkSettingsProvider skip ? false
12-10 15:25:38.974 D/PackageManager(  634): GenieSkipPkgs /system/priv-app/MtkSystemUI skip ? false
12-10 15:25:38.974 D/PackageManager(  634): GenieSkipPkgs /system/priv-app/BlockedNumberProvider skip ? false
12-10 15:25:38.974 D/PackageManager(  634): GenieSkipPkgs /system/priv-app/SettingsIntelligence skip ? false
12-10 15:25:38.974 D/PackageManager(  634): GenieSkipPkgs /system/priv-app/Shell skip ? false
12-10 15:25:38.974 D/PackageManager(  634): GenieSkipPkgs /system/priv-app/ManagedProvisioning skip ? false
12-10 15:25:38.974 D/PackageManager(  634): GenieSkipPkgs /system/priv-app/WallpaperCropper skip ? false
12-10 15:25:38.974 D/PackageManager(  634): GenieSkipPkgs /system/priv-app/FusedLocation skip ? false
12-10 15:25:38.974 D/PackageManager(  634): GenieSkipPkgs /system/priv-app/MtpDocumentsProvider skip ? false
12-10 15:25:38.974 D/PackageManager(  634): GenieSkipPkgs /system/priv-app/DefaultContainerService skip ? false
12-10 15:25:38.975 D/PackageManager(  634): GenieSkipPkgs /system/priv-app/ExternalStorageProvider skip ? false
12-10 15:25:39.066 D/PackageManager(  634): GenieSkipPkgs /system/app/CompanionDeviceManager skip ? false
12-10 15:25:39.066 D/PackageManager(  634): GenieSkipPkgs /system/app/genie_rtc skip ? false
12-10 15:25:39.067 D/PackageManager(  634): GenieSkipPkgs /system/app/EasterEgg skip ? false
12-10 15:25:39.068 D/PackageManager(  634): GenieSkipPkgs /system/app/osgenie_BD skip ? false
12-10 15:25:39.068 D/PackageManager(  634): GenieSkipPkgs /system/app/MtkBluetooth skip ? false
12-10 15:25:39.068 D/PackageManager(  634): GenieSkipPkgs /system/app/LPPeService skip ? false
12-10 15:25:39.068 D/PackageManager(  634): GenieSkipPkgs /system/app/webview skip ? false
12-10 15:25:39.069 D/PackageManager(  634): GenieSkipPkgs /system/app/MtkWallpaperPicker skip ? false
12-10 15:25:39.069 D/PackageManager(  634): GenieSkipPkgs /system/app/genie_voice skip ? false
12-10 15:25:39.069 D/PackageManager(  634): GenieSkipPkgs /system/app/HTMLViewer skip ? false
12-10 15:25:39.069 D/PackageManager(  634): GenieSkipPkgs /system/app/CaptivePortalLogin skip ? false
12-10 15:25:39.069 D/PackageManager(  634): GenieSkipPkgs /system/app/genie_ischoolbook skip ? false
12-10 15:25:39.069 D/PackageManager(  634): GenieSkipPkgs /system/app/SimRecoveryTestTool skip ? false
12-10 15:25:39.069 D/PackageManager(  634): GenieSkipPkgs /system/app/genie_audio_message skip ? false
12-10 15:25:39.069 D/PackageManager(  634): GenieSkipPkgs /system/app/PrintRecommendationService skip ? false
12-10 15:25:39.069 D/PackageManager(  634): GenieSkipPkgs /system/app/CertInstaller skip ? false
12-10 15:25:39.069 D/PackageManager(  634): GenieSkipPkgs /system/app/SensorHub skip ? false
12-10 15:25:39.069 D/PackageManager(  634): GenieSkipPkgs /system/app/WallpaperBackup skip ? false
12-10 15:25:39.069 D/PackageManager(  634): GenieSkipPkgs /system/app/osgenie_wifisetup skip ? false
12-10 15:25:39.069 D/PackageManager(  634): GenieSkipPkgs /system/app/genie_correct skip ? false
12-10 15:25:39.069 D/PackageManager(  634): GenieSkipPkgs /system/app/PacProcessor skip ? false
12-10 15:25:39.069 D/PackageManager(  634): GenieSkipPkgs /system/app/NlpService skip ? false
12-10 15:25:39.069 D/PackageManager(  634): GenieSkipPkgs /system/app/genie_push skip ? false
12-10 15:25:39.069 D/PackageManager(  634): GenieSkipPkgs /system/app/Traceur skip ? false
12-10 15:25:39.069 D/PackageManager(  634): GenieSkipPkgs /system/app/LocationEM2 skip ? false
12-10 15:25:39.070 D/PackageManager(  634): GenieSkipPkgs /system/app/KeyChain skip ? false
12-10 15:25:39.070 D/PackageManager(  634): GenieSkipPkgs /system/app/MTKLogger skip ? false
12-10 15:25:39.070 D/PackageManager(  634): GenieSkipPkgs /system/app/BluetoothMidiService skip ? false
12-10 15:25:39.070 D/PackageManager(  634): GenieSkipPkgs /system/app/BuiltInPrintService skip ? false
12-10 15:25:39.070 D/PackageManager(  634): GenieSkipPkgs /system/app/FileManager skip ? false
12-10 15:25:39.070 D/PackageManager(  634): GenieSkipPkgs /system/app/Protips skip ? false
12-10 15:25:39.070 D/PackageManager(  634): GenieSkipPkgs /system/app/MiraVision skip ? false
12-10 15:25:39.070 D/PackageManager(  634): GenieSkipPkgs /system/app/MtkLatinIME skip ? false
12-10 15:25:39.070 D/PackageManager(  634): GenieSkipPkgs /system/app/genieATS skip ? false
12-10 15:25:39.070 D/PackageManager(  634): GenieSkipPkgs /system/app/ExtShared skip ? false
12-10 15:25:39.070 D/PackageManager(  634): GenieSkipPkgs /system/app/Camera skip ? false
12-10 15:25:39.070 D/PackageManager(  634): GenieSkipPkgs /system/app/MtkGallery2 skip ? false
12-10 15:25:39.070 D/PackageManager(  634): GenieSkipPkgs /system/app/SecureElement skip ? false
12-10 15:25:39.071 D/PackageManager(  634): GenieSkipPkgs /system/app/genieATSCMDServer skip ? false
12-10 15:25:39.071 D/PackageManager(  634): GenieSkipPkgs /system/app/genie_task skip ? false
12-10 15:25:39.195 D/PackageManager(  634): GenieSkipPkgs /vendor/app/MTKThermalManager skip ? false
12-10 15:25:39.207 I/PackageManager(  634): Finished scanning system apps. Time: 310 ms, packageCount: 81 , timePerPackage: 3 , cached: 81
12-10 15:25:39.209 I/PackageManager(  634): Finished scanning non-system apps. Time: 1 ms, packageCount: 0 , timePerPackage: 0 , cached: 0
12-10 15:25:39.218 I/PackageManager(  634): Time to scan packages: 0.321 seconds
12-10 15:25:39.223 W/PackageManager(  634): Privileged permission android.permission.RECOVERY for package com.tal.genie.launcher - not in privapp-permissions whitelist
12-10 15:25:39.223 W/PackageManager(  634): Privileged permission android.permission.DELETE_CACHE_FILES for package com.tal.genie.launcher - not in privapp-permissions whitelist
12-10 15:25:39.223 W/PackageManager(  634): Privileged permission android.permission.ACCESS_CACHE_FILESYSTEM for package com.tal.genie.launcher - not in privapp-permissions whitelist
12-10 15:25:39.223 W/PackageManager(  634): Privileged permission android.permission.REBOOT for package com.tal.genie.launcher - not in privapp-permissions whitelist
12-10 15:25:39.223 W/PackageManager(  634): Privileged permission android.permission.SHUTDOWN for package com.tal.genie.launcher - not in privapp-permissions whitelist
12-10 15:25:39.223 W/PackageManager(  634): Privileged permission android.permission.READ_LOGS for package com.tal.genie.launcher - not in privapp-permissions whitelist
12-10 15:25:39.227 V/PackageManager(  634): reconcileAppsData for null u0 0x3 migrateAppData=true
12-10 15:25:39.581 V/PackageManager(  634): reconcileAppsData finished 17 packages
12-10 15:25:39.808 I/SystemServer(  634): StartOtaDexOptService
12-10 15:25:39.809 D/OTADexopt(  634): No upgrade, skipping A/B artifacts check.
12-10 15:25:39.810 I/SystemServer(  634): StartUserManagerService
12-10 15:25:39.810 I/SystemServiceManager(  634): Starting com.android.server.pm.UserManagerService$LifeCycle
12-10 15:25:39.811 I/SystemServer(  634): InitAttributerCache
12-10 15:25:39.812 I/SystemServer(  634): SetSystemProcess
12-10 15:25:39.841 I/SystemServer(  634): StartOverlayManagerService
12-10 15:25:39.846 I/MtkSystemServerImpl(  634): startMtkBootstrapServices
12-10 15:25:39.846 I/SystemServer(  634): StartBatteryService
12-10 15:25:39.847 I/SystemServiceManager(  634): Starting com.android.server.BatteryService
12-10 15:25:39.869 E/BatteryExternalStatsWorker(  634): no controller energy info supplied for telephony
12-10 15:25:39.869 E/KernelUidCpuFreqTimeReader(  634): Failed to read /proc/uid_time_in_state: java.io.FileNotFoundException: /proc/uid_time_in_state (No such file or directory)
12-10 15:25:39.870 E/KernelCpuSpeedReader(  634): Failed to read cpu-freq: /sys/devices/system/cpu/cpu0/cpufreq/stats/time_in_state (No such file or directory)
12-10 15:25:39.878 E/KernelUidCpuFreqTimeReader(  634): Failed to read /proc/uid_time_in_state: java.io.FileNotFoundException: /proc/uid_time_in_state (No such file or directory)
12-10 15:25:39.882 I/HealthServiceWrapper(  634): health: HealthServiceWrapper listening to instance default
12-10 15:25:39.883 I/BatteryService(  634): health: Waited 0ms and received the update.
12-10 15:25:39.887 I/SystemServer(  634): StartUsageService
12-10 15:25:39.887 I/SystemServiceManager(  634): Starting com.android.server.usage.UsageStatsService
12-10 15:25:39.904 E/KernelUidCpuFreqTimeReader(  634): Failed to read /proc/uid_time_in_state: java.io.FileNotFoundException: /proc/uid_time_in_state (No such file or directory)
12-10 15:25:39.904 E/KernelCpuSpeedReader(  634): Failed to read cpu-freq: /sys/devices/system/cpu/cpu0/cpufreq/stats/time_in_state (No such file or directory)
12-10 15:25:39.935 I/UsageStatsService(  634): User[0] Rollover scheduled @ 2021-12-11 09:59:31(1639187971771)
12-10 15:25:39.936 I/SystemServer(  634): StartWebViewUpdateService
12-10 15:25:39.936 I/SystemServiceManager(  634): Starting com.android.server.webkit.WebViewUpdateService
12-10 15:25:39.942 I/SystemServer(  634): StartBinderCallsStatsService
12-10 15:25:39.943 I/MtkSystemServerImpl(  634): startMtkCoreServices 
12-10 15:25:39.944 I/SystemServer(  634): StartKeyAttestationApplicationIdProviderService
12-10 15:25:39.944 I/SystemServer(  634): SecondaryZygotePreload
12-10 15:25:39.946 I/SystemServer(  634): StartKeyChainSystemService
12-10 15:25:39.946 I/SystemServiceManager(  634): Starting com.android.server.security.KeyChainSystemService
12-10 15:25:39.947 I/SystemServer(  634): StartSchedulingPolicyService
12-10 15:25:39.949 I/SystemServer(  634): StartEntropyMixer
12-10 15:25:39.954 D/MtkOmxAdpcmDec(  456): MtkOmxAdpcmDec Construct !!!
12-10 15:25:39.958 I/EntropyMixer(  634): Added HW RNG output to entropy pool
12-10 15:25:39.958 I/EntropyMixer(  634): Writing entropy...
12-10 15:25:39.958 D/MtkOmxAdpcmDec(  456): MtkOmxAdpcmDec Deconstruct !!!
12-10 15:25:39.963 D/MtkOmxAdpcmDec(  456): MtkOmxAdpcmDec Construct !!!
12-10 15:25:39.963 I/SystemServer(  634): StartAccountManagerService
12-10 15:25:39.964 I/SystemServiceManager(  634): Starting com.android.server.accounts.AccountManagerService$Lifecycle
12-10 15:25:39.966 D/MtkOmxAdpcmDec(  456): MtkOmxAdpcmDec Deconstruct !!!
12-10 15:25:39.978 I/SystemServer(  634): StartContentService
12-10 15:25:39.978 E/SystemServer(  634): Unable to preload default resources
12-10 15:25:39.987 I/SystemServiceManager(  634): Starting com.android.server.content.ContentService$Lifecycle
12-10 15:25:39.991 I/SystemServer(  634): InstallSystemProviders
12-10 15:25:40.016 D/MtkOmxApeDec(  456): MtkOmxApeDec::MtkOmxApeDec(APE) this= 0xac043a00
12-10 15:25:40.022 D/        (  301): create:in_size:5184,working_BUF_size:34908,out_size:5184
12-10 15:25:40.023 D/MtkOmxApeDec(  456): ctor:in_size:5184,out_size:5184
12-10 15:25:40.023 D/MtkOmxApeDec(  456): MtkOmxApeDec::InitAudioParams(APE)
12-10 15:25:40.037 D/MtkOmxApeDec(  456): ~dtor- this= 0xac043a00
12-10 15:25:40.079 D/MtkOmxGsmDec(  456): MtkOmxComponentCreate +++ !!!
12-10 15:25:40.079 D/MtkOmxGsmDec(  456): MtkOmxGsmDec Construct !!!
12-10 15:25:40.079 D/MtkOmxGsmDec(  456): Init Audio(GSM) Params!!!
12-10 15:25:40.082 D/MtkOmxGsmDec(  456): MtkOmxGsmDec Deconstruct !!!
12-10 15:25:40.089 V/SettingsProvider(  634): packageValueForCallResult, name = null, value : Bundle[{_track_generation=android.util.MemoryIntArray@68, value=null, _generation_index=0, _generation=1}]
12-10 15:25:40.093 D/MtkOmxMp3Dec(  456): JB MtkOmxMp3Dec::MtkOmxMp3Dec this= 0xac043a00
12-10 15:25:40.094 D/MtkOmxMp3Dec(  456): JB MtkOmxMp3Dec::InitAudioParams(MP3)
12-10 15:25:40.094 V/SettingsProvider(  634): packageValueForCallResult, name = multi_press_timeout, value : Bundle[{_track_generation=android.util.MemoryIntArray@68, value=300, _generation_index=1, _generation=1}]
12-10 15:25:40.095 V/SettingsProvider(  634): packageValueForCallResult, name = null, value : Bundle[{_track_generation=android.util.MemoryIntArray@68, value=null, _generation_index=2, _generation=1}]
12-10 15:25:40.097 D/MtkOmxMp3Dec(  456): JB ~MtkOmxMp3Dec this= 0xac043a00
12-10 15:25:40.097 D/MtkOmxMp3Dec(  456): component has been DeInit before,return.
12-10 15:25:40.104 D/MtkOmxMp3Dec(  456): JB MtkOmxMp3Dec::MtkOmxMp3Dec this= 0xac043a00
12-10 15:25:40.104 D/MtkOmxMp3Dec(  456): JB MtkOmxMp3Dec::InitAudioParams(MP3)
12-10 15:25:40.104 I/SystemServer(  634): StartDropBoxManager
12-10 15:25:40.104 I/SystemServiceManager(  634): Starting com.android.server.DropBoxManagerService
12-10 15:25:40.106 D/MtkOmxMp3Dec(  456): JB ~MtkOmxMp3Dec this= 0xac043a00
12-10 15:25:40.106 D/MtkOmxMp3Dec(  456): component has been DeInit before,return.
12-10 15:25:40.108 I/SystemServer(  634): StartVibratorService
12-10 15:25:40.119 I/SystemServer(  634): StartConsumerIrService
12-10 15:25:40.124 I/SystemServer(  634): StartAlarmManagerService
12-10 15:25:40.124 I/MtkSystemServerImpl(  634): startMtkAlarmManagerService
12-10 15:25:40.135 I/SystemServiceManager(  634): Starting com.mediatek.server.MtkAlarmManagerService
12-10 15:25:40.156 I/SystemServer(  634): InitWatchdog
12-10 15:25:40.158 I/SystemServer(  634): StartInputManagerService
12-10 15:25:40.159 I/InputManager(  634): Initializing input manager, mUseDevInputEventForAudioJack=true
12-10 15:25:40.164 I/SystemServer(  634): StartWindowManagerService
12-10 15:25:40.176 I/WindowManager(  634): No existing display settings /data/system/display_settings.xml; starting empty
12-10 15:25:40.209 I/SystemServer(  634): SetWindowManagerService
12-10 15:25:40.253 V/WindowManager(  634): Adding display=Display id 0: DisplayInfo{"内置屏幕", uniqueId "local:0", app 720 x 1600, real 720 x 1600, largest app 720 x 1600, smallest app 720 x 1600, mode 1, defaultMode 1, modes [{id=1, width=720, height=1600, fps=57.07}], colorMode 0, supportedColorModes [0], hdrCapabilities android.view.Display$HdrCapabilities@40f16308, rotation 0, density 320 (169.333 x 236.279) dpi, layerStack 0, appVsyncOff -5000000, presDeadline 23522341, type BUILT_IN, state ON, FLAG_SECURE, FLAG_SUPPORTS_PROTECTED_BUFFERS, removeMode 0}, DisplayMetrics{density=2.0, width=720, height=1600, scaledDensity=2.0, xdpi=169.333, ydpi=236.279}, isValid=true
12-10 15:25:40.254 D/WindowManager(  634): Registering PointerEventListener for DisplayId: 0
12-10 15:25:40.256 D/DisplayManagerService(  634): Delivering display event: displayId=0, event=2
12-10 15:25:40.264 I/SystemServer(  634): WindowManagerServiceOnInitReady
12-10 15:25:40.274 D/WindowOrientationListener(  634): ctor: com.android.server.policy.PhoneWindowManager$MyOrientationListener@92017fd
12-10 15:25:40.300 I/SystemServer(  634): StartVrManagerService
12-10 15:25:40.300 I/SystemServiceManager(  634): Starting com.android.server.vr.VrManagerService
12-10 15:25:40.308 I/SystemServer(  634): StartInputManager
12-10 15:25:40.309 I/InputManager(  634): Starting input manager
12-10 15:25:40.313 I/SystemServer(  634): DisplayManagerWindowManagerAndInputReady
12-10 15:25:40.313 I/SystemServer(  634): StartBluetoothService
12-10 15:25:40.313 I/SystemServiceManager(  634): Starting com.android.server.BluetoothService
12-10 15:25:40.325 D/BluetoothManagerService(  634): Detected SystemUiUid: 10022
12-10 15:25:40.325 I/SystemServer(  634): IpConnectivityMetrics
12-10 15:25:40.325 I/SystemServiceManager(  634): Starting com.android.server.connectivity.IpConnectivityMetrics
12-10 15:25:40.327 I/SystemServer(  634): NetworkWatchlistService
12-10 15:25:40.327 I/SystemServiceManager(  634): Starting com.android.server.net.watchlist.NetworkWatchlistService$Lifecycle
12-10 15:25:40.335 I/WatchlistSettings(  634): Reload watchlist settings done
12-10 15:25:40.340 I/SystemServer(  634): StartInputMethodManagerLifecycle
12-10 15:25:40.340 I/SystemServiceManager(  634): Starting com.android.server.InputMethodManagerService$Lifecycle
12-10 15:25:40.346 I/WatchlistLoggingHandler(  634): No need to aggregate record yet.
12-10 15:25:40.346 I/WatchlistLoggingHandler(  634): Milliseconds spent on tryAggregateRecords(): 0
12-10 15:25:40.370 I/SystemServer(  634): StartAccessibilityManagerService
12-10 15:25:40.379 I/SystemServer(  634): MakeDisplayReady
12-10 15:25:40.382 I/ActivityManager(  634): Config changes=20005df8 {1.0 ?mcc?mnc [zh_CN] ldltr sw360dp w360dp h800dp 320dpi nrml long port ?uimode ?night -touch -keyb/v/h -nav/h winConfig={ mBounds=Rect(0, 0 - 0, 0) mAppBounds=Rect(0, 0 - 720, 1600) mWindowingMode=fullscreen mActivityType=undefined} s.2}
12-10 15:25:40.414 I/ActivityManager(  634): Override config changes=60007dfc {1.0 ?mcc?mnc [zh_CN] ldltr sw360dp w360dp h800dp 320dpi nrml long port ?uimode ?night -touch -keyb/v/h -nav/h winConfig={ mBounds=Rect(0, 0 - 720, 1600) mAppBounds=Rect(0, 0 - 720, 1600) mWindowingMode=fullscreen mActivityType=undefined} s.2} for displayId=0
12-10 15:25:40.417 D/DisplayManagerService(  634): Delivering display event: displayId=0, event=2
12-10 15:25:40.467 I/ActivityManager(  634): Config changes=8 {1.0 ?mcc?mnc [zh_CN] ldltr sw360dp w360dp h800dp 320dpi nrml long port ?uimode ?night finger -keyb/v/h -nav/h winConfig={ mBounds=Rect(0, 0 - 0, 0) mAppBounds=Rect(0, 0 - 720, 1600) mWindowingMode=fullscreen mActivityType=undefined} s.3}
12-10 15:25:40.491 I/ActivityManager(  634): Override config changes=8 {1.0 ?mcc?mnc [zh_CN] ldltr sw360dp w360dp h800dp 320dpi nrml long port ?uimode ?night finger -keyb/v/h -nav/h winConfig={ mBounds=Rect(0, 0 - 720, 1600) mAppBounds=Rect(0, 0 - 720, 1600) mWindowingMode=fullscreen mActivityType=undefined} s.3} for displayId=0
12-10 15:25:40.500 I/SystemServer(  634): StartStorageManagerService
12-10 15:25:40.501 I/MtkSystemServerImpl(  634): PPL not supported, retruning, will start AOSP StorageManagerService
12-10 15:25:40.501 I/SystemServiceManager(  634): Starting com.android.server.StorageManagerService$Lifecycle
12-10 15:25:40.520 D/StorageManagerService(  634): Thinking about init, mSystemReady=false, mDaemonConnected=true
12-10 15:25:40.520 D/StorageManagerService(  634): Thinking about reset, mSystemReady=false, mDaemonConnected=true
12-10 15:25:40.521 I/SystemServer(  634): StartStorageStatsService
12-10 15:25:40.521 I/SystemServiceManager(  634): Starting com.android.server.usage.StorageStatsService$Lifecycle
12-10 15:25:40.523 D/vold    (  268): fdeGetField: value: ''
12-10 15:25:40.530 I/SystemServer(  634): StartUiModeManager
12-10 15:25:40.531 I/SystemServiceManager(  634): Starting com.android.server.UiModeManagerService
12-10 15:25:40.538 I/ActivityManager(  634): Config changes=200 {1.0 ?mcc?mnc [zh_CN] ldltr sw360dp w360dp h800dp 320dpi nrml long port finger -keyb/v/h -nav/h winConfig={ mBounds=Rect(0, 0 - 0, 0) mAppBounds=Rect(0, 0 - 720, 1600) mWindowingMode=fullscreen mActivityType=undefined} s.4}
12-10 15:25:40.538 I/SystemServer(  634): UpdatePackagesIfNeeded
12-10 15:25:40.538 I/SystemServer(  634): PerformFstrimIfNeeded
12-10 15:25:40.540 I/SystemServer(  634): StartLockSettingsService
12-10 15:25:40.541 I/SystemServiceManager(  634): Starting com.android.server.locksettings.LockSettingsService$Lifecycle
12-10 15:25:40.574 I/ActivityManager(  634): Override config changes=200 {1.0 ?mcc?mnc [zh_CN] ldltr sw360dp w360dp h800dp 320dpi nrml long port finger -keyb/v/h -nav/h winConfig={ mBounds=Rect(0, 0 - 720, 1600) mAppBounds=Rect(0, 0 - 720, 1600) mWindowingMode=fullscreen mActivityType=undefined} s.4} for displayId=0
12-10 15:25:40.584 I/SystemServer(  634): StartPersistentDataBlock
12-10 15:25:40.584 I/SystemServiceManager(  634): Starting com.android.server.PersistentDataBlockService
12-10 15:25:40.587 E/PersistentDataBlockService(  634): not able to find package 
12-10 15:25:40.587 E/PersistentDataBlockService(  634): android.content.pm.PackageManager$NameNotFoundException: 
12-10 15:25:40.587 E/PersistentDataBlockService(  634): 	at android.app.ApplicationPackageManager.getPackageUidAsUser(ApplicationPackageManager.java:299)
12-10 15:25:40.587 E/PersistentDataBlockService(  634): 	at com.android.server.PersistentDataBlockService.getAllowedUid(PersistentDataBlockService.java:113)
12-10 15:25:40.587 E/PersistentDataBlockService(  634): 	at com.android.server.PersistentDataBlockService.lambda$onStart$0(PersistentDataBlockService.java:126)
12-10 15:25:40.587 E/PersistentDataBlockService(  634): 	at com.android.server.-$$Lambda$PersistentDataBlockService$EZl9OYaT2eNL7kfSr2nKUBjxidk.run(Unknown Source:2)
12-10 15:25:40.587 E/PersistentDataBlockService(  634): 	at java.util.concurrent.Executors$RunnableAdapter.call(Executors.java:458)
12-10 15:25:40.587 E/PersistentDataBlockService(  634): 	at java.util.concurrent.FutureTask.run(FutureTask.java:266)
12-10 15:25:40.587 E/PersistentDataBlockService(  634): 	at java.util.concurrent.ThreadPoolExecutor.runWorker(ThreadPoolExecutor.java:1167)
12-10 15:25:40.587 E/PersistentDataBlockService(  634): 	at java.util.concurrent.ThreadPoolExecutor$Worker.run(ThreadPoolExecutor.java:641)
12-10 15:25:40.587 E/PersistentDataBlockService(  634): 	at com.android.internal.util.ConcurrentUtils$1$1.run(ConcurrentUtils.java:62)
12-10 15:25:40.596 I/OemLock (  634): OemLock HAL not present on device
12-10 15:25:40.596 I/SystemServer(  634): StartOemLockService
12-10 15:25:40.596 I/SystemServiceManager(  634): Starting com.android.server.oemlock.OemLockService
12-10 15:25:40.598 I/OemLock (  634): OemLock HAL not present on device
12-10 15:25:40.598 I/OemLock (  634): Using persistent data block based lock
12-10 15:25:40.604 I/SystemServer(  634): StartDeviceIdleController
12-10 15:25:40.604 I/SystemServiceManager(  634): Starting com.android.server.DeviceIdleController
12-10 15:25:40.611 I/SystemServer(  634): StartDevicePolicyManager
12-10 15:25:40.612 I/SystemServiceManager(  634): Starting com.android.server.devicepolicy.DevicePolicyManagerService$Lifecycle
12-10 15:25:40.642 I/SystemServer(  634): StartStatusBarManagerService
12-10 15:25:40.646 I/SystemServer(  634): StartClipboardService
12-10 15:25:40.646 I/SystemServiceManager(  634): Starting com.android.server.clipboard.ClipboardService
12-10 15:25:40.649 I/SystemServer(  634): StartNetworkManagementService
12-10 15:25:40.654 I/NetworkManagement(  634): onDaemonConnected()
12-10 15:25:40.658 I/SystemServer(  634): StartIpSecService
12-10 15:25:40.663 I/SystemServer(  634): StartTextServicesManager
12-10 15:25:40.663 I/SystemServiceManager(  634): Starting com.android.server.TextServicesManagerService$Lifecycle
12-10 15:25:40.673 I/SystemServer(  634): StartTextClassificationManagerService
12-10 15:25:40.673 I/SystemServiceManager(  634): Starting com.android.server.textclassifier.TextClassificationManagerService$Lifecycle
12-10 15:25:40.677 I/SystemServer(  634): StartNetworkScoreService
12-10 15:25:40.677 I/SystemServiceManager(  634): Starting com.android.server.NetworkScoreService$Lifecycle
12-10 15:25:40.685 I/SystemServer(  634): StartNetworkStatsService
12-10 15:25:40.718 D/MtkNetworkStatsService(  634): MtkNetworkStatsService starting up
12-10 15:25:40.722 I/SystemServer(  634): StartNetworkPolicyManagerService
12-10 15:25:40.734 I/SystemServer(  634): StartWifi
12-10 15:25:40.757 I/SystemServiceManager(  634): Starting com.android.server.wifi.WifiService
12-10 15:25:40.948 D/MtkOmxMp3Dec(  456): JB MtkOmxMp3Dec::MtkOmxMp3Dec this= 0xac043a00
12-10 15:25:40.948 D/MtkOmxMp3Dec(  456): JB MtkOmxMp3Dec::InitAudioParams(MP3)
12-10 15:25:41.007 D/MtkOmxMp3Dec(  456): JB +InitMp3Decoder
12-10 15:25:41.007 D/MtkOmxMp3Dec(  456): -InitMp3Decoder
12-10 15:25:41.076 I/SystemServer(  634): StartWifiScanning
12-10 15:25:41.078 I/SystemServiceManager(  634): Starting com.android.server.wifi.scanner.WifiScanningService
12-10 15:25:41.083 I/SystemServer(  634): StartWifiP2P
12-10 15:25:41.084 I/SystemServiceManager(  634): Starting com.android.server.wifi.p2p.WifiP2pService
12-10 15:25:41.105 D/WifiP2pService(  634): P2pDisabledState
12-10 15:25:41.105 I/SystemServer(  634): StartEthernet
12-10 15:25:41.106 I/SystemServiceManager(  634): Starting com.android.server.ethernet.EthernetService
12-10 15:25:41.109 I/SystemServer(  634): StartConnectivityService
12-10 15:25:41.191 D/MtkConnectivityService(  634): MtkConnectivityService starting up
12-10 15:25:41.200 D/MtkConnectivityService(  634): wifiOnly=false
12-10 15:25:41.200 E/MtkConnectivityService(  634): Error in networkAttributes - ignoring attempt to define type 49
12-10 15:25:41.200 E/MtkConnectivityService(  634): Ignoring protectedNetwork 10
12-10 15:25:41.201 E/MtkConnectivityService(  634): Ignoring protectedNetwork 11
12-10 15:25:41.201 E/MtkConnectivityService(  634): Ignoring protectedNetwork 12
12-10 15:25:41.201 E/MtkConnectivityService(  634): Ignoring protectedNetwork 14
12-10 15:25:41.201 E/MtkConnectivityService(  634): Ignoring protectedNetwork 15
12-10 15:25:41.254 D/MtkConnectivityService(  634): USP_SUPPORTED=false, isOp07=false
12-10 15:25:41.256 I/SystemServer(  634): StartNsdService
12-10 15:25:41.264 D/NsdService(  634): Network service discovery is enabled
12-10 15:25:41.275 I/SystemServer(  634): StartSystemUpdateManagerService
12-10 15:25:41.276 I/SystemUpdateManagerService(  634): No existing info file /data/system/system-update-info.xml
12-10 15:25:41.278 I/SystemServer(  634): StartUpdateLockService
12-10 15:25:41.281 I/SystemServer(  634): StartGeninLampManagerService
12-10 15:25:41.281 I/SystemServer(  634): LampManager Service is create
12-10 15:25:41.285 I/SystemServer(  634): StartNotificationManager
12-10 15:25:41.285 I/SystemServiceManager(  634): Starting com.android.server.notification.NotificationManagerService
12-10 15:25:41.311 D/ConditionProviders.SCP(  634): new ScheduleConditionProvider()
12-10 15:25:41.331 D/NotificationAssistants(  634): Approving default notification assistant for user 0
12-10 15:25:41.343 I/SystemServer(  634): StartDeviceMonitor
12-10 15:25:41.344 I/SystemServiceManager(  634): Starting com.android.server.storage.DeviceStorageMonitorService
12-10 15:25:41.348 I/SystemServer(  634): StartLocationManagerService
12-10 15:25:41.351 I/SystemServer(  634): StartCountryDetectorService
12-10 15:25:41.353 I/SystemServer(  634): StartSearchManagerService
12-10 15:25:41.355 I/SystemServiceManager(  634): Starting com.android.server.search.SearchManagerService$Lifecycle
12-10 15:25:41.358 I/SystemServer(  634): StartWallpaperManagerService
12-10 15:25:41.359 I/SystemServiceManager(  634): Starting com.android.server.wallpaper.WallpaperManagerService$Lifecycle
12-10 15:25:41.365 I/SystemServer(  634): StartAudioService
12-10 15:25:41.365 I/SystemServiceManager(  634): Starting com.android.server.audio.AudioService$Lifecycle
12-10 15:25:41.378 V/SettingsProvider(  634): name : mode_ringer_streams_affected appId : 1000
12-10 15:25:41.507 I/SystemServer(  634): StartDockObserver
12-10 15:25:41.507 I/SystemServiceManager(  634): Starting com.android.server.DockObserver
12-10 15:25:41.508 W/DockObserver(  634): This kernel does not have dock station support
12-10 15:25:41.511 I/SystemServer(  634): StartWiredAccessoryManager
12-10 15:25:41.513 W/WiredAccessoryManager(  634): This kernel does not have usb audio support
12-10 15:25:41.514 W/WiredAccessoryManager(  634): This kernel does not have HDMI audio support
12-10 15:25:41.514 I/SystemServer(  634): StartMidiManager
12-10 15:25:41.515 I/SystemServiceManager(  634): Starting com.android.server.midi.MidiService$Lifecycle
12-10 15:25:41.519 I/SystemServer(  634): StartUsbService
12-10 15:25:41.520 I/SystemServiceManager(  634): Starting com.android.server.usb.UsbService$Lifecycle
12-10 15:25:41.524 E/UsbDeviceManager(  634): failed to write to /sys/class/android_usb/android0/f_rndis/ethaddr
12-10 15:25:41.529 I/UsbDeviceManager(  634): USB GADGET HAL not present in the device
12-10 15:25:41.529 I/UsbDeviceManager(  634): java.util.NoSuchElementException
12-10 15:25:41.529 I/UsbDeviceManager(  634): 	at android.os.HwBinder.getService(Native Method)
12-10 15:25:41.529 I/UsbDeviceManager(  634): 	at android.hardware.usb.gadget.V1_0.IUsbGadget.getService(IUsbGadget.java:40)
12-10 15:25:41.529 I/UsbDeviceManager(  634): 	at android.hardware.usb.gadget.V1_0.IUsbGadget.getService(IUsbGadget.java:44)
12-10 15:25:41.529 I/UsbDeviceManager(  634): 	at com.android.server.usb.UsbDeviceManager.<init>(UsbDeviceManager.java:267)
12-10 15:25:41.529 I/UsbDeviceManager(  634): 	at com.android.server.usb.UsbService.<init>(UsbService.java:139)
12-10 15:25:41.529 I/UsbDeviceManager(  634): 	at com.android.server.usb.UsbService$Lifecycle.onStart(UsbService.java:73)
12-10 15:25:41.529 I/UsbDeviceManager(  634): 	at com.android.server.SystemServiceManager.startService(SystemServiceManager.java:126)
12-10 15:25:41.529 I/UsbDeviceManager(  634): 	at com.android.server.SystemServiceManager.startService(SystemServiceManager.java:113)
12-10 15:25:41.529 I/UsbDeviceManager(  634): 	at com.android.server.SystemServiceManager.startService(SystemServiceManager.java:72)
12-10 15:25:41.529 I/UsbDeviceManager(  634): 	at com.android.server.SystemServer.startOtherServices(SystemServer.java:1362)
12-10 15:25:41.529 I/UsbDeviceManager(  634): 	at com.android.server.SystemServer.run(SystemServer.java:450)
12-10 15:25:41.529 I/UsbDeviceManager(  634): 	at com.android.server.SystemServer.main(SystemServer.java:305)
12-10 15:25:41.529 I/UsbDeviceManager(  634): 	at java.lang.reflect.Method.invoke(Native Method)
12-10 15:25:41.529 I/UsbDeviceManager(  634): 	at com.android.internal.os.RuntimeInit$MethodAndArgsCaller.run(RuntimeInit.java:493)
12-10 15:25:41.529 I/UsbDeviceManager(  634): 	at com.android.internal.os.ZygoteInit.main(ZygoteInit.java:891)
12-10 15:25:41.529 E/UsbDeviceManager(  634): Failed to open control for mtp
12-10 15:25:41.529 E/UsbDeviceManager(  634): Failed to open control for mtp
12-10 15:25:41.572 I/UsbPortManager(  634): Usb hal service started android.hardware.usb@1.0::IUsb default
12-10 15:25:41.585 W/SystemServiceManager(  634): Service com.android.server.usb.UsbService$Lifecycle took 64 ms in onStart
12-10 15:25:41.585 I/SystemServer(  634): StartSerialService
12-10 15:25:41.587 I/SystemServer(  634): StartHardwarePropertiesManagerService
12-10 15:25:41.592 I/SystemServer(  634): StartTwilightService
12-10 15:25:41.593 I/SystemServiceManager(  634): Starting com.android.server.twilight.TwilightService
12-10 15:25:41.593 I/SystemServer(  634): StartNightDisplay
12-10 15:25:41.593 I/SystemServiceManager(  634): Starting com.android.server.display.ColorDisplayService
12-10 15:25:41.594 I/SystemServer(  634): StartJobScheduler
12-10 15:25:41.594 I/SystemServiceManager(  634): Starting com.android.server.job.JobSchedulerService
12-10 15:25:41.604 D/JobStore(  634): Start tag: job-info
12-10 15:25:41.607 I/JobStore(  634): Read 2 jobs
12-10 15:25:41.624 I/SystemServer(  634): StartSoundTrigger
12-10 15:25:41.624 I/SystemServiceManager(  634): Starting com.android.server.soundtrigger.SoundTriggerService
12-10 15:25:41.627 I/SystemServer(  634): StartTrustManager
12-10 15:25:41.627 I/SystemServiceManager(  634): Starting com.android.server.trust.TrustManagerService
12-10 15:25:41.630 I/SystemServer(  634): StartBackupManager
12-10 15:25:41.631 I/SystemServiceManager(  634): Starting com.android.server.backup.BackupManagerService$Lifecycle
12-10 15:25:41.636 I/SystemServer(  634): StartAppWidgerService
12-10 15:25:41.637 I/SystemServiceManager(  634): Starting com.android.server.appwidget.AppWidgetService
12-10 15:25:41.644 I/SystemServer(  634): StartVoiceRecognitionManager
12-10 15:25:41.645 I/SystemServiceManager(  634): Starting com.android.server.voiceinteraction.VoiceInteractionManagerService
12-10 15:25:41.648 I/SystemServer(  634): StartGestureLauncher
12-10 15:25:41.648 I/SystemServiceManager(  634): Starting com.android.server.GestureLauncherService
12-10 15:25:41.649 I/SystemServer(  634): StartSensorNotification
12-10 15:25:41.650 I/SystemServiceManager(  634): Starting com.android.server.SensorNotificationService
12-10 15:25:41.650 I/SystemServer(  634): StartContextHubSystemService
12-10 15:25:41.650 I/SystemServiceManager(  634): Starting com.android.server.ContextHubSystemService
12-10 15:25:41.651 I/SystemServer(  634): StartDiskStatsService
12-10 15:25:41.659 I/SystemServer(  634): StartNetworkTimeUpdateService
12-10 15:25:41.663 I/SystemServer(  634): StartCommonTimeManagementService
12-10 15:25:41.666 I/SystemServer(  634): CertBlacklister
12-10 15:25:41.668 I/SystemServer(  634): StartEmergencyAffordanceService
12-10 15:25:41.669 I/SystemServiceManager(  634): Starting com.android.server.emergency.EmergencyAffordanceService
12-10 15:25:41.671 I/SystemServer(  634): StartDreamManager
12-10 15:25:41.671 I/SystemServiceManager(  634): Starting com.android.server.dreams.DreamManagerService
12-10 15:25:41.675 I/SystemServer(  634): AddGraphicsStatsService
12-10 15:25:41.680 I/SystemServer(  634): StartCompanionDeviceManager
