10-10 08:56:14.869 W/ContextImpl(21737): Calling a method in the system process without a qualified user: android.app.ContextImpl.startService:1771 android.content.ContextWrapper.startService:664 android.content.ContextWrapper.startService:664 com.android.settings.deviceinfo.UsbReceiver.startUsbService:322 com.android.settings.deviceinfo.UsbReceiver.onUsbStateReceive:168 
10-10 08:56:14.879 W/ContextImpl(21737): Calling a method in the system process without a qualified user: android.app.ContextImpl.startService:1771 android.content.ContextWrapper.startService:664 android.content.ContextWrapper.startService:664 com.android.settings.deviceinfo.UsbReceiver.startUsbService:322 com.android.settings.deviceinfo.UsbReceiver.onUsbStateReceive:231 
10-10 08:56:14.887 I/chatty  ( 1496): uid=1000(system) Binder:1496_B expire 1 line
10-10 08:56:15.586 I/chatty  ( 1496): uid=1000(system) Binder:1496_1B expire 2 lines
10-10 08:56:29.628 I/chatty  ( 1496): uid=1000(system) UEventObserver expire 10 lines
10-10 08:56:35.031 I/chatty  ( 1934): uid=1000(system) com.huawei.systemserver expire 15 lines
10-10 08:56:39.730 I/chatty  ( 1496): uid=1000(system) watchdog expire 2 lines
10-10 08:56:48.343 I/storaged(  738): storaged_t::event: storage_info refreshed.
10-10 08:57:00.379 I/chatty  ( 1496): uid=1000(system) UEventObserver expire 8 lines
10-10 08:57:35.087 I/chatty  ( 1934): uid=1000(system) com.huawei.systemserver expire 13 lines
10-10 08:57:39.738 I/chatty  ( 1496): uid=1000(system) watchdog expire 1 line
10-10 08:57:47.393 I/chatty  ( 1496): uid=1000 system_server expire 1 line
10-10 08:57:47.403 I/chatty  ( 1496): uid=1000(system) Binder:1496_1B expire 1 line
10-10 08:57:47.418 I/chatty  ( 1496): uid=1000(system) Binder:1496_9 expire 2 lines
10-10 08:57:47.433 I/chatty  ( 1496): uid=1000 system_server expire 1 line
10-10 08:57:47.446 I/chatty  ( 1496): uid=1000(system) Binder:1496_4 expire 1 line
10-10 08:57:47.495 I/chatty  ( 1496): uid=1000(system) Binder:1496_B expire 1 line
10-10 08:57:48.345 I/storaged(  738): storaged_t::event: storage_info refreshed.
10-10 08:58:01.804 I/chatty  ( 1496): uid=1000(system) UEventObserver expire 9 lines
10-10 08:58:09.742 I/chatty  ( 1496): uid=1000(system) watchdog expire 2 lines
10-10 08:58:32.519 I/chatty  ( 1496): uid=1000(system) UEventObserver expire 3 lines
10-10 08:58:35.189 I/chatty  ( 1934): uid=1000(system) com.huawei.systemserver expire 11 lines
10-10 08:58:40.064 I/chatty  ( 1496): uid=1000(system) Binder:1496_B expire 6 lines
10-10 08:58:40.068 I/chatty  ( 1496): uid=1000(system) Binder:1496_4 expire 1 line
10-10 08:58:40.127 I/chatty  ( 1496): uid=1000(system) Binder:1496_B expire 3 lines
10-10 08:58:40.164 I/chatty  ( 1496): uid=1000(system) Binder:1496_9 expire 1 line
10-10 08:58:48.346 I/storaged(  738): storaged_t::event: storage_info refreshed.
10-10 08:59:03.240 I/chatty  ( 1496): uid=1000(system) UEventObserver expire 12 lines
10-10 08:59:09.750 I/chatty  ( 1496): uid=1000(system) watchdog expire 2 lines
10-10 08:59:35.220 I/chatty  ( 1934): uid=1000(system) com.huawei.systemserver expire 13 lines
10-10 08:59:48.349 I/storaged(  738): storaged_t::event: storage_info refreshed.
10-10 09:00:04.679 I/chatty  ( 1496): uid=1000(system) UEventObserver expire 11 lines
10-10 09:00:09.758 I/chatty  ( 1496): uid=1000(system) watchdog expire 1 line
10-10 09:00:29.992 I/chatty  ( 1496): uid=1000(system) UEventObserver expire 3 lines
10-10 09:00:30.001 I/chatty  ( 1496): uid=1000(system) HwBinder:1496_5 expire 1 line
10-10 09:00:35.316 I/chatty  ( 1934): uid=1000(system) com.huawei.systemserver expire 10 lines
10-10 09:00:35.385 I/chatty  ( 1496): uid=1000(system) UEventObserver expire 4 lines
10-10 09:00:39.762 I/chatty  ( 1496): uid=1000(system) watchdog expire 1 line
10-10 09:00:48.350 I/storaged(  738): storaged_t::event: storage_info refreshed.
10-10 09:00:48.351 I/storaged(  738): storaged_t::event: Pidm reported.
10-10 09:00:48.351 E/storaged(  738): pid_info get_pids failed
10-10 09:01:03.476 I/chatty  ( 1496): uid=1000(system) Binder:1496_4 expire 1 line
10-10 09:01:05.296 I/chatty  ( 1496): uid=1000(system) android.bg expire 1 line
10-10 09:01:06.120 I/chatty  ( 1496): uid=1000(system) UEventObserver expire 6 lines
10-10 09:01:09.528 I/chatty  ( 1496): uid=1000(system) Binder:1496_4 expire 1 line
10-10 09:01:09.766 I/chatty  ( 1496): uid=1000(system) watchdog expire 1 line
10-10 09:01:10.035 I/chatty  ( 1496): uid=1000(system) Binder:1496_4 expire 2 lines
10-10 09:01:15.343 I/chatty  ( 1934): uid=1000(system) com.huawei.systemserver expire 10 lines
10-10 09:01:36.840 I/chatty  ( 1496): uid=1000(system) UEventObserver expire 11 lines
10-10 09:01:39.770 I/chatty  ( 1496): uid=1000(system) watchdog expire 3 lines
10-10 09:01:48.353 I/storaged(  738): storaged_t::event: storage_info refreshed.
10-10 09:02:07.583 I/chatty  ( 1496): uid=1000(system) UEventObserver expire 10 lines
10-10 09:02:35.386 I/chatty  ( 1934): uid=1000(system) com.huawei.systemserver expire 12 lines
10-10 09:02:48.355 I/storaged(  738): storaged_t::event: storage_info refreshed.
10-10 09:03:08.978 I/chatty  ( 1496): uid=1000(system) UEventObserver expire 7 lines
10-10 09:03:09.782 I/chatty  ( 1496): uid=1000(system) watchdog expire 2 lines
10-10 09:03:15.467 I/chatty  ( 1934): uid=1000(system) com.huawei.systemserver expire 11 lines
10-10 09:03:39.701 I/chatty  ( 1496): uid=1000(system) UEventObserver expire 2 lines
10-10 09:03:40.105 I/chatty  ( 1496): uid=1000(system) Binder:1496_4 expire 7 lines
10-10 09:03:40.195 I/chatty  ( 1496): uid=1000(system) Binder:1496_B expire 2 lines
10-10 09:03:48.357 I/storaged(  738): storaged_t::event: storage_info refreshed.
10-10 09:03:55.608 I/chatty  ( 1496): uid=1000(system) ActivityManager expire 1 line
10-10 09:03:55.638 I/chatty  ( 1496): uid=1000(system) ActivityManager expire 1 line
10-10 09:03:55.639 I/chatty  ( 1496): uid=1000(system) MultiTaskManage expire 1 line
10-10 09:03:55.675 D/ActivityThread( 8444): Attach thread to application
10-10 09:03:55.788 I/chatty  ( 1496): uid=1000(system) Binder:1496_B expire 1 line
10-10 09:03:55.899 I/chatty  ( 1496): uid=1000(system) Binder:1496_4 expire 3 lines
10-10 09:03:55.907 I/chatty  ( 1934): uid=1000(system) Binder:1934_6 expire 3 lines
10-10 09:03:56.405 I/chatty  ( 1496): uid=1000(system) Thread-7 expire 1 line
10-10 09:04:09.789 I/chatty  ( 1496): uid=1000(system) watchdog expire 2 lines
10-10 09:04:10.440 I/chatty  ( 1496): uid=1000(system) UEventObserver expire 18 lines
10-10 09:04:15.481 I/chatty  ( 1934): uid=1000(system) com.huawei.systemserver expire 11 lines
10-10 09:04:45.996 I/chatty  ( 1496): uid=1000(system) HwBinder:1496_5 expire 1 line
10-10 09:04:48.359 I/storaged(  738): storaged_t::event: storage_info refreshed.
10-10 09:05:09.796 I/chatty  ( 1496): uid=1000(system) watchdog expire 1 line
10-10 09:05:11.863 I/chatty  ( 1496): uid=1000(system) UEventObserver expire 8 lines
10-10 09:05:15.551 I/chatty  ( 1934): uid=1000(system) com.huawei.systemserver expire 11 lines
10-10 09:05:39.800 I/chatty  ( 1496): uid=1000(system) watchdog expire 1 line
10-10 09:05:42.584 I/chatty  ( 1496): uid=1000(system) UEventObserver expire 11 lines
10-10 09:05:48.360 I/storaged(  738): storaged_t::event: storage_info refreshed.
10-10 09:05:55.604 I/chatty  ( 1934): uid=1000(system) com.huawei.systemserver expire 10 lines
10-10 09:06:09.804 I/chatty  ( 1496): uid=1000(system) watchdog expire 3 lines
10-10 09:06:44.052 I/chatty  ( 1496): uid=1000(system) UEventObserver expire 11 lines
10-10 09:06:48.362 I/storaged(  738): storaged_t::event: storage_info refreshed.
10-10 09:06:55.622 I/chatty  ( 1934): uid=1000(system) com.huawei.systemserver expire 16 lines
10-10 09:07:39.817 I/chatty  ( 1496): uid=1000(system) watchdog expire 2 lines
10-10 09:07:45.468 I/chatty  ( 1496): uid=1000(system) UEventObserver expire 12 lines
10-10 09:07:48.364 I/storaged(  738): storaged_t::event: storage_info refreshed.
10-10 09:08:15.712 I/chatty  ( 1934): uid=1000(system) com.huawei.systemserver expire 16 lines
10-10 09:08:39.824 I/chatty  ( 1496): uid=1000(system) watchdog expire 1 line
10-10 09:08:40.108 I/chatty  ( 1496): uid=1000(system) Binder:1496_13 expire 4 lines
10-10 09:08:40.113 I/chatty  ( 1496): uid=1000(system) Binder:1496_1B expire 1 line
10-10 09:08:40.114 I/chatty  ( 1496): uid=1000(system) Binder:1496_7 expire 1 line
10-10 09:08:40.176 I/chatty  ( 1496): uid=1000(system) Binder:1496_13 expire 4 lines
10-10 09:08:40.192 I/chatty  ( 1496): uid=1000(system) Binder:1496_7 expire 2 lines
10-10 09:08:40.193 I/chatty  ( 1496): uid=1000(system) Binder:1496_1B expire 1 line
10-10 09:08:43.056 I/chatty  ( 1496): uid=1000(system) Binder:1496_7 expire 2 lines
10-10 09:08:46.923 I/chatty  ( 1496): uid=1000(system) UEventObserver expire 16 lines
10-10 09:08:48.365 I/storaged(  738): storaged_t::event: storage_info refreshed.
10-10 09:09:01.996 I/chatty  ( 1496): uid=1000(system) HwBinder:1496_5 expire 1 line
10-10 09:09:09.827 I/chatty  ( 1496): uid=1000(system) watchdog expire 2 lines
10-10 09:09:17.638 I/chatty  ( 1496): uid=1000(system) UEventObserver expire 8 lines
10-10 09:09:35.769 I/chatty  ( 1934): uid=1000(system) com.huawei.systemserver expire 11 lines
10-10 09:09:48.366 I/storaged(  738): storaged_t::event: storage_info refreshed.
10-10 09:09:52.764 I/chatty  ( 1496): uid=1000(system) Binder:1496_7 expire 1 line
10-10 09:10:09.834 I/chatty  ( 1496): uid=1000(system) watchdog expire 2 lines
10-10 09:10:19.078 I/chatty  ( 1496): uid=1000(system) UEventObserver expire 12 lines
10-10 09:10:35.865 I/chatty  ( 1934): uid=1000(system) com.huawei.systemserver expire 10 lines
10-10 09:10:48.368 I/storaged(  738): storaged_t::event: storage_info refreshed.
10-10 09:11:03.508 I/chatty  ( 1496): uid=1000(system) Binder:1496_7 expire 2 lines
10-10 09:11:09.842 I/chatty  ( 1496): uid=1000(system) watchdog expire 1 line
10-10 09:11:10.060 I/chatty  ( 1496): uid=1000(system) Binder:1496_1B expire 2 lines
10-10 09:11:15.912 I/chatty  ( 1934): uid=1000(system) com.huawei.systemserver expire 10 lines
10-10 09:11:20.493 I/chatty  ( 1496): uid=1000(system) UEventObserver expire 12 lines
10-10 09:11:39.846 I/chatty  ( 1496): uid=1000(system) watchdog expire 2 lines
10-10 09:11:48.370 I/storaged(  738): storaged_t::event: storage_info refreshed.
10-10 09:11:55.971 I/chatty  ( 1934): uid=1000(system) com.huawei.systemserver expire 10 lines
10-10 09:12:21.952 I/chatty  ( 1496): uid=1000(system) UEventObserver expire 10 lines
10-10 09:12:39.854 I/chatty  ( 1496): uid=1000(system) watchdog expire 1 line
10-10 09:12:48.371 I/storaged(  738): storaged_t::event: storage_info refreshed.
10-10 09:12:52.674 I/chatty  ( 1496): uid=1000(system) UEventObserver expire 9 lines
10-10 09:13:09.857 I/chatty  ( 1496): uid=1000(system) watchdog expire 1 line
10-10 09:13:16.000 I/chatty  ( 1934): uid=1000(system) com.huawei.systemserver expire 11 lines
10-10 09:13:17.993 I/chatty  ( 1496): uid=1000(system) HwBinder:1496_5 expire 1 line
10-10 09:13:23.416 I/chatty  ( 1496): uid=1000(system) UEventObserver expire 5 lines
10-10 09:13:39.860 I/chatty  ( 1496): uid=1000(system) watchdog expire 1 line
10-10 09:13:40.033 I/chatty  ( 1496): uid=1000(system) Binder:1496_1B expire 8 lines
10-10 09:13:40.115 I/chatty  ( 1496): uid=1000(system) Binder:1496_13 expire 1 line
10-10 09:13:48.372 I/storaged(  738): storaged_t::event: storage_info refreshed.
10-10 09:13:54.111 I/chatty  ( 1496): uid=1000(system) UEventObserver expire 12 lines
10-10 09:13:56.080 I/chatty  ( 1934): uid=1000(system) com.huawei.systemserver expire 20 lines
10-10 09:14:09.863 I/chatty  ( 1496): uid=1000(system) watchdog expire 2 lines
10-10 09:14:48.374 I/storaged(  738): storaged_t::event: storage_info refreshed.
10-10 09:14:55.554 I/chatty  ( 1496): uid=1000(system) UEventObserver expire 7 lines
10-10 09:15:09.870 I/chatty  ( 1496): uid=1000(system) watchdog expire 1 line
10-10 09:15:19.049 I/chatty  ( 1496): uid=1000(system) batterystats-wo expire 2 lines
10-10 09:15:26.273 I/chatty  ( 1496): uid=1000(system) UEventObserver expire 6 lines
10-10 09:15:30.873 I/chatty  ( 1496): uid=1000(system) android.io expire 1 line
10-10 09:15:33.222 I/chatty  ( 1496): uid=1000 system_server expire 1 line
10-10 09:15:35.094 I/chatty  ( 1934): uid=1000(system) DollieChrTh expire 8 lines
10-10 09:15:36.131 I/chatty  ( 1934): uid=1000(system) com.huawei.systemserver expire 10 lines
10-10 09:15:39.874 I/chatty  ( 1496): uid=1000(system) watchdog expire 1 line
10-10 09:15:48.375 I/storaged(  738): storaged_t::event: DSM updated and published.
10-10 09:15:48.379 E/storaged(  738): open file /data/storaged/storaged.txt failed!2
10-10 09:15:48.379 E/storaged(  738): write(append)  diskstat data failed!ts:1633828548,read bytes:0, write bytes: 0
10-10 09:15:48.379 I/storaged(  738): storaged_t::event: Uidm reported.
10-10 09:15:48.401 I/storaged(  738): uid_monitor::update_curr_io_stats_locked: last_uid_io_stats_ size is 189
10-10 09:15:48.401 I/storaged(  738): uid_monitor::update_curr_io_stats_locked: curr_io_stats_ size is 189
10-10 09:15:48.401 E/storaged(  738): curr_io_stats:  size: 189
10-10 09:15:48.419 E/storaged(  738): open file /data/storaged/storaged.txt failed!2
10-10 09:15:48.419 E/storaged(  738): write(append)  uid data failed!
10-10 09:15:48.420 I/storaged(  738): uid_monitor::update_uid_io_proto: io_history_ size is 108
10-10 09:15:48.420 I/storaged(  738): storaged_t::event: storage_info refreshed.
10-10 09:15:48.420 I/storaged(  738): storaged_t::event: proto flushed.
10-10 09:15:49.705 I/storaged(  738): storaged_t::event: Pidm reported.
10-10 09:15:49.706 E/storaged(  738): pid_info get_pids failed
10-10 09:15:57.015 I/chatty  ( 1496): uid=1000(system) UEventObserver expire 10 lines
10-10 09:16:09.877 I/chatty  ( 1496): uid=1000(system) watchdog expire 2 lines
10-10 09:16:27.725 I/chatty  ( 1496): uid=1000(system) UEventObserver expire 12 lines
10-10 09:16:36.212 I/chatty  ( 1934): uid=1000(system) com.huawei.systemserver expire 10 lines
10-10 09:16:49.708 I/storaged(  738): storaged_t::event: storage_info refreshed.
10-10 09:17:09.884 I/chatty  ( 1496): uid=1000(system) watchdog expire 2 lines
10-10 09:17:16.266 I/chatty  ( 1934): uid=1000(system) com.huawei.systemserver expire 11 lines
10-10 09:17:29.147 I/chatty  ( 1496): uid=1000(system) UEventObserver expire 7 lines
10-10 09:17:49.710 I/storaged(  738): storaged_t::event: storage_info refreshed.
10-10 09:17:54.470 I/chatty  ( 1496): uid=1000(system) HwBinder:1496_5 expire 1 line
10-10 09:17:56.287 I/chatty  ( 1934): uid=1000(system) com.huawei.systemserver expire 10 lines
10-10 09:17:59.864 I/chatty  ( 1496): uid=1000(system) UEventObserver expire 12 lines
10-10 09:18:09.890 I/chatty  ( 1496): uid=1000(system) watchdog expire 2 lines
10-10 09:18:40.102 I/chatty  ( 1496): uid=1000(system) Binder:1496_7 expire 7 lines
10-10 09:18:40.104 I/chatty  ( 1496): uid=1000(system) Binder:1496_13 expire 2 lines
10-10 09:18:40.186 I/chatty  ( 1496): uid=1000(system) Binder:1496_1B expire 1 line
10-10 09:18:49.711 I/storaged(  738): storaged_t::event: storage_info refreshed.
10-10 09:18:51.545 I/chatty  ( 1496): uid=1000(system) Binder:1496_7 expire 1 line
10-10 09:19:01.307 I/chatty  ( 1496): uid=1000(system) UEventObserver expire 12 lines
10-10 09:19:09.896 I/chatty  ( 1496): uid=1000(system) watchdog expire 4 lines
10-10 09:19:16.310 I/chatty  ( 1934): uid=1000(system) com.huawei.systemserver expire 11 lines
10-10 09:19:49.713 I/storaged(  738): storaged_t::event: storage_info refreshed.
10-10 09:19:56.380 I/chatty  ( 1934): uid=1000(system) com.huawei.systemserver expire 17 lines
10-10 09:20:02.754 I/chatty  ( 1496): uid=1000(system) UEventObserver expire 12 lines
10-10 09:20:25.056 I/chatty  ( 1496): uid=1000 system_server expire 4 lines
10-10 09:20:25.072 I/chatty  ( 1496): uid=1000(system) NetworkStats expire 8 lines
10-10 09:20:25.109 I/chatty  ( 1496): uid=1000(system) WifiStateMachin expire 1 line
10-10 09:20:25.117 I/wificond(  740): Pno scan result ready event
10-10 09:20:25.118 I/chatty  ( 1496): uid=1000(system) WifiScanningSer expire 1 line
10-10 09:20:25.120 I/wificond(  740): Unexpected empty scan result!
10-10 09:20:25.150 I/chatty  ( 1496): uid=1000(system) NetdConnector expire 6 lines
10-10 09:20:25.162 I/chatty  ( 1496): uid=1000(system) Binder:1496_13 expire 1 line
10-10 09:20:25.169 I/chatty  ( 1496): uid=1000(system) Binder:1496_1B expire 4 lines
10-10 09:20:25.190 I/chatty  ( 1496): uid=1000(system) Binder:1496_4 expire 4 lines
10-10 09:20:25.223 I/chatty  ( 1496): uid=1000(system) ActivityManager expire 1 line
10-10 09:20:25.223 I/chatty  ( 1496): uid=1000(system) MultiTaskManage expire 1 line
10-10 09:20:25.246 D/ActivityThread( 8648): Attach thread to application
10-10 09:20:25.336 I/chatty  ( 1496): uid=1000(system) Binder:1496_B expire 5 lines
10-10 09:20:25.341 I/chatty  ( 1496): uid=1000(system) Binder:1496_1E expire 2 lines
10-10 09:20:25.366 I/chatty  ( 1496): uid=1000(system) Binder:1496_F expire 4 lines
10-10 09:20:25.372 I/chatty  ( 1934): uid=1000(system) Binder:1934_7 expire 3 lines
10-10 09:20:25.397 I/chatty  ( 1934): uid=1000(system) Binder:1934_6 expire 3 lines
10-10 09:20:25.678 W/SocketListener(  530): sending broadcast to Pid = 1496, Uid = 1000 
10-10 09:20:25.682 I/chatty  ( 1496): uid=1000(system) android.fg expire 2 lines
10-10 09:20:25.696 I/wificond(  740): Pno scan stopped
10-10 09:20:25.704 I/wificond(  740): Pno scan started
10-10 09:20:25.867 I/chatty  ( 1496): uid=1000(system) Thread-7 expire 2 lines
10-10 09:20:49.715 I/storaged(  738): storaged_t::event: storage_info refreshed.
10-10 09:21:03.523 I/chatty  ( 1496): uid=1000(system) Binder:1496_4 expire 1 line
10-10 09:21:04.212 I/chatty  ( 1496): uid=1000(system) UEventObserver expire 6 lines
10-10 09:21:09.582 I/chatty  ( 1496): uid=1000(system) Binder:1496_4 expire 1 line
10-10 09:21:09.908 I/chatty  ( 1496): uid=1000(system) watchdog expire 1 line
10-10 09:21:10.090 I/chatty  ( 1496): uid=1000(system) Binder:1496_2 expire 1 line
10-10 09:21:16.441 I/chatty  ( 1934): uid=1000(system) com.huawei.systemserver expire 11 lines
10-10 09:21:19.628 I/chatty  ( 1496): uid=1000(system) Binder:1496_4 expire 1 line
10-10 09:21:34.906 I/chatty  ( 1496): uid=1000(system) UEventObserver expire 12 lines
10-10 09:21:39.911 I/chatty  ( 1496): uid=1000(system) watchdog expire 2 lines
10-10 09:21:49.716 I/storaged(  738): storaged_t::event: storage_info refreshed.
10-10 09:22:16.457 I/chatty  ( 1934): uid=1000(system) com.huawei.systemserver expire 13 lines
10-10 09:22:30.951 I/chatty  ( 1496): uid=1000(system) UEventObserver expire 11 lines
10-10 09:22:30.962 I/chatty  ( 1496): uid=1000(system) HwBinder:1496_5 expire 1 line
10-10 09:22:36.343 I/chatty  ( 1496): uid=1000(system) UEventObserver expire 7 lines
10-10 09:22:39.918 I/chatty  ( 1496): uid=1000(system) watchdog expire 2 lines
10-10 09:22:49.717 I/storaged(  738): storaged_t::event: storage_info refreshed.
10-10 09:23:16.553 I/chatty  ( 1934): uid=1000(system) com.huawei.systemserver expire 11 lines
10-10 09:23:37.806 I/chatty  ( 1496): uid=1000(system) UEventObserver expire 6 lines
10-10 09:23:39.924 I/chatty  ( 1496): uid=1000(system) watchdog expire 1 line
10-10 09:23:40.095 I/chatty  ( 1496): uid=1000(system) Binder:1496_2 expire 8 lines
10-10 09:23:40.183 I/chatty  ( 1496): uid=1000(system) Binder:1496_4 expire 1 line
10-10 09:23:49.718 I/storaged(  738): storaged_t::event: storage_info refreshed.
10-10 09:24:08.514 I/chatty  ( 1496): uid=1000(system) UEventObserver expire 6 lines
10-10 09:24:09.927 I/chatty  ( 1496): uid=1000(system) watchdog expire 3 lines
10-10 09:24:16.577 I/chatty  ( 1934): uid=1000(system) com.huawei.systemserver expire 13 lines
10-10 09:24:39.228 I/chatty  ( 1496): uid=1000(system) UEventObserver expire 10 lines
10-10 09:24:49.719 I/storaged(  738): storaged_t::event: storage_info refreshed.
10-10 09:25:09.944 I/chatty  ( 1496): uid=1000(system) UEventObserver expire 3 lines
10-10 09:25:16.665 I/chatty  ( 1934): uid=1000(system) com.huawei.systemserver expire 11 lines
10-10 09:25:36.352 I/chatty  ( 1496): uid=1000(system) Binder:1496_4 expire 1 line
10-10 09:25:39.936 I/chatty  ( 1496): uid=1000(system) watchdog expire 1 line
10-10 09:25:40.671 I/chatty  ( 1496): uid=1000(system) UEventObserver expire 11 lines
10-10 09:25:49.720 I/storaged(  738): storaged_t::event: storage_info refreshed.
10-10 09:26:09.941 I/chatty  ( 1496): uid=1000(system) watchdog expire 2 lines
10-10 09:26:16.672 I/chatty  ( 1934): uid=1000(system) com.huawei.systemserver expire 13 lines
10-10 09:26:42.110 I/chatty  ( 1496): uid=1000(system) UEventObserver expire 6 lines
10-10 09:26:49.720 I/storaged(  738): storaged_t::event: storage_info refreshed.
10-10 09:26:56.621 W/ContextImpl(21737): Calling a method in the system process without a qualified user: android.app.ContextImpl.startService:1771 android.content.ContextWrapper.startService:664 android.content.ContextWrapper.startService:664 com.android.settings.deviceinfo.UsbReceiver.startUsbService:322 com.android.settings.deviceinfo.UsbReceiver.onUsbStateReceive:168 
10-10 09:26:56.626 W/ContextImpl(21737): Calling a method in the system process without a qualified user: android.app.ContextImpl.startService:1771 android.content.ContextWrapper.startService:664 android.content.ContextWrapper.startService:664 com.android.settings.deviceinfo.UsbReceiver.startUsbService:322 com.android.settings.deviceinfo.UsbReceiver.onUsbStateReceive:231 
10-10 09:26:56.630 I/chatty  ( 1496): uid=1000(system) Binder:1496_4 expire 1 line
10-10 09:26:57.339 I/chatty  ( 1496): uid=1000(system) Binder:1496_2 expire 2 lines
10-10 09:27:07.429 I/chatty  ( 1496): uid=1000(system) UEventObserver expire 8 lines
10-10 09:27:07.436 I/chatty  ( 1496): uid=1000(system) HwBinder:1496_5 expire 1 line
10-10 09:27:09.949 I/chatty  ( 1496): uid=1000(system) watchdog expire 2 lines
10-10 09:27:12.841 I/chatty  ( 1496): uid=1000(system) UEventObserver expire 10 lines
10-10 09:27:16.768 I/chatty  ( 1934): uid=1000(system) com.huawei.systemserver expire 11 lines
10-10 09:27:49.721 I/storaged(  738): storaged_t::event: storage_info refreshed.
10-10 09:28:09.958 I/chatty  ( 1496): uid=1000(system) watchdog expire 5 lines
10-10 09:28:14.268 I/chatty  ( 1496): uid=1000(system) UEventObserver expire 12 lines
10-10 09:28:16.799 I/chatty  ( 1934): uid=1000(system) com.huawei.systemserver expire 13 lines
10-10 09:28:40.110 I/chatty  ( 1496): uid=1000(system) Binder:1496_4 expire 9 lines
10-10 09:28:40.110 I/chatty  ( 1496): uid=1000(system) Binder:1496_B expire 5 lines
10-10 09:28:40.188 I/chatty  ( 1496): uid=1000(system) Binder:1496_F expire 2 lines
10-10 09:28:49.722 I/storaged(  738): storaged_t::event: storage_info refreshed.
10-10 09:28:52.246 I/chatty  ( 1496): uid=1000(system) Binder:1496_13 expire 1 line
10-10 09:29:15.716 I/chatty  ( 1496): uid=1000(system) UEventObserver expire 12 lines
10-10 09:29:16.888 I/chatty  ( 1934): uid=1000(system) com.huawei.systemserver expire 11 lines
10-10 09:29:49.723 I/storaged(  738): storaged_t::event: storage_info refreshed.
10-10 09:30:16.904 I/chatty  ( 1934): uid=1000(system) com.huawei.systemserver expire 13 lines
10-10 09:30:17.168 I/chatty  ( 1496): uid=1000(system) UEventObserver expire 6 lines
10-10 09:30:35.890 I/chatty  ( 1496): uid=1000 system_server expire 9 lines
10-10 09:30:35.906 I/chatty  ( 1496): uid=1000(system) NetworkStats expire 8 lines
10-10 09:30:35.985 I/chatty  ( 1496): uid=1000(system) NetdConnector expire 2 lines
10-10 09:30:36.023 I/chatty  ( 1496): uid=1000(system) Binder:1496_4 expire 2 lines
10-10 09:30:36.030 I/chatty  ( 1496): uid=1000 system_server expire 2 lines
10-10 09:30:36.039 D/DownloadManager(32212): Removed 0 stale downloads
10-10 09:30:36.041 I/chatty  ( 1496): uid=1000(system) Binder:1496_F expire 1 line
10-10 09:30:36.063 D/DownloadManager(32212): Found 0 files in database
10-10 09:30:36.063 D/DownloadManager(32212): Found 0 files on disk
10-10 09:30:36.080 I/chatty  ( 1496): uid=1000 system_server expire 1 line
10-10 09:30:36.091 I/chatty  ( 1496): uid=1000(system) Binder:1496_4 expire 5 lines
10-10 09:30:36.104 I/chatty  ( 1496): uid=1000 system_server expire 13 lines
10-10 09:30:36.140 D/DownloadManager(32212): Removed 0 stale downloads
10-10 09:30:36.159 D/DownloadManager(32212): Found 0 files in database
10-10 09:30:36.159 D/DownloadManager(32212): Found 0 files on disk
10-10 09:30:39.064 I/chatty  ( 1496): uid=1000(system) Binder:1496_B expire 3 lines
10-10 09:30:39.068 I/chatty  ( 1496): uid=1000 system_server expire 1 line
10-10 09:30:39.087 I/chatty  ( 1496): uid=1000(system) ActivityManager expire 1 line
10-10 09:30:39.088 I/chatty  ( 1496): uid=1000(system) MultiTaskManage expire 1 line
10-10 09:30:39.112 D/ActivityThread( 8820): Attach thread to application
10-10 09:30:39.467 I/chatty  ( 1496): uid=1000(system) Binder:1496_B expire 4 lines
10-10 09:30:39.673 I/chatty  ( 1496): uid=1000(system) Binder:1496_F expire 2 lines
10-10 09:30:39.974 I/chatty  ( 1496): uid=1000(system) watchdog expire 1 line
10-10 09:30:47.858 I/chatty  ( 1496): uid=1000(system) UEventObserver expire 6 lines
10-10 09:30:49.723 I/storaged(  738): storaged_t::event: storage_info refreshed.
10-10 09:30:49.724 I/storaged(  738): storaged_t::event: Pidm reported.
10-10 09:30:49.725 E/storaged(  738): pid_info get_pids failed
10-10 09:31:03.553 I/chatty  ( 1496): uid=1000(system) Binder:1496_F expire 1 line
10-10 09:31:05.965 I/chatty  ( 1496): uid=1000 system_server expire 9 lines
10-10 09:31:06.035 I/chatty  ( 1496): uid=1000(system) Binder:1496_2 expire 5 lines
10-10 09:31:06.071 I/chatty  ( 1496): uid=1000 system_server expire 3 lines
10-10 09:31:06.099 I/chatty  ( 1496): uid=1000(system) Binder:1496_4 expire 7 lines
10-10 09:31:06.106 I/chatty  ( 1496): uid=1000 system_server expire 2 lines
10-10 09:31:09.976 I/chatty  ( 1496): uid=1000(system) watchdog expire 1 line
10-10 09:31:17.016 I/chatty  ( 1934): uid=1000(system) com.huawei.systemserver expire 11 lines
10-10 09:31:18.571 I/chatty  ( 1496): uid=1000(system) UEventObserver expire 6 lines
10-10 09:31:19.614 I/chatty  ( 1496): uid=1000(system) Binder:1496_4 expire 2 lines
10-10 09:31:37.659 W/ContextImpl(21737): Calling a method in the system process without a qualified user: android.app.ContextImpl.startService:1771 android.content.ContextWrapper.startService:664 android.content.ContextWrapper.startService:664 com.android.settings.deviceinfo.UsbReceiver.startUsbService:322 com.android.settings.deviceinfo.UsbReceiver.onUsbStateReceive:168 
10-10 09:31:37.663 W/ContextImpl(21737): Calling a method in the system process without a qualified user: android.app.ContextImpl.startService:1771 android.content.ContextWrapper.startService:664 android.content.ContextWrapper.startService:664 com.android.settings.deviceinfo.UsbReceiver.startUsbService:322 com.android.settings.deviceinfo.UsbReceiver.onUsbStateReceive:231 
10-10 09:31:38.374 I/chatty  ( 1496): uid=1000(system) Binder:1496_2 expire 2 lines
10-10 09:31:39.768 I/chatty  ( 1496): uid=1000 system_server expire 5 lines
10-10 09:31:39.979 I/chatty  ( 1496): uid=1000(system) watchdog expire 1 line
10-10 09:31:43.907 I/chatty  ( 1496): uid=1000(system) UEventObserver expire 6 lines
10-10 09:31:43.912 I/chatty  ( 1496): uid=1000(system) HwBinder:1496_5 expire 1 line
10-10 09:31:44.771 I/chatty  ( 1496): uid=1000 system_server expire 6 lines
10-10 09:31:44.782 I/chatty  ( 1496): uid=1000(system) Binder:1496_2 expire 1 line
10-10 09:31:44.789 I/chatty  ( 1496): uid=1000(system) Binder:1496_7 expire 1 line
10-10 09:31:44.790 I/chatty  ( 1496): uid=1000 system_server expire 1 line
10-10 09:31:49.308 I/chatty  ( 1496): uid=1000(system) UEventObserver expire 8 lines
10-10 09:31:49.725 I/storaged(  738): storaged_t::event: storage_info refreshed.
10-10 09:32:09.983 I/chatty  ( 1496): uid=1000(system) watchdog expire 1 line
10-10 09:32:17.023 I/chatty  ( 1934): uid=1000(system) com.huawei.systemserver expire 13 lines
10-10 09:32:18.718 I/chatty  ( 1496): uid=1000 system_server expire 1 line
10-10 09:32:20.029 I/chatty  ( 1496): uid=1000(system) UEventObserver expire 15 lines
10-10 09:32:34.150 W/ContextImpl(21737): Calling a method in the system process without a qualified user: android.app.ContextImpl.startService:1771 android.content.ContextWrapper.startService:664 android.content.ContextWrapper.startService:664 com.android.settings.deviceinfo.UsbReceiver.startUsbService:322 com.android.settings.deviceinfo.UsbReceiver.onUsbStateReceive:168 
10-10 09:32:34.160 W/ContextImpl(21737): Calling a method in the system process without a qualified user: android.app.ContextImpl.startService:1771 android.content.ContextWrapper.startService:664 android.content.ContextWrapper.startService:664 com.android.settings.deviceinfo.UsbReceiver.startUsbService:322 com.android.settings.deviceinfo.UsbReceiver.onUsbStateReceive:231 
10-10 09:32:34.165 I/chatty  ( 1496): uid=1000(system) Binder:1496_13 expire 1 line
10-10 09:32:34.867 I/chatty  ( 1496): uid=1000(system) Binder:1496_2 expire 2 lines
10-10 09:32:39.989 I/chatty  ( 1496): uid=1000(system) watchdog expire 3 lines
10-10 09:32:49.726 I/storaged(  738): storaged_t::event: storage_info refreshed.
10-10 09:33:17.105 I/chatty  ( 1934): uid=1000(system) com.huawei.systemserver expire 11 lines
10-10 09:33:21.452 I/chatty  ( 1496): uid=1000(system) UEventObserver expire 1 line
10-10 09:33:40.109 I/chatty  ( 1496): uid=1000(system) Binder:1496_1E expire 7 lines
10-10 09:33:40.229 I/chatty  ( 1496): uid=1000(system) Binder:1496_13 expire 1 line
10-10 09:33:49.728 I/storaged(  738): storaged_t::event: storage_info refreshed.
10-10 09:33:52.198 I/chatty  ( 1496): uid=1000(system) UEventObserver expire 9 lines
10-10 09:33:52.645 I/chatty  ( 1496): uid=1000(system) Binder:1496_13 expire 1 line
10-10 09:34:10.000 I/chatty  ( 1496): uid=1000(system) watchdog expire 1 line
10-10 09:34:17.131 I/chatty  ( 1934): uid=1000(system) com.huawei.systemserver expire 13 lines
10-10 09:34:22.907 I/chatty  ( 1496): uid=1000(system) UEventObserver expire 9 lines
10-10 09:34:40.004 I/chatty  ( 1496): uid=1000(system) watchdog expire 2 lines
10-10 09:34:49.729 I/storaged(  738): storaged_t::event: storage_info refreshed.
10-10 09:35:17.221 I/chatty  ( 1934): uid=1000(system) com.huawei.systemserver expire 11 lines
10-10 09:35:24.341 I/chatty  ( 1496): uid=1000(system) UEventObserver expire 10 lines
10-10 09:35:33.322 I/chatty  ( 1496): uid=1000(system) android.bg expire 1 line
10-10 09:35:40.011 I/chatty  ( 1496): uid=1000(system) watchdog expire 2 lines
10-10 09:35:49.731 I/storaged(  738): storaged_t::event: storage_info refreshed.
10-10 09:35:55.057 I/chatty  ( 1496): uid=1000(system) UEventObserver expire 9 lines
10-10 09:36:17.217 I/chatty  ( 1934): uid=1000(system) com.huawei.systemserver expire 10 lines
10-10 09:36:40.018 I/chatty  ( 1496): uid=1000(system) watchdog expire 1 line
10-10 09:36:49.732 I/storaged(  738): storaged_t::event: storage_info refreshed.
10-10 09:36:56.501 I/chatty  ( 1496): uid=1000(system) UEventObserver expire 5 lines
10-10 09:37:10.021 I/chatty  ( 1496): uid=1000(system) watchdog expire 1 line
10-10 09:37:15.203 W/ContextImpl(21737): Calling a method in the system process without a qualified user: android.app.ContextImpl.startService:1771 android.content.ContextWrapper.startService:664 android.content.ContextWrapper.startService:664 com.android.settings.deviceinfo.UsbReceiver.startUsbService:322 com.android.settings.deviceinfo.UsbReceiver.onUsbStateReceive:168 
10-10 09:37:15.215 W/ContextImpl(21737): Calling a method in the system process without a qualified user: android.app.ContextImpl.startService:1771 android.content.ContextWrapper.startService:664 android.content.ContextWrapper.startService:664 com.android.settings.deviceinfo.UsbReceiver.startUsbService:322 com.android.settings.deviceinfo.UsbReceiver.onUsbStateReceive:231 
10-10 09:37:15.218 I/chatty  ( 1496): uid=1000(system) Binder:1496_1E expire 3 lines
10-10 09:37:17.291 I/chatty  ( 1934): uid=1000(system) com.huawei.systemserver expire 11 lines
10-10 09:37:21.826 I/chatty  ( 1496): uid=1000(system) UEventObserver expire 6 lines
10-10 09:37:21.835 I/chatty  ( 1496): uid=1000(system) HwBinder:1496_5 expire 1 line
10-10 09:37:27.223 I/chatty  ( 1496): uid=1000(system) UEventObserver expire 12 lines
10-10 09:37:40.024 I/chatty  ( 1496): uid=1000(system) watchdog expire 2 lines
10-10 09:37:49.733 I/storaged(  738): storaged_t::event: storage_info refreshed.
10-10 09:37:57.341 I/chatty  ( 1934): uid=1000(system) com.huawei.systemserver expire 11 lines
10-10 09:38:11.660 W/ContextImpl(21737): Calling a method in the system process without a qualified user: android.app.ContextImpl.startService:1771 android.content.ContextWrapper.startService:664 android.content.ContextWrapper.startService:664 com.android.settings.deviceinfo.UsbReceiver.startUsbService:322 com.android.settings.deviceinfo.UsbReceiver.onUsbStateReceive:168 
10-10 09:38:11.671 W/ContextImpl(21737): Calling a method in the system process without a qualified user: android.app.ContextImpl.startService:1771 android.content.ContextWrapper.startService:664 android.content.ContextWrapper.startService:664 com.android.settings.deviceinfo.UsbReceiver.startUsbService:322 com.android.settings.deviceinfo.UsbReceiver.onUsbStateReceive:231 
10-10 09:38:11.674 I/chatty  ( 1496): uid=1000(system) Binder:1496_2 expire 3 lines
10-10 09:38:28.677 I/chatty  ( 1496): uid=1000(system) UEventObserver expire 6 lines
10-10 09:38:40.033 I/chatty  ( 1496): uid=1000(system) watchdog expire 1 line
10-10 09:38:40.105 I/chatty  ( 1496): uid=1000(system) Binder:1496_13 expire 1 line
10-10 09:38:40.105 I/chatty  ( 1496): uid=1000(system) Binder:1496_1E expire 7 lines
10-10 09:38:40.109 I/chatty  ( 1496): uid=1000(system) Binder:1496_13 expire 1 line
10-10 09:38:40.198 I/chatty  ( 1496): uid=1000(system) Binder:1496_F expire 1 line
10-10 09:38:40.198 I/chatty  ( 1496): uid=1000(system) Binder:1496_2 expire 1 line
10-10 09:38:40.206 I/chatty  ( 1496): uid=1000(system) Binder:1496_1E expire 1 line
10-10 09:38:49.734 I/storaged(  738): storaged_t::event: storage_info refreshed.
10-10 09:38:52.942 I/chatty  ( 1496): uid=1000(system) Binder:1496_7 expire 1 line
10-10 09:38:57.357 I/chatty  ( 1934): uid=1000(system) com.huawei.systemserver expire 12 lines
10-10 09:38:59.389 I/chatty  ( 1496): uid=1000(system) UEventObserver expire 9 lines
10-10 09:39:10.038 I/chatty  ( 1496): uid=1000(system) watchdog expire 2 lines
10-10 09:39:30.120 I/chatty  ( 1496): uid=1000(system) UEventObserver expire 4 lines
10-10 09:39:49.736 I/storaged(  738): storaged_t::event: storage_info refreshed.
10-10 09:39:52.770 I/chatty  ( 1496): uid=1000(system) Binder:1496_7 expire 1 line
10-10 09:39:57.443 I/chatty  ( 1934): uid=1000(system) com.huawei.systemserver expire 11 lines
10-10 09:40:00.818 I/chatty  ( 1496): uid=1000(system) UEventObserver expire 9 lines
10-10 09:40:10.046 I/chatty  ( 1496): uid=1000(system) watchdog expire 2 lines
10-10 09:40:31.534 I/chatty  ( 1496): uid=1000(system) UEventObserver expire 8 lines
10-10 09:40:37.493 I/chatty  ( 1934): uid=1000(system) com.huawei.systemserver expire 10 lines
10-10 09:40:49.738 I/storaged(  738): storaged_t::event: storage_info refreshed.
10-10 09:41:03.560 I/chatty  ( 1496): uid=1000(system) Binder:1496_7 expire 1 line
10-10 09:41:09.611 I/chatty  ( 1496): uid=1000(system) Binder:1496_1E expire 1 line
10-10 09:41:10.054 I/chatty  ( 1496): uid=1000(system) watchdog expire 1 line
10-10 09:41:10.115 I/chatty  ( 1496): uid=1000(system) Binder:1496_13 expire 2 lines
10-10 09:41:32.988 I/chatty  ( 1496): uid=1000(system) UEventObserver expire 8 lines
10-10 09:41:40.057 I/chatty  ( 1496): uid=1000(system) watchdog expire 1 line
10-10 09:41:49.739 I/storaged(  738): storaged_t::event: storage_info refreshed.
10-10 09:41:57.525 I/chatty  ( 1934): uid=1000(system) com.huawei.systemserver expire 15 lines
10-10 09:42:03.700 I/chatty  ( 1496): uid=1000(system) UEventObserver expire 13 lines
10-10 09:42:08.553 I/chatty  ( 1496): uid=1000(system) HwBinder:1496_5 expire 1 line
10-10 09:42:10.061 I/chatty  ( 1496): uid=1000(system) watchdog expire 2 lines
10-10 09:42:34.429 I/chatty  ( 1496): uid=1000(system) UEventObserver expire 3 lines
10-10 09:42:49.741 I/storaged(  738): storaged_t::event: storage_info refreshed.
10-10 09:42:52.976 W/ContextImpl(21737): Calling a method in the system process without a qualified user: android.app.ContextImpl.startService:1771 android.content.ContextWrapper.startService:664 android.content.ContextWrapper.startService:664 com.android.settings.deviceinfo.UsbReceiver.startUsbService:322 com.android.settings.deviceinfo.UsbReceiver.onUsbStateReceive:168 
10-10 09:42:52.981 W/ContextImpl(21737): Calling a method in the system process without a qualified user: android.app.ContextImpl.startService:1771 android.content.ContextWrapper.startService:664 android.content.ContextWrapper.startService:664 com.android.settings.deviceinfo.UsbReceiver.startUsbService:322 com.android.settings.deviceinfo.UsbReceiver.onUsbStateReceive:231 
10-10 09:42:52.988 I/chatty  ( 1496): uid=1000(system) Binder:1496_13 expire 3 lines
10-10 09:42:57.569 I/chatty  ( 1934): uid=1000(system) com.huawei.systemserver expire 11 lines
10-10 09:43:05.145 I/chatty  ( 1496): uid=1000(system) UEventObserver expire 8 lines
10-10 09:43:10.069 I/chatty  ( 1496): uid=1000(system) watchdog expire 1 line
10-10 09:43:35.868 I/chatty  ( 1496): uid=1000(system) UEventObserver expire 4 lines
10-10 09:43:40.037 I/chatty  ( 1496): uid=1000(system) Binder:1496_13 expire 5 lines
10-10 09:43:40.071 I/chatty  ( 1496): uid=1000(system) watchdog expire 1 line
10-10 09:43:40.104 I/chatty  ( 1496): uid=1000(system) Binder:1496_13 expire 2 lines
10-10 09:43:40.118 I/chatty  ( 1496): uid=1000(system) Binder:1496_7 expire 2 lines
10-10 09:43:49.670 W/ContextImpl(21737): Calling a method in the system process without a qualified user: android.app.ContextImpl.startService:1771 android.content.ContextWrapper.startService:664 android.content.ContextWrapper.startService:664 com.android.settings.deviceinfo.UsbReceiver.startUsbService:322 com.android.settings.deviceinfo.UsbReceiver.onUsbStateReceive:168 
10-10 09:43:49.673 W/ContextImpl(21737): Calling a method in the system process without a qualified user: android.app.ContextImpl.startService:1771 android.content.ContextWrapper.startService:664 android.content.ContextWrapper.startService:664 com.android.settings.deviceinfo.UsbReceiver.startUsbService:322 com.android.settings.deviceinfo.UsbReceiver.onUsbStateReceive:231 
10-10 09:43:49.676 I/chatty  ( 1496): uid=1000(system) Binder:1496_1E expire 1 line
10-10 09:43:49.742 I/storaged(  738): storaged_t::event: storage_info refreshed.
10-10 09:43:50.388 I/chatty  ( 1496): uid=1000(system) Binder:1496_7 expire 1 line
10-10 09:43:53.309 I/chatty  ( 1496): uid=1000(system) Binder:1496_F expire 1 line
10-10 09:43:57.651 I/chatty  ( 1934): uid=1000(system) com.huawei.systemserver expire 10 lines
10-10 09:44:06.585 I/chatty  ( 1496): uid=1000(system) UEventObserver expire 11 lines
10-10 09:44:10.075 I/chatty  ( 1496): uid=1000(system) watchdog expire 2 lines
10-10 09:44:37.304 I/chatty  ( 1496): uid=1000(system) UEventObserver expire 8 lines
10-10 09:44:37.703 I/chatty  ( 1934): uid=1000(system) com.huawei.systemserver expire 10 lines
10-10 09:44:49.743 I/storaged(  738): storaged_t::event: storage_info refreshed.
10-10 09:45:10.082 I/chatty  ( 1496): uid=1000(system) watchdog expire 1 line
10-10 09:45:17.748 I/chatty  ( 1934): uid=1000(system) com.huawei.systemserver expire 10 lines
10-10 09:45:19.050 I/chatty  ( 1496): uid=1000(system) batterystats-wo expire 2 lines
10-10 09:45:38.749 I/chatty  ( 1496): uid=1000(system) UEventObserver expire 7 lines
10-10 09:45:40.085 I/chatty  ( 1496): uid=1000(system) watchdog expire 1 line
10-10 09:45:49.744 I/storaged(  738): storaged_t::event: storage_info refreshed.
10-10 09:45:49.744 I/storaged(  738): storaged_t::event: Pidm reported.
10-10 09:45:49.745 E/storaged(  738): pid_info get_pids failed
10-10 09:46:09.467 I/chatty  ( 1496): uid=1000(system) UEventObserver expire 10 lines
10-10 09:46:10.089 I/chatty  ( 1496): uid=1000(system) watchdog expire 2 lines
10-10 09:46:37.796 I/chatty  ( 1934): uid=1000(system) com.huawei.systemserver expire 10 lines
10-10 09:46:49.746 I/storaged(  738): storaged_t::event: storage_info refreshed.
10-10 09:46:50.288 W/ContextImpl(21737): Calling a method in the system process without a qualified user: android.app.ContextImpl.startService:1771 android.content.ContextWrapper.startService:664 android.content.ContextWrapper.startService:664 com.android.settings.deviceinfo.UsbReceiver.startUsbService:322 com.android.settings.deviceinfo.UsbReceiver.onUsbStateReceive:168 
10-10 09:46:50.300 W/ContextImpl(21737): Calling a method in the system process without a qualified user: android.app.ContextImpl.startService:1771 android.content.ContextWrapper.startService:664 android.content.ContextWrapper.startService:664 com.android.settings.deviceinfo.UsbReceiver.startUsbService:322 com.android.settings.deviceinfo.UsbReceiver.onUsbStateReceive:231 
10-10 09:46:50.305 I/chatty  ( 1496): uid=1000(system) Binder:1496_F expire 1 line
10-10 09:46:51.002 I/chatty  ( 1496): uid=1000(system) Binder:1496_13 expire 2 lines
10-10 09:47:10.095 I/chatty  ( 1496): uid=1000(system) watchdog expire 1 line
10-10 09:47:10.909 I/chatty  ( 1496): uid=1000(system) UEventObserver expire 12 lines
10-10 09:47:17.853 I/chatty  ( 1934): uid=1000(system) com.huawei.systemserver expire 10 lines
10-10 09:47:40.100 I/chatty  ( 1496): uid=1000(system) watchdog expire 2 lines
10-10 09:47:49.747 I/storaged(  738): storaged_t::event: storage_info refreshed.
10-10 09:47:57.909 I/chatty  ( 1934): uid=1000(system) com.huawei.systemserver expire 10 lines
10-10 09:48:12.340 I/chatty  ( 1496): uid=1000(system) UEventObserver expire 6 lines
10-10 09:48:37.962 I/chatty  ( 1934): uid=1000(system) com.huawei.systemserver expire 10 lines
10-10 09:48:40.107 I/chatty  ( 1496): uid=1000(system) watchdog expire 1 line
10-10 09:48:40.107 I/chatty  ( 1496): uid=1000(system) Binder:1496_1E expire 2 lines
10-10 09:48:40.109 I/chatty  ( 1496): uid=1000(system) Binder:1496_7 expire 1 line
10-10 09:48:40.109 I/chatty  ( 1496): uid=1000(system) Binder:1496_1E expire 6 lines
10-10 09:48:40.196 I/chatty  ( 1496): uid=1000(system) Binder:1496_13 expire 1 line
10-10 09:48:43.067 I/chatty  ( 1496): uid=1000(system) UEventObserver expire 6 lines
10-10 09:48:49.748 I/storaged(  738): storaged_t::event: storage_info refreshed.
10-10 09:48:53.651 I/chatty  ( 1496): uid=1000(system) Binder:1496_1E expire 1 line
10-10 09:49:10.110 I/chatty  ( 1496): uid=1000(system) watchdog expire 1 line
10-10 09:49:13.783 I/chatty  ( 1496): uid=1000(system) UEventObserver expire 15 lines
10-10 09:49:19.910 I/chatty  ( 1496): uid=1000(system) HwBinder:1496_5 expire 1 line
10-10 09:49:40.115 I/chatty  ( 1496): uid=1000(system) watchdog expire 2 lines
10-10 09:49:44.511 I/chatty  ( 1496): uid=1000(system) UEventObserver expire 9 lines
10-10 09:49:49.749 I/storaged(  738): storaged_t::event: storage_info refreshed.
10-10 09:49:58.003 I/chatty  ( 1934): uid=1000(system) com.huawei.systemserver expire 15 lines
10-10 09:50:25.211 I/chatty  ( 1496): uid=1000 system_server expire 1 line
10-10 09:50:25.228 I/chatty  ( 1496): uid=1000(system) Binder:1496_7 expire 2 lines
10-10 09:50:25.232 I/chatty  ( 1496): uid=1000(system) Binder:1496_1E expire 2 lines
10-10 09:50:25.247 I/chatty  ( 1496): uid=1000(system) Binder:1496_F expire 1 line
10-10 09:50:25.256 I/chatty  ( 1496): uid=1000(system) Binder:1496_2 expire 1 line
10-10 09:50:25.261 I/chatty  ( 1496): uid=1000 system_server expire 5 lines
10-10 09:50:25.267 I/chatty  ( 1496): uid=1000(system) WifiStateMachin expire 1 line
10-10 09:50:25.273 I/chatty  ( 1496): uid=1000(system) Binder:1496_2 expire 1 line
10-10 09:50:25.277 I/chatty  ( 1496): uid=1000 system_server expire 2 lines
10-10 09:50:25.278 I/chatty  ( 1496): uid=1000(system) Binder:1496_7 expire 1 line
10-10 09:50:25.278 I/chatty  ( 1496): uid=1000 system_server expire 2 lines
10-10 09:50:25.281 I/wificond(  740): Pno scan result ready event
10-10 09:50:25.297 I/chatty  ( 1496): uid=1000(system) WifiScanningSer expire 1 line
10-10 09:50:25.300 I/wificond(  740): Unexpected empty scan result!
10-10 09:50:25.300 I/chatty  ( 1496): uid=1000(system) Binder:1496_9 expire 1 line
10-10 09:50:25.337 I/chatty  ( 1496): uid=1000(system) Binder:1496_1E expire 1 line
10-10 09:50:25.354 I/chatty  ( 1496): uid=1000 system_server expire 1 line
10-10 09:50:25.841 W/SocketListener(  530): sending broadcast to Pid = 1496, Uid = 1000 
10-10 09:50:25.844 I/chatty  ( 1496): uid=1000(system) NetdConnector expire 3 lines
10-10 09:50:25.848 I/chatty  ( 1496): uid=1000(system) android.fg expire 2 lines
10-10 09:50:25.859 I/chatty  ( 1496): uid=1000(system) NetdConnector expire 1 line
10-10 09:50:25.874 I/wificond(  740): Pno scan stopped
10-10 09:50:25.886 I/wificond(  740): Pno scan started
10-10 09:50:40.122 I/chatty  ( 1496): uid=1000(system) watchdog expire 1 line
10-10 09:50:45.943 I/chatty  ( 1496): uid=1000(system) UEventObserver expire 6 lines
10-10 09:50:49.751 I/storaged(  738): storaged_t::event: storage_info refreshed.
10-10 09:50:58.069 I/chatty  ( 1934): uid=1000(system) com.huawei.systemserver expire 12 lines
10-10 09:51:03.571 I/chatty  ( 1496): uid=1000(system) Binder:1496_1E expire 3 lines
10-10 09:51:10.127 I/chatty  ( 1496): uid=1000(system) watchdog expire 1 line
10-10 09:51:16.666 I/chatty  ( 1496): uid=1000(system) UEventObserver expire 8 lines
10-10 09:51:19.683 I/chatty  ( 1496): uid=1000(system) Binder:1496_1E expire 1 line
10-10 09:51:40.130 I/chatty  ( 1496): uid=1000(system) watchdog expire 1 line
10-10 09:51:47.387 I/chatty  ( 1496): uid=1000(system) UEventObserver expire 10 lines
10-10 09:51:49.752 I/storaged(  738): storaged_t::event: storage_info refreshed.
10-10 09:51:58.152 I/chatty  ( 1934): uid=1000(system) com.huawei.systemserver expire 21 lines
10-10 09:52:10.134 I/chatty  ( 1496): uid=1000(system) watchdog expire 2 lines
10-10 09:52:48.827 I/chatty  ( 1496): uid=1000(system) UEventObserver expire 12 lines
10-10 09:52:49.754 I/storaged(  738): storaged_t::event: storage_info refreshed.
10-10 09:53:10.141 I/chatty  ( 1496): uid=1000(system) watchdog expire 1 line
--------- beginning of main
10-10 09:53:36.311 I/chatty  (  765): uid=0(root) erecovery-event expire 51 lines
10-10 09:53:40.024 I/chatty  ( 3800): uid=10137(com.tencent.mm) [GT]ColdPool#6 expire 2 lines
10-10 09:53:40.025 I/chatty  ( 1496): uid=1000(system) Binder:1496_1E expire 7 lines
10-10 09:53:40.062 I/chatty  (10492): uid=0(root) expire 1 line
10-10 09:53:40.087 I/chatty  (10493): uid=0(root) expire 1 line
10-10 09:53:40.117 I/chatty  ( 1496): uid=1000(system) NetworkPolicy expire 9 lines
10-10 09:53:40.118 I/chatty  ( 2285): uid=1000(system) NatTrafficNotif expire 10 lines
10-10 09:53:40.143 I/chatty  ( 1496): uid=1000(system) watchdog expire 1 line
10-10 09:53:40.151 I/chatty  ( 1496): uid=1000(system) Binder:1496_13 expire 2 lines
10-10 09:53:43.896 I/chatty  ( 3697): uid=10137(com.tencent.mm) [GT]HotPool#3 expire 3 lines
10-10 09:53:45.832 I/chatty  ( 1994): uid=1000(system) Timer-0 expire 10 lines
10-10 09:53:48.050 I/chatty  (  739): uid=1000(system) /system/bin/thermal-daemon expire 12 lines
10-10 09:53:49.212 I/chatty  ( 3800): uid=10137(com.tencent.mm) [GT]ColdPool#8 expire 5 lines
10-10 09:53:49.755 I/storaged(  738): storaged_t::event: storage_info refreshed.
10-10 09:53:50.265 I/chatty  ( 1496): uid=1000(system) UEventObserver expire 6 lines
10-10 09:53:58.236 I/chatty  ( 1934): uid=1000(system) com.huawei.systemserver expire 10 lines
10-10 09:54:10.145 I/chatty  ( 1496): uid=1000(system) watchdog expire 1 line
10-10 09:54:20.986 I/chatty  ( 1496): uid=1000(system) UEventObserver expire 12 lines
10-10 09:54:27.115 I/chatty  ( 1496): uid=1000(system) HwBinder:1496_5 expire 1 line
10-10 09:54:27.121 I/chatty  ( 2005): uid=1000(system) core expire 48 lines
10-10 09:54:27.122 W/KeyguardUpdateMonitor( 1807): ACTION_BATTERY_CHANGED AMP: 0; Volt: 0
10-10 09:54:27.125 I/chatty  ( 1934): uid=1000(system) com.huawei.systemserver expire 12 lines
10-10 09:54:27.134 W/HiDecision(22049): SystemStateReceiver: other action
10-10 09:54:27.139 I/chatty  ( 1496): uid=1000 system_server expire 12 lines
10-10 09:54:27.144 W/MagazineUtils( 1807): check active connect, state = -1
10-10 09:54:27.145 I/chatty  (  576): uid=1000(system) power@1.0-servi expire 10 lines
10-10 09:54:27.157 W/KeyguardUpdateMonitor( 1807): ChargingSpeed  Wattage: -1 ST: 5000000 --> 7500000
10-10 09:54:27.157 I/KgBattery( 1807): BatteryInfo updated:  2lPc-1
10-10 09:54:27.157 W/KG_FDT  ( 1807): isFaceUnlockEnabled 0
10-10 09:54:27.159 W/HwKgdBArea_BTY( 1807): updateBatteryInfo : false showBatteryInfo:  true isShowChargingFpDisplay:  false
10-10 09:54:27.159 W/HwKgdBArea_BTY( 1807): updateBatteryInfo : false showBatteryInfo:  true isShowChargingFpDisplay:  false
10-10 09:54:27.159 W/HwLockScreenPanel( 1807): refreshBatteryInfo: null
10-10 09:54:27.159 W/HwLockScreenPanel( 1807): Handle message: 100
10-10 09:54:27.161 W/KgBattery( 1807): getCharge info with type: text
10-10 09:54:27.176 W/PanelView( 1807): set notification panel padding = 1556
10-10 09:54:27.176 W/HwBackDropView( 1807): setAnimationParamInner 0.0   0
10-10 09:54:27.178 W/HwKeyguardBottomArea( 1807): refresh Charge status layout when dp changed
10-10 09:54:27.178 W/HwKeyguardBottomArea( 1807): refresh Charge status layout when dp changed
10-10 09:54:27.198 W/PanelView( 1807): set notification panel padding = 1556
10-10 09:54:27.198 W/HwBackDropView( 1807): setAnimationParamInner 0.0   0
10-10 09:54:27.881 I/chatty  (  765): uid=0(root) erecovery-event expire 10 lines
