01-01 08:00:22.849 I/AudioFlinger(  307): openOutput() this 0xa4abc000, module 10 Device 0x2, SamplingRate 48000, Format 0x000001, Channels 0x3, flags 0x2
01-01 08:00:22.849 D/AudioALSAStreamManager(  287): +openOutputStream()
01-01 08:00:22.849 D/AudioALSAStreamManager(  287): openOutputStream(), devices = 0x2, format = 0x1, channels = 0x3, sampleRate = 48000, status = 0xd
01-01 08:00:22.849 D/AudioALSAStreamOut(  287): AudioALSAStreamOut()
01-01 08:00:22.849 D/AudioALSAStreamOut(  287): set(), devices = 0x2, format = 0x1, channels = 0x3, sampleRate = 48000, flags = 0x2
01-01 08:00:22.849 D/AudioALSASampleRateController(  287): AudioALSASampleRateController()
01-01 08:00:22.849 D/AudioALSASampleRateController(  287): +setPrimaryStreamOutSampleRate(), mPrimaryStreamOutSampleRate: 44100 => 48000
01-01 08:00:22.849 D/AudioALSASampleRateController(  287): -setPrimaryStreamOutSampleRate(), mPrimaryStreamOutSampleRate: 48000
01-01 08:00:22.849 D/AudioALSAStreamOut(  287): set(), mStreamAttributeSource.latency 85, mStreamAttributeSource.buffer_size =16384, channels 2.
01-01 08:00:22.880 I/iptables-wrapper-1.0(  490): iptables: Permission denied.
01-01 08:00:22.880 I/iptables-wrapper-1.0(  490): iptables-wrapper-1.0 terminated by exit(1)
01-01 08:00:22.880 E/NetdagentIptables(  490): exec() res=0, status=256 for /system/bin/iptables-wrapper-1.0 -w -t mangle -N oem_mangle_pre 
01-01 08:00:22.886 D/PQ      (  462): [PQ_PROT] [PQCust] libpq_cust_base_mtk.so absent, libpq_cust_mtk.so OK
01-01 08:00:22.888 E/DrmMtkUtil/SecureTimer(  462): open proc/uptime failed: [Permission denied].
01-01 08:00:22.889 D/AVStageFactory(  462): createInstance(32bit): createVendorAVFactory success!
01-01 08:00:22.890 D/AVStageUtils(  462): createInstance(32bit): createVendorAVUtils success!
01-01 08:00:22.890 D/AVStageFactory(  462): createInstance(32bit): createVendorAVFactory success!
01-01 08:00:22.890 D/AVStageUtils(  462): createInstance(32bit): createVendorAVUtils success!
01-01 08:00:22.894 E/MtkAudioLoud(  287): loadParameter We don't support the cache for FilterType 1
01-01 08:00:22.894 I/mediaserver(  462): ServiceManager: 0xad310940
01-01 08:00:22.894 D/MtkAudioLoud(  287): mIsZeroCoeff 1 mFilterType 1
01-01 08:00:22.894 D/AudioMTKFilterManager(  287): mFixedParam 0
01-01 08:00:22.894 D/AudioALSAStreamManager(  287): -openOutputStream(), out = 0xa6a1d500, status = 0x0, mStreamOutVector.size() = 1
01-01 08:00:22.895 I/AudioFlinger_Threads(  307): HAL output buffer size 1024 frames, normal sink buffer size 1024 frames
01-01 08:00:22.896 W/BatteryNotifier(  462): batterystats service unavailable!
01-01 08:00:22.921 I/ip6tables-wrapper-1.0(  490): ip6tables: Permission denied.
01-01 08:00:22.922 I/ip6tables-wrapper-1.0(  490): ip6tables-wrapper-1.0 terminated by exit(1)
01-01 08:00:22.922 E/NetdagentIptables(  490): exec() res=0, status=256 for /system/bin/ip6tables-wrapper-1.0 -w -t mangle -N oem_mangle_pre 
01-01 08:00:22.934 I/BufferProvider(  307): found effect "Multichannel Downmix To Stereo" from The Android Open Source Project
01-01 08:00:22.935 I/AudioFlinger(  307): Using module 10 as the primary audio interface
01-01 08:00:22.935 D/AudioALSAStreamManager(  287): +setMode(), mAudioMode: 0 => 0
01-01 08:00:22.935 W/AudioALSAStreamManager(  287): -setMode(), mAudioMode: 0 == 0, return
01-01 08:00:22.936 D/AudioALSAHardware(  287): +getParameters(), key = GetGainTableSceneCount
01-01 08:00:22.936 D/AudioALSAHardware(  287): getParameters(), GetGainTableSceneCount, sceneCount = 1
01-01 08:00:22.936 D/AudioALSAHardware(  287): -getParameters(), return "GetGainTableSceneCount=1"
01-01 08:00:22.937 D/PQ      (  455): [PQ_PROT] [PQCust] libpq_cust_base_mtk.so absent, libpq_cust_mtk.so OK
01-01 08:00:22.937 D/AudioALSAHardware(  287): +getParameters(), key = GetGainTableSceneTable
01-01 08:00:22.937 D/AudioALSAHardware(  287): GetAudioData(), par1 = 0x103, len = 16910
01-01 08:00:22.937 D/AudioALSAHardware(  287): GetAudioCommonData(), par1=0x103, len=16910
01-01 08:00:22.938 D/AudioALSAHardware(  287): GetAudioEncodedBuffer(), before encode (), sz_in(16914), sz_out(22552)
01-01 08:00:22.938 D/AudioALSAHardware(  287): GetAudioEncodedBuffer(), after encode (AAAAAP8SAAAAEBIAAAAEEgAAAAAQAAAAAA0AAAAACgAAAAAHAAAAAAQAAAAAAAAAAAAAAAAAAAAAAAAAAAAAAAAAAAAAAAAAAAAAAAAAAAAAAAAA/wAGAABsAAYAAGAABgAAVAAGAABIAAYAADwABgAAMAAGAAAkAAYAAAAAAAAAAAAAAAAAAAAAAAAAAAAAAAAAAAAAAAAAAAAAAAAAAAAAAAD/AAAAClQAAAAKSAAAAAo8AAAACjAAAAAKJAAAAAoYAAAACgwAAAAKAAAAAAAAAAAAAAAAAAAAAAAAAAAAAAAAAAAAAAAAAAAAAAAAAAAAAP8ABgAAbAAGAABgAAYAAFQABgAASAAGAAA8AAYAADAABgAAJAAGAAAAAAAAAAAAAAAAAAAAAAAAAAAAAAAAAAAAAAAAAAAAAAAAAAAAAAAAAAAAAAAAAAAAAAAAAAAAAAAAAAAAAAAAAAAAAAAAAAAAAAAAAAAAAAAAAAAAAAAAAAAAAAAAAAAAAAAAAAAAAAAAAAAAAAAAAAAAAAAAAAD/AAYAAGwABgAAYAAGAABUAAYAAEgABgAAPAAGAAAwAAYAACQABgAAAAAAAAAAAAAAAAAAAAAAAAAAAAAAAAAAAAAAAAAAAAAAAAAAAAAAAP8ABgAAbAAGAABgAAYAAFQABgAASAAGAAA8AAYAADAABgAAJAAGAAAAAAAAAAAAAAAAAAAAAAAAAAAAAAAAAAAAAAAAAAAAAAAAAAAAAAAA/xIAAAAQEgAAAAQSAAAAABAAAAAADQAAAAAKAAAAAAcAAAAABAAAAAAAAAAAAAAAAAAAAAAAAAAAAAAAAAAAAAAAAAAAAAAAAAAAAAAAAAAAAAAAAAAAAAAAAAAAAAAAAAAAAAAAAAAAAAAAAAAAAAAAAAAAAAAAAAAAAAAAAAAAAAAAAAAAAAAAAAAAAAAAAAAAAAAAAAAAAAAAAAAAAAAAAAAAAAAAAAAAAAAA
01-01 08:00:22.938 D/AudioALSAHardware(  287): -getParameters(), return "GetGainTableSceneTable=AAAAAP8SAAAAEBIAAAAEEgAAAAAQAAAAAA0AAAAACgAAAAAHAAAAAAQAAAAAAAAAAAAAAAAAAAAAAAAAAAAAAAAAAAAAAAAAAAAAAAAAAAAAAAAA/wAGAABsAAYAAGAABgAAVAAGAABIAAYAADwABgAAMAAGAAAkAAYAAAAAAAAAAAAAAAAAAAAAAAAAAAAAAAAAAAAAAAAAAAAAAAAAAAAAAAD/AAAAClQAAAAKSAAAAAo8AAAACjAAAAAKJAAAAAoYAAAACgwAAAAKAAAAAAAAAAAAAAAAAAAAAAAAAAAAAAAAAAAAAAAAAAAAAAAAAAAAAP8ABgAAbAAGAABgAAYAAFQABgAASAAGAAA8AAYAADAABgAAJAAGAAAAAAAAAAAAAAAAAAAAAAAAAAAAAAAAAAAAAAAAAAAAAAAAAAAAAAAAAAAAAAAAAAAAAAAAAAAAAAAAAAAAAAAAAAAAAAAAAAAAAAAAAAAAAAAAAAAAAAAAAAAAAAAAAAAAAAAAAAAAAAAAAAAAAAAAAAAAAAAAAAD/AAYAAGwABgAAYAAGAABUAAYAAEgABgAAPAAGAAAwAAYAACQABgAAAAAAAAAAAAAAAAAAAAAAAAAAAAAAAAAAAAAAAAAAAAAAAAAAAAAAAP8ABgAAbAAGAABgAAYAAFQABgAASAAGAAA8AAYAADAABgAAJAAGAAAAAAAAAAAAAAAAAAAAAAAAAAAAAAAAAAAAAAAAAAAAAAAAAAAAAAAA/xIAAAAQEgAAAAQSAAAAABAAAAAADQAAAAAKAAAAAAcAAAAABAAAAAAAAAAAAAAAAAAAAAAAAAAAAAAAAAAAAAAAAAAAAAAAAAAAAAAAAAAAAAAAAAAAAAAAAAAAAAAAAAAAAAAAAAAAAAAAAAAAAAAAAAAAAAAAAAAAAAAAAAAAAAAAAAAAAAAAAAAAAAAAAAAAAAAAAAAAAAAAAAAAAAAAAAAAAA
01-01 08:00:22.938 I/AudioFlinger_Threads(  307): AudioFlinger's thread 0xa3e83300 tid=582 ready to run
01-01 08:00:22.939 W/AudioFlinger_Threads(  307): Thread AudioOut_D cannot connect to the power manager service
01-01 08:00:22.939 W/AudioFlinger_Threads(  307): Thread AudioOut_D cannot connect to the power manager service
01-01 08:00:22.939 W/AudioFlinger_Threads(  307): no wake lock to update, system not ready yet
01-01 08:00:22.939 D/AudioALSAHardware(  287): +getParameters(), key = GetGainTableNonSceneTable
01-01 08:00:22.939 D/AudioALSAHardware(  287): GetAudioData(), par1 = 0x104, len = 14326
01-01 08:00:22.939 D/AudioALSAHardware(  287): GetAudioCommonData(), par1=0x104, len=14326
01-01 08:00:22.939 D/AudioALSAHardware(  287): GetAudioEncodedBuffer(), before encode (), sz_in(14330), sz_out(19108)
01-01 08:00:22.940 E/Cta5File(  462): Cta5File::isCta5NormalFile false, bad magic:@
01-01 08:00:22.940 D/AudioALSAHardware(  287): GetAudioEncodedBuffer(), after encode (AAAAAP8SAAAAEBIAAAAEEgAAAAAQAAAAAA0AAAAACgAAAAAHAAAAAAQAAAAAAAAAAAAAAAAAAAAAAAAAAAAAAAAAAAAAAAAAAAAAAAAAAAAAAAAA/wAGAABsAAYAAGAABgAAVAAGAABIAAYAADwABgAAMAAGAAAkAAYAAAAAAAAAAAAAAAAAAAAAAAAAAAAAAAAAAAAAAAAAAAAAAAAAAAAAAAD/AAAAClQAAAAKSAAAAAo8AAAACjAAAAAKJAAAAAoYAAAACgwAAAAKAAAAAAAAAAAAAAAAAAAAAAAAAAAAAAAAAAAAAAAAAAAAAAAAAAAAAP8ABgAAbAAGAABgAAYAAFQABgAASAAGAAA8AAYAADAABgAAJAAGAAAAAAAAAAAAAAAAAAAAAAAAAAAAAAAAAAAAAAAAAAAAAAAAAAAAAAAAAAAAAAAAAAAAAAAAAAAAAAAAAAAAAAAAAAAAAAAAAAAAAAAAAAAAAAAAAAAAAAAAAAAAAAAAAAAAAAAAAAAAAAAAAAAAAAAAAAAAAAAAAAD/AAYAAGwABgAAYAAGAABUAAYAAEgABgAAPAAGAAAwAAYAACQABgAAAAAAAAAAAAAAAAAAAAAAAAAAAAAAAAAAAAAAAAAAAAAAAAAAAAAAAP8ABgAAbAAGAABgAAYAAFQABgAASAAGAAA8AAYAADAABgAAJAAGAAAAAAAAAAAAAAAAAAAAAAAAAAAAAAAAAAAAAAAAAAAAAAAAAAAAAAAA/xIAAAAQEgAAAAQSAAAAABAAAAAADQAAAAAKAAAAAAcAAAAABAAAAAAAAAAAAAAAAAAAAAAAAAAAAAAAAAAAAAAAAAAAAAAAAAAAAAAAAAAAAAAAAAAAAAAAAAAAAAAAAAAAAAAAAAAAAAAAAAAAAAAAAAAAAAAAAAAAAAAAAAAAAAAAAAAAAAAAAAAAAAAAAAAAAAAAAAAAAAAAAAAAAP8ABgAAbAAGAABgAAYA
01-01 08:00:22.940 D/AudioALSAHardware(  287): -getParameters(), return "GetGainTableNonSceneTable=AAAAAP8SAAAAEBIAAAAEEgAAAAAQAAAAAA0AAAAACgAAAAAHAAAAAAQAAAAAAAAAAAAAAAAAAAAAAAAAAAAAAAAAAAAAAAAAAAAAAAAAAAAAAAAA/wAGAABsAAYAAGAABgAAVAAGAABIAAYAADwABgAAMAAGAAAkAAYAAAAAAAAAAAAAAAAAAAAAAAAAAAAAAAAAAAAAAAAAAAAAAAAAAAAAAAD/AAAAClQAAAAKSAAAAAo8AAAACjAAAAAKJAAAAAoYAAAACgwAAAAKAAAAAAAAAAAAAAAAAAAAAAAAAAAAAAAAAAAAAAAAAAAAAAAAAAAAAP8ABgAAbAAGAABgAAYAAFQABgAASAAGAAA8AAYAADAABgAAJAAGAAAAAAAAAAAAAAAAAAAAAAAAAAAAAAAAAAAAAAAAAAAAAAAAAAAAAAAAAAAAAAAAAAAAAAAAAAAAAAAAAAAAAAAAAAAAAAAAAAAAAAAAAAAAAAAAAAAAAAAAAAAAAAAAAAAAAAAAAAAAAAAAAAAAAAAAAAAAAAAAAAD/AAYAAGwABgAAYAAGAABUAAYAAEgABgAAPAAGAAAwAAYAACQABgAAAAAAAAAAAAAAAAAAAAAAAAAAAAAAAAAAAAAAAAAAAAAAAAAAAAAAAP8ABgAAbAAGAABgAAYAAFQABgAASAAGAAA8AAYAADAABgAAJAAGAAAAAAAAAAAAAAAAAAAAAAAAAAAAAAAAAAAAAAAAAAAAAAAAAAAAAAAA/xIAAAAQEgAAAAQSAAAAABAAAAAADQAAAAAKAAAAAAcAAAAABAAAAAAAAAAAAAAAAAAAAAAAAAAAAAAAAAAAAAAAAAAAAAAAAAAAAAAAAAAAAAAAAAAAAAAAAAAAAAAAAAAAAAAAAAAAAAAAAAAAAAAAAAAAAAAAAAAAAAAAAAAAAAAAAAAAAAAAAAAAAAAAAAAAAAAAAAAAAAAAAAAAAP8ABgA
01-01 08:00:22.940 D/AudioPolicyManagerCustomImpl(  307): getGainTable, mGainTableSceneCount 1
01-01 08:00:22.941 D/AudioALSAHardware(  287): +getParameters(), key = GetGainTableCurrentSceneIndex
01-01 08:00:22.941 E/Cta5File(  462): Cta5File::isCta5MultimediaFile false, bad magic:
01-01 08:00:22.941 D/AudioMTKGainController(  287): getCurrentSceneIndex(), mSceneIndex = 0
01-01 08:00:22.941 D/AudioALSAHardware(  287): getParameters(), GetGainTableCurrentSceneIndex, currentSceneIndex = 0
01-01 08:00:22.941 D/AudioALSAHardware(  287): -getParameters(), return "GetGainTableCurrentSceneIndex=0"
01-01 08:00:22.942 D/AudioPolicyManagerCustomImpl(  307): Using scene [0]/[1]
01-01 08:00:22.942 D/NuPlayerDriver(  462): NuPlayerDriver(0xad32e1e0) created, clientPid(417)
01-01 08:00:22.943 E/DrmMtkUtil/SecureTimer(  455): load() : failed to open ST file, reason: [No such file or directory].
01-01 08:00:22.945 W/AudioFlinger_Threads(  307): Thread AudioOut_D cannot connect to the power manager service
01-01 08:00:22.946 W/AudioFlinger_Threads(  307): Thread AudioOut_D cannot connect to the power manager service
01-01 08:00:22.946 E/GenericSource(  462): resetDataSource
01-01 08:00:22.946 W/AudioFlinger_Threads(  307): no wake lock to update, system not ready yet
01-01 08:00:22.946 E/GenericSource(  462): resetDataSource
01-01 08:00:22.947 D/MtkBootAnimation(  417): [MtkBootAnimation BootVideoListener 218]
01-01 08:00:22.947 D/MtkBootAnimation(  417): mediaplayer is initialized
01-01 08:00:22.947 D/AudioSystem(  307): +setParameters(): mono_output=0 
01-01 08:00:22.947 W/AudioFlinger(  307): moveEffects() bad srcOutput 0
01-01 08:00:22.949 D/AudioALSAHardware(  287): +routing createAudioPatch Mixer->2
01-01 08:00:22.949 D/AudioALSAStreamManager(  287): +setParameters(), IOport = 13, keyValuePairs = routing=2
01-01 08:00:22.949 D/AudioALSAStreamManager(  287): Send to mStreamOutVector[0]
01-01 08:00:22.949 D/AudioALSAStreamOut(  287): +setParameters(): flag 2, routing=2
01-01 08:00:22.949 D/AudioALSAStreamManager(  287): +routingOutputDevice()
01-01 08:00:22.949 D/AudioALSAStreamManager(  287): routingOutputDevice(), output_devices: 0x2 => 0x2, mPhoneCallSpeechOpen = 0
01-01 08:00:22.949 D/AudioALSAStreamManager(  287): +CheckHeadsetChange(), current_output_devices = 2 output_device = 2 
01-01 08:00:22.949 D/AudioALSAStreamManager(  287): mHeadsetChange = 0
01-01 08:00:22.949 W/AudioALSAStreamManager(  287): -routingOutputDevice(), output_devices == current_output_devices(0x2), return
01-01 08:00:22.949 D/AudioALSAStreamManager(  287): -setParameters()
01-01 08:00:22.951 D/AudioALSAHardware(  287): +getParameters(), key = GetSpeakerProtection
01-01 08:00:22.951 D/AudioALSAHardware(  287): -getParameters(), return "GetSpeakerProtection=0"
01-01 08:00:22.951 D/AudioPolicyManagerCustomImpl(  307): Not support GetSpeakerProtection
01-01 08:00:22.951 V/APM::AudioOutputDescriptor(  307): opening output for device 00000002 address  profile 0xa4aa7280 name fast
01-01 08:00:22.951 I/AudioFlinger(  307): openOutput() this 0xa4abc000, module 10 Device 0x2, SamplingRate 48000, Format 0x000001, Channels 0x3, flags 0x4
01-01 08:00:22.952 D/AudioALSAStreamManager(  287): +openOutputStream()
01-01 08:00:22.952 D/AudioALSAStreamManager(  287): openOutputStream(), devices = 0x2, format = 0x1, channels = 0x3, sampleRate = 48000, status = 0x15
01-01 08:00:22.952 D/AudioALSAStreamOut(  287): AudioALSAStreamOut()
01-01 08:00:22.952 D/AudioALSAStreamOut(  287): set(), devices = 0x2, format = 0x1, channels = 0x3, sampleRate = 48000, flags = 0x4
01-01 08:00:22.952 D/AudioALSASampleRateController(  287): +setPrimaryStreamOutSampleRate(), mPrimaryStreamOutSampleRate: 48000 => 48000
01-01 08:00:22.952 W/AudioALSASampleRateController(  287): -setPrimaryStreamOutSampleRate(), sample_rate == mPrimaryStreamOutSampleRate, return
01-01 08:00:22.952 D/AudioALSAStreamOut(  287): set(), mStreamAttributeSource.latency 85, mStreamAttributeSource.buffer_size =16384, channels 2.
01-01 08:00:22.952 E/MtkAudioLoud(  287): loadParameter We don't support the cache for FilterType 1
01-01 08:00:22.952 D/MtkAudioLoud(  287): mIsZeroCoeff 1 mFilterType 1
01-01 08:00:22.952 D/AudioMTKFilterManager(  287): mFixedParam 0
01-01 08:00:22.952 D/AudioALSAStreamManager(  287): -openOutputStream(), out = 0xa6a1d780, status = 0x0, mStreamOutVector.size() = 2
01-01 08:00:22.953 I/AudioFlinger_Threads(  307): HAL output buffer size 1024 frames, normal sink buffer size 1024 frames
01-01 08:00:22.954 I/AudioFlinger_Threads(  307): AudioFlinger's thread 0xa3d03c40 tid=590 ready to run
01-01 08:00:22.954 W/AudioFlinger_Threads(  307): Thread AudioOut_15 cannot connect to the power manager service
01-01 08:00:22.955 W/AudioFlinger_Threads(  307): Thread AudioOut_15 cannot connect to the power manager service
01-01 08:00:22.955 W/AudioFlinger_Threads(  307): no wake lock to update, system not ready yet
01-01 08:00:22.956 W/AudioFlinger_Threads(  307): Thread AudioOut_15 cannot connect to the power manager service
01-01 08:00:22.956 W/AudioFlinger_Threads(  307): Thread AudioOut_15 cannot connect to the power manager service
01-01 08:00:22.956 W/AudioFlinger_Threads(  307): no wake lock to update, system not ready yet
01-01 08:00:22.956 D/AudioSystem(  307): +setParameters(): mono_output=0 
01-01 08:00:22.957 D/AudioALSAHardware(  287): +routing createAudioPatch Mixer->2
01-01 08:00:22.957 D/AudioALSAStreamManager(  287): +setParameters(), IOport = 21, keyValuePairs = routing=2
01-01 08:00:22.957 D/AudioALSAStreamManager(  287): Send to mStreamOutVector[1]
01-01 08:00:22.957 D/AudioALSAStreamOut(  287): +setParameters(): flag 4, routing=2
01-01 08:00:22.957 D/AudioALSAStreamManager(  287): +routingOutputDevice()
01-01 08:00:22.957 D/AudioALSAStreamManager(  287): routingOutputDevice(), output_devices: 0x2 => 0x2, mPhoneCallSpeechOpen = 0
01-01 08:00:22.957 D/AudioALSAStreamManager(  287): +CheckHeadsetChange(), current_output_devices = 2 output_device = 2 
01-01 08:00:22.957 D/AudioALSAStreamManager(  287): mHeadsetChange = 0
01-01 08:00:22.957 W/AudioALSAStreamManager(  287): -routingOutputDevice(), output_devices == current_output_devices(0x2), return
01-01 08:00:22.957 D/AudioALSAStreamManager(  287): -setParameters()
01-01 08:00:22.959 D/AudioALSAStreamManager(  287): +openInputStream()
01-01 08:00:22.959 D/AudioALSAStreamManager(  287): openInputStream(), devices = 0x80000004, format = 0x1, channels = 0xc, sampleRate = 48000, status = 14, acoustics = 0x0
01-01 08:00:22.959 D/AudioALSAStreamIn(  287): AudioALSAStreamIn()
01-01 08:00:22.959 D/AudioALSAStreamIn(  287): set(), devices = 0x80000004, format = 0x1, channels = 0xc, sampleRate = 48000, acoustics = 0x0, flags = 0
01-01 08:00:22.959 D/AudioALSAStreamIn(  287): CheckBesRecordInfo()
01-01 08:00:22.959 D/AudioALSAStreamIn(  287): set() done, sampleRate = 48000, num_channels = 2, buffer_size=3840, tempDebugflag = 0
01-01 08:00:22.959 D/AudioALSAStreamManager(  287): -openInputStream(), in = 0xa81f1400, status = 0x0, mStreamInVector.size() = 1
01-01 08:00:22.960 I/AudioFlinger_Threads(  307): AudioFlinger's thread 0xa3b835c0 tid=591 ready to run
01-01 08:00:22.961 D/AudioALSAStreamManager(  287): +closeInputStream(), in = 0xa81f1400
01-01 08:00:22.961 D/AudioALSAStreamIn(  287): ~AudioALSAStreamIn()
01-01 08:00:22.961 D/AudioALSAStreamManager(  287): -closeInputStream(), mStreamInVector.size() = 0
01-01 08:00:22.988 I/iptables-wrapper-1.0(  490): iptables v1.6.1: Couldn't find target `oem_mangle_pre'
01-01 08:00:22.988 I/iptables-wrapper-1.0(  490): 
01-01 08:00:22.988 I/iptables-wrapper-1.0(  490): Try `iptables -h' or 'iptables --help' for more information.
01-01 08:00:22.989 I/iptables-wrapper-1.0(  490): iptables-wrapper-1.0 terminated by exit(2)
01-01 08:00:22.989 E/NetdagentIptables(  490): exec() res=0, status=512 for /system/bin/iptables-wrapper-1.0 -w -t mangle -I PREROUTING -j oem_mangle_pre 
01-01 08:00:22.993 I/bt_a2dp_hw(  307): adev_open:  adev_open in A2dp_hw module
01-01 08:00:22.993 I/AudioFlinger(  307): loadHwModule() Loaded a2dp audio interface, handle 18
01-01 08:00:22.997 I/AudioFlinger(  307): loadHwModule() Loaded usb audio interface, handle 26
01-01 08:00:23.003 I/r_submix(  287): adev_open(name=audio_hw_if)
01-01 08:00:23.004 I/r_submix(  287): adev_init_check()
01-01 08:00:23.004 W/DeviceHAL(  287): Error from HAL Device in function set_master_mute: Function not implemented
01-01 08:00:23.004 I/AudioFlinger(  307): loadHwModule() Loaded r_submix audio interface, handle 34
01-01 08:00:23.004 D/r_submix(  287): adev_open_input_stream(addr=0)
01-01 08:00:23.004 D/r_submix(  287): submix_audio_device_create_pipe_l(addr=0, idx=9)
01-01 08:00:23.004 D/r_submix(  287):   now using address 0 for route 9
01-01 08:00:23.006 I/AudioFlinger_Threads(  307): AudioFlinger's thread 0xa3b83580 tid=593 ready to run
01-01 08:00:23.006 I/r_submix(  287): in_standby()
01-01 08:00:23.006 W/AudioFlinger_Threads(  307): Thread AudioIn_16 cannot connect to the power manager service
01-01 08:00:23.007 W/AudioFlinger_Threads(  307): Thread AudioIn_16 cannot connect to the power manager service
01-01 08:00:23.007 W/AudioFlinger_Threads(  307): no wake lock to update, system not ready yet
01-01 08:00:23.007 I/r_submix(  287): in_standby()
01-01 08:00:23.009 W/AudioFlinger_Threads(  307): Thread AudioIn_16 cannot connect to the power manager service
01-01 08:00:23.009 W/AudioFlinger_Threads(  307): Thread AudioIn_16 cannot connect to the power manager service
01-01 08:00:23.009 W/AudioFlinger_Threads(  307): no wake lock to update, system not ready yet
01-01 08:00:23.010 D/r_submix(  287): adev_close_input_stream()
01-01 08:00:23.010 D/r_submix(  287): submix_audio_device_release_pipe_l(idx=9) addr=0
01-01 08:00:23.010 D/r_submix(  287): submix_audio_device_destroy_pipe_l(): pipe destroyed
01-01 08:00:23.010 D/AudioPolicyManagerCustomImpl(  307): check outputID [1] Primary
01-01 08:00:23.010 D/AudioPolicyManagerCustomImpl(  307): check outputID [4] Fast
01-01 08:00:23.010 D/AudioPolicyManagerCustomImpl(  307): select ID [1] Primary as FMRadio reference
01-01 08:00:23.010 D/AudioPolicyManagerCustomImpl(  307): af.music.outputid = 1
01-01 08:00:23.012 W/libc    (  307): Unable to set property "af.music.outputid" to "1": error code: 0x18
01-01 08:00:23.013 I/        (  307): Waiting for activity service
01-01 08:00:23.017 E/linker  (  461): library "/system/lib/extractors/.." ("/system/lib") needed or dlopened by "/system/lib/libstagefright.so" is not accessible for the namespace: [name="(default)", ld_library_paths="", default_library_paths="/system/lib", permitted_paths="/system/lib/drm:/system/lib/extractors:/system/lib/hw:/system/product/lib:/system/framework:/system/app:/system/priv-app:/vendor/framework:/vendor/app:/vendor/priv-app:/odm/framework:/odm/app:/odm/priv-app:/oem/app:/system/product/framework:/system/product/app:/system/product/priv-app:/data:/mnt/expand"]
01-01 08:00:23.017 W/MediaExtractorFactory(  461): couldn't dlopen(/system/lib/extractors/..) Permission denied
01-01 08:00:23.022 W/MediaExtractorFactory(  461): couldn't dlopen(/system/lib/extractors/.) Is a directory
01-01 08:00:23.034 I/ip6tables-wrapper-1.0(  490): ip6tables v1.6.1: Couldn't find target `oem_mangle_pre'
01-01 08:00:23.034 I/ip6tables-wrapper-1.0(  490): 
01-01 08:00:23.034 I/ip6tables-wrapper-1.0(  490): Try `ip6tables -h' or 'ip6tables --help' for more information.
01-01 08:00:23.034 I/ip6tables-wrapper-1.0(  490): ip6tables-wrapper-1.0 terminated by exit(2)
01-01 08:00:23.035 E/NetdagentIptables(  490): exec() res=0, status=512 for /system/bin/ip6tables-wrapper-1.0 -w -t mangle -I PREROUTING -j oem_mangle_pre 
01-01 08:00:23.056 E/MediaExtractorFactory(  461): couldn't opendir(/vendor/lib/extractors)
01-01 08:00:23.062 E/APEExtractor(  461): getAPEInfo not ape 20483
01-01 08:00:23.065 E/connsyslogger(  453): select timeout
01-01 08:00:23.066 I/iptables-wrapper-1.0(  490): iptables: No chain/target/match by that name.
01-01 08:00:23.066 I/iptables-wrapper-1.0(  490): iptables-wrapper-1.0 terminated by exit(1)
01-01 08:00:23.066 E/NetdagentIptables(  490): exec() res=0, status=256 for /system/bin/iptables-wrapper-1.0 -w -t filter -F oem_mobile 
01-01 08:00:23.079 D/TableOfContentThread(  461): TableOfContentThread Construct !0xa83c6288
01-01 08:00:23.082 D/NuPlayerDriver(  462): notifyListener_l(0xad32e1e0), (1, 0, 0, -1), loop setting(0, 0)
01-01 08:00:23.082 D/MtkBootAnimation(  417): [MtkBootAnimation notify 225] msg=1 ext1=0 ext2=0
01-01 08:00:23.082 D/MtkBootAnimation(  417): media player is prepared
01-01 08:00:23.082 D/NuPlayerDriver(  462): start(0xad32e1e0), state is 4, eos is 0
01-01 08:00:23.082 I/GenericSource(  462): start
01-01 08:00:23.093 I/ip6tables-wrapper-1.0(  490): ip6tables: No chain/target/match by that name.
01-01 08:00:23.093 I/ip6tables-wrapper-1.0(  490): ip6tables-wrapper-1.0 terminated by exit(1)
01-01 08:00:23.093 E/NetdagentIptables(  490): exec() res=0, status=256 for /system/bin/ip6tables-wrapper-1.0 -w -t filter -F oem_mobile 
01-01 08:00:23.120 I/iptables-wrapper-1.0(  490): iptables: No chain/target/match by that name.
01-01 08:00:23.121 I/iptables-wrapper-1.0(  490): iptables-wrapper-1.0 terminated by exit(1)
01-01 08:00:23.121 E/NetdagentIptables(  490): exec() res=0, status=256 for /system/bin/iptables-wrapper-1.0 -w -t filter -X oem_mobile 
01-01 08:00:23.147 D/rpmb    (  492): EmmcRpmbReadCounter: write_multiple_block, then read_multiple_block
01-01 08:00:23.151 I/ip6tables-wrapper-1.0(  490): ip6tables: No chain/target/match by that name.
01-01 08:00:23.151 I/ip6tables-wrapper-1.0(  490): ip6tables-wrapper-1.0 terminated by exit(1)
01-01 08:00:23.152 E/NetdagentIptables(  490): exec() res=0, status=256 for /system/bin/ip6tables-wrapper-1.0 -w -t filter -X oem_mobile 
01-01 08:00:23.154 E/rpmb    (  492): [uree] UREE_RpmbFeedbackWriteCounter Error: -65530 (Input parameters were invalid.)
01-01 08:00:23.154 E/rpmb    (  492): rpmb feedback write counter error 0xffff0006
01-01 08:00:23.231 I/iptables-wrapper-1.0(  490): iptables: No chain/target/match by that name.
01-01 08:00:23.231 I/iptables-wrapper-1.0(  490): iptables-wrapper-1.0 terminated by exit(1)
01-01 08:00:23.232 E/NetdagentIptables(  490): exec() res=0, status=256 for /system/bin/iptables-wrapper-1.0 -w -t filter -F oem_wifi 
01-01 08:00:23.259 I/ip6tables-wrapper-1.0(  490): ip6tables: No chain/target/match by that name.
01-01 08:00:23.260 I/ip6tables-wrapper-1.0(  490): ip6tables-wrapper-1.0 terminated by exit(1)
01-01 08:00:23.260 E/NetdagentIptables(  490): exec() res=0, status=256 for /system/bin/ip6tables-wrapper-1.0 -w -t filter -F oem_wifi 
01-01 08:00:23.291 I/iptables-wrapper-1.0(  490): iptables: No chain/target/match by that name.
01-01 08:00:23.291 I/iptables-wrapper-1.0(  490): iptables-wrapper-1.0 terminated by exit(1)
01-01 08:00:23.291 E/NetdagentIptables(  490): exec() res=0, status=256 for /system/bin/iptables-wrapper-1.0 -w -t filter -X oem_wifi 
01-01 08:00:23.319 I/ip6tables-wrapper-1.0(  490): ip6tables: No chain/target/match by that name.
01-01 08:00:23.320 I/ip6tables-wrapper-1.0(  490): ip6tables-wrapper-1.0 terminated by exit(1)
01-01 08:00:23.320 E/NetdagentIptables(  490): exec() res=0, status=256 for /system/bin/ip6tables-wrapper-1.0 -w -t filter -X oem_wifi 
01-01 08:00:23.401 I/iptables-wrapper-1.0(  490): iptables: No chain/target/match by that name.
01-01 08:00:23.401 I/iptables-wrapper-1.0(  490): iptables-wrapper-1.0 terminated by exit(1)
01-01 08:00:23.401 E/NetdagentIptables(  490): exec() res=0, status=256 for /system/bin/iptables-wrapper-1.0 -w -t filter -F oem_data 
01-01 08:00:23.431 D/PQ      (  472): [PQ_PROT] [PQCust] libpq_cust_base.so absent, libpq_cust.so OK
01-01 08:00:23.431 I/ip6tables-wrapper-1.0(  490): ip6tables: No chain/target/match by that name.
01-01 08:00:23.432 I/ip6tables-wrapper-1.0(  490): ip6tables-wrapper-1.0 terminated by exit(1)
01-01 08:00:23.432 E/NetdagentIptables(  490): exec() res=0, status=256 for /system/bin/ip6tables-wrapper-1.0 -w -t filter -F oem_data 
01-01 08:00:23.432 E/libc    (  472): Access denied finding property "debuglog.drv.fdvt_drv"
01-01 08:00:23.432 E/libc    (  472): Access denied finding property "debuglog.drv"
01-01 08:00:23.433 E/libc    (  472): Access denied finding property "debuglog.drv.rsc_drv"
01-01 08:00:23.433 E/libc    (  472): Access denied finding property "debuglog.drv"
01-01 08:00:23.439 I/mtkcam-module(  472): [ModuleStore] ctor
01-01 08:00:23.439 I/mtkcam-module(  472): [dump_module] [registered] module_id:0x0x40001 module_factory:0xa5714929 register_name:vendor/mediatek/proprietary/hardware/mtkcam/main/core/module/utils/register_utils.cpp
01-01 08:00:23.439 I/mtkcam-module(  472): [ShowLoading] loading (MODULE_GROUP_ID:4 MODULE_GROUP_COUNT:2 ...
01-01 08:00:23.439 I/mtkcam-module(  472): [load] MtkCam_getModuleFactory_utils(0xa241c015) @ libmtkcam_modulefactory_utils.so
01-01 08:00:23.441 I/mtkcam-module(  472): [ModuleStore] ctor
01-01 08:00:23.442 I/mtkcam-module(  472): [dump_module] [registered] module_id:0x0x1 module_factory:0xa25e44cd register_name:vendor/mediatek/proprietary/hardware/mtkcam/main/core/module/drv/register_HalSensor.cpp
01-01 08:00:23.442 I/mtkcam-module(  472): [dump_module] [registered] module_id:0x0x2 module_factory:0xa25d7661 register_name:vendor/mediatek/proprietary/hardware/mtkcam/main/core/module/drv/register_HwSyncDrv.cpp
01-01 08:00:23.442 I/mtkcam-module(  472): [dump_module] [registered] module_id:0x0x3 module_factory:0xa3618f45 register_name:vendor/mediatek/proprietary/hardware/mtkcam/main/core/module/drv/register_iopipe_CamIO_NormalPipe.cpp
01-01 08:00:23.442 I/mtkcam-module(  472): [ShowLoading] loading (MODULE_GROUP_ID:0 MODULE_GROUP_COUNT:4 ...
01-01 08:00:23.442 I/mtkcam-module(  472): [load] MtkCam_getModuleFactory_drv(0xa23ee431) @ libmtkcam_modulefactory_drv.so
01-01 08:00:23.442 D/SeninfDrvImp(  472): [SeninfDrvImp][SeninfDrvImp] 
01-01 08:00:23.442 D/SeninfDrvImp(  472): [init][init]: Entry count 0 
01-01 08:00:23.442 D/SeninfDrvImp(  472): [init]Efuse Data:0x11c5018c= 0x0, 0x11c50190= 0x0, 0x11c501bc= 0x0, 0x11c501c0= 0x0
01-01 08:00:23.442 D/SeninfDrvImp(  472): [init][init]: Exit count 1 
01-01 08:00:23.442 D/SeninfDrvImp(  472): [setMclk1IODrivingCurrent]DrivingIdx(3), Reg(0x00000003)
01-01 08:00:23.443 D/SeninfDrvImp(  472): [setMclk2IODrivingCurrent]DrivingIdx(3), Reg(0x00000018)
01-01 08:00:23.443 D/SeninfDrvImp(  472): [setMclk][setMclk]pcEn(1), clkPol(0), mMclkUser[0](1), TimestampClk(0), freq(24), mclkIdx 0
01-01 08:00:23.443 D/SeninfDrvImp(  472): [setMclk][setMclk]pcEn(1), clkPol(0), mMclkUser[1](1), TimestampClk(0), freq(24), mclkIdx 1
01-01 08:00:23.443 D/ImgSensorDrv(  472): [searchSensor]SENSOR search start 
01-01 08:00:23.454 D/rpmb    (  492): EmmcRpmbReadCounter: write_multiple_block, then read_multiple_block
01-01 08:00:23.458 D/ImgSensorDrv(  472): [searchSensor]set sensor driver id =1
01-01 08:00:23.458 D/ImgSensorDrv(  472): [searchSensor]sensorIdx 0 found <0x30c6/s5k3l6_mipi_raw/SENSOR_DRVNAME_S5K3L6_MIPI_RAW>
01-01 08:00:23.458 D/ImgSensorDrv(  472): [getInfo2]prv w=0x1070,h=0xc30
01-01 08:00:23.458 D/ImgSensorDrv(  472): [getInfo2]cap w=0x1070,h=0xc30
01-01 08:00:23.458 D/ImgSensorDrv(  472): [getInfo2]vd  w=0x1070,h=0xc30
01-01 08:00:23.458 D/ImgSensorDrv(  472): [getInfo2]pre GrapX=0x0,GrapY=0x0
01-01 08:00:23.459 I/iptables-wrapper-1.0(  490): iptables: No chain/target/match by that name.
01-01 08:00:23.459 I/iptables-wrapper-1.0(  490): iptables-wrapper-1.0 terminated by exit(1)
01-01 08:00:23.460 E/NetdagentIptables(  490): exec() res=0, status=256 for /system/bin/iptables-wrapper-1.0 -w -t filter -X oem_data 
01-01 08:00:23.460 E/rpmb    (  492): [uree] UREE_RpmbFeedbackWriteCounter Error: -65530 (Input parameters were invalid.)
01-01 08:00:23.460 E/rpmb    (  492): rpmb feedback write counter error 0xffff0006
01-01 08:00:23.462 W/MtkCam/HalSensorList(  472): [impConstructStaticMetadata_by_SymbolName] constructCustStaticMetadata_DEVICE_SCALER_SENSOR_DRVNAME_S5K3L6_MIPI_RAW not found
01-01 08:00:23.462 W/MtkCam/HalSensorList(  472): [impConstructStaticMetadata_by_SymbolName] constructCustStaticMetadata_DEVICE_SCALER_COMMON not found
01-01 08:00:23.463 W/MtkCam/HalSensorList(  472): [impConstructStaticMetadata_by_SymbolName] constructCustStaticMetadata_DEVICE_FEATURE_SENSOR_DRVNAME_S5K3L6_MIPI_RAW not found
01-01 08:00:23.464 W/MtkCam/HalSensorList(  472): [impConstructStaticMetadata_by_SymbolName] constructCustStaticMetadata_DEVICE_FEATURE_COMMON not found
01-01 08:00:23.464 W/MtkCam/HalSensorList(  472): [impConstructStaticMetadata_by_SymbolName] constructCustStaticMetadata_DEVICE_REQUEST_SENSOR_DRVNAME_S5K3L6_MIPI_RAW not found
01-01 08:00:23.465 W/MtkCam/HalSensorList(  472): [impConstructStaticMetadata_by_SymbolName] constructCustStaticMetadata_DEVICE_REQUEST_COMMON not found
01-01 08:00:23.466 W/MtkCam/HalSensorList(  472): [impConstructStaticMetadata_by_SymbolName] constructCustStaticMetadata_PROJECT_LENS_SENSOR_DRVNAME_S5K3L6_MIPI_RAW not found
01-01 08:00:23.466 W/MtkCam/HalSensorList(  472): [impConstructStaticMetadata_by_SymbolName] constructCustStaticMetadata_PROJECT_LENS_COMMON not found
01-01 08:00:23.467 W/MtkCam/HalSensorList(  472): [impConstructStaticMetadata_by_SymbolName] constructCustStaticMetadata_PROJECT_SENSOR_SENSOR_DRVNAME_S5K3L6_MIPI_RAW not found
01-01 08:00:23.467 W/MtkCam/HalSensorList(  472): [impConstructStaticMetadata_by_SymbolName] constructCustStaticMetadata_PROJECT_SENSOR_COMMON not found
01-01 08:00:23.468 W/MtkCam/HalSensorList(  472): [impConstructStaticMetadata_by_SymbolName] constructCustStaticMetadata_PROJECT_TUNING_3A_SENSOR_DRVNAME_S5K3L6_MIPI_RAW not found
01-01 08:00:23.468 W/MtkCam/HalSensorList(  472): [impConstructStaticMetadata_by_SymbolName] constructCustStaticMetadata_PROJECT_TUNING_3A_COMMON not found
01-01 08:00:23.469 W/MtkCam/HalSensorList(  472): [impConstructStaticMetadata_by_SymbolName] constructCustStaticMetadata_PROJECT_FLASHLIGHT_SENSOR_DRVNAME_S5K3L6_MIPI_RAW not found
01-01 08:00:23.469 W/MtkCam/HalSensorList(  472): [impConstructStaticMetadata_by_SymbolName] constructCustStaticMetadata_PROJECT_FLASHLIGHT_COMMON not found
01-01 08:00:23.470 W/MtkCam/HalSensorList(  472): [impConstructStaticMetadata_by_SymbolName] constructCustStaticMetadata_PROJECT_SCALER_SENSOR_DRVNAME_S5K3L6_MIPI_RAW not found
01-01 08:00:23.470 W/MtkCam/HalSensorList(  472): [impConstructStaticMetadata_by_SymbolName] constructCustStaticMetadata_PROJECT_SCALER_COMMON not found
01-01 08:00:23.471 W/MtkCam/HalSensorList(  472): [impConstructStaticMetadata_by_SymbolName] constructCustStaticMetadata_PROJECT_FEATURE_SENSOR_DRVNAME_S5K3L6_MIPI_RAW not found
01-01 08:00:23.472 W/MtkCam/HalSensorList(  472): [impConstructStaticMetadata_by_SymbolName] constructCustStaticMetadata_PROJECT_FEATURE_COMMON not found
01-01 08:00:23.472 W/MtkCam/HalSensorList(  472): [impConstructStaticMetadata_by_SymbolName] constructCustStaticMetadata_PROJECT_CAMERA_SENSOR_DRVNAME_S5K3L6_MIPI_RAW not found
01-01 08:00:23.473 W/MtkCam/HalSensorList(  472): [impConstructStaticMetadata_by_SymbolName] constructCustStaticMetadata_PROJECT_CAMERA_COMMON not found
01-01 08:00:23.473 W/MtkCam/HalSensorList(  472): [impConstructStaticMetadata_by_SymbolName] constructCustStaticMetadata_PROJECT_REQUEST_SENSOR_DRVNAME_S5K3L6_MIPI_RAW not found
01-01 08:00:23.474 W/MtkCam/HalSensorList(  472): [impConstructStaticMetadata_by_SymbolName] constructCustStaticMetadata_PROJECT_REQUEST_COMMON not found
01-01 08:00:23.474 D/ImgSensorDrv(  472): [searchSensor]SENSOR search start 
01-01 08:00:23.487 I/ip6tables-wrapper-1.0(  490): ip6tables: No chain/target/match by that name.
01-01 08:00:23.487 I/ip6tables-wrapper-1.0(  490): ip6tables-wrapper-1.0 terminated by exit(1)
01-01 08:00:23.487 E/NetdagentIptables(  490): exec() res=0, status=256 for /system/bin/ip6tables-wrapper-1.0 -w -t filter -X oem_data 
01-01 08:00:23.569 D/ImgSensorDrv(  472): [searchSensor]set sensor driver id =fffffffb
01-01 08:00:23.569 D/SeninfDrvImp(  472): [setMclk][setMclk]pcEn(0), clkPol(0), mMclkUser[0](0), TimestampClk(0), freq(24), mclkIdx 0
01-01 08:00:23.569 D/SeninfDrvImp(  472): [setMclk][setMclk]pcEn(0), clkPol(0), mMclkUser[1](0), TimestampClk(0), freq(24), mclkIdx 1
01-01 08:00:23.569 D/SeninfDrvImp(  472): [uninit][uninit]: 1 
01-01 08:00:23.569 D/SeninfDrvImp(  472): [uninit][uninit]: 0, mfd(17) 
01-01 08:00:23.570 D/CustomLogicalDevice(  472): Parse DEFAULT_STEREO_SETTING in camera_custom_stereo_setting.h
01-01 08:00:23.570 D/CustomLogicalDevice(  472): Name: bayerbayer
01-01 08:00:23.570 D/CustomLogicalDevice(  472): Sensor S5K3L8_MIPI_RAW not found in sensor list
01-01 08:00:23.570 D/CustomLogicalDevice(  472): NumofCombinSensor 0 != sensors in setting 2
01-01 08:00:23.572 W/MtkCam/MetadataProvider.constructStatic(  472): [impConstructStaticMetadata_by_SymbolName] constructCustStaticMetadata_DEVICE_CAMERA_SENSOR_DRVNAME_S5K3L6_MIPI_RAW not found
01-01 08:00:23.573 W/MtkCam/MetadataProvider.constructStatic(  472): [impConstructStaticMetadata_by_SymbolName] constructCustStaticMetadata_PROJECT_SCALER_SENSOR_DRVNAME_S5K3L6_MIPI_RAW not found
01-01 08:00:23.573 W/MtkCam/MetadataProvider.constructStatic(  472): [impConstructStaticMetadata_by_SymbolName] constructCustStaticMetadata_PROJECT_SCALER_COMMON not found
01-01 08:00:23.573 W/MtkCam/MetadataProvider.constructStatic(  472): [impConstructStaticMetadata_by_SymbolName] constructCustStaticMetadata_PROJECT_FEATURE_SENSOR_DRVNAME_S5K3L6_MIPI_RAW not found
01-01 08:00:23.573 W/MtkCam/MetadataProvider.constructStatic(  472): [impConstructStaticMetadata_by_SymbolName] constructCustStaticMetadata_PROJECT_FEATURE_COMMON not found
01-01 08:00:23.573 W/MtkCam/MetadataProvider.constructStatic(  472): [impConstructStaticMetadata_by_SymbolName] constructCustStaticMetadata_PROJECT_CAMERA_SENSOR_DRVNAME_S5K3L6_MIPI_RAW not found
01-01 08:00:23.574 W/MtkCam/MetadataProvider.constructStatic(  472): [impConstructStaticMetadata_by_SymbolName] constructCustStaticMetadata_PROJECT_CAMERA_COMMON not found
01-01 08:00:23.574 W/MtkCam/MetadataProvider.constructStatic(  472): [impConstructStaticMetadata_by_SymbolName] constructCustStaticMetadata_PROJECT_REQUEST_SENSOR_DRVNAME_S5K3L6_MIPI_RAW not found
01-01 08:00:23.574 W/MtkCam/MetadataProvider.constructStatic(  472): [impConstructStaticMetadata_by_SymbolName] constructCustStaticMetadata_PROJECT_REQUEST_COMMON not found
01-01 08:00:23.657 I/ServiceManager(  467): Waiting for service package_native...
01-01 08:00:23.729 D/AAALOGTAG(  472):  3alog = 0, default = 0
01-01 08:00:23.730 I/mtkcam-module(  472): [ModuleStore] ctor
01-01 08:00:23.730 I/mtkcam-module(  472): [dump_module] [registered] module_id:0x0x10001 module_factory:0xa1e72c8f register_name:vendor/mediatek/proprietary/hardware/mtkcam/main/core/module/aaa/register_Hal3A.cpp
01-01 08:00:23.730 I/mtkcam-module(  472): [dump_module] [registered] module_id:0x0x10002 module_factory:0x9c4f9951 register_name:vendor/mediatek/proprietary/hardware/mtkcam/main/core/module/aaa/register_HalISP.cpp
01-01 08:00:23.730 I/mtkcam-module(  472): [dump_module] [registered] module_id:0x0x10003 module_factory:0xa1e5502b register_name:vendor/mediatek/proprietary/hardware/mtkcam/main/core/module/aaa/register_HalFlash.cpp
01-01 08:00:23.730 I/mtkcam-module(  472): [dump_module] [registered] module_id:0x0x10004 module_factory:0xa1da5efd register_name:vendor/mediatek/proprietary/hardware/mtkcam/main/core/module/aaa/register_IspMgrIf.cpp
01-01 08:00:23.730 I/mtkcam-module(  472): [dump_module] [registered] module_id:0x0x10006 module_factory:0xa1e188d5 register_name:vendor/mediatek/proprietary/hardware/mtkcam/main/core/module/aaa/register_SwNR.cpp
01-01 08:00:23.730 I/mtkcam-module(  472): [dump_module] [registered] module_id:0x0x10007 module_factory:0x9c070db1 register_name:vendor/mediatek/proprietary/hardware/mtkcam/main/core/module/aaa/register_DngInfo.cpp
01-01 08:00:23.730 I/mtkcam-module(  472): [dump_module] [registered] module_id:0x0x10008 module_factory:0x9b4ea019 register_name:vendor/mediatek/proprietary/hardware/mtkcam/main/core/module/aaa/register_NvBufUtil.cpp
01-01 08:00:23.730 I/mtkcam-module(  472): [dump_module] [registered] module_id:0x0x10009 module_factory:0x9c1e2421 register_name:vendor/mediatek/proprietary/hardware/mtkcam/main/core/module/aaa/register_LscTable.cpp
01-01 08:00:23.730 I/mtkcam-module(  472): [ShowLoading] loading (MODULE_GROUP_ID:1 MODULE_GROUP_COUNT:11 ...
01-01 08:00:23.730 I/mtkcam-module(  472): [load] MtkCam_getModuleFactory_aaa(0x9cead495) @ libmtkcam_modulefactory_aaa.so
01-01 08:00:23.730 D/nvbuf_util.cpp(  472): nvbuf_util.cpp getBufAndReadNoLock+ ln=772 ramId=0 sensorDev=1
01-01 08:00:23.730 D/NvramDrv(  472): NvramDrv [readNoDefault] id=1 dev=12 a_u4NvramDataSize=80
01-01 08:00:23.730 D/NvramDrv(  472): NvramDrv [readNvramData]+ a_eSensorType=1 a_eNvramDataType=12
01-01 08:00:23.730 D/CAM_CUS_MSDK(  472): CAM_CUS_MSDK [LensCustomInit] DEV 1: (0) 0xffff, 0xffff
01-01 08:00:23.730 D/CAM_CUS_MSDK(  472): CAM_CUS_MSDK [LensCustomInit] DEV 1: (1) 0x13870, 0x8217
01-01 08:00:23.730 D/CAM_CUS_MSDK(  472): CAM_CUS_MSDK [LensCustomInit] DEV 1: (2) 0x30c8, 0x5
01-01 08:00:23.730 D/CAM_CUS_MSDK(  472): CAM_CUS_MSDK [LensCustomInit] DEV 1: (3) 0x30c6, 0x9769
01-01 08:00:23.730 D/CAM_CUS_MSDK(  472): CAM_CUS_MSDK [LensCustomInit] DEV 1: (4) 0xd853, 0x9769
01-01 08:00:23.730 D/CAM_CUS_MSDK(  472): CAM_CUS_MSDK [LensCustomInit] DEV 1: (5) 0x0, 0x0
01-01 08:00:23.730 D/CAM_CUS_MSDK(  472): CAM_CUS_MSDK [LensCustomInit] DEV 1: (6) 0x0, 0x0
01-01 08:00:23.730 D/CAM_CUS_MSDK(  472): CAM_CUS_MSDK [LensCustomInit] DEV 1: (7) 0x0, 0x0
01-01 08:00:23.730 D/CAM_CUS_MSDK(  472): CAM_CUS_MSDK [LensCustomInit] DEV 1: (8) 0x0, 0x0
01-01 08:00:23.730 D/CAM_CUS_MSDK(  472): CAM_CUS_MSDK [LensCustomInit] DEV 1: (9) 0x0, 0x0
01-01 08:00:23.730 D/CAM_CUS_MSDK(  472): CAM_CUS_MSDK [LensCustomInit] DEV 1: (10) 0x0, 0x0
01-01 08:00:23.730 D/CAM_CUS_MSDK(  472): CAM_CUS_MSDK [LensCustomInit] DEV 1: (11) 0x0, 0x0
01-01 08:00:23.730 D/CAM_CUS_MSDK(  472): CAM_CUS_MSDK [LensCustomInit] DEV 1: (12) 0x0, 0x0
01-01 08:00:23.730 D/CAM_CUS_MSDK(  472): CAM_CUS_MSDK [LensCustomInit] DEV 1: (13) 0x0, 0x0
01-01 08:00:23.730 D/CAM_CUS_MSDK(  472): CAM_CUS_MSDK [LensCustomInit] DEV 1: (14) 0x0, 0x0
01-01 08:00:23.730 D/CAM_CUS_MSDK(  472): CAM_CUS_MSDK [LensCustomInit] DEV 1: (15) 0x0, 0x0
01-01 08:00:23.730 D/NvramDrv(  472): NvramDrv check nvram demon
01-01 08:00:23.731 D/NVRAM   (  472): length of g_NVRAM_BACKUP_DEVICE=44
01-01 08:00:23.731 D/NVRAM   (  472): nvram_layout_callback will run!!!
01-01 08:00:23.731 D/NVRAM   (  472): nvram_platform_log_block: 2
01-01 08:00:23.731 D/NVRAM   (  472): nvram_platform_resv_block: 2
01-01 08:00:23.731 D/NVRAM   (  472): nvram_platform_DM_block: 1
01-01 08:00:23.731 D/NVRAM   (  472): nvram_platform_layout_version: 0
01-01 08:00:23.731 D/NVRAM   (  472): nvram_platform_header_offset: 0
01-01 08:00:23.731 D/NVRAM   (  472): g_i4CFG_File_Count: 51
01-01 08:00:23.731 D/NVRAM   (  472): NVM_Init Max Lid: 80
01-01 08:00:23.731 D/NVRAM   (  472): [NVRAM]: info nvram_gpt_flag =1
01-01 08:00:23.731 D/NVRAM   (  472): [NVRAM]: info NVRAM Init Completed!
01-01 08:00:23.731 D/NVRAM   (  472): NVM_GetFileDesc: Open /mnt/vendor/nvdata/media/CAMERA_VERSION,LID:22
01-01 08:00:23.731 D/NVRAM   (  472): NVM_CmpFileVerNo 22  
01-01 08:00:23.732 D/NVRAM   (  472): Load File Version: 000, NvRam File Version: 000
01-01 08:00:23.732 D/NVRAM   (  472): NVM_ProtectDataFile : 22 ++
01-01 08:00:23.732 D/NVRAM   (  472): iCustomBeginLID = 51
01-01 08:00:23.732 D/NVRAM   (  472): NVM_CheckFileSize:stat_size:82,size in table:80
01-01 08:00:23.732 D/NVRAM   (  472): NVM_CheckFile: File is correct!
01-01 08:00:23.732 D/NVRAM   (  472): NVM_ProtectUserData:Check Success
01-01 08:00:23.732 D/NVRAM   (  472): NVM_GetFileDesc ProtectDataFile Check Success!!
01-01 08:00:23.732 D/NVRAM   (  472): NVM_CloseFileDesc: Open by Readonly, no need to check when close
01-01 08:00:23.732 D/NvramDrv(  472): NvramDrv [readNvramData]- 0 0 0 0 0 0 0 0 0 0
01-01 08:00:23.732 D/nvbuf_util.cpp(  472): nvbuf_util.cpp readRamVersion nvRamId=0 ver : isp=0,3a=0,sh=0,lens=0,pl=0,stb=0,tsf=0,geo=0,feature=0
01-01 08:00:23.732 D/nvbuf_util.cpp(  472): nvbuf_util.cpp readRamVersion ln=794 ver=0 err=0
01-01 08:00:23.732 D/nvbuf_util.cpp(  472): nvbuf_util.cpp ln=482 1
01-01 08:00:23.733 D/nvbuf_util.cpp(  472): nvbuf_util.cpp ln=508 12486
01-01 08:00:23.733 D/NvramDrv(  472): NvramDrv [readNvrameEx] sensor type = 1; NVRAM data type = 0
01-01 08:00:23.733 D/NvramDrv(  472): NvramDrv checkDataVersionNew
01-01 08:00:23.733 D/NvramDrv(  472): NvramDrv checkDataVersionNew v=0 vTar=1
01-01 08:00:23.733 D/NvramDrv(  472): NvramDrv [readDefaultData] sensor ID = 12486; NVRAM data type = 0
01-01 08:00:23.733 D/CAM_CUS_MSDK(  472): CAM_CUS_MSDK [GetCameraDefaultPara] Find sensor id 30c6
01-01 08:00:23.733 D/CAM_CUS_MSDK(  472): CAM_CUS_MSDK SID 30C6 data is found
01-01 08:00:23.733 D/CAM_CUS_MSDK(  472): CAM_CUS_MSDK [openDefaultSoLibrary] end of open s5k3l6_mipi_raw_tuning.so
01-01 08:00:23.734 D/CAM_CUS_MSDK(  472): CAM_CUS_MSDK [closeSoLibrary] 
01-01 08:00:23.734 D/nvbuf_util.cpp(  472): nvbuf_util.cpp getBufAndRead- ln=815
01-01 08:00:23.734 D/nvbuf_util.cpp(  472): nvbuf_util.cpp getBufAndReadNoLock+ ln=772 ramId=0 sensorDev=1
01-01 08:00:23.734 D/nvbuf_util.cpp(  472): nvbuf_util.cpp getBufAndReadNoLock+ ln=772 ramId=1 sensorDev=1
01-01 08:00:23.734 D/nvbuf_util.cpp(  472): nvbuf_util.cpp readRamVersion nvRamId=1 ver : isp=0,3a=0,sh=0,lens=0,pl=0,stb=0,tsf=0,geo=0,feature=0
01-01 08:00:23.734 D/nvbuf_util.cpp(  472): nvbuf_util.cpp readRamVersion ln=794 ver=0 err=0
01-01 08:00:23.734 D/nvbuf_util.cpp(  472): nvbuf_util.cpp ln=482 1
01-01 08:00:23.734 D/nvbuf_util.cpp(  472): nvbuf_util.cpp ln=508 12486
01-01 08:00:23.734 D/NvramDrv(  472): NvramDrv [readNvrameEx] sensor type = 1; NVRAM data type = 1
01-01 08:00:23.734 D/NvramDrv(  472): NvramDrv checkDataVersionNew
01-01 08:00:23.734 D/NvramDrv(  472): NvramDrv checkDataVersionNew v=0 vTar=1
01-01 08:00:23.734 D/NvramDrv(  472): NvramDrv [readDefaultData] sensor ID = 12486; NVRAM data type = 1
01-01 08:00:23.734 D/CAM_CUS_MSDK(  472): CAM_CUS_MSDK [GetCameraDefaultPara] Find sensor id 30c6
01-01 08:00:23.734 D/CAM_CUS_MSDK(  472): CAM_CUS_MSDK SID 30C6 data is found
01-01 08:00:23.735 D/CAM_CUS_MSDK(  472): CAM_CUS_MSDK [openDefaultSoLibrary] end of open s5k3l6_mipi_raw_tuning.so
01-01 08:00:23.735 D/CAM_CUS_MSDK(  472): CAM_CUS_MSDK [closeSoLibrary] 
01-01 08:00:23.735 D/nvbuf_util.cpp(  472): nvbuf_util.cpp getBufAndRead- ln=815
01-01 08:00:23.746 I/camerahalserver(  472): Registration complete for android.hardware.camera.provider@2.4::ICameraProvider/internal/0.
01-01 08:00:23.747 W/hwservicemanager(  262): getTransport: Cannot find entry vendor.mediatek.hardware.camera.lomoeffect@1.0::ILomoEffect/internal/0 in either framework or device manifest.
01-01 08:00:23.748 E/camerahalserver(  472): Could not get passthrough implementation for vendor.mediatek.hardware.camera.lomoeffect@1.0::ILomoEffect/internal/0.
01-01 08:00:23.748 W/camerahalserver(  472): main: register ILomoEffect err:1(Unknown error -1)
01-01 08:00:23.749 D/Zygote  (  450): begin preload
01-01 08:00:23.749 I/Zygote  (  450): Installing ICU cache reference pinning...
01-01 08:00:23.750 I/Zygote  (  450): Preloading ICU data...
01-01 08:00:23.760 D/rpmb    (  492): EmmcRpmbReadCounter: write_multiple_block, then read_multiple_block
01-01 08:00:23.763 I/camerahalserver(  472): Registration complete for vendor.mediatek.hardware.camera.ccap@1.0::ICCAPControl/internal/0.
01-01 08:00:23.775 E/rpmb    (  492): [uree] UREE_RpmbFeedbackWriteCounter Error: -65530 (Input parameters were invalid.)
01-01 08:00:23.775 E/rpmb    (  492): rpmb feedback write counter error 0xffff0006
01-01 08:00:23.783 I/camerahalserver(  472): Registration complete for vendor.mediatek.hardware.camera.security@1.0::ISecureCamera/internal/0.
01-01 08:00:23.783 W/hwservicemanager(  262): getTransport: Cannot find entry vendor.mediatek.hardware.camera.frhandler@1.0::IFRHandler/internal/0 in either framework or device manifest.
01-01 08:00:23.784 E/camerahalserver(  472): Could not get passthrough implementation for vendor.mediatek.hardware.camera.frhandler@1.0::IFRHandler/internal/0.
01-01 08:00:23.784 W/camerahalserver(  472): main: register IFRHandler err:1(Unknown error -1)
01-01 08:00:23.784 I/CameraProviderManager(  452): Connecting to new camera provider: internal/0, isRemote? 1
01-01 08:00:23.791 I/CameraProviderManager(  452): Enumerating new camera device: device@3.4/internal/0
01-01 08:00:23.791 I/CameraProviderManager(  452): Camera provider internal/0 ready with 1 camera devices
01-01 08:00:23.793 I/CameraHardwareInterface(  452): Opening camera 0
01-01 08:00:23.793 E/CameraHardwareInterface(  452): initialize: openSession failed! No such file or directory (-2)
01-01 08:00:23.793 E/CameraFlashlight(  452): connectCameraDevice: initializing camera 0 failed
01-01 08:00:23.793 I/CameraHardwareInterface(  452): Destroying camera 0
01-01 08:00:23.793 E/CameraFlashlight(  452): findFlashUnits: failed to check if camera 0 has a flash unit. No such file or directory (-2)
01-01 08:00:23.793 I/CameraService(  452): onDeviceStatusChanged: Status changed for cameraId=0, newStatus=1
01-01 08:00:23.793 I/CameraService(  452): onDeviceStatusChanged: Unknown camera ID 0, a new camera is added
01-01 08:00:23.840 I/Zygote  (  450): Preloading classes...
01-01 08:00:23.853 I/SystemServiceRegistry(  450): regMtkService start
01-01 08:00:23.853 I/SystemServiceRegistry(  450): setMtkSystemServiceName start
