12-17 16:08:30.483 I/chatty  (  658): uid=1000(system) Binder:658_C identical 3 lines
12-17 16:08:30.484 V/AlarmManager(  658): isAlarmNeedAlign : operation is null
12-17 16:08:38.482 V/AlarmManager(  658): set(PendingIntent{8d6f969: PendingIntentRecord{3bc5fee com.tal.genie.push broadcastIntent}}) : type=2 triggerAtTime=16210456 win=0 tElapsed=16210456 maxElapsed=16510456 interval=0 flags=0x9
12-17 16:08:38.486 V/AlarmManager(  658): set(PendingIntent{c838c8f: PendingIntentRecord{e709b1c com.tal.genie.push broadcastIntent}}) : type=2 triggerAtTime=16198471 win=0 tElapsed=16198471 maxElapsed=16498471 interval=0 flags=0x9
12-17 16:08:38.501 V/AlarmManager(  658): isAlarmNeedAlign : operation is null
12-17 16:08:38.501 I/chatty  (  658): uid=1000(system) Binder:658_3 identical 3 lines
12-17 16:08:38.502 V/AlarmManager(  658): isAlarmNeedAlign : operation is null
12-17 16:08:46.499 V/AlarmManager(  658): set(PendingIntent{9f67e87: PendingIntentRecord{beb31b4 com.tal.genie.push broadcastIntent}}) : type=2 triggerAtTime=16218472 win=0 tElapsed=16218472 maxElapsed=16518472 interval=0 flags=0x9
12-17 16:08:46.503 V/AlarmManager(  658): set(PendingIntent{18131dd: PendingIntentRecord{f21c152 com.tal.genie.push broadcastIntent}}) : type=2 triggerAtTime=16206488 win=0 tElapsed=16206488 maxElapsed=16506488 interval=0 flags=0x9
12-17 16:08:46.518 V/AlarmManager(  658): isAlarmNeedAlign : operation is null
12-17 16:08:46.519 I/chatty  (  658): uid=1000(system) Binder:658_3 identical 3 lines
12-17 16:08:46.520 V/AlarmManager(  658): isAlarmNeedAlign : operation is null
12-17 16:08:48.231 E/BatteryExternalStatsWorker(  658): no controller energy info supplied for wifi
12-17 16:08:48.231 E/BatteryExternalStatsWorker(  658): no controller energy info supplied for bluetooth
12-17 16:08:48.231 E/BatteryExternalStatsWorker(  658): no controller energy info supplied for telephony
12-17 16:08:48.234 E/KernelCpuSpeedReader(  658): Failed to read cpu-freq: /sys/devices/system/cpu/cpu0/cpufreq/stats/time_in_state (No such file or directory)
12-17 16:08:54.514 V/AlarmManager(  658): set(PendingIntent{7fdbf95: PendingIntentRecord{9a828aa com.tal.genie.push broadcastIntent}}) : type=2 triggerAtTime=16226490 win=0 tElapsed=16226490 maxElapsed=16526490 interval=0 flags=0x9
12-17 16:08:54.520 V/AlarmManager(  658): set(PendingIntent{6794c9b: PendingIntentRecord{1df0838 com.tal.genie.push broadcastIntent}}) : type=2 triggerAtTime=16214506 win=0 tElapsed=16214506 maxElapsed=16514506 interval=0 flags=0x9
12-17 16:08:54.536 V/AlarmManager(  658): isAlarmNeedAlign : operation is null
12-17 16:08:54.537 I/chatty  (  658): uid=1000(system) Binder:658_3 identical 3 lines
12-17 16:08:54.537 V/AlarmManager(  658): isAlarmNeedAlign : operation is null
12-17 16:09:02.534 V/AlarmManager(  658): set(PendingIntent{35ea650: PendingIntentRecord{7d96049 com.tal.genie.push broadcastIntent}}) : type=2 triggerAtTime=16234506 win=0 tElapsed=16234506 maxElapsed=16534506 interval=0 flags=0x9
12-17 16:09:02.535 V/AlarmManager(  658): set(PendingIntent{f2be712: PendingIntentRecord{50ee3 android broadcastIntent}}) : type=3 triggerAtTime=16271987 win=0 tElapsed=16271987 maxElapsed=16271987 interval=0 flags=0x1
12-17 16:09:02.541 V/AlarmManager(  658): set(PendingIntent{45a6d4e: PendingIntentRecord{227e6f com.tal.genie.push broadcastIntent}}) : type=2 triggerAtTime=16222526 win=0 tElapsed=16222526 maxElapsed=16522526 interval=0 flags=0x9
12-17 16:09:02.556 V/AlarmManager(  658): isAlarmNeedAlign : operation is null
12-17 16:09:02.556 I/chatty  (  658): uid=1000(system) Binder:658_C identical 3 lines
12-17 16:09:02.557 V/AlarmManager(  658): isAlarmNeedAlign : operation is null
12-17 16:09:10.552 V/AlarmManager(  658): set(PendingIntent{52d826: PendingIntentRecord{485cc67 com.tal.genie.push broadcastIntent}}) : type=2 triggerAtTime=16242527 win=0 tElapsed=16242527 maxElapsed=16542527 interval=0 flags=0x9
12-17 16:09:10.556 V/AlarmManager(  658): set(PendingIntent{fe99a14: PendingIntentRecord{2e0e2bd com.tal.genie.push broadcastIntent}}) : type=2 triggerAtTime=16230542 win=0 tElapsed=16230542 maxElapsed=16530542 interval=0 flags=0x9
12-17 16:09:10.571 V/AlarmManager(  658): isAlarmNeedAlign : operation is null
12-17 16:09:10.571 I/chatty  (  658): uid=1000(system) Binder:658_3 identical 3 lines
12-17 16:09:10.572 V/AlarmManager(  658): isAlarmNeedAlign : operation is null
12-17 16:09:18.571 V/AlarmManager(  658): set(PendingIntent{6b617ac: PendingIntentRecord{1c6ac75 com.tal.genie.push broadcastIntent}}) : type=2 triggerAtTime=16250545 win=0 tElapsed=16250545 maxElapsed=16550545 interval=0 flags=0x9
12-17 16:09:18.574 V/AlarmManager(  658): set(PendingIntent{1a1440a: PendingIntentRecord{e21347b com.tal.genie.push broadcastIntent}}) : type=2 triggerAtTime=16238560 win=0 tElapsed=16238560 maxElapsed=16538560 interval=0 flags=0x9
12-17 16:09:18.593 V/AlarmManager(  658): isAlarmNeedAlign : operation is null
12-17 16:09:18.594 I/chatty  (  658): uid=1000(system) Binder:658_3 identical 3 lines
12-17 16:09:18.595 V/AlarmManager(  658): isAlarmNeedAlign : operation is null
12-17 16:09:26.590 V/AlarmManager(  658): set(PendingIntent{fce4a62: PendingIntentRecord{f4bb7f3 com.tal.genie.push broadcastIntent}}) : type=2 triggerAtTime=16258562 win=0 tElapsed=16258562 maxElapsed=16558562 interval=0 flags=0x9
12-17 16:09:26.597 V/AlarmManager(  658): set(PendingIntent{e3b8cb0: PendingIntentRecord{458b729 com.tal.genie.push broadcastIntent}}) : type=2 triggerAtTime=16246582 win=0 tElapsed=16246582 maxElapsed=16546582 interval=0 flags=0x9
12-17 16:09:26.609 V/AlarmManager(  658): isAlarmNeedAlign : operation is null
12-17 16:09:26.610 I/chatty  (  658): uid=1000(system) Binder:658_C identical 3 lines
12-17 16:09:26.611 V/AlarmManager(  658): isAlarmNeedAlign : operation is null
12-17 16:09:29.241 E/storaged(  497): getDiskStats failed with result NOT_SUPPORTED and size 0
12-17 16:09:33.292 I/NetworkStatsRecorder(  658): recordSnapshotLocked: ident[[{type=WIFI, subType=COMBINED, networkId="TAL-Device", metered=false, defaultNetwork=true}]]
12-17 16:09:33.292 W/NetworkStatsRecorder(  658): unknown interfaces [lo], ignoring those stats
12-17 16:09:33.292 I/NetworkStatsRecorder(  658): recordSnapshotLocked: ident[[{type=WIFI, subType=COMBINED, networkId="TAL-Device", metered=false, defaultNetwork=true}]]
12-17 16:09:33.292 W/NetworkStatsRecorder(  658): unknown interfaces [lo], ignoring those stats
12-17 16:09:33.292 I/NetworkStatsRecorder(  658): recordSnapshotLocked: ident[[{type=WIFI, subType=COMBINED, networkId="TAL-Device", metered=false, defaultNetwork=true}]]
12-17 16:09:33.293 I/chatty  (  658): uid=1000(system) NetworkStats identical 2 lines
12-17 16:09:33.293 I/NetworkStatsRecorder(  658): recordSnapshotLocked: ident[[{type=WIFI, subType=COMBINED, networkId="TAL-Device", metered=false, defaultNetwork=true}]]
12-17 16:09:33.293 W/NetworkStatsRecorder(  658): unknown interfaces [lo], ignoring those stats
12-17 16:09:33.293 W/NetworkStatsRecorder(  658): unknown interfaces [lo], ignoring those stats
12-17 16:09:33.293 D/NetworkStatsRecorder(  658): forcePersistLocked() writing for uid
12-17 16:09:34.612 V/AlarmManager(  658): set(PendingIntent{f8d1b5e: PendingIntentRecord{61f7b3f com.tal.genie.push broadcastIntent}}) : type=2 triggerAtTime=16266585 win=0 tElapsed=16266585 maxElapsed=16566585 interval=0 flags=0x9
12-17 16:09:34.616 V/AlarmManager(  658): set(PendingIntent{4aedc0c: PendingIntentRecord{2c78955 com.tal.genie.push broadcastIntent}}) : type=2 triggerAtTime=16254601 win=0 tElapsed=16254601 maxElapsed=16554601 interval=0 flags=0x9
12-17 16:09:34.633 V/AlarmManager(  658): isAlarmNeedAlign : operation is null
12-17 16:09:34.634 I/chatty  (  658): uid=1000(system) Binder:658_C identical 3 lines
12-17 16:09:34.634 V/AlarmManager(  658): isAlarmNeedAlign : operation is null
12-17 16:09:42.630 V/AlarmManager(  658): set(PendingIntent{933b22f: PendingIntentRecord{aa7603c com.tal.genie.push broadcastIntent}}) : type=2 triggerAtTime=16274602 win=0 tElapsed=16274602 maxElapsed=16574602 interval=0 flags=0x9
12-17 16:09:42.635 V/AlarmManager(  658): set(PendingIntent{2fe71c5: PendingIntentRecord{5ea71a com.tal.genie.push broadcastIntent}}) : type=2 triggerAtTime=16262621 win=0 tElapsed=16262621 maxElapsed=16562621 interval=0 flags=0x9
12-17 16:09:42.651 V/AlarmManager(  658): isAlarmNeedAlign : operation is null
12-17 16:09:42.651 I/chatty  (  658): uid=1000(system) Binder:658_3 identical 3 lines
12-17 16:09:42.652 V/AlarmManager(  658): isAlarmNeedAlign : operation is null
12-17 16:09:50.649 V/AlarmManager(  658): set(PendingIntent{452ff72: PendingIntentRecord{557afc3 com.tal.genie.push broadcastIntent}}) : type=2 triggerAtTime=16282623 win=0 tElapsed=16282623 maxElapsed=16582623 interval=0 flags=0x9
12-17 16:09:50.654 V/AlarmManager(  658): set(PendingIntent{1b57040: PendingIntentRecord{3f47b79 com.tal.genie.push broadcastIntent}}) : type=2 triggerAtTime=16270638 win=0 tElapsed=16270638 maxElapsed=16570638 interval=0 flags=0x9
12-17 16:09:50.670 V/AlarmManager(  658): isAlarmNeedAlign : operation is null
12-17 16:09:50.671 I/chatty  (  658): uid=1000(system) Binder:658_C identical 3 lines
12-17 16:09:50.672 V/AlarmManager(  658): isAlarmNeedAlign : operation is null
12-17 16:09:58.666 V/AlarmManager(  658): set(PendingIntent{9890758: PendingIntentRecord{5a520b1 com.tal.genie.push broadcastIntent}}) : type=2 triggerAtTime=16290639 win=0 tElapsed=16290639 maxElapsed=16590639 interval=0 flags=0x9
12-17 16:09:58.670 V/AlarmManager(  658): set(PendingIntent{12b0996: PendingIntentRecord{c42f917 com.tal.genie.push broadcastIntent}}) : type=2 triggerAtTime=16278656 win=0 tElapsed=16278656 maxElapsed=16578656 interval=0 flags=0x9
12-17 16:09:58.683 V/AlarmManager(  658): isAlarmNeedAlign : operation is null
12-17 16:09:58.683 I/chatty  (  658): uid=1000(system) Binder:658_C identical 3 lines
12-17 16:09:58.684 V/AlarmManager(  658): isAlarmNeedAlign : operation is null
12-17 16:10:06.683 V/AlarmManager(  658): set(PendingIntent{a95f40f: PendingIntentRecord{4cfac9c com.tal.genie.push broadcastIntent}}) : type=2 triggerAtTime=16298656 win=0 tElapsed=16298656 maxElapsed=16598656 interval=0 flags=0x9
12-17 16:10:06.684 V/AlarmManager(  658): set(PendingIntent{f2be712: PendingIntentRecord{50ee3 android broadcastIntent}}) : type=3 triggerAtTime=16331988 win=0 tElapsed=16331988 maxElapsed=16331988 interval=0 flags=0x1
12-17 16:10:06.688 V/AlarmManager(  658): set(PendingIntent{fac36a5: PendingIntentRecord{d97ba7a com.tal.genie.push broadcastIntent}}) : type=2 triggerAtTime=16286673 win=0 tElapsed=16286673 maxElapsed=16586673 interval=0 flags=0x9
12-17 16:10:06.702 V/AlarmManager(  658): isAlarmNeedAlign : operation is null
12-17 16:10:06.703 I/chatty  (  658): uid=1000(system) Binder:658_C identical 3 lines
12-17 16:10:06.705 V/AlarmManager(  658): isAlarmNeedAlign : operation is null
12-17 16:10:14.698 V/AlarmManager(  658): set(PendingIntent{d5b955d: PendingIntentRecord{a6f1ed2 com.tal.genie.push broadcastIntent}}) : type=2 triggerAtTime=16306674 win=0 tElapsed=16306674 maxElapsed=16606674 interval=0 flags=0x9
12-17 16:10:14.701 V/AlarmManager(  658): set(PendingIntent{5204ba3: PendingIntentRecord{8de0ea0 com.tal.genie.push broadcastIntent}}) : type=2 triggerAtTime=16294687 win=0 tElapsed=16294687 maxElapsed=16594687 interval=0 flags=0x9
12-17 16:10:15.110 V/AlarmManager(  658): isAlarmNeedAlign : operation is null
12-17 16:10:15.111 I/chatty  (  658): uid=1000(system) Binder:658_C identical 3 lines
12-17 16:10:15.111 V/AlarmManager(  658): isAlarmNeedAlign : operation is null
12-17 16:10:22.715 V/AlarmManager(  658): set(PendingIntent{e18c1b: PendingIntentRecord{9b11b8 com.tal.genie.push broadcastIntent}}) : type=2 triggerAtTime=16314688 win=0 tElapsed=16314688 maxElapsed=16614688 interval=0 flags=0x9
12-17 16:10:22.720 V/AlarmManager(  658): set(PendingIntent{dbccb91: PendingIntentRecord{28f0af6 com.tal.genie.push broadcastIntent}}) : type=2 triggerAtTime=16302705 win=0 tElapsed=16302705 maxElapsed=16602705 interval=0 flags=0x9
12-17 16:10:22.735 V/AlarmManager(  658): isAlarmNeedAlign : operation is null
12-17 16:10:22.735 I/chatty  (  658): uid=1000(system) Binder:658_F identical 3 lines
12-17 16:10:22.736 V/AlarmManager(  658): isAlarmNeedAlign : operation is null
12-17 16:10:29.242 E/storaged(  497): getDiskStats failed with result NOT_SUPPORTED and size 0
12-17 16:10:30.732 V/AlarmManager(  658): set(PendingIntent{2f45bc9: PendingIntentRecord{c7882ce com.tal.genie.push broadcastIntent}}) : type=2 triggerAtTime=16322708 win=0 tElapsed=16322708 maxElapsed=16622708 interval=0 flags=0x9
12-17 16:10:30.735 V/AlarmManager(  658): set(PendingIntent{7ea5ef: PendingIntentRecord{255a8fc com.tal.genie.push broadcastIntent}}) : type=2 triggerAtTime=16310721 win=0 tElapsed=16310721 maxElapsed=16610721 interval=0 flags=0x9
12-17 16:10:30.750 V/AlarmManager(  658): isAlarmNeedAlign : operation is null
12-17 16:10:30.751 I/chatty  (  658): uid=1000(system) Binder:658_F identical 3 lines
12-17 16:10:30.751 V/AlarmManager(  658): isAlarmNeedAlign : operation is null
12-17 16:10:38.746 V/AlarmManager(  658): set(PendingIntent{4f63e7: PendingIntentRecord{de81b94 com.tal.genie.push broadcastIntent}}) : type=2 triggerAtTime=16330722 win=0 tElapsed=16330722 maxElapsed=16630722 interval=0 flags=0x9
12-17 16:10:38.749 V/AlarmManager(  658): set(PendingIntent{cb3063d: PendingIntentRecord{44e6e32 com.tal.genie.push broadcastIntent}}) : type=2 triggerAtTime=16318735 win=0 tElapsed=16318735 maxElapsed=16618735 interval=0 flags=0x9
12-17 16:10:38.764 V/AlarmManager(  658): isAlarmNeedAlign : operation is null
12-17 16:10:38.764 I/chatty  (  658): uid=1000(system) Binder:658_C identical 3 lines
12-17 16:10:38.764 V/AlarmManager(  658): isAlarmNeedAlign : operation is null
12-17 16:10:46.763 V/AlarmManager(  658): set(PendingIntent{849bff5: PendingIntentRecord{c61918a com.tal.genie.push broadcastIntent}}) : type=2 triggerAtTime=16338736 win=0 tElapsed=16338736 maxElapsed=16638736 interval=0 flags=0x9
12-17 16:10:46.766 V/AlarmManager(  658): set(PendingIntent{a9f33fb: PendingIntentRecord{6c1cc18 com.tal.genie.push broadcastIntent}}) : type=2 triggerAtTime=16326751 win=0 tElapsed=16326751 maxElapsed=16626751 interval=0 flags=0x9
12-17 16:10:46.784 V/AlarmManager(  658): isAlarmNeedAlign : operation is null
12-17 16:10:46.784 I/chatty  (  658): uid=1000(system) Binder:658_F identical 3 lines
12-17 16:10:46.785 V/AlarmManager(  658): isAlarmNeedAlign : operation is null
12-17 16:10:54.775 V/AlarmManager(  658): set(PendingIntent{e9a2773: PendingIntentRecord{59a0630 com.tal.genie.push broadcastIntent}}) : type=2 triggerAtTime=16346752 win=0 tElapsed=16346752 maxElapsed=16646752 interval=0 flags=0x9
12-17 16:10:54.779 V/AlarmManager(  658): set(PendingIntent{99772a9: PendingIntentRecord{221802e com.tal.genie.push broadcastIntent}}) : type=2 triggerAtTime=16334764 win=0 tElapsed=16334764 maxElapsed=16634764 interval=0 flags=0x9
12-17 16:10:54.796 V/AlarmManager(  658): isAlarmNeedAlign : operation is null
12-17 16:10:54.796 I/chatty  (  658): uid=1000(system) Binder:658_F identical 3 lines
12-17 16:10:54.797 V/AlarmManager(  658): isAlarmNeedAlign : operation is null
12-17 16:11:02.790 V/AlarmManager(  658): set(PendingIntent{f2be712: PendingIntentRecord{50ee3 android broadcastIntent}}) : type=3 triggerAtTime=16391987 win=0 tElapsed=16391987 maxElapsed=16391987 interval=0 flags=0x1
12-17 16:11:02.792 V/AlarmManager(  658): set(PendingIntent{bcd6706: PendingIntentRecord{7ce1c7 com.tal.genie.push broadcastIntent}}) : type=2 triggerAtTime=16354765 win=0 tElapsed=16354765 maxElapsed=16654765 interval=0 flags=0x9
12-17 16:11:02.796 V/AlarmManager(  658): set(PendingIntent{8e0f3f4: PendingIntentRecord{4d4671d com.tal.genie.push broadcastIntent}}) : type=2 triggerAtTime=16342781 win=0 tElapsed=16342781 maxElapsed=16642781 interval=0 flags=0x9
12-17 16:11:02.814 V/AlarmManager(  658): isAlarmNeedAlign : operation is null
12-17 16:11:02.815 I/chatty  (  658): uid=1000(system) Binder:658_C identical 3 lines
12-17 16:11:02.815 V/AlarmManager(  658): isAlarmNeedAlign : operation is null
12-17 16:11:10.810 V/AlarmManager(  658): set(PendingIntent{c42cd8c: PendingIntentRecord{95a5cd5 com.tal.genie.push broadcastIntent}}) : type=2 triggerAtTime=16362783 win=0 tElapsed=16362783 maxElapsed=16662783 interval=0 flags=0x9
12-17 16:11:10.814 V/AlarmManager(  658): set(PendingIntent{5809cea: PendingIntentRecord{e8e4bdb com.tal.genie.push broadcastIntent}}) : type=2 triggerAtTime=16350799 win=0 tElapsed=16350799 maxElapsed=16650799 interval=0 flags=0x9
12-17 16:11:10.829 V/AlarmManager(  658): isAlarmNeedAlign : operation is null
12-17 16:11:10.830 I/chatty  (  658): uid=1000(system) Binder:658_C identical 3 lines
12-17 16:11:10.830 V/AlarmManager(  658): isAlarmNeedAlign : operation is null
12-17 16:11:18.826 V/AlarmManager(  658): set(PendingIntent{763df42: PendingIntentRecord{2985b53 com.tal.genie.push broadcastIntent}}) : type=2 triggerAtTime=16370801 win=0 tElapsed=16370801 maxElapsed=16670801 interval=0 flags=0x9
12-17 16:11:18.829 V/AlarmManager(  658): set(PendingIntent{be45c90: PendingIntentRecord{bcf7989 com.tal.genie.push broadcastIntent}}) : type=2 triggerAtTime=16358815 win=0 tElapsed=16358815 maxElapsed=16658815 interval=0 flags=0x9
12-17 16:11:18.844 V/AlarmManager(  658): isAlarmNeedAlign : operation is null
12-17 16:11:18.844 I/chatty  (  658): uid=1000(system) Binder:658_C identical 3 lines
12-17 16:11:18.844 V/AlarmManager(  658): isAlarmNeedAlign : operation is null
12-17 16:11:26.841 V/AlarmManager(  658): set(PendingIntent{a7f2da8: PendingIntentRecord{fffd0c1 com.tal.genie.push broadcastIntent}}) : type=2 triggerAtTime=16378815 win=0 tElapsed=16378815 maxElapsed=16678815 interval=0 flags=0x9
12-17 16:11:26.844 V/AlarmManager(  658): set(PendingIntent{7cce066: PendingIntentRecord{37ecfa7 com.tal.genie.push broadcastIntent}}) : type=2 triggerAtTime=16366829 win=0 tElapsed=16366829 maxElapsed=16666829 interval=0 flags=0x9
12-17 16:11:26.860 V/AlarmManager(  658): isAlarmNeedAlign : operation is null
12-17 16:11:26.861 I/chatty  (  658): uid=1000(system) Binder:658_3 identical 3 lines
12-17 16:11:26.861 V/AlarmManager(  658): isAlarmNeedAlign : operation is null
12-17 16:11:29.242 E/storaged(  497): getDiskStats failed with result NOT_SUPPORTED and size 0
12-17 16:11:34.853 V/AlarmManager(  658): set(PendingIntent{98cd6f9: PendingIntentRecord{3840c9f com.tal.genie.push broadcastIntent}}) : type=2 triggerAtTime=16386829 win=0 tElapsed=16386829 maxElapsed=16686829 interval=0 flags=0x9
12-17 16:11:34.856 V/AlarmManager(  658): set(PendingIntent{d0c01ec: PendingIntentRecord{f3ae9b5 com.tal.genie.push broadcastIntent}}) : type=2 triggerAtTime=16374842 win=0 tElapsed=16374842 maxElapsed=16674842 interval=0 flags=0x9
12-17 16:11:34.873 V/AlarmManager(  658): isAlarmNeedAlign : operation is null
12-17 16:11:34.873 I/chatty  (  658): uid=1000(system) Binder:658_3 identical 3 lines
12-17 16:11:34.874 V/AlarmManager(  658): isAlarmNeedAlign : operation is null
12-17 16:11:42.865 V/AlarmManager(  658): set(PendingIntent{e12a284: PendingIntentRecord{18b9a6d com.tal.genie.push broadcastIntent}}) : type=2 triggerAtTime=16394844 win=0 tElapsed=16394844 maxElapsed=16694844 interval=0 flags=0x9
12-17 16:11:42.868 V/AlarmManager(  658): set(PendingIntent{ecc26a2: PendingIntentRecord{3fdff33 com.tal.genie.push broadcastIntent}}) : type=2 triggerAtTime=16382853 win=0 tElapsed=16382853 maxElapsed=16682853 interval=0 flags=0x9
12-17 16:11:42.885 V/AlarmManager(  658): isAlarmNeedAlign : operation is null
12-17 16:11:42.886 I/chatty  (  658): uid=1000(system) Binder:658_C identical 3 lines
12-17 16:11:42.886 V/AlarmManager(  658): isAlarmNeedAlign : operation is null
12-17 16:11:50.879 V/AlarmManager(  658): set(PendingIntent{2efe7fa: PendingIntentRecord{e3021ab com.tal.genie.push broadcastIntent}}) : type=2 triggerAtTime=16402855 win=0 tElapsed=16402855 maxElapsed=16702855 interval=0 flags=0x9
12-17 16:11:50.883 V/AlarmManager(  658): set(PendingIntent{a02a008: PendingIntentRecord{e10c3a1 com.tal.genie.push broadcastIntent}}) : type=2 triggerAtTime=16390869 win=0 tElapsed=16390869 maxElapsed=16690869 interval=0 flags=0x9
12-17 16:11:50.901 V/AlarmManager(  658): isAlarmNeedAlign : operation is null
12-17 16:11:50.901 I/chatty  (  658): uid=1000(system) Binder:658_3 identical 3 lines
12-17 16:11:50.902 V/AlarmManager(  658): isAlarmNeedAlign : operation is null
12-17 16:11:58.899 V/AlarmManager(  658): set(PendingIntent{fc36820: PendingIntentRecord{8ad45d9 com.tal.genie.push broadcastIntent}}) : type=2 triggerAtTime=16410871 win=0 tElapsed=16410871 maxElapsed=16710871 interval=0 flags=0x9
12-17 16:11:58.902 V/AlarmManager(  658): set(PendingIntent{be50b9e: PendingIntentRecord{444467f com.tal.genie.push broadcastIntent}}) : type=2 triggerAtTime=16398887 win=0 tElapsed=16398887 maxElapsed=16698887 interval=0 flags=0x9
12-17 16:11:58.917 V/AlarmManager(  658): isAlarmNeedAlign : operation is null
12-17 16:11:58.918 I/chatty  (  658): uid=1000(system) Binder:658_C identical 3 lines
12-17 16:11:58.919 V/AlarmManager(  658): isAlarmNeedAlign : operation is null
12-17 16:12:06.913 V/AlarmManager(  658): set(PendingIntent{ff68677: PendingIntentRecord{ff9b2e4 com.tal.genie.push broadcastIntent}}) : type=2 triggerAtTime=16418887 win=0 tElapsed=16418887 maxElapsed=16718887 interval=0 flags=0x9
12-17 16:12:06.914 V/AlarmManager(  658): set(PendingIntent{f2be712: PendingIntentRecord{50ee3 android broadcastIntent}}) : type=3 triggerAtTime=16451988 win=0 tElapsed=16451988 maxElapsed=16451988 interval=0 flags=0x1
12-17 16:12:06.917 V/AlarmManager(  658): set(PendingIntent{22ad34d: PendingIntentRecord{32b9e02 com.tal.genie.push broadcastIntent}}) : type=2 triggerAtTime=16406902 win=0 tElapsed=16406902 maxElapsed=16706902 interval=0 flags=0x9
12-17 16:12:06.931 V/AlarmManager(  658): isAlarmNeedAlign : operation is null
12-17 16:12:06.931 I/chatty  (  658): uid=1000(system) Binder:658_C identical 3 lines
12-17 16:12:06.931 V/AlarmManager(  658): isAlarmNeedAlign : operation is null
12-17 16:12:14.927 V/AlarmManager(  658): set(PendingIntent{f2c1f05: PendingIntentRecord{a1aeb5a com.tal.genie.push broadcastIntent}}) : type=2 triggerAtTime=16426904 win=0 tElapsed=16426904 maxElapsed=16726904 interval=0 flags=0x9
12-17 16:12:14.932 V/AlarmManager(  658): set(PendingIntent{2c7d18b: PendingIntentRecord{d6ec268 com.tal.genie.push broadcastIntent}}) : type=2 triggerAtTime=16414917 win=0 tElapsed=16414917 maxElapsed=16714917 interval=0 flags=0x9
12-17 16:12:14.946 V/AlarmManager(  658): isAlarmNeedAlign : operation is null
12-17 16:12:14.946 I/chatty  (  658): uid=1000(system) Binder:658_C identical 3 lines
12-17 16:12:14.946 V/AlarmManager(  658): isAlarmNeedAlign : operation is null
12-17 16:12:22.946 V/AlarmManager(  658): set(PendingIntent{266e703: PendingIntentRecord{f857680 com.tal.genie.push broadcastIntent}}) : type=2 triggerAtTime=16434918 win=0 tElapsed=16434918 maxElapsed=16734918 interval=0 flags=0x9
12-17 16:12:22.951 V/AlarmManager(  658): set(PendingIntent{ceea4b9: PendingIntentRecord{7e2b0fe com.tal.genie.push broadcastIntent}}) : type=2 triggerAtTime=16422937 win=0 tElapsed=16422937 maxElapsed=16722937 interval=0 flags=0x9
12-17 16:12:22.968 V/AlarmManager(  658): isAlarmNeedAlign : operation is null
12-17 16:12:22.968 I/chatty  (  658): uid=1000(system) Binder:658_C identical 3 lines
12-17 16:12:22.969 V/AlarmManager(  658): isAlarmNeedAlign : operation is null
12-17 16:12:29.243 E/storaged(  497): getDiskStats failed with result NOT_SUPPORTED and size 0
12-17 16:12:30.964 V/AlarmManager(  658): set(PendingIntent{41331f1: PendingIntentRecord{6c9e1d6 com.tal.genie.push broadcastIntent}}) : type=2 triggerAtTime=16442936 win=0 tElapsed=16442936 maxElapsed=16742936 interval=0 flags=0x9
12-17 16:12:30.969 V/AlarmManager(  658): set(PendingIntent{8488c57: PendingIntentRecord{3f07344 com.tal.genie.push broadcastIntent}}) : type=2 triggerAtTime=16430954 win=0 tElapsed=16430954 maxElapsed=16730954 interval=0 flags=0x9
12-17 16:12:30.984 V/AlarmManager(  658): isAlarmNeedAlign : operation is null
12-17 16:12:30.985 I/chatty  (  658): uid=1000(system) Binder:658_C identical 3 lines
12-17 16:12:30.986 V/AlarmManager(  658): isAlarmNeedAlign : operation is null
12-17 16:12:38.983 V/AlarmManager(  658): set(PendingIntent{d2af4f: PendingIntentRecord{138e6dc com.tal.genie.push broadcastIntent}}) : type=2 triggerAtTime=16450955 win=0 tElapsed=16450955 maxElapsed=16750955 interval=0 flags=0x9
12-17 16:12:38.988 V/AlarmManager(  658): set(PendingIntent{5b983e5: PendingIntentRecord{e4b1eba com.tal.genie.push broadcastIntent}}) : type=2 triggerAtTime=16438973 win=0 tElapsed=16438973 maxElapsed=16738973 interval=0 flags=0x9
12-17 16:12:39.004 V/AlarmManager(  658): isAlarmNeedAlign : operation is null
12-17 16:12:39.005 I/chatty  (  658): uid=1000(system) Binder:658_C identical 3 lines
12-17 16:12:39.005 V/AlarmManager(  658): isAlarmNeedAlign : operation is null
12-17 16:12:47.002 V/AlarmManager(  658): set(PendingIntent{b9d4a9d: PendingIntentRecord{122cb12 com.tal.genie.push broadcastIntent}}) : type=2 triggerAtTime=16458975 win=0 tElapsed=16458975 maxElapsed=16758975 interval=0 flags=0x9
12-17 16:12:47.006 V/AlarmManager(  658): set(PendingIntent{79c22e3: PendingIntentRecord{eae34e0 com.tal.genie.push broadcastIntent}}) : type=2 triggerAtTime=16446991 win=0 tElapsed=16446991 maxElapsed=16746991 interval=0 flags=0x9
12-17 16:12:47.031 V/AlarmManager(  658): isAlarmNeedAlign : operation is null
12-17 16:12:47.032 I/chatty  (  658): uid=1000(system) Binder:658_3 identical 3 lines
12-17 16:12:47.032 V/AlarmManager(  658): isAlarmNeedAlign : operation is null
12-17 16:12:55.019 V/AlarmManager(  658): set(PendingIntent{5990b5b: PendingIntentRecord{701bff8 com.tal.genie.push broadcastIntent}}) : type=2 triggerAtTime=16466994 win=0 tElapsed=16466994 maxElapsed=16766994 interval=0 flags=0x9
12-17 16:12:55.023 V/AlarmManager(  658): set(PendingIntent{60c7cd1: PendingIntentRecord{bff0336 com.tal.genie.push broadcastIntent}}) : type=2 triggerAtTime=16455009 win=0 tElapsed=16455009 maxElapsed=16755009 interval=0 flags=0x9
12-17 16:12:55.039 V/AlarmManager(  658): isAlarmNeedAlign : operation is null
12-17 16:12:55.039 I/chatty  (  658): uid=1000(system) Binder:658_3 identical 3 lines
12-17 16:12:55.039 V/AlarmManager(  658): isAlarmNeedAlign : operation is null
12-17 16:13:03.039 V/AlarmManager(  658): set(PendingIntent{93a012f: PendingIntentRecord{369033c com.tal.genie.push broadcastIntent}}) : type=2 triggerAtTime=16475011 win=0 tElapsed=16475011 maxElapsed=16775011 interval=0 flags=0x9
12-17 16:13:03.040 V/AlarmManager(  658): set(PendingIntent{f2be712: PendingIntentRecord{50ee3 android broadcastIntent}}) : type=3 triggerAtTime=16511987 win=0 tElapsed=16511987 maxElapsed=16511987 interval=0 flags=0x1
12-17 16:13:03.043 V/AlarmManager(  658): set(PendingIntent{f1ad8c5: PendingIntentRecord{9d8821a com.tal.genie.push broadcastIntent}}) : type=2 triggerAtTime=16463029 win=0 tElapsed=16463029 maxElapsed=16763029 interval=0 flags=0x9
12-17 16:13:03.060 V/AlarmManager(  658): isAlarmNeedAlign : operation is null
12-17 16:13:03.062 I/chatty  (  658): uid=1000(system) Binder:658_3 identical 3 lines
12-17 16:13:03.062 V/AlarmManager(  658): isAlarmNeedAlign : operation is null
12-17 16:13:11.054 V/AlarmManager(  658): set(PendingIntent{f785b7d: PendingIntentRecord{1cd3a72 com.tal.genie.push broadcastIntent}}) : type=2 triggerAtTime=16483030 win=0 tElapsed=16483030 maxElapsed=16783030 interval=0 flags=0x9
12-17 16:13:11.057 V/AlarmManager(  658): set(PendingIntent{25ccec3: PendingIntentRecord{655a340 com.tal.genie.push broadcastIntent}}) : type=2 triggerAtTime=16471043 win=0 tElapsed=16471043 maxElapsed=16771043 interval=0 flags=0x9
12-17 16:13:11.074 V/AlarmManager(  658): isAlarmNeedAlign : operation is null
12-17 16:13:11.074 I/chatty  (  658): uid=1000(system) Binder:658_C identical 3 lines
12-17 16:13:11.075 V/AlarmManager(  658): isAlarmNeedAlign : operation is null
12-17 16:13:19.071 V/AlarmManager(  658): set(PendingIntent{e87533b: PendingIntentRecord{59c9a58 com.tal.genie.push broadcastIntent}}) : type=2 triggerAtTime=16491044 win=0 tElapsed=16491044 maxElapsed=16791044 interval=0 flags=0x9
12-17 16:13:19.074 V/AlarmManager(  658): set(PendingIntent{2c4b7b1: PendingIntentRecord{1a05496 com.tal.genie.push broadcastIntent}}) : type=2 triggerAtTime=16479060 win=0 tElapsed=16479060 maxElapsed=16779060 interval=0 flags=0x9
12-17 16:13:19.090 V/AlarmManager(  658): isAlarmNeedAlign : operation is null
12-17 16:13:19.091 I/chatty  (  658): uid=1000(system) Binder:658_C identical 3 lines
12-17 16:13:19.092 V/AlarmManager(  658): isAlarmNeedAlign : operation is null
12-17 16:13:27.089 V/AlarmManager(  658): set(PendingIntent{749abe9: PendingIntentRecord{bf5606e com.tal.genie.push broadcastIntent}}) : type=2 triggerAtTime=16499062 win=0 tElapsed=16499062 maxElapsed=16799062 interval=0 flags=0x9
12-17 16:13:27.092 V/AlarmManager(  658): set(PendingIntent{defc30f: PendingIntentRecord{91ecf9c com.tal.genie.push broadcastIntent}}) : type=2 triggerAtTime=16487077 win=0 tElapsed=16487077 maxElapsed=16787077 interval=0 flags=0x9
12-17 16:13:27.108 V/AlarmManager(  658): isAlarmNeedAlign : operation is null
12-17 16:13:27.109 I/chatty  (  658): uid=1000(system) Binder:658_3 identical 3 lines
12-17 16:13:27.109 V/AlarmManager(  658): isAlarmNeedAlign : operation is null
12-17 16:13:29.244 E/storaged(  497): getDiskStats failed with result NOT_SUPPORTED and size 0
12-17 16:13:35.105 V/AlarmManager(  658): set(PendingIntent{8e30507: PendingIntentRecord{e9b7634 com.tal.genie.push broadcastIntent}}) : type=2 triggerAtTime=16507078 win=0 tElapsed=16507078 maxElapsed=16807078 interval=0 flags=0x9
12-17 16:13:35.109 V/AlarmManager(  658): set(PendingIntent{66d5c5d: PendingIntentRecord{ba2d9d2 com.tal.genie.push broadcastIntent}}) : type=2 triggerAtTime=16495095 win=0 tElapsed=16495095 maxElapsed=16795095 interval=0 flags=0x9
12-17 16:13:35.124 V/AlarmManager(  658): isAlarmNeedAlign : operation is null
12-17 16:13:35.125 I/chatty  (  658): uid=1000(system) Binder:658_C identical 3 lines
12-17 16:13:35.125 V/AlarmManager(  658): isAlarmNeedAlign : operation is null
12-17 16:13:43.123 V/AlarmManager(  658): set(PendingIntent{3f4ba15: PendingIntentRecord{123d12a com.tal.genie.push broadcastIntent}}) : type=2 triggerAtTime=16515097 win=0 tElapsed=16515097 maxElapsed=16815097 interval=0 flags=0x9
12-17 16:13:43.126 V/AlarmManager(  658): set(PendingIntent{6770b1b: PendingIntentRecord{7f424b8 com.tal.genie.push broadcastIntent}}) : type=2 triggerAtTime=16503112 win=0 tElapsed=16503112 maxElapsed=16803112 interval=0 flags=0x9
12-17 16:13:43.148 V/AlarmManager(  658): isAlarmNeedAlign : operation is null
12-17 16:13:43.149 I/chatty  (  658): uid=1000(system) Binder:658_3 identical 3 lines
12-17 16:13:43.149 V/AlarmManager(  658): isAlarmNeedAlign : operation is null
12-17 16:13:51.141 V/AlarmManager(  658): isAlarmNeedAlign : operation is null
12-17 16:13:51.141 V/AlarmManager(  658): set(null) : type=3 triggerAtTime=17160000 win=0 tElapsed=17160000 maxElapsed=17160000 interval=0 flags=0x9
12-17 16:13:51.143 V/AlarmManager(  658): set(PendingIntent{71c293: PendingIntentRecord{a6ad2d0 com.tal.genie.push broadcastIntent}}) : type=2 triggerAtTime=16523113 win=0 tElapsed=16523113 maxElapsed=16823113 interval=0 flags=0x9
12-17 16:13:51.148 V/AlarmManager(  658): set(PendingIntent{89752c9: PendingIntentRecord{41dadce com.tal.genie.push broadcastIntent}}) : type=2 triggerAtTime=16511132 win=0 tElapsed=16511132 maxElapsed=16811132 interval=0 flags=0x9
12-17 16:13:51.163 V/AlarmManager(  658): isAlarmNeedAlign : operation is null
12-17 16:13:51.163 I/chatty  (  658): uid=1000(system) Binder:658_F identical 3 lines
12-17 16:13:51.164 V/AlarmManager(  658): isAlarmNeedAlign : operation is null
12-17 16:13:59.161 V/AlarmManager(  658): set(PendingIntent{8419201: PendingIntentRecord{c2da8a6 com.tal.genie.push broadcastIntent}}) : type=2 triggerAtTime=16531136 win=0 tElapsed=16531136 maxElapsed=16831136 interval=0 flags=0x9
12-17 16:13:59.166 V/AlarmManager(  658): set(PendingIntent{f3792e7: PendingIntentRecord{f161e94 com.tal.genie.push broadcastIntent}}) : type=2 triggerAtTime=16519151 win=0 tElapsed=16519151 maxElapsed=16819151 interval=0 flags=0x9
12-17 16:13:59.182 V/AlarmManager(  658): isAlarmNeedAlign : operation is null
12-17 16:13:59.182 I/chatty  (  658): uid=1000(system) Binder:658_3 identical 3 lines
12-17 16:13:59.183 V/AlarmManager(  658): isAlarmNeedAlign : operation is null
12-17 16:14:07.181 V/AlarmManager(  658): set(PendingIntent{55eac2c: PendingIntentRecord{7cce6f5 com.tal.genie.push broadcastIntent}}) : type=2 triggerAtTime=16539152 win=0 tElapsed=16539152 maxElapsed=16839152 interval=0 flags=0x9
12-17 16:14:07.182 V/AlarmManager(  658): set(PendingIntent{f2be712: PendingIntentRecord{50ee3 android broadcastIntent}}) : type=3 triggerAtTime=16571987 win=0 tElapsed=16571987 maxElapsed=16571987 interval=0 flags=0x1
12-17 16:14:07.186 V/AlarmManager(  658): set(PendingIntent{71b2c8a: PendingIntentRecord{ae032fb com.tal.genie.push broadcastIntent}}) : type=2 triggerAtTime=16527171 win=0 tElapsed=16527171 maxElapsed=16827171 interval=0 flags=0x9
12-17 16:14:07.200 V/AlarmManager(  658): isAlarmNeedAlign : operation is null
12-17 16:14:07.201 I/chatty  (  658): uid=1000(system) Binder:658_F identical 3 lines
12-17 16:14:07.202 V/AlarmManager(  658): isAlarmNeedAlign : operation is null
12-17 16:14:15.197 V/AlarmManager(  658): set(PendingIntent{c8cc2e2: PendingIntentRecord{81c0673 com.tal.genie.push broadcastIntent}}) : type=2 triggerAtTime=16547171 win=0 tElapsed=16547171 maxElapsed=16847171 interval=0 flags=0x9
12-17 16:14:15.200 V/AlarmManager(  658): set(PendingIntent{dd7f930: PendingIntentRecord{e01e9a9 com.tal.genie.push broadcastIntent}}) : type=2 triggerAtTime=16535186 win=0 tElapsed=16535186 maxElapsed=16835186 interval=0 flags=0x9
12-17 16:14:15.216 V/AlarmManager(  658): isAlarmNeedAlign : operation is null
12-17 16:14:15.216 I/chatty  (  658): uid=1000(system) Binder:658_C identical 3 lines
12-17 16:14:15.216 V/AlarmManager(  658): isAlarmNeedAlign : operation is null
12-17 16:14:23.213 V/AlarmManager(  658): set(PendingIntent{675be48: PendingIntentRecord{3cc24e1 com.tal.genie.push broadcastIntent}}) : type=2 triggerAtTime=16555187 win=0 tElapsed=16555187 maxElapsed=16855187 interval=0 flags=0x9
12-17 16:14:23.216 V/AlarmManager(  658): set(PendingIntent{82e7206: PendingIntentRecord{92890c7 com.tal.genie.push broadcastIntent}}) : type=2 triggerAtTime=16543202 win=0 tElapsed=16543202 maxElapsed=16843202 interval=0 flags=0x9
12-17 16:14:23.228 V/AlarmManager(  658): isAlarmNeedAlign : operation is null
12-17 16:14:23.228 I/chatty  (  658): uid=1000(system) Binder:658_F identical 3 lines
12-17 16:14:23.229 V/AlarmManager(  658): isAlarmNeedAlign : operation is null
12-17 16:14:29.245 E/storaged(  497): getDiskStats failed with result NOT_SUPPORTED and size 0
12-17 16:14:31.231 V/AlarmManager(  658): set(PendingIntent{99bbbde: PendingIntentRecord{640d1bf com.tal.genie.push broadcastIntent}}) : type=2 triggerAtTime=16563204 win=0 tElapsed=16563204 maxElapsed=16863204 interval=0 flags=0x9
12-17 16:14:31.236 V/AlarmManager(  658): set(PendingIntent{23bb08c: PendingIntentRecord{b7d03d5 com.tal.genie.push broadcastIntent}}) : type=2 triggerAtTime=16551221 win=0 tElapsed=16551221 maxElapsed=16851221 interval=0 flags=0x9
12-17 16:14:31.250 V/AlarmManager(  658): isAlarmNeedAlign : operation is null
12-17 16:14:31.251 I/chatty  (  658): uid=1000(system) Binder:658_F identical 3 lines
12-17 16:14:31.252 V/AlarmManager(  658): isAlarmNeedAlign : operation is null
12-17 16:14:39.250 V/AlarmManager(  658): set(PendingIntent{2758524: PendingIntentRecord{872d88d com.tal.genie.push broadcastIntent}}) : type=2 triggerAtTime=16571223 win=0 tElapsed=16571223 maxElapsed=16871223 interval=0 flags=0x9
12-17 16:14:39.254 V/AlarmManager(  658): set(PendingIntent{ef5a42: PendingIntentRecord{475ba53 com.tal.genie.push broadcastIntent}}) : type=2 triggerAtTime=16559239 win=0 tElapsed=16559239 maxElapsed=16859239 interval=0 flags=0x9
12-17 16:14:39.271 V/AlarmManager(  658): isAlarmNeedAlign : operation is null
12-17 16:14:39.272 I/chatty  (  658): uid=1000(system) Binder:658_F identical 3 lines
12-17 16:14:39.272 V/AlarmManager(  658): isAlarmNeedAlign : operation is null
12-17 16:14:47.266 V/AlarmManager(  658): set(PendingIntent{491ef9a: PendingIntentRecord{44020cb com.tal.genie.push broadcastIntent}}) : type=2 triggerAtTime=16579240 win=0 tElapsed=16579240 maxElapsed=16879240 interval=0 flags=0x9
12-17 16:14:47.269 V/AlarmManager(  658): set(PendingIntent{14e00a8: PendingIntentRecord{c59a7c1 com.tal.genie.push broadcastIntent}}) : type=2 triggerAtTime=16567254 win=0 tElapsed=16567254 maxElapsed=16867254 interval=0 flags=0x9
12-17 16:14:47.283 V/AlarmManager(  658): isAlarmNeedAlign : operation is null
12-17 16:14:47.283 I/chatty  (  658): uid=1000(system) Binder:658_C identical 3 lines
12-17 16:14:47.284 V/AlarmManager(  658): isAlarmNeedAlign : operation is null
12-17 16:14:55.284 V/AlarmManager(  658): set(PendingIntent{3c63cc0: PendingIntentRecord{e6a8df9 com.tal.genie.push broadcastIntent}}) : type=2 triggerAtTime=16587256 win=0 tElapsed=16587256 maxElapsed=16887256 interval=0 flags=0x9
12-17 16:14:55.287 V/AlarmManager(  658): set(PendingIntent{236813e: PendingIntentRecord{8a1b9f com.tal.genie.push broadcastIntent}}) : type=2 triggerAtTime=16575273 win=0 tElapsed=16575273 maxElapsed=16875273 interval=0 flags=0x9
12-17 16:14:55.302 V/AlarmManager(  658): isAlarmNeedAlign : operation is null
12-17 16:14:55.302 I/chatty  (  658): uid=1000(system) Binder:658_C identical 3 lines
12-17 16:14:55.303 V/AlarmManager(  658): isAlarmNeedAlign : operation is null
12-17 16:15:03.301 V/AlarmManager(  658): set(PendingIntent{f2be712: PendingIntentRecord{50ee3 android broadcastIntent}}) : type=3 triggerAtTime=16631987 win=0 tElapsed=16631987 maxElapsed=16631987 interval=0 flags=0x1
12-17 16:15:03.302 V/AlarmManager(  658): set(PendingIntent{63ddf97: PendingIntentRecord{8426584 com.tal.genie.push broadcastIntent}}) : type=2 triggerAtTime=16595274 win=0 tElapsed=16595274 maxElapsed=16895274 interval=0 flags=0x9
12-17 16:15:03.308 V/AlarmManager(  658): set(PendingIntent{74ba16d: PendingIntentRecord{db121a2 com.tal.genie.push broadcastIntent}}) : type=2 triggerAtTime=16583293 win=0 tElapsed=16583293 maxElapsed=16883293 interval=0 flags=0x9
12-17 16:15:03.326 V/AlarmManager(  658): isAlarmNeedAlign : operation is null
12-17 16:15:03.326 I/chatty  (  658): uid=1000(system) Binder:658_C identical 3 lines
12-17 16:15:03.327 V/AlarmManager(  658): isAlarmNeedAlign : operation is null
12-17 16:15:11.323 V/AlarmManager(  658): set(PendingIntent{d949125: PendingIntentRecord{41942fa com.tal.genie.push broadcastIntent}}) : type=2 triggerAtTime=16603294 win=0 tElapsed=16603294 maxElapsed=16903294 interval=0 flags=0x9
12-17 16:15:11.328 V/AlarmManager(  658): set(PendingIntent{885e0ab: PendingIntentRecord{ab6f308 com.tal.genie.push broadcastIntent}}) : type=2 triggerAtTime=16591313 win=0 tElapsed=16591313 maxElapsed=16891313 interval=0 flags=0x9
12-17 16:15:11.345 V/AlarmManager(  658): isAlarmNeedAlign : operation is null
12-17 16:15:11.345 I/chatty  (  658): uid=1000(system) Binder:658_F identical 3 lines
12-17 16:15:11.346 V/AlarmManager(  658): isAlarmNeedAlign : operation is null
12-17 16:15:19.338 V/AlarmManager(  658): set(PendingIntent{db3ba23: PendingIntentRecord{24f1b20 com.tal.genie.push broadcastIntent}}) : type=2 triggerAtTime=16611314 win=0 tElapsed=16611314 maxElapsed=16911314 interval=0 flags=0x9
12-17 16:15:19.341 V/AlarmManager(  658): set(PendingIntent{b27cd9: PendingIntentRecord{6df769e com.tal.genie.push broadcastIntent}}) : type=2 triggerAtTime=16599327 win=0 tElapsed=16599327 maxElapsed=16899327 interval=0 flags=0x9
12-17 16:15:19.355 V/AlarmManager(  658): isAlarmNeedAlign : operation is null
12-17 16:15:19.355 I/chatty  (  658): uid=1000(system) Binder:658_3 identical 3 lines
12-17 16:15:19.356 V/AlarmManager(  658): isAlarmNeedAlign : operation is null
12-17 16:15:27.355 V/AlarmManager(  658): set(PendingIntent{d35ee11: PendingIntentRecord{a5bb76 com.tal.genie.push broadcastIntent}}) : type=2 triggerAtTime=16619328 win=0 tElapsed=16619328 maxElapsed=16919328 interval=0 flags=0x9
12-17 16:15:27.359 V/AlarmManager(  658): set(PendingIntent{8f2f577: PendingIntentRecord{746f5e4 com.tal.genie.push broadcastIntent}}) : type=2 triggerAtTime=16607344 win=0 tElapsed=16607344 maxElapsed=16907344 interval=0 flags=0x9
12-17 16:15:27.375 V/AlarmManager(  658): isAlarmNeedAlign : operation is null
12-17 16:15:27.376 I/chatty  (  658): uid=1000(system) Binder:658_3 identical 3 lines
12-17 16:15:27.376 V/AlarmManager(  658): isAlarmNeedAlign : operation is null
12-17 16:15:29.246 E/storaged(  497): getDiskStats failed with result NOT_SUPPORTED and size 0
12-17 16:15:35.374 V/AlarmManager(  658): set(PendingIntent{8fd1c6f: PendingIntentRecord{f491d7c com.tal.genie.push broadcastIntent}}) : type=2 triggerAtTime=16627346 win=0 tElapsed=16627346 maxElapsed=16927346 interval=0 flags=0x9
12-17 16:15:35.378 V/AlarmManager(  658): set(PendingIntent{3058605: PendingIntentRecord{50dc65a com.tal.genie.push broadcastIntent}}) : type=2 triggerAtTime=16615363 win=0 tElapsed=16615363 maxElapsed=16915363 interval=0 flags=0x9
12-17 16:15:35.393 V/AlarmManager(  658): isAlarmNeedAlign : operation is null
12-17 16:15:35.394 I/chatty  (  658): uid=1000(system) Binder:658_F identical 3 lines
12-17 16:15:35.394 V/AlarmManager(  658): isAlarmNeedAlign : operation is null
12-17 16:15:43.389 V/AlarmManager(  658): set(PendingIntent{de370bd: PendingIntentRecord{55ec6b2 com.tal.genie.push broadcastIntent}}) : type=2 triggerAtTime=16635364 win=0 tElapsed=16635364 maxElapsed=16935364 interval=0 flags=0x9
12-17 16:15:43.392 V/AlarmManager(  658): set(PendingIntent{9910603: PendingIntentRecord{be6a980 com.tal.genie.push broadcastIntent}}) : type=2 triggerAtTime=16623377 win=0 tElapsed=16623377 maxElapsed=16923377 interval=0 flags=0x9
12-17 16:15:43.407 V/AlarmManager(  658): isAlarmNeedAlign : operation is null
12-17 16:15:43.407 I/chatty  (  658): uid=1000(system) Binder:658_3 identical 3 lines
12-17 16:15:43.407 V/AlarmManager(  658): isAlarmNeedAlign : operation is null
12-17 16:15:51.393 V/AlarmManager(  658): set(PendingIntent{1db5bb9: PendingIntentRecord{a6e9bfe com.tal.genie.push broadcastIntent}}) : type=2 triggerAtTime=16643378 win=0 tElapsed=16643378 maxElapsed=16943378 interval=0 flags=0x9
12-17 16:15:51.396 V/AlarmManager(  658): set(PendingIntent{913ff5f: PendingIntentRecord{7ccddac com.tal.genie.push broadcastIntent}}) : type=2 triggerAtTime=16631381 win=0 tElapsed=16631381 maxElapsed=16931381 interval=0 flags=0x9
12-17 16:15:51.413 V/AlarmManager(  658): isAlarmNeedAlign : operation is null
12-17 16:15:51.413 I/chatty  (  658): uid=1000(system) Binder:658_3 identical 3 lines
12-17 16:15:51.414 V/AlarmManager(  658): isAlarmNeedAlign : operation is null
12-17 16:15:59.406 V/AlarmManager(  658): set(PendingIntent{a287b57: PendingIntentRecord{51b3644 com.tal.genie.push broadcastIntent}}) : type=2 triggerAtTime=16651382 win=0 tElapsed=16651382 maxElapsed=16951382 interval=0 flags=0x9
12-17 16:15:59.408 V/AlarmManager(  658): set(PendingIntent{3b7032d: PendingIntentRecord{9b24062 com.tal.genie.push broadcastIntent}}) : type=2 triggerAtTime=16639394 win=0 tElapsed=16639394 maxElapsed=16939394 interval=0 flags=0x9
12-17 16:15:59.668 V/AlarmManager(  658): isAlarmNeedAlign : operation is null
12-17 16:15:59.668 I/chatty  (  658): uid=1000(system) Binder:658_3 identical 3 lines
12-17 16:15:59.669 V/AlarmManager(  658): isAlarmNeedAlign : operation is null
12-17 16:16:07.423 V/AlarmManager(  658): set(PendingIntent{f2be712: PendingIntentRecord{50ee3 android broadcastIntent}}) : type=3 triggerAtTime=16691987 win=0 tElapsed=16691987 maxElapsed=16691987 interval=0 flags=0x1
12-17 16:16:07.426 V/AlarmManager(  658): set(PendingIntent{5c779ba: PendingIntentRecord{ce1b06b com.tal.genie.push broadcastIntent}}) : type=2 triggerAtTime=16659396 win=0 tElapsed=16659396 maxElapsed=16959396 interval=0 flags=0x9
12-17 16:16:07.432 V/AlarmManager(  658): set(PendingIntent{d9ae7c8: PendingIntentRecord{a43d061 com.tal.genie.push broadcastIntent}}) : type=2 triggerAtTime=16647416 win=0 tElapsed=16647416 maxElapsed=16947416 interval=0 flags=0x9
12-17 16:16:07.449 V/AlarmManager(  658): isAlarmNeedAlign : operation is null
12-17 16:16:07.449 I/chatty  (  658): uid=1000(system) Binder:658_C identical 3 lines
12-17 16:16:07.450 V/AlarmManager(  658): isAlarmNeedAlign : operation is null
12-17 16:16:15.444 V/AlarmManager(  658): set(PendingIntent{da4e7e0: PendingIntentRecord{51d2a99 com.tal.genie.push broadcastIntent}}) : type=2 triggerAtTime=16667417 win=0 tElapsed=16667417 maxElapsed=16967417 interval=0 flags=0x9
12-17 16:16:15.447 V/AlarmManager(  658): set(PendingIntent{bbbf15e: PendingIntentRecord{f44993f com.tal.genie.push broadcastIntent}}) : type=2 triggerAtTime=16655432 win=0 tElapsed=16655432 maxElapsed=16955432 interval=0 flags=0x9
12-17 16:16:15.462 V/AlarmManager(  658): isAlarmNeedAlign : operation is null
12-17 16:16:15.462 I/chatty  (  658): uid=1000(system) Binder:658_3 identical 3 lines
12-17 16:16:15.463 V/AlarmManager(  658): isAlarmNeedAlign : operation is null
12-17 16:16:23.460 V/AlarmManager(  658): set(PendingIntent{7bece36: PendingIntentRecord{2d67137 com.tal.genie.push broadcastIntent}}) : type=2 triggerAtTime=16675433 win=0 tElapsed=16675433 maxElapsed=16975433 interval=0 flags=0x9
12-17 16:16:23.464 V/AlarmManager(  658): set(PendingIntent{35726a4: PendingIntentRecord{b99c0d com.tal.genie.push broadcastIntent}}) : type=2 triggerAtTime=16663449 win=0 tElapsed=16663449 maxElapsed=16963449 interval=0 flags=0x9
12-17 16:16:23.480 V/AlarmManager(  658): isAlarmNeedAlign : operation is null
12-17 16:16:23.481 I/chatty  (  658): uid=1000(system) Binder:658_3 identical 3 lines
12-17 16:16:23.481 V/AlarmManager(  658): isAlarmNeedAlign : operation is null
12-17 16:16:29.246 E/storaged(  497): getDiskStats failed with result NOT_SUPPORTED and size 0
12-17 16:16:31.478 V/AlarmManager(  658): set(PendingIntent{d96a63c: PendingIntentRecord{e333fc5 com.tal.genie.push broadcastIntent}}) : type=2 triggerAtTime=16683450 win=0 tElapsed=16683450 maxElapsed=16983450 interval=0 flags=0x9
12-17 16:16:31.482 V/AlarmManager(  658): set(PendingIntent{9e5d1a: PendingIntentRecord{fe7c04b com.tal.genie.push broadcastIntent}}) : type=2 triggerAtTime=16671466 win=0 tElapsed=16671466 maxElapsed=16971466 interval=0 flags=0x9
12-17 16:16:31.497 V/AlarmManager(  658): isAlarmNeedAlign : operation is null
12-17 16:16:31.497 I/chatty  (  658): uid=1000(system) Binder:658_C identical 3 lines
12-17 16:16:31.498 V/AlarmManager(  658): isAlarmNeedAlign : operation is null
12-17 16:16:39.497 V/AlarmManager(  658): set(PendingIntent{a137572: PendingIntentRecord{3dedc3 com.tal.genie.push broadcastIntent}}) : type=2 triggerAtTime=16691468 win=0 tElapsed=16691468 maxElapsed=16991468 interval=0 flags=0x9
12-17 16:16:39.503 V/AlarmManager(  658): set(PendingIntent{a1d640: PendingIntentRecord{9afe979 com.tal.genie.push broadcastIntent}}) : type=2 triggerAtTime=16679486 win=0 tElapsed=16679486 maxElapsed=16979486 interval=0 flags=0x9
12-17 16:16:39.519 V/AlarmManager(  658): isAlarmNeedAlign : operation is null
12-17 16:16:39.519 I/chatty  (  658): uid=1000(system) Binder:658_3 identical 3 lines
12-17 16:16:39.520 V/AlarmManager(  658): isAlarmNeedAlign : operation is null
12-17 16:16:47.516 V/AlarmManager(  658): set(PendingIntent{dc2d58: PendingIntentRecord{da04eb1 com.tal.genie.push broadcastIntent}}) : type=2 triggerAtTime=16699487 win=0 tElapsed=16699487 maxElapsed=16999487 interval=0 flags=0x9
12-17 16:16:47.520 V/AlarmManager(  658): set(PendingIntent{3219f96: PendingIntentRecord{7f4d717 com.tal.genie.push broadcastIntent}}) : type=2 triggerAtTime=16687505 win=0 tElapsed=16687505 maxElapsed=16987505 interval=0 flags=0x9
12-17 16:16:47.535 V/AlarmManager(  658): isAlarmNeedAlign : operation is null
12-17 16:16:47.536 I/chatty  (  658): uid=1000(system) Binder:658_C identical 3 lines
12-17 16:16:47.537 V/AlarmManager(  658): isAlarmNeedAlign : operation is null
12-17 16:16:55.531 V/AlarmManager(  658): set(PendingIntent{cf50b6e: PendingIntentRecord{2e5920f com.tal.genie.push broadcastIntent}}) : type=2 triggerAtTime=16707507 win=0 tElapsed=16707507 maxElapsed=17007507 interval=0 flags=0x9
12-17 16:16:55.533 V/AlarmManager(  658): set(PendingIntent{4d9f29c: PendingIntentRecord{96004a5 com.tal.genie.push broadcastIntent}}) : type=2 triggerAtTime=16695519 win=0 tElapsed=16695519 maxElapsed=16995519 interval=0 flags=0x9
12-17 16:16:55.548 V/AlarmManager(  658): isAlarmNeedAlign : operation is null
12-17 16:16:55.548 I/chatty  (  658): uid=1000(system) Binder:658_3 identical 3 lines
12-17 16:16:55.548 V/AlarmManager(  658): isAlarmNeedAlign : operation is null
12-17 16:17:03.545 V/AlarmManager(  658): set(PendingIntent{c37f934: PendingIntentRecord{3fb235d com.tal.genie.push broadcastIntent}}) : type=2 triggerAtTime=16715519 win=0 tElapsed=16715519 maxElapsed=17015519 interval=0 flags=0x9
12-17 16:17:03.546 V/AlarmManager(  658): set(PendingIntent{f2be712: PendingIntentRecord{50ee3 android broadcastIntent}}) : type=3 triggerAtTime=16751987 win=0 tElapsed=16751987 maxElapsed=16751987 interval=0 flags=0x1
12-17 16:17:03.549 V/AlarmManager(  658): set(PendingIntent{3fd89a3: PendingIntentRecord{9f574a0 com.tal.genie.push broadcastIntent}}) : type=2 triggerAtTime=16703535 win=0 tElapsed=16703535 maxElapsed=17003535 interval=0 flags=0x9
12-17 16:17:03.565 V/AlarmManager(  658): isAlarmNeedAlign : operation is null
