12-21 11:06:22.348 W/WindowManager(  646): removeWindowToken: Attempted to remove non-existing token: android.os.Binder@95a290c
12-21 11:07:00.003 V/AlarmManager(  646): set(PendingIntent{c292ece: PendingIntentRecord{b1fe1ef android broadcastIntent}}) : type=3 triggerAtTime=900625 win=0 tElapsed=900625 maxElapsed=900625 interval=0 flags=0x1
12-21 11:07:01.168 V/AlarmManager(  646): set(null) : type=2 triggerAtTime=921793 win=60000 tElapsed=921793 maxElapsed=981793 interval=0 flags=0x8
12-21 11:07:01.186 V/AlarmManager(  646): set(null) : type=2 triggerAtTime=856810 win=11249 tElapsed=856810 maxElapsed=868059 interval=0 flags=0x8
12-21 11:07:11.979 W/ContextImpl( 1155): Calling a method in the system process without a qualified user: android.app.ContextImpl.startActivity:888 android.content.ContextWrapper.startActivity:379 com.tal.genie.lockscreen.receiver.LockScreenReceiver.lockScreen:117 com.tal.genie.lockscreen.receiver.LockScreenReceiver.onReceive:51 android.app.LoadedApk$ReceiverDispatcher$Args.lambda$getRunnable$0:1391 
12-21 11:07:11.980 W/ContextImpl( 1155): Calling a method in the system process without a qualified user: android.app.ContextImpl.startActivity:900 android.app.ContextImpl.startActivity:889 android.content.ContextWrapper.startActivity:379 com.tal.genie.lockscreen.receiver.LockScreenReceiver.lockScreen:117 com.tal.genie.lockscreen.receiver.LockScreenReceiver.onReceive:51 
12-21 11:07:11.982 I/ActivityManager(  646): START u0 {flg=0x10800000 cmp=com.tal.genie.launcher/com.tal.genie.lockscreen.activity.LockScreenActivity} from uid 1000
12-21 11:07:11.999 W/ContextImpl( 1155): Calling a method in the system process without a qualified user: android.app.ContextImpl.sendBroadcast:1006 android.content.ContextWrapper.sendBroadcast:444 com.tal.genie.lockscreen.utils.PushNotificationDialogManager.sendPushNotificationStatus:54 com.tal.genie.lockscreen.utils.PushNotificationDialogManager.sendPushNotificationShow:23 com.tal.genie.lockscreen.receiver.LockScreenReceiver.lockScreen:122 
12-21 11:07:12.021 V/WindowManager(  646): Set focused app to: AppWindowToken{c5965be token=Token{6703479 ActivityRecord{586d40 u0 com.tal.genie.launcher/com.tal.genie.lockscreen.activity.LockScreenActivity t101}}} old focus=AppWindowToken{68d408f token=Token{5cc63ee ActivityRecord{d48d69 u0 com.tal.genie.launcher/.ui.main.MainActivity t2}}} moveFocusNow=true
12-21 11:07:12.021 V/WindowManager(  646): Changing focus from Window{b8714b2 u0 com.tal.genie.launcher/com.tal.genie.launcher.ui.main.MainActivity} to null Callers=com.android.server.wm.WindowManagerService.setFocusedApp:2638 com.android.server.am.ActivityManagerService.setResumedActivityUncheckLocked:3631 com.android.server.am.ActivityStack.onActivityStateChanged:498 com.android.server.am.TaskRecord.onActivityStateChanged:1794 
12-21 11:07:12.021 D/WindowManager(  646): Input focus has changed to null
12-21 11:07:12.022 I/WindowManager(  646): Focus moving from Window{b8714b2 u0 com.tal.genie.launcher/com.tal.genie.launcher.ui.main.MainActivity} to null
12-21 11:07:12.063 W/ContextImpl( 1155): Calling a method in the system process without a qualified user: android.app.ContextImpl.startForegroundService:1538 android.content.ContextWrapper.startForegroundService:669 android.content.ContextWrapper.startForegroundService:669 com.tal.genie.lockscreen.activity.LockScreenActivity.initSevice:84 com.tal.genie.lockscreen.activity.LockScreenActivity.onCreate:77 
12-21 11:07:12.076 W/ContextImpl( 1155): Calling a method in the system process without a qualified user: android.app.ContextImpl.startService:1532 android.content.ContextWrapper.startService:664 android.content.ContextWrapper.startService:664 android.app.Activity.onEnterAnimationComplete:6662 android.app.Activity.dispatchEnterAnimationComplete:6673 
12-21 11:07:12.077 W/ContextImpl( 1155): Calling a method in the system process without a qualified user: android.app.ContextImpl.startService:1532 android.content.ContextWrapper.startService:664 android.content.ContextWrapper.startService:664 android.app.Activity.onEnterAnimationComplete:6662 android.app.Activity.dispatchEnterAnimationComplete:6673 
12-21 11:07:12.087 I/WindowManager(  646): Relayout Window{f8a0f7a u0 com.tal.genie.launcher/com.tal.genie.lockscreen.activity.LockScreenActivity}: oldVis=4 newVis=0 focusMayChange = true
12-21 11:07:12.090 V/WindowManager(  646): Changing focus from null to Window{f8a0f7a u0 com.tal.genie.launcher/com.tal.genie.lockscreen.activity.LockScreenActivity} Callers=com.android.server.wm.WindowManagerService.relayoutWindow:2142 com.android.server.wm.Session.relayout:244 android.view.IWindowSession$Stub.onTransact:309 com.android.server.wm.Session.onTransact:164 
12-21 11:07:12.090 D/WindowManager(  646): Input focus has changed to Window{f8a0f7a u0 com.tal.genie.launcher/com.tal.genie.lockscreen.activity.LockScreenActivity}
12-21 11:07:12.091 I/WindowManager(  646): Focus moving from null to Window{f8a0f7a u0 com.tal.genie.launcher/com.tal.genie.lockscreen.activity.LockScreenActivity}
12-21 11:07:18.825 E/storaged(  468): getDiskStats failed with result NOT_SUPPORTED and size 0
12-21 11:08:00.004 V/AlarmManager(  646): set(PendingIntent{c292ece: PendingIntentRecord{b1fe1ef android broadcastIntent}}) : type=3 triggerAtTime=960625 win=0 tElapsed=960625 maxElapsed=960625 interval=0 flags=0x1
12-21 11:08:18.826 E/storaged(  468): getDiskStats failed with result NOT_SUPPORTED and size 0
12-21 11:08:27.499 V/AlarmManager(  646): set(null) : type=2 triggerAtTime=1088122 win=120000 tElapsed=1088122 maxElapsed=1208122 interval=0 flags=0x8
12-21 11:08:27.502 V/AlarmManager(  646): set(null) : type=2 triggerAtTime=1228120 win=224997 tElapsed=1228120 maxElapsed=1453117 interval=0 flags=0x0
12-21 11:08:27.517 V/AlarmManager(  646): set(null) : type=2 triggerAtTime=943142 win=11250 tElapsed=943142 maxElapsed=954392 interval=0 flags=0x8
12-21 11:09:00.003 V/AlarmManager(  646): set(PendingIntent{c292ece: PendingIntentRecord{b1fe1ef android broadcastIntent}}) : type=3 triggerAtTime=1020625 win=0 tElapsed=1020625 maxElapsed=1020625 interval=0 flags=0x1
12-21 11:09:18.827 E/storaged(  468): getDiskStats failed with result NOT_SUPPORTED and size 0
12-21 11:10:00.003 V/AlarmManager(  646): set(PendingIntent{c292ece: PendingIntentRecord{b1fe1ef android broadcastIntent}}) : type=3 triggerAtTime=1080625 win=0 tElapsed=1080625 maxElapsed=1080625 interval=0 flags=0x1
12-21 11:10:18.827 E/storaged(  468): getDiskStats failed with result NOT_SUPPORTED and size 0
12-21 11:10:34.386 D/MtkConnectivityService(  646): NetworkAgentInfo [WIFI () - 100] validation failed
12-21 11:11:00.003 V/AlarmManager(  646): set(PendingIntent{c292ece: PendingIntentRecord{b1fe1ef android broadcastIntent}}) : type=3 triggerAtTime=1140625 win=0 tElapsed=1140625 maxElapsed=1140625 interval=0 flags=0x1
12-21 11:11:07.500 V/AlarmManager(  646): set(null) : type=2 triggerAtTime=1248125 win=120000 tElapsed=1248125 maxElapsed=1368125 interval=0 flags=0x8
12-21 11:11:07.519 V/AlarmManager(  646): set(null) : type=2 triggerAtTime=1103144 win=11250 tElapsed=1103144 maxElapsed=1114394 interval=0 flags=0x8
12-21 11:11:18.828 E/storaged(  468): getDiskStats failed with result NOT_SUPPORTED and size 0
12-21 11:12:00.003 V/AlarmManager(  646): set(PendingIntent{c292ece: PendingIntentRecord{b1fe1ef android broadcastIntent}}) : type=3 triggerAtTime=1200625 win=0 tElapsed=1200625 maxElapsed=1200625 interval=0 flags=0x1
12-21 11:12:18.829 E/storaged(  468): getDiskStats failed with result NOT_SUPPORTED and size 0
12-21 11:13:00.003 V/AlarmManager(  646): set(PendingIntent{c292ece: PendingIntentRecord{b1fe1ef android broadcastIntent}}) : type=3 triggerAtTime=1260625 win=0 tElapsed=1260625 maxElapsed=1260625 interval=0 flags=0x1
12-21 11:13:18.830 E/storaged(  468): getDiskStats failed with result NOT_SUPPORTED and size 0
12-21 11:13:19.255 I/UsageStatsService(  646): User[0] Flushing usage stats to disk
12-21 11:13:23.946 W/BroadcastQueue(  646): Background execution not allowed: receiving Intent { act=com.android.providers.media.ACTIVATE_MEDIAPROCESS flg=0x10 } to com.android.providers.media/.MtpReceiver
12-21 11:13:47.502 V/AlarmManager(  646): set(null) : type=2 triggerAtTime=1828118 win=434993 tElapsed=1828118 maxElapsed=2263111 interval=0 flags=0x0
12-21 11:13:47.504 V/AlarmManager(  646): set(null) : type=2 triggerAtTime=1408128 win=120000 tElapsed=1408128 maxElapsed=1528128 interval=0 flags=0x8
12-21 11:13:47.518 V/AlarmManager(  646): set(null) : type=2 triggerAtTime=1263143 win=11250 tElapsed=1263143 maxElapsed=1274393 interval=0 flags=0x8
12-21 11:14:00.004 V/AlarmManager(  646): set(PendingIntent{c292ece: PendingIntentRecord{b1fe1ef android broadcastIntent}}) : type=3 triggerAtTime=1320625 win=0 tElapsed=1320625 maxElapsed=1320625 interval=0 flags=0x1
12-21 11:14:18.831 E/storaged(  468): getDiskStats failed with result NOT_SUPPORTED and size 0
12-21 11:14:59.377 V/AlarmManager(  646): set(null) : type=3 triggerAtTime=1980000 win=0 tElapsed=1980000 maxElapsed=1980000 interval=0 flags=0x9
12-21 11:15:00.003 V/AlarmManager(  646): set(PendingIntent{c292ece: PendingIntentRecord{b1fe1ef android broadcastIntent}}) : type=3 triggerAtTime=1380624 win=0 tElapsed=1380624 maxElapsed=1380624 interval=0 flags=0x1
12-21 11:15:18.832 E/storaged(  468): getDiskStats failed with result NOT_SUPPORTED and size 0
12-21 11:16:00.002 V/AlarmManager(  646): set(PendingIntent{c292ece: PendingIntentRecord{b1fe1ef android broadcastIntent}}) : type=3 triggerAtTime=1440625 win=0 tElapsed=1440625 maxElapsed=1440625 interval=0 flags=0x1
12-21 11:16:18.832 E/storaged(  468): getDiskStats failed with result NOT_SUPPORTED and size 0
12-21 11:17:00.003 V/AlarmManager(  646): set(PendingIntent{c292ece: PendingIntentRecord{b1fe1ef android broadcastIntent}}) : type=3 triggerAtTime=1500625 win=0 tElapsed=1500625 maxElapsed=1500625 interval=0 flags=0x1
12-21 11:17:11.915 I/PowerManagerService(  646): Going to sleep due to screen timeout (uid 1000)...
12-21 11:17:11.915 W/UsageStatsService(  646): Event reported without a package name
12-21 11:17:11.916 I/PowerManagerService(  646): Sleeping (uid 1000)...
12-21 11:17:11.916 I/DisplayPowerController(  646): Blocking screen off
12-21 11:17:11.916 I/DisplayPowerController(  646): Unblocked screen off after 0 ms
12-21 11:17:11.923 W/KernelCpuProcReader(  646): File not exist: /proc/uid_cpupower/concurrent_active_time
12-21 11:17:11.924 W/KernelCpuProcReader(  646): File not exist: /proc/uid_cpupower/concurrent_policy_time
12-21 11:17:11.925 E/KernelCpuSpeedReader(  646): Failed to read cpu-freq: /sys/devices/system/cpu/cpu0/cpufreq/stats/time_in_state (No such file or directory)
12-21 11:17:11.938 D/WindowOrientationListener(  646): WindowOrientationListener disabled
12-21 11:17:11.941 I/DisplayManagerService(  646): Display device changed state: "内置屏幕", OFF
12-21 11:17:11.941 D/DisplayManagerService(  646): Delivering display event: displayId=0, event=2
12-21 11:17:11.946 V/AlarmManager(  646): set(PendingIntent{c81a68a: PendingIntentRecord{cae24fb com.android.systemui broadcastIntent}}) : type=2 triggerAtTime=1457547 win=0 tElapsed=1457571 maxElapsed=1457571 interval=0 flags=0x9
12-21 11:17:12.273 V/AlarmManager(  646): set(null) : type=2 triggerAtTime=5712898 win=300000 tElapsed=5712898 maxElapsed=6012898 interval=0 flags=0x8
12-21 11:17:18.833 E/storaged(  468): getDiskStats failed with result NOT_SUPPORTED and size 0
12-21 11:18:18.834 E/storaged(  468): getDiskStats failed with result NOT_SUPPORTED and size 0
12-21 11:19:18.835 E/storaged(  468): getDiskStats failed with result NOT_SUPPORTED and size 0
12-21 11:20:18.836 E/storaged(  468): getDiskStats failed with result NOT_SUPPORTED and size 0
12-21 11:20:35.158 D/MtkConnectivityService(  646): NetworkAgentInfo [WIFI () - 100] validation failed
12-21 11:21:00.002 V/AlarmManager(  646): set(PendingIntent{c292ece: PendingIntentRecord{b1fe1ef android broadcastIntent}}) : type=3 triggerAtTime=1740625 win=0 tElapsed=1740625 maxElapsed=1740625 interval=0 flags=0x1
12-21 11:21:18.836 E/storaged(  468): getDiskStats failed with result NOT_SUPPORTED and size 0
12-21 11:22:12.298 D/DuraSpeed(  646): System unhealthy type: HEALTH_TYPE_POWER
12-21 11:22:12.298 D/DuraSpeed(  646):   com.mediatek.camera, appType: 0x0003, adj: 902, launchCount: 0
12-21 11:22:12.298 D/DuraSpeed(  646):   com.android.providers.calendar, appType: 0x0003, adj: 900, launchCount: 0
12-21 11:22:12.298 D/DuraSpeed(  646):   com.android.providers.media, appType: 0x1003, adj: 904, launchCount: 0
12-21 11:22:12.298 D/DuraSpeed(  646):   com.mediatek.location.lppe.main, appType: 0x2003, adj: -900, launchCount: 0
12-21 11:22:12.298 D/DuraSpeed(  646):   com.tal.genie.rtc, appType: 0x1003, adj: 100, launchCount: 0
12-21 11:22:12.298 D/DuraSpeed(  646):   com.mediatek.engineermode, appType: 0x0003, adj: 902, launchCount: 0
12-21 11:22:12.298 D/DuraSpeed(  646):   com.tal.genie.push, appType: 0x3003, adj: -800, launchCount: 0
12-21 11:22:12.298 D/DuraSpeed(  646):   com.tal.genie.voice, appType: 0x3283, adj: -800, launchCount: 0
12-21 11:22:12.298 D/DuraSpeed(  646):   com.android.se, appType: 0x3003, adj: -800, launchCount: 0
12-21 11:22:12.298 D/DuraSpeed(  646):   com.tal.genie.launcher, appType: 0x1103, adj: 200, launchCount: 0
12-21 11:22:12.298 D/DuraSpeed(  646):   com.android.keychain, appType: 0x1003, adj: 900, launchCount: 0
12-21 11:22:12.298 D/DuraSpeed(  646):   com.android.gallery3d, appType: 0x0003, adj: 904, launchCount: 0
12-21 11:22:12.298 D/DuraSpeed(  646):   android.ext.services, appType: 0x0003, adj: 900, launchCount: 0
12-21 11:22:12.298 D/DuraSpeed(  646):   com.android.packageinstaller, appType: 0x0003, adj: 904, launchCount: 0
12-21 11:22:12.298 D/DuraSpeed(  646):   com.android.inputmethod.latin, appType: 0x0013, adj: 200, launchCount: 0
12-21 11:22:12.298 D/DuraSpeed(  646):   com.android.managedprovisioning, appType: 0x1003, adj: 904, launchCount: 0
12-21 11:22:12.298 D/DuraSpeed(  646):   com.mediatek.thermalmanager, appType: 0x0003, adj: 900, launchCount: 0
12-21 11:22:12.298 D/DuraSpeed(  646):   com.android.settings, appType: 0x0003, adj: 902, launchCount: 0
12-21 11:22:12.298 D/DuraSpeed(  646):   com.android.systemui, appType: 0x3003, adj: -800, launchCount: 0
12-21 11:22:12.298 D/DuraSpeed(  646):   com.android.traceur, appType: 0x0003, adj: 902, launchCount: 0
12-21 11:22:12.298 D/DuraSpeed(  646):   com.mediatek.mtklogger, appType: 0x1003, adj: 200, launchCount: 0
12-21 11:22:12.488 D/DuraSpeed(  646): Memory total released about: 80.4MB
12-21 11:22:12.488 D/DuraSpeed(  646):   Release com.android.settings, type: kill, PSS: 18.9MB
12-21 11:22:12.488 D/DuraSpeed(  646):   Release com.android.gallery3d, type: kill, PSS: 12.2MB
12-21 11:22:12.488 D/DuraSpeed(  646):   Release com.android.packageinstaller, type: kill, PSS: 9.9MB
12-21 11:22:12.488 D/DuraSpeed(  646):   Release com.mediatek.camera, type: kill, PSS: 8.4MB
12-21 11:22:12.488 D/DuraSpeed(  646):   Release com.android.traceur, type: kill, PSS: 7.4MB
12-21 11:22:12.488 D/DuraSpeed(  646):   Release com.mediatek.engineermode, type: kill, PSS: 7.1MB
12-21 11:22:12.488 D/DuraSpeed(  646):   Release com.android.providers.calendar, type: kill, PSS: 6.5MB
12-21 11:22:12.488 D/DuraSpeed(  646):   Release android.ext.services, type: kill, PSS: 5.0MB
12-21 11:22:12.488 D/DuraSpeed(  646):   Release com.mediatek.thermalmanager, type: kill, PSS: 4.6MB
12-21 11:22:12.529 I/ActivityManager(  646): Process com.android.packageinstaller (pid 1711) has died: cch+4CEM 
12-21 11:22:12.533 D/DisplayManagerService(  646): Display listener for pid 1711 died.
12-21 11:22:12.534 D/DisplayManagerService(  646): Display listener for pid 1617 died.
12-21 11:22:12.534 I/ActivityManager(  646): Process com.android.gallery3d (pid 1617) has died: cch+6CEM 
12-21 11:22:12.538 D/DisplayManagerService(  646): Display listener for pid 1893 died.
12-21 11:22:12.538 I/ActivityManager(  646): Process android.ext.services (pid 1893) has died: cch  CEM 
12-21 11:22:12.545 D/DisplayManagerService(  646): Display listener for pid 1831 died.
12-21 11:22:12.545 I/ActivityManager(  646): Process com.mediatek.engineermode (pid 1831) has died: cch+2CEM 
12-21 11:22:12.546 D/DisplayManagerService(  646): Display listener for pid 1456 died.
12-21 11:22:12.549 I/ActivityManager(  646): Process com.android.providers.calendar (pid 1456) has died: cch  CEM 
12-21 11:22:12.553 D/DisplayManagerService(  646): Display listener for pid 1799 died.
12-21 11:22:12.553 D/DisplayManagerService(  646): Display listener for pid 1852 died.
12-21 11:22:12.553 I/ActivityManager(  646): Process com.mediatek.camera (pid 1799) has died: cch+2CEM 
12-21 11:22:12.555 D/DisplayManagerService(  646): Display listener for pid 1781 died.
12-21 11:22:12.556 I/ActivityManager(  646): Process com.mediatek.thermalmanager (pid 1852) has died: cch  CEM 
12-21 11:22:12.561 I/ActivityManager(  646): Process com.android.traceur (pid 1781) has died: cch+2CEM 
12-21 11:22:12.573 D/DisplayManagerService(  646): Display listener for pid 937 died.
12-21 11:22:12.574 I/ActivityManager(  646): Process com.android.settings (pid 937) has died: cch+2CEM 
12-21 11:22:12.578 W/ActivityManager(  646): setHasOverlayUi called on unknown pid: 937
12-21 11:22:18.837 E/storaged(  468): getDiskStats failed with result NOT_SUPPORTED and size 0
12-21 11:22:59.401 E/BatteryExternalStatsWorker(  646): no controller energy info supplied for wifi
12-21 11:22:59.401 E/BatteryExternalStatsWorker(  646): no controller energy info supplied for bluetooth
12-21 11:22:59.401 E/BatteryExternalStatsWorker(  646): no controller energy info supplied for telephony
12-21 11:22:59.404 W/KernelCpuProcReader(  646): File not exist: /proc/uid_cpupower/concurrent_active_time
12-21 11:22:59.405 W/KernelCpuProcReader(  646): File not exist: /proc/uid_cpupower/concurrent_policy_time
12-21 11:22:59.406 E/KernelCpuSpeedReader(  646): Failed to read cpu-freq: /sys/devices/system/cpu/cpu0/cpufreq/stats/time_in_state (No such file or directory)
12-21 11:23:18.837 E/storaged(  468): getDiskStats failed with result NOT_SUPPORTED and size 0
12-21 11:23:27.495 V/AlarmManager(  646): isAlarmNeedAlign : operation is null
12-21 11:23:27.497 V/AlarmManager(  646): set(null) : type=2 triggerAtTime=14752907 win=9693591 tElapsed=14752907 maxElapsed=24446498 interval=0 flags=0x0
12-21 11:23:27.505 I/NetworkStatsRecorder(  646): recordSnapshotLocked: ident[[{type=WIFI, subType=COMBINED, networkId="TAL-Device", metered=false, defaultNetwork=true}]]
12-21 11:23:27.506 W/NetworkStatsRecorder(  646): unknown interfaces [lo], ignoring those stats
12-21 11:23:27.506 I/NetworkStatsRecorder(  646): recordSnapshotLocked: ident[[{type=WIFI, subType=COMBINED, networkId="TAL-Device", metered=false, defaultNetwork=true}]]
12-21 11:23:27.506 W/NetworkStatsRecorder(  646): unknown interfaces [lo], ignoring those stats
12-21 11:23:27.506 I/NetworkStatsRecorder(  646): recordSnapshotLocked: ident[[{type=WIFI, subType=COMBINED, networkId="TAL-Device", metered=false, defaultNetwork=true}]]
12-21 11:23:27.506 I/chatty  (  646): uid=1000(system) NetworkStats identical 2 lines
12-21 11:23:27.506 I/NetworkStatsRecorder(  646): recordSnapshotLocked: ident[[{type=WIFI, subType=COMBINED, networkId="TAL-Device", metered=false, defaultNetwork=true}]]
12-21 11:23:27.506 W/NetworkStatsRecorder(  646): unknown interfaces [lo], ignoring those stats
12-21 11:23:27.507 I/NetworkStatsRecorder(  646): recordSnapshotLocked: ident[[{type=WIFI, subType=COMBINED, networkId="TAL-Device", metered=false, defaultNetwork=true}]]
12-21 11:23:27.507 I/chatty  (  646): uid=1000(system) NetworkStats identical 1 line
12-21 11:23:27.507 I/NetworkStatsRecorder(  646): recordSnapshotLocked: ident[[{type=WIFI, subType=COMBINED, networkId="TAL-Device", metered=false, defaultNetwork=true}]]
12-21 11:23:27.507 W/NetworkStatsRecorder(  646): unknown interfaces [lo], ignoring those stats
12-21 11:23:27.508 V/AlarmManager(  646): set(PendingIntent{c292ece: PendingIntentRecord{b1fe1ef android broadcastIntent}}) : type=3 triggerAtTime=1860625 win=0 tElapsed=1860625 maxElapsed=1860625 interval=0 flags=0x1
12-21 11:23:27.514 V/AlarmManager(  646): isAlarmNeedAlign : operation is null
12-21 11:23:27.515 V/AlarmManager(  646): set(null) : type=2 triggerAtTime=43220907 win=31044576 tElapsed=43220907 maxElapsed=74265483 interval=0 flags=0x0
12-21 11:23:27.531 V/AlarmManager(  646): isAlarmNeedAlign : operation is null
12-21 11:23:27.531 V/AlarmManager(  646): set(null) : type=2 triggerAtTime=2428155 win=449999 tElapsed=2428155 maxElapsed=2878154 interval=0 flags=0x0
12-21 11:23:27.532 V/AlarmManager(  646): isAlarmNeedAlign : operation is null
12-21 11:23:27.533 I/chatty  (  646): uid=1000(system) Binder:646_6 identical 4 lines
12-21 11:23:27.534 V/AlarmManager(  646): isAlarmNeedAlign : operation is null
12-21 11:23:27.534 V/AlarmManager(  646): set(null) : type=2 triggerAtTime=2728155 win=674997 tElapsed=2728155 maxElapsed=3403152 interval=0 flags=0x0
12-21 11:23:27.535 V/AlarmManager(  646): isAlarmNeedAlign : operation is null
12-21 11:23:27.536 I/chatty  (  646): uid=1000(system) Binder:646_6 identical 3 lines
12-21 11:23:27.537 V/AlarmManager(  646): isAlarmNeedAlign : operation is null
12-21 11:24:18.838 E/storaged(  468): getDiskStats failed with result NOT_SUPPORTED and size 0
12-21 11:25:18.839 E/storaged(  468): getDiskStats failed with result NOT_SUPPORTED and size 0
12-21 11:26:18.840 E/storaged(  468): getDiskStats failed with result NOT_SUPPORTED and size 0
12-21 11:27:18.840 E/storaged(  468): getDiskStats failed with result NOT_SUPPORTED and size 0
12-21 11:28:18.841 E/storaged(  468): getDiskStats failed with result NOT_SUPPORTED and size 0
12-21 11:29:18.842 E/storaged(  468): getDiskStats failed with result NOT_SUPPORTED and size 0
12-21 11:30:08.561 I/UsbPortManager(  646): ClientCallback: dual-role-usb20
12-21 11:30:08.561 I/UsbPortManager(  646): USB port changed: port=UsbPort{id=dual-role-usb20, supportedModes=dual}, status=UsbPortStatus{connected=true, currentMode=ufp, currentPowerRole=sink, currentDataRole=device, supportedRoleCombinations=[sink:device]}, canChangeMode=false, canChangePowerRole=false, canChangeDataRole=false
12-21 11:30:08.670 D/UsbDeviceManager(  646): push notification:正在通过 USB 为此设备充电
12-21 11:30:18.842 E/storaged(  468): getDiskStats failed with result NOT_SUPPORTED and size 0
12-21 11:30:35.614 D/MtkConnectivityService(  646): NetworkAgentInfo [WIFI () - 100] validation failed
12-21 11:31:18.843 E/storaged(  468): getDiskStats failed with result NOT_SUPPORTED and size 0
12-21 11:31:29.868 D/WindowManager(  646): Receive Input KeyEvent of Powerkey down, interactive=false
12-21 11:31:29.871 I/PowerManagerService(  646): Waking up from sleep (uid=1000 reason=android.policy:POWER)...
12-21 11:31:29.871 W/UsageStatsService(  646): Event reported without a package name
12-21 11:31:29.872 I/DisplayPowerController(  646): Blocking screen on until initial contents have been drawn.
12-21 11:31:29.874 V/WindowManager(  646): Set focused app to: AppWindowToken{c5965be token=Token{6703479 ActivityRecord{586d40 u0 com.tal.genie.launcher/com.tal.genie.lockscreen.activity.LockScreenActivity t101}}} old focus=AppWindowToken{c5965be token=Token{6703479 ActivityRecord{586d40 u0 com.tal.genie.launcher/com.tal.genie.lockscreen.activity.LockScreenActivity t101}}} moveFocusNow=true
12-21 11:31:29.875 E/KernelCpuSpeedReader(  646): Failed to read cpu-freq: /sys/devices/system/cpu/cpu0/cpufreq/stats/time_in_state (No such file or directory)
12-21 11:31:29.892 D/DisplayManagerService(  646): Delivering display event: displayId=0, event=2
12-21 11:31:29.897 I/WindowManager(  646): Waiting for drawn Window{f8a0f7a u0 com.tal.genie.launcher/com.tal.genie.lockscreen.activity.LockScreenActivity}: removed=false visible=true mHasSurface=true drawState=1
12-21 11:31:29.897 W/BroadcastQueue(  646): Background execution not allowed: receiving Intent { act=android.intent.action.USER_PRESENT flg=0x24200010 } to com.tal.genie.launcher/com.tal.genie.lockscreen.receiver.LockScreenReceiver
12-21 11:31:29.899 I/WindowManager(  646): Waiting for drawn Window{f8a0f7a u0 com.tal.genie.launcher/com.tal.genie.lockscreen.activity.LockScreenActivity}: removed=false visible=true mHasSurface=true drawState=1
12-21 11:31:29.901 I/DisplayManagerService(  646): Display device changed state: "内置屏幕", ON
12-21 11:31:29.901 D/DisplayManagerService(  646): Delivering display event: displayId=0, event=2
12-21 11:31:29.908 I/WindowManager(  646): Waiting for drawn Window{f8a0f7a u0 com.tal.genie.launcher/com.tal.genie.lockscreen.activity.LockScreenActivity}: removed=false visible=true mHasSurface=true drawState=1
12-21 11:31:29.910 V/AlarmManager(  646): set(null) : type=3 triggerAtTime=2640000 win=0 tElapsed=2640000 maxElapsed=2640000 interval=0 flags=0x9
12-21 11:31:29.913 W/ContextImpl( 1155): Calling a method in the system process without a qualified user: android.app.ContextImpl.sendBroadcast:1006 android.content.ContextWrapper.sendBroadcast:444 com.tal.genie.lockscreen.receiver.LockScreenReceiver.sendUnlockScreenOnBroadcast:155 com.tal.genie.lockscreen.receiver.LockScreenReceiver.onReceive:47 android.app.LoadedApk$ReceiverDispatcher$Args.lambda$getRunnable$0:1391 
12-21 11:31:29.914 I/WindowManager(  646): Waiting for drawn Window{f8a0f7a u0 com.tal.genie.launcher/com.tal.genie.lockscreen.activity.LockScreenActivity}: removed=false visible=true mHasSurface=true drawState=1
12-21 11:31:29.917 V/AlarmManager(  646): set(null) : type=2 triggerAtTime=2330542 win=15000 tElapsed=2330542 maxElapsed=2345542 interval=0 flags=0x8
12-21 11:31:29.942 I/WindowManager(  646): Waiting for drawn Window{f8a0f7a u0 com.tal.genie.launcher/com.tal.genie.lockscreen.activity.LockScreenActivity}: removed=false visible=true mHasSurface=true drawState=1
12-21 11:31:29.945 V/AlarmManager(  646): set(PendingIntent{c292ece: PendingIntentRecord{b1fe1ef android broadcastIntent}}) : type=3 triggerAtTime=2340625 win=0 tElapsed=2340625 maxElapsed=2340625 interval=0 flags=0x1
12-21 11:31:29.947 V/AlarmManager(  646): set(null) : type=2 triggerAtTime=2325571 win=11249 tElapsed=2325571 maxElapsed=2336820 interval=0 flags=0x8
12-21 11:31:29.953 I/WindowManager(  646): Waiting for drawn Window{f8a0f7a u0 com.tal.genie.launcher/com.tal.genie.lockscreen.activity.LockScreenActivity}: removed=false visible=true mHasSurface=true drawState=4
12-21 11:31:29.953 D/WindowManager(  646): Window drawn win=Window{f8a0f7a u0 com.tal.genie.launcher/com.tal.genie.lockscreen.activity.LockScreenActivity}
12-21 11:31:29.953 D/WindowManager(  646): All windows drawn!
12-21 11:31:29.954 D/WindowOrientationListener(  646): WindowOrientationListener enabled clearCurrentRotation=true
12-21 11:31:29.958 W/ContextImpl( 1155): Calling a method in the system process without a qualified user: android.app.ContextImpl.sendBroadcast:1006 android.content.ContextWrapper.sendBroadcast:444 com.tal.genie.lockscreen.utils.PushNotificationDialogManager.sendPushNotificationStatus:54 com.tal.genie.lockscreen.utils.PushNotificationDialogManager.sendPushNotificationShow:23 com.tal.genie.lockscreen.activity.LockScreenActivity.onFinish:187 
12-21 11:31:29.961 I/DisplayPowerController(  646): Unblocked screen on after 89 ms
12-21 11:31:30.072 D/WindowManager(  646): Receive Input KeyEvent of Powerkey up, interactive=true, canceled=false
12-21 11:31:30.176 V/WindowManager(  646): Set focused app to: AppWindowToken{68d408f token=Token{5cc63ee ActivityRecord{d48d69 u0 com.tal.genie.launcher/.ui.main.MainActivity t2}}} old focus=AppWindowToken{c5965be token=Token{6703479 ActivityRecord{586d40 u0 com.tal.genie.launcher/com.tal.genie.lockscreen.activity.LockScreenActivity t101}}} moveFocusNow=true
12-21 11:31:30.177 V/WindowManager(  646): Changing focus from Window{f8a0f7a u0 com.tal.genie.launcher/com.tal.genie.lockscreen.activity.LockScreenActivity} to null Callers=com.android.server.wm.WindowManagerService.setFocusedApp:2638 com.android.server.am.ActivityManagerService.setResumedActivityUncheckLocked:3631 com.android.server.am.ActivityStack.onActivityStateChanged:498 com.android.server.am.TaskRecord.onActivityStateChanged:1794 
12-21 11:31:30.177 D/WindowManager(  646): Input focus has changed to null
12-21 11:31:30.179 I/WindowManager(  646): Focus moving from Window{f8a0f7a u0 com.tal.genie.launcher/com.tal.genie.lockscreen.activity.LockScreenActivity} to null
12-21 11:31:30.180 D/DisplayManagerService(  646): Delivering display event: displayId=0, event=2
12-21 11:31:30.241 W/PowerManagerService(  646): Screen on took 373 ms
12-21 11:31:30.259 I/WindowManager(  646): Relayout Window{b8714b2 u0 com.tal.genie.launcher/com.tal.genie.launcher.ui.main.MainActivity}: oldVis=8 newVis=0 focusMayChange = true
12-21 11:31:30.265 V/WindowManager(  646): Changing focus from null to Window{b8714b2 u0 com.tal.genie.launcher/com.tal.genie.launcher.ui.main.MainActivity} Callers=com.android.server.wm.WindowManagerService.relayoutWindow:2142 com.android.server.wm.Session.relayout:244 android.view.IWindowSession$Stub.onTransact:309 com.android.server.wm.Session.onTransact:164 
12-21 11:31:30.265 D/WindowManager(  646): Input focus has changed to Window{b8714b2 u0 com.tal.genie.launcher/com.tal.genie.launcher.ui.main.MainActivity}
12-21 11:31:30.268 I/WindowManager(  646): Focus moving from null to Window{b8714b2 u0 com.tal.genie.launcher/com.tal.genie.launcher.ui.main.MainActivity}
12-21 11:31:30.371 W/ContextImpl( 1155): Calling a method in the system process without a qualified user: android.app.ContextImpl.startService:1532 android.content.ContextWrapper.startService:664 android.content.ContextWrapper.startService:664 android.app.Activity.onEnterAnimationComplete:6662 android.app.Activity.dispatchEnterAnimationComplete:6673 
12-21 11:31:30.375 W/ContextImpl( 1155): Calling a method in the system process without a qualified user: android.app.ContextImpl.startService:1532 android.content.ContextWrapper.startService:664 android.content.ContextWrapper.startService:664 android.app.Activity.onEnterAnimationComplete:6662 android.app.Activity.dispatchEnterAnimationComplete:6673 
12-21 11:31:31.439 W/ContextImpl( 1155): Calling a method in the system process without a qualified user: android.app.ContextImpl.sendBroadcast:1006 android.content.ContextWrapper.sendBroadcast:444 android.content.ContextWrapper.sendBroadcast:444 android.view.View.dispatchTouchEvent:12526 android.view.ViewGroup.dispatchTransformedTouchEvent:3077 
12-21 11:31:49.926 V/AlarmManager(  646): set(null) : type=2 triggerAtTime=2370545 win=30000 tElapsed=2370545 maxElapsed=2400545 interval=0 flags=0x8
12-21 11:31:49.939 V/AlarmManager(  646): set(null) : type=2 triggerAtTime=2345563 win=11249 tElapsed=2345563 maxElapsed=2356812 interval=0 flags=0x8
12-21 11:31:56.952 W/ContextImpl( 1155): Calling a method in the system process without a qualified user: android.app.ContextImpl.startActivity:900 android.content.ContextWrapper.startActivity:401 com.tal.genie.launcher.ui.voice.view.VoiceCallBackImplNew.toVoiceActivity:55 com.tal.genie.launcher.ui.voice.view.VoiceCallBackImplNew.toVoiceView:44 com.tal.genie.launcher.ui.voice.view.VoiceCallBackImplNew.start:38 
12-21 11:31:56.953 I/ActivityManager(  646): START u0 {flg=0x10000000 cmp=com.tal.genie.launcher/.ui.voice.VoiceNewActivity} from uid 1000
12-21 11:31:56.974 V/WindowManager(  646): Set focused app to: AppWindowToken{f05ed4a token=Token{11b32b5 ActivityRecord{e8bceec u0 com.tal.genie.launcher/.ui.voice.VoiceNewActivity t102}}} old focus=AppWindowToken{68d408f token=Token{5cc63ee ActivityRecord{d48d69 u0 com.tal.genie.launcher/.ui.main.MainActivity t2}}} moveFocusNow=true
12-21 11:31:56.974 V/WindowManager(  646): findFocusedWindow: Reached focused app=AppWindowToken{f05ed4a token=Token{11b32b5 ActivityRecord{e8bceec u0 com.tal.genie.launcher/.ui.voice.VoiceNewActivity t102}}}
12-21 11:31:56.975 V/WindowManager(  646): Changing focus from Window{b8714b2 u0 com.tal.genie.launcher/com.tal.genie.launcher.ui.main.MainActivity} to null Callers=com.android.server.wm.WindowManagerService.setFocusedApp:2638 com.android.server.am.ActivityManagerService.setResumedActivityUncheckLocked:3631 com.android.server.am.ActivityStack.onActivityStateChanged:498 com.android.server.am.TaskRecord.onActivityStateChanged:1794 
12-21 11:31:56.975 D/WindowManager(  646): Input focus has changed to null
12-21 11:31:56.976 I/WindowManager(  646): Focus moving from Window{b8714b2 u0 com.tal.genie.launcher/com.tal.genie.launcher.ui.main.MainActivity} to null
12-21 11:31:56.976 W/ActivityManager(  646): Request to remove task ignored for non-existent task 101
12-21 11:31:57.095 I/WindowManager(  646): Relayout Window{bd31033 u0 com.tal.genie.launcher/com.tal.genie.launcher.ui.voice.VoiceNewActivity}: oldVis=4 newVis=0 focusMayChange = true
12-21 11:31:57.100 V/WindowManager(  646): Changing focus from null to Window{bd31033 u0 com.tal.genie.launcher/com.tal.genie.launcher.ui.voice.VoiceNewActivity} Callers=com.android.server.wm.WindowManagerService.relayoutWindow:2142 com.android.server.wm.Session.relayout:244 android.view.IWindowSession$Stub.onTransact:309 com.android.server.wm.Session.onTransact:164 
12-21 11:31:57.100 D/WindowManager(  646): Input focus has changed to Window{bd31033 u0 com.tal.genie.launcher/com.tal.genie.launcher.ui.voice.VoiceNewActivity}
12-21 11:31:57.100 I/WindowManager(  646): Focus moving from null to Window{bd31033 u0 com.tal.genie.launcher/com.tal.genie.launcher.ui.voice.VoiceNewActivity}
12-21 11:31:57.136 W/ContextImpl( 1155): Calling a method in the system process without a qualified user: android.app.ContextImpl.startService:1532 android.content.ContextWrapper.startService:664 android.content.ContextWrapper.startService:664 android.app.Activity.onEnterAnimationComplete:6662 android.app.Activity.dispatchEnterAnimationComplete:6673 
12-21 11:31:57.139 W/ContextImpl( 1155): Calling a method in the system process without a qualified user: android.app.ContextImpl.startService:1532 android.content.ContextWrapper.startService:664 android.content.ContextWrapper.startService:664 android.app.Activity.onEnterAnimationComplete:6662 android.app.Activity.dispatchEnterAnimationComplete:6673 
12-21 11:32:00.004 V/AlarmManager(  646): set(PendingIntent{c292ece: PendingIntentRecord{b1fe1ef android broadcastIntent}}) : type=3 triggerAtTime=2400625 win=0 tElapsed=2400625 maxElapsed=2400625 interval=0 flags=0x1
12-21 11:32:01.746 W/ContextImpl( 1155): Calling a method in the system process without a qualified user: android.app.ContextImpl.startActivity:900 android.content.ContextWrapper.startActivity:401 com.tal.genie.launcher.ui.voice.view.VoiceCallBackImplNew.toVoiceActivity:55 com.tal.genie.launcher.ui.voice.view.VoiceCallBackImplNew.toVoiceView:44 com.tal.genie.launcher.ui.voice.view.VoiceCallBackImplNew.start:38 
12-21 11:32:01.746 I/ActivityManager(  646): START u0 {flg=0x10000000 cmp=com.tal.genie.launcher/.ui.voice.VoiceNewActivity} from uid 1000
12-21 11:32:05.238 W/ContextImpl( 1155): Calling a method in the system process without a qualified user: android.app.ContextImpl.sendBroadcast:1006 android.content.ContextWrapper.sendBroadcast:444 android.content.ContextWrapper.sendBroadcast:444 android.view.View.dispatchTouchEvent:12526 android.view.ViewGroup.dispatchTransformedTouchEvent:3083 
12-21 11:32:05.306 V/SettingsProvider(  646): packageValueForCallResult, name = sound_effects_enabled, value : Bundle[{_track_generation=android.util.MemoryIntArray@68, value=1, _generation_index=2, _generation=1}]
12-21 11:32:05.315 V/WindowManager(  646): Changing focus from Window{bd31033 u0 com.tal.genie.launcher/com.tal.genie.launcher.ui.voice.VoiceNewActivity} to Window{b8714b2 u0 com.tal.genie.launcher/com.tal.genie.launcher.ui.main.MainActivity} Callers=com.android.server.wm.DisplayContent.layoutAndAssignWindowLayersIfNeeded:2447 com.android.server.wm.DisplayContent.positionStackAt:1911 com.android.server.wm.DisplayWindowController.positionChildAt:93 com.android.server.am.ActivityDisplay.positionChildAt:169 
12-21 11:32:05.315 D/WindowManager(  646): Input focus has changed to Window{b8714b2 u0 com.tal.genie.launcher/com.tal.genie.launcher.ui.main.MainActivity}
12-21 11:32:05.323 I/WindowManager(  646): Focus moving from Window{bd31033 u0 com.tal.genie.launcher/com.tal.genie.launcher.ui.voice.VoiceNewActivity} to Window{b8714b2 u0 com.tal.genie.launcher/com.tal.genie.launcher.ui.main.MainActivity}
12-21 11:32:05.336 V/WindowManager(  646): Set focused app to: AppWindowToken{68d408f token=Token{5cc63ee ActivityRecord{d48d69 u0 com.tal.genie.launcher/.ui.main.MainActivity t2}}} old focus=AppWindowToken{f05ed4a token=Token{11b32b5 ActivityRecord{e8bceec u0 com.tal.genie.launcher/.ui.voice.VoiceNewActivity t102}}} moveFocusNow=true
12-21 11:32:05.390 W/ContextImpl( 1155): Calling a method in the system process without a qualified user: android.app.ContextImpl.startService:1532 android.content.ContextWrapper.startService:664 android.content.ContextWrapper.startService:664 android.app.Activity.onEnterAnimationComplete:6662 android.app.Activity.dispatchEnterAnimationComplete:6673 
12-21 11:32:12.459 W/ContextImpl( 1155): Calling a method in the system process without a qualified user: android.app.ContextImpl.startActivity:900 android.content.ContextWrapper.startActivity:401 com.tal.genie.launcher.ui.voice.view.VoiceCallBackImplNew.toVoiceActivity:55 com.tal.genie.launcher.ui.voice.view.VoiceCallBackImplNew.toVoiceView:44 com.tal.genie.launcher.ui.voice.view.VoiceCallBackImplNew.start:38 
12-21 11:32:12.460 I/ActivityManager(  646): START u0 {flg=0x10000000 cmp=com.tal.genie.launcher/.ui.voice.VoiceNewActivity} from uid 1000
12-21 11:32:12.474 V/WindowManager(  646): Set focused app to: AppWindowToken{2b8d576 token=Token{19d3011 ActivityRecord{4e43838 u0 com.tal.genie.launcher/.ui.voice.VoiceNewActivity t103}}} old focus=AppWindowToken{68d408f token=Token{5cc63ee ActivityRecord{d48d69 u0 com.tal.genie.launcher/.ui.main.MainActivity t2}}} moveFocusNow=true
12-21 11:32:12.474 V/WindowManager(  646): findFocusedWindow: Reached focused app=AppWindowToken{2b8d576 token=Token{19d3011 ActivityRecord{4e43838 u0 com.tal.genie.launcher/.ui.voice.VoiceNewActivity t103}}}
12-21 11:32:12.475 V/WindowManager(  646): Changing focus from Window{b8714b2 u0 com.tal.genie.launcher/com.tal.genie.launcher.ui.main.MainActivity} to null Callers=com.android.server.wm.WindowManagerService.setFocusedApp:2638 com.android.server.am.ActivityManagerService.setResumedActivityUncheckLocked:3631 com.android.server.am.ActivityStack.onActivityStateChanged:498 com.android.server.am.TaskRecord.onActivityStateChanged:1794 
12-21 11:32:12.475 D/WindowManager(  646): Input focus has changed to null
12-21 11:32:12.480 I/WindowManager(  646): Focus moving from Window{b8714b2 u0 com.tal.genie.launcher/com.tal.genie.launcher.ui.main.MainActivity} to null
12-21 11:32:12.586 I/WindowManager(  646): Relayout Window{67b6e6f u0 com.tal.genie.launcher/com.tal.genie.launcher.ui.voice.VoiceNewActivity}: oldVis=4 newVis=0 focusMayChange = true
12-21 11:32:12.590 V/WindowManager(  646): Changing focus from null to Window{67b6e6f u0 com.tal.genie.launcher/com.tal.genie.launcher.ui.voice.VoiceNewActivity} Callers=com.android.server.wm.WindowManagerService.relayoutWindow:2142 com.android.server.wm.Session.relayout:244 android.view.IWindowSession$Stub.onTransact:309 com.android.server.wm.Session.onTransact:164 
12-21 11:32:12.591 D/WindowManager(  646): Input focus has changed to Window{67b6e6f u0 com.tal.genie.launcher/com.tal.genie.launcher.ui.voice.VoiceNewActivity}
12-21 11:32:12.591 I/WindowManager(  646): Focus moving from null to Window{67b6e6f u0 com.tal.genie.launcher/com.tal.genie.launcher.ui.voice.VoiceNewActivity}
12-21 11:32:12.653 W/ContextImpl( 1155): Calling a method in the system process without a qualified user: android.app.ContextImpl.startService:1532 android.content.ContextWrapper.startService:664 android.content.ContextWrapper.startService:664 android.app.Activity.onEnterAnimationComplete:6662 android.app.Activity.dispatchEnterAnimationComplete:6673 
12-21 11:32:12.656 W/ContextImpl( 1155): Calling a method in the system process without a qualified user: android.app.ContextImpl.startService:1532 android.content.ContextWrapper.startService:664 android.content.ContextWrapper.startService:664 android.app.Activity.onEnterAnimationComplete:6662 android.app.Activity.dispatchEnterAnimationComplete:6673 
12-21 11:32:16.092 V/WindowManager(  646): Changing focus from Window{67b6e6f u0 com.tal.genie.launcher/com.tal.genie.launcher.ui.voice.VoiceNewActivity} to Window{b8714b2 u0 com.tal.genie.launcher/com.tal.genie.launcher.ui.main.MainActivity} Callers=com.android.server.wm.DisplayContent.layoutAndAssignWindowLayersIfNeeded:2447 com.android.server.wm.DisplayContent.positionStackAt:1911 com.android.server.wm.DisplayWindowController.positionChildAt:93 com.android.server.am.ActivityDisplay.positionChildAt:169 
12-21 11:32:16.093 D/WindowManager(  646): Input focus has changed to Window{b8714b2 u0 com.tal.genie.launcher/com.tal.genie.launcher.ui.main.MainActivity}
12-21 11:32:16.099 I/WindowManager(  646): Focus moving from Window{67b6e6f u0 com.tal.genie.launcher/com.tal.genie.launcher.ui.voice.VoiceNewActivity} to Window{b8714b2 u0 com.tal.genie.launcher/com.tal.genie.launcher.ui.main.MainActivity}
12-21 11:32:16.106 V/WindowManager(  646): Set focused app to: AppWindowToken{68d408f token=Token{5cc63ee ActivityRecord{d48d69 u0 com.tal.genie.launcher/.ui.main.MainActivity t2}}} old focus=AppWindowToken{2b8d576 token=Token{19d3011 ActivityRecord{4e43838 u0 com.tal.genie.launcher/.ui.voice.VoiceNewActivity t103}}} moveFocusNow=true
12-21 11:32:16.173 W/ContextImpl( 1155): Calling a method in the system process without a qualified user: android.app.ContextImpl.startService:1532 android.content.ContextWrapper.startService:664 android.content.ContextWrapper.startService:664 android.app.Activity.onEnterAnimationComplete:6662 android.app.Activity.dispatchEnterAnimationComplete:6673 
12-21 11:32:18.138 W/NotificationService(  646): Toast already killed. pkg=com.tal.genie.voice callback=android.app.ITransientNotification$Stub$Proxy@1a03298
12-21 11:32:18.844 E/storaged(  468): getDiskStats failed with result NOT_SUPPORTED and size 0
12-21 11:32:19.643 W/WindowManager(  646): Unable to start animation, surface is null or no children.
12-21 11:32:29.145 W/WindowManager(  646): removeWindowToken: Attempted to remove non-existing token: android.os.Binder@f0cbc67
12-21 11:32:29.923 V/AlarmManager(  646): set(null) : type=2 triggerAtTime=2450548 win=60000 tElapsed=2450548 maxElapsed=2510548 interval=0 flags=0x8
12-21 11:32:29.942 V/AlarmManager(  646): set(null) : type=2 triggerAtTime=2385567 win=11250 tElapsed=2385567 maxElapsed=2396817 interval=0 flags=0x8
12-21 11:32:41.228 W/ContextImpl( 1155): Calling a method in the system process without a qualified user: android.app.ContextImpl.sendBroadcast:1006 android.content.ContextWrapper.sendBroadcast:444 android.content.ContextWrapper.sendBroadcast:444 android.view.View.dispatchTouchEvent:12526 android.view.ViewGroup.dispatchTransformedTouchEvent:3083 
12-21 11:33:00.004 V/AlarmManager(  646): set(PendingIntent{c292ece: PendingIntentRecord{b1fe1ef android broadcastIntent}}) : type=3 triggerAtTime=2460625 win=0 tElapsed=2460625 maxElapsed=2460625 interval=0 flags=0x1
12-21 11:33:14.202 W/ContextImpl( 1155): Calling a method in the system process without a qualified user: android.app.ContextImpl.startActivity:900 android.content.ContextWrapper.startActivity:401 com.tal.genie.launcher.ui.voice.view.VoiceCallBackImplNew.toVoiceActivity:55 com.tal.genie.launcher.ui.voice.view.VoiceCallBackImplNew.toVoiceView:44 com.tal.genie.launcher.ui.voice.view.VoiceCallBackImplNew.start:38 
12-21 11:33:14.203 I/ActivityManager(  646): START u0 {flg=0x10000000 cmp=com.tal.genie.launcher/.ui.voice.VoiceNewActivity} from uid 1000
12-21 11:33:14.218 V/WindowManager(  646): Set focused app to: AppWindowToken{8daf39d token=Token{aefe274 ActivityRecord{fd07a47 u0 com.tal.genie.launcher/.ui.voice.VoiceNewActivity t104}}} old focus=AppWindowToken{68d408f token=Token{5cc63ee ActivityRecord{d48d69 u0 com.tal.genie.launcher/.ui.main.MainActivity t2}}} moveFocusNow=true
12-21 11:33:14.218 V/WindowManager(  646): findFocusedWindow: Reached focused app=AppWindowToken{8daf39d token=Token{aefe274 ActivityRecord{fd07a47 u0 com.tal.genie.launcher/.ui.voice.VoiceNewActivity t104}}}
12-21 11:33:14.219 V/WindowManager(  646): Changing focus from Window{b8714b2 u0 com.tal.genie.launcher/com.tal.genie.launcher.ui.main.MainActivity} to null Callers=com.android.server.wm.WindowManagerService.setFocusedApp:2638 com.android.server.am.ActivityManagerService.setResumedActivityUncheckLocked:3631 com.android.server.am.ActivityStack.onActivityStateChanged:498 com.android.server.am.TaskRecord.onActivityStateChanged:1794 
12-21 11:33:14.219 D/WindowManager(  646): Input focus has changed to null
12-21 11:33:14.219 I/WindowManager(  646): Focus moving from Window{b8714b2 u0 com.tal.genie.launcher/com.tal.genie.launcher.ui.main.MainActivity} to null
12-21 11:33:14.317 I/WindowManager(  646): Relayout Window{1113f6a u0 com.tal.genie.launcher/com.tal.genie.launcher.ui.voice.VoiceNewActivity}: oldVis=4 newVis=0 focusMayChange = true
12-21 11:33:14.320 V/WindowManager(  646): Changing focus from null to Window{1113f6a u0 com.tal.genie.launcher/com.tal.genie.launcher.ui.voice.VoiceNewActivity} Callers=com.android.server.wm.WindowManagerService.relayoutWindow:2142 com.android.server.wm.Session.relayout:244 android.view.IWindowSession$Stub.onTransact:309 com.android.server.wm.Session.onTransact:164 
12-21 11:33:14.321 D/WindowManager(  646): Input focus has changed to Window{1113f6a u0 com.tal.genie.launcher/com.tal.genie.launcher.ui.voice.VoiceNewActivity}
12-21 11:33:14.321 I/WindowManager(  646): Focus moving from null to Window{1113f6a u0 com.tal.genie.launcher/com.tal.genie.launcher.ui.voice.VoiceNewActivity}
12-21 11:33:14.349 W/ContextImpl( 1155): Calling a method in the system process without a qualified user: android.app.ContextImpl.startService:1532 android.content.ContextWrapper.startService:664 android.content.ContextWrapper.startService:664 android.app.Activity.onEnterAnimationComplete:6662 android.app.Activity.dispatchEnterAnimationComplete:6673 
12-21 11:33:14.352 W/ContextImpl( 1155): Calling a method in the system process without a qualified user: android.app.ContextImpl.startService:1532 android.content.ContextWrapper.startService:664 android.content.ContextWrapper.startService:664 android.app.Activity.onEnterAnimationComplete:6662 android.app.Activity.dispatchEnterAnimationComplete:6673 
12-21 11:33:18.844 E/storaged(  468): getDiskStats failed with result NOT_SUPPORTED and size 0
12-21 11:33:20.004 W/ContextImpl( 1155): Calling a method in the system process without a qualified user: android.app.ContextImpl.sendBroadcast:1006 android.content.ContextWrapper.sendBroadcast:444 android.content.ContextWrapper.sendBroadcast:444 android.view.View.dispatchTouchEvent:12526 android.view.ViewGroup.dispatchTransformedTouchEvent:3083 
12-21 11:33:20.083 V/WindowManager(  646): Changing focus from Window{1113f6a u0 com.tal.genie.launcher/com.tal.genie.launcher.ui.voice.VoiceNewActivity} to Window{b8714b2 u0 com.tal.genie.launcher/com.tal.genie.launcher.ui.main.MainActivity} Callers=com.android.server.wm.DisplayContent.layoutAndAssignWindowLayersIfNeeded:2447 com.android.server.wm.DisplayContent.positionStackAt:1911 com.android.server.wm.DisplayWindowController.positionChildAt:93 com.android.server.am.ActivityDisplay.positionChildAt:169 
12-21 11:33:20.084 D/WindowManager(  646): Input focus has changed to Window{b8714b2 u0 com.tal.genie.launcher/com.tal.genie.launcher.ui.main.MainActivity}
12-21 11:33:20.085 I/WindowManager(  646): Focus moving from Window{1113f6a u0 com.tal.genie.launcher/com.tal.genie.launcher.ui.voice.VoiceNewActivity} to Window{b8714b2 u0 com.tal.genie.launcher/com.tal.genie.launcher.ui.main.MainActivity}
12-21 11:33:20.102 V/WindowManager(  646): Set focused app to: AppWindowToken{68d408f token=Token{5cc63ee ActivityRecord{d48d69 u0 com.tal.genie.launcher/.ui.main.MainActivity t2}}} old focus=AppWindowToken{8daf39d token=Token{aefe274 ActivityRecord{fd07a47 u0 com.tal.genie.launcher/.ui.voice.VoiceNewActivity t104}}} moveFocusNow=true
12-21 11:33:20.168 W/ContextImpl( 1155): Calling a method in the system process without a qualified user: android.app.ContextImpl.startService:1532 android.content.ContextWrapper.startService:664 android.content.ContextWrapper.startService:664 android.app.Activity.onEnterAnimationComplete:6662 android.app.Activity.dispatchEnterAnimationComplete:6673 
12-21 11:33:24.047 W/BroadcastQueue(  646): Background execution not allowed: receiving Intent { act=com.android.providers.media.ACTIVATE_MEDIAPROCESS flg=0x10 } to com.android.providers.media/.MtpReceiver
12-21 11:33:38.704 W/ContextImpl( 1155): Calling a method in the system process without a qualified user: android.app.ContextImpl.startActivity:900 android.content.ContextWrapper.startActivity:401 com.tal.genie.launcher.ui.voice.view.VoiceCallBackImplNew.toVoiceActivity:55 com.tal.genie.launcher.ui.voice.view.VoiceCallBackImplNew.toVoiceView:44 com.tal.genie.launcher.ui.voice.view.VoiceCallBackImplNew.start:38 
12-21 11:33:38.705 I/ActivityManager(  646): START u0 {flg=0x10000000 cmp=com.tal.genie.launcher/.ui.voice.VoiceNewActivity} from uid 1000
