--------- beginning of system
12-17 15:09:32.965 I/UsageStatsService(  658): User[0] Flushing usage stats to disk
12-17 15:09:33.299 I/NetworkStatsRecorder(  658): recordSnapshotLocked: ident[[{type=WIFI, subType=COMBINED, networkId="TAL-Device", metered=false, defaultNetwork=true}]]
12-17 15:09:33.299 W/NetworkStatsRecorder(  658): unknown interfaces [lo], ignoring those stats
12-17 15:09:33.299 I/NetworkStatsRecorder(  658): recordSnapshotLocked: ident[[{type=WIFI, subType=COMBINED, networkId="TAL-Device", metered=false, defaultNetwork=true}]]
12-17 15:09:33.299 W/NetworkStatsRecorder(  658): unknown interfaces [lo], ignoring those stats
12-17 15:09:33.299 I/NetworkStatsRecorder(  658): recordSnapshotLocked: ident[[{type=WIFI, subType=COMBINED, networkId="TAL-Device", metered=false, defaultNetwork=true}]]
12-17 15:09:33.299 I/chatty  (  658): uid=1000(system) NetworkStats identical 2 lines
12-17 15:09:33.299 I/NetworkStatsRecorder(  658): recordSnapshotLocked: ident[[{type=WIFI, subType=COMBINED, networkId="TAL-Device", metered=false, defaultNetwork=true}]]
12-17 15:09:33.300 W/NetworkStatsRecorder(  658): unknown interfaces [lo], ignoring those stats
12-17 15:09:33.300 W/NetworkStatsRecorder(  658): unknown interfaces [lo], ignoring those stats
12-17 15:09:33.300 D/NetworkStatsRecorder(  658): forcePersistLocked() writing for uid
12-17 15:09:35.130 V/AlarmManager(  658): set(PendingIntent{8d921ac: PendingIntentRecord{3bdee75 com.tal.genie.push broadcastIntent}}) : type=2 triggerAtTime=12667102 win=0 tElapsed=12667102 maxElapsed=12967102 interval=0 flags=0x9
12-17 15:09:35.134 V/AlarmManager(  658): set(PendingIntent{a045e0a: PendingIntentRecord{e3f467b com.tal.genie.push broadcastIntent}}) : type=2 triggerAtTime=12655119 win=0 tElapsed=12655119 maxElapsed=12955119 interval=0 flags=0x9
12-17 15:09:35.153 V/AlarmManager(  658): isAlarmNeedAlign : operation is null
12-17 15:09:35.154 I/chatty  (  658): uid=1000(system) Binder:658_A identical 3 lines
12-17 15:09:35.154 V/AlarmManager(  658): isAlarmNeedAlign : operation is null
12-17 15:09:43.146 V/AlarmManager(  658): set(PendingIntent{3685ee5: PendingIntentRecord{a785dba com.tal.genie.push broadcastIntent}}) : type=2 triggerAtTime=12675120 win=0 tElapsed=12675120 maxElapsed=12975120 interval=0 flags=0x9
12-17 15:09:43.150 V/AlarmManager(  658): set(PendingIntent{9aac46b: PendingIntentRecord{b506bc8 com.tal.genie.push broadcastIntent}}) : type=2 triggerAtTime=12663136 win=0 tElapsed=12663136 maxElapsed=12963136 interval=0 flags=0x9
12-17 15:09:43.166 V/AlarmManager(  658): isAlarmNeedAlign : operation is null
12-17 15:09:43.166 I/chatty  (  658): uid=1000(system) Binder:658_A identical 3 lines
12-17 15:09:43.167 V/AlarmManager(  658): isAlarmNeedAlign : operation is null
12-17 15:09:51.164 V/AlarmManager(  658): set(PendingIntent{406ebe0: PendingIntentRecord{210de99 com.tal.genie.push broadcastIntent}}) : type=2 triggerAtTime=12683136 win=0 tElapsed=12683136 maxElapsed=12983136 interval=0 flags=0x9
12-17 15:09:51.169 V/AlarmManager(  658): set(PendingIntent{857955e: PendingIntentRecord{1816d3f com.tal.genie.push broadcastIntent}}) : type=2 triggerAtTime=12671153 win=0 tElapsed=12671153 maxElapsed=12971153 interval=0 flags=0x9
12-17 15:09:51.185 V/AlarmManager(  658): isAlarmNeedAlign : operation is null
12-17 15:09:51.186 I/chatty  (  658): uid=1000(system) Binder:658_C identical 3 lines
12-17 15:09:51.186 V/AlarmManager(  658): isAlarmNeedAlign : operation is null
12-17 15:09:59.186 V/AlarmManager(  658): set(PendingIntent{faaf236: PendingIntentRecord{d59c537 com.tal.genie.push broadcastIntent}}) : type=2 triggerAtTime=12691155 win=0 tElapsed=12691155 maxElapsed=12991155 interval=0 flags=0x9
12-17 15:09:59.189 V/AlarmManager(  658): set(PendingIntent{8d9eaa4: PendingIntentRecord{91f100d com.tal.genie.push broadcastIntent}}) : type=2 triggerAtTime=12679175 win=0 tElapsed=12679175 maxElapsed=12979175 interval=0 flags=0x9
12-17 15:09:59.209 V/AlarmManager(  658): isAlarmNeedAlign : operation is null
12-17 15:09:59.209 I/chatty  (  658): uid=1000(system) Binder:658_A identical 3 lines
12-17 15:09:59.210 V/AlarmManager(  658): isAlarmNeedAlign : operation is null
12-17 15:10:07.204 V/AlarmManager(  658): set(PendingIntent{75333c5: PendingIntentRecord{791411a com.tal.genie.push broadcastIntent}}) : type=2 triggerAtTime=12699177 win=0 tElapsed=12699177 maxElapsed=12999177 interval=0 flags=0x9
12-17 15:10:07.205 V/AlarmManager(  658): set(PendingIntent{f2be712: PendingIntentRecord{50ee3 android broadcastIntent}}) : type=3 triggerAtTime=12731987 win=0 tElapsed=12731987 maxElapsed=12731987 interval=0 flags=0x1
12-17 15:10:07.210 V/AlarmManager(  658): set(PendingIntent{ecad44b: PendingIntentRecord{60d6e28 com.tal.genie.push broadcastIntent}}) : type=2 triggerAtTime=12687194 win=0 tElapsed=12687194 maxElapsed=12987194 interval=0 flags=0x9
12-17 15:10:07.231 V/AlarmManager(  658): isAlarmNeedAlign : operation is null
12-17 15:10:07.232 I/chatty  (  658): uid=1000(system) Binder:658_E identical 3 lines
12-17 15:10:07.233 V/AlarmManager(  658): isAlarmNeedAlign : operation is null
12-17 15:10:15.224 V/AlarmManager(  658): set(PendingIntent{def81c3: PendingIntentRecord{855da40 com.tal.genie.push broadcastIntent}}) : type=2 triggerAtTime=12707196 win=0 tElapsed=12707196 maxElapsed=13007196 interval=0 flags=0x9
12-17 15:10:15.228 V/AlarmManager(  658): set(PendingIntent{28d9d79: PendingIntentRecord{dd1abe com.tal.genie.push broadcastIntent}}) : type=2 triggerAtTime=12695213 win=0 tElapsed=12695213 maxElapsed=12995213 interval=0 flags=0x9
12-17 15:10:15.243 V/AlarmManager(  658): isAlarmNeedAlign : operation is null
12-17 15:10:15.243 I/chatty  (  658): uid=1000(system) Binder:658_C identical 3 lines
12-17 15:10:15.244 V/AlarmManager(  658): isAlarmNeedAlign : operation is null
12-17 15:10:23.240 V/AlarmManager(  658): set(PendingIntent{60082b1: PendingIntentRecord{befc396 com.tal.genie.push broadcastIntent}}) : type=2 triggerAtTime=12715214 win=0 tElapsed=12715214 maxElapsed=13015214 interval=0 flags=0x9
12-17 15:10:23.243 V/AlarmManager(  658): set(PendingIntent{eb22b17: PendingIntentRecord{5c78b04 com.tal.genie.push broadcastIntent}}) : type=2 triggerAtTime=12703229 win=0 tElapsed=12703229 maxElapsed=13003229 interval=0 flags=0x9
12-17 15:10:23.255 V/AlarmManager(  658): isAlarmNeedAlign : operation is null
12-17 15:10:23.255 I/chatty  (  658): uid=1000(system) Binder:658_C identical 3 lines
12-17 15:10:23.256 V/AlarmManager(  658): isAlarmNeedAlign : operation is null
12-17 15:10:28.405 E/storaged(  497): getDiskStats failed with result NOT_SUPPORTED and size 0
12-17 15:10:31.258 V/AlarmManager(  658): set(PendingIntent{179660f: PendingIntentRecord{c63369c com.tal.genie.push broadcastIntent}}) : type=2 triggerAtTime=12723231 win=0 tElapsed=12723231 maxElapsed=13023231 interval=0 flags=0x9
12-17 15:10:31.263 V/AlarmManager(  658): set(PendingIntent{989f8a5: PendingIntentRecord{e1f547a com.tal.genie.push broadcastIntent}}) : type=2 triggerAtTime=12711247 win=0 tElapsed=12711247 maxElapsed=13011247 interval=0 flags=0x9
12-17 15:10:31.279 V/AlarmManager(  658): isAlarmNeedAlign : operation is null
12-17 15:10:31.280 I/chatty  (  658): uid=1000(system) Binder:658_E identical 3 lines
12-17 15:10:31.280 V/AlarmManager(  658): isAlarmNeedAlign : operation is null
12-17 15:10:39.274 V/AlarmManager(  658): set(PendingIntent{8ef975d: PendingIntentRecord{d0ff8d2 com.tal.genie.push broadcastIntent}}) : type=2 triggerAtTime=12731248 win=0 tElapsed=12731248 maxElapsed=13031248 interval=0 flags=0x9
12-17 15:10:39.277 V/AlarmManager(  658): set(PendingIntent{2091da3: PendingIntentRecord{3fb78a0 com.tal.genie.push broadcastIntent}}) : type=2 triggerAtTime=12719262 win=0 tElapsed=12719262 maxElapsed=13019262 interval=0 flags=0x9
12-17 15:10:39.293 V/AlarmManager(  658): isAlarmNeedAlign : operation is null
12-17 15:10:39.293 I/chatty  (  658): uid=1000(system) Binder:658_C identical 3 lines
12-17 15:10:39.294 V/AlarmManager(  658): isAlarmNeedAlign : operation is null
12-17 15:10:47.289 V/AlarmManager(  658): set(PendingIntent{3d29e1b: PendingIntentRecord{bbbbb8 com.tal.genie.push broadcastIntent}}) : type=2 triggerAtTime=12739264 win=0 tElapsed=12739264 maxElapsed=13039264 interval=0 flags=0x9
12-17 15:10:47.292 V/AlarmManager(  658): set(PendingIntent{b712d91: PendingIntentRecord{a38c4f6 com.tal.genie.push broadcastIntent}}) : type=2 triggerAtTime=12727278 win=0 tElapsed=12727278 maxElapsed=13027278 interval=0 flags=0x9
12-17 15:10:47.304 V/AlarmManager(  658): isAlarmNeedAlign : operation is null
12-17 15:10:47.304 I/chatty  (  658): uid=1000(system) Binder:658_C identical 3 lines
12-17 15:10:47.304 V/AlarmManager(  658): isAlarmNeedAlign : operation is null
12-17 15:10:55.307 V/AlarmManager(  658): set(PendingIntent{292fdc9: PendingIntentRecord{45f7cce com.tal.genie.push broadcastIntent}}) : type=2 triggerAtTime=12747280 win=0 tElapsed=12747280 maxElapsed=13047280 interval=0 flags=0x9
12-17 15:10:55.311 V/AlarmManager(  658): set(PendingIntent{a0317ef: PendingIntentRecord{67632fc com.tal.genie.push broadcastIntent}}) : type=2 triggerAtTime=12735296 win=0 tElapsed=12735296 maxElapsed=13035296 interval=0 flags=0x9
12-17 15:10:55.327 V/AlarmManager(  658): isAlarmNeedAlign : operation is null
12-17 15:10:55.328 I/chatty  (  658): uid=1000(system) Binder:658_E identical 3 lines
12-17 15:10:55.329 V/AlarmManager(  658): isAlarmNeedAlign : operation is null
12-17 15:11:03.325 V/AlarmManager(  658): set(PendingIntent{f2be712: PendingIntentRecord{50ee3 android broadcastIntent}}) : type=3 triggerAtTime=12791988 win=0 tElapsed=12791988 maxElapsed=12791988 interval=0 flags=0x1
12-17 15:11:03.326 V/AlarmManager(  658): set(PendingIntent{4fe594: PendingIntentRecord{e70083d com.tal.genie.push broadcastIntent}}) : type=2 triggerAtTime=12755299 win=0 tElapsed=12755299 maxElapsed=13055299 interval=0 flags=0x9
12-17 15:11:03.331 V/AlarmManager(  658): set(PendingIntent{4644832: PendingIntentRecord{55e2983 com.tal.genie.push broadcastIntent}}) : type=2 triggerAtTime=12743316 win=0 tElapsed=12743316 maxElapsed=13043316 interval=0 flags=0x9
12-17 15:11:03.349 V/AlarmManager(  658): isAlarmNeedAlign : operation is null
12-17 15:11:03.350 I/chatty  (  658): uid=1000(system) Binder:658_C identical 3 lines
12-17 15:11:03.351 V/AlarmManager(  658): isAlarmNeedAlign : operation is null
12-17 15:11:11.342 V/AlarmManager(  658): set(PendingIntent{a18ab8a: PendingIntentRecord{78145fb com.tal.genie.push broadcastIntent}}) : type=2 triggerAtTime=12763317 win=0 tElapsed=12763317 maxElapsed=13063317 interval=0 flags=0x9
12-17 15:11:11.345 V/AlarmManager(  658): set(PendingIntent{7f7618: PendingIntentRecord{ad0c871 com.tal.genie.push broadcastIntent}}) : type=2 triggerAtTime=12751331 win=0 tElapsed=12751331 maxElapsed=13051331 interval=0 flags=0x9
12-17 15:11:11.360 V/AlarmManager(  658): isAlarmNeedAlign : operation is null
12-17 15:11:11.360 I/chatty  (  658): uid=1000(system) Binder:658_C identical 3 lines
12-17 15:11:11.361 V/AlarmManager(  658): isAlarmNeedAlign : operation is null
12-17 15:11:19.356 V/AlarmManager(  658): set(PendingIntent{22f030: PendingIntentRecord{92f14a9 com.tal.genie.push broadcastIntent}}) : type=2 triggerAtTime=12771331 win=0 tElapsed=12771331 maxElapsed=13071331 interval=0 flags=0x9
12-17 15:11:19.360 V/AlarmManager(  658): set(PendingIntent{50d7a2e: PendingIntentRecord{f8b39cf com.tal.genie.push broadcastIntent}}) : type=2 triggerAtTime=12759345 win=0 tElapsed=12759345 maxElapsed=13059345 interval=0 flags=0x9
12-17 15:11:19.375 V/AlarmManager(  658): isAlarmNeedAlign : operation is null
12-17 15:11:19.375 I/chatty  (  658): uid=1000(system) Binder:658_C identical 3 lines
12-17 15:11:19.375 V/AlarmManager(  658): isAlarmNeedAlign : operation is null
12-17 15:11:27.375 V/AlarmManager(  658): set(PendingIntent{cfea106: PendingIntentRecord{e1e93c7 com.tal.genie.push broadcastIntent}}) : type=2 triggerAtTime=12779346 win=0 tElapsed=12779346 maxElapsed=13079346 interval=0 flags=0x9
12-17 15:11:27.378 V/AlarmManager(  658): set(PendingIntent{6f5bdf4: PendingIntentRecord{53a691d com.tal.genie.push broadcastIntent}}) : type=2 triggerAtTime=12767363 win=0 tElapsed=12767363 maxElapsed=13067363 interval=0 flags=0x9
12-17 15:11:27.396 V/AlarmManager(  658): isAlarmNeedAlign : operation is null
12-17 15:11:27.397 I/chatty  (  658): uid=1000(system) Binder:658_E identical 3 lines
12-17 15:11:27.397 V/AlarmManager(  658): isAlarmNeedAlign : operation is null
12-17 15:11:28.406 E/storaged(  497): getDiskStats failed with result NOT_SUPPORTED and size 0
12-17 15:11:35.393 V/AlarmManager(  658): set(PendingIntent{ae6d78c: PendingIntentRecord{c3e9ed5 com.tal.genie.push broadcastIntent}}) : type=2 triggerAtTime=12787365 win=0 tElapsed=12787365 maxElapsed=13087365 interval=0 flags=0x9
12-17 15:11:35.396 V/AlarmManager(  658): set(PendingIntent{8ccb6ea: PendingIntentRecord{1e15ddb com.tal.genie.push broadcastIntent}}) : type=2 triggerAtTime=12775382 win=0 tElapsed=12775382 maxElapsed=13075382 interval=0 flags=0x9
12-17 15:11:35.413 V/AlarmManager(  658): isAlarmNeedAlign : operation is null
12-17 15:11:35.414 I/chatty  (  658): uid=1000(system) Binder:658_C identical 3 lines
12-17 15:11:35.414 V/AlarmManager(  658): isAlarmNeedAlign : operation is null
12-17 15:11:43.410 V/AlarmManager(  658): set(PendingIntent{d93942: PendingIntentRecord{6fbad53 com.tal.genie.push broadcastIntent}}) : type=2 triggerAtTime=12795383 win=0 tElapsed=12795383 maxElapsed=13095383 interval=0 flags=0x9
12-17 15:11:43.414 V/AlarmManager(  658): set(PendingIntent{92a4690: PendingIntentRecord{be01b89 com.tal.genie.push broadcastIntent}}) : type=2 triggerAtTime=12783398 win=0 tElapsed=12783398 maxElapsed=13083398 interval=0 flags=0x9
12-17 15:11:43.431 V/AlarmManager(  658): isAlarmNeedAlign : operation is null
12-17 15:11:43.431 I/chatty  (  658): uid=1000(system) Binder:658_C identical 3 lines
12-17 15:11:43.431 V/AlarmManager(  658): isAlarmNeedAlign : operation is null
12-17 15:11:51.428 V/AlarmManager(  658): set(PendingIntent{95857a8: PendingIntentRecord{942b2c1 com.tal.genie.push broadcastIntent}}) : type=2 triggerAtTime=12803402 win=0 tElapsed=12803402 maxElapsed=13103402 interval=0 flags=0x9
12-17 15:11:51.431 V/AlarmManager(  658): set(PendingIntent{6231a66: PendingIntentRecord{fe181a7 com.tal.genie.push broadcastIntent}}) : type=2 triggerAtTime=12791416 win=0 tElapsed=12791416 maxElapsed=13091416 interval=0 flags=0x9
12-17 15:11:51.447 V/AlarmManager(  658): isAlarmNeedAlign : operation is null
12-17 15:11:51.448 I/chatty  (  658): uid=1000(system) Binder:658_E identical 3 lines
12-17 15:11:51.448 V/AlarmManager(  658): isAlarmNeedAlign : operation is null
12-17 15:11:59.446 V/AlarmManager(  658): set(PendingIntent{fb1103e: PendingIntentRecord{f4afe9f com.tal.genie.push broadcastIntent}}) : type=2 triggerAtTime=12811417 win=0 tElapsed=12811417 maxElapsed=13111417 interval=0 flags=0x9
12-17 15:11:59.450 V/AlarmManager(  658): set(PendingIntent{a7d0bec: PendingIntentRecord{5682bb5 com.tal.genie.push broadcastIntent}}) : type=2 triggerAtTime=12799435 win=0 tElapsed=12799435 maxElapsed=13099435 interval=0 flags=0x9
12-17 15:11:59.466 V/AlarmManager(  658): isAlarmNeedAlign : operation is null
12-17 15:11:59.466 I/chatty  (  658): uid=1000(system) Binder:658_E identical 3 lines
12-17 15:11:59.467 V/AlarmManager(  658): isAlarmNeedAlign : operation is null
12-17 15:12:07.464 V/AlarmManager(  658): set(PendingIntent{3df1c6d: PendingIntentRecord{9f680a2 com.tal.genie.push broadcastIntent}}) : type=2 triggerAtTime=12819436 win=0 tElapsed=12819436 maxElapsed=13119436 interval=0 flags=0x9
12-17 15:12:07.465 V/AlarmManager(  658): set(PendingIntent{f2be712: PendingIntentRecord{50ee3 android broadcastIntent}}) : type=3 triggerAtTime=12851987 win=0 tElapsed=12851987 maxElapsed=12851987 interval=0 flags=0x1
12-17 15:12:07.470 V/AlarmManager(  658): set(PendingIntent{8725133: PendingIntentRecord{ddc4cf0 com.tal.genie.push broadcastIntent}}) : type=2 triggerAtTime=12807455 win=0 tElapsed=12807455 maxElapsed=13107455 interval=0 flags=0x9
12-17 15:12:07.488 V/AlarmManager(  658): isAlarmNeedAlign : operation is null
12-17 15:12:07.488 I/chatty  (  658): uid=1000(system) Binder:658_C identical 3 lines
12-17 15:12:07.489 V/AlarmManager(  658): isAlarmNeedAlign : operation is null
12-17 15:12:15.485 V/AlarmManager(  658): set(PendingIntent{e9cb3ab: PendingIntentRecord{8b8ca08 com.tal.genie.push broadcastIntent}}) : type=2 triggerAtTime=12827457 win=0 tElapsed=12827457 maxElapsed=13127457 interval=0 flags=0x9
12-17 15:12:15.490 V/AlarmManager(  658): set(PendingIntent{e6ca5a1: PendingIntentRecord{a3fc3c6 com.tal.genie.push broadcastIntent}}) : type=2 triggerAtTime=12815474 win=0 tElapsed=12815474 maxElapsed=13115474 interval=0 flags=0x9
12-17 15:12:15.504 V/AlarmManager(  658): isAlarmNeedAlign : operation is null
12-17 15:12:15.504 I/chatty  (  658): uid=1000(system) Binder:658_A identical 3 lines
12-17 15:12:15.505 V/AlarmManager(  658): isAlarmNeedAlign : operation is null
12-17 15:12:23.504 V/AlarmManager(  658): set(PendingIntent{86367d9: PendingIntentRecord{6cd859e com.tal.genie.push broadcastIntent}}) : type=2 triggerAtTime=12835475 win=0 tElapsed=12835475 maxElapsed=13135475 interval=0 flags=0x9
12-17 15:12:23.508 V/AlarmManager(  658): set(PendingIntent{a6c387f: PendingIntentRecord{a84f04c com.tal.genie.push broadcastIntent}}) : type=2 triggerAtTime=12823494 win=0 tElapsed=12823494 maxElapsed=13123494 interval=0 flags=0x9
12-17 15:12:23.522 V/AlarmManager(  658): isAlarmNeedAlign : operation is null
12-17 15:12:23.522 I/chatty  (  658): uid=1000(system) Binder:658_C identical 3 lines
12-17 15:12:23.523 V/AlarmManager(  658): isAlarmNeedAlign : operation is null
12-17 15:12:28.407 E/storaged(  497): getDiskStats failed with result NOT_SUPPORTED and size 0
12-17 15:12:31.520 V/AlarmManager(  658): set(PendingIntent{eab877: PendingIntentRecord{b2efce4 com.tal.genie.push broadcastIntent}}) : type=2 triggerAtTime=12843495 win=0 tElapsed=12843495 maxElapsed=13143495 interval=0 flags=0x9
12-17 15:12:31.523 V/AlarmManager(  658): set(PendingIntent{67554d: PendingIntentRecord{e8af802 com.tal.genie.push broadcastIntent}}) : type=2 triggerAtTime=12831509 win=0 tElapsed=12831509 maxElapsed=13131509 interval=0 flags=0x9
12-17 15:12:31.538 V/AlarmManager(  658): isAlarmNeedAlign : operation is null
12-17 15:12:31.539 I/chatty  (  658): uid=1000(system) Binder:658_C identical 3 lines
12-17 15:12:31.539 V/AlarmManager(  658): isAlarmNeedAlign : operation is null
12-17 15:12:39.539 V/AlarmManager(  658): set(PendingIntent{436e105: PendingIntentRecord{2cb855a com.tal.genie.push broadcastIntent}}) : type=2 triggerAtTime=12851510 win=0 tElapsed=12851510 maxElapsed=13151510 interval=0 flags=0x9
12-17 15:12:39.545 V/AlarmManager(  658): set(PendingIntent{e5638b: PendingIntentRecord{e81ec68 com.tal.genie.push broadcastIntent}}) : type=2 triggerAtTime=12839529 win=0 tElapsed=12839529 maxElapsed=13139529 interval=0 flags=0x9
12-17 15:12:39.559 V/AlarmManager(  658): isAlarmNeedAlign : operation is null
12-17 15:12:39.560 I/chatty  (  658): uid=1000(system) Binder:658_C identical 3 lines
12-17 15:12:39.560 V/AlarmManager(  658): isAlarmNeedAlign : operation is null
12-17 15:12:47.555 V/AlarmManager(  658): set(PendingIntent{64b903: PendingIntentRecord{693e080 com.tal.genie.push broadcastIntent}}) : type=2 triggerAtTime=12859531 win=0 tElapsed=12859531 maxElapsed=13159531 interval=0 flags=0x9
12-17 15:12:47.557 V/AlarmManager(  658): set(PendingIntent{e5dc6b9: PendingIntentRecord{c902afe com.tal.genie.push broadcastIntent}}) : type=2 triggerAtTime=12847543 win=0 tElapsed=12847543 maxElapsed=13147543 interval=0 flags=0x9
12-17 15:12:47.570 V/AlarmManager(  658): isAlarmNeedAlign : operation is null
12-17 15:12:47.571 I/chatty  (  658): uid=1000(system) Binder:658_A identical 3 lines
12-17 15:12:47.571 V/AlarmManager(  658): isAlarmNeedAlign : operation is null
12-17 15:12:55.570 V/AlarmManager(  658): set(PendingIntent{c0493f1: PendingIntentRecord{6c9bd6 com.tal.genie.push broadcastIntent}}) : type=2 triggerAtTime=12867545 win=0 tElapsed=12867545 maxElapsed=13167545 interval=0 flags=0x9
12-17 15:12:55.574 V/AlarmManager(  658): set(PendingIntent{33dbe57: PendingIntentRecord{f92bd44 com.tal.genie.push broadcastIntent}}) : type=2 triggerAtTime=12855559 win=0 tElapsed=12855559 maxElapsed=13155559 interval=0 flags=0x9
12-17 15:12:55.586 V/AlarmManager(  658): isAlarmNeedAlign : operation is null
12-17 15:12:55.586 I/chatty  (  658): uid=1000(system) Binder:658_A identical 3 lines
12-17 15:12:55.587 V/AlarmManager(  658): isAlarmNeedAlign : operation is null
12-17 15:13:03.585 V/AlarmManager(  658): set(PendingIntent{f2be712: PendingIntentRecord{50ee3 android broadcastIntent}}) : type=3 triggerAtTime=12911987 win=0 tElapsed=12911987 maxElapsed=12911987 interval=0 flags=0x1
12-17 15:13:03.586 V/AlarmManager(  658): set(PendingIntent{19a70dc: PendingIntentRecord{34d45e5 com.tal.genie.push broadcastIntent}}) : type=2 triggerAtTime=12875560 win=0 tElapsed=12875560 maxElapsed=13175560 interval=0 flags=0x9
12-17 15:13:03.591 V/AlarmManager(  658): set(PendingIntent{750b8ba: PendingIntentRecord{f83836b com.tal.genie.push broadcastIntent}}) : type=2 triggerAtTime=12863575 win=0 tElapsed=12863575 maxElapsed=13163575 interval=0 flags=0x9
12-17 15:13:03.608 V/AlarmManager(  658): isAlarmNeedAlign : operation is null
12-17 15:13:03.608 I/chatty  (  658): uid=1000(system) Binder:658_C identical 3 lines
12-17 15:13:03.609 V/AlarmManager(  658): isAlarmNeedAlign : operation is null
12-17 15:13:11.604 V/AlarmManager(  658): set(PendingIntent{e01a512: PendingIntentRecord{4eaf4e3 com.tal.genie.push broadcastIntent}}) : type=2 triggerAtTime=12883576 win=0 tElapsed=12883576 maxElapsed=13183576 interval=0 flags=0x9
12-17 15:13:11.609 V/AlarmManager(  658): set(PendingIntent{9399ee0: PendingIntentRecord{d311599 com.tal.genie.push broadcastIntent}}) : type=2 triggerAtTime=12871594 win=0 tElapsed=12871594 maxElapsed=13171594 interval=0 flags=0x9
12-17 15:13:11.624 V/AlarmManager(  658): isAlarmNeedAlign : operation is null
12-17 15:13:11.625 I/chatty  (  658): uid=1000(system) Binder:658_A identical 3 lines
12-17 15:13:11.625 V/AlarmManager(  658): isAlarmNeedAlign : operation is null
12-17 15:13:19.622 V/AlarmManager(  658): set(PendingIntent{65069f8: PendingIntentRecord{e56ded1 com.tal.genie.push broadcastIntent}}) : type=2 triggerAtTime=12891595 win=0 tElapsed=12891595 maxElapsed=13191595 interval=0 flags=0x9
12-17 15:13:19.625 V/AlarmManager(  658): set(PendingIntent{986bd36: PendingIntentRecord{9c93437 com.tal.genie.push broadcastIntent}}) : type=2 triggerAtTime=12879610 win=0 tElapsed=12879610 maxElapsed=13179610 interval=0 flags=0x9
12-17 15:13:19.640 V/AlarmManager(  658): isAlarmNeedAlign : operation is null
12-17 15:13:19.640 I/chatty  (  658): uid=1000(system) Binder:658_A identical 3 lines
12-17 15:13:19.641 V/AlarmManager(  658): isAlarmNeedAlign : operation is null
12-17 15:13:27.637 V/AlarmManager(  658): set(PendingIntent{7ec3d0e: PendingIntentRecord{104732f com.tal.genie.push broadcastIntent}}) : type=2 triggerAtTime=12899612 win=0 tElapsed=12899612 maxElapsed=13199612 interval=0 flags=0x9
12-17 15:13:27.640 V/AlarmManager(  658): set(PendingIntent{f578d3c: PendingIntentRecord{db79ac5 com.tal.genie.push broadcastIntent}}) : type=2 triggerAtTime=12887626 win=0 tElapsed=12887626 maxElapsed=13187626 interval=0 flags=0x9
12-17 15:13:27.657 V/AlarmManager(  658): isAlarmNeedAlign : operation is null
12-17 15:13:27.658 I/chatty  (  658): uid=1000(system) Binder:658_C identical 3 lines
12-17 15:13:27.659 V/AlarmManager(  658): isAlarmNeedAlign : operation is null
12-17 15:13:28.407 E/storaged(  497): getDiskStats failed with result NOT_SUPPORTED and size 0
12-17 15:13:35.650 V/AlarmManager(  658): set(PendingIntent{c3a47d4: PendingIntentRecord{8ab5d7d com.tal.genie.push broadcastIntent}}) : type=2 triggerAtTime=12907626 win=0 tElapsed=12907626 maxElapsed=13207626 interval=0 flags=0x9
12-17 15:13:35.654 V/AlarmManager(  658): set(PendingIntent{3211472: PendingIntentRecord{b7ca0c3 com.tal.genie.push broadcastIntent}}) : type=2 triggerAtTime=12895639 win=0 tElapsed=12895639 maxElapsed=13195639 interval=0 flags=0x9
12-17 15:13:35.675 V/AlarmManager(  658): isAlarmNeedAlign : operation is null
12-17 15:13:35.676 I/chatty  (  658): uid=1000(system) Binder:658_E identical 3 lines
12-17 15:13:35.676 V/AlarmManager(  658): isAlarmNeedAlign : operation is null
12-17 15:13:43.665 V/AlarmManager(  658): set(PendingIntent{99abfca: PendingIntentRecord{d8f653b com.tal.genie.push broadcastIntent}}) : type=2 triggerAtTime=12915640 win=0 tElapsed=12915640 maxElapsed=13215640 interval=0 flags=0x9
12-17 15:13:43.668 V/AlarmManager(  658): set(PendingIntent{d884458: PendingIntentRecord{be819b1 com.tal.genie.push broadcastIntent}}) : type=2 triggerAtTime=12903654 win=0 tElapsed=12903654 maxElapsed=13203654 interval=0 flags=0x9
12-17 15:13:43.705 V/AlarmManager(  658): isAlarmNeedAlign : operation is null
12-17 15:13:43.705 I/chatty  (  658): uid=1000(system) Binder:658_C identical 3 lines
12-17 15:13:43.705 V/AlarmManager(  658): isAlarmNeedAlign : operation is null
12-17 15:13:51.681 V/AlarmManager(  658): set(PendingIntent{72f4670: PendingIntentRecord{1374de9 com.tal.genie.push broadcastIntent}}) : type=2 triggerAtTime=12923655 win=0 tElapsed=12923655 maxElapsed=13223655 interval=0 flags=0x9
12-17 15:13:51.685 V/AlarmManager(  658): set(PendingIntent{97f5a6e: PendingIntentRecord{7db350f com.tal.genie.push broadcastIntent}}) : type=2 triggerAtTime=12911670 win=0 tElapsed=12911670 maxElapsed=13211670 interval=0 flags=0x9
12-17 15:13:51.699 V/AlarmManager(  658): isAlarmNeedAlign : operation is null
12-17 15:13:51.700 I/chatty  (  658): uid=1000(system) Binder:658_E identical 3 lines
12-17 15:13:51.700 V/AlarmManager(  658): isAlarmNeedAlign : operation is null
12-17 15:13:59.696 V/AlarmManager(  658): set(PendingIntent{9444946: PendingIntentRecord{28ab707 com.tal.genie.push broadcastIntent}}) : type=2 triggerAtTime=12931672 win=0 tElapsed=12931672 maxElapsed=13231672 interval=0 flags=0x9
12-17 15:13:59.699 V/AlarmManager(  658): set(PendingIntent{f3e4034: PendingIntentRecord{1495e5d com.tal.genie.push broadcastIntent}}) : type=2 triggerAtTime=12919685 win=0 tElapsed=12919685 maxElapsed=13219685 interval=0 flags=0x9
12-17 15:13:59.718 V/AlarmManager(  658): isAlarmNeedAlign : operation is null
12-17 15:13:59.718 I/chatty  (  658): uid=1000(system) Binder:658_E identical 3 lines
12-17 15:13:59.719 V/AlarmManager(  658): isAlarmNeedAlign : operation is null
12-17 15:14:07.710 V/AlarmManager(  658): set(PendingIntent{f2be712: PendingIntentRecord{50ee3 android broadcastIntent}}) : type=3 triggerAtTime=12971988 win=0 tElapsed=12971988 maxElapsed=12971988 interval=0 flags=0x1
12-17 15:14:07.710 V/AlarmManager(  658): set(PendingIntent{a0efc15: PendingIntentRecord{66deb2a com.tal.genie.push broadcastIntent}}) : type=2 triggerAtTime=12939685 win=0 tElapsed=12939685 maxElapsed=13239685 interval=0 flags=0x9
12-17 15:14:07.713 V/AlarmManager(  658): set(PendingIntent{6f01d1b: PendingIntentRecord{afcceb8 com.tal.genie.push broadcastIntent}}) : type=2 triggerAtTime=12927699 win=0 tElapsed=12927699 maxElapsed=13227699 interval=0 flags=0x9
12-17 15:14:07.729 V/AlarmManager(  658): isAlarmNeedAlign : operation is null
12-17 15:14:07.730 I/chatty  (  658): uid=1000(system) Binder:658_A identical 3 lines
12-17 15:14:07.730 V/AlarmManager(  658): isAlarmNeedAlign : operation is null
12-17 15:14:15.724 V/AlarmManager(  658): set(PendingIntent{bb1493: PendingIntentRecord{c9ebcd0 com.tal.genie.push broadcastIntent}}) : type=2 triggerAtTime=12947700 win=0 tElapsed=12947700 maxElapsed=13247700 interval=0 flags=0x9
12-17 15:14:15.727 V/AlarmManager(  658): set(PendingIntent{5fdf4c9: PendingIntentRecord{a2ca7ce com.tal.genie.push broadcastIntent}}) : type=2 triggerAtTime=12935713 win=0 tElapsed=12935713 maxElapsed=13235713 interval=0 flags=0x9
12-17 15:14:15.741 V/AlarmManager(  658): isAlarmNeedAlign : operation is null
12-17 15:14:15.742 I/chatty  (  658): uid=1000(system) Binder:658_A identical 3 lines
12-17 15:14:15.742 V/AlarmManager(  658): isAlarmNeedAlign : operation is null
12-17 15:14:23.742 V/AlarmManager(  658): set(PendingIntent{39a7401: PendingIntentRecord{1e1e2a6 com.tal.genie.push broadcastIntent}}) : type=2 triggerAtTime=12955713 win=0 tElapsed=12955713 maxElapsed=13255713 interval=0 flags=0x9
12-17 15:14:23.746 V/AlarmManager(  658): set(PendingIntent{2a044e7: PendingIntentRecord{4e5e894 com.tal.genie.push broadcastIntent}}) : type=2 triggerAtTime=12943731 win=0 tElapsed=12943731 maxElapsed=13243731 interval=0 flags=0x9
12-17 15:14:23.763 V/AlarmManager(  658): isAlarmNeedAlign : operation is null
12-17 15:14:23.764 I/chatty  (  658): uid=1000(system) Binder:658_E identical 3 lines
12-17 15:14:23.764 V/AlarmManager(  658): isAlarmNeedAlign : operation is null
12-17 15:14:28.408 E/storaged(  497): getDiskStats failed with result NOT_SUPPORTED and size 0
12-17 15:14:31.760 V/AlarmManager(  658): set(PendingIntent{436e9df: PendingIntentRecord{81db62c com.tal.genie.push broadcastIntent}}) : type=2 triggerAtTime=12963733 win=0 tElapsed=12963733 maxElapsed=13263733 interval=0 flags=0x9
12-17 15:14:31.765 V/AlarmManager(  658): set(PendingIntent{43028f5: PendingIntentRecord{77a468a com.tal.genie.push broadcastIntent}}) : type=2 triggerAtTime=12951749 win=0 tElapsed=12951749 maxElapsed=13251749 interval=0 flags=0x9
12-17 15:14:31.778 V/AlarmManager(  658): isAlarmNeedAlign : operation is null
12-17 15:14:31.779 I/chatty  (  658): uid=1000(system) Binder:658_C identical 3 lines
12-17 15:14:31.780 V/AlarmManager(  658): isAlarmNeedAlign : operation is null
12-17 15:14:39.775 V/AlarmManager(  658): set(PendingIntent{18181ad: PendingIntentRecord{2751ce2 com.tal.genie.push broadcastIntent}}) : type=2 triggerAtTime=12971749 win=0 tElapsed=12971749 maxElapsed=13271749 interval=0 flags=0x9
12-17 15:14:39.779 V/AlarmManager(  658): set(PendingIntent{3765873: PendingIntentRecord{448e330 com.tal.genie.push broadcastIntent}}) : type=2 triggerAtTime=12959765 win=0 tElapsed=12959765 maxElapsed=13259765 interval=0 flags=0x9
12-17 15:14:39.795 V/AlarmManager(  658): isAlarmNeedAlign : operation is null
12-17 15:14:39.796 I/chatty  (  658): uid=1000(system) Binder:658_C identical 3 lines
12-17 15:14:39.796 V/AlarmManager(  658): isAlarmNeedAlign : operation is null
12-17 15:14:47.793 V/AlarmManager(  658): set(PendingIntent{f79663a: PendingIntentRecord{eb262eb com.tal.genie.push broadcastIntent}}) : type=2 triggerAtTime=12979766 win=0 tElapsed=12979766 maxElapsed=13279766 interval=0 flags=0x9
12-17 15:14:47.797 V/AlarmManager(  658): set(PendingIntent{93e06e1: PendingIntentRecord{887ac06 com.tal.genie.push broadcastIntent}}) : type=2 triggerAtTime=12967783 win=0 tElapsed=12967783 maxElapsed=13267783 interval=0 flags=0x9
12-17 15:14:47.811 V/AlarmManager(  658): isAlarmNeedAlign : operation is null
12-17 15:14:47.812 I/chatty  (  658): uid=1000(system) Binder:658_A identical 3 lines
12-17 15:14:47.812 V/AlarmManager(  658): isAlarmNeedAlign : operation is null
12-17 15:14:55.812 V/AlarmManager(  658): set(PendingIntent{557b119: PendingIntentRecord{a235de com.tal.genie.push broadcastIntent}}) : type=2 triggerAtTime=12987785 win=0 tElapsed=12987785 maxElapsed=13287785 interval=0 flags=0x9
12-17 15:14:55.817 V/AlarmManager(  658): set(PendingIntent{92ec3bf: PendingIntentRecord{d47ba8c com.tal.genie.push broadcastIntent}}) : type=2 triggerAtTime=12975801 win=0 tElapsed=12975801 maxElapsed=13275801 interval=0 flags=0x9
12-17 15:14:55.845 V/AlarmManager(  658): isAlarmNeedAlign : operation is null
12-17 15:14:55.846 I/chatty  (  658): uid=1000(system) Binder:658_C identical 3 lines
12-17 15:14:55.846 V/AlarmManager(  658): isAlarmNeedAlign : operation is null
12-17 15:15:03.827 V/AlarmManager(  658): set(PendingIntent{f2be712: PendingIntentRecord{50ee3 android broadcastIntent}}) : type=3 triggerAtTime=13031988 win=0 tElapsed=13031988 maxElapsed=13031988 interval=0 flags=0x1
12-17 15:15:03.830 V/AlarmManager(  658): set(PendingIntent{db8cf24: PendingIntentRecord{a55a8d com.tal.genie.push broadcastIntent}}) : type=2 triggerAtTime=12995804 win=0 tElapsed=12995804 maxElapsed=13295804 interval=0 flags=0x9
12-17 15:15:03.835 V/AlarmManager(  658): set(PendingIntent{e0cb442: PendingIntentRecord{7610c53 com.tal.genie.push broadcastIntent}}) : type=2 triggerAtTime=12983821 win=0 tElapsed=12983821 maxElapsed=13283821 interval=0 flags=0x9
12-17 15:15:03.850 V/AlarmManager(  658): isAlarmNeedAlign : operation is null
12-17 15:15:03.850 I/chatty  (  658): uid=1000(system) Binder:658_C identical 3 lines
12-17 15:15:03.851 V/AlarmManager(  658): isAlarmNeedAlign : operation is null
12-17 15:15:11.852 V/AlarmManager(  658): set(PendingIntent{8c0899a: PendingIntentRecord{b03b2cb com.tal.genie.push broadcastIntent}}) : type=2 triggerAtTime=13003822 win=0 tElapsed=13003822 maxElapsed=13303822 interval=0 flags=0x9
12-17 15:15:11.855 V/AlarmManager(  658): set(PendingIntent{50f2aa8: PendingIntentRecord{c6489c1 com.tal.genie.push broadcastIntent}}) : type=2 triggerAtTime=12991840 win=0 tElapsed=12991840 maxElapsed=13291840 interval=0 flags=0x9
12-17 15:15:11.872 V/AlarmManager(  658): isAlarmNeedAlign : operation is null
12-17 15:15:11.873 I/chatty  (  658): uid=1000(system) Binder:658_E identical 3 lines
12-17 15:15:11.873 V/AlarmManager(  658): isAlarmNeedAlign : operation is null
12-17 15:15:19.866 V/AlarmManager(  658): set(PendingIntent{542a6c0: PendingIntentRecord{4afaff9 com.tal.genie.push broadcastIntent}}) : type=2 triggerAtTime=13011842 win=0 tElapsed=13011842 maxElapsed=13311842 interval=0 flags=0x9
12-17 15:15:19.869 V/AlarmManager(  658): set(PendingIntent{a01fb3e: PendingIntentRecord{d590d9f com.tal.genie.push broadcastIntent}}) : type=2 triggerAtTime=12999855 win=0 tElapsed=12999855 maxElapsed=13299855 interval=0 flags=0x9
12-17 15:15:19.885 V/AlarmManager(  658): isAlarmNeedAlign : operation is null
12-17 15:15:19.886 I/chatty  (  658): uid=1000(system) Binder:658_E identical 3 lines
12-17 15:15:19.886 V/AlarmManager(  658): isAlarmNeedAlign : operation is null
12-17 15:15:27.884 V/AlarmManager(  658): set(PendingIntent{7c03416: PendingIntentRecord{bb91197 com.tal.genie.push broadcastIntent}}) : type=2 triggerAtTime=13019858 win=0 tElapsed=13019858 maxElapsed=13319858 interval=0 flags=0x9
12-17 15:15:27.888 V/AlarmManager(  658): set(PendingIntent{2f2af84: PendingIntentRecord{6e7236d com.tal.genie.push broadcastIntent}}) : type=2 triggerAtTime=13007873 win=0 tElapsed=13007873 maxElapsed=13307873 interval=0 flags=0x9
12-17 15:15:27.905 V/AlarmManager(  658): isAlarmNeedAlign : operation is null
12-17 15:15:27.906 I/chatty  (  658): uid=1000(system) Binder:658_E identical 3 lines
12-17 15:15:27.907 V/AlarmManager(  658): isAlarmNeedAlign : operation is null
12-17 15:15:28.409 E/storaged(  497): getDiskStats failed with result NOT_SUPPORTED and size 0
12-17 15:15:35.903 V/AlarmManager(  658): set(PendingIntent{63e6b1c: PendingIntentRecord{de5325 com.tal.genie.push broadcastIntent}}) : type=2 triggerAtTime=13027874 win=0 tElapsed=13027874 maxElapsed=13327874 interval=0 flags=0x9
12-17 15:15:35.907 V/AlarmManager(  658): set(PendingIntent{f9cdcfa: PendingIntentRecord{47a72ab com.tal.genie.push broadcastIntent}}) : type=2 triggerAtTime=13015891 win=0 tElapsed=13015891 maxElapsed=13315891 interval=0 flags=0x9
12-17 15:15:35.922 V/AlarmManager(  658): isAlarmNeedAlign : operation is null
12-17 15:15:35.923 I/chatty  (  658): uid=1000(system) Binder:658_A identical 3 lines
12-17 15:15:35.923 V/AlarmManager(  658): isAlarmNeedAlign : operation is null
12-17 15:15:43.919 V/AlarmManager(  658): set(PendingIntent{ea61152: PendingIntentRecord{d688c23 com.tal.genie.push broadcastIntent}}) : type=2 triggerAtTime=13035892 win=0 tElapsed=13035892 maxElapsed=13335892 interval=0 flags=0x9
12-17 15:15:43.923 V/AlarmManager(  658): set(PendingIntent{6488520: PendingIntentRecord{c309ed9 com.tal.genie.push broadcastIntent}}) : type=2 triggerAtTime=13023908 win=0 tElapsed=13023908 maxElapsed=13323908 interval=0 flags=0x9
12-17 15:15:43.940 V/AlarmManager(  658): isAlarmNeedAlign : operation is null
12-17 15:15:43.941 I/chatty  (  658): uid=1000(system) Binder:658_E identical 3 lines
12-17 15:15:43.942 V/AlarmManager(  658): isAlarmNeedAlign : operation is null
12-17 15:15:51.923 V/AlarmManager(  658): set(PendingIntent{5eff09e: PendingIntentRecord{aadc77f com.tal.genie.push broadcastIntent}}) : type=2 triggerAtTime=13043909 win=0 tElapsed=13043909 maxElapsed=13343909 interval=0 flags=0x9
12-17 15:15:51.926 V/AlarmManager(  658): set(PendingIntent{a00d34c: PendingIntentRecord{b834f95 com.tal.genie.push broadcastIntent}}) : type=2 triggerAtTime=13031911 win=0 tElapsed=13031911 maxElapsed=13331911 interval=0 flags=0x9
12-17 15:15:51.943 V/AlarmManager(  658): isAlarmNeedAlign : operation is null
12-17 15:15:51.944 I/chatty  (  658): uid=1000(system) Binder:658_A identical 3 lines
12-17 15:15:51.944 V/AlarmManager(  658): isAlarmNeedAlign : operation is null
12-17 15:15:59.939 V/AlarmManager(  658): set(PendingIntent{be43fe4: PendingIntentRecord{9fedc4d com.tal.genie.push broadcastIntent}}) : type=2 triggerAtTime=13051913 win=0 tElapsed=13051913 maxElapsed=13351913 interval=0 flags=0x9
12-17 15:15:59.943 V/AlarmManager(  658): set(PendingIntent{9317302: PendingIntentRecord{a4c413 com.tal.genie.push broadcastIntent}}) : type=2 triggerAtTime=13039928 win=0 tElapsed=13039928 maxElapsed=13339928 interval=0 flags=0x9
12-17 15:15:59.978 V/AlarmManager(  658): isAlarmNeedAlign : operation is null
12-17 15:15:59.979 I/chatty  (  658): uid=1000(system) Binder:658_A identical 3 lines
12-17 15:15:59.980 V/AlarmManager(  658): isAlarmNeedAlign : operation is null
12-17 15:16:07.954 V/AlarmManager(  658): set(PendingIntent{666605a: PendingIntentRecord{a8ea28b com.tal.genie.push broadcastIntent}}) : type=2 triggerAtTime=13059929 win=0 tElapsed=13059929 maxElapsed=13359929 interval=0 flags=0x9
12-17 15:16:07.954 V/AlarmManager(  658): set(PendingIntent{f2be712: PendingIntentRecord{50ee3 android broadcastIntent}}) : type=3 triggerAtTime=13091987 win=0 tElapsed=13091987 maxElapsed=13091987 interval=0 flags=0x1
12-17 15:16:07.960 V/AlarmManager(  658): set(PendingIntent{81a5f81: PendingIntentRecord{b1a2826 com.tal.genie.push broadcastIntent}}) : type=2 triggerAtTime=13047945 win=0 tElapsed=13047945 maxElapsed=13347945 interval=0 flags=0x9
12-17 15:16:07.977 V/AlarmManager(  658): isAlarmNeedAlign : operation is null
12-17 15:16:07.978 I/chatty  (  658): uid=1000(system) Binder:658_E identical 3 lines
12-17 15:16:07.978 V/AlarmManager(  658): isAlarmNeedAlign : operation is null
12-17 15:16:15.969 V/AlarmManager(  658): set(PendingIntent{3127db9: PendingIntentRecord{74415fe com.tal.genie.push broadcastIntent}}) : type=2 triggerAtTime=13067946 win=0 tElapsed=13067946 maxElapsed=13367946 interval=0 flags=0x9
12-17 15:16:15.972 V/AlarmManager(  658): set(PendingIntent{724f15f: PendingIntentRecord{abfe7ac com.tal.genie.push broadcastIntent}}) : type=2 triggerAtTime=13055957 win=0 tElapsed=13055957 maxElapsed=13355957 interval=0 flags=0x9
12-17 15:16:15.986 V/AlarmManager(  658): isAlarmNeedAlign : operation is null
12-17 15:16:15.987 I/chatty  (  658): uid=1000(system) Binder:658_E identical 3 lines
12-17 15:16:15.987 V/AlarmManager(  658): isAlarmNeedAlign : operation is null
12-17 15:16:23.983 V/AlarmManager(  658): set(PendingIntent{725ad57: PendingIntentRecord{e258044 com.tal.genie.push broadcastIntent}}) : type=2 triggerAtTime=13075959 win=0 tElapsed=13075959 maxElapsed=13375959 interval=0 flags=0x9
12-17 15:16:23.987 V/AlarmManager(  658): set(PendingIntent{ba4852d: PendingIntentRecord{36e9a62 com.tal.genie.push broadcastIntent}}) : type=2 triggerAtTime=13063972 win=0 tElapsed=13063972 maxElapsed=13363972 interval=0 flags=0x9
12-17 15:16:24.003 V/AlarmManager(  658): isAlarmNeedAlign : operation is null
12-17 15:16:24.003 I/chatty  (  658): uid=1000(system) Binder:658_E identical 3 lines
12-17 15:16:24.003 V/AlarmManager(  658): isAlarmNeedAlign : operation is null
12-17 15:16:28.410 E/storaged(  497): getDiskStats failed with result NOT_SUPPORTED and size 0
12-17 15:16:31.998 V/AlarmManager(  658): set(PendingIntent{82e2ce5: PendingIntentRecord{b7513ba com.tal.genie.push broadcastIntent}}) : type=2 triggerAtTime=13083973 win=0 tElapsed=13083973 maxElapsed=13383973 interval=0 flags=0x9
12-17 15:16:32.001 V/AlarmManager(  658): set(PendingIntent{8b8426b: PendingIntentRecord{47311c8 com.tal.genie.push broadcastIntent}}) : type=2 triggerAtTime=13071986 win=0 tElapsed=13071986 maxElapsed=13371986 interval=0 flags=0x9
12-17 15:16:32.015 V/AlarmManager(  658): isAlarmNeedAlign : operation is null
12-17 15:16:32.016 I/chatty  (  658): uid=1000(system) Binder:658_C identical 3 lines
12-17 15:16:32.016 V/AlarmManager(  658): isAlarmNeedAlign : operation is null
12-17 15:16:40.012 V/AlarmManager(  658): set(PendingIntent{a1893e3: PendingIntentRecord{e1851e0 com.tal.genie.push broadcastIntent}}) : type=2 triggerAtTime=13091987 win=0 tElapsed=13091987 maxElapsed=13391987 interval=0 flags=0x9
12-17 15:16:40.015 V/AlarmManager(  658): set(PendingIntent{c8d4c99: PendingIntentRecord{cd66b5e com.tal.genie.push broadcastIntent}}) : type=2 triggerAtTime=13080000 win=0 tElapsed=13080000 maxElapsed=13380000 interval=0 flags=0x9
12-17 15:16:40.037 V/AlarmManager(  658): isAlarmNeedAlign : operation is null
12-17 15:16:40.037 I/chatty  (  658): uid=1000(system) Binder:658_C identical 3 lines
12-17 15:16:40.037 V/AlarmManager(  658): isAlarmNeedAlign : operation is null
12-17 15:16:48.025 V/AlarmManager(  658): set(PendingIntent{822f5d1: PendingIntentRecord{e6e8836 com.tal.genie.push broadcastIntent}}) : type=2 triggerAtTime=13100001 win=0 tElapsed=13100001 maxElapsed=13400001 interval=0 flags=0x9
12-17 15:16:48.030 V/AlarmManager(  658): set(PendingIntent{254a337: PendingIntentRecord{b4e70a4 com.tal.genie.push broadcastIntent}}) : type=2 triggerAtTime=13088014 win=0 tElapsed=13088014 maxElapsed=13388014 interval=0 flags=0x9
12-17 15:16:48.047 V/AlarmManager(  658): isAlarmNeedAlign : operation is null
12-17 15:16:48.048 I/chatty  (  658): uid=1000(system) Binder:658_E identical 3 lines
12-17 15:16:48.048 V/AlarmManager(  658): isAlarmNeedAlign : operation is null
12-17 15:16:56.039 V/AlarmManager(  658): set(PendingIntent{3aec22f: PendingIntentRecord{fed303c com.tal.genie.push broadcastIntent}}) : type=2 triggerAtTime=13108016 win=0 tElapsed=13108016 maxElapsed=13408016 interval=0 flags=0x9
12-17 15:16:56.041 V/AlarmManager(  658): set(PendingIntent{71801c5: PendingIntentRecord{920f71a com.tal.genie.push broadcastIntent}}) : type=2 triggerAtTime=13096027 win=0 tElapsed=13096027 maxElapsed=13396027 interval=0 flags=0x9
12-17 15:16:56.054 V/AlarmManager(  658): isAlarmNeedAlign : operation is null
12-17 15:16:56.055 I/chatty  (  658): uid=1000(system) Binder:658_E identical 3 lines
12-17 15:16:56.055 V/AlarmManager(  658): isAlarmNeedAlign : operation is null
12-17 15:17:04.053 V/AlarmManager(  658): set(PendingIntent{f2be712: PendingIntentRecord{50ee3 android broadcastIntent}}) : type=3 triggerAtTime=13151988 win=0 tElapsed=13151988 maxElapsed=13151988 interval=0 flags=0x1
12-17 15:17:04.055 V/AlarmManager(  658): set(PendingIntent{90f4f72: PendingIntentRecord{9e5bfc3 com.tal.genie.push broadcastIntent}}) : type=2 triggerAtTime=13116029 win=0 tElapsed=13116029 maxElapsed=13416029 interval=0 flags=0x9
12-17 15:17:04.060 V/AlarmManager(  658): set(PendingIntent{b124040: PendingIntentRecord{7d90b79 com.tal.genie.push broadcastIntent}}) : type=2 triggerAtTime=13104045 win=0 tElapsed=13104045 maxElapsed=13404045 interval=0 flags=0x9
12-17 15:17:04.078 V/AlarmManager(  658): isAlarmNeedAlign : operation is null
12-17 15:17:04.079 I/chatty  (  658): uid=1000(system) Binder:658_A identical 3 lines
12-17 15:17:04.079 V/AlarmManager(  658): isAlarmNeedAlign : operation is null
12-17 15:17:12.074 V/AlarmManager(  658): set(PendingIntent{7afd758: PendingIntentRecord{f8bb0b1 com.tal.genie.push broadcastIntent}}) : type=2 triggerAtTime=13124047 win=0 tElapsed=13124047 maxElapsed=13424047 interval=0 flags=0x9
12-17 15:17:12.078 V/AlarmManager(  658): set(PendingIntent{8365996: PendingIntentRecord{e740917 com.tal.genie.push broadcastIntent}}) : type=2 triggerAtTime=13112063 win=0 tElapsed=13112063 maxElapsed=13412063 interval=0 flags=0x9
12-17 15:17:12.094 V/AlarmManager(  658): isAlarmNeedAlign : operation is null
12-17 15:17:12.094 I/chatty  (  658): uid=1000(system) Binder:658_E identical 3 lines
12-17 15:17:12.095 V/AlarmManager(  658): isAlarmNeedAlign : operation is null
12-17 15:17:20.093 V/AlarmManager(  658): set(PendingIntent{4a7056e: PendingIntentRecord{fd9040f com.tal.genie.push broadcastIntent}}) : type=2 triggerAtTime=13132064 win=0 tElapsed=13132064 maxElapsed=13432064 interval=0 flags=0x9
12-17 15:17:20.096 V/AlarmManager(  658): set(PendingIntent{13d7c9c: PendingIntentRecord{fcdc6a5 com.tal.genie.push broadcastIntent}}) : type=2 triggerAtTime=13120081 win=0 tElapsed=13120081 maxElapsed=13420081 interval=0 flags=0x9
12-17 15:17:20.114 V/AlarmManager(  658): isAlarmNeedAlign : operation is null
12-17 15:17:20.115 I/chatty  (  658): uid=1000(system) Binder:658_A identical 3 lines
12-17 15:17:20.116 V/AlarmManager(  658): isAlarmNeedAlign : operation is null
12-17 15:17:28.110 V/AlarmManager(  658): set(PendingIntent{c42c334: PendingIntentRecord{e1f255d com.tal.genie.push broadcastIntent}}) : type=2 triggerAtTime=13140082 win=0 tElapsed=13140082 maxElapsed=13440082 interval=0 flags=0x9
12-17 15:17:28.115 V/AlarmManager(  658): set(PendingIntent{3936ed2: PendingIntentRecord{9f65ba3 com.tal.genie.push broadcastIntent}}) : type=2 triggerAtTime=13128100 win=0 tElapsed=13128100 maxElapsed=13428100 interval=0 flags=0x9
12-17 15:17:28.132 V/AlarmManager(  658): isAlarmNeedAlign : operation is null
12-17 15:17:28.133 I/chatty  (  658): uid=1000(system) Binder:658_A identical 3 lines
12-17 15:17:28.134 V/AlarmManager(  658): isAlarmNeedAlign : operation is null
12-17 15:17:28.410 E/storaged(  497): getDiskStats failed with result NOT_SUPPORTED and size 0
12-17 15:17:36.129 V/AlarmManager(  658): set(PendingIntent{9f2062a: PendingIntentRecord{8699c1b com.tal.genie.push broadcastIntent}}) : type=2 triggerAtTime=13148102 win=0 tElapsed=13148102 maxElapsed=13448102 interval=0 flags=0x9
12-17 15:17:36.134 V/AlarmManager(  658): set(PendingIntent{a69e1b8: PendingIntentRecord{e2b5b91 com.tal.genie.push broadcastIntent}}) : type=2 triggerAtTime=13136118 win=0 tElapsed=13136118 maxElapsed=13436118 interval=0 flags=0x9
12-17 15:17:36.150 V/AlarmManager(  658): isAlarmNeedAlign : operation is null
12-17 15:17:36.151 I/chatty  (  658): uid=1000(system) Binder:658_A identical 3 lines
12-17 15:17:36.152 V/AlarmManager(  658): isAlarmNeedAlign : operation is null
12-17 15:17:44.147 V/AlarmManager(  658): set(PendingIntent{43b2fd0: PendingIntentRecord{a4ebc9 com.tal.genie.push broadcastIntent}}) : type=2 triggerAtTime=13156120 win=0 tElapsed=13156120 maxElapsed=13456120 interval=0 flags=0x9
12-17 15:17:44.151 V/AlarmManager(  658): set(PendingIntent{c85d2ce: PendingIntentRecord{489b5ef com.tal.genie.push broadcastIntent}}) : type=2 triggerAtTime=13144136 win=0 tElapsed=13144136 maxElapsed=13444136 interval=0 flags=0x9
12-17 15:17:44.167 V/AlarmManager(  658): isAlarmNeedAlign : operation is null
12-17 15:17:44.167 I/chatty  (  658): uid=1000(system) Binder:658_A identical 3 lines
12-17 15:17:44.168 V/AlarmManager(  658): isAlarmNeedAlign : operation is null
12-17 15:17:52.163 V/AlarmManager(  658): set(PendingIntent{f494b01: PendingIntentRecord{ad56da6 com.tal.genie.push broadcastIntent}}) : type=2 triggerAtTime=13164136 win=0 tElapsed=13164136 maxElapsed=13464136 interval=0 flags=0x9
12-17 15:17:52.166 V/AlarmManager(  658): set(PendingIntent{867eb94: PendingIntentRecord{67e963d com.tal.genie.push broadcastIntent}}) : type=2 triggerAtTime=13152151 win=0 tElapsed=13152151 maxElapsed=13452151 interval=0 flags=0x9
12-17 15:17:52.182 V/AlarmManager(  658): isAlarmNeedAlign : operation is null
12-17 15:17:52.182 I/chatty  (  658): uid=1000(system) Binder:658_C identical 3 lines
12-17 15:17:52.183 V/AlarmManager(  658): isAlarmNeedAlign : operation is null
12-17 15:18:00.176 V/AlarmManager(  658): set(PendingIntent{f2be712: PendingIntentRecord{50ee3 android broadcastIntent}}) : type=3 triggerAtTime=13211987 win=0 tElapsed=13211987 maxElapsed=13211987 interval=0 flags=0x1
12-17 15:18:00.178 V/AlarmManager(  658): set(PendingIntent{df74ff5: PendingIntentRecord{927e18a com.tal.genie.push broadcastIntent}}) : type=2 triggerAtTime=13172151 win=0 tElapsed=13172151 maxElapsed=13472151 interval=0 flags=0x9
12-17 15:18:00.183 V/AlarmManager(  658): set(PendingIntent{76f43fb: PendingIntentRecord{389c18 com.tal.genie.push broadcastIntent}}) : type=2 triggerAtTime=13160168 win=0 tElapsed=13160168 maxElapsed=13460168 interval=0 flags=0x9
12-17 15:18:00.211 V/AlarmManager(  658): isAlarmNeedAlign : operation is null
12-17 15:18:00.212 I/chatty  (  658): uid=1000(system) Binder:658_11 identical 3 lines
12-17 15:18:00.212 V/AlarmManager(  658): isAlarmNeedAlign : operation is null
12-17 15:18:08.199 V/AlarmManager(  658): set(PendingIntent{35c3773: PendingIntentRecord{d1ad630 com.tal.genie.push broadcastIntent}}) : type=2 triggerAtTime=13180169 win=0 tElapsed=13180169 maxElapsed=13480169 interval=0 flags=0x9
12-17 15:18:08.207 V/AlarmManager(  658): set(PendingIntent{ad002a9: PendingIntentRecord{316d02e com.tal.genie.push broadcastIntent}}) : type=2 triggerAtTime=13168192 win=0 tElapsed=13168192 maxElapsed=13468192 interval=0 flags=0x9
12-17 15:18:08.228 V/AlarmManager(  658): isAlarmNeedAlign : operation is null
