12-10 15:56:20.348 I/SA.AnalyticsMessages( 1104): 		},
12-10 15:56:20.348 I/SA.AnalyticsMessages( 1104): 		"_flush_time":1639122980319
12-10 15:56:20.348 I/SA.AnalyticsMessages( 1104): 	},
12-10 15:56:20.348 I/SA.AnalyticsMessages( 1104): 	{
12-10 15:56:20.348 I/SA.AnalyticsMessages( 1104): 		"_track_id":2108604472,
12-10 15:56:20.348 I/SA.AnalyticsMessages( 1104): 		"time":1639122970271,
12-10 15:56:20.348 I/SA.AnalyticsMessages( 1104): 		"type":"track",
12-10 15:56:20.348 I/SA.AnalyticsMessages( 1104): 		"distinct_id":"61D00121B1600029",
12-10 15:56:20.348 I/SA.AnalyticsMessages( 1104): 		"login_id":"61D00121B1600029",
12-10 15:56:20.348 I/SA.AnalyticsMessages( 1104): 		"anonymous_id":"6fe19c181203ab32",
12-10 15:56:20.348 I/SA.AnalyticsMessages( 1104): 		"lib":{
12-10 15:56:20.348 I/SA.AnalyticsMessages( 1104): 			"$lib_method":"autoTrack",
12-10 15:56:20.348 I/SA.AnalyticsMessages( 1104): 			"$lib":"Android",
12-10 15:56:20.348 I/SA.AnalyticsMessages( 1104): 			"$lib_version":"6.0.0",
12-10 15:56:20.348 I/SA.AnalyticsMessages( 1104): 			"$app_version":"0.3.0",
12-10 15:56:20.348 I/SA.AnalyticsMessages( 1104): 			"$lib_detail":"com.tal.genie.dicbook.dic.DicResultActivity######"
12-10 15:56:20.348 I/SA.AnalyticsMessages( 1104): 		},
12-10 15:56:20.348 I/SA.AnalyticsMessages( 1104): 		"event":"$AppClick",
12-10 15:56:20.348 I/SA.AnalyticsMessages( 1104): 		"properties":{
12-10 15:56:20.348 I/SA.AnalyticsMessages( 1104): 			"$os_version":"9",
12-10 15:56:20.348 I/SA.AnalyticsMessages( 1104): 			"$model":"S10",
12-10 15:56:20.348 I/SA.AnalyticsMessages( 1104): 			"$os":"Android",
12-10 15:56:20.348 I/SA.AnalyticsMessages( 1104): 			"$screen_width":720,
12-10 15:56:20.348 I/SA.AnalyticsMessages( 1104): 			"$brand":"ALPS",
12-10 15:56:20.348 I/SA.AnalyticsMessages( 1104): 			"$screen_height":1600,
12-10 15:56:20.348 I/SA.AnalyticsMessages( 1104): 			"$app_version":"0.3.0",
12-10 15:56:20.348 I/SA.AnalyticsMessages( 1104): 			"$lib":"Android",
12-10 15:56:20.348 I/SA.AnalyticsMessages( 1104): 			"$device_id":"6fe19c181203ab32",
12-10 15:56:20.348 I/SA.AnalyticsMessages( 1104): 			"$app_name":"语音",
12-10 15:56:20.348 I/SA.AnalyticsMessages( 1104): 			"$lib_version":"6.0.0",
12-10 15:56:20.348 I/SA.AnalyticsMessages( 1104): 			"$timezone_offset":-480,
12-10 15:56:20.348 I/SA.AnalyticsMessages( 1104): 			"$app_id":"com.tal.genie.voice",
12-10 15:56:20.348 I/SA.AnalyticsMessages( 1104): 			"$manufacturer":"ALPS",
12-10 15:56:20.348 I/SA.AnalyticsMessages( 1104): 			"userId":"1000303",
12-10 15:56:20.348 I/SA.AnalyticsMessages( 1104): 			"sn":"61D00121B1600029",
12-10 15:56:20.348 I/SA.AnalyticsMessages( 1104): 			"appId":"com.tal.genie.voice",
12-10 15:56:20.348 I/SA.AnalyticsMessages( 1104): 			"grade":"-1",
12-10 15:56:20.348 I/SA.AnalyticsMessages( 1104): 			"gender":"女",
12-10 15:56:20.348 I/SA.AnalyticsMessages( 1104): 			"age":"1970-01-01 00:00:00.000",
12-10 15:56:20.348 I/SA.AnalyticsMessages( 1104): 			"$referrer_title":"语音",
12-10 15:56:20.348 I/SA.AnalyticsMessages( 1104): 			"$wifi":true,
12-10 15:56:20.348 I/SA.AnalyticsMessages( 1104): 			"$network_type":"WIFI",
12-10 15:56:20.348 I/SA.AnalyticsMessages( 1104): 			"$element_id":"lv_item_sound",
12-10 15:56:20.348 I/SA.AnalyticsMessages( 1104): 			"$element_type":"ImageView",
12-10 15:56:20.348 I/SA.AnalyticsMessages( 1104): 			"$screen_name":"com.tal.genie.dicbook.dic.DicResultActivity|com.tal.genie.dicbook.dic.fragment.DicCnMeaningCardFragment",
12-10 15:56:20.348 I/SA.AnalyticsMessages( 1104): 			"$title":"语音",
12-10 15:56:20.348 I/SA.AnalyticsMessages( 1104): 			"$element_selector":"android.widget.LinearLayout[0]/android.widget.FrameLayout[0]/androidx.appcompat.widget.FitWindowsLinearLayout[0]/androidx.appcompat.widget.ContentFrameLayout[0]/androidx.constraintlayout.widget.ConstraintLayout[0]/android.widget.FrameLayout[0]/androidx.constraintlayout.widget.ConstraintLayout[0]/androidx.viewpager2.widget.ViewPager2[0]/androidx.viewpager2.widget.ViewPager2.RecyclerViewImpl[0]/android.widget.FrameLayout[0]/androidx.constraintlayout.widget.ConstraintLayout[0]/androidx.constraintlayout.widget.ConstraintLayout[0]/androidx.core.widget.NestedScrollView[0]/androidx.constraintlayout.widget.ConstraintLayout[0]/com.tal.genie.dicbook.dic.view.MeaningDataView[0]/android.widget.LinearLayout[0]/androidx.recyclerview.widget.RecyclerView[0]/android.widget.RelativeLayout[0]/androidx.appcompat.widget.AppCompatImageView[0]",
12-10 15:56:20.349 I/SA.AnalyticsMessages( 1104): 			"$element_path":"android.widget.LinearLayout[0]/android.widget.FrameLayout[0]/androidx.appcompat.widget.FitWindowsLinearLayout[0]/androidx.appcompat.widget.ContentFrameLayout[0]/androidx.constraintlayout.widget.ConstraintLayout[0]/android.widget.FrameLayout[0]/com.tal.genie.dicbook.dic.fragment.DicCnIdiomFragment[0]/androidx.viewpager2.widget.ViewPager2[0]/androidx.viewpager2.widget.ViewPager2.RecyclerViewImpl[0]/android.widget.FrameLayout[0]/androidx.constraintlayout.widget.ConstraintLayout[0]/androidx.constraintlayout.widget.ConstraintLayout[0]/androidx.core.widget.NestedScrollView[0]/androidx.constraintlayout.widget.ConstraintLayout[0]/com.tal.genie.dicbook.dic.view.MeaningDataView[0]/android.widget.LinearLayout[0]/androidx.recyclerview.widget.RecyclerView[0]/android.widget.RelativeLayout[-]/androidx.appcompat.widget.AppCompatImageView[0]",
12-10 15:56:20.349 I/SA.AnalyticsMessages( 1104): 			"$element_position":"0",
12-10 15:56:20.349 I/SA.AnalyticsMessages( 1104): 			"$lib_method":"autoTrack",
12-10 15:56:20.349 I/SA.AnalyticsMessages( 1104): 			"$is_first_day":true
12-10 15:56:20.349 I/SA.AnalyticsMessages( 1104): 		},
12-10 15:56:20.349 I/SA.AnalyticsMessages( 1104): 		"_flush_time":1639122980320
12-10 15:56:20.349 I/SA.AnalyticsMessages( 1104): 	},
12-10 15:56:20.349 I/SA.AnalyticsMessages( 1104): 	{
12-10 15:56:20.349 I/SA.AnalyticsMessages( 1104): 		"_track_id":-490793239,
12-10 15:56:20.349 I/SA.AnalyticsMessages( 1104): 		"time":1639122978304,
12-10 15:56:20.349 I/SA.AnalyticsMessages( 1104): 		"type":"track",
12-10 15:56:20.349 I/SA.AnalyticsMessages( 1104): 		"distinct_id":"61D00121B1600029",
12-10 15:56:20.349 I/SA.AnalyticsMessages( 1104): 		"login_id":"61D00121B1600029",
12-10 15:56:20.349 I/SA.AnalyticsMessages( 1104): 		"anonymous_id":"6fe19c181203ab32",
12-10 15:56:20.349 I/SA.AnalyticsMessages( 1104): 		"lib":{
12-10 15:56:20.349 I/SA.AnalyticsMessages( 1104): 			"$lib_method":"code",
12-10 15:56:20.349 I/SA.AnalyticsMessages( 1104): 			"$lib":"Android",
12-10 15:56:20.349 I/SA.AnalyticsMessages( 1104): 			"$lib_version":"6.0.0",
12-10 15:56:20.349 I/SA.AnalyticsMessages( 1104): 			"$app_version":"0.3.0",
12-10 15:56:20.349 I/SA.AnalyticsMessages( 1104): 			"$lib_detail":"com.sensorsdata.analytics.android.sdk.AbstractSensorsDataAPI##trackEventInternal##AbstractSensorsDataAPI.java##1513"
12-10 15:56:20.349 I/SA.AnalyticsMessages( 1104): 		},
12-10 15:56:20.349 I/SA.AnalyticsMessages( 1104): 		"event":"SearchWord_Click",
12-10 15:56:20.349 I/SA.AnalyticsMessages( 1104): 		"properties":{
12-10 15:56:20.349 I/SA.AnalyticsMessages( 1104): 			"$os_version":"9",
12-10 15:56:20.349 I/SA.AnalyticsMessages( 1104): 			"$model":"S10",
12-10 15:56:20.349 I/SA.AnalyticsMessages( 1104): 			"$os":"Android",
12-10 15:56:20.349 I/SA.AnalyticsMessages( 1104): 			"$screen_width":720,
12-10 15:56:20.349 I/SA.AnalyticsMessages( 1104): 			"$brand":"ALPS",
12-10 15:56:20.349 I/SA.AnalyticsMessages( 1104): 			"$screen_height":1600,
12-10 15:56:20.349 I/SA.AnalyticsMessages( 1104): 			"$app_version":"0.3.0",
12-10 15:56:20.349 I/SA.AnalyticsMessages( 1104): 			"$lib":"Android",
12-10 15:56:20.349 I/SA.AnalyticsMessages( 1104): 			"$device_id":"6fe19c181203ab32",
12-10 15:56:20.349 I/SA.AnalyticsMessages( 1104): 			"$app_name":"语音",
12-10 15:56:20.349 I/SA.AnalyticsMessages( 1104): 			"$lib_version":"6.0.0",
12-10 15:56:20.349 I/SA.AnalyticsMessages( 1104): 			"$timezone_offset":-480,
12-10 15:56:20.349 I/SA.AnalyticsMessages( 1104): 			"$app_id":"com.tal.genie.voice",
12-10 15:56:20.349 I/SA.AnalyticsMessages( 1104): 			"$manufacturer":"ALPS",
12-10 15:56:20.349 I/SA.AnalyticsMessages( 1104): 			"userId":"1000303",
12-10 15:56:20.349 I/SA.AnalyticsMessages( 1104): 			"sn":"61D00121B1600029",
12-10 15:56:20.349 I/SA.AnalyticsMessages( 1104): 			"appId":"com.tal.genie.voice",
12-10 15:56:20.349 I/SA.AnalyticsMessages( 1104): 			"grade":"-1",
12-10 15:56:20.349 I/SA.AnalyticsMessages( 1104): 			"gender":"女",
12-10 15:56:20.349 I/SA.AnalyticsMessages( 1104): 			"age":"1970-01-01 00:00:00.000",
12-10 15:56:20.349 I/SA.AnalyticsMessages( 1104): 			"$referrer_title":"语音",
12-10 15:56:20.349 I/SA.AnalyticsMessages( 1104): 			"$wifi":true,
12-10 15:56:20.349 I/SA.AnalyticsMessages( 1104): 			"$network_type":"WIFI",
12-10 15:56:20.349 I/SA.AnalyticsMessages( 1104): 			"button":"click_sound",
12-10 15:56:20.349 I/SA.AnalyticsMessages( 1104): 			"$lib_method":"code",
12-10 15:56:20.349 I/SA.AnalyticsMessages( 1104): 			"$is_first_day":true
12-10 15:56:20.349 I/SA.AnalyticsMessages( 1104): 		},
12-10 15:56:20.349 I/SA.AnalyticsMessages( 1104): 		"_flush_time":1639122980321
12-10 15:56:20.349 I/SA.AnalyticsMessages( 1104): 	},
12-10 15:56:20.349 I/SA.AnalyticsMessages( 1104): 	{
12-10 15:56:20.349 I/SA.AnalyticsMessages( 1104): 		"_track_id":1254691119,
12-10 15:56:20.349 I/SA.AnalyticsMessages( 1104): 		"time":1639122978312,
12-10 15:56:20.349 I/SA.AnalyticsMessages( 1104): 		"type":"track",
12-10 15:56:20.349 I/SA.AnalyticsMessages( 1104): 		"distinct_id":"61D00121B1600029",
12-10 15:56:20.349 I/SA.AnalyticsMessages( 1104): 		"login_id":"61D00121B1600029",
12-10 15:56:20.349 I/SA.AnalyticsMessages( 1104): 		"anonymous_id":"6fe19c181203ab32",
12-10 15:56:20.349 I/SA.AnalyticsMessages( 1104): 		"lib":{
12-10 15:56:20.349 I/SA.AnalyticsMessages( 1104): 			"$lib_method":"autoTrack",
12-10 15:56:20.349 I/SA.AnalyticsMessages( 1104): 			"$lib":"Android",
12-10 15:56:20.349 I/SA.AnalyticsMessages( 1104): 			"$lib_version":"6.0.0",
12-10 15:56:20.349 I/SA.AnalyticsMessages( 1104): 			"$app_version":"0.3.0",
12-10 15:56:20.349 I/SA.AnalyticsMessages( 1104): 			"$lib_detail":"com.tal.genie.dicbook.dic.DicResultActivity######"
12-10 15:56:20.349 I/SA.AnalyticsMessages( 1104): 		},
12-10 15:56:20.349 I/SA.AnalyticsMessages( 1104): 		"event":"$AppClick",
12-10 15:56:20.349 I/SA.AnalyticsMessages( 1104): 		"properties":{
12-10 15:56:20.349 I/SA.AnalyticsMessages( 1104): 			"$os_version":"9",
12-10 15:56:20.349 I/SA.AnalyticsMessages( 1104): 			"$model":"S10",
12-10 15:56:20.349 I/SA.AnalyticsMessages( 1104): 			"$os":"Android",
12-10 15:56:20.349 I/SA.AnalyticsMessages( 1104): 			"$screen_width":720,
12-10 15:56:20.349 I/SA.AnalyticsMessages( 1104): 			"$brand":"ALPS",
12-10 15:56:20.349 I/SA.AnalyticsMessages( 1104): 			"$screen_height":1600,
12-10 15:56:20.349 I/SA.AnalyticsMessages( 1104): 			"$app_version":"0.3.0",
12-10 15:56:20.349 I/SA.AnalyticsMessages( 1104): 			"$lib":"Android",
12-10 15:56:20.349 I/SA.AnalyticsMessages( 1104): 			"$device_id":"6fe19c181203ab32",
12-10 15:56:20.349 I/SA.AnalyticsMessages( 1104): 			"$app_name":"语音",
12-10 15:56:20.349 I/SA.AnalyticsMessages( 1104): 			"$lib_version":"6.0.0",
12-10 15:56:20.349 I/SA.AnalyticsMessages( 1104): 			"$timezone_offset":-480,
12-10 15:56:20.349 I/SA.AnalyticsMessages( 1104): 			"$app_id":"com.tal.genie.voice",
12-10 15:56:20.349 I/SA.AnalyticsMessages( 1104): 			"$manufacturer":"ALPS",
12-10 15:56:20.349 I/SA.AnalyticsMessages( 1104): 			"userId":"1000303",
12-10 15:56:20.349 I/SA.AnalyticsMessages( 1104): 			"sn":"61D00121B1600029",
12-10 15:56:20.349 I/SA.AnalyticsMessages( 1104): 			"appId":"com.tal.genie.voice",
12-10 15:56:20.349 I/SA.AnalyticsMessages( 1104): 			"grade":"-1",
12-10 15:56:20.349 I/SA.AnalyticsMessages( 1104): 			"gender":"女",
12-10 15:56:20.349 I/SA.AnalyticsMessages( 1104): 			"age":"1970-01-01 00:00:00.000",
12-10 15:56:20.349 I/SA.AnalyticsMessages( 1104): 			"$referrer_title":"语音",
12-10 15:56:20.349 I/SA.AnalyticsMessages( 1104): 			"$wifi":true,
12-10 15:56:20.349 I/SA.AnalyticsMessages( 1104): 			"$network_type":"WIFI",
12-10 15:56:20.349 I/SA.AnalyticsMessages( 1104): 			"$element_id":"lv_item_sound",
12-10 15:56:20.349 I/SA.AnalyticsMessages( 1104): 			"$element_type":"ImageView",
12-10 15:56:20.349 I/SA.AnalyticsMessages( 1104): 			"$screen_name":"com.tal.genie.dicbook.dic.DicResultActivity|com.tal.genie.dicbook.dic.fragment.DicCnMeaningCardFragment",
12-10 15:56:20.349 I/SA.AnalyticsMessages( 1104): 			"$title":"语音",
12-10 15:56:20.349 I/BufferQueueProducer(  313): [com.tal.genie.voice/com.tal.genie.dicbook.dic.DicResultActivity#0](this:0xac38f000,id:36,api:1,p:1104,c:313) queueBuffer: fps=4.77 dur=1047.35 max=211.23 min=206.27
12-10 15:56:20.349 I/SA.AnalyticsMessages( 1104): 			"$element_selector":"android.widget.LinearLayout[0]/android.widget.FrameLayout[0]/androidx.appcompat.widget.FitWindowsLinearLayout[0]/androidx.appcompat.widget.ContentFrameLayout[0]/androidx.constraintlayout.widget.ConstraintLayout[0]/android.widget.FrameLayout[0]/androidx.constraintlayout.widget.ConstraintLayout[0]/androidx.viewpager2.widget.ViewPager2[0]/androidx.viewpager2.widget.ViewPager2.RecyclerViewImpl[0]/android.widget.FrameLayout[0]/androidx.constraintlayout.widget.ConstraintLayout[0]/androidx.constraintlayout.widget.ConstraintLayout[0]/androidx.core.widget.NestedScrollView[0]/androidx.constraintlayout.widget.ConstraintLayout[0]/com.tal.genie.dicbook.dic.view.MeaningDataView[0]/android.widget.LinearLayout[0]/androidx.recyclerview.widget.RecyclerView[0]/android.widget.RelativeLayout[0]/androidx.appcompat.widget.AppCompatImageView[0]",
12-10 15:56:20.349 I/SA.AnalyticsMessages( 1104): 			"$element_path":"android.widget.LinearLayout[0]/android.widget.FrameLayout[0]/androidx.appcompat.widget.FitWindowsLinearLayout[0]/androidx.appcompat.widget.ContentFrameLayout[0]/androidx.constraintlayout.widget.ConstraintLayout[0]/android.widget.FrameLayout[0]/com.tal.genie.dicbook.dic.fragment.DicCnIdiomFragment[0]/androidx.viewpager2.widget.ViewPager2[0]/androidx.viewpager2.widget.ViewPager2.RecyclerViewImpl[0]/android.widget.FrameLayout[0]/androidx.constraintlayout.widget.ConstraintLayout[0]/androidx.constraintlayout.widget.ConstraintLayout[0]/androidx.core.widget.NestedScrollView[0]/androidx.constraintlayout.widget.ConstraintLayout[0]/com.tal.genie.dicbook.dic.view.MeaningDataView[0]/android.widget.LinearLayout[0]/androidx.recyclerview.widget.RecyclerView[0]/android.widget.RelativeLayout[-]/androidx.appcompat.widget.AppCompatImageView[0]",
12-10 15:56:20.349 I/SA.AnalyticsMessages( 1104): 			"$element_position":"0",
12-10 15:56:20.349 I/SA.AnalyticsMessages( 1104): 			"$lib_method":"autoTrack",
12-10 15:56:20.349 I/SA.AnalyticsMessages( 1104): 			"$is_first_day":true
12-10 15:56:20.349 I/SA.AnalyticsMessages( 1104): 		},
12-10 15:56:20.349 I/SA.AnalyticsMessages( 1104): 		"_flush_time":1639122980321
12-10 15:56:20.349 I/SA.AnalyticsMessages( 1104): 	}
12-10 15:56:20.349 I/SA.AnalyticsMessages( 1104): ]
12-10 15:56:20.353 I/SA.AnalyticsMessages( 1104): Events flushed. [left = 0]
12-10 15:56:20.365 I/SurfaceFlinger(  313): [Built-in Screen (type:0)] fps:4.747663,dur:1053.15,max:211.43,min:209.79
12-10 15:56:20.462 I/tal.genie.voic( 1104): Background concurrent copying GC freed 6999(1465KB) AllocSpace objects, 91(14MB) LOS objects, 52% free, 10MB/22MB, paused 410us total 137.468ms
12-10 15:56:20.786 I/test    ( 1293): [ (UpdateManager.java:27)#update ] check code:132 name 0.3.0 12-09 18:20:07 release isRelease=false
12-10 15:56:21.383 I/BufferQueueProducer(  313): [com.tal.genie.voice/com.tal.genie.dicbook.dic.DicResultActivity#0](this:0xac38f000,id:36,api:1,p:1104,c:313) queueBuffer: fps=4.83 dur=1034.22 max=212.40 min=194.09
12-10 15:56:21.398 I/SurfaceFlinger(  313): [Built-in Screen (type:0)] fps:4.840883,dur:1032.87,max:210.34,min:193.10
12-10 15:56:21.703 E/WifiVendorHal(  634): getWifiLinkLayerStats(l.937) failed {.code = ERROR_NOT_SUPPORTED, .description = }
12-10 15:56:22.093 I/PowerWrap(  634): PowerHal_TouchBoost
12-10 15:56:22.094 I/libPowerHal(  301): 20: cpu_ctrl set freq: 2001000 -1
12-10 15:56:22.095 E/ActivityManager(  634): Sending non-protected broadcast com.genie.clickscreen from system 1104:com.tal.genie.voice/u0a30 pkg com.tal.genie.voice
12-10 15:56:22.095 E/ActivityManager(  634): java.lang.Throwable
12-10 15:56:22.095 E/ActivityManager(  634): 	at com.android.server.am.ActivityManagerService.checkBroadcastFromSystem(ActivityManagerService.java:21473)
12-10 15:56:22.095 E/ActivityManager(  634): 	at com.android.server.am.ActivityManagerService.broadcastIntentLocked(ActivityManagerService.java:21984)
12-10 15:56:22.095 E/ActivityManager(  634): 	at com.android.server.am.ActivityManagerService.broadcastIntent(ActivityManagerService.java:22227)
12-10 15:56:22.095 E/ActivityManager(  634): 	at android.app.IActivityManager$Stub.onTransact$broadcastIntent$(IActivityManager.java:10181)
12-10 15:56:22.095 E/ActivityManager(  634): 	at android.app.IActivityManager$Stub.onTransact(IActivityManager.java:167)
12-10 15:56:22.095 E/ActivityManager(  634): 	at com.android.server.am.ActivityManagerService.onTransact(ActivityManagerService.java:3350)
12-10 15:56:22.095 E/ActivityManager(  634): 	at android.os.Binder.execTransact(Binder.java:731)
12-10 15:56:22.102 W/AES     (  634): Exception Log handling...
12-10 15:56:22.103 W/AES     (  634): skip for Exp level 0
12-10 15:56:22.104 E/ActivityManager(  634): Sending non-protected broadcast com.genie.clickscreen from system 1104:com.tal.genie.voice/u0a30 pkg com.tal.genie.voice
12-10 15:56:22.104 E/ActivityManager(  634): java.lang.Throwable
12-10 15:56:22.104 E/ActivityManager(  634): 	at com.android.server.am.ActivityManagerService.checkBroadcastFromSystem(ActivityManagerService.java:21473)
12-10 15:56:22.104 E/ActivityManager(  634): 	at com.android.server.am.ActivityManagerService.broadcastIntentLocked(ActivityManagerService.java:22077)
12-10 15:56:22.104 E/ActivityManager(  634): 	at com.android.server.am.ActivityManagerService.broadcastIntent(ActivityManagerService.java:22227)
12-10 15:56:22.104 E/ActivityManager(  634): 	at android.app.IActivityManager$Stub.onTransact$broadcastIntent$(IActivityManager.java:10181)
12-10 15:56:22.104 E/ActivityManager(  634): 	at android.app.IActivityManager$Stub.onTransact(IActivityManager.java:167)
12-10 15:56:22.104 E/ActivityManager(  634): 	at com.android.server.am.ActivityManagerService.onTransact(ActivityManagerService.java:3350)
12-10 15:56:22.104 E/ActivityManager(  634): 	at android.os.Binder.execTransact(Binder.java:731)
12-10 15:56:22.106 W/AES     (  634): Exception Log handling...
12-10 15:56:22.107 W/AES     (  634): skip for Exp level 0
12-10 15:56:22.108 I/SA.PushAutoTrackHelper( 1153): SDK or push disabled.
12-10 15:56:22.109 I/LockScreenReceiver( 1153): action ::: com.genie.clickscreen
12-10 15:56:22.109 I/EyesProtectManager( 1153): [ (EyesProtectManager.java:76)#userTracked ] userTracked:  configLoaded-true protectorOn-false canUseScreen-true isUseCounting-false useBeginTime-null useSeconds-0 lockScreenTime-null unlockScreenTime- 2021-12-10 15:33:48
12-10 15:56:22.214 I/PowerWrap(  634): PowerHal_TouchBoost
12-10 15:56:22.215 E/TalkAudioHelper( 1104): androidx.appcompat.widget.AppCompatImageView{55201c7 VFED..C.. ...P.... 0,48-48,96 #7f080167 app:id/lv_item_sound}
12-10 15:56:22.216 I/TalkAudioHelper( 1104): [ (TalkAudioHelper.java:52)#stop ] stop:0
12-10 15:56:22.216 I/TtSy    ( 1104): [ (TtsPlayer.java:92)#stop ] playState:1
12-10 15:56:22.217 I/TtsManager( 1104): [ (TtsManager.java:56)#cancelTts ] cancelTts:f827b1c7-2699-4b14-9264-5e93914f120e
12-10 15:56:22.218 I/libPowerHal(  301): 20: cpu_ctrl set freq: -1 -1
12-10 15:56:22.218 I/TtsPlayer( 1104): [ (TtsPlayer.java:101)#interrupt ] interrupt:com.tal.talk.tts.TtsPlayer$AudioData@af8eab7
12-10 15:56:22.219 E/AudioTrack(  634): start(): 0x88a83700, mState = 1
12-10 15:56:22.219 I/IVoiceS ( 1104): [ (AsrEngine.java:138)#sendTtsMsg ] tts cancel:f827b1c7-2699-4b14-9264-5e93914f120e
12-10 15:56:22.225 E/tal.genie.voic( 1104): Invalid ID 0x00000041.
12-10 15:56:22.225 E/tal.genie.voic( 1104): Invalid ID 0x00000041.
12-10 15:56:22.226 E/tal.genie.voic( 1104): Invalid ID 0x00000040.
12-10 15:56:22.226 E/tal.genie.voic( 1104): Invalid ID 0x00000040.
12-10 15:56:22.231 E/AudioALSAPlaybackHandlerBase(  286): -getHardwareBufferInfo(), pcm_get_htimestamp fail, ret = -1, pcm_get_error = 
12-10 15:56:22.238 I/SA.SensorsDataAPI( 1104): track event:
12-10 15:56:22.238 I/SA.SensorsDataAPI( 1104): {
12-10 15:56:22.238 I/SA.SensorsDataAPI( 1104): 	"_track_id":573443145,
12-10 15:56:22.238 I/SA.SensorsDataAPI( 1104): 	"time":1639122982234,
12-10 15:56:22.238 I/SA.SensorsDataAPI( 1104): 	"type":"track",
12-10 15:56:22.238 I/SA.SensorsDataAPI( 1104): 	"distinct_id":"61D00121B1600029",
12-10 15:56:22.238 I/SA.SensorsDataAPI( 1104): 	"login_id":"61D00121B1600029",
12-10 15:56:22.238 I/SA.SensorsDataAPI( 1104): 	"anonymous_id":"6fe19c181203ab32",
12-10 15:56:22.238 I/SA.SensorsDataAPI( 1104): 	"lib":{
12-10 15:56:22.238 I/SA.SensorsDataAPI( 1104): 		"$lib_method":"code",
12-10 15:56:22.238 I/SA.SensorsDataAPI( 1104): 		"$lib":"Android",
12-10 15:56:22.238 I/SA.SensorsDataAPI( 1104): 		"$lib_version":"6.0.0",
12-10 15:56:22.238 I/SA.SensorsDataAPI( 1104): 		"$app_version":"0.3.0",
12-10 15:56:22.238 I/SA.SensorsDataAPI( 1104): 		"$lib_detail":"com.sensorsdata.analytics.android.sdk.AbstractSensorsDataAPI##trackEventInternal##AbstractSensorsDataAPI.java##1513"
12-10 15:56:22.238 I/SA.SensorsDataAPI( 1104): 	},
12-10 15:56:22.238 I/SA.SensorsDataAPI( 1104): 	"event":"SearchWord_Click",
12-10 15:56:22.238 I/SA.SensorsDataAPI( 1104): 	"properties":{
12-10 15:56:22.238 I/SA.SensorsDataAPI( 1104): 		"$os_version":"9",
12-10 15:56:22.238 I/SA.SensorsDataAPI( 1104): 		"$model":"S10",
12-10 15:56:22.238 I/SA.SensorsDataAPI( 1104): 		"$os":"Android",
12-10 15:56:22.238 I/SA.SensorsDataAPI( 1104): 		"$screen_width":720,
12-10 15:56:22.238 I/SA.SensorsDataAPI( 1104): 		"$brand":"ALPS",
12-10 15:56:22.238 I/SA.SensorsDataAPI( 1104): 		"$screen_height":1600,
12-10 15:56:22.238 I/SA.SensorsDataAPI( 1104): 		"$app_version":"0.3.0",
12-10 15:56:22.238 I/SA.SensorsDataAPI( 1104): 		"$lib":"Android",
12-10 15:56:22.238 I/SA.SensorsDataAPI( 1104): 		"$device_id":"6fe19c181203ab32",
12-10 15:56:22.238 I/SA.SensorsDataAPI( 1104): 		"$app_name":"语音",
12-10 15:56:22.238 I/SA.SensorsDataAPI( 1104): 		"$lib_version":"6.0.0",
12-10 15:56:22.238 I/SA.SensorsDataAPI( 1104): 		"$timezone_offset":-480,
12-10 15:56:22.238 I/SA.SensorsDataAPI( 1104): 		"$app_id":"com.tal.genie.voice",
12-10 15:56:22.238 I/SA.SensorsDataAPI( 1104): 		"$manufacturer":"ALPS",
12-10 15:56:22.238 I/SA.SensorsDataAPI( 1104): 		"userId":"1000303",
12-10 15:56:22.238 I/SA.SensorsDataAPI( 1104): 		"sn":"61D00121B1600029",
12-10 15:56:22.238 I/SA.SensorsDataAPI( 1104): 		"appId":"com.tal.genie.voice",
12-10 15:56:22.238 I/SA.SensorsDataAPI( 1104): 		"grade":"-1",
12-10 15:56:22.238 I/SA.SensorsDataAPI( 1104): 		"gender":"女",
12-10 15:56:22.238 I/SA.SensorsDataAPI( 1104): 		"age":"1970-01-01 00:00:00.000",
12-10 15:56:22.238 I/SA.SensorsDataAPI( 1104): 		"$referrer_title":"语音",
12-10 15:56:22.238 I/SA.SensorsDataAPI( 1104): 		"$wifi":true,
12-10 15:56:22.238 I/SA.SensorsDataAPI( 1104): 		"$network_type":"WIFI",
12-10 15:56:22.238 I/SA.SensorsDataAPI( 1104): 		"button":"click_sound",
12-10 15:56:22.238 I/SA.SensorsDataAPI( 1104): 		"$lib_method":"code",
12-10 15:56:22.238 I/SA.SensorsDataAPI( 1104): 		"$is_first_day":true
12-10 15:56:22.238 I/SA.SensorsDataAPI( 1104): 	}
12-10 15:56:22.238 I/SA.SensorsDataAPI( 1104): }
12-10 15:56:22.245 I/ScreenUtils( 1104): [ (ScreenUtils.java:35)#release ] release:WakeLock{613db6 held=true, refCount=1}
12-10 15:56:22.247 I/SA.SensorsDataAPI( 1104): track event:
12-10 15:56:22.247 I/SA.SensorsDataAPI( 1104): {
12-10 15:56:22.247 I/SA.SensorsDataAPI( 1104): 	"_track_id":330271040,
12-10 15:56:22.247 I/SA.SensorsDataAPI( 1104): 	"time":1639122982243,
12-10 15:56:22.247 I/SA.SensorsDataAPI( 1104): 	"type":"track",
12-10 15:56:22.247 I/SA.SensorsDataAPI( 1104): 	"distinct_id":"61D00121B1600029",
12-10 15:56:22.247 I/SA.SensorsDataAPI( 1104): 	"login_id":"61D00121B1600029",
12-10 15:56:22.247 I/SA.SensorsDataAPI( 1104): 	"anonymous_id":"6fe19c181203ab32",
12-10 15:56:22.247 I/SA.SensorsDataAPI( 1104): 	"lib":{
12-10 15:56:22.247 I/SA.SensorsDataAPI( 1104): 		"$lib_method":"autoTrack",
12-10 15:56:22.247 I/SA.SensorsDataAPI( 1104): 		"$lib":"Android",
12-10 15:56:22.247 I/SA.SensorsDataAPI( 1104): 		"$lib_version":"6.0.0",
12-10 15:56:22.247 I/SA.SensorsDataAPI( 1104): 		"$app_version":"0.3.0",
12-10 15:56:22.247 I/SA.SensorsDataAPI( 1104): 		"$lib_detail":"com.tal.genie.dicbook.dic.DicResultActivity######"
12-10 15:56:22.247 I/SA.SensorsDataAPI( 1104): 	},
12-10 15:56:22.247 I/SA.SensorsDataAPI( 1104): 	"event":"$AppClick",
12-10 15:56:22.247 I/SA.SensorsDataAPI( 1104): 	"properties":{
12-10 15:56:22.247 I/SA.SensorsDataAPI( 1104): 		"$os_version":"9",
12-10 15:56:22.247 I/SA.SensorsDataAPI( 1104): 		"$model":"S10",
12-10 15:56:22.247 I/SA.SensorsDataAPI( 1104): 		"$os":"Android",
12-10 15:56:22.247 I/SA.SensorsDataAPI( 1104): 		"$screen_width":720,
12-10 15:56:22.247 I/SA.SensorsDataAPI( 1104): 		"$brand":"ALPS",
12-10 15:56:22.247 I/SA.SensorsDataAPI( 1104): 		"$screen_height":1600,
12-10 15:56:22.247 I/SA.SensorsDataAPI( 1104): 		"$app_version":"0.3.0",
12-10 15:56:22.247 I/SA.SensorsDataAPI( 1104): 		"$lib":"Android",
12-10 15:56:22.247 I/SA.SensorsDataAPI( 1104): 		"$device_id":"6fe19c181203ab32",
12-10 15:56:22.247 I/SA.SensorsDataAPI( 1104): 		"$app_name":"语音",
12-10 15:56:22.247 I/SA.SensorsDataAPI( 1104): 		"$lib_version":"6.0.0",
12-10 15:56:22.247 I/SA.SensorsDataAPI( 1104): 		"$timezone_offset":-480,
12-10 15:56:22.247 I/SA.SensorsDataAPI( 1104): 		"$app_id":"com.tal.genie.voice",
12-10 15:56:22.247 I/SA.SensorsDataAPI( 1104): 		"$manufacturer":"ALPS",
12-10 15:56:22.247 I/SA.SensorsDataAPI( 1104): 		"userId":"1000303",
12-10 15:56:22.247 I/SA.SensorsDataAPI( 1104): 		"sn":"61D00121B1600029",
12-10 15:56:22.247 I/SA.SensorsDataAPI( 1104): 		"appId":"com.tal.genie.voice",
12-10 15:56:22.247 I/SA.SensorsDataAPI( 1104): 		"grade":"-1",
12-10 15:56:22.247 I/SA.SensorsDataAPI( 1104): 		"gender":"女",
12-10 15:56:22.247 I/SA.SensorsDataAPI( 1104): 		"age":"1970-01-01 00:00:00.000",
12-10 15:56:22.247 I/SA.SensorsDataAPI( 1104): 		"$referrer_title":"语音",
12-10 15:56:22.247 I/SA.SensorsDataAPI( 1104): 		"$wifi":true,
12-10 15:56:22.247 I/SA.SensorsDataAPI( 1104): 		"$network_type":"WIFI",
12-10 15:56:22.247 I/SA.SensorsDataAPI( 1104): 		"$element_id":"lv_item_sound",
12-10 15:56:22.247 I/SA.SensorsDataAPI( 1104): 		"$element_type":"ImageView",
12-10 15:56:22.247 I/SA.SensorsDataAPI( 1104): 		"$screen_name":"com.tal.genie.dicbook.dic.DicResultActivity|com.tal.genie.dicbook.dic.fragment.DicCnMeaningCardFragment",
12-10 15:56:22.247 I/SA.SensorsDataAPI( 1104): 		"$title":"语音",
12-10 15:56:22.247 I/SA.SensorsDataAPI( 1104): 		"$element_selector":"android.widget.LinearLayout[0]/android.widget.FrameLayout[0]/androidx.appcompat.widget.FitWindowsLinearLayout[0]/androidx.appcompat.widget.ContentFrameLayout[0]/androidx.constraintlayout.widget.ConstraintLayout[0]/android.widget.FrameLayout[0]/androidx.constraintlayout.widget.ConstraintLayout[0]/androidx.viewpager2.widget.ViewPager2[0]/androidx.viewpager2.widget.ViewPager2.RecyclerViewImpl[0]/android.widget.FrameLayout[0]/androidx.constraintlayout.widget.ConstraintLayout[0]/androidx.constraintlayout.widget.ConstraintLayout[0]/androidx.core.widget.NestedScrollView[0]/androidx.constraintlayout.widget.ConstraintLayout[0]/com.tal.genie.dicbook.dic.view.MeaningDataView[0]/android.widget.LinearLayout[0]/androidx.recyclerview.widget.RecyclerView[0]/android.widget.RelativeLayout[0]/androidx.appcompat.widget.AppCompatImageView[0]",
12-10 15:56:22.247 I/SA.SensorsDataAPI( 1104): 		"$element_path":"android.widget.LinearLayout[0]/android.widget.FrameLayout[0]/androidx.appcompat.widget.FitWindowsLinearLayout[0]/androidx.appcompat.widget.ContentFrameLayout[0]/androidx.constraintlayout.widget.ConstraintLayout[0]/android.widget.FrameLayout[0]/com.tal.genie.dicbook.dic.fragment.DicCnIdiomFragment[0]/androidx.viewpager2.widget.ViewPager2[0]/androidx.viewpager2.widget.ViewPager2.RecyclerViewImpl[0]/android.widget.FrameLayout[0]/androidx.constraintlayout.widget.ConstraintLayout[0]/androidx.constraintlayout.widget.ConstraintLayout[0]/androidx.core.widget.NestedScrollView[0]/androidx.constraintlayout.widget.ConstraintLayout[0]/com.tal.genie.dicbook.dic.view.MeaningDataView[0]/android.widget.LinearLayout[0]/androidx.recyclerview.widget.RecyclerView[0]/android.widget.RelativeLayout[-]/androidx.appcompat.widget.AppCompatImageView[0]",
12-10 15:56:22.247 I/SA.SensorsDataAPI( 1104): 		"$element_position":"0",
12-10 15:56:22.247 I/SA.SensorsDataAPI( 1104): 		"$lib_method":"autoTrack",
12-10 15:56:22.247 I/SA.SensorsDataAPI( 1104): 		"$is_first_day":true
12-10 15:56:22.247 I/SA.SensorsDataAPI( 1104): 	}
12-10 15:56:22.247 I/SA.SensorsDataAPI( 1104): }
12-10 15:56:22.249 E/TalkAudioHelper( 1104): androidx.appcompat.widget.AppCompatImageView{55201c7 VFED..C.. ........ 0,48-48,96 #7f080167 app:id/lv_item_sound}
12-10 15:56:22.387 I/LongLinkLog( 1104): [ (AsrEngine.java:59)#i ] Received WS message!! In onMessage text={"mtype":2,"response_type":200,"msg":"","request_id":"13d87f78-e1eb-4b74-9a77-b20ae55e7b3a","api_version":"0.1","asr_content":{"is_partial":false},"nlu_content":{},"tts_content":{"tts":"FQAJAPP/6P/5/wQABgADAAYABwAEAAYACQALAA4AEAARABIAEwATABQAFAATABAAEAASABQAFQAUABMAEwATABMAEAAOAA4ADQANAA0ADAALAAwADA
12-10 15:56:22.398 I/TtsManager( 1104): [ (TtsManager.java:56)#cancelTts ] cancelTts:f827b1c7-2699-4b14-9264-5e93914f120e
12-10 15:56:22.399 I/TtsPlayer( 1104): [ (TtsPlayer.java:101)#interrupt ] interrupt:com.tal.talk.tts.TtsPlayer$AudioData@af8eab7
12-10 15:56:22.399 I/LongLinkLog( 1104): [ (AsrEngine.java:59)#i ] Received WS message!! In onMessage text={"mtype":2,"response_type":200,"msg":"","request_id":"13d87f78-e1eb-4b74-9a77-b20ae55e7b3a","api_version":"0.1","asr_content":{"is_partial":false},"nlu_content":{},"tts_content":{"tts":"+//8//v//P/7//z/+//8//z/+//8//3//f/+//7//f/8//v//P/8//v//P/7//v//P/8//z//P/9//3////9//7//f/9//z//P/8//z//P/8//3//P
12-10 15:56:22.405 I/LongLinkLog( 1104): [ (AsrEngine.java:59)#i ] Received WS message!! In onMessage text={"mtype":2,"response_type":200,"msg":"","request_id":"13d87f78-e1eb-4b74-9a77-b20ae55e7b3a","api_version":"0.1","asr_content":{"is_partial":false},"nlu_content":{},"tts_content":{"tts":"AAAAAAAAAQAEAAYACQAIAAkACAAFAAcABwAEAAQABQACAAEABAAEAAIAAAAAAAEAAAAAAAEAAAAAAAIABAAEAAcACAAIAAYACAAIAAUABAAEAAEAAA
12-10 15:56:22.407 I/ScreenUtils( 1104): [ (ScreenUtils.java:28)#screenOn ] screenOn:WakeLock{409e224 held=true, refCount=1}
12-10 15:56:22.418 I/LongLinkLog( 1104): [ (AsrEngine.java:59)#i ] Received WS message!! In onMessage text={"mtype":2,"response_type":200,"msg":"","request_id":"13d87f78-e1eb-4b74-9a77-b20ae55e7b3a","api_version":"0.1","asr_content":{"is_partial":false},"nlu_content":{},"tts_content":{"tts":"H/+YAMr/nv8pARX/2//YAQ7/H/5eA+r+IP7uAQcBJP87/10AiQD0/xX/qQIk/3v+RQEzAaX+hwAPAn38EQLPAEj/FQBMAK0AEP8YAHgBEwCw/tv/eQ
12-10 15:56:22.514 I/LongLinkLog( 1104): [ (AsrEngine.java:59)#i ] Received WS message!! In onMessage text={"mtype":2,"response_type":200,"msg":"","request_id":"13d87f78-e1eb-4b74-9a77-b20ae55e7b3a","api_version":"0.1","asr_content":{"is_partial":false},"nlu_content":{},"tts_content":{"tts":"KADY/9D/1P8KAC0AgQC6/9z/gABXAGr/awAwADP/YQDqACb/DgC4AGv/BQByAFcAgP+4/7kA8f+4/5wA3f+k/7cAJwAP/3AA0wDP/7n/NADf/y0AHQ
12-10 15:56:22.521 I/LongLinkLog( 1104): [ (AsrEngine.java:59)#i ] Received WS message!! In onMessage text={"mtype":2,"response_type":200,"msg":"","request_id":"13d87f78-e1eb-4b74-9a77-b20ae55e7b3a","api_version":"0.1","asr_content":{"is_partial":false},"nlu_content":{},"tts_content":{"tts":"FAD0////DAAKAAEABgAFAAQABAABAAIAAwAFAAcACAAJAAkACgAJAAoACgAJAAgACQAKAAsACwAKAAoACwAMAA0ADQANAA4AEAARABIAEQASABQAFQ
12-10 15:56:22.538 I/LongLinkLog( 1104): [ (AsrEngine.java:59)#i ] Received WS message!! In onMessage text={"mtype":2,"response_type":200,"msg":"","request_id":"13d87f78-e1eb-4b74-9a77-b20ae55e7b3a","api_version":"0.1","asr_content":{"is_partial":false},"nlu_content":{},"tts_content":{"tts":"IAAFAAEADQAUAA8ADAAGAAQABAACAAQABAAEAAUABAAFAAUABgAHAAcABgAHAAgACQAIAAkACQAKAAkACgALAAwACwAKAAsADAAMAA0ADQAOAA4ADw
12-10 15:56:22.590 I/LongLinkLog( 1104): [ (AsrEngine.java:59)#i ] Received WS message!! In onMessage text={"mtype":2,"response_type":200,"msg":"","request_id":"13d87f78-e1eb-4b74-9a77-b20ae55e7b3a","api_version":"0.1","asr_content":{"is_partial":false},"nlu_content":{},"tts_content":{"tts":"JQACAP3/CwATAA8ADQAGAAQABQADAAUABgAFAAYABgAHAAgACQAJAAkACQAKAAoACwAKAAsACwALAAsACwAMAAwACwAKAAsACwAKAAwACwAKAAsACw
12-10 15:56:22.625 I/BufferQueueProducer(  313): [com.tal.genie.voice/com.tal.genie.dicbook.dic.DicResultActivity#0](this:0xac38f000,id:36,api:1,p:1104,c:313) queueBuffer: fps=4.03 dur=1241.31 max=391.61 min=209.71
12-10 15:56:22.642 I/SurfaceFlinger(  313): [Built-in Screen (type:0)] fps:4.020032,dur:1243.77,max:403.12,min:209.30
12-10 15:56:22.658 I/tal.genie.voic( 1104): Background concurrent copying GC freed 14718(2MB) AllocSpace objects, 124(8MB) LOS objects, 31% free, 26MB/38MB, paused 465us total 136.872ms
12-10 15:56:23.678 I/BufferQueueProducer(  313): [com.tal.genie.voice/com.tal.genie.dicbook.dic.DicResultActivity#0](this:0xac38f000,id:36,api:1,p:1104,c:313) queueBuffer: fps=4.75 dur=1053.39 max=212.88 min=209.10
12-10 15:56:23.694 I/SurfaceFlinger(  313): [Built-in Screen (type:0)] fps:4.752986,dur:1051.97,max:210.88,min:209.99
12-10 15:56:24.044 E/MtkDataShapingUtils(  634): Exception openLteGateByDataShaping  in java.lang.NullPointerException: null receiver
12-10 15:56:24.044 W/System.err(  634): java.lang.NullPointerException: null receiver
12-10 15:56:24.044 W/System.err(  634): 	at java.lang.reflect.Method.invoke(Native Method)
12-10 15:56:24.045 W/System.err(  634): 	at com.mediatek.server.MtkDataShaping.openLteGateByDataShaping(MtkDataShaping.java:36)
12-10 15:56:24.045 W/System.err(  634): 	at com.android.server.AlarmManagerService.deliverAlarmsLocked(AlarmManagerService.java:3603)
12-10 15:56:24.045 W/System.err(  634): 	at com.android.server.AlarmManagerService$AlarmThread.run(AlarmManagerService.java:3781)
12-10 15:56:24.047 E/ActivityManager(  634): Sending non-protected broadcast ALARM_ACTION(1094) from system uid 1000 pkg com.tal.genie.push
12-10 15:56:24.047 E/ActivityManager(  634): java.lang.Throwable
12-10 15:56:24.047 E/ActivityManager(  634): 	at com.android.server.am.ActivityManagerService.checkBroadcastFromSystem(ActivityManagerService.java:21477)
12-10 15:56:24.047 E/ActivityManager(  634): 	at com.android.server.am.ActivityManagerService.broadcastIntentLocked(ActivityManagerService.java:22077)
12-10 15:56:24.047 E/ActivityManager(  634): 	at com.android.server.am.ActivityManagerService.broadcastIntentInPackage(ActivityManagerService.java:22256)
12-10 15:56:24.047 E/ActivityManager(  634): 	at com.android.server.am.PendingIntentRecord.sendInner(PendingIntentRecord.java:372)
12-10 15:56:24.047 E/ActivityManager(  634): 	at com.android.server.am.PendingIntentRecord.sendWithResult(PendingIntentRecord.java:245)
12-10 15:56:24.047 E/ActivityManager(  634): 	at com.android.server.am.ActivityManagerService.sendIntentSender(ActivityManagerService.java:8613)
12-10 15:56:24.047 E/ActivityManager(  634): 	at android.app.PendingIntent.sendAndReturnResult(PendingIntent.java:892)
12-10 15:56:24.047 E/ActivityManager(  634): 	at android.app.PendingIntent.send(PendingIntent.java:874)
12-10 15:56:24.047 E/ActivityManager(  634): 	at com.android.server.AlarmManagerService$DeliveryTracker.deliverLocked(AlarmManagerService.java:4387)
12-10 15:56:24.047 E/ActivityManager(  634): 	at com.android.server.AlarmManagerService.deliverAlarmsLocked(AlarmManagerService.java:3632)
12-10 15:56:24.047 E/ActivityManager(  634): 	at com.android.server.AlarmManagerService$AlarmThread.run(AlarmManagerService.java:3781)
12-10 15:56:24.056 W/AES     (  634): Exception Log handling...
12-10 15:56:24.059 W/AES     (  634): skip for Exp level 0
12-10 15:56:24.719 E/WifiVendorHal(  634): getWifiLinkLayerStats(l.937) failed {.code = ERROR_NOT_SUPPORTED, .description = }
12-10 15:56:24.727 I/BufferQueueProducer(  313): [com.tal.genie.voice/com.tal.genie.dicbook.dic.DicResultActivity#0](this:0xac38f000,id:36,api:1,p:1104,c:313) queueBuffer: fps=4.76 dur=1049.42 max=212.38 min=207.83
12-10 15:56:24.744 I/SurfaceFlinger(  313): [Built-in Screen (type:0)] fps:4.760002,dur:1050.42,max:210.56,min:208.99
12-10 15:56:25.921 I/BufferQueueProducer(  313): [com.tal.genie.voice/com.tal.genie.dicbook.dic.DicResultActivity#0](this:0xac38f000,id:36,api:1,p:1104,c:313) queueBuffer: fps=5.03 dur=1193.41 max=212.90 min=192.55
12-10 15:56:25.936 I/SurfaceFlinger(  313): [Built-in Screen (type:0)] fps:5.033972,dur:1191.90,max:211.54,min:191.94
12-10 15:56:26.946 I/PowerWrap(  634): PowerHal_TouchBoost
12-10 15:56:26.947 I/libPowerHal(  301): 20: cpu_ctrl set freq: 2001000 -1
12-10 15:56:26.948 E/ActivityManager(  634): Sending non-protected broadcast com.genie.clickscreen from system 1104:com.tal.genie.voice/u0a30 pkg com.tal.genie.voice
12-10 15:56:26.948 E/ActivityManager(  634): java.lang.Throwable
12-10 15:56:26.948 E/ActivityManager(  634): 	at com.android.server.am.ActivityManagerService.checkBroadcastFromSystem(ActivityManagerService.java:21473)
12-10 15:56:26.948 E/ActivityManager(  634): 	at com.android.server.am.ActivityManagerService.broadcastIntentLocked(ActivityManagerService.java:21984)
12-10 15:56:26.948 E/ActivityManager(  634): 	at com.android.server.am.ActivityManagerService.broadcastIntent(ActivityManagerService.java:22227)
12-10 15:56:26.948 E/ActivityManager(  634): 	at android.app.IActivityManager$Stub.onTransact$broadcastIntent$(IActivityManager.java:10181)
12-10 15:56:26.948 E/ActivityManager(  634): 	at android.app.IActivityManager$Stub.onTransact(IActivityManager.java:167)
12-10 15:56:26.948 E/ActivityManager(  634): 	at com.android.server.am.ActivityManagerService.onTransact(ActivityManagerService.java:3350)
12-10 15:56:26.948 E/ActivityManager(  634): 	at android.os.Binder.execTransact(Binder.java:731)
12-10 15:56:26.950 E/ActivityManager(  634): Sending non-protected broadcast com.genie.clickscreen from system 1104:com.tal.genie.voice/u0a30 pkg com.tal.genie.voice
12-10 15:56:26.950 E/ActivityManager(  634): java.lang.Throwable
12-10 15:56:26.950 E/ActivityManager(  634): 	at com.android.server.am.ActivityManagerService.checkBroadcastFromSystem(ActivityManagerService.java:21473)
12-10 15:56:26.950 E/ActivityManager(  634): 	at com.android.server.am.ActivityManagerService.broadcastIntentLocked(ActivityManagerService.java:22077)
12-10 15:56:26.950 E/ActivityManager(  634): 	at com.android.server.am.ActivityManagerService.broadcastIntent(ActivityManagerService.java:22227)
12-10 15:56:26.950 E/ActivityManager(  634): 	at android.app.IActivityManager$Stub.onTransact$broadcastIntent$(IActivityManager.java:10181)
12-10 15:56:26.950 E/ActivityManager(  634): 	at android.app.IActivityManager$Stub.onTransact(IActivityManager.java:167)
12-10 15:56:26.950 E/ActivityManager(  634): 	at com.android.server.am.ActivityManagerService.onTransact(ActivityManagerService.java:3350)
12-10 15:56:26.950 E/ActivityManager(  634): 	at android.os.Binder.execTransact(Binder.java:731)
12-10 15:56:26.952 I/SA.PushAutoTrackHelper( 1153): SDK or push disabled.
12-10 15:56:26.952 I/LockScreenReceiver( 1153): action ::: com.genie.clickscreen
12-10 15:56:26.952 I/EyesProtectManager( 1153): [ (EyesProtectManager.java:76)#userTracked ] userTracked:  configLoaded-true protectorOn-false canUseScreen-true isUseCounting-false useBeginTime-null useSeconds-0 lockScreenTime-null unlockScreenTime- 2021-12-10 15:33:48
12-10 15:56:27.050 I/PowerWrap(  634): PowerHal_TouchBoost
12-10 15:56:27.051 I/libPowerHal(  301): 20: cpu_ctrl set freq: -1 -1
12-10 15:56:27.052 E/TalkAudioHelper( 1104): androidx.appcompat.widget.AppCompatImageView{55201c7 VFED..C.. ...P.... 0,48-48,96 #7f080167 app:id/lv_item_sound}
12-10 15:56:27.052 E/AudioTrack(  634): start(): 0x88a83700, mState = 1
12-10 15:56:27.052 I/TalkAudioHelper( 1104): [ (TalkAudioHelper.java:52)#stop ] stop:0
12-10 15:56:27.053 I/TtSy    ( 1104): [ (TtsPlayer.java:92)#stop ] playState:1
12-10 15:56:27.053 I/TtsManager( 1104): [ (TtsManager.java:56)#cancelTts ] cancelTts:13d87f78-e1eb-4b74-9a77-b20ae55e7b3a
12-10 15:56:27.054 I/TtsPlayer( 1104): [ (TtsPlayer.java:101)#interrupt ] interrupt:com.tal.talk.tts.TtsPlayer$AudioData@6f4718d
12-10 15:56:27.055 I/IVoiceS ( 1104): [ (AsrEngine.java:138)#sendTtsMsg ] tts cancel:13d87f78-e1eb-4b74-9a77-b20ae55e7b3a
12-10 15:56:27.058 E/tal.genie.voic( 1104): Invalid ID 0x00000041.
12-10 15:56:27.059 E/tal.genie.voic( 1104): Invalid ID 0x00000041.
12-10 15:56:27.059 E/tal.genie.voic( 1104): Invalid ID 0x00000040.
12-10 15:56:27.059 E/tal.genie.voic( 1104): Invalid ID 0x00000040.
12-10 15:56:27.065 E/AudioALSAPlaybackHandlerBase(  286): -getHardwareBufferInfo(), pcm_get_htimestamp fail, ret = -1, pcm_get_error = 
12-10 15:56:27.070 I/BufferQueueProducer(  313): [com.tal.genie.voice/com.tal.genie.dicbook.dic.DicResultActivity#0](this:0xac38f000,id:36,api:1,p:1104,c:313) queueBuffer: fps=5.22 dur=1149.43 max=209.25 min=168.16
12-10 15:56:27.072 I/SA.SensorsDataAPI( 1104): track event:
12-10 15:56:27.072 I/SA.SensorsDataAPI( 1104): {
12-10 15:56:27.072 I/SA.SensorsDataAPI( 1104): 	"_track_id":151575843,
12-10 15:56:27.072 I/SA.SensorsDataAPI( 1104): 	"time":1639122987069,
12-10 15:56:27.072 I/SA.SensorsDataAPI( 1104): 	"type":"track",
12-10 15:56:27.072 I/SA.SensorsDataAPI( 1104): 	"distinct_id":"61D00121B1600029",
12-10 15:56:27.072 I/SA.SensorsDataAPI( 1104): 	"login_id":"61D00121B1600029",
12-10 15:56:27.072 I/SA.SensorsDataAPI( 1104): 	"anonymous_id":"6fe19c181203ab32",
12-10 15:56:27.072 I/SA.SensorsDataAPI( 1104): 	"lib":{
12-10 15:56:27.072 I/SA.SensorsDataAPI( 1104): 		"$lib_method":"code",
12-10 15:56:27.072 I/SA.SensorsDataAPI( 1104): 		"$lib":"Android",
12-10 15:56:27.072 I/SA.SensorsDataAPI( 1104): 		"$lib_version":"6.0.0",
12-10 15:56:27.072 I/SA.SensorsDataAPI( 1104): 		"$app_version":"0.3.0",
12-10 15:56:27.072 I/SA.SensorsDataAPI( 1104): 		"$lib_detail":"com.sensorsdata.analytics.android.sdk.AbstractSensorsDataAPI##trackEventInternal##AbstractSensorsDataAPI.java##1513"
12-10 15:56:27.072 I/SA.SensorsDataAPI( 1104): 	},
12-10 15:56:27.072 I/SA.SensorsDataAPI( 1104): 	"event":"SearchWord_Click",
12-10 15:56:27.072 I/SA.SensorsDataAPI( 1104): 	"properties":{
12-10 15:56:27.072 I/SA.SensorsDataAPI( 1104): 		"$os_version":"9",
12-10 15:56:27.072 I/SA.SensorsDataAPI( 1104): 		"$model":"S10",
12-10 15:56:27.072 I/SA.SensorsDataAPI( 1104): 		"$os":"Android",
12-10 15:56:27.072 I/SA.SensorsDataAPI( 1104): 		"$screen_width":720,
12-10 15:56:27.072 I/SA.SensorsDataAPI( 1104): 		"$brand":"ALPS",
12-10 15:56:27.072 I/SA.SensorsDataAPI( 1104): 		"$screen_height":1600,
12-10 15:56:27.072 I/SA.SensorsDataAPI( 1104): 		"$app_version":"0.3.0",
12-10 15:56:27.072 I/SA.SensorsDataAPI( 1104): 		"$lib":"Android",
12-10 15:56:27.072 I/SA.SensorsDataAPI( 1104): 		"$device_id":"6fe19c181203ab32",
12-10 15:56:27.072 I/SA.SensorsDataAPI( 1104): 		"$app_name":"语音",
12-10 15:56:27.072 I/SA.SensorsDataAPI( 1104): 		"$lib_version":"6.0.0",
12-10 15:56:27.072 I/SA.SensorsDataAPI( 1104): 		"$timezone_offset":-480,
12-10 15:56:27.072 I/SA.SensorsDataAPI( 1104): 		"$app_id":"com.tal.genie.voice",
12-10 15:56:27.072 I/SA.SensorsDataAPI( 1104): 		"$manufacturer":"ALPS",
12-10 15:56:27.072 I/SA.SensorsDataAPI( 1104): 		"userId":"1000303",
12-10 15:56:27.072 I/SA.SensorsDataAPI( 1104): 		"sn":"61D00121B1600029",
12-10 15:56:27.072 I/SA.SensorsDataAPI( 1104): 		"appId":"com.tal.genie.voice",
12-10 15:56:27.072 I/SA.SensorsDataAPI( 1104): 		"grade":"-1",
12-10 15:56:27.072 I/SA.SensorsDataAPI( 1104): 		"gender":"女",
12-10 15:56:27.072 I/SA.SensorsDataAPI( 1104): 		"age":"1970-01-01 00:00:00.000",
12-10 15:56:27.072 I/SA.SensorsDataAPI( 1104): 		"$referrer_title":"语音",
12-10 15:56:27.072 I/SA.SensorsDataAPI( 1104): 		"$wifi":true,
12-10 15:56:27.072 I/SA.SensorsDataAPI( 1104): 		"$network_type":"WIFI",
12-10 15:56:27.072 I/SA.SensorsDataAPI( 1104): 		"button":"click_sound",
12-10 15:56:27.072 I/SA.SensorsDataAPI( 1104): 		"$lib_method":"code",
12-10 15:56:27.072 I/SA.SensorsDataAPI( 1104): 		"$is_first_day":true
12-10 15:56:27.072 I/SA.SensorsDataAPI( 1104): 	}
12-10 15:56:27.072 I/SA.SensorsDataAPI( 1104): }
12-10 15:56:27.080 I/SA.SensorsDataAPI( 1104): track event:
12-10 15:56:27.080 I/SA.SensorsDataAPI( 1104): {
12-10 15:56:27.080 I/SA.SensorsDataAPI( 1104): 	"_track_id":-303772446,
12-10 15:56:27.080 I/SA.SensorsDataAPI( 1104): 	"time":1639122987075,
12-10 15:56:27.080 I/SA.SensorsDataAPI( 1104): 	"type":"track",
12-10 15:56:27.080 I/SA.SensorsDataAPI( 1104): 	"distinct_id":"61D00121B1600029",
12-10 15:56:27.080 I/SA.SensorsDataAPI( 1104): 	"login_id":"61D00121B1600029",
12-10 15:56:27.080 I/SA.SensorsDataAPI( 1104): 	"anonymous_id":"6fe19c181203ab32",
12-10 15:56:27.080 I/SA.SensorsDataAPI( 1104): 	"lib":{
12-10 15:56:27.080 I/SA.SensorsDataAPI( 1104): 		"$lib_method":"autoTrack",
12-10 15:56:27.080 I/SA.SensorsDataAPI( 1104): 		"$lib":"Android",
12-10 15:56:27.080 I/SA.SensorsDataAPI( 1104): 		"$lib_version":"6.0.0",
12-10 15:56:27.080 I/SA.SensorsDataAPI( 1104): 		"$app_version":"0.3.0",
12-10 15:56:27.080 I/SA.SensorsDataAPI( 1104): 		"$lib_detail":"com.tal.genie.dicbook.dic.DicResultActivity######"
12-10 15:56:27.080 I/SA.SensorsDataAPI( 1104): 	},
12-10 15:56:27.080 I/SA.SensorsDataAPI( 1104): 	"event":"$AppClick",
12-10 15:56:27.080 I/SA.SensorsDataAPI( 1104): 	"properties":{
12-10 15:56:27.080 I/SA.SensorsDataAPI( 1104): 		"$os_version":"9",
12-10 15:56:27.080 I/SA.SensorsDataAPI( 1104): 		"$model":"S10",
12-10 15:56:27.080 I/SA.SensorsDataAPI( 1104): 		"$os":"Android",
12-10 15:56:27.080 I/SA.SensorsDataAPI( 1104): 		"$screen_width":720,
12-10 15:56:27.080 I/SA.SensorsDataAPI( 1104): 		"$brand":"ALPS",
12-10 15:56:27.080 I/SA.SensorsDataAPI( 1104): 		"$screen_height":1600,
12-10 15:56:27.080 I/SA.SensorsDataAPI( 1104): 		"$app_version":"0.3.0",
12-10 15:56:27.080 I/SA.SensorsDataAPI( 1104): 		"$lib":"Android",
12-10 15:56:27.080 I/SA.SensorsDataAPI( 1104): 		"$device_id":"6fe19c181203ab32",
12-10 15:56:27.080 I/SA.SensorsDataAPI( 1104): 		"$app_name":"语音",
12-10 15:56:27.080 I/SA.SensorsDataAPI( 1104): 		"$lib_version":"6.0.0",
12-10 15:56:27.080 I/SA.SensorsDataAPI( 1104): 		"$timezone_offset":-480,
12-10 15:56:27.080 I/SA.SensorsDataAPI( 1104): 		"$app_id":"com.tal.genie.voice",
12-10 15:56:27.080 I/SA.SensorsDataAPI( 1104): 		"$manufacturer":"ALPS",
12-10 15:56:27.080 I/SA.SensorsDataAPI( 1104): 		"userId":"1000303",
12-10 15:56:27.080 I/SA.SensorsDataAPI( 1104): 		"sn":"61D00121B1600029",
12-10 15:56:27.080 I/SA.SensorsDataAPI( 1104): 		"appId":"com.tal.genie.voice",
12-10 15:56:27.080 I/SA.SensorsDataAPI( 1104): 		"grade":"-1",
12-10 15:56:27.080 I/SA.SensorsDataAPI( 1104): 		"gender":"女",
12-10 15:56:27.080 I/SA.SensorsDataAPI( 1104): 		"age":"1970-01-01 00:00:00.000",
12-10 15:56:27.080 I/SA.SensorsDataAPI( 1104): 		"$referrer_title":"语音",
12-10 15:56:27.080 I/SA.SensorsDataAPI( 1104): 		"$wifi":true,
12-10 15:56:27.080 I/SA.SensorsDataAPI( 1104): 		"$network_type":"WIFI",
12-10 15:56:27.080 I/SA.SensorsDataAPI( 1104): 		"$element_id":"lv_item_sound",
12-10 15:56:27.080 I/SA.SensorsDataAPI( 1104): 		"$element_type":"ImageView",
12-10 15:56:27.080 I/SA.SensorsDataAPI( 1104): 		"$screen_name":"com.tal.genie.dicbook.dic.DicResultActivity|com.tal.genie.dicbook.dic.fragment.DicCnMeaningCardFragment",
12-10 15:56:27.080 I/SA.SensorsDataAPI( 1104): 		"$title":"语音",
12-10 15:56:27.080 I/SA.SensorsDataAPI( 1104): 		"$element_selector":"android.widget.LinearLayout[0]/android.widget.FrameLayout[0]/androidx.appcompat.widget.FitWindowsLinearLayout[0]/androidx.appcompat.widget.ContentFrameLayout[0]/androidx.constraintlayout.widget.ConstraintLayout[0]/android.widget.FrameLayout[0]/androidx.constraintlayout.widget.ConstraintLayout[0]/androidx.viewpager2.widget.ViewPager2[0]/androidx.viewpager2.widget.ViewPager2.RecyclerViewImpl[0]/android.widget.FrameLayout[0]/androidx.constraintlayout.widget.ConstraintLayout[0]/androidx.constraintlayout.widget.ConstraintLayout[0]/androidx.core.widget.NestedScrollView[0]/androidx.constraintlayout.widget.ConstraintLayout[0]/com.tal.genie.dicbook.dic.view.MeaningDataView[0]/android.widget.LinearLayout[0]/androidx.recyclerview.widget.RecyclerView[0]/android.widget.RelativeLayout[0]/androidx.appcompat.widget.AppCompatImageView[0]",
12-10 15:56:27.080 I/SA.SensorsDataAPI( 1104): 		"$element_path":"android.widget.LinearLayout[0]/android.widget.FrameLayout[0]/androidx.appcompat.widget.FitWindowsLinearLayout[0]/androidx.appcompat.widget.ContentFrameLayout[0]/androidx.constraintlayout.widget.ConstraintLayout[0]/android.widget.FrameLayout[0]/com.tal.genie.dicbook.dic.fragment.DicCnIdiomFragment[0]/androidx.viewpager2.widget.ViewPager2[0]/androidx.viewpager2.widget.ViewPager2.RecyclerViewImpl[0]/android.widget.FrameLayout[0]/androidx.constraintlayout.widget.ConstraintLayout[0]/androidx.constraintlayout.widget.ConstraintLayout[0]/androidx.core.widget.NestedScrollView[0]/androidx.constraintlayout.widget.ConstraintLayout[0]/com.tal.genie.dicbook.dic.view.MeaningDataView[0]/android.widget.LinearLayout[0]/androidx.recyclerview.widget.RecyclerView[0]/android.widget.RelativeLayout[-]/androidx.appcompat.widget.AppCompatImageView[0]",
12-10 15:56:27.080 I/SA.SensorsDataAPI( 1104): 		"$element_position":"0",
