11-17 11:41:25.909 D/MTKAudioPowerAQManager(  288): setSysInfo()+ inChannel(3) outChannel(3) rate(64) format(1) frame_size(0), mode(1), device(1)
11-17 11:41:25.909 D/MTKAudioPowerAQHandler(  288): [0xa692a300]MTKAudioPowerAQHandler()+ mPpcHdl(0xa529f140)
11-17 11:41:25.909 D/MTKAudioPowerAQManager(  288): createPowerAQHandler()- success!
11-17 11:41:25.909 D/AudioALSAHardwareResourceManager(  288): +startOutputDevice(), new_devices = 0x2, mOutputDevices = 0x0, mStartOutputDevicesCount = 0 SampleRate = 48000
11-17 11:41:25.909 D/audio_route(  288): Apply path: speaker
11-17 11:41:25.911 D/AudioALSAHardwareResourceManager(  288): -startOutputDevice(), mOutputDevices = 0x2, mStartOutputDevicesCount = 1
11-17 11:41:25.911 D/audio_route(  288): Apply path: normal-playback speaker
11-17 11:41:25.913 D/AudioALSAPlaybackHandlerBase(  288): openPcmDriverWithFlag(), pcm device = 0 flag = 0x8 mPcm = 0xa692a3e0
11-17 11:41:25.913 D/AudioVoiceUIDL(  288): [GetSRCInputParameter] mOutputSampleRate 16000,  mInputSampleRate 48000, mInChannel 2, mOutChannel, 0 format 1
11-17 11:41:25.913 D/AudioVoiceUIDL(  288): [GetSRCInputParameter] create SRC handle fail
11-17 11:41:25.913 D/AudioALSAPlaybackHandlerNormal(  288): -open()
11-17 11:41:25.913 D/AudioALSAStreamOut(  288): [primary] -open()
11-17 11:41:25.913 D/AudioALSAPlaybackHandlerNormal(  288): setScreenState, rate 4096 0.085333, mode = 1 , buffer_size = 16384, channel 2, format1
11-17 11:41:25.913 D/PowerAQLib(  288): chmix_process!
11-17 11:41:25.915 D/PowerAQLib(  288): mbdrc_process, input_bytes 8192, output_bytes 8192
11-17 11:41:25.915 D/PowerAQLib(  288): result 0, counsumed_bytes 4096, i 0, loop_cnt 2
11-17 11:41:25.915 D/PowerAQLib(  288): result 0, counsumed_bytes 4096, i 1, loop_cnt 2
11-17 11:41:25.915 D/PowerAQLib(  288): mbdrc_process, input_bytes 8192, output_bytes 8192
11-17 11:41:25.915 D/PowerAQLib(  288): bypass_process!
11-17 11:41:25.916 E/AudioALSAPlaybackHandlerBase(  288): -getHardwareBufferInfo(), pcm_get_htimestamp fail, ret = -1, pcm_get_error = 
11-17 11:41:25.917 D/PowerAQLib(  288): chmix_process!
11-17 11:41:25.918 D/PowerAQLib(  288): mbdrc_process, input_bytes 8192, output_bytes 8192
11-17 11:41:25.918 D/PowerAQLib(  288): result 0, counsumed_bytes 4096, i 0, loop_cnt 2
11-17 11:41:25.918 D/PowerAQLib(  288): result 0, counsumed_bytes 4096, i 1, loop_cnt 2
11-17 11:41:25.919 D/PowerAQLib(  288): mbdrc_process, input_bytes 8192, output_bytes 8192
11-17 11:41:25.919 D/PowerAQLib(  288): bypass_process!
11-17 11:41:25.919 D/MTKAudioPowerAQHandler(  288): processLinearRampMute() Unmute ends
11-17 11:41:25.927 D/PowerAQLib(  288): chmix_process!
11-17 11:41:25.929 D/PowerAQLib(  288): mbdrc_process, input_bytes 8192, output_bytes 8192
11-17 11:41:25.929 D/PowerAQLib(  288): result 0, counsumed_bytes 4096, i 0, loop_cnt 2
11-17 11:41:25.929 D/PowerAQLib(  288): result 0, counsumed_bytes 4096, i 1, loop_cnt 2
11-17 11:41:25.929 D/PowerAQLib(  288): mbdrc_process, input_bytes 8192, output_bytes 8192
11-17 11:41:25.929 D/PowerAQLib(  288): bypass_process!
11-17 11:41:25.938 D/PowerAQLib(  288): chmix_process!
11-17 11:41:25.939 D/PowerAQLib(  288): mbdrc_process, input_bytes 8192, output_bytes 8192
11-17 11:41:25.939 D/PowerAQLib(  288): result 0, counsumed_bytes 4096, i 0, loop_cnt 2
11-17 11:41:25.939 D/PowerAQLib(  288): result 0, counsumed_bytes 4096, i 1, loop_cnt 2
11-17 11:41:25.939 D/PowerAQLib(  288): mbdrc_process, input_bytes 8192, output_bytes 8192
11-17 11:41:25.939 D/PowerAQLib(  288): bypass_process!
11-17 11:41:25.948 D/PowerAQLib(  288): chmix_process!
11-17 11:41:25.949 D/PowerAQLib(  288): mbdrc_process, input_bytes 8192, output_bytes 8192
11-17 11:41:25.949 D/PowerAQLib(  288): result 0, counsumed_bytes 4096, i 0, loop_cnt 2
11-17 11:41:25.949 D/PowerAQLib(  288): result 0, counsumed_bytes 4096, i 1, loop_cnt 2
11-17 11:41:25.949 D/PowerAQLib(  288): mbdrc_process, input_bytes 8192, output_bytes 8192
11-17 11:41:25.950 D/PowerAQLib(  288): bypass_process!
11-17 11:41:25.958 D/PowerAQLib(  288): chmix_process!
11-17 11:41:25.959 D/PowerAQLib(  288): mbdrc_process, input_bytes 8192, output_bytes 8192
11-17 11:41:25.959 D/PowerAQLib(  288): result 0, counsumed_bytes 4096, i 0, loop_cnt 2
11-17 11:41:25.959 D/PowerAQLib(  288): result 0, counsumed_bytes 4096, i 1, loop_cnt 2
11-17 11:41:25.959 D/PowerAQLib(  288): mbdrc_process, input_bytes 8192, output_bytes 8192
11-17 11:41:25.959 D/PowerAQLib(  288): bypass_process!
11-17 11:41:25.969 D/PowerAQLib(  288): chmix_process!
11-17 11:41:25.970 D/PowerAQLib(  288): mbdrc_process, input_bytes 8192, output_bytes 8192
11-17 11:41:25.970 D/PowerAQLib(  288): result 0, counsumed_bytes 4096, i 0, loop_cnt 2
11-17 11:41:25.970 D/PowerAQLib(  288): result 0, counsumed_bytes 4096, i 1, loop_cnt 2
11-17 11:41:25.970 D/PowerAQLib(  288): mbdrc_process, input_bytes 8192, output_bytes 8192
11-17 11:41:25.971 D/PowerAQLib(  288): bypass_process!
11-17 11:41:26.005 D/AudioFlinger_Threads(  308): mixer(0xb1683b40) throttle end: throttle time(34)
11-17 11:41:26.006 D/PowerAQLib(  288): chmix_process!
11-17 11:41:26.008 D/PowerAQLib(  288): mbdrc_process, input_bytes 8192, output_bytes 8192
11-17 11:41:26.008 D/PowerAQLib(  288): result 0, counsumed_bytes 4096, i 0, loop_cnt 2
11-17 11:41:26.008 D/PowerAQLib(  288): result 0, counsumed_bytes 4096, i 1, loop_cnt 2
11-17 11:41:26.008 D/PowerAQLib(  288): mbdrc_process, input_bytes 8192, output_bytes 8192
11-17 11:41:26.008 D/PowerAQLib(  288): bypass_process!
11-17 11:41:26.017 D/PowerAQLib(  288): chmix_process!
11-17 11:41:26.018 D/PowerAQLib(  288): mbdrc_process, input_bytes 8192, output_bytes 8192
11-17 11:41:26.018 D/PowerAQLib(  288): result 0, counsumed_bytes 4096, i 0, loop_cnt 2
11-17 11:41:26.019 D/PowerAQLib(  288): result 0, counsumed_bytes 4096, i 1, loop_cnt 2
11-17 11:41:26.019 D/PowerAQLib(  288): mbdrc_process, input_bytes 8192, output_bytes 8192
11-17 11:41:26.019 D/PowerAQLib(  288): bypass_process!
11-17 11:41:26.048 D/AudioFlinger_Threads(  308): mixer(0xb1683b40) throttle end: throttle time(7)
11-17 11:41:26.048 D/PowerAQLib(  288): chmix_process!
11-17 11:41:26.050 D/PowerAQLib(  288): mbdrc_process, input_bytes 8192, output_bytes 8192
11-17 11:41:26.050 D/PowerAQLib(  288): result 0, counsumed_bytes 4096, i 0, loop_cnt 2
11-17 11:41:26.050 D/PowerAQLib(  288): result 0, counsumed_bytes 4096, i 1, loop_cnt 2
11-17 11:41:26.050 D/PowerAQLib(  288): mbdrc_process, input_bytes 8192, output_bytes 8192
11-17 11:41:26.050 D/PowerAQLib(  288): bypass_process!
11-17 11:41:26.059 D/PowerAQLib(  288): chmix_process!
11-17 11:41:26.060 D/PowerAQLib(  288): mbdrc_process, input_bytes 8192, output_bytes 8192
11-17 11:41:26.060 D/PowerAQLib(  288): result 0, counsumed_bytes 4096, i 0, loop_cnt 2
11-17 11:41:26.060 D/PowerAQLib(  288): result 0, counsumed_bytes 4096, i 1, loop_cnt 2
11-17 11:41:26.060 D/PowerAQLib(  288): mbdrc_process, input_bytes 8192, output_bytes 8192
11-17 11:41:26.060 D/PowerAQLib(  288): bypass_process!
11-17 11:41:26.071 I/LonglinkLog( 1151): [ (LonglinkLog.java:40)#i ] Received WS message!! In onMessage text={"mtype":2,"response_type":200,"msg":"","request_id":"e1a8d808-d5ef-48d6-bc23-6bbe851bb7c5","api_version":"0.1","asr_content":{"is_partial":false,"result":""},"nlu_content":{"task_type":"","show_content":"","show_nlu":""},"tts_content":{"tts":"hgAsAQwB9P+9/rL+B//n/vX/agCKAF0A0v9LAPkARwE1APz+6v89ANv/
11-17 11:41:26.081 D/TalkEventDispatcher( 1151): [ (TalkEventDispatcher.java:85)#onResultEvent ] onResultEvent:
11-17 11:41:26.082 D/IVoiceS ( 1151): [ (TalkVoiceS.java:329)#dispatchTtsResult ] tts:TtsContentBean{txt='好好学习吧', cur=1, total=2, request_id='e1a8d808-d5ef-48d6-bc23-6bbe851bb7c5'}
11-17 11:41:26.083 D/TtsManager( 1151): [ (TtsManager.java:101)#speak ] id:e1a8d808-d5ef-48d6-bc23-6bbe851bb7c5 lastId:e1a8d808-d5ef-48d6-bc23-6bbe851bb7c5
11-17 11:41:26.088 D/TtsPlayer( 1151): [ (TtsPlayer.java:94)#play ] add audio: 好好学习吧 cur:1 total:2
11-17 11:41:26.090 D/AudioFlinger_Threads(  308): mixer(0xb1683b40) throttle end: throttle time(7)
11-17 11:41:26.091 D/PowerAQLib(  288): chmix_process!
11-17 11:41:26.092 D/PowerAQLib(  288): mbdrc_process, input_bytes 8192, output_bytes 8192
11-17 11:41:26.092 D/PowerAQLib(  288): result 0, counsumed_bytes 4096, i 0, loop_cnt 2
11-17 11:41:26.093 D/PowerAQLib(  288): result 0, counsumed_bytes 4096, i 1, loop_cnt 2
11-17 11:41:26.093 D/PowerAQLib(  288): mbdrc_process, input_bytes 8192, output_bytes 8192
11-17 11:41:26.093 D/PowerAQLib(  288): bypass_process!
11-17 11:41:26.101 D/PowerAQLib(  288): chmix_process!
11-17 11:41:26.102 D/PowerAQLib(  288): mbdrc_process, input_bytes 8192, output_bytes 8192
11-17 11:41:26.103 D/PowerAQLib(  288): result 0, counsumed_bytes 4096, i 0, loop_cnt 2
11-17 11:41:26.103 D/PowerAQLib(  288): result 0, counsumed_bytes 4096, i 1, loop_cnt 2
11-17 11:41:26.103 D/PowerAQLib(  288): mbdrc_process, input_bytes 8192, output_bytes 8192
11-17 11:41:26.103 D/PowerAQLib(  288): bypass_process!
11-17 11:41:26.133 D/AudioFlinger_Threads(  308): mixer(0xb1683b40) throttle end: throttle time(7)
11-17 11:41:26.133 D/PowerAQLib(  288): chmix_process!
11-17 11:41:26.135 D/PowerAQLib(  288): mbdrc_process, input_bytes 8192, output_bytes 8192
11-17 11:41:26.135 D/PowerAQLib(  288): result 0, counsumed_bytes 4096, i 0, loop_cnt 2
11-17 11:41:26.135 D/PowerAQLib(  288): result 0, counsumed_bytes 4096, i 1, loop_cnt 2
11-17 11:41:26.135 D/PowerAQLib(  288): mbdrc_process, input_bytes 8192, output_bytes 8192
11-17 11:41:26.135 D/PowerAQLib(  288): bypass_process!
11-17 11:41:26.145 D/PowerAQLib(  288): chmix_process!
11-17 11:41:26.147 D/PowerAQLib(  288): mbdrc_process, input_bytes 8192, output_bytes 8192
11-17 11:41:26.147 D/PowerAQLib(  288): result 0, counsumed_bytes 4096, i 0, loop_cnt 2
11-17 11:41:26.147 D/PowerAQLib(  288): result 0, counsumed_bytes 4096, i 1, loop_cnt 2
11-17 11:41:26.147 D/PowerAQLib(  288): mbdrc_process, input_bytes 8192, output_bytes 8192
11-17 11:41:26.147 D/PowerAQLib(  288): bypass_process!
11-17 11:41:26.175 D/AudioFlinger_Threads(  308): mixer(0xb1683b40) throttle end: throttle time(8)
11-17 11:41:26.176 D/PowerAQLib(  288): chmix_process!
11-17 11:41:26.179 D/PowerAQLib(  288): mbdrc_process, input_bytes 8192, output_bytes 8192
11-17 11:41:26.179 D/PowerAQLib(  288): result 0, counsumed_bytes 4096, i 0, loop_cnt 2
11-17 11:41:26.179 D/PowerAQLib(  288): result 0, counsumed_bytes 4096, i 1, loop_cnt 2
11-17 11:41:26.179 D/PowerAQLib(  288): mbdrc_process, input_bytes 8192, output_bytes 8192
11-17 11:41:26.179 D/PowerAQLib(  288): bypass_process!
11-17 11:41:26.187 D/PowerAQLib(  288): chmix_process!
11-17 11:41:26.189 D/PowerAQLib(  288): mbdrc_process, input_bytes 8192, output_bytes 8192
11-17 11:41:26.189 D/PowerAQLib(  288): result 0, counsumed_bytes 4096, i 0, loop_cnt 2
11-17 11:41:26.189 D/PowerAQLib(  288): result 0, counsumed_bytes 4096, i 1, loop_cnt 2
11-17 11:41:26.189 D/PowerAQLib(  288): mbdrc_process, input_bytes 8192, output_bytes 8192
11-17 11:41:26.189 D/PowerAQLib(  288): bypass_process!
11-17 11:41:26.218 D/AudioFlinger_Threads(  308): mixer(0xb1683b40) throttle end: throttle time(7)
11-17 11:41:26.219 D/PowerAQLib(  288): chmix_process!
11-17 11:41:26.221 D/PowerAQLib(  288): mbdrc_process, input_bytes 8192, output_bytes 8192
11-17 11:41:26.221 D/PowerAQLib(  288): result 0, counsumed_bytes 4096, i 0, loop_cnt 2
11-17 11:41:26.221 D/PowerAQLib(  288): result 0, counsumed_bytes 4096, i 1, loop_cnt 2
11-17 11:41:26.221 D/PowerAQLib(  288): mbdrc_process, input_bytes 8192, output_bytes 8192
11-17 11:41:26.221 D/PowerAQLib(  288): bypass_process!
11-17 11:41:26.229 D/PowerAQLib(  288): chmix_process!
11-17 11:41:26.231 D/PowerAQLib(  288): mbdrc_process, input_bytes 8192, output_bytes 8192
11-17 11:41:26.231 D/PowerAQLib(  288): result 0, counsumed_bytes 4096, i 0, loop_cnt 2
11-17 11:41:26.231 D/PowerAQLib(  288): result 0, counsumed_bytes 4096, i 1, loop_cnt 2
11-17 11:41:26.231 D/PowerAQLib(  288): mbdrc_process, input_bytes 8192, output_bytes 8192
11-17 11:41:26.232 D/PowerAQLib(  288): bypass_process!
11-17 11:41:26.261 D/AudioFlinger_Threads(  308): mixer(0xb1683b40) throttle end: throttle time(7)
11-17 11:41:26.262 D/PowerAQLib(  288): chmix_process!
11-17 11:41:26.264 D/PowerAQLib(  288): mbdrc_process, input_bytes 8192, output_bytes 8192
11-17 11:41:26.264 D/PowerAQLib(  288): result 0, counsumed_bytes 4096, i 0, loop_cnt 2
11-17 11:41:26.264 D/PowerAQLib(  288): result 0, counsumed_bytes 4096, i 1, loop_cnt 2
11-17 11:41:26.264 D/PowerAQLib(  288): mbdrc_process, input_bytes 8192, output_bytes 8192
11-17 11:41:26.264 D/PowerAQLib(  288): bypass_process!
11-17 11:41:26.273 D/PowerAQLib(  288): chmix_process!
11-17 11:41:26.274 D/PowerAQLib(  288): mbdrc_process, input_bytes 8192, output_bytes 8192
11-17 11:41:26.274 D/PowerAQLib(  288): result 0, counsumed_bytes 4096, i 0, loop_cnt 2
11-17 11:41:26.274 D/PowerAQLib(  288): result 0, counsumed_bytes 4096, i 1, loop_cnt 2
11-17 11:41:26.275 D/PowerAQLib(  288): mbdrc_process, input_bytes 8192, output_bytes 8192
11-17 11:41:26.275 D/PowerAQLib(  288): bypass_process!
11-17 11:41:26.300 D/AudioProcessor( 1151): [ (AudioProcessor.java:181)#sendDataToJNI4 ] type:3 isHeating:false
11-17 11:41:26.303 D/AudioFlinger_Threads(  308): mixer(0xb1683b40) throttle end: throttle time(7)
11-17 11:41:26.304 D/PowerAQLib(  288): chmix_process!
11-17 11:41:26.306 D/PowerAQLib(  288): mbdrc_process, input_bytes 8192, output_bytes 8192
11-17 11:41:26.306 D/PowerAQLib(  288): result 0, counsumed_bytes 4096, i 0, loop_cnt 2
11-17 11:41:26.306 D/PowerAQLib(  288): result 0, counsumed_bytes 4096, i 1, loop_cnt 2
11-17 11:41:26.306 D/PowerAQLib(  288): mbdrc_process, input_bytes 8192, output_bytes 8192
11-17 11:41:26.306 D/PowerAQLib(  288): bypass_process!
11-17 11:41:26.315 D/PowerAQLib(  288): chmix_process!
11-17 11:41:26.317 D/PowerAQLib(  288): mbdrc_process, input_bytes 8192, output_bytes 8192
11-17 11:41:26.317 D/PowerAQLib(  288): result 0, counsumed_bytes 4096, i 0, loop_cnt 2
11-17 11:41:26.317 D/PowerAQLib(  288): result 0, counsumed_bytes 4096, i 1, loop_cnt 2
11-17 11:41:26.317 D/PowerAQLib(  288): mbdrc_process, input_bytes 8192, output_bytes 8192
11-17 11:41:26.317 D/PowerAQLib(  288): bypass_process!
11-17 11:41:26.346 D/AudioFlinger_Threads(  308): mixer(0xb1683b40) throttle end: throttle time(8)
11-17 11:41:26.347 D/PowerAQLib(  288): chmix_process!
11-17 11:41:26.349 D/PowerAQLib(  288): mbdrc_process, input_bytes 8192, output_bytes 8192
11-17 11:41:26.349 D/PowerAQLib(  288): result 0, counsumed_bytes 4096, i 0, loop_cnt 2
11-17 11:41:26.350 D/PowerAQLib(  288): result 0, counsumed_bytes 4096, i 1, loop_cnt 2
11-17 11:41:26.350 D/PowerAQLib(  288): mbdrc_process, input_bytes 8192, output_bytes 8192
11-17 11:41:26.350 D/PowerAQLib(  288): bypass_process!
11-17 11:41:26.358 D/PowerAQLib(  288): chmix_process!
11-17 11:41:26.359 D/PowerAQLib(  288): mbdrc_process, input_bytes 8192, output_bytes 8192
11-17 11:41:26.359 D/PowerAQLib(  288): result 0, counsumed_bytes 4096, i 0, loop_cnt 2
11-17 11:41:26.359 D/PowerAQLib(  288): result 0, counsumed_bytes 4096, i 1, loop_cnt 2
11-17 11:41:26.359 D/PowerAQLib(  288): mbdrc_process, input_bytes 8192, output_bytes 8192
11-17 11:41:26.359 D/PowerAQLib(  288): bypass_process!
11-17 11:41:26.363 D/AudioProcessor( 1151): [ (AudioProcessor.java:181)#sendDataToJNI4 ] type:0 isHeating:false
11-17 11:41:26.364 D/IVoiceS ( 1151): [ (TalkVoiceS.java:207)#onNoVoice ] onNoVoice:
11-17 11:41:26.389 D/AudioFlinger_Threads(  308): mixer(0xb1683b40) throttle end: throttle time(6)
11-17 11:41:26.390 D/PowerAQLib(  288): chmix_process!
11-17 11:41:26.393 D/PowerAQLib(  288): mbdrc_process, input_bytes 8192, output_bytes 8192
11-17 11:41:26.394 D/PowerAQLib(  288): result 0, counsumed_bytes 4096, i 0, loop_cnt 2
11-17 11:41:26.394 D/PowerAQLib(  288): result 0, counsumed_bytes 4096, i 1, loop_cnt 2
11-17 11:41:26.394 D/PowerAQLib(  288): mbdrc_process, input_bytes 8192, output_bytes 8192
11-17 11:41:26.394 D/PowerAQLib(  288): bypass_process!
11-17 11:41:26.398 D/AudioALSAStreamOut(  288): [primary] dump()
11-17 11:41:26.400 D/AudioALSAStreamOut(  288): [primary] dump()
11-17 11:41:26.401 D/PowerAQLib(  288): chmix_process!
11-17 11:41:26.404 D/PowerAQLib(  288): mbdrc_process, input_bytes 8192, output_bytes 8192
11-17 11:41:26.404 D/PowerAQLib(  288): result 0, counsumed_bytes 4096, i 0, loop_cnt 2
11-17 11:41:26.405 D/PowerAQLib(  288): result 0, counsumed_bytes 4096, i 1, loop_cnt 2
11-17 11:41:26.405 D/PowerAQLib(  288): mbdrc_process, input_bytes 8192, output_bytes 8192
11-17 11:41:26.405 D/PowerAQLib(  288): bypass_process!
11-17 11:41:26.432 D/AudioFlinger_Threads(  308): mixer(0xb1683b40) throttle end: throttle time(5)
11-17 11:41:26.433 D/PowerAQLib(  288): chmix_process!
11-17 11:41:26.436 D/PowerAQLib(  288): mbdrc_process, input_bytes 8192, output_bytes 8192
11-17 11:41:26.436 D/PowerAQLib(  288): result 0, counsumed_bytes 4096, i 0, loop_cnt 2
11-17 11:41:26.436 D/PowerAQLib(  288): result 0, counsumed_bytes 4096, i 1, loop_cnt 2
11-17 11:41:26.436 D/PowerAQLib(  288): mbdrc_process, input_bytes 8192, output_bytes 8192
11-17 11:41:26.436 D/PowerAQLib(  288): bypass_process!
11-17 11:41:26.443 D/PowerAQLib(  288): chmix_process!
11-17 11:41:26.446 D/PowerAQLib(  288): mbdrc_process, input_bytes 8192, output_bytes 8192
11-17 11:41:26.447 D/PowerAQLib(  288): result 0, counsumed_bytes 4096, i 0, loop_cnt 2
11-17 11:41:26.447 D/PowerAQLib(  288): result 0, counsumed_bytes 4096, i 1, loop_cnt 2
11-17 11:41:26.447 D/PowerAQLib(  288): mbdrc_process, input_bytes 8192, output_bytes 8192
11-17 11:41:26.447 D/PowerAQLib(  288): bypass_process!
11-17 11:41:26.474 D/AudioFlinger_Threads(  308): mixer(0xb1683b40) throttle end: throttle time(5)
11-17 11:41:26.476 D/PowerAQLib(  288): chmix_process!
11-17 11:41:26.479 D/PowerAQLib(  288): mbdrc_process, input_bytes 8192, output_bytes 8192
11-17 11:41:26.479 D/PowerAQLib(  288): result 0, counsumed_bytes 4096, i 0, loop_cnt 2
11-17 11:41:26.479 D/PowerAQLib(  288): result 0, counsumed_bytes 4096, i 1, loop_cnt 2
11-17 11:41:26.479 D/PowerAQLib(  288): mbdrc_process, input_bytes 8192, output_bytes 8192
11-17 11:41:26.479 D/PowerAQLib(  288): bypass_process!
11-17 11:41:26.487 D/PowerAQLib(  288): chmix_process!
11-17 11:41:26.490 D/PowerAQLib(  288): mbdrc_process, input_bytes 8192, output_bytes 8192
11-17 11:41:26.490 D/PowerAQLib(  288): result 0, counsumed_bytes 4096, i 0, loop_cnt 2
11-17 11:41:26.490 D/PowerAQLib(  288): result 0, counsumed_bytes 4096, i 1, loop_cnt 2
11-17 11:41:26.490 D/PowerAQLib(  288): mbdrc_process, input_bytes 8192, output_bytes 8192
11-17 11:41:26.490 D/PowerAQLib(  288): bypass_process!
11-17 11:41:26.510 W/WindowManager(  629): removeWindowToken: Attempted to remove non-existing token: android.os.Binder@2b961f6
11-17 11:41:26.517 D/AudioFlinger_Threads(  308): mixer(0xb1683b40) throttle end: throttle time(5)
11-17 11:41:26.518 D/PowerAQLib(  288): chmix_process!
11-17 11:41:26.520 D/PowerAQLib(  288): mbdrc_process, input_bytes 8192, output_bytes 8192
11-17 11:41:26.520 D/PowerAQLib(  288): result 0, counsumed_bytes 4096, i 0, loop_cnt 2
11-17 11:41:26.520 D/PowerAQLib(  288): result 0, counsumed_bytes 4096, i 1, loop_cnt 2
11-17 11:41:26.520 D/PowerAQLib(  288): mbdrc_process, input_bytes 8192, output_bytes 8192
11-17 11:41:26.520 D/PowerAQLib(  288): bypass_process!
11-17 11:41:26.529 D/PowerAQLib(  288): chmix_process!
11-17 11:41:26.533 D/PowerAQLib(  288): mbdrc_process, input_bytes 8192, output_bytes 8192
11-17 11:41:26.533 D/PowerAQLib(  288): result 0, counsumed_bytes 4096, i 0, loop_cnt 2
11-17 11:41:26.533 D/PowerAQLib(  288): result 0, counsumed_bytes 4096, i 1, loop_cnt 2
11-17 11:41:26.533 D/PowerAQLib(  288): mbdrc_process, input_bytes 8192, output_bytes 8192
11-17 11:41:26.533 D/PowerAQLib(  288): bypass_process!
11-17 11:41:26.560 D/AudioFlinger_Threads(  308): mixer(0xb1683b40) throttle end: throttle time(7)
11-17 11:41:26.561 D/PowerAQLib(  288): chmix_process!
11-17 11:41:26.564 D/PowerAQLib(  288): mbdrc_process, input_bytes 8192, output_bytes 8192
11-17 11:41:26.565 D/PowerAQLib(  288): result 0, counsumed_bytes 4096, i 0, loop_cnt 2
11-17 11:41:26.565 D/PowerAQLib(  288): result 0, counsumed_bytes 4096, i 1, loop_cnt 2
11-17 11:41:26.565 D/PowerAQLib(  288): mbdrc_process, input_bytes 8192, output_bytes 8192
11-17 11:41:26.565 D/PowerAQLib(  288): bypass_process!
11-17 11:41:26.572 D/PowerAQLib(  288): chmix_process!
11-17 11:41:26.575 D/PowerAQLib(  288): mbdrc_process, input_bytes 8192, output_bytes 8192
11-17 11:41:26.575 D/PowerAQLib(  288): result 0, counsumed_bytes 4096, i 0, loop_cnt 2
11-17 11:41:26.575 D/PowerAQLib(  288): result 0, counsumed_bytes 4096, i 1, loop_cnt 2
11-17 11:41:26.575 D/PowerAQLib(  288): mbdrc_process, input_bytes 8192, output_bytes 8192
11-17 11:41:26.575 D/PowerAQLib(  288): bypass_process!
11-17 11:41:26.602 D/AudioFlinger_Threads(  308): mixer(0xb1683b40) throttle end: throttle time(5)
11-17 11:41:26.604 D/PowerAQLib(  288): chmix_process!
11-17 11:41:26.607 D/PowerAQLib(  288): mbdrc_process, input_bytes 8192, output_bytes 8192
11-17 11:41:26.607 D/PowerAQLib(  288): result 0, counsumed_bytes 4096, i 0, loop_cnt 2
11-17 11:41:26.607 D/PowerAQLib(  288): result 0, counsumed_bytes 4096, i 1, loop_cnt 2
11-17 11:41:26.607 D/PowerAQLib(  288): mbdrc_process, input_bytes 8192, output_bytes 8192
11-17 11:41:26.607 D/PowerAQLib(  288): bypass_process!
11-17 11:41:26.614 D/PowerAQLib(  288): chmix_process!
11-17 11:41:26.618 D/PowerAQLib(  288): mbdrc_process, input_bytes 8192, output_bytes 8192
11-17 11:41:26.618 D/PowerAQLib(  288): result 0, counsumed_bytes 4096, i 0, loop_cnt 2
11-17 11:41:26.618 D/PowerAQLib(  288): result 0, counsumed_bytes 4096, i 1, loop_cnt 2
11-17 11:41:26.618 D/PowerAQLib(  288): mbdrc_process, input_bytes 8192, output_bytes 8192
11-17 11:41:26.618 D/PowerAQLib(  288): bypass_process!
11-17 11:41:26.645 D/AudioFlinger_Threads(  308): mixer(0xb1683b40) throttle end: throttle time(5)
11-17 11:41:26.647 D/PowerAQLib(  288): chmix_process!
11-17 11:41:26.650 D/PowerAQLib(  288): mbdrc_process, input_bytes 8192, output_bytes 8192
11-17 11:41:26.651 D/PowerAQLib(  288): result 0, counsumed_bytes 4096, i 0, loop_cnt 2
11-17 11:41:26.651 D/PowerAQLib(  288): result 0, counsumed_bytes 4096, i 1, loop_cnt 2
11-17 11:41:26.651 D/PowerAQLib(  288): mbdrc_process, input_bytes 8192, output_bytes 8192
11-17 11:41:26.651 D/PowerAQLib(  288): bypass_process!
11-17 11:41:26.657 D/PowerAQLib(  288): chmix_process!
11-17 11:41:26.660 D/PowerAQLib(  288): mbdrc_process, input_bytes 8192, output_bytes 8192
11-17 11:41:26.660 D/PowerAQLib(  288): result 0, counsumed_bytes 4096, i 0, loop_cnt 2
11-17 11:41:26.661 D/PowerAQLib(  288): result 0, counsumed_bytes 4096, i 1, loop_cnt 2
11-17 11:41:26.661 D/PowerAQLib(  288): mbdrc_process, input_bytes 8192, output_bytes 8192
11-17 11:41:26.661 D/PowerAQLib(  288): bypass_process!
11-17 11:41:26.688 D/AudioFlinger_Threads(  308): mixer(0xb1683b40) throttle end: throttle time(4)
11-17 11:41:26.689 D/PowerAQLib(  288): chmix_process!
11-17 11:41:26.692 D/PowerAQLib(  288): mbdrc_process, input_bytes 8192, output_bytes 8192
11-17 11:41:26.692 D/PowerAQLib(  288): result 0, counsumed_bytes 4096, i 0, loop_cnt 2
11-17 11:41:26.693 D/PowerAQLib(  288): result 0, counsumed_bytes 4096, i 1, loop_cnt 2
11-17 11:41:26.693 D/PowerAQLib(  288): mbdrc_process, input_bytes 8192, output_bytes 8192
11-17 11:41:26.693 D/PowerAQLib(  288): bypass_process!
11-17 11:41:26.700 D/PowerAQLib(  288): chmix_process!
11-17 11:41:26.702 D/PowerAQLib(  288): mbdrc_process, input_bytes 8192, output_bytes 8192
11-17 11:41:26.703 D/PowerAQLib(  288): result 0, counsumed_bytes 4096, i 0, loop_cnt 2
11-17 11:41:26.703 D/PowerAQLib(  288): result 0, counsumed_bytes 4096, i 1, loop_cnt 2
11-17 11:41:26.703 D/PowerAQLib(  288): mbdrc_process, input_bytes 8192, output_bytes 8192
11-17 11:41:26.703 D/PowerAQLib(  288): bypass_process!
11-17 11:41:26.730 D/AudioFlinger_Threads(  308): mixer(0xb1683b40) throttle end: throttle time(5)
11-17 11:41:26.732 D/PowerAQLib(  288): chmix_process!
11-17 11:41:26.735 D/PowerAQLib(  288): mbdrc_process, input_bytes 8192, output_bytes 8192
11-17 11:41:26.736 D/PowerAQLib(  288): result 0, counsumed_bytes 4096, i 0, loop_cnt 2
11-17 11:41:26.736 D/PowerAQLib(  288): result 0, counsumed_bytes 4096, i 1, loop_cnt 2
11-17 11:41:26.736 D/PowerAQLib(  288): mbdrc_process, input_bytes 8192, output_bytes 8192
11-17 11:41:26.736 D/PowerAQLib(  288): bypass_process!
11-17 11:41:26.742 D/PowerAQLib(  288): chmix_process!
11-17 11:41:26.745 D/PowerAQLib(  288): mbdrc_process, input_bytes 8192, output_bytes 8192
11-17 11:41:26.745 D/PowerAQLib(  288): result 0, counsumed_bytes 4096, i 0, loop_cnt 2
11-17 11:41:26.745 D/PowerAQLib(  288): result 0, counsumed_bytes 4096, i 1, loop_cnt 2
11-17 11:41:26.745 D/PowerAQLib(  288): mbdrc_process, input_bytes 8192, output_bytes 8192
11-17 11:41:26.745 D/PowerAQLib(  288): bypass_process!
11-17 11:41:26.773 D/AudioFlinger_Threads(  308): mixer(0xb1683b40) throttle end: throttle time(5)
11-17 11:41:26.774 D/PowerAQLib(  288): chmix_process!
11-17 11:41:26.778 D/PowerAQLib(  288): mbdrc_process, input_bytes 8192, output_bytes 8192
11-17 11:41:26.778 D/PowerAQLib(  288): result 0, counsumed_bytes 4096, i 0, loop_cnt 2
11-17 11:41:26.778 D/PowerAQLib(  288): result 0, counsumed_bytes 4096, i 1, loop_cnt 2
11-17 11:41:26.778 D/PowerAQLib(  288): mbdrc_process, input_bytes 8192, output_bytes 8192
11-17 11:41:26.778 D/PowerAQLib(  288): bypass_process!
11-17 11:41:26.785 D/PowerAQLib(  288): chmix_process!
11-17 11:41:26.788 D/PowerAQLib(  288): mbdrc_process, input_bytes 8192, output_bytes 8192
11-17 11:41:26.788 D/PowerAQLib(  288): result 0, counsumed_bytes 4096, i 0, loop_cnt 2
11-17 11:41:26.788 D/PowerAQLib(  288): result 0, counsumed_bytes 4096, i 1, loop_cnt 2
11-17 11:41:26.788 D/PowerAQLib(  288): mbdrc_process, input_bytes 8192, output_bytes 8192
11-17 11:41:26.788 D/PowerAQLib(  288): bypass_process!
11-17 11:41:26.816 D/AudioFlinger_Threads(  308): mixer(0xb1683b40) throttle end: throttle time(5)
11-17 11:41:26.817 D/PowerAQLib(  288): chmix_process!
11-17 11:41:26.821 D/PowerAQLib(  288): mbdrc_process, input_bytes 8192, output_bytes 8192
11-17 11:41:26.821 D/PowerAQLib(  288): result 0, counsumed_bytes 4096, i 0, loop_cnt 2
11-17 11:41:26.821 D/PowerAQLib(  288): result 0, counsumed_bytes 4096, i 1, loop_cnt 2
11-17 11:41:26.821 D/PowerAQLib(  288): mbdrc_process, input_bytes 8192, output_bytes 8192
11-17 11:41:26.821 D/PowerAQLib(  288): bypass_process!
11-17 11:41:26.828 D/PowerAQLib(  288): chmix_process!
11-17 11:41:26.832 D/PowerAQLib(  288): mbdrc_process, input_bytes 8192, output_bytes 8192
11-17 11:41:26.832 D/PowerAQLib(  288): result 0, counsumed_bytes 4096, i 0, loop_cnt 2
11-17 11:41:26.832 D/PowerAQLib(  288): result 0, counsumed_bytes 4096, i 1, loop_cnt 2
11-17 11:41:26.832 D/PowerAQLib(  288): mbdrc_process, input_bytes 8192, output_bytes 8192
11-17 11:41:26.832 D/PowerAQLib(  288): bypass_process!
11-17 11:41:26.858 D/AudioFlinger_Threads(  308): mixer(0xb1683b40) throttle end: throttle time(4)
11-17 11:41:26.860 D/PowerAQLib(  288): chmix_process!
11-17 11:41:26.863 D/PowerAQLib(  288): mbdrc_process, input_bytes 8192, output_bytes 8192
11-17 11:41:26.863 D/PowerAQLib(  288): result 0, counsumed_bytes 4096, i 0, loop_cnt 2
11-17 11:41:26.863 D/PowerAQLib(  288): result 0, counsumed_bytes 4096, i 1, loop_cnt 2
11-17 11:41:26.863 D/PowerAQLib(  288): mbdrc_process, input_bytes 8192, output_bytes 8192
11-17 11:41:26.863 D/PowerAQLib(  288): bypass_process!
11-17 11:41:26.870 D/PowerAQLib(  288): chmix_process!
11-17 11:41:26.874 D/PowerAQLib(  288): mbdrc_process, input_bytes 8192, output_bytes 8192
11-17 11:41:26.874 D/PowerAQLib(  288): result 0, counsumed_bytes 4096, i 0, loop_cnt 2
11-17 11:41:26.874 D/PowerAQLib(  288): result 0, counsumed_bytes 4096, i 1, loop_cnt 2
11-17 11:41:26.874 D/PowerAQLib(  288): mbdrc_process, input_bytes 8192, output_bytes 8192
11-17 11:41:26.874 D/PowerAQLib(  288): bypass_process!
11-17 11:41:26.901 D/AudioFlinger_Threads(  308): mixer(0xb1683b40) throttle end: throttle time(5)
11-17 11:41:26.902 D/PowerAQLib(  288): chmix_process!
11-17 11:41:26.906 D/PowerAQLib(  288): mbdrc_process, input_bytes 8192, output_bytes 8192
11-17 11:41:26.906 D/PowerAQLib(  288): result 0, counsumed_bytes 4096, i 0, loop_cnt 2
11-17 11:41:26.906 D/PowerAQLib(  288): result 0, counsumed_bytes 4096, i 1, loop_cnt 2
11-17 11:41:26.906 D/PowerAQLib(  288): mbdrc_process, input_bytes 8192, output_bytes 8192
11-17 11:41:26.907 D/PowerAQLib(  288): bypass_process!
11-17 11:41:26.913 D/PowerAQLib(  288): chmix_process!
11-17 11:41:26.917 D/PowerAQLib(  288): mbdrc_process, input_bytes 8192, output_bytes 8192
11-17 11:41:26.917 D/PowerAQLib(  288): result 0, counsumed_bytes 4096, i 0, loop_cnt 2
11-17 11:41:26.917 D/PowerAQLib(  288): result 0, counsumed_bytes 4096, i 1, loop_cnt 2
11-17 11:41:26.917 D/PowerAQLib(  288): mbdrc_process, input_bytes 8192, output_bytes 8192
11-17 11:41:26.917 D/PowerAQLib(  288): bypass_process!
11-17 11:41:26.944 D/AudioFlinger_Threads(  308): mixer(0xb1683b40) throttle end: throttle time(4)
11-17 11:41:26.945 D/PowerAQLib(  288): chmix_process!
11-17 11:41:26.948 D/PowerAQLib(  288): mbdrc_process, input_bytes 8192, output_bytes 8192
11-17 11:41:26.948 D/PowerAQLib(  288): result 0, counsumed_bytes 4096, i 0, loop_cnt 2
11-17 11:41:26.948 D/PowerAQLib(  288): result 0, counsumed_bytes 4096, i 1, loop_cnt 2
11-17 11:41:26.948 D/PowerAQLib(  288): mbdrc_process, input_bytes 8192, output_bytes 8192
11-17 11:41:26.948 D/PowerAQLib(  288): bypass_process!
11-17 11:41:26.956 D/PowerAQLib(  288): chmix_process!
11-17 11:41:26.959 D/PowerAQLib(  288): mbdrc_process, input_bytes 8192, output_bytes 8192
11-17 11:41:26.959 D/PowerAQLib(  288): result 0, counsumed_bytes 4096, i 0, loop_cnt 2
11-17 11:41:26.959 D/PowerAQLib(  288): result 0, counsumed_bytes 4096, i 1, loop_cnt 2
11-17 11:41:26.959 D/PowerAQLib(  288): mbdrc_process, input_bytes 8192, output_bytes 8192
11-17 11:41:26.959 D/PowerAQLib(  288): bypass_process!
11-17 11:41:26.986 D/AudioFlinger_Threads(  308): mixer(0xb1683b40) throttle end: throttle time(5)
11-17 11:41:26.988 D/PowerAQLib(  288): chmix_process!
11-17 11:41:26.992 D/PowerAQLib(  288): mbdrc_process, input_bytes 8192, output_bytes 8192
11-17 11:41:26.992 D/PowerAQLib(  288): result 0, counsumed_bytes 4096, i 0, loop_cnt 2
11-17 11:41:26.992 D/PowerAQLib(  288): result 0, counsumed_bytes 4096, i 1, loop_cnt 2
11-17 11:41:26.992 D/PowerAQLib(  288): mbdrc_process, input_bytes 8192, output_bytes 8192
11-17 11:41:26.992 D/PowerAQLib(  288): bypass_process!
11-17 11:41:26.998 D/PowerAQLib(  288): chmix_process!
11-17 11:41:27.002 D/PowerAQLib(  288): mbdrc_process, input_bytes 8192, output_bytes 8192
11-17 11:41:27.002 D/PowerAQLib(  288): result 0, counsumed_bytes 4096, i 0, loop_cnt 2
11-17 11:41:27.002 D/PowerAQLib(  288): result 0, counsumed_bytes 4096, i 1, loop_cnt 2
11-17 11:41:27.002 D/PowerAQLib(  288): mbdrc_process, input_bytes 8192, output_bytes 8192
11-17 11:41:27.002 D/PowerAQLib(  288): bypass_process!
11-17 11:41:27.029 D/AudioFlinger_Threads(  308): mixer(0xb1683b40) throttle end: throttle time(4)
11-17 11:41:27.031 D/PowerAQLib(  288): chmix_process!
11-17 11:41:27.034 D/PowerAQLib(  288): mbdrc_process, input_bytes 8192, output_bytes 8192
11-17 11:41:27.034 D/PowerAQLib(  288): result 0, counsumed_bytes 4096, i 0, loop_cnt 2
11-17 11:41:27.034 D/PowerAQLib(  288): result 0, counsumed_bytes 4096, i 1, loop_cnt 2
11-17 11:41:27.034 D/PowerAQLib(  288): mbdrc_process, input_bytes 8192, output_bytes 8192
11-17 11:41:27.034 D/PowerAQLib(  288): bypass_process!
11-17 11:41:27.042 D/PowerAQLib(  288): chmix_process!
11-17 11:41:27.046 D/PowerAQLib(  288): mbdrc_process, input_bytes 8192, output_bytes 8192
11-17 11:41:27.047 D/PowerAQLib(  288): result 0, counsumed_bytes 4096, i 0, loop_cnt 2
11-17 11:41:27.047 D/PowerAQLib(  288): result 0, counsumed_bytes 4096, i 1, loop_cnt 2
11-17 11:41:27.047 D/PowerAQLib(  288): mbdrc_process, input_bytes 8192, output_bytes 8192
11-17 11:41:27.047 D/PowerAQLib(  288): bypass_process!
11-17 11:41:27.072 D/AudioFlinger_Threads(  308): mixer(0xb1683b40) throttle end: throttle time(5)
11-17 11:41:27.073 D/PowerAQLib(  288): chmix_process!
11-17 11:41:27.076 D/PowerAQLib(  288): mbdrc_process, input_bytes 8192, output_bytes 8192
11-17 11:41:27.076 D/PowerAQLib(  288): result 0, counsumed_bytes 4096, i 0, loop_cnt 2
11-17 11:41:27.076 D/PowerAQLib(  288): result 0, counsumed_bytes 4096, i 1, loop_cnt 2
11-17 11:41:27.076 D/PowerAQLib(  288): mbdrc_process, input_bytes 8192, output_bytes 8192
11-17 11:41:27.076 D/PowerAQLib(  288): bypass_process!
11-17 11:41:27.083 D/PowerAQLib(  288): chmix_process!
11-17 11:41:27.086 D/PowerAQLib(  288): mbdrc_process, input_bytes 8192, output_bytes 8192
11-17 11:41:27.086 D/PowerAQLib(  288): result 0, counsumed_bytes 4096, i 0, loop_cnt 2
11-17 11:41:27.087 D/PowerAQLib(  288): result 0, counsumed_bytes 4096, i 1, loop_cnt 2
11-17 11:41:27.087 D/PowerAQLib(  288): mbdrc_process, input_bytes 8192, output_bytes 8192
11-17 11:41:27.087 D/PowerAQLib(  288): bypass_process!
11-17 11:41:27.114 D/AudioFlinger_Threads(  308): mixer(0xb1683b40) throttle end: throttle time(5)
11-17 11:41:27.116 D/PowerAQLib(  288): chmix_process!
11-17 11:41:27.119 D/PowerAQLib(  288): mbdrc_process, input_bytes 8192, output_bytes 8192
11-17 11:41:27.119 D/PowerAQLib(  288): result 0, counsumed_bytes 4096, i 0, loop_cnt 2
11-17 11:41:27.119 D/PowerAQLib(  288): result 0, counsumed_bytes 4096, i 1, loop_cnt 2
11-17 11:41:27.119 D/PowerAQLib(  288): mbdrc_process, input_bytes 8192, output_bytes 8192
11-17 11:41:27.119 D/PowerAQLib(  288): bypass_process!
11-17 11:41:27.126 D/PowerAQLib(  288): chmix_process!
11-17 11:41:27.129 D/PowerAQLib(  288): mbdrc_process, input_bytes 8192, output_bytes 8192
11-17 11:41:27.130 D/PowerAQLib(  288): result 0, counsumed_bytes 4096, i 0, loop_cnt 2
11-17 11:41:27.130 D/PowerAQLib(  288): result 0, counsumed_bytes 4096, i 1, loop_cnt 2
11-17 11:41:27.130 D/PowerAQLib(  288): mbdrc_process, input_bytes 8192, output_bytes 8192
11-17 11:41:27.130 D/PowerAQLib(  288): bypass_process!
11-17 11:41:27.157 D/AudioFlinger_Threads(  308): mixer(0xb1683b40) throttle end: throttle time(5)
11-17 11:41:27.158 D/PowerAQLib(  288): chmix_process!
11-17 11:41:27.161 D/PowerAQLib(  288): mbdrc_process, input_bytes 8192, output_bytes 8192
11-17 11:41:27.162 D/PowerAQLib(  288): result 0, counsumed_bytes 4096, i 0, loop_cnt 2
11-17 11:41:27.162 D/PowerAQLib(  288): result 0, counsumed_bytes 4096, i 1, loop_cnt 2
11-17 11:41:27.162 D/PowerAQLib(  288): mbdrc_process, input_bytes 8192, output_bytes 8192
11-17 11:41:27.162 D/PowerAQLib(  288): bypass_process!
11-17 11:41:27.169 D/PowerAQLib(  288): chmix_process!
11-17 11:41:27.172 D/PowerAQLib(  288): mbdrc_process, input_bytes 8192, output_bytes 8192
11-17 11:41:27.172 D/PowerAQLib(  288): result 0, counsumed_bytes 4096, i 0, loop_cnt 2
11-17 11:41:27.173 D/PowerAQLib(  288): result 0, counsumed_bytes 4096, i 1, loop_cnt 2
11-17 11:41:27.173 D/PowerAQLib(  288): mbdrc_process, input_bytes 8192, output_bytes 8192
11-17 11:41:27.173 D/PowerAQLib(  288): bypass_process!
11-17 11:41:27.200 D/AudioFlinger_Threads(  308): mixer(0xb1683b40) throttle end: throttle time(5)
11-17 11:41:27.201 D/PowerAQLib(  288): chmix_process!
11-17 11:41:27.205 D/PowerAQLib(  288): mbdrc_process, input_bytes 8192, output_bytes 8192
11-17 11:41:27.205 D/PowerAQLib(  288): result 0, counsumed_bytes 4096, i 0, loop_cnt 2
11-17 11:41:27.205 D/PowerAQLib(  288): result 0, counsumed_bytes 4096, i 1, loop_cnt 2
11-17 11:41:27.205 D/PowerAQLib(  288): mbdrc_process, input_bytes 8192, output_bytes 8192
11-17 11:41:27.205 D/PowerAQLib(  288): bypass_process!
11-17 11:41:27.211 D/PowerAQLib(  288): chmix_process!
11-17 11:41:27.215 D/PowerAQLib(  288): mbdrc_process, input_bytes 8192, output_bytes 8192
11-17 11:41:27.215 D/PowerAQLib(  288): result 0, counsumed_bytes 4096, i 0, loop_cnt 2
11-17 11:41:27.215 D/PowerAQLib(  288): result 0, counsumed_bytes 4096, i 1, loop_cnt 2
11-17 11:41:27.215 D/PowerAQLib(  288): mbdrc_process, input_bytes 8192, output_bytes 8192
11-17 11:41:27.215 D/PowerAQLib(  288): bypass_process!
11-17 11:41:27.242 D/AudioFlinger_Threads(  308): mixer(0xb1683b40) throttle end: throttle time(4)
11-17 11:41:27.244 D/PowerAQLib(  288): chmix_process!
11-17 11:41:27.248 D/PowerAQLib(  288): mbdrc_process, input_bytes 8192, output_bytes 8192
11-17 11:41:27.248 D/PowerAQLib(  288): result 0, counsumed_bytes 4096, i 0, loop_cnt 2
11-17 11:41:27.248 D/PowerAQLib(  288): result 0, counsumed_bytes 4096, i 1, loop_cnt 2
11-17 11:41:27.248 D/PowerAQLib(  288): mbdrc_process, input_bytes 8192, output_bytes 8192
11-17 11:41:27.248 D/PowerAQLib(  288): bypass_process!
11-17 11:41:27.255 D/PowerAQLib(  288): chmix_process!
11-17 11:41:27.258 D/PowerAQLib(  288): mbdrc_process, input_bytes 8192, output_bytes 8192
11-17 11:41:27.258 D/PowerAQLib(  288): result 0, counsumed_bytes 4096, i 0, loop_cnt 2
11-17 11:41:27.258 D/PowerAQLib(  288): result 0, counsumed_bytes 4096, i 1, loop_cnt 2
11-17 11:41:27.258 D/PowerAQLib(  288): mbdrc_process, input_bytes 8192, output_bytes 8192
11-17 11:41:27.258 D/PowerAQLib(  288): bypass_process!
11-17 11:41:27.285 D/AudioFlinger_Threads(  308): mixer(0xb1683b40) throttle end: throttle time(4)
11-17 11:41:27.287 D/PowerAQLib(  288): chmix_process!
11-17 11:41:27.290 D/PowerAQLib(  288): mbdrc_process, input_bytes 8192, output_bytes 8192
11-17 11:41:27.290 D/PowerAQLib(  288): result 0, counsumed_bytes 4096, i 0, loop_cnt 2
11-17 11:41:27.290 D/PowerAQLib(  288): result 0, counsumed_bytes 4096, i 1, loop_cnt 2
11-17 11:41:27.290 D/PowerAQLib(  288): mbdrc_process, input_bytes 8192, output_bytes 8192
11-17 11:41:27.290 D/PowerAQLib(  288): bypass_process!
11-17 11:41:27.297 D/PowerAQLib(  288): chmix_process!
11-17 11:41:27.301 D/PowerAQLib(  288): mbdrc_process, input_bytes 8192, output_bytes 8192
11-17 11:41:27.301 D/PowerAQLib(  288): result 0, counsumed_bytes 4096, i 0, loop_cnt 2
11-17 11:41:27.301 D/PowerAQLib(  288): result 0, counsumed_bytes 4096, i 1, loop_cnt 2
11-17 11:41:27.301 D/PowerAQLib(  288): mbdrc_process, input_bytes 8192, output_bytes 8192
11-17 11:41:27.302 D/PowerAQLib(  288): bypass_process!
11-17 11:41:27.327 D/AudioFlinger_Threads(  308): mixer(0xb1683b40) throttle end: throttle time(5)
11-17 11:41:27.329 D/PowerAQLib(  288): chmix_process!
11-17 11:41:27.334 D/PowerAQLib(  288): mbdrc_process, input_bytes 8192, output_bytes 8192
11-17 11:41:27.334 D/PowerAQLib(  288): result 0, counsumed_bytes 4096, i 0, loop_cnt 2
11-17 11:41:27.334 D/PowerAQLib(  288): result 0, counsumed_bytes 4096, i 1, loop_cnt 2
11-17 11:41:27.334 D/PowerAQLib(  288): mbdrc_process, input_bytes 8192, output_bytes 8192
11-17 11:41:27.334 D/PowerAQLib(  288): bypass_process!
11-17 11:41:27.339 D/PowerAQLib(  288): chmix_process!
11-17 11:41:27.343 D/PowerAQLib(  288): mbdrc_process, input_bytes 8192, output_bytes 8192
11-17 11:41:27.343 D/PowerAQLib(  288): result 0, counsumed_bytes 4096, i 0, loop_cnt 2
11-17 11:41:27.343 D/PowerAQLib(  288): result 0, counsumed_bytes 4096, i 1, loop_cnt 2
11-17 11:41:27.343 D/PowerAQLib(  288): mbdrc_process, input_bytes 8192, output_bytes 8192
11-17 11:41:27.343 D/PowerAQLib(  288): bypass_process!
11-17 11:41:27.370 D/AudioFlinger_Threads(  308): mixer(0xb1683b40) throttle end: throttle time(3)
11-17 11:41:27.372 D/PowerAQLib(  288): chmix_process!
11-17 11:41:27.375 D/PowerAQLib(  288): mbdrc_process, input_bytes 8192, output_bytes 8192
11-17 11:41:27.375 D/PowerAQLib(  288): result 0, counsumed_bytes 4096, i 0, loop_cnt 2
11-17 11:41:27.375 D/PowerAQLib(  288): result 0, counsumed_bytes 4096, i 1, loop_cnt 2
11-17 11:41:27.375 D/PowerAQLib(  288): mbdrc_process, input_bytes 8192, output_bytes 8192
11-17 11:41:27.375 D/PowerAQLib(  288): bypass_process!
11-17 11:41:27.382 D/PowerAQLib(  288): chmix_process!
11-17 11:41:27.385 D/PowerAQLib(  288): mbdrc_process, input_bytes 8192, output_bytes 8192
11-17 11:41:27.385 D/PowerAQLib(  288): result 0, counsumed_bytes 4096, i 0, loop_cnt 2
11-17 11:41:27.386 D/PowerAQLib(  288): result 0, counsumed_bytes 4096, i 1, loop_cnt 2
11-17 11:41:27.386 D/PowerAQLib(  288): mbdrc_process, input_bytes 8192, output_bytes 8192
11-17 11:41:27.386 D/PowerAQLib(  288): bypass_process!
11-17 11:41:27.413 D/AudioFlinger_Threads(  308): mixer(0xb1683b40) throttle end: throttle time(5)
11-17 11:41:27.414 D/PowerAQLib(  288): chmix_process!
11-17 11:41:27.418 D/PowerAQLib(  288): mbdrc_process, input_bytes 8192, output_bytes 8192
11-17 11:41:27.418 D/PowerAQLib(  288): result 0, counsumed_bytes 4096, i 0, loop_cnt 2
11-17 11:41:27.418 D/PowerAQLib(  288): result 0, counsumed_bytes 4096, i 1, loop_cnt 2
11-17 11:41:27.418 D/PowerAQLib(  288): mbdrc_process, input_bytes 8192, output_bytes 8192
11-17 11:41:27.418 D/PowerAQLib(  288): bypass_process!
11-17 11:41:27.425 D/PowerAQLib(  288): chmix_process!
11-17 11:41:27.428 D/PowerAQLib(  288): mbdrc_process, input_bytes 8192, output_bytes 8192
11-17 11:41:27.429 D/PowerAQLib(  288): result 0, counsumed_bytes 4096, i 0, loop_cnt 2
11-17 11:41:27.429 D/PowerAQLib(  288): result 0, counsumed_bytes 4096, i 1, loop_cnt 2
11-17 11:41:27.429 D/PowerAQLib(  288): mbdrc_process, input_bytes 8192, output_bytes 8192
11-17 11:41:27.429 D/PowerAQLib(  288): bypass_process!
11-17 11:41:27.450 E/MtkDataShapingUtils(  629): Exception openLteGateByDataShaping  in java.lang.NullPointerException: null receiver
11-17 11:41:27.451 W/System.err(  629): java.lang.NullPointerException: null receiver
11-17 11:41:27.451 W/System.err(  629): 	at java.lang.reflect.Method.invoke(Native Method)
11-17 11:41:27.451 W/System.err(  629): 	at com.mediatek.server.MtkDataShaping.openLteGateByDataShaping(MtkDataShaping.java:36)
11-17 11:41:27.451 W/System.err(  629): 	at com.android.server.AlarmManagerService.deliverAlarmsLocked(AlarmManagerService.java:3603)
11-17 11:41:27.451 W/System.err(  629): 	at com.android.server.AlarmManagerService$AlarmThread.run(AlarmManagerService.java:3781)
11-17 11:41:27.454 E/ActivityManager(  629): Sending non-protected broadcast ALARM_ACTION(1138) from system uid 1000 pkg com.tal.genie.push
11-17 11:41:27.454 E/ActivityManager(  629): java.lang.Throwable
11-17 11:41:27.454 E/ActivityManager(  629): 	at com.android.server.am.ActivityManagerService.checkBroadcastFromSystem(ActivityManagerService.java:21471)
11-17 11:41:27.454 E/ActivityManager(  629): 	at com.android.server.am.ActivityManagerService.broadcastIntentLocked(ActivityManagerService.java:22071)
11-17 11:41:27.454 E/ActivityManager(  629): 	at com.android.server.am.ActivityManagerService.broadcastIntentInPackage(ActivityManagerService.java:22250)
11-17 11:41:27.454 E/ActivityManager(  629): 	at com.android.server.am.PendingIntentRecord.sendInner(PendingIntentRecord.java:372)
11-17 11:41:27.454 E/ActivityManager(  629): 	at com.android.server.am.PendingIntentRecord.sendWithResult(PendingIntentRecord.java:245)
11-17 11:41:27.454 E/ActivityManager(  629): 	at com.android.server.am.ActivityManagerService.sendIntentSender(ActivityManagerService.java:8607)
11-17 11:41:27.454 E/ActivityManager(  629): 	at android.app.PendingIntent.sendAndReturnResult(PendingIntent.java:892)
11-17 11:41:27.454 E/ActivityManager(  629): 	at android.app.PendingIntent.send(PendingIntent.java:874)
11-17 11:41:27.454 E/ActivityManager(  629): 	at com.android.server.AlarmManagerService$DeliveryTracker.deliverLocked(AlarmManagerService.java:4387)
11-17 11:41:27.454 E/ActivityManager(  629): 	at com.android.server.AlarmManagerService.deliverAlarmsLocked(AlarmManagerService.java:3632)
11-17 11:41:27.454 E/ActivityManager(  629): 	at com.android.server.AlarmManagerService$AlarmThread.run(AlarmManagerService.java:3781)
11-17 11:41:27.456 D/AudioFlinger_Threads(  308): mixer(0xb1683b40) throttle end: throttle time(5)
11-17 11:41:27.457 D/PowerAQLib(  288): chmix_process!
11-17 11:41:27.460 W/AES     (  629): Exception Log handling...
11-17 11:41:27.460 D/PowerAQLib(  288): mbdrc_process, input_bytes 8192, output_bytes 8192
11-17 11:41:27.460 D/PowerAQLib(  288): result 0, counsumed_bytes 4096, i 0, loop_cnt 2
11-17 11:41:27.461 D/PowerAQLib(  288): result 0, counsumed_bytes 4096, i 1, loop_cnt 2
11-17 11:41:27.461 D/PowerAQLib(  288): mbdrc_process, input_bytes 8192, output_bytes 8192
11-17 11:41:27.461 D/PowerAQLib(  288): bypass_process!
11-17 11:41:27.464 D/AES     (  629): ExceptionLog: notify aed, process:system_server pid:629 cause:system_server_wtf 
11-17 11:41:27.464 W/AES     (  629): skip for Exp level 0
11-17 11:41:27.468 D/PowerAQLib(  288): chmix_process!
11-17 11:41:27.470 D/PowerAQLib(  288): mbdrc_process, input_bytes 8192, output_bytes 8192
11-17 11:41:27.470 D/PowerAQLib(  288): result 0, counsumed_bytes 4096, i 0, loop_cnt 2
11-17 11:41:27.470 D/PowerAQLib(  288): result 0, counsumed_bytes 4096, i 1, loop_cnt 2
11-17 11:41:27.470 D/PowerAQLib(  288): mbdrc_process, input_bytes 8192, output_bytes 8192
11-17 11:41:27.470 D/PowerAQLib(  288): bypass_process!
11-17 11:41:27.498 D/AudioFlinger_Threads(  308): mixer(0xb1683b40) throttle end: throttle time(5)
11-17 11:41:27.499 D/PowerAQLib(  288): chmix_process!
11-17 11:41:27.502 D/PowerAQLib(  288): mbdrc_process, input_bytes 8192, output_bytes 8192
11-17 11:41:27.503 D/PowerAQLib(  288): result 0, counsumed_bytes 4096, i 0, loop_cnt 2
11-17 11:41:27.503 D/PowerAQLib(  288): result 0, counsumed_bytes 4096, i 1, loop_cnt 2
11-17 11:41:27.503 D/PowerAQLib(  288): mbdrc_process, input_bytes 8192, output_bytes 8192
11-17 11:41:27.503 D/PowerAQLib(  288): bypass_process!
11-17 11:41:27.509 D/PowerAQLib(  288): chmix_process!
11-17 11:41:27.513 D/PowerAQLib(  288): mbdrc_process, input_bytes 8192, output_bytes 8192
11-17 11:41:27.513 D/PowerAQLib(  288): result 0, counsumed_bytes 4096, i 0, loop_cnt 2
11-17 11:41:27.514 D/PowerAQLib(  288): result 0, counsumed_bytes 4096, i 1, loop_cnt 2
11-17 11:41:27.514 D/PowerAQLib(  288): mbdrc_process, input_bytes 8192, output_bytes 8192
11-17 11:41:27.514 D/PowerAQLib(  288): bypass_process!
11-17 11:41:27.523 I/test    ( 1127): student=====start getStudentUserInfo
11-17 11:41:27.524 I/com.tal.genie.rtc( 1127): student=====start getStudentUserInfo
11-17 11:41:27.524 I/test    ( 1127): student=====getStudentUserInfo null  null null  
11-17 11:41:27.525 I/com.tal.genie.rtc( 1127): student=====getStudentUserInfo null  null null  
11-17 11:41:27.525 I/test    ( 1127): IM==== 当前userInfo为null
11-17 11:41:27.525 I/com.tal.genie.rtc( 1127): IM==== 当前userInfo为null
11-17 11:41:27.541 D/AudioFlinger_Threads(  308): mixer(0xb1683b40) throttle end: throttle time(5)
11-17 11:41:27.542 D/PowerAQLib(  288): chmix_process!
11-17 11:41:27.546 D/PowerAQLib(  288): mbdrc_process, input_bytes 8192, output_bytes 8192
11-17 11:41:27.546 D/PowerAQLib(  288): result 0, counsumed_bytes 4096, i 0, loop_cnt 2
11-17 11:41:27.546 D/PowerAQLib(  288): result 0, counsumed_bytes 4096, i 1, loop_cnt 2
11-17 11:41:27.546 D/PowerAQLib(  288): mbdrc_process, input_bytes 8192, output_bytes 8192
11-17 11:41:27.546 D/PowerAQLib(  288): bypass_process!
11-17 11:41:27.553 D/PowerAQLib(  288): chmix_process!
11-17 11:41:27.556 D/PowerAQLib(  288): mbdrc_process, input_bytes 8192, output_bytes 8192
11-17 11:41:27.556 D/PowerAQLib(  288): result 0, counsumed_bytes 4096, i 0, loop_cnt 2
11-17 11:41:27.556 D/PowerAQLib(  288): result 0, counsumed_bytes 4096, i 1, loop_cnt 2
11-17 11:41:27.556 D/PowerAQLib(  288): mbdrc_process, input_bytes 8192, output_bytes 8192
11-17 11:41:27.556 D/PowerAQLib(  288): bypass_process!
11-17 11:41:27.583 D/AudioFlinger_Threads(  308): mixer(0xb1683b40) throttle end: throttle time(5)
11-17 11:41:27.585 D/PowerAQLib(  288): chmix_process!
11-17 11:41:27.587 D/PowerAQLib(  288): mbdrc_process, input_bytes 8192, output_bytes 8192
11-17 11:41:27.587 D/PowerAQLib(  288): result 0, counsumed_bytes 4096, i 0, loop_cnt 2
11-17 11:41:27.587 D/PowerAQLib(  288): result 0, counsumed_bytes 4096, i 1, loop_cnt 2
11-17 11:41:27.588 D/PowerAQLib(  288): mbdrc_process, input_bytes 8192, output_bytes 8192
11-17 11:41:27.588 D/PowerAQLib(  288): bypass_process!
11-17 11:41:27.595 D/PowerAQLib(  288): chmix_process!
11-17 11:41:27.597 D/PowerAQLib(  288): mbdrc_process, input_bytes 8192, output_bytes 8192
11-17 11:41:27.598 D/PowerAQLib(  288): result 0, counsumed_bytes 4096, i 0, loop_cnt 2
11-17 11:41:27.598 D/PowerAQLib(  288): result 0, counsumed_bytes 4096, i 1, loop_cnt 2
11-17 11:41:27.598 D/PowerAQLib(  288): mbdrc_process, input_bytes 8192, output_bytes 8192
11-17 11:41:27.598 D/PowerAQLib(  288): bypass_process!
11-17 11:41:27.626 D/AudioFlinger_Threads(  308): mixer(0xb1683b40) throttle end: throttle time(6)
11-17 11:41:27.628 D/PowerAQLib(  288): chmix_process!
11-17 11:41:27.631 D/PowerAQLib(  288): mbdrc_process, input_bytes 8192, output_bytes 8192
11-17 11:41:27.631 D/PowerAQLib(  288): result 0, counsumed_bytes 4096, i 0, loop_cnt 2
11-17 11:41:27.631 D/PowerAQLib(  288): result 0, counsumed_bytes 4096, i 1, loop_cnt 2
11-17 11:41:27.631 D/PowerAQLib(  288): mbdrc_process, input_bytes 8192, output_bytes 8192
11-17 11:41:27.631 D/PowerAQLib(  288): bypass_process!
11-17 11:41:27.638 D/PowerAQLib(  288): chmix_process!
11-17 11:41:27.641 D/PowerAQLib(  288): mbdrc_process, input_bytes 8192, output_bytes 8192
11-17 11:41:27.642 D/PowerAQLib(  288): result 0, counsumed_bytes 4096, i 0, loop_cnt 2
11-17 11:41:27.642 D/PowerAQLib(  288): result 0, counsumed_bytes 4096, i 1, loop_cnt 2
11-17 11:41:27.642 D/PowerAQLib(  288): mbdrc_process, input_bytes 8192, output_bytes 8192
