12-15 16:26:03.178 I/SA.AnalyticsMessages( 1807): 			"$app_version":"1.0.0",
12-15 16:26:03.178 I/SA.AnalyticsMessages( 1807): 			"$lib":"Android",
12-15 16:26:03.178 I/SA.AnalyticsMessages( 1807): 			"$device_id":"293b7e711711b482",
12-15 16:26:03.178 I/SA.AnalyticsMessages( 1807): 			"$app_name":"语音",
12-15 16:26:03.178 I/SA.AnalyticsMessages( 1807): 			"$lib_version":"6.0.0",
12-15 16:26:03.178 I/SA.AnalyticsMessages( 1807): 			"$timezone_offset":-480,
12-15 16:26:03.178 I/SA.AnalyticsMessages( 1807): 			"$app_id":"com.tal.genie.voice",
12-15 16:26:03.178 I/SA.AnalyticsMessages( 1807): 			"$manufacturer":"ALPS",
12-15 16:26:03.178 I/SA.AnalyticsMessages( 1807): 			"userId":"1000303",
12-15 16:26:03.178 I/SA.AnalyticsMessages( 1807): 			"sn":"61D00121B1600029",
12-15 16:26:03.178 I/SA.AnalyticsMessages( 1807): 			"appId":"com.tal.genie.voice",
12-15 16:26:03.178 I/SA.AnalyticsMessages( 1807): 			"grade":"-1",
12-15 16:26:03.178 I/SA.AnalyticsMessages( 1807): 			"gender":"女",
12-15 16:26:03.178 I/SA.AnalyticsMessages( 1807): 			"age":"1970-01-01 00:00:00.000",
12-15 16:26:03.178 I/SA.AnalyticsMessages( 1807): 			"$referrer_title":"语音",
12-15 16:26:03.178 I/SA.AnalyticsMessages( 1807): 			"$wifi":true,
12-15 16:26:03.178 I/SA.AnalyticsMessages( 1807): 			"$network_type":"WIFI",
12-15 16:26:03.178 I/SA.AnalyticsMessages( 1807): 			"msgId":"2803fc06-84b3-4187-b673-5caccf5faf7a",
12-15 16:26:03.178 I/SA.AnalyticsMessages( 1807): 			"$lib_method":"code",
12-15 16:26:03.178 I/SA.AnalyticsMessages( 1807): 			"$is_first_day":true
12-15 16:26:03.178 I/SA.AnalyticsMessages( 1807): 		},
12-15 16:26:03.178 I/SA.AnalyticsMessages( 1807): 		"_flush_time":1639556763138
12-15 16:26:03.178 I/SA.AnalyticsMessages( 1807): 	},
12-15 16:26:03.178 I/SA.AnalyticsMessages( 1807): 	{
12-15 16:26:03.178 I/SA.AnalyticsMessages( 1807): 		"_track_id":411740651,
12-15 16:26:03.178 I/SA.AnalyticsMessages( 1807): 		"time":1639556758028,
12-15 16:26:03.178 I/SA.AnalyticsMessages( 1807): 		"type":"track",
12-15 16:26:03.178 I/SA.AnalyticsMessages( 1807): 		"distinct_id":"61D00121B1600029",
12-15 16:26:03.178 I/SA.AnalyticsMessages( 1807): 		"login_id":"61D00121B1600029",
12-15 16:26:03.178 I/SA.AnalyticsMessages( 1807): 		"anonymous_id":"293b7e711711b482",
12-15 16:26:03.178 I/SA.AnalyticsMessages( 1807): 		"lib":{
12-15 16:26:03.178 I/SA.AnalyticsMessages( 1807): 			"$lib_method":"code",
12-15 16:26:03.178 I/SA.AnalyticsMessages( 1807): 			"$lib":"Android",
12-15 16:26:03.178 I/SA.AnalyticsMessages( 1807): 			"$lib_version":"6.0.0",
12-15 16:26:03.178 I/SA.AnalyticsMessages( 1807): 			"$app_version":"1.0.0",
12-15 16:26:03.178 I/SA.AnalyticsMessages( 1807): 			"$lib_detail":"com.sensorsdata.analytics.android.sdk.AbstractSensorsDataAPI##trackEventInternal##AbstractSensorsDataAPI.java##1513"
12-15 16:26:03.178 I/SA.AnalyticsMessages( 1807): 		},
12-15 16:26:03.178 I/SA.AnalyticsMessages( 1807): 		"event":"QueryReceivedReply",
12-15 16:26:03.178 I/SA.AnalyticsMessages( 1807): 		"properties":{
12-15 16:26:03.178 I/SA.AnalyticsMessages( 1807): 			"$os_version":"9",
12-15 16:26:03.178 I/SA.AnalyticsMessages( 1807): 			"$model":"S10",
12-15 16:26:03.178 I/SA.AnalyticsMessages( 1807): 			"$os":"Android",
12-15 16:26:03.178 I/SA.AnalyticsMessages( 1807): 			"$screen_width":720,
12-15 16:26:03.178 I/SA.AnalyticsMessages( 1807): 			"$brand":"ALPS",
12-15 16:26:03.178 I/SA.AnalyticsMessages( 1807): 			"$screen_height":1600,
12-15 16:26:03.178 I/SA.AnalyticsMessages( 1807): 			"$app_version":"1.0.0",
12-15 16:26:03.178 I/SA.AnalyticsMessages( 1807): 			"$lib":"Android",
12-15 16:26:03.178 I/SA.AnalyticsMessages( 1807): 			"$device_id":"293b7e711711b482",
12-15 16:26:03.178 I/SA.AnalyticsMessages( 1807): 			"$app_name":"语音",
12-15 16:26:03.178 I/SA.AnalyticsMessages( 1807): 			"$lib_version":"6.0.0",
12-15 16:26:03.178 I/SA.AnalyticsMessages( 1807): 			"$timezone_offset":-480,
12-15 16:26:03.178 I/SA.AnalyticsMessages( 1807): 			"$app_id":"com.tal.genie.voice",
12-15 16:26:03.178 I/SA.AnalyticsMessages( 1807): 			"$manufacturer":"ALPS",
12-15 16:26:03.178 I/SA.AnalyticsMessages( 1807): 			"userId":"1000303",
12-15 16:26:03.178 I/SA.AnalyticsMessages( 1807): 			"sn":"61D00121B1600029",
12-15 16:26:03.178 I/SA.AnalyticsMessages( 1807): 			"appId":"com.tal.genie.voice",
12-15 16:26:03.178 I/SA.AnalyticsMessages( 1807): 			"grade":"-1",
12-15 16:26:03.178 I/SA.AnalyticsMessages( 1807): 			"gender":"女",
12-15 16:26:03.178 I/SA.AnalyticsMessages( 1807): 			"age":"1970-01-01 00:00:00.000",
12-15 16:26:03.178 I/SA.AnalyticsMessages( 1807): 			"$referrer_title":"语音",
12-15 16:26:03.178 I/SA.AnalyticsMessages( 1807): 			"$wifi":true,
12-15 16:26:03.178 I/SA.AnalyticsMessages( 1807): 			"$network_type":"WIFI",
12-15 16:26:03.178 I/SA.AnalyticsMessages( 1807): 			"intentType":"poem_author_lookup.famous_poem_lookup",
12-15 16:26:03.178 I/SA.AnalyticsMessages( 1807): 			"msgId":"2803fc06-84b3-4187-b673-5caccf5faf7a",
12-15 16:26:03.178 I/SA.AnalyticsMessages( 1807): 			"$lib_method":"code",
12-15 16:26:03.178 I/SA.AnalyticsMessages( 1807): 			"$is_first_day":true
12-15 16:26:03.178 I/SA.AnalyticsMessages( 1807): 		},
12-15 16:26:03.178 I/SA.AnalyticsMessages( 1807): 		"_flush_time":1639556763138
12-15 16:26:03.178 I/SA.AnalyticsMessages( 1807): 	},
12-15 16:26:03.178 I/SA.AnalyticsMessages( 1807): 	{
12-15 16:26:03.178 I/SA.AnalyticsMessages( 1807): 		"_track_id":1338963903,
12-15 16:26:03.178 I/SA.AnalyticsMessages( 1807): 		"time":1639556758299,
12-15 16:26:03.178 I/SA.AnalyticsMessages( 1807): 		"type":"track",
12-15 16:26:03.178 I/SA.AnalyticsMessages( 1807): 		"distinct_id":"61D00121B1600029",
12-15 16:26:03.178 I/SA.AnalyticsMessages( 1807): 		"login_id":"61D00121B1600029",
12-15 16:26:03.178 I/SA.AnalyticsMessages( 1807): 		"anonymous_id":"293b7e711711b482",
12-15 16:26:03.178 I/SA.AnalyticsMessages( 1807): 		"lib":{
12-15 16:26:03.178 I/SA.AnalyticsMessages( 1807): 			"$lib_method":"autoTrack",
12-15 16:26:03.178 I/SA.AnalyticsMessages( 1807): 			"$lib":"Android",
12-15 16:26:03.178 I/SA.AnalyticsMessages( 1807): 			"$lib_version":"6.0.0",
12-15 16:26:03.178 I/SA.AnalyticsMessages( 1807): 			"$app_version":"1.0.0",
12-15 16:26:03.178 I/SA.AnalyticsMessages( 1807): 			"$lib_detail":"com.tal.genie.dicbook.dic.ListResultActivity######"
12-15 16:26:03.178 I/SA.AnalyticsMessages( 1807): 		},
12-15 16:26:03.178 I/SA.AnalyticsMessages( 1807): 		"event":"$AppViewScreen",
12-15 16:26:03.178 I/SA.AnalyticsMessages( 1807): 		"properties":{
12-15 16:26:03.178 I/SA.AnalyticsMessages( 1807): 			"$os_version":"9",
12-15 16:26:03.178 I/SA.AnalyticsMessages( 1807): 			"$model":"S10",
12-15 16:26:03.178 I/SA.AnalyticsMessages( 1807): 			"$os":"Android",
12-15 16:26:03.178 I/SA.AnalyticsMessages( 1807): 			"$screen_width":720,
12-15 16:26:03.178 I/SA.AnalyticsMessages( 1807): 			"$brand":"ALPS",
12-15 16:26:03.178 I/SA.AnalyticsMessages( 1807): 			"$screen_height":1600,
12-15 16:26:03.178 I/SA.AnalyticsMessages( 1807): 			"$app_version":"1.0.0",
12-15 16:26:03.178 I/SA.AnalyticsMessages( 1807): 			"$lib":"Android",
12-15 16:26:03.178 I/SA.AnalyticsMessages( 1807): 			"$device_id":"293b7e711711b482",
12-15 16:26:03.178 I/SA.AnalyticsMessages( 1807): 			"$app_name":"语音",
12-15 16:26:03.178 I/SA.AnalyticsMessages( 1807): 			"$lib_version":"6.0.0",
12-15 16:26:03.178 I/SA.AnalyticsMessages( 1807): 			"$timezone_offset":-480,
12-15 16:26:03.178 I/SA.AnalyticsMessages( 1807): 			"$app_id":"com.tal.genie.voice",
12-15 16:26:03.178 I/SA.AnalyticsMessages( 1807): 			"$manufacturer":"ALPS",
12-15 16:26:03.178 I/SA.AnalyticsMessages( 1807): 			"userId":"1000303",
12-15 16:26:03.178 I/SA.AnalyticsMessages( 1807): 			"sn":"61D00121B1600029",
12-15 16:26:03.178 I/SA.AnalyticsMessages( 1807): 			"appId":"com.tal.genie.voice",
12-15 16:26:03.178 I/SA.AnalyticsMessages( 1807): 			"grade":"-1",
12-15 16:26:03.178 I/SA.AnalyticsMessages( 1807): 			"gender":"女",
12-15 16:26:03.178 I/SA.AnalyticsMessages( 1807): 			"age":"1970-01-01 00:00:00.000",
12-15 16:26:03.178 I/SA.AnalyticsMessages( 1807): 			"$referrer_title":"语音",
12-15 16:26:03.178 I/SA.AnalyticsMessages( 1807): 			"$wifi":true,
12-15 16:26:03.178 I/SA.AnalyticsMessages( 1807): 			"$network_type":"WIFI",
12-15 16:26:03.178 I/SA.AnalyticsMessages( 1807): 			"$referrer":"com.tal.genie.dicbook.dic.ListResultActivity",
12-15 16:26:03.178 I/SA.AnalyticsMessages( 1807): 			"$url":"com.tal.genie.dicbook.dic.ListResultActivity",
12-15 16:26:03.178 I/SA.AnalyticsMessages( 1807): 			"$screen_name":"com.tal.genie.dicbook.dic.ListResultActivity",
12-15 16:26:03.178 I/SA.AnalyticsMessages( 1807): 			"$title":"语音",
12-15 16:26:03.178 I/SA.AnalyticsMessages( 1807): 			"$lib_method":"autoTrack",
12-15 16:26:03.178 I/SA.AnalyticsMessages( 1807): 			"$is_first_day":true
12-15 16:26:03.178 I/SA.AnalyticsMessages( 1807): 		},
12-15 16:26:03.178 I/SA.AnalyticsMessages( 1807): 		"_flush_time":1639556763139
12-15 16:26:03.178 I/SA.AnalyticsMessages( 1807): 	},
12-15 16:26:03.178 I/SA.AnalyticsMessages( 1807): 	{
12-15 16:26:03.178 I/SA.AnalyticsMessages( 1807): 		"_track_id":-783726725,
12-15 16:26:03.178 I/SA.AnalyticsMessages( 1807): 		"time":1639556758317,
12-15 16:26:03.178 I/SA.AnalyticsMessages( 1807): 		"type":"track",
12-15 16:26:03.178 I/SA.AnalyticsMessages( 1807): 		"distinct_id":"61D00121B1600029",
12-15 16:26:03.178 I/SA.AnalyticsMessages( 1807): 		"login_id":"61D00121B1600029",
12-15 16:26:03.178 I/SA.AnalyticsMessages( 1807): 		"anonymous_id":"293b7e711711b482",
12-15 16:26:03.178 I/SA.AnalyticsMessages( 1807): 		"lib":{
12-15 16:26:03.178 I/SA.AnalyticsMessages( 1807): 			"$lib_method":"autoTrack",
12-15 16:26:03.178 I/SA.AnalyticsMessages( 1807): 			"$lib":"Android",
12-15 16:26:03.178 I/SA.AnalyticsMessages( 1807): 			"$lib_version":"6.0.0",
12-15 16:26:03.178 I/SA.AnalyticsMessages( 1807): 			"$app_version":"1.0.0",
12-15 16:26:03.178 I/SA.AnalyticsMessages( 1807): 			"$lib_detail":"com.tal.genie.dicbook.dic.ListResultActivity######"
12-15 16:26:03.178 I/SA.AnalyticsMessages( 1807): 		},
12-15 16:26:03.178 I/SA.AnalyticsMessages( 1807): 		"event":"$AppViewScreen",
12-15 16:26:03.178 I/SA.AnalyticsMessages( 1807): 		"properties":{
12-15 16:26:03.178 I/SA.AnalyticsMessages( 1807): 			"$os_version":"9",
12-15 16:26:03.178 I/SA.AnalyticsMessages( 1807): 			"$model":"S10",
12-15 16:26:03.178 I/SA.AnalyticsMessages( 1807): 			"$os":"Android",
12-15 16:26:03.178 I/SA.AnalyticsMessages( 1807): 			"$screen_width":720,
12-15 16:26:03.178 I/SA.AnalyticsMessages( 1807): 			"$brand":"ALPS",
12-15 16:26:03.178 I/SA.AnalyticsMessages( 1807): 			"$screen_height":1600,
12-15 16:26:03.178 I/SA.AnalyticsMessages( 1807): 			"$app_version":"1.0.0",
12-15 16:26:03.178 I/SA.AnalyticsMessages( 1807): 			"$lib":"Android",
12-15 16:26:03.178 I/SA.AnalyticsMessages( 1807): 			"$device_id":"293b7e711711b482",
12-15 16:26:03.178 I/SA.AnalyticsMessages( 1807): 			"$app_name":"语音",
12-15 16:26:03.178 I/SA.AnalyticsMessages( 1807): 			"$lib_version":"6.0.0",
12-15 16:26:03.178 I/SA.AnalyticsMessages( 1807): 			"$timezone_offset":-480,
12-15 16:26:03.178 I/SA.AnalyticsMessages( 1807): 			"$app_id":"com.tal.genie.voice",
12-15 16:26:03.178 I/SA.AnalyticsMessages( 1807): 			"$manufacturer":"ALPS",
12-15 16:26:03.178 I/SA.AnalyticsMessages( 1807): 			"userId":"1000303",
12-15 16:26:03.178 I/SA.AnalyticsMessages( 1807): 			"sn":"61D00121B1600029",
12-15 16:26:03.178 I/SA.AnalyticsMessages( 1807): 			"appId":"com.tal.genie.voice",
12-15 16:26:03.178 I/SA.AnalyticsMessages( 1807): 			"grade":"-1",
12-15 16:26:03.178 I/SA.AnalyticsMessages( 1807): 			"gender":"女",
12-15 16:26:03.178 I/SA.AnalyticsMessages( 1807): 			"age":"1970-01-01 00:00:00.000",
12-15 16:26:03.178 I/SA.AnalyticsMessages( 1807): 			"$referrer_title":"语音",
12-15 16:26:03.178 I/SA.AnalyticsMessages( 1807): 			"$wifi":true,
12-15 16:26:03.178 I/SA.AnalyticsMessages( 1807): 			"$network_type":"WIFI",
12-15 16:26:03.178 I/SA.AnalyticsMessages( 1807): 			"$referrer":"com.tal.genie.dicbook.dic.ListResultActivity",
12-15 16:26:03.178 I/SA.AnalyticsMessages( 1807): 			"$url":"com.tal.genie.dicbook.dic.ListResultActivity",
12-15 16:26:03.178 I/SA.AnalyticsMessages( 1807): 			"$screen_name":"com.tal.genie.dicbook.dic.ListResultActivity",
12-15 16:26:03.178 I/SA.AnalyticsMessages( 1807): 			"$title":"语音",
12-15 16:26:03.178 I/SA.AnalyticsMessages( 1807): 			"$lib_method":"autoTrack",
12-15 16:26:03.178 I/SA.AnalyticsMessages( 1807): 			"$is_first_day":true
12-15 16:26:03.178 I/SA.AnalyticsMessages( 1807): 		},
12-15 16:26:03.178 I/SA.AnalyticsMessages( 1807): 		"_flush_time":1639556763139
12-15 16:26:03.178 I/SA.AnalyticsMessages( 1807): 	},
12-15 16:26:03.178 I/SA.AnalyticsMessages( 1807): 	{
12-15 16:26:03.178 I/SA.AnalyticsMessages( 1807): 		"_track_id":-739495331,
12-15 16:26:03.178 I/SA.AnalyticsMessages( 1807): 		"time":1639556760483,
12-15 16:26:03.178 I/SA.AnalyticsMessages( 1807): 		"type":"track",
12-15 16:26:03.178 I/SA.AnalyticsMessages( 1807): 		"distinct_id":"61D00121B1600029",
12-15 16:26:03.178 I/SA.AnalyticsMessages( 1807): 		"login_id":"61D00121B1600029",
12-15 16:26:03.178 I/SA.AnalyticsMessages( 1807): 		"anonymous_id":"293b7e711711b482",
12-15 16:26:03.178 I/SA.AnalyticsMessages( 1807): 		"lib":{
12-15 16:26:03.178 I/SA.AnalyticsMessages( 1807): 			"$lib_method":"autoTrack",
12-15 16:26:03.178 I/SA.AnalyticsMessages( 1807): 			"$lib":"Android",
12-15 16:26:03.178 I/SA.AnalyticsMessages( 1807): 			"$lib_version":"6.0.0",
12-15 16:26:03.178 I/SA.AnalyticsMessages( 1807): 			"$app_version":"1.0.0",
12-15 16:26:03.178 I/SA.AnalyticsMessages( 1807): 			"$lib_detail":"com.tal.genie.dicbook.dic.ListResultActivity######"
12-15 16:26:03.178 I/SA.AnalyticsMessages( 1807): 		},
12-15 16:26:03.178 I/SA.AnalyticsMessages( 1807): 		"event":"$AppClick",
12-15 16:26:03.178 I/SA.AnalyticsMessages( 1807): 		"properties":{
12-15 16:26:03.178 I/SA.AnalyticsMessages( 1807): 			"$os_version":"9",
12-15 16:26:03.178 I/SA.AnalyticsMessages( 1807): 			"$model":"S10",
12-15 16:26:03.178 I/SA.AnalyticsMessages( 1807): 			"$os":"Android",
12-15 16:26:03.178 I/SA.AnalyticsMessages( 1807): 			"$screen_width":720,
12-15 16:26:03.178 I/SA.AnalyticsMessages( 1807): 			"$brand":"ALPS",
12-15 16:26:03.178 I/SA.AnalyticsMessages( 1807): 			"$screen_height":1600,
12-15 16:26:03.178 I/SA.AnalyticsMessages( 1807): 			"$app_version":"1.0.0",
12-15 16:26:03.178 I/SA.AnalyticsMessages( 1807): 			"$lib":"Android",
12-15 16:26:03.178 I/SA.AnalyticsMessages( 1807): 			"$device_id":"293b7e711711b482",
12-15 16:26:03.178 I/SA.AnalyticsMessages( 1807): 			"$app_name":"语音",
12-15 16:26:03.178 I/SA.AnalyticsMessages( 1807): 			"$lib_version":"6.0.0",
12-15 16:26:03.178 I/SA.AnalyticsMessages( 1807): 			"$timezone_offset":-480,
12-15 16:26:03.178 I/SA.AnalyticsMessages( 1807): 			"$app_id":"com.tal.genie.voice",
12-15 16:26:03.178 I/SA.AnalyticsMessages( 1807): 			"$manufacturer":"ALPS",
12-15 16:26:03.178 I/SA.AnalyticsMessages( 1807): 			"userId":"1000303",
12-15 16:26:03.178 I/SA.AnalyticsMessages( 1807): 			"sn":"61D00121B1600029",
12-15 16:26:03.178 I/SA.AnalyticsMessages( 1807): 			"appId":"com.tal.genie.voice",
12-15 16:26:03.178 I/SA.AnalyticsMessages( 1807): 			"grade":"-1",
12-15 16:26:03.178 I/SA.AnalyticsMessages( 1807): 			"gender":"女",
12-15 16:26:03.178 I/SA.AnalyticsMessages( 1807): 			"age":"1970-01-01 00:00:00.000",
12-15 16:26:03.178 I/SA.AnalyticsMessages( 1807): 			"$referrer_title":"语音",
12-15 16:26:03.178 I/SA.AnalyticsMessages( 1807): 			"$wifi":true,
12-15 16:26:03.178 I/SA.AnalyticsMessages( 1807): 			"$network_type":"WIFI",
12-15 16:26:03.178 I/SA.AnalyticsMessages( 1807): 			"$element_id":"root_view",
12-15 16:26:03.178 I/SA.AnalyticsMessages( 1807): 			"$element_content":"遗爱寺-[唐代]白居易-弄石临溪坐，寻花绕寺行。时时闻鸟语，处处是泉声。",
12-15 16:26:03.178 I/SA.AnalyticsMessages( 1807): 			"$element_type":"androidx.constraintlayout.widget.ConstraintLayout",
12-15 16:26:03.178 I/SA.AnalyticsMessages( 1807): 			"$screen_name":"com.tal.genie.dicbook.dic.ListResultActivity",
12-15 16:26:03.178 I/SA.AnalyticsMessages( 1807): 			"$title":"语音",
12-15 16:26:03.178 I/SA.AnalyticsMessages( 1807): 			"$element_selector":"android.widget.LinearLayout[0]/android.widget.FrameLayout[0]/androidx.appcompat.widget.FitWindowsLinearLayout[0]/androidx.appcompat.widget.ContentFrameLayout[0]/androidx.constraintlayout.widget.ConstraintLayout[0]/android.widget.LinearLayout[0]/androidx.recyclerview.widget.RecyclerView[0]/androidx.constraintlayout.widget.ConstraintLayout[1]",
12-15 16:26:03.178 I/SA.AnalyticsMessages( 1807): 			"$element_path":"android.widget.LinearLayout[0]/android.widget.FrameLayout[0]/androidx.appcompat.widget.FitWindowsLinearLayout[0]/androidx.appcompat.widget.ContentFrameLayout[0]/androidx.constraintlayout.widget.ConstraintLayout[0]/android.widget.LinearLayout[0]/androidx.recyclerview.widget.RecyclerView[0]/androidx.constraintlayout.widget.ConstraintLayout[-]",
12-15 16:26:03.178 I/SA.AnalyticsMessages( 1807): 			"$element_position":"1",
12-15 16:26:03.178 I/SA.AnalyticsMessages( 1807): 			"$lib_method":"autoTrack",
12-15 16:26:03.178 I/SA.AnalyticsMessages( 1807): 			"$is_first_day":true
12-15 16:26:03.178 I/SA.AnalyticsMessages( 1807): 		},
12-15 16:26:03.178 I/SA.AnalyticsMessages( 1807): 		"_flush_time":1639556763140
12-15 16:26:03.178 I/SA.AnalyticsMessages( 1807): 	},
12-15 16:26:03.178 I/SA.AnalyticsMessages( 1807): 	{
12-15 16:26:03.178 I/SA.AnalyticsMessages( 1807): 		"_track_id":426871686,
12-15 16:26:03.178 I/SA.AnalyticsMessages( 1807): 		"time":1639556760539,
12-15 16:26:03.178 I/SA.AnalyticsMessages( 1807): 		"type":"track",
12-15 16:26:03.178 I/SA.AnalyticsMessages( 1807): 		"distinct_id":"61D00121B1600029",
12-15 16:26:03.178 I/SA.AnalyticsMessages( 1807): 		"login_id":"61D00121B1600029",
12-15 16:26:03.178 I/SA.AnalyticsMessages( 1807): 		"anonymous_id":"293b7e711711b482",
12-15 16:26:03.178 I/SA.AnalyticsMessages( 1807): 		"lib":{
12-15 16:26:03.178 I/SA.AnalyticsMessages( 1807): 			"$lib_method":"autoTrack",
12-15 16:26:03.178 I/SA.AnalyticsMessages( 1807): 			"$lib":"Android",
12-15 16:26:03.178 I/SA.AnalyticsMessages( 1807): 			"$lib_version":"6.0.0",
12-15 16:26:03.178 I/SA.AnalyticsMessages( 1807): 			"$app_version":"1.0.0",
12-15 16:26:03.178 I/SA.AnalyticsMessages( 1807): 			"$lib_detail":"com.tal.genie.dicbook.dic.DicResultActivity######"
12-15 16:26:03.178 I/SA.AnalyticsMessages( 1807): 		},
12-15 16:26:03.178 I/SA.AnalyticsMessages( 1807): 		"event":"$AppViewScreen",
12-15 16:26:03.178 I/SA.AnalyticsMessages( 1807): 		"properties":{
12-15 16:26:03.178 I/SA.AnalyticsMessages( 1807): 			"$os_version":"9",
12-15 16:26:03.178 I/SA.AnalyticsMessages( 1807): 			"$model":"S10",
12-15 16:26:03.178 I/SA.AnalyticsMessages( 1807): 			"$os":"Android",
12-15 16:26:03.178 I/SA.AnalyticsMessages( 1807): 			"$screen_width":720,
12-15 16:26:03.178 I/SA.AnalyticsMessages( 1807): 			"$brand":"ALPS",
12-15 16:26:03.178 I/SA.AnalyticsMessages( 1807): 			"$screen_height":1600,
12-15 16:26:03.178 I/SA.AnalyticsMessages( 1807): 			"$app_version":"1.0.0",
12-15 16:26:03.178 I/SA.AnalyticsMessages( 1807): 			"$lib":"Android",
12-15 16:26:03.178 I/SA.AnalyticsMessages( 1807): 			"$device_id":"293b7e711711b482",
12-15 16:26:03.178 I/SA.AnalyticsMessages( 1807): 			"$app_name":"语音",
12-15 16:26:03.178 I/SA.AnalyticsMessages( 1807): 			"$lib_version":"6.0.0",
12-15 16:26:03.178 I/SA.AnalyticsMessages( 1807): 			"$timezone_offset":-480,
12-15 16:26:03.178 I/SA.AnalyticsMessages( 1807): 			"$app_id":"com.tal.genie.voice",
12-15 16:26:03.178 I/SA.AnalyticsMessages( 1807): 			"$manufacturer":"ALPS",
12-15 16:26:03.178 I/SA.AnalyticsMessages( 1807): 			"userId":"1000303",
12-15 16:26:03.178 I/SA.AnalyticsMessages( 1807): 			"sn":"61D00121B1600029",
12-15 16:26:03.178 I/SA.AnalyticsMessages( 1807): 			"appId":"com.tal.genie.voice",
12-15 16:26:03.178 I/SA.AnalyticsMessages( 1807): 			"grade":"-1",
12-15 16:26:03.178 I/SA.AnalyticsMessages( 1807): 			"gender":"女",
12-15 16:26:03.178 I/SA.AnalyticsMessages( 1807): 			"age":"1970-01-01 00:00:00.000",
12-15 16:26:03.178 I/SA.AnalyticsMessages( 1807): 			"$referrer_title":"语音",
12-15 16:26:03.178 I/SA.AnalyticsMessages( 1807): 			"$wifi":true,
12-15 16:26:03.178 I/SA.AnalyticsMessages( 1807): 			"$network_type":"WIFI",
12-15 16:26:03.178 I/SA.AnalyticsMessages( 1807): 			"$referrer":"com.tal.genie.dicbook.dic.ListResultActivity",
12-15 16:26:03.178 I/SA.AnalyticsMessages( 1807): 			"$url":"com.tal.genie.dicbook.dic.DicResultActivity",
12-15 16:26:03.178 I/SA.AnalyticsMessages( 1807): 			"$screen_name":"com.tal.genie.dicbook.dic.DicResultActivity",
12-15 16:26:03.178 I/SA.AnalyticsMessages( 1807): 			"$title":"语音",
12-15 16:26:03.178 I/SA.AnalyticsMessages( 1807): 			"$lib_method":"autoTrack",
12-15 16:26:03.178 I/SA.AnalyticsMessages( 1807): 			"$is_first_day":true
12-15 16:26:03.178 I/SA.AnalyticsMessages( 1807): 		},
12-15 16:26:03.178 I/SA.AnalyticsMessages( 1807): 		"_flush_time":1639556763141
12-15 16:26:03.178 I/SA.AnalyticsMessages( 1807): 	},
12-15 16:26:03.178 I/SA.AnalyticsMessages( 1807): 	{
12-15 16:26:03.178 I/SA.AnalyticsMessages( 1807): 		"_track_id":226850192,
12-15 16:26:03.178 I/SA.AnalyticsMessages( 1807): 		"time":1639556760694,
12-15 16:26:03.178 I/SA.AnalyticsMessages( 1807): 		"type":"track",
12-15 16:26:03.178 I/SA.AnalyticsMessages( 1807): 		"distinct_id":"61D00121B1600029",
12-15 16:26:03.178 I/SA.AnalyticsMessages( 1807): 		"login_id":"61D00121B1600029",
12-15 16:26:03.178 I/SA.AnalyticsMessages( 1807): 		"anonymous_id":"293b7e711711b482",
12-15 16:26:03.178 I/SA.AnalyticsMessages( 1807): 		"lib":{
12-15 16:26:03.178 I/SA.AnalyticsMessages( 1807): 			"$lib_method":"code",
12-15 16:26:03.178 I/SA.AnalyticsMessages( 1807): 			"$lib":"Android",
12-15 16:26:03.178 I/SA.AnalyticsMessages( 1807): 			"$lib_version":"6.0.0",
12-15 16:26:03.178 I/SA.AnalyticsMessages( 1807): 			"$app_version":"1.0.0",
12-15 16:26:03.178 I/SA.AnalyticsMessages( 1807): 			"$lib_detail":"com.sensorsdata.analytics.android.sdk.AbstractSensorsDataAPI##trackEventInternal##AbstractSensorsDataAPI.java##1513"
12-15 16:26:03.178 I/SA.AnalyticsMessages( 1807): 		},
12-15 16:26:03.178 I/SA.AnalyticsMessages( 1807): 		"event":"SearchWord_Enter",
12-15 16:26:03.178 I/SA.AnalyticsMessages( 1807): 		"properties":{
12-15 16:26:03.178 I/SA.AnalyticsMessages( 1807): 			"$os_version":"9",
12-15 16:26:03.178 I/SA.AnalyticsMessages( 1807): 			"$model":"S10",
12-15 16:26:03.178 I/SA.AnalyticsMessages( 1807): 			"$os":"Android",
12-15 16:26:03.178 I/SA.AnalyticsMessages( 1807): 			"$screen_width":720,
12-15 16:26:03.178 I/SA.AnalyticsMessages( 1807): 			"$brand":"ALPS",
12-15 16:26:03.178 I/SA.AnalyticsMessages( 1807): 			"$screen_height":1600,
12-15 16:26:03.178 I/SA.AnalyticsMessages( 1807): 			"$app_version":"1.0.0",
12-15 16:26:03.178 I/SA.AnalyticsMessages( 1807): 			"$lib":"Android",
12-15 16:26:03.178 I/SA.AnalyticsMessages( 1807): 			"$device_id":"293b7e711711b482",
12-15 16:26:03.178 I/SA.AnalyticsMessages( 1807): 			"$app_name":"语音",
12-15 16:26:03.178 I/SA.AnalyticsMessages( 1807): 			"$lib_version":"6.0.0",
12-15 16:26:03.178 I/SA.AnalyticsMessages( 1807): 			"$timezone_offset":-480,
12-15 16:26:03.178 I/SA.AnalyticsMessages( 1807): 			"$app_id":"com.tal.genie.voice",
12-15 16:26:03.178 I/SA.AnalyticsMessages( 1807): 			"$manufacturer":"ALPS",
12-15 16:26:03.178 I/SA.AnalyticsMessages( 1807): 			"userId":"1000303",
12-15 16:26:03.178 I/SA.AnalyticsMessages( 1807): 			"sn":"61D00121B1600029",
12-15 16:26:03.178 I/SA.AnalyticsMessages( 1807): 			"appId":"com.tal.genie.voice",
12-15 16:26:03.178 I/SA.AnalyticsMessages( 1807): 			"grade":"-1",
12-15 16:26:03.178 I/SA.AnalyticsMessages( 1807): 			"gender":"女",
12-15 16:26:03.178 I/SA.AnalyticsMessages( 1807): 			"age":"1970-01-01 00:00:00.000",
12-15 16:26:03.178 I/SA.AnalyticsMessages( 1807): 			"$referrer_title":"语音",
12-15 16:26:03.178 I/SA.AnalyticsMessages( 1807): 			"$wifi":true,
12-15 16:26:03.178 I/SA.AnalyticsMessages( 1807): 			"$network_type":"WIFI",
12-15 16:26:03.178 I/SA.AnalyticsMessages( 1807): 			"type":"poem",
12-15 16:26:03.178 I/SA.AnalyticsMessages( 1807): 			"into_mode":"voice",
12-15 16:26:03.178 I/SA.AnalyticsMessages( 1807): 			"is_first_time":true,
12-15 16:26:03.178 I/SA.AnalyticsMessages( 1807): 			"$lib_method":"code",
12-15 16:26:03.178 I/SA.AnalyticsMessages( 1807): 			"$is_first_day":true
12-15 16:26:03.178 I/SA.AnalyticsMessages( 1807): 		},
12-15 16:26:03.178 I/SA.AnalyticsMessages( 1807): 		"_flush_time":1639556763141
12-15 16:26:03.178 I/SA.AnalyticsMessages( 1807): 	},
12-15 16:26:03.178 I/SA.AnalyticsMessages( 1807): 	{
12-15 16:26:03.178 I/SA.AnalyticsMessages( 1807): 		"_track_id":-2052818800,
12-15 16:26:03.178 I/SA.AnalyticsMessages( 1807): 		"time":1639556760758,
12-15 16:26:03.178 I/SA.AnalyticsMessages( 1807): 		"type":"track",
12-15 16:26:03.178 I/SA.AnalyticsMessages( 1807): 		"distinct_id":"61D00121B1600029",
12-15 16:26:03.178 I/SA.AnalyticsMessages( 1807): 		"login_id":"61D00121B1600029",
12-15 16:26:03.178 I/SA.AnalyticsMessages( 1807): 		"anonymous_id":"293b7e711711b482",
12-15 16:26:03.178 I/SA.AnalyticsMessages( 1807): 		"lib":{
12-15 16:26:03.178 I/SA.AnalyticsMessages( 1807): 			"$lib_method":"autoTrack",
12-15 16:26:03.178 I/SA.AnalyticsMessages( 1807): 			"$lib":"Android",
12-15 16:26:03.178 I/SA.AnalyticsMessages( 1807): 			"$lib_version":"6.0.0",
12-15 16:26:03.178 I/SA.AnalyticsMessages( 1807): 			"$app_version":"1.0.0",
12-15 16:26:03.178 I/SA.AnalyticsMessages( 1807): 			"$lib_detail":"com.tal.genie.dicbook.dic.DicResultActivity######"
12-15 16:26:03.178 I/SA.AnalyticsMessages( 1807): 		},
12-15 16:26:03.178 I/SA.AnalyticsMessages( 1807): 		"event":"$AppClick",
12-15 16:26:03.178 I/SA.AnalyticsMessages( 1807): 		"properties":{
12-15 16:26:03.178 I/SA.AnalyticsMessages( 1807): 			"$os_version":"9",
12-15 16:26:03.178 I/SA.AnalyticsMessages( 1807): 			"$model":"S10",
12-15 16:26:03.178 I/SA.AnalyticsMessages( 1807): 			"$os":"Android",
12-15 16:26:03.178 I/SA.AnalyticsMessages( 1807): 			"$screen_width":720,
12-15 16:26:03.178 I/SA.AnalyticsMessages( 1807): 			"$brand":"ALPS",
12-15 16:26:03.178 I/SA.AnalyticsMessages( 1807): 			"$screen_height":1600,
12-15 16:26:03.178 I/SA.AnalyticsMessages( 1807): 			"$app_version":"1.0.0",
12-15 16:26:03.178 I/SA.AnalyticsMessages( 1807): 			"$lib":"Android",
12-15 16:26:03.178 I/SA.AnalyticsMessages( 1807): 			"$device_id":"293b7e711711b482",
12-15 16:26:03.178 I/SA.AnalyticsMessages( 1807): 			"$app_name":"语音",
12-15 16:26:03.178 I/SA.AnalyticsMessages( 1807): 			"$lib_version":"6.0.0",
12-15 16:26:03.178 I/SA.AnalyticsMessages( 1807): 			"$timezone_offset":-480,
12-15 16:26:03.178 I/SA.AnalyticsMessages( 1807): 			"$app_id":"com.tal.genie.voice",
12-15 16:26:03.178 I/SA.AnalyticsMessages( 1807): 			"$manufacturer":"ALPS",
12-15 16:26:03.178 I/SA.AnalyticsMessages( 1807): 			"userId":"1000303",
12-15 16:26:03.178 I/SA.AnalyticsMessages( 1807): 			"sn":"61D00121B1600029",
12-15 16:26:03.178 I/SA.AnalyticsMessages( 1807): 			"appId":"com.tal.genie.voice",
12-15 16:26:03.178 I/SA.AnalyticsMessages( 1807): 			"grade":"-1",
12-15 16:26:03.178 I/SA.AnalyticsMessages( 1807): 			"gender":"女",
12-15 16:26:03.178 I/SA.AnalyticsMessages( 1807): 			"age":"1970-01-01 00:00:00.000",
12-15 16:26:03.178 I/SA.AnalyticsMessages( 1807): 			"$referrer_title":"语音",
12-15 16:26:03.178 I/SA.AnalyticsMessages( 1807): 			"$wifi":true,
12-15 16:26:03.178 I/SA.AnalyticsMessages( 1807): 			"$network_type":"WIFI",
12-15 16:26:03.178 I/SA.AnalyticsMessages( 1807): 
12-15 16:26:03.178 I/SA.AnalyticsMessages( 1807): 			"$element_type":"TabLayout",
12-15 16:26:03.178 I/SA.AnalyticsMessages( 1807): 			"$screen_name":"com.tal.genie.dicbook.dic.DicResultActivity",
12-15 16:26:03.178 I/SA.AnalyticsMessages( 1807): 			"$title":"语音",
12-15 16:26:03.178 I/SA.AnalyticsMessages( 1807): 			"$element_content":"诗词",
12-15 16:26:03.178 I/SA.AnalyticsMessages( 1807): 			"$element_selector":"android.widget.LinearLayout[0]/android.widget.FrameLayout[0]/androidx.appcompat.widget.FitWindowsLinearLayout[0]/androidx.appcompat.widget.ContentFrameLayout[0]/androidx.constraintlayout.widget.ConstraintLayout[0]/android.widget.FrameLayout[0]/androidx.constraintlayout.widget.ConstraintLayout[0]/com.google.android.material.tabs.TabLayout[0]/com.google.android.material.tabs.TabLayout.SlidingTabIndicator[0]/com.google.android.material.tabs.TabLayout.TabView[0]",
12-15 16:26:03.178 I/SA.AnalyticsMessages( 1807): 			"$element_path":"android.widget.LinearLayout[0]/android.widget.FrameLayout[0]/androidx.appcompat.widget.FitWindowsLinearLayout[0]/androidx.appcompat.widget.ContentFrameLayout[0]/androidx.constraintlayout.widget.ConstraintLayout[0]/android.widget.FrameLayout[0]/com.tal.genie.dicbook.dic.fragment.DicCnPoemFragment[0]/com.google.android.material.tabs.TabLayout[0]/com.google.android.material.tabs.TabLayout.SlidingTabIndicator[0]/com.google.android.material.tabs.TabLayout.TabView[0]",
12-15 16:26:03.178 I/SA.AnalyticsMessages( 1807): 			"$element_id":"tab_dic_title",
12-15 16:26:03.178 I/SA.AnalyticsMessages( 1807): 			"$lib_method":"autoTrack",
12-15 16:26:03.178 I/SA.AnalyticsMessages( 1807): 			"$is_first_day":true
12-15 16:26:03.178 I/SA.AnalyticsMessages( 1807): 		},
12-15 16:26:03.178 I/SA.AnalyticsMessages( 1807): 		"_flush_time":1639556763141
12-15 16:26:03.178 I/SA.AnalyticsMessages( 1807): 	},
12-15 16:26:03.178 I/SA.AnalyticsMessages( 1807): 	{
12-15 16:26:03.178 I/SA.AnalyticsMessages( 1807): 		"_track_id":1790182472,
12-15 16:26:03.178 I/SA.AnalyticsMessages( 1807): 		"time":1639556760888,
12-15 16:26:03.178 I/SA.AnalyticsMessages( 1807): 		"type":"track",
12-15 16:26:03.178 I/SA.AnalyticsMessages( 1807): 		"distinct_id":"61D00121B1600029",
12-15 16:26:03.178 I/SA.AnalyticsMessages( 1807): 		"login_id":"61D00121B1600029",
12-15 16:26:03.178 I/SA.AnalyticsMessages( 1807): 		"anonymous_id":"293b7e711711b482",
12-15 16:26:03.178 I/SA.AnalyticsMessages( 1807): 		"lib":{
12-15 16:26:03.178 I/SA.AnalyticsMessages( 1807): 			"$lib_method":"code",
12-15 16:26:03.178 I/SA.AnalyticsMessages( 1807): 			"$lib":"Android",
12-15 16:26:03.178 I/SA.AnalyticsMessages( 1807): 			"$lib_version":"6.0.0",
12-15 16:26:03.178 I/SA.AnalyticsMessages( 1807): 			"$app_version":"1.0.0",
12-15 16:26:03.178 I/SA.AnalyticsMessages( 1807): 			"$lib_detail":"com.sensorsdata.analytics.android.sdk.AbstractSensorsDataAPI##trackEventInternal##AbstractSensorsDataAPI.java##1513"
12-15 16:26:03.178 I/SA.AnalyticsMessages( 1807): 		},
12-15 16:26:03.178 I/SA.AnalyticsMessages( 1807): 		"event":"SearchWord_Tab",
12-15 16:26:03.178 I/SA.AnalyticsMessages( 1807): 		"properties":{
12-15 16:26:03.178 I/SA.AnalyticsMessages( 1807): 			"$os_version":"9",
12-15 16:26:03.178 I/SA.AnalyticsMessages( 1807): 			"$model":"S10",
12-15 16:26:03.178 I/SA.AnalyticsMessages( 1807): 			"$os":"Android",
12-15 16:26:03.178 I/SA.AnalyticsMessages( 1807): 			"$screen_width":720,
12-15 16:26:03.178 I/SA.AnalyticsMessages( 1807): 			"$brand":"ALPS",
12-15 16:26:03.178 I/SA.AnalyticsMessages( 1807): 			"$screen_height":1600,
12-15 16:26:03.178 I/SA.AnalyticsMessages( 1807): 			"$app_version":"1.0.0",
12-15 16:26:03.178 I/SA.AnalyticsMessages( 1807): 			"$lib":"Android",
12-15 16:26:03.178 I/SA.AnalyticsMessages( 1807): 			"$device_id":"293b7e711711b482",
12-15 16:26:03.178 I/SA.AnalyticsMessages( 1807): 			"$app_name":"语音",
12-15 16:26:03.178 I/SA.AnalyticsMessages( 1807): 			"$lib_version":"6.0.0",
12-15 16:26:03.178 I/SA.AnalyticsMessages( 1807): 			"$timezone_offset":-480,
12-15 16:26:03.178 I/SA.AnalyticsMessages( 1807): 			"$app_id":"com.tal.genie.voice",
12-15 16:26:03.178 I/SA.AnalyticsMessages( 1807): 			"$manufacturer":"ALPS",
12-15 16:26:03.178 I/SA.AnalyticsMessages( 1807): 			"userId":"1000303",
12-15 16:26:03.178 I/SA.AnalyticsMessages( 1807): 			"sn":"61D00121B1600029",
12-15 16:26:03.178 I/SA.AnalyticsMessages( 1807): 			"appId":"com.tal.genie.voice",
12-15 16:26:03.178 I/SA.AnalyticsMessages( 1807): 			"grade":"-1",
12-15 16:26:03.178 I/SA.AnalyticsMessages( 1807): 			"gender":"女",
12-15 16:26:03.178 I/SA.AnalyticsMessages( 1807): 			"age":"1970-01-01 00:00:00.000",
12-15 16:26:03.178 I/SA.AnalyticsMessages( 1807): 			"$referrer_title":"语音",
12-15 16:26:03.178 I/SA.AnalyticsMessages( 1807): 			"$wifi":true,
12-15 16:26:03.178 I/SA.AnalyticsMessages( 1807): 			"$network_type":"WIFI",
12-15 16:26:03.178 I/SA.AnalyticsMessages( 1807): 			"tab_index":0,
12-15 16:26:03.178 I/SA.AnalyticsMessages( 1807): 			"$lib_method":"code",
12-15 16:26:03.178 I/SA.AnalyticsMessages( 1807): 			"$is_first_day":true
12-15 16:26:03.178 I/SA.AnalyticsMessages( 1807): 		},
12-15 16:26:03.178 I/SA.AnalyticsMessages( 1807): 		"_flush_time":1639556763142
12-15 16:26:03.178 I/SA.AnalyticsMessages( 1807): 	}
12-15 16:26:03.178 I/SA.AnalyticsMessages( 1807): ]
12-15 16:26:03.186 I/SA.AnalyticsMessages( 1807): Events flushed. [left = 0]
12-15 16:26:03.248 I/PowerWrap(  628): PowerHal_TouchBoost
12-15 16:26:03.249 I/libPowerHal(  301): 20: cpu_ctrl set freq: -1 -1
12-15 16:26:03.372 I/PowerWrap(  628): PowerHal_TouchBoost
12-15 16:26:03.374 I/libPowerHal(  301): 20: cpu_ctrl set freq: 2001000 -1
12-15 16:26:03.441 I/PowerWrap(  628): PowerHal_TouchBoost
12-15 16:26:03.442 I/libPowerHal(  301): 20: cpu_ctrl set freq: -1 -1
12-15 16:26:03.881 I/PowerWrap(  628): PowerHal_TouchBoost
12-15 16:26:03.882 I/libPowerHal(  301): 20: cpu_ctrl set freq: 2001000 -1
12-15 16:26:03.967 I/PowerWrap(  628): PowerHal_TouchBoost
12-15 16:26:03.967 I/libPowerHal(  301): 20: cpu_ctrl set freq: -1 -1
12-15 16:26:03.970 I/PowerWrap(  628): PowerHal_Wrap_mtkPowerHint
12-15 16:26:03.970 E/AudioTrack(  628): start(): 0x8bec3180, mState = 1
12-15 16:26:03.970 I/PowerWrap(  628): PowerHal_Wrap_mtkPowerHint
12-15 16:26:03.974 I/libPowerHal(  301): 17: cpu_ctrl set freq: 2001000 -1
12-15 16:26:03.979 E/AudioALSAPlaybackHandlerBase(  286): -getHardwareBufferInfo(), pcm_get_htimestamp fail, ret = -1, pcm_get_error = 
12-15 16:26:03.980 E/TalkAudioHelper( 1807): null
12-15 16:26:03.982 I/TalkAudioHelper( 1807): [ (TalkAudioHelper.java:52)#stop ] stop:0
12-15 16:26:03.982 I/TtSy    ( 1807): [ (TtsPlayer.java:92)#stop ] playState:2
12-15 16:26:03.984 I/PowerWrap(  628): PowerHal_Wrap_mtkPowerHint
12-15 16:26:03.984 I/PowerWrap(  628): PowerHal_Wrap_mtkPowerHint
12-15 16:26:03.985 I/SA.SensorsDataAPI( 1807): track event:
12-15 16:26:03.985 I/SA.SensorsDataAPI( 1807): {
12-15 16:26:03.985 I/SA.SensorsDataAPI( 1807): 	"_track_id":-1308504883,
12-15 16:26:03.985 I/SA.SensorsDataAPI( 1807): 	"time":1639556763981,
12-15 16:26:03.985 I/SA.SensorsDataAPI( 1807): 	"type":"track",
12-15 16:26:03.985 I/SA.SensorsDataAPI( 1807): 	"distinct_id":"61D00121B1600029",
12-15 16:26:03.985 I/SA.SensorsDataAPI( 1807): 	"login_id":"61D00121B1600029",
12-15 16:26:03.985 I/SA.SensorsDataAPI( 1807): 	"anonymous_id":"293b7e711711b482",
12-15 16:26:03.985 I/SA.SensorsDataAPI( 1807): 	"lib":{
12-15 16:26:03.985 I/SA.SensorsDataAPI( 1807): 		"$lib_method":"autoTrack",
12-15 16:26:03.985 I/SA.SensorsDataAPI( 1807): 		"$lib":"Android",
12-15 16:26:03.985 I/SA.SensorsDataAPI( 1807): 		"$lib_version":"6.0.0",
12-15 16:26:03.985 I/SA.SensorsDataAPI( 1807): 		"$app_version":"1.0.0",
12-15 16:26:03.985 I/SA.SensorsDataAPI( 1807): 		"$lib_detail":"com.tal.genie.dicbook.dic.DicResultActivity######"
12-15 16:26:03.985 I/SA.SensorsDataAPI( 1807): 	},
12-15 16:26:03.985 I/SA.SensorsDataAPI( 1807): 	"event":"$AppClick",
12-15 16:26:03.985 I/SA.SensorsDataAPI( 1807): 	"properties":{
12-15 16:26:03.985 I/SA.SensorsDataAPI( 1807): 		"$os_version":"9",
12-15 16:26:03.985 I/SA.SensorsDataAPI( 1807): 		"$model":"S10",
12-15 16:26:03.985 I/SA.SensorsDataAPI( 1807): 		"$os":"Android",
12-15 16:26:03.985 I/SA.SensorsDataAPI( 1807): 		"$screen_width":720,
12-15 16:26:03.985 I/SA.SensorsDataAPI( 1807): 		"$brand":"ALPS",
12-15 16:26:03.985 I/SA.SensorsDataAPI( 1807): 		"$screen_height":1600,
12-15 16:26:03.985 I/SA.SensorsDataAPI( 1807): 		"$app_version":"1.0.0",
12-15 16:26:03.985 I/SA.SensorsDataAPI( 1807): 		"$lib":"Android",
12-15 16:26:03.985 I/SA.SensorsDataAPI( 1807): 		"$device_id":"293b7e711711b482",
12-15 16:26:03.985 I/SA.SensorsDataAPI( 1807): 		"$app_name":"语音",
12-15 16:26:03.985 I/SA.SensorsDataAPI( 1807): 		"$lib_version":"6.0.0",
12-15 16:26:03.985 I/SA.SensorsDataAPI( 1807): 		"$timezone_offset":-480,
12-15 16:26:03.985 I/SA.SensorsDataAPI( 1807): 		"$app_id":"com.tal.genie.voice",
12-15 16:26:03.985 I/SA.SensorsDataAPI( 1807): 		"$manufacturer":"ALPS",
12-15 16:26:03.985 I/SA.SensorsDataAPI( 1807): 		"userId":"1000303",
12-15 16:26:03.985 I/SA.SensorsDataAPI( 1807): 		"sn":"61D00121B1600029",
12-15 16:26:03.985 I/SA.SensorsDataAPI( 1807): 		"appId":"com.tal.genie.voice",
12-15 16:26:03.985 I/SA.SensorsDataAPI( 1807): 		"grade":"-1",
12-15 16:26:03.985 I/SA.SensorsDataAPI( 1807): 		"gender":"女",
12-15 16:26:03.985 I/SA.SensorsDataAPI( 1807): 		"age":"1970-01-01 00:00:00.000",
12-15 16:26:03.985 I/SA.SensorsDataAPI( 1807): 		"$referrer_title":"语音",
12-15 16:26:03.985 I/SA.SensorsDataAPI( 1807): 		"$wifi":true,
12-15 16:26:03.985 I/SA.SensorsDataAPI( 1807): 		"$network_type":"WIFI",
12-15 16:26:03.985 I/SA.SensorsDataAPI( 1807): 		"$element_id":"iv_back",
12-15 16:26:03.985 I/SA.SensorsDataAPI( 1807): 		"$element_type":"ImageView",
12-15 16:26:03.985 I/SA.SensorsDataAPI( 1807): 		"$screen_name":"com.tal.genie.dicbook.dic.DicResultActivity",
12-15 16:26:03.985 I/SA.SensorsDataAPI( 1807): 		"$title":"语音",
12-15 16:26:03.985 I/SA.SensorsDataAPI( 1807): 		"$element_selector":"android.widget.LinearLayout[0]/android.widget.FrameLayout[0]/androidx.appcompat.widget.FitWindowsLinearLayout[0]/androidx.appcompat.widget.ContentFrameLayout[0]/androidx.constraintlayout.widget.ConstraintLayout[0]/androidx.constraintlayout.widget.ConstraintLayout[0]/androidx.appcompat.widget.AppCompatImageView[0]",
12-15 16:26:03.985 I/SA.SensorsDataAPI( 1807): 		"$element_path":"android.widget.LinearLayout[0]/android.widget.FrameLayout[0]/androidx.appcompat.widget.FitWindowsLinearLayout[0]/androidx.appcompat.widget.ContentFrameLayout[0]/androidx.constraintlayout.widget.ConstraintLayout[0]/androidx.constraintlayout.widget.ConstraintLayout[0]/androidx.appcompat.widget.AppCompatImageView[0]",
12-15 16:26:03.985 I/SA.SensorsDataAPI( 1807): 		"$lib_method":"autoTrack",
12-15 16:26:03.985 I/SA.SensorsDataAPI( 1807): 		"$is_first_day":true
12-15 16:26:03.985 I/SA.SensorsDataAPI( 1807): 	}
12-15 16:26:03.985 I/SA.SensorsDataAPI( 1807): }
12-15 16:26:03.986 I/vendor.mediatek.hardware.power@2.0-impl(  301): notifyAppState pack:com.tal.genie.voice, act:com.tal.genie.dicbook.dic.ListResultActivity, pid:1807, state:1
12-15 16:26:03.988 I/WindowManager(  628): Focus moving from Window{cabbbcc u0 com.tal.genie.voice/com.tal.genie.dicbook.dic.DicResultActivity} to Window{5766e86 u0 com.tal.genie.voice/com.tal.genie.dicbook.dic.ListResultActivity}
12-15 16:26:04.008 I/SurfaceFlinger(  312): [Built-in Screen (type:0)] fps:0.413706,dur:2417.17,max:2417.17,min:2417.17
12-15 16:26:04.012 I/SA.SensorsDataAPI( 1807): track event:
12-15 16:26:04.012 I/SA.SensorsDataAPI( 1807): {
12-15 16:26:04.012 I/SA.SensorsDataAPI( 1807): 	"_track_id":554735631,
12-15 16:26:04.012 I/SA.SensorsDataAPI( 1807): 	"time":1639556764007,
12-15 16:26:04.012 I/SA.SensorsDataAPI( 1807): 	"type":"track",
12-15 16:26:04.012 I/SA.SensorsDataAPI( 1807): 	"distinct_id":"61D00121B1600029",
12-15 16:26:04.012 I/SA.SensorsDataAPI( 1807): 	"login_id":"61D00121B1600029",
12-15 16:26:04.012 I/SA.SensorsDataAPI( 1807): 	"anonymous_id":"293b7e711711b482",
12-15 16:26:04.012 I/SA.SensorsDataAPI( 1807): 	"lib":{
12-15 16:26:04.012 I/SA.SensorsDataAPI( 1807): 		"$lib_method":"autoTrack",
12-15 16:26:04.012 I/SA.SensorsDataAPI( 1807): 		"$lib":"Android",
12-15 16:26:04.012 I/SA.SensorsDataAPI( 1807): 		"$lib_version":"6.0.0",
12-15 16:26:04.012 I/SA.SensorsDataAPI( 1807): 		"$app_version":"1.0.0",
12-15 16:26:04.012 I/SA.SensorsDataAPI( 1807): 		"$lib_detail":"com.tal.genie.dicbook.dic.ListResultActivity######"
12-15 16:26:04.012 I/SA.SensorsDataAPI( 1807): 	},
12-15 16:26:04.012 I/SA.SensorsDataAPI( 1807): 	"event":"$AppViewScreen",
12-15 16:26:04.012 I/SA.SensorsDataAPI( 1807): 	"properties":{
12-15 16:26:04.012 I/SA.SensorsDataAPI( 1807): 		"$os_version":"9",
12-15 16:26:04.012 I/SA.SensorsDataAPI( 1807): 		"$model":"S10",
12-15 16:26:04.012 I/SA.SensorsDataAPI( 1807): 		"$os":"Android",
12-15 16:26:04.012 I/SA.SensorsDataAPI( 1807): 		"$screen_width":720,
12-15 16:26:04.012 I/SA.SensorsDataAPI( 1807): 		"$brand":"ALPS",
12-15 16:26:04.012 I/SA.SensorsDataAPI( 1807): 		"$screen_height":1600,
12-15 16:26:04.012 I/SA.SensorsDataAPI( 1807): 		"$app_version":"1.0.0",
12-15 16:26:04.012 I/SA.SensorsDataAPI( 1807): 		"$lib":"Android",
12-15 16:26:04.012 I/SA.SensorsDataAPI( 1807): 		"$device_id":"293b7e711711b482",
12-15 16:26:04.012 I/SA.SensorsDataAPI( 1807): 		"$app_name":"语音",
12-15 16:26:04.012 I/SA.SensorsDataAPI( 1807): 		"$lib_version":"6.0.0",
12-15 16:26:04.012 I/SA.SensorsDataAPI( 1807): 		"$timezone_offset":-480,
12-15 16:26:04.012 I/SA.SensorsDataAPI( 1807): 		"$app_id":"com.tal.genie.voice",
12-15 16:26:04.012 I/SA.SensorsDataAPI( 1807): 		"$manufacturer":"ALPS",
12-15 16:26:04.012 I/SA.SensorsDataAPI( 1807): 		"userId":"1000303",
12-15 16:26:04.012 I/SA.SensorsDataAPI( 1807): 		"sn":"61D00121B1600029",
12-15 16:26:04.012 I/SA.SensorsDataAPI( 1807): 		"appId":"com.tal.genie.voice",
12-15 16:26:04.012 I/SA.SensorsDataAPI( 1807): 		"grade":"-1",
12-15 16:26:04.012 I/SA.SensorsDataAPI( 1807): 		"gender":"女",
12-15 16:26:04.012 I/SA.SensorsDataAPI( 1807): 		"age":"1970-01-01 00:00:00.000",
12-15 16:26:04.012 I/SA.SensorsDataAPI( 1807): 		"$referrer_title":"语音",
12-15 16:26:04.012 I/SA.SensorsDataAPI( 1807): 		"$wifi":true,
12-15 16:26:04.012 I/SA.SensorsDataAPI( 1807): 		"$network_type":"WIFI",
12-15 16:26:04.012 I/SA.SensorsDataAPI( 1807): 		"$referrer":"com.tal.genie.dicbook.dic.DicResultActivity",
12-15 16:26:04.012 I/SA.SensorsDataAPI( 1807): 		"$url":"com.tal.genie.dicbook.dic.ListResultActivity",
12-15 16:26:04.012 I/SA.SensorsDataAPI( 1807): 		"$screen_name":"com.tal.genie.dicbook.dic.ListResultActivity",
12-15 16:26:04.012 I/SA.SensorsDataAPI( 1807): 		"$title":"语音",
12-15 16:26:04.012 I/SA.SensorsDataAPI( 1807): 		"$lib_method":"autoTrack",
12-15 16:26:04.012 I/SA.SensorsDataAPI( 1807): 		"$is_first_day":true
12-15 16:26:04.012 I/SA.SensorsDataAPI( 1807): 	}
12-15 16:26:04.012 I/SA.SensorsDataAPI( 1807): }
12-15 16:26:04.025 I/BufferQueueProducer(  312): [com.tal.genie.voice/com.tal.genie.dicbook.dic.DicResultActivity#0](this:0xabf8b000,id:73,api:1,p:1807,c:312) disconnect(P): api 1
12-15 16:26:04.025 I/BufferQueueConsumer(  312): [com.tal.genie.voice/com.tal.genie.dicbook.dic.DicResultActivity#0](this:0xabf8b000,id:73,api:1,p:-1,c:312) getReleasedBuffers: returning mask 0xffffffffffffffff
12-15 16:26:04.032 I/PowerWrap(  628): PowerHal_Wrap_mtkPowerHint
12-15 16:26:04.033 I/libPowerHal(  301): 17: cpu_ctrl set freq: -1 -1
12-15 16:26:04.035 I/CrashReport-Native( 1807): jni_setNativeInfo: key is 14
12-15 16:26:04.036 I/CrashReport-Native( 1807): Set native info: isAppForeground(true)
12-15 16:26:04.072 W/TRAEIdle_Androi( 1276): type=1400 audit(0.0:10047): avc: denied { read } for name="stat" dev="proc" ino=4026532021 scontext=u:r:system_app:s0 tcontext=u:object_r:proc_stat:s0 tclass=file permissive=0
12-15 16:26:04.076 I/BufferQueueConsumer(  312): [com.tal.genie.voice/com.tal.genie.dicbook.dic.DicResultActivity#0](this:0xabf8b000,id:73,api:1,p:-1,c:-1) disconnect(C)
12-15 16:26:04.076 I/BufferQueue(  312): [com.tal.genie.voice/com.tal.genie.dicbook.dic.DicResultActivity#0](this:0xabf8b000,id:73,api:1,p:-1,c:-1) ~BufferQueueCore
12-15 16:26:04.116 I/ViewTreeStatusObservable( 1807): onGlobalLayout
12-15 16:26:04.121 I/BufferQueueProducer(  312): [com.tal.genie.voice/com.tal.genie.dicbook.dic.ListResultActivity#0](this:0xabbb0000,id:68,api:1,p:1807,c:312) queueBuffer: fps=0.18 dur=5705.06 max=5705.06 min=5705.06
12-15 16:26:04.216 I/ViewTreeStatusObservable( 1807): start traverse...
12-15 16:26:04.311 I/ViewTreeStatusObservable( 1807): stop traverse...
12-15 16:26:05.124 I/PowerWrap(  628): PowerHal_TouchBoost
12-15 16:26:05.126 I/libPowerHal(  301): 20: cpu_ctrl set freq: 2001000 -1
12-15 16:26:05.129 E/ActivityManager(  628): Sending non-protected broadcast com.genie.clickscreen from system 1807:com.tal.genie.voice/u0a27 pkg com.tal.genie.voice
12-15 16:26:05.129 E/ActivityManager(  628): java.lang.Throwable
12-15 16:26:05.129 E/ActivityManager(  628): 	at com.android.server.am.ActivityManagerService.checkBroadcastFromSystem(ActivityManagerService.java:21473)
12-15 16:26:05.129 E/ActivityManager(  628): 	at com.android.server.am.ActivityManagerService.broadcastIntentLocked(ActivityManagerService.java:21984)
12-15 16:26:05.129 E/ActivityManager(  628): 	at com.android.server.am.ActivityManagerService.broadcastIntent(ActivityManagerService.java:22227)
12-15 16:26:05.129 E/ActivityManager(  628): 	at android.app.IActivityManager$Stub.onTransact$broadcastIntent$(IActivityManager.java:10181)
12-15 16:26:05.129 E/ActivityManager(  628): 	at android.app.IActivityManager$Stub.onTransact(IActivityManager.java:167)
12-15 16:26:05.129 E/ActivityManager(  628): 	at com.android.server.am.ActivityManagerService.onTransact(ActivityManagerService.java:3350)
12-15 16:26:05.129 E/ActivityManager(  628): 	at android.os.Binder.execTransact(Binder.java:731)
12-15 16:26:05.136 W/AES     (  628): Exception Log handling...
12-15 16:26:05.137 W/AES     (  628): skip for Exp level 0
12-15 16:26:05.138 E/ActivityManager(  628): Sending non-protected broadcast com.genie.clickscreen from system 1807:com.tal.genie.voice/u0a27 pkg com.tal.genie.voice
12-15 16:26:05.138 E/ActivityManager(  628): java.lang.Throwable
12-15 16:26:05.138 E/ActivityManager(  628): 	at com.android.server.am.ActivityManagerService.checkBroadcastFromSystem(ActivityManagerService.java:21473)
12-15 16:26:05.138 E/ActivityManager(  628): 	at com.android.server.am.ActivityManagerService.broadcastIntentLocked(ActivityManagerService.java:22077)
12-15 16:26:05.138 E/ActivityManager(  628): 	at com.android.server.am.ActivityManagerService.broadcastIntent(ActivityManagerService.java:22227)
12-15 16:26:05.138 E/ActivityManager(  628): 	at android.app.IActivityManager$Stub.onTransact$broadcastIntent$(IActivityManager.java:10181)
12-15 16:26:05.138 E/ActivityManager(  628): 	at android.app.IActivityManager$Stub.onTransact(IActivityManager.java:167)
12-15 16:26:05.138 E/ActivityManager(  628): 	at com.android.server.am.ActivityManagerService.onTransact(ActivityManagerService.java:3350)
12-15 16:26:05.138 E/ActivityManager(  628): 	at android.os.Binder.execTransact(Binder.java:731)
12-15 16:26:05.141 W/AES     (  628): Exception Log handling...
12-15 16:26:05.142 W/AES     (  628): skip for Exp level 0
12-15 16:26:05.143 I/SA.PushAutoTrackHelper( 1148): SDK or push disabled.
12-15 16:26:05.143 I/LockScreenReceiver( 1148): action ::: com.genie.clickscreen
12-15 16:26:05.143 I/EyesProtectManager( 1148): [ (EyesProtectManager.java:76)#userTracked ] userTracked:  configLoaded-true protectorOn-false canUseScreen-true isUseCounting-false useBeginTime-null useSeconds-0 lockScreenTime-2021-12-15 16:25:26 unlockScreenTime- null
12-15 16:26:05.228 I/PowerWrap(  628): PowerHal_TouchBoost
12-15 16:26:05.229 I/libPowerHal(  301): 20: cpu_ctrl set freq: -1 -1
12-15 16:26:05.230 E/AudioTrack(  628): start(): 0x8bec3180, mState = 1
12-15 16:26:05.232 I/WindowManager(  628): Focus moving from Window{5766e86 u0 com.tal.genie.voice/com.tal.genie.dicbook.dic.ListResultActivity} to Window{82a54ff u0 com.android.settings/com.android.settings.SubSettings}
12-15 16:26:05.232 I/PowerWrap(  628): PowerHal_Wrap_mtkPowerHint
12-15 16:26:05.232 I/PowerWrap(  628): PowerHal_Wrap_mtkPowerHint
12-15 16:26:05.233 I/libPowerHal(  301): 16: cpu_ctrl set freq: 2001000 -1
12-15 16:26:05.239 W/lmkd    (  311): type=1400 audit(0.0:10048): avc: denied { dac_read_search } for capability=2 scontext=u:r:lmkd:s0 tcontext=u:r:lmkd:s0 tclass=capability permissive=0
12-15 16:26:05.239 W/lmkd    (  311): type=1400 audit(0.0:10049): avc: denied { dac_read_search } for capability=2 scontext=u:r:lmkd:s0 tcontext=u:r:lmkd:s0 tclass=capability permissive=0
12-15 16:26:05.239 I/TalkAudioHelper( 1807): [ (TalkAudioHelper.java:52)#stop ] stop:0
12-15 16:26:05.240 I/TtSy    ( 1807): [ (TtsPlayer.java:92)#stop ] playState:2
12-15 16:26:05.242 I/SA.SensorsDataAPI( 1807): track event:
12-15 16:26:05.242 I/SA.SensorsDataAPI( 1807): {
12-15 16:26:05.242 I/SA.SensorsDataAPI( 1807): 	"_track_id":-469584973,
12-15 16:26:05.242 I/SA.SensorsDataAPI( 1807): 	"time":1639556765239,
12-15 16:26:05.242 I/SA.SensorsDataAPI( 1807): 	"type":"track",
12-15 16:26:05.242 I/SA.SensorsDataAPI( 1807): 	"distinct_id":"61D00121B1600029",
12-15 16:26:05.242 I/SA.SensorsDataAPI( 1807): 	"login_id":"61D00121B1600029",
12-15 16:26:05.242 I/SA.SensorsDataAPI( 1807): 	"anonymous_id":"293b7e711711b482",
12-15 16:26:05.242 I/SA.SensorsDataAPI( 1807): 	"lib":{
12-15 16:26:05.242 I/SA.SensorsDataAPI( 1807): 		"$lib_method":"autoTrack",
12-15 16:26:05.242 I/SA.SensorsDataAPI( 1807): 		"$lib":"Android",
12-15 16:26:05.242 I/SA.SensorsDataAPI( 1807): 		"$lib_version":"6.0.0",
12-15 16:26:05.242 I/SA.SensorsDataAPI( 1807): 		"$app_version":"1.0.0",
12-15 16:26:05.242 I/SA.SensorsDataAPI( 1807): 		"$lib_detail":"com.tal.genie.dicbook.dic.ListResultActivity######"
12-15 16:26:05.242 I/SA.SensorsDataAPI( 1807): 	},
12-15 16:26:05.242 I/SA.SensorsDataAPI( 1807): 	"event":"$AppClick",
12-15 16:26:05.242 I/SA.SensorsDataAPI( 1807): 	"properties":{
12-15 16:26:05.242 I/SA.SensorsDataAPI( 1807): 		"$os_version":"9",
12-15 16:26:05.242 I/SA.SensorsDataAPI( 1807): 		"$model":"S10",
12-15 16:26:05.242 I/SA.SensorsDataAPI( 1807): 		"$os":"Android",
