12-17 16:00:21.485 V/AlarmManager(  658): set(PendingIntent{1616a34: PendingIntentRecord{d0e405d com.tal.genie.push broadcastIntent}}) : type=2 triggerAtTime=15701469 win=0 tElapsed=15701469 maxElapsed=16001469 interval=0 flags=0x9
12-17 16:00:21.499 V/AlarmManager(  658): isAlarmNeedAlign : operation is null
12-17 16:00:21.500 I/chatty  (  658): uid=1000(system) Binder:658_E identical 3 lines
12-17 16:00:21.501 V/AlarmManager(  658): isAlarmNeedAlign : operation is null
12-17 16:00:29.234 E/storaged(  497): getDiskStats failed with result NOT_SUPPORTED and size 0
12-17 16:00:29.498 V/AlarmManager(  658): set(PendingIntent{113cbcc: PendingIntentRecord{94e1e15 com.tal.genie.push broadcastIntent}}) : type=2 triggerAtTime=15721470 win=0 tElapsed=15721470 maxElapsed=16021470 interval=0 flags=0x9
12-17 16:00:29.503 V/AlarmManager(  658): set(PendingIntent{cab652a: PendingIntentRecord{6490f1b com.tal.genie.push broadcastIntent}}) : type=2 triggerAtTime=15709487 win=0 tElapsed=15709487 maxElapsed=16009487 interval=0 flags=0x9
12-17 16:00:29.518 V/AlarmManager(  658): isAlarmNeedAlign : operation is null
12-17 16:00:29.519 I/chatty  (  658): uid=1000(system) Binder:658_A identical 3 lines
12-17 16:00:29.519 V/AlarmManager(  658): isAlarmNeedAlign : operation is null
12-17 16:00:37.516 V/AlarmManager(  658): set(PendingIntent{507bffc: PendingIntentRecord{9b3b685 com.tal.genie.push broadcastIntent}}) : type=2 triggerAtTime=15729491 win=0 tElapsed=15729491 maxElapsed=16029491 interval=0 flags=0x9
12-17 16:00:37.521 V/AlarmManager(  658): set(PendingIntent{2ff6cda: PendingIntentRecord{487f50b com.tal.genie.push broadcastIntent}}) : type=2 triggerAtTime=15717506 win=0 tElapsed=15717506 maxElapsed=16017506 interval=0 flags=0x9
12-17 16:00:37.537 V/AlarmManager(  658): isAlarmNeedAlign : operation is null
12-17 16:00:37.538 I/chatty  (  658): uid=1000(system) Binder:658_E identical 3 lines
12-17 16:00:37.539 V/AlarmManager(  658): isAlarmNeedAlign : operation is null
12-17 16:00:45.535 V/AlarmManager(  658): set(PendingIntent{e0ebd32: PendingIntentRecord{97fa83 com.tal.genie.push broadcastIntent}}) : type=2 triggerAtTime=15737507 win=0 tElapsed=15737507 maxElapsed=16037507 interval=0 flags=0x9
12-17 16:00:45.541 V/AlarmManager(  658): set(PendingIntent{35bc400: PendingIntentRecord{bcaa439 com.tal.genie.push broadcastIntent}}) : type=2 triggerAtTime=15725525 win=0 tElapsed=15725525 maxElapsed=16025525 interval=0 flags=0x9
12-17 16:00:45.559 V/AlarmManager(  658): isAlarmNeedAlign : operation is null
12-17 16:00:45.560 I/chatty  (  658): uid=1000(system) Binder:658_A identical 3 lines
12-17 16:00:45.560 V/AlarmManager(  658): isAlarmNeedAlign : operation is null
12-17 16:00:53.541 V/AlarmManager(  658): set(PendingIntent{677a7e: PendingIntentRecord{ed5bbdf com.tal.genie.push broadcastIntent}}) : type=2 triggerAtTime=15745526 win=0 tElapsed=15745526 maxElapsed=16045526 interval=0 flags=0x9
12-17 16:00:53.545 V/AlarmManager(  658): set(PendingIntent{db9202c: PendingIntentRecord{da84af5 com.tal.genie.push broadcastIntent}}) : type=2 triggerAtTime=15733530 win=0 tElapsed=15733530 maxElapsed=16033530 interval=0 flags=0x9
12-17 16:00:53.560 V/AlarmManager(  658): isAlarmNeedAlign : operation is null
12-17 16:00:53.561 I/chatty  (  658): uid=1000(system) Binder:658_E identical 3 lines
12-17 16:00:53.562 V/AlarmManager(  658): isAlarmNeedAlign : operation is null
12-17 16:01:01.560 V/AlarmManager(  658): set(PendingIntent{99be3ad: PendingIntentRecord{b8cd6e2 com.tal.genie.push broadcastIntent}}) : type=2 triggerAtTime=15753531 win=0 tElapsed=15753531 maxElapsed=16053531 interval=0 flags=0x9
12-17 16:01:01.561 V/AlarmManager(  658): set(PendingIntent{f2be712: PendingIntentRecord{50ee3 android broadcastIntent}}) : type=3 triggerAtTime=15791987 win=0 tElapsed=15791987 maxElapsed=15791987 interval=0 flags=0x1
12-17 16:01:01.566 V/AlarmManager(  658): set(PendingIntent{93c8a73: PendingIntentRecord{8e82d30 com.tal.genie.push broadcastIntent}}) : type=2 triggerAtTime=15741552 win=0 tElapsed=15741552 maxElapsed=16041552 interval=0 flags=0x9
12-17 16:01:01.586 V/AlarmManager(  658): isAlarmNeedAlign : operation is null
12-17 16:01:01.586 I/chatty  (  658): uid=1000(system) Binder:658_A identical 3 lines
12-17 16:01:01.587 V/AlarmManager(  658): isAlarmNeedAlign : operation is null
12-17 16:01:09.577 V/AlarmManager(  658): set(PendingIntent{cccd4eb: PendingIntentRecord{4d87248 com.tal.genie.push broadcastIntent}}) : type=2 triggerAtTime=15761552 win=0 tElapsed=15761552 maxElapsed=16061552 interval=0 flags=0x9
12-17 16:01:09.581 V/AlarmManager(  658): set(PendingIntent{eaac8e1: PendingIntentRecord{6f24606 com.tal.genie.push broadcastIntent}}) : type=2 triggerAtTime=15749567 win=0 tElapsed=15749567 maxElapsed=16049567 interval=0 flags=0x9
12-17 16:01:09.595 V/AlarmManager(  658): isAlarmNeedAlign : operation is null
12-17 16:01:09.596 I/chatty  (  658): uid=1000(system) Binder:658_A identical 3 lines
12-17 16:01:09.596 V/AlarmManager(  658): isAlarmNeedAlign : operation is null
12-17 16:01:17.592 V/AlarmManager(  658): set(PendingIntent{f5ab319: PendingIntentRecord{a860fde com.tal.genie.push broadcastIntent}}) : type=2 triggerAtTime=15769568 win=0 tElapsed=15769568 maxElapsed=16069568 interval=0 flags=0x9
12-17 16:01:17.595 V/AlarmManager(  658): set(PendingIntent{79e95bf: PendingIntentRecord{e0248c com.tal.genie.push broadcastIntent}}) : type=2 triggerAtTime=15757581 win=0 tElapsed=15757581 maxElapsed=16057581 interval=0 flags=0x9
12-17 16:01:17.609 V/AlarmManager(  658): isAlarmNeedAlign : operation is null
12-17 16:01:17.610 I/chatty  (  658): uid=1000(system) Binder:658_A identical 3 lines
12-17 16:01:17.610 V/AlarmManager(  658): isAlarmNeedAlign : operation is null
12-17 16:01:25.606 V/AlarmManager(  658): set(PendingIntent{3e37db7: PendingIntentRecord{ab47924 com.tal.genie.push broadcastIntent}}) : type=2 triggerAtTime=15777582 win=0 tElapsed=15777582 maxElapsed=16077582 interval=0 flags=0x9
12-17 16:01:25.609 V/AlarmManager(  658): set(PendingIntent{198bc8d: PendingIntentRecord{9896e42 com.tal.genie.push broadcastIntent}}) : type=2 triggerAtTime=15765594 win=0 tElapsed=15765594 maxElapsed=16065594 interval=0 flags=0x9
12-17 16:01:25.625 V/AlarmManager(  658): isAlarmNeedAlign : operation is null
12-17 16:01:25.626 I/chatty  (  658): uid=1000(system) Binder:658_9 identical 3 lines
12-17 16:01:25.626 V/AlarmManager(  658): isAlarmNeedAlign : operation is null
12-17 16:01:29.235 E/storaged(  497): getDiskStats failed with result NOT_SUPPORTED and size 0
12-17 16:01:33.623 V/AlarmManager(  658): set(PendingIntent{6c5f045: PendingIntentRecord{bda839a com.tal.genie.push broadcastIntent}}) : type=2 triggerAtTime=15785595 win=0 tElapsed=15785595 maxElapsed=16085595 interval=0 flags=0x9
12-17 16:01:33.628 V/AlarmManager(  658): set(PendingIntent{33f24cb: PendingIntentRecord{f1ab4a8 com.tal.genie.push broadcastIntent}}) : type=2 triggerAtTime=15773613 win=0 tElapsed=15773613 maxElapsed=16073613 interval=0 flags=0x9
12-17 16:01:33.645 V/AlarmManager(  658): isAlarmNeedAlign : operation is null
12-17 16:01:33.646 I/chatty  (  658): uid=1000(system) Binder:658_9 identical 3 lines
12-17 16:01:33.646 V/AlarmManager(  658): isAlarmNeedAlign : operation is null
12-17 16:01:41.637 V/AlarmManager(  658): set(PendingIntent{18d6243: PendingIntentRecord{ff570c0 com.tal.genie.push broadcastIntent}}) : type=2 triggerAtTime=15793614 win=0 tElapsed=15793614 maxElapsed=16093614 interval=0 flags=0x9
12-17 16:01:41.640 V/AlarmManager(  658): set(PendingIntent{85bb1f9: PendingIntentRecord{edad53e com.tal.genie.push broadcastIntent}}) : type=2 triggerAtTime=15781626 win=0 tElapsed=15781626 maxElapsed=16081626 interval=0 flags=0x9
12-17 16:01:41.653 V/AlarmManager(  658): isAlarmNeedAlign : operation is null
12-17 16:01:41.653 I/chatty  (  658): uid=1000(system) Binder:658_A identical 3 lines
12-17 16:01:41.653 V/AlarmManager(  658): isAlarmNeedAlign : operation is null
12-17 16:01:49.650 V/AlarmManager(  658): set(PendingIntent{beca731: PendingIntentRecord{f9a4e16 com.tal.genie.push broadcastIntent}}) : type=2 triggerAtTime=15801627 win=0 tElapsed=15801627 maxElapsed=16101627 interval=0 flags=0x9
12-17 16:01:49.653 V/AlarmManager(  658): set(PendingIntent{3822397: PendingIntentRecord{30b5984 com.tal.genie.push broadcastIntent}}) : type=2 triggerAtTime=15789639 win=0 tElapsed=15789639 maxElapsed=16089639 interval=0 flags=0x9
12-17 16:01:49.669 V/AlarmManager(  658): isAlarmNeedAlign : operation is null
12-17 16:01:49.669 I/chatty  (  658): uid=1000(system) Binder:658_9 identical 3 lines
12-17 16:01:49.670 V/AlarmManager(  658): isAlarmNeedAlign : operation is null
12-17 16:01:57.664 V/AlarmManager(  658): set(PendingIntent{3fee8f: PendingIntentRecord{782551c com.tal.genie.push broadcastIntent}}) : type=2 triggerAtTime=15809640 win=0 tElapsed=15809640 maxElapsed=16109640 interval=0 flags=0x9
12-17 16:01:57.666 V/AlarmManager(  658): set(PendingIntent{814f525: PendingIntentRecord{33bd6fa com.tal.genie.push broadcastIntent}}) : type=2 triggerAtTime=15797652 win=0 tElapsed=15797652 maxElapsed=16097652 interval=0 flags=0x9
12-17 16:01:57.682 V/AlarmManager(  658): isAlarmNeedAlign : operation is null
12-17 16:01:57.683 I/chatty  (  658): uid=1000(system) Binder:658_A identical 3 lines
12-17 16:01:57.683 V/AlarmManager(  658): isAlarmNeedAlign : operation is null
12-17 16:02:05.678 V/AlarmManager(  658): set(PendingIntent{f2be712: PendingIntentRecord{50ee3 android broadcastIntent}}) : type=3 triggerAtTime=15851988 win=0 tElapsed=15851988 maxElapsed=15851988 interval=0 flags=0x1
12-17 16:02:05.679 V/AlarmManager(  658): set(PendingIntent{3ea4b52: PendingIntentRecord{1213e23 com.tal.genie.push broadcastIntent}}) : type=2 triggerAtTime=15817653 win=0 tElapsed=15817653 maxElapsed=16117653 interval=0 flags=0x9
12-17 16:02:05.684 V/AlarmManager(  658): set(PendingIntent{e284f20: PendingIntentRecord{205a0d9 com.tal.genie.push broadcastIntent}}) : type=2 triggerAtTime=15805669 win=0 tElapsed=15805669 maxElapsed=16105669 interval=0 flags=0x9
12-17 16:02:05.701 V/AlarmManager(  658): isAlarmNeedAlign : operation is null
12-17 16:02:05.702 I/chatty  (  658): uid=1000(system) Binder:658_A identical 3 lines
12-17 16:02:05.702 V/AlarmManager(  658): isAlarmNeedAlign : operation is null
12-17 16:02:13.695 V/AlarmManager(  658): set(PendingIntent{bdce238: PendingIntentRecord{9499211 com.tal.genie.push broadcastIntent}}) : type=2 triggerAtTime=15825671 win=0 tElapsed=15825671 maxElapsed=16125671 interval=0 flags=0x9
12-17 16:02:13.698 V/AlarmManager(  658): set(PendingIntent{8fa8f76: PendingIntentRecord{5a93977 com.tal.genie.push broadcastIntent}}) : type=2 triggerAtTime=15813684 win=0 tElapsed=15813684 maxElapsed=16113684 interval=0 flags=0x9
12-17 16:02:13.714 V/AlarmManager(  658): isAlarmNeedAlign : operation is null
12-17 16:02:13.715 I/chatty  (  658): uid=1000(system) Binder:658_E identical 3 lines
12-17 16:02:13.716 V/AlarmManager(  658): isAlarmNeedAlign : operation is null
12-17 16:02:21.713 V/AlarmManager(  658): set(PendingIntent{b40174e: PendingIntentRecord{5b7e06f com.tal.genie.push broadcastIntent}}) : type=2 triggerAtTime=15833684 win=0 tElapsed=15833684 maxElapsed=16133684 interval=0 flags=0x9
12-17 16:02:21.717 V/AlarmManager(  658): set(PendingIntent{a86917c: PendingIntentRecord{d87ea05 com.tal.genie.push broadcastIntent}}) : type=2 triggerAtTime=15821702 win=0 tElapsed=15821702 maxElapsed=16121702 interval=0 flags=0x9
12-17 16:02:21.733 V/AlarmManager(  658): isAlarmNeedAlign : operation is null
12-17 16:02:21.734 I/chatty  (  658): uid=1000(system) Binder:658_E identical 3 lines
12-17 16:02:21.735 V/AlarmManager(  658): isAlarmNeedAlign : operation is null
12-17 16:02:29.236 E/storaged(  497): getDiskStats failed with result NOT_SUPPORTED and size 0
12-17 16:02:29.731 V/AlarmManager(  658): set(PendingIntent{d3d9414: PendingIntentRecord{1ce54bd com.tal.genie.push broadcastIntent}}) : type=2 triggerAtTime=15841703 win=0 tElapsed=15841703 maxElapsed=16141703 interval=0 flags=0x9
12-17 16:02:29.735 V/AlarmManager(  658): set(PendingIntent{9d9dab2: PendingIntentRecord{a108a03 com.tal.genie.push broadcastIntent}}) : type=2 triggerAtTime=15829720 win=0 tElapsed=15829720 maxElapsed=16129720 interval=0 flags=0x9
12-17 16:02:29.749 V/AlarmManager(  658): isAlarmNeedAlign : operation is null
12-17 16:02:29.750 I/chatty  (  658): uid=1000(system) Binder:658_E identical 3 lines
12-17 16:02:29.750 V/AlarmManager(  658): isAlarmNeedAlign : operation is null
12-17 16:02:37.749 V/AlarmManager(  658): set(PendingIntent{15e0e0a: PendingIntentRecord{30f367b com.tal.genie.push broadcastIntent}}) : type=2 triggerAtTime=15849722 win=0 tElapsed=15849722 maxElapsed=16149722 interval=0 flags=0x9
12-17 16:02:37.752 V/AlarmManager(  658): set(PendingIntent{e35dc98: PendingIntentRecord{bb56cf1 com.tal.genie.push broadcastIntent}}) : type=2 triggerAtTime=15837737 win=0 tElapsed=15837737 maxElapsed=16137737 interval=0 flags=0x9
12-17 16:02:37.768 V/AlarmManager(  658): isAlarmNeedAlign : operation is null
12-17 16:02:37.768 I/chatty  (  658): uid=1000(system) Binder:658_A identical 3 lines
12-17 16:02:37.769 V/AlarmManager(  658): isAlarmNeedAlign : operation is null
12-17 16:02:45.763 V/AlarmManager(  658): set(PendingIntent{46fa6b0: PendingIntentRecord{473c929 com.tal.genie.push broadcastIntent}}) : type=2 triggerAtTime=15857738 win=0 tElapsed=15857738 maxElapsed=16157738 interval=0 flags=0x9
12-17 16:02:45.768 V/AlarmManager(  658): set(PendingIntent{b4d54ae: PendingIntentRecord{c4e424f com.tal.genie.push broadcastIntent}}) : type=2 triggerAtTime=15845753 win=0 tElapsed=15845753 maxElapsed=16145753 interval=0 flags=0x9
12-17 16:02:45.788 V/AlarmManager(  658): isAlarmNeedAlign : operation is null
12-17 16:02:45.788 I/chatty  (  658): uid=1000(system) Binder:658_A identical 3 lines
12-17 16:02:45.788 V/AlarmManager(  658): isAlarmNeedAlign : operation is null
12-17 16:02:53.781 V/AlarmManager(  658): isAlarmNeedAlign : operation is null
12-17 16:02:53.781 V/AlarmManager(  658): set(null) : type=3 triggerAtTime=16500000 win=0 tElapsed=16500000 maxElapsed=16500000 interval=0 flags=0x9
12-17 16:02:53.782 V/AlarmManager(  658): set(PendingIntent{baa7461: PendingIntentRecord{b0f4b86 com.tal.genie.push broadcastIntent}}) : type=2 triggerAtTime=15865754 win=0 tElapsed=15865754 maxElapsed=16165754 interval=0 flags=0x9
12-17 16:02:53.787 V/AlarmManager(  658): set(PendingIntent{75cac74: PendingIntentRecord{4b8f59d com.tal.genie.push broadcastIntent}}) : type=2 triggerAtTime=15853771 win=0 tElapsed=15853771 maxElapsed=16153771 interval=0 flags=0x9
12-17 16:02:53.804 V/AlarmManager(  658): isAlarmNeedAlign : operation is null
12-17 16:02:53.804 I/chatty  (  658): uid=1000(system) Binder:658_E identical 3 lines
12-17 16:02:53.805 V/AlarmManager(  658): isAlarmNeedAlign : operation is null
12-17 16:03:01.800 V/AlarmManager(  658): set(PendingIntent{2723b55: PendingIntentRecord{175596a com.tal.genie.push broadcastIntent}}) : type=2 triggerAtTime=15873772 win=0 tElapsed=15873772 maxElapsed=16173772 interval=0 flags=0x9
12-17 16:03:01.801 V/AlarmManager(  658): set(PendingIntent{f2be712: PendingIntentRecord{50ee3 android broadcastIntent}}) : type=3 triggerAtTime=15911987 win=0 tElapsed=15911987 maxElapsed=15911987 interval=0 flags=0x1
12-17 16:03:01.807 V/AlarmManager(  658): set(PendingIntent{2318e5b: PendingIntentRecord{ddb86f8 com.tal.genie.push broadcastIntent}}) : type=2 triggerAtTime=15861791 win=0 tElapsed=15861791 maxElapsed=16161791 interval=0 flags=0x9
12-17 16:03:01.826 V/AlarmManager(  658): isAlarmNeedAlign : operation is null
12-17 16:03:01.826 I/chatty  (  658): uid=1000(system) Binder:658_A identical 3 lines
12-17 16:03:01.827 V/AlarmManager(  658): isAlarmNeedAlign : operation is null
12-17 16:03:09.821 V/AlarmManager(  658): set(PendingIntent{a116dd3: PendingIntentRecord{d143d10 com.tal.genie.push broadcastIntent}}) : type=2 triggerAtTime=15881793 win=0 tElapsed=15881793 maxElapsed=16181793 interval=0 flags=0x9
12-17 16:03:09.824 V/AlarmManager(  658): set(PendingIntent{6991009: PendingIntentRecord{204c20e com.tal.genie.push broadcastIntent}}) : type=2 triggerAtTime=15869809 win=0 tElapsed=15869809 maxElapsed=16169809 interval=0 flags=0x9
12-17 16:03:09.839 V/AlarmManager(  658): isAlarmNeedAlign : operation is null
12-17 16:03:09.840 I/chatty  (  658): uid=1000(system) Binder:658_E identical 3 lines
12-17 16:03:09.840 V/AlarmManager(  658): isAlarmNeedAlign : operation is null
12-17 16:03:17.835 V/AlarmManager(  658): set(PendingIntent{a95b741: PendingIntentRecord{cdb04e6 com.tal.genie.push broadcastIntent}}) : type=2 triggerAtTime=15889810 win=0 tElapsed=15889810 maxElapsed=16189810 interval=0 flags=0x9
12-17 16:03:17.838 V/AlarmManager(  658): set(PendingIntent{4a35a27: PendingIntentRecord{2f74d4 com.tal.genie.push broadcastIntent}}) : type=2 triggerAtTime=15877823 win=0 tElapsed=15877823 maxElapsed=16177823 interval=0 flags=0x9
12-17 16:03:17.855 V/AlarmManager(  658): isAlarmNeedAlign : operation is null
12-17 16:03:17.855 I/chatty  (  658): uid=1000(system) Binder:658_A identical 3 lines
12-17 16:03:17.855 V/AlarmManager(  658): isAlarmNeedAlign : operation is null
12-17 16:03:25.852 V/AlarmManager(  658): set(PendingIntent{e5f671f: PendingIntentRecord{1048a6c com.tal.genie.push broadcastIntent}}) : type=2 triggerAtTime=15897824 win=0 tElapsed=15897824 maxElapsed=16197824 interval=0 flags=0x9
12-17 16:03:25.856 V/AlarmManager(  658): set(PendingIntent{ca40835: PendingIntentRecord{a55d4ca com.tal.genie.push broadcastIntent}}) : type=2 triggerAtTime=15885841 win=0 tElapsed=15885841 maxElapsed=16185841 interval=0 flags=0x9
12-17 16:03:25.875 V/AlarmManager(  658): isAlarmNeedAlign : operation is null
12-17 16:03:25.875 I/chatty  (  658): uid=1000(system) Binder:658_A identical 3 lines
12-17 16:03:25.875 V/AlarmManager(  658): isAlarmNeedAlign : operation is null
12-17 16:03:29.237 E/storaged(  497): getDiskStats failed with result NOT_SUPPORTED and size 0
12-17 16:03:33.869 V/AlarmManager(  658): set(PendingIntent{22a08ed: PendingIntentRecord{eec3322 com.tal.genie.push broadcastIntent}}) : type=2 triggerAtTime=15905842 win=0 tElapsed=15905842 maxElapsed=16205842 interval=0 flags=0x9
12-17 16:03:33.872 V/AlarmManager(  658): set(PendingIntent{7251b3: PendingIntentRecord{9038370 com.tal.genie.push broadcastIntent}}) : type=2 triggerAtTime=15893857 win=0 tElapsed=15893857 maxElapsed=16193857 interval=0 flags=0x9
12-17 16:03:33.890 V/AlarmManager(  658): isAlarmNeedAlign : operation is null
12-17 16:03:33.891 I/chatty  (  658): uid=1000(system) Binder:658_E identical 3 lines
12-17 16:03:33.891 V/AlarmManager(  658): isAlarmNeedAlign : operation is null
12-17 16:03:41.883 V/AlarmManager(  658): set(PendingIntent{58c442b: PendingIntentRecord{dc05088 com.tal.genie.push broadcastIntent}}) : type=2 triggerAtTime=15913858 win=0 tElapsed=15913858 maxElapsed=16213858 interval=0 flags=0x9
12-17 16:03:41.886 V/AlarmManager(  658): set(PendingIntent{49bea21: PendingIntentRecord{e3eee46 com.tal.genie.push broadcastIntent}}) : type=2 triggerAtTime=15901871 win=0 tElapsed=15901871 maxElapsed=16201871 interval=0 flags=0x9
12-17 16:03:41.904 V/AlarmManager(  658): isAlarmNeedAlign : operation is null
12-17 16:03:41.904 I/chatty  (  658): uid=1000(system) Binder:658_A identical 3 lines
12-17 16:03:41.904 V/AlarmManager(  658): isAlarmNeedAlign : operation is null
12-17 16:03:49.900 V/AlarmManager(  658): set(PendingIntent{3a6bc59: PendingIntentRecord{137801e com.tal.genie.push broadcastIntent}}) : type=2 triggerAtTime=15921872 win=0 tElapsed=15921872 maxElapsed=16221872 interval=0 flags=0x9
12-17 16:03:49.904 V/AlarmManager(  658): set(PendingIntent{2dee0ff: PendingIntentRecord{5adaecc com.tal.genie.push broadcastIntent}}) : type=2 triggerAtTime=15909889 win=0 tElapsed=15909889 maxElapsed=16209889 interval=0 flags=0x9
12-17 16:03:49.920 V/AlarmManager(  658): isAlarmNeedAlign : operation is null
12-17 16:03:49.920 I/chatty  (  658): uid=1000(system) Binder:658_E identical 3 lines
12-17 16:03:49.921 V/AlarmManager(  658): isAlarmNeedAlign : operation is null
12-17 16:03:57.917 V/AlarmManager(  658): set(PendingIntent{ef9f0f7: PendingIntentRecord{de10b64 com.tal.genie.push broadcastIntent}}) : type=2 triggerAtTime=15929890 win=0 tElapsed=15929890 maxElapsed=16229890 interval=0 flags=0x9
12-17 16:03:57.922 V/AlarmManager(  658): set(PendingIntent{da281cd: PendingIntentRecord{34bea82 com.tal.genie.push broadcastIntent}}) : type=2 triggerAtTime=15917906 win=0 tElapsed=15917906 maxElapsed=16217906 interval=0 flags=0x9
12-17 16:03:57.937 V/AlarmManager(  658): isAlarmNeedAlign : operation is null
12-17 16:03:57.937 I/chatty  (  658): uid=1000(system) Binder:658_A identical 3 lines
12-17 16:03:57.938 V/AlarmManager(  658): isAlarmNeedAlign : operation is null
12-17 16:04:05.935 V/AlarmManager(  658): set(PendingIntent{f2be712: PendingIntentRecord{50ee3 android broadcastIntent}}) : type=3 triggerAtTime=15971987 win=0 tElapsed=15971987 maxElapsed=15971987 interval=0 flags=0x1
12-17 16:04:05.936 V/AlarmManager(  658): set(PendingIntent{b6847da: PendingIntentRecord{de7340b com.tal.genie.push broadcastIntent}}) : type=2 triggerAtTime=15937908 win=0 tElapsed=15937908 maxElapsed=16237908 interval=0 flags=0x9
12-17 16:04:05.943 V/AlarmManager(  658): set(PendingIntent{8ceb2e8: PendingIntentRecord{1f50d01 com.tal.genie.push broadcastIntent}}) : type=2 triggerAtTime=15925927 win=0 tElapsed=15925927 maxElapsed=16225927 interval=0 flags=0x9
12-17 16:04:05.962 V/AlarmManager(  658): isAlarmNeedAlign : operation is null
12-17 16:04:05.962 I/chatty  (  658): uid=1000(system) Binder:658_A identical 3 lines
12-17 16:04:05.963 V/AlarmManager(  658): isAlarmNeedAlign : operation is null
12-17 16:04:13.956 V/AlarmManager(  658): set(PendingIntent{7e2f700: PendingIntentRecord{ce55b39 com.tal.genie.push broadcastIntent}}) : type=2 triggerAtTime=15945928 win=0 tElapsed=15945928 maxElapsed=16245928 interval=0 flags=0x9
12-17 16:04:13.960 V/AlarmManager(  658): set(PendingIntent{689657e: PendingIntentRecord{2e0cadf com.tal.genie.push broadcastIntent}}) : type=2 triggerAtTime=15933945 win=0 tElapsed=15933945 maxElapsed=16233945 interval=0 flags=0x9
12-17 16:04:13.975 V/AlarmManager(  658): isAlarmNeedAlign : operation is null
12-17 16:04:13.976 I/chatty  (  658): uid=1000(system) Binder:658_9 identical 3 lines
12-17 16:04:13.976 V/AlarmManager(  658): isAlarmNeedAlign : operation is null
12-17 16:04:21.975 V/AlarmManager(  658): set(PendingIntent{402a656: PendingIntentRecord{5336d7 com.tal.genie.push broadcastIntent}}) : type=2 triggerAtTime=15953946 win=0 tElapsed=15953946 maxElapsed=16253946 interval=0 flags=0x9
12-17 16:04:21.979 V/AlarmManager(  658): set(PendingIntent{f6e0bc4: PendingIntentRecord{708eaad com.tal.genie.push broadcastIntent}}) : type=2 triggerAtTime=15941964 win=0 tElapsed=15941964 maxElapsed=16241964 interval=0 flags=0x9
12-17 16:04:21.996 V/AlarmManager(  658): isAlarmNeedAlign : operation is null
12-17 16:04:21.997 I/chatty  (  658): uid=1000(system) Binder:658_9 identical 3 lines
12-17 16:04:21.997 V/AlarmManager(  658): isAlarmNeedAlign : operation is null
12-17 16:04:29.237 E/storaged(  497): getDiskStats failed with result NOT_SUPPORTED and size 0
12-17 16:04:29.994 V/AlarmManager(  658): set(PendingIntent{ac10f5c: PendingIntentRecord{409c265 com.tal.genie.push broadcastIntent}}) : type=2 triggerAtTime=15961967 win=0 tElapsed=15961967 maxElapsed=16261967 interval=0 flags=0x9
12-17 16:04:29.999 V/AlarmManager(  658): set(PendingIntent{80bb3a: PendingIntentRecord{8b793eb com.tal.genie.push broadcastIntent}}) : type=2 triggerAtTime=15949983 win=0 tElapsed=15949983 maxElapsed=16249983 interval=0 flags=0x9
12-17 16:04:30.017 V/AlarmManager(  658): isAlarmNeedAlign : operation is null
12-17 16:04:30.017 I/chatty  (  658): uid=1000(system) Binder:658_A identical 3 lines
12-17 16:04:30.018 V/AlarmManager(  658): isAlarmNeedAlign : operation is null
12-17 16:04:37.999 V/AlarmManager(  658): set(PendingIntent{7fdc548: PendingIntentRecord{6d91fe1 com.tal.genie.push broadcastIntent}}) : type=2 triggerAtTime=15969985 win=0 tElapsed=15969985 maxElapsed=16269985 interval=0 flags=0x9
12-17 16:04:38.003 V/AlarmManager(  658): set(PendingIntent{b2f5106: PendingIntentRecord{e7983c7 com.tal.genie.push broadcastIntent}}) : type=2 triggerAtTime=15957988 win=0 tElapsed=15957988 maxElapsed=16257988 interval=0 flags=0x9
12-17 16:04:38.022 V/AlarmManager(  658): isAlarmNeedAlign : operation is null
12-17 16:04:38.022 I/chatty  (  658): uid=1000(system) Binder:658_9 identical 3 lines
12-17 16:04:38.023 V/AlarmManager(  658): isAlarmNeedAlign : operation is null
12-17 16:04:46.004 V/AlarmManager(  658): set(PendingIntent{2cdedf4: PendingIntentRecord{ee6d91d com.tal.genie.push broadcastIntent}}) : type=2 triggerAtTime=15977990 win=0 tElapsed=15977990 maxElapsed=16277990 interval=0 flags=0x9
12-17 16:04:46.008 V/AlarmManager(  658): set(PendingIntent{7df7792: PendingIntentRecord{d809563 com.tal.genie.push broadcastIntent}}) : type=2 triggerAtTime=15965993 win=0 tElapsed=15965993 maxElapsed=16265993 interval=0 flags=0x9
12-17 16:04:46.024 V/AlarmManager(  658): isAlarmNeedAlign : operation is null
12-17 16:04:46.024 I/chatty  (  658): uid=1000(system) Binder:658_A identical 3 lines
12-17 16:04:46.025 V/AlarmManager(  658): isAlarmNeedAlign : operation is null
12-17 16:04:54.023 V/AlarmManager(  658): set(PendingIntent{11e66ea: PendingIntentRecord{494ddb com.tal.genie.push broadcastIntent}}) : type=2 triggerAtTime=15985995 win=0 tElapsed=15985995 maxElapsed=16285995 interval=0 flags=0x9
12-17 16:04:54.031 V/AlarmManager(  658): set(PendingIntent{7511078: PendingIntentRecord{558c351 com.tal.genie.push broadcastIntent}}) : type=2 triggerAtTime=15974015 win=0 tElapsed=15974015 maxElapsed=16274015 interval=0 flags=0x9
12-17 16:04:54.048 V/AlarmManager(  658): isAlarmNeedAlign : operation is null
12-17 16:04:54.048 I/chatty  (  658): uid=1000(system) Binder:658_A identical 3 lines
12-17 16:04:54.049 V/AlarmManager(  658): isAlarmNeedAlign : operation is null
12-17 16:05:02.043 V/AlarmManager(  658): set(PendingIntent{b9f8b89: PendingIntentRecord{468578e com.tal.genie.push broadcastIntent}}) : type=2 triggerAtTime=15994016 win=0 tElapsed=15994016 maxElapsed=16294016 interval=0 flags=0x9
12-17 16:05:02.043 V/AlarmManager(  658): set(PendingIntent{f2be712: PendingIntentRecord{50ee3 android broadcastIntent}}) : type=3 triggerAtTime=16031987 win=0 tElapsed=16031987 maxElapsed=16031987 interval=0 flags=0x1
12-17 16:05:02.048 V/AlarmManager(  658): set(PendingIntent{eebbaf: PendingIntentRecord{b2f6bbc com.tal.genie.push broadcastIntent}}) : type=2 triggerAtTime=15982032 win=0 tElapsed=15982032 maxElapsed=16282032 interval=0 flags=0x9
12-17 16:05:02.065 V/AlarmManager(  658): isAlarmNeedAlign : operation is null
12-17 16:05:02.065 I/chatty  (  658): uid=1000(system) Binder:658_E identical 3 lines
12-17 16:05:02.066 V/AlarmManager(  658): isAlarmNeedAlign : operation is null
12-17 16:05:10.058 V/AlarmManager(  658): set(PendingIntent{87471a7: PendingIntentRecord{25f7654 com.tal.genie.push broadcastIntent}}) : type=2 triggerAtTime=16002033 win=0 tElapsed=16002033 maxElapsed=16302033 interval=0 flags=0x9
12-17 16:05:10.061 V/AlarmManager(  658): set(PendingIntent{1ab29fd: PendingIntentRecord{35a26f2 com.tal.genie.push broadcastIntent}}) : type=2 triggerAtTime=15990046 win=0 tElapsed=15990046 maxElapsed=16290046 interval=0 flags=0x9
12-17 16:05:10.075 V/AlarmManager(  658): isAlarmNeedAlign : operation is null
12-17 16:05:10.075 I/chatty  (  658): uid=1000(system) Binder:658_9 identical 3 lines
12-17 16:05:10.076 V/AlarmManager(  658): isAlarmNeedAlign : operation is null
12-17 16:05:18.075 V/AlarmManager(  658): set(PendingIntent{2a9bb5: PendingIntentRecord{93a24a com.tal.genie.push broadcastIntent}}) : type=2 triggerAtTime=16010047 win=0 tElapsed=16010047 maxElapsed=16310047 interval=0 flags=0x9
12-17 16:05:18.078 V/AlarmManager(  658): set(PendingIntent{98ad5bb: PendingIntentRecord{6de2ad8 com.tal.genie.push broadcastIntent}}) : type=2 triggerAtTime=15998063 win=0 tElapsed=15998063 maxElapsed=16298063 interval=0 flags=0x9
12-17 16:05:18.093 V/AlarmManager(  658): isAlarmNeedAlign : operation is null
12-17 16:05:18.093 I/chatty  (  658): uid=1000(system) Binder:658_E identical 3 lines
12-17 16:05:18.094 V/AlarmManager(  658): isAlarmNeedAlign : operation is null
12-17 16:05:26.089 V/AlarmManager(  658): set(PendingIntent{fa04133: PendingIntentRecord{b8b7cf0 com.tal.genie.push broadcastIntent}}) : type=2 triggerAtTime=16018066 win=0 tElapsed=16018066 maxElapsed=16318066 interval=0 flags=0x9
12-17 16:05:26.093 V/AlarmManager(  658): set(PendingIntent{c158269: PendingIntentRecord{91ab4ee com.tal.genie.push broadcastIntent}}) : type=2 triggerAtTime=16006079 win=0 tElapsed=16006079 maxElapsed=16306079 interval=0 flags=0x9
12-17 16:05:26.108 V/AlarmManager(  658): isAlarmNeedAlign : operation is null
12-17 16:05:26.108 I/chatty  (  658): uid=1000(system) Binder:658_11 identical 3 lines
12-17 16:05:26.109 V/AlarmManager(  658): isAlarmNeedAlign : operation is null
12-17 16:05:29.238 E/storaged(  497): getDiskStats failed with result NOT_SUPPORTED and size 0
12-17 16:05:34.108 V/AlarmManager(  658): set(PendingIntent{42215a1: PendingIntentRecord{a073c6 com.tal.genie.push broadcastIntent}}) : type=2 triggerAtTime=16026080 win=0 tElapsed=16026080 maxElapsed=16326080 interval=0 flags=0x9
12-17 16:05:34.112 V/AlarmManager(  658): set(PendingIntent{8bbcf87: PendingIntentRecord{a9caeb4 com.tal.genie.push broadcastIntent}}) : type=2 triggerAtTime=16014097 win=0 tElapsed=16014097 maxElapsed=16314097 interval=0 flags=0x9
12-17 16:05:34.129 V/AlarmManager(  658): isAlarmNeedAlign : operation is null
12-17 16:05:34.129 I/chatty  (  658): uid=1000(system) Binder:658_3 identical 3 lines
12-17 16:05:34.130 V/AlarmManager(  658): isAlarmNeedAlign : operation is null
12-17 16:05:42.126 V/AlarmManager(  658): set(PendingIntent{7a5287f: PendingIntentRecord{4e3204c com.tal.genie.push broadcastIntent}}) : type=2 triggerAtTime=16034098 win=0 tElapsed=16034098 maxElapsed=16334098 interval=0 flags=0x9
12-17 16:05:42.131 V/AlarmManager(  658): set(PendingIntent{f541895: PendingIntentRecord{e8a0daa com.tal.genie.push broadcastIntent}}) : type=2 triggerAtTime=16022116 win=0 tElapsed=16022116 maxElapsed=16322116 interval=0 flags=0x9
12-17 16:05:42.147 V/AlarmManager(  658): isAlarmNeedAlign : operation is null
12-17 16:05:42.148 I/chatty  (  658): uid=1000(system) Binder:658_9 identical 3 lines
12-17 16:05:42.148 V/AlarmManager(  658): isAlarmNeedAlign : operation is null
12-17 16:05:46.363 V/AlarmManager(  658): isAlarmNeedAlign : operation is null
12-17 16:05:46.363 V/AlarmManager(  658): set(null) : type=2 triggerAtTime=43244712 win=20419771 tElapsed=43244712 maxElapsed=63664483 interval=0 flags=0x0
12-17 16:05:46.382 V/AlarmManager(  658): isAlarmNeedAlign : operation is null
12-17 16:05:46.382 V/AlarmManager(  658): set(null) : type=2 triggerAtTime=43244712 win=20419757 tElapsed=43244712 maxElapsed=63664469 interval=0 flags=0x0
12-17 16:05:46.382 V/AlarmManager(  658): isAlarmNeedAlign : operation is null
12-17 16:05:46.383 I/chatty  (  658): uid=1000(system) Binder:658_3 identical 4 lines
12-17 16:05:46.383 V/AlarmManager(  658): isAlarmNeedAlign : operation is null
12-17 16:05:46.383 V/AlarmManager(  658): set(null) : type=2 triggerAtTime=16318345 win=224981 tElapsed=16318345 maxElapsed=16543326 interval=0 flags=0x0
12-17 16:05:46.384 V/AlarmManager(  658): isAlarmNeedAlign : operation is null
12-17 16:05:46.384 I/chatty  (  658): uid=1000(system) Binder:658_3 identical 4 lines
12-17 16:05:46.385 V/AlarmManager(  658): isAlarmNeedAlign : operation is null
12-17 16:05:46.385 V/AlarmManager(  658): set(null) : type=2 triggerAtTime=16918338 win=674974 tElapsed=16918338 maxElapsed=17593312 interval=0 flags=0x0
12-17 16:05:46.385 V/AlarmManager(  658): isAlarmNeedAlign : operation is null
12-17 16:05:46.386 I/chatty  (  658): uid=1000(system) Binder:658_3 identical 4 lines
12-17 16:05:46.400 V/AlarmManager(  658): isAlarmNeedAlign : operation is null
12-17 16:05:46.400 V/AlarmManager(  658): set(null) : type=2 triggerAtTime=16918338 win=674963 tElapsed=16918338 maxElapsed=17593301 interval=0 flags=0x0
12-17 16:05:46.400 V/AlarmManager(  658): isAlarmNeedAlign : operation is null
12-17 16:05:46.401 I/chatty  (  658): uid=1000(system) Binder:658_3 identical 4 lines
12-17 16:05:46.401 V/AlarmManager(  658): isAlarmNeedAlign : operation is null
12-17 16:05:46.401 V/AlarmManager(  658): set(null) : type=2 triggerAtTime=17218338 win=899961 tElapsed=17218338 maxElapsed=18118299 interval=0 flags=0x0
12-17 16:05:46.402 V/AlarmManager(  658): isAlarmNeedAlign : operation is null
12-17 16:05:46.402 I/chatty  (  658): uid=1000(system) Binder:658_3 identical 3 lines
12-17 16:05:46.403 V/AlarmManager(  658): isAlarmNeedAlign : operation is null
12-17 16:05:50.146 V/AlarmManager(  658): set(PendingIntent{e479d67: PendingIntentRecord{b1d9714 com.tal.genie.push broadcastIntent}}) : type=2 triggerAtTime=16042118 win=0 tElapsed=16042118 maxElapsed=16342118 interval=0 flags=0x9
12-17 16:05:50.156 V/AlarmManager(  658): set(PendingIntent{d199bbd: PendingIntentRecord{28915b2 com.tal.genie.push broadcastIntent}}) : type=2 triggerAtTime=16030136 win=0 tElapsed=16030136 maxElapsed=16330136 interval=0 flags=0x9
12-17 16:05:50.168 V/AlarmManager(  658): isAlarmNeedAlign : operation is null
12-17 16:05:50.169 I/chatty  (  658): uid=1000(system) Binder:658_11 identical 3 lines
12-17 16:05:50.169 V/AlarmManager(  658): isAlarmNeedAlign : operation is null
12-17 16:05:58.163 V/AlarmManager(  658): set(PendingIntent{13d8575: PendingIntentRecord{359a90a com.tal.genie.push broadcastIntent}}) : type=2 triggerAtTime=16050136 win=0 tElapsed=16050136 maxElapsed=16350136 interval=0 flags=0x9
12-17 16:05:58.166 V/AlarmManager(  658): set(PendingIntent{66a357b: PendingIntentRecord{fa66f98 com.tal.genie.push broadcastIntent}}) : type=2 triggerAtTime=16038151 win=0 tElapsed=16038151 maxElapsed=16338151 interval=0 flags=0x9
12-17 16:05:58.179 V/AlarmManager(  658): isAlarmNeedAlign : operation is null
12-17 16:05:58.179 I/chatty  (  658): uid=1000(system) Binder:658_F identical 3 lines
12-17 16:05:58.180 V/AlarmManager(  658): isAlarmNeedAlign : operation is null
12-17 16:06:06.181 V/AlarmManager(  658): set(PendingIntent{aff99b0: PendingIntentRecord{dc84029 com.tal.genie.push broadcastIntent}}) : type=2 triggerAtTime=16058153 win=0 tElapsed=16058153 maxElapsed=16358153 interval=0 flags=0x9
12-17 16:06:06.182 V/AlarmManager(  658): set(PendingIntent{f2be712: PendingIntentRecord{50ee3 android broadcastIntent}}) : type=3 triggerAtTime=16091987 win=0 tElapsed=16091987 maxElapsed=16091987 interval=0 flags=0x1
12-17 16:06:06.187 V/AlarmManager(  658): set(PendingIntent{d89114f: PendingIntentRecord{8bca0dc com.tal.genie.push broadcastIntent}}) : type=2 triggerAtTime=16046172 win=0 tElapsed=16046172 maxElapsed=16346172 interval=0 flags=0x9
12-17 16:06:06.202 V/AlarmManager(  658): isAlarmNeedAlign : operation is null
12-17 16:06:06.202 I/chatty  (  658): uid=1000(system) Binder:658_F identical 3 lines
12-17 16:06:06.202 V/AlarmManager(  658): isAlarmNeedAlign : operation is null
12-17 16:06:14.201 V/AlarmManager(  658): set(PendingIntent{40fdb47: PendingIntentRecord{f7a2f74 com.tal.genie.push broadcastIntent}}) : type=2 triggerAtTime=16066172 win=0 tElapsed=16066172 maxElapsed=16366172 interval=0 flags=0x9
12-17 16:06:14.205 V/AlarmManager(  658): set(PendingIntent{933bc9d: PendingIntentRecord{ced5512 com.tal.genie.push broadcastIntent}}) : type=2 triggerAtTime=16054190 win=0 tElapsed=16054190 maxElapsed=16354190 interval=0 flags=0x9
12-17 16:06:14.217 V/AlarmManager(  658): isAlarmNeedAlign : operation is null
12-17 16:06:14.217 I/chatty  (  658): uid=1000(system) Binder:658_C identical 3 lines
12-17 16:06:14.217 V/AlarmManager(  658): isAlarmNeedAlign : operation is null
12-17 16:06:22.219 V/AlarmManager(  658): set(PendingIntent{49ee255: PendingIntentRecord{35a746a com.tal.genie.push broadcastIntent}}) : type=2 triggerAtTime=16074192 win=0 tElapsed=16074192 maxElapsed=16374192 interval=0 flags=0x9
12-17 16:06:22.223 V/AlarmManager(  658): set(PendingIntent{f80d5b: PendingIntentRecord{d1199f8 com.tal.genie.push broadcastIntent}}) : type=2 triggerAtTime=16062208 win=0 tElapsed=16062208 maxElapsed=16362208 interval=0 flags=0x9
12-17 16:06:22.242 V/AlarmManager(  658): isAlarmNeedAlign : operation is null
12-17 16:06:22.242 I/chatty  (  658): uid=1000(system) Binder:658_F identical 3 lines
12-17 16:06:22.243 V/AlarmManager(  658): isAlarmNeedAlign : operation is null
12-17 16:06:29.239 E/storaged(  497): getDiskStats failed with result NOT_SUPPORTED and size 0
12-17 16:06:30.234 V/AlarmManager(  658): set(PendingIntent{d48ccd3: PendingIntentRecord{499b010 com.tal.genie.push broadcastIntent}}) : type=2 triggerAtTime=16082209 win=0 tElapsed=16082209 maxElapsed=16382209 interval=0 flags=0x9
12-17 16:06:30.238 V/AlarmManager(  658): set(PendingIntent{5750709: PendingIntentRecord{4eeed0e com.tal.genie.push broadcastIntent}}) : type=2 triggerAtTime=16070223 win=0 tElapsed=16070223 maxElapsed=16370223 interval=0 flags=0x9
12-17 16:06:30.250 V/AlarmManager(  658): isAlarmNeedAlign : operation is null
12-17 16:06:30.250 I/chatty  (  658): uid=1000(system) Binder:658_F identical 3 lines
12-17 16:06:30.250 V/AlarmManager(  658): isAlarmNeedAlign : operation is null
12-17 16:06:38.248 V/AlarmManager(  658): set(PendingIntent{31b7128: PendingIntentRecord{c198e41 com.tal.genie.push broadcastIntent}}) : type=2 triggerAtTime=16090223 win=0 tElapsed=16090223 maxElapsed=16390223 interval=0 flags=0x9
12-17 16:06:38.252 V/AlarmManager(  658): set(PendingIntent{10c8927: PendingIntentRecord{f4a77d4 com.tal.genie.push broadcastIntent}}) : type=2 triggerAtTime=16078238 win=0 tElapsed=16078238 maxElapsed=16378238 interval=0 flags=0x9
12-17 16:06:38.265 V/AlarmManager(  658): isAlarmNeedAlign : operation is null
12-17 16:06:38.265 I/chatty  (  658): uid=1000(system) Binder:658_F identical 3 lines
12-17 16:06:38.265 V/AlarmManager(  658): isAlarmNeedAlign : operation is null
12-17 16:06:46.262 V/AlarmManager(  658): set(PendingIntent{adf761f: PendingIntentRecord{21ced6c com.tal.genie.push broadcastIntent}}) : type=2 triggerAtTime=16098238 win=0 tElapsed=16098238 maxElapsed=16398238 interval=0 flags=0x9
12-17 16:06:46.265 V/AlarmManager(  658): set(PendingIntent{4302f35: PendingIntentRecord{ee46fca com.tal.genie.push broadcastIntent}}) : type=2 triggerAtTime=16086250 win=0 tElapsed=16086250 maxElapsed=16386250 interval=0 flags=0x9
12-17 16:06:46.522 V/AlarmManager(  658): isAlarmNeedAlign : operation is null
12-17 16:06:46.522 I/chatty  (  658): uid=1000(system) Binder:658_F identical 3 lines
12-17 16:06:46.523 V/AlarmManager(  658): isAlarmNeedAlign : operation is null
12-17 16:06:54.280 V/AlarmManager(  658): set(PendingIntent{c340fed: PendingIntentRecord{d532e22 com.tal.genie.push broadcastIntent}}) : type=2 triggerAtTime=16106255 win=0 tElapsed=16106255 maxElapsed=16406255 interval=0 flags=0x9
12-17 16:06:54.285 V/AlarmManager(  658): set(PendingIntent{4c530b3: PendingIntentRecord{a3e7670 com.tal.genie.push broadcastIntent}}) : type=2 triggerAtTime=16094270 win=0 tElapsed=16094270 maxElapsed=16394270 interval=0 flags=0x9
12-17 16:06:54.303 V/AlarmManager(  658): isAlarmNeedAlign : operation is null
12-17 16:06:54.304 I/chatty  (  658): uid=1000(system) Binder:658_C identical 3 lines
12-17 16:06:54.304 V/AlarmManager(  658): isAlarmNeedAlign : operation is null
12-17 16:07:02.295 V/AlarmManager(  658): set(PendingIntent{706a388: PendingIntentRecord{6d74121 com.tal.genie.push broadcastIntent}}) : type=2 triggerAtTime=16114271 win=0 tElapsed=16114271 maxElapsed=16414271 interval=0 flags=0x9
12-17 16:07:02.297 V/AlarmManager(  658): set(PendingIntent{f2be712: PendingIntentRecord{50ee3 android broadcastIntent}}) : type=3 triggerAtTime=16151987 win=0 tElapsed=16151987 maxElapsed=16151987 interval=0 flags=0x1
12-17 16:07:02.302 V/AlarmManager(  658): set(PendingIntent{4f946: PendingIntentRecord{835a707 com.tal.genie.push broadcastIntent}}) : type=2 triggerAtTime=16102287 win=0 tElapsed=16102287 maxElapsed=16402287 interval=0 flags=0x9
12-17 16:07:02.320 V/AlarmManager(  658): isAlarmNeedAlign : operation is null
12-17 16:07:02.320 I/chatty  (  658): uid=1000(system) Binder:658_F identical 3 lines
12-17 16:07:02.321 V/AlarmManager(  658): isAlarmNeedAlign : operation is null
12-17 16:07:10.316 V/AlarmManager(  658): set(PendingIntent{e53eb1e: PendingIntentRecord{2926fff com.tal.genie.push broadcastIntent}}) : type=2 triggerAtTime=16122289 win=0 tElapsed=16122289 maxElapsed=16422289 interval=0 flags=0x9
12-17 16:07:10.320 V/AlarmManager(  658): set(PendingIntent{4b391cc: PendingIntentRecord{6a96c15 com.tal.genie.push broadcastIntent}}) : type=2 triggerAtTime=16110305 win=0 tElapsed=16110305 maxElapsed=16410305 interval=0 flags=0x9
12-17 16:07:10.337 V/AlarmManager(  658): isAlarmNeedAlign : operation is null
12-17 16:07:10.337 I/chatty  (  658): uid=1000(system) Binder:658_F identical 3 lines
12-17 16:07:10.338 V/AlarmManager(  658): isAlarmNeedAlign : operation is null
12-17 16:07:18.334 V/AlarmManager(  658): set(PendingIntent{5604e64: PendingIntentRecord{73c08cd com.tal.genie.push broadcastIntent}}) : type=2 triggerAtTime=16130307 win=0 tElapsed=16130307 maxElapsed=16430307 interval=0 flags=0x9
12-17 16:07:18.340 V/AlarmManager(  658): set(PendingIntent{acc6582: PendingIntentRecord{4810493 com.tal.genie.push broadcastIntent}}) : type=2 triggerAtTime=16118324 win=0 tElapsed=16118324 maxElapsed=16418324 interval=0 flags=0x9
12-17 16:07:18.357 V/AlarmManager(  658): isAlarmNeedAlign : operation is null
12-17 16:07:18.357 I/chatty  (  658): uid=1000(system) Binder:658_F identical 3 lines
12-17 16:07:18.358 V/AlarmManager(  658): isAlarmNeedAlign : operation is null
12-17 16:07:26.351 V/AlarmManager(  658): set(PendingIntent{d1d22da: PendingIntentRecord{4a2730b com.tal.genie.push broadcastIntent}}) : type=2 triggerAtTime=16138329 win=0 tElapsed=16138329 maxElapsed=16438329 interval=0 flags=0x9
12-17 16:07:26.353 V/AlarmManager(  658): set(PendingIntent{dba85e8: PendingIntentRecord{6a7e401 com.tal.genie.push broadcastIntent}}) : type=2 triggerAtTime=16126339 win=0 tElapsed=16126339 maxElapsed=16426339 interval=0 flags=0x9
12-17 16:07:26.368 V/AlarmManager(  658): isAlarmNeedAlign : operation is null
12-17 16:07:26.368 I/chatty  (  658): uid=1000(system) Binder:658_F identical 3 lines
12-17 16:07:26.369 V/AlarmManager(  658): isAlarmNeedAlign : operation is null
12-17 16:07:29.240 E/storaged(  497): getDiskStats failed with result NOT_SUPPORTED and size 0
12-17 16:07:34.362 V/AlarmManager(  658): set(PendingIntent{e162a00: PendingIntentRecord{c3c1239 com.tal.genie.push broadcastIntent}}) : type=2 triggerAtTime=16146340 win=0 tElapsed=16146340 maxElapsed=16446340 interval=0 flags=0x9
12-17 16:07:34.365 V/AlarmManager(  658): set(PendingIntent{437507e: PendingIntentRecord{587d9df com.tal.genie.push broadcastIntent}}) : type=2 triggerAtTime=16134350 win=0 tElapsed=16134350 maxElapsed=16434350 interval=0 flags=0x9
12-17 16:07:34.381 V/AlarmManager(  658): isAlarmNeedAlign : operation is null
12-17 16:07:34.381 I/chatty  (  658): uid=1000(system) Binder:658_C identical 3 lines
12-17 16:07:34.382 V/AlarmManager(  658): isAlarmNeedAlign : operation is null
12-17 16:07:42.377 V/AlarmManager(  658): set(PendingIntent{622f156: PendingIntentRecord{ed25d7 com.tal.genie.push broadcastIntent}}) : type=2 triggerAtTime=16154351 win=0 tElapsed=16154351 maxElapsed=16454351 interval=0 flags=0x9
12-17 16:07:42.380 V/AlarmManager(  658): set(PendingIntent{1cacec4: PendingIntentRecord{df1f1ad com.tal.genie.push broadcastIntent}}) : type=2 triggerAtTime=16142366 win=0 tElapsed=16142366 maxElapsed=16442366 interval=0 flags=0x9
12-17 16:07:42.396 V/AlarmManager(  658): isAlarmNeedAlign : operation is null
12-17 16:07:42.396 I/chatty  (  658): uid=1000(system) Binder:658_C identical 3 lines
12-17 16:07:42.396 V/AlarmManager(  658): isAlarmNeedAlign : operation is null
12-17 16:07:47.460 I/NetworkStatsRecorder(  658): recordSnapshotLocked: ident[[{type=WIFI, subType=COMBINED, networkId="TAL-Device", metered=false, defaultNetwork=true}]]
12-17 16:07:47.460 W/NetworkStatsRecorder(  658): unknown interfaces [lo], ignoring those stats
12-17 16:07:47.460 I/NetworkStatsRecorder(  658): recordSnapshotLocked: ident[[{type=WIFI, subType=COMBINED, networkId="TAL-Device", metered=false, defaultNetwork=true}]]
12-17 16:07:47.460 W/NetworkStatsRecorder(  658): unknown interfaces [lo], ignoring those stats
12-17 16:07:47.460 I/NetworkStatsRecorder(  658): recordSnapshotLocked: ident[[{type=WIFI, subType=COMBINED, networkId="TAL-Device", metered=false, defaultNetwork=true}]]
12-17 16:07:47.460 I/chatty  (  658): uid=1000(system) NetworkStats identical 2 lines
12-17 16:07:47.460 I/NetworkStatsRecorder(  658): recordSnapshotLocked: ident[[{type=WIFI, subType=COMBINED, networkId="TAL-Device", metered=false, defaultNetwork=true}]]
12-17 16:07:47.460 W/NetworkStatsRecorder(  658): unknown interfaces [lo], ignoring those stats
12-17 16:07:47.460 W/NetworkStatsRecorder(  658): unknown interfaces [lo], ignoring those stats
12-17 16:07:47.461 D/NetworkStatsRecorder(  658): forcePersistLocked() writing for dev
12-17 16:07:47.467 D/NetworkStatsRecorder(  658): forcePersistLocked() writing for xt
12-17 16:07:50.389 V/AlarmManager(  658): set(PendingIntent{d93325c: PendingIntentRecord{2ca965 com.tal.genie.push broadcastIntent}}) : type=2 triggerAtTime=16162367 win=0 tElapsed=16162367 maxElapsed=16462367 interval=0 flags=0x9
12-17 16:07:50.391 V/AlarmManager(  658): set(PendingIntent{7bf163a: PendingIntentRecord{ffe52eb com.tal.genie.push broadcastIntent}}) : type=2 triggerAtTime=16150377 win=0 tElapsed=16150377 maxElapsed=16450377 interval=0 flags=0x9
12-17 16:07:50.405 V/AlarmManager(  658): isAlarmNeedAlign : operation is null
12-17 16:07:50.405 I/chatty  (  658): uid=1000(system) Binder:658_C identical 3 lines
12-17 16:07:50.406 V/AlarmManager(  658): isAlarmNeedAlign : operation is null
12-17 16:07:58.403 V/AlarmManager(  658): set(PendingIntent{72e3292: PendingIntentRecord{1003463 com.tal.genie.push broadcastIntent}}) : type=2 triggerAtTime=16170379 win=0 tElapsed=16170379 maxElapsed=16470379 interval=0 flags=0x9
12-17 16:07:58.406 V/AlarmManager(  658): set(PendingIntent{49ea860: PendingIntentRecord{91b2119 com.tal.genie.push broadcastIntent}}) : type=2 triggerAtTime=16158392 win=0 tElapsed=16158392 maxElapsed=16458392 interval=0 flags=0x9
12-17 16:07:58.426 V/AlarmManager(  658): isAlarmNeedAlign : operation is null
12-17 16:07:58.426 I/chatty  (  658): uid=1000(system) Binder:658_3 identical 3 lines
12-17 16:07:58.427 V/AlarmManager(  658): isAlarmNeedAlign : operation is null
12-17 16:08:06.413 V/AlarmManager(  658): set(PendingIntent{f2be712: PendingIntentRecord{50ee3 android broadcastIntent}}) : type=3 triggerAtTime=16211987 win=0 tElapsed=16211987 maxElapsed=16211987 interval=0 flags=0x1
12-17 16:08:06.415 V/AlarmManager(  658): set(PendingIntent{506da51: PendingIntentRecord{615d2b6 com.tal.genie.push broadcastIntent}}) : type=2 triggerAtTime=16178394 win=0 tElapsed=16178394 maxElapsed=16478394 interval=0 flags=0x9
12-17 16:08:06.422 V/AlarmManager(  658): set(PendingIntent{c425bb7: PendingIntentRecord{6bcff24 com.tal.genie.push broadcastIntent}}) : type=2 triggerAtTime=16166405 win=0 tElapsed=16166405 maxElapsed=16466405 interval=0 flags=0x9
12-17 16:08:06.437 V/AlarmManager(  658): isAlarmNeedAlign : operation is null
12-17 16:08:06.437 I/chatty  (  658): uid=1000(system) Binder:658_C identical 3 lines
12-17 16:08:06.437 V/AlarmManager(  658): isAlarmNeedAlign : operation is null
12-17 16:08:14.437 V/AlarmManager(  658): set(PendingIntent{58b0aaf: PendingIntentRecord{bcf0ebc com.tal.genie.push broadcastIntent}}) : type=2 triggerAtTime=16186406 win=0 tElapsed=16186406 maxElapsed=16486406 interval=0 flags=0x9
12-17 16:08:14.442 V/AlarmManager(  658): set(PendingIntent{f0ebe45: PendingIntentRecord{59e399a com.tal.genie.push broadcastIntent}}) : type=2 triggerAtTime=16174426 win=0 tElapsed=16174426 maxElapsed=16474426 interval=0 flags=0x9
12-17 16:08:14.458 V/AlarmManager(  658): isAlarmNeedAlign : operation is null
12-17 16:08:14.458 I/chatty  (  658): uid=1000(system) Binder:658_C identical 3 lines
12-17 16:08:14.459 V/AlarmManager(  658): isAlarmNeedAlign : operation is null
12-17 16:08:22.452 V/AlarmManager(  658): set(PendingIntent{25370fd: PendingIntentRecord{aa261f2 com.tal.genie.push broadcastIntent}}) : type=2 triggerAtTime=16194427 win=0 tElapsed=16194427 maxElapsed=16494427 interval=0 flags=0x9
12-17 16:08:22.456 V/AlarmManager(  658): set(PendingIntent{427a043: PendingIntentRecord{e85d6c0 com.tal.genie.push broadcastIntent}}) : type=2 triggerAtTime=16182441 win=0 tElapsed=16182441 maxElapsed=16482441 interval=0 flags=0x9
12-17 16:08:22.472 V/AlarmManager(  658): isAlarmNeedAlign : operation is null
12-17 16:08:22.472 I/chatty  (  658): uid=1000(system) Binder:658_C identical 3 lines
12-17 16:08:22.473 V/AlarmManager(  658): isAlarmNeedAlign : operation is null
12-17 16:08:29.240 E/storaged(  497): getDiskStats failed with result NOT_SUPPORTED and size 0
12-17 16:08:30.465 V/AlarmManager(  658): set(PendingIntent{1aad4bb: PendingIntentRecord{62fbdd8 com.tal.genie.push broadcastIntent}}) : type=2 triggerAtTime=16202441 win=0 tElapsed=16202441 maxElapsed=16502441 interval=0 flags=0x9
12-17 16:08:30.468 V/AlarmManager(  658): set(PendingIntent{b3bd531: PendingIntentRecord{854e416 com.tal.genie.push broadcastIntent}}) : type=2 triggerAtTime=16190454 win=0 tElapsed=16190454 maxElapsed=16490454 interval=0 flags=0x9
12-17 16:08:30.483 V/AlarmManager(  658): isAlarmNeedAlign : operation is null
