10-10 09:54:38.295 I/chatty  ( 1934): uid=1000(system) com.huawei.systemserver expire 12 lines
10-10 09:54:39.626 I/ImsResolver( 2030): getMmTelFeatureAndListen - slot: 2 callback: com.android.ims.MmTelFeatureConnection$1@d65eeab
10-10 09:54:40.148 I/chatty  ( 1496): uid=1000(system) watchdog expire 1 line
10-10 09:54:48.094 D/OCTTY   ( 1446): [hisi_config_uart:216] hisi_config_uart
10-10 09:54:48.094 D/OCTTY   ( 1446): [hisi_config_uart:286] set install to 2, disable linedisc
10-10 09:54:48.095 D/OCTTY   ( 1446): [hisi_config_uart:290] Have uninstalled N_HW_BFG Line displine
10-10 09:54:48.095 D/OCTTY   ( 1446): [set_baud_rate:115] set_baud_rate
10-10 09:54:48.095 D/OCTTY   ( 1446): [set_baud_rate:146] set_baud_rate() done
10-10 09:54:48.095 D/OCTTY   ( 1446): [hisi_config_uart:330]Have installed N_HW_BFG Line displine
10-10 09:54:48.095 E/OCTTY   ( 1446): [main:370] install already set to 
10-10 09:54:48.095 E/OCTTY   ( 1446): 
10-10 09:54:48.098 D/OCTTY   ( 1446): [hisi_config_uart:216] hisi_config_uart
10-10 09:54:48.098 D/OCTTY   ( 1446): [hisi_config_uart:286] set install to 2, disable linedisc
10-10 09:54:48.098 D/OCTTY   ( 1446): [hisi_config_uart:290] Have uninstalled N_HW_BFG Line displine
10-10 09:54:48.098 D/OCTTY   ( 1446): [set_baud_rate:115] set_baud_rate
10-10 09:54:48.098 D/OCTTY   ( 1446): [set_baud_rate:146] set_baud_rate() done
10-10 09:54:48.099 D/OCTTY   ( 1446): [change_baud_rate:161] change_baud_rate
10-10 09:54:48.099 D/OCTTY   ( 1446): [change_baud_rate:199] change_baud_rate() done
10-10 09:54:48.099 D/OCTTY   ( 1446): [hisi_config_uart:330]Have installed N_HW_BFG Line displine
10-10 09:54:48.099 E/OCTTY   ( 1446): [main:370] install already set to 
10-10 09:54:48.099 E/OCTTY   ( 1446): 
10-10 09:54:49.757 I/storaged(  738): storaged_t::event: storage_info refreshed.
10-10 09:54:49.860 I/OAM     ( 1448): [check_file_size:511]/data/vendor/log/hi110x/bfg_log/bfg_log_1 log file beyond size=10240Byte, creat new file
10-10 09:54:49.861 I/OAM     ( 1448): [rename_old_file:216]rename_old_file
10-10 09:54:49.861 I/OAM     ( 1448): 
10-10 09:54:50.684 I/chatty  (  765): uid=0(root) erecovery-event expire 38 lines
10-10 09:54:51.709 I/chatty  ( 1496): uid=1000(system) UEventObserver expire 9 lines
10-10 09:54:52.778 I/chatty  ( 3697): uid=10137 com.tencent.mm:push expire 2 lines
10-10 09:54:52.788 I/chatty  (  530): uid=0(root) Binder:530_2 expire 1 line
10-10 09:54:55.452 I/chatty  ( 1451): uid=1021(gps) ril0_send expire 4 lines
10-10 09:54:55.464 I/chatty  ( 1451): uid=1021(gps) /vendor/bin/hignss_hisi expire 6 lines
10-10 09:54:55.497 I/chatty  (10510): uid=1021(gps) expire 132 lines
10-10 09:54:55.538 I/chatty  ( 1451): uid=1021(gps) hppet expire 4 lines
10-10 09:55:02.456 I/chatty  ( 1994): uid=1000(system) CommonHandler expire 10 lines
10-10 09:55:10.151 I/chatty  ( 1496): uid=1000(system) watchdog expire 1 line
10-10 09:55:13.937 I/chatty  ( 2285): uid=1000(system) Thread-2 expire 10 lines
10-10 09:55:18.361 I/chatty  ( 1934): uid=1000(system) com.huawei.systemserver expire 10 lines
10-10 09:55:19.724 E/LOGSERVER_UTILS(  765): [Erecovery]readEvent: eRecEventManager readEvent 0
10-10 09:55:20.745 E/LOGSERVER_UTILS(  765): [Erecovery]readEvent: eRecEventManager readEvent 0
10-10 09:55:22.434 I/chatty  ( 1496): uid=1000(system) UEventObserver expire 2 lines
10-10 09:55:22.435 I/UsbDeviceManager( 1496): water_intrused state= 0
10-10 09:55:24.777 E/LOGSERVER_UTILS(  765): [Erecovery]readEvent: eRecEventManager readEvent 0
10-10 09:55:25.246 I/aiserver(  757): AiStatsLogTimer::start:has sleep 20 minute,call Proc->timeout
10-10 09:55:25.247 I/aiserver(  757): AiStatsLogUtils::getFileName opendir[/data/vendor/hiai/stats/log/mngr/] not exist.
10-10 09:55:25.247 I/aiserver(  757): AiStatsLogCfgUtils::getStatsLogReserveDays::not has [mngr_stats_log_reserve_days] cfg
10-10 09:55:25.247 I/aiserver(  757): AiMMStatsLogWriter::DeleteLogFile: getStatsLogReserveDays failed,not need to delete.
10-10 09:55:25.557 W/HiDecision(22049): MinuteGeneratorService: This is no hour change
10-10 09:55:25.818 E/LOGSERVER_UTILS(  765): [Erecovery]readEvent: eRecEventManager readEvent 0
10-10 09:55:27.902 E/LOGSERVER_UTILS(  765): [Erecovery]readEvent: eRecEventManager readEvent 0
10-10 09:55:28.296 D/UsbSettingsService(21737): handleMessage, msg.what = 4
10-10 09:55:28.296 D/UsbSettingsService(21737): receive message to check monkey running.
10-10 09:55:28.943 E/LOGSERVER_UTILS(  765): [Erecovery]readEvent: eRecEventManager readEvent 0
10-10 09:55:31.002 E/LOGSERVER_UTILS(  765): [Erecovery]readEvent: eRecEventManager readEvent 0
10-10 09:55:32.043 E/LOGSERVER_UTILS(  765): [Erecovery]readEvent: eRecEventManager readEvent 0
10-10 09:55:38.265 E/LOGSERVER_UTILS(  765): [Erecovery]readEvent: eRecEventManager readEvent 0
10-10 09:55:39.306 E/LOGSERVER_UTILS(  765): [Erecovery]readEvent: eRecEventManager readEvent 0
10-10 09:55:40.156 W/Watchdog( 1496): hungtask: writing kick
10-10 09:55:40.325 E/LOGSERVER_UTILS(  765): [Erecovery]readEvent: eRecEventManager readEvent 0
10-10 09:55:42.345 I/chatty  (  765): uid=0(root) erecovery-event identical 77 lines
10-10 09:55:43.647 I/ImsResolver( 2030): getMmTelFeatureAndListen - slot: 2 callback: com.android.ims.MmTelFeatureConnection$1@660e908
10-10 09:55:49.757 I/storaged(  738): storaged_t::event: storage_info refreshed.
10-10 09:55:52.911 I/chatty  ( 2005): uid=1000(system) actions handler expire 14 lines
10-10 09:55:53.140 I/HwBatteryService( 1496): quick charge status : 0
10-10 09:55:53.141 D/HwBatteryService( 1496): onUEvent fcpStatus = 0
10-10 09:55:53.141 D/HwBatteryService( 1496): onUEvent scpStatus = 0 ,ovpStatus = 0
10-10 09:55:53.141 I/HwBatteryService( 1496): handleWirelessTxStatus
10-10 09:55:53.141 I/HwBatteryService( 1496): switch not open, return, mWirelessTxFlag : 0
10-10 09:55:53.142 I/UsbDeviceManager( 1496): water_intrused state= 0
10-10 09:56:10.160 W/Watchdog( 1496): hungtask: writing kick
10-10 09:56:23.873 I/HwBatteryService( 1496): quick charge status : 0
10-10 09:56:23.873 D/HwBatteryService( 1496): onUEvent fcpStatus = 0
10-10 09:56:23.873 D/HwBatteryService( 1496): onUEvent scpStatus = 0 ,ovpStatus = 0
10-10 09:56:23.873 I/HwBatteryService( 1496): handleWirelessTxStatus
10-10 09:56:23.873 I/HwBatteryService( 1496): switch not open, return, mWirelessTxFlag : 0
10-10 09:56:23.874 I/UsbDeviceManager( 1496): water_intrused state= 0
10-10 09:56:38.409 I/chatty  ( 1934): uid=1000(system) com.huawei.systemserver expire 15 lines
10-10 09:56:40.163 W/Watchdog( 1496): hungtask: writing kick
10-10 09:56:47.716 I/ImsResolver( 2030): getMmTelFeatureAndListen - slot: 2 callback: com.android.ims.MmTelFeatureConnection$1@273d8a1
10-10 09:56:48.297 I/chatty  (  765): uid=0(root) erecovery-event expire 53 lines
10-10 09:56:49.758 I/storaged(  738): storaged_t::event: storage_info refreshed.
10-10 09:56:54.587 I/HwBatteryService( 1496): quick charge status : 0
10-10 09:56:54.587 D/HwBatteryService( 1496): onUEvent fcpStatus = 0
10-10 09:56:54.588 D/HwBatteryService( 1496): onUEvent scpStatus = 0 ,ovpStatus = 0
10-10 09:56:54.588 I/HwBatteryService( 1496): handleWirelessTxStatus
10-10 09:56:54.588 I/HwBatteryService( 1496): switch not open, return, mWirelessTxFlag : 0
10-10 09:56:54.589 I/UsbDeviceManager( 1496): water_intrused state= 0
10-10 09:57:10.166 W/Watchdog( 1496): hungtask: writing kick
10-10 09:57:22.778 I/chatty  ( 3697): uid=10137 com.tencent.mm:push expire 2 lines
10-10 09:57:22.785 I/chatty  (  530): uid=0(root) Binder:530_2 expire 2 lines
10-10 09:57:25.302 I/HwBatteryService( 1496): quick charge status : 0
10-10 09:57:25.302 D/HwBatteryService( 1496): onUEvent fcpStatus = 0
10-10 09:57:25.302 D/HwBatteryService( 1496): onUEvent scpStatus = 0 ,ovpStatus = 0
10-10 09:57:25.302 I/HwBatteryService( 1496): handleWirelessTxStatus
10-10 09:57:25.302 I/HwBatteryService( 1496): switch not open, return, mWirelessTxFlag : 0
10-10 09:57:25.303 I/UsbDeviceManager( 1496): water_intrused state= 0
10-10 09:57:38.457 I/chatty  ( 1934): uid=1000(system) com.huawei.systemserver expire 16 lines
10-10 09:57:40.168 W/Watchdog( 1496): hungtask: writing kick
10-10 09:57:49.759 I/storaged(  738): storaged_t::event: storage_info refreshed.
10-10 09:57:51.749 I/ImsResolver( 2030): getMmTelFeatureAndListen - slot: 2 callback: com.android.ims.MmTelFeatureConnection$1@4da7ac6
10-10 09:57:52.387 I/chatty  (  765): uid=0(root) erecovery-event expire 37 lines
10-10 09:57:56.035 I/HwBatteryService( 1496): quick charge status : 0
10-10 09:57:56.036 D/HwBatteryService( 1496): onUEvent fcpStatus = 0
10-10 09:57:56.036 D/HwBatteryService( 1496): onUEvent scpStatus = 0 ,ovpStatus = 0
10-10 09:57:56.036 I/HwBatteryService( 1496): handleWirelessTxStatus
10-10 09:57:56.036 I/HwBatteryService( 1496): switch not open, return, mWirelessTxFlag : 0
10-10 09:57:56.037 I/UsbDeviceManager( 1496): water_intrused state= 0
10-10 09:57:58.321 I/chatty  (  747): uid=0(root) EventThread expire 5 lines
10-10 09:57:58.325 I/chatty  (  471): uid=1000(system) /vendor/bin/pmom_cat expire 14 lines
10-10 09:57:58.339 I/chatty  (  728): uid=0(root) AbnormalityRout expire 13 lines
10-10 09:58:10.171 W/Watchdog( 1496): hungtask: writing kick
10-10 09:58:13.387 I/chatty  (  739): uid=1000(system) /system/bin/thermal-daemon expire 16 lines
10-10 09:58:14.220 I/chatty  ( 2285): uid=1000(system) Thread-2 expire 14 lines
10-10 09:58:26.753 I/HwBatteryService( 1496): quick charge status : 0
10-10 09:58:26.754 D/HwBatteryService( 1496): onUEvent fcpStatus = 0
10-10 09:58:26.754 D/HwBatteryService( 1496): onUEvent scpStatus = 0 ,ovpStatus = 0
10-10 09:58:26.754 I/HwBatteryService( 1496): handleWirelessTxStatus
10-10 09:58:26.754 I/HwBatteryService( 1496): switch not open, return, mWirelessTxFlag : 0
10-10 09:58:26.755 I/UsbDeviceManager( 1496): water_intrused state= 0
10-10 09:58:32.864 I/HwBatteryService( 1496): quick charge status : 0
10-10 09:58:32.864 D/HwBatteryService( 1496): onUEvent fcpStatus = 0
10-10 09:58:32.864 D/HwBatteryService( 1496): onUEvent scpStatus = 0 ,ovpStatus = 0
10-10 09:58:32.864 I/HwBatteryService( 1496): handleWirelessTxStatus
10-10 09:58:32.865 I/HwBatteryService( 1496): switch not open, return, mWirelessTxFlag : 0
10-10 09:58:32.866 I/UsbDeviceManager( 1496): water_intrused state= 0
10-10 09:58:32.874 I/BatteryService( 1496): normal charge status : 1
10-10 09:58:32.882 W/KeyguardUpdateMonitor( 1807): ACTION_BATTERY_CHANGED AMP: 0; Volt: 0
10-10 09:58:32.884 W/HiDecision(22049): SystemStateReceiver: other action
10-10 09:58:32.888 I/chatty  ( 2285): uid=1000(system) Thread-2 expire 11 lines
10-10 09:58:32.891 W/MagazineUtils( 1807): check active connect, state = -1
10-10 09:58:32.904 W/KeyguardUpdateMonitor( 1807): ChargingSpeed  Wattage: -1 ST: 5000000 --> 7500000
10-10 09:58:32.904 I/KgBattery( 1807): BatteryInfo updated:  2lPc-1
10-10 09:58:32.905 W/KG_FDT  ( 1807): isFaceUnlockEnabled 0
10-10 09:58:32.906 W/HwKgdBArea_BTY( 1807): updateBatteryInfo : false showBatteryInfo:  true isShowChargingFpDisplay:  false
10-10 09:58:32.907 W/HwKgdBArea_BTY( 1807): updateBatteryInfo : false showBatteryInfo:  true isShowChargingFpDisplay:  false
10-10 09:58:32.907 W/HwLockScreenPanel( 1807): refreshBatteryInfo: null
10-10 09:58:32.907 W/HwLockScreenPanel( 1807): Handle message: 100
10-10 09:58:32.908 W/KgBattery( 1807): getCharge info with type: text
10-10 09:58:32.923 W/PanelView( 1807): set notification panel padding = 1556
10-10 09:58:32.924 W/HwBackDropView( 1807): setAnimationParamInner 0.0   0
10-10 09:58:32.925 W/HwKeyguardBottomArea( 1807): refresh Charge status layout when dp changed
10-10 09:58:32.925 W/HwKeyguardBottomArea( 1807): refresh Charge status layout when dp changed
10-10 09:58:32.944 W/PanelView( 1807): set notification panel padding = 1556
10-10 09:58:32.944 W/HwBackDropView( 1807): setAnimationParamInner 0.0   0
10-10 09:58:33.838 I/chatty  (  765): uid=0(root) erecovery-event expire 52 lines
10-10 09:58:34.721 I/chatty  (  739): uid=1000(system) /system/bin/thermal-daemon expire 10 lines
10-10 09:58:40.022 I/chatty  ( 3800): uid=10137(com.tencent.mm) [GT]ColdPool#12 expire 2 lines
10-10 09:58:40.023 I/NetworkStats( 1496): openSessionForUsageStats, pid = 3800, pkg = com.tencent.mm
10-10 09:58:40.023 I/NetworkStats( 1496): openSessionInternal,pid = 3800
10-10 09:58:40.026 I/chatty  (  576): uid=1000(system) power@1.0-servi expire 10 lines
10-10 09:58:40.027 I/chatty  ( 3800): uid=10137(com.tencent.mm) [GT]ColdPool#7 expire 2 lines
10-10 09:58:40.028 I/NetworkStats( 1496): openSessionForUsageStats, pid = 3800, pkg = com.tencent.mm
10-10 09:58:40.030 I/NetworkStats( 1496): performPollLocked, pid = 1496
10-10 09:58:40.065 I/chatty  (10547): uid=0(root) expire 1 line
10-10 09:58:40.084 I/chatty  (10548): uid=0(root) expire 1 line
10-10 09:58:40.093 W/NetworkStatsFactory( 1496): mStatsXtProcUid: /proc/net/comm/stats does not exist!
10-10 09:58:40.093 D/HwNetworkStatsService( 1496): hwRecordUidAndProcSnapshotLocked currentTime = 1633831120035
10-10 09:58:40.094 I/NetworkStatsFactory( 1496): javaReadNetworkStatsUidAndProcDetail. cost time = 0
10-10 09:58:40.096 D/HwNetworkStatsService( 1496): hwMaybeUidAndProcPersistLocked currentTime = 1633831120035
10-10 09:58:40.104 I/NetworkStats( 1496): openSessionForUsageStats, pid = 3800, pkg = com.tencent.mm
10-10 09:58:40.106 I/NetworkStats( 1496): openSessionForUsageStats, pid = 3800, pkg = com.tencent.mm
10-10 09:58:40.174 W/Watchdog( 1496): hungtask: writing kick
10-10 09:58:40.176 I/chatty  ( 1496): uid=1000(system) android.fg expire 10 lines
10-10 09:58:44.296 I/chatty  ( 3697): uid=10137(com.tencent.mm) [GT]HotPool#4 expire 3 lines
10-10 09:58:49.651 I/chatty  ( 3800): uid=10137(com.tencent.mm) [GT]ColdPool#14 expire 3 lines
10-10 09:58:49.760 I/storaged(  738): storaged_t::event: storage_info refreshed.
10-10 09:58:50.497 V/Cursor  ( 3264): Filling cursor window with start position:0 required position:0
10-10 09:58:50.499 I/chatty  ( 3264): uid=10106(com.huawei.health) Timer-2 identical 4 lines
10-10 09:58:50.502 V/Cursor  ( 3264): Filling cursor window with start position:0 required position:0
10-10 09:58:54.441 V/BroadcastQueue( 1496): Finished with ordered broadcast BroadcastRecord{ba745c5 u0 com.tencent.mm.plugin.report.service.KVCommCrossProcessReceiver}
10-10 09:58:55.816 I/ImsResolver( 2030): getMmTelFeatureAndListen - slot: 2 callback: com.android.ims.MmTelFeatureConnection$1@d92ca87
10-10 09:58:57.477 I/HwBatteryService( 1496): quick charge status : 0
10-10 09:58:57.477 D/HwBatteryService( 1496): onUEvent fcpStatus = 0
10-10 09:58:57.477 D/HwBatteryService( 1496): onUEvent scpStatus = 0 ,ovpStatus = 0
10-10 09:58:57.477 I/HwBatteryService( 1496): handleWirelessTxStatus
10-10 09:58:57.477 I/HwBatteryService( 1496): switch not open, return, mWirelessTxFlag : 0
10-10 09:58:57.478 I/UsbDeviceManager( 1496): water_intrused state= 0
10-10 09:58:58.507 I/chatty  ( 1934): uid=1000(system) com.huawei.systemserver expire 13 lines
10-10 09:59:08.467 I/chatty  ( 2005): uid=1000(system) Binder:2005_3 expire 10 lines
10-10 09:59:08.997 I/chatty  (  765): uid=0(root) erecovery-event expire 32 lines
10-10 09:59:10.177 W/Watchdog( 1496): hungtask: writing kick
10-10 09:59:19.894 I/chatty  ( 2005): uid=1000(system) HandleHighTempT expire 11 lines
10-10 09:59:28.181 I/HwBatteryService( 1496): quick charge status : 0
10-10 09:59:28.181 D/HwBatteryService( 1496): onUEvent fcpStatus = 0
10-10 09:59:28.182 D/HwBatteryService( 1496): onUEvent scpStatus = 0 ,ovpStatus = 0
10-10 09:59:28.182 I/HwBatteryService( 1496): handleWirelessTxStatus
10-10 09:59:28.182 I/HwBatteryService( 1496): switch not open, return, mWirelessTxFlag : 0
10-10 09:59:28.183 I/UsbDeviceManager( 1496): water_intrused state= 0
10-10 09:59:40.181 W/Watchdog( 1496): hungtask: writing kick
10-10 09:59:49.761 I/storaged(  738): storaged_t::event: storage_info refreshed.
10-10 09:59:52.781 I/chatty  ( 3697): uid=10137 com.tencent.mm:push expire 2 lines
10-10 09:59:52.790 I/chatty  (  530): uid=0(root) Binder:530_2 expire 2 lines
10-10 09:59:58.608 I/chatty  ( 1934): uid=1000(system) com.huawei.systemserver expire 10 lines
10-10 09:59:58.917 I/HwBatteryService( 1496): quick charge status : 0
10-10 09:59:58.917 D/HwBatteryService( 1496): onUEvent fcpStatus = 0
10-10 09:59:58.917 D/HwBatteryService( 1496): onUEvent scpStatus = 0 ,ovpStatus = 0
10-10 09:59:58.917 I/HwBatteryService( 1496): handleWirelessTxStatus
10-10 09:59:58.917 I/HwBatteryService( 1496): switch not open, return, mWirelessTxFlag : 0
10-10 09:59:58.920 I/UsbDeviceManager( 1496): water_intrused state= 0
10-10 09:59:59.885 I/ImsResolver( 2030): getMmTelFeatureAndListen - slot: 2 callback: com.android.ims.MmTelFeatureConnection$1@c9f8db4
10-10 10:00:00.002 I/chatty  (  728): uid=0(root) HourlyRoutine expire 4 lines
10-10 10:00:00.008 I/HwDubaiService( 1974): Received buffered log, magic: 1
10-10 10:00:00.045 I/chatty  (  471): uid=1000(system) /vendor/bin/pmom_cat expire 14 lines
10-10 10:00:00.104 I/chatty  (  728): uid=0(root) DubaiStorage expire 3 lines
10-10 10:00:00.118 V/AlarmManager( 1496): Received TIME_TICK alarm; rescheduling
10-10 10:00:00.121 I/NetworkStats( 1496): Alarm manager triggered
10-10 10:00:00.122 I/NetworkStats( 1496): performPollLocked, pid = 1496
10-10 10:00:00.126 I/chatty  ( 1496): uid=1000(system) NetworkStats expire 2 lines
10-10 10:00:00.132 E/dubaid  (  728): [SqlOperator.cpp] executeStatement# Prepare statement error: no such table: detailed_applications_isp
10-10 10:00:00.132 E/dubaid  (  728): [DubaiStorage.cpp] SqliteOperate# Failed to do sqlite operation: 8
10-10 10:00:00.137 I/HwAlarmManagerService( 1496): hwSetAlarm listenerTag: time_tick
10-10 10:00:00.140 E/DateView( 1807): DateView,mCurrentTime: 1633831200140
10-10 10:00:00.143 I/HwAlarmManagerService( 1496): hwSetAlarm listenerTag: *job.heartbeat*
10-10 10:00:00.143 D/JobScheduler.Time( 1496): Delay-expired alarm fired
10-10 10:00:00.146 W/HwAlarmManagerService( 1496): isContainsAppUidInWorksource-->happend NameNotFoundException
10-10 10:00:00.146 E/dubaid  (  728): [DubaiStorage.cpp] QueryEntriesInternal# Failed to query entries
10-10 10:00:00.147 W/HwAlarmManagerService( 1496): isContainsAppUidInWorksource-->happend NameNotFoundException
10-10 10:00:00.147 E/dubaid  (  728): [DubaiStorage.cpp] DoQueryEntries# Failed to query entries: SELECT name, 13, SUM(foreground_energy), SUM(background_energy), SUM(screen_on_energy), SUM(screen_off_energy), 0, 0, 0, 0, scene FROM detailed_applications_isp WHERE end_time > 1633827600000 AND end_time <= 1633831200000 AND charge = 0 GROUP BY name, scene
10-10 10:00:00.147 E/dubaid  (  728): [AppsAccounting.cpp] LogDpmAppsAccounting# Failed to log dpm apps accouting
10-10 10:00:00.147 E/dubaid  (  728): [SqlOperator.cpp] executeStatement# Prepare statement error: no such table: detailed_applications_asp
10-10 10:00:00.147 I/HwAlarmManagerService( 1496): hwSetAlarm listenerTag: *job.delay*
10-10 10:00:00.148 E/dubaid  (  728): [DubaiStorage.cpp] SqliteOperate# Failed to do sqlite operation: 8
10-10 10:00:00.148 I/JobScheduler.Time( 1496): mNextDelayExpiredElapsedMillis: 818188614
10-10 10:00:00.148 E/        (10564): iptables cmd:iptables-restore
10-10 10:00:00.162 E/dubaid  (  728): [DubaiStorage.cpp] QueryEntriesInternal# Failed to query entries
10-10 10:00:00.162 E/dubaid  (  728): [DubaiStorage.cpp] DoQueryEntries# Failed to query entries: SELECT name, 14, SUM(foreground_energy), SUM(background_energy), SUM(screen_on_energy), SUM(screen_off_energy), 0, 0, 0, 0, scene FROM detailed_applications_asp WHERE end_time > 1633827600000 AND end_time <= 1633831200000 AND charge = 0 GROUP BY name, scene
10-10 10:00:00.162 E/dubaid  (  728): [AppsAccounting.cpp] LogDpmAppsAccounting# Failed to log dpm apps accouting
10-10 10:00:00.162 W/PanelView( 1807): set notification panel padding = 1556
10-10 10:00:00.163 W/HwBackDropView( 1807): setAnimationParamInner 0.0   0
10-10 10:00:00.163 E/dubaid  (  728): [SqlOperator.cpp] executeStatement# Prepare statement error: no such table: detailed_applications_dss
10-10 10:00:00.163 E/dubaid  (  728): [DubaiStorage.cpp] SqliteOperate# Failed to do sqlite operation: 8
10-10 10:00:00.165 W/ClockView1( 1807):  action android.intent.action.TIME_TICK
10-10 10:00:00.165 W/ClockView1( 1807):  action android.intent.action.TIME_TICK
10-10 10:00:00.168 E/ndroid.systemu( 1807): No package ID ff found for ID 0xffffffff.
10-10 10:00:00.170 E/        (10565): iptables cmd:ip6tables-restore
10-10 10:00:00.170 E/ndroid.systemu( 1807): No package ID ff found for ID 0xffffffff.
10-10 10:00:00.173 E/ndroid.systemu( 1807): No package ID ff found for ID 0xffffffff.
10-10 10:00:00.178 E/dubaid  (  728): [DubaiStorage.cpp] QueryEntriesInternal# Failed to query entries
10-10 10:00:00.178 E/dubaid  (  728): [DubaiStorage.cpp] DoQueryEntries# Failed to query entries: SELECT name, 15, SUM(foreground_energy), SUM(background_energy), SUM(screen_on_energy), SUM(screen_off_energy), 0, 0, 0, 0, scene FROM detailed_applications_dss WHERE end_time > 1633827600000 AND end_time <= 1633831200000 AND charge = 0 GROUP BY name, scene
10-10 10:00:00.179 E/dubaid  (  728): [AppsAccounting.cpp] LogDpmAppsAccounting# Failed to log dpm apps accouting
10-10 10:00:00.179 E/dubaid  (  728): [SqlOperator.cpp] executeStatement# Prepare statement error: no such table: detailed_applications_rom
10-10 10:00:00.179 E/dubaid  (  728): [DubaiStorage.cpp] SqliteOperate# Failed to do sqlite operation: 8
10-10 10:00:00.182 W/NetworkStatsFactory( 1496): mStatsXtProcUid: /proc/net/comm/stats does not exist!
10-10 10:00:00.183 D/HwNetworkStatsService( 1496): hwRecordUidAndProcSnapshotLocked currentTime = 1633831200126
10-10 10:00:00.184 I/NetworkStatsFactory( 1496): javaReadNetworkStatsUidAndProcDetail. cost time = 1
10-10 10:00:00.186 D/HwNetworkStatsService( 1496): hwMaybeUidAndProcPersistLocked currentTime = 1633831200126
10-10 10:00:00.192 E/dubaid  (  728): [DubaiStorage.cpp] QueryEntriesInternal# Failed to query entries
10-10 10:00:00.194 E/dubaid  (  728): [DubaiStorage.cpp] DoQueryEntries# Failed to query entries: SELECT name, 16, SUM(foreground_energy), SUM(background_energy), SUM(screen_on_energy), SUM(screen_off_energy), 0, 0, 0, 0, scene FROM detailed_applications_rom WHERE end_time > 1633827600000 AND end_time <= 1633831200000 AND charge = 0 GROUP BY name, scene
10-10 10:00:00.194 E/dubaid  (  728): [AppsAccounting.cpp] LogDpmAppsAccounting# Failed to log dpm apps accouting
10-10 10:00:00.196 W/PanelView( 1807): set notification panel padding = 1556
10-10 10:00:00.197 W/HwBackDropView( 1807): setAnimationParamInner 0.0   0
10-10 10:00:00.197 D/NetdConnector( 1496): SND -> {1720 bandwidth setglobalalert 2097152}
10-10 10:00:00.199 D/dubaid  (  728): [AbnormalityRoutine.cpp] GetThreshold# Invalid abnormality type: 14
10-10 10:00:00.199 D/dubaid  (  728): [AbnormalityRoutine.cpp] CheckScreenOffAbnormality# Failed to find abnormality threshold
10-10 10:00:00.200 D/NetdConnector( 1496): RCV <- {200 1720 Bandwidth command succeeeded}
10-10 10:00:00.200 V/BroadcastQueue( 1496): Finished with ordered broadcast BroadcastRecord{cb62828 u-1 android.intent.action.TIME_TICK}
10-10 10:00:00.201 D/NetdConnector( 1496): RCV <- {200 1720 Bandwidth command succeeeded}
10-10 10:00:00.204 V/BroadcastQueue( 1496): Finished with ordered broadcast BroadcastRecord{4d3ec27 u0 com.android.server.action.NETWORK_STATS_POLL}
10-10 10:00:00.208 V/BroadcastQueue( 1496): Finished with ordered broadcast BroadcastRecord{9f46c u0 null}
10-10 10:00:00.211 V/BroadcastQueue( 1496): Finished with ordered broadcast BroadcastRecord{43e2a35 u0 null}
10-10 10:00:00.219 V/BroadcastQueue( 1496): Finished with ordered broadcast BroadcastRecord{9524eca u0 com.huawei.hwsystemmanager.power.SCHEDULE_RECORD_REMAING_TIME_SCENE}
10-10 10:00:00.223 V/BroadcastQueue( 1496): Finished with ordered broadcast BroadcastRecord{9d7eb58 u0 com.huawei.bd.action.heartbeat_hour}
10-10 10:00:00.223 I/BDLog   ( 1974): BD.Scheduler:Hour task coming
10-10 10:00:00.223 I/dubaid  (  728): [DataUploader.cpp] FormClassData# Content is empty
10-10 10:00:00.234 D/dubaid  (  728): [HourlyRoutine.cpp] RoundFinished# Voting round of this hour(2021-10-10 10:00:00) of is finished
10-10 10:00:00.285 W/PanelView( 1807): set notification panel padding = 1556
10-10 10:00:00.285 W/HwBackDropView( 1807): setAnimationParamInner 0.0   0
10-10 10:00:00.362 I/AwareLog(  746): iawared: iaware client connected
10-10 10:00:00.485 I/chatty  ( 2005): uid=1000(system) com.huawei.powergenie expire 1 line
10-10 10:00:00.486 I/AwareLog(  746): iawared: Closing iaware client data connection dfd=40
10-10 10:00:00.687 E/LOGSERVER_UTILS(  765): [Erecovery]readEvent: eRecEventManager readEvent 0
10-10 10:00:01.691 I/chatty  (  765): uid=0(root) erecovery-event identical 15 lines
10-10 10:00:02.732 E/LOGSERVER_UTILS(  765): [Erecovery]readEvent: eRecEventManager readEvent 0
10-10 10:00:03.750 E/LOGSERVER_UTILS(  765): [Erecovery]readEvent: eRecEventManager readEvent 0
10-10 10:00:09.919 E/LOGSERVER_UTILS(  765): [Erecovery]readEvent: eRecEventManager readEvent 0
10-10 10:00:10.185 W/Watchdog( 1496): hungtask: writing kick
10-10 10:00:10.961 E/LOGSERVER_UTILS(  765): [Erecovery]readEvent: eRecEventManager readEvent 0
10-10 10:00:13.044 E/LOGSERVER_UTILS(  765): [Erecovery]readEvent: eRecEventManager readEvent 0
10-10 10:00:14.086 E/LOGSERVER_UTILS(  765): [Erecovery]readEvent: eRecEventManager readEvent 0
10-10 10:00:15.128 E/LOGSERVER_UTILS(  765): [Erecovery]readEvent: eRecEventManager readEvent 0
10-10 10:00:18.215 E/LOGSERVER_UTILS(  765): [Erecovery]readEvent: eRecEventManager readEvent 0
10-10 10:00:19.249 E/LOGSERVER_UTILS(  765): [Erecovery]readEvent: eRecEventManager readEvent 0
10-10 10:00:20.290 E/LOGSERVER_UTILS(  765): [Erecovery]readEvent: eRecEventManager readEvent 0
10-10 10:00:27.490 E/LOGSERVER_UTILS(  765): [Erecovery]readEvent: eRecEventManager readEvent 0
10-10 10:00:27.631 I/chatty  ( 2494): uid=10055(com.huawei.hwid) SilentUpgradeTa expire 26 lines
10-10 10:00:28.339 D/UsbSettingsService(21737): handleMessage, msg.what = 4
10-10 10:00:28.339 D/UsbSettingsService(21737): receive message to check monkey running.
10-10 10:00:28.532 E/LOGSERVER_UTILS(  765): [Erecovery]readEvent: eRecEventManager readEvent 0
10-10 10:00:29.573 E/LOGSERVER_UTILS(  765): [Erecovery]readEvent: eRecEventManager readEvent 0
10-10 10:00:29.634 I/HwBatteryService( 1496): quick charge status : 0
10-10 10:00:29.634 D/HwBatteryService( 1496): onUEvent fcpStatus = 0
10-10 10:00:29.634 D/HwBatteryService( 1496): onUEvent scpStatus = 0 ,ovpStatus = 0
10-10 10:00:29.634 I/HwBatteryService( 1496): handleWirelessTxStatus
10-10 10:00:29.634 I/HwBatteryService( 1496): switch not open, return, mWirelessTxFlag : 0
10-10 10:00:29.636 I/UsbDeviceManager( 1496): water_intrused state= 0
10-10 10:00:30.176 W/IptablesRestoreController(  530): iptables-restore process 10564 terminated status=15
10-10 10:00:30.177 W/IptablesRestoreController(  530): iptables-restore process 10565 terminated status=15
10-10 10:00:30.614 E/LOGSERVER_UTILS(  765): [Erecovery]readEvent: eRecEventManager readEvent 0
10-10 10:00:34.726 I/chatty  (  765): uid=0(root) erecovery-event identical 13 lines
10-10 10:00:35.768 E/LOGSERVER_UTILS(  765): [Erecovery]readEvent: eRecEventManager readEvent 0
10-10 10:00:36.810 E/LOGSERVER_UTILS(  765): [Erecovery]readEvent: eRecEventManager readEvent 0
10-10 10:00:38.660 I/chatty  ( 1934): uid=1000(system) com.huawei.systemserver expire 10 lines
10-10 10:00:39.934 E/LOGSERVER_UTILS(  765): [Erecovery]readEvent: eRecEventManager readEvent 0
10-10 10:00:40.189 W/Watchdog( 1496): hungtask: writing kick
10-10 10:00:40.950 E/LOGSERVER_UTILS(  765): [Erecovery]readEvent: eRecEventManager readEvent 0
10-10 10:00:43.033 E/LOGSERVER_UTILS(  765): [Erecovery]readEvent: eRecEventManager readEvent 0
10-10 10:00:44.075 E/LOGSERVER_UTILS(  765): [Erecovery]readEvent: eRecEventManager readEvent 0
10-10 10:00:45.116 E/LOGSERVER_UTILS(  765): [Erecovery]readEvent: eRecEventManager readEvent 0
10-10 10:00:46.157 E/LOGSERVER_UTILS(  765): [Erecovery]readEvent: eRecEventManager readEvent 0
10-10 10:00:49.763 I/storaged(  738): storaged_t::event: storage_info refreshed.
10-10 10:00:49.763 I/storaged(  738): storaged_t::event: Pidm reported.
10-10 10:00:49.764 E/storaged(  738): pid_info get_pids failed
10-10 10:00:53.422 E/LOGSERVER_UTILS(  765): [Erecovery]readEvent: eRecEventManager readEvent 0
10-10 10:00:53.552 I/chatty  ( 3697): uid=10137 com.tencent.mm:push expire 2 lines
10-10 10:00:53.557 I/PreDnsController(  530): canPreDnsQuery,persist.sys.predns is false!
10-10 10:00:53.562 D/libc    (  530): GetAddrInfoHandler addr: 0.0
10-10 10:00:53.573 I/chatty  ( 3697): uid=10137 com.tencent.mm:push expire 2 lines
10-10 10:00:54.463 E/LOGSERVER_UTILS(  765): [Erecovery]readEvent: eRecEventManager readEvent 0
10-10 10:01:00.350 I/HwBatteryService( 1496): quick charge status : 0
10-10 10:01:00.350 D/HwBatteryService( 1496): onUEvent fcpStatus = 0
10-10 10:01:00.350 D/HwBatteryService( 1496): onUEvent scpStatus = 0 ,ovpStatus = 0
10-10 10:01:00.350 I/HwBatteryService( 1496): handleWirelessTxStatus
10-10 10:01:00.350 I/HwBatteryService( 1496): switch not open, return, mWirelessTxFlag : 0
10-10 10:01:00.351 I/UsbDeviceManager( 1496): water_intrused state= 0
10-10 10:01:01.657 I/chatty  (  765): uid=0(root) erecovery-event identical 11 lines
10-10 10:01:02.697 E/LOGSERVER_UTILS(  765): [Erecovery]readEvent: eRecEventManager readEvent 0
10-10 10:01:03.600 V/BroadcastQueue( 1496): Finished with ordered broadcast BroadcastRecord{8b434b1 u0 com.tencent.mm.plugin.report.service.KVCommCrossProcessReceiver}
10-10 10:01:03.707 E/LOGSERVER_UTILS(  765): [Erecovery]readEvent: eRecEventManager readEvent 0
10-10 10:01:03.945 I/ImsResolver( 2030): getMmTelFeatureAndListen - slot: 2 callback: com.android.ims.MmTelFeatureConnection$1@a545ddd
10-10 10:01:04.709 E/LOGSERVER_UTILS(  765): [Erecovery]readEvent: eRecEventManager readEvent 0
10-10 10:01:08.804 E/LOGSERVER_UTILS(  765): [Erecovery]readEvent: eRecEventManager readEvent 0
10-10 10:01:09.649 I/AlarmManager( 1496): remove alarm:Alarm{f8c6504 type 2 when 1076587012 PendingIntent{f108710: PendingIntentRecord{9909209 com.tencent.mm broadcastIntent}}com.tencent.mm} according to operation:eae8d96
10-10 10:01:09.845 E/LOGSERVER_UTILS(  765): [Erecovery]readEvent: eRecEventManager readEvent 0
10-10 10:01:10.155 I/AlarmManager( 1496): remove alarm:Alarm{26a83b3 type 2 when 1076603634 PendingIntent{eae8d96: PendingIntentRecord{77a2d17 com.tencent.mm broadcastIntent}}com.tencent.mm} according to operation:aa66aed
10-10 10:01:10.191 W/Watchdog( 1496): hungtask: writing kick
10-10 10:01:10.886 E/LOGSERVER_UTILS(  765): [Erecovery]readEvent: eRecEventManager readEvent 0
10-10 10:01:12.950 E/LOGSERVER_UTILS(  765): [Erecovery]readEvent: eRecEventManager readEvent 0
10-10 10:01:13.651 I/chatty  (  739): uid=1000(system) /system/bin/thermal-daemon expire 10 lines
10-10 10:01:13.991 E/LOGSERVER_UTILS(  765): [Erecovery]readEvent: eRecEventManager readEvent 0
10-10 10:01:15.033 E/LOGSERVER_UTILS(  765): [Erecovery]readEvent: eRecEventManager readEvent 0
10-10 10:01:18.157 I/chatty  (  765): uid=0(root) erecovery-event identical 18 lines
10-10 10:01:19.199 E/LOGSERVER_UTILS(  765): [Erecovery]readEvent: eRecEventManager readEvent 0
10-10 10:01:19.689 V/BroadcastQueue( 1496): Finished with ordered broadcast BroadcastRecord{aeccd70 u0 com.tencent.mm.plugin.report.service.KVCommCrossProcessReceiver}
10-10 10:01:20.240 E/LOGSERVER_UTILS(  765): [Erecovery]readEvent: eRecEventManager readEvent 0
10-10 10:01:31.069 I/HwBatteryService( 1496): quick charge status : 0
10-10 10:01:31.069 D/HwBatteryService( 1496): onUEvent fcpStatus = 0
10-10 10:01:31.070 D/HwBatteryService( 1496): onUEvent scpStatus = 0 ,ovpStatus = 0
10-10 10:01:31.070 I/HwBatteryService( 1496): handleWirelessTxStatus
10-10 10:01:31.070 I/HwBatteryService( 1496): switch not open, return, mWirelessTxFlag : 0
10-10 10:01:31.071 I/UsbDeviceManager( 1496): water_intrused state= 0
10-10 10:01:36.680 E/LOGSERVER_UTILS(  765): [Erecovery]readEvent: eRecEventManager readEvent 0
10-10 10:01:37.722 E/LOGSERVER_UTILS(  765): [Erecovery]readEvent: eRecEventManager readEvent 0
10-10 10:01:38.763 E/LOGSERVER_UTILS(  765): [Erecovery]readEvent: eRecEventManager readEvent 0
10-10 10:01:39.772 E/LOGSERVER_UTILS(  765): [Erecovery]readEvent: eRecEventManager readEvent 0
10-10 10:01:40.195 W/Watchdog( 1496): hungtask: writing kick
10-10 10:01:40.814 E/LOGSERVER_UTILS(  765): [Erecovery]readEvent: eRecEventManager readEvent 0
10-10 10:01:43.889 I/chatty  (  765): uid=0(root) erecovery-event identical 18 lines
10-10 10:01:44.892 E/LOGSERVER_UTILS(  765): [Erecovery]readEvent: eRecEventManager readEvent 0
10-10 10:01:45.932 E/LOGSERVER_UTILS(  765): [Erecovery]readEvent: eRecEventManager readEvent 0
10-10 10:01:49.765 I/storaged(  738): storaged_t::event: storage_info refreshed.
10-10 10:01:58.697 I/chatty  ( 1934): uid=1000(system) com.huawei.systemserver expire 10 lines
10-10 10:02:01.782 I/HwBatteryService( 1496): quick charge status : 0
10-10 10:02:01.782 D/HwBatteryService( 1496): onUEvent fcpStatus = 0
10-10 10:02:01.782 D/HwBatteryService( 1496): onUEvent scpStatus = 0 ,ovpStatus = 0
10-10 10:02:01.782 I/HwBatteryService( 1496): handleWirelessTxStatus
10-10 10:02:01.782 I/HwBatteryService( 1496): switch not open, return, mWirelessTxFlag : 0
10-10 10:02:01.783 I/UsbDeviceManager( 1496): water_intrused state= 0
10-10 10:02:02.520 E/LOGSERVER_UTILS(  765): [Erecovery]readEvent: eRecEventManager readEvent 0
10-10 10:02:03.560 E/LOGSERVER_UTILS(  765): [Erecovery]readEvent: eRecEventManager readEvent 0
10-10 10:02:06.644 I/chatty  (  765): uid=0(root) erecovery-event identical 21 lines
10-10 10:02:07.685 E/LOGSERVER_UTILS(  765): [Erecovery]readEvent: eRecEventManager readEvent 0
10-10 10:02:07.953 I/ImsResolver( 2030): getMmTelFeatureAndListen - slot: 2 callback: com.android.ims.MmTelFeatureConnection$1@737d52
10-10 10:02:08.713 E/LOGSERVER_UTILS(  765): [Erecovery]readEvent: eRecEventManager readEvent 0
10-10 10:02:09.754 E/LOGSERVER_UTILS(  765): [Erecovery]readEvent: eRecEventManager readEvent 0
10-10 10:02:10.198 W/Watchdog( 1496): hungtask: writing kick
10-10 10:02:10.795 E/LOGSERVER_UTILS(  765): [Erecovery]readEvent: eRecEventManager readEvent 0
10-10 10:02:13.881 E/LOGSERVER_UTILS(  765): [Erecovery]readEvent: eRecEventManager readEvent 0
10-10 10:02:14.923 E/LOGSERVER_UTILS(  765): [Erecovery]readEvent: eRecEventManager readEvent 0
10-10 10:02:18.047 E/LOGSERVER_UTILS(  765): [Erecovery]readEvent: eRecEventManager readEvent 0
10-10 10:02:19.088 E/LOGSERVER_UTILS(  765): [Erecovery]readEvent: eRecEventManager readEvent 0
10-10 10:02:20.130 E/LOGSERVER_UTILS(  765): [Erecovery]readEvent: eRecEventManager readEvent 0
10-10 10:02:22.181 E/LOGSERVER_UTILS(  765): [Erecovery]readEvent: eRecEventManager readEvent 0
10-10 10:02:22.782 I/chatty  ( 3697): uid=10137 com.tencent.mm:push expire 2 lines
10-10 10:02:22.788 I/PreDnsController(  530): canPreDnsQuery,persist.sys.predns is false!
10-10 10:02:22.791 D/libc    (  530): GetAddrInfoHandler addr: 0.0
10-10 10:02:22.794 D/libc    (  530): GetAddrInfoHandler addr: 0.0
10-10 10:02:23.221 E/LOGSERVER_UTILS(  765): [Erecovery]readEvent: eRecEventManager readEvent 0
10-10 10:02:32.504 I/HwBatteryService( 1496): quick charge status : 0
10-10 10:02:32.505 D/HwBatteryService( 1496): onUEvent fcpStatus = 0
10-10 10:02:32.505 D/HwBatteryService( 1496): onUEvent scpStatus = 0 ,ovpStatus = 0
10-10 10:02:32.505 I/HwBatteryService( 1496): handleWirelessTxStatus
10-10 10:02:32.505 I/HwBatteryService( 1496): switch not open, return, mWirelessTxFlag : 0
10-10 10:02:32.506 I/UsbDeviceManager( 1496): water_intrused state= 0
10-10 10:02:37.754 E/LOGSERVER_UTILS(  765): [Erecovery]readEvent: eRecEventManager readEvent 0
10-10 10:02:38.774 I/chatty  ( 1934): uid=1000(system) com.huawei.systemserver expire 12 lines
10-10 10:02:38.792 E/LOGSERVER_UTILS(  765): [Erecovery]readEvent: eRecEventManager readEvent 0
10-10 10:02:39.834 E/LOGSERVER_UTILS(  765): [Erecovery]readEvent: eRecEventManager readEvent 0
10-10 10:02:40.201 W/Watchdog( 1496): hungtask: writing kick
10-10 10:02:40.866 E/LOGSERVER_UTILS(  765): [Erecovery]readEvent: eRecEventManager readEvent 0
10-10 10:02:41.907 I/chatty  (  765): uid=0(root) erecovery-event identical 16 lines
10-10 10:02:42.949 E/LOGSERVER_UTILS(  765): [Erecovery]readEvent: eRecEventManager readEvent 0
10-10 10:02:43.961 E/LOGSERVER_UTILS(  765): [Erecovery]readEvent: eRecEventManager readEvent 0
10-10 10:02:45.002 E/LOGSERVER_UTILS(  765): [Erecovery]readEvent: eRecEventManager readEvent 0
10-10 10:02:46.043 E/LOGSERVER_UTILS(  765): [Erecovery]readEvent: eRecEventManager readEvent 0
10-10 10:02:49.766 I/storaged(  738): storaged_t::event: storage_info refreshed.
10-10 10:03:03.230 I/HwBatteryService( 1496): quick charge status : 0
10-10 10:03:03.231 D/HwBatteryService( 1496): onUEvent fcpStatus = 0
10-10 10:03:03.231 D/HwBatteryService( 1496): onUEvent scpStatus = 0 ,ovpStatus = 0
10-10 10:03:03.231 I/HwBatteryService( 1496): handleWirelessTxStatus
10-10 10:03:03.231 I/HwBatteryService( 1496): switch not open, return, mWirelessTxFlag : 0
10-10 10:03:03.232 I/UsbDeviceManager( 1496): water_intrused state= 0
10-10 10:03:02.645 E/LOGSERVER_UTILS(  765): [Erecovery]readEvent: eRecEventManager readEvent 0
10-10 10:03:03.686 E/LOGSERVER_UTILS(  765): [Erecovery]readEvent: eRecEventManager readEvent 0
10-10 10:03:09.344 I/HwBatteryService( 1496): quick charge status : 0
10-10 10:03:09.344 D/HwBatteryService( 1496): onUEvent fcpStatus = 0
10-10 10:03:09.345 D/HwBatteryService( 1496): onUEvent scpStatus = 0 ,ovpStatus = 0
10-10 10:03:09.345 I/HwBatteryService( 1496): handleWirelessTxStatus
10-10 10:03:09.345 I/HwBatteryService( 1496): switch not open, return, mWirelessTxFlag : 0
10-10 10:03:09.346 I/UsbDeviceManager( 1496): water_intrused state= 0
10-10 10:03:09.351 I/BatteryService( 1496): normal charge status : 1
10-10 10:03:07.851 I/chatty  (  765): uid=0(root) erecovery-event identical 19 lines
10-10 10:03:08.892 E/LOGSERVER_UTILS(  765): [Erecovery]readEvent: eRecEventManager readEvent 0
10-10 10:03:09.361 W/KeyguardUpdateMonitor( 1807): ACTION_BATTERY_CHANGED AMP: 0; Volt: 0
10-10 10:03:09.374 W/HiDecision(22049): SystemStateReceiver: other action
10-10 10:03:09.382 W/MagazineUtils( 1807): check active connect, state = -1
10-10 10:03:09.387 I/chatty  ( 2285): uid=1000(system) Thread-10 expire 10 lines
10-10 10:03:09.398 W/KeyguardUpdateMonitor( 1807): ChargingSpeed  Wattage: -1 ST: 5000000 --> 7500000
10-10 10:03:09.398 I/KgBattery( 1807): BatteryInfo updated:  2lPc-1
10-10 10:03:09.399 W/KG_FDT  ( 1807): isFaceUnlockEnabled 0
10-10 10:03:09.400 W/HwKgdBArea_BTY( 1807): updateBatteryInfo : false showBatteryInfo:  true isShowChargingFpDisplay:  false
10-10 10:03:09.401 W/HwKgdBArea_BTY( 1807): updateBatteryInfo : false showBatteryInfo:  true isShowChargingFpDisplay:  false
10-10 10:03:09.401 W/HwLockScreenPanel( 1807): refreshBatteryInfo: null
10-10 10:03:09.401 W/HwLockScreenPanel( 1807): Handle message: 100
10-10 10:03:09.402 W/KgBattery( 1807): getCharge info with type: text
10-10 10:03:09.417 W/PanelView( 1807): set notification panel padding = 1556
10-10 10:03:09.418 W/HwBackDropView( 1807): setAnimationParamInner 0.0   0
10-10 10:03:09.419 W/HwKeyguardBottomArea( 1807): refresh Charge status layout when dp changed
10-10 10:03:09.420 W/HwKeyguardBottomArea( 1807): refresh Charge status layout when dp changed
10-10 10:03:09.438 W/PanelView( 1807): set notification panel padding = 1556
10-10 10:03:09.439 W/HwBackDropView( 1807): setAnimationParamInner 0.0   0
10-10 10:03:09.922 E/LOGSERVER_UTILS(  765): [Erecovery]readEvent: eRecEventManager readEvent 0
10-10 10:03:10.205 W/Watchdog( 1496): hungtask: writing kick
10-10 10:03:10.963 E/LOGSERVER_UTILS(  765): [Erecovery]readEvent: eRecEventManager readEvent 0
10-10 10:03:12.005 E/LOGSERVER_UTILS(  765): [Erecovery]readEvent: eRecEventManager readEvent 0
10-10 10:03:12.020 I/ImsResolver( 2030): getMmTelFeatureAndListen - slot: 2 callback: com.android.ims.MmTelFeatureConnection$1@c78823
10-10 10:03:13.034 E/LOGSERVER_UTILS(  765): [Erecovery]readEvent: eRecEventManager readEvent 0
10-10 10:03:14.074 E/LOGSERVER_UTILS(  765): [Erecovery]readEvent: eRecEventManager readEvent 0
10-10 10:03:14.671 I/chatty  ( 2285): uid=1000(system) Thread-2 expire 10 lines
10-10 10:03:15.116 E/LOGSERVER_UTILS(  765): [Erecovery]readEvent: eRecEventManager readEvent 0
10-10 10:03:18.169 E/LOGSERVER_UTILS(  765): [Erecovery]readEvent: eRecEventManager readEvent 0
10-10 10:03:18.829 I/chatty  ( 1934): uid=1000(system) com.huawei.systemserver expire 10 lines
10-10 10:03:19.211 E/LOGSERVER_UTILS(  765): [Erecovery]readEvent: eRecEventManager readEvent 0
10-10 10:03:20.253 E/LOGSERVER_UTILS(  765): [Erecovery]readEvent: eRecEventManager readEvent 0
10-10 10:03:23.354 E/LOGSERVER_UTILS(  765): [Erecovery]readEvent: eRecEventManager readEvent 0
10-10 10:03:23.816 I/chatty  (  739): uid=1000(system) /system/bin/thermal-daemon expire 20 lines
10-10 10:03:24.395 E/LOGSERVER_UTILS(  765): [Erecovery]readEvent: eRecEventManager readEvent 0
10-10 10:03:28.501 E/LOGSERVER_UTILS(  765): [Erecovery]readEvent: eRecEventManager readEvent 0
10-10 10:03:29.516 E/LOGSERVER_UTILS(  765): [Erecovery]readEvent: eRecEventManager readEvent 0
10-10 10:03:33.953 I/HwBatteryService( 1496): quick charge status : 0
10-10 10:03:33.953 D/HwBatteryService( 1496): onUEvent fcpStatus = 0
10-10 10:03:33.953 D/HwBatteryService( 1496): onUEvent scpStatus = 0 ,ovpStatus = 0
10-10 10:03:33.953 I/HwBatteryService( 1496): handleWirelessTxStatus
10-10 10:03:33.953 I/HwBatteryService( 1496): switch not open, return, mWirelessTxFlag : 0
10-10 10:03:33.954 I/UsbDeviceManager( 1496): water_intrused state= 0
10-10 10:03:33.659 E/LOGSERVER_UTILS(  765): [Erecovery]readEvent: eRecEventManager readEvent 0
10-10 10:03:34.701 E/LOGSERVER_UTILS(  765): [Erecovery]readEvent: eRecEventManager readEvent 0
10-10 10:03:38.853 E/LOGSERVER_UTILS(  765): [Erecovery]readEvent: eRecEventManager readEvent 0
10-10 10:03:39.246 I/chatty  (  739): uid=1000(system) /system/bin/thermal-daemon expire 10 lines
10-10 10:03:39.895 E/LOGSERVER_UTILS(  765): [Erecovery]readEvent: eRecEventManager readEvent 0
10-10 10:03:40.067 I/chatty  ( 3800): uid=10137(com.tencent.mm) [GT]ColdPool#13 expire 2 lines
10-10 10:03:40.068 I/NetworkStats( 1496): openSessionForUsageStats, pid = 3800, pkg = com.tencent.mm
10-10 10:03:40.068 I/NetworkStats( 1496): openSessionInternal,pid = 3800
10-10 10:03:40.070 I/NetworkStats( 1496): performPollLocked, pid = 1496
10-10 10:03:40.107 E/        (10616): iptables cmd:iptables-restore
10-10 10:03:40.125 E/        (10617): iptables cmd:ip6tables-restore
10-10 10:03:40.136 W/NetworkStatsFactory( 1496): mStatsXtProcUid: /proc/net/comm/stats does not exist!
10-10 10:03:40.136 D/HwNetworkStatsService( 1496): hwRecordUidAndProcSnapshotLocked currentTime = 1633831420075
10-10 10:03:40.139 I/NetworkStatsFactory( 1496): javaReadNetworkStatsUidAndProcDetail. cost time = 1
10-10 10:03:40.142 D/HwNetworkStatsService( 1496): hwMaybeUidAndProcPersistLocked currentTime = 1633831420075
10-10 10:03:40.157 I/NetworkStats( 1496): openSessionForUsageStats, pid = 3800, pkg = com.tencent.mm
10-10 10:03:40.208 W/Watchdog( 1496): hungtask: writing kick
10-10 10:03:40.209 I/chatty  ( 1496): uid=1000(system) android.fg expire 10 lines
10-10 10:03:40.934 E/LOGSERVER_UTILS(  765): [Erecovery]readEvent: eRecEventManager readEvent 0
10-10 10:03:44.055 E/LOGSERVER_UTILS(  765): [Erecovery]readEvent: eRecEventManager readEvent 0
10-10 10:03:44.690 I/chatty  ( 3697): uid=10137(com.tencent.mm) [GT]HotPool#5 expire 3 lines
10-10 10:03:45.096 E/LOGSERVER_UTILS(  765): [Erecovery]readEvent: eRecEventManager readEvent 0
10-10 10:03:45.841 I/chatty  ( 1994): uid=1000(system) Timer-0 expire 10 lines
10-10 10:03:46.137 E/LOGSERVER_UTILS(  765): [Erecovery]readEvent: eRecEventManager readEvent 0
10-10 10:03:49.766 I/storaged(  738): storaged_t::event: storage_info refreshed.
10-10 10:03:48.221 I/chatty  (  765): uid=0(root) erecovery-event identical 49 lines
10-10 10:03:50.109 I/chatty  ( 3800): uid=10137(com.tencent.mm) [GT]ColdPool#2 expire 3 lines
10-10 10:03:52.923 I/chatty  (10620): uid=0(root) expire 1 line
10-10 10:03:54.825 V/BroadcastQueue( 1496): Finished with ordered broadcast BroadcastRecord{20bc8e9 u0 com.tencent.mm.plugin.report.service.KVCommCrossProcessReceiver}
10-10 10:04:04.680 I/HwBatteryService( 1496): quick charge status : 0
10-10 10:04:04.680 D/HwBatteryService( 1496): onUEvent fcpStatus = 0
10-10 10:04:04.680 D/HwBatteryService( 1496): onUEvent scpStatus = 0 ,ovpStatus = 0
10-10 10:04:04.680 I/HwBatteryService( 1496): handleWirelessTxStatus
10-10 10:04:04.681 I/HwBatteryService( 1496): switch not open, return, mWirelessTxFlag : 0
10-10 10:04:04.682 I/UsbDeviceManager( 1496): water_intrused state= 0
10-10 10:04:10.210 W/Watchdog( 1496): hungtask: writing kick
10-10 10:04:16.029 I/ImsResolver( 2030): getMmTelFeatureAndListen - slot: 2 callback: com.android.ims.MmTelFeatureConnection$1@e81d120
10-10 10:04:19.297 E/LOGSERVER_UTILS(  765): [Erecovery]readEvent: eRecEventManager readEvent 0
10-10 10:04:20.339 E/LOGSERVER_UTILS(  765): [Erecovery]readEvent: eRecEventManager readEvent 0
10-10 10:04:28.646 E/LOGSERVER_UTILS(  765): [Erecovery]readEvent: eRecEventManager readEvent 0
10-10 10:04:29.340 I/chatty  ( 1934): uid=1000(system) DaemonClientRec expire 12 lines
10-10 10:04:29.687 E/LOGSERVER_UTILS(  765): [Erecovery]readEvent: eRecEventManager readEvent 0
10-10 10:04:35.381 I/HwBatteryService( 1496): quick charge status : 0
10-10 10:04:35.381 D/HwBatteryService( 1496): onUEvent fcpStatus = 0
10-10 10:04:35.382 D/HwBatteryService( 1496): onUEvent scpStatus = 0 ,ovpStatus = 0
10-10 10:04:35.382 I/HwBatteryService( 1496): handleWirelessTxStatus
10-10 10:04:35.382 I/HwBatteryService( 1496): switch not open, return, mWirelessTxFlag : 0
10-10 10:04:35.383 I/UsbDeviceManager( 1496): water_intrused state= 0
10-10 10:04:38.870 I/chatty  ( 1934): uid=1000(system) com.huawei.systemserver expire 10 lines
10-10 10:04:37.957 E/LOGSERVER_UTILS(  765): [Erecovery]readEvent: eRecEventManager readEvent 0
10-10 10:04:38.998 E/LOGSERVER_UTILS(  765): [Erecovery]readEvent: eRecEventManager readEvent 0
10-10 10:04:40.214 W/Watchdog( 1496): hungtask: writing kick
10-10 10:04:40.040 E/LOGSERVER_UTILS(  765): [Erecovery]readEvent: eRecEventManager readEvent 0
10-10 10:04:41.079 E/LOGSERVER_UTILS(  765): [Erecovery]readEvent: eRecEventManager readEvent 0
10-10 10:04:45.233 E/LOGSERVER_UTILS(  765): [Erecovery]readEvent: eRecEventManager readEvent 0
10-10 10:04:46.265 E/LOGSERVER_UTILS(  765): [Erecovery]readEvent: eRecEventManager readEvent 0
10-10 10:04:48.339 E/LOGSERVER_UTILS(  765): [Erecovery]readEvent: eRecEventManager readEvent 0
10-10 10:04:49.380 E/LOGSERVER_UTILS(  765): [Erecovery]readEvent: eRecEventManager readEvent 0
10-10 10:04:49.768 I/storaged(  738): storaged_t::event: storage_info refreshed.
10-10 10:04:51.427 I/chatty  (  765): uid=0(root) erecovery-event identical 46 lines
10-10 10:04:52.782 I/chatty  ( 3697): uid=10137 com.tencent.mm:push expire 2 lines
10-10 10:04:52.793 I/chatty  (  530): uid=0(root) Binder:530_2 expire 1 line
10-10 10:05:00.236 W/HiDecision(22049): MinuteGeneratorService: This is no hour change
10-10 10:05:03.660 I/chatty  ( 1994): uid=1000(system) CommonHandler expire 10 lines
10-10 10:05:06.113 I/HwBatteryService( 1496): quick charge status : 0
10-10 10:05:06.114 D/HwBatteryService( 1496): onUEvent fcpStatus = 0
10-10 10:05:06.114 D/HwBatteryService( 1496): onUEvent scpStatus = 0 ,ovpStatus = 0
10-10 10:05:06.114 I/HwBatteryService( 1496): handleWirelessTxStatus
10-10 10:05:06.114 I/HwBatteryService( 1496): switch not open, return, mWirelessTxFlag : 0
10-10 10:05:06.115 I/UsbDeviceManager( 1496): water_intrused state= 0
10-10 10:05:10.218 W/Watchdog( 1496): hungtask: writing kick
10-10 10:05:18.926 I/chatty  ( 1934): uid=1000(system) com.huawei.systemserver expire 10 lines
10-10 10:05:20.098 I/ImsResolver( 2030): getMmTelFeatureAndListen - slot: 2 callback: com.android.ims.MmTelFeatureConnection$1@9bdfad9
10-10 10:05:28.357 D/UsbSettingsService(21737): handleMessage, msg.what = 4
10-10 10:05:28.357 D/UsbSettingsService(21737): receive message to check monkey running.
10-10 10:05:28.617 I/chatty  (  765): uid=0(root) erecovery-event expire 93 lines
10-10 10:05:36.824 I/HwBatteryService( 1496): quick charge status : 0
10-10 10:05:36.825 D/HwBatteryService( 1496): onUEvent fcpStatus = 0
10-10 10:05:36.825 D/HwBatteryService( 1496): onUEvent scpStatus = 0 ,ovpStatus = 0
10-10 10:05:36.825 I/HwBatteryService( 1496): handleWirelessTxStatus
10-10 10:05:36.825 I/HwBatteryService( 1496): switch not open, return, mWirelessTxFlag : 0
10-10 10:05:36.826 I/UsbDeviceManager( 1496): water_intrused state= 0
10-10 10:05:39.049 I/chatty  ( 2005): uid=1000(system) actions handler expire 14 lines
10-10 10:05:40.221 W/Watchdog( 1496): hungtask: writing kick
10-10 10:05:44.024 I/chatty  (  739): uid=1000(system) /system/bin/thermal-daemon expire 10 lines
10-10 10:05:49.769 I/storaged(  738): storaged_t::event: storage_info refreshed.
10-10 10:05:58.995 I/chatty  ( 1934): uid=1000(system) com.huawei.systemserver expire 11 lines
10-10 10:06:07.551 I/HwBatteryService( 1496): quick charge status : 0
10-10 10:06:07.552 D/HwBatteryService( 1496): onUEvent fcpStatus = 0
10-10 10:06:07.552 D/HwBatteryService( 1496): onUEvent scpStatus = 0 ,ovpStatus = 0
10-10 10:06:07.552 I/HwBatteryService( 1496): handleWirelessTxStatus
10-10 10:06:07.552 I/HwBatteryService( 1496): switch not open, return, mWirelessTxFlag : 0
10-10 10:06:07.553 I/UsbDeviceManager( 1496): water_intrused state= 0
