12-17 15:35:28.424 E/storaged(  497): getDiskStats failed with result NOT_SUPPORTED and size 0
12-17 15:35:30.377 V/AlarmManager(  658): set(PendingIntent{588e766: PendingIntentRecord{afcaa7 com.tal.genie.push broadcastIntent}}) : type=2 triggerAtTime=14222348 win=0 tElapsed=14222348 maxElapsed=14522348 interval=0 flags=0x9
12-17 15:35:30.381 V/AlarmManager(  658): set(PendingIntent{ec25b54: PendingIntentRecord{78caafd com.tal.genie.push broadcastIntent}}) : type=2 triggerAtTime=14210366 win=0 tElapsed=14210366 maxElapsed=14510366 interval=0 flags=0x9
12-17 15:35:30.395 V/AlarmManager(  658): isAlarmNeedAlign : operation is null
12-17 15:35:30.396 I/chatty  (  658): uid=1000(system) Binder:658_A identical 3 lines
12-17 15:35:30.396 V/AlarmManager(  658): isAlarmNeedAlign : operation is null
12-17 15:35:38.395 V/AlarmManager(  658): set(PendingIntent{53dc0ec: PendingIntentRecord{e9b3cb5 com.tal.genie.push broadcastIntent}}) : type=2 triggerAtTime=14230367 win=0 tElapsed=14230367 maxElapsed=14530367 interval=0 flags=0x9
12-17 15:35:38.399 V/AlarmManager(  658): set(PendingIntent{d962f4a: PendingIntentRecord{896debb com.tal.genie.push broadcastIntent}}) : type=2 triggerAtTime=14218384 win=0 tElapsed=14218384 maxElapsed=14518384 interval=0 flags=0x9
12-17 15:35:38.425 V/AlarmManager(  658): isAlarmNeedAlign : operation is null
12-17 15:35:38.425 I/chatty  (  658): uid=1000(system) Binder:658_A identical 3 lines
12-17 15:35:38.426 V/AlarmManager(  658): isAlarmNeedAlign : operation is null
12-17 15:35:46.364 V/AlarmManager(  658): isAlarmNeedAlign : operation is null
12-17 15:35:46.364 V/AlarmManager(  658): set(null) : type=2 triggerAtTime=14827334 win=456737 tElapsed=14827334 maxElapsed=15284071 interval=0 flags=0x0
12-17 15:35:46.379 V/AlarmManager(  658): isAlarmNeedAlign : operation is null
12-17 15:35:46.379 V/AlarmManager(  658): set(null) : type=2 triggerAtTime=14827334 win=456726 tElapsed=14827334 maxElapsed=15284060 interval=0 flags=0x0
12-17 15:35:46.380 V/AlarmManager(  658): isAlarmNeedAlign : operation is null
12-17 15:35:46.381 I/chatty  (  658): uid=1000(system) Binder:658_C identical 4 lines
12-17 15:35:46.381 V/AlarmManager(  658): isAlarmNeedAlign : operation is null
12-17 15:35:46.381 V/AlarmManager(  658): set(null) : type=2 triggerAtTime=14518345 win=224982 tElapsed=14518345 maxElapsed=14743327 interval=0 flags=0x0
12-17 15:35:46.382 V/AlarmManager(  658): isAlarmNeedAlign : operation is null
12-17 15:35:46.382 I/chatty  (  658): uid=1000(system) Binder:658_C identical 4 lines
12-17 15:35:46.396 V/AlarmManager(  658): isAlarmNeedAlign : operation is null
12-17 15:35:46.396 V/AlarmManager(  658): set(null) : type=2 triggerAtTime=14827334 win=456713 tElapsed=14827334 maxElapsed=15284047 interval=0 flags=0x0
12-17 15:35:46.397 V/AlarmManager(  658): isAlarmNeedAlign : operation is null
12-17 15:35:46.399 I/chatty  (  658): uid=1000(system) Binder:658_C identical 4 lines
12-17 15:35:46.399 V/AlarmManager(  658): isAlarmNeedAlign : operation is null
12-17 15:35:46.400 V/AlarmManager(  658): set(PendingIntent{c55bd25: PendingIntentRecord{fc0fefa com.tal.genie.push broadcastIntent}}) : type=2 triggerAtTime=14238384 win=0 tElapsed=14238384 maxElapsed=14538384 interval=0 flags=0x9
12-17 15:35:46.400 V/AlarmManager(  658): set(null) : type=2 triggerAtTime=15418338 win=899963 tElapsed=15418338 maxElapsed=16318301 interval=0 flags=0x0
12-17 15:35:46.400 V/AlarmManager(  658): isAlarmNeedAlign : operation is null
12-17 15:35:46.401 I/chatty  (  658): uid=1000(system) Binder:658_C identical 3 lines
12-17 15:35:46.401 V/AlarmManager(  658): isAlarmNeedAlign : operation is null
12-17 15:35:46.412 V/AlarmManager(  658): set(PendingIntent{6ec7352: PendingIntentRecord{13c4623 com.tal.genie.push broadcastIntent}}) : type=2 triggerAtTime=14226388 win=0 tElapsed=14226388 maxElapsed=14526388 interval=0 flags=0x9
12-17 15:35:46.428 V/AlarmManager(  658): isAlarmNeedAlign : operation is null
12-17 15:35:46.428 I/chatty  (  658): uid=1000(system) Binder:658_11 identical 3 lines
12-17 15:35:46.429 V/AlarmManager(  658): isAlarmNeedAlign : operation is null
12-17 15:35:54.413 V/AlarmManager(  658): set(PendingIntent{5d71aaa: PendingIntentRecord{32569b com.tal.genie.push broadcastIntent}}) : type=2 triggerAtTime=14246389 win=0 tElapsed=14246389 maxElapsed=14546389 interval=0 flags=0x9
12-17 15:35:54.416 V/AlarmManager(  658): set(PendingIntent{2b44a38: PendingIntentRecord{4b0da11 com.tal.genie.push broadcastIntent}}) : type=2 triggerAtTime=14234401 win=0 tElapsed=14234401 maxElapsed=14534401 interval=0 flags=0x9
12-17 15:35:54.431 V/AlarmManager(  658): isAlarmNeedAlign : operation is null
12-17 15:35:54.431 I/chatty  (  658): uid=1000(system) Binder:658_9 identical 3 lines
12-17 15:35:54.431 V/AlarmManager(  658): isAlarmNeedAlign : operation is null
12-17 15:36:02.431 V/AlarmManager(  658): set(PendingIntent{f2be712: PendingIntentRecord{50ee3 android broadcastIntent}}) : type=3 triggerAtTime=14291987 win=0 tElapsed=14291987 maxElapsed=14291987 interval=0 flags=0x1
12-17 15:36:02.434 V/AlarmManager(  658): set(PendingIntent{58bba49: PendingIntentRecord{cb6bf4e com.tal.genie.push broadcastIntent}}) : type=2 triggerAtTime=14254402 win=0 tElapsed=14254402 maxElapsed=14554402 interval=0 flags=0x9
12-17 15:36:02.442 V/AlarmManager(  658): set(PendingIntent{c6d686f: PendingIntentRecord{541797c com.tal.genie.push broadcastIntent}}) : type=2 triggerAtTime=14242425 win=0 tElapsed=14242425 maxElapsed=14542425 interval=0 flags=0x9
12-17 15:36:02.461 V/AlarmManager(  658): isAlarmNeedAlign : operation is null
12-17 15:36:02.461 I/chatty  (  658): uid=1000(system) Binder:658_C identical 3 lines
12-17 15:36:02.462 V/AlarmManager(  658): isAlarmNeedAlign : operation is null
12-17 15:36:10.453 V/AlarmManager(  658): set(PendingIntent{e03f667: PendingIntentRecord{76d7c14 com.tal.genie.push broadcastIntent}}) : type=2 triggerAtTime=14262426 win=0 tElapsed=14262426 maxElapsed=14562426 interval=0 flags=0x9
12-17 15:36:10.459 V/AlarmManager(  658): set(PendingIntent{e41cbd: PendingIntentRecord{91002b2 com.tal.genie.push broadcastIntent}}) : type=2 triggerAtTime=14250444 win=0 tElapsed=14250444 maxElapsed=14550444 interval=0 flags=0x9
12-17 15:36:10.481 V/AlarmManager(  658): isAlarmNeedAlign : operation is null
12-17 15:36:10.482 I/chatty  (  658): uid=1000(system) Binder:658_E identical 3 lines
12-17 15:36:10.482 V/AlarmManager(  658): isAlarmNeedAlign : operation is null
12-17 15:36:18.474 V/AlarmManager(  658): set(PendingIntent{1b72675: PendingIntentRecord{c31360a com.tal.genie.push broadcastIntent}}) : type=2 triggerAtTime=14270445 win=0 tElapsed=14270445 maxElapsed=14570445 interval=0 flags=0x9
12-17 15:36:18.479 V/AlarmManager(  658): set(PendingIntent{5273e7b: PendingIntentRecord{4e14498 com.tal.genie.push broadcastIntent}}) : type=2 triggerAtTime=14258463 win=0 tElapsed=14258463 maxElapsed=14558463 interval=0 flags=0x9
12-17 15:36:18.978 V/AlarmManager(  658): isAlarmNeedAlign : operation is null
12-17 15:36:18.978 I/chatty  (  658): uid=1000(system) Binder:658_E identical 3 lines
12-17 15:36:18.979 V/AlarmManager(  658): isAlarmNeedAlign : operation is null
12-17 15:36:26.492 V/AlarmManager(  658): set(PendingIntent{bc901f3: PendingIntentRecord{8200eb0 com.tal.genie.push broadcastIntent}}) : type=2 triggerAtTime=14278465 win=0 tElapsed=14278465 maxElapsed=14578465 interval=0 flags=0x9
12-17 15:36:26.496 V/AlarmManager(  658): set(PendingIntent{6401129: PendingIntentRecord{d37fcae com.tal.genie.push broadcastIntent}}) : type=2 triggerAtTime=14266481 win=0 tElapsed=14266481 maxElapsed=14566481 interval=0 flags=0x9
12-17 15:36:26.513 V/AlarmManager(  658): isAlarmNeedAlign : operation is null
12-17 15:36:26.513 I/chatty  (  658): uid=1000(system) Binder:658_C identical 3 lines
12-17 15:36:26.514 V/AlarmManager(  658): isAlarmNeedAlign : operation is null
12-17 15:36:28.425 E/storaged(  497): getDiskStats failed with result NOT_SUPPORTED and size 0
12-17 15:36:34.509 V/AlarmManager(  658): set(PendingIntent{1b7bc61: PendingIntentRecord{aa6f386 com.tal.genie.push broadcastIntent}}) : type=2 triggerAtTime=14286482 win=0 tElapsed=14286482 maxElapsed=14586482 interval=0 flags=0x9
12-17 15:36:34.513 V/AlarmManager(  658): set(PendingIntent{6ecb447: PendingIntentRecord{7a09474 com.tal.genie.push broadcastIntent}}) : type=2 triggerAtTime=14274498 win=0 tElapsed=14274498 maxElapsed=14574498 interval=0 flags=0x9
12-17 15:36:34.527 V/AlarmManager(  658): isAlarmNeedAlign : operation is null
12-17 15:36:34.527 I/chatty  (  658): uid=1000(system) Binder:658_E identical 3 lines
12-17 15:36:34.528 V/AlarmManager(  658): isAlarmNeedAlign : operation is null
12-17 15:36:42.524 V/AlarmManager(  658): set(PendingIntent{cf5e53f: PendingIntentRecord{e45fe0c com.tal.genie.push broadcastIntent}}) : type=2 triggerAtTime=14294500 win=0 tElapsed=14294500 maxElapsed=14594500 interval=0 flags=0x9
12-17 15:36:42.529 V/AlarmManager(  658): set(PendingIntent{7d0355: PendingIntentRecord{4fc816a com.tal.genie.push broadcastIntent}}) : type=2 triggerAtTime=14282514 win=0 tElapsed=14282514 maxElapsed=14582514 interval=0 flags=0x9
12-17 15:36:42.544 V/AlarmManager(  658): isAlarmNeedAlign : operation is null
12-17 15:36:42.545 I/chatty  (  658): uid=1000(system) Binder:658_E identical 3 lines
12-17 15:36:42.546 V/AlarmManager(  658): isAlarmNeedAlign : operation is null
12-17 15:36:50.543 V/AlarmManager(  658): set(PendingIntent{e83480d: PendingIntentRecord{4e7d3c2 com.tal.genie.push broadcastIntent}}) : type=2 triggerAtTime=14302514 win=0 tElapsed=14302514 maxElapsed=14602514 interval=0 flags=0x9
12-17 15:36:50.546 V/AlarmManager(  658): set(PendingIntent{34675d3: PendingIntentRecord{118a510 com.tal.genie.push broadcastIntent}}) : type=2 triggerAtTime=14290532 win=0 tElapsed=14290532 maxElapsed=14590532 interval=0 flags=0x9
12-17 15:36:50.562 V/AlarmManager(  658): isAlarmNeedAlign : operation is null
12-17 15:36:50.563 I/chatty  (  658): uid=1000(system) Binder:658_C identical 3 lines
12-17 15:36:50.563 V/AlarmManager(  658): isAlarmNeedAlign : operation is null
12-17 15:36:58.557 V/AlarmManager(  658): set(PendingIntent{dfccc4b: PendingIntentRecord{7e40628 com.tal.genie.push broadcastIntent}}) : type=2 triggerAtTime=14310532 win=0 tElapsed=14310532 maxElapsed=14610532 interval=0 flags=0x9
12-17 15:36:58.560 V/AlarmManager(  658): set(PendingIntent{e6ff41: PendingIntentRecord{166ace6 com.tal.genie.push broadcastIntent}}) : type=2 triggerAtTime=14298546 win=0 tElapsed=14298546 maxElapsed=14598546 interval=0 flags=0x9
12-17 15:36:58.574 V/AlarmManager(  658): isAlarmNeedAlign : operation is null
12-17 15:36:58.576 I/chatty  (  658): uid=1000(system) Binder:658_C identical 3 lines
12-17 15:36:58.576 V/AlarmManager(  658): isAlarmNeedAlign : operation is null
12-17 15:37:06.576 V/AlarmManager(  658): set(PendingIntent{88472be: PendingIntentRecord{84eef1f com.tal.genie.push broadcastIntent}}) : type=2 triggerAtTime=14318547 win=0 tElapsed=14318547 maxElapsed=14618547 interval=0 flags=0x9
12-17 15:37:06.577 V/AlarmManager(  658): set(PendingIntent{f2be712: PendingIntentRecord{50ee3 android broadcastIntent}}) : type=3 triggerAtTime=14351987 win=0 tElapsed=14351987 maxElapsed=14351987 interval=0 flags=0x1
12-17 15:37:06.582 V/AlarmManager(  658): set(PendingIntent{771726c: PendingIntentRecord{7b2d035 com.tal.genie.push broadcastIntent}}) : type=2 triggerAtTime=14306567 win=0 tElapsed=14306567 maxElapsed=14606567 interval=0 flags=0x9
12-17 15:37:06.599 V/AlarmManager(  658): isAlarmNeedAlign : operation is null
12-17 15:37:06.599 I/chatty  (  658): uid=1000(system) Binder:658_E identical 3 lines
12-17 15:37:06.601 V/AlarmManager(  658): isAlarmNeedAlign : operation is null
12-17 15:37:14.597 V/AlarmManager(  658): set(PendingIntent{a5a304: PendingIntentRecord{749d0ed com.tal.genie.push broadcastIntent}}) : type=2 triggerAtTime=14326569 win=0 tElapsed=14326569 maxElapsed=14626569 interval=0 flags=0x9
12-17 15:37:14.602 V/AlarmManager(  658): set(PendingIntent{c645b22: PendingIntentRecord{8cb59b3 com.tal.genie.push broadcastIntent}}) : type=2 triggerAtTime=14314587 win=0 tElapsed=14314587 maxElapsed=14614587 interval=0 flags=0x9
12-17 15:37:14.623 V/AlarmManager(  658): isAlarmNeedAlign : operation is null
12-17 15:37:14.623 I/chatty  (  658): uid=1000(system) Binder:658_9 identical 3 lines
12-17 15:37:14.624 V/AlarmManager(  658): isAlarmNeedAlign : operation is null
12-17 15:37:22.612 V/AlarmManager(  658): set(PendingIntent{bca2c7a: PendingIntentRecord{efe4c2b com.tal.genie.push broadcastIntent}}) : type=2 triggerAtTime=14334586 win=0 tElapsed=14334586 maxElapsed=14634586 interval=0 flags=0x9
12-17 15:37:22.616 V/AlarmManager(  658): set(PendingIntent{1bdb888: PendingIntentRecord{d313221 com.tal.genie.push broadcastIntent}}) : type=2 triggerAtTime=14322601 win=0 tElapsed=14322601 maxElapsed=14622601 interval=0 flags=0x9
12-17 15:37:22.638 V/AlarmManager(  658): isAlarmNeedAlign : operation is null
12-17 15:37:22.638 I/chatty  (  658): uid=1000(system) Binder:658_E identical 3 lines
12-17 15:37:22.639 V/AlarmManager(  658): isAlarmNeedAlign : operation is null
12-17 15:37:28.426 E/storaged(  497): getDiskStats failed with result NOT_SUPPORTED and size 0
12-17 15:37:30.631 V/AlarmManager(  658): set(PendingIntent{fb910a0: PendingIntentRecord{9d0459 com.tal.genie.push broadcastIntent}}) : type=2 triggerAtTime=14342602 win=0 tElapsed=14342602 maxElapsed=14642602 interval=0 flags=0x9
12-17 15:37:30.635 V/AlarmManager(  658): set(PendingIntent{4281e: PendingIntentRecord{b3268ff com.tal.genie.push broadcastIntent}}) : type=2 triggerAtTime=14330620 win=0 tElapsed=14330620 maxElapsed=14630620 interval=0 flags=0x9
12-17 15:37:30.653 V/AlarmManager(  658): isAlarmNeedAlign : operation is null
12-17 15:37:30.653 I/chatty  (  658): uid=1000(system) Binder:658_E identical 3 lines
12-17 15:37:30.654 V/AlarmManager(  658): isAlarmNeedAlign : operation is null
12-17 15:37:38.649 V/AlarmManager(  658): set(PendingIntent{7f1cf6: PendingIntentRecord{d3678f7 com.tal.genie.push broadcastIntent}}) : type=2 triggerAtTime=14350622 win=0 tElapsed=14350622 maxElapsed=14650622 interval=0 flags=0x9
12-17 15:37:38.652 V/AlarmManager(  658): set(PendingIntent{f16f364: PendingIntentRecord{e4649cd com.tal.genie.push broadcastIntent}}) : type=2 triggerAtTime=14338638 win=0 tElapsed=14338638 maxElapsed=14638638 interval=0 flags=0x9
12-17 15:37:38.666 V/AlarmManager(  658): isAlarmNeedAlign : operation is null
12-17 15:37:38.667 I/chatty  (  658): uid=1000(system) Binder:658_E identical 3 lines
12-17 15:37:38.667 V/AlarmManager(  658): isAlarmNeedAlign : operation is null
12-17 15:37:40.963 I/NetworkStatsRecorder(  658): recordSnapshotLocked: ident[[{type=WIFI, subType=COMBINED, networkId="TAL-Device", metered=false, defaultNetwork=true}]]
12-17 15:37:40.963 W/NetworkStatsRecorder(  658): unknown interfaces [lo], ignoring those stats
12-17 15:37:40.963 I/NetworkStatsRecorder(  658): recordSnapshotLocked: ident[[{type=WIFI, subType=COMBINED, networkId="TAL-Device", metered=false, defaultNetwork=true}]]
12-17 15:37:40.963 W/NetworkStatsRecorder(  658): unknown interfaces [lo], ignoring those stats
12-17 15:37:40.963 I/NetworkStatsRecorder(  658): recordSnapshotLocked: ident[[{type=WIFI, subType=COMBINED, networkId="TAL-Device", metered=false, defaultNetwork=true}]]
12-17 15:37:40.964 I/chatty  (  658): uid=1000(system) NetworkStats identical 2 lines
12-17 15:37:40.964 I/NetworkStatsRecorder(  658): recordSnapshotLocked: ident[[{type=WIFI, subType=COMBINED, networkId="TAL-Device", metered=false, defaultNetwork=true}]]
12-17 15:37:40.964 W/NetworkStatsRecorder(  658): unknown interfaces [lo], ignoring those stats
12-17 15:37:40.964 W/NetworkStatsRecorder(  658): unknown interfaces [lo], ignoring those stats
12-17 15:37:40.964 D/NetworkStatsRecorder(  658): forcePersistLocked() writing for dev
12-17 15:37:40.971 D/NetworkStatsRecorder(  658): forcePersistLocked() writing for xt
12-17 15:37:46.667 V/AlarmManager(  658): set(PendingIntent{66b4afc: PendingIntentRecord{76fe585 com.tal.genie.push broadcastIntent}}) : type=2 triggerAtTime=14358640 win=0 tElapsed=14358640 maxElapsed=14658640 interval=0 flags=0x9
12-17 15:37:46.670 V/AlarmManager(  658): set(PendingIntent{c716fda: PendingIntentRecord{8fd3c0b com.tal.genie.push broadcastIntent}}) : type=2 triggerAtTime=14346655 win=0 tElapsed=14346655 maxElapsed=14646655 interval=0 flags=0x9
12-17 15:37:46.686 V/AlarmManager(  658): isAlarmNeedAlign : operation is null
12-17 15:37:46.686 I/chatty  (  658): uid=1000(system) Binder:658_9 identical 3 lines
12-17 15:37:46.686 V/AlarmManager(  658): isAlarmNeedAlign : operation is null
12-17 15:37:54.681 V/AlarmManager(  658): set(PendingIntent{d5e2032: PendingIntentRecord{78f2183 com.tal.genie.push broadcastIntent}}) : type=2 triggerAtTime=14366657 win=0 tElapsed=14366657 maxElapsed=14666657 interval=0 flags=0x9
12-17 15:37:54.683 V/AlarmManager(  658): set(PendingIntent{2795f00: PendingIntentRecord{29fa339 com.tal.genie.push broadcastIntent}}) : type=2 triggerAtTime=14354669 win=0 tElapsed=14354669 maxElapsed=14654669 interval=0 flags=0x9
12-17 15:37:54.698 V/AlarmManager(  658): isAlarmNeedAlign : operation is null
12-17 15:37:54.699 I/chatty  (  658): uid=1000(system) Binder:658_E identical 3 lines
12-17 15:37:54.699 V/AlarmManager(  658): isAlarmNeedAlign : operation is null
12-17 15:38:02.699 V/AlarmManager(  658): set(PendingIntent{2158071: PendingIntentRecord{8b04e56 com.tal.genie.push broadcastIntent}}) : type=2 triggerAtTime=14374670 win=0 tElapsed=14374670 maxElapsed=14674670 interval=0 flags=0x9
12-17 15:38:02.700 V/AlarmManager(  658): set(PendingIntent{f2be712: PendingIntentRecord{50ee3 android broadcastIntent}}) : type=3 triggerAtTime=14411987 win=0 tElapsed=14411987 maxElapsed=14411987 interval=0 flags=0x1
12-17 15:38:02.704 V/AlarmManager(  658): set(PendingIntent{773bed7: PendingIntentRecord{1b7f3c4 com.tal.genie.push broadcastIntent}}) : type=2 triggerAtTime=14362689 win=0 tElapsed=14362689 maxElapsed=14662689 interval=0 flags=0x9
12-17 15:38:02.720 V/AlarmManager(  658): isAlarmNeedAlign : operation is null
12-17 15:38:02.721 I/chatty  (  658): uid=1000(system) Binder:658_C identical 3 lines
12-17 15:38:02.722 V/AlarmManager(  658): isAlarmNeedAlign : operation is null
12-17 15:38:10.718 V/AlarmManager(  658): set(PendingIntent{ee1b1cf: PendingIntentRecord{f5ff75c com.tal.genie.push broadcastIntent}}) : type=2 triggerAtTime=14382691 win=0 tElapsed=14382691 maxElapsed=14682691 interval=0 flags=0x9
12-17 15:38:10.722 V/AlarmManager(  658): set(PendingIntent{6628a65: PendingIntentRecord{d3de33a com.tal.genie.push broadcastIntent}}) : type=2 triggerAtTime=14370707 win=0 tElapsed=14370707 maxElapsed=14670707 interval=0 flags=0x9
12-17 15:38:10.740 V/AlarmManager(  658): isAlarmNeedAlign : operation is null
12-17 15:38:10.741 I/chatty  (  658): uid=1000(system) Binder:658_C identical 3 lines
12-17 15:38:10.742 V/AlarmManager(  658): isAlarmNeedAlign : operation is null
12-17 15:38:18.737 V/AlarmManager(  658): set(PendingIntent{a90a11d: PendingIntentRecord{a199f92 com.tal.genie.push broadcastIntent}}) : type=2 triggerAtTime=14390708 win=0 tElapsed=14390708 maxElapsed=14690708 interval=0 flags=0x9
12-17 15:38:18.742 V/AlarmManager(  658): set(PendingIntent{8739d63: PendingIntentRecord{c05d60 com.tal.genie.push broadcastIntent}}) : type=2 triggerAtTime=14378727 win=0 tElapsed=14378727 maxElapsed=14678727 interval=0 flags=0x9
12-17 15:38:18.758 V/AlarmManager(  658): isAlarmNeedAlign : operation is null
12-17 15:38:18.759 I/chatty  (  658): uid=1000(system) Binder:658_E identical 3 lines
12-17 15:38:18.760 V/AlarmManager(  658): isAlarmNeedAlign : operation is null
12-17 15:38:26.752 V/AlarmManager(  658): set(PendingIntent{59555db: PendingIntentRecord{3207878 com.tal.genie.push broadcastIntent}}) : type=2 triggerAtTime=14398728 win=0 tElapsed=14398728 maxElapsed=14698728 interval=0 flags=0x9
12-17 15:38:26.755 V/AlarmManager(  658): set(PendingIntent{e580b51: PendingIntentRecord{95afb6 com.tal.genie.push broadcastIntent}}) : type=2 triggerAtTime=14386740 win=0 tElapsed=14386740 maxElapsed=14686740 interval=0 flags=0x9
12-17 15:38:26.770 V/AlarmManager(  658): isAlarmNeedAlign : operation is null
12-17 15:38:26.770 I/chatty  (  658): uid=1000(system) Binder:658_C identical 3 lines
12-17 15:38:26.771 V/AlarmManager(  658): isAlarmNeedAlign : operation is null
12-17 15:38:28.427 E/storaged(  497): getDiskStats failed with result NOT_SUPPORTED and size 0
12-17 15:38:34.765 V/AlarmManager(  658): set(PendingIntent{c3fd389: PendingIntentRecord{e96ff8e com.tal.genie.push broadcastIntent}}) : type=2 triggerAtTime=14406741 win=0 tElapsed=14406741 maxElapsed=14706741 interval=0 flags=0x9
12-17 15:38:34.768 V/AlarmManager(  658): set(PendingIntent{dfc43af: PendingIntentRecord{96253bc com.tal.genie.push broadcastIntent}}) : type=2 triggerAtTime=14394753 win=0 tElapsed=14394753 maxElapsed=14694753 interval=0 flags=0x9
12-17 15:38:34.786 V/AlarmManager(  658): isAlarmNeedAlign : operation is null
12-17 15:38:34.786 I/chatty  (  658): uid=1000(system) Binder:658_E identical 3 lines
12-17 15:38:34.787 V/AlarmManager(  658): isAlarmNeedAlign : operation is null
12-17 15:38:42.782 V/AlarmManager(  658): set(PendingIntent{8aaf9a7: PendingIntentRecord{7075e54 com.tal.genie.push broadcastIntent}}) : type=2 triggerAtTime=14414754 win=0 tElapsed=14414754 maxElapsed=14714754 interval=0 flags=0x9
12-17 15:38:42.787 V/AlarmManager(  658): set(PendingIntent{5d8f1fd: PendingIntentRecord{dc84ef2 com.tal.genie.push broadcastIntent}}) : type=2 triggerAtTime=14402772 win=0 tElapsed=14402772 maxElapsed=14702772 interval=0 flags=0x9
12-17 15:38:42.803 V/AlarmManager(  658): isAlarmNeedAlign : operation is null
12-17 15:38:42.804 I/chatty  (  658): uid=1000(system) Binder:658_C identical 3 lines
12-17 15:38:42.804 V/AlarmManager(  658): isAlarmNeedAlign : operation is null
12-17 15:38:48.236 E/BatteryExternalStatsWorker(  658): no controller energy info supplied for wifi
12-17 15:38:48.237 E/BatteryExternalStatsWorker(  658): no controller energy info supplied for bluetooth
12-17 15:38:48.237 E/BatteryExternalStatsWorker(  658): no controller energy info supplied for telephony
12-17 15:38:48.240 E/KernelCpuSpeedReader(  658): Failed to read cpu-freq: /sys/devices/system/cpu/cpu0/cpufreq/stats/time_in_state (No such file or directory)
12-17 15:38:50.802 V/AlarmManager(  658): set(PendingIntent{34963b5: PendingIntentRecord{59eca4a com.tal.genie.push broadcastIntent}}) : type=2 triggerAtTime=14422773 win=0 tElapsed=14422773 maxElapsed=14722773 interval=0 flags=0x9
12-17 15:38:50.807 V/AlarmManager(  658): set(PendingIntent{57addbb: PendingIntentRecord{e8192d8 com.tal.genie.push broadcastIntent}}) : type=2 triggerAtTime=14410791 win=0 tElapsed=14410791 maxElapsed=14710791 interval=0 flags=0x9
12-17 15:38:50.823 V/AlarmManager(  658): isAlarmNeedAlign : operation is null
12-17 15:38:50.824 I/chatty  (  658): uid=1000(system) Binder:658_E identical 3 lines
12-17 15:38:50.825 V/AlarmManager(  658): isAlarmNeedAlign : operation is null
12-17 15:38:58.820 V/AlarmManager(  658): set(PendingIntent{8894933: PendingIntentRecord{733e4f0 com.tal.genie.push broadcastIntent}}) : type=2 triggerAtTime=14430793 win=0 tElapsed=14430793 maxElapsed=14730793 interval=0 flags=0x9
12-17 15:38:58.826 V/AlarmManager(  658): set(PendingIntent{279ca69: PendingIntentRecord{fbd5cee com.tal.genie.push broadcastIntent}}) : type=2 triggerAtTime=14418811 win=0 tElapsed=14418811 maxElapsed=14718811 interval=0 flags=0x9
12-17 15:38:58.847 V/AlarmManager(  658): isAlarmNeedAlign : operation is null
12-17 15:38:58.847 I/chatty  (  658): uid=1000(system) Binder:658_9 identical 3 lines
12-17 15:38:58.847 V/AlarmManager(  658): isAlarmNeedAlign : operation is null
12-17 15:39:06.843 V/AlarmManager(  658): set(PendingIntent{3f01bc6: PendingIntentRecord{6d65787 com.tal.genie.push broadcastIntent}}) : type=2 triggerAtTime=14438813 win=0 tElapsed=14438813 maxElapsed=14738813 interval=0 flags=0x9
12-17 15:39:06.844 V/AlarmManager(  658): set(PendingIntent{f2be712: PendingIntentRecord{50ee3 android broadcastIntent}}) : type=3 triggerAtTime=14471987 win=0 tElapsed=14471987 maxElapsed=14471987 interval=0 flags=0x1
12-17 15:39:06.847 V/AlarmManager(  658): set(PendingIntent{15896b4: PendingIntentRecord{3db32dd com.tal.genie.push broadcastIntent}}) : type=2 triggerAtTime=14426832 win=0 tElapsed=14426832 maxElapsed=14726832 interval=0 flags=0x9
12-17 15:39:06.863 V/AlarmManager(  658): isAlarmNeedAlign : operation is null
12-17 15:39:06.863 I/chatty  (  658): uid=1000(system) Binder:658_C identical 3 lines
12-17 15:39:06.864 V/AlarmManager(  658): isAlarmNeedAlign : operation is null
12-17 15:39:14.861 V/AlarmManager(  658): set(PendingIntent{a34084c: PendingIntentRecord{976e095 com.tal.genie.push broadcastIntent}}) : type=2 triggerAtTime=14446835 win=0 tElapsed=14446835 maxElapsed=14746835 interval=0 flags=0x9
12-17 15:39:14.865 V/AlarmManager(  658): set(PendingIntent{84935aa: PendingIntentRecord{101d59b com.tal.genie.push broadcastIntent}}) : type=2 triggerAtTime=14434850 win=0 tElapsed=14434850 maxElapsed=14734850 interval=0 flags=0x9
12-17 15:39:14.883 V/AlarmManager(  658): isAlarmNeedAlign : operation is null
12-17 15:39:14.884 I/chatty  (  658): uid=1000(system) Binder:658_E identical 3 lines
12-17 15:39:14.884 V/AlarmManager(  658): isAlarmNeedAlign : operation is null
12-17 15:39:22.883 V/AlarmManager(  658): set(PendingIntent{e0ed002: PendingIntentRecord{33b5d13 com.tal.genie.push broadcastIntent}}) : type=2 triggerAtTime=14454852 win=0 tElapsed=14454852 maxElapsed=14754852 interval=0 flags=0x9
12-17 15:39:22.888 V/AlarmManager(  658): set(PendingIntent{6549b50: PendingIntentRecord{938b149 com.tal.genie.push broadcastIntent}}) : type=2 triggerAtTime=14442871 win=0 tElapsed=14442871 maxElapsed=14742871 interval=0 flags=0x9
12-17 15:39:22.925 V/AlarmManager(  658): isAlarmNeedAlign : operation is null
12-17 15:39:22.926 I/chatty  (  658): uid=1000(system) Binder:658_E identical 3 lines
12-17 15:39:22.926 V/AlarmManager(  658): isAlarmNeedAlign : operation is null
12-17 15:39:28.427 E/storaged(  497): getDiskStats failed with result NOT_SUPPORTED and size 0
12-17 15:39:30.899 V/AlarmManager(  658): set(PendingIntent{5608468: PendingIntentRecord{2e04081 com.tal.genie.push broadcastIntent}}) : type=2 triggerAtTime=14462874 win=0 tElapsed=14462874 maxElapsed=14762874 interval=0 flags=0x9
12-17 15:39:30.904 V/AlarmManager(  658): set(PendingIntent{1e8f526: PendingIntentRecord{c462567 com.tal.genie.push broadcastIntent}}) : type=2 triggerAtTime=14450889 win=0 tElapsed=14450889 maxElapsed=14750889 interval=0 flags=0x9
12-17 15:39:30.919 V/AlarmManager(  658): isAlarmNeedAlign : operation is null
12-17 15:39:30.920 I/chatty  (  658): uid=1000(system) Binder:658_9 identical 3 lines
12-17 15:39:30.920 V/AlarmManager(  658): isAlarmNeedAlign : operation is null
12-17 15:39:33.297 I/NetworkStatsRecorder(  658): recordSnapshotLocked: ident[[{type=WIFI, subType=COMBINED, networkId="TAL-Device", metered=false, defaultNetwork=true}]]
12-17 15:39:33.298 W/NetworkStatsRecorder(  658): unknown interfaces [lo], ignoring those stats
12-17 15:39:33.298 I/NetworkStatsRecorder(  658): recordSnapshotLocked: ident[[{type=WIFI, subType=COMBINED, networkId="TAL-Device", metered=false, defaultNetwork=true}]]
12-17 15:39:33.298 W/NetworkStatsRecorder(  658): unknown interfaces [lo], ignoring those stats
12-17 15:39:33.298 I/NetworkStatsRecorder(  658): recordSnapshotLocked: ident[[{type=WIFI, subType=COMBINED, networkId="TAL-Device", metered=false, defaultNetwork=true}]]
12-17 15:39:33.298 I/chatty  (  658): uid=1000(system) NetworkStats identical 1 line
12-17 15:39:33.298 I/NetworkStatsRecorder(  658): recordSnapshotLocked: ident[[{type=WIFI, subType=COMBINED, networkId="TAL-Device", metered=false, defaultNetwork=true}]]
12-17 15:39:33.298 W/NetworkStatsRecorder(  658): unknown interfaces [lo], ignoring those stats
12-17 15:39:33.298 W/NetworkStatsRecorder(  658): unknown interfaces [lo], ignoring those stats
12-17 15:39:33.299 D/NetworkStatsRecorder(  658): forcePersistLocked() writing for uid
12-17 15:39:38.386 W/BroadcastQueue(  658): Background execution not allowed: receiving Intent { act=com.android.providers.media.ACTIVATE_MEDIAPROCESS flg=0x10 } to com.android.providers.media/.MtpReceiver
12-17 15:39:38.914 V/AlarmManager(  658): set(PendingIntent{bf77d12: PendingIntentRecord{e67ece3 com.tal.genie.push broadcastIntent}}) : type=2 triggerAtTime=14470890 win=0 tElapsed=14470890 maxElapsed=14770890 interval=0 flags=0x9
12-17 15:39:38.917 V/AlarmManager(  658): set(PendingIntent{6ff36e0: PendingIntentRecord{ea2cd99 com.tal.genie.push broadcastIntent}}) : type=2 triggerAtTime=14458902 win=0 tElapsed=14458902 maxElapsed=14758902 interval=0 flags=0x9
12-17 15:39:38.933 V/AlarmManager(  658): isAlarmNeedAlign : operation is null
12-17 15:39:38.934 I/chatty  (  658): uid=1000(system) Binder:658_E identical 3 lines
12-17 15:39:38.934 V/AlarmManager(  658): isAlarmNeedAlign : operation is null
12-17 15:39:46.927 V/AlarmManager(  658): set(PendingIntent{79dd4d3: PendingIntentRecord{33e1810 com.tal.genie.push broadcastIntent}}) : type=2 triggerAtTime=14478903 win=0 tElapsed=14478903 maxElapsed=14778903 interval=0 flags=0x9
12-17 15:39:46.930 V/AlarmManager(  658): set(PendingIntent{9254f09: PendingIntentRecord{ced950e com.tal.genie.push broadcastIntent}}) : type=2 triggerAtTime=14466916 win=0 tElapsed=14466916 maxElapsed=14766916 interval=0 flags=0x9
12-17 15:39:46.958 V/AlarmManager(  658): isAlarmNeedAlign : operation is null
12-17 15:39:46.959 I/chatty  (  658): uid=1000(system) Binder:658_E identical 3 lines
12-17 15:39:46.959 V/AlarmManager(  658): isAlarmNeedAlign : operation is null
12-17 15:39:54.945 V/AlarmManager(  658): set(PendingIntent{bab37e6: PendingIntentRecord{4d31127 com.tal.genie.push broadcastIntent}}) : type=2 triggerAtTime=14486917 win=0 tElapsed=14486917 maxElapsed=14786917 interval=0 flags=0x9
12-17 15:39:54.950 V/AlarmManager(  658): set(PendingIntent{8425fd4: PendingIntentRecord{f6d957d com.tal.genie.push broadcastIntent}}) : type=2 triggerAtTime=14474935 win=0 tElapsed=14474935 maxElapsed=14774935 interval=0 flags=0x9
12-17 15:39:54.967 V/AlarmManager(  658): isAlarmNeedAlign : operation is null
12-17 15:39:54.968 I/chatty  (  658): uid=1000(system) Binder:658_C identical 3 lines
12-17 15:39:54.969 V/AlarmManager(  658): isAlarmNeedAlign : operation is null
12-17 15:40:02.963 V/AlarmManager(  658): set(PendingIntent{f2be712: PendingIntentRecord{50ee3 android broadcastIntent}}) : type=3 triggerAtTime=14531987 win=0 tElapsed=14531987 maxElapsed=14531987 interval=0 flags=0x1
12-17 15:40:02.966 V/AlarmManager(  658): set(PendingIntent{f5ef735: PendingIntentRecord{2bf97ca com.tal.genie.push broadcastIntent}}) : type=2 triggerAtTime=14494936 win=0 tElapsed=14494936 maxElapsed=14794936 interval=0 flags=0x9
12-17 15:40:02.971 V/AlarmManager(  658): set(PendingIntent{c0f5d3b: PendingIntentRecord{794dc58 com.tal.genie.push broadcastIntent}}) : type=2 triggerAtTime=14482955 win=0 tElapsed=14482955 maxElapsed=14782955 interval=0 flags=0x9
12-17 15:40:02.984 V/AlarmManager(  658): isAlarmNeedAlign : operation is null
12-17 15:40:02.985 I/chatty  (  658): uid=1000(system) Binder:658_C identical 3 lines
12-17 15:40:02.985 V/AlarmManager(  658): isAlarmNeedAlign : operation is null
12-17 15:40:10.984 V/AlarmManager(  658): set(PendingIntent{e3e38b3: PendingIntentRecord{336de70 com.tal.genie.push broadcastIntent}}) : type=2 triggerAtTime=14502957 win=0 tElapsed=14502957 maxElapsed=14802957 interval=0 flags=0x9
12-17 15:40:10.988 V/AlarmManager(  658): set(PendingIntent{c305e9: PendingIntentRecord{a0cb26e com.tal.genie.push broadcastIntent}}) : type=2 triggerAtTime=14490973 win=0 tElapsed=14490973 maxElapsed=14790973 interval=0 flags=0x9
12-17 15:40:11.002 V/AlarmManager(  658): isAlarmNeedAlign : operation is null
12-17 15:40:11.004 I/chatty  (  658): uid=1000(system) Binder:658_9 identical 3 lines
12-17 15:40:11.005 V/AlarmManager(  658): isAlarmNeedAlign : operation is null
12-17 15:40:19.003 V/AlarmManager(  658): set(PendingIntent{98c8921: PendingIntentRecord{324a146 com.tal.genie.push broadcastIntent}}) : type=2 triggerAtTime=14510974 win=0 tElapsed=14510974 maxElapsed=14810974 interval=0 flags=0x9
12-17 15:40:19.007 V/AlarmManager(  658): set(PendingIntent{1e02f07: PendingIntentRecord{1325834 com.tal.genie.push broadcastIntent}}) : type=2 triggerAtTime=14498991 win=0 tElapsed=14498991 maxElapsed=14798991 interval=0 flags=0x9
12-17 15:40:19.027 V/AlarmManager(  658): isAlarmNeedAlign : operation is null
12-17 15:40:19.028 I/chatty  (  658): uid=1000(system) Binder:658_C identical 3 lines
12-17 15:40:19.028 V/AlarmManager(  658): isAlarmNeedAlign : operation is null
12-17 15:40:27.020 V/AlarmManager(  658): set(PendingIntent{605f7ff: PendingIntentRecord{5479cc com.tal.genie.push broadcastIntent}}) : type=2 triggerAtTime=14518993 win=0 tElapsed=14518993 maxElapsed=14818993 interval=0 flags=0x9
12-17 15:40:27.024 V/AlarmManager(  658): set(PendingIntent{dc3415: PendingIntentRecord{2dec32a com.tal.genie.push broadcastIntent}}) : type=2 triggerAtTime=14507009 win=0 tElapsed=14507009 maxElapsed=14807009 interval=0 flags=0x9
12-17 15:40:27.039 V/AlarmManager(  658): isAlarmNeedAlign : operation is null
12-17 15:40:27.039 I/chatty  (  658): uid=1000(system) Binder:658_9 identical 3 lines
12-17 15:40:27.040 V/AlarmManager(  658): isAlarmNeedAlign : operation is null
12-17 15:40:29.220 E/storaged(  497): getDiskStats failed with result NOT_SUPPORTED and size 0
12-17 15:40:35.037 V/AlarmManager(  658): set(PendingIntent{bffd0cd: PendingIntentRecord{9188d82 com.tal.genie.push broadcastIntent}}) : type=2 triggerAtTime=14527010 win=0 tElapsed=14527010 maxElapsed=14827010 interval=0 flags=0x9
12-17 15:40:35.042 V/AlarmManager(  658): set(PendingIntent{f1e0c93: PendingIntentRecord{45254d0 com.tal.genie.push broadcastIntent}}) : type=2 triggerAtTime=14515028 win=0 tElapsed=14515028 maxElapsed=14815028 interval=0 flags=0x9
12-17 15:40:35.058 V/AlarmManager(  658): isAlarmNeedAlign : operation is null
12-17 15:40:35.058 I/chatty  (  658): uid=1000(system) Binder:658_C identical 3 lines
12-17 15:40:35.059 V/AlarmManager(  658): isAlarmNeedAlign : operation is null
12-17 15:40:43.059 V/AlarmManager(  658): set(PendingIntent{4d87b0b: PendingIntentRecord{b2bede8 com.tal.genie.push broadcastIntent}}) : type=2 triggerAtTime=14535029 win=0 tElapsed=14535029 maxElapsed=14835029 interval=0 flags=0x9
12-17 15:40:43.064 V/AlarmManager(  658): set(PendingIntent{da12c01: PendingIntentRecord{2ce3aa6 com.tal.genie.push broadcastIntent}}) : type=2 triggerAtTime=14523048 win=0 tElapsed=14523048 maxElapsed=14823048 interval=0 flags=0x9
12-17 15:40:43.080 V/AlarmManager(  658): isAlarmNeedAlign : operation is null
12-17 15:40:43.081 I/chatty  (  658): uid=1000(system) Binder:658_C identical 3 lines
12-17 15:40:43.082 V/AlarmManager(  658): isAlarmNeedAlign : operation is null
12-17 15:40:51.072 V/AlarmManager(  658): isAlarmNeedAlign : operation is null
12-17 15:40:51.072 V/AlarmManager(  658): set(null) : type=3 triggerAtTime=15180000 win=0 tElapsed=15180000 maxElapsed=15180000 interval=0 flags=0x9
12-17 15:40:51.074 V/AlarmManager(  658): set(PendingIntent{165a39: PendingIntentRecord{a17f87e com.tal.genie.push broadcastIntent}}) : type=2 triggerAtTime=14543051 win=0 tElapsed=14543051 maxElapsed=14843051 interval=0 flags=0x9
12-17 15:40:51.076 V/AlarmManager(  658): set(PendingIntent{95f61df: PendingIntentRecord{ee8ce2c com.tal.genie.push broadcastIntent}}) : type=2 triggerAtTime=14531062 win=0 tElapsed=14531062 maxElapsed=14831062 interval=0 flags=0x9
12-17 15:40:51.090 V/AlarmManager(  658): isAlarmNeedAlign : operation is null
12-17 15:40:51.090 I/chatty  (  658): uid=1000(system) Binder:658_C identical 3 lines
12-17 15:40:51.091 V/AlarmManager(  658): isAlarmNeedAlign : operation is null
12-17 15:40:59.078 V/AlarmManager(  658): set(PendingIntent{9f960f5: PendingIntentRecord{d371e8a com.tal.genie.push broadcastIntent}}) : type=2 triggerAtTime=14551064 win=0 tElapsed=14551064 maxElapsed=14851064 interval=0 flags=0x9
12-17 15:40:59.081 V/AlarmManager(  658): set(PendingIntent{4823cfb: PendingIntentRecord{f2aa118 com.tal.genie.push broadcastIntent}}) : type=2 triggerAtTime=14539067 win=0 tElapsed=14539067 maxElapsed=14839067 interval=0 flags=0x9
12-17 15:40:59.098 V/AlarmManager(  658): isAlarmNeedAlign : operation is null
12-17 15:40:59.098 I/chatty  (  658): uid=1000(system) Binder:658_9 identical 3 lines
12-17 15:40:59.099 V/AlarmManager(  658): isAlarmNeedAlign : operation is null
12-17 15:41:07.096 V/AlarmManager(  658): set(PendingIntent{f2be712: PendingIntentRecord{50ee3 android broadcastIntent}}) : type=3 triggerAtTime=14591988 win=0 tElapsed=14591988 maxElapsed=14591988 interval=0 flags=0x1
12-17 15:41:07.098 V/AlarmManager(  658): set(PendingIntent{da87b30: PendingIntentRecord{d6543a9 com.tal.genie.push broadcastIntent}}) : type=2 triggerAtTime=14559070 win=0 tElapsed=14559070 maxElapsed=14859070 interval=0 flags=0x9
12-17 15:41:07.103 V/AlarmManager(  658): set(PendingIntent{c717d2e: PendingIntentRecord{a80cf com.tal.genie.push broadcastIntent}}) : type=2 triggerAtTime=14547088 win=0 tElapsed=14547088 maxElapsed=14847088 interval=0 flags=0x9
12-17 15:41:07.119 V/AlarmManager(  658): isAlarmNeedAlign : operation is null
12-17 15:41:07.120 I/chatty  (  658): uid=1000(system) Binder:658_9 identical 3 lines
12-17 15:41:07.121 V/AlarmManager(  658): isAlarmNeedAlign : operation is null
12-17 15:41:15.119 V/AlarmManager(  658): set(PendingIntent{6800406: PendingIntentRecord{85fbac7 com.tal.genie.push broadcastIntent}}) : type=2 triggerAtTime=14567090 win=0 tElapsed=14567090 maxElapsed=14867090 interval=0 flags=0x9
12-17 15:41:15.123 V/AlarmManager(  658): set(PendingIntent{89558f4: PendingIntentRecord{969681d com.tal.genie.push broadcastIntent}}) : type=2 triggerAtTime=14555107 win=0 tElapsed=14555107 maxElapsed=14855107 interval=0 flags=0x9
12-17 15:41:15.139 V/AlarmManager(  658): isAlarmNeedAlign : operation is null
12-17 15:41:15.140 I/chatty  (  658): uid=1000(system) Binder:658_9 identical 3 lines
12-17 15:41:15.140 V/AlarmManager(  658): isAlarmNeedAlign : operation is null
12-17 15:41:23.133 V/AlarmManager(  658): set(PendingIntent{77ed28c: PendingIntentRecord{96e7dd5 com.tal.genie.push broadcastIntent}}) : type=2 triggerAtTime=14575108 win=0 tElapsed=14575108 maxElapsed=14875108 interval=0 flags=0x9
12-17 15:41:23.136 V/AlarmManager(  658): set(PendingIntent{620a9ea: PendingIntentRecord{4a9d4db com.tal.genie.push broadcastIntent}}) : type=2 triggerAtTime=14563122 win=0 tElapsed=14563122 maxElapsed=14863122 interval=0 flags=0x9
12-17 15:41:23.148 V/AlarmManager(  658): isAlarmNeedAlign : operation is null
12-17 15:41:23.149 I/chatty  (  658): uid=1000(system) Binder:658_E identical 3 lines
12-17 15:41:23.150 V/AlarmManager(  658): isAlarmNeedAlign : operation is null
12-17 15:41:29.220 E/storaged(  497): getDiskStats failed with result NOT_SUPPORTED and size 0
12-17 15:41:31.151 V/AlarmManager(  658): set(PendingIntent{fd9928d: PendingIntentRecord{588c42 com.tal.genie.push broadcastIntent}}) : type=2 triggerAtTime=14583122 win=0 tElapsed=14583122 maxElapsed=14883122 interval=0 flags=0x9
12-17 15:41:31.156 V/AlarmManager(  658): set(PendingIntent{2515190: PendingIntentRecord{8d9ca89 com.tal.genie.push broadcastIntent}}) : type=2 triggerAtTime=14571140 win=0 tElapsed=14571140 maxElapsed=14871140 interval=0 flags=0x9
12-17 15:41:31.173 V/AlarmManager(  658): isAlarmNeedAlign : operation is null
12-17 15:41:31.174 I/chatty  (  658): uid=1000(system) Binder:658_9 identical 3 lines
12-17 15:41:31.175 V/AlarmManager(  658): isAlarmNeedAlign : operation is null
12-17 15:41:39.164 V/AlarmManager(  658): set(PendingIntent{8f5c2a8: PendingIntentRecord{7e341c1 com.tal.genie.push broadcastIntent}}) : type=2 triggerAtTime=14591141 win=0 tElapsed=14591141 maxElapsed=14891141 interval=0 flags=0x9
12-17 15:41:39.167 V/AlarmManager(  658): set(PendingIntent{611fd66: PendingIntentRecord{3c228a7 com.tal.genie.push broadcastIntent}}) : type=2 triggerAtTime=14579152 win=0 tElapsed=14579152 maxElapsed=14879152 interval=0 flags=0x9
12-17 15:41:39.185 V/AlarmManager(  658): isAlarmNeedAlign : operation is null
12-17 15:41:39.185 I/chatty  (  658): uid=1000(system) Binder:658_9 identical 3 lines
12-17 15:41:39.186 V/AlarmManager(  658): isAlarmNeedAlign : operation is null
12-17 15:41:47.179 V/AlarmManager(  658): set(PendingIntent{c39533e: PendingIntentRecord{bb9859f com.tal.genie.push broadcastIntent}}) : type=2 triggerAtTime=14599153 win=0 tElapsed=14599153 maxElapsed=14899153 interval=0 flags=0x9
12-17 15:41:47.182 V/AlarmManager(  658): set(PendingIntent{cae86ec: PendingIntentRecord{9f38ab5 com.tal.genie.push broadcastIntent}}) : type=2 triggerAtTime=14587167 win=0 tElapsed=14587167 maxElapsed=14887167 interval=0 flags=0x9
12-17 15:41:47.197 V/AlarmManager(  658): isAlarmNeedAlign : operation is null
12-17 15:41:47.198 I/chatty  (  658): uid=1000(system) Binder:658_9 identical 3 lines
12-17 15:41:47.199 V/AlarmManager(  658): isAlarmNeedAlign : operation is null
12-17 15:41:55.193 V/AlarmManager(  658): set(PendingIntent{4e0c784: PendingIntentRecord{4975b6d com.tal.genie.push broadcastIntent}}) : type=2 triggerAtTime=14607169 win=0 tElapsed=14607169 maxElapsed=14907169 interval=0 flags=0x9
12-17 15:41:55.196 V/AlarmManager(  658): set(PendingIntent{59b53a2: PendingIntentRecord{7ea2833 com.tal.genie.push broadcastIntent}}) : type=2 triggerAtTime=14595182 win=0 tElapsed=14595182 maxElapsed=14895182 interval=0 flags=0x9
12-17 15:41:55.211 V/AlarmManager(  658): isAlarmNeedAlign : operation is null
12-17 15:41:55.212 I/chatty  (  658): uid=1000(system) Binder:658_E identical 3 lines
12-17 15:41:55.212 V/AlarmManager(  658): isAlarmNeedAlign : operation is null
12-17 15:42:03.208 V/AlarmManager(  658): set(PendingIntent{4d7b4fa: PendingIntentRecord{c586aab com.tal.genie.push broadcastIntent}}) : type=2 triggerAtTime=14615183 win=0 tElapsed=14615183 maxElapsed=14915183 interval=0 flags=0x9
12-17 15:42:03.209 V/AlarmManager(  658): set(PendingIntent{f2be712: PendingIntentRecord{50ee3 android broadcastIntent}}) : type=3 triggerAtTime=14651987 win=0 tElapsed=14651987 maxElapsed=14651987 interval=0 flags=0x1
12-17 15:42:03.213 V/AlarmManager(  658): set(PendingIntent{a80b4a1: PendingIntentRecord{55c26c6 com.tal.genie.push broadcastIntent}}) : type=2 triggerAtTime=14603199 win=0 tElapsed=14603199 maxElapsed=14903199 interval=0 flags=0x9
12-17 15:42:03.227 V/AlarmManager(  658): isAlarmNeedAlign : operation is null
12-17 15:42:03.228 I/chatty  (  658): uid=1000(system) Binder:658_E identical 3 lines
12-17 15:42:03.228 V/AlarmManager(  658): isAlarmNeedAlign : operation is null
12-17 15:42:11.221 V/AlarmManager(  658): set(PendingIntent{30a56d9: PendingIntentRecord{6b3489e com.tal.genie.push broadcastIntent}}) : type=2 triggerAtTime=14623200 win=0 tElapsed=14623200 maxElapsed=14923200 interval=0 flags=0x9
12-17 15:42:11.224 V/AlarmManager(  658): set(PendingIntent{2aa3f7f: PendingIntentRecord{d0feb4c com.tal.genie.push broadcastIntent}}) : type=2 triggerAtTime=14611209 win=0 tElapsed=14611209 maxElapsed=14911209 interval=0 flags=0x9
12-17 15:42:11.237 V/AlarmManager(  658): isAlarmNeedAlign : operation is null
12-17 15:42:11.237 I/chatty  (  658): uid=1000(system) Binder:658_E identical 3 lines
12-17 15:42:11.237 V/AlarmManager(  658): isAlarmNeedAlign : operation is null
12-17 15:42:19.234 V/AlarmManager(  658): set(PendingIntent{4029f77: PendingIntentRecord{ebe57e4 com.tal.genie.push broadcastIntent}}) : type=2 triggerAtTime=14631210 win=0 tElapsed=14631210 maxElapsed=14931210 interval=0 flags=0x9
12-17 15:42:19.236 V/AlarmManager(  658): set(PendingIntent{42b144d: PendingIntentRecord{7154b02 com.tal.genie.push broadcastIntent}}) : type=2 triggerAtTime=14619222 win=0 tElapsed=14619222 maxElapsed=14919222 interval=0 flags=0x9
12-17 15:42:19.250 V/AlarmManager(  658): isAlarmNeedAlign : operation is null
12-17 15:42:19.250 I/chatty  (  658): uid=1000(system) Binder:658_E identical 3 lines
12-17 15:42:19.251 V/AlarmManager(  658): isAlarmNeedAlign : operation is null
12-17 15:42:27.246 V/AlarmManager(  658): set(PendingIntent{6d38005: PendingIntentRecord{1ed385a com.tal.genie.push broadcastIntent}}) : type=2 triggerAtTime=14639223 win=0 tElapsed=14639223 maxElapsed=14939223 interval=0 flags=0x9
12-17 15:42:27.250 V/AlarmManager(  658): set(PendingIntent{8c89a8b: PendingIntentRecord{f025768 com.tal.genie.push broadcastIntent}}) : type=2 triggerAtTime=14627235 win=0 tElapsed=14627235 maxElapsed=14927235 interval=0 flags=0x9
12-17 15:42:27.267 V/AlarmManager(  658): isAlarmNeedAlign : operation is null
12-17 15:42:27.267 I/chatty  (  658): uid=1000(system) Binder:658_E identical 3 lines
12-17 15:42:27.268 V/AlarmManager(  658): isAlarmNeedAlign : operation is null
12-17 15:42:29.221 E/storaged(  497): getDiskStats failed with result NOT_SUPPORTED and size 0
12-17 15:42:35.265 V/AlarmManager(  658): set(PendingIntent{c97d003: PendingIntentRecord{356ab80 com.tal.genie.push broadcastIntent}}) : type=2 triggerAtTime=14647236 win=0 tElapsed=14647236 maxElapsed=14947236 interval=0 flags=0x9
12-17 15:42:35.270 V/AlarmManager(  658): set(PendingIntent{92835b9: PendingIntentRecord{c936dfe com.tal.genie.push broadcastIntent}}) : type=2 triggerAtTime=14635254 win=0 tElapsed=14635254 maxElapsed=14935254 interval=0 flags=0x9
12-17 15:42:35.287 V/AlarmManager(  658): isAlarmNeedAlign : operation is null
12-17 15:42:35.287 I/chatty  (  658): uid=1000(system) Binder:658_C identical 3 lines
12-17 15:42:35.288 V/AlarmManager(  658): isAlarmNeedAlign : operation is null
12-17 15:42:43.282 V/AlarmManager(  658): set(PendingIntent{9cde2f1: PendingIntentRecord{f353ed6 com.tal.genie.push broadcastIntent}}) : type=2 triggerAtTime=14655255 win=0 tElapsed=14655255 maxElapsed=14955255 interval=0 flags=0x9
12-17 15:42:43.286 V/AlarmManager(  658): set(PendingIntent{2552557: PendingIntentRecord{7eb9844 com.tal.genie.push broadcastIntent}}) : type=2 triggerAtTime=14643271 win=0 tElapsed=14643271 maxElapsed=14943271 interval=0 flags=0x9
12-17 15:42:43.306 V/AlarmManager(  658): isAlarmNeedAlign : operation is null
12-17 15:42:43.306 I/chatty  (  658): uid=1000(system) Binder:658_E identical 3 lines
12-17 15:42:43.307 V/AlarmManager(  658): isAlarmNeedAlign : operation is null
12-17 15:42:51.298 V/AlarmManager(  658): set(PendingIntent{ab9684f: PendingIntentRecord{ad3abdc com.tal.genie.push broadcastIntent}}) : type=2 triggerAtTime=14663272 win=0 tElapsed=14663272 maxElapsed=14963272 interval=0 flags=0x9
12-17 15:42:51.303 V/AlarmManager(  658): set(PendingIntent{2a564e5: PendingIntentRecord{347ebba com.tal.genie.push broadcastIntent}}) : type=2 triggerAtTime=14651287 win=0 tElapsed=14651287 maxElapsed=14951287 interval=0 flags=0x9
12-17 15:42:51.316 V/AlarmManager(  658): isAlarmNeedAlign : operation is null
12-17 15:42:51.317 I/chatty  (  658): uid=1000(system) Binder:658_E identical 3 lines
12-17 15:42:51.317 V/AlarmManager(  658): isAlarmNeedAlign : operation is null
12-17 15:42:59.313 V/AlarmManager(  658): set(PendingIntent{c044b9d: PendingIntentRecord{54c3812 com.tal.genie.push broadcastIntent}}) : type=2 triggerAtTime=14671289 win=0 tElapsed=14671289 maxElapsed=14971289 interval=0 flags=0x9
12-17 15:42:59.317 V/AlarmManager(  658): set(PendingIntent{a758be3: PendingIntentRecord{93de9e0 com.tal.genie.push broadcastIntent}}) : type=2 triggerAtTime=14659303 win=0 tElapsed=14659303 maxElapsed=14959303 interval=0 flags=0x9
12-17 15:42:59.332 V/AlarmManager(  658): isAlarmNeedAlign : operation is null
12-17 15:42:59.333 I/chatty  (  658): uid=1000(system) Binder:658_E identical 3 lines
12-17 15:42:59.333 V/AlarmManager(  658): isAlarmNeedAlign : operation is null
12-17 15:43:07.330 V/AlarmManager(  658): set(PendingIntent{f2be712: PendingIntentRecord{50ee3 android broadcastIntent}}) : type=3 triggerAtTime=14711987 win=0 tElapsed=14711987 maxElapsed=14711987 interval=0 flags=0x1
12-17 15:43:07.333 V/AlarmManager(  658): set(PendingIntent{33314f8: PendingIntentRecord{cf3add1 com.tal.genie.push broadcastIntent}}) : type=2 triggerAtTime=14679305 win=0 tElapsed=14679305 maxElapsed=14979305 interval=0 flags=0x9
12-17 15:43:07.339 V/AlarmManager(  658): set(PendingIntent{35ce036: PendingIntentRecord{aa01b37 com.tal.genie.push broadcastIntent}}) : type=2 triggerAtTime=14667321 win=0 tElapsed=14667321 maxElapsed=14967321 interval=0 flags=0x9
12-17 15:43:07.353 V/AlarmManager(  658): isAlarmNeedAlign : operation is null
12-17 15:43:07.358 I/chatty  (  658): uid=1000(system) Binder:658_9 identical 3 lines
12-17 15:43:07.358 V/AlarmManager(  658): isAlarmNeedAlign : operation is null
12-17 15:43:15.346 V/AlarmManager(  658): set(PendingIntent{c03c00e: PendingIntentRecord{af13a2f com.tal.genie.push broadcastIntent}}) : type=2 triggerAtTime=14687322 win=0 tElapsed=14687322 maxElapsed=14987322 interval=0 flags=0x9
12-17 15:43:15.349 V/AlarmManager(  658): set(PendingIntent{7ca483c: PendingIntentRecord{d8b39c5 com.tal.genie.push broadcastIntent}}) : type=2 triggerAtTime=14675335 win=0 tElapsed=14675335 maxElapsed=14975335 interval=0 flags=0x9
12-17 15:43:15.366 V/AlarmManager(  658): isAlarmNeedAlign : operation is null
12-17 15:43:15.366 I/chatty  (  658): uid=1000(system) Binder:658_9 identical 3 lines
12-17 15:43:15.367 V/AlarmManager(  658): isAlarmNeedAlign : operation is null
12-17 15:43:23.360 V/AlarmManager(  658): set(PendingIntent{2e962d4: PendingIntentRecord{d73dc7d com.tal.genie.push broadcastIntent}}) : type=2 triggerAtTime=14695335 win=0 tElapsed=14695335 maxElapsed=14995335 interval=0 flags=0x9
