12-15 16:26:19.799 E/KernelCpuSpeedReader(  628): Failed to read cpu-freq: /sys/devices/system/cpu/cpu0/cpufreq/stats/time_in_state (No such file or directory)
12-15 16:26:20.199 W/ContextImpl( 3315): Calling a method in the system process without a qualified user: android.app.ContextImpl.startService:1532 android.content.ContextWrapper.startService:664 android.app.Activity.onEnterAnimationComplete:6662 android.app.Activity.dispatchEnterAnimationComplete:6673 android.app.ActivityThread.handleEnterAnimationComplete:3275 
12-15 16:26:20.634 W/ContextImpl( 3315): Calling a method in the system process without a qualified user: android.app.ContextImpl.startService:1532 android.content.ContextWrapper.startService:664 android.content.ContextWrapper.startService:664 com.android.internal.policy.DecorView.dispatchTouchEvent:422 android.view.View.dispatchPointerEvent:12808 
12-15 16:26:20.670 W/ContextImpl( 3315): Calling a method in the system process without a qualified user: android.app.ContextImpl.startService:1532 android.content.ContextWrapper.startService:664 android.content.ContextWrapper.startService:664 com.android.internal.policy.DecorView.dispatchTouchEvent:422 android.view.View.dispatchPointerEvent:12808 
12-15 16:26:20.727 I/WindowManager(  628): Focus moving from Window{6a7d4cb u0 com.android.settings/com.android.settings.Settings} to Window{2d05942 u0 com.android.systemui}
12-15 16:26:20.736 I/WindowManager(  628): Focus moving from Window{2d05942 u0 com.android.systemui} to Window{b19bb89 u0 com.android.systemui}
12-15 16:26:20.740 W/ContextImpl( 3315): Calling a method in the system process without a qualified user: android.app.ContextImpl.startService:1532 android.content.ContextWrapper.startService:664 android.content.ContextWrapper.startService:664 com.android.internal.policy.DecorView.dispatchTouchEvent:422 android.view.View.dispatchPointerEvent:12808 
12-15 16:26:20.793 I/chatty  ( 3315): uid=1000(system) com.android.settings identical 3 lines
12-15 16:26:20.810 W/ContextImpl( 3315): Calling a method in the system process without a qualified user: android.app.ContextImpl.startService:1532 android.content.ContextWrapper.startService:664 android.content.ContextWrapper.startService:664 com.android.internal.policy.DecorView.dispatchTouchEvent:422 android.view.View.dispatchPointerEvent:12808 
12-15 16:26:20.821 I/WindowManager(  628): Losing delayed focus: Window{6a7d4cb u0 com.android.settings/com.android.settings.Settings}
12-15 16:26:20.821 I/WindowManager(  628): Losing delayed focus: Window{2d05942 u0 com.android.systemui}
12-15 16:26:20.828 W/ContextImpl( 3315): Calling a method in the system process without a qualified user: android.app.ContextImpl.startService:1532 android.content.ContextWrapper.startService:664 android.content.ContextWrapper.startService:664 com.android.internal.policy.DecorView.dispatchTouchEvent:422 android.view.View.dispatchPointerEvent:12808 
12-15 16:26:20.842 I/chatty  ( 3315): uid=1000(system) com.android.settings identical 1 line
12-15 16:26:20.845 W/ContextImpl( 3315): Calling a method in the system process without a qualified user: android.app.ContextImpl.startService:1532 android.content.ContextWrapper.startService:664 android.content.ContextWrapper.startService:664 com.android.internal.policy.DecorView.dispatchTouchEvent:422 android.view.View.dispatchPointerEvent:12808 
12-15 16:26:22.871 I/WindowManager(  628): Focus moving from Window{b19bb89 u0 com.android.systemui} to Window{6a7d4cb u0 com.android.settings/com.android.settings.Settings}
12-15 16:26:23.333 W/ContextImpl( 3315): Calling a method in the system process without a qualified user: android.app.ContextImpl.sendBroadcast:1006 android.content.ContextWrapper.sendBroadcast:444 android.view.View.dispatchTouchEvent:12526 android.view.ViewGroup.dispatchTransformedTouchEvent:3077 android.view.ViewGroup.dispatchTouchEvent:2727 
12-15 16:26:23.787 W/ContextImpl( 3315): Calling a method in the system process without a qualified user: android.app.ContextImpl.startService:1532 android.content.ContextWrapper.startService:664 android.content.ContextWrapper.startService:664 com.android.internal.policy.DecorView.dispatchTouchEvent:422 android.view.View.dispatchPointerEvent:12808 
12-15 16:26:24.595 I/chatty  ( 3315): uid=1000(system) com.android.settings identical 6 lines
12-15 16:26:24.609 W/ContextImpl( 3315): Calling a method in the system process without a qualified user: android.app.ContextImpl.startService:1532 android.content.ContextWrapper.startService:664 android.content.ContextWrapper.startService:664 com.android.internal.policy.DecorView.dispatchTouchEvent:422 android.view.View.dispatchPointerEvent:12808 
12-15 16:26:24.610 I/WindowManager(  628): Focus moving from Window{6a7d4cb u0 com.android.settings/com.android.settings.Settings} to Window{5fda0a2 u0 com.android.systemui}
12-15 16:26:24.612 W/ContextImpl( 3315): Calling a method in the system process without a qualified user: android.app.ContextImpl.startService:1532 android.content.ContextWrapper.startService:664 android.content.ContextWrapper.startService:664 com.android.internal.policy.DecorView.dispatchTouchEvent:422 android.view.View.dispatchPointerEvent:12808 
12-15 16:26:24.621 I/WindowManager(  628): Focus moving from Window{5fda0a2 u0 com.android.systemui} to Window{467b269 u0 com.android.systemui}
12-15 16:26:24.693 I/WindowManager(  628): Losing delayed focus: Window{6a7d4cb u0 com.android.settings/com.android.settings.Settings}
12-15 16:26:24.694 I/WindowManager(  628): Losing delayed focus: Window{5fda0a2 u0 com.android.systemui}
12-15 16:26:27.063 I/ActivityManager(  628): START u0 {flg=0x30000000 cmp=com.example.myapplication2/.MainActivity} from uid 10020
12-15 16:26:27.095 W/WindowManager(  628): Attempted to add application window with unknown token Token{7d13853 ActivityRecord{eb21042 u0 com.example.myapplication2/.PWDActivity t-1 f}}.  Aborting.
12-15 16:26:27.105 I/ActivityManager(  628): Start proc 4354:com.example.myapplication2/1000 for activity com.example.myapplication2/.MainActivity
12-15 16:26:27.221 I/WindowManager(  628): Focus moving from Window{467b269 u0 com.android.systemui} to null
12-15 16:26:27.310 W/ContextImpl( 3315): Calling a method in the system process without a qualified user: android.app.ContextImpl.sendBroadcast:1006 android.content.ContextWrapper.sendBroadcast:444 android.view.View.dispatchTouchEvent:12526 android.view.ViewGroup.dispatchTransformedTouchEvent:3083 android.view.ViewGroup.dispatchTouchEvent:2684 
12-15 16:26:27.429 I/ActivityManager(  628): START u0 {flg=0x8000 cmp=com.android.settings/.Settings$DisplaySettingsActivity (has extras)} from uid 1000
12-15 16:26:27.547 I/WindowManager(  628): Relayout Window{d089c3f u0 com.example.myapplication2/com.example.myapplication2.MainActivity}: oldVis=4 newVis=0 focusMayChange = true
12-15 16:26:27.572 E/UserRestrictionsUtils(  628): Unknown restriction: null
12-15 16:26:27.577 E/UserRestrictionsUtils(  628): Unknown restriction: null
12-15 16:26:27.706 I/WindowManager(  628): Relayout Window{7ae3c1a u0 com.android.settings/com.android.settings.Settings$DisplaySettingsActivity}: oldVis=4 newVis=0 focusMayChange = true
12-15 16:26:27.713 I/WindowManager(  628): Focus moving from null to Window{7ae3c1a u0 com.android.settings/com.android.settings.Settings$DisplaySettingsActivity}
12-15 16:26:27.798 W/WindowManager(  628): Failed looking up window callers=com.android.server.wm.WindowManagerService.windowForClientLocked:5599 com.android.server.wm.WindowManagerService.removeWindow:1675 com.android.server.wm.Session.remove:226 
12-15 16:26:27.848 W/ContextImpl( 3315): Calling a method in the system process without a qualified user: android.app.ContextImpl.startService:1532 android.content.ContextWrapper.startService:664 android.app.Activity.onEnterAnimationComplete:6662 android.app.Activity.dispatchEnterAnimationComplete:6673 android.app.ActivityThread.handleEnterAnimationComplete:3275 
12-15 16:26:29.253 W/ContextImpl( 3315): Calling a method in the system process without a qualified user: android.app.ContextImpl.sendBroadcast:1006 android.content.ContextWrapper.sendBroadcast:444 android.content.ContextWrapper.sendBroadcast:444 android.view.View.dispatchTouchEvent:12526 android.view.ViewGroup.dispatchTransformedTouchEvent:3083 
12-15 16:26:29.370 I/WindowManager(  628): Focus moving from Window{7ae3c1a u0 com.android.settings/com.android.settings.Settings$DisplaySettingsActivity} to null
12-15 16:26:29.403 I/WindowManager(  628): Relayout Window{6a7d4cb u0 com.android.settings/com.android.settings.Settings}: oldVis=8 newVis=0 focusMayChange = true
12-15 16:26:29.407 I/WindowManager(  628): Focus moving from null to Window{6a7d4cb u0 com.android.settings/com.android.settings.Settings}
12-15 16:26:29.455 E/BatteryExternalStatsWorker(  628): no controller energy info supplied for wifi
12-15 16:26:29.455 E/BatteryExternalStatsWorker(  628): no controller energy info supplied for bluetooth
12-15 16:26:29.455 E/BatteryExternalStatsWorker(  628): no controller energy info supplied for telephony
12-15 16:26:29.455 E/KernelCpuSpeedReader(  628): Failed to read cpu-freq: /sys/devices/system/cpu/cpu0/cpufreq/stats/time_in_state (No such file or directory)
12-15 16:26:29.901 W/ContextImpl( 3315): Calling a method in the system process without a qualified user: android.app.ContextImpl.startService:1532 android.content.ContextWrapper.startService:664 android.app.Activity.onEnterAnimationComplete:6662 android.app.Activity.dispatchEnterAnimationComplete:6673 android.app.ActivityThread.handleEnterAnimationComplete:3275 
12-15 16:26:30.341 W/ContextImpl( 3315): Calling a method in the system process without a qualified user: android.app.ContextImpl.startService:1532 android.content.ContextWrapper.startService:664 android.content.ContextWrapper.startService:664 com.android.internal.policy.DecorView.dispatchTouchEvent:422 android.view.View.dispatchPointerEvent:12808 
12-15 16:26:30.430 I/chatty  ( 3315): uid=1000(system) com.android.settings identical 3 lines
12-15 16:26:30.448 W/ContextImpl( 3315): Calling a method in the system process without a qualified user: android.app.ContextImpl.startService:1532 android.content.ContextWrapper.startService:664 android.content.ContextWrapper.startService:664 com.android.internal.policy.DecorView.dispatchTouchEvent:422 android.view.View.dispatchPointerEvent:12808 
12-15 16:26:30.449 I/WindowManager(  628): Focus moving from Window{6a7d4cb u0 com.android.settings/com.android.settings.Settings} to Window{bbd582 u0 com.android.systemui}
12-15 16:26:30.456 I/WindowManager(  628): Focus moving from Window{bbd582 u0 com.android.systemui} to Window{d1794c9 u0 com.android.systemui}
12-15 16:26:30.466 W/ContextImpl( 3315): Calling a method in the system process without a qualified user: android.app.ContextImpl.startService:1532 android.content.ContextWrapper.startService:664 android.content.ContextWrapper.startService:664 com.android.internal.policy.DecorView.dispatchTouchEvent:422 android.view.View.dispatchPointerEvent:12808 
12-15 16:26:30.498 I/chatty  ( 3315): uid=1000(system) com.android.settings identical 2 lines
12-15 16:26:30.502 W/ContextImpl( 3315): Calling a method in the system process without a qualified user: android.app.ContextImpl.startService:1532 android.content.ContextWrapper.startService:664 android.content.ContextWrapper.startService:664 com.android.internal.policy.DecorView.dispatchTouchEvent:422 android.view.View.dispatchPointerEvent:12808 
12-15 16:26:30.532 I/WindowManager(  628): Losing delayed focus: Window{6a7d4cb u0 com.android.settings/com.android.settings.Settings}
12-15 16:26:30.532 I/WindowManager(  628): Losing delayed focus: Window{bbd582 u0 com.android.systemui}
12-15 16:26:32.661 I/WindowManager(  628): Focus moving from Window{d1794c9 u0 com.android.systemui} to Window{6a7d4cb u0 com.android.settings/com.android.settings.Settings}
12-15 16:26:32.664 W/ViewRootImpl[](  760): Dropping event due to root view being removed: MotionEvent { action=ACTION_UP, actionButton=0, id[0]=0, x[0]=221.6921, y[0]=498.68832, toolType[0]=TOOL_TYPE_FINGER, buttonState=0, metaState=0, flags=0x0, edgeFlags=0x0, pointerCount=1, historySize=0, eventTime=2520346, downTime=2520276, deviceId=1, source=0x1002 }
12-15 16:26:32.742 W/ContextImpl( 3315): Calling a method in the system process without a qualified user: android.app.ContextImpl.sendBroadcast:1006 android.content.ContextWrapper.sendBroadcast:444 android.view.View.dispatchTouchEvent:12526 android.view.ViewGroup.dispatchTransformedTouchEvent:3077 android.view.ViewGroup.dispatchTouchEvent:2727 
12-15 16:26:32.818 I/ActivityManager(  628): START u0 {flg=0x8000 cmp=com.android.settings/.Settings$DisplaySettingsActivity (has extras)} from uid 1000
12-15 16:26:32.843 I/WindowManager(  628): Focus moving from Window{6a7d4cb u0 com.android.settings/com.android.settings.Settings} to null
12-15 16:26:32.878 E/UserRestrictionsUtils(  628): Unknown restriction: null
12-15 16:26:32.878 E/UserRestrictionsUtils(  628): Unknown restriction: null
12-15 16:26:32.951 I/WindowManager(  628): Relayout Window{49121ad u0 com.android.settings/com.android.settings.Settings$DisplaySettingsActivity}: oldVis=4 newVis=0 focusMayChange = true
12-15 16:26:32.957 I/WindowManager(  628): Focus moving from null to Window{49121ad u0 com.android.settings/com.android.settings.Settings$DisplaySettingsActivity}
12-15 16:26:33.466 W/ContextImpl( 3315): Calling a method in the system process without a qualified user: android.app.ContextImpl.startService:1532 android.content.ContextWrapper.startService:664 android.app.Activity.onEnterAnimationComplete:6662 android.app.Activity.dispatchEnterAnimationComplete:6673 android.app.ActivityThread.handleEnterAnimationComplete:3275 
12-15 16:26:33.880 W/ContextImpl( 3315): Calling a method in the system process without a qualified user: android.app.ContextImpl.startService:1532 android.content.ContextWrapper.startService:664 android.content.ContextWrapper.startService:664 com.android.internal.policy.DecorView.dispatchTouchEvent:422 android.view.View.dispatchPointerEvent:12808 
12-15 16:26:33.949 I/chatty  ( 3315): uid=1000(system) com.android.settings identical 2 lines
12-15 16:26:33.951 W/ContextImpl( 3315): Calling a method in the system process without a qualified user: android.app.ContextImpl.startService:1532 android.content.ContextWrapper.startService:664 android.content.ContextWrapper.startService:664 com.android.internal.policy.DecorView.dispatchTouchEvent:422 android.view.View.dispatchPointerEvent:12808 
12-15 16:26:33.980 I/WindowManager(  628): Focus moving from Window{49121ad u0 com.android.settings/com.android.settings.Settings$DisplaySettingsActivity} to Window{f879860 u0 com.android.systemui}
12-15 16:26:33.992 I/WindowManager(  628): Focus moving from Window{f879860 u0 com.android.systemui} to Window{ca963bf u0 com.android.systemui}
12-15 16:26:34.069 I/WindowManager(  628): Focus moving from Window{ca963bf u0 com.android.systemui} to Window{49121ad u0 com.android.settings/com.android.settings.Settings$DisplaySettingsActivity}
12-15 16:26:34.070 I/WindowManager(  628): Losing delayed focus: Window{f879860 u0 com.android.systemui}
12-15 16:26:34.651 W/ContextImpl( 3315): Calling a method in the system process without a qualified user: android.app.ContextImpl.sendBroadcast:1006 android.content.ContextWrapper.sendBroadcast:444 android.content.ContextWrapper.sendBroadcast:444 android.view.View.dispatchTouchEvent:12526 android.view.ViewGroup.dispatchTransformedTouchEvent:3083 
12-15 16:26:34.787 I/WindowManager(  628): Focus moving from Window{49121ad u0 com.android.settings/com.android.settings.Settings$DisplaySettingsActivity} to null
12-15 16:26:34.818 I/WindowManager(  628): Relayout Window{6a7d4cb u0 com.android.settings/com.android.settings.Settings}: oldVis=8 newVis=0 focusMayChange = true
12-15 16:26:34.825 I/WindowManager(  628): Focus moving from null to Window{6a7d4cb u0 com.android.settings/com.android.settings.Settings}
12-15 16:26:34.892 E/BatteryExternalStatsWorker(  628): no controller energy info supplied for wifi
12-15 16:26:34.892 E/BatteryExternalStatsWorker(  628): no controller energy info supplied for bluetooth
12-15 16:26:34.892 E/BatteryExternalStatsWorker(  628): no controller energy info supplied for telephony
12-15 16:26:34.901 E/KernelCpuSpeedReader(  628): Failed to read cpu-freq: /sys/devices/system/cpu/cpu0/cpufreq/stats/time_in_state (No such file or directory)
12-15 16:26:35.319 W/ContextImpl( 3315): Calling a method in the system process without a qualified user: android.app.ContextImpl.startService:1532 android.content.ContextWrapper.startService:664 android.app.Activity.onEnterAnimationComplete:6662 android.app.Activity.dispatchEnterAnimationComplete:6673 android.app.ActivityThread.handleEnterAnimationComplete:3275 
12-15 16:26:35.865 I/ActivityManager(  628): START u0 {flg=0x8000 cmp=com.android.settings/.Settings$DisplaySettingsActivity (has extras)} from uid 1000
12-15 16:26:35.877 I/WindowManager(  628): Focus moving from Window{6a7d4cb u0 com.android.settings/com.android.settings.Settings} to null
12-15 16:26:35.942 E/UserRestrictionsUtils(  628): Unknown restriction: null
12-15 16:26:35.943 E/UserRestrictionsUtils(  628): Unknown restriction: null
12-15 16:26:36.013 I/WindowManager(  628): Relayout Window{b353152 u0 com.android.settings/com.android.settings.Settings$DisplaySettingsActivity}: oldVis=4 newVis=0 focusMayChange = true
12-15 16:26:36.017 I/WindowManager(  628): Focus moving from null to Window{b353152 u0 com.android.settings/com.android.settings.Settings$DisplaySettingsActivity}
12-15 16:26:36.518 W/ContextImpl( 3315): Calling a method in the system process without a qualified user: android.app.ContextImpl.startService:1532 android.content.ContextWrapper.startService:664 android.app.Activity.onEnterAnimationComplete:6662 android.app.Activity.dispatchEnterAnimationComplete:6673 android.app.ActivityThread.handleEnterAnimationComplete:3275 
12-15 16:26:37.213 I/WindowManager(  628): Focus moving from Window{b353152 u0 com.android.settings/com.android.settings.Settings$DisplaySettingsActivity} to null
12-15 16:26:37.238 I/WindowManager(  628): Relayout Window{6a7d4cb u0 com.android.settings/com.android.settings.Settings}: oldVis=4 newVis=0 focusMayChange = true
12-15 16:26:37.243 I/WindowManager(  628): Focus moving from null to Window{6a7d4cb u0 com.android.settings/com.android.settings.Settings}
12-15 16:26:37.294 E/BatteryExternalStatsWorker(  628): no controller energy info supplied for wifi
12-15 16:26:37.294 E/BatteryExternalStatsWorker(  628): no controller energy info supplied for bluetooth
12-15 16:26:37.294 E/BatteryExternalStatsWorker(  628): no controller energy info supplied for telephony
12-15 16:26:37.294 E/KernelCpuSpeedReader(  628): Failed to read cpu-freq: /sys/devices/system/cpu/cpu0/cpufreq/stats/time_in_state (No such file or directory)
12-15 16:26:37.709 W/ContextImpl( 3315): Calling a method in the system process without a qualified user: android.app.ContextImpl.startService:1532 android.content.ContextWrapper.startService:664 android.app.Activity.onEnterAnimationComplete:6662 android.app.Activity.dispatchEnterAnimationComplete:6673 android.app.ActivityThread.handleEnterAnimationComplete:3275 
12-15 16:26:39.085 W/ContextImpl( 3315): Calling a method in the system process without a qualified user: android.app.ContextImpl.startService:1532 android.content.ContextWrapper.startService:664 android.content.ContextWrapper.startService:664 com.android.internal.policy.DecorView.dispatchTouchEvent:422 android.view.View.dispatchPointerEvent:12808 
12-15 16:26:39.156 I/chatty  ( 3315): uid=1000(system) com.android.settings identical 3 lines
12-15 16:26:39.174 W/ContextImpl( 3315): Calling a method in the system process without a qualified user: android.app.ContextImpl.startService:1532 android.content.ContextWrapper.startService:664 android.content.ContextWrapper.startService:664 com.android.internal.policy.DecorView.dispatchTouchEvent:422 android.view.View.dispatchPointerEvent:12808 
12-15 16:26:39.178 I/WindowManager(  628): Focus moving from Window{6a7d4cb u0 com.android.settings/com.android.settings.Settings} to Window{c15ba62 u0 com.android.systemui}
12-15 16:26:39.185 I/WindowManager(  628): Focus moving from Window{c15ba62 u0 com.android.systemui} to Window{91ae729 u0 com.android.systemui}
12-15 16:26:39.191 W/ContextImpl( 3315): Calling a method in the system process without a qualified user: android.app.ContextImpl.startService:1532 android.content.ContextWrapper.startService:664 android.content.ContextWrapper.startService:664 com.android.internal.policy.DecorView.dispatchTouchEvent:422 android.view.View.dispatchPointerEvent:12808 
12-15 16:26:39.226 I/chatty  ( 3315): uid=1000(system) com.android.settings identical 2 lines
12-15 16:26:39.244 W/ContextImpl( 3315): Calling a method in the system process without a qualified user: android.app.ContextImpl.startService:1532 android.content.ContextWrapper.startService:664 android.content.ContextWrapper.startService:664 com.android.internal.policy.DecorView.dispatchTouchEvent:422 android.view.View.dispatchPointerEvent:12808 
12-15 16:26:39.252 I/WindowManager(  628): Losing delayed focus: Window{6a7d4cb u0 com.android.settings/com.android.settings.Settings}
12-15 16:26:39.252 I/WindowManager(  628): Losing delayed focus: Window{c15ba62 u0 com.android.systemui}
12-15 16:26:39.262 W/ContextImpl( 3315): Calling a method in the system process without a qualified user: android.app.ContextImpl.startService:1532 android.content.ContextWrapper.startService:664 android.content.ContextWrapper.startService:664 com.android.internal.policy.DecorView.dispatchTouchEvent:422 android.view.View.dispatchPointerEvent:12808 
12-15 16:26:39.276 I/chatty  ( 3315): uid=1000(system) com.android.settings identical 1 line
12-15 16:26:39.279 W/ContextImpl( 3315): Calling a method in the system process without a qualified user: android.app.ContextImpl.startService:1532 android.content.ContextWrapper.startService:664 android.content.ContextWrapper.startService:664 com.android.internal.policy.DecorView.dispatchTouchEvent:422 android.view.View.dispatchPointerEvent:12808 
12-15 16:26:40.037 I/WindowManager(  628): Focus moving from Window{91ae729 u0 com.android.systemui} to Window{6a7d4cb u0 com.android.settings/com.android.settings.Settings}
12-15 16:26:40.574 W/ContextImpl( 3315): Calling a method in the system process without a qualified user: android.app.ContextImpl.sendBroadcast:1006 android.content.ContextWrapper.sendBroadcast:444 android.view.View.dispatchTouchEvent:12526 android.view.ViewGroup.dispatchTransformedTouchEvent:3077 android.view.ViewGroup.dispatchTouchEvent:2727 
12-15 16:26:42.314 I/ActivityManager(  628): START u0 {flg=0x8000 cmp=com.android.settings/.Settings$SystemDashboardActivity (has extras)} from uid 1000
12-15 16:26:42.330 I/WindowManager(  628): Focus moving from Window{6a7d4cb u0 com.android.settings/com.android.settings.Settings} to null
12-15 16:26:42.406 I/WindowManager(  628): Relayout Window{e2fbe0d u0 com.android.settings/com.android.settings.Settings$SystemDashboardActivity}: oldVis=4 newVis=0 focusMayChange = true
12-15 16:26:42.410 I/WindowManager(  628): Focus moving from null to Window{e2fbe0d u0 com.android.settings/com.android.settings.Settings$SystemDashboardActivity}
12-15 16:26:42.937 W/ContextImpl( 3315): Calling a method in the system process without a qualified user: android.app.ContextImpl.startService:1532 android.content.ContextWrapper.startService:664 android.app.Activity.onEnterAnimationComplete:6662 android.app.Activity.dispatchEnterAnimationComplete:6673 android.app.ActivityThread.handleEnterAnimationComplete:3275 
12-15 16:26:43.448 W/ContextImpl( 3315): Calling a method in the system process without a qualified user: android.app.ContextImpl.sendBroadcast:1006 android.content.ContextWrapper.sendBroadcast:444 android.content.ContextWrapper.sendBroadcast:444 android.view.View.dispatchTouchEvent:12526 android.view.ViewGroup.dispatchTransformedTouchEvent:3077 
12-15 16:26:44.902 W/ContextImpl( 3315): Calling a method in the system process without a qualified user: android.app.ContextImpl.sendBroadcast:1006 android.content.ContextWrapper.sendBroadcast:444 android.content.ContextWrapper.sendBroadcast:444 android.view.View.dispatchTouchEvent:12526 android.view.ViewGroup.dispatchTransformedTouchEvent:3083 
12-15 16:26:44.992 I/ActivityManager(  628): START u0 {act=com.android.settings.action.SETTINGS_SEARCH pkg=com.android.settings.intelligence cmp=com.android.settings.intelligence/.search.SearchActivity} from uid 1000
12-15 16:26:45.048 I/ActivityManager(  628): Start proc 4399:com.android.settings.intelligence/u0a21 for activity com.android.settings.intelligence/.search.SearchActivity
12-15 16:26:45.050 I/WindowManager(  628): Focus moving from Window{e2fbe0d u0 com.android.settings/com.android.settings.Settings$SystemDashboardActivity} to null
12-15 16:26:45.273 I/WindowManager(  628): Relayout Window{f8a7ef7 u0 com.android.settings.intelligence/com.android.settings.intelligence.search.SearchActivity}: oldVis=4 newVis=0 focusMayChange = true
12-15 16:26:45.279 I/WindowManager(  628): Focus moving from null to Window{f8a7ef7 u0 com.android.settings.intelligence/com.android.settings.intelligence.search.SearchActivity}
12-15 16:26:45.573 W/DreamManagerService(  628): Dream ComponentInfo{com.google.android.deskclock/com.android.deskclock.Screensaver} does not exist
12-15 16:26:45.573 W/DreamManagerService(  628): Falling back to default dream ComponentInfo{com.google.android.deskclock/com.android.deskclock.Screensaver}
12-15 16:26:45.579 I/WindowManager(  628): Relayout Window{4659f30 u0 InputMethod}: oldVis=8 newVis=0 focusMayChange = true
12-15 16:26:45.665 I/ActivityManager(  628): Start proc 4437:com.android.traceur/u0a45 for content provider com.android.traceur/.SearchProvider
12-15 16:26:46.298 I/WindowManager(  628): Focus moving from Window{f8a7ef7 u0 com.android.settings.intelligence/com.android.settings.intelligence.search.SearchActivity} to Window{d638819 u0 PopupWindow:977a0bb}
12-15 16:26:46.372 I/WindowManager(  628): Losing delayed focus: Window{f8a7ef7 u0 com.android.settings.intelligence/com.android.settings.intelligence.search.SearchActivity}
12-15 16:26:46.935 E/storaged(  472): getDiskStats failed with result NOT_SUPPORTED and size 0
12-15 16:26:47.220 I/WindowManager(  628): Focus moving from Window{d638819 u0 PopupWindow:977a0bb} to Window{f8a7ef7 u0 com.android.settings.intelligence/com.android.settings.intelligence.search.SearchActivity}
12-15 16:26:47.715 I/WindowManager(  628): Focus moving from Window{f8a7ef7 u0 com.android.settings.intelligence/com.android.settings.intelligence.search.SearchActivity} to Window{baafbdb u0 com.android.systemui}
12-15 16:26:47.721 I/WindowManager(  628): Focus moving from Window{baafbdb u0 com.android.systemui} to Window{1cc0db6 u0 com.android.systemui}
12-15 16:26:47.755 W/InputMethodManagerService(  628): Ignoring showSoftInput of uid 10021: com.android.internal.view.IInputMethodClient$Stub$Proxy@9f93224
12-15 16:26:47.777 I/WindowManager(  628): Focus moving from Window{1cc0db6 u0 com.android.systemui} to Window{f8a7ef7 u0 com.android.settings.intelligence/com.android.settings.intelligence.search.SearchActivity}
12-15 16:26:47.777 I/WindowManager(  628): Losing delayed focus: Window{baafbdb u0 com.android.systemui}
12-15 16:26:47.826 I/WindowManager(  628): Relayout Window{4659f30 u0 InputMethod EXITING}: oldVis=8 newVis=0 focusMayChange = true
12-15 16:26:48.348 I/WindowManager(  628): Focus moving from Window{f8a7ef7 u0 com.android.settings.intelligence/com.android.settings.intelligence.search.SearchActivity} to null
12-15 16:26:48.374 I/WindowManager(  628): Relayout Window{e2fbe0d u0 com.android.settings/com.android.settings.Settings$SystemDashboardActivity}: oldVis=4 newVis=0 focusMayChange = true
12-15 16:26:48.379 I/WindowManager(  628): Focus moving from null to Window{e2fbe0d u0 com.android.settings/com.android.settings.Settings$SystemDashboardActivity}
12-15 16:26:48.866 W/ContextImpl( 3315): Calling a method in the system process without a qualified user: android.app.ContextImpl.startService:1532 android.content.ContextWrapper.startService:664 android.app.Activity.onEnterAnimationComplete:6662 android.app.Activity.dispatchEnterAnimationComplete:6673 android.app.ActivityThread.handleEnterAnimationComplete:3275 
12-15 16:26:49.038 W/ContextImpl( 3315): Calling a method in the system process without a qualified user: android.app.ContextImpl.sendBroadcast:1006 android.content.ContextWrapper.sendBroadcast:444 android.content.ContextWrapper.sendBroadcast:444 android.view.View.dispatchTouchEvent:12526 android.view.ViewGroup.dispatchTransformedTouchEvent:3083 
12-15 16:26:49.149 I/WindowManager(  628): Focus moving from Window{e2fbe0d u0 com.android.settings/com.android.settings.Settings$SystemDashboardActivity} to null
12-15 16:26:49.169 I/WindowManager(  628): Relayout Window{6a7d4cb u0 com.android.settings/com.android.settings.Settings}: oldVis=8 newVis=0 focusMayChange = true
12-15 16:26:49.173 I/WindowManager(  628): Focus moving from null to Window{6a7d4cb u0 com.android.settings/com.android.settings.Settings}
12-15 16:26:49.246 E/BatteryExternalStatsWorker(  628): no controller energy info supplied for wifi
12-15 16:26:49.246 E/BatteryExternalStatsWorker(  628): no controller energy info supplied for bluetooth
12-15 16:26:49.246 E/BatteryExternalStatsWorker(  628): no controller energy info supplied for telephony
12-15 16:26:49.253 E/KernelCpuSpeedReader(  628): Failed to read cpu-freq: /sys/devices/system/cpu/cpu0/cpufreq/stats/time_in_state (No such file or directory)
12-15 16:26:49.653 W/ContextImpl( 3315): Calling a method in the system process without a qualified user: android.app.ContextImpl.startService:1532 android.content.ContextWrapper.startService:664 android.app.Activity.onEnterAnimationComplete:6662 android.app.Activity.dispatchEnterAnimationComplete:6673 android.app.ActivityThread.handleEnterAnimationComplete:3275 
12-15 16:26:50.613 W/ContextImpl( 3315): Calling a method in the system process without a qualified user: android.app.ContextImpl.sendBroadcast:1006 android.content.ContextWrapper.sendBroadcast:444 android.view.View.dispatchTouchEvent:12526 android.view.ViewGroup.dispatchTransformedTouchEvent:3077 android.view.ViewGroup.dispatchTouchEvent:2727 
12-15 16:26:52.628 W/ContextImpl( 3315): Calling a method in the system process without a qualified user: android.app.ContextImpl.startService:1532 android.content.ContextWrapper.startService:664 android.content.ContextWrapper.startService:664 com.android.internal.policy.DecorView.dispatchTouchEvent:422 android.view.View.dispatchPointerEvent:12808 
12-15 16:26:52.718 I/chatty  ( 3315): uid=1000(system) com.android.settings identical 3 lines
12-15 16:26:52.736 W/ContextImpl( 3315): Calling a method in the system process without a qualified user: android.app.ContextImpl.startService:1532 android.content.ContextWrapper.startService:664 android.content.ContextWrapper.startService:664 com.android.internal.policy.DecorView.dispatchTouchEvent:422 android.view.View.dispatchPointerEvent:12808 
12-15 16:26:52.742 I/WindowManager(  628): Focus moving from Window{6a7d4cb u0 com.android.settings/com.android.settings.Settings} to Window{d150375 u0 com.android.systemui}
12-15 16:26:52.750 I/WindowManager(  628): Focus moving from Window{d150375 u0 com.android.systemui} to Window{58a8598 u0 com.android.systemui}
12-15 16:26:52.753 W/ContextImpl( 3315): Calling a method in the system process without a qualified user: android.app.ContextImpl.startService:1532 android.content.ContextWrapper.startService:664 android.content.ContextWrapper.startService:664 com.android.internal.policy.DecorView.dispatchTouchEvent:422 android.view.View.dispatchPointerEvent:12808 
12-15 16:26:52.785 I/chatty  ( 3315): uid=1000(system) com.android.settings identical 2 lines
12-15 16:26:52.786 W/ContextImpl( 3315): Calling a method in the system process without a qualified user: android.app.ContextImpl.startService:1532 android.content.ContextWrapper.startService:664 android.content.ContextWrapper.startService:664 com.android.internal.policy.DecorView.dispatchTouchEvent:422 android.view.View.dispatchPointerEvent:12808 
12-15 16:26:52.826 I/WindowManager(  628): Losing delayed focus: Window{6a7d4cb u0 com.android.settings/com.android.settings.Settings}
12-15 16:26:52.826 I/WindowManager(  628): Losing delayed focus: Window{d150375 u0 com.android.systemui}
12-15 16:26:55.303 I/WindowManager(  628): Focus moving from Window{58a8598 u0 com.android.systemui} to Window{6a7d4cb u0 com.android.settings/com.android.settings.Settings}
12-15 16:26:55.303 W/ViewRootImpl[](  760): Dropping event due to root view being removed: MotionEvent { action=ACTION_UP, actionButton=0, id[0]=0, x[0]=195.72816, y[0]=571.6427, toolType[0]=TOOL_TYPE_FINGER, buttonState=0, metaState=0, flags=0x0, edgeFlags=0x0, pointerCount=1, historySize=0, eventTime=2542985, downTime=2542915, deviceId=1, source=0x1002 }
12-15 16:26:55.380 W/ContextImpl( 3315): Calling a method in the system process without a qualified user: android.app.ContextImpl.sendBroadcast:1006 android.content.ContextWrapper.sendBroadcast:444 android.view.View.dispatchTouchEvent:12526 android.view.ViewGroup.dispatchTransformedTouchEvent:3077 android.view.ViewGroup.dispatchTouchEvent:2727 
12-15 16:26:55.473 I/ActivityManager(  628): START u0 {flg=0x8000 cmp=com.android.settings/.Settings$DisplaySettingsActivity (has extras)} from uid 1000
12-15 16:26:55.485 I/WindowManager(  628): Focus moving from Window{6a7d4cb u0 com.android.settings/com.android.settings.Settings} to null
12-15 16:26:55.520 E/UserRestrictionsUtils(  628): Unknown restriction: null
12-15 16:26:55.522 E/UserRestrictionsUtils(  628): Unknown restriction: null
12-15 16:26:55.588 I/WindowManager(  628): Relayout Window{ab8aff8 u0 com.android.settings/com.android.settings.Settings$DisplaySettingsActivity}: oldVis=4 newVis=0 focusMayChange = true
12-15 16:26:55.595 I/WindowManager(  628): Focus moving from null to Window{ab8aff8 u0 com.android.settings/com.android.settings.Settings$DisplaySettingsActivity}
12-15 16:26:55.662 I/ActivityManager(  628): START u0 {flg=0x8000 cmp=com.android.settings/.Settings$DisplaySettingsActivity (has extras)} from uid 1000
12-15 16:26:55.682 I/WindowManager(  628): Focus moving from Window{ab8aff8 u0 com.android.settings/com.android.settings.Settings$DisplaySettingsActivity} to null
12-15 16:26:55.695 E/WindowManager(  628): Performed 6 layouts in a row. Skipping
12-15 16:26:55.713 E/WindowManager(  628): Performed 6 layouts in a row. Skipping
12-15 16:26:55.730 I/chatty  (  628): uid=1000(system) android.anim identical 1 line
12-15 16:26:55.751 E/WindowManager(  628): Performed 6 layouts in a row. Skipping
12-15 16:26:55.753 E/UserRestrictionsUtils(  628): Unknown restriction: null
12-15 16:26:55.754 E/UserRestrictionsUtils(  628): Unknown restriction: null
12-15 16:26:55.765 E/WindowManager(  628): Performed 6 layouts in a row. Skipping
12-15 16:26:55.886 I/chatty  (  628): uid=1000(system) android.anim identical 7 lines
12-15 16:26:55.903 E/WindowManager(  628): Performed 6 layouts in a row. Skipping
12-15 16:26:55.904 I/WindowManager(  628): Relayout Window{acb7ec3 u0 com.android.settings/com.android.settings.Settings$DisplaySettingsActivity}: oldVis=4 newVis=0 focusMayChange = true
12-15 16:26:55.919 E/WindowManager(  628): Performed 6 layouts in a row. Skipping
12-15 16:26:55.939 E/WindowManager(  628): Performed 6 layouts in a row. Skipping
12-15 16:26:55.957 E/WindowManager(  628): Performed 6 layouts in a row. Skipping
12-15 16:26:55.958 I/WindowManager(  628): Focus moving from null to Window{acb7ec3 u0 com.android.settings/com.android.settings.Settings$DisplaySettingsActivity}
12-15 16:26:55.974 E/WindowManager(  628): Performed 6 layouts in a row. Skipping
12-15 16:26:55.992 I/chatty  (  628): uid=1000(system) android.anim identical 1 line
12-15 16:26:56.010 E/WindowManager(  628): Performed 6 layouts in a row. Skipping
12-15 16:26:56.481 W/ContextImpl( 3315): Calling a method in the system process without a qualified user: android.app.ContextImpl.startService:1532 android.content.ContextWrapper.startService:664 android.app.Activity.onEnterAnimationComplete:6662 android.app.Activity.dispatchEnterAnimationComplete:6673 android.app.ActivityThread.handleEnterAnimationComplete:3275 
12-15 16:26:56.505 W/ContextImpl( 3315): Calling a method in the system process without a qualified user: android.app.ContextImpl.startService:1532 android.content.ContextWrapper.startService:664 android.content.ContextWrapper.startService:664 com.android.internal.policy.DecorView.dispatchTouchEvent:422 android.view.View.dispatchPointerEvent:12808 
12-15 16:26:56.590 I/chatty  ( 3315): uid=1000(system) com.android.settings identical 3 lines
12-15 16:26:56.609 W/ContextImpl( 3315): Calling a method in the system process without a qualified user: android.app.ContextImpl.startService:1532 android.content.ContextWrapper.startService:664 android.content.ContextWrapper.startService:664 com.android.internal.policy.DecorView.dispatchTouchEvent:422 android.view.View.dispatchPointerEvent:12808 
12-15 16:26:56.615 I/WindowManager(  628): Focus moving from Window{acb7ec3 u0 com.android.settings/com.android.settings.Settings$DisplaySettingsActivity} to Window{cdabf9c u0 com.android.systemui}
12-15 16:26:56.621 I/WindowManager(  628): Focus moving from Window{cdabf9c u0 com.android.systemui} to Window{190312b u0 com.android.systemui}
12-15 16:26:56.626 W/ContextImpl( 3315): Calling a method in the system process without a qualified user: android.app.ContextImpl.startService:1532 android.content.ContextWrapper.startService:664 android.content.ContextWrapper.startService:664 com.android.internal.policy.DecorView.dispatchTouchEvent:422 android.view.View.dispatchPointerEvent:12808 
12-15 16:26:56.675 I/chatty  ( 3315): uid=1000(system) com.android.settings identical 3 lines
12-15 16:26:56.677 W/ContextImpl( 3315): Calling a method in the system process without a qualified user: android.app.ContextImpl.startService:1532 android.content.ContextWrapper.startService:664 android.content.ContextWrapper.startService:664 com.android.internal.policy.DecorView.dispatchTouchEvent:422 android.view.View.dispatchPointerEvent:12808 
12-15 16:26:56.705 I/WindowManager(  628): Losing delayed focus: Window{acb7ec3 u0 com.android.settings/com.android.settings.Settings$DisplaySettingsActivity}
12-15 16:26:56.705 I/WindowManager(  628): Losing delayed focus: Window{cdabf9c u0 com.android.systemui}
12-15 16:26:59.007 I/ActivityManager(  628): START u0 {flg=0x30000000 cmp=com.example.myapplication2/.MainActivity} from uid 10020
12-15 16:26:59.049 I/WindowManager(  628): Relayout Window{d089c3f u0 com.example.myapplication2/com.example.myapplication2.MainActivity}: oldVis=4 newVis=0 focusMayChange = true
12-15 16:26:59.163 I/WindowManager(  628): Focus moving from Window{190312b u0 com.android.systemui} to Window{d089c3f u0 com.example.myapplication2/com.example.myapplication2.MainActivity}
12-15 16:26:59.291 W/ContextImpl( 4354): Calling a method in the system process without a qualified user: android.app.ContextImpl.sendBroadcast:1006 android.content.ContextWrapper.sendBroadcast:444 android.view.View.dispatchTouchEvent:12526 android.view.ViewGroup.dispatchTransformedTouchEvent:3083 android.view.ViewGroup.dispatchTouchEvent:2684 
12-15 16:26:59.759 W/ContextImpl( 4354): Calling a method in the system process without a qualified user: android.app.ContextImpl.startService:1532 android.content.ContextWrapper.startService:664 android.app.Activity.onEnterAnimationComplete:6662 android.app.Activity.dispatchEnterAnimationComplete:6673 android.app.ActivityThread.handleEnterAnimationComplete:3275 
12-15 16:27:00.465 W/ContextImpl( 4354): Calling a method in the system process without a qualified user: android.app.ContextImpl.sendBroadcast:1006 android.content.ContextWrapper.sendBroadcast:444 android.view.View.dispatchTouchEvent:12526 android.view.ViewGroup.dispatchTransformedTouchEvent:3083 android.view.ViewGroup.dispatchTouchEvent:2684 
12-15 16:27:00.650 I/ActivityManager(  628): START u0 {flg=0x4000000 cmp=com.tal.genie.launcher/.ui.main.MainActivity} from uid 1000
12-15 16:27:00.734 I/ActivityManager(  628): Process com.example.myapplication2 (pid 4354) has died: fore TOP 
12-15 16:27:00.735 I/WindowManager(  628): WIN DEATH: Window{f61c201 u0 Toast}
12-15 16:27:00.735 W/ActivityManager(  628): Force removing ActivityRecord{e8f46dd u0 com.example.myapplication2/.MainActivity t42}: app died, no saved state
12-15 16:27:00.743 I/WindowManager(  628): WIN DEATH: Window{d089c3f u0 com.example.myapplication2/com.example.myapplication2.MainActivity}
12-15 16:27:00.749 I/WindowManager(  628): Focus moving from Window{d089c3f u0 com.example.myapplication2/com.example.myapplication2.MainActivity} to null
12-15 16:27:00.809 I/WindowManager(  628): Relayout Window{a317f57 u0 com.tal.genie.launcher/com.tal.genie.launcher.ui.main.MainActivity}: oldVis=4 newVis=0 focusMayChange = true
12-15 16:27:00.816 I/WindowManager(  628): Focus moving from null to Window{a317f57 u0 com.tal.genie.launcher/com.tal.genie.launcher.ui.main.MainActivity}
12-15 16:27:00.910 W/ContextImpl( 1148): Calling a method in the system process without a qualified user: android.app.ContextImpl.startService:1532 android.content.ContextWrapper.startService:664 android.content.ContextWrapper.startService:664 android.app.Activity.onEnterAnimationComplete:6662 android.app.Activity.dispatchEnterAnimationComplete:6673 
12-15 16:27:00.911 W/ContextImpl( 1148): Calling a method in the system process without a qualified user: android.app.ContextImpl.startService:1532 android.content.ContextWrapper.startService:664 android.content.ContextWrapper.startService:664 android.app.Activity.onEnterAnimationComplete:6662 android.app.Activity.dispatchEnterAnimationComplete:6673 
12-15 16:27:01.199 W/ContextImpl( 1148): Calling a method in the system process without a qualified user: android.app.ContextImpl.sendBroadcast:1006 android.content.ContextWrapper.sendBroadcast:444 com.tal.genie.userdata.receiver.TokenUpdateManager.sendToken:40 com.tal.genie.userdata.LoginDataManager.updateALlLoginData:65 com.tal.genie.app_model.local.login.LocalLoginManagerProxy.cacheLoginData:42 
12-15 16:27:01.201 W/ContextImpl( 1148): Calling a method in the system process without a qualified user: android.app.ContextImpl.sendBroadcast:1006 android.content.ContextWrapper.sendBroadcast:444 com.tal.genie.userdata.receiver.TokenUpdateManager.sendToken:40 com.tal.genie.userdata.LoginDataManager.updateALlLoginData:65 com.tal.genie.app_model.local.login.LocalLoginManagerProxy.cacheLoginData:42 
12-15 16:27:01.211 W/BroadcastQueue(  628): Background execution not allowed: receiving Intent { act=access.token.update.action flg=0x10 (has extras) } to com.tal.genie.rtc/.userdata.receiver.TokenUpdateReceiver
12-15 16:27:01.213 W/BroadcastQueue(  628): Background execution not allowed: receiving Intent { act=access.token.update.action flg=0x10 (has extras) } to com.tal.genie.rtc/.userdata.receiver.TokenUpdateReceiver
12-15 16:27:01.293 W/ActivityManager(  628): setHasOverlayUi called on unknown pid: 4354
12-15 16:27:02.074 W/ContextImpl( 1148): Calling a method in the system process without a qualified user: android.app.ContextImpl.sendBroadcast:1006 android.content.ContextWrapper.sendBroadcast:444 android.content.ContextWrapper.sendBroadcast:444 android.view.View.dispatchTouchEvent:12526 android.view.ViewGroup.dispatchTransformedTouchEvent:3077 
12-15 16:27:02.968 W/NotificationService(  628): Object died trying to hide notification android.app.ITransientNotification$Stub$Proxy@d9cfe60 in package com.example.myapplication2
12-15 16:27:03.032 W/WindowManager(  628): Unable to start animation, surface is null or no children.
12-15 16:27:06.061 W/ContextImpl( 1148): Calling a method in the system process without a qualified user: android.app.ContextImpl.startActivity:900 android.content.ContextWrapper.startActivity:401 com.tal.genie.launcher.ui.voice.view.VoiceCallBackImplNew.toVoiceActivity:55 com.tal.genie.launcher.ui.voice.view.VoiceCallBackImplNew.toVoiceView:44 com.tal.genie.launcher.ui.voice.view.VoiceCallBackImplNew.start:38 
12-15 16:27:06.062 I/ActivityManager(  628): START u0 {flg=0x10000000 cmp=com.tal.genie.launcher/.ui.voice.VoiceNewActivity} from uid 1000
12-15 16:27:06.078 I/WindowManager(  628): Focus moving from Window{a317f57 u0 com.tal.genie.launcher/com.tal.genie.launcher.ui.main.MainActivity} to null
12-15 16:27:06.195 I/WindowManager(  628): Relayout Window{56f5f9a u0 com.tal.genie.launcher/com.tal.genie.launcher.ui.voice.VoiceNewActivity}: oldVis=4 newVis=0 focusMayChange = true
12-15 16:27:06.199 I/WindowManager(  628): Focus moving from null to Window{56f5f9a u0 com.tal.genie.launcher/com.tal.genie.launcher.ui.voice.VoiceNewActivity}
12-15 16:27:06.234 W/ContextImpl( 1148): Calling a method in the system process without a qualified user: android.app.ContextImpl.startService:1532 android.content.ContextWrapper.startService:664 android.content.ContextWrapper.startService:664 android.app.Activity.onEnterAnimationComplete:6662 android.app.Activity.dispatchEnterAnimationComplete:6673 
12-15 16:27:06.236 W/ContextImpl( 1148): Calling a method in the system process without a qualified user: android.app.ContextImpl.startService:1532 android.content.ContextWrapper.startService:664 android.content.ContextWrapper.startService:664 android.app.Activity.onEnterAnimationComplete:6662 android.app.Activity.dispatchEnterAnimationComplete:6673 
12-15 16:27:10.442 I/NetworkStatsRecorder(  628): recordSnapshotLocked: ident[[{type=WIFI, subType=COMBINED, networkId="TAL-Device", metered=false, defaultNetwork=true}]]
12-15 16:27:10.443 W/NetworkStatsRecorder(  628): unknown interfaces [lo], ignoring those stats
12-15 16:27:10.443 I/NetworkStatsRecorder(  628): recordSnapshotLocked: ident[[{type=WIFI, subType=COMBINED, networkId="TAL-Device", metered=false, defaultNetwork=true}]]
12-15 16:27:10.443 W/NetworkStatsRecorder(  628): unknown interfaces [lo], ignoring those stats
12-15 16:27:10.443 I/NetworkStatsRecorder(  628): recordSnapshotLocked: ident[[{type=WIFI, subType=COMBINED, networkId="TAL-Device", metered=false, defaultNetwork=true}]]
12-15 16:27:10.443 I/chatty  (  628): uid=1000(system) NetworkStats identical 2 lines
12-15 16:27:10.443 I/NetworkStatsRecorder(  628): recordSnapshotLocked: ident[[{type=WIFI, subType=COMBINED, networkId="TAL-Device", metered=false, defaultNetwork=true}]]
12-15 16:27:10.443 W/NetworkStatsRecorder(  628): unknown interfaces [lo], ignoring those stats
12-15 16:27:10.443 W/NetworkStatsRecorder(  628): unknown interfaces [lo], ignoring those stats
12-15 16:27:10.446 I/ActivityManager(  628): START u0 {flg=0x10008000 cmp=com.tal.genie.voice/com.tal.genie.dicbook.dic.DicResultActivity (has extras)} from uid 10027
12-15 16:27:10.494 I/WindowManager(  628): Focus moving from Window{56f5f9a u0 com.tal.genie.launcher/com.tal.genie.launcher.ui.voice.VoiceNewActivity} to null
12-15 16:27:10.653 I/WindowManager(  628): Relayout Window{9105584 u0 com.tal.genie.voice/com.tal.genie.dicbook.dic.DicResultActivity}: oldVis=4 newVis=0 focusMayChange = true
12-15 16:27:10.662 I/WindowManager(  628): Focus moving from null to Window{9105584 u0 com.tal.genie.voice/com.tal.genie.dicbook.dic.DicResultActivity}
12-15 16:27:13.970 W/WindowManager(  628): removeWindowToken: Attempted to remove non-existing token: android.os.Binder@a5848da
12-15 16:27:46.936 E/storaged(  472): getDiskStats failed with result NOT_SUPPORTED and size 0
12-15 16:28:23.017 W/ContextImpl( 1148): Calling a method in the system process without a qualified user: android.app.ContextImpl.startActivity:888 android.content.ContextWrapper.startActivity:379 com.tal.genie.lockscreen.receiver.LockScreenReceiver.lockScreen:117 com.tal.genie.lockscreen.receiver.LockScreenReceiver.onReceive:51 android.app.LoadedApk$ReceiverDispatcher$Args.lambda$getRunnable$0:1391 
12-15 16:28:23.018 W/ContextImpl( 1148): Calling a method in the system process without a qualified user: android.app.ContextImpl.startActivity:900 android.app.ContextImpl.startActivity:889 android.content.ContextWrapper.startActivity:379 com.tal.genie.lockscreen.receiver.LockScreenReceiver.lockScreen:117 com.tal.genie.lockscreen.receiver.LockScreenReceiver.onReceive:51 
12-15 16:28:23.019 I/ActivityManager(  628): START u0 {flg=0x10800000 cmp=com.tal.genie.launcher/com.tal.genie.lockscreen.activity.LockScreenActivity} from uid 1000
12-15 16:28:23.039 W/ContextImpl( 1148): Calling a method in the system process without a qualified user: android.app.ContextImpl.sendBroadcast:1006 android.content.ContextWrapper.sendBroadcast:444 com.tal.genie.lockscreen.utils.PushNotificationDialogManager.sendPushNotificationStatus:54 com.tal.genie.lockscreen.utils.PushNotificationDialogManager.sendPushNotificationShow:23 com.tal.genie.lockscreen.receiver.LockScreenReceiver.lockScreen:122 
12-15 16:28:23.043 I/WindowManager(  628): Focus moving from Window{9105584 u0 com.tal.genie.voice/com.tal.genie.dicbook.dic.DicResultActivity} to null
12-15 16:28:23.121 W/ContextImpl( 1148): Calling a method in the system process without a qualified user: android.app.ContextImpl.startForegroundService:1538 android.content.ContextWrapper.startForegroundService:669 android.content.ContextWrapper.startForegroundService:669 com.tal.genie.lockscreen.activity.LockScreenActivity.initSevice:84 com.tal.genie.lockscreen.activity.LockScreenActivity.onCreate:77 
