12-15 16:26:39.804 E/ActivityManager(  628): 	at com.android.server.am.ActivityManagerService.broadcastIntentLocked(ActivityManagerService.java:21984)
12-15 16:26:39.804 E/ActivityManager(  628): 	at com.android.server.am.ActivityManagerService.broadcastIntent(ActivityManagerService.java:22227)
12-15 16:26:39.804 E/ActivityManager(  628): 	at android.app.IActivityManager$Stub.onTransact$broadcastIntent$(IActivityManager.java:10181)
12-15 16:26:39.804 E/ActivityManager(  628): 	at android.app.IActivityManager$Stub.onTransact(IActivityManager.java:167)
12-15 16:26:39.804 E/ActivityManager(  628): 	at com.android.server.am.ActivityManagerService.onTransact(ActivityManagerService.java:3350)
12-15 16:26:39.804 E/ActivityManager(  628): 	at android.os.Binder.execTransact(Binder.java:731)
12-15 16:26:39.806 E/ActivityManager(  628): Sending non-protected broadcast com.genie.clickscreen from system 760:com.android.systemui/u0a20 pkg com.android.systemui
12-15 16:26:39.806 E/ActivityManager(  628): java.lang.Throwable
12-15 16:26:39.806 E/ActivityManager(  628): 	at com.android.server.am.ActivityManagerService.checkBroadcastFromSystem(ActivityManagerService.java:21473)
12-15 16:26:39.806 E/ActivityManager(  628): 	at com.android.server.am.ActivityManagerService.broadcastIntentLocked(ActivityManagerService.java:22077)
12-15 16:26:39.806 E/ActivityManager(  628): 	at com.android.server.am.ActivityManagerService.broadcastIntent(ActivityManagerService.java:22227)
12-15 16:26:39.806 E/ActivityManager(  628): 	at android.app.IActivityManager$Stub.onTransact$broadcastIntent$(IActivityManager.java:10181)
12-15 16:26:39.806 E/ActivityManager(  628): 	at android.app.IActivityManager$Stub.onTransact(IActivityManager.java:167)
12-15 16:26:39.806 E/ActivityManager(  628): 	at com.android.server.am.ActivityManagerService.onTransact(ActivityManagerService.java:3350)
12-15 16:26:39.806 E/ActivityManager(  628): 	at android.os.Binder.execTransact(Binder.java:731)
12-15 16:26:39.808 I/SA.PushAutoTrackHelper( 1148): SDK or push disabled.
12-15 16:26:39.808 I/LockScreenReceiver( 1148): action ::: com.genie.clickscreen
12-15 16:26:39.808 I/EyesProtectManager( 1148): [ (EyesProtectManager.java:76)#userTracked ] userTracked:  configLoaded-true protectorOn-false canUseScreen-true isUseCounting-false useBeginTime-null useSeconds-0 lockScreenTime-2021-12-15 16:25:26 unlockScreenTime- null
12-15 16:26:39.922 I/PowerWrap(  628): PowerHal_TouchBoost
12-15 16:26:39.923 I/libPowerHal(  301): 20: cpu_ctrl set freq: -1 -1
12-15 16:26:40.009 I/BufferQueueProducer(  312): [#0](this:0xabbab000,id:104,api:1,p:760,c:312) disconnect(P): api 1
12-15 16:26:40.009 I/BufferQueueConsumer(  312): [#0](this:0xabbab000,id:104,api:1,p:-1,c:312) getReleasedBuffers: returning mask 0xffffffffffffffff
12-15 16:26:40.015 I/BufferQueueConsumer(  312): [#0](this:0xabbab000,id:104,api:1,p:-1,c:-1) disconnect(C)
12-15 16:26:40.017 W/SurfaceFlinger(  312): Attempting to destroy on removed layer: c15ba62 com.android.systemui#0
12-15 16:26:40.019 I/BufferQueue(  312): [#0](this:0xabbab000,id:104,api:1,p:-1,c:-1) ~BufferQueueCore
12-15 16:26:40.026 I/BufferQueueProducer(  312): [#1](this:0xabbae000,id:105,api:1,p:760,c:312) disconnect(P): api 1
12-15 16:26:40.026 I/BufferQueueConsumer(  312): [#1](this:0xabbae000,id:105,api:1,p:-1,c:312) getReleasedBuffers: returning mask 0xffffffffffffffff
12-15 16:26:40.032 I/BufferQueueConsumer(  312): [#1](this:0xabbae000,id:105,api:1,p:-1,c:-1) disconnect(C)
12-15 16:26:40.034 W/SurfaceFlinger(  312): Attempting to destroy on removed layer: 91ae729 com.android.systemui#0
12-15 16:26:40.035 I/BufferQueue(  312): [#1](this:0xabbae000,id:105,api:1,p:-1,c:-1) ~BufferQueueCore
12-15 16:26:40.037 I/WindowManager(  628): Focus moving from Window{91ae729 u0 com.android.systemui} to Window{6a7d4cb u0 com.android.settings/com.android.settings.Settings}
12-15 16:26:40.095 W/TRAEIdle_Androi( 1276): type=1400 audit(0.0:14747): avc: denied { read } for name="stat" dev="proc" ino=4026532021 scontext=u:r:system_app:s0 tcontext=u:object_r:proc_stat:s0 tclass=file permissive=0
12-15 16:26:40.572 I/PowerWrap(  628): PowerHal_TouchBoost
12-15 16:26:40.573 I/libPowerHal(  301): 20: cpu_ctrl set freq: 2001000 -1
12-15 16:26:40.574 W/ContextImpl( 3315): Calling a method in the system process without a qualified user: android.app.ContextImpl.sendBroadcast:1006 android.content.ContextWrapper.sendBroadcast:444 android.view.View.dispatchTouchEvent:12526 android.view.ViewGroup.dispatchTransformedTouchEvent:3077 android.view.ViewGroup.dispatchTouchEvent:2727 
12-15 16:26:40.575 E/ActivityManager(  628): Sending non-protected broadcast com.genie.clickscreen from system 3315:com.android.settings/1000 pkg com.android.settings
12-15 16:26:40.575 E/ActivityManager(  628): java.lang.Throwable
12-15 16:26:40.575 E/ActivityManager(  628): 	at com.android.server.am.ActivityManagerService.checkBroadcastFromSystem(ActivityManagerService.java:21473)
12-15 16:26:40.575 E/ActivityManager(  628): 	at com.android.server.am.ActivityManagerService.broadcastIntentLocked(ActivityManagerService.java:21984)
12-15 16:26:40.575 E/ActivityManager(  628): 	at com.android.server.am.ActivityManagerService.broadcastIntent(ActivityManagerService.java:22227)
12-15 16:26:40.575 E/ActivityManager(  628): 	at android.app.IActivityManager$Stub.onTransact$broadcastIntent$(IActivityManager.java:10181)
12-15 16:26:40.575 E/ActivityManager(  628): 	at android.app.IActivityManager$Stub.onTransact(IActivityManager.java:167)
12-15 16:26:40.575 E/ActivityManager(  628): 	at com.android.server.am.ActivityManagerService.onTransact(ActivityManagerService.java:3350)
12-15 16:26:40.575 E/ActivityManager(  628): 	at android.os.Binder.execTransact(Binder.java:731)
12-15 16:26:40.577 E/ActivityManager(  628): Sending non-protected broadcast com.genie.clickscreen from system 3315:com.android.settings/1000 pkg com.android.settings
12-15 16:26:40.577 E/ActivityManager(  628): java.lang.Throwable
12-15 16:26:40.577 E/ActivityManager(  628): 	at com.android.server.am.ActivityManagerService.checkBroadcastFromSystem(ActivityManagerService.java:21473)
12-15 16:26:40.577 E/ActivityManager(  628): 	at com.android.server.am.ActivityManagerService.broadcastIntentLocked(ActivityManagerService.java:22077)
12-15 16:26:40.577 E/ActivityManager(  628): 	at com.android.server.am.ActivityManagerService.broadcastIntent(ActivityManagerService.java:22227)
12-15 16:26:40.577 E/ActivityManager(  628): 	at android.app.IActivityManager$Stub.onTransact$broadcastIntent$(IActivityManager.java:10181)
12-15 16:26:40.577 E/ActivityManager(  628): 	at android.app.IActivityManager$Stub.onTransact(IActivityManager.java:167)
12-15 16:26:40.577 E/ActivityManager(  628): 	at com.android.server.am.ActivityManagerService.onTransact(ActivityManagerService.java:3350)
12-15 16:26:40.577 E/ActivityManager(  628): 	at android.os.Binder.execTransact(Binder.java:731)
12-15 16:26:40.579 I/SA.PushAutoTrackHelper( 1148): SDK or push disabled.
12-15 16:26:40.579 I/LockScreenReceiver( 1148): action ::: com.genie.clickscreen
12-15 16:26:40.579 I/EyesProtectManager( 1148): [ (EyesProtectManager.java:76)#userTracked ] userTracked:  configLoaded-true protectorOn-false canUseScreen-true isUseCounting-false useBeginTime-null useSeconds-0 lockScreenTime-2021-12-15 16:25:26 unlockScreenTime- null
12-15 16:26:40.685 I/BufferQueueProducer(  312): [com.android.settings/com.android.settings.Settings#0](this:0xabc96000,id:103,api:1,p:3315,c:312) queueBuffer: fps=1.41 dur=1413.56 max=784.71 min=628.85
12-15 16:26:40.698 I/SurfaceFlinger(  312): [Built-in Screen (type:0)] fps:19.537872,dur:1484.30,max:630.06,min:2.79
12-15 16:26:40.780 I/PowerWrap(  628): PowerHal_TouchBoost
12-15 16:26:40.782 I/libPowerHal(  301): 20: cpu_ctrl set freq: -1 -1
12-15 16:26:41.378 I/PowerWrap(  628): PowerHal_TouchBoost
12-15 16:26:41.379 I/libPowerHal(  301): 20: cpu_ctrl set freq: 2001000 -1
12-15 16:26:41.499 I/PowerWrap(  628): PowerHal_TouchBoost
12-15 16:26:41.501 I/libPowerHal(  301): 20: cpu_ctrl set freq: -1 -1
12-15 16:26:41.686 I/BufferQueueProducer(  312): [com.android.settings/com.android.settings.Settings#0](this:0xabc96000,id:103,api:1,p:3315,c:312) queueBuffer: fps=36.95 dur=1001.28 max=365.52 min=14.56
12-15 16:26:41.716 I/SurfaceFlinger(  312): [Built-in Screen (type:0)] fps:37.357811,dur:1017.19,max:367.96,min:16.67
12-15 16:26:42.095 W/TRAEIdle_Androi( 1276): type=1400 audit(0.0:14748): avc: denied { read } for name="stat" dev="proc" ino=4026532021 scontext=u:r:system_app:s0 tcontext=u:object_r:proc_stat:s0 tclass=file permissive=0
12-15 16:26:42.121 E/WifiVendorHal(  628): getWifiLinkLayerStats(l.937) failed {.code = ERROR_NOT_SUPPORTED, .description = }
12-15 16:26:42.201 I/PowerWrap(  628): PowerHal_TouchBoost
12-15 16:26:42.203 I/libPowerHal(  301): 20: cpu_ctrl set freq: 2001000 -1
12-15 16:26:42.305 I/PowerWrap(  628): PowerHal_TouchBoost
12-15 16:26:42.307 I/libPowerHal(  301): 20: cpu_ctrl set freq: -1 -1
12-15 16:26:42.312 E/AudioTrack(  628): start(): 0x8bec3180, mState = 1
12-15 16:26:42.314 I/ActivityManager(  628): START u0 {flg=0x8000 cmp=com.android.settings/.Settings$SystemDashboardActivity (has extras)} from uid 1000
12-15 16:26:42.317 I/vendor.mediatek.hardware.power@2.0-impl(  301): powerHintAsync hint:8, data:1
12-15 16:26:42.318 I/libPowerHal(  301): 8: cpu_ctrl set freq: 2001000 -1
12-15 16:26:42.320 I/PowerWrap(  628): PowerHal_Wrap_mtkPowerHint
12-15 16:26:42.320 I/PowerWrap(  628): PowerHal_Wrap_mtkPowerHint
12-15 16:26:42.323 E/AudioALSAPlaybackHandlerBase(  286): -getHardwareBufferInfo(), pcm_get_htimestamp fail, ret = -1, pcm_get_error = 
12-15 16:26:42.325 I/PowerWrap(  628): PowerHal_Wrap_mtkPowerHint
12-15 16:26:42.325 I/PowerWrap(  628): PowerHal_Wrap_mtkPowerHint
12-15 16:26:42.330 I/WindowManager(  628): Focus moving from Window{6a7d4cb u0 com.android.settings/com.android.settings.Settings} to null
12-15 16:26:42.331 I/vendor.mediatek.hardware.power@2.0-impl(  301): notifyAppState pack:com.android.settings, act:com.android.settings.Settings$SystemDashboardActivity, pid:3315, state:1
12-15 16:26:42.335 W/ActivityThread( 3315): handleWindowVisibility: no activity for token android.os.BinderProxy@2310e05
12-15 16:26:42.374 E/MtkDataShapingUtils(  628): Exception openLteGateByDataShaping  in java.lang.NullPointerException: null receiver
12-15 16:26:42.374 W/System.err(  628): java.lang.NullPointerException: null receiver
12-15 16:26:42.374 W/System.err(  628): 	at java.lang.reflect.Method.invoke(Native Method)
12-15 16:26:42.374 W/System.err(  628): 	at com.mediatek.server.MtkDataShaping.openLteGateByDataShaping(MtkDataShaping.java:36)
12-15 16:26:42.374 W/System.err(  628): 	at com.android.server.AlarmManagerService.deliverAlarmsLocked(AlarmManagerService.java:3603)
12-15 16:26:42.374 W/System.err(  628): 	at com.android.server.AlarmManagerService$AlarmThread.run(AlarmManagerService.java:3781)
12-15 16:26:42.375 E/ActivityManager(  628): Sending non-protected broadcast ALARM_ACTION(1087) from system uid 1000 pkg com.tal.genie.push
12-15 16:26:42.375 E/ActivityManager(  628): java.lang.Throwable
12-15 16:26:42.375 E/ActivityManager(  628): 	at com.android.server.am.ActivityManagerService.checkBroadcastFromSystem(ActivityManagerService.java:21477)
12-15 16:26:42.375 E/ActivityManager(  628): 	at com.android.server.am.ActivityManagerService.broadcastIntentLocked(ActivityManagerService.java:22077)
12-15 16:26:42.375 E/ActivityManager(  628): 	at com.android.server.am.ActivityManagerService.broadcastIntentInPackage(ActivityManagerService.java:22256)
12-15 16:26:42.375 E/ActivityManager(  628): 	at com.android.server.am.PendingIntentRecord.sendInner(PendingIntentRecord.java:372)
12-15 16:26:42.375 E/ActivityManager(  628): 	at com.android.server.am.PendingIntentRecord.sendWithResult(PendingIntentRecord.java:245)
12-15 16:26:42.375 E/ActivityManager(  628): 	at com.android.server.am.ActivityManagerService.sendIntentSender(ActivityManagerService.java:8613)
12-15 16:26:42.375 E/ActivityManager(  628): 	at android.app.PendingIntent.sendAndReturnResult(PendingIntent.java:892)
12-15 16:26:42.375 E/ActivityManager(  628): 	at android.app.PendingIntent.send(PendingIntent.java:874)
12-15 16:26:42.375 E/ActivityManager(  628): 	at com.android.server.AlarmManagerService$DeliveryTracker.deliverLocked(AlarmManagerService.java:4387)
12-15 16:26:42.375 E/ActivityManager(  628): 	at com.android.server.AlarmManagerService.deliverAlarmsLocked(AlarmManagerService.java:3632)
12-15 16:26:42.375 E/ActivityManager(  628): 	at com.android.server.AlarmManagerService$AlarmThread.run(AlarmManagerService.java:3781)
12-15 16:26:42.391 I/DeviceIndex( 3315): Skipping: device index is not enabled
12-15 16:26:42.396 W/TileUtils( 3315): Found com.android.settings.Settings$NotificationAppListActivity for intent Intent { act=com.android.settings.action.SETTINGS pkg=com.android.settings } missing metadata com.android.settings.category
12-15 16:26:42.406 I/WindowManager(  628): Relayout Window{e2fbe0d u0 com.android.settings/com.android.settings.Settings$SystemDashboardActivity}: oldVis=4 newVis=0 focusMayChange = true
12-15 16:26:42.408 I/BufferQueue(  312): [unnamed-312-106](this:0xabc0c000,id:106,api:0,p:-1,c:-1) BufferQueue core=(312:/system/bin/surfaceflinger)
12-15 16:26:42.408 I/BufferQueueConsumer(  312): [unnamed-312-106](this:0xabc0c000,id:106,api:0,p:-1,c:312) connect(C): consumer=(312:/system/bin/surfaceflinger) controlledByApp=false
12-15 16:26:42.408 I/BufferQueueConsumer(  312): [unnamed-312-106](this:0xabc0c000,id:106,api:0,p:-1,c:312) setConsumerName: unnamed-312-106
12-15 16:26:42.408 I/BufferQueueConsumer(  312): [com.android.settings/com.android.settings.Settings$SystemDashboardActivity#0](this:0xabc0c000,id:106,api:0,p:-1,c:312) setConsumerName: com.android.settings/com.android.settings.Settings$SystemDashboardActivity#0
12-15 16:26:42.408 I/BufferQueueConsumer(  312): [com.android.settings/com.android.settings.Settings$SystemDashboardActivity#0](this:0xabc0c000,id:106,api:0,p:-1,c:312) setDefaultBufferSize: width=720 height=1600
12-15 16:26:42.410 I/WindowManager(  628): Focus moving from null to Window{e2fbe0d u0 com.android.settings/com.android.settings.Settings$SystemDashboardActivity}
12-15 16:26:42.411 I/BufferQueueProducer(  312): [com.android.settings/com.android.settings.Settings$SystemDashboardActivity#0](this:0xabc0c000,id:106,api:1,p:3315,c:312) connect(P): api=1 producer=(3315:com.android.settings) producerControlledByApp=true
12-15 16:26:42.478 I/vendor.mediatek.hardware.power@2.0-impl(  301): powerHintAsync hint:8, data:0
12-15 16:26:42.491 I/PowerWrap(  628): PowerHal_Wrap_mtkPowerHint
12-15 16:26:42.491 I/ActivityManager(  628): Displayed com.android.settings/.Settings$SystemDashboardActivity: +154ms
12-15 16:26:42.492 I/libPowerHal(  301): 17: cpu_ctrl set freq: -1 -1
12-15 16:26:42.688 I/BufferQueueProducer(  312): [com.android.settings/com.android.settings.Settings#0](this:0xabc96000,id:103,api:1,p:3315,c:312) queueBuffer: fps=50.90 dur=1001.87 max=124.78 min=15.01
12-15 16:26:42.716 I/SurfaceFlinger(  312): [Built-in Screen (type:0)] fps:50.957520,dur:1000.83,max:123.38,min:16.30
12-15 16:26:42.925 I/BufferQueueProducer(  312): [com.android.settings/com.android.settings.Settings#0](this:0xabc96000,id:103,api:1,p:3315,c:312) disconnect(P): api 1
12-15 16:26:42.925 I/BufferQueueConsumer(  312): [com.android.settings/com.android.settings.Settings#0](this:0xabc96000,id:103,api:1,p:-1,c:312) getReleasedBuffers: returning mask 0xffffffffffffffff
12-15 16:26:42.937 W/ContextImpl( 3315): Calling a method in the system process without a qualified user: android.app.ContextImpl.startService:1532 android.content.ContextWrapper.startService:664 android.app.Activity.onEnterAnimationComplete:6662 android.app.Activity.dispatchEnterAnimationComplete:6673 android.app.ActivityThread.handleEnterAnimationComplete:3275 
12-15 16:26:42.975 I/BufferQueueConsumer(  312): [com.android.settings/com.android.settings.Settings#0](this:0xabc96000,id:103,api:1,p:-1,c:-1) disconnect(C)
12-15 16:26:42.975 I/BufferQueue(  312): [com.android.settings/com.android.settings.Settings#0](this:0xabc96000,id:103,api:1,p:-1,c:-1) ~BufferQueueCore
12-15 16:26:43.445 I/PowerWrap(  628): PowerHal_TouchBoost
12-15 16:26:43.448 I/libPowerHal(  301): 20: cpu_ctrl set freq: 2001000 -1
12-15 16:26:43.448 W/ContextImpl( 3315): Calling a method in the system process without a qualified user: android.app.ContextImpl.sendBroadcast:1006 android.content.ContextWrapper.sendBroadcast:444 android.content.ContextWrapper.sendBroadcast:444 android.view.View.dispatchTouchEvent:12526 android.view.ViewGroup.dispatchTransformedTouchEvent:3077 
12-15 16:26:43.450 E/ActivityManager(  628): Sending non-protected broadcast com.genie.clickscreen from system 3315:com.android.settings/1000 pkg com.android.settings
12-15 16:26:43.450 E/ActivityManager(  628): java.lang.Throwable
12-15 16:26:43.450 E/ActivityManager(  628): 	at com.android.server.am.ActivityManagerService.checkBroadcastFromSystem(ActivityManagerService.java:21473)
12-15 16:26:43.450 E/ActivityManager(  628): 	at com.android.server.am.ActivityManagerService.broadcastIntentLocked(ActivityManagerService.java:21984)
12-15 16:26:43.450 E/ActivityManager(  628): 	at com.android.server.am.ActivityManagerService.broadcastIntent(ActivityManagerService.java:22227)
12-15 16:26:43.450 E/ActivityManager(  628): 	at android.app.IActivityManager$Stub.onTransact$broadcastIntent$(IActivityManager.java:10181)
12-15 16:26:43.450 E/ActivityManager(  628): 	at android.app.IActivityManager$Stub.onTransact(IActivityManager.java:167)
12-15 16:26:43.450 E/ActivityManager(  628): 	at com.android.server.am.ActivityManagerService.onTransact(ActivityManagerService.java:3350)
12-15 16:26:43.450 E/ActivityManager(  628): 	at android.os.Binder.execTransact(Binder.java:731)
12-15 16:26:43.457 W/AES     (  628): Exception Log handling...
12-15 16:26:43.459 W/AES     (  628): skip for Exp level 0
12-15 16:26:43.459 E/ActivityManager(  628): Sending non-protected broadcast com.genie.clickscreen from system 3315:com.android.settings/1000 pkg com.android.settings
12-15 16:26:43.459 E/ActivityManager(  628): java.lang.Throwable
12-15 16:26:43.459 E/ActivityManager(  628): 	at com.android.server.am.ActivityManagerService.checkBroadcastFromSystem(ActivityManagerService.java:21473)
12-15 16:26:43.459 E/ActivityManager(  628): 	at com.android.server.am.ActivityManagerService.broadcastIntentLocked(ActivityManagerService.java:22077)
12-15 16:26:43.459 E/ActivityManager(  628): 	at com.android.server.am.ActivityManagerService.broadcastIntent(ActivityManagerService.java:22227)
12-15 16:26:43.459 E/ActivityManager(  628): 	at android.app.IActivityManager$Stub.onTransact$broadcastIntent$(IActivityManager.java:10181)
12-15 16:26:43.459 E/ActivityManager(  628): 	at android.app.IActivityManager$Stub.onTransact(IActivityManager.java:167)
12-15 16:26:43.459 E/ActivityManager(  628): 	at com.android.server.am.ActivityManagerService.onTransact(ActivityManagerService.java:3350)
12-15 16:26:43.459 E/ActivityManager(  628): 	at android.os.Binder.execTransact(Binder.java:731)
12-15 16:26:43.463 W/AES     (  628): Exception Log handling...
12-15 16:26:43.465 W/AES     (  628): skip for Exp level 0
12-15 16:26:43.466 I/SA.PushAutoTrackHelper( 1148): SDK or push disabled.
12-15 16:26:43.466 I/LockScreenReceiver( 1148): action ::: com.genie.clickscreen
12-15 16:26:43.467 I/EyesProtectManager( 1148): [ (EyesProtectManager.java:76)#userTracked ] userTracked:  configLoaded-true protectorOn-false canUseScreen-true isUseCounting-false useBeginTime-null useSeconds-0 lockScreenTime-2021-12-15 16:25:26 unlockScreenTime- null
12-15 16:26:43.530 I/BufferQueueProducer(  312): [com.android.settings/com.android.settings.Settings$SystemDashboardActivity#0](this:0xabc0c000,id:106,api:1,p:3315,c:312) queueBuffer: fps=1.89 dur=1058.92 max=1045.89 min=13.04
12-15 16:26:43.619 I/PowerWrap(  628): PowerHal_TouchBoost
12-15 16:26:43.621 I/libPowerHal(  301): 20: cpu_ctrl set freq: -1 -1
12-15 16:26:43.731 I/SurfaceFlinger(  312): [Built-in Screen (type:0)] fps:24.643999,dur:1014.45,max:556.62,min:15.89
12-15 16:26:44.099 W/TRAEIdle_Androi( 1276): type=1400 audit(0.0:14749): avc: denied { read } for name="stat" dev="proc" ino=4026532021 scontext=u:r:system_app:s0 tcontext=u:object_r:proc_stat:s0 tclass=file permissive=0
12-15 16:26:44.900 I/PowerWrap(  628): PowerHal_TouchBoost
12-15 16:26:44.901 I/libPowerHal(  301): 20: cpu_ctrl set freq: 2001000 -1
12-15 16:26:44.902 W/ContextImpl( 3315): Calling a method in the system process without a qualified user: android.app.ContextImpl.sendBroadcast:1006 android.content.ContextWrapper.sendBroadcast:444 android.content.ContextWrapper.sendBroadcast:444 android.view.View.dispatchTouchEvent:12526 android.view.ViewGroup.dispatchTransformedTouchEvent:3083 
12-15 16:26:44.903 E/ActivityManager(  628): Sending non-protected broadcast com.genie.clickscreen from system 3315:com.android.settings/1000 pkg com.android.settings
12-15 16:26:44.903 E/ActivityManager(  628): java.lang.Throwable
12-15 16:26:44.903 E/ActivityManager(  628): 	at com.android.server.am.ActivityManagerService.checkBroadcastFromSystem(ActivityManagerService.java:21473)
12-15 16:26:44.903 E/ActivityManager(  628): 	at com.android.server.am.ActivityManagerService.broadcastIntentLocked(ActivityManagerService.java:21984)
12-15 16:26:44.903 E/ActivityManager(  628): 	at com.android.server.am.ActivityManagerService.broadcastIntent(ActivityManagerService.java:22227)
12-15 16:26:44.903 E/ActivityManager(  628): 	at android.app.IActivityManager$Stub.onTransact$broadcastIntent$(IActivityManager.java:10181)
12-15 16:26:44.903 E/ActivityManager(  628): 	at android.app.IActivityManager$Stub.onTransact(IActivityManager.java:167)
12-15 16:26:44.903 E/ActivityManager(  628): 	at com.android.server.am.ActivityManagerService.onTransact(ActivityManagerService.java:3350)
12-15 16:26:44.903 E/ActivityManager(  628): 	at android.os.Binder.execTransact(Binder.java:731)
12-15 16:26:44.910 W/AES     (  628): Exception Log handling...
12-15 16:26:44.911 W/AES     (  628): skip for Exp level 0
12-15 16:26:44.912 E/ActivityManager(  628): Sending non-protected broadcast com.genie.clickscreen from system 3315:com.android.settings/1000 pkg com.android.settings
12-15 16:26:44.912 E/ActivityManager(  628): java.lang.Throwable
12-15 16:26:44.912 E/ActivityManager(  628): 	at com.android.server.am.ActivityManagerService.checkBroadcastFromSystem(ActivityManagerService.java:21473)
12-15 16:26:44.912 E/ActivityManager(  628): 	at com.android.server.am.ActivityManagerService.broadcastIntentLocked(ActivityManagerService.java:22077)
12-15 16:26:44.912 E/ActivityManager(  628): 	at com.android.server.am.ActivityManagerService.broadcastIntent(ActivityManagerService.java:22227)
12-15 16:26:44.912 E/ActivityManager(  628): 	at android.app.IActivityManager$Stub.onTransact$broadcastIntent$(IActivityManager.java:10181)
12-15 16:26:44.912 E/ActivityManager(  628): 	at android.app.IActivityManager$Stub.onTransact(IActivityManager.java:167)
12-15 16:26:44.912 E/ActivityManager(  628): 	at com.android.server.am.ActivityManagerService.onTransact(ActivityManagerService.java:3350)
12-15 16:26:44.912 E/ActivityManager(  628): 	at android.os.Binder.execTransact(Binder.java:731)
12-15 16:26:44.915 W/AES     (  628): Exception Log handling...
12-15 16:26:44.916 W/AES     (  628): skip for Exp level 0
12-15 16:26:44.917 I/SA.PushAutoTrackHelper( 1148): SDK or push disabled.
12-15 16:26:44.917 I/LockScreenReceiver( 1148): action ::: com.genie.clickscreen
12-15 16:26:44.917 I/EyesProtectManager( 1148): [ (EyesProtectManager.java:76)#userTracked ] userTracked:  configLoaded-true protectorOn-false canUseScreen-true isUseCounting-false useBeginTime-null useSeconds-0 lockScreenTime-2021-12-15 16:25:26 unlockScreenTime- null
12-15 16:26:44.986 I/PowerWrap(  628): PowerHal_TouchBoost
12-15 16:26:44.987 I/libPowerHal(  301): 20: cpu_ctrl set freq: -1 -1
12-15 16:26:44.992 I/ActivityManager(  628): START u0 {act=com.android.settings.action.SETTINGS_SEARCH pkg=com.android.settings.intelligence cmp=com.android.settings.intelligence/.search.SearchActivity} from uid 1000
12-15 16:26:44.993 E/AudioTrack(  628): start(): 0x8bec3180, mState = 1
12-15 16:26:44.997 I/BufferQueueProducer(  312): [com.android.settings/com.android.settings.Settings$SystemDashboardActivity#0](this:0xabc0c000,id:106,api:1,p:3315,c:312) queueBuffer: fps=32.03 dur=1467.37 max=664.30 min=11.97
12-15 16:26:45.009 I/SurfaceFlinger(  312): [Built-in Screen (type:0)] fps:28.158409,dur:1278.48,max:665.59,min:17.08
12-15 16:26:45.019 I/vendor.mediatek.hardware.power@2.0-impl(  301): powerHintAsync hint:8, data:1
12-15 16:26:45.020 I/libPowerHal(  301): 8: cpu_ctrl set freq: 2001000 -1
12-15 16:26:45.022 I/PowerWrap(  628): PowerHal_Wrap_mtkPowerHint
12-15 16:26:45.031 I/chatty  (  628): uid=1000(system) Binder:628_8 identical 4 lines
12-15 16:26:45.031 I/PowerWrap(  628): PowerHal_Wrap_mtkPowerHint
12-15 16:26:45.035 W/lmkd    (  311): type=1400 audit(0.0:14750): avc: denied { dac_read_search } for capability=2 scontext=u:r:lmkd:s0 tcontext=u:r:lmkd:s0 tclass=capability permissive=0
12-15 16:26:45.035 W/lmkd    (  311): type=1400 audit(0.0:14751): avc: denied { dac_read_search } for capability=2 scontext=u:r:lmkd:s0 tcontext=u:r:lmkd:s0 tclass=capability permissive=0
12-15 16:26:45.045 W/main    ( 4399): type=1400 audit(0.0:14752): avc: denied { dac_read_search } for capability=2 scontext=u:r:zygote:s0 tcontext=u:r:zygote:s0 tclass=capability permissive=0
12-15 16:26:45.045 W/main    ( 4399): type=1400 audit(0.0:14753): avc: denied { dac_read_search } for capability=2 scontext=u:r:zygote:s0 tcontext=u:r:zygote:s0 tclass=capability permissive=0
12-15 16:26:45.045 I/chatty  ( 4399): uid=10021(com.android.settings.intelligence) identical 1 line
12-15 16:26:45.045 W/main    ( 4399): type=1400 audit(0.0:14755): avc: denied { dac_read_search } for capability=2 scontext=u:r:zygote:s0 tcontext=u:r:zygote:s0 tclass=capability permissive=0
12-15 16:26:45.047 I/BufferQueue(  312): [unnamed-312-107](this:0xa8aa1000,id:107,api:0,p:-1,c:-1) BufferQueue core=(312:/system/bin/surfaceflinger)
12-15 16:26:45.047 I/BufferQueueConsumer(  312): [unnamed-312-107](this:0xa8aa1000,id:107,api:0,p:-1,c:312) connect(C): consumer=(312:/system/bin/surfaceflinger) controlledByApp=false
12-15 16:26:45.047 I/BufferQueueConsumer(  312): [unnamed-312-107](this:0xa8aa1000,id:107,api:0,p:-1,c:312) setConsumerName: unnamed-312-107
12-15 16:26:45.047 I/BufferQueueConsumer(  312): [Splash Screen com.android.settings.intelligence#0](this:0xa8aa1000,id:107,api:0,p:-1,c:312) setConsumerName: Splash Screen com.android.settings.intelligence#0
12-15 16:26:45.047 I/BufferQueueConsumer(  312): [Splash Screen com.android.settings.intelligence#0](this:0xa8aa1000,id:107,api:0,p:-1,c:312) setDefaultBufferSize: width=720 height=1600
12-15 16:26:45.048 I/ActivityManager(  628): Start proc 4399:com.android.settings.intelligence/u0a21 for activity com.android.settings.intelligence/.search.SearchActivity
12-15 16:26:45.050 I/WindowManager(  628): Focus moving from Window{e2fbe0d u0 com.android.settings/com.android.settings.Settings$SystemDashboardActivity} to null
12-15 16:26:45.060 E/gs.intelligenc( 4399): Not starting debugger since process cannot load the jdwp agent.
12-15 16:26:45.062 I/BufferQueueProducer(  312): [Splash Screen com.android.settings.intelligence#0](this:0xa8aa1000,id:107,api:2,p:628,c:312) connect(P): api=2 producer=(628:system_server) producerControlledByApp=false
12-15 16:26:45.072 W/re-initialized>( 4399): type=1400 audit(0.0:14756): avc: denied { open } for path="/dev/__properties__/u:object_r:mtk_amslog_prop:s0" dev="tmpfs" ino=8397 scontext=u:r:priv_app:s0:c512,c768 tcontext=u:object_r:mtk_amslog_prop:s0 tclass=file permissive=0
12-15 16:26:45.075 E/libc    ( 4399): Access denied finding property "persist.vendor.sys.activitylog"
12-15 16:26:45.085 I/vendor.mediatek.hardware.power@2.0-impl(  301): notifyAppState pack:com.android.settings.intelligence, act:com.android.settings.intelligence.search.SearchActivity, pid:4399, state:1
12-15 16:26:45.085 I/libPowerHal(  301): [perfNotifyAppState] foreground:com.android.settings.intelligence, pid:4399
12-15 16:26:45.101 I/gs.intelligenc( 4399): The ClassLoaderContext is a special shared library.
12-15 16:26:45.137 E/WifiVendorHal(  628): getWifiLinkLayerStats(l.937) failed {.code = ERROR_NOT_SUPPORTED, .description = }
12-15 16:26:45.199 I/IndexDatabaseHelper( 4399): Bootstrapped database
12-15 16:26:45.201 I/IndexDatabaseHelper( 4399): Using schema version: 119
12-15 16:26:45.203 I/IndexDatabaseHelper( 4399): Index is fine
12-15 16:26:45.223 I/IndexDatabaseHelper( 4399): Bootstrapped database
12-15 16:26:45.229 I/SurfaceFactory( 4399): [static] sSurfaceFactory = com.mediatek.view.impl.SurfaceFactoryImpl@81ccbe6
12-15 16:26:45.241 I/SurfaceFlinger(  312): [SF client] NEW(0xabbec2c0) for (628:system_server)
12-15 16:26:45.273 I/WindowManager(  628): Relayout Window{f8a7ef7 u0 com.android.settings.intelligence/com.android.settings.intelligence.search.SearchActivity}: oldVis=4 newVis=0 focusMayChange = true
12-15 16:26:45.277 I/BufferQueue(  312): [unnamed-312-108](this:0xabc13000,id:108,api:0,p:-1,c:-1) BufferQueue core=(312:/system/bin/surfaceflinger)
12-15 16:26:45.277 I/BufferQueueConsumer(  312): [unnamed-312-108](this:0xabc13000,id:108,api:0,p:-1,c:312) connect(C): consumer=(312:/system/bin/surfaceflinger) controlledByApp=false
12-15 16:26:45.277 I/BufferQueueConsumer(  312): [unnamed-312-108](this:0xabc13000,id:108,api:0,p:-1,c:312) setConsumerName: unnamed-312-108
12-15 16:26:45.277 I/BufferQueueConsumer(  312): [com.android.settings.intelligence/com.android.settings.intelligence.search.SearchActivity#0](this:0xabc13000,id:108,api:0,p:-1,c:312) setConsumerName: com.android.settings.intelligence/com.android.settings.intelligence.search.SearchActivity#0
12-15 16:26:45.277 I/BufferQueueConsumer(  312): [com.android.settings.intelligence/com.android.settings.intelligence.search.SearchActivity#0](this:0xabc13000,id:108,api:0,p:-1,c:312) setDefaultBufferSize: width=720 height=1600
12-15 16:26:45.279 I/WindowManager(  628): Focus moving from null to Window{f8a7ef7 u0 com.android.settings.intelligence/com.android.settings.intelligence.search.SearchActivity}
12-15 16:26:45.290 I/ConfigStore( 4399): android::hardware::configstore::V1_0::ISurfaceFlingerConfigs::hasWideColorDisplay retrieved: 0
12-15 16:26:45.292 I/ConfigStore( 4399): android::hardware::configstore::V1_0::ISurfaceFlingerConfigs::hasHDRDisplay retrieved: 0
12-15 16:26:45.292 I/OpenGLRenderer( 4399): Initialized EGL, version 1.4
12-15 16:26:45.293 E/OpenGLRenderer( 4399): Device claims wide gamut support, cannot find matching config, error = EGL_SUCCESS
12-15 16:26:45.309 I/BufferQueueProducer(  312): [com.android.settings.intelligence/com.android.settings.intelligence.search.SearchActivity#0](this:0xabc13000,id:108,api:1,p:4399,c:312) connect(P): api=1 producer=(4399:com.android.settings.intelligence) producerControlledByApp=true
12-15 16:26:45.319 E/gralloc ( 4399): Arm Module v1.0
12-15 16:26:45.321 E/ion     ( 4399): ioctl c0044901 failed with code -1: Invalid argument
12-15 16:26:45.336 W/PrefControllerMixin( 3315): Skipping updateNonIndexableKeys due to empty key com.android.settings.notification.LockScreenNotificationPreferenceController@9259ed8
12-15 16:26:45.352 E/BluetoothPan( 3315): Could not bind to Bluetooth Pan Service with Intent { act=android.bluetooth.IBluetoothPan }
12-15 16:26:45.353 E/BluetoothHidDevice( 3315): Could not bind to Bluetooth HID Device Service with Intent { act=android.bluetooth.IBluetoothHidDevice }
12-15 16:26:45.354 E/libc    ( 3315): Access denied finding property "persist.vendor.bluetooth.hostloglevel"
12-15 16:26:45.355 E/BluetoothMap( 3315): Could not bind to Bluetooth MAP Service with Intent { act=android.bluetooth.IBluetoothMap }
12-15 16:26:45.359 E/BluetoothPbap( 3315): Could not bind to Bluetooth Pbap Service with Intent { act=android.bluetooth.IBluetoothPbap }
12-15 16:26:45.418 I/LocationSettings( 3315): add addPreferenceControllerdd
12-15 16:26:45.429 W/System  ( 3315): ClassLoader referenced unknown path: /system/priv-app/PrivacyProtectionLock/PrivacyProtectionLock.apk
12-15 16:26:45.437 W/PrefCtrlListHelper( 3315): visiblepattern_profile already has a controller
12-15 16:26:45.437 W/PrefCtrlListHelper( 3315): show_password already has a controller
12-15 16:26:45.439 E/BaseSearchIndex( 3315): com.mediatek.settings.security.DataprotectionPreferenceController must implement com.android.settings.core.PreferenceControllerMixin treating the key non-indexable
12-15 16:26:45.439 E/BaseSearchIndex( 3315): com.mediatek.settings.security.PplPreferenceController must implement com.android.settings.core.PreferenceControllerMixin treating the key non-indexable
12-15 16:26:45.439 E/BaseSearchIndex( 3315): com.mediatek.settings.security.PermissionControlPreferenceController must implement com.android.settings.core.PreferenceControllerMixin treating the key non-indexable
12-15 16:26:45.439 E/BaseSearchIndex( 3315): com.mediatek.settings.security.AutoBootManagementPreferenceController must implement com.android.settings.core.PreferenceControllerMixin treating the key non-indexable
12-15 16:26:45.467 I/ActivityManager(  628): Displayed com.android.settings.intelligence/.search.SearchActivity: +429ms
12-15 16:26:45.486 I/LatinIME(  748): Starting input. Cursor position = 0,0
12-15 16:26:45.491 I/vendor.mediatek.hardware.power@2.0-impl(  301): powerHintAsync hint:8, data:0
12-15 16:26:45.493 I/PowerWrap(  628): PowerHal_Wrap_mtkPowerHint
12-15 16:26:45.494 I/PowerWrap(  628): PowerHal_Wrap_querySysInfo
12-15 16:26:45.494 E/PowerHalWrapper(  628): <amsBoostStop> duration: 6000ms
12-15 16:26:45.494 I/PowerWrap(  628): PowerHal_Wrap_mtkPowerHint
12-15 16:26:45.494 I/PowerWrap(  628): PowerHal_Wrap_mtkPowerHint
12-15 16:26:45.495 W/PrefCtrlListHelper( 3315): auto_battery_saver already has a controller
12-15 16:26:45.525 E/SystemServiceRegistry( 3315): No service published for: print
12-15 16:26:45.525 E/SystemServiceRegistry( 3315): android.os.ServiceManager$ServiceNotFoundException: No service published for: print
12-15 16:26:45.525 E/SystemServiceRegistry( 3315): 	at android.os.ServiceManager.getServiceOrThrow(ServiceManager.java:143)
12-15 16:26:45.525 E/SystemServiceRegistry( 3315): 	at android.app.SystemServiceRegistry$64.createService(SystemServiceRegistry.java:740)
12-15 16:26:45.525 E/SystemServiceRegistry( 3315): 	at android.app.SystemServiceRegistry$64.createService(SystemServiceRegistry.java:733)
12-15 16:26:45.525 E/SystemServiceRegistry( 3315): 	at android.app.SystemServiceRegistry$CachedServiceFetcher.getService(SystemServiceRegistry.java:1139)
12-15 16:26:45.525 E/SystemServiceRegistry( 3315): 	at android.app.SystemServiceRegistry.getSystemService(SystemServiceRegistry.java:1055)
12-15 16:26:45.525 E/SystemServiceRegistry( 3315): 	at android.app.ContextImpl.getSystemService(ContextImpl.java:1722)
12-15 16:26:45.525 E/SystemServiceRegistry( 3315): 	at android.content.ContextWrapper.getSystemService(ContextWrapper.java:728)
12-15 16:26:45.525 E/SystemServiceRegistry( 3315): 	at com.android.settings.print.PrintSettingPreferenceController.<init>(PrintSettingPreferenceController.java:55)
12-15 16:26:45.525 E/SystemServiceRegistry( 3315): 	at com.android.settings.connecteddevice.AdvancedConnectedDeviceDashboardFragment.buildControllers(AdvancedConnectedDeviceDashboardFragment.java:77)
12-15 16:26:45.525 E/SystemServiceRegistry( 3315): 	at com.android.settings.connecteddevice.AdvancedConnectedDeviceDashboardFragment.access$000(AdvancedConnectedDeviceDashboardFragment.java:39)
12-15 16:26:45.525 E/SystemServiceRegistry( 3315): 	at com.android.settings.connecteddevice.AdvancedConnectedDeviceDashboardFragment$1.createPreferenceControllers(AdvancedConnectedDeviceDashboardFragment.java:118)
12-15 16:26:45.525 E/SystemServiceRegistry( 3315): 	at com.android.settings.search.BaseSearchIndexProvider.getPreferenceControllers(BaseSearchIndexProvider.java:96)
12-15 16:26:45.525 E/SystemServiceRegistry( 3315): 	at com.android.settings.search.BaseSearchIndexProvider.getNonIndexableKeys(BaseSearchIndexProvider.java:70)
12-15 16:26:45.525 E/SystemServiceRegistry( 3315): 	at com.android.settings.connecteddevice.AdvancedConnectedDeviceDashboardFragment$1.getNonIndexableKeys(AdvancedConnectedDeviceDashboardFragment.java:103)
12-15 16:26:45.525 E/SystemServiceRegistry( 3315): 	at com.android.settings.search.SettingsSearchIndexablesProvider.getNonIndexableKeysFromProvider(SettingsSearchIndexablesProvider.java:199)
12-15 16:26:45.525 E/SystemServiceRegistry( 3315): 	at com.android.settings.search.SettingsSearchIndexablesProvider.queryNonIndexableKeys(SettingsSearchIndexablesProvider.java:145)
12-15 16:26:45.525 E/SystemServiceRegistry( 3315): 	at android.provider.SearchIndexablesProvider.query(SearchIndexablesProvider.java:117)
12-15 16:26:45.525 E/SystemServiceRegistry( 3315): 	at android.content.ContentProvider.query(ContentProvider.java:1057)
12-15 16:26:45.525 E/SystemServiceRegistry( 3315): 	at android.content.ContentProvider.query(ContentProvider.java:1149)
12-15 16:26:45.525 E/SystemServiceRegistry( 3315): 	at android.content.ContentProvider$Transport.query(ContentProvider.java:241)
12-15 16:26:45.525 E/SystemServiceRegistry( 3315): 	at android.content.ContentProviderNative.onTransact(ContentProviderNative.java:102)
12-15 16:26:45.525 E/SystemServiceRegistry( 3315): 	at android.os.Binder.execTransact(Binder.java:731)
12-15 16:26:45.530 E/SettingsSearchProvider( 3315): Error trying to get non-indexable keys from: com.android.settings.connecteddevice.AdvancedConnectedDeviceDashboardFragment
12-15 16:26:45.530 E/SettingsSearchProvider( 3315): java.lang.NullPointerException: Attempt to invoke virtual method 'android.print.PrintManager android.print.PrintManager.getGlobalPrintManagerForUser(int)' on a null object reference
12-15 16:26:45.530 E/SettingsSearchProvider( 3315): 	at com.android.settings.print.PrintSettingPreferenceController.<init>(PrintSettingPreferenceController.java:56)
12-15 16:26:45.530 E/SettingsSearchProvider( 3315): 	at com.android.settings.connecteddevice.AdvancedConnectedDeviceDashboardFragment.buildControllers(AdvancedConnectedDeviceDashboardFragment.java:77)
12-15 16:26:45.530 E/SettingsSearchProvider( 3315): 	at com.android.settings.connecteddevice.AdvancedConnectedDeviceDashboardFragment.access$000(AdvancedConnectedDeviceDashboardFragment.java:39)
12-15 16:26:45.530 E/SettingsSearchProvider( 3315): 	at com.android.settings.connecteddevice.AdvancedConnectedDeviceDashboardFragment$1.createPreferenceControllers(AdvancedConnectedDeviceDashboardFragment.java:118)
12-15 16:26:45.530 E/SettingsSearchProvider( 3315): 	at com.android.settings.search.BaseSearchIndexProvider.getPreferenceControllers(BaseSearchIndexProvider.java:96)
12-15 16:26:45.530 E/SettingsSearchProvider( 3315): 	at com.android.settings.search.BaseSearchIndexProvider.getNonIndexableKeys(BaseSearchIndexProvider.java:70)
12-15 16:26:45.530 E/SettingsSearchProvider( 3315): 	at com.android.settings.connecteddevice.AdvancedConnectedDeviceDashboardFragment$1.getNonIndexableKeys(AdvancedConnectedDeviceDashboardFragment.java:103)
12-15 16:26:45.530 E/SettingsSearchProvider( 3315): 	at com.android.settings.search.SettingsSearchIndexablesProvider.getNonIndexableKeysFromProvider(SettingsSearchIndexablesProvider.java:199)
12-15 16:26:45.530 E/SettingsSearchProvider( 3315): 	at com.android.settings.search.SettingsSearchIndexablesProvider.queryNonIndexableKeys(SettingsSearchIndexablesProvider.java:145)
12-15 16:26:45.530 E/SettingsSearchProvider( 3315): 	at android.provider.SearchIndexablesProvider.query(SearchIndexablesProvider.java:117)
12-15 16:26:45.530 E/SettingsSearchProvider( 3315): 	at android.content.ContentProvider.query(ContentProvider.java:1057)
12-15 16:26:45.530 E/SettingsSearchProvider( 3315): 	at android.content.ContentProvider.query(ContentProvider.java:1149)
12-15 16:26:45.530 E/SettingsSearchProvider( 3315): 	at android.content.ContentProvider$Transport.query(ContentProvider.java:241)
12-15 16:26:45.530 E/SettingsSearchProvider( 3315): 	at android.content.ContentProviderNative.onTransact(ContentProviderNative.java:102)
12-15 16:26:45.530 E/SettingsSearchProvider( 3315): 	at android.os.Binder.execTransact(Binder.java:731)
12-15 16:26:45.531 E/SettingsSearchProvider( 3315): Error trying to get non-indexable keys from: com.android.settings.deviceinfo.aboutphone.MyDeviceInfoFragment
12-15 16:26:45.531 E/SettingsSearchProvider( 3315): java.lang.RuntimeException: Can't create handler inside thread Thread[Binder:3315_7,5,main] that has not called Looper.prepare()
12-15 16:26:45.531 E/SettingsSearchProvider( 3315): 	at android.os.Handler.<init>(Handler.java:205)
12-15 16:26:45.531 E/SettingsSearchProvider( 3315): 	at android.os.Handler.<init>(Handler.java:118)
12-15 16:26:45.531 E/SettingsSearchProvider( 3315): 	at android.telephony.SubscriptionManager$OnSubscriptionsChangedListener$OnSubscriptionsChangedListenerHandler.<init>(SubscriptionManager.java:536)
12-15 16:26:45.531 E/SettingsSearchProvider( 3315): 	at android.telephony.SubscriptionManager$OnSubscriptionsChangedListener.<init>(SubscriptionManager.java:571)
12-15 16:26:45.531 E/SettingsSearchProvider( 3315): 	at com.android.settings.deviceinfo.PhoneNumberPreferenceController$1.<init>(PhoneNumberPreferenceController.java:154)
12-15 16:26:45.531 E/SettingsSearchProvider( 3315): 	at com.android.settings.deviceinfo.PhoneNumberPreferenceController.<init>(PhoneNumberPreferenceController.java:153)
12-15 16:26:45.531 E/SettingsSearchProvider( 3315): 	at com.android.settings.deviceinfo.aboutphone.MyDeviceInfoFragment.buildPreferenceControllers(MyDeviceInfoFragment.java:112)
12-15 16:26:45.531 E/SettingsSearchProvider( 3315): 	at com.android.settings.deviceinfo.aboutphone.MyDeviceInfoFragment.access$000(MyDeviceInfoFragment.java:65)
12-15 16:26:45.531 E/SettingsSearchProvider( 3315): 	at com.android.settings.deviceinfo.aboutphone.MyDeviceInfoFragment$1.createPreferenceControllers(MyDeviceInfoFragment.java:230)
12-15 16:26:45.531 E/SettingsSearchProvider( 3315): 	at com.android.settings.search.BaseSearchIndexProvider.getPreferenceControllers(BaseSearchIndexProvider.java:96)
12-15 16:26:45.531 E/SettingsSearchProvider( 3315): 	at com.android.settings.search.BaseSearchIndexProvider.getNonIndexableKeys(BaseSearchIndexProvider.java:70)
12-15 16:26:45.531 E/SettingsSearchProvider( 3315): 	at com.android.settings.deviceinfo.aboutphone.MyDeviceInfoFragment$1.getNonIndexableKeys(MyDeviceInfoFragment.java:236)
12-15 16:26:45.531 E/SettingsSearchProvider( 3315): 	at com.android.settings.search.SettingsSearchIndexablesProvider.getNonIndexableKeysFromProvider(SettingsSearchIndexablesProvider.java:199)
12-15 16:26:45.531 E/SettingsSearchProvider( 3315): 	at com.android.settings.search.SettingsSearchIndexablesProvider.queryNonIndexableKeys(SettingsSearchIndexablesProvider.java:145)
12-15 16:26:45.531 E/SettingsSearchProvider( 3315): 	at android.provider.SearchIndexablesProvider.query(SearchIndexablesProvider.java:117)
12-15 16:26:45.531 E/SettingsSearchProvider( 3315): 	at android.content.ContentProvider.query(ContentProvider.java:1057)
12-15 16:26:45.531 E/SettingsSearchProvider( 3315): 	at android.content.ContentProvider.query(ContentProvider.java:1149)
12-15 16:26:45.531 E/SettingsSearchProvider( 3315): 	at android.content.ContentProvider$Transport.query(ContentProvider.java:241)
12-15 16:26:45.531 E/SettingsSearchProvider( 3315): 	at android.content.ContentProviderNative.onTransact(ContentProviderNative.java:102)
12-15 16:26:45.531 E/SettingsSearchProvider( 3315): 	at android.os.Binder.execTransact(Binder.java:731)
12-15 16:26:45.535 W/AES     (  628): Exception Log handling...
12-15 16:26:45.538 W/AES     (  628): skip for Exp level 0
12-15 16:26:45.541 I/BufferQueueProducer(  312): [com.android.settings/com.android.settings.Settings$SystemDashboardActivity#0](this:0xabc0c000,id:106,api:1,p:3315,c:312) disconnect(P): api 1
12-15 16:26:45.541 I/BufferQueueConsumer(  312): [com.android.settings/com.android.settings.Settings$SystemDashboardActivity#0](this:0xabc0c000,id:106,api:1,p:-1,c:312) getReleasedBuffers: returning mask 0xffffffffffffffff
12-15 16:26:45.565 W/PrefCtrlListHelper( 3315): smart_battery already has a controller
12-15 16:26:45.573 W/DreamManagerService(  628): Dream ComponentInfo{com.google.android.deskclock/com.android.deskclock.Screensaver} does not exist
12-15 16:26:45.573 W/DreamManagerService(  628): Falling back to default dream ComponentInfo{com.google.android.deskclock/com.android.deskclock.Screensaver}
12-15 16:26:45.579 I/WindowManager(  628): Relayout Window{4659f30 u0 InputMethod}: oldVis=8 newVis=0 focusMayChange = true
12-15 16:26:45.582 I/BufferQueue(  312): [unnamed-312-109](this:0xabc11000,id:109,api:0,p:-1,c:-1) BufferQueue core=(312:/system/bin/surfaceflinger)
12-15 16:26:45.582 I/BufferQueueConsumer(  312): [unnamed-312-109](this:0xabc11000,id:109,api:0,p:-1,c:312) connect(C): consumer=(312:/system/bin/surfaceflinger) controlledByApp=false
12-15 16:26:45.582 I/BufferQueueConsumer(  312): [unnamed-312-109](this:0xabc11000,id:109,api:0,p:-1,c:312) setConsumerName: unnamed-312-109
12-15 16:26:45.583 I/BufferQueueConsumer(  312): [InputMethod#0](this:0xabc11000,id:109,api:0,p:-1,c:312) setConsumerName: InputMethod#0
12-15 16:26:45.583 I/BufferQueueConsumer(  312): [InputMethod#0](this:0xabc11000,id:109,api:0,p:-1,c:312) setDefaultBufferSize: width=720 height=1600
12-15 16:26:45.586 I/BufferQueueConsumer(  312): [com.android.settings/com.android.settings.Settings$SystemDashboardActivity#0](this:0xabc0c000,id:106,api:1,p:-1,c:-1) disconnect(C)
12-15 16:26:45.586 I/BufferQueue(  312): [com.android.settings/com.android.settings.Settings$SystemDashboardActivity#0](this:0xabc0c000,id:106,api:1,p:-1,c:-1) ~BufferQueueCore
12-15 16:26:45.590 I/hash_map_utils(  306): key: 'MTK_VOW_SUPPORT' value: ''
12-15 16:26:45.595 I/BufferQueueProducer(  312): [InputMethod#0](this:0xabc11000,id:109,api:1,p:748,c:312) connect(P): api=1 producer=(748:com.android.inputmethod.latin) producerControlledByApp=true
12-15 16:26:45.614 W/PrefCtrlListHelper( 3315): security_setting_lockdown_enabled already has a controller
12-15 16:26:45.615 W/PrefControllerMixin( 3315): Skipping updateNonIndexableKeys due to empty key com.android.settings.notification.LockScreenNotificationPreferenceController@6f91ab9
12-15 16:26:45.618 E/SettingsSearchProvider( 3315): Error trying to get non-indexable keys from: com.android.settings.deviceinfo.DeviceInfoSettings
12-15 16:26:45.618 E/SettingsSearchProvider( 3315): java.lang.RuntimeException: Can't create handler inside thread Thread[Binder:3315_7,5,main] that has not called Looper.prepare()
12-15 16:26:45.618 E/SettingsSearchProvider( 3315): 	at android.os.Handler.<init>(Handler.java:205)
12-15 16:26:45.618 E/SettingsSearchProvider( 3315): 	at android.os.Handler.<init>(Handler.java:118)
12-15 16:26:45.618 E/SettingsSearchProvider( 3315): 	at android.telephony.SubscriptionManager$OnSubscriptionsChangedListener$OnSubscriptionsChangedListenerHandler.<init>(SubscriptionManager.java:536)
12-15 16:26:45.618 E/SettingsSearchProvider( 3315): 	at android.telephony.SubscriptionManager$OnSubscriptionsChangedListener.<init>(SubscriptionManager.java:571)
12-15 16:26:45.618 E/SettingsSearchProvider( 3315): 	at com.android.settings.deviceinfo.PhoneNumberPreferenceController$1.<init>(PhoneNumberPreferenceController.java:154)
12-15 16:26:45.618 E/SettingsSearchProvider( 3315): 	at com.android.settings.deviceinfo.PhoneNumberPreferenceController.<init>(PhoneNumberPreferenceController.java:153)
12-15 16:26:45.618 E/SettingsSearchProvider( 3315): 	at com.android.settings.deviceinfo.DeviceInfoSettings.buildPreferenceControllers(DeviceInfoSettings.java:128)
12-15 16:26:45.618 E/SettingsSearchProvider( 3315): 	at com.android.settings.deviceinfo.DeviceInfoSettings.access$000(DeviceInfoSettings.java:43)
12-15 16:26:45.618 E/SettingsSearchProvider( 3315): 	at com.android.settings.deviceinfo.DeviceInfoSettings$2.createPreferenceControllers(DeviceInfoSettings.java:165)
12-15 16:26:45.618 E/SettingsSearchProvider( 3315): 	at com.android.settings.search.BaseSearchIndexProvider.getPreferenceControllers(BaseSearchIndexProvider.java:96)
12-15 16:26:45.618 E/SettingsSearchProvider( 3315): 	at com.android.settings.search.BaseSearchIndexProvider.getNonIndexableKeys(BaseSearchIndexProvider.java:70)
12-15 16:26:45.618 E/SettingsSearchProvider( 3315): 	at com.android.settings.deviceinfo.DeviceInfoSettings$2.getNonIndexableKeys(DeviceInfoSettings.java:171)
12-15 16:26:45.618 E/SettingsSearchProvider( 3315): 	at com.android.settings.search.SettingsSearchIndexablesProvider.getNonIndexableKeysFromProvider(SettingsSearchIndexablesProvider.java:199)
12-15 16:26:45.618 E/SettingsSearchProvider( 3315): 	at com.android.settings.search.SettingsSearchIndexablesProvider.queryNonIndexableKeys(SettingsSearchIndexablesProvider.java:145)
12-15 16:26:45.618 E/SettingsSearchProvider( 3315): 	at android.provider.SearchIndexablesProvider.query(SearchIndexablesProvider.java:117)
12-15 16:26:45.618 E/SettingsSearchProvider( 3315): 	at android.content.ContentProvider.query(ContentProvider.java:1057)
12-15 16:26:45.618 E/SettingsSearchProvider( 3315): 	at android.content.ContentProvider.query(ContentProvider.java:1149)
12-15 16:26:45.618 E/SettingsSearchProvider( 3315): 	at android.content.ContentProvider$Transport.query(ContentProvider.java:241)
12-15 16:26:45.618 E/SettingsSearchProvider( 3315): 	at android.content.ContentProviderNative.onTransact(ContentProviderNative.java:102)
