11-17 11:41:24.672 D/PowerAQLib(  288): chmix_process!
11-17 11:41:24.674 D/PowerAQLib(  288): mbdrc_process, input_bytes 8192, output_bytes 8192
11-17 11:41:24.674 D/PowerAQLib(  288): result 0, counsumed_bytes 4096, i 0, loop_cnt 2
11-17 11:41:24.674 D/PowerAQLib(  288): result 0, counsumed_bytes 4096, i 1, loop_cnt 2
11-17 11:41:24.674 D/PowerAQLib(  288): mbdrc_process, input_bytes 8192, output_bytes 8192
11-17 11:41:24.674 D/PowerAQLib(  288): bypass_process!
11-17 11:41:24.686 D/PowerAQLib(  288): chmix_process!
11-17 11:41:24.687 D/PowerAQLib(  288): mbdrc_process, input_bytes 8192, output_bytes 8192
11-17 11:41:24.687 D/PowerAQLib(  288): result 0, counsumed_bytes 4096, i 0, loop_cnt 2
11-17 11:41:24.687 D/PowerAQLib(  288): result 0, counsumed_bytes 4096, i 1, loop_cnt 2
11-17 11:41:24.687 D/PowerAQLib(  288): mbdrc_process, input_bytes 8192, output_bytes 8192
11-17 11:41:24.687 D/PowerAQLib(  288): bypass_process!
11-17 11:41:24.698 E/WifiVendorHal(  629): getWifiLinkLayerStats(l.937) failed {.code = ERROR_NOT_SUPPORTED, .description = }
11-17 11:41:24.699 D/PowerAQLib(  288): chmix_process!
11-17 11:41:24.700 D/PowerAQLib(  288): mbdrc_process, input_bytes 8192, output_bytes 8192
11-17 11:41:24.700 D/PowerAQLib(  288): result 0, counsumed_bytes 4096, i 0, loop_cnt 2
11-17 11:41:24.700 D/PowerAQLib(  288): result 0, counsumed_bytes 4096, i 1, loop_cnt 2
11-17 11:41:24.700 D/PowerAQLib(  288): mbdrc_process, input_bytes 8192, output_bytes 8192
11-17 11:41:24.701 D/PowerAQLib(  288): bypass_process!
11-17 11:41:24.702 D/AudioProcessor( 1151): [ (AudioProcessor.java:181)#sendDataToJNI4 ] type:3 isHeating:true
11-17 11:41:24.703 D/IVoiceS ( 1151): [ (TalkVoiceS.java:213)#onEnd ] onEnd:
11-17 11:41:24.703 D/AudioUtils( 1151): [ (AudioUtils.java:69)#getAudioDataEnd ] wakeup getData:1600
11-17 11:41:24.703 D/socketMsg( 1151): [ (AudioProcessor.java:244)#sendMsg ] time:0
11-17 11:41:24.704 D/AudioUtils( 1151): [ (AudioUtils.java:69)#getAudioDataEnd ] wakeup getData:1600
11-17 11:41:24.705 D/socketMsg( 1151): [ (AudioProcessor.java:244)#sendMsg ] time:1
11-17 11:41:24.705 D/LonglinkLog( 1151): [ (LonglinkLog.java:51)#d ] raw_sendMsg bytes=[size=4400 text={"audio":{"index":20,"is_tail":false,"xdata":"E\u003d"},"mtype":0,"request_id":"e1a8d808-d5ef-48d6-bc23-6bbe851bb7c5","skill_type":""}],status = CONNECTED socketId:ef48f20c-2dcf-4ec6-b444-3f7cdb9648ce
11-17 11:41:24.706 D/AudioUtils( 1151): [ (AudioUtils.java:69)#getAudioDataEnd ] wakeup getData:1600
11-17 11:41:24.709 D/socketMsg( 1151): [ (AudioProcessor.java:244)#sendMsg ] time:1
11-17 11:41:24.711 D/AudioUtils( 1151): [ (AudioUtils.java:69)#getAudioDataEnd ] wakeup getData:1600
11-17 11:41:24.712 D/LonglinkLog( 1151): [ (LonglinkLog.java:51)#d ] raw_sendMsg bytes=[size=4400 text={"audio":{"index":21,"is_tail":false,"xdata":"E\u003d"},"mtype":0,"request_id":"e1a8d808-d5ef-48d6-bc23-6bbe851bb7c5","skill_type":""}],status = CONNECTED socketId:ef48f20c-2dcf-4ec6-b444-3f7cdb9648ce
11-17 11:41:24.714 D/PowerAQLib(  288): chmix_process!
11-17 11:41:24.715 D/LonglinkLog( 1151): [ (LonglinkLog.java:51)#d ] raw_sendMsg bytes=[size=4400 text={"audio":{"index":22,"is_tail":false,"xdata":"A\u003d"},"mtype":0,"request_id":"e1a8d808-d5ef-48d6-bc23-6bbe851bb7c5","skill_type":""}],status = CONNECTED socketId:ef48f20c-2dcf-4ec6-b444-3f7cdb9648ce
11-17 11:41:24.716 D/PowerAQLib(  288): mbdrc_process, input_bytes 8192, output_bytes 8192
11-17 11:41:24.716 D/PowerAQLib(  288): result 0, counsumed_bytes 4096, i 0, loop_cnt 2
11-17 11:41:24.716 D/PowerAQLib(  288): result 0, counsumed_bytes 4096, i 1, loop_cnt 2
11-17 11:41:24.716 D/PowerAQLib(  288): mbdrc_process, input_bytes 8192, output_bytes 8192
11-17 11:41:24.716 D/PowerAQLib(  288): bypass_process!
11-17 11:41:24.717 D/socketMsg( 1151): [ (AudioProcessor.java:244)#sendMsg ] time:4
11-17 11:41:24.717 D/AudioUtils( 1151): [ (AudioUtils.java:69)#getAudioDataEnd ] wakeup getData:1600
11-17 11:41:24.718 D/socketMsg( 1151): [ (AudioProcessor.java:244)#sendMsg ] time:0
11-17 11:41:24.719 D/AudioUtils( 1151): [ (AudioUtils.java:69)#getAudioDataEnd ] wakeup getData:1600
11-17 11:41:24.719 D/LonglinkLog( 1151): [ (LonglinkLog.java:51)#d ] raw_sendMsg bytes=[size=4400 text={"audio":{"index":23,"is_tail":false,"xdata":"8\u003d"},"mtype":0,"request_id":"e1a8d808-d5ef-48d6-bc23-6bbe851bb7c5","skill_type":""}],status = CONNECTED socketId:ef48f20c-2dcf-4ec6-b444-3f7cdb9648ce
11-17 11:41:24.720 D/socketMsg( 1151): [ (AudioProcessor.java:244)#sendMsg ] time:0
11-17 11:41:24.720 D/AudioUtils( 1151): [ (AudioUtils.java:69)#getAudioDataEnd ] wakeup getData:640
11-17 11:41:24.721 D/LonglinkLog( 1151): [ (LonglinkLog.java:51)#d ] raw_sendMsg bytes=[size=4400 text={"audio":{"index":24,"is_tail":false,"xdata":"A\u003d"},"mtype":0,"request_id":"e1a8d808-d5ef-48d6-bc23-6bbe851bb7c5","skill_type":""}],status = CONNECTED socketId:ef48f20c-2dcf-4ec6-b444-3f7cdb9648ce
11-17 11:41:24.721 D/socketMsg( 1151): [ (AudioProcessor.java:244)#sendMsg ] time:1
11-17 11:41:24.722 D/LonglinkLog( 1151): [ (LonglinkLog.java:51)#d ] raw_sendMsg bytes=[size=4400 text={"audio":{"index":25,"is_tail":false,"xdata":"I\u003d"},"mtype":0,"request_id":"e1a8d808-d5ef-48d6-bc23-6bbe851bb7c5","skill_type":""}],status = CONNECTED socketId:ef48f20c-2dcf-4ec6-b444-3f7cdb9648ce
11-17 11:41:24.728 D/LonglinkLog( 1151): [ (LonglinkLog.java:51)#d ] raw_sendMsg bytes=[size=1839 text={"audio":{"index":26,"is_tail":true,"xdata":"type":0,"request_id":"e1a8d808-d5ef-48d6-bc23-6bbe851bb7c5","skill_type":""}],status = CONNECTED socketId:ef48f20c-2dcf-4ec6-b444-3f7cdb9648ce
11-17 11:41:24.757 D/PowerAQLib(  288): chmix_process!
11-17 11:41:24.759 D/PowerAQLib(  288): mbdrc_process, input_bytes 8192, output_bytes 8192
11-17 11:41:24.759 D/PowerAQLib(  288): result 0, counsumed_bytes 4096, i 0, loop_cnt 2
11-17 11:41:24.759 D/PowerAQLib(  288): result 0, counsumed_bytes 4096, i 1, loop_cnt 2
11-17 11:41:24.759 D/PowerAQLib(  288): mbdrc_process, input_bytes 8192, output_bytes 8192
11-17 11:41:24.759 D/PowerAQLib(  288): bypass_process!
11-17 11:41:24.771 D/PowerAQLib(  288): chmix_process!
11-17 11:41:24.771 D/AudioProcessor( 1151): [ (AudioProcessor.java:181)#sendDataToJNI4 ] type:0 isHeating:true
11-17 11:41:24.772 D/PowerAQLib(  288): mbdrc_process, input_bytes 8192, output_bytes 8192
11-17 11:41:24.772 D/PowerAQLib(  288): result 0, counsumed_bytes 4096, i 0, loop_cnt 2
11-17 11:41:24.772 D/PowerAQLib(  288): result 0, counsumed_bytes 4096, i 1, loop_cnt 2
11-17 11:41:24.772 D/PowerAQLib(  288): mbdrc_process, input_bytes 8192, output_bytes 8192
11-17 11:41:24.772 D/PowerAQLib(  288): bypass_process!
11-17 11:41:24.773 D/IVoiceS ( 1151): [ (TalkVoiceS.java:207)#onNoVoice ] onNoVoice:
11-17 11:41:24.774 I/LonglinkLog( 1151): [ (LonglinkLog.java:40)#i ] Received WS message!! In onMessage text={"mtype":0,"response_type":200,"msg":"","request_id":"e1a8d808-d5ef-48d6-bc23-6bbe851bb7c5","api_version":"0.1","asr_content":{"is_partial":false,"result":"设"},"nlu_content":{"task_type":"","show_content":"","show_nlu":""},"tts_content":{"cur":0},"book_search_content":{"data":{"fullpage_url":"","score":0,"page_num":"","book_id":"","time_vector":0,"time_ocr":0,"time_search":0,"recall_result":{"fullpage_url":"","button_time":0,"button_video":null,"button_video_start":"","button_video_end":"","button_txt":null,"line_txt":"","button_word":null,"button_word_index":null,"button_id":"","button_translate":null,"page_title":""},"page_result":{"page_translate":null,"page_translate_left":null,"page_videos":null,"page_txt":null,"page_videos_left":null,"page_txt_left":null,"page_title":""}},"page_result":{"page_translate":null,"page_translate_left":null,"page_videos":null,"page_txt":null,"page_videos_left":null,"page_txt_left":null,"page_title":""}},"finger_search_content":{"request_id":"","question_type":0,"question":"","hint":"","answer":"","video":{"type":0}}}
11-17 11:41:24.776 D/TalkEventDispatcher( 1151): [ (TalkEventDispatcher.java:85)#onResultEvent ] onResultEvent:
11-17 11:41:24.776 D/IVoiceS ( 1151): [ (TalkVoiceS.java:399)#dispatchInputMsg ] asr:AsrContentBean{is_partial=false, result='设', request_id='e1a8d808-d5ef-48d6-bc23-6bbe851bb7c5'}
11-17 11:41:24.777 D/IVoiceS ( 1151): [ (VoiceController.java:139)#checkArguments ] mVoiceCallBack is null
11-17 11:41:24.777 W/System.err( 1151): android.os.RemoteException
11-17 11:41:24.778 W/System.err( 1151): 	at com.tal.genie.voice.controller.VoiceController.checkArguments(VoiceController.java:141)
11-17 11:41:24.778 W/System.err( 1151): 	at com.tal.genie.voice.controller.VoiceController.input(VoiceController.java:116)
11-17 11:41:24.778 W/System.err( 1151): 	at com.tal.genie.talk.TalkVoiceS.dispatchInputMsg(TalkVoiceS.java:406)
11-17 11:41:24.778 W/System.err( 1151): 	at com.tal.genie.talk.TalkVoiceS.access$500(TalkVoiceS.java:45)
11-17 11:41:24.778 W/System.err( 1151): 	at com.tal.genie.talk.TalkVoiceS$1.lambda$onResult$1$TalkVoiceS$1(TalkVoiceS.java:95)
11-17 11:41:24.778 W/System.err( 1151): 	at com.tal.genie.talk.-$$Lambda$TalkVoiceS$1$kdM25uS1MY5ji0R2lv6lJkoe4zg.run(Unknown Source:4)
11-17 11:41:24.778 W/System.err( 1151): 	at android.os.Handler.handleCallback(Handler.java:873)
11-17 11:41:24.778 W/System.err( 1151): 	at android.os.Handler.dispatchMessage(Handler.java:99)
11-17 11:41:24.778 W/System.err( 1151): 	at android.os.Looper.loop(Looper.java:193)
11-17 11:41:24.778 W/System.err( 1151): 	at android.os.HandlerThread.run(HandlerThread.java:65)
11-17 11:41:24.784 D/PowerAQLib(  288): chmix_process!
11-17 11:41:24.785 D/PowerAQLib(  288): mbdrc_process, input_bytes 8192, output_bytes 8192
11-17 11:41:24.785 D/PowerAQLib(  288): result 0, counsumed_bytes 4096, i 0, loop_cnt 2
11-17 11:41:24.785 D/PowerAQLib(  288): result 0, counsumed_bytes 4096, i 1, loop_cnt 2
11-17 11:41:24.785 D/PowerAQLib(  288): mbdrc_process, input_bytes 8192, output_bytes 8192
11-17 11:41:24.785 D/PowerAQLib(  288): bypass_process!
11-17 11:41:24.799 D/PowerAQLib(  288): chmix_process!
11-17 11:41:24.801 D/PowerAQLib(  288): mbdrc_process, input_bytes 8192, output_bytes 8192
11-17 11:41:24.801 D/PowerAQLib(  288): result 0, counsumed_bytes 4096, i 0, loop_cnt 2
11-17 11:41:24.801 D/PowerAQLib(  288): result 0, counsumed_bytes 4096, i 1, loop_cnt 2
11-17 11:41:24.801 D/PowerAQLib(  288): mbdrc_process, input_bytes 8192, output_bytes 8192
11-17 11:41:24.801 D/PowerAQLib(  288): bypass_process!
11-17 11:41:24.835 I/tal.genie.voic( 1151): Background concurrent copying GC freed 174761(8MB) AllocSpace objects, 175(3MB) LOS objects, 31% free, 26MB/38MB, paused 466us total 125.779ms
11-17 11:41:24.842 D/PowerAQLib(  288): chmix_process!
11-17 11:41:24.844 D/PowerAQLib(  288): mbdrc_process, input_bytes 8192, output_bytes 8192
11-17 11:41:24.844 D/PowerAQLib(  288): result 0, counsumed_bytes 4096, i 0, loop_cnt 2
11-17 11:41:24.844 D/PowerAQLib(  288): result 0, counsumed_bytes 4096, i 1, loop_cnt 2
11-17 11:41:24.844 D/PowerAQLib(  288): mbdrc_process, input_bytes 8192, output_bytes 8192
11-17 11:41:24.844 D/PowerAQLib(  288): bypass_process!
11-17 11:41:24.855 D/PowerAQLib(  288): chmix_process!
11-17 11:41:24.857 D/PowerAQLib(  288): mbdrc_process, input_bytes 8192, output_bytes 8192
11-17 11:41:24.857 D/PowerAQLib(  288): result 0, counsumed_bytes 4096, i 0, loop_cnt 2
11-17 11:41:24.857 D/PowerAQLib(  288): result 0, counsumed_bytes 4096, i 1, loop_cnt 2
11-17 11:41:24.857 D/PowerAQLib(  288): mbdrc_process, input_bytes 8192, output_bytes 8192
11-17 11:41:24.857 D/PowerAQLib(  288): bypass_process!
11-17 11:41:24.869 D/PowerAQLib(  288): chmix_process!
11-17 11:41:24.870 D/PowerAQLib(  288): mbdrc_process, input_bytes 8192, output_bytes 8192
11-17 11:41:24.871 D/PowerAQLib(  288): result 0, counsumed_bytes 4096, i 0, loop_cnt 2
11-17 11:41:24.871 D/PowerAQLib(  288): result 0, counsumed_bytes 4096, i 1, loop_cnt 2
11-17 11:41:24.871 D/PowerAQLib(  288): mbdrc_process, input_bytes 8192, output_bytes 8192
11-17 11:41:24.871 D/PowerAQLib(  288): bypass_process!
11-17 11:41:24.885 D/PowerAQLib(  288): chmix_process!
11-17 11:41:24.887 D/PowerAQLib(  288): mbdrc_process, input_bytes 8192, output_bytes 8192
11-17 11:41:24.887 D/PowerAQLib(  288): result 0, counsumed_bytes 4096, i 0, loop_cnt 2
11-17 11:41:24.887 D/PowerAQLib(  288): result 0, counsumed_bytes 4096, i 1, loop_cnt 2
11-17 11:41:24.887 D/PowerAQLib(  288): mbdrc_process, input_bytes 8192, output_bytes 8192
11-17 11:41:24.887 D/PowerAQLib(  288): bypass_process!
11-17 11:41:24.928 D/PowerAQLib(  288): chmix_process!
11-17 11:41:24.931 D/PowerAQLib(  288): mbdrc_process, input_bytes 8192, output_bytes 8192
11-17 11:41:24.932 D/PowerAQLib(  288): result 0, counsumed_bytes 4096, i 0, loop_cnt 2
11-17 11:41:24.932 D/PowerAQLib(  288): result 0, counsumed_bytes 4096, i 1, loop_cnt 2
11-17 11:41:24.932 D/PowerAQLib(  288): mbdrc_process, input_bytes 8192, output_bytes 8192
11-17 11:41:24.932 D/PowerAQLib(  288): bypass_process!
11-17 11:41:24.944 D/PowerAQLib(  288): chmix_process!
11-17 11:41:24.947 D/PowerAQLib(  288): mbdrc_process, input_bytes 8192, output_bytes 8192
11-17 11:41:24.948 D/PowerAQLib(  288): result 0, counsumed_bytes 4096, i 0, loop_cnt 2
11-17 11:41:24.948 D/PowerAQLib(  288): result 0, counsumed_bytes 4096, i 1, loop_cnt 2
11-17 11:41:24.948 D/PowerAQLib(  288): mbdrc_process, input_bytes 8192, output_bytes 8192
11-17 11:41:24.948 D/PowerAQLib(  288): bypass_process!
11-17 11:41:24.960 D/PowerAQLib(  288): chmix_process!
11-17 11:41:24.962 D/PowerAQLib(  288): mbdrc_process, input_bytes 8192, output_bytes 8192
11-17 11:41:24.962 D/PowerAQLib(  288): result 0, counsumed_bytes 4096, i 0, loop_cnt 2
11-17 11:41:24.963 D/PowerAQLib(  288): result 0, counsumed_bytes 4096, i 1, loop_cnt 2
11-17 11:41:24.963 D/PowerAQLib(  288): mbdrc_process, input_bytes 8192, output_bytes 8192
11-17 11:41:24.963 D/PowerAQLib(  288): bypass_process!
11-17 11:41:24.975 D/PowerAQLib(  288): chmix_process!
11-17 11:41:24.978 D/PowerAQLib(  288): mbdrc_process, input_bytes 8192, output_bytes 8192
11-17 11:41:24.978 D/PowerAQLib(  288): result 0, counsumed_bytes 4096, i 0, loop_cnt 2
11-17 11:41:24.978 D/PowerAQLib(  288): result 0, counsumed_bytes 4096, i 1, loop_cnt 2
11-17 11:41:24.978 D/PowerAQLib(  288): mbdrc_process, input_bytes 8192, output_bytes 8192
11-17 11:41:24.978 D/PowerAQLib(  288): bypass_process!
11-17 11:41:25.013 D/PowerAQLib(  288): chmix_process!
11-17 11:41:25.016 D/PowerAQLib(  288): mbdrc_process, input_bytes 8192, output_bytes 8192
11-17 11:41:25.017 D/PowerAQLib(  288): result 0, counsumed_bytes 4096, i 0, loop_cnt 2
11-17 11:41:25.017 D/PowerAQLib(  288): result 0, counsumed_bytes 4096, i 1, loop_cnt 2
11-17 11:41:25.017 D/PowerAQLib(  288): mbdrc_process, input_bytes 8192, output_bytes 8192
11-17 11:41:25.017 D/PowerAQLib(  288): bypass_process!
11-17 11:41:25.029 D/PowerAQLib(  288): chmix_process!
11-17 11:41:25.032 D/PowerAQLib(  288): mbdrc_process, input_bytes 8192, output_bytes 8192
11-17 11:41:25.032 D/PowerAQLib(  288): result 0, counsumed_bytes 4096, i 0, loop_cnt 2
11-17 11:41:25.033 D/PowerAQLib(  288): result 0, counsumed_bytes 4096, i 1, loop_cnt 2
11-17 11:41:25.033 D/PowerAQLib(  288): mbdrc_process, input_bytes 8192, output_bytes 8192
11-17 11:41:25.033 D/PowerAQLib(  288): bypass_process!
11-17 11:41:25.045 D/PowerAQLib(  288): chmix_process!
11-17 11:41:25.048 D/PowerAQLib(  288): mbdrc_process, input_bytes 8192, output_bytes 8192
11-17 11:41:25.048 D/PowerAQLib(  288): result 0, counsumed_bytes 4096, i 0, loop_cnt 2
11-17 11:41:25.048 D/PowerAQLib(  288): result 0, counsumed_bytes 4096, i 1, loop_cnt 2
11-17 11:41:25.048 D/PowerAQLib(  288): mbdrc_process, input_bytes 8192, output_bytes 8192
11-17 11:41:25.048 D/PowerAQLib(  288): bypass_process!
11-17 11:41:25.061 D/PowerAQLib(  288): chmix_process!
11-17 11:41:25.064 D/PowerAQLib(  288): mbdrc_process, input_bytes 8192, output_bytes 8192
11-17 11:41:25.064 D/PowerAQLib(  288): result 0, counsumed_bytes 4096, i 0, loop_cnt 2
11-17 11:41:25.064 D/PowerAQLib(  288): result 0, counsumed_bytes 4096, i 1, loop_cnt 2
11-17 11:41:25.064 D/PowerAQLib(  288): mbdrc_process, input_bytes 8192, output_bytes 8192
11-17 11:41:25.064 D/PowerAQLib(  288): bypass_process!
11-17 11:41:25.099 D/PowerAQLib(  288): chmix_process!
11-17 11:41:25.102 D/PowerAQLib(  288): mbdrc_process, input_bytes 8192, output_bytes 8192
11-17 11:41:25.102 D/PowerAQLib(  288): result 0, counsumed_bytes 4096, i 0, loop_cnt 2
11-17 11:41:25.102 D/PowerAQLib(  288): result 0, counsumed_bytes 4096, i 1, loop_cnt 2
11-17 11:41:25.102 D/PowerAQLib(  288): mbdrc_process, input_bytes 8192, output_bytes 8192
11-17 11:41:25.102 D/PowerAQLib(  288): bypass_process!
11-17 11:41:25.115 D/PowerAQLib(  288): chmix_process!
11-17 11:41:25.118 D/PowerAQLib(  288): mbdrc_process, input_bytes 8192, output_bytes 8192
11-17 11:41:25.118 D/PowerAQLib(  288): result 0, counsumed_bytes 4096, i 0, loop_cnt 2
11-17 11:41:25.118 D/PowerAQLib(  288): result 0, counsumed_bytes 4096, i 1, loop_cnt 2
11-17 11:41:25.118 D/PowerAQLib(  288): mbdrc_process, input_bytes 8192, output_bytes 8192
11-17 11:41:25.118 D/PowerAQLib(  288): bypass_process!
11-17 11:41:25.130 D/PowerAQLib(  288): chmix_process!
11-17 11:41:25.133 D/PowerAQLib(  288): mbdrc_process, input_bytes 8192, output_bytes 8192
11-17 11:41:25.133 D/PowerAQLib(  288): result 0, counsumed_bytes 4096, i 0, loop_cnt 2
11-17 11:41:25.134 D/PowerAQLib(  288): result 0, counsumed_bytes 4096, i 1, loop_cnt 2
11-17 11:41:25.134 D/PowerAQLib(  288): mbdrc_process, input_bytes 8192, output_bytes 8192
11-17 11:41:25.134 D/PowerAQLib(  288): bypass_process!
11-17 11:41:25.146 D/PowerAQLib(  288): chmix_process!
11-17 11:41:25.149 D/PowerAQLib(  288): mbdrc_process, input_bytes 8192, output_bytes 8192
11-17 11:41:25.149 D/PowerAQLib(  288): result 0, counsumed_bytes 4096, i 0, loop_cnt 2
11-17 11:41:25.149 D/PowerAQLib(  288): result 0, counsumed_bytes 4096, i 1, loop_cnt 2
11-17 11:41:25.149 D/PowerAQLib(  288): mbdrc_process, input_bytes 8192, output_bytes 8192
11-17 11:41:25.150 D/PowerAQLib(  288): bypass_process!
11-17 11:41:25.184 D/PowerAQLib(  288): chmix_process!
11-17 11:41:25.187 D/PowerAQLib(  288): mbdrc_process, input_bytes 8192, output_bytes 8192
11-17 11:41:25.187 D/PowerAQLib(  288): result 0, counsumed_bytes 4096, i 0, loop_cnt 2
11-17 11:41:25.187 D/PowerAQLib(  288): result 0, counsumed_bytes 4096, i 1, loop_cnt 2
11-17 11:41:25.187 D/PowerAQLib(  288): mbdrc_process, input_bytes 8192, output_bytes 8192
11-17 11:41:25.187 D/PowerAQLib(  288): bypass_process!
11-17 11:41:25.200 D/PowerAQLib(  288): chmix_process!
11-17 11:41:25.203 D/PowerAQLib(  288): mbdrc_process, input_bytes 8192, output_bytes 8192
11-17 11:41:25.203 D/PowerAQLib(  288): result 0, counsumed_bytes 4096, i 0, loop_cnt 2
11-17 11:41:25.203 D/PowerAQLib(  288): result 0, counsumed_bytes 4096, i 1, loop_cnt 2
11-17 11:41:25.203 D/PowerAQLib(  288): mbdrc_process, input_bytes 8192, output_bytes 8192
11-17 11:41:25.203 D/PowerAQLib(  288): bypass_process!
11-17 11:41:25.215 D/PowerAQLib(  288): chmix_process!
11-17 11:41:25.218 D/PowerAQLib(  288): mbdrc_process, input_bytes 8192, output_bytes 8192
11-17 11:41:25.219 D/PowerAQLib(  288): result 0, counsumed_bytes 4096, i 0, loop_cnt 2
11-17 11:41:25.219 D/PowerAQLib(  288): result 0, counsumed_bytes 4096, i 1, loop_cnt 2
11-17 11:41:25.219 D/PowerAQLib(  288): mbdrc_process, input_bytes 8192, output_bytes 8192
11-17 11:41:25.219 D/PowerAQLib(  288): bypass_process!
11-17 11:41:25.231 D/PowerAQLib(  288): chmix_process!
11-17 11:41:25.234 D/PowerAQLib(  288): mbdrc_process, input_bytes 8192, output_bytes 8192
11-17 11:41:25.234 D/PowerAQLib(  288): result 0, counsumed_bytes 4096, i 0, loop_cnt 2
11-17 11:41:25.234 D/PowerAQLib(  288): result 0, counsumed_bytes 4096, i 1, loop_cnt 2
11-17 11:41:25.234 D/PowerAQLib(  288): mbdrc_process, input_bytes 8192, output_bytes 8192
11-17 11:41:25.235 D/PowerAQLib(  288): bypass_process!
11-17 11:41:25.270 D/PowerAQLib(  288): chmix_process!
11-17 11:41:25.272 D/PowerAQLib(  288): mbdrc_process, input_bytes 8192, output_bytes 8192
11-17 11:41:25.272 D/PowerAQLib(  288): result 0, counsumed_bytes 4096, i 0, loop_cnt 2
11-17 11:41:25.272 D/PowerAQLib(  288): result 0, counsumed_bytes 4096, i 1, loop_cnt 2
11-17 11:41:25.272 D/PowerAQLib(  288): mbdrc_process, input_bytes 8192, output_bytes 8192
11-17 11:41:25.272 D/PowerAQLib(  288): bypass_process!
11-17 11:41:25.285 D/PowerAQLib(  288): chmix_process!
11-17 11:41:25.288 D/PowerAQLib(  288): mbdrc_process, input_bytes 8192, output_bytes 8192
11-17 11:41:25.288 D/PowerAQLib(  288): result 0, counsumed_bytes 4096, i 0, loop_cnt 2
11-17 11:41:25.288 D/PowerAQLib(  288): result 0, counsumed_bytes 4096, i 1, loop_cnt 2
11-17 11:41:25.288 D/PowerAQLib(  288): mbdrc_process, input_bytes 8192, output_bytes 8192
11-17 11:41:25.288 D/PowerAQLib(  288): bypass_process!
11-17 11:41:25.300 D/PowerAQLib(  288): chmix_process!
11-17 11:41:25.302 D/PowerAQLib(  288): mbdrc_process, input_bytes 8192, output_bytes 8192
11-17 11:41:25.303 D/PowerAQLib(  288): result 0, counsumed_bytes 4096, i 0, loop_cnt 2
11-17 11:41:25.303 D/PowerAQLib(  288): result 0, counsumed_bytes 4096, i 1, loop_cnt 2
11-17 11:41:25.303 D/PowerAQLib(  288): mbdrc_process, input_bytes 8192, output_bytes 8192
11-17 11:41:25.303 D/PowerAQLib(  288): bypass_process!
11-17 11:41:25.315 D/PowerAQLib(  288): chmix_process!
11-17 11:41:25.318 D/PowerAQLib(  288): mbdrc_process, input_bytes 8192, output_bytes 8192
11-17 11:41:25.318 D/PowerAQLib(  288): result 0, counsumed_bytes 4096, i 0, loop_cnt 2
11-17 11:41:25.318 D/PowerAQLib(  288): result 0, counsumed_bytes 4096, i 1, loop_cnt 2
11-17 11:41:25.318 D/PowerAQLib(  288): mbdrc_process, input_bytes 8192, output_bytes 8192
11-17 11:41:25.318 D/PowerAQLib(  288): bypass_process!
11-17 11:41:25.355 D/PowerAQLib(  288): chmix_process!
11-17 11:41:25.357 D/PowerAQLib(  288): mbdrc_process, input_bytes 8192, output_bytes 8192
11-17 11:41:25.357 D/PowerAQLib(  288): result 0, counsumed_bytes 4096, i 0, loop_cnt 2
11-17 11:41:25.357 D/PowerAQLib(  288): result 0, counsumed_bytes 4096, i 1, loop_cnt 2
11-17 11:41:25.357 D/PowerAQLib(  288): mbdrc_process, input_bytes 8192, output_bytes 8192
11-17 11:41:25.357 D/PowerAQLib(  288): bypass_process!
11-17 11:41:25.369 D/PowerAQLib(  288): chmix_process!
11-17 11:41:25.371 D/PowerAQLib(  288): mbdrc_process, input_bytes 8192, output_bytes 8192
11-17 11:41:25.372 D/PowerAQLib(  288): result 0, counsumed_bytes 4096, i 0, loop_cnt 2
11-17 11:41:25.372 D/PowerAQLib(  288): result 0, counsumed_bytes 4096, i 1, loop_cnt 2
11-17 11:41:25.372 D/PowerAQLib(  288): mbdrc_process, input_bytes 8192, output_bytes 8192
11-17 11:41:25.372 D/PowerAQLib(  288): bypass_process!
11-17 11:41:25.383 D/PowerAQLib(  288): chmix_process!
11-17 11:41:25.385 D/PowerAQLib(  288): mbdrc_process, input_bytes 8192, output_bytes 8192
11-17 11:41:25.385 D/PowerAQLib(  288): result 0, counsumed_bytes 4096, i 0, loop_cnt 2
11-17 11:41:25.385 D/PowerAQLib(  288): result 0, counsumed_bytes 4096, i 1, loop_cnt 2
11-17 11:41:25.385 D/PowerAQLib(  288): mbdrc_process, input_bytes 8192, output_bytes 8192
11-17 11:41:25.385 D/PowerAQLib(  288): bypass_process!
11-17 11:41:25.398 D/PowerAQLib(  288): chmix_process!
11-17 11:41:25.399 D/PowerAQLib(  288): mbdrc_process, input_bytes 8192, output_bytes 8192
11-17 11:41:25.400 D/PowerAQLib(  288): result 0, counsumed_bytes 4096, i 0, loop_cnt 2
11-17 11:41:25.400 D/PowerAQLib(  288): result 0, counsumed_bytes 4096, i 1, loop_cnt 2
11-17 11:41:25.400 D/PowerAQLib(  288): mbdrc_process, input_bytes 8192, output_bytes 8192
11-17 11:41:25.400 D/PowerAQLib(  288): bypass_process!
11-17 11:41:25.440 D/PowerAQLib(  288): chmix_process!
11-17 11:41:25.441 D/PowerAQLib(  288): mbdrc_process, input_bytes 8192, output_bytes 8192
11-17 11:41:25.441 D/PowerAQLib(  288): result 0, counsumed_bytes 4096, i 0, loop_cnt 2
11-17 11:41:25.441 D/PowerAQLib(  288): result 0, counsumed_bytes 4096, i 1, loop_cnt 2
11-17 11:41:25.441 D/PowerAQLib(  288): mbdrc_process, input_bytes 8192, output_bytes 8192
11-17 11:41:25.441 D/PowerAQLib(  288): bypass_process!
11-17 11:41:25.443 D/AudioProcessor( 1151): [ (AudioProcessor.java:181)#sendDataToJNI4 ] type:1 isHeating:true
11-17 11:41:25.443 D/IVoiceS ( 1151): [ (TalkVoiceS.java:219)#onStart ] onStart:
11-17 11:41:25.453 D/PowerAQLib(  288): chmix_process!
11-17 11:41:25.455 D/PowerAQLib(  288): mbdrc_process, input_bytes 8192, output_bytes 8192
11-17 11:41:25.455 D/PowerAQLib(  288): result 0, counsumed_bytes 4096, i 0, loop_cnt 2
11-17 11:41:25.455 D/PowerAQLib(  288): result 0, counsumed_bytes 4096, i 1, loop_cnt 2
11-17 11:41:25.455 D/PowerAQLib(  288): mbdrc_process, input_bytes 8192, output_bytes 8192
11-17 11:41:25.455 D/PowerAQLib(  288): bypass_process!
11-17 11:41:25.467 D/PowerAQLib(  288): chmix_process!
11-17 11:41:25.469 D/PowerAQLib(  288): mbdrc_process, input_bytes 8192, output_bytes 8192
11-17 11:41:25.469 D/PowerAQLib(  288): result 0, counsumed_bytes 4096, i 0, loop_cnt 2
11-17 11:41:25.469 D/PowerAQLib(  288): result 0, counsumed_bytes 4096, i 1, loop_cnt 2
11-17 11:41:25.469 D/PowerAQLib(  288): mbdrc_process, input_bytes 8192, output_bytes 8192
11-17 11:41:25.469 D/PowerAQLib(  288): bypass_process!
11-17 11:41:25.473 I/LonglinkLog( 1151): [ (LonglinkLog.java:40)#i ] Received WS message!! In onMessage text={"mtype":0,"response_type":200,"msg":"","request_id":"e1a8d808-d5ef-48d6-bc23-6bbe851bb7c5","api_version":"0.1","asr_content":{"is_partial":true,"result":"设这怎么"},"nlu_content":{"task_type":"","show_content":"","show_nlu":""},"tts_content":{"cur":0},"book_search_content":{"data":{"fullpage_url":"","score":0,"page_num":"","book_id":"","time_vector":0,"time_ocr":0,"time_search":0,"recall_result":{"fullpage_url":"","button_time":0,"button_video":null,"button_video_start":"","button_video_end":"","button_txt":null,"line_txt":"","button_word":null,"button_word_index":null,"button_id":"","button_translate":null,"page_title":""},"page_result":{"page_translate":null,"page_translate_left":null,"page_videos":null,"page_txt":null,"page_videos_left":null,"page_txt_left":null,"page_title":""}},"page_result":{"page_translate":null,"page_translate_left":null,"page_videos":null,"page_txt":null,"page_videos_left":null,"page_txt_left":null,"page_title":""}},"finger_search_content":{"request_id":"","question_type":0,"question":"","hint":"","answer":"","video":{"type":0}}}
11-17 11:41:25.475 I/LonglinkLog( 1151): [ (LonglinkLog.java:40)#i ] Received WS message!! In onMessage text={"mtype":1,"response_type":200,"msg":"","request_id":"e1a8d808-d5ef-48d6-bc23-6bbe851bb7c5","api_version":"0.1","asr_content":{"is_partial":false,"result":""},"nlu_content":{"task_type":"chat.small_talk","show_content":"","show_nlu":"{\"userId\":\"0000\",\"requestId\":\"e1a8d808-d5ef-48d6-bc23-6bbe851bb7c5\",\"sessionId\":\"\",\"timeStamp\":1637120485413810,\"response_status\":1,\"msg\":\"\",\"nlu\":{\"skillId\":\"\",\"skill\":\"chat\",\"task\":\"chat.small_talk\",\"request\":{\"slots\":null,\"confidence\":0}},\"dm\":{\"input\":\"设这怎么\",\"shouldEndSession\":true,\"task\":\"chat.small_talk\",\"widget\":\"{\\\"duiWidget\\\": \\\"\\\", \\\"text\\\": \\\"\\\\u6211\\\\u4eec\\\\u5148\\\\u4e0d\\\\u8981\\\\u804a\\\\u5929\\\\u5566\\\\uff0c\\\\u597d\\\\u597d\\\\u5b66\\\\u4e60\\\\u5427\\\\uff01\\\", \\\"tts_norm_text\\\": \\\"\\\", \\\"count\\\": 0, \\\"dataSource\\\": \\\"\\\", \\\"is_valid_widget\\\": false, \\\"content\\\": [], \\\"result_confidence\\\": -1, \\\"need_confirm\\\": false, \\\"tab\\\": 0}\",\"nlg\":\"我们先不要聊天啦，好好学习吧！\",\"tts_norm\":\"我们先不要聊天啦，好好学习吧！\",\"shouldConfirm\":false,\"count\":0,\"showTypeList\":[],\"command\":{\"param\":{\"operate\":\"\",\"value\":\"\",\"object\":\"\"},\"api\":\"\"},\"is_result_valid\":false,\"need_confirm\":false},\"NLU_result\":{\"task_type\":\"chat.small_talk\",\"tts_text\":\"我们先不要聊天啦，好好学习吧！\",\"speakUrl\":\"\",\"tts_len\":15,\"contentUrl\":\"\",\"is_valid_result\":false,\"mark_start_pos\":0,\"mark_end_pos\":0,\"ContentBroadcast_enable\":1,\"hint_query\":[]}}"},"tts_content":{"cur":0},"book_search_content":{"data":{"fullpage_url":"","score":0,"page_num":"","book_id":"","time_vector":0,"time_ocr":0,"time_search":0,"recall_result":{"fullpage_url":"","button_time":0,"button_video":null,"button_video_start":"","button_video_end":"","button_txt":null,"line_txt":"","button_word":null,"button_word_index":null,"button_id":"","button_translate":null,"page_title":""},"page_result":{"page_translate":null,"page_translate_left":null,"page_videos":null,"page_txt":null,"page_videos_left":null,"page_txt_left":null,"page_title":""}},"page_result":{"page_translate":null,"page_translate_left":null,"page_videos":null,"page_txt":null,"page_videos_left":null,"page_txt_left":null,"page_title":""}},"finger_search_content":{"request_id":"","question_type":0,"question":"","hint":"","answer":"","video":{"type":0}}}
11-17 11:41:25.475 I/TtSy    ( 1151): [ (AudioProcessor.java:295)#onAsrResult ] onAsrResult:true
11-17 11:41:25.476 I/AsrEngine( 1151): [ (AsrEngine.java:147)#sendCancelMsg ] stop:e1a8d808-d5ef-48d6-bc23-6bbe851bb7c5
11-17 11:41:25.478 D/TalkEventDispatcher( 1151): [ (TalkEventDispatcher.java:85)#onResultEvent ] onResultEvent:
11-17 11:41:25.479 D/IVoiceS ( 1151): [ (TalkVoiceS.java:399)#dispatchInputMsg ] asr:AsrContentBean{is_partial=true, result='设这怎么', request_id='e1a8d808-d5ef-48d6-bc23-6bbe851bb7c5'}
11-17 11:41:25.479 D/IVoiceS ( 1151): [ (VoiceController.java:139)#checkArguments ] mVoiceCallBack is null
11-17 11:41:25.479 I/TtSy    ( 1151): [ (AudioProcessor.java:307)#removeAllMessage ] removeAllMessage:
11-17 11:41:25.479 W/System.err( 1151): android.os.RemoteException
11-17 11:41:25.480 W/System.err( 1151): 	at com.tal.genie.voice.controller.VoiceController.checkArguments(VoiceController.java:141)
11-17 11:41:25.480 D/TalkEventDispatcher( 1151): [ (TalkEventDispatcher.java:85)#onResultEvent ] onResultEvent:
11-17 11:41:25.480 W/System.err( 1151): 	at com.tal.genie.voice.controller.VoiceController.input(VoiceController.java:116)
11-17 11:41:25.480 W/System.err( 1151): 	at com.tal.genie.talk.TalkVoiceS.dispatchInputMsg(TalkVoiceS.java:406)
11-17 11:41:25.480 W/System.err( 1151): 	at com.tal.genie.talk.TalkVoiceS.access$500(TalkVoiceS.java:45)
11-17 11:41:25.480 W/System.err( 1151): 	at com.tal.genie.talk.TalkVoiceS$1.lambda$onResult$1$TalkVoiceS$1(TalkVoiceS.java:95)
11-17 11:41:25.480 W/System.err( 1151): 	at com.tal.genie.talk.-$$Lambda$TalkVoiceS$1$kdM25uS1MY5ji0R2lv6lJkoe4zg.run(Unknown Source:4)
11-17 11:41:25.480 W/System.err( 1151): 	at android.os.Handler.handleCallback(Handler.java:873)
11-17 11:41:25.480 W/System.err( 1151): 	at android.os.Handler.dispatchMessage(Handler.java:99)
11-17 11:41:25.480 W/System.err( 1151): 	at android.os.Looper.loop(Looper.java:193)
11-17 11:41:25.480 W/System.err( 1151): 	at android.os.HandlerThread.run(HandlerThread.java:65)
11-17 11:41:25.480 D/IVoiceS ( 1151): [ (VoiceController.java:139)#checkArguments ] mVoiceCallBack is null
11-17 11:41:25.481 D/LonglinkLog( 1151): [ (LonglinkLog.java:51)#d ] raw_sendMsg bytes={"comd":{"comd_mark":2,"comd_type":1},"mtype":0,"request_id":"e1a8d808-d5ef-48d6-bc23-6bbe851bb7c5"},status = CONNECTED socketId:ef48f20c-2dcf-4ec6-b444-3f7cdb9648ce
11-17 11:41:25.483 D/PowerAQLib(  288): chmix_process!
11-17 11:41:25.483 W/System.err( 1151): android.os.RemoteException
11-17 11:41:25.483 W/System.err( 1151): 	at com.tal.genie.voice.controller.VoiceController.checkArguments(VoiceController.java:141)
11-17 11:41:25.483 W/System.err( 1151): 	at com.tal.genie.voice.controller.VoiceController.understanding(VoiceController.java:80)
11-17 11:41:25.483 W/System.err( 1151): 	at com.tal.genie.talk.TalkVoiceS.dispatchInputMsg(TalkVoiceS.java:413)
11-17 11:41:25.483 W/System.err( 1151): 	at com.tal.genie.talk.TalkVoiceS.access$500(TalkVoiceS.java:45)
11-17 11:41:25.483 W/System.err( 1151): 	at com.tal.genie.talk.TalkVoiceS$1.lambda$onResult$1$TalkVoiceS$1(TalkVoiceS.java:95)
11-17 11:41:25.483 W/System.err( 1151): 	at com.tal.genie.talk.-$$Lambda$TalkVoiceS$1$kdM25uS1MY5ji0R2lv6lJkoe4zg.run(Unknown Source:4)
11-17 11:41:25.484 W/System.err( 1151): 	at android.os.Handler.handleCallback(Handler.java:873)
11-17 11:41:25.484 W/System.err( 1151): 	at android.os.Handler.dispatchMessage(Handler.java:99)
11-17 11:41:25.484 W/System.err( 1151): 	at android.os.Looper.loop(Looper.java:193)
11-17 11:41:25.484 W/System.err( 1151): 	at android.os.HandlerThread.run(HandlerThread.java:65)
11-17 11:41:25.484 D/IVoiceS ( 1151): [ (TalkVoiceS.java:108)#lambda$onResult$1$TalkVoiceS$1 ] nlu:NluContentBean{task_type='chat.small_talk', show_content='', request_id='e1a8d808-d5ef-48d6-bc23-6bbe851bb7c5', show_nlu='{"userId":"0000","requestId":"e1a8d808-d5ef-48d6-bc23-6bbe851bb7c5","sessionId":"","timeStamp":1637120485413810,"response_status":1,"msg":"","nlu":{"skillId":"","skill":"chat","task":"chat.small_talk","request":{"slots":null,"confidence":0}},"dm":{"input":"设这怎么","shouldEndSession":true,"task":"chat.small_talk","widget":"{\"duiWidget\": \"\", \"text\": \"\\u6211\\u4eec\\u5148\\u4e0d\\u8981\\u804a\\u5929\\u5566\\uff0c\\u597d\\u597d\\u5b66\\u4e60\\u5427\\uff01\", \"tts_norm_text\": \"\", \"count\": 0, \"dataSource\": \"\", \"is_valid_widget\": false, \"content\": [], \"result_confidence\": -1, \"need_confirm\": false, \"tab\": 0}","nlg":"我们先不要聊天啦，好好学习吧！","tts_norm":"我们先不要聊天啦，好好学习吧！","shouldConfirm":false,"count":0,"showTypeList":[],"command":{"param":{"operate":"","value":"","object":""},"api":""},"is_result_valid":false,"need_confirm":false},"NLU_result":{"task_type":"chat.small_talk","tts_text":"我们先不要聊天啦，好好学习吧！","speakUrl":"","tts_len":15,"contentUrl":"","is_valid_result":false,"mark_start_pos":0,"mark_end_pos":0,"ContentBroadcast_enable":1,"hint_query":[]}}'}
11-17 11:41:25.485 D/PowerAQLib(  288): mbdrc_process, input_bytes 8192, output_bytes 8192
11-17 11:41:25.485 D/PowerAQLib(  288): result 0, counsumed_bytes 4096, i 0, loop_cnt 2
11-17 11:41:25.485 D/PowerAQLib(  288): result 0, counsumed_bytes 4096, i 1, loop_cnt 2
11-17 11:41:25.485 D/PowerAQLib(  288): mbdrc_process, input_bytes 8192, output_bytes 8192
11-17 11:41:25.485 D/PowerAQLib(  288): bypass_process!
11-17 11:41:25.489 D/IVoiceS ( 1151): [ (VoiceController.java:139)#checkArguments ] mVoiceCallBack is null
11-17 11:41:25.490 W/System.err( 1151): android.os.RemoteException
11-17 11:41:25.490 W/System.err( 1151): 	at com.tal.genie.voice.controller.VoiceController.checkArguments(VoiceController.java:141)
11-17 11:41:25.490 W/System.err( 1151): 	at com.tal.genie.voice.controller.VoiceController.output(VoiceController.java:107)
11-17 11:41:25.490 W/System.err( 1151): 	at com.tal.genie.talk.TalkVoiceS.dispatchOutputMsg(TalkVoiceS.java:381)
11-17 11:41:25.490 W/System.err( 1151): 	at com.tal.genie.talk.TalkVoiceS.access$700(TalkVoiceS.java:45)
11-17 11:41:25.490 W/System.err( 1151): 	at com.tal.genie.talk.TalkVoiceS$1.lambda$onResult$1$TalkVoiceS$1(TalkVoiceS.java:146)
11-17 11:41:25.490 W/System.err( 1151): 	at com.tal.genie.talk.-$$Lambda$TalkVoiceS$1$kdM25uS1MY5ji0R2lv6lJkoe4zg.run(Unknown Source:4)
11-17 11:41:25.490 W/System.err( 1151): 	at android.os.Handler.handleCallback(Handler.java:873)
11-17 11:41:25.490 W/System.err( 1151): 	at android.os.Handler.dispatchMessage(Handler.java:99)
11-17 11:41:25.490 W/System.err( 1151): 	at android.os.Looper.loop(Looper.java:193)
11-17 11:41:25.490 W/System.err( 1151): 	at android.os.HandlerThread.run(HandlerThread.java:65)
11-17 11:41:25.513 D/AudioProcessor( 1151): [ (AudioProcessor.java:181)#sendDataToJNI4 ] type:2 isHeating:false
11-17 11:41:25.513 I/SA.SensorsDataAPI( 1151): track event:
11-17 11:41:25.513 I/SA.SensorsDataAPI( 1151): {
11-17 11:41:25.513 I/SA.SensorsDataAPI( 1151): 	"_track_id":-1105498980,
11-17 11:41:25.513 I/SA.SensorsDataAPI( 1151): 	"time":1637120485506,
11-17 11:41:25.513 I/SA.SensorsDataAPI( 1151): 	"type":"track",
11-17 11:41:25.513 I/SA.SensorsDataAPI( 1151): 	"distinct_id":"39ba4c57ff20fbb7",
11-17 11:41:25.513 I/SA.SensorsDataAPI( 1151): 	"anonymous_id":"39ba4c57ff20fbb7",
11-17 11:41:25.513 I/SA.SensorsDataAPI( 1151): 	"lib":{
11-17 11:41:25.513 I/SA.SensorsDataAPI( 1151): 		"$lib_method":"code",
11-17 11:41:25.513 I/SA.SensorsDataAPI( 1151): 		"$lib":"Android",
11-17 11:41:25.513 I/SA.SensorsDataAPI( 1151): 		"$lib_version":"6.0.0",
11-17 11:41:25.513 I/SA.SensorsDataAPI( 1151): 		"$app_version":"0.3.0",
11-17 11:41:25.513 I/SA.SensorsDataAPI( 1151): 		"$lib_detail":"com.sensorsdata.analytics.android.sdk.AbstractSensorsDataAPI##trackEventInternal##AbstractSensorsDataAPI.java##1513"
11-17 11:41:25.513 I/SA.SensorsDataAPI( 1151): 	},
11-17 11:41:25.513 I/SA.SensorsDataAPI( 1151): 	"event":"QueryReceivedReply",
11-17 11:41:25.513 I/SA.SensorsDataAPI( 1151): 	"properties":{
11-17 11:41:25.513 I/SA.SensorsDataAPI( 1151): 		"$os_version":"9",
11-17 11:41:25.513 I/SA.SensorsDataAPI( 1151): 		"$model":"S10",
11-17 11:41:25.513 I/SA.SensorsDataAPI( 1151): 		"$os":"Android",
11-17 11:41:25.513 I/SA.SensorsDataAPI( 1151): 		"$screen_width":720,
11-17 11:41:25.513 I/SA.SensorsDataAPI( 1151): 		"$brand":"ALPS",
11-17 11:41:25.513 I/SA.SensorsDataAPI( 1151): 		"$screen_height":1600,
11-17 11:41:25.513 I/SA.SensorsDataAPI( 1151): 		"$app_version":"0.3.0",
11-17 11:41:25.513 I/SA.SensorsDataAPI( 1151): 		"$lib":"Android",
11-17 11:41:25.513 I/SA.SensorsDataAPI( 1151): 		"$device_id":"39ba4c57ff20fbb7",
11-17 11:41:25.513 I/SA.SensorsDataAPI( 1151): 		"$app_name":"语音",
11-17 11:41:25.513 I/SA.SensorsDataAPI( 1151): 		"$lib_version":"6.0.0",
11-17 11:41:25.513 I/SA.SensorsDataAPI( 1151): 		"$timezone_offset":-480,
11-17 11:41:25.513 I/SA.SensorsDataAPI( 1151): 		"$app_id":"com.tal.genie.voice",
11-17 11:41:25.513 I/SA.SensorsDataAPI( 1151): 		"$manufacturer":"ALPS",
11-17 11:41:25.513 I/SA.SensorsDataAPI( 1151): 		"userId":"0",
11-17 11:41:25.513 I/SA.SensorsDataAPI( 1151): 		"sn":"",
11-17 11:41:25.513 I/SA.SensorsDataAPI( 1151): 		"appId":"com.tal.genie.voice",
11-17 11:41:25.513 I/SA.SensorsDataAPI( 1151): 		"grade":"-1",
11-17 11:41:25.513 I/SA.SensorsDataAPI( 1151): 		"gender":"女",
11-17 11:41:25.513 I/SA.SensorsDataAPI( 1151): 		"age":"1970-01-01 00:00:00.000",
11-17 11:41:25.513 I/SA.SensorsDataAPI( 1151): 		"$referrer_title":"语音",
11-17 11:41:25.513 I/SA.SensorsDataAPI( 1151): 		"$wifi":true,
11-17 11:41:25.513 I/SA.SensorsDataAPI( 1151): 		"$network_type":"WIFI",
11-17 11:41:25.513 I/SA.SensorsDataAPI( 1151): 		"intentType":"chat.small_talk",
11-17 11:41:25.513 I/SA.SensorsDataAPI( 1151): 		"msgId":"e1a8d808-d5ef-48d6-bc23-6bbe851bb7c5",
11-17 11:41:25.513 I/SA.SensorsDataAPI( 1151): 		"$lib_method":"code",
11-17 11:41:25.513 I/SA.SensorsDataAPI( 1151): 		"$is_first_day":true
11-17 11:41:25.513 I/SA.SensorsDataAPI( 1151): 	}
11-17 11:41:25.513 I/SA.SensorsDataAPI( 1151): }
11-17 11:41:25.525 D/PowerAQLib(  288): chmix_process!
11-17 11:41:25.527 D/PowerAQLib(  288): mbdrc_process, input_bytes 8192, output_bytes 8192
11-17 11:41:25.527 D/PowerAQLib(  288): result 0, counsumed_bytes 4096, i 0, loop_cnt 2
11-17 11:41:25.527 D/PowerAQLib(  288): result 0, counsumed_bytes 4096, i 1, loop_cnt 2
11-17 11:41:25.527 D/PowerAQLib(  288): mbdrc_process, input_bytes 8192, output_bytes 8192
11-17 11:41:25.527 D/PowerAQLib(  288): bypass_process!
11-17 11:41:25.538 D/PowerAQLib(  288): chmix_process!
11-17 11:41:25.540 D/PowerAQLib(  288): mbdrc_process, input_bytes 8192, output_bytes 8192
11-17 11:41:25.540 D/PowerAQLib(  288): result 0, counsumed_bytes 4096, i 0, loop_cnt 2
11-17 11:41:25.540 D/PowerAQLib(  288): result 0, counsumed_bytes 4096, i 1, loop_cnt 2
11-17 11:41:25.540 D/PowerAQLib(  288): mbdrc_process, input_bytes 8192, output_bytes 8192
11-17 11:41:25.540 D/PowerAQLib(  288): bypass_process!
11-17 11:41:25.551 D/PowerAQLib(  288): chmix_process!
11-17 11:41:25.553 D/PowerAQLib(  288): mbdrc_process, input_bytes 8192, output_bytes 8192
11-17 11:41:25.553 D/PowerAQLib(  288): result 0, counsumed_bytes 4096, i 0, loop_cnt 2
11-17 11:41:25.553 D/PowerAQLib(  288): result 0, counsumed_bytes 4096, i 1, loop_cnt 2
11-17 11:41:25.553 D/PowerAQLib(  288): mbdrc_process, input_bytes 8192, output_bytes 8192
11-17 11:41:25.553 D/PowerAQLib(  288): bypass_process!
11-17 11:41:25.567 D/PowerAQLib(  288): chmix_process!
11-17 11:41:25.569 D/PowerAQLib(  288): mbdrc_process, input_bytes 8192, output_bytes 8192
11-17 11:41:25.569 D/PowerAQLib(  288): result 0, counsumed_bytes 4096, i 0, loop_cnt 2
11-17 11:41:25.569 D/PowerAQLib(  288): result 0, counsumed_bytes 4096, i 1, loop_cnt 2
11-17 11:41:25.569 D/PowerAQLib(  288): mbdrc_process, input_bytes 8192, output_bytes 8192
11-17 11:41:25.569 D/PowerAQLib(  288): bypass_process!
11-17 11:41:25.611 D/PowerAQLib(  288): chmix_process!
11-17 11:41:25.612 D/PowerAQLib(  288): mbdrc_process, input_bytes 8192, output_bytes 8192
11-17 11:41:25.612 D/PowerAQLib(  288): result 0, counsumed_bytes 4096, i 0, loop_cnt 2
11-17 11:41:25.612 D/PowerAQLib(  288): result 0, counsumed_bytes 4096, i 1, loop_cnt 2
11-17 11:41:25.612 D/PowerAQLib(  288): mbdrc_process, input_bytes 8192, output_bytes 8192
11-17 11:41:25.612 D/PowerAQLib(  288): bypass_process!
11-17 11:41:25.624 D/PowerAQLib(  288): chmix_process!
11-17 11:41:25.625 D/PowerAQLib(  288): mbdrc_process, input_bytes 8192, output_bytes 8192
11-17 11:41:25.625 D/PowerAQLib(  288): result 0, counsumed_bytes 4096, i 0, loop_cnt 2
11-17 11:41:25.625 D/PowerAQLib(  288): result 0, counsumed_bytes 4096, i 1, loop_cnt 2
11-17 11:41:25.625 D/PowerAQLib(  288): mbdrc_process, input_bytes 8192, output_bytes 8192
11-17 11:41:25.625 D/PowerAQLib(  288): bypass_process!
11-17 11:41:25.637 D/PowerAQLib(  288): chmix_process!
11-17 11:41:25.638 D/PowerAQLib(  288): mbdrc_process, input_bytes 8192, output_bytes 8192
11-17 11:41:25.638 D/PowerAQLib(  288): result 0, counsumed_bytes 4096, i 0, loop_cnt 2
11-17 11:41:25.638 D/PowerAQLib(  288): result 0, counsumed_bytes 4096, i 1, loop_cnt 2
11-17 11:41:25.638 D/PowerAQLib(  288): mbdrc_process, input_bytes 8192, output_bytes 8192
11-17 11:41:25.638 D/PowerAQLib(  288): bypass_process!
11-17 11:41:25.653 D/PowerAQLib(  288): chmix_process!
11-17 11:41:25.654 D/PowerAQLib(  288): mbdrc_process, input_bytes 8192, output_bytes 8192
11-17 11:41:25.654 D/PowerAQLib(  288): result 0, counsumed_bytes 4096, i 0, loop_cnt 2
11-17 11:41:25.654 D/PowerAQLib(  288): result 0, counsumed_bytes 4096, i 1, loop_cnt 2
11-17 11:41:25.654 D/PowerAQLib(  288): mbdrc_process, input_bytes 8192, output_bytes 8192
11-17 11:41:25.654 D/PowerAQLib(  288): bypass_process!
11-17 11:41:25.696 D/PowerAQLib(  288): chmix_process!
11-17 11:41:25.699 D/PowerAQLib(  288): mbdrc_process, input_bytes 8192, output_bytes 8192
11-17 11:41:25.699 D/PowerAQLib(  288): result 0, counsumed_bytes 4096, i 0, loop_cnt 2
11-17 11:41:25.699 D/PowerAQLib(  288): result 0, counsumed_bytes 4096, i 1, loop_cnt 2
11-17 11:41:25.699 D/PowerAQLib(  288): mbdrc_process, input_bytes 8192, output_bytes 8192
11-17 11:41:25.699 D/PowerAQLib(  288): bypass_process!
11-17 11:41:25.712 D/PowerAQLib(  288): chmix_process!
11-17 11:41:25.715 D/PowerAQLib(  288): mbdrc_process, input_bytes 8192, output_bytes 8192
11-17 11:41:25.715 D/PowerAQLib(  288): result 0, counsumed_bytes 4096, i 0, loop_cnt 2
11-17 11:41:25.715 D/PowerAQLib(  288): result 0, counsumed_bytes 4096, i 1, loop_cnt 2
11-17 11:41:25.715 D/PowerAQLib(  288): mbdrc_process, input_bytes 8192, output_bytes 8192
11-17 11:41:25.715 D/PowerAQLib(  288): bypass_process!
11-17 11:41:25.727 D/PowerAQLib(  288): chmix_process!
11-17 11:41:25.729 D/PowerAQLib(  288): mbdrc_process, input_bytes 8192, output_bytes 8192
11-17 11:41:25.730 D/PowerAQLib(  288): result 0, counsumed_bytes 4096, i 0, loop_cnt 2
11-17 11:41:25.730 D/PowerAQLib(  288): result 0, counsumed_bytes 4096, i 1, loop_cnt 2
11-17 11:41:25.730 D/PowerAQLib(  288): mbdrc_process, input_bytes 8192, output_bytes 8192
11-17 11:41:25.730 D/PowerAQLib(  288): bypass_process!
11-17 11:41:25.742 D/PowerAQLib(  288): chmix_process!
11-17 11:41:25.743 D/PowerAQLib(  288): mbdrc_process, input_bytes 8192, output_bytes 8192
11-17 11:41:25.743 D/PowerAQLib(  288): result 0, counsumed_bytes 4096, i 0, loop_cnt 2
11-17 11:41:25.743 D/PowerAQLib(  288): result 0, counsumed_bytes 4096, i 1, loop_cnt 2
11-17 11:41:25.743 D/PowerAQLib(  288): mbdrc_process, input_bytes 8192, output_bytes 8192
11-17 11:41:25.743 D/PowerAQLib(  288): bypass_process!
11-17 11:41:25.770 D/AudioALSAStreamOut(  288): [primary] close()
11-17 11:41:25.771 D/AudioALSAPlaybackHandlerNormal(  288): +close()
11-17 11:41:25.771 D/AudioVoiceUIDL(  288): [SetInputStandBy] ReadRefFromRing to exit? (0) 
11-17 11:41:25.771 D/AudioALSAHardwareResourceManager(  288): +stopOutputDevice(), mOutputDevices = 0x2, mStartOutputDevicesCount = 1
11-17 11:41:25.772 D/AudioALSAHardwareResourceManager(  288): -stopOutputDevice(), mOutputDevices = 0x0, mStartOutputDevicesCount = 0
11-17 11:41:25.807 D/AudioProcessor( 1151): [ (AudioProcessor.java:181)#sendDataToJNI4 ] type:4 isHeating:false
11-17 11:41:25.823 D/AudioALSAPlaybackHandlerBase(  288): -closePcmDriver(), mPcm = 0x0
11-17 11:41:25.823 D/AudioALSAPlaybackHandlerBase(  288): DeinitDataPending
11-17 11:41:25.823 D/AudioALSAPlaybackHandlerBase(  288): deinitPowerAQProcessing
11-17 11:41:25.823 D/MTKAudioPowerAQManager(  288): Set mPowerAQHandler identity (0)
11-17 11:41:25.823 D/MTKAudioPowerAQManager(  288): destoryPowerAQHandler() begins!
11-17 11:41:25.823 D/MTKAudioPowerAQHandler(  288): [0xa692a680]~MTKAudioPowerAQHandler()-
11-17 11:41:25.823 D/AudioALSAPlaybackHandlerNormal(  288): -close()
11-17 11:41:25.823 D/AudioALSAStreamManager(  288): +destroyPlaybackHandler(), mode = 0, pPlaybackHandler = 0xa52ec900
11-17 11:41:25.823 D/AudioALSAPlaybackHandlerNormal(  288): ~AudioALSAPlaybackHandlerNormal()
11-17 11:41:25.823 D/AudioALSAStreamManager(  288): -destroyPlaybackHandler(), mPlaybackHandlerVector.size() = 0
11-17 11:41:25.880 I/LonglinkLog( 1151): [ (LonglinkLog.java:40)#i ] Received WS message!! In onMessage text={"mtype":2,"response_type":200,"msg":"","request_id":"e1a8d808-d5ef-48d6-bc23-6bbe851bb7c5","api_version":"0.1","asr_content":{"is_partial":false,"result":""},"nlu_content":{"task_type":"","show_content":"","show_nlu":""},"tts_content":{"tts":"HQANAP3/AAABAA4AFQAWABMAEgARABUAGAAYABcAFAARAA0ADgAJAAoA
11-17 11:41:25.892 D/TalkEventDispatcher( 1151): [ (TalkEventDispatcher.java:85)#onResultEvent ] onResultEvent:
11-17 11:41:25.893 D/IVoiceS ( 1151): [ (TalkVoiceS.java:329)#dispatchTtsResult ] tts:TtsContentBean{txt='我们先不要聊天啦', cur=0, total=2, request_id='e1a8d808-d5ef-48d6-bc23-6bbe851bb7c5'}
11-17 11:41:25.895 D/TtsManager( 1151): [ (TtsManager.java:101)#speak ] id:e1a8d808-d5ef-48d6-bc23-6bbe851bb7c5 lastId:50a8ea0d-ba7e-4fa0-8a88-66c092ffafa7
11-17 11:41:25.903 D/TtsPlayer( 1151): [ (TtsPlayer.java:94)#play ] add audio: 我们先不要聊天啦 cur:0 total:2
11-17 11:41:25.904 D/IVoiceS ( 1151): [ (TalkVoiceS.java:305)#onStart ] onTtsStart:e1a8d808-d5ef-48d6-bc23-6bbe851bb7c5
11-17 11:41:25.906 D/TtsPlayer( 1151): [ (TtsPlayer.java:67)#run ] playing: 我们先不要聊天啦 cur:0 buffer:85824 id:e1a8d808-d5ef-48d6-bc23-6bbe851bb7c5
11-17 11:41:25.906 W/AudioTrack( 1151): releaseBuffer() track 0x83b4c900 disabled due to previous underrun, restarting
11-17 11:41:25.906 D/APM_AudioPolicyManager(  308): startOutput() output 13, stream 3, session 89
11-17 11:41:25.906 V/APM::AudioOutputDescriptor(  308): changeRefCount() stream 3, count 1
11-17 11:41:25.908 D/AudioALSAStreamManager(  288): setMasterVolume(), volume = 1.000000
11-17 11:41:25.908 D/AudioMTKGainController(  288): setNormalVolume(), mSceneIndex = 0, stream 3, devices 0x2, index 5, mode 0x0
11-17 11:41:25.909 D/AudioMTKGainController(  288): setSpeakerGain(), gain = 10, spkAnaType = 3, spkLMixerName = Lineout_PGAL_GAIN, spkRMixerName = Lineout_PGAR_GAIN
11-17 11:41:25.909 D/AudioALSAStreamOut(  288): [primary] open(), flags 2
11-17 11:41:25.909 D/AudioALSAStreamManager(  288): +createPlaybackHandler(), mAudioMode = 0, output_devices = 0x2
11-17 11:41:25.909 D/AudioALSAPlaybackHandlerNormal(  288): AudioALSAPlaybackHandlerNormal()
11-17 11:41:25.909 D/AudioALSAStreamManager(  288): createPlaybackHandler() ApplyFilter [0]/[2] Device [0x2]
11-17 11:41:25.909 D/AudioALSAPlaybackHandlerNormal(  288): +setFilterMng() mAudioFilterManagerHandler [0xa690e5f0]
11-17 11:41:25.909 D/AudioALSAPlaybackHandlerNormal(  288): -setFilterMng()
11-17 11:41:25.909 D/AudioALSAStreamManager(  288): -createPlaybackHandler(), mPlaybackHandlerVector.size() = 1
11-17 11:41:25.909 D/AudioALSAPlaybackHandlerNormal(  288): +open(), mDevice = 0x2
11-17 11:41:25.909 D/AudioALSADeviceParser(  288): compare pcm success = 0, stringpair = MultiMedia1_PLayback
11-17 11:41:25.909 D/AudioALSAPlaybackHandlerNormal(  288): ChooseTargetSampleRate SampleRate = 48000 outputdevice = 2
11-17 11:41:25.909 D/AudioALSAPlaybackHandlerNormal(  288): open(), mConfig: channels = 2, rate = 48000, period_size = 2048, period_count = 2, format = 0
11-17 11:41:25.909 D/AudioALSAPlaybackHandlerBase(  288): initPowerAQProcessing
11-17 11:41:25.909 D/MTKAudioPowerAQManager(  288): Set mPowerAQHandler identity (0)
11-17 11:41:25.909 D/MTKAudioPowerAQManager(  288): createPowerAQHandler()+ begins
11-17 11:41:25.909 D/MTKAudioPowerAQManager(  288): transferAudioChannelCount(), channel_count(0x2) => AUDIO_CHANNEL(0x3)
11-17 11:41:25.909 D/MTKAudioPowerAQManager(  288): transferAudioChannelCount(), channel_count(0x2) => AUDIO_CHANNEL(0x3)
11-17 11:41:25.909 D/MTKAudioPowerAQManager(  288): transferAudioSampleRate(), sample_rate(0xbb80) => AUDIO_SAMPLE_RATE(0x40)
11-17 11:41:25.909 D/MTKAudioPowerAQManager(  288): transferAudioFormat(), audio_format(0x1) => AUDIO_SAMPLE_FORMAT(0x1)
