11-17 13:34:03.695 W/ContextImpl( 1205): Calling a method in the system process without a qualified user: android.app.ContextImpl.sendBroadcast:1006 android.content.ContextWrapper.sendBroadcast:444 com.tal.genie.launcher.service.TimeTickListener.sendOTASilentBroadcast:62 com.tal.genie.launcher.service.TimeTickListener.onTimeTickReceived:31 com.tal.genie.base_receiver.time.TimeTickManager.onTimeTickReceived:80 
11-17 13:34:55.532 E/storaged(  472): getDiskStats failed with result NOT_SUPPORTED and size 0
11-17 13:35:11.434 W/ContextImpl( 1205): Calling a method in the system process without a qualified user: android.app.ContextImpl.sendBroadcast:1006 android.content.ContextWrapper.sendBroadcast:444 android.content.ContextWrapper.sendBroadcast:444 com.tal.genie.lockscreen.receiver.LockScreenReceiver.sendBroadCastToVoice:180 com.tal.genie.lockscreen.activity.LockScreenActivity.onTimeTickReceived:156 
11-17 13:35:11.462 W/ContextImpl( 1205): Calling a method in the system process without a qualified user: android.app.ContextImpl.sendBroadcast:1006 android.content.ContextWrapper.sendBroadcast:444 com.tal.genie.launcher.service.TimeTickListener.sendOTASilentBroadcast:62 com.tal.genie.launcher.service.TimeTickListener.onTimeTickReceived:31 com.tal.genie.base_receiver.time.TimeTickManager.onTimeTickReceived:80 
11-17 13:35:55.535 E/storaged(  472): getDiskStats failed with result NOT_SUPPORTED and size 0
11-17 13:36:05.225 W/ContextImpl( 1205): Calling a method in the system process without a qualified user: android.app.ContextImpl.sendBroadcast:1006 android.content.ContextWrapper.sendBroadcast:444 android.content.ContextWrapper.sendBroadcast:444 com.tal.genie.lockscreen.receiver.LockScreenReceiver.sendBroadCastToVoice:180 com.tal.genie.lockscreen.activity.LockScreenActivity.onTimeTickReceived:156 
11-17 13:36:05.246 W/ContextImpl( 1205): Calling a method in the system process without a qualified user: android.app.ContextImpl.sendBroadcast:1006 android.content.ContextWrapper.sendBroadcast:444 com.tal.genie.launcher.service.TimeTickListener.sendOTASilentBroadcast:62 com.tal.genie.launcher.service.TimeTickListener.onTimeTickReceived:31 com.tal.genie.base_receiver.time.TimeTickManager.onTimeTickReceived:80 
11-17 13:36:55.536 E/storaged(  472): getDiskStats failed with result NOT_SUPPORTED and size 0
11-17 13:37:04.367 W/ContextImpl( 1205): Calling a method in the system process without a qualified user: android.app.ContextImpl.sendBroadcast:1006 android.content.ContextWrapper.sendBroadcast:444 android.content.ContextWrapper.sendBroadcast:444 com.tal.genie.lockscreen.receiver.LockScreenReceiver.sendBroadCastToVoice:180 com.tal.genie.lockscreen.activity.LockScreenActivity.onTimeTickReceived:156 
11-17 13:37:04.387 W/ContextImpl( 1205): Calling a method in the system process without a qualified user: android.app.ContextImpl.sendBroadcast:1006 android.content.ContextWrapper.sendBroadcast:444 com.tal.genie.launcher.service.TimeTickListener.sendOTASilentBroadcast:62 com.tal.genie.launcher.service.TimeTickListener.onTimeTickReceived:31 com.tal.genie.base_receiver.time.TimeTickManager.onTimeTickReceived:80 
11-17 13:37:55.539 E/storaged(  472): getDiskStats failed with result NOT_SUPPORTED and size 0
11-17 13:38:09.818 W/ContextImpl( 1205): Calling a method in the system process without a qualified user: android.app.ContextImpl.sendBroadcast:1006 android.content.ContextWrapper.sendBroadcast:444 android.content.ContextWrapper.sendBroadcast:444 com.tal.genie.lockscreen.receiver.LockScreenReceiver.sendBroadCastToVoice:180 com.tal.genie.lockscreen.activity.LockScreenActivity.onTimeTickReceived:156 
11-17 13:38:09.832 W/ContextImpl( 1205): Calling a method in the system process without a qualified user: android.app.ContextImpl.sendBroadcast:1006 android.content.ContextWrapper.sendBroadcast:444 com.tal.genie.launcher.service.TimeTickListener.sendOTASilentBroadcast:62 com.tal.genie.launcher.service.TimeTickListener.onTimeTickReceived:31 com.tal.genie.base_receiver.time.TimeTickManager.onTimeTickReceived:80 
11-17 13:38:55.540 E/storaged(  472): getDiskStats failed with result NOT_SUPPORTED and size 0
11-17 13:39:05.904 W/ContextImpl( 1205): Calling a method in the system process without a qualified user: android.app.ContextImpl.sendBroadcast:1006 android.content.ContextWrapper.sendBroadcast:444 android.content.ContextWrapper.sendBroadcast:444 com.tal.genie.lockscreen.receiver.LockScreenReceiver.sendBroadCastToVoice:180 com.tal.genie.lockscreen.activity.LockScreenActivity.onTimeTickReceived:156 
11-17 13:39:05.918 W/ContextImpl( 1205): Calling a method in the system process without a qualified user: android.app.ContextImpl.sendBroadcast:1006 android.content.ContextWrapper.sendBroadcast:444 com.tal.genie.launcher.service.TimeTickListener.sendOTASilentBroadcast:62 com.tal.genie.launcher.service.TimeTickListener.onTimeTickReceived:31 com.tal.genie.base_receiver.time.TimeTickManager.onTimeTickReceived:80 
11-17 13:39:55.542 E/storaged(  472): getDiskStats failed with result NOT_SUPPORTED and size 0
11-17 13:40:00.426 W/BroadcastQueue(  631): Background execution not allowed: receiving Intent { act=com.android.providers.media.ACTIVATE_MEDIAPROCESS flg=0x10 } to com.android.providers.media/.MtpReceiver
11-17 13:40:05.102 W/ContextImpl( 1205): Calling a method in the system process without a qualified user: android.app.ContextImpl.sendBroadcast:1006 android.content.ContextWrapper.sendBroadcast:444 android.content.ContextWrapper.sendBroadcast:444 com.tal.genie.lockscreen.receiver.LockScreenReceiver.sendBroadCastToVoice:180 com.tal.genie.lockscreen.activity.LockScreenActivity.onTimeTickReceived:156 
11-17 13:40:05.135 W/ContextImpl( 1205): Calling a method in the system process without a qualified user: android.app.ContextImpl.sendBroadcast:1006 android.content.ContextWrapper.sendBroadcast:444 com.tal.genie.launcher.service.TimeTickListener.sendOTASilentBroadcast:62 com.tal.genie.launcher.service.TimeTickListener.onTimeTickReceived:31 com.tal.genie.base_receiver.time.TimeTickManager.onTimeTickReceived:80 
11-17 13:40:55.543 E/storaged(  472): getDiskStats failed with result NOT_SUPPORTED and size 0
11-17 13:41:12.882 W/ContextImpl( 1205): Calling a method in the system process without a qualified user: android.app.ContextImpl.sendBroadcast:1006 android.content.ContextWrapper.sendBroadcast:444 android.content.ContextWrapper.sendBroadcast:444 com.tal.genie.lockscreen.receiver.LockScreenReceiver.sendBroadCastToVoice:180 com.tal.genie.lockscreen.activity.LockScreenActivity.onTimeTickReceived:156 
11-17 13:41:12.899 W/ContextImpl( 1205): Calling a method in the system process without a qualified user: android.app.ContextImpl.sendBroadcast:1006 android.content.ContextWrapper.sendBroadcast:444 com.tal.genie.launcher.service.TimeTickListener.sendOTASilentBroadcast:62 com.tal.genie.launcher.service.TimeTickListener.onTimeTickReceived:31 com.tal.genie.base_receiver.time.TimeTickManager.onTimeTickReceived:80 
11-17 13:41:55.545 E/storaged(  472): getDiskStats failed with result NOT_SUPPORTED and size 0
11-17 13:42:06.698 W/ContextImpl( 1205): Calling a method in the system process without a qualified user: android.app.ContextImpl.sendBroadcast:1006 android.content.ContextWrapper.sendBroadcast:444 android.content.ContextWrapper.sendBroadcast:444 com.tal.genie.lockscreen.receiver.LockScreenReceiver.sendBroadCastToVoice:180 com.tal.genie.lockscreen.activity.LockScreenActivity.onTimeTickReceived:156 
11-17 13:42:06.723 W/ContextImpl( 1205): Calling a method in the system process without a qualified user: android.app.ContextImpl.sendBroadcast:1006 android.content.ContextWrapper.sendBroadcast:444 com.tal.genie.launcher.service.TimeTickListener.sendOTASilentBroadcast:62 com.tal.genie.launcher.service.TimeTickListener.onTimeTickReceived:31 com.tal.genie.base_receiver.time.TimeTickManager.onTimeTickReceived:80 
11-17 13:42:55.547 E/storaged(  472): getDiskStats failed with result NOT_SUPPORTED and size 0
11-17 13:43:05.876 W/ContextImpl( 1205): Calling a method in the system process without a qualified user: android.app.ContextImpl.sendBroadcast:1006 android.content.ContextWrapper.sendBroadcast:444 android.content.ContextWrapper.sendBroadcast:444 com.tal.genie.lockscreen.receiver.LockScreenReceiver.sendBroadCastToVoice:180 com.tal.genie.lockscreen.activity.LockScreenActivity.onTimeTickReceived:156 
11-17 13:43:05.899 W/ContextImpl( 1205): Calling a method in the system process without a qualified user: android.app.ContextImpl.sendBroadcast:1006 android.content.ContextWrapper.sendBroadcast:444 com.tal.genie.launcher.service.TimeTickListener.sendOTASilentBroadcast:62 com.tal.genie.launcher.service.TimeTickListener.onTimeTickReceived:31 com.tal.genie.base_receiver.time.TimeTickManager.onTimeTickReceived:80 
11-17 13:43:55.548 E/storaged(  472): getDiskStats failed with result NOT_SUPPORTED and size 0
11-17 13:44:00.171 W/ContextImpl( 1205): Calling a method in the system process without a qualified user: android.app.ContextImpl.sendBroadcast:1006 android.content.ContextWrapper.sendBroadcast:444 android.content.ContextWrapper.sendBroadcast:444 com.tal.genie.lockscreen.receiver.LockScreenReceiver.sendBroadCastToVoice:180 com.tal.genie.lockscreen.activity.LockScreenActivity.onTimeTickReceived:156 
11-17 13:44:00.203 W/ContextImpl( 1205): Calling a method in the system process without a qualified user: android.app.ContextImpl.sendBroadcast:1006 android.content.ContextWrapper.sendBroadcast:444 com.tal.genie.launcher.service.TimeTickListener.sendOTASilentBroadcast:62 com.tal.genie.launcher.service.TimeTickListener.onTimeTickReceived:31 com.tal.genie.base_receiver.time.TimeTickManager.onTimeTickReceived:80 
11-17 13:44:55.549 E/storaged(  472): getDiskStats failed with result NOT_SUPPORTED and size 0
11-17 13:45:07.430 W/ContextImpl( 1205): Calling a method in the system process without a qualified user: android.app.ContextImpl.sendBroadcast:1006 android.content.ContextWrapper.sendBroadcast:444 android.content.ContextWrapper.sendBroadcast:444 com.tal.genie.lockscreen.receiver.LockScreenReceiver.sendBroadCastToVoice:180 com.tal.genie.lockscreen.activity.LockScreenActivity.onTimeTickReceived:156 
11-17 13:45:07.450 W/ContextImpl( 1205): Calling a method in the system process without a qualified user: android.app.ContextImpl.sendBroadcast:1006 android.content.ContextWrapper.sendBroadcast:444 com.tal.genie.launcher.service.TimeTickListener.sendOTASilentBroadcast:62 com.tal.genie.launcher.service.TimeTickListener.onTimeTickReceived:31 com.tal.genie.base_receiver.time.TimeTickManager.onTimeTickReceived:80 
11-17 13:45:55.550 E/storaged(  472): getDiskStats failed with result NOT_SUPPORTED and size 0
11-17 13:46:06.657 W/ContextImpl( 1205): Calling a method in the system process without a qualified user: android.app.ContextImpl.sendBroadcast:1006 android.content.ContextWrapper.sendBroadcast:444 android.content.ContextWrapper.sendBroadcast:444 com.tal.genie.lockscreen.receiver.LockScreenReceiver.sendBroadCastToVoice:180 com.tal.genie.lockscreen.activity.LockScreenActivity.onTimeTickReceived:156 
11-17 13:46:06.678 W/ContextImpl( 1205): Calling a method in the system process without a qualified user: android.app.ContextImpl.sendBroadcast:1006 android.content.ContextWrapper.sendBroadcast:444 com.tal.genie.launcher.service.TimeTickListener.sendOTASilentBroadcast:62 com.tal.genie.launcher.service.TimeTickListener.onTimeTickReceived:31 com.tal.genie.base_receiver.time.TimeTickManager.onTimeTickReceived:80 
11-17 13:46:55.551 E/storaged(  472): getDiskStats failed with result NOT_SUPPORTED and size 0
11-17 13:47:00.458 W/ContextImpl( 1205): Calling a method in the system process without a qualified user: android.app.ContextImpl.sendBroadcast:1006 android.content.ContextWrapper.sendBroadcast:444 android.content.ContextWrapper.sendBroadcast:444 com.tal.genie.lockscreen.receiver.LockScreenReceiver.sendBroadCastToVoice:180 com.tal.genie.lockscreen.activity.LockScreenActivity.onTimeTickReceived:156 
11-17 13:47:00.489 W/ContextImpl( 1205): Calling a method in the system process without a qualified user: android.app.ContextImpl.sendBroadcast:1006 android.content.ContextWrapper.sendBroadcast:444 com.tal.genie.launcher.service.TimeTickListener.sendOTASilentBroadcast:62 com.tal.genie.launcher.service.TimeTickListener.onTimeTickReceived:31 com.tal.genie.base_receiver.time.TimeTickManager.onTimeTickReceived:80 
11-17 13:47:55.552 E/storaged(  472): getDiskStats failed with result NOT_SUPPORTED and size 0
11-17 13:48:08.211 W/ContextImpl( 1205): Calling a method in the system process without a qualified user: android.app.ContextImpl.sendBroadcast:1006 android.content.ContextWrapper.sendBroadcast:444 android.content.ContextWrapper.sendBroadcast:444 com.tal.genie.lockscreen.receiver.LockScreenReceiver.sendBroadCastToVoice:180 com.tal.genie.lockscreen.activity.LockScreenActivity.onTimeTickReceived:156 
11-17 13:48:08.233 W/ContextImpl( 1205): Calling a method in the system process without a qualified user: android.app.ContextImpl.sendBroadcast:1006 android.content.ContextWrapper.sendBroadcast:444 com.tal.genie.launcher.service.TimeTickListener.sendOTASilentBroadcast:62 com.tal.genie.launcher.service.TimeTickListener.onTimeTickReceived:31 com.tal.genie.base_receiver.time.TimeTickManager.onTimeTickReceived:80 
11-17 13:48:55.553 E/storaged(  472): getDiskStats failed with result NOT_SUPPORTED and size 0
11-17 13:49:07.368 W/ContextImpl( 1205): Calling a method in the system process without a qualified user: android.app.ContextImpl.sendBroadcast:1006 android.content.ContextWrapper.sendBroadcast:444 android.content.ContextWrapper.sendBroadcast:444 com.tal.genie.lockscreen.receiver.LockScreenReceiver.sendBroadCastToVoice:180 com.tal.genie.lockscreen.activity.LockScreenActivity.onTimeTickReceived:156 
11-17 13:49:07.401 W/ContextImpl( 1205): Calling a method in the system process without a qualified user: android.app.ContextImpl.sendBroadcast:1006 android.content.ContextWrapper.sendBroadcast:444 com.tal.genie.launcher.service.TimeTickListener.sendOTASilentBroadcast:62 com.tal.genie.launcher.service.TimeTickListener.onTimeTickReceived:31 com.tal.genie.base_receiver.time.TimeTickManager.onTimeTickReceived:80 
11-17 13:49:24.246 W/NetworkStatsRecorder(  631): unknown interfaces [wlan0, lo], ignoring those stats
11-17 13:49:24.246 I/chatty  (  631): uid=1000(system) NetworkStats identical 2 lines
11-17 13:49:24.246 W/NetworkStatsRecorder(  631): unknown interfaces [wlan0, lo], ignoring those stats
11-17 13:49:55.555 E/storaged(  472): getDiskStats failed with result NOT_SUPPORTED and size 0
11-17 13:50:01.147 W/ContextImpl( 1205): Calling a method in the system process without a qualified user: android.app.ContextImpl.sendBroadcast:1006 android.content.ContextWrapper.sendBroadcast:444 android.content.ContextWrapper.sendBroadcast:444 com.tal.genie.lockscreen.receiver.LockScreenReceiver.sendBroadCastToVoice:180 com.tal.genie.lockscreen.activity.LockScreenActivity.onTimeTickReceived:156 
11-17 13:50:01.164 W/ContextImpl( 1205): Calling a method in the system process without a qualified user: android.app.ContextImpl.sendBroadcast:1006 android.content.ContextWrapper.sendBroadcast:444 com.tal.genie.launcher.service.TimeTickListener.sendOTASilentBroadcast:62 com.tal.genie.launcher.service.TimeTickListener.onTimeTickReceived:31 com.tal.genie.base_receiver.time.TimeTickManager.onTimeTickReceived:80 
11-17 13:50:55.558 E/storaged(  472): getDiskStats failed with result NOT_SUPPORTED and size 0
11-17 13:51:00.360 W/ContextImpl( 1205): Calling a method in the system process without a qualified user: android.app.ContextImpl.sendBroadcast:1006 android.content.ContextWrapper.sendBroadcast:444 android.content.ContextWrapper.sendBroadcast:444 com.tal.genie.lockscreen.receiver.LockScreenReceiver.sendBroadCastToVoice:180 com.tal.genie.lockscreen.activity.LockScreenActivity.onTimeTickReceived:156 
11-17 13:51:00.401 W/ContextImpl( 1205): Calling a method in the system process without a qualified user: android.app.ContextImpl.sendBroadcast:1006 android.content.ContextWrapper.sendBroadcast:444 com.tal.genie.launcher.service.TimeTickListener.sendOTASilentBroadcast:62 com.tal.genie.launcher.service.TimeTickListener.onTimeTickReceived:31 com.tal.genie.base_receiver.time.TimeTickManager.onTimeTickReceived:80 
11-17 13:51:55.564 E/storaged(  472): getDiskStats failed with result NOT_SUPPORTED and size 0
11-17 13:52:06.231 W/ContextImpl( 1205): Calling a method in the system process without a qualified user: android.app.ContextImpl.sendBroadcast:1006 android.content.ContextWrapper.sendBroadcast:444 android.content.ContextWrapper.sendBroadcast:444 com.tal.genie.lockscreen.receiver.LockScreenReceiver.sendBroadCastToVoice:180 com.tal.genie.lockscreen.activity.LockScreenActivity.onTimeTickReceived:156 
11-17 13:52:06.255 W/ContextImpl( 1205): Calling a method in the system process without a qualified user: android.app.ContextImpl.sendBroadcast:1006 android.content.ContextWrapper.sendBroadcast:444 com.tal.genie.launcher.service.TimeTickListener.sendOTASilentBroadcast:62 com.tal.genie.launcher.service.TimeTickListener.onTimeTickReceived:31 com.tal.genie.base_receiver.time.TimeTickManager.onTimeTickReceived:80 
11-17 13:52:06.261 I/WatchlistLoggingHandler(  631): Start aggregating watchlist records.
11-17 13:52:11.159 I/WatchlistLoggingHandler(  631): Milliseconds spent on tryAggregateRecords(): 4899
11-17 13:52:55.567 E/storaged(  472): getDiskStats failed with result NOT_SUPPORTED and size 0
11-17 13:53:01.981 W/ContextImpl( 1205): Calling a method in the system process without a qualified user: android.app.ContextImpl.sendBroadcast:1006 android.content.ContextWrapper.sendBroadcast:444 android.content.ContextWrapper.sendBroadcast:444 com.tal.genie.lockscreen.receiver.LockScreenReceiver.sendBroadCastToVoice:180 com.tal.genie.lockscreen.activity.LockScreenActivity.onTimeTickReceived:156 
11-17 13:53:02.013 W/ContextImpl( 1205): Calling a method in the system process without a qualified user: android.app.ContextImpl.sendBroadcast:1006 android.content.ContextWrapper.sendBroadcast:444 com.tal.genie.launcher.service.TimeTickListener.sendOTASilentBroadcast:62 com.tal.genie.launcher.service.TimeTickListener.onTimeTickReceived:31 com.tal.genie.base_receiver.time.TimeTickManager.onTimeTickReceived:80 
11-17 13:53:55.568 E/storaged(  472): getDiskStats failed with result NOT_SUPPORTED and size 0
11-17 13:54:01.152 W/ContextImpl( 1205): Calling a method in the system process without a qualified user: android.app.ContextImpl.sendBroadcast:1006 android.content.ContextWrapper.sendBroadcast:444 android.content.ContextWrapper.sendBroadcast:444 com.tal.genie.lockscreen.receiver.LockScreenReceiver.sendBroadCastToVoice:180 com.tal.genie.lockscreen.activity.LockScreenActivity.onTimeTickReceived:156 
11-17 13:54:01.172 W/ContextImpl( 1205): Calling a method in the system process without a qualified user: android.app.ContextImpl.sendBroadcast:1006 android.content.ContextWrapper.sendBroadcast:444 com.tal.genie.launcher.service.TimeTickListener.sendOTASilentBroadcast:62 com.tal.genie.launcher.service.TimeTickListener.onTimeTickReceived:31 com.tal.genie.base_receiver.time.TimeTickManager.onTimeTickReceived:80 
11-17 13:54:55.570 E/storaged(  472): getDiskStats failed with result NOT_SUPPORTED and size 0
11-17 13:55:08.941 W/ContextImpl( 1205): Calling a method in the system process without a qualified user: android.app.ContextImpl.sendBroadcast:1006 android.content.ContextWrapper.sendBroadcast:444 android.content.ContextWrapper.sendBroadcast:444 com.tal.genie.lockscreen.receiver.LockScreenReceiver.sendBroadCastToVoice:180 com.tal.genie.lockscreen.activity.LockScreenActivity.onTimeTickReceived:156 
11-17 13:55:09.006 W/ContextImpl( 1205): Calling a method in the system process without a qualified user: android.app.ContextImpl.sendBroadcast:1006 android.content.ContextWrapper.sendBroadcast:444 com.tal.genie.launcher.service.TimeTickListener.sendOTASilentBroadcast:62 com.tal.genie.launcher.service.TimeTickListener.onTimeTickReceived:31 com.tal.genie.base_receiver.time.TimeTickManager.onTimeTickReceived:80 
11-17 13:55:55.575 E/storaged(  472): getDiskStats failed with result NOT_SUPPORTED and size 0
11-17 13:56:02.674 W/ContextImpl( 1205): Calling a method in the system process without a qualified user: android.app.ContextImpl.sendBroadcast:1006 android.content.ContextWrapper.sendBroadcast:444 android.content.ContextWrapper.sendBroadcast:444 com.tal.genie.lockscreen.receiver.LockScreenReceiver.sendBroadCastToVoice:180 com.tal.genie.lockscreen.activity.LockScreenActivity.onTimeTickReceived:156 
11-17 13:56:02.691 W/ContextImpl( 1205): Calling a method in the system process without a qualified user: android.app.ContextImpl.sendBroadcast:1006 android.content.ContextWrapper.sendBroadcast:444 com.tal.genie.launcher.service.TimeTickListener.sendOTASilentBroadcast:62 com.tal.genie.launcher.service.TimeTickListener.onTimeTickReceived:31 com.tal.genie.base_receiver.time.TimeTickManager.onTimeTickReceived:80 
11-17 13:56:55.582 E/storaged(  472): getDiskStats failed with result NOT_SUPPORTED and size 0
11-17 13:57:01.889 W/ContextImpl( 1205): Calling a method in the system process without a qualified user: android.app.ContextImpl.sendBroadcast:1006 android.content.ContextWrapper.sendBroadcast:444 android.content.ContextWrapper.sendBroadcast:444 com.tal.genie.lockscreen.receiver.LockScreenReceiver.sendBroadCastToVoice:180 com.tal.genie.lockscreen.activity.LockScreenActivity.onTimeTickReceived:156 
11-17 13:57:01.915 W/ContextImpl( 1205): Calling a method in the system process without a qualified user: android.app.ContextImpl.sendBroadcast:1006 android.content.ContextWrapper.sendBroadcast:444 com.tal.genie.launcher.service.TimeTickListener.sendOTASilentBroadcast:62 com.tal.genie.launcher.service.TimeTickListener.onTimeTickReceived:31 com.tal.genie.base_receiver.time.TimeTickManager.onTimeTickReceived:80 
11-17 13:57:55.584 E/storaged(  472): getDiskStats failed with result NOT_SUPPORTED and size 0
11-17 13:58:09.663 W/ContextImpl( 1205): Calling a method in the system process without a qualified user: android.app.ContextImpl.sendBroadcast:1006 android.content.ContextWrapper.sendBroadcast:444 android.content.ContextWrapper.sendBroadcast:444 com.tal.genie.lockscreen.receiver.LockScreenReceiver.sendBroadCastToVoice:180 com.tal.genie.lockscreen.activity.LockScreenActivity.onTimeTickReceived:156 
11-17 13:58:09.680 W/ContextImpl( 1205): Calling a method in the system process without a qualified user: android.app.ContextImpl.sendBroadcast:1006 android.content.ContextWrapper.sendBroadcast:444 com.tal.genie.launcher.service.TimeTickListener.sendOTASilentBroadcast:62 com.tal.genie.launcher.service.TimeTickListener.onTimeTickReceived:31 com.tal.genie.base_receiver.time.TimeTickManager.onTimeTickReceived:80 
11-17 13:58:55.585 E/storaged(  472): getDiskStats failed with result NOT_SUPPORTED and size 0
11-17 13:59:03.442 W/ContextImpl( 1205): Calling a method in the system process without a qualified user: android.app.ContextImpl.sendBroadcast:1006 android.content.ContextWrapper.sendBroadcast:444 android.content.ContextWrapper.sendBroadcast:444 com.tal.genie.lockscreen.receiver.LockScreenReceiver.sendBroadCastToVoice:180 com.tal.genie.lockscreen.activity.LockScreenActivity.onTimeTickReceived:156 
11-17 13:59:03.499 W/ContextImpl( 1205): Calling a method in the system process without a qualified user: android.app.ContextImpl.sendBroadcast:1006 android.content.ContextWrapper.sendBroadcast:444 com.tal.genie.launcher.service.TimeTickListener.sendOTASilentBroadcast:62 com.tal.genie.launcher.service.TimeTickListener.onTimeTickReceived:31 com.tal.genie.base_receiver.time.TimeTickManager.onTimeTickReceived:80 
11-17 13:59:40.559 E/BatteryExternalStatsWorker(  631): no controller energy info supplied for wifi
11-17 13:59:40.559 E/BatteryExternalStatsWorker(  631): no controller energy info supplied for bluetooth
11-17 13:59:40.565 E/KernelCpuSpeedReader(  631): Failed to read cpu-freq: /sys/devices/system/cpu/cpu0/cpufreq/stats/time_in_state (No such file or directory)
11-17 13:59:40.571 W/BatteryExternalStatsWorker(  631): modem info is invalid: ModemActivityInfo{ mTimestamp=0 mSleepTimeMs=0 mIdleTimeMs=0 mTxTimeMs[]=[0, 0, 0, 0, 0] mRxTimeMs=0 mEnergyUsed=0}
11-17 13:59:55.586 E/storaged(  472): getDiskStats failed with result NOT_SUPPORTED and size 0
11-17 14:00:00.528 W/BroadcastQueue(  631): Background execution not allowed: receiving Intent { act=com.android.providers.media.ACTIVATE_MEDIAPROCESS flg=0x10 } to com.android.providers.media/.MtpReceiver
11-17 14:00:02.175 W/ContextImpl( 1205): Calling a method in the system process without a qualified user: android.app.ContextImpl.sendBroadcast:1006 android.content.ContextWrapper.sendBroadcast:444 android.content.ContextWrapper.sendBroadcast:444 com.tal.genie.lockscreen.receiver.LockScreenReceiver.sendBroadCastToVoice:180 com.tal.genie.lockscreen.activity.LockScreenActivity.onTimeTickReceived:156 
11-17 14:00:02.182 W/NetworkStatsRecorder(  631): unknown interfaces [wlan0, lo], ignoring those stats
11-17 14:00:02.183 I/chatty  (  631): uid=1000(system) NetworkStats identical 2 lines
11-17 14:00:02.183 W/NetworkStatsRecorder(  631): unknown interfaces [wlan0, lo], ignoring those stats
11-17 14:00:02.199 W/ContextImpl( 1205): Calling a method in the system process without a qualified user: android.app.ContextImpl.sendBroadcast:1006 android.content.ContextWrapper.sendBroadcast:444 com.tal.genie.launcher.service.TimeTickListener.sendOTASilentBroadcast:62 com.tal.genie.launcher.service.TimeTickListener.onTimeTickReceived:31 com.tal.genie.base_receiver.time.TimeTickManager.onTimeTickReceived:80 
11-17 14:00:56.724 E/storaged(  472): getDiskStats failed with result NOT_SUPPORTED and size 0
11-17 14:01:10.385 W/ContextImpl( 1205): Calling a method in the system process without a qualified user: android.app.ContextImpl.sendBroadcast:1006 android.content.ContextWrapper.sendBroadcast:444 android.content.ContextWrapper.sendBroadcast:444 com.tal.genie.lockscreen.receiver.LockScreenReceiver.sendBroadCastToVoice:180 com.tal.genie.lockscreen.activity.LockScreenActivity.onTimeTickReceived:156 
11-17 14:01:10.410 W/ContextImpl( 1205): Calling a method in the system process without a qualified user: android.app.ContextImpl.sendBroadcast:1006 android.content.ContextWrapper.sendBroadcast:444 com.tal.genie.launcher.service.TimeTickListener.sendOTASilentBroadcast:62 com.tal.genie.launcher.service.TimeTickListener.onTimeTickReceived:31 com.tal.genie.base_receiver.time.TimeTickManager.onTimeTickReceived:80 
11-17 14:01:56.725 E/storaged(  472): getDiskStats failed with result NOT_SUPPORTED and size 0
11-17 14:02:04.092 W/ContextImpl( 1205): Calling a method in the system process without a qualified user: android.app.ContextImpl.sendBroadcast:1006 android.content.ContextWrapper.sendBroadcast:444 android.content.ContextWrapper.sendBroadcast:444 com.tal.genie.lockscreen.receiver.LockScreenReceiver.sendBroadCastToVoice:180 com.tal.genie.lockscreen.activity.LockScreenActivity.onTimeTickReceived:156 
11-17 14:02:04.114 W/ContextImpl( 1205): Calling a method in the system process without a qualified user: android.app.ContextImpl.sendBroadcast:1006 android.content.ContextWrapper.sendBroadcast:444 com.tal.genie.launcher.service.TimeTickListener.sendOTASilentBroadcast:62 com.tal.genie.launcher.service.TimeTickListener.onTimeTickReceived:31 com.tal.genie.base_receiver.time.TimeTickManager.onTimeTickReceived:80 
11-17 14:02:56.726 E/storaged(  472): getDiskStats failed with result NOT_SUPPORTED and size 0
11-17 14:03:03.296 W/ContextImpl( 1205): Calling a method in the system process without a qualified user: android.app.ContextImpl.sendBroadcast:1006 android.content.ContextWrapper.sendBroadcast:444 android.content.ContextWrapper.sendBroadcast:444 com.tal.genie.lockscreen.receiver.LockScreenReceiver.sendBroadCastToVoice:180 com.tal.genie.lockscreen.activity.LockScreenActivity.onTimeTickReceived:156 
11-17 14:03:03.346 W/ContextImpl( 1205): Calling a method in the system process without a qualified user: android.app.ContextImpl.sendBroadcast:1006 android.content.ContextWrapper.sendBroadcast:444 com.tal.genie.launcher.service.TimeTickListener.sendOTASilentBroadcast:62 com.tal.genie.launcher.service.TimeTickListener.onTimeTickReceived:31 com.tal.genie.base_receiver.time.TimeTickManager.onTimeTickReceived:80 
11-17 14:03:56.726 E/storaged(  472): getDiskStats failed with result NOT_SUPPORTED and size 0
11-17 14:04:11.042 W/ContextImpl( 1205): Calling a method in the system process without a qualified user: android.app.ContextImpl.sendBroadcast:1006 android.content.ContextWrapper.sendBroadcast:444 android.content.ContextWrapper.sendBroadcast:444 com.tal.genie.lockscreen.receiver.LockScreenReceiver.sendBroadCastToVoice:180 com.tal.genie.lockscreen.activity.LockScreenActivity.onTimeTickReceived:156 
11-17 14:04:11.054 W/ContextImpl( 1205): Calling a method in the system process without a qualified user: android.app.ContextImpl.sendBroadcast:1006 android.content.ContextWrapper.sendBroadcast:444 com.tal.genie.launcher.service.TimeTickListener.sendOTASilentBroadcast:62 com.tal.genie.launcher.service.TimeTickListener.onTimeTickReceived:31 com.tal.genie.base_receiver.time.TimeTickManager.onTimeTickReceived:80 
11-17 14:04:56.727 E/storaged(  472): getDiskStats failed with result NOT_SUPPORTED and size 0
11-17 14:05:04.802 W/ContextImpl( 1205): Calling a method in the system process without a qualified user: android.app.ContextImpl.sendBroadcast:1006 android.content.ContextWrapper.sendBroadcast:444 android.content.ContextWrapper.sendBroadcast:444 com.tal.genie.lockscreen.receiver.LockScreenReceiver.sendBroadCastToVoice:180 com.tal.genie.lockscreen.activity.LockScreenActivity.onTimeTickReceived:156 
11-17 14:05:04.830 W/ContextImpl( 1205): Calling a method in the system process without a qualified user: android.app.ContextImpl.sendBroadcast:1006 android.content.ContextWrapper.sendBroadcast:444 com.tal.genie.launcher.service.TimeTickListener.sendOTASilentBroadcast:62 com.tal.genie.launcher.service.TimeTickListener.onTimeTickReceived:31 com.tal.genie.base_receiver.time.TimeTickManager.onTimeTickReceived:80 
11-17 14:05:56.728 E/storaged(  472): getDiskStats failed with result NOT_SUPPORTED and size 0
11-17 14:06:04.006 W/ContextImpl( 1205): Calling a method in the system process without a qualified user: android.app.ContextImpl.sendBroadcast:1006 android.content.ContextWrapper.sendBroadcast:444 android.content.ContextWrapper.sendBroadcast:444 com.tal.genie.lockscreen.receiver.LockScreenReceiver.sendBroadCastToVoice:180 com.tal.genie.lockscreen.activity.LockScreenActivity.onTimeTickReceived:156 
11-17 14:06:04.021 W/ContextImpl( 1205): Calling a method in the system process without a qualified user: android.app.ContextImpl.sendBroadcast:1006 android.content.ContextWrapper.sendBroadcast:444 com.tal.genie.launcher.service.TimeTickListener.sendOTASilentBroadcast:62 com.tal.genie.launcher.service.TimeTickListener.onTimeTickReceived:31 com.tal.genie.base_receiver.time.TimeTickManager.onTimeTickReceived:80 
11-17 14:06:56.729 E/storaged(  472): getDiskStats failed with result NOT_SUPPORTED and size 0
11-17 14:07:11.742 W/ContextImpl( 1205): Calling a method in the system process without a qualified user: android.app.ContextImpl.sendBroadcast:1006 android.content.ContextWrapper.sendBroadcast:444 android.content.ContextWrapper.sendBroadcast:444 com.tal.genie.lockscreen.receiver.LockScreenReceiver.sendBroadCastToVoice:180 com.tal.genie.lockscreen.activity.LockScreenActivity.onTimeTickReceived:156 
11-17 14:07:11.769 W/ContextImpl( 1205): Calling a method in the system process without a qualified user: android.app.ContextImpl.sendBroadcast:1006 android.content.ContextWrapper.sendBroadcast:444 com.tal.genie.launcher.service.TimeTickListener.sendOTASilentBroadcast:62 com.tal.genie.launcher.service.TimeTickListener.onTimeTickReceived:31 com.tal.genie.base_receiver.time.TimeTickManager.onTimeTickReceived:80 
11-17 14:07:56.730 E/storaged(  472): getDiskStats failed with result NOT_SUPPORTED and size 0
11-17 14:08:05.494 W/ContextImpl( 1205): Calling a method in the system process without a qualified user: android.app.ContextImpl.sendBroadcast:1006 android.content.ContextWrapper.sendBroadcast:444 android.content.ContextWrapper.sendBroadcast:444 com.tal.genie.lockscreen.receiver.LockScreenReceiver.sendBroadCastToVoice:180 com.tal.genie.lockscreen.activity.LockScreenActivity.onTimeTickReceived:156 
11-17 14:08:05.526 W/ContextImpl( 1205): Calling a method in the system process without a qualified user: android.app.ContextImpl.sendBroadcast:1006 android.content.ContextWrapper.sendBroadcast:444 com.tal.genie.launcher.service.TimeTickListener.sendOTASilentBroadcast:62 com.tal.genie.launcher.service.TimeTickListener.onTimeTickReceived:31 com.tal.genie.base_receiver.time.TimeTickManager.onTimeTickReceived:80 
11-17 14:08:56.731 E/storaged(  472): getDiskStats failed with result NOT_SUPPORTED and size 0
11-17 14:09:04.699 W/ContextImpl( 1205): Calling a method in the system process without a qualified user: android.app.ContextImpl.sendBroadcast:1006 android.content.ContextWrapper.sendBroadcast:444 android.content.ContextWrapper.sendBroadcast:444 com.tal.genie.lockscreen.receiver.LockScreenReceiver.sendBroadCastToVoice:180 com.tal.genie.lockscreen.activity.LockScreenActivity.onTimeTickReceived:156 
11-17 14:09:04.722 W/ContextImpl( 1205): Calling a method in the system process without a qualified user: android.app.ContextImpl.sendBroadcast:1006 android.content.ContextWrapper.sendBroadcast:444 com.tal.genie.launcher.service.TimeTickListener.sendOTASilentBroadcast:62 com.tal.genie.launcher.service.TimeTickListener.onTimeTickReceived:31 com.tal.genie.base_receiver.time.TimeTickManager.onTimeTickReceived:80 
11-17 14:09:56.732 E/storaged(  472): getDiskStats failed with result NOT_SUPPORTED and size 0
11-17 14:10:12.508 W/ContextImpl( 1205): Calling a method in the system process without a qualified user: android.app.ContextImpl.sendBroadcast:1006 android.content.ContextWrapper.sendBroadcast:444 android.content.ContextWrapper.sendBroadcast:444 com.tal.genie.lockscreen.receiver.LockScreenReceiver.sendBroadCastToVoice:180 com.tal.genie.lockscreen.activity.LockScreenActivity.onTimeTickReceived:156 
11-17 14:10:12.548 W/ContextImpl( 1205): Calling a method in the system process without a qualified user: android.app.ContextImpl.sendBroadcast:1006 android.content.ContextWrapper.sendBroadcast:444 com.tal.genie.launcher.service.TimeTickListener.sendOTASilentBroadcast:62 com.tal.genie.launcher.service.TimeTickListener.onTimeTickReceived:31 com.tal.genie.base_receiver.time.TimeTickManager.onTimeTickReceived:80 
11-17 14:10:56.733 E/storaged(  472): getDiskStats failed with result NOT_SUPPORTED and size 0
11-17 14:11:06.231 W/ContextImpl( 1205): Calling a method in the system process without a qualified user: android.app.ContextImpl.sendBroadcast:1006 android.content.ContextWrapper.sendBroadcast:444 android.content.ContextWrapper.sendBroadcast:444 com.tal.genie.lockscreen.receiver.LockScreenReceiver.sendBroadCastToVoice:180 com.tal.genie.lockscreen.activity.LockScreenActivity.onTimeTickReceived:156 
11-17 14:11:06.256 W/ContextImpl( 1205): Calling a method in the system process without a qualified user: android.app.ContextImpl.sendBroadcast:1006 android.content.ContextWrapper.sendBroadcast:444 com.tal.genie.launcher.service.TimeTickListener.sendOTASilentBroadcast:62 com.tal.genie.launcher.service.TimeTickListener.onTimeTickReceived:31 com.tal.genie.base_receiver.time.TimeTickManager.onTimeTickReceived:80 
11-17 14:11:20.024 I/PowerManagerService(  631): Waking up from sleep (uid=1000 reason=android.policy:POWER)...
11-17 14:11:20.024 W/UsageStatsService(  631): Event reported without a package name
11-17 14:11:20.051 I/DisplayPowerController(  631): Blocking screen on until initial contents have been drawn.
11-17 14:11:20.083 E/KernelCpuSpeedReader(  631): Failed to read cpu-freq: /sys/devices/system/cpu/cpu0/cpufreq/stats/time_in_state (No such file or directory)
11-17 14:11:20.177 W/Looper  (  631): Slow dispatch took 120ms main h=com.android.server.power.Notifier$NotifierHandler c=null m=2
11-17 14:11:20.201 I/WindowManager(  631): Waiting for drawn Window{67f154 u0 com.tal.genie.launcher/com.tal.genie.lockscreen.activity.LockScreenActivity}: removed=false visible=true mHasSurface=true drawState=1
11-17 14:11:20.206 I/WindowManager(  631): Waiting for drawn Window{67f154 u0 com.tal.genie.launcher/com.tal.genie.lockscreen.activity.LockScreenActivity}: removed=false visible=true mHasSurface=true drawState=1
11-17 14:11:20.218 W/BroadcastQueue(  631): Background execution not allowed: receiving Intent { act=android.intent.action.USER_PRESENT flg=0x24200010 } to com.tal.genie.launcher/com.tal.genie.lockscreen.receiver.LockScreenReceiver
11-17 14:11:20.221 I/DisplayManagerService(  631): Display device changed state: "内置屏幕", ON
11-17 14:11:20.225 I/wificond(  473): Pno scan stopped
11-17 14:11:20.230 I/WindowManager(  631): Waiting for drawn Window{67f154 u0 com.tal.genie.launcher/com.tal.genie.lockscreen.activity.LockScreenActivity}: removed=false visible=true mHasSurface=true drawState=1
11-17 14:11:20.323 I/WindowManager(  631): Waiting for drawn Window{67f154 u0 com.tal.genie.launcher/com.tal.genie.lockscreen.activity.LockScreenActivity}: removed=false visible=true mHasSurface=true drawState=1
11-17 14:11:20.348 W/ContextImpl( 1205): Calling a method in the system process without a qualified user: android.app.ContextImpl.startService:1532 android.content.ContextWrapper.startService:664 android.content.ContextWrapper.startService:664 android.app.Activity.onPostResume:1391 androidx.fragment.app.FragmentActivity.onPostResume:446 
11-17 14:11:20.394 I/WindowManager(  631): Waiting for drawn Window{67f154 u0 com.tal.genie.launcher/com.tal.genie.lockscreen.activity.LockScreenActivity}: removed=false visible=true mHasSurface=true drawState=1
11-17 14:11:20.452 I/WindowManager(  631): Waiting for drawn Window{67f154 u0 com.tal.genie.launcher/com.tal.genie.lockscreen.activity.LockScreenActivity}: removed=false visible=true mHasSurface=true drawState=4
11-17 14:11:20.464 I/DisplayPowerController(  631): Unblocked screen on after 433 ms
11-17 14:11:20.545 W/PowerManagerService(  631): Screen on took 559 ms
11-17 14:11:28.702 W/ContextImpl( 1143): Calling a method in the system process without a qualified user: android.app.ContextImpl.sendBroadcast:1006 android.content.ContextWrapper.sendBroadcast:444 android.content.ContextWrapper.sendBroadcast:444 android.view.View.dispatchTouchEvent:12526 android.view.ViewGroup.dispatchTransformedTouchEvent:3077 
11-17 14:11:30.065 W/ContextImpl( 1143): Calling a method in the system process without a qualified user: android.app.ContextImpl.startActivity:888 android.content.ContextWrapper.startActivity:379 com.tal.genie.push_receiver.net.WifiSettingRouter.startNormalWifiSetting:25 com.tal.genie.push.ui.dialog.WifiDisConnectDialog.startWIFISetting:82 com.tal.genie.push.ui.dialog.WifiDisConnectDialog.access$200:22 
11-17 14:11:30.065 W/ContextImpl( 1143): Calling a method in the system process without a qualified user: android.app.ContextImpl.startActivity:900 android.app.ContextImpl.startActivity:889 android.content.ContextWrapper.startActivity:379 com.tal.genie.push_receiver.net.WifiSettingRouter.startNormalWifiSetting:25 com.tal.genie.push.ui.dialog.WifiDisConnectDialog.startWIFISetting:82 
11-17 14:11:30.071 I/ActivityManager(  631): START u0 {flg=0x10000000 cmp=com.tal.genie.wifisetup/.MainActivity (has extras)} from uid 1000
11-17 14:11:30.119 I/ActivityManager(  631): Start proc 14637:com.tal.genie.wifisetup/1000 for activity com.tal.genie.wifisetup/.MainActivity
11-17 14:11:30.127 I/WindowManager(  631): Focus moving from Window{935762c u0 com.tal.genie.push EXITING} to Window{67f154 u0 com.tal.genie.launcher/com.tal.genie.lockscreen.activity.LockScreenActivity}
11-17 14:11:30.237 I/WindowManager(  631): Focus moving from Window{67f154 u0 com.tal.genie.launcher/com.tal.genie.lockscreen.activity.LockScreenActivity} to null
11-17 14:11:30.774 W/ContextImpl(14637): Calling a method in the system process without a qualified user: android.app.ContextImpl.startService:1532 android.content.ContextWrapper.startService:664 android.content.ContextWrapper.startService:664 android.app.Activity.onPostResume:1391 androidx.fragment.app.FragmentActivity.onPostResume:467 
11-17 14:11:30.898 I/WindowManager(  631): Relayout Window{f3addcc u0 com.tal.genie.wifisetup/com.tal.genie.wifisetup.MainActivity}: oldVis=4 newVis=0 focusMayChange = true
11-17 14:11:30.914 I/WindowManager(  631): Focus moving from null to Window{f3addcc u0 com.tal.genie.wifisetup/com.tal.genie.wifisetup.MainActivity}
11-17 14:11:31.022 W/ContextImpl(14637): Calling a method in the system process without a qualified user: android.app.ContextImpl.sendBroadcast:1006 android.content.ContextWrapper.sendBroadcast:444 android.content.ContextWrapper.sendBroadcast:444 android.content.ContextWrapper.sendBroadcast:444 android.view.View.dispatchTouchEvent:12526 
11-17 14:11:31.770 I/WindowManager(  631): Focus moving from Window{f3addcc u0 com.tal.genie.wifisetup/com.tal.genie.wifisetup.MainActivity} to Window{bc22f0b u0 com.tal.genie.wifisetup/com.tal.genie.wifisetup.MainActivity}
11-17 14:11:31.973 I/WindowManager(  631): Losing delayed focus: Window{f3addcc u0 com.tal.genie.wifisetup/com.tal.genie.wifisetup.MainActivity}
11-17 14:11:32.054 I/WindowManager(  631): Focus moving from Window{bc22f0b u0 com.tal.genie.wifisetup/com.tal.genie.wifisetup.MainActivity} to Window{8d1322c u0 com.tal.genie.wifisetup/com.tal.genie.wifisetup.MainActivity}
11-17 14:11:32.253 I/WindowManager(  631): Losing delayed focus: Window{bc22f0b u0 com.tal.genie.wifisetup/com.tal.genie.wifisetup.MainActivity}
11-17 14:11:32.329 I/WindowManager(  631): Relayout Window{ade2d8c u0 InputMethod}: oldVis=8 newVis=0 focusMayChange = true
11-17 14:11:33.200 W/ContextImpl(14637): Calling a method in the system process without a qualified user: android.app.ContextImpl.sendBroadcast:1006 android.content.ContextWrapper.sendBroadcast:444 android.view.View.dispatchTouchEvent:12526 android.view.ViewGroup.dispatchTransformedTouchEvent:3083 android.view.ViewGroup.dispatchTouchEvent:2684 
11-17 14:11:33.339 I/WindowManager(  631): Focus moving from Window{8d1322c u0 com.tal.genie.wifisetup/com.tal.genie.wifisetup.MainActivity EXITING} to Window{bc22f0b u0 com.tal.genie.wifisetup/com.tal.genie.wifisetup.MainActivity}
11-17 14:11:34.949 I/WindowManager(  631): Focus moving from Window{bc22f0b u0 com.tal.genie.wifisetup/com.tal.genie.wifisetup.MainActivity EXITING} to Window{f3addcc u0 com.tal.genie.wifisetup/com.tal.genie.wifisetup.MainActivity}
11-17 14:11:37.746 I/WindowManager(  631): Focus moving from Window{f3addcc u0 com.tal.genie.wifisetup/com.tal.genie.wifisetup.MainActivity} to Window{67f154 u0 com.tal.genie.launcher/com.tal.genie.lockscreen.activity.LockScreenActivity}
11-17 14:11:37.852 W/ContextImpl( 1205): Calling a method in the system process without a qualified user: android.app.ContextImpl.startService:1532 android.content.ContextWrapper.startService:664 android.content.ContextWrapper.startService:664 android.app.Activity.onPostResume:1391 androidx.fragment.app.FragmentActivity.onPostResume:446 
11-17 14:11:39.114 W/ContextImpl( 1205): Calling a method in the system process without a qualified user: android.app.ContextImpl.sendBroadcast:1006 android.content.ContextWrapper.sendBroadcast:444 android.content.ContextWrapper.sendBroadcast:444 android.view.View.dispatchTouchEvent:12526 android.view.ViewGroup.dispatchTransformedTouchEvent:3077 
11-17 14:11:39.642 W/ContextImpl( 1205): Calling a method in the system process without a qualified user: android.app.ContextImpl.sendBroadcast:1006 android.content.ContextWrapper.sendBroadcast:444 com.tal.genie.lockscreen.utils.PushNotificationDialogManager.sendPushNotificationStatus:54 com.tal.genie.lockscreen.utils.PushNotificationDialogManager.sendPushNotificationShow:23 com.tal.genie.lockscreen.activity.LockScreenActivity.onFinish:188 
11-17 14:11:39.898 I/WindowManager(  631): Focus moving from Window{67f154 u0 com.tal.genie.launcher/com.tal.genie.lockscreen.activity.LockScreenActivity} to null
11-17 14:11:39.916 I/WindowManager(  631): Relayout Window{6ab0c61 u0 com.tal.genie.voice/com.tal.genie.dicbook.cread.FingerSearchActivity}: oldVis=8 newVis=0 focusMayChange = true
11-17 14:11:40.006 W/ContextImpl( 1205): Calling a method in the system process without a qualified user: android.app.ContextImpl.startService:1532 android.content.ContextWrapper.startService:664 android.content.ContextWrapper.startService:664 android.app.Activity.onPostResume:1391 androidx.fragment.app.FragmentActivity.onPostResume:446 
11-17 14:11:40.010 I/WindowManager(  631): Relayout Window{c31bd48 u0 com.tal.genie.voice/com.tal.genie.dicbook.dic.WebDicActivity}: oldVis=8 newVis=0 focusMayChange = true
11-17 14:11:40.022 I/WindowManager(  631): Focus moving from null to Window{c31bd48 u0 com.tal.genie.voice/com.tal.genie.dicbook.dic.WebDicActivity}
11-17 14:11:40.225 I/WindowManager(  631): Relayout Window{41c3682 u0 com.tal.genie.launcher/com.tal.genie.launcher.ui.main.MainActivity}: oldVis=8 newVis=0 focusMayChange = true
11-17 14:11:41.120 I/PowerManagerService(  631): Going to sleep due to power button (uid 1000)...
11-17 14:11:41.121 I/PowerManagerService(  631): Sleeping (uid 1000)...
11-17 14:11:41.122 I/DisplayPowerController(  631): Blocking screen off
11-17 14:11:41.122 I/DisplayPowerController(  631): Unblocked screen off after 0 ms
11-17 14:11:41.127 E/KernelCpuSpeedReader(  631): Failed to read cpu-freq: /sys/devices/system/cpu/cpu0/cpufreq/stats/time_in_state (No such file or directory)
11-17 14:11:41.127 W/UsageStatsService(  631): Event reported without a package name
11-17 14:11:41.171 I/DisplayManagerService(  631): Display device changed state: "内置屏幕", OFF
11-17 14:11:41.458 I/wificond(  473): Pno scan started
11-17 14:11:41.512 I/PowerManagerService(  631): Waking up from sleep (uid=1000 reason=android.policy:POWER)...
11-17 14:11:41.517 I/DisplayPowerController(  631): Blocking screen on until initial contents have been drawn.
11-17 14:11:41.518 E/KernelCpuSpeedReader(  631): Failed to read cpu-freq: /sys/devices/system/cpu/cpu0/cpufreq/stats/time_in_state (No such file or directory)
11-17 14:11:41.647 W/Looper  (  631): Slow dispatch took 197ms main h=android.app.ActivityThread$H c=android.app.-$$Lambda$LoadedApk$ReceiverDispatcher$Args$_BumDX2UKsnxLVrE6UJsJZkotuA@dfe4f4c m=0
11-17 14:11:41.647 W/UsageStatsService(  631): Event reported without a package name
11-17 14:11:41.688 I/DisplayManagerService(  631): Display device changed state: "内置屏幕", ON
11-17 14:11:41.703 I/WindowManager(  631): Waiting for drawn Window{41c3682 u0 com.tal.genie.launcher/com.tal.genie.launcher.ui.main.MainActivity}: removed=false visible=true mHasSurface=true drawState=1
11-17 14:11:41.703 I/WindowManager(  631): Waiting for drawn Window{6ab0c61 u0 com.tal.genie.voice/com.tal.genie.dicbook.cread.FingerSearchActivity}: removed=false visible=true mHasSurface=true drawState=1
11-17 14:11:41.703 I/WindowManager(  631): Waiting for drawn Window{c31bd48 u0 com.tal.genie.voice/com.tal.genie.dicbook.dic.WebDicActivity}: removed=false visible=true mHasSurface=true drawState=1
11-17 14:11:41.771 W/BroadcastQueue(  631): Background execution not allowed: receiving Intent { act=android.intent.action.USER_PRESENT flg=0x24200010 } to com.tal.genie.launcher/com.tal.genie.lockscreen.receiver.LockScreenReceiver
11-17 14:11:41.775 I/ActivityManager(  631): Activity reported stop, but no longer stopping: ActivityRecord{6655e56 u0 com.tal.genie.voice/com.tal.genie.dicbook.dic.WebDicActivity t36}
11-17 14:11:41.785 I/WindowManager(  631): Waiting for drawn Window{41c3682 u0 com.tal.genie.launcher/com.tal.genie.launcher.ui.main.MainActivity}: removed=false visible=true mHasSurface=true drawState=1
11-17 14:11:41.785 I/WindowManager(  631): Waiting for drawn Window{6ab0c61 u0 com.tal.genie.voice/com.tal.genie.dicbook.cread.FingerSearchActivity}: removed=false visible=true mHasSurface=true drawState=1
11-17 14:11:41.785 I/WindowManager(  631): Waiting for drawn Window{c31bd48 u0 com.tal.genie.voice/com.tal.genie.dicbook.dic.WebDicActivity}: removed=false visible=true mHasSurface=true drawState=1
11-17 14:11:41.845 I/WindowManager(  631): Waiting for drawn Window{41c3682 u0 com.tal.genie.launcher/com.tal.genie.launcher.ui.main.MainActivity}: removed=false visible=true mHasSurface=true drawState=1
11-17 14:11:41.845 I/WindowManager(  631): Waiting for drawn Window{6ab0c61 u0 com.tal.genie.voice/com.tal.genie.dicbook.cread.FingerSearchActivity}: removed=false visible=true mHasSurface=true drawState=1
11-17 14:11:41.846 I/WindowManager(  631): Waiting for drawn Window{c31bd48 u0 com.tal.genie.voice/com.tal.genie.dicbook.dic.WebDicActivity}: removed=false visible=true mHasSurface=true drawState=1
11-17 14:11:41.876 I/WindowManager(  631): Waiting for drawn Window{41c3682 u0 com.tal.genie.launcher/com.tal.genie.launcher.ui.main.MainActivity}: removed=false visible=true mHasSurface=true drawState=4
11-17 14:11:41.877 I/WindowManager(  631): Waiting for drawn Window{6ab0c61 u0 com.tal.genie.voice/com.tal.genie.dicbook.cread.FingerSearchActivity}: removed=false visible=true mHasSurface=true drawState=1
11-17 14:11:41.877 I/WindowManager(  631): Waiting for drawn Window{c31bd48 u0 com.tal.genie.voice/com.tal.genie.dicbook.dic.WebDicActivity}: removed=false visible=true mHasSurface=true drawState=1
