12-23 17:18:53.653 E/ActivityManager(  634): java.lang.Throwable
12-23 17:18:53.653 E/ActivityManager(  634): 	at com.android.server.am.ActivityManagerService.checkBroadcastFromSystem(ActivityManagerService.java:21477)
12-23 17:18:53.653 E/ActivityManager(  634): 	at com.android.server.am.ActivityManagerService.broadcastIntentLocked(ActivityManagerService.java:22077)
12-23 17:18:53.653 E/ActivityManager(  634): 	at com.android.server.am.ActivityManagerService.broadcastIntentInPackage(ActivityManagerService.java:22256)
12-23 17:18:53.653 E/ActivityManager(  634): 	at com.android.server.am.PendingIntentRecord.sendInner(PendingIntentRecord.java:372)
12-23 17:18:53.653 E/ActivityManager(  634): 	at com.android.server.am.PendingIntentRecord.sendWithResult(PendingIntentRecord.java:245)
12-23 17:18:53.653 E/ActivityManager(  634): 	at com.android.server.am.ActivityManagerService.sendIntentSender(ActivityManagerService.java:8613)
12-23 17:18:53.653 E/ActivityManager(  634): 	at android.app.PendingIntent.sendAndReturnResult(PendingIntent.java:892)
12-23 17:18:53.653 E/ActivityManager(  634): 	at android.app.PendingIntent.send(PendingIntent.java:874)
12-23 17:18:53.653 E/ActivityManager(  634): 	at com.android.server.AlarmManagerService$DeliveryTracker.deliverLocked(AlarmManagerService.java:4387)
12-23 17:18:53.653 E/ActivityManager(  634): 	at com.android.server.AlarmManagerService.deliverAlarmsLocked(AlarmManagerService.java:3632)
12-23 17:18:53.653 E/ActivityManager(  634): 	at com.android.server.AlarmManagerService$AlarmThread.run(AlarmManagerService.java:3781)
12-23 17:18:53.660 W/AES     (  634): Exception Log handling...
12-23 17:18:53.663 W/AES     (  634): skip for Exp level 0
12-23 17:19:01.670 E/MtkDataShapingUtils(  634): Exception openLteGateByDataShaping  in java.lang.NullPointerException: null receiver
12-23 17:19:01.670 W/System.err(  634): java.lang.NullPointerException: null receiver
12-23 17:19:01.670 W/System.err(  634): 	at java.lang.reflect.Method.invoke(Native Method)
12-23 17:19:01.670 W/System.err(  634): 	at com.mediatek.server.MtkDataShaping.openLteGateByDataShaping(MtkDataShaping.java:36)
12-23 17:19:01.670 W/System.err(  634): 	at com.android.server.AlarmManagerService.deliverAlarmsLocked(AlarmManagerService.java:3603)
12-23 17:19:01.670 W/System.err(  634): 	at com.android.server.AlarmManagerService$AlarmThread.run(AlarmManagerService.java:3781)
12-23 17:19:01.673 E/ActivityManager(  634): Sending non-protected broadcast ALARM_ACTION(1093) from system uid 1000 pkg com.tal.genie.push
12-23 17:19:01.673 E/ActivityManager(  634): java.lang.Throwable
12-23 17:19:01.673 E/ActivityManager(  634): 	at com.android.server.am.ActivityManagerService.checkBroadcastFromSystem(ActivityManagerService.java:21477)
12-23 17:19:01.673 E/ActivityManager(  634): 	at com.android.server.am.ActivityManagerService.broadcastIntentLocked(ActivityManagerService.java:22077)
12-23 17:19:01.673 E/ActivityManager(  634): 	at com.android.server.am.ActivityManagerService.broadcastIntentInPackage(ActivityManagerService.java:22256)
12-23 17:19:01.673 E/ActivityManager(  634): 	at com.android.server.am.PendingIntentRecord.sendInner(PendingIntentRecord.java:372)
12-23 17:19:01.673 E/ActivityManager(  634): 	at com.android.server.am.PendingIntentRecord.sendWithResult(PendingIntentRecord.java:245)
12-23 17:19:01.673 E/ActivityManager(  634): 	at com.android.server.am.ActivityManagerService.sendIntentSender(ActivityManagerService.java:8613)
12-23 17:19:01.673 E/ActivityManager(  634): 	at android.app.PendingIntent.sendAndReturnResult(PendingIntent.java:892)
12-23 17:19:01.673 E/ActivityManager(  634): 	at android.app.PendingIntent.send(PendingIntent.java:874)
12-23 17:19:01.673 E/ActivityManager(  634): 	at com.android.server.AlarmManagerService$DeliveryTracker.deliverLocked(AlarmManagerService.java:4387)
12-23 17:19:01.673 E/ActivityManager(  634): 	at com.android.server.AlarmManagerService.deliverAlarmsLocked(AlarmManagerService.java:3632)
12-23 17:19:01.673 E/ActivityManager(  634): 	at com.android.server.AlarmManagerService$AlarmThread.run(AlarmManagerService.java:3781)
12-23 17:19:01.680 W/AES     (  634): Exception Log handling...
12-23 17:19:01.682 W/AES     (  634): skip for Exp level 0
12-23 17:19:01.700 I/SA.PushAutoTrackHelper( 1155): SDK or push disabled.
12-23 17:19:01.704 I/SA.PushAutoTrackHelper( 1155): SDK or push disabled.
12-23 17:19:03.712 I/libPowerHal(  303): perfUserScnCheckAll
12-23 17:19:09.690 E/MtkDataShapingUtils(  634): Exception openLteGateByDataShaping  in java.lang.NullPointerException: null receiver
12-23 17:19:09.691 W/System.err(  634): java.lang.NullPointerException: null receiver
12-23 17:19:09.691 W/System.err(  634): 	at java.lang.reflect.Method.invoke(Native Method)
12-23 17:19:09.691 W/System.err(  634): 	at com.mediatek.server.MtkDataShaping.openLteGateByDataShaping(MtkDataShaping.java:36)
12-23 17:19:09.691 W/System.err(  634): 	at com.android.server.AlarmManagerService.deliverAlarmsLocked(AlarmManagerService.java:3603)
12-23 17:19:09.691 W/System.err(  634): 	at com.android.server.AlarmManagerService$AlarmThread.run(AlarmManagerService.java:3781)
12-23 17:19:09.693 E/ActivityManager(  634): Sending non-protected broadcast ALARM_ACTION(1093) from system uid 1000 pkg com.tal.genie.push
12-23 17:19:09.693 E/ActivityManager(  634): java.lang.Throwable
12-23 17:19:09.693 E/ActivityManager(  634): 	at com.android.server.am.ActivityManagerService.checkBroadcastFromSystem(ActivityManagerService.java:21477)
12-23 17:19:09.693 E/ActivityManager(  634): 	at com.android.server.am.ActivityManagerService.broadcastIntentLocked(ActivityManagerService.java:22077)
12-23 17:19:09.693 E/ActivityManager(  634): 	at com.android.server.am.ActivityManagerService.broadcastIntentInPackage(ActivityManagerService.java:22256)
12-23 17:19:09.693 E/ActivityManager(  634): 	at com.android.server.am.PendingIntentRecord.sendInner(PendingIntentRecord.java:372)
12-23 17:19:09.693 E/ActivityManager(  634): 	at com.android.server.am.PendingIntentRecord.sendWithResult(PendingIntentRecord.java:245)
12-23 17:19:09.693 E/ActivityManager(  634): 	at com.android.server.am.ActivityManagerService.sendIntentSender(ActivityManagerService.java:8613)
12-23 17:19:09.693 E/ActivityManager(  634): 	at android.app.PendingIntent.sendAndReturnResult(PendingIntent.java:892)
12-23 17:19:09.693 E/ActivityManager(  634): 	at android.app.PendingIntent.send(PendingIntent.java:874)
12-23 17:19:09.693 E/ActivityManager(  634): 	at com.android.server.AlarmManagerService$DeliveryTracker.deliverLocked(AlarmManagerService.java:4387)
12-23 17:19:09.693 E/ActivityManager(  634): 	at com.android.server.AlarmManagerService.deliverAlarmsLocked(AlarmManagerService.java:3632)
12-23 17:19:09.693 E/ActivityManager(  634): 	at com.android.server.AlarmManagerService$AlarmThread.run(AlarmManagerService.java:3781)
12-23 17:19:09.702 W/AES     (  634): Exception Log handling...
12-23 17:19:09.703 W/AES     (  634): skip for Exp level 0
12-23 17:19:11.814 E/storaged(  453): getDiskStats failed with result NOT_SUPPORTED and size 0
12-23 17:19:17.710 E/MtkDataShapingUtils(  634): Exception openLteGateByDataShaping  in java.lang.NullPointerException: null receiver
12-23 17:19:17.710 W/System.err(  634): java.lang.NullPointerException: null receiver
12-23 17:19:17.710 W/System.err(  634): 	at java.lang.reflect.Method.invoke(Native Method)
12-23 17:19:17.710 W/System.err(  634): 	at com.mediatek.server.MtkDataShaping.openLteGateByDataShaping(MtkDataShaping.java:36)
12-23 17:19:17.710 W/System.err(  634): 	at com.android.server.AlarmManagerService.deliverAlarmsLocked(AlarmManagerService.java:3603)
12-23 17:19:17.710 W/System.err(  634): 	at com.android.server.AlarmManagerService$AlarmThread.run(AlarmManagerService.java:3781)
12-23 17:19:17.712 E/ActivityManager(  634): Sending non-protected broadcast ALARM_ACTION(1093) from system uid 1000 pkg com.tal.genie.push
12-23 17:19:17.712 E/ActivityManager(  634): java.lang.Throwable
12-23 17:19:17.712 E/ActivityManager(  634): 	at com.android.server.am.ActivityManagerService.checkBroadcastFromSystem(ActivityManagerService.java:21477)
12-23 17:19:17.712 E/ActivityManager(  634): 	at com.android.server.am.ActivityManagerService.broadcastIntentLocked(ActivityManagerService.java:22077)
12-23 17:19:17.712 E/ActivityManager(  634): 	at com.android.server.am.ActivityManagerService.broadcastIntentInPackage(ActivityManagerService.java:22256)
12-23 17:19:17.712 E/ActivityManager(  634): 	at com.android.server.am.PendingIntentRecord.sendInner(PendingIntentRecord.java:372)
12-23 17:19:17.712 E/ActivityManager(  634): 	at com.android.server.am.PendingIntentRecord.sendWithResult(PendingIntentRecord.java:245)
12-23 17:19:17.712 E/ActivityManager(  634): 	at com.android.server.am.ActivityManagerService.sendIntentSender(ActivityManagerService.java:8613)
12-23 17:19:17.712 E/ActivityManager(  634): 	at android.app.PendingIntent.sendAndReturnResult(PendingIntent.java:892)
12-23 17:19:17.712 E/ActivityManager(  634): 	at android.app.PendingIntent.send(PendingIntent.java:874)
12-23 17:19:17.712 E/ActivityManager(  634): 	at com.android.server.AlarmManagerService$DeliveryTracker.deliverLocked(AlarmManagerService.java:4387)
12-23 17:19:17.712 E/ActivityManager(  634): 	at com.android.server.AlarmManagerService.deliverAlarmsLocked(AlarmManagerService.java:3632)
12-23 17:19:17.712 E/ActivityManager(  634): 	at com.android.server.AlarmManagerService$AlarmThread.run(AlarmManagerService.java:3781)
12-23 17:19:17.722 W/AES     (  634): Exception Log handling...
12-23 17:19:17.723 W/AES     (  634): skip for Exp level 0
12-23 17:19:23.325 I/test    ( 1300): [ (UpdateManager.java:27)#update ] check code:159 name 1.0.0 12-23 11:09:07 release isRelease=false
12-23 17:19:23.375 I/System.out( 1300): port:443
12-23 17:19:25.728 E/MtkDataShapingUtils(  634): Exception openLteGateByDataShaping  in java.lang.NullPointerException: null receiver
12-23 17:19:25.728 W/System.err(  634): java.lang.NullPointerException: null receiver
12-23 17:19:25.728 W/System.err(  634): 	at java.lang.reflect.Method.invoke(Native Method)
12-23 17:19:25.728 W/System.err(  634): 	at com.mediatek.server.MtkDataShaping.openLteGateByDataShaping(MtkDataShaping.java:36)
12-23 17:19:25.728 W/System.err(  634): 	at com.android.server.AlarmManagerService.deliverAlarmsLocked(AlarmManagerService.java:3603)
12-23 17:19:25.728 W/System.err(  634): 	at com.android.server.AlarmManagerService$AlarmThread.run(AlarmManagerService.java:3781)
12-23 17:19:25.729 E/ActivityManager(  634): Sending non-protected broadcast ALARM_ACTION(1093) from system uid 1000 pkg com.tal.genie.push
12-23 17:19:25.729 E/ActivityManager(  634): java.lang.Throwable
12-23 17:19:25.729 E/ActivityManager(  634): 	at com.android.server.am.ActivityManagerService.checkBroadcastFromSystem(ActivityManagerService.java:21477)
12-23 17:19:25.729 E/ActivityManager(  634): 	at com.android.server.am.ActivityManagerService.broadcastIntentLocked(ActivityManagerService.java:22077)
12-23 17:19:25.729 E/ActivityManager(  634): 	at com.android.server.am.ActivityManagerService.broadcastIntentInPackage(ActivityManagerService.java:22256)
12-23 17:19:25.729 E/ActivityManager(  634): 	at com.android.server.am.PendingIntentRecord.sendInner(PendingIntentRecord.java:372)
12-23 17:19:25.729 E/ActivityManager(  634): 	at com.android.server.am.PendingIntentRecord.sendWithResult(PendingIntentRecord.java:245)
12-23 17:19:25.729 E/ActivityManager(  634): 	at com.android.server.am.ActivityManagerService.sendIntentSender(ActivityManagerService.java:8613)
12-23 17:19:25.729 E/ActivityManager(  634): 	at android.app.PendingIntent.sendAndReturnResult(PendingIntent.java:892)
12-23 17:19:25.729 E/ActivityManager(  634): 	at android.app.PendingIntent.send(PendingIntent.java:874)
12-23 17:19:25.729 E/ActivityManager(  634): 	at com.android.server.AlarmManagerService$DeliveryTracker.deliverLocked(AlarmManagerService.java:4387)
12-23 17:19:25.729 E/ActivityManager(  634): 	at com.android.server.AlarmManagerService.deliverAlarmsLocked(AlarmManagerService.java:3632)
12-23 17:19:25.729 E/ActivityManager(  634): 	at com.android.server.AlarmManagerService$AlarmThread.run(AlarmManagerService.java:3781)
12-23 17:19:25.734 W/AES     (  634): Exception Log handling...
12-23 17:19:25.735 W/AES     (  634): skip for Exp level 0
12-23 17:19:28.025 I/native  ( 1100): I20211223 17:19:28.025856  1229 torch_asr_decoder.cc:326] Endpoint is detected at 515
12-23 17:19:33.742 E/MtkDataShapingUtils(  634): Exception openLteGateByDataShaping  in java.lang.NullPointerException: null receiver
12-23 17:19:33.742 W/System.err(  634): java.lang.NullPointerException: null receiver
12-23 17:19:33.742 W/System.err(  634): 	at java.lang.reflect.Method.invoke(Native Method)
12-23 17:19:33.742 W/System.err(  634): 	at com.mediatek.server.MtkDataShaping.openLteGateByDataShaping(MtkDataShaping.java:36)
12-23 17:19:33.742 W/System.err(  634): 	at com.android.server.AlarmManagerService.deliverAlarmsLocked(AlarmManagerService.java:3603)
12-23 17:19:33.742 W/System.err(  634): 	at com.android.server.AlarmManagerService$AlarmThread.run(AlarmManagerService.java:3781)
12-23 17:19:33.744 E/ActivityManager(  634): Sending non-protected broadcast ALARM_ACTION(1093) from system uid 1000 pkg com.tal.genie.push
12-23 17:19:33.744 E/ActivityManager(  634): java.lang.Throwable
12-23 17:19:33.744 E/ActivityManager(  634): 	at com.android.server.am.ActivityManagerService.checkBroadcastFromSystem(ActivityManagerService.java:21477)
12-23 17:19:33.744 E/ActivityManager(  634): 	at com.android.server.am.ActivityManagerService.broadcastIntentLocked(ActivityManagerService.java:22077)
12-23 17:19:33.744 E/ActivityManager(  634): 	at com.android.server.am.ActivityManagerService.broadcastIntentInPackage(ActivityManagerService.java:22256)
12-23 17:19:33.744 E/ActivityManager(  634): 	at com.android.server.am.PendingIntentRecord.sendInner(PendingIntentRecord.java:372)
12-23 17:19:33.744 E/ActivityManager(  634): 	at com.android.server.am.PendingIntentRecord.sendWithResult(PendingIntentRecord.java:245)
12-23 17:19:33.744 E/ActivityManager(  634): 	at com.android.server.am.ActivityManagerService.sendIntentSender(ActivityManagerService.java:8613)
12-23 17:19:33.744 E/ActivityManager(  634): 	at android.app.PendingIntent.sendAndReturnResult(PendingIntent.java:892)
12-23 17:19:33.744 E/ActivityManager(  634): 	at android.app.PendingIntent.send(PendingIntent.java:874)
12-23 17:19:33.744 E/ActivityManager(  634): 	at com.android.server.AlarmManagerService$DeliveryTracker.deliverLocked(AlarmManagerService.java:4387)
12-23 17:19:33.744 E/ActivityManager(  634): 	at com.android.server.AlarmManagerService.deliverAlarmsLocked(AlarmManagerService.java:3632)
12-23 17:19:33.744 E/ActivityManager(  634): 	at com.android.server.AlarmManagerService$AlarmThread.run(AlarmManagerService.java:3781)
12-23 17:19:33.753 W/AES     (  634): Exception Log handling...
12-23 17:19:33.754 W/AES     (  634): skip for Exp level 0
12-23 17:19:36.828 I/TtsManager( 1100): [ (TtsManager.java:56)#cancelTts ] cancelTts:11933883-c446-49d4-b8ff-f7bbcb16666d
12-23 17:19:36.829 I/TtsPlayer( 1100): [ (TtsPlayer.java:132)#interrupt ] interrupt:
12-23 17:19:36.842 W/MediaAnalyticsItem(  448): Unable to record: [1:codec:0:-1::0:-1:1:0:6:android.media.mediacodec.codec=OMX.google.raw.decoder:android.media.mediacodec.mode=audio:android.media.mediacodec.secure=0:android.media.mediacodec.encoder=0:android.media.mediacodec.mime=audio/raw:android.media.mediacodec.latency.unknown=2:] [forcenew=0]
12-23 17:19:36.843 E/GenericSource(  448): resetDataSource
12-23 17:19:36.844 W/AMessage(  448): failed to post message as target looper for handler 0 is gone.
12-23 17:19:36.845 W/MediaAnalyticsItem(  447): Unable to record: [1:extractor:0:-1::0:-1:1:0:3:android.media.mediaextractor.fmt=WAVExtractor:android.media.mediaextractor.ntrk=1:android.media.mediaextractor.mime=audio/x-wav:] [forcenew=0]
12-23 17:19:36.848 I/SA.SensorsDataAPI( 1100): track event:
12-23 17:19:36.848 I/SA.SensorsDataAPI( 1100): {
12-23 17:19:36.848 I/SA.SensorsDataAPI( 1100): 	"_track_id":-534232109,
12-23 17:19:36.848 I/SA.SensorsDataAPI( 1100): 	"time":1640251176831,
12-23 17:19:36.848 I/SA.SensorsDataAPI( 1100): 	"type":"track",
12-23 17:19:36.848 I/SA.SensorsDataAPI( 1100): 	"distinct_id":"61D00121B1600029",
12-23 17:19:36.848 I/SA.SensorsDataAPI( 1100): 	"login_id":"61D00121B1600029",
12-23 17:19:36.848 I/SA.SensorsDataAPI( 1100): 	"anonymous_id":"5cb66b1f1064e4bd",
12-23 17:19:36.848 I/SA.SensorsDataAPI( 1100): 	"lib":{
12-23 17:19:36.848 I/SA.SensorsDataAPI( 1100): 		"$lib_method":"code",
12-23 17:19:36.848 I/SA.SensorsDataAPI( 1100): 		"$lib":"Android",
12-23 17:19:36.848 I/SA.SensorsDataAPI( 1100): 		"$lib_version":"6.0.0",
12-23 17:19:36.848 I/SA.SensorsDataAPI( 1100): 		"$app_version":"1.0.0",
12-23 17:19:36.848 I/SA.SensorsDataAPI( 1100): 		"$lib_detail":"com.sensorsdata.analytics.android.sdk.AbstractSensorsDataAPI##trackEventInternal##AbstractSensorsDataAPI.java##1513"
12-23 17:19:36.848 I/SA.SensorsDataAPI( 1100): 	},
12-23 17:19:36.848 I/SA.SensorsDataAPI( 1100): 	"event":"Wakeup",
12-23 17:19:36.848 I/SA.SensorsDataAPI( 1100): 	"properties":{
12-23 17:19:36.848 I/SA.SensorsDataAPI( 1100): 		"$os_version":"9",
12-23 17:19:36.848 I/SA.SensorsDataAPI( 1100): 		"$model":"S10",
12-23 17:19:36.848 I/SA.SensorsDataAPI( 1100): 		"$os":"Android",
12-23 17:19:36.848 I/SA.SensorsDataAPI( 1100): 		"$screen_width":720,
12-23 17:19:36.848 I/SA.SensorsDataAPI( 1100): 		"$brand":"ALPS",
12-23 17:19:36.848 I/SA.SensorsDataAPI( 1100): 		"$screen_height":1600,
12-23 17:19:36.848 I/SA.SensorsDataAPI( 1100): 		"$app_version":"1.0.0",
12-23 17:19:36.848 I/SA.SensorsDataAPI( 1100): 		"$lib":"Android",
12-23 17:19:36.848 I/SA.SensorsDataAPI( 1100): 		"$device_id":"5cb66b1f1064e4bd",
12-23 17:19:36.848 I/SA.SensorsDataAPI( 1100): 		"$app_name":"语音",
12-23 17:19:36.848 I/SA.SensorsDataAPI( 1100): 		"$lib_version":"6.0.0",
12-23 17:19:36.848 I/SA.SensorsDataAPI( 1100): 		"$timezone_offset":-480,
12-23 17:19:36.848 I/SA.SensorsDataAPI( 1100): 		"$app_id":"com.tal.genie.voice",
12-23 17:19:36.848 I/SA.SensorsDataAPI( 1100): 		"$manufacturer":"ALPS",
12-23 17:19:36.848 I/SA.SensorsDataAPI( 1100): 		"userId":"0",
12-23 17:19:36.848 I/SA.SensorsDataAPI( 1100): 		"sn":"61D00121B1600029",
12-23 17:19:36.848 I/SA.SensorsDataAPI( 1100): 		"appId":"com.tal.genie.voice",
12-23 17:19:36.848 I/SA.SensorsDataAPI( 1100): 		"grade":"-1",
12-23 17:19:36.848 I/SA.SensorsDataAPI( 1100): 		"gender":"女",
12-23 17:19:36.848 I/SA.SensorsDataAPI( 1100): 		"age":"1970-01-01 00:00:00.000",
12-23 17:19:36.848 I/SA.SensorsDataAPI( 1100): 		"$referrer_title":"语音",
12-23 17:19:36.848 I/SA.SensorsDataAPI( 1100): 		"$wifi":true,
12-23 17:19:36.848 I/SA.SensorsDataAPI( 1100): 		"$network_type":"WIFI",
12-23 17:19:36.848 I/SA.SensorsDataAPI( 1100): 		"type":"voice",
12-23 17:19:36.848 I/SA.SensorsDataAPI( 1100): 		"$lib_method":"code",
12-23 17:19:36.848 I/SA.SensorsDataAPI( 1100): 		"$is_first_day":true
12-23 17:19:36.848 I/SA.SensorsDataAPI( 1100): 	}
12-23 17:19:36.848 I/SA.SensorsDataAPI( 1100): }
12-23 17:19:36.849 W/MediaAnalyticsItem(  448): Unable to record: [1:audiotrack:0:-1::0:-1:1:0:6:android.media.audiotrack.underrunframes=474:android.media.audiotrack.streamtype=3:android.media.audiotrack.type=AUDIO_CONTENT_TYPE_UNKNOWN:android.media.audiotrack.usage=AUDIO_USAGE_UNKNOWN:android.media.audiotrack.samplerate=22050:android.media.audiotrack.channelmask=1:] [forcenew=0]
12-23 17:19:36.852 E/DrmMtkUtil/DrmUtil(  448): checkDcf: not dcf type, dcf version value [82]
12-23 17:19:36.852 E/Cta5File(  448): Cta5File::isCta5NormalFile false, bad magic:RIFFO
12-23 17:19:36.852 E/Cta5File(  448): Cta5File::isCta5MultimediaFile false, bad magic:
12-23 17:19:36.855 E/GenericSource(  448): resetDataSource
12-23 17:19:36.855 E/GenericSource(  448): resetDataSource
12-23 17:19:36.860 W/NuPlayer(  448): pause called when renderer is gone or not set
12-23 17:19:36.862 E/APEExtractor(  447): getAPEInfo not ape 20484
12-23 17:19:36.866 I/EyesProtectManager( 1155): [ (EyesProtectManager.java:76)#userTracked ] userTracked:  configLoaded-true protectorOn-false canUseScreen-true isUseCounting-false useBeginTime-null useSeconds-0 lockScreenTime-2021-12-23 17:05:42 unlockScreenTime- null
12-23 17:19:36.870 I/PowerManagerService(  634): Waking up from sleep (uid=10034 reason=screen_on)...
12-23 17:19:36.870 W/UsageStatsService(  634): Event reported without a package name
12-23 17:19:36.871 I/DisplayPowerController(  634): Blocking screen on until initial contents have been drawn.
12-23 17:19:36.874 I/vendor.mediatek.hardware.power@2.0-impl(  303): notifyAppState pack:com.tal.genie.launcher, act:com.tal.genie.lockscreen.activity.LockScreenActivity, pid:1155, state:1
12-23 17:19:36.875 E/        (  435): flp_screen_monitor_thread: Screen on
12-23 17:19:36.876 E/        (  435): flp_screen_monitor_thread: Wake Monitor Restart
12-23 17:19:36.878 E/KernelCpuSpeedReader(  634): Failed to read cpu-freq: /sys/devices/system/cpu/cpu0/cpufreq/stats/time_in_state (No such file or directory)
12-23 17:19:36.883 W/lmkd    (  312): type=1400 audit(0.0:8548): avc: denied { dac_read_search } for capability=2 scontext=u:r:lmkd:s0 tcontext=u:r:lmkd:s0 tclass=capability permissive=0
12-23 17:19:36.883 W/lmkd    (  312): type=1400 audit(0.0:8549): avc: denied { dac_read_search } for capability=2 scontext=u:r:lmkd:s0 tcontext=u:r:lmkd:s0 tclass=capability permissive=0
12-23 17:19:36.894 I/vendor.mediatek.hardware.power@2.0-impl(  303): setInteractive Restore All
12-23 17:19:36.896 I/hwcomposer(  295): [HWC] Display(0) SetPowerMode(2)  
12-23 17:19:36.897 E/ActivityManager(  634): Sending non-protected broadcast com.tal.genie.lock.screen.unlock from system 1100:com.tal.genie.voice/u0a34 pkg com.tal.genie.voice
12-23 17:19:36.897 E/ActivityManager(  634): java.lang.Throwable
12-23 17:19:36.897 E/ActivityManager(  634): 	at com.android.server.am.ActivityManagerService.checkBroadcastFromSystem(ActivityManagerService.java:21473)
12-23 17:19:36.897 E/ActivityManager(  634): 	at com.android.server.am.ActivityManagerService.broadcastIntentLocked(ActivityManagerService.java:21984)
12-23 17:19:36.897 E/ActivityManager(  634): 	at com.android.server.am.ActivityManagerService.broadcastIntent(ActivityManagerService.java:22227)
12-23 17:19:36.897 E/ActivityManager(  634): 	at android.app.IActivityManager$Stub.onTransact$broadcastIntent$(IActivityManager.java:10181)
12-23 17:19:36.897 E/ActivityManager(  634): 	at android.app.IActivityManager$Stub.onTransact(IActivityManager.java:167)
12-23 17:19:36.897 E/ActivityManager(  634): 	at com.android.server.am.ActivityManagerService.onTransact(ActivityManagerService.java:3350)
12-23 17:19:36.897 E/ActivityManager(  634): 	at android.os.Binder.execTransact(Binder.java:731)
12-23 17:19:36.907 W/AES     (  634): Exception Log handling...
12-23 17:19:36.908 W/TemplateSliceBuilder(  935): Not currently bunding a slice
12-23 17:19:36.908 W/AES     (  634): skip for Exp level 0
12-23 17:19:36.909 E/ActivityManager(  634): Sending non-protected broadcast com.tal.genie.lock.screen.unlock from system 1100:com.tal.genie.voice/u0a34 pkg com.tal.genie.voice
12-23 17:19:36.909 E/ActivityManager(  634): java.lang.Throwable
12-23 17:19:36.909 E/ActivityManager(  634): 	at com.android.server.am.ActivityManagerService.checkBroadcastFromSystem(ActivityManagerService.java:21473)
12-23 17:19:36.909 E/ActivityManager(  634): 	at com.android.server.am.ActivityManagerService.broadcastIntentLocked(ActivityManagerService.java:22077)
12-23 17:19:36.909 E/ActivityManager(  634): 	at com.android.server.am.ActivityManagerService.broadcastIntent(ActivityManagerService.java:22227)
12-23 17:19:36.909 E/ActivityManager(  634): 	at android.app.IActivityManager$Stub.onTransact$broadcastIntent$(IActivityManager.java:10181)
12-23 17:19:36.909 E/ActivityManager(  634): 	at android.app.IActivityManager$Stub.onTransact(IActivityManager.java:167)
12-23 17:19:36.909 E/ActivityManager(  634): 	at com.android.server.am.ActivityManagerService.onTransact(ActivityManagerService.java:3350)
12-23 17:19:36.909 E/ActivityManager(  634): 	at android.os.Binder.execTransact(Binder.java:731)
12-23 17:19:36.914 W/AES     (  634): Exception Log handling...
12-23 17:19:36.915 W/AES     (  634): skip for Exp level 0
12-23 17:19:36.917 I/WindowManager(  634): Waiting for drawn Window{cee243c u0 com.tal.genie.launcher/com.tal.genie.lockscreen.activity.LockScreenActivity}: removed=false visible=true mHasSurface=true drawState=1
12-23 17:19:36.917 I/InputReader(  634): Reconfiguring input devices.  changes=0x00000004
12-23 17:19:36.920 I/SA.SensorsDataRemoteManager( 1155): Cache remote config is { v=v3, disableDebugMode=false, disableSDK=false, autoTrackMode=-1, event_blacklist=null, nv=, effect_mode=0}
12-23 17:19:36.925 W/BroadcastQueue(  634): Background execution not allowed: receiving Intent { act=android.intent.action.USER_PRESENT flg=0x24200010 } to com.tal.genie.launcher/com.tal.genie.lockscreen.receiver.LockScreenReceiver
12-23 17:19:36.927 E/ActivityManager(  634): Sending non-protected broadcast com.tal.genie.close.dialog from system 1100:com.tal.genie.voice/u0a34 pkg com.tal.genie.voice
12-23 17:19:36.927 E/ActivityManager(  634): java.lang.Throwable
12-23 17:19:36.927 E/ActivityManager(  634): 	at com.android.server.am.ActivityManagerService.checkBroadcastFromSystem(ActivityManagerService.java:21473)
12-23 17:19:36.927 E/ActivityManager(  634): 	at com.android.server.am.ActivityManagerService.broadcastIntentLocked(ActivityManagerService.java:22077)
12-23 17:19:36.927 E/ActivityManager(  634): 	at com.android.server.am.ActivityManagerService.broadcastIntent(ActivityManagerService.java:22227)
12-23 17:19:36.927 E/ActivityManager(  634): 	at android.app.IActivityManager$Stub.onTransact$broadcastIntent$(IActivityManager.java:10181)
12-23 17:19:36.927 E/ActivityManager(  634): 	at android.app.IActivityManager$Stub.onTransact(IActivityManager.java:167)
12-23 17:19:36.927 E/ActivityManager(  634): 	at com.android.server.am.ActivityManagerService.onTransact(ActivityManagerService.java:3350)
12-23 17:19:36.927 E/ActivityManager(  634): 	at android.os.Binder.execTransact(Binder.java:731)
12-23 17:19:36.930 I/WindowManager(  634): Waiting for drawn Window{cee243c u0 com.tal.genie.launcher/com.tal.genie.lockscreen.activity.LockScreenActivity}: removed=false visible=true mHasSurface=true drawState=1
12-23 17:19:36.936 I/SA.SensorsDataAPI( 1155): track event:
12-23 17:19:36.936 I/SA.SensorsDataAPI( 1155): {
12-23 17:19:36.936 I/SA.SensorsDataAPI( 1155): 	"_track_id":901090158,
12-23 17:19:36.936 I/SA.SensorsDataAPI( 1155): 	"time":1640251176917,
12-23 17:19:36.936 I/SA.SensorsDataAPI( 1155): 	"type":"track",
12-23 17:19:36.936 I/SA.SensorsDataAPI( 1155): 	"distinct_id":"61D00121B1600029",
12-23 17:19:36.936 I/SA.SensorsDataAPI( 1155): 	"login_id":"61D00121B1600029",
12-23 17:19:36.936 I/SA.SensorsDataAPI( 1155): 	"anonymous_id":"95ef57dd2411c923",
12-23 17:19:36.936 I/SA.SensorsDataAPI( 1155): 	"lib":{
12-23 17:19:36.936 I/SA.SensorsDataAPI( 1155): 		"$lib_method":"autoTrack",
12-23 17:19:36.936 I/SA.SensorsDataAPI( 1155): 		"$lib":"Android",
12-23 17:19:36.936 I/SA.SensorsDataAPI( 1155): 		"$lib_version":"6.0.0",
12-23 17:19:36.936 I/SA.SensorsDataAPI( 1155): 		"$app_version":"1.0.0",
12-23 17:19:36.936 I/SA.SensorsDataAPI( 1155): 		"$lib_detail":"com.tal.genie.lockscreen.activity.LockScreenActivity######"
12-23 17:19:36.936 I/SA.SensorsDataAPI( 1155): 	},
12-23 17:19:36.936 I/SA.SensorsDataAPI( 1155): 	"event":"$AppStart",
12-23 17:19:36.936 I/SA.SensorsDataAPI( 1155): 	"properties":{
12-23 17:19:36.936 I/SA.SensorsDataAPI( 1155): 		"$os_version":"9",
12-23 17:19:36.936 I/SA.SensorsDataAPI( 1155): 		"$model":"S10",
12-23 17:19:36.936 I/SA.SensorsDataAPI( 1155): 		"$os":"Android",
12-23 17:19:36.936 I/SA.SensorsDataAPI( 1155): 		"$screen_width":720,
12-23 17:19:36.936 I/SA.SensorsDataAPI( 1155): 		"$brand":"ALPS",
12-23 17:19:36.936 I/SA.SensorsDataAPI( 1155): 		"$screen_height":1600,
12-23 17:19:36.936 I/SA.SensorsDataAPI( 1155): 		"$app_version":"1.0.0",
12-23 17:19:36.936 I/SA.SensorsDataAPI( 1155): 		"$lib":"Android",
12-23 17:19:36.936 I/SA.SensorsDataAPI( 1155): 		"$device_id":"95ef57dd2411c923",
12-23 17:19:36.936 I/SA.SensorsDataAPI( 1155): 		"$app_name":"Genie launcher",
12-23 17:19:36.936 I/SA.SensorsDataAPI( 1155): 		"$lib_version":"6.0.0",
12-23 17:19:36.936 I/SA.SensorsDataAPI( 1155): 		"$timezone_offset":-480,
12-23 17:19:36.936 I/SA.SensorsDataAPI( 1155): 		"$app_id":"com.tal.genie.launcher",
12-23 17:19:36.936 I/SA.SensorsDataAPI( 1155): 		"$manufacturer":"ALPS",
12-23 17:19:36.936 I/SA.SensorsDataAPI( 1155): 		"userId":"0",
12-23 17:19:36.936 I/SA.SensorsDataAPI( 1155): 		"sn":"61D00121B1600029",
12-23 17:19:36.936 I/SA.SensorsDataAPI( 1155): 		"appId":"com.tal.genie.launcher",
12-23 17:19:36.936 I/SA.SensorsDataAPI( 1155): 		"grade":"-1",
12-23 17:19:36.936 I/SA.SensorsDataAPI( 1155): 		"gender":"女",
12-23 17:19:36.936 I/SA.SensorsDataAPI( 1155): 		"age":"1970-01-01 00:00:00.000",
12-23 17:19:36.936 I/SA.SensorsDataAPI( 1155): 		"$referrer_title":"Genie launcher",
12-23 17:19:36.936 I/SA.SensorsDataAPI( 1155): 		"$wifi":true,
12-23 17:19:36.936 I/SA.SensorsDataAPI( 1155): 		"$network_type":"WIFI",
12-23 17:19:36.936 I/SA.SensorsDataAPI( 1155): 		"$resume_from_background":true,
12-23 17:19:36.936 I/SA.SensorsDataAPI( 1155): 		"$is_first_time":false,
12-23 17:19:36.936 I/SA.SensorsDataAPI( 1155): 		"$screen_name":"com.tal.genie.lockscreen.activity.LockScreenActivity",
12-23 17:19:36.936 I/SA.SensorsDataAPI( 1155): 		"$title":"Genie launcher",
12-23 17:19:36.936 I/SA.SensorsDataAPI( 1155): 		"$lib_method":"autoTrack",
12-23 17:19:36.936 I/SA.SensorsDataAPI( 1155): 		"$is_first_day":false
12-23 17:19:36.936 I/SA.SensorsDataAPI( 1155): 	}
12-23 17:19:36.936 I/SA.SensorsDataAPI( 1155): }
12-23 17:19:36.941 W/AES     (  634): Exception Log handling...
12-23 17:19:36.943 W/AES     (  634): skip for Exp level 0
12-23 17:19:36.954 I/SA.PushAutoTrackHelper( 1155): SDK or push disabled.
12-23 17:19:36.955 I/LockScreenReceiver( 1155): action ::: com.tal.genie.lock.screen.unlock
12-23 17:19:36.961 I/DisplayManagerService(  634): Display device changed state: "内置屏幕", ON
12-23 17:19:36.964 E/WifiVendorHal(  634): getWifiLinkLayerStats(l.937) failed {.code = ERROR_NOT_SUPPORTED, .description = }
12-23 17:19:36.965 I/InputReader(  634): Reconfiguring input devices.  changes=0x00000004
12-23 17:19:36.968 W/ContextImpl( 1155): Calling a method in the system process without a qualified user: android.app.ContextImpl.sendBroadcast:1006 android.content.ContextWrapper.sendBroadcast:444 com.tal.genie.lockscreen.utils.PushNotificationDialogManager.sendPushNotificationStatus:54 com.tal.genie.lockscreen.utils.PushNotificationDialogManager.sendPushNotificationShow:23 com.tal.genie.lockscreen.activity.LockScreenActivity.onFinish:187 
12-23 17:19:36.969 I/WindowManager(  634): Waiting for drawn Window{cee243c u0 com.tal.genie.launcher/com.tal.genie.lockscreen.activity.LockScreenActivity}: removed=false visible=true mHasSurface=true drawState=1
12-23 17:19:36.972 I/WindowManager(  634): Waiting for drawn Window{cee243c u0 com.tal.genie.launcher/com.tal.genie.lockscreen.activity.LockScreenActivity}: removed=false visible=true mHasSurface=true drawState=1
12-23 17:19:36.973 I/GenericSource(  448): start
12-23 17:19:36.974 E/ActivityManager(  634): Sending non-protected broadcast genie.notify.action.state.action from system 1155:com.tal.genie.launcher/1000 pkg com.tal.genie.launcher
12-23 17:19:36.974 E/ActivityManager(  634): java.lang.Throwable
12-23 17:19:36.974 E/ActivityManager(  634): 	at com.android.server.am.ActivityManagerService.checkBroadcastFromSystem(ActivityManagerService.java:21473)
12-23 17:19:36.974 E/ActivityManager(  634): 	at com.android.server.am.ActivityManagerService.broadcastIntentLocked(ActivityManagerService.java:22077)
12-23 17:19:36.974 E/ActivityManager(  634): 	at com.android.server.am.ActivityManagerService.broadcastIntent(ActivityManagerService.java:22227)
12-23 17:19:36.974 E/ActivityManager(  634): 	at android.app.IActivityManager$Stub.onTransact$broadcastIntent$(IActivityManager.java:10181)
12-23 17:19:36.974 E/ActivityManager(  634): 	at android.app.IActivityManager$Stub.onTransact(IActivityManager.java:167)
12-23 17:19:36.974 E/ActivityManager(  634): 	at com.android.server.am.ActivityManagerService.onTransact(ActivityManagerService.java:3350)
12-23 17:19:36.974 E/ActivityManager(  634): 	at android.os.Binder.execTransact(Binder.java:731)
12-23 17:19:36.979 W/AES     (  634): Exception Log handling...
12-23 17:19:36.981 W/AES     (  634): skip for Exp level 0
12-23 17:19:36.982 I/SA.PushAutoTrackHelper( 1155): SDK or push disabled.
12-23 17:19:36.982 I/LockScreenReceiver( 1155): action ::: android.intent.action.USER_PRESENT
12-23 17:19:36.985 I/System.out( 1155): port:8080
12-23 17:19:36.986 I/OMXClient(  448): IOmx service obtained
12-23 17:19:36.988 I/OMXMaster(  455): makeComponentInstance(OMX.google.raw.decoder) in omx@1.0-service process
12-23 17:19:36.994 I/SA.SensorsDataAPI( 1155): track event:
12-23 17:19:36.994 I/SA.SensorsDataAPI( 1155): {
12-23 17:19:36.994 I/SA.SensorsDataAPI( 1155): 	"_track_id":-1962839127,
12-23 17:19:36.994 I/SA.SensorsDataAPI( 1155): 	"time":1640251176957,
12-23 17:19:36.994 I/SA.SensorsDataAPI( 1155): 	"type":"track",
12-23 17:19:36.994 I/SA.SensorsDataAPI( 1155): 	"distinct_id":"61D00121B1600029",
12-23 17:19:36.994 I/SA.SensorsDataAPI( 1155): 	"login_id":"61D00121B1600029",
12-23 17:19:36.994 I/SA.SensorsDataAPI( 1155): 	"anonymous_id":"95ef57dd2411c923",
12-23 17:19:36.994 I/SA.SensorsDataAPI( 1155): 	"lib":{
12-23 17:19:36.994 I/SA.SensorsDataAPI( 1155): 		"$lib_method":"autoTrack",
12-23 17:19:36.994 I/SA.SensorsDataAPI( 1155): 		"$lib":"Android",
12-23 17:19:36.994 I/SA.SensorsDataAPI( 1155): 		"$lib_version":"6.0.0",
12-23 17:19:36.994 I/SA.SensorsDataAPI( 1155): 		"$app_version":"1.0.0",
12-23 17:19:36.994 I/SA.SensorsDataAPI( 1155): 		"$lib_detail":"com.tal.genie.lockscreen.activity.LockScreenActivity######"
12-23 17:19:36.994 I/SA.SensorsDataAPI( 1155): 	},
12-23 17:19:36.994 I/SA.SensorsDataAPI( 1155): 	"event":"$AppViewScreen",
12-23 17:19:36.994 I/SA.SensorsDataAPI( 1155): 	"properties":{
12-23 17:19:36.994 I/SA.SensorsDataAPI( 1155): 		"$os_version":"9",
12-23 17:19:36.994 I/SA.SensorsDataAPI( 1155): 		"$model":"S10",
12-23 17:19:36.994 I/SA.SensorsDataAPI( 1155): 		"$os":"Android",
12-23 17:19:36.994 I/SA.SensorsDataAPI( 1155): 		"$screen_width":720,
12-23 17:19:36.994 I/SA.SensorsDataAPI( 1155): 		"$brand":"ALPS",
12-23 17:19:36.994 I/SA.SensorsDataAPI( 1155): 		"$screen_height":1600,
12-23 17:19:36.994 I/SA.SensorsDataAPI( 1155): 		"$app_version":"1.0.0",
12-23 17:19:36.994 I/SA.SensorsDataAPI( 1155): 		"$lib":"Android",
12-23 17:19:36.994 I/SA.SensorsDataAPI( 1155): 		"$device_id":"95ef57dd2411c923",
12-23 17:19:36.994 I/SA.SensorsDataAPI( 1155): 		"$app_name":"Genie launcher",
12-23 17:19:36.994 I/SA.SensorsDataAPI( 1155): 		"$lib_version":"6.0.0",
12-23 17:19:36.994 I/SA.SensorsDataAPI( 1155): 		"$timezone_offset":-480,
12-23 17:19:36.994 I/SA.SensorsDataAPI( 1155): 		"$app_id":"com.tal.genie.launcher",
12-23 17:19:36.994 I/SA.SensorsDataAPI( 1155): 		"$manufacturer":"ALPS",
12-23 17:19:36.994 I/SA.SensorsDataAPI( 1155): 		"userId":"0",
12-23 17:19:36.994 I/SA.SensorsDataAPI( 1155): 		"sn":"61D00121B1600029",
12-23 17:19:36.994 I/SA.SensorsDataAPI( 1155): 		"appId":"com.tal.genie.launcher",
12-23 17:19:36.994 I/SA.SensorsDataAPI( 1155): 		"grade":"-1",
12-23 17:19:36.994 I/SA.SensorsDataAPI( 1155): 		"gender":"女",
12-23 17:19:36.994 I/SA.SensorsDataAPI( 1155): 		"age":"1970-01-01 00:00:00.000",
12-23 17:19:36.994 I/SA.SensorsDataAPI( 1155): 		"$referrer_title":"Genie launcher",
12-23 17:19:36.994 I/SA.SensorsDataAPI( 1155): 		"$wifi":true,
12-23 17:19:36.994 I/SA.SensorsDataAPI( 1155): 		"$network_type":"WIFI",
12-23 17:19:36.994 I/SA.SensorsDataAPI( 1155): 		"$referrer":"com.tal.genie.lockscreen.activity.LockScreenActivity",
12-23 17:19:36.994 I/SA.SensorsDataAPI( 1155): 		"$url":"com.tal.genie.lockscreen.activity.LockScreenActivity",
12-23 17:19:36.994 I/SA.SensorsDataAPI( 1155): 		"$screen_name":"com.tal.genie.lockscreen.activity.LockScreenActivity",
12-23 17:19:36.994 I/SA.SensorsDataAPI( 1155): 		"$title":"Genie launcher",
12-23 17:19:36.994 I/SA.SensorsDataAPI( 1155): 		"$lib_method":"autoTrack",
12-23 17:19:36.994 I/SA.SensorsDataAPI( 1155): 		"$is_first_day":false
12-23 17:19:36.994 I/SA.SensorsDataAPI( 1155): 	}
12-23 17:19:36.994 I/SA.SensorsDataAPI( 1155): }
12-23 17:19:36.995 I/WindowManager(  634): Waiting for drawn Window{cee243c u0 com.tal.genie.launcher/com.tal.genie.lockscreen.activity.LockScreenActivity}: removed=false visible=true mHasSurface=true drawState=1
12-23 17:19:37.000 I/ViewTreeStatusObservable( 1155): onGlobalLayout
12-23 17:19:37.001 I/wpa_supplicant(  954): wpa_driver_nl80211_driver_cmd: wlan0 recv cmd SETSUSPENDMODE 0
12-23 17:19:37.005 E/OMXNodeInstance(  455): setConfig(0xab19ccc0:google.raw.decoder, ConfigPriority(0x6f800002)) ERROR: Undefined(0x80001001)
12-23 17:19:37.005 I/wpa_supplicant(  954): wpa_driver_nl80211_driver_cmd: ret = 0 used = 17 total = 512
12-23 17:19:37.005 I/ACodec  (  448): codec does not support config priority (err -2147483648)
12-23 17:19:37.005 I/ACodec_roi(  448): + setRoiParameters 263
12-23 17:19:37.005 I/ACodec_roi(  448): - setRoiParameters 269
12-23 17:19:37.008 E/OMXNodeInstance(  455): getConfig(0xab19ccc0:google.raw.decoder, ConfigAndroidVendorExtension(0x6f100004)) ERROR: Undefined(0x80001001)
12-23 17:19:37.009 I/MediaCodec(  448): MediaCodec will operate in async mode
12-23 17:19:37.009 I/BufferQueueProducer(  313): [com.tal.genie.launcher/com.tal.genie.lockscreen.activity.LockScreenActivity#0](this:0xad9a5000,id:23,api:1,p:1155,c:313) queueBuffer: fps=0.00 dur=876979.02 max=876979.02 min=876979.02
12-23 17:19:37.012 W/AshmemAllocator(  287): ashmem_create_region(65536) returning hidl_memory(0xb1616170, 65536)
12-23 17:19:37.017 I/WindowManager(  634): Waiting for drawn Window{cee243c u0 com.tal.genie.launcher/com.tal.genie.lockscreen.activity.LockScreenActivity}: removed=false visible=true mHasSurface=true drawState=4
12-23 17:19:37.017 I/chatty  (  287): uid=1000(system) allocator@1.0-s identical 3 lines
12-23 17:19:37.020 W/AshmemAllocator(  287): ashmem_create_region(65536) returning hidl_memory(0xb1616170, 65536)
12-23 17:19:37.020 I/Accelerometer(  456): batch: handle:0, flag:0,samplingPeriodNs:66667000 maxBatchReportLatencyNs:100000000
12-23 17:19:37.021 E/Accelerometer(  456): no batch control attr
12-23 17:19:37.021 E/SensorManager(  456): batch failed 0 0 66667000 100000000 err = -1
12-23 17:19:37.021 W/AshmemAllocator(  287): ashmem_create_region(65536) returning hidl_memory(0xb1616170, 65536)
12-23 17:19:37.022 W/AshmemAllocator(  287): ashmem_create_region(65536) returning hidl_memory(0xb1616170, 65536)
12-23 17:19:37.023 E/SensorService(  634): sensor batch failed 0xa83996e0 0x00000001 66667000 100000000 err=Operation not permitted
12-23 17:19:37.023 W/AshmemAllocator(  287): ashmem_create_region(65536) returning hidl_memory(0xb1616170, 65536)
12-23 17:19:37.023 I/Accelerometer(  456): batch: handle:0, flag:0,samplingPeriodNs:66667000 maxBatchReportLatencyNs:0
12-23 17:19:37.024 E/Accelerometer(  456): no batch control attr
12-23 17:19:37.024 E/SensorManager(  456): batch failed 0 0 66667000 0 err = -1
12-23 17:19:37.024 E/SensorService(  634): sensor batch failed 0xa83996e0 0x00000001 66667000 0 err=Operation not permitted
12-23 17:19:37.025 I/DisplayPowerController(  634): Unblocked screen on after 154 ms
12-23 17:19:37.027 I/NuPlayerDecoder(  448): [audio] saw output EOS
12-23 17:19:37.029 E/AudioTrack(  448): start(): 0xa5083700, mState = 1
12-23 17:19:37.033 I/System.out( 1155): [OkHttp] sendRequest<<
12-23 17:19:37.037 E/AudioALSAPlaybackHandlerBase(  288): -getHardwareBufferInfo(), pcm_get_htimestamp fail, ret = -1, pcm_get_error = 
12-23 17:19:37.045 I/ViewTreeStatusObservable( 1155): onGlobalLayout
12-23 17:19:37.047 I/SA.AnalyticsMessages( 1155): responseCode: 200
12-23 17:19:37.048 I/SA.AnalyticsMessages( 1155): valid message: 
12-23 17:19:37.048 I/SA.AnalyticsMessages( 1155): [
12-23 17:19:37.048 I/SA.AnalyticsMessages( 1155): 	{
12-23 17:19:37.048 I/SA.AnalyticsMessages( 1155): 		"_track_id":901090158,
12-23 17:19:37.048 I/SA.AnalyticsMessages( 1155): 		"time":1640251176917,
12-23 17:19:37.048 I/SA.AnalyticsMessages( 1155): 		"type":"track",
12-23 17:19:37.048 I/SA.AnalyticsMessages( 1155): 		"distinct_id":"61D00121B1600029",
12-23 17:19:37.048 I/SA.AnalyticsMessages( 1155): 		"login_id":"61D00121B1600029",
12-23 17:19:37.048 I/SA.AnalyticsMessages( 1155): 		"anonymous_id":"95ef57dd2411c923",
12-23 17:19:37.048 I/SA.AnalyticsMessages( 1155): 		"lib":{
12-23 17:19:37.048 I/SA.AnalyticsMessages( 1155): 			"$lib_method":"autoTrack",
12-23 17:19:37.048 I/SA.AnalyticsMessages( 1155): 			"$lib":"Android",
12-23 17:19:37.048 I/SA.AnalyticsMessages( 1155): 			"$lib_version":"6.0.0",
12-23 17:19:37.048 I/SA.AnalyticsMessages( 1155): 			"$app_version":"1.0.0",
12-23 17:19:37.048 I/SA.AnalyticsMessages( 1155): 			"$lib_detail":"com.tal.genie.lockscreen.activity.LockScreenActivity######"
12-23 17:19:37.048 I/SA.AnalyticsMessages( 1155): 		},
12-23 17:19:37.048 I/SA.AnalyticsMessages( 1155): 		"event":"$AppStart",
12-23 17:19:37.048 I/SA.AnalyticsMessages( 1155): 		"properties":{
12-23 17:19:37.048 I/SA.AnalyticsMessages( 1155): 			"$os_version":"9",
12-23 17:19:37.048 I/SA.AnalyticsMessages( 1155): 			"$model":"S10",
12-23 17:19:37.048 I/SA.AnalyticsMessages( 1155): 			"$os":"Android",
12-23 17:19:37.048 I/SA.AnalyticsMessages( 1155): 			"$screen_width":720,
12-23 17:19:37.048 I/SA.AnalyticsMessages( 1155): 			"$brand":"ALPS",
12-23 17:19:37.048 I/SA.AnalyticsMessages( 1155): 			"$screen_height":1600,
12-23 17:19:37.048 I/SA.AnalyticsMessages( 1155): 			"$app_version":"1.0.0",
12-23 17:19:37.048 I/SA.AnalyticsMessages( 1155): 			"$lib":"Android",
12-23 17:19:37.048 I/SA.AnalyticsMessages( 1155): 			"$device_id":"95ef57dd2411c923",
12-23 17:19:37.048 I/SA.AnalyticsMessages( 1155): 			"$app_name":"Genie launcher",
12-23 17:19:37.048 I/SA.AnalyticsMessages( 1155): 			"$lib_version":"6.0.0",
12-23 17:19:37.048 I/SA.AnalyticsMessages( 1155): 			"$timezone_offset":-480,
12-23 17:19:37.048 I/SA.AnalyticsMessages( 1155): 			"$app_id":"com.tal.genie.launcher",
12-23 17:19:37.048 I/SA.AnalyticsMessages( 1155): 			"$manufacturer":"ALPS",
12-23 17:19:37.048 I/SA.AnalyticsMessages( 1155): 			"userId":"0",
12-23 17:19:37.048 I/SA.AnalyticsMessages( 1155): 			"sn":"61D00121B1600029",
12-23 17:19:37.048 I/SA.AnalyticsMessages( 1155): 			"appId":"com.tal.genie.launcher",
12-23 17:19:37.048 I/SA.AnalyticsMessages( 1155): 			"grade":"-1",
12-23 17:19:37.048 I/SA.AnalyticsMessages( 1155): 			"gender":"女",
12-23 17:19:37.048 I/SA.AnalyticsMessages( 1155): 			"age":"1970-01-01 00:00:00.000",
12-23 17:19:37.048 I/SA.AnalyticsMessages( 1155): 			"$referrer_title":"Genie launcher",
12-23 17:19:37.048 I/SA.AnalyticsMessages( 1155): 			"$wifi":true,
12-23 17:19:37.048 I/SA.AnalyticsMessages( 1155): 			"$network_type":"WIFI",
12-23 17:19:37.048 I/SA.AnalyticsMessages( 1155): 			"$resume_from_background":true,
12-23 17:19:37.048 I/SA.AnalyticsMessages( 1155): 			"$is_first_time":false,
12-23 17:19:37.048 I/SA.AnalyticsMessages( 1155): 			"$screen_name":"com.tal.genie.lockscreen.activity.LockScreenActivity",
12-23 17:19:37.048 I/SA.AnalyticsMessages( 1155): 			"$title":"Genie launcher",
12-23 17:19:37.048 I/SA.AnalyticsMessages( 1155): 			"$lib_method":"autoTrack",
12-23 17:19:37.048 I/SA.AnalyticsMessages( 1155): 			"$is_first_day":false
12-23 17:19:37.048 I/SA.AnalyticsMessages( 1155): 		},
12-23 17:19:37.048 I/SA.AnalyticsMessages( 1155): 		"_flush_time":1640251176940
12-23 17:19:37.048 I/SA.AnalyticsMessages( 1155): 	}
12-23 17:19:37.048 I/SA.AnalyticsMessages( 1155): ]
12-23 17:19:37.051 I/SA.AnalyticsMessages( 1155): Events flushed. [left = 1]
12-23 17:19:37.057 I/System.out( 1155): [OkHttp] sendRequest<<
12-23 17:19:37.146 I/ViewTreeStatusObservable( 1155): start traverse...
12-23 17:19:37.185 I/PowerWrap(  634): PowerHal_Wrap_mtkPowerHint
12-23 17:19:37.185 I/PowerWrap(  634): PowerHal_Wrap_mtkPowerHint
12-23 17:19:37.187 I/libPowerHal(  303): 17: cpu_ctrl set freq: 2001000 -1
12-23 17:19:37.191 I/PowerWrap(  634): PowerHal_Wrap_mtkPowerHint
12-23 17:19:37.191 I/PowerWrap(  634): PowerHal_Wrap_mtkPowerHint
12-23 17:19:37.193 I/vendor.mediatek.hardware.power@2.0-impl(  303): notifyAppState pack:com.tal.genie.launcher, act:com.tal.genie.launcher.ui.main.MainActivity, pid:1155, state:1
12-23 17:19:37.194 I/WindowManager(  634): Focus moving from Window{cee243c u0 com.tal.genie.launcher/com.tal.genie.lockscreen.activity.LockScreenActivity} to null
12-23 17:19:37.196 I/InputReader(  634): Reconfiguring input devices.  changes=0x00000004
12-23 17:19:37.201 I/UserToolsFragment( 1155): [ (BaseFragment.java:61)#onStart ] onStart.
12-23 17:19:37.202 I/HomeFragment( 1155): [ (BaseFragment.java:61)#onStart ] onStart.
12-23 17:19:37.203 I/HomeMathFragment( 1155): [ (BaseFragment.java:61)#onStart ] onStart.
12-23 17:19:37.207 I/HomeChiFragment( 1155): [ (BaseFragment.java:61)#onStart ] onStart.
12-23 17:19:37.208 I/HomeEngFragment( 1155): [ (BaseFragment.java:61)#onStart ] onStart.
12-23 17:19:37.216 I/HomeChiFragment( 1155): [ (BaseFragment.java:67)#onResume ] onResume.
12-23 17:19:37.224 I/SA.SensorsDataAPI( 1155): track event:
12-23 17:19:37.224 I/SA.SensorsDataAPI( 1155): {
12-23 17:19:37.224 I/SA.SensorsDataAPI( 1155): 	"_track_id":-1609160339,
12-23 17:19:37.224 I/SA.SensorsDataAPI( 1155): 	"time":1640251177219,
12-23 17:19:37.224 I/SA.SensorsDataAPI( 1155): 	"type":"track",
12-23 17:19:37.224 I/SA.SensorsDataAPI( 1155): 	"distinct_id":"61D00121B1600029",
12-23 17:19:37.224 I/SA.SensorsDataAPI( 1155): 	"login_id":"61D00121B1600029",
12-23 17:19:37.224 I/SA.SensorsDataAPI( 1155): 	"anonymous_id":"95ef57dd2411c923",
12-23 17:19:37.224 I/SA.SensorsDataAPI( 1155): 	"lib":{
12-23 17:19:37.224 I/SA.SensorsDataAPI( 1155): 		"$lib_method":"autoTrack",
12-23 17:19:37.224 I/SA.SensorsDataAPI( 1155): 		"$lib":"Android",
12-23 17:19:37.224 I/SA.SensorsDataAPI( 1155): 		"$lib_version":"6.0.0",
12-23 17:19:37.224 I/SA.SensorsDataAPI( 1155): 		"$app_version":"1.0.0",
12-23 17:19:37.224 I/SA.SensorsDataAPI( 1155): 		"$lib_detail":"com.tal.genie.launcher.ui.main.MainActivity######"
12-23 17:19:37.224 I/SA.SensorsDataAPI( 1155): 	},
12-23 17:19:37.224 I/SA.SensorsDataAPI( 1155): 	"event":"$AppViewScreen",
12-23 17:19:37.224 I/SA.SensorsDataAPI( 1155): 	"properties":{
12-23 17:19:37.224 I/SA.SensorsDataAPI( 1155): 		"$os_version":"9",
12-23 17:19:37.224 I/SA.SensorsDataAPI( 1155): 		"$model":"S10",
12-23 17:19:37.224 I/SA.SensorsDataAPI( 1155): 		"$os":"Android",
12-23 17:19:37.224 I/SA.SensorsDataAPI( 1155): 		"$screen_width":720,
12-23 17:19:37.224 I/SA.SensorsDataAPI( 1155): 		"$brand":"ALPS",
12-23 17:19:37.224 I/SA.SensorsDataAPI( 1155): 		"$screen_height":1600,
12-23 17:19:37.224 I/SA.SensorsDataAPI( 1155): 		"$app_version":"1.0.0",
12-23 17:19:37.224 I/SA.SensorsDataAPI( 1155): 		"$lib":"Android",
12-23 17:19:37.224 I/SA.SensorsDataAPI( 1155): 		"$device_id":"95ef57dd2411c923",
12-23 17:19:37.224 I/SA.SensorsDataAPI( 1155): 		"$app_name":"Genie launcher",
12-23 17:19:37.224 I/SA.SensorsDataAPI( 1155): 		"$lib_version":"6.0.0",
12-23 17:19:37.224 I/SA.SensorsDataAPI( 1155): 		"$timezone_offset":-480,
12-23 17:19:37.224 I/SA.SensorsDataAPI( 1155): 		"$app_id":"com.tal.genie.launcher",
12-23 17:19:37.224 I/SA.SensorsDataAPI( 1155): 		"$manufacturer":"ALPS",
12-23 17:19:37.224 I/SA.SensorsDataAPI( 1155): 		"userId":"0",
12-23 17:19:37.224 I/SA.SensorsDataAPI( 1155): 		"sn":"61D00121B1600029",
12-23 17:19:37.224 I/SA.SensorsDataAPI( 1155): 		"appId":"com.tal.genie.launcher",
12-23 17:19:37.224 I/SA.SensorsDataAPI( 1155): 		"grade":"-1",
12-23 17:19:37.224 I/SA.SensorsDataAPI( 1155): 		"gender":"女",
12-23 17:19:37.224 I/SA.SensorsDataAPI( 1155): 		"age":"1970-01-01 00:00:00.000",
12-23 17:19:37.224 I/SA.SensorsDataAPI( 1155): 		"$referrer_title":"Genie launcher",
12-23 17:19:37.224 I/SA.SensorsDataAPI( 1155): 		"$wifi":true,
12-23 17:19:37.224 I/SA.SensorsDataAPI( 1155): 		"$network_type":"WIFI",
12-23 17:19:37.224 I/SA.SensorsDataAPI( 1155): 		"$referrer":"com.tal.genie.lockscreen.activity.LockScreenActivity",
12-23 17:19:37.224 I/SA.SensorsDataAPI( 1155): 		"$url":"com.tal.genie.launcher.ui.main.MainActivity",
12-23 17:19:37.224 I/SA.SensorsDataAPI( 1155): 		"$screen_name":"com.tal.genie.launcher.ui.main.MainActivity",
12-23 17:19:37.224 I/SA.SensorsDataAPI( 1155): 		"$title":"Genie launcher",
12-23 17:19:37.224 I/SA.SensorsDataAPI( 1155): 		"$lib_method":"autoTrack",
12-23 17:19:37.224 I/SA.SensorsDataAPI( 1155): 		"$is_first_day":false
12-23 17:19:37.224 I/SA.SensorsDataAPI( 1155): 	}
12-23 17:19:37.224 I/SA.SensorsDataAPI( 1155): }
12-23 17:19:37.226 I/WindowManager(  634): Relayout Window{c28c1c7 u0 com.tal.genie.launcher/com.tal.genie.launcher.ui.main.MainActivity}: oldVis=8 newVis=0 focusMayChange = true
12-23 17:19:37.228 I/BufferQueue(  313): [unnamed-313-24](this:0xaf1d3000,id:24,api:0,p:-1,c:-1) BufferQueue core=(313:/system/bin/surfaceflinger)
12-23 17:19:37.229 I/BufferQueueConsumer(  313): [unnamed-313-24](this:0xaf1d3000,id:24,api:0,p:-1,c:313) connect(C): consumer=(313:/system/bin/surfaceflinger) controlledByApp=false
12-23 17:19:37.229 I/BufferQueueConsumer(  313): [unnamed-313-24](this:0xaf1d3000,id:24,api:0,p:-1,c:313) setConsumerName: unnamed-313-24
