11-17 14:11:41.901 I/WindowManager(  631): Waiting for drawn Window{6ab0c61 u0 com.tal.genie.voice/com.tal.genie.dicbook.cread.FingerSearchActivity}: removed=false visible=true mHasSurface=true drawState=1
11-17 14:11:41.905 I/WindowManager(  631): Waiting for drawn Window{c31bd48 u0 com.tal.genie.voice/com.tal.genie.dicbook.dic.WebDicActivity}: removed=false visible=true mHasSurface=true drawState=4
11-17 14:11:41.916 I/WindowManager(  631): Waiting for drawn Window{6ab0c61 u0 com.tal.genie.voice/com.tal.genie.dicbook.cread.FingerSearchActivity}: removed=false visible=true mHasSurface=true drawState=1
11-17 14:11:42.001 I/WindowManager(  631): Waiting for drawn Window{6ab0c61 u0 com.tal.genie.voice/com.tal.genie.dicbook.cread.FingerSearchActivity}: removed=false visible=true mHasSurface=true drawState=4
11-17 14:11:42.047 I/DisplayPowerController(  631): Unblocked screen on after 530 ms
11-17 14:11:42.048 W/PowerManagerService(  631): Screen on took 544 ms
11-17 14:11:42.181 I/wificond(  473): Pno scan stopped
11-17 14:11:42.655 I/WindowManager(  631): Focus moving from Window{c31bd48 u0 com.tal.genie.voice/com.tal.genie.dicbook.dic.WebDicActivity} to Window{6ab0c61 u0 com.tal.genie.voice/com.tal.genie.dicbook.cread.FingerSearchActivity}
11-17 14:11:44.755 W/NotificationService(  631): Toast already killed. pkg=com.tal.genie.voice callback=android.app.ITransientNotification$Stub$Proxy@73989b9
11-17 14:11:44.868 I/WindowManager(  631): Focus moving from Window{6ab0c61 u0 com.tal.genie.voice/com.tal.genie.dicbook.cread.FingerSearchActivity} to Window{41c3682 u0 com.tal.genie.launcher/com.tal.genie.launcher.ui.main.MainActivity}
11-17 14:11:44.916 W/ContextImpl( 1205): Calling a method in the system process without a qualified user: android.app.ContextImpl.startService:1532 android.content.ContextWrapper.startService:664 android.content.ContextWrapper.startService:664 android.app.Activity.onPostResume:1391 androidx.fragment.app.FragmentActivity.onPostResume:446 
11-17 14:11:46.231 W/ContextImpl( 1205): Calling a method in the system process without a qualified user: android.app.ContextImpl.sendBroadcast:1006 android.content.ContextWrapper.sendBroadcast:444 android.content.ContextWrapper.sendBroadcast:444 android.view.View.dispatchTouchEvent:12526 android.view.ViewGroup.dispatchTransformedTouchEvent:3083 
11-17 14:11:46.270 W/WindowManager(  631): Unable to start animation, surface is null or no children.
11-17 14:11:46.380 I/ActivityManager(  631): START u0 {cmp=com.tal.genie.launcher/com.tal.genie.setting.activity.SettingActivity} from uid 1000
11-17 14:11:46.405 I/WindowManager(  631): Focus moving from Window{41c3682 u0 com.tal.genie.launcher/com.tal.genie.launcher.ui.main.MainActivity} to null
11-17 14:11:46.511 W/ContextImpl( 1205): Calling a method in the system process without a qualified user: android.app.ContextImpl.startService:1532 android.content.ContextWrapper.startService:664 android.content.ContextWrapper.startService:664 android.app.Activity.onPostResume:1391 androidx.fragment.app.FragmentActivity.onPostResume:446 
11-17 14:11:46.548 I/WindowManager(  631): Relayout Window{9217e74 u0 com.tal.genie.launcher/com.tal.genie.setting.activity.SettingActivity}: oldVis=4 newVis=0 focusMayChange = true
11-17 14:11:46.553 I/WindowManager(  631): Focus moving from null to Window{9217e74 u0 com.tal.genie.launcher/com.tal.genie.setting.activity.SettingActivity}
11-17 14:11:47.930 W/ContextImpl( 1205): Calling a method in the system process without a qualified user: android.app.ContextImpl.startService:1532 android.content.ContextWrapper.startService:664 android.content.ContextWrapper.startService:664 com.android.internal.policy.DecorView.dispatchTouchEvent:418 android.view.View.dispatchPointerEvent:12808 
11-17 14:11:48.002 I/chatty  ( 1205): uid=1000(system) com.tal.genie.launcher identical 3 lines
11-17 14:11:48.019 W/ContextImpl( 1205): Calling a method in the system process without a qualified user: android.app.ContextImpl.startService:1532 android.content.ContextWrapper.startService:664 android.content.ContextWrapper.startService:664 com.android.internal.policy.DecorView.dispatchTouchEvent:418 android.view.View.dispatchPointerEvent:12808 
11-17 14:11:48.032 I/WindowManager(  631): Focus moving from Window{9217e74 u0 com.tal.genie.launcher/com.tal.genie.setting.activity.SettingActivity} to Window{9df6a0d u0 com.android.systemui}
11-17 14:11:48.037 W/ContextImpl( 1205): Calling a method in the system process without a qualified user: android.app.ContextImpl.startService:1532 android.content.ContextWrapper.startService:664 android.content.ContextWrapper.startService:664 com.android.internal.policy.DecorView.dispatchTouchEvent:418 android.view.View.dispatchPointerEvent:12808 
11-17 14:11:48.042 I/WindowManager(  631): Focus moving from Window{9df6a0d u0 com.android.systemui} to Window{c34af10 u0 com.android.systemui}
11-17 14:11:48.054 W/ContextImpl( 1205): Calling a method in the system process without a qualified user: android.app.ContextImpl.startService:1532 android.content.ContextWrapper.startService:664 android.content.ContextWrapper.startService:664 com.android.internal.policy.DecorView.dispatchTouchEvent:418 android.view.View.dispatchPointerEvent:12808 
11-17 14:11:48.107 I/chatty  ( 1205): uid=1000(system) com.tal.genie.launcher identical 3 lines
11-17 14:11:48.120 W/ContextImpl( 1205): Calling a method in the system process without a qualified user: android.app.ContextImpl.startService:1532 android.content.ContextWrapper.startService:664 android.content.ContextWrapper.startService:664 com.android.internal.policy.DecorView.dispatchTouchEvent:418 android.view.View.dispatchPointerEvent:12808 
11-17 14:11:48.120 I/WindowManager(  631): Losing delayed focus: Window{9217e74 u0 com.tal.genie.launcher/com.tal.genie.setting.activity.SettingActivity}
11-17 14:11:48.121 I/WindowManager(  631): Losing delayed focus: Window{9df6a0d u0 com.android.systemui}
11-17 14:11:48.122 W/ContextImpl( 1205): Calling a method in the system process without a qualified user: android.app.ContextImpl.startService:1532 android.content.ContextWrapper.startService:664 android.content.ContextWrapper.startService:664 com.android.internal.policy.DecorView.dispatchTouchEvent:418 android.view.View.dispatchPointerEvent:12808 
11-17 14:11:49.198 I/WindowManager(  631): Focus moving from Window{c34af10 u0 com.android.systemui} to Window{9217e74 u0 com.tal.genie.launcher/com.tal.genie.setting.activity.SettingActivity}
11-17 14:11:49.199 W/ViewRootImpl[](  767): Dropping event due to root view being removed: MotionEvent { action=ACTION_UP, actionButton=0, id[0]=0, x[0]=222.69072, y[0]=474.7033, toolType[0]=TOOL_TYPE_FINGER, buttonState=0, metaState=0, flags=0x0, edgeFlags=0x0, pointerCount=1, historySize=0, eventTime=7928706, downTime=7928637, deviceId=1, source=0x1002 }
11-17 14:11:49.297 W/ContextImpl( 1205): Calling a method in the system process without a qualified user: android.app.ContextImpl.sendBroadcast:1006 android.content.ContextWrapper.sendBroadcast:444 android.content.ContextWrapper.sendBroadcast:444 android.view.View.dispatchTouchEvent:12526 android.view.ViewGroup.dispatchTransformedTouchEvent:3077 
11-17 14:11:50.014 W/ContextImpl( 1205): Calling a method in the system process without a qualified user: android.app.ContextImpl.startService:1532 android.content.ContextWrapper.startService:664 android.content.ContextWrapper.startService:664 com.android.internal.policy.DecorView.dispatchTouchEvent:418 android.view.View.dispatchPointerEvent:12808 
11-17 14:11:50.069 I/chatty  ( 1205): uid=1000(system) com.tal.genie.launcher identical 2 lines
11-17 14:11:50.087 W/ContextImpl( 1205): Calling a method in the system process without a qualified user: android.app.ContextImpl.startService:1532 android.content.ContextWrapper.startService:664 android.content.ContextWrapper.startService:664 com.android.internal.policy.DecorView.dispatchTouchEvent:418 android.view.View.dispatchPointerEvent:12808 
11-17 14:11:50.099 I/WindowManager(  631): Focus moving from Window{9217e74 u0 com.tal.genie.launcher/com.tal.genie.setting.activity.SettingActivity} to Window{7430cbe u0 com.android.systemui}
11-17 14:11:50.106 W/ContextImpl( 1205): Calling a method in the system process without a qualified user: android.app.ContextImpl.startService:1532 android.content.ContextWrapper.startService:664 android.content.ContextWrapper.startService:664 com.android.internal.policy.DecorView.dispatchTouchEvent:418 android.view.View.dispatchPointerEvent:12808 
11-17 14:11:50.111 I/WindowManager(  631): Focus moving from Window{7430cbe u0 com.android.systemui} to Window{f8db235 u0 com.android.systemui}
11-17 14:11:50.119 W/ContextImpl( 1205): Calling a method in the system process without a qualified user: android.app.ContextImpl.startService:1532 android.content.ContextWrapper.startService:664 android.content.ContextWrapper.startService:664 com.android.internal.policy.DecorView.dispatchTouchEvent:418 android.view.View.dispatchPointerEvent:12808 
11-17 14:11:50.120 W/ContextImpl( 1205): Calling a method in the system process without a qualified user: android.app.ContextImpl.startService:1532 android.content.ContextWrapper.startService:664 android.content.ContextWrapper.startService:664 com.android.internal.policy.DecorView.dispatchTouchEvent:418 android.view.View.dispatchPointerEvent:12808 
11-17 14:11:50.185 I/WindowManager(  631): Losing delayed focus: Window{9217e74 u0 com.tal.genie.launcher/com.tal.genie.setting.activity.SettingActivity}
11-17 14:11:50.185 I/WindowManager(  631): Losing delayed focus: Window{7430cbe u0 com.android.systemui}
11-17 14:11:52.590 I/ActivityManager(  631): START u0 {flg=0x30000000 cmp=com.example.myapplication2/.MainActivity} from uid 10023
11-17 14:11:52.625 I/ActivityManager(  631): Start proc 14773:com.example.myapplication2/u0a26 for activity com.example.myapplication2/.MainActivity
11-17 14:11:52.712 W/ActivityManager(  631): Request to remove task ignored for non-existent task 37
11-17 14:11:52.765 I/WindowManager(  631): Focus moving from Window{f8db235 u0 com.android.systemui} to null
11-17 14:11:52.861 W/ContextImpl( 1205): Calling a method in the system process without a qualified user: android.app.ContextImpl.sendBroadcast:1006 android.content.ContextWrapper.sendBroadcast:444 android.content.ContextWrapper.sendBroadcast:444 android.view.View.dispatchTouchEvent:12526 android.view.ViewGroup.dispatchTransformedTouchEvent:3077 
11-17 14:11:52.948 I/ActivityManager(  631): START u0 {cmp=com.tal.genie.launcher/com.tal.genie.setting.activity.PersonalActivity} from uid 1000
11-17 14:11:53.090 I/WindowManager(  631): Relayout Window{d6073e2 u0 com.example.myapplication2/com.example.myapplication2.MainActivity}: oldVis=4 newVis=0 focusMayChange = true
11-17 14:11:53.114 W/ContextImpl( 1205): Calling a method in the system process without a qualified user: android.app.ContextImpl.startService:1532 android.content.ContextWrapper.startService:664 android.content.ContextWrapper.startService:664 android.app.Activity.onPostResume:1391 androidx.fragment.app.FragmentActivity.onPostResume:446 
11-17 14:11:53.143 I/WindowManager(  631): Relayout Window{ab3e9e1 u0 com.tal.genie.launcher/com.tal.genie.setting.activity.PersonalActivity}: oldVis=4 newVis=0 focusMayChange = true
11-17 14:11:53.152 I/WindowManager(  631): Focus moving from null to Window{ab3e9e1 u0 com.tal.genie.launcher/com.tal.genie.setting.activity.PersonalActivity}
11-17 14:11:54.553 W/ContextImpl( 1205): Calling a method in the system process without a qualified user: android.app.ContextImpl.sendBroadcast:1006 android.content.ContextWrapper.sendBroadcast:444 android.content.ContextWrapper.sendBroadcast:444 android.view.View.dispatchTouchEvent:12526 android.view.ViewGroup.dispatchTransformedTouchEvent:3077 
11-17 14:11:55.735 W/WindowManager(  631): removeWindowToken: Attempted to remove non-existing token: android.os.Binder@95a237c
11-17 14:11:56.195 I/WindowManager(  631): Focus moving from Window{ab3e9e1 u0 com.tal.genie.launcher/com.tal.genie.setting.activity.PersonalActivity} to null
11-17 14:11:56.204 W/ContextImpl( 1205): Calling a method in the system process without a qualified user: android.app.ContextImpl.startService:1532 android.content.ContextWrapper.startService:664 android.content.ContextWrapper.startService:664 android.app.Activity.onPostResume:1391 androidx.fragment.app.FragmentActivity.onPostResume:446 
11-17 14:11:56.209 I/WindowManager(  631): Relayout Window{9217e74 u0 com.tal.genie.launcher/com.tal.genie.setting.activity.SettingActivity}: oldVis=8 newVis=0 focusMayChange = true
11-17 14:11:56.215 I/WindowManager(  631): Focus moving from null to Window{9217e74 u0 com.tal.genie.launcher/com.tal.genie.setting.activity.SettingActivity}
11-17 14:11:56.734 E/storaged(  472): getDiskStats failed with result NOT_SUPPORTED and size 0
11-17 14:11:57.989 W/ContextImpl( 1205): Calling a method in the system process without a qualified user: android.app.ContextImpl.sendBroadcast:1006 android.content.ContextWrapper.sendBroadcast:444 android.content.ContextWrapper.sendBroadcast:444 android.view.View.dispatchTouchEvent:12526 android.view.ViewGroup.dispatchTransformedTouchEvent:3077 
11-17 14:11:58.514 W/ContextImpl( 1205): Calling a method in the system process without a qualified user: android.app.ContextImpl.startService:1532 android.content.ContextWrapper.startService:664 android.content.ContextWrapper.startService:664 com.android.internal.policy.DecorView.dispatchTouchEvent:418 android.view.View.dispatchPointerEvent:12808 
11-17 14:11:59.232 I/chatty  ( 1205): uid=1000(system) com.tal.genie.launcher identical 2 lines
11-17 14:11:59.268 W/ContextImpl( 1205): Calling a method in the system process without a qualified user: android.app.ContextImpl.startService:1532 android.content.ContextWrapper.startService:664 android.content.ContextWrapper.startService:664 com.android.internal.policy.DecorView.dispatchTouchEvent:418 android.view.View.dispatchPointerEvent:12808 
11-17 14:11:59.316 I/WindowManager(  631): Focus moving from Window{9217e74 u0 com.tal.genie.launcher/com.tal.genie.setting.activity.SettingActivity} to Window{6398fbb u0 com.android.systemui}
11-17 14:11:59.321 W/ContextImpl( 1205): Calling a method in the system process without a qualified user: android.app.ContextImpl.startService:1532 android.content.ContextWrapper.startService:664 android.content.ContextWrapper.startService:664 com.android.internal.policy.DecorView.dispatchTouchEvent:418 android.view.View.dispatchPointerEvent:12808 
11-17 14:11:59.325 I/WindowManager(  631): Focus moving from Window{6398fbb u0 com.android.systemui} to Window{1931b16 u0 com.android.systemui}
11-17 14:11:59.339 W/ContextImpl( 1205): Calling a method in the system process without a qualified user: android.app.ContextImpl.startService:1532 android.content.ContextWrapper.startService:664 android.content.ContextWrapper.startService:664 com.android.internal.policy.DecorView.dispatchTouchEvent:418 android.view.View.dispatchPointerEvent:12808 
11-17 14:11:59.374 I/chatty  ( 1205): uid=1000(system) com.tal.genie.launcher identical 2 lines
11-17 14:11:59.392 W/ContextImpl( 1205): Calling a method in the system process without a qualified user: android.app.ContextImpl.startService:1532 android.content.ContextWrapper.startService:664 android.content.ContextWrapper.startService:664 com.android.internal.policy.DecorView.dispatchTouchEvent:418 android.view.View.dispatchPointerEvent:12808 
11-17 14:11:59.403 I/WindowManager(  631): Losing delayed focus: Window{9217e74 u0 com.tal.genie.launcher/com.tal.genie.setting.activity.SettingActivity}
11-17 14:11:59.403 I/WindowManager(  631): Losing delayed focus: Window{6398fbb u0 com.android.systemui}
11-17 14:11:59.406 W/ContextImpl( 1205): Calling a method in the system process without a qualified user: android.app.ContextImpl.startService:1532 android.content.ContextWrapper.startService:664 android.content.ContextWrapper.startService:664 com.android.internal.policy.DecorView.dispatchTouchEvent:418 android.view.View.dispatchPointerEvent:12808 
11-17 14:11:59.410 W/ContextImpl( 1205): Calling a method in the system process without a qualified user: android.app.ContextImpl.startService:1532 android.content.ContextWrapper.startService:664 android.content.ContextWrapper.startService:664 com.android.internal.policy.DecorView.dispatchTouchEvent:418 android.view.View.dispatchPointerEvent:12808 
11-17 14:12:00.022 W/ContextImpl( 1205): Calling a method in the system process without a qualified user: android.app.ContextImpl.sendBroadcast:1006 android.content.ContextWrapper.sendBroadcast:444 com.tal.genie.launcher.service.TimeTickListener.sendOTASilentBroadcast:62 com.tal.genie.launcher.service.TimeTickListener.onTimeTickReceived:31 com.tal.genie.base_receiver.time.TimeTickManager.onTimeTickReceived:80 
11-17 14:12:02.422 I/ActivityManager(  631): START u0 {flg=0x30000000 cmp=com.example.myapplication2/.MainActivity} from uid 10023
11-17 14:12:02.465 I/WindowManager(  631): Relayout Window{d6073e2 u0 com.example.myapplication2/com.example.myapplication2.MainActivity}: oldVis=4 newVis=0 focusMayChange = true
11-17 14:12:02.475 I/WindowManager(  631): Focus moving from Window{1931b16 u0 com.android.systemui} to Window{d6073e2 u0 com.example.myapplication2/com.example.myapplication2.MainActivity}
11-17 14:12:02.577 I/WindowManager(  631): Losing delayed focus: Window{1931b16 u0 com.android.systemui}
11-17 14:12:06.221 W/NotificationService(  631): Toast already killed. pkg=com.example.myapplication2 callback=android.app.ITransientNotification$Stub$Proxy@8677767
11-17 14:12:07.966 I/WindowManager(  631): Focus moving from Window{d6073e2 u0 com.example.myapplication2/com.example.myapplication2.MainActivity} to Window{7ea2303 u0 com.example.myapplication2/com.example.myapplication2.MainActivity}
11-17 14:12:08.131 I/WindowManager(  631): Losing delayed focus: Window{d6073e2 u0 com.example.myapplication2/com.example.myapplication2.MainActivity}
11-17 14:12:08.202 I/WindowManager(  631): Relayout Window{ade2d8c u0 InputMethod}: oldVis=8 newVis=0 focusMayChange = true
11-17 14:12:11.387 I/WindowManager(  631): Focus moving from Window{7ea2303 u0 com.example.myapplication2/com.example.myapplication2.MainActivity EXITING} to Window{d6073e2 u0 com.example.myapplication2/com.example.myapplication2.MainActivity}
11-17 14:12:12.857 I/WindowManager(  631): Focus moving from Window{d6073e2 u0 com.example.myapplication2/com.example.myapplication2.MainActivity} to Window{419af0e u0 com.example.myapplication2/com.example.myapplication2.MainActivity}
11-17 14:12:13.052 I/WindowManager(  631): Losing delayed focus: Window{d6073e2 u0 com.example.myapplication2/com.example.myapplication2.MainActivity}
11-17 14:12:13.106 I/WindowManager(  631): Relayout Window{ade2d8c u0 InputMethod}: oldVis=8 newVis=0 focusMayChange = true
11-17 14:12:15.778 I/ActivityManager(  631): START u0 {cmp=com.example.myapplication2/.PWDActivity} from uid 10026
11-17 14:12:15.778 I/WindowManager(  631): Focus moving from Window{419af0e u0 com.example.myapplication2/com.example.myapplication2.MainActivity EXITING} to Window{d6073e2 u0 com.example.myapplication2/com.example.myapplication2.MainActivity}
11-17 14:12:15.801 I/WindowManager(  631): Focus moving from Window{d6073e2 u0 com.example.myapplication2/com.example.myapplication2.MainActivity} to null
11-17 14:12:16.032 I/WindowManager(  631): Relayout Window{e2efb46 u0 com.example.myapplication2/com.example.myapplication2.PWDActivity}: oldVis=4 newVis=0 focusMayChange = true
11-17 14:12:16.038 I/WindowManager(  631): Focus moving from null to Window{e2efb46 u0 com.example.myapplication2/com.example.myapplication2.PWDActivity}
11-17 14:12:17.095 I/ActivityManager(  631): START u0 {cmp=com.android.settings/.Settings} from uid 10026
11-17 14:12:17.148 W/WindowManager(  631): Attempted to add application window with unknown token Token{f05b4bc ActivityRecord{a7c88af u0 com.android.settings/.Settings$PowerUsageSummaryActivity t-1 f}}.  Aborting.
11-17 14:12:17.165 I/ActivityManager(  631): Start proc 14869:com.android.settings/1000 for activity com.android.settings/.Settings
11-17 14:12:17.191 I/WindowManager(  631): Focus moving from Window{e2efb46 u0 com.example.myapplication2/com.example.myapplication2.PWDActivity} to null
11-17 14:12:17.217 W/WindowManager(  631): removeWindowToken: Attempted to remove non-existing token: android.os.Binder@756324c
11-17 14:12:17.463 W/ContextImpl(14869): Calling a method in the system process without a qualified user: android.app.ContextImpl.startService:1532 android.content.ContextWrapper.startService:664 android.app.Activity.onPostResume:1391 android.app.Activity.performResume:7344 android.app.ActivityThread.performResumeActivity:3807 
11-17 14:12:17.514 I/WindowManager(  631): Relayout Window{f1654b6 u0 com.android.settings/com.android.settings.Settings}: oldVis=4 newVis=0 focusMayChange = true
11-17 14:12:17.519 I/WindowManager(  631): Focus moving from null to Window{f1654b6 u0 com.android.settings/com.android.settings.Settings}
11-17 14:12:17.614 E/BatteryExternalStatsWorker(  631): no controller energy info supplied for wifi
11-17 14:12:17.614 E/BatteryExternalStatsWorker(  631): no controller energy info supplied for bluetooth
11-17 14:12:17.621 E/KernelCpuSpeedReader(  631): Failed to read cpu-freq: /sys/devices/system/cpu/cpu0/cpufreq/stats/time_in_state (No such file or directory)
11-17 14:12:17.624 W/BatteryExternalStatsWorker(  631): modem info is invalid: ModemActivityInfo{ mTimestamp=0 mSleepTimeMs=0 mIdleTimeMs=0 mTxTimeMs[]=[0, 0, 0, 0, 0] mRxTimeMs=0 mEnergyUsed=0}
11-17 14:12:18.454 W/ContextImpl(14869): Calling a method in the system process without a qualified user: android.app.ContextImpl.sendBroadcast:1006 android.content.ContextWrapper.sendBroadcast:444 android.view.View.dispatchTouchEvent:12526 android.view.ViewGroup.dispatchTransformedTouchEvent:3077 android.view.ViewGroup.dispatchTouchEvent:2727 
11-17 14:12:20.801 W/ContextImpl(14869): Calling a method in the system process without a qualified user: android.app.ContextImpl.sendBroadcast:1006 android.content.ContextWrapper.sendBroadcast:444 android.view.View.dispatchTouchEvent:12526 android.view.ViewGroup.dispatchTransformedTouchEvent:3077 android.view.ViewGroup.dispatchTouchEvent:2727 
11-17 14:12:20.930 I/ActivityManager(  631): START u0 {flg=0x8000 cmp=com.android.settings/.Settings$DisplaySettingsActivity (has extras)} from uid 1000
11-17 14:12:20.945 I/WindowManager(  631): Focus moving from Window{f1654b6 u0 com.android.settings/com.android.settings.Settings} to null
11-17 14:12:21.076 E/UserRestrictionsUtils(  631): Unknown restriction: null
11-17 14:12:21.081 E/UserRestrictionsUtils(  631): Unknown restriction: null
11-17 14:12:21.171 W/ContextImpl(14869): Calling a method in the system process without a qualified user: android.app.ContextImpl.startService:1532 android.content.ContextWrapper.startService:664 android.app.Activity.onPostResume:1391 android.app.Activity.performResume:7344 android.app.ActivityThread.performResumeActivity:3807 
11-17 14:12:21.199 I/WindowManager(  631): Relayout Window{83a80c6 u0 com.android.settings/com.android.settings.Settings$DisplaySettingsActivity}: oldVis=4 newVis=0 focusMayChange = true
11-17 14:12:21.205 I/WindowManager(  631): Focus moving from null to Window{83a80c6 u0 com.android.settings/com.android.settings.Settings$DisplaySettingsActivity}
11-17 14:12:22.677 W/ContextImpl(14869): Calling a method in the system process without a qualified user: android.app.ContextImpl.sendBroadcast:1006 android.content.ContextWrapper.sendBroadcast:444 android.content.ContextWrapper.sendBroadcast:444 android.view.View.dispatchTouchEvent:12526 android.view.ViewGroup.dispatchTransformedTouchEvent:3083 
11-17 14:12:25.936 W/ContextImpl(14869): Calling a method in the system process without a qualified user: android.app.ContextImpl.sendBroadcast:1006 android.content.ContextWrapper.sendBroadcast:444 android.content.ContextWrapper.sendBroadcast:444 android.view.View.dispatchTouchEvent:12526 android.view.ViewGroup.dispatchTransformedTouchEvent:3077 
11-17 14:12:26.084 I/WindowManager(  631): Focus moving from Window{83a80c6 u0 com.android.settings/com.android.settings.Settings$DisplaySettingsActivity} to Window{3f1186f u0 com.android.settings/com.android.settings.Settings$DisplaySettingsActivity}
11-17 14:12:26.309 I/WindowManager(  631): Losing delayed focus: Window{83a80c6 u0 com.android.settings/com.android.settings.Settings$DisplaySettingsActivity}
11-17 14:12:31.194 W/ContextImpl(14869): Calling a method in the system process without a qualified user: android.app.ContextImpl.sendBroadcast:1006 android.content.ContextWrapper.sendBroadcast:444 android.content.ContextWrapper.sendBroadcast:444 android.view.View.dispatchTouchEvent:12526 android.view.ViewGroup.dispatchTransformedTouchEvent:3083 
11-17 14:12:33.366 W/ContextImpl(14869): Calling a method in the system process without a qualified user: android.app.ContextImpl.sendBroadcast:1006 android.content.ContextWrapper.sendBroadcast:444 android.content.ContextWrapper.sendBroadcast:444 android.view.View.dispatchTouchEvent:12526 android.view.ViewGroup.dispatchTransformedTouchEvent:3083 
11-17 14:12:33.502 I/WindowManager(  631): Focus moving from Window{3f1186f u0 com.android.settings/com.android.settings.Settings$DisplaySettingsActivity EXITING} to Window{83a80c6 u0 com.android.settings/com.android.settings.Settings$DisplaySettingsActivity}
11-17 14:12:35.012 W/ContextImpl(14869): Calling a method in the system process without a qualified user: android.app.ContextImpl.sendBroadcast:1006 android.content.ContextWrapper.sendBroadcast:444 android.content.ContextWrapper.sendBroadcast:444 android.view.View.dispatchTouchEvent:12526 android.view.ViewGroup.dispatchTransformedTouchEvent:3083 
11-17 14:12:35.140 I/WindowManager(  631): Focus moving from Window{83a80c6 u0 com.android.settings/com.android.settings.Settings$DisplaySettingsActivity} to null
11-17 14:12:35.167 W/ContextImpl(14869): Calling a method in the system process without a qualified user: android.app.ContextImpl.startService:1532 android.content.ContextWrapper.startService:664 android.app.Activity.onPostResume:1391 android.app.Activity.performResume:7344 android.app.ActivityThread.performResumeActivity:3807 
11-17 14:12:35.177 I/WindowManager(  631): Relayout Window{f1654b6 u0 com.android.settings/com.android.settings.Settings}: oldVis=8 newVis=0 focusMayChange = true
11-17 14:12:35.187 I/WindowManager(  631): Focus moving from null to Window{f1654b6 u0 com.android.settings/com.android.settings.Settings}
11-17 14:12:35.205 E/BatteryExternalStatsWorker(  631): no controller energy info supplied for wifi
11-17 14:12:35.205 E/BatteryExternalStatsWorker(  631): no controller energy info supplied for bluetooth
11-17 14:12:35.210 E/KernelCpuSpeedReader(  631): Failed to read cpu-freq: /sys/devices/system/cpu/cpu0/cpufreq/stats/time_in_state (No such file or directory)
11-17 14:12:35.212 W/BatteryExternalStatsWorker(  631): modem info is invalid: ModemActivityInfo{ mTimestamp=0 mSleepTimeMs=0 mIdleTimeMs=0 mTxTimeMs[]=[0, 0, 0, 0, 0] mRxTimeMs=0 mEnergyUsed=0}
11-17 14:12:36.205 W/ContextImpl(14869): Calling a method in the system process without a qualified user: android.app.ContextImpl.sendBroadcast:1006 android.content.ContextWrapper.sendBroadcast:444 android.view.View.dispatchTouchEvent:12526 android.view.ViewGroup.dispatchTransformedTouchEvent:3077 android.view.ViewGroup.dispatchTouchEvent:2727 
11-17 14:12:37.114 W/ContextImpl(14869): Calling a method in the system process without a qualified user: android.app.ContextImpl.startService:1532 android.content.ContextWrapper.startService:664 android.content.ContextWrapper.startService:664 com.android.internal.policy.DecorView.dispatchTouchEvent:418 android.view.View.dispatchPointerEvent:12808 
11-17 14:12:37.186 I/chatty  (14869): uid=1000(system) com.android.settings identical 3 lines
11-17 14:12:37.204 W/ContextImpl(14869): Calling a method in the system process without a qualified user: android.app.ContextImpl.startService:1532 android.content.ContextWrapper.startService:664 android.content.ContextWrapper.startService:664 com.android.internal.policy.DecorView.dispatchTouchEvent:418 android.view.View.dispatchPointerEvent:12808 
11-17 14:12:37.212 I/WindowManager(  631): Focus moving from Window{f1654b6 u0 com.android.settings/com.android.settings.Settings} to Window{817bee9 u0 com.android.systemui}
11-17 14:12:37.223 W/ContextImpl(14869): Calling a method in the system process without a qualified user: android.app.ContextImpl.startService:1532 android.content.ContextWrapper.startService:664 android.content.ContextWrapper.startService:664 com.android.internal.policy.DecorView.dispatchTouchEvent:418 android.view.View.dispatchPointerEvent:12808 
11-17 14:12:37.224 I/WindowManager(  631): Focus moving from Window{817bee9 u0 com.android.systemui} to Window{7c63e9c u0 com.android.systemui}
11-17 14:12:37.239 W/ContextImpl(14869): Calling a method in the system process without a qualified user: android.app.ContextImpl.startService:1532 android.content.ContextWrapper.startService:664 android.content.ContextWrapper.startService:664 com.android.internal.policy.DecorView.dispatchTouchEvent:418 android.view.View.dispatchPointerEvent:12808 
11-17 14:12:37.271 I/chatty  (14869): uid=1000(system) com.android.settings identical 2 lines
11-17 14:12:37.275 W/ContextImpl(14869): Calling a method in the system process without a qualified user: android.app.ContextImpl.startService:1532 android.content.ContextWrapper.startService:664 android.content.ContextWrapper.startService:664 com.android.internal.policy.DecorView.dispatchTouchEvent:418 android.view.View.dispatchPointerEvent:12808 
11-17 14:12:37.303 I/WindowManager(  631): Losing delayed focus: Window{f1654b6 u0 com.android.settings/com.android.settings.Settings}
11-17 14:12:37.304 I/WindowManager(  631): Losing delayed focus: Window{817bee9 u0 com.android.systemui}
11-17 14:12:39.039 W/ViewRootImpl[](  767): Dropping event due to root view being removed: MotionEvent { action=ACTION_UP, actionButton=0, id[0]=0, x[0]=228.68239, y[0]=445.72144, toolType[0]=TOOL_TYPE_FINGER, buttonState=0, metaState=0, flags=0x0, edgeFlags=0x0, pointerCount=1, historySize=0, eventTime=7978540, downTime=7978470, deviceId=1, source=0x1002 }
11-17 14:12:39.039 I/WindowManager(  631): Focus moving from Window{7c63e9c u0 com.android.systemui} to Window{f1654b6 u0 com.android.settings/com.android.settings.Settings}
11-17 14:12:39.095 W/ContextImpl(14869): Calling a method in the system process without a qualified user: android.app.ContextImpl.sendBroadcast:1006 android.content.ContextWrapper.sendBroadcast:444 android.view.View.dispatchTouchEvent:12526 android.view.ViewGroup.dispatchTransformedTouchEvent:3077 android.view.ViewGroup.dispatchTouchEvent:2727 
11-17 14:12:39.189 I/ActivityManager(  631): START u0 {flg=0x8000 cmp=com.android.settings/.Settings$PowerUsageSummaryActivity (has extras)} from uid 1000
11-17 14:12:39.210 I/WindowManager(  631): Focus moving from Window{f1654b6 u0 com.android.settings/com.android.settings.Settings} to null
11-17 14:12:39.301 W/ContextImpl(14869): Calling a method in the system process without a qualified user: android.app.ContextImpl.startService:1532 android.content.ContextWrapper.startService:664 android.app.Activity.onPostResume:1391 android.app.Activity.performResume:7344 android.app.ActivityThread.performResumeActivity:3807 
11-17 14:12:39.313 E/BatteryExternalStatsWorker(  631): no controller energy info supplied for wifi
11-17 14:12:39.313 E/BatteryExternalStatsWorker(  631): no controller energy info supplied for bluetooth
11-17 14:12:39.316 E/KernelCpuSpeedReader(  631): Failed to read cpu-freq: /sys/devices/system/cpu/cpu0/cpufreq/stats/time_in_state (No such file or directory)
11-17 14:12:39.319 W/BatteryExternalStatsWorker(  631): modem info is invalid: ModemActivityInfo{ mTimestamp=0 mSleepTimeMs=0 mIdleTimeMs=0 mTxTimeMs[]=[0, 0, 0, 0, 0] mRxTimeMs=0 mEnergyUsed=0}
11-17 14:12:39.326 I/WindowManager(  631): Relayout Window{f7d44ce u0 com.android.settings/com.android.settings.Settings$PowerUsageSummaryActivity}: oldVis=4 newVis=0 focusMayChange = true
11-17 14:12:39.337 E/BatteryExternalStatsWorker(  631): no controller energy info supplied for wifi
11-17 14:12:39.337 E/BatteryExternalStatsWorker(  631): no controller energy info supplied for bluetooth
11-17 14:12:39.338 I/WindowManager(  631): Focus moving from null to Window{f7d44ce u0 com.android.settings/com.android.settings.Settings$PowerUsageSummaryActivity}
11-17 14:12:39.339 E/KernelCpuSpeedReader(  631): Failed to read cpu-freq: /sys/devices/system/cpu/cpu0/cpufreq/stats/time_in_state (No such file or directory)
11-17 14:12:39.340 W/BatteryExternalStatsWorker(  631): modem info is invalid: ModemActivityInfo{ mTimestamp=0 mSleepTimeMs=0 mIdleTimeMs=0 mTxTimeMs[]=[0, 0, 0, 0, 0] mRxTimeMs=0 mEnergyUsed=0}
11-17 14:12:39.920 W/ContextImpl(14869): Calling a method in the system process without a qualified user: android.app.ContextImpl.startService:1532 android.content.ContextWrapper.startService:664 android.content.ContextWrapper.startService:664 com.android.internal.policy.DecorView.dispatchTouchEvent:418 android.view.View.dispatchPointerEvent:12808 
11-17 14:12:39.955 I/chatty  (14869): uid=1000(system) com.android.settings identical 1 line
11-17 14:12:39.990 W/ContextImpl(14869): Calling a method in the system process without a qualified user: android.app.ContextImpl.startService:1532 android.content.ContextWrapper.startService:664 android.content.ContextWrapper.startService:664 com.android.internal.policy.DecorView.dispatchTouchEvent:418 android.view.View.dispatchPointerEvent:12808 
11-17 14:12:40.003 I/WindowManager(  631): Focus moving from Window{f7d44ce u0 com.android.settings/com.android.settings.Settings$PowerUsageSummaryActivity} to Window{fbd69f5 u0 com.android.systemui}
11-17 14:12:40.007 W/ContextImpl(14869): Calling a method in the system process without a qualified user: android.app.ContextImpl.startService:1532 android.content.ContextWrapper.startService:664 android.content.ContextWrapper.startService:664 com.android.internal.policy.DecorView.dispatchTouchEvent:418 android.view.View.dispatchPointerEvent:12808 
11-17 14:12:40.013 I/WindowManager(  631): Focus moving from Window{fbd69f5 u0 com.android.systemui} to Window{e60fe18 u0 com.android.systemui}
11-17 14:12:40.026 W/ContextImpl(14869): Calling a method in the system process without a qualified user: android.app.ContextImpl.startService:1532 android.content.ContextWrapper.startService:664 android.content.ContextWrapper.startService:664 com.android.internal.policy.DecorView.dispatchTouchEvent:418 android.view.View.dispatchPointerEvent:12808 
11-17 14:12:40.043 I/chatty  (14869): uid=1000(system) com.android.settings identical 1 line
11-17 14:12:40.062 W/ContextImpl(14869): Calling a method in the system process without a qualified user: android.app.ContextImpl.startService:1532 android.content.ContextWrapper.startService:664 android.content.ContextWrapper.startService:664 com.android.internal.policy.DecorView.dispatchTouchEvent:418 android.view.View.dispatchPointerEvent:12808 
11-17 14:12:40.073 I/WindowManager(  631): Losing delayed focus: Window{f7d44ce u0 com.android.settings/com.android.settings.Settings$PowerUsageSummaryActivity}
11-17 14:12:40.073 I/WindowManager(  631): Losing delayed focus: Window{fbd69f5 u0 com.android.systemui}
11-17 14:12:40.078 W/ContextImpl(14869): Calling a method in the system process without a qualified user: android.app.ContextImpl.startService:1532 android.content.ContextWrapper.startService:664 android.content.ContextWrapper.startService:664 com.android.internal.policy.DecorView.dispatchTouchEvent:418 android.view.View.dispatchPointerEvent:12808 
11-17 14:12:40.110 I/chatty  (14869): uid=1000(system) com.android.settings identical 2 lines
11-17 14:12:40.112 W/ContextImpl(14869): Calling a method in the system process without a qualified user: android.app.ContextImpl.startService:1532 android.content.ContextWrapper.startService:664 android.content.ContextWrapper.startService:664 com.android.internal.policy.DecorView.dispatchTouchEvent:418 android.view.View.dispatchPointerEvent:12808 
11-17 14:12:41.445 I/WindowManager(  631): Focus moving from Window{e60fe18 u0 com.android.systemui} to Window{f7d44ce u0 com.android.settings/com.android.settings.Settings$PowerUsageSummaryActivity}
11-17 14:12:41.458 W/ViewRootImpl[](  767): Dropping event due to root view being removed: MotionEvent { action=ACTION_UP, actionButton=0, id[0]=0, x[0]=218.69626, y[0]=474.7033, toolType[0]=TOOL_TYPE_FINGER, buttonState=0, metaState=0, flags=0x0, edgeFlags=0x0, pointerCount=1, historySize=0, eventTime=7980957, downTime=7980870, deviceId=1, source=0x1002 }
11-17 14:12:41.513 W/ContextImpl(14869): Calling a method in the system process without a qualified user: android.app.ContextImpl.sendBroadcast:1006 android.content.ContextWrapper.sendBroadcast:444 android.content.ContextWrapper.sendBroadcast:444 android.view.View.dispatchTouchEvent:12526 android.view.ViewGroup.dispatchTransformedTouchEvent:3077 
11-17 14:12:41.642 I/WindowManager(  631): Focus moving from Window{f7d44ce u0 com.android.settings/com.android.settings.Settings$PowerUsageSummaryActivity} to Window{4116906 u0 com.android.settings/com.android.settings.Settings$PowerUsageSummaryActivity}
11-17 14:12:41.729 I/WindowManager(  631): Losing delayed focus: Window{f7d44ce u0 com.android.settings/com.android.settings.Settings$PowerUsageSummaryActivity}
11-17 14:12:44.790 W/ContextImpl(14869): Calling a method in the system process without a qualified user: android.app.ContextImpl.sendBroadcast:1006 android.content.ContextWrapper.sendBroadcast:444 android.content.ContextWrapper.sendBroadcast:444 android.view.View.dispatchTouchEvent:12526 android.view.ViewGroup.dispatchTransformedTouchEvent:3083 
11-17 14:12:44.943 I/WindowManager(  631): Focus moving from Window{4116906 u0 com.android.settings/com.android.settings.Settings$PowerUsageSummaryActivity EXITING} to Window{f7d44ce u0 com.android.settings/com.android.settings.Settings$PowerUsageSummaryActivity}
11-17 14:12:45.875 W/ContextImpl(14869): Calling a method in the system process without a qualified user: android.app.ContextImpl.startService:1532 android.content.ContextWrapper.startService:664 android.content.ContextWrapper.startService:664 com.android.internal.policy.DecorView.dispatchTouchEvent:418 android.view.View.dispatchPointerEvent:12808 
11-17 14:12:45.949 I/chatty  (14869): uid=1000(system) com.android.settings identical 3 lines
11-17 14:12:45.965 W/ContextImpl(14869): Calling a method in the system process without a qualified user: android.app.ContextImpl.startService:1532 android.content.ContextWrapper.startService:664 android.content.ContextWrapper.startService:664 com.android.internal.policy.DecorView.dispatchTouchEvent:418 android.view.View.dispatchPointerEvent:12808 
11-17 14:12:45.972 I/WindowManager(  631): Focus moving from Window{f7d44ce u0 com.android.settings/com.android.settings.Settings$PowerUsageSummaryActivity} to Window{e39e266 u0 com.android.systemui}
11-17 14:12:45.983 I/WindowManager(  631): Focus moving from Window{e39e266 u0 com.android.systemui} to Window{40221fd u0 com.android.systemui}
11-17 14:12:45.984 W/ContextImpl(14869): Calling a method in the system process without a qualified user: android.app.ContextImpl.startService:1532 android.content.ContextWrapper.startService:664 android.content.ContextWrapper.startService:664 com.android.internal.policy.DecorView.dispatchTouchEvent:418 android.view.View.dispatchPointerEvent:12808 
11-17 14:12:46.049 I/chatty  (14869): uid=1000(system) com.android.settings identical 4 lines
11-17 14:12:46.051 W/ContextImpl(14869): Calling a method in the system process without a qualified user: android.app.ContextImpl.startService:1532 android.content.ContextWrapper.startService:664 android.content.ContextWrapper.startService:664 com.android.internal.policy.DecorView.dispatchTouchEvent:418 android.view.View.dispatchPointerEvent:12808 
11-17 14:12:46.074 I/WindowManager(  631): Losing delayed focus: Window{f7d44ce u0 com.android.settings/com.android.settings.Settings$PowerUsageSummaryActivity}
11-17 14:12:46.074 I/WindowManager(  631): Losing delayed focus: Window{e39e266 u0 com.android.systemui}
11-17 14:12:56.735 E/storaged(  472): getDiskStats failed with result NOT_SUPPORTED and size 0
11-17 14:13:00.022 W/ContextImpl( 1205): Calling a method in the system process without a qualified user: android.app.ContextImpl.sendBroadcast:1006 android.content.ContextWrapper.sendBroadcast:444 com.tal.genie.launcher.service.TimeTickListener.sendOTASilentBroadcast:62 com.tal.genie.launcher.service.TimeTickListener.onTimeTickReceived:31 com.tal.genie.base_receiver.time.TimeTickManager.onTimeTickReceived:80 
11-17 14:13:56.736 E/storaged(  472): getDiskStats failed with result NOT_SUPPORTED and size 0
11-17 14:14:00.019 W/ContextImpl( 1205): Calling a method in the system process without a qualified user: android.app.ContextImpl.sendBroadcast:1006 android.content.ContextWrapper.sendBroadcast:444 com.tal.genie.launcher.service.TimeTickListener.sendOTASilentBroadcast:62 com.tal.genie.launcher.service.TimeTickListener.onTimeTickReceived:31 com.tal.genie.base_receiver.time.TimeTickManager.onTimeTickReceived:80 
11-17 14:14:33.038 I/WindowManager(  631): Focus moving from Window{40221fd u0 com.android.systemui} to Window{f7d44ce u0 com.android.settings/com.android.settings.Settings$PowerUsageSummaryActivity}
11-17 14:14:34.076 W/ContextImpl(14869): Calling a method in the system process without a qualified user: android.app.ContextImpl.sendBroadcast:1006 android.content.ContextWrapper.sendBroadcast:444 android.content.ContextWrapper.sendBroadcast:444 android.view.View.dispatchTouchEvent:12526 android.view.ViewGroup.dispatchTransformedTouchEvent:3083 
11-17 14:14:34.198 I/WindowManager(  631): Focus moving from Window{f7d44ce u0 com.android.settings/com.android.settings.Settings$PowerUsageSummaryActivity} to null
11-17 14:14:34.217 W/ContextImpl(14869): Calling a method in the system process without a qualified user: android.app.ContextImpl.startService:1532 android.content.ContextWrapper.startService:664 android.app.Activity.onPostResume:1391 android.app.Activity.performResume:7344 android.app.ActivityThread.performResumeActivity:3807 
11-17 14:14:34.225 I/WindowManager(  631): Relayout Window{f1654b6 u0 com.android.settings/com.android.settings.Settings}: oldVis=8 newVis=0 focusMayChange = true
11-17 14:14:34.230 I/WindowManager(  631): Focus moving from null to Window{f1654b6 u0 com.android.settings/com.android.settings.Settings}
11-17 14:14:34.235 E/BatteryExternalStatsWorker(  631): no controller energy info supplied for wifi
11-17 14:14:34.235 E/BatteryExternalStatsWorker(  631): no controller energy info supplied for bluetooth
11-17 14:14:34.239 E/KernelCpuSpeedReader(  631): Failed to read cpu-freq: /sys/devices/system/cpu/cpu0/cpufreq/stats/time_in_state (No such file or directory)
11-17 14:14:34.241 W/BatteryExternalStatsWorker(  631): modem info is invalid: ModemActivityInfo{ mTimestamp=0 mSleepTimeMs=0 mIdleTimeMs=0 mTxTimeMs[]=[0, 0, 0, 0, 0] mRxTimeMs=0 mEnergyUsed=0}
11-17 14:14:34.934 W/ContextImpl(14869): Calling a method in the system process without a qualified user: android.app.ContextImpl.startService:1532 android.content.ContextWrapper.startService:664 android.content.ContextWrapper.startService:664 com.android.internal.policy.DecorView.dispatchTouchEvent:418 android.view.View.dispatchPointerEvent:12808 
11-17 14:14:35.024 I/chatty  (14869): uid=1000(system) com.android.settings identical 4 lines
11-17 14:14:35.041 W/ContextImpl(14869): Calling a method in the system process without a qualified user: android.app.ContextImpl.startService:1532 android.content.ContextWrapper.startService:664 android.content.ContextWrapper.startService:664 com.android.internal.policy.DecorView.dispatchTouchEvent:418 android.view.View.dispatchPointerEvent:12808 
11-17 14:14:35.048 I/WindowManager(  631): Focus moving from Window{f1654b6 u0 com.android.settings/com.android.settings.Settings} to Window{71e332a u0 com.android.systemui}
11-17 14:14:35.059 W/ContextImpl(14869): Calling a method in the system process without a qualified user: android.app.ContextImpl.startService:1532 android.content.ContextWrapper.startService:664 android.content.ContextWrapper.startService:664 com.android.internal.policy.DecorView.dispatchTouchEvent:418 android.view.View.dispatchPointerEvent:12808 
11-17 14:14:35.062 I/WindowManager(  631): Focus moving from Window{71e332a u0 com.android.systemui} to Window{8732c91 u0 com.android.systemui}
11-17 14:14:35.077 W/ContextImpl(14869): Calling a method in the system process without a qualified user: android.app.ContextImpl.startService:1532 android.content.ContextWrapper.startService:664 android.content.ContextWrapper.startService:664 com.android.internal.policy.DecorView.dispatchTouchEvent:418 android.view.View.dispatchPointerEvent:12808 
11-17 14:14:35.090 I/chatty  (14869): uid=1000(system) com.android.settings identical 1 line
11-17 14:14:35.093 W/ContextImpl(14869): Calling a method in the system process without a qualified user: android.app.ContextImpl.startService:1532 android.content.ContextWrapper.startService:664 android.content.ContextWrapper.startService:664 com.android.internal.policy.DecorView.dispatchTouchEvent:418 android.view.View.dispatchPointerEvent:12808 
11-17 14:14:35.169 I/WindowManager(  631): Losing delayed focus: Window{f1654b6 u0 com.android.settings/com.android.settings.Settings}
11-17 14:14:35.170 I/WindowManager(  631): Losing delayed focus: Window{71e332a u0 com.android.systemui}
11-17 14:14:38.237 E/======  (  767): onReceive AudioManager.VOLUME_CHANGED_ACTION message will call volume tip.
11-17 14:14:38.317 I/chatty  (  767): uid=10023(com.android.systemui) identical 8 lines
11-17 14:14:38.333 E/======  (  767): onReceive AudioManager.VOLUME_CHANGED_ACTION message will call volume tip.
11-17 14:14:38.723 I/WindowManager(  631): Focus moving from Window{8732c91 u0 com.android.systemui} to Window{f1654b6 u0 com.android.settings/com.android.settings.Settings}
11-17 14:14:38.732 W/ViewRootImpl[](  767): Dropping event due to root view being removed: MotionEvent { action=ACTION_UP, actionButton=0, id[0]=0, x[0]=173.75867, y[0]=518.67584, toolType[0]=TOOL_TYPE_FINGER, buttonState=0, metaState=0, flags=0x0, edgeFlags=0x0, pointerCount=1, historySize=0, eventTime=8098234, downTime=8098164, deviceId=1, source=0x1002 }
11-17 14:14:38.790 W/ContextImpl(14869): Calling a method in the system process without a qualified user: android.app.ContextImpl.sendBroadcast:1006 android.content.ContextWrapper.sendBroadcast:444 android.view.View.dispatchTouchEvent:12526 android.view.ViewGroup.dispatchTransformedTouchEvent:3083 android.view.ViewGroup.dispatchTouchEvent:2684 
11-17 14:14:38.884 I/ActivityManager(  631): START u0 {flg=0x8000 cmp=com.android.settings/.Settings$DisplaySettingsActivity (has extras)} from uid 1000
11-17 14:14:38.902 I/WindowManager(  631): Focus moving from Window{f1654b6 u0 com.android.settings/com.android.settings.Settings} to null
11-17 14:14:38.956 E/UserRestrictionsUtils(  631): Unknown restriction: null
11-17 14:14:38.957 E/UserRestrictionsUtils(  631): Unknown restriction: null
11-17 14:14:39.020 W/ContextImpl(14869): Calling a method in the system process without a qualified user: android.app.ContextImpl.startService:1532 android.content.ContextWrapper.startService:664 android.app.Activity.onPostResume:1391 android.app.Activity.performResume:7344 android.app.ActivityThread.performResumeActivity:3807 
11-17 14:14:39.036 I/WindowManager(  631): Relayout Window{e2890f5 u0 com.android.settings/com.android.settings.Settings$DisplaySettingsActivity}: oldVis=4 newVis=0 focusMayChange = true
11-17 14:14:39.044 I/WindowManager(  631): Focus moving from null to Window{e2890f5 u0 com.android.settings/com.android.settings.Settings$DisplaySettingsActivity}
11-17 14:14:39.082 I/ActivityManager(  631): START u0 {flg=0x8000 cmp=com.android.settings/.Settings$DisplaySettingsActivity (has extras)} from uid 1000
11-17 14:14:39.135 I/WindowManager(  631): Focus moving from Window{e2890f5 u0 com.android.settings/com.android.settings.Settings$DisplaySettingsActivity} to null
11-17 14:14:39.190 E/UserRestrictionsUtils(  631): Unknown restriction: null
11-17 14:14:39.191 E/UserRestrictionsUtils(  631): Unknown restriction: null
11-17 14:14:39.257 W/ContextImpl(14869): Calling a method in the system process without a qualified user: android.app.ContextImpl.startService:1532 android.content.ContextWrapper.startService:664 android.app.Activity.onPostResume:1391 android.app.Activity.performResume:7344 android.app.ActivityThread.performResumeActivity:3807 
11-17 14:14:39.272 I/WindowManager(  631): Relayout Window{c8ded2e u0 com.android.settings/com.android.settings.Settings$DisplaySettingsActivity}: oldVis=4 newVis=0 focusMayChange = true
11-17 14:14:39.278 I/WindowManager(  631): Focus moving from null to Window{c8ded2e u0 com.android.settings/com.android.settings.Settings$DisplaySettingsActivity}
11-17 14:14:40.104 W/ContextImpl(14869): Calling a method in the system process without a qualified user: android.app.ContextImpl.startService:1532 android.content.ContextWrapper.startService:664 android.content.ContextWrapper.startService:664 com.android.internal.policy.DecorView.dispatchTouchEvent:418 android.view.View.dispatchPointerEvent:12808 
11-17 14:14:40.193 I/chatty  (14869): uid=1000(system) com.android.settings identical 3 lines
