11-30 11:42:39.021 W/ContextImpl( 1236): Calling a method in the system process without a qualified user: android.app.ContextImpl.startActivity:900 android.app.ContextImpl.startActivity:889 android.content.ContextWrapper.startActivity:379 com.tal.genie.lockscreen.receiver.LockScreenReceiver.lockScreen:115 com.tal.genie.lockscreen.receiver.LockScreenReceiver.onReceive:49 
11-30 11:42:39.022 I/ActivityManager(  636): START u0 {flg=0x10800000 cmp=com.tal.genie.launcher/com.tal.genie.lockscreen.activity.LockScreenActivity} from uid 1000
11-30 11:42:39.046 I/WindowManager(  636): Focus moving from Window{768233c u0 com.android.settings/com.android.settings.Settings} to null
11-30 11:42:39.048 W/ContextImpl( 1236): Calling a method in the system process without a qualified user: android.app.ContextImpl.sendBroadcast:1006 android.content.ContextWrapper.sendBroadcast:444 com.tal.genie.lockscreen.utils.PushNotificationDialogManager.sendPushNotificationStatus:54 com.tal.genie.lockscreen.utils.PushNotificationDialogManager.sendPushNotificationShow:23 com.tal.genie.lockscreen.receiver.LockScreenReceiver.lockScreen:120 
11-30 11:42:39.140 W/ContextImpl( 1236): Calling a method in the system process without a qualified user: android.app.ContextImpl.sendBroadcast:1006 android.content.ContextWrapper.sendBroadcast:444 android.content.ContextWrapper.sendBroadcast:444 com.tal.genie.lockscreen.receiver.LockScreenReceiver.sendBroadCastToVoice:180 com.tal.genie.lockscreen.activity.LockScreenActivity.onTimeTickReceived:156 
11-30 11:42:39.151 W/ContextImpl( 1236): Calling a method in the system process without a qualified user: android.app.ContextImpl.startForegroundService:1538 android.content.ContextWrapper.startForegroundService:669 android.content.ContextWrapper.startForegroundService:669 com.tal.genie.lockscreen.activity.LockScreenActivity.initSevice:84 com.tal.genie.lockscreen.activity.LockScreenActivity.onCreate:77 
11-30 11:42:39.173 W/ContextImpl( 1236): Calling a method in the system process without a qualified user: android.app.ContextImpl.startService:1532 android.content.ContextWrapper.startService:664 android.content.ContextWrapper.startService:664 android.app.Activity.onEnterAnimationComplete:6662 android.app.Activity.dispatchEnterAnimationComplete:6673 
11-30 11:42:39.174 W/ContextImpl( 1236): Calling a method in the system process without a qualified user: android.app.ContextImpl.startService:1532 android.content.ContextWrapper.startService:664 android.content.ContextWrapper.startService:664 android.app.Activity.onEnterAnimationComplete:6662 android.app.Activity.dispatchEnterAnimationComplete:6673 
11-30 11:42:39.189 I/WindowManager(  636): Relayout Window{8bf1a10 u0 com.tal.genie.launcher/com.tal.genie.lockscreen.activity.LockScreenActivity}: oldVis=4 newVis=0 focusMayChange = true
11-30 11:42:39.195 I/WindowManager(  636): Focus moving from null to Window{8bf1a10 u0 com.tal.genie.launcher/com.tal.genie.lockscreen.activity.LockScreenActivity}
11-30 11:43:00.017 W/ContextImpl( 1236): Calling a method in the system process without a qualified user: android.app.ContextImpl.sendBroadcast:1006 android.content.ContextWrapper.sendBroadcast:444 android.content.ContextWrapper.sendBroadcast:444 com.tal.genie.lockscreen.receiver.LockScreenReceiver.sendBroadCastToVoice:180 com.tal.genie.lockscreen.activity.LockScreenActivity.onTimeTickReceived:156 
11-30 11:43:00.038 W/ContextImpl( 1236): Calling a method in the system process without a qualified user: android.app.ContextImpl.sendBroadcast:1006 android.content.ContextWrapper.sendBroadcast:444 com.tal.genie.launcher.service.TimeTickListener.sendOTASilentBroadcast:62 com.tal.genie.launcher.service.TimeTickListener.onTimeTickReceived:31 com.tal.genie.base_receiver.time.TimeTickManager.onTimeTickReceived:80 
11-30 11:43:00.048 W/ContextImpl( 1236): Calling a method in the system process without a qualified user: android.app.ContextImpl.sendBroadcast:1006 android.content.ContextWrapper.sendBroadcast:444 com.tal.genie.service_controldata.EyesProtectManager.sendEyesProtectorBroadcast:362 com.tal.genie.service_controldata.EyesProtectManager.eyesProtectDetector:135 com.tal.genie.launcher.service.TimeTickListener.onTimeTickReceived:34 
11-30 11:43:00.064 W/ContextImpl( 1236): Calling a method in the system process without a qualified user: android.app.ContextImpl.sendBroadcast:1006 android.content.ContextWrapper.sendBroadcast:444 com.tal.genie.lockscreen.receiver.LockScreenReceiver.sendBroadCastToVoice:180 com.tal.genie.lockscreen.receiver.LockScreenReceiver.onReceive:67 android.app.LoadedApk$ReceiverDispatcher$Args.lambda$getRunnable$0:1391 
11-30 11:43:00.620 E/storaged(  456): getDiskStats failed with result NOT_SUPPORTED and size 0
11-30 11:44:00.019 W/ContextImpl( 1236): Calling a method in the system process without a qualified user: android.app.ContextImpl.sendBroadcast:1006 android.content.ContextWrapper.sendBroadcast:444 android.content.ContextWrapper.sendBroadcast:444 com.tal.genie.lockscreen.receiver.LockScreenReceiver.sendBroadCastToVoice:180 com.tal.genie.lockscreen.activity.LockScreenActivity.onTimeTickReceived:156 
11-30 11:44:00.034 W/ContextImpl( 1236): Calling a method in the system process without a qualified user: android.app.ContextImpl.sendBroadcast:1006 android.content.ContextWrapper.sendBroadcast:444 com.tal.genie.launcher.service.TimeTickListener.sendOTASilentBroadcast:62 com.tal.genie.launcher.service.TimeTickListener.onTimeTickReceived:31 com.tal.genie.base_receiver.time.TimeTickManager.onTimeTickReceived:80 
11-30 11:44:00.050 W/ContextImpl( 1236): Calling a method in the system process without a qualified user: android.app.ContextImpl.sendBroadcast:1006 android.content.ContextWrapper.sendBroadcast:444 com.tal.genie.service_controldata.EyesProtectManager.sendEyesProtectorBroadcast:362 com.tal.genie.service_controldata.EyesProtectManager.eyesProtectDetector:135 com.tal.genie.launcher.service.TimeTickListener.onTimeTickReceived:34 
11-30 11:44:00.063 W/ContextImpl( 1236): Calling a method in the system process without a qualified user: android.app.ContextImpl.sendBroadcast:1006 android.content.ContextWrapper.sendBroadcast:444 com.tal.genie.lockscreen.receiver.LockScreenReceiver.sendBroadCastToVoice:180 com.tal.genie.lockscreen.receiver.LockScreenReceiver.onReceive:67 android.app.LoadedApk$ReceiverDispatcher$Args.lambda$getRunnable$0:1391 
11-30 11:44:00.621 E/storaged(  456): getDiskStats failed with result NOT_SUPPORTED and size 0
11-30 11:45:00.017 W/ContextImpl( 1236): Calling a method in the system process without a qualified user: android.app.ContextImpl.sendBroadcast:1006 android.content.ContextWrapper.sendBroadcast:444 android.content.ContextWrapper.sendBroadcast:444 com.tal.genie.lockscreen.receiver.LockScreenReceiver.sendBroadCastToVoice:180 com.tal.genie.lockscreen.activity.LockScreenActivity.onTimeTickReceived:156 
11-30 11:45:00.036 W/ContextImpl( 1236): Calling a method in the system process without a qualified user: android.app.ContextImpl.sendBroadcast:1006 android.content.ContextWrapper.sendBroadcast:444 com.tal.genie.launcher.service.TimeTickListener.sendOTASilentBroadcast:62 com.tal.genie.launcher.service.TimeTickListener.onTimeTickReceived:31 com.tal.genie.base_receiver.time.TimeTickManager.onTimeTickReceived:80 
11-30 11:45:00.050 W/ContextImpl( 1236): Calling a method in the system process without a qualified user: android.app.ContextImpl.sendBroadcast:1006 android.content.ContextWrapper.sendBroadcast:444 com.tal.genie.service_controldata.EyesProtectManager.sendEyesProtectorBroadcast:362 com.tal.genie.service_controldata.EyesProtectManager.eyesProtectDetector:135 com.tal.genie.launcher.service.TimeTickListener.onTimeTickReceived:34 
11-30 11:45:00.063 W/ContextImpl( 1236): Calling a method in the system process without a qualified user: android.app.ContextImpl.sendBroadcast:1006 android.content.ContextWrapper.sendBroadcast:444 com.tal.genie.lockscreen.receiver.LockScreenReceiver.sendBroadCastToVoice:180 com.tal.genie.lockscreen.receiver.LockScreenReceiver.onReceive:67 android.app.LoadedApk$ReceiverDispatcher$Args.lambda$getRunnable$0:1391 
11-30 11:45:00.621 E/storaged(  456): getDiskStats failed with result NOT_SUPPORTED and size 0
11-30 11:46:00.014 W/ContextImpl( 1236): Calling a method in the system process without a qualified user: android.app.ContextImpl.sendBroadcast:1006 android.content.ContextWrapper.sendBroadcast:444 android.content.ContextWrapper.sendBroadcast:444 com.tal.genie.lockscreen.receiver.LockScreenReceiver.sendBroadCastToVoice:180 com.tal.genie.lockscreen.activity.LockScreenActivity.onTimeTickReceived:156 
11-30 11:46:00.031 W/ContextImpl( 1236): Calling a method in the system process without a qualified user: android.app.ContextImpl.sendBroadcast:1006 android.content.ContextWrapper.sendBroadcast:444 com.tal.genie.launcher.service.TimeTickListener.sendOTASilentBroadcast:62 com.tal.genie.launcher.service.TimeTickListener.onTimeTickReceived:31 com.tal.genie.base_receiver.time.TimeTickManager.onTimeTickReceived:80 
11-30 11:46:00.042 W/ContextImpl( 1236): Calling a method in the system process without a qualified user: android.app.ContextImpl.sendBroadcast:1006 android.content.ContextWrapper.sendBroadcast:444 com.tal.genie.service_controldata.EyesProtectManager.sendEyesProtectorBroadcast:362 com.tal.genie.service_controldata.EyesProtectManager.eyesProtectDetector:135 com.tal.genie.launcher.service.TimeTickListener.onTimeTickReceived:34 
11-30 11:46:00.056 W/ContextImpl( 1236): Calling a method in the system process without a qualified user: android.app.ContextImpl.sendBroadcast:1006 android.content.ContextWrapper.sendBroadcast:444 com.tal.genie.lockscreen.receiver.LockScreenReceiver.sendBroadCastToVoice:180 com.tal.genie.lockscreen.receiver.LockScreenReceiver.onReceive:67 android.app.LoadedApk$ReceiverDispatcher$Args.lambda$getRunnable$0:1391 
11-30 11:46:00.622 E/storaged(  456): getDiskStats failed with result NOT_SUPPORTED and size 0
11-30 11:47:00.016 W/ContextImpl( 1236): Calling a method in the system process without a qualified user: android.app.ContextImpl.sendBroadcast:1006 android.content.ContextWrapper.sendBroadcast:444 android.content.ContextWrapper.sendBroadcast:444 com.tal.genie.lockscreen.receiver.LockScreenReceiver.sendBroadCastToVoice:180 com.tal.genie.lockscreen.activity.LockScreenActivity.onTimeTickReceived:156 
11-30 11:47:00.043 W/ContextImpl( 1236): Calling a method in the system process without a qualified user: android.app.ContextImpl.sendBroadcast:1006 android.content.ContextWrapper.sendBroadcast:444 com.tal.genie.launcher.service.TimeTickListener.sendOTASilentBroadcast:62 com.tal.genie.launcher.service.TimeTickListener.onTimeTickReceived:31 com.tal.genie.base_receiver.time.TimeTickManager.onTimeTickReceived:80 
11-30 11:47:00.056 W/ContextImpl( 1236): Calling a method in the system process without a qualified user: android.app.ContextImpl.sendBroadcast:1006 android.content.ContextWrapper.sendBroadcast:444 com.tal.genie.service_controldata.EyesProtectManager.sendEyesProtectorBroadcast:362 com.tal.genie.service_controldata.EyesProtectManager.eyesProtectDetector:135 com.tal.genie.launcher.service.TimeTickListener.onTimeTickReceived:34 
11-30 11:47:00.076 W/ContextImpl( 1236): Calling a method in the system process without a qualified user: android.app.ContextImpl.sendBroadcast:1006 android.content.ContextWrapper.sendBroadcast:444 com.tal.genie.lockscreen.receiver.LockScreenReceiver.sendBroadCastToVoice:180 com.tal.genie.lockscreen.receiver.LockScreenReceiver.onReceive:67 android.app.LoadedApk$ReceiverDispatcher$Args.lambda$getRunnable$0:1391 
11-30 11:47:00.623 E/storaged(  456): getDiskStats failed with result NOT_SUPPORTED and size 0
11-30 11:48:00.014 W/ContextImpl( 1236): Calling a method in the system process without a qualified user: android.app.ContextImpl.sendBroadcast:1006 android.content.ContextWrapper.sendBroadcast:444 android.content.ContextWrapper.sendBroadcast:444 com.tal.genie.lockscreen.receiver.LockScreenReceiver.sendBroadCastToVoice:180 com.tal.genie.lockscreen.activity.LockScreenActivity.onTimeTickReceived:156 
11-30 11:48:00.031 W/ContextImpl( 1236): Calling a method in the system process without a qualified user: android.app.ContextImpl.sendBroadcast:1006 android.content.ContextWrapper.sendBroadcast:444 com.tal.genie.launcher.service.TimeTickListener.sendOTASilentBroadcast:62 com.tal.genie.launcher.service.TimeTickListener.onTimeTickReceived:31 com.tal.genie.base_receiver.time.TimeTickManager.onTimeTickReceived:80 
11-30 11:48:00.048 W/ContextImpl( 1236): Calling a method in the system process without a qualified user: android.app.ContextImpl.sendBroadcast:1006 android.content.ContextWrapper.sendBroadcast:444 com.tal.genie.service_controldata.EyesProtectManager.sendEyesProtectorBroadcast:362 com.tal.genie.service_controldata.EyesProtectManager.eyesProtectDetector:135 com.tal.genie.launcher.service.TimeTickListener.onTimeTickReceived:34 
11-30 11:48:00.062 W/ContextImpl( 1236): Calling a method in the system process without a qualified user: android.app.ContextImpl.sendBroadcast:1006 android.content.ContextWrapper.sendBroadcast:444 com.tal.genie.lockscreen.receiver.LockScreenReceiver.sendBroadCastToVoice:180 com.tal.genie.lockscreen.receiver.LockScreenReceiver.onReceive:67 android.app.LoadedApk$ReceiverDispatcher$Args.lambda$getRunnable$0:1391 
11-30 11:48:00.624 E/storaged(  456): getDiskStats failed with result NOT_SUPPORTED and size 0
11-30 11:48:01.276 I/UsageStatsService(  636): User[0] Flushing usage stats to disk
11-30 11:48:09.173 W/BroadcastQueue(  636): Background execution not allowed: receiving Intent { act=com.android.providers.media.ACTIVATE_MEDIAPROCESS flg=0x10 } to com.android.providers.media/.MtpReceiver
11-30 11:49:00.016 W/ContextImpl( 1236): Calling a method in the system process without a qualified user: android.app.ContextImpl.sendBroadcast:1006 android.content.ContextWrapper.sendBroadcast:444 android.content.ContextWrapper.sendBroadcast:444 com.tal.genie.lockscreen.receiver.LockScreenReceiver.sendBroadCastToVoice:180 com.tal.genie.lockscreen.activity.LockScreenActivity.onTimeTickReceived:156 
11-30 11:49:00.032 W/ContextImpl( 1236): Calling a method in the system process without a qualified user: android.app.ContextImpl.sendBroadcast:1006 android.content.ContextWrapper.sendBroadcast:444 com.tal.genie.launcher.service.TimeTickListener.sendOTASilentBroadcast:62 com.tal.genie.launcher.service.TimeTickListener.onTimeTickReceived:31 com.tal.genie.base_receiver.time.TimeTickManager.onTimeTickReceived:80 
11-30 11:49:00.048 W/ContextImpl( 1236): Calling a method in the system process without a qualified user: android.app.ContextImpl.sendBroadcast:1006 android.content.ContextWrapper.sendBroadcast:444 com.tal.genie.service_controldata.EyesProtectManager.sendEyesProtectorBroadcast:362 com.tal.genie.service_controldata.EyesProtectManager.eyesProtectDetector:135 com.tal.genie.launcher.service.TimeTickListener.onTimeTickReceived:34 
11-30 11:49:00.069 W/ContextImpl( 1236): Calling a method in the system process without a qualified user: android.app.ContextImpl.sendBroadcast:1006 android.content.ContextWrapper.sendBroadcast:444 com.tal.genie.lockscreen.receiver.LockScreenReceiver.sendBroadCastToVoice:180 com.tal.genie.lockscreen.receiver.LockScreenReceiver.onReceive:67 android.app.LoadedApk$ReceiverDispatcher$Args.lambda$getRunnable$0:1391 
11-30 11:49:00.625 E/storaged(  456): getDiskStats failed with result NOT_SUPPORTED and size 0
11-30 11:50:00.016 W/ContextImpl( 1236): Calling a method in the system process without a qualified user: android.app.ContextImpl.sendBroadcast:1006 android.content.ContextWrapper.sendBroadcast:444 android.content.ContextWrapper.sendBroadcast:444 com.tal.genie.lockscreen.receiver.LockScreenReceiver.sendBroadCastToVoice:180 com.tal.genie.lockscreen.activity.LockScreenActivity.onTimeTickReceived:156 
11-30 11:50:00.033 W/ContextImpl( 1236): Calling a method in the system process without a qualified user: android.app.ContextImpl.sendBroadcast:1006 android.content.ContextWrapper.sendBroadcast:444 com.tal.genie.launcher.service.TimeTickListener.sendOTASilentBroadcast:62 com.tal.genie.launcher.service.TimeTickListener.onTimeTickReceived:31 com.tal.genie.base_receiver.time.TimeTickManager.onTimeTickReceived:80 
11-30 11:50:00.046 W/ContextImpl( 1236): Calling a method in the system process without a qualified user: android.app.ContextImpl.sendBroadcast:1006 android.content.ContextWrapper.sendBroadcast:444 com.tal.genie.service_controldata.EyesProtectManager.sendEyesProtectorBroadcast:362 com.tal.genie.service_controldata.EyesProtectManager.eyesProtectDetector:135 com.tal.genie.launcher.service.TimeTickListener.onTimeTickReceived:34 
11-30 11:50:00.060 W/ContextImpl( 1236): Calling a method in the system process without a qualified user: android.app.ContextImpl.sendBroadcast:1006 android.content.ContextWrapper.sendBroadcast:444 com.tal.genie.lockscreen.receiver.LockScreenReceiver.sendBroadCastToVoice:180 com.tal.genie.lockscreen.receiver.LockScreenReceiver.onReceive:67 android.app.LoadedApk$ReceiverDispatcher$Args.lambda$getRunnable$0:1391 
11-30 11:50:00.626 E/storaged(  456): getDiskStats failed with result NOT_SUPPORTED and size 0
11-30 11:51:00.016 W/ContextImpl( 1236): Calling a method in the system process without a qualified user: android.app.ContextImpl.sendBroadcast:1006 android.content.ContextWrapper.sendBroadcast:444 android.content.ContextWrapper.sendBroadcast:444 com.tal.genie.lockscreen.receiver.LockScreenReceiver.sendBroadCastToVoice:180 com.tal.genie.lockscreen.activity.LockScreenActivity.onTimeTickReceived:156 
11-30 11:51:00.034 W/ContextImpl( 1236): Calling a method in the system process without a qualified user: android.app.ContextImpl.sendBroadcast:1006 android.content.ContextWrapper.sendBroadcast:444 com.tal.genie.launcher.service.TimeTickListener.sendOTASilentBroadcast:62 com.tal.genie.launcher.service.TimeTickListener.onTimeTickReceived:31 com.tal.genie.base_receiver.time.TimeTickManager.onTimeTickReceived:80 
11-30 11:51:00.051 W/ContextImpl( 1236): Calling a method in the system process without a qualified user: android.app.ContextImpl.sendBroadcast:1006 android.content.ContextWrapper.sendBroadcast:444 com.tal.genie.service_controldata.EyesProtectManager.sendEyesProtectorBroadcast:362 com.tal.genie.service_controldata.EyesProtectManager.eyesProtectDetector:135 com.tal.genie.launcher.service.TimeTickListener.onTimeTickReceived:34 
11-30 11:51:00.066 W/ContextImpl( 1236): Calling a method in the system process without a qualified user: android.app.ContextImpl.sendBroadcast:1006 android.content.ContextWrapper.sendBroadcast:444 com.tal.genie.lockscreen.receiver.LockScreenReceiver.sendBroadCastToVoice:180 com.tal.genie.lockscreen.receiver.LockScreenReceiver.onReceive:67 android.app.LoadedApk$ReceiverDispatcher$Args.lambda$getRunnable$0:1391 
11-30 11:51:00.627 E/storaged(  456): getDiskStats failed with result NOT_SUPPORTED and size 0
11-30 11:52:00.017 W/ContextImpl( 1236): Calling a method in the system process without a qualified user: android.app.ContextImpl.sendBroadcast:1006 android.content.ContextWrapper.sendBroadcast:444 android.content.ContextWrapper.sendBroadcast:444 com.tal.genie.lockscreen.receiver.LockScreenReceiver.sendBroadCastToVoice:180 com.tal.genie.lockscreen.activity.LockScreenActivity.onTimeTickReceived:156 
11-30 11:52:00.036 W/ContextImpl( 1236): Calling a method in the system process without a qualified user: android.app.ContextImpl.sendBroadcast:1006 android.content.ContextWrapper.sendBroadcast:444 com.tal.genie.launcher.service.TimeTickListener.sendOTASilentBroadcast:62 com.tal.genie.launcher.service.TimeTickListener.onTimeTickReceived:31 com.tal.genie.base_receiver.time.TimeTickManager.onTimeTickReceived:80 
11-30 11:52:00.048 W/ContextImpl( 1236): Calling a method in the system process without a qualified user: android.app.ContextImpl.sendBroadcast:1006 android.content.ContextWrapper.sendBroadcast:444 com.tal.genie.service_controldata.EyesProtectManager.sendEyesProtectorBroadcast:362 com.tal.genie.service_controldata.EyesProtectManager.eyesProtectDetector:135 com.tal.genie.launcher.service.TimeTickListener.onTimeTickReceived:34 
11-30 11:52:00.061 W/ContextImpl( 1236): Calling a method in the system process without a qualified user: android.app.ContextImpl.sendBroadcast:1006 android.content.ContextWrapper.sendBroadcast:444 com.tal.genie.lockscreen.receiver.LockScreenReceiver.sendBroadCastToVoice:180 com.tal.genie.lockscreen.receiver.LockScreenReceiver.onReceive:67 android.app.LoadedApk$ReceiverDispatcher$Args.lambda$getRunnable$0:1391 
11-30 11:52:00.628 E/storaged(  456): getDiskStats failed with result NOT_SUPPORTED and size 0
11-30 11:53:00.017 W/ContextImpl( 1236): Calling a method in the system process without a qualified user: android.app.ContextImpl.sendBroadcast:1006 android.content.ContextWrapper.sendBroadcast:444 android.content.ContextWrapper.sendBroadcast:444 com.tal.genie.lockscreen.receiver.LockScreenReceiver.sendBroadCastToVoice:180 com.tal.genie.lockscreen.activity.LockScreenActivity.onTimeTickReceived:156 
11-30 11:53:00.050 W/ContextImpl( 1236): Calling a method in the system process without a qualified user: android.app.ContextImpl.sendBroadcast:1006 android.content.ContextWrapper.sendBroadcast:444 com.tal.genie.launcher.service.TimeTickListener.sendOTASilentBroadcast:62 com.tal.genie.launcher.service.TimeTickListener.onTimeTickReceived:31 com.tal.genie.base_receiver.time.TimeTickManager.onTimeTickReceived:80 
11-30 11:53:00.060 W/ContextImpl( 1236): Calling a method in the system process without a qualified user: android.app.ContextImpl.sendBroadcast:1006 android.content.ContextWrapper.sendBroadcast:444 com.tal.genie.service_controldata.EyesProtectManager.sendEyesProtectorBroadcast:362 com.tal.genie.service_controldata.EyesProtectManager.eyesProtectDetector:135 com.tal.genie.launcher.service.TimeTickListener.onTimeTickReceived:34 
11-30 11:53:00.073 W/ContextImpl( 1236): Calling a method in the system process without a qualified user: android.app.ContextImpl.sendBroadcast:1006 android.content.ContextWrapper.sendBroadcast:444 com.tal.genie.lockscreen.receiver.LockScreenReceiver.sendBroadCastToVoice:180 com.tal.genie.lockscreen.receiver.LockScreenReceiver.onReceive:67 android.app.LoadedApk$ReceiverDispatcher$Args.lambda$getRunnable$0:1391 
11-30 11:53:00.629 E/storaged(  456): getDiskStats failed with result NOT_SUPPORTED and size 0
11-30 11:54:00.019 W/ContextImpl( 1236): Calling a method in the system process without a qualified user: android.app.ContextImpl.sendBroadcast:1006 android.content.ContextWrapper.sendBroadcast:444 android.content.ContextWrapper.sendBroadcast:444 com.tal.genie.lockscreen.receiver.LockScreenReceiver.sendBroadCastToVoice:180 com.tal.genie.lockscreen.activity.LockScreenActivity.onTimeTickReceived:156 
11-30 11:54:00.047 W/ContextImpl( 1236): Calling a method in the system process without a qualified user: android.app.ContextImpl.sendBroadcast:1006 android.content.ContextWrapper.sendBroadcast:444 com.tal.genie.launcher.service.TimeTickListener.sendOTASilentBroadcast:62 com.tal.genie.launcher.service.TimeTickListener.onTimeTickReceived:31 com.tal.genie.base_receiver.time.TimeTickManager.onTimeTickReceived:80 
11-30 11:54:00.067 W/ContextImpl( 1236): Calling a method in the system process without a qualified user: android.app.ContextImpl.sendBroadcast:1006 android.content.ContextWrapper.sendBroadcast:444 com.tal.genie.service_controldata.EyesProtectManager.sendEyesProtectorBroadcast:362 com.tal.genie.service_controldata.EyesProtectManager.eyesProtectDetector:135 com.tal.genie.launcher.service.TimeTickListener.onTimeTickReceived:34 
11-30 11:54:00.089 W/ContextImpl( 1236): Calling a method in the system process without a qualified user: android.app.ContextImpl.sendBroadcast:1006 android.content.ContextWrapper.sendBroadcast:444 com.tal.genie.lockscreen.receiver.LockScreenReceiver.sendBroadCastToVoice:180 com.tal.genie.lockscreen.receiver.LockScreenReceiver.onReceive:67 android.app.LoadedApk$ReceiverDispatcher$Args.lambda$getRunnable$0:1391 
11-30 11:54:00.629 E/storaged(  456): getDiskStats failed with result NOT_SUPPORTED and size 0
11-30 11:55:00.015 W/ContextImpl( 1236): Calling a method in the system process without a qualified user: android.app.ContextImpl.sendBroadcast:1006 android.content.ContextWrapper.sendBroadcast:444 android.content.ContextWrapper.sendBroadcast:444 com.tal.genie.lockscreen.receiver.LockScreenReceiver.sendBroadCastToVoice:180 com.tal.genie.lockscreen.activity.LockScreenActivity.onTimeTickReceived:156 
11-30 11:55:00.038 W/ContextImpl( 1236): Calling a method in the system process without a qualified user: android.app.ContextImpl.sendBroadcast:1006 android.content.ContextWrapper.sendBroadcast:444 com.tal.genie.launcher.service.TimeTickListener.sendOTASilentBroadcast:62 com.tal.genie.launcher.service.TimeTickListener.onTimeTickReceived:31 com.tal.genie.base_receiver.time.TimeTickManager.onTimeTickReceived:80 
11-30 11:55:00.053 W/ContextImpl( 1236): Calling a method in the system process without a qualified user: android.app.ContextImpl.sendBroadcast:1006 android.content.ContextWrapper.sendBroadcast:444 com.tal.genie.service_controldata.EyesProtectManager.sendEyesProtectorBroadcast:362 com.tal.genie.service_controldata.EyesProtectManager.eyesProtectDetector:135 com.tal.genie.launcher.service.TimeTickListener.onTimeTickReceived:34 
11-30 11:55:00.068 W/ContextImpl( 1236): Calling a method in the system process without a qualified user: android.app.ContextImpl.sendBroadcast:1006 android.content.ContextWrapper.sendBroadcast:444 com.tal.genie.lockscreen.receiver.LockScreenReceiver.sendBroadCastToVoice:180 com.tal.genie.lockscreen.receiver.LockScreenReceiver.onReceive:67 android.app.LoadedApk$ReceiverDispatcher$Args.lambda$getRunnable$0:1391 
11-30 11:55:00.630 E/storaged(  456): getDiskStats failed with result NOT_SUPPORTED and size 0
11-30 11:56:00.017 W/ContextImpl( 1236): Calling a method in the system process without a qualified user: android.app.ContextImpl.sendBroadcast:1006 android.content.ContextWrapper.sendBroadcast:444 android.content.ContextWrapper.sendBroadcast:444 com.tal.genie.lockscreen.receiver.LockScreenReceiver.sendBroadCastToVoice:180 com.tal.genie.lockscreen.activity.LockScreenActivity.onTimeTickReceived:156 
11-30 11:56:00.039 W/ContextImpl( 1236): Calling a method in the system process without a qualified user: android.app.ContextImpl.sendBroadcast:1006 android.content.ContextWrapper.sendBroadcast:444 com.tal.genie.launcher.service.TimeTickListener.sendOTASilentBroadcast:62 com.tal.genie.launcher.service.TimeTickListener.onTimeTickReceived:31 com.tal.genie.base_receiver.time.TimeTickManager.onTimeTickReceived:80 
11-30 11:56:00.052 W/ContextImpl( 1236): Calling a method in the system process without a qualified user: android.app.ContextImpl.sendBroadcast:1006 android.content.ContextWrapper.sendBroadcast:444 com.tal.genie.service_controldata.EyesProtectManager.sendEyesProtectorBroadcast:362 com.tal.genie.service_controldata.EyesProtectManager.eyesProtectDetector:135 com.tal.genie.launcher.service.TimeTickListener.onTimeTickReceived:34 
11-30 11:56:00.078 W/ContextImpl( 1236): Calling a method in the system process without a qualified user: android.app.ContextImpl.sendBroadcast:1006 android.content.ContextWrapper.sendBroadcast:444 com.tal.genie.lockscreen.receiver.LockScreenReceiver.sendBroadCastToVoice:180 com.tal.genie.lockscreen.receiver.LockScreenReceiver.onReceive:67 android.app.LoadedApk$ReceiverDispatcher$Args.lambda$getRunnable$0:1391 
11-30 11:56:00.631 E/storaged(  456): getDiskStats failed with result NOT_SUPPORTED and size 0
11-30 11:57:00.016 W/ContextImpl( 1236): Calling a method in the system process without a qualified user: android.app.ContextImpl.sendBroadcast:1006 android.content.ContextWrapper.sendBroadcast:444 android.content.ContextWrapper.sendBroadcast:444 com.tal.genie.lockscreen.receiver.LockScreenReceiver.sendBroadCastToVoice:180 com.tal.genie.lockscreen.activity.LockScreenActivity.onTimeTickReceived:156 
11-30 11:57:00.049 W/ContextImpl( 1236): Calling a method in the system process without a qualified user: android.app.ContextImpl.sendBroadcast:1006 android.content.ContextWrapper.sendBroadcast:444 com.tal.genie.launcher.service.TimeTickListener.sendOTASilentBroadcast:62 com.tal.genie.launcher.service.TimeTickListener.onTimeTickReceived:31 com.tal.genie.base_receiver.time.TimeTickManager.onTimeTickReceived:80 
11-30 11:57:00.063 W/ContextImpl( 1236): Calling a method in the system process without a qualified user: android.app.ContextImpl.sendBroadcast:1006 android.content.ContextWrapper.sendBroadcast:444 com.tal.genie.service_controldata.EyesProtectManager.sendEyesProtectorBroadcast:362 com.tal.genie.service_controldata.EyesProtectManager.eyesProtectDetector:135 com.tal.genie.launcher.service.TimeTickListener.onTimeTickReceived:34 
11-30 11:57:00.087 W/ContextImpl( 1236): Calling a method in the system process without a qualified user: android.app.ContextImpl.sendBroadcast:1006 android.content.ContextWrapper.sendBroadcast:444 com.tal.genie.lockscreen.receiver.LockScreenReceiver.sendBroadCastToVoice:180 com.tal.genie.lockscreen.receiver.LockScreenReceiver.onReceive:67 android.app.LoadedApk$ReceiverDispatcher$Args.lambda$getRunnable$0:1391 
11-30 11:57:00.632 E/storaged(  456): getDiskStats failed with result NOT_SUPPORTED and size 0
11-30 11:57:49.835 E/BatteryExternalStatsWorker(  636): no controller energy info supplied for wifi
11-30 11:57:49.835 E/BatteryExternalStatsWorker(  636): no controller energy info supplied for bluetooth
11-30 11:57:49.841 E/KernelCpuSpeedReader(  636): Failed to read cpu-freq: /sys/devices/system/cpu/cpu0/cpufreq/stats/time_in_state (No such file or directory)
11-30 11:57:49.843 W/BatteryExternalStatsWorker(  636): modem info is invalid: ModemActivityInfo{ mTimestamp=0 mSleepTimeMs=0 mIdleTimeMs=0 mTxTimeMs[]=[0, 0, 0, 0, 0] mRxTimeMs=0 mEnergyUsed=0}
11-30 11:58:00.020 W/ContextImpl( 1236): Calling a method in the system process without a qualified user: android.app.ContextImpl.sendBroadcast:1006 android.content.ContextWrapper.sendBroadcast:444 android.content.ContextWrapper.sendBroadcast:444 com.tal.genie.lockscreen.receiver.LockScreenReceiver.sendBroadCastToVoice:180 com.tal.genie.lockscreen.activity.LockScreenActivity.onTimeTickReceived:156 
11-30 11:58:00.047 W/ContextImpl( 1236): Calling a method in the system process without a qualified user: android.app.ContextImpl.sendBroadcast:1006 android.content.ContextWrapper.sendBroadcast:444 com.tal.genie.launcher.service.TimeTickListener.sendOTASilentBroadcast:62 com.tal.genie.launcher.service.TimeTickListener.onTimeTickReceived:31 com.tal.genie.base_receiver.time.TimeTickManager.onTimeTickReceived:80 
11-30 11:58:00.060 W/ContextImpl( 1236): Calling a method in the system process without a qualified user: android.app.ContextImpl.sendBroadcast:1006 android.content.ContextWrapper.sendBroadcast:444 com.tal.genie.service_controldata.EyesProtectManager.sendEyesProtectorBroadcast:362 com.tal.genie.service_controldata.EyesProtectManager.eyesProtectDetector:135 com.tal.genie.launcher.service.TimeTickListener.onTimeTickReceived:34 
11-30 11:58:00.080 W/ContextImpl( 1236): Calling a method in the system process without a qualified user: android.app.ContextImpl.sendBroadcast:1006 android.content.ContextWrapper.sendBroadcast:444 com.tal.genie.lockscreen.receiver.LockScreenReceiver.sendBroadCastToVoice:180 com.tal.genie.lockscreen.receiver.LockScreenReceiver.onReceive:67 android.app.LoadedApk$ReceiverDispatcher$Args.lambda$getRunnable$0:1391 
11-30 11:58:00.633 E/storaged(  456): getDiskStats failed with result NOT_SUPPORTED and size 0
11-30 11:58:11.649 I/NetworkStatsRecorder(  636): recordSnapshotLocked: ident[[{type=WIFI, subType=COMBINED, networkId="TAL-Device", metered=false, defaultNetwork=true}]]
11-30 11:58:11.649 W/NetworkStatsRecorder(  636): unknown interfaces [lo], ignoring those stats
11-30 11:58:11.649 I/NetworkStatsRecorder(  636): recordSnapshotLocked: ident[[{type=WIFI, subType=COMBINED, networkId="TAL-Device", metered=false, defaultNetwork=true}]]
11-30 11:58:11.650 W/NetworkStatsRecorder(  636): unknown interfaces [lo], ignoring those stats
11-30 11:58:11.650 I/NetworkStatsRecorder(  636): recordSnapshotLocked: ident[[{type=WIFI, subType=COMBINED, networkId="TAL-Device", metered=false, defaultNetwork=true}]]
11-30 11:58:11.650 I/chatty  (  636): uid=1000(system) NetworkStats identical 5 lines
11-30 11:58:11.650 I/NetworkStatsRecorder(  636): recordSnapshotLocked: ident[[{type=WIFI, subType=COMBINED, networkId="TAL-Device", metered=false, defaultNetwork=true}]]
11-30 11:58:11.650 W/NetworkStatsRecorder(  636): unknown interfaces [lo], ignoring those stats
11-30 11:58:11.650 W/NetworkStatsRecorder(  636): unknown interfaces [lo], ignoring those stats
11-30 11:58:14.176 I/MTKWifiDisplayController(  636): Received NETWORK_STATE_CHANGED,con:true,SSID:"TAL-Device",Freq:5300,netId:0, updated:false
11-30 11:58:19.653 I/ActivityManager(  636): Killing 1691:com.android.packageinstaller/u0a16 (adj 904): empty for 1806s
11-30 11:58:19.654 I/ActivityManager(  636): Killing 1676:com.android.managedprovisioning/u0a19 (adj 904): empty for 1806s
11-30 11:58:19.654 I/ActivityManager(  636): Killing 1655:com.android.gallery3d/u0a51 (adj 904): empty for 1806s
11-30 11:58:19.655 I/ActivityManager(  636): Killing 1125:com.android.deskclock/u0a26 (adj 906): empty for 1806s
11-30 11:58:19.655 I/ActivityManager(  636): Killing 1620:android.process.acore/u0a9 (adj 906): empty for 1807s
11-30 11:59:00.018 W/ContextImpl( 1236): Calling a method in the system process without a qualified user: android.app.ContextImpl.sendBroadcast:1006 android.content.ContextWrapper.sendBroadcast:444 android.content.ContextWrapper.sendBroadcast:444 com.tal.genie.lockscreen.receiver.LockScreenReceiver.sendBroadCastToVoice:180 com.tal.genie.lockscreen.activity.LockScreenActivity.onTimeTickReceived:156 
11-30 11:59:00.043 W/ContextImpl( 1236): Calling a method in the system process without a qualified user: android.app.ContextImpl.sendBroadcast:1006 android.content.ContextWrapper.sendBroadcast:444 com.tal.genie.launcher.service.TimeTickListener.sendOTASilentBroadcast:62 com.tal.genie.launcher.service.TimeTickListener.onTimeTickReceived:31 com.tal.genie.base_receiver.time.TimeTickManager.onTimeTickReceived:80 
11-30 11:59:00.064 W/ContextImpl( 1236): Calling a method in the system process without a qualified user: android.app.ContextImpl.sendBroadcast:1006 android.content.ContextWrapper.sendBroadcast:444 com.tal.genie.service_controldata.EyesProtectManager.sendEyesProtectorBroadcast:362 com.tal.genie.service_controldata.EyesProtectManager.eyesProtectDetector:135 com.tal.genie.launcher.service.TimeTickListener.onTimeTickReceived:34 
11-30 11:59:00.083 W/ContextImpl( 1236): Calling a method in the system process without a qualified user: android.app.ContextImpl.sendBroadcast:1006 android.content.ContextWrapper.sendBroadcast:444 com.tal.genie.lockscreen.receiver.LockScreenReceiver.sendBroadCastToVoice:180 com.tal.genie.lockscreen.receiver.LockScreenReceiver.onReceive:67 android.app.LoadedApk$ReceiverDispatcher$Args.lambda$getRunnable$0:1391 
11-30 11:59:00.634 E/storaged(  456): getDiskStats failed with result NOT_SUPPORTED and size 0
11-30 12:00:00.017 W/ContextImpl( 1236): Calling a method in the system process without a qualified user: android.app.ContextImpl.sendBroadcast:1006 android.content.ContextWrapper.sendBroadcast:444 android.content.ContextWrapper.sendBroadcast:444 com.tal.genie.lockscreen.receiver.LockScreenReceiver.sendBroadCastToVoice:180 com.tal.genie.lockscreen.activity.LockScreenActivity.onTimeTickReceived:156 
11-30 12:00:00.039 W/ContextImpl( 1236): Calling a method in the system process without a qualified user: android.app.ContextImpl.sendBroadcast:1006 android.content.ContextWrapper.sendBroadcast:444 com.tal.genie.launcher.service.TimeTickListener.sendOTASilentBroadcast:62 com.tal.genie.launcher.service.TimeTickListener.onTimeTickReceived:31 com.tal.genie.base_receiver.time.TimeTickManager.onTimeTickReceived:80 
11-30 12:00:00.052 W/ContextImpl( 1236): Calling a method in the system process without a qualified user: android.app.ContextImpl.sendBroadcast:1006 android.content.ContextWrapper.sendBroadcast:444 com.tal.genie.service_controldata.EyesProtectManager.sendEyesProtectorBroadcast:362 com.tal.genie.service_controldata.EyesProtectManager.eyesProtectDetector:135 com.tal.genie.launcher.service.TimeTickListener.onTimeTickReceived:34 
11-30 12:00:00.064 W/ContextImpl( 1236): Calling a method in the system process without a qualified user: android.app.ContextImpl.sendBroadcast:1006 android.content.ContextWrapper.sendBroadcast:444 com.tal.genie.base_ui.manager.ThemeManager.sendThemeChangedBroadcast:90 com.tal.genie.launcher.service.TimeTickListener.onTimeTickReceived:42 com.tal.genie.base_receiver.time.TimeTickManager.onTimeTickReceived:80 
11-30 12:00:00.087 W/ContextImpl( 1236): Calling a method in the system process without a qualified user: android.app.ContextImpl.sendBroadcast:1006 android.content.ContextWrapper.sendBroadcast:444 com.tal.genie.lockscreen.receiver.LockScreenReceiver.sendBroadCastToVoice:180 com.tal.genie.lockscreen.receiver.LockScreenReceiver.onReceive:67 android.app.LoadedApk$ReceiverDispatcher$Args.lambda$getRunnable$0:1391 
11-30 12:00:00.635 E/storaged(  456): getDiskStats failed with result NOT_SUPPORTED and size 0
11-30 12:01:00.016 W/ContextImpl( 1236): Calling a method in the system process without a qualified user: android.app.ContextImpl.sendBroadcast:1006 android.content.ContextWrapper.sendBroadcast:444 android.content.ContextWrapper.sendBroadcast:444 com.tal.genie.lockscreen.receiver.LockScreenReceiver.sendBroadCastToVoice:180 com.tal.genie.lockscreen.activity.LockScreenActivity.onTimeTickReceived:156 
11-30 12:01:00.039 W/ContextImpl( 1236): Calling a method in the system process without a qualified user: android.app.ContextImpl.sendBroadcast:1006 android.content.ContextWrapper.sendBroadcast:444 com.tal.genie.launcher.service.TimeTickListener.sendOTASilentBroadcast:62 com.tal.genie.launcher.service.TimeTickListener.onTimeTickReceived:31 com.tal.genie.base_receiver.time.TimeTickManager.onTimeTickReceived:80 
11-30 12:01:00.055 W/ContextImpl( 1236): Calling a method in the system process without a qualified user: android.app.ContextImpl.sendBroadcast:1006 android.content.ContextWrapper.sendBroadcast:444 com.tal.genie.service_controldata.EyesProtectManager.sendEyesProtectorBroadcast:362 com.tal.genie.service_controldata.EyesProtectManager.eyesProtectDetector:135 com.tal.genie.launcher.service.TimeTickListener.onTimeTickReceived:34 
11-30 12:01:00.074 W/ContextImpl( 1236): Calling a method in the system process without a qualified user: android.app.ContextImpl.sendBroadcast:1006 android.content.ContextWrapper.sendBroadcast:444 com.tal.genie.lockscreen.receiver.LockScreenReceiver.sendBroadCastToVoice:180 com.tal.genie.lockscreen.receiver.LockScreenReceiver.onReceive:67 android.app.LoadedApk$ReceiverDispatcher$Args.lambda$getRunnable$0:1391 
11-30 12:01:00.636 E/storaged(  456): getDiskStats failed with result NOT_SUPPORTED and size 0
11-30 12:02:00.018 W/ContextImpl( 1236): Calling a method in the system process without a qualified user: android.app.ContextImpl.sendBroadcast:1006 android.content.ContextWrapper.sendBroadcast:444 android.content.ContextWrapper.sendBroadcast:444 com.tal.genie.lockscreen.receiver.LockScreenReceiver.sendBroadCastToVoice:180 com.tal.genie.lockscreen.activity.LockScreenActivity.onTimeTickReceived:156 
11-30 12:02:00.047 W/ContextImpl( 1236): Calling a method in the system process without a qualified user: android.app.ContextImpl.sendBroadcast:1006 android.content.ContextWrapper.sendBroadcast:444 com.tal.genie.launcher.service.TimeTickListener.sendOTASilentBroadcast:62 com.tal.genie.launcher.service.TimeTickListener.onTimeTickReceived:31 com.tal.genie.base_receiver.time.TimeTickManager.onTimeTickReceived:80 
11-30 12:02:00.060 W/ContextImpl( 1236): Calling a method in the system process without a qualified user: android.app.ContextImpl.sendBroadcast:1006 android.content.ContextWrapper.sendBroadcast:444 com.tal.genie.service_controldata.EyesProtectManager.sendEyesProtectorBroadcast:362 com.tal.genie.service_controldata.EyesProtectManager.eyesProtectDetector:135 com.tal.genie.launcher.service.TimeTickListener.onTimeTickReceived:34 
11-30 12:02:00.079 W/ContextImpl( 1236): Calling a method in the system process without a qualified user: android.app.ContextImpl.sendBroadcast:1006 android.content.ContextWrapper.sendBroadcast:444 com.tal.genie.lockscreen.receiver.LockScreenReceiver.sendBroadCastToVoice:180 com.tal.genie.lockscreen.receiver.LockScreenReceiver.onReceive:67 android.app.LoadedApk$ReceiverDispatcher$Args.lambda$getRunnable$0:1391 
11-30 12:02:00.637 E/storaged(  456): getDiskStats failed with result NOT_SUPPORTED and size 0
11-30 12:03:00.018 W/ContextImpl( 1236): Calling a method in the system process without a qualified user: android.app.ContextImpl.sendBroadcast:1006 android.content.ContextWrapper.sendBroadcast:444 android.content.ContextWrapper.sendBroadcast:444 com.tal.genie.lockscreen.receiver.LockScreenReceiver.sendBroadCastToVoice:180 com.tal.genie.lockscreen.activity.LockScreenActivity.onTimeTickReceived:156 
11-30 12:03:00.043 W/ContextImpl( 1236): Calling a method in the system process without a qualified user: android.app.ContextImpl.sendBroadcast:1006 android.content.ContextWrapper.sendBroadcast:444 com.tal.genie.launcher.service.TimeTickListener.sendOTASilentBroadcast:62 com.tal.genie.launcher.service.TimeTickListener.onTimeTickReceived:31 com.tal.genie.base_receiver.time.TimeTickManager.onTimeTickReceived:80 
11-30 12:03:00.060 W/ContextImpl( 1236): Calling a method in the system process without a qualified user: android.app.ContextImpl.sendBroadcast:1006 android.content.ContextWrapper.sendBroadcast:444 com.tal.genie.service_controldata.EyesProtectManager.sendEyesProtectorBroadcast:362 com.tal.genie.service_controldata.EyesProtectManager.eyesProtectDetector:135 com.tal.genie.launcher.service.TimeTickListener.onTimeTickReceived:34 
11-30 12:03:00.085 W/ContextImpl( 1236): Calling a method in the system process without a qualified user: android.app.ContextImpl.sendBroadcast:1006 android.content.ContextWrapper.sendBroadcast:444 com.tal.genie.lockscreen.receiver.LockScreenReceiver.sendBroadCastToVoice:180 com.tal.genie.lockscreen.receiver.LockScreenReceiver.onReceive:67 android.app.LoadedApk$ReceiverDispatcher$Args.lambda$getRunnable$0:1391 
11-30 12:03:00.638 E/storaged(  456): getDiskStats failed with result NOT_SUPPORTED and size 0
11-30 12:04:00.017 W/ContextImpl( 1236): Calling a method in the system process without a qualified user: android.app.ContextImpl.sendBroadcast:1006 android.content.ContextWrapper.sendBroadcast:444 android.content.ContextWrapper.sendBroadcast:444 com.tal.genie.lockscreen.receiver.LockScreenReceiver.sendBroadCastToVoice:180 com.tal.genie.lockscreen.activity.LockScreenActivity.onTimeTickReceived:156 
11-30 12:04:00.042 W/ContextImpl( 1236): Calling a method in the system process without a qualified user: android.app.ContextImpl.sendBroadcast:1006 android.content.ContextWrapper.sendBroadcast:444 com.tal.genie.launcher.service.TimeTickListener.sendOTASilentBroadcast:62 com.tal.genie.launcher.service.TimeTickListener.onTimeTickReceived:31 com.tal.genie.base_receiver.time.TimeTickManager.onTimeTickReceived:80 
11-30 12:04:00.058 W/ContextImpl( 1236): Calling a method in the system process without a qualified user: android.app.ContextImpl.sendBroadcast:1006 android.content.ContextWrapper.sendBroadcast:444 com.tal.genie.service_controldata.EyesProtectManager.sendEyesProtectorBroadcast:362 com.tal.genie.service_controldata.EyesProtectManager.eyesProtectDetector:135 com.tal.genie.launcher.service.TimeTickListener.onTimeTickReceived:34 
11-30 12:04:00.080 W/ContextImpl( 1236): Calling a method in the system process without a qualified user: android.app.ContextImpl.sendBroadcast:1006 android.content.ContextWrapper.sendBroadcast:444 com.tal.genie.lockscreen.receiver.LockScreenReceiver.sendBroadCastToVoice:180 com.tal.genie.lockscreen.receiver.LockScreenReceiver.onReceive:67 android.app.LoadedApk$ReceiverDispatcher$Args.lambda$getRunnable$0:1391 
11-30 12:04:00.639 E/storaged(  456): getDiskStats failed with result NOT_SUPPORTED and size 0
11-30 12:05:00.016 W/ContextImpl( 1236): Calling a method in the system process without a qualified user: android.app.ContextImpl.sendBroadcast:1006 android.content.ContextWrapper.sendBroadcast:444 android.content.ContextWrapper.sendBroadcast:444 com.tal.genie.lockscreen.receiver.LockScreenReceiver.sendBroadCastToVoice:180 com.tal.genie.lockscreen.activity.LockScreenActivity.onTimeTickReceived:156 
11-30 12:05:00.036 W/ContextImpl( 1236): Calling a method in the system process without a qualified user: android.app.ContextImpl.sendBroadcast:1006 android.content.ContextWrapper.sendBroadcast:444 com.tal.genie.launcher.service.TimeTickListener.sendOTASilentBroadcast:62 com.tal.genie.launcher.service.TimeTickListener.onTimeTickReceived:31 com.tal.genie.base_receiver.time.TimeTickManager.onTimeTickReceived:80 
11-30 12:05:00.049 W/ContextImpl( 1236): Calling a method in the system process without a qualified user: android.app.ContextImpl.sendBroadcast:1006 android.content.ContextWrapper.sendBroadcast:444 com.tal.genie.service_controldata.EyesProtectManager.sendEyesProtectorBroadcast:362 com.tal.genie.service_controldata.EyesProtectManager.eyesProtectDetector:135 com.tal.genie.launcher.service.TimeTickListener.onTimeTickReceived:34 
11-30 12:05:00.071 W/ContextImpl( 1236): Calling a method in the system process without a qualified user: android.app.ContextImpl.sendBroadcast:1006 android.content.ContextWrapper.sendBroadcast:444 com.tal.genie.lockscreen.receiver.LockScreenReceiver.sendBroadCastToVoice:180 com.tal.genie.lockscreen.receiver.LockScreenReceiver.onReceive:67 android.app.LoadedApk$ReceiverDispatcher$Args.lambda$getRunnable$0:1391 
11-30 12:05:00.640 E/storaged(  456): getDiskStats failed with result NOT_SUPPORTED and size 0
11-30 12:06:00.015 W/ContextImpl( 1236): Calling a method in the system process without a qualified user: android.app.ContextImpl.sendBroadcast:1006 android.content.ContextWrapper.sendBroadcast:444 android.content.ContextWrapper.sendBroadcast:444 com.tal.genie.lockscreen.receiver.LockScreenReceiver.sendBroadCastToVoice:180 com.tal.genie.lockscreen.activity.LockScreenActivity.onTimeTickReceived:156 
11-30 12:06:00.040 W/ContextImpl( 1236): Calling a method in the system process without a qualified user: android.app.ContextImpl.sendBroadcast:1006 android.content.ContextWrapper.sendBroadcast:444 com.tal.genie.launcher.service.TimeTickListener.sendOTASilentBroadcast:62 com.tal.genie.launcher.service.TimeTickListener.onTimeTickReceived:31 com.tal.genie.base_receiver.time.TimeTickManager.onTimeTickReceived:80 
11-30 12:06:00.054 W/ContextImpl( 1236): Calling a method in the system process without a qualified user: android.app.ContextImpl.sendBroadcast:1006 android.content.ContextWrapper.sendBroadcast:444 com.tal.genie.service_controldata.EyesProtectManager.sendEyesProtectorBroadcast:362 com.tal.genie.service_controldata.EyesProtectManager.eyesProtectDetector:135 com.tal.genie.launcher.service.TimeTickListener.onTimeTickReceived:34 
11-30 12:06:00.073 W/ContextImpl( 1236): Calling a method in the system process without a qualified user: android.app.ContextImpl.sendBroadcast:1006 android.content.ContextWrapper.sendBroadcast:444 com.tal.genie.lockscreen.receiver.LockScreenReceiver.sendBroadCastToVoice:180 com.tal.genie.lockscreen.receiver.LockScreenReceiver.onReceive:67 android.app.LoadedApk$ReceiverDispatcher$Args.lambda$getRunnable$0:1391 
11-30 12:06:00.641 E/storaged(  456): getDiskStats failed with result NOT_SUPPORTED and size 0
11-30 12:07:00.018 W/ContextImpl( 1236): Calling a method in the system process without a qualified user: android.app.ContextImpl.sendBroadcast:1006 android.content.ContextWrapper.sendBroadcast:444 android.content.ContextWrapper.sendBroadcast:444 com.tal.genie.lockscreen.receiver.LockScreenReceiver.sendBroadCastToVoice:180 com.tal.genie.lockscreen.activity.LockScreenActivity.onTimeTickReceived:156 
11-30 12:07:00.045 W/ContextImpl( 1236): Calling a method in the system process without a qualified user: android.app.ContextImpl.sendBroadcast:1006 android.content.ContextWrapper.sendBroadcast:444 com.tal.genie.launcher.service.TimeTickListener.sendOTASilentBroadcast:62 com.tal.genie.launcher.service.TimeTickListener.onTimeTickReceived:31 com.tal.genie.base_receiver.time.TimeTickManager.onTimeTickReceived:80 
11-30 12:07:00.059 W/ContextImpl( 1236): Calling a method in the system process without a qualified user: android.app.ContextImpl.sendBroadcast:1006 android.content.ContextWrapper.sendBroadcast:444 com.tal.genie.service_controldata.EyesProtectManager.sendEyesProtectorBroadcast:362 com.tal.genie.service_controldata.EyesProtectManager.eyesProtectDetector:135 com.tal.genie.launcher.service.TimeTickListener.onTimeTickReceived:34 
11-30 12:07:00.080 W/ContextImpl( 1236): Calling a method in the system process without a qualified user: android.app.ContextImpl.sendBroadcast:1006 android.content.ContextWrapper.sendBroadcast:444 com.tal.genie.lockscreen.receiver.LockScreenReceiver.sendBroadCastToVoice:180 com.tal.genie.lockscreen.receiver.LockScreenReceiver.onReceive:67 android.app.LoadedApk$ReceiverDispatcher$Args.lambda$getRunnable$0:1391 
