12-15 16:26:17.577 I/BufferQueueProducer(  312): [com.android.settings/com.android.settings.SubSettings#1](this:0xa8a98000,id:83,api:1,p:3315,c:312) queueBuffer: fps=22.79 dur=1009.36 max=617.06 min=12.20
12-15 16:26:17.799 I/BufferQueueProducer(  312): [com.android.settings/com.android.settings.SubSettings#1](this:0xa8a98000,id:83,api:1,p:3315,c:312) disconnect(P): api 1
12-15 16:26:17.799 I/BufferQueueConsumer(  312): [com.android.settings/com.android.settings.SubSettings#1](this:0xa8a98000,id:83,api:1,p:-1,c:312) getReleasedBuffers: returning mask 0xffffffffffffffff
12-15 16:26:17.811 W/ContextImpl( 3315): Calling a method in the system process without a qualified user: android.app.ContextImpl.startService:1532 android.content.ContextWrapper.startService:664 android.app.Activity.onEnterAnimationComplete:6662 android.app.Activity.dispatchEnterAnimationComplete:6673 android.app.ActivityThread.handleEnterAnimationComplete:3275 
12-15 16:26:17.831 I/BufferQueueConsumer(  312): [com.android.settings/com.android.settings.SubSettings#1](this:0xa8a98000,id:83,api:1,p:-1,c:-1) disconnect(C)
12-15 16:26:17.831 I/BufferQueue(  312): [com.android.settings/com.android.settings.SubSettings#1](this:0xa8a98000,id:83,api:1,p:-1,c:-1) ~BufferQueueCore
12-15 16:26:17.933 I/PowerWrap(  628): PowerHal_TouchBoost
12-15 16:26:17.934 I/libPowerHal(  301): 20: cpu_ctrl set freq: 2001000 -1
12-15 16:26:17.934 W/ContextImpl( 3315): Calling a method in the system process without a qualified user: android.app.ContextImpl.startService:1532 android.content.ContextWrapper.startService:664 android.content.ContextWrapper.startService:664 com.android.internal.policy.DecorView.dispatchTouchEvent:422 android.view.View.dispatchPointerEvent:12808 
12-15 16:26:18.004 E/WifiVendorHal(  628): getWifiLinkLayerStats(l.937) failed {.code = ERROR_NOT_SUPPORTED, .description = }
12-15 16:26:18.020 I/PowerWrap(  628): PowerHal_TouchBoost
12-15 16:26:18.021 I/libPowerHal(  301): 20: cpu_ctrl set freq: -1 -1
12-15 16:26:18.021 W/ContextImpl( 3315): Calling a method in the system process without a qualified user: android.app.ContextImpl.startService:1532 android.content.ContextWrapper.startService:664 android.content.ContextWrapper.startService:664 com.android.internal.policy.DecorView.dispatchTouchEvent:422 android.view.View.dispatchPointerEvent:12808 
12-15 16:26:18.059 I/SurfaceFlinger(  312): screenshot (com.android.settings/com.android.settings.SubSettings#0)
12-15 16:26:18.080 I/GenieFastBlurUtility(  760): =====blur time:17
12-15 16:26:18.082 W/TRAEIdle_Androi( 1276): type=1400 audit(0.0:10994): avc: denied { read } for name="stat" dev="proc" ino=4026532021 scontext=u:r:system_app:s0 tcontext=u:object_r:proc_stat:s0 tclass=file permissive=0
12-15 16:26:18.342 E/MtkDataShapingUtils(  628): Exception openLteGateByDataShaping  in java.lang.NullPointerException: null receiver
12-15 16:26:18.343 W/System.err(  628): java.lang.NullPointerException: null receiver
12-15 16:26:18.343 W/System.err(  628): 	at java.lang.reflect.Method.invoke(Native Method)
12-15 16:26:18.343 W/System.err(  628): 	at com.mediatek.server.MtkDataShaping.openLteGateByDataShaping(MtkDataShaping.java:36)
12-15 16:26:18.343 W/System.err(  628): 	at com.android.server.AlarmManagerService.deliverAlarmsLocked(AlarmManagerService.java:3603)
12-15 16:26:18.343 W/System.err(  628): 	at com.android.server.AlarmManagerService$AlarmThread.run(AlarmManagerService.java:3781)
12-15 16:26:18.346 E/ActivityManager(  628): Sending non-protected broadcast ALARM_ACTION(1087) from system uid 1000 pkg com.tal.genie.push
12-15 16:26:18.346 E/ActivityManager(  628): java.lang.Throwable
12-15 16:26:18.346 E/ActivityManager(  628): 	at com.android.server.am.ActivityManagerService.checkBroadcastFromSystem(ActivityManagerService.java:21477)
12-15 16:26:18.346 E/ActivityManager(  628): 	at com.android.server.am.ActivityManagerService.broadcastIntentLocked(ActivityManagerService.java:22077)
12-15 16:26:18.346 E/ActivityManager(  628): 	at com.android.server.am.ActivityManagerService.broadcastIntentInPackage(ActivityManagerService.java:22256)
12-15 16:26:18.346 E/ActivityManager(  628): 	at com.android.server.am.PendingIntentRecord.sendInner(PendingIntentRecord.java:372)
12-15 16:26:18.346 E/ActivityManager(  628): 	at com.android.server.am.PendingIntentRecord.sendWithResult(PendingIntentRecord.java:245)
12-15 16:26:18.346 E/ActivityManager(  628): 	at com.android.server.am.ActivityManagerService.sendIntentSender(ActivityManagerService.java:8613)
12-15 16:26:18.346 E/ActivityManager(  628): 	at android.app.PendingIntent.sendAndReturnResult(PendingIntent.java:892)
12-15 16:26:18.346 E/ActivityManager(  628): 	at android.app.PendingIntent.send(PendingIntent.java:874)
12-15 16:26:18.346 E/ActivityManager(  628): 	at com.android.server.AlarmManagerService$DeliveryTracker.deliverLocked(AlarmManagerService.java:4387)
12-15 16:26:18.346 E/ActivityManager(  628): 	at com.android.server.AlarmManagerService.deliverAlarmsLocked(AlarmManagerService.java:3632)
12-15 16:26:18.346 E/ActivityManager(  628): 	at com.android.server.AlarmManagerService$AlarmThread.run(AlarmManagerService.java:3781)
12-15 16:26:18.634 I/PowerWrap(  628): PowerHal_TouchBoost
12-15 16:26:18.636 I/libPowerHal(  301): 20: cpu_ctrl set freq: 2001000 -1
12-15 16:26:18.637 W/ContextImpl( 3315): Calling a method in the system process without a qualified user: android.app.ContextImpl.sendBroadcast:1006 android.content.ContextWrapper.sendBroadcast:444 android.content.ContextWrapper.sendBroadcast:444 android.view.View.dispatchTouchEvent:12526 android.view.ViewGroup.dispatchTransformedTouchEvent:3083 
12-15 16:26:18.638 E/ActivityManager(  628): Sending non-protected broadcast com.genie.clickscreen from system 3315:com.android.settings/1000 pkg com.android.settings
12-15 16:26:18.638 E/ActivityManager(  628): java.lang.Throwable
12-15 16:26:18.638 E/ActivityManager(  628): 	at com.android.server.am.ActivityManagerService.checkBroadcastFromSystem(ActivityManagerService.java:21473)
12-15 16:26:18.638 E/ActivityManager(  628): 	at com.android.server.am.ActivityManagerService.broadcastIntentLocked(ActivityManagerService.java:21984)
12-15 16:26:18.638 E/ActivityManager(  628): 	at com.android.server.am.ActivityManagerService.broadcastIntent(ActivityManagerService.java:22227)
12-15 16:26:18.638 E/ActivityManager(  628): 	at android.app.IActivityManager$Stub.onTransact$broadcastIntent$(IActivityManager.java:10181)
12-15 16:26:18.638 E/ActivityManager(  628): 	at android.app.IActivityManager$Stub.onTransact(IActivityManager.java:167)
12-15 16:26:18.638 E/ActivityManager(  628): 	at com.android.server.am.ActivityManagerService.onTransact(ActivityManagerService.java:3350)
12-15 16:26:18.638 E/ActivityManager(  628): 	at android.os.Binder.execTransact(Binder.java:731)
12-15 16:26:18.640 E/ActivityManager(  628): Sending non-protected broadcast com.genie.clickscreen from system 3315:com.android.settings/1000 pkg com.android.settings
12-15 16:26:18.640 E/ActivityManager(  628): java.lang.Throwable
12-15 16:26:18.640 E/ActivityManager(  628): 	at com.android.server.am.ActivityManagerService.checkBroadcastFromSystem(ActivityManagerService.java:21473)
12-15 16:26:18.640 E/ActivityManager(  628): 	at com.android.server.am.ActivityManagerService.broadcastIntentLocked(ActivityManagerService.java:22077)
12-15 16:26:18.640 E/ActivityManager(  628): 	at com.android.server.am.ActivityManagerService.broadcastIntent(ActivityManagerService.java:22227)
12-15 16:26:18.640 E/ActivityManager(  628): 	at android.app.IActivityManager$Stub.onTransact$broadcastIntent$(IActivityManager.java:10181)
12-15 16:26:18.640 E/ActivityManager(  628): 	at android.app.IActivityManager$Stub.onTransact(IActivityManager.java:167)
12-15 16:26:18.640 E/ActivityManager(  628): 	at com.android.server.am.ActivityManagerService.onTransact(ActivityManagerService.java:3350)
12-15 16:26:18.640 E/ActivityManager(  628): 	at android.os.Binder.execTransact(Binder.java:731)
12-15 16:26:18.641 I/SA.PushAutoTrackHelper( 1148): SDK or push disabled.
12-15 16:26:18.641 I/LockScreenReceiver( 1148): action ::: com.genie.clickscreen
12-15 16:26:18.642 I/EyesProtectManager( 1148): [ (EyesProtectManager.java:76)#userTracked ] userTracked:  configLoaded-true protectorOn-false canUseScreen-true isUseCounting-false useBeginTime-null useSeconds-0 lockScreenTime-2021-12-15 16:25:26 unlockScreenTime- null
12-15 16:26:18.738 I/PowerWrap(  628): PowerHal_TouchBoost
12-15 16:26:18.739 I/libPowerHal(  301): 20: cpu_ctrl set freq: -1 -1
12-15 16:26:18.763 E/AudioTrack(  628): start(): 0x8bec3180, mState = 1
12-15 16:26:18.765 I/PowerWrap(  628): PowerHal_Wrap_mtkPowerHint
12-15 16:26:18.766 I/PowerWrap(  628): PowerHal_Wrap_mtkPowerHint
12-15 16:26:18.770 I/libPowerHal(  301): 17: cpu_ctrl set freq: 2001000 -1
12-15 16:26:18.772 I/BufferQueueProducer(  312): [com.android.settings/com.android.settings.SubSettings#0](this:0xabc8d000,id:84,api:1,p:3315,c:312) queueBuffer: fps=1.38 dur=1446.44 max=1393.30 min=53.13
12-15 16:26:18.775 I/PowerWrap(  628): PowerHal_Wrap_mtkPowerHint
12-15 16:26:18.775 I/PowerWrap(  628): PowerHal_Wrap_mtkPowerHint
12-15 16:26:18.777 I/vendor.mediatek.hardware.power@2.0-impl(  301): notifyAppState pack:com.android.settings, act:com.android.settings.Settings$DisplaySettingsActivity, pid:3315, state:1
12-15 16:26:18.778 I/SurfaceFlinger(  312): [Built-in Screen (type:0)] fps:24.343355,dur:1889.63,max:925.95,min:15.62
12-15 16:26:18.779 I/WindowManager(  628): Focus moving from Window{6cd8e28 u0 com.android.settings/com.android.settings.SubSettings} to null
12-15 16:26:18.789 I/DeviceIndex( 3315): Skipping: device index is not enabled
12-15 16:26:18.794 W/TileUtils( 3315): Found com.android.settings.Settings$NotificationAppListActivity for intent Intent { act=com.android.settings.action.SETTINGS pkg=com.android.settings } missing metadata com.android.settings.category
12-15 16:26:18.806 I/WindowManager(  628): Relayout Window{633e67b u0 com.android.settings/com.android.settings.Settings$DisplaySettingsActivity}: oldVis=8 newVis=0 focusMayChange = true
12-15 16:26:18.808 I/BufferQueue(  312): [unnamed-312-85](this:0xad3d1000,id:85,api:0,p:-1,c:-1) BufferQueue core=(312:/system/bin/surfaceflinger)
12-15 16:26:18.808 I/BufferQueueConsumer(  312): [unnamed-312-85](this:0xad3d1000,id:85,api:0,p:-1,c:312) connect(C): consumer=(312:/system/bin/surfaceflinger) controlledByApp=false
12-15 16:26:18.808 I/BufferQueueConsumer(  312): [unnamed-312-85](this:0xad3d1000,id:85,api:0,p:-1,c:312) setConsumerName: unnamed-312-85
12-15 16:26:18.809 I/BufferQueueConsumer(  312): [com.android.settings/com.android.settings.Settings$DisplaySettingsActivity#0](this:0xad3d1000,id:85,api:0,p:-1,c:312) setConsumerName: com.android.settings/com.android.settings.Settings$DisplaySettingsActivity#0
12-15 16:26:18.809 I/BufferQueueConsumer(  312): [com.android.settings/com.android.settings.Settings$DisplaySettingsActivity#0](this:0xad3d1000,id:85,api:0,p:-1,c:312) setDefaultBufferSize: width=720 height=1600
12-15 16:26:18.810 I/WindowManager(  628): Focus moving from null to Window{633e67b u0 com.android.settings/com.android.settings.Settings$DisplaySettingsActivity}
12-15 16:26:18.811 I/BufferQueueProducer(  312): [com.android.settings/com.android.settings.Settings$DisplaySettingsActivity#0](this:0xad3d1000,id:85,api:1,p:3315,c:312) connect(P): api=1 producer=(3315:com.android.settings) producerControlledByApp=true
12-15 16:26:18.844 I/PowerWrap(  628): PowerHal_Wrap_mtkPowerHint
12-15 16:26:18.845 I/libPowerHal(  301): 17: cpu_ctrl set freq: -1 -1
12-15 16:26:19.288 I/BufferQueueProducer(  312): [com.android.settings/com.android.settings.SubSettings#0](this:0xabc8d000,id:84,api:1,p:3315,c:312) disconnect(P): api 1
12-15 16:26:19.288 I/BufferQueueConsumer(  312): [com.android.settings/com.android.settings.SubSettings#0](this:0xabc8d000,id:84,api:1,p:-1,c:312) getReleasedBuffers: returning mask 0xffffffffffffffff
12-15 16:26:19.299 W/ContextImpl( 3315): Calling a method in the system process without a qualified user: android.app.ContextImpl.startService:1532 android.content.ContextWrapper.startService:664 android.app.Activity.onEnterAnimationComplete:6662 android.app.Activity.dispatchEnterAnimationComplete:6673 android.app.ActivityThread.handleEnterAnimationComplete:3275 
12-15 16:26:19.320 I/BufferQueueConsumer(  312): [com.android.settings/com.android.settings.SubSettings#0](this:0xabc8d000,id:84,api:1,p:-1,c:-1) disconnect(C)
12-15 16:26:19.321 I/BufferQueue(  312): [com.android.settings/com.android.settings.SubSettings#0](this:0xabc8d000,id:84,api:1,p:-1,c:-1) ~BufferQueueCore
12-15 16:26:19.545 I/PowerWrap(  628): PowerHal_TouchBoost
12-15 16:26:19.547 I/libPowerHal(  301): 20: cpu_ctrl set freq: 2001000 -1
12-15 16:26:19.649 I/PowerWrap(  628): PowerHal_TouchBoost
12-15 16:26:19.652 I/libPowerHal(  301): 20: cpu_ctrl set freq: -1 -1
12-15 16:26:19.656 E/AudioTrack(  628): start(): 0x8bec3180, mState = 1
12-15 16:26:19.686 I/PowerWrap(  628): PowerHal_Wrap_mtkPowerHint
12-15 16:26:19.686 I/PowerWrap(  628): PowerHal_Wrap_mtkPowerHint
12-15 16:26:19.687 I/libPowerHal(  301): 17: cpu_ctrl set freq: 2001000 -1
12-15 16:26:19.689 I/vendor.mediatek.hardware.power@2.0-impl(  301): notifyAppState pack:com.android.settings, act:com.android.settings.Settings, pid:3315, state:1
12-15 16:26:19.691 I/WindowManager(  628): Focus moving from Window{633e67b u0 com.android.settings/com.android.settings.Settings$DisplaySettingsActivity} to null
12-15 16:26:19.707 I/DeviceIndex( 3315): Skipping: device index is not enabled
12-15 16:26:19.715 W/TileUtils( 3315): Found com.android.settings.Settings$NotificationAppListActivity for intent Intent { act=com.android.settings.action.SETTINGS pkg=com.android.settings } missing metadata com.android.settings.category
12-15 16:26:19.716 I/WindowManager(  628): Relayout Window{6a7d4cb u0 com.android.settings/com.android.settings.Settings}: oldVis=8 newVis=0 focusMayChange = true
12-15 16:26:19.719 W/Binder:459_2(  459): type=1400 audit(0.0:10995): avc: denied { dac_read_search } for capability=2 scontext=u:r:installd:s0 tcontext=u:r:installd:s0 tclass=capability permissive=0
12-15 16:26:19.719 I/chatty  (  459): uid=0(root) Binder:459_2 identical 3 lines
12-15 16:26:19.719 W/Binder:459_2(  459): type=1400 audit(0.0:10999): avc: denied { dac_read_search } for capability=2 scontext=u:r:installd:s0 tcontext=u:r:installd:s0 tclass=capability permissive=0
12-15 16:26:19.719 I/BufferQueue(  312): [unnamed-312-86](this:0xabc11000,id:86,api:0,p:-1,c:-1) BufferQueue core=(312:/system/bin/surfaceflinger)
12-15 16:26:19.719 I/BufferQueueConsumer(  312): [unnamed-312-86](this:0xabc11000,id:86,api:0,p:-1,c:312) connect(C): consumer=(312:/system/bin/surfaceflinger) controlledByApp=false
12-15 16:26:19.719 I/BufferQueueConsumer(  312): [unnamed-312-86](this:0xabc11000,id:86,api:0,p:-1,c:312) setConsumerName: unnamed-312-86
12-15 16:26:19.719 I/BufferQueueConsumer(  312): [com.android.settings/com.android.settings.Settings#0](this:0xabc11000,id:86,api:0,p:-1,c:312) setConsumerName: com.android.settings/com.android.settings.Settings#0
12-15 16:26:19.719 I/BufferQueueConsumer(  312): [com.android.settings/com.android.settings.Settings#0](this:0xabc11000,id:86,api:0,p:-1,c:312) setDefaultBufferSize: width=720 height=1600
12-15 16:26:19.721 I/WindowManager(  628): Focus moving from null to Window{6a7d4cb u0 com.android.settings/com.android.settings.Settings}
12-15 16:26:19.722 I/BufferQueueProducer(  312): [com.android.settings/com.android.settings.Settings#0](this:0xabc11000,id:86,api:1,p:3315,c:312) connect(P): api=1 producer=(3315:com.android.settings) producerControlledByApp=true
12-15 16:26:19.770 I/PowerWrap(  628): PowerHal_Wrap_mtkPowerHint
12-15 16:26:19.771 I/libPowerHal(  301): 17: cpu_ctrl set freq: -1 -1
12-15 16:26:19.778 I/SurfaceFlinger(  312): [Built-in Screen (type:0)] fps:36.983437,dur:1000.45,max:349.34,min:15.70
12-15 16:26:19.782 I/WifiHAL (  300): feature_set=0x488141a
12-15 16:26:19.785 I/WifiHAL (  300): feature_set=0x488141a
12-15 16:26:19.791 E/BatteryExternalStatsWorker(  628): no controller energy info supplied for wifi
12-15 16:26:19.791 E/BatteryExternalStatsWorker(  628): no controller energy info supplied for bluetooth
12-15 16:26:19.791 E/BatteryExternalStatsWorker(  628): no controller energy info supplied for telephony
12-15 16:26:19.799 E/KernelCpuSpeedReader(  628): Failed to read cpu-freq: /sys/devices/system/cpu/cpu0/cpufreq/stats/time_in_state (No such file or directory)
12-15 16:26:19.837 I/BufferQueueProducer(  312): [com.android.settings/com.android.settings.Settings$DisplaySettingsActivity#0](this:0xad3d1000,id:85,api:1,p:3315,c:312) queueBuffer: fps=9.91 dur=1009.06 max=842.52 min=15.84
12-15 16:26:20.199 W/ContextImpl( 3315): Calling a method in the system process without a qualified user: android.app.ContextImpl.startService:1532 android.content.ContextWrapper.startService:664 android.app.Activity.onEnterAnimationComplete:6662 android.app.Activity.dispatchEnterAnimationComplete:6673 android.app.ActivityThread.handleEnterAnimationComplete:3275 
12-15 16:26:20.221 I/BufferQueueProducer(  312): [com.android.settings/com.android.settings.Settings$DisplaySettingsActivity#0](this:0xad3d1000,id:85,api:1,p:3315,c:312) disconnect(P): api 1
12-15 16:26:20.222 I/BufferQueueConsumer(  312): [com.android.settings/com.android.settings.Settings$DisplaySettingsActivity#0](this:0xad3d1000,id:85,api:1,p:-1,c:312) getReleasedBuffers: returning mask 0xffffffffffffffff
12-15 16:26:20.231 I/BufferQueueConsumer(  312): [com.android.settings/com.android.settings.Settings$DisplaySettingsActivity#0](this:0xad3d1000,id:85,api:1,p:-1,c:-1) disconnect(C)
12-15 16:26:20.232 I/BufferQueue(  312): [com.android.settings/com.android.settings.Settings$DisplaySettingsActivity#0](this:0xad3d1000,id:85,api:1,p:-1,c:-1) ~BufferQueueCore
12-15 16:26:20.632 I/PowerWrap(  628): PowerHal_TouchBoost
12-15 16:26:20.634 W/ContextImpl( 3315): Calling a method in the system process without a qualified user: android.app.ContextImpl.startService:1532 android.content.ContextWrapper.startService:664 android.content.ContextWrapper.startService:664 com.android.internal.policy.DecorView.dispatchTouchEvent:422 android.view.View.dispatchPointerEvent:12808 
12-15 16:26:20.634 I/libPowerHal(  301): 20: cpu_ctrl set freq: 2001000 -1
12-15 16:26:20.670 W/ContextImpl( 3315): Calling a method in the system process without a qualified user: android.app.ContextImpl.startService:1532 android.content.ContextWrapper.startService:664 android.content.ContextWrapper.startService:664 com.android.internal.policy.DecorView.dispatchTouchEvent:422 android.view.View.dispatchPointerEvent:12808 
12-15 16:26:20.698 I/SurfaceFlinger(  312): screenshot (com.android.settings/com.android.settings.Settings#0)
12-15 16:26:20.712 I/GenieFastBlurUtility(  760): =====blur time:12
12-15 16:26:20.727 I/WindowManager(  628): Focus moving from Window{6a7d4cb u0 com.android.settings/com.android.settings.Settings} to Window{2d05942 u0 com.android.systemui}
12-15 16:26:20.736 I/WindowManager(  628): Focus moving from Window{2d05942 u0 com.android.systemui} to Window{b19bb89 u0 com.android.systemui}
12-15 16:26:20.740 W/ContextImpl( 3315): Calling a method in the system process without a qualified user: android.app.ContextImpl.startService:1532 android.content.ContextWrapper.startService:664 android.content.ContextWrapper.startService:664 com.android.internal.policy.DecorView.dispatchTouchEvent:422 android.view.View.dispatchPointerEvent:12808 
12-15 16:26:20.746 I/BufferQueue(  312): [unnamed-312-87](this:0xabcdf000,id:87,api:0,p:-1,c:-1) BufferQueue core=(312:/system/bin/surfaceflinger)
12-15 16:26:20.746 I/BufferQueueConsumer(  312): [unnamed-312-87](this:0xabcdf000,id:87,api:0,p:-1,c:312) connect(C): consumer=(312:/system/bin/surfaceflinger) controlledByApp=false
12-15 16:26:20.746 I/BufferQueueConsumer(  312): [unnamed-312-87](this:0xabcdf000,id:87,api:0,p:-1,c:312) setConsumerName: unnamed-312-87
12-15 16:26:20.746 I/BufferQueueConsumer(  312): [#0](this:0xabcdf000,id:87,api:0,p:-1,c:312) setConsumerName: #0
12-15 16:26:20.746 I/BufferQueueConsumer(  312): [#0](this:0xabcdf000,id:87,api:0,p:-1,c:312) setDefaultBufferSize: width=720 height=1600
12-15 16:26:20.749 I/BufferQueueProducer(  312): [#0](this:0xabcdf000,id:87,api:1,p:760,c:312) connect(P): api=1 producer=(760:com.android.systemui) producerControlledByApp=true
12-15 16:26:20.763 I/BufferQueue(  312): [unnamed-312-88](this:0xa8aca000,id:88,api:0,p:-1,c:-1) BufferQueue core=(312:/system/bin/surfaceflinger)
12-15 16:26:20.763 I/BufferQueueConsumer(  312): [unnamed-312-88](this:0xa8aca000,id:88,api:0,p:-1,c:312) connect(C): consumer=(312:/system/bin/surfaceflinger) controlledByApp=false
12-15 16:26:20.763 I/BufferQueueConsumer(  312): [unnamed-312-88](this:0xa8aca000,id:88,api:0,p:-1,c:312) setConsumerName: unnamed-312-88
12-15 16:26:20.763 I/BufferQueueConsumer(  312): [#1](this:0xa8aca000,id:88,api:0,p:-1,c:312) setConsumerName: #1
12-15 16:26:20.763 I/BufferQueueConsumer(  312): [#1](this:0xa8aca000,id:88,api:0,p:-1,c:312) setDefaultBufferSize: width=720 height=1600
12-15 16:26:20.766 I/BufferQueueProducer(  312): [#1](this:0xa8aca000,id:88,api:1,p:760,c:312) connect(P): api=1 producer=(760:com.android.systemui) producerControlledByApp=true
12-15 16:26:20.793 I/chatty  ( 3315): uid=1000(system) com.android.settings identical 3 lines
12-15 16:26:20.794 I/SurfaceFlinger(  312): [Built-in Screen (type:0)] fps:30.519033,dur:1015.76,max:472.55,min:16.51
12-15 16:26:20.810 W/ContextImpl( 3315): Calling a method in the system process without a qualified user: android.app.ContextImpl.startService:1532 android.content.ContextWrapper.startService:664 android.content.ContextWrapper.startService:664 com.android.internal.policy.DecorView.dispatchTouchEvent:422 android.view.View.dispatchPointerEvent:12808 
12-15 16:26:20.821 I/WindowManager(  628): Losing delayed focus: Window{6a7d4cb u0 com.android.settings/com.android.settings.Settings}
12-15 16:26:20.821 I/WindowManager(  628): Losing delayed focus: Window{2d05942 u0 com.android.systemui}
12-15 16:26:20.828 W/ContextImpl( 3315): Calling a method in the system process without a qualified user: android.app.ContextImpl.startService:1532 android.content.ContextWrapper.startService:664 android.content.ContextWrapper.startService:664 com.android.internal.policy.DecorView.dispatchTouchEvent:422 android.view.View.dispatchPointerEvent:12808 
12-15 16:26:20.840 I/PowerWrap(  628): PowerHal_TouchBoost
12-15 16:26:20.842 I/chatty  ( 3315): uid=1000(system) com.android.settings identical 1 line
12-15 16:26:20.843 I/libPowerHal(  301): 20: cpu_ctrl set freq: -1 -1
12-15 16:26:20.845 I/BufferQueueProducer(  312): [com.android.settings/com.android.settings.Settings#0](this:0xabc11000,id:86,api:1,p:3315,c:312) queueBuffer: fps=0.92 dur=1090.70 max=1090.70 min=1090.70
12-15 16:26:20.845 W/ContextImpl( 3315): Calling a method in the system process without a qualified user: android.app.ContextImpl.startService:1532 android.content.ContextWrapper.startService:664 android.content.ContextWrapper.startService:664 com.android.internal.policy.DecorView.dispatchTouchEvent:422 android.view.View.dispatchPointerEvent:12808 
12-15 16:26:21.020 E/WifiVendorHal(  628): getWifiLinkLayerStats(l.937) failed {.code = ERROR_NOT_SUPPORTED, .description = }
12-15 16:26:22.086 W/TRAEIdle_Androi( 1276): type=1400 audit(0.0:11928): avc: denied { read } for name="stat" dev="proc" ino=4026532021 scontext=u:r:system_app:s0 tcontext=u:object_r:proc_stat:s0 tclass=file permissive=0
12-15 16:26:22.541 I/PowerWrap(  628): PowerHal_TouchBoost
12-15 16:26:22.544 I/libPowerHal(  301): 20: cpu_ctrl set freq: 2001000 -1
12-15 16:26:22.546 E/ActivityManager(  628): Sending non-protected broadcast com.genie.clickscreen from system 760:com.android.systemui/u0a20 pkg com.android.systemui
12-15 16:26:22.546 E/ActivityManager(  628): java.lang.Throwable
12-15 16:26:22.546 E/ActivityManager(  628): 	at com.android.server.am.ActivityManagerService.checkBroadcastFromSystem(ActivityManagerService.java:21473)
12-15 16:26:22.546 E/ActivityManager(  628): 	at com.android.server.am.ActivityManagerService.broadcastIntentLocked(ActivityManagerService.java:21984)
12-15 16:26:22.546 E/ActivityManager(  628): 	at com.android.server.am.ActivityManagerService.broadcastIntent(ActivityManagerService.java:22227)
12-15 16:26:22.546 E/ActivityManager(  628): 	at android.app.IActivityManager$Stub.onTransact$broadcastIntent$(IActivityManager.java:10181)
12-15 16:26:22.546 E/ActivityManager(  628): 	at android.app.IActivityManager$Stub.onTransact(IActivityManager.java:167)
12-15 16:26:22.546 E/ActivityManager(  628): 	at com.android.server.am.ActivityManagerService.onTransact(ActivityManagerService.java:3350)
12-15 16:26:22.546 E/ActivityManager(  628): 	at android.os.Binder.execTransact(Binder.java:731)
12-15 16:26:22.553 W/AES     (  628): Exception Log handling...
12-15 16:26:22.555 W/AES     (  628): skip for Exp level 0
12-15 16:26:22.555 E/ActivityManager(  628): Sending non-protected broadcast com.genie.clickscreen from system 760:com.android.systemui/u0a20 pkg com.android.systemui
12-15 16:26:22.555 E/ActivityManager(  628): java.lang.Throwable
12-15 16:26:22.555 E/ActivityManager(  628): 	at com.android.server.am.ActivityManagerService.checkBroadcastFromSystem(ActivityManagerService.java:21473)
12-15 16:26:22.555 E/ActivityManager(  628): 	at com.android.server.am.ActivityManagerService.broadcastIntentLocked(ActivityManagerService.java:22077)
12-15 16:26:22.555 E/ActivityManager(  628): 	at com.android.server.am.ActivityManagerService.broadcastIntent(ActivityManagerService.java:22227)
12-15 16:26:22.555 E/ActivityManager(  628): 	at android.app.IActivityManager$Stub.onTransact$broadcastIntent$(IActivityManager.java:10181)
12-15 16:26:22.555 E/ActivityManager(  628): 	at android.app.IActivityManager$Stub.onTransact(IActivityManager.java:167)
12-15 16:26:22.555 E/ActivityManager(  628): 	at com.android.server.am.ActivityManagerService.onTransact(ActivityManagerService.java:3350)
12-15 16:26:22.555 E/ActivityManager(  628): 	at android.os.Binder.execTransact(Binder.java:731)
12-15 16:26:22.558 W/AES     (  628): Exception Log handling...
12-15 16:26:22.559 W/AES     (  628): skip for Exp level 0
12-15 16:26:22.560 I/SA.PushAutoTrackHelper( 1148): SDK or push disabled.
12-15 16:26:22.560 I/LockScreenReceiver( 1148): action ::: com.genie.clickscreen
12-15 16:26:22.561 I/EyesProtectManager( 1148): [ (EyesProtectManager.java:76)#userTracked ] userTracked:  configLoaded-true protectorOn-false canUseScreen-true isUseCounting-false useBeginTime-null useSeconds-0 lockScreenTime-2021-12-15 16:25:26 unlockScreenTime- null
12-15 16:26:22.584 I/BufferQueueProducer(  312): [#0](this:0xabcdf000,id:87,api:1,p:760,c:312) queueBuffer: fps=6.12 dur=1798.66 max=1593.16 min=10.03
12-15 16:26:22.588 I/BufferQueueProducer(  312): [#1](this:0xa8aca000,id:88,api:1,p:760,c:312) queueBuffer: fps=6.15 dur=1788.51 max=1592.01 min=10.46
12-15 16:26:22.598 I/SurfaceFlinger(  312): [Built-in Screen (type:0)] fps:16.074009,dur:1804.15,max:997.73,min:15.14
12-15 16:26:22.680 I/PowerWrap(  628): PowerHal_TouchBoost
12-15 16:26:22.682 I/libPowerHal(  301): 20: cpu_ctrl set freq: -1 -1
12-15 16:26:22.837 I/BufferQueueProducer(  312): [#0](this:0xabcdf000,id:87,api:1,p:760,c:312) disconnect(P): api 1
12-15 16:26:22.838 I/BufferQueueConsumer(  312): [#0](this:0xabcdf000,id:87,api:1,p:-1,c:312) getReleasedBuffers: returning mask 0xffffffffffffffff
12-15 16:26:22.842 I/BufferQueueConsumer(  312): [#0](this:0xabcdf000,id:87,api:1,p:-1,c:-1) disconnect(C)
12-15 16:26:22.847 I/BufferQueue(  312): [#0](this:0xabcdf000,id:87,api:1,p:-1,c:-1) ~BufferQueueCore
12-15 16:26:22.848 W/SurfaceFlinger(  312): Attempting to destroy on removed layer: 2d05942 com.android.systemui#0
12-15 16:26:22.858 I/BufferQueueProducer(  312): [#1](this:0xa8aca000,id:88,api:1,p:760,c:312) disconnect(P): api 1
12-15 16:26:22.858 I/BufferQueueConsumer(  312): [#1](this:0xa8aca000,id:88,api:1,p:-1,c:312) getReleasedBuffers: returning mask 0xffffffffffffffff
12-15 16:26:22.869 W/SurfaceFlinger(  312): Attempting to destroy on removed layer: b19bb89 com.android.systemui#0
12-15 16:26:22.871 I/WindowManager(  628): Focus moving from Window{b19bb89 u0 com.android.systemui} to Window{6a7d4cb u0 com.android.settings/com.android.settings.Settings}
12-15 16:26:22.877 I/BufferQueueConsumer(  312): [#1](this:0xa8aca000,id:88,api:1,p:-1,c:-1) disconnect(C)
12-15 16:26:22.880 I/BufferQueue(  312): [#1](this:0xa8aca000,id:88,api:1,p:-1,c:-1) ~BufferQueueCore
12-15 16:26:22.893 I/BufferQueueProducer(  312): [com.android.settings/com.android.settings.Settings#0](this:0xabc11000,id:86,api:1,p:3315,c:312) queueBuffer: fps=8.30 dur=2048.26 max=1304.85 min=14.82
12-15 16:26:23.330 I/PowerWrap(  628): PowerHal_TouchBoost
12-15 16:26:23.333 W/ContextImpl( 3315): Calling a method in the system process without a qualified user: android.app.ContextImpl.sendBroadcast:1006 android.content.ContextWrapper.sendBroadcast:444 android.view.View.dispatchTouchEvent:12526 android.view.ViewGroup.dispatchTransformedTouchEvent:3077 android.view.ViewGroup.dispatchTouchEvent:2727 
12-15 16:26:23.334 I/libPowerHal(  301): 20: cpu_ctrl set freq: 2001000 -1
12-15 16:26:23.335 E/ActivityManager(  628): Sending non-protected broadcast com.genie.clickscreen from system 3315:com.android.settings/1000 pkg com.android.settings
12-15 16:26:23.335 E/ActivityManager(  628): java.lang.Throwable
12-15 16:26:23.335 E/ActivityManager(  628): 	at com.android.server.am.ActivityManagerService.checkBroadcastFromSystem(ActivityManagerService.java:21473)
12-15 16:26:23.335 E/ActivityManager(  628): 	at com.android.server.am.ActivityManagerService.broadcastIntentLocked(ActivityManagerService.java:21984)
12-15 16:26:23.335 E/ActivityManager(  628): 	at com.android.server.am.ActivityManagerService.broadcastIntent(ActivityManagerService.java:22227)
12-15 16:26:23.335 E/ActivityManager(  628): 	at android.app.IActivityManager$Stub.onTransact$broadcastIntent$(IActivityManager.java:10181)
12-15 16:26:23.335 E/ActivityManager(  628): 	at android.app.IActivityManager$Stub.onTransact(IActivityManager.java:167)
12-15 16:26:23.335 E/ActivityManager(  628): 	at com.android.server.am.ActivityManagerService.onTransact(ActivityManagerService.java:3350)
12-15 16:26:23.335 E/ActivityManager(  628): 	at android.os.Binder.execTransact(Binder.java:731)
12-15 16:26:23.342 W/AES     (  628): Exception Log handling...
12-15 16:26:23.344 W/AES     (  628): skip for Exp level 0
12-15 16:26:23.344 E/ActivityManager(  628): Sending non-protected broadcast com.genie.clickscreen from system 3315:com.android.settings/1000 pkg com.android.settings
12-15 16:26:23.344 E/ActivityManager(  628): java.lang.Throwable
12-15 16:26:23.344 E/ActivityManager(  628): 	at com.android.server.am.ActivityManagerService.checkBroadcastFromSystem(ActivityManagerService.java:21473)
12-15 16:26:23.344 E/ActivityManager(  628): 	at com.android.server.am.ActivityManagerService.broadcastIntentLocked(ActivityManagerService.java:22077)
12-15 16:26:23.344 E/ActivityManager(  628): 	at com.android.server.am.ActivityManagerService.broadcastIntent(ActivityManagerService.java:22227)
12-15 16:26:23.344 E/ActivityManager(  628): 	at android.app.IActivityManager$Stub.onTransact$broadcastIntent$(IActivityManager.java:10181)
12-15 16:26:23.344 E/ActivityManager(  628): 	at android.app.IActivityManager$Stub.onTransact(IActivityManager.java:167)
12-15 16:26:23.344 E/ActivityManager(  628): 	at com.android.server.am.ActivityManagerService.onTransact(ActivityManagerService.java:3350)
12-15 16:26:23.344 E/ActivityManager(  628): 	at android.os.Binder.execTransact(Binder.java:731)
12-15 16:26:23.348 W/AES     (  628): Exception Log handling...
12-15 16:26:23.349 W/AES     (  628): skip for Exp level 0
12-15 16:26:23.350 I/SA.PushAutoTrackHelper( 1148): SDK or push disabled.
12-15 16:26:23.351 I/LockScreenReceiver( 1148): action ::: com.genie.clickscreen
12-15 16:26:23.351 I/EyesProtectManager( 1148): [ (EyesProtectManager.java:76)#userTracked ] userTracked:  configLoaded-true protectorOn-false canUseScreen-true isUseCounting-false useBeginTime-null useSeconds-0 lockScreenTime-2021-12-15 16:25:26 unlockScreenTime- null
12-15 16:26:23.451 I/PowerWrap(  628): PowerHal_TouchBoost
12-15 16:26:23.453 I/libPowerHal(  301): 20: cpu_ctrl set freq: -1 -1
12-15 16:26:23.616 I/SurfaceFlinger(  312): [Built-in Screen (type:0)] fps:29.486202,dur:1017.43,max:508.62,min:12.83
12-15 16:26:23.785 I/PowerWrap(  628): PowerHal_TouchBoost
12-15 16:26:23.787 I/libPowerHal(  301): 20: cpu_ctrl set freq: 2001000 -1
12-15 16:26:23.787 W/ContextImpl( 3315): Calling a method in the system process without a qualified user: android.app.ContextImpl.startService:1532 android.content.ContextWrapper.startService:664 android.content.ContextWrapper.startService:664 com.android.internal.policy.DecorView.dispatchTouchEvent:422 android.view.View.dispatchPointerEvent:12808 
12-15 16:26:23.802 I/PowerWrap(  628): PowerHal_TouchBoost
12-15 16:26:23.803 I/libPowerHal(  301): 20: cpu_ctrl set freq: -1 -1
12-15 16:26:23.820 I/PowerWrap(  628): PowerHal_TouchBoost
12-15 16:26:23.822 I/libPowerHal(  301): 20: cpu_ctrl set freq: 2001000 -1
12-15 16:26:23.846 I/SurfaceFlinger(  312): screenshot (com.android.settings/com.android.settings.Settings#0)
12-15 16:26:23.859 I/GenieFastBlurUtility(  760): =====blur time:11
12-15 16:26:23.899 I/BufferQueueProducer(  312): [com.android.settings/com.android.settings.Settings#0](this:0xabc11000,id:86,api:1,p:3315,c:312) queueBuffer: fps=29.82 dur=1006.19 max=502.05 min=13.71
12-15 16:26:23.907 I/PowerWrap(  628): PowerHal_TouchBoost
12-15 16:26:23.908 I/libPowerHal(  301): 20: cpu_ctrl set freq: -1 -1
12-15 16:26:24.038 E/WifiVendorHal(  628): getWifiLinkLayerStats(l.937) failed {.code = ERROR_NOT_SUPPORTED, .description = }
12-15 16:26:24.086 W/TRAEIdle_Androi( 1276): type=1400 audit(0.0:11929): avc: denied { read } for name="stat" dev="proc" ino=4026532021 scontext=u:r:system_app:s0 tcontext=u:object_r:proc_stat:s0 tclass=file permissive=0
12-15 16:26:24.504 I/PowerWrap(  628): PowerHal_TouchBoost
12-15 16:26:24.505 I/libPowerHal(  301): 20: cpu_ctrl set freq: 2001000 -1
12-15 16:26:24.575 I/SurfaceFlinger(  312): screenshot (com.android.settings/com.android.settings.Settings#0)
12-15 16:26:24.593 I/GenieFastBlurUtility(  760): =====blur time:16
12-15 16:26:24.595 I/chatty  ( 3315): uid=1000(system) com.android.settings identical 6 lines
12-15 16:26:24.608 I/PowerWrap(  628): PowerHal_TouchBoost
12-15 16:26:24.609 I/libPowerHal(  301): 20: cpu_ctrl set freq: -1 -1
12-15 16:26:24.609 W/ContextImpl( 3315): Calling a method in the system process without a qualified user: android.app.ContextImpl.startService:1532 android.content.ContextWrapper.startService:664 android.content.ContextWrapper.startService:664 com.android.internal.policy.DecorView.dispatchTouchEvent:422 android.view.View.dispatchPointerEvent:12808 
12-15 16:26:24.610 I/WindowManager(  628): Focus moving from Window{6a7d4cb u0 com.android.settings/com.android.settings.Settings} to Window{5fda0a2 u0 com.android.systemui}
12-15 16:26:24.612 W/ContextImpl( 3315): Calling a method in the system process without a qualified user: android.app.ContextImpl.startService:1532 android.content.ContextWrapper.startService:664 android.content.ContextWrapper.startService:664 com.android.internal.policy.DecorView.dispatchTouchEvent:422 android.view.View.dispatchPointerEvent:12808 
12-15 16:26:24.621 I/WindowManager(  628): Focus moving from Window{5fda0a2 u0 com.android.systemui} to Window{467b269 u0 com.android.systemui}
12-15 16:26:24.628 I/BufferQueue(  312): [unnamed-312-89](this:0xabbb2000,id:89,api:0,p:-1,c:-1) BufferQueue core=(312:/system/bin/surfaceflinger)
12-15 16:26:24.628 I/BufferQueueConsumer(  312): [unnamed-312-89](this:0xabbb2000,id:89,api:0,p:-1,c:312) connect(C): consumer=(312:/system/bin/surfaceflinger) controlledByApp=false
12-15 16:26:24.628 I/BufferQueueConsumer(  312): [unnamed-312-89](this:0xabbb2000,id:89,api:0,p:-1,c:312) setConsumerName: unnamed-312-89
12-15 16:26:24.628 I/BufferQueueConsumer(  312): [#0](this:0xabbb2000,id:89,api:0,p:-1,c:312) setConsumerName: #0
12-15 16:26:24.628 I/BufferQueueConsumer(  312): [#0](this:0xabbb2000,id:89,api:0,p:-1,c:312) setDefaultBufferSize: width=720 height=1600
12-15 16:26:24.631 I/SurfaceFlinger(  312): [Built-in Screen (type:0)] fps:32.490433,dur:1015.68,max:456.12,min:16.57
12-15 16:26:24.632 I/BufferQueueProducer(  312): [#0](this:0xabbb2000,id:89,api:1,p:760,c:312) connect(P): api=1 producer=(760:com.android.systemui) producerControlledByApp=true
12-15 16:26:24.643 I/BufferQueue(  312): [unnamed-312-90](this:0xa8aca000,id:90,api:0,p:-1,c:-1) BufferQueue core=(312:/system/bin/surfaceflinger)
12-15 16:26:24.643 I/BufferQueueConsumer(  312): [unnamed-312-90](this:0xa8aca000,id:90,api:0,p:-1,c:312) connect(C): consumer=(312:/system/bin/surfaceflinger) controlledByApp=false
12-15 16:26:24.643 I/BufferQueueConsumer(  312): [unnamed-312-90](this:0xa8aca000,id:90,api:0,p:-1,c:312) setConsumerName: unnamed-312-90
12-15 16:26:24.643 I/BufferQueueConsumer(  312): [#1](this:0xa8aca000,id:90,api:0,p:-1,c:312) setConsumerName: #1
12-15 16:26:24.643 I/BufferQueueConsumer(  312): [#1](this:0xa8aca000,id:90,api:0,p:-1,c:312) setDefaultBufferSize: width=720 height=1600
12-15 16:26:24.646 I/BufferQueueProducer(  312): [#1](this:0xa8aca000,id:90,api:1,p:760,c:312) connect(P): api=1 producer=(760:com.android.systemui) producerControlledByApp=true
12-15 16:26:24.693 I/WindowManager(  628): Losing delayed focus: Window{6a7d4cb u0 com.android.settings/com.android.settings.Settings}
12-15 16:26:24.694 I/WindowManager(  628): Losing delayed focus: Window{5fda0a2 u0 com.android.systemui}
12-15 16:26:25.450 I/PowerWrap(  628): PowerHal_TouchBoost
12-15 16:26:25.451 I/libPowerHal(  301): 20: cpu_ctrl set freq: 2001000 -1
12-15 16:26:25.453 E/ActivityManager(  628): Sending non-protected broadcast com.genie.clickscreen from system 760:com.android.systemui/u0a20 pkg com.android.systemui
12-15 16:26:25.453 E/ActivityManager(  628): java.lang.Throwable
12-15 16:26:25.453 E/ActivityManager(  628): 	at com.android.server.am.ActivityManagerService.checkBroadcastFromSystem(ActivityManagerService.java:21473)
12-15 16:26:25.453 E/ActivityManager(  628): 	at com.android.server.am.ActivityManagerService.broadcastIntentLocked(ActivityManagerService.java:21984)
12-15 16:26:25.453 E/ActivityManager(  628): 	at com.android.server.am.ActivityManagerService.broadcastIntent(ActivityManagerService.java:22227)
12-15 16:26:25.453 E/ActivityManager(  628): 	at android.app.IActivityManager$Stub.onTransact$broadcastIntent$(IActivityManager.java:10181)
12-15 16:26:25.453 E/ActivityManager(  628): 	at android.app.IActivityManager$Stub.onTransact(IActivityManager.java:167)
12-15 16:26:25.453 E/ActivityManager(  628): 	at com.android.server.am.ActivityManagerService.onTransact(ActivityManagerService.java:3350)
12-15 16:26:25.453 E/ActivityManager(  628): 	at android.os.Binder.execTransact(Binder.java:731)
12-15 16:26:25.456 W/AES     (  628): Exception Log handling...
12-15 16:26:25.457 W/AES     (  628): skip for Exp level 0
12-15 16:26:25.458 E/ActivityManager(  628): Sending non-protected broadcast com.genie.clickscreen from system 760:com.android.systemui/u0a20 pkg com.android.systemui
12-15 16:26:25.458 E/ActivityManager(  628): java.lang.Throwable
12-15 16:26:25.458 E/ActivityManager(  628): 	at com.android.server.am.ActivityManagerService.checkBroadcastFromSystem(ActivityManagerService.java:21473)
12-15 16:26:25.458 E/ActivityManager(  628): 	at com.android.server.am.ActivityManagerService.broadcastIntentLocked(ActivityManagerService.java:22077)
12-15 16:26:25.458 E/ActivityManager(  628): 	at com.android.server.am.ActivityManagerService.broadcastIntent(ActivityManagerService.java:22227)
12-15 16:26:25.458 E/ActivityManager(  628): 	at android.app.IActivityManager$Stub.onTransact$broadcastIntent$(IActivityManager.java:10181)
12-15 16:26:25.458 E/ActivityManager(  628): 	at android.app.IActivityManager$Stub.onTransact(IActivityManager.java:167)
12-15 16:26:25.458 E/ActivityManager(  628): 	at com.android.server.am.ActivityManagerService.onTransact(ActivityManagerService.java:3350)
12-15 16:26:25.458 E/ActivityManager(  628): 	at android.os.Binder.execTransact(Binder.java:731)
12-15 16:26:25.460 I/SA.PushAutoTrackHelper( 1148): SDK or push disabled.
12-15 16:26:25.460 I/LockScreenReceiver( 1148): action ::: com.genie.clickscreen
12-15 16:26:25.460 I/EyesProtectManager( 1148): [ (EyesProtectManager.java:76)#userTracked ] userTracked:  configLoaded-true protectorOn-false canUseScreen-true isUseCounting-false useBeginTime-null useSeconds-0 lockScreenTime-2021-12-15 16:25:26 unlockScreenTime- null
12-15 16:26:25.554 I/PowerWrap(  628): PowerHal_TouchBoost
12-15 16:26:25.555 I/libPowerHal(  301): 20: cpu_ctrl set freq: -1 -1
12-15 16:26:25.556 E/AudioTrack(  628): start(): 0x8bec3180, mState = 1
12-15 16:26:25.565 E/AudioALSAPlaybackHandlerBase(  286): -getHardwareBufferInfo(), pcm_get_htimestamp fail, ret = -1, pcm_get_error = 
12-15 16:26:25.642 I/PowerWrap(  628): PowerHal_TouchBoost
12-15 16:26:25.645 I/libPowerHal(  301): 20: cpu_ctrl set freq: 2001000 -1
12-15 16:26:25.747 I/PowerWrap(  628): PowerHal_TouchBoost
12-15 16:26:25.748 I/libPowerHal(  301): 20: cpu_ctrl set freq: -1 -1
12-15 16:26:25.749 E/AudioTrack(  628): start(): 0x8bec3180, mState = 1
12-15 16:26:25.818 I/PowerWrap(  628): PowerHal_TouchBoost
12-15 16:26:25.819 I/libPowerHal(  301): 20: cpu_ctrl set freq: 2001000 -1
12-15 16:26:25.922 I/PowerWrap(  628): PowerHal_TouchBoost
12-15 16:26:25.923 I/libPowerHal(  301): 20: cpu_ctrl set freq: -1 -1
12-15 16:26:25.924 E/AudioTrack(  628): start(): 0x8bec3180, mState = 1
12-15 16:26:25.976 I/PowerWrap(  628): PowerHal_TouchBoost
12-15 16:26:25.978 I/libPowerHal(  301): 20: cpu_ctrl set freq: 2001000 -1
12-15 16:26:26.062 I/PowerWrap(  628): PowerHal_TouchBoost
12-15 16:26:26.063 I/libPowerHal(  301): 20: cpu_ctrl set freq: -1 -1
12-15 16:26:26.065 E/AudioTrack(  628): start(): 0x8bec3180, mState = 1
12-15 16:26:26.089 W/TRAEIdle_Androi( 1276): type=1400 audit(0.0:11930): avc: denied { read } for name="stat" dev="proc" ino=4026532021 scontext=u:r:system_app:s0 tcontext=u:object_r:proc_stat:s0 tclass=file permissive=0
12-15 16:26:26.133 I/PowerWrap(  628): PowerHal_TouchBoost
12-15 16:26:26.135 I/libPowerHal(  301): 20: cpu_ctrl set freq: 2001000 -1
12-15 16:26:26.220 I/PowerWrap(  628): PowerHal_TouchBoost
12-15 16:26:26.222 I/libPowerHal(  301): 20: cpu_ctrl set freq: -1 -1
12-15 16:26:26.222 E/AudioTrack(  628): start(): 0x8bec3180, mState = 1
12-15 16:26:26.291 I/PowerWrap(  628): PowerHal_TouchBoost
12-15 16:26:26.292 I/libPowerHal(  301): 20: cpu_ctrl set freq: 2001000 -1
12-15 16:26:26.352 E/MtkDataShapingUtils(  628): Exception openLteGateByDataShaping  in java.lang.NullPointerException: null receiver
12-15 16:26:26.352 W/System.err(  628): java.lang.NullPointerException: null receiver
12-15 16:26:26.352 W/System.err(  628): 	at java.lang.reflect.Method.invoke(Native Method)
12-15 16:26:26.352 W/System.err(  628): 	at com.mediatek.server.MtkDataShaping.openLteGateByDataShaping(MtkDataShaping.java:36)
12-15 16:26:26.352 W/System.err(  628): 	at com.android.server.AlarmManagerService.deliverAlarmsLocked(AlarmManagerService.java:3603)
12-15 16:26:26.353 W/System.err(  628): 	at com.android.server.AlarmManagerService$AlarmThread.run(AlarmManagerService.java:3781)
12-15 16:26:26.354 E/ActivityManager(  628): Sending non-protected broadcast ALARM_ACTION(1087) from system uid 1000 pkg com.tal.genie.push
12-15 16:26:26.354 E/ActivityManager(  628): java.lang.Throwable
12-15 16:26:26.354 E/ActivityManager(  628): 	at com.android.server.am.ActivityManagerService.checkBroadcastFromSystem(ActivityManagerService.java:21477)
12-15 16:26:26.354 E/ActivityManager(  628): 	at com.android.server.am.ActivityManagerService.broadcastIntentLocked(ActivityManagerService.java:22077)
12-15 16:26:26.354 E/ActivityManager(  628): 	at com.android.server.am.ActivityManagerService.broadcastIntentInPackage(ActivityManagerService.java:22256)
12-15 16:26:26.354 E/ActivityManager(  628): 	at com.android.server.am.PendingIntentRecord.sendInner(PendingIntentRecord.java:372)
12-15 16:26:26.354 E/ActivityManager(  628): 	at com.android.server.am.PendingIntentRecord.sendWithResult(PendingIntentRecord.java:245)
12-15 16:26:26.354 E/ActivityManager(  628): 	at com.android.server.am.ActivityManagerService.sendIntentSender(ActivityManagerService.java:8613)
12-15 16:26:26.354 E/ActivityManager(  628): 	at android.app.PendingIntent.sendAndReturnResult(PendingIntent.java:892)
12-15 16:26:26.354 E/ActivityManager(  628): 	at android.app.PendingIntent.send(PendingIntent.java:874)
12-15 16:26:26.354 E/ActivityManager(  628): 	at com.android.server.AlarmManagerService$DeliveryTracker.deliverLocked(AlarmManagerService.java:4387)
12-15 16:26:26.354 E/ActivityManager(  628): 	at com.android.server.AlarmManagerService.deliverAlarmsLocked(AlarmManagerService.java:3632)
12-15 16:26:26.354 E/ActivityManager(  628): 	at com.android.server.AlarmManagerService$AlarmThread.run(AlarmManagerService.java:3781)
12-15 16:26:26.395 I/PowerWrap(  628): PowerHal_TouchBoost
12-15 16:26:26.397 I/libPowerHal(  301): 20: cpu_ctrl set freq: -1 -1
12-15 16:26:26.398 E/AudioTrack(  628): start(): 0x8bec3180, mState = 1
12-15 16:26:26.451 I/test    ( 1276): [ (UpdateManager.java:27)#update ] check code:142 name 1.0.0 12-14 22:38:41 release isRelease=false
12-15 16:26:26.466 I/PowerWrap(  628): PowerHal_TouchBoost
12-15 16:26:26.468 I/libPowerHal(  301): 20: cpu_ctrl set freq: 2001000 -1
12-15 16:26:26.571 I/PowerWrap(  628): PowerHal_TouchBoost
12-15 16:26:26.573 E/AudioTrack(  628): start(): 0x8bec3180, mState = 1
12-15 16:26:26.573 I/libPowerHal(  301): 20: cpu_ctrl set freq: -1 -1
12-15 16:26:26.624 I/PowerWrap(  628): PowerHal_TouchBoost
12-15 16:26:26.626 I/libPowerHal(  301): 20: cpu_ctrl set freq: 2001000 -1
12-15 16:26:26.711 I/PowerWrap(  628): PowerHal_TouchBoost
12-15 16:26:26.712 I/libPowerHal(  301): 20: cpu_ctrl set freq: -1 -1
12-15 16:26:26.714 E/AudioTrack(  628): start(): 0x8bec3180, mState = 1
12-15 16:26:26.775 E/MtkDataShapingUtils(  628): Exception openLteGateByDataShaping  in java.lang.NullPointerException: null receiver
12-15 16:26:26.775 W/System.err(  628): java.lang.NullPointerException: null receiver
12-15 16:26:26.775 W/System.err(  628): 	at java.lang.reflect.Method.invoke(Native Method)
12-15 16:26:26.775 W/System.err(  628): 	at com.mediatek.server.MtkDataShaping.openLteGateByDataShaping(MtkDataShaping.java:36)
12-15 16:26:26.775 W/System.err(  628): 	at com.android.server.AlarmManagerService.deliverAlarmsLocked(AlarmManagerService.java:3603)
12-15 16:26:26.775 W/System.err(  628): 	at com.android.server.AlarmManagerService$AlarmThread.run(AlarmManagerService.java:3781)
12-15 16:26:26.799 I/PowerWrap(  628): PowerHal_TouchBoost
12-15 16:26:26.800 I/libPowerHal(  301): 20: cpu_ctrl set freq: 2001000 -1
12-15 16:26:26.904 I/PowerWrap(  628): PowerHal_TouchBoost
12-15 16:26:26.906 E/AudioTrack(  628): start(): 0x8bec3180, mState = 1
12-15 16:26:26.906 I/libPowerHal(  301): 20: cpu_ctrl set freq: -1 -1
12-15 16:26:26.957 I/PowerWrap(  628): PowerHal_TouchBoost
12-15 16:26:26.959 I/libPowerHal(  301): 20: cpu_ctrl set freq: 2001000 -1
12-15 16:26:27.056 E/WifiVendorHal(  628): getWifiLinkLayerStats(l.937) failed {.code = ERROR_NOT_SUPPORTED, .description = }
12-15 16:26:27.061 I/PowerWrap(  628): PowerHal_TouchBoost
12-15 16:26:27.063 I/libPowerHal(  301): 20: cpu_ctrl set freq: -1 -1
12-15 16:26:27.063 I/ActivityManager(  628): START u0 {flg=0x30000000 cmp=com.example.myapplication2/.MainActivity} from uid 10020
12-15 16:26:27.064 E/AudioTrack(  628): start(): 0x8bec3180, mState = 1
12-15 16:26:27.078 I/vendor.mediatek.hardware.power@2.0-impl(  301): powerHintAsync hint:8, data:1
12-15 16:26:27.079 I/libPowerHal(  301): 8: cpu_ctrl set freq: 2001000 -1
12-15 16:26:27.082 I/PowerWrap(  628): PowerHal_Wrap_mtkPowerHint
12-15 16:26:27.088 I/chatty  (  628): uid=1000(system) Binder:628_C identical 4 lines
12-15 16:26:27.089 I/PowerWrap(  628): PowerHal_Wrap_mtkPowerHint
12-15 16:26:27.092 W/lmkd    (  311): type=1400 audit(0.0:11931): avc: denied { dac_read_search } for capability=2 scontext=u:r:lmkd:s0 tcontext=u:r:lmkd:s0 tclass=capability permissive=0
12-15 16:26:27.092 W/lmkd    (  311): type=1400 audit(0.0:11932): avc: denied { dac_read_search } for capability=2 scontext=u:r:lmkd:s0 tcontext=u:r:lmkd:s0 tclass=capability permissive=0
12-15 16:26:27.095 W/WindowManager(  628): Attempted to add application window with unknown token Token{7d13853 ActivityRecord{eb21042 u0 com.example.myapplication2/.PWDActivity t-1 f}}.  Aborting.
12-15 16:26:27.096 I/PowerWrap(  628): PowerHal_Wrap_mtkPowerHint
12-15 16:26:27.096 I/PowerWrap(  628): PowerHal_Wrap_mtkPowerHint
12-15 16:26:27.096 W/WindowManager(  628): Token{7d13853 ActivityRecord{eb21042 u0 com.example.myapplication2/.PWDActivity t-1 f}} already running, starting window not displayed. Unable to add window -- token Token{7d13853 ActivityRecord{eb21042 u0 com.example.myapplication2/.PWDActivity t-1 f}} is not valid; is your activity running?
12-15 16:26:27.096 W/WindowManager(  628): view not successfully added to wm, removing view
12-15 16:26:27.102 I/SurfaceFlinger(  312): [Built-in Screen (type:0)] fps:5.260992,dur:2471.02,max:2260.98,min:16.34
12-15 16:26:27.105 I/ActivityManager(  628): Start proc 4354:com.example.myapplication2/1000 for activity com.example.myapplication2/.MainActivity
