11-18 11:05:33.616 W/ContextImpl( 1218): Calling a method in the system process without a qualified user: android.app.ContextImpl.startActivity:900 android.app.ContextImpl.startActivity:889 android.content.ContextWrapper.startActivity:379 com.tal.genie.lockscreen.receiver.LockScreenReceiver.lockScreen:115 com.tal.genie.lockscreen.receiver.LockScreenReceiver.onReceive:49 
11-18 11:05:33.617 I/ActivityManager(  630): START u0 {flg=0x10800000 cmp=com.tal.genie.launcher/com.tal.genie.lockscreen.activity.LockScreenActivity} from uid 1000
11-18 11:05:33.632 W/ContextImpl( 1218): Calling a method in the system process without a qualified user: android.app.ContextImpl.sendBroadcast:1006 android.content.ContextWrapper.sendBroadcast:444 com.tal.genie.lockscreen.utils.PushNotificationDialogManager.sendPushNotificationStatus:54 com.tal.genie.lockscreen.utils.PushNotificationDialogManager.sendPushNotificationShow:23 com.tal.genie.lockscreen.receiver.LockScreenReceiver.lockScreen:120 
11-18 11:05:33.644 I/WindowManager(  630): Focus moving from Window{27ecdc5 u0 com.tal.genie.launcher/com.tal.genie.setting.activity.SettingActivity} to null
11-18 11:05:33.682 W/ContextImpl( 1218): Calling a method in the system process without a qualified user: android.app.ContextImpl.sendBroadcast:1006 android.content.ContextWrapper.sendBroadcast:444 android.content.ContextWrapper.sendBroadcast:444 com.tal.genie.lockscreen.receiver.LockScreenReceiver.sendBroadCastToVoice:180 com.tal.genie.lockscreen.activity.LockScreenActivity.onTimeTickReceived:156 
11-18 11:05:33.688 W/ContextImpl( 1218): Calling a method in the system process without a qualified user: android.app.ContextImpl.startForegroundService:1538 android.content.ContextWrapper.startForegroundService:669 android.content.ContextWrapper.startForegroundService:669 com.tal.genie.lockscreen.activity.LockScreenActivity.initSevice:84 com.tal.genie.lockscreen.activity.LockScreenActivity.onCreate:77 
11-18 11:05:33.694 W/ContextImpl( 1218): Calling a method in the system process without a qualified user: android.app.ContextImpl.startService:1532 android.content.ContextWrapper.startService:664 android.content.ContextWrapper.startService:664 android.app.Activity.onPostResume:1391 androidx.fragment.app.FragmentActivity.onPostResume:446 
11-18 11:05:33.707 I/WindowManager(  630): Relayout Window{b8003b4 u0 com.tal.genie.launcher/com.tal.genie.lockscreen.activity.LockScreenActivity}: oldVis=4 newVis=0 focusMayChange = true
11-18 11:05:33.711 I/WindowManager(  630): Focus moving from null to Window{b8003b4 u0 com.tal.genie.launcher/com.tal.genie.lockscreen.activity.LockScreenActivity}
11-18 11:06:00.017 W/ContextImpl( 1218): Calling a method in the system process without a qualified user: android.app.ContextImpl.sendBroadcast:1006 android.content.ContextWrapper.sendBroadcast:444 android.content.ContextWrapper.sendBroadcast:444 com.tal.genie.lockscreen.receiver.LockScreenReceiver.sendBroadCastToVoice:180 com.tal.genie.lockscreen.activity.LockScreenActivity.onTimeTickReceived:156 
11-18 11:06:00.035 W/ContextImpl( 1218): Calling a method in the system process without a qualified user: android.app.ContextImpl.sendBroadcast:1006 android.content.ContextWrapper.sendBroadcast:444 com.tal.genie.launcher.service.TimeTickListener.sendOTASilentBroadcast:62 com.tal.genie.launcher.service.TimeTickListener.onTimeTickReceived:31 com.tal.genie.base_receiver.time.TimeTickManager.onTimeTickReceived:80 
11-18 11:06:00.048 W/ContextImpl( 1218): Calling a method in the system process without a qualified user: android.app.ContextImpl.sendBroadcast:1006 android.content.ContextWrapper.sendBroadcast:444 com.tal.genie.service_controldata.EyesProtectManager.sendEyesProtectorBroadcast:362 com.tal.genie.service_controldata.EyesProtectManager.eyesProtectDetector:135 com.tal.genie.launcher.service.TimeTickListener.onTimeTickReceived:34 
11-18 11:06:00.064 W/ContextImpl( 1218): Calling a method in the system process without a qualified user: android.app.ContextImpl.sendBroadcast:1006 android.content.ContextWrapper.sendBroadcast:444 com.tal.genie.lockscreen.receiver.LockScreenReceiver.sendBroadCastToVoice:180 com.tal.genie.lockscreen.receiver.LockScreenReceiver.onReceive:67 android.app.LoadedApk$ReceiverDispatcher$Args.lambda$getRunnable$0:1391 
11-18 11:06:01.863 E/storaged(  470): getDiskStats failed with result NOT_SUPPORTED and size 0
11-18 11:06:28.155 I/PowerManagerService(  630): Going to sleep due to screen timeout (uid 1000)...
11-18 11:06:28.156 W/UsageStatsService(  630): Event reported without a package name
11-18 11:06:28.156 I/PowerManagerService(  630): Sleeping (uid 1000)...
11-18 11:06:28.156 I/DisplayPowerController(  630): Blocking screen off
11-18 11:06:28.156 I/DisplayPowerController(  630): Unblocked screen off after 1 ms
11-18 11:06:28.160 E/KernelCpuSpeedReader(  630): Failed to read cpu-freq: /sys/devices/system/cpu/cpu0/cpufreq/stats/time_in_state (No such file or directory)
11-18 11:06:28.174 I/DisplayManagerService(  630): Display device changed state: "", OFF
11-18 11:06:31.474 I/PowerManagerService(  630): Waking up from sleep (uid=1000 reason=android.policy:POWER)...
11-18 11:06:31.474 W/UsageStatsService(  630): Event reported without a package name
11-18 11:06:31.476 I/DisplayPowerController(  630): Blocking screen on until initial contents have been drawn.
11-18 11:06:31.476 E/KernelCpuSpeedReader(  630): Failed to read cpu-freq: /sys/devices/system/cpu/cpu0/cpufreq/stats/time_in_state (No such file or directory)
11-18 11:06:31.495 I/DisplayManagerService(  630): Display device changed state: "", ON
11-18 11:06:31.505 I/WindowManager(  630): Waiting for drawn Window{b8003b4 u0 com.tal.genie.launcher/com.tal.genie.lockscreen.activity.LockScreenActivity}: removed=false visible=true mHasSurface=true drawState=1
11-18 11:06:31.508 I/WindowManager(  630): Waiting for drawn Window{b8003b4 u0 com.tal.genie.launcher/com.tal.genie.lockscreen.activity.LockScreenActivity}: removed=false visible=true mHasSurface=true drawState=1
11-18 11:06:31.513 W/BroadcastQueue(  630): Background execution not allowed: receiving Intent { act=android.intent.action.USER_PRESENT flg=0x24200010 } to com.tal.genie.launcher/com.tal.genie.lockscreen.receiver.LockScreenReceiver
11-18 11:06:31.513 I/WindowManager(  630): Waiting for drawn Window{b8003b4 u0 com.tal.genie.launcher/com.tal.genie.lockscreen.activity.LockScreenActivity}: removed=false visible=true mHasSurface=true drawState=1
11-18 11:06:31.518 W/ContextImpl( 1218): Calling a method in the system process without a qualified user: android.app.ContextImpl.startService:1532 android.content.ContextWrapper.startService:664 android.content.ContextWrapper.startService:664 android.app.Activity.onPostResume:1391 androidx.fragment.app.FragmentActivity.onPostResume:446 
11-18 11:06:31.528 I/WindowManager(  630): Waiting for drawn Window{b8003b4 u0 com.tal.genie.launcher/com.tal.genie.lockscreen.activity.LockScreenActivity}: removed=false visible=true mHasSurface=true drawState=1
11-18 11:06:31.537 W/ContextImpl( 1218): Calling a method in the system process without a qualified user: android.app.ContextImpl.sendBroadcast:1006 android.content.ContextWrapper.sendBroadcast:444 com.tal.genie.lockscreen.receiver.LockScreenReceiver.sendUnlockScreenOnBroadcast:152 com.tal.genie.lockscreen.receiver.LockScreenReceiver.onReceive:47 android.app.LoadedApk$ReceiverDispatcher$Args.lambda$getRunnable$0:1391 
11-18 11:06:31.538 I/WindowManager(  630): Waiting for drawn Window{b8003b4 u0 com.tal.genie.launcher/com.tal.genie.lockscreen.activity.LockScreenActivity}: removed=false visible=true mHasSurface=true drawState=4
11-18 11:06:31.553 I/DisplayPowerController(  630): Unblocked screen on after 78 ms
11-18 11:06:31.577 W/ContextImpl( 1218): Calling a method in the system process without a qualified user: android.app.ContextImpl.sendBroadcast:1006 android.content.ContextWrapper.sendBroadcast:444 com.tal.genie.lockscreen.utils.PushNotificationDialogManager.sendPushNotificationStatus:54 com.tal.genie.lockscreen.utils.PushNotificationDialogManager.sendPushNotificationShow:23 com.tal.genie.lockscreen.activity.LockScreenActivity.onFinish:188 
11-18 11:06:31.799 I/WindowManager(  630): Focus moving from Window{b8003b4 u0 com.tal.genie.launcher/com.tal.genie.lockscreen.activity.LockScreenActivity} to null
11-18 11:06:31.813 W/ContextImpl( 1218): Calling a method in the system process without a qualified user: android.app.ContextImpl.startService:1532 android.content.ContextWrapper.startService:664 android.content.ContextWrapper.startService:664 android.app.Activity.onPostResume:1391 androidx.fragment.app.FragmentActivity.onPostResume:446 
11-18 11:06:31.822 I/WindowManager(  630): Relayout Window{27ecdc5 u0 com.tal.genie.launcher/com.tal.genie.setting.activity.SettingActivity}: oldVis=8 newVis=0 focusMayChange = true
11-18 11:06:31.827 I/WindowManager(  630): Focus moving from null to Window{27ecdc5 u0 com.tal.genie.launcher/com.tal.genie.setting.activity.SettingActivity}
11-18 11:06:31.846 W/PowerManagerService(  630): Screen on took 375 ms
11-18 11:06:36.934 W/ContextImpl( 1218): Calling a method in the system process without a qualified user: android.app.ContextImpl.startActivity:888 android.content.ContextWrapper.startActivity:379 com.tal.genie.lockscreen.receiver.LockScreenReceiver.lockScreen:115 com.tal.genie.lockscreen.receiver.LockScreenReceiver.onReceive:49 android.app.LoadedApk$ReceiverDispatcher$Args.lambda$getRunnable$0:1391 
11-18 11:06:36.935 W/ContextImpl( 1218): Calling a method in the system process without a qualified user: android.app.ContextImpl.startActivity:900 android.app.ContextImpl.startActivity:889 android.content.ContextWrapper.startActivity:379 com.tal.genie.lockscreen.receiver.LockScreenReceiver.lockScreen:115 com.tal.genie.lockscreen.receiver.LockScreenReceiver.onReceive:49 
11-18 11:06:36.936 I/ActivityManager(  630): START u0 {flg=0x10800000 cmp=com.tal.genie.launcher/com.tal.genie.lockscreen.activity.LockScreenActivity} from uid 1000
11-18 11:06:36.950 W/ContextImpl( 1218): Calling a method in the system process without a qualified user: android.app.ContextImpl.sendBroadcast:1006 android.content.ContextWrapper.sendBroadcast:444 com.tal.genie.lockscreen.utils.PushNotificationDialogManager.sendPushNotificationStatus:54 com.tal.genie.lockscreen.utils.PushNotificationDialogManager.sendPushNotificationShow:23 com.tal.genie.lockscreen.receiver.LockScreenReceiver.lockScreen:120 
11-18 11:06:36.968 I/WindowManager(  630): Focus moving from Window{27ecdc5 u0 com.tal.genie.launcher/com.tal.genie.setting.activity.SettingActivity} to null
11-18 11:06:37.017 W/ContextImpl( 1218): Calling a method in the system process without a qualified user: android.app.ContextImpl.sendBroadcast:1006 android.content.ContextWrapper.sendBroadcast:444 android.content.ContextWrapper.sendBroadcast:444 com.tal.genie.lockscreen.receiver.LockScreenReceiver.sendBroadCastToVoice:180 com.tal.genie.lockscreen.activity.LockScreenActivity.onTimeTickReceived:156 
11-18 11:06:37.024 W/ContextImpl( 1218): Calling a method in the system process without a qualified user: android.app.ContextImpl.startForegroundService:1538 android.content.ContextWrapper.startForegroundService:669 android.content.ContextWrapper.startForegroundService:669 com.tal.genie.lockscreen.activity.LockScreenActivity.initSevice:84 com.tal.genie.lockscreen.activity.LockScreenActivity.onCreate:77 
11-18 11:06:37.032 W/ContextImpl( 1218): Calling a method in the system process without a qualified user: android.app.ContextImpl.startService:1532 android.content.ContextWrapper.startService:664 android.content.ContextWrapper.startService:664 android.app.Activity.onPostResume:1391 androidx.fragment.app.FragmentActivity.onPostResume:446 
11-18 11:06:37.050 I/WindowManager(  630): Relayout Window{ff9c7a u0 com.tal.genie.launcher/com.tal.genie.lockscreen.activity.LockScreenActivity}: oldVis=4 newVis=0 focusMayChange = true
11-18 11:06:37.055 I/WindowManager(  630): Focus moving from null to Window{ff9c7a u0 com.tal.genie.launcher/com.tal.genie.lockscreen.activity.LockScreenActivity}
11-18 11:06:55.678 W/ContextImpl( 1218): Calling a method in the system process without a qualified user: android.app.ContextImpl.sendBroadcast:1006 android.content.ContextWrapper.sendBroadcast:444 com.tal.genie.lockscreen.receiver.LockScreenReceiver.sendUnlockScreenOnBroadcast:152 com.tal.genie.lockscreen.receiver.LockScreenReceiver.onReceive:47 android.app.LoadedApk$ReceiverDispatcher$Args.lambda$getRunnable$0:1391 
11-18 11:06:55.706 W/ContextImpl( 1218): Calling a method in the system process without a qualified user: android.app.ContextImpl.sendBroadcast:1006 android.content.ContextWrapper.sendBroadcast:444 com.tal.genie.lockscreen.utils.PushNotificationDialogManager.sendPushNotificationStatus:54 com.tal.genie.lockscreen.utils.PushNotificationDialogManager.sendPushNotificationShow:23 com.tal.genie.lockscreen.activity.LockScreenActivity.onFinish:188 
11-18 11:06:55.824 I/PowerManagerService(  630): Going to sleep due to power button (uid 1000)...
11-18 11:06:55.825 W/UsageStatsService(  630): Event reported without a package name
11-18 11:06:55.829 I/PowerManagerService(  630): Sleeping (uid 1000)...
11-18 11:06:55.829 I/DisplayPowerController(  630): Blocking screen off
11-18 11:06:55.830 I/DisplayPowerController(  630): Unblocked screen off after 0 ms
11-18 11:06:55.835 E/KernelCpuSpeedReader(  630): Failed to read cpu-freq: /sys/devices/system/cpu/cpu0/cpufreq/stats/time_in_state (No such file or directory)
11-18 11:06:55.852 I/DisplayManagerService(  630): Display device changed state: "", OFF
11-18 11:06:55.919 I/WindowManager(  630): Focus moving from Window{ff9c7a u0 com.tal.genie.launcher/com.tal.genie.lockscreen.activity.LockScreenActivity} to null
11-18 11:06:55.995 I/WindowManager(  630): Relayout Window{27ecdc5 u0 com.tal.genie.launcher/com.tal.genie.setting.activity.SettingActivity}: oldVis=4 newVis=0 focusMayChange = true
11-18 11:06:55.999 I/WindowManager(  630): Focus moving from null to Window{27ecdc5 u0 com.tal.genie.launcher/com.tal.genie.setting.activity.SettingActivity}
11-18 11:06:57.615 I/PowerManagerService(  630): Waking up from sleep (uid=1000 reason=android.policy:POWER)...
11-18 11:06:57.615 W/UsageStatsService(  630): Event reported without a package name
11-18 11:06:57.616 I/DisplayPowerController(  630): Blocking screen on until initial contents have been drawn.
11-18 11:06:57.617 E/KernelCpuSpeedReader(  630): Failed to read cpu-freq: /sys/devices/system/cpu/cpu0/cpufreq/stats/time_in_state (No such file or directory)
11-18 11:06:57.634 W/BroadcastQueue(  630): Background execution not allowed: receiving Intent { act=android.intent.action.USER_PRESENT flg=0x24200010 } to com.tal.genie.launcher/com.tal.genie.lockscreen.receiver.LockScreenReceiver
11-18 11:06:57.638 I/DisplayManagerService(  630): Display device changed state: "", ON
11-18 11:06:57.648 W/ContextImpl( 1218): Calling a method in the system process without a qualified user: android.app.ContextImpl.startService:1532 android.content.ContextWrapper.startService:664 android.content.ContextWrapper.startService:664 android.app.Activity.onPostResume:1391 androidx.fragment.app.FragmentActivity.onPostResume:446 
11-18 11:06:57.653 W/ContextImpl( 1218): Calling a method in the system process without a qualified user: android.app.ContextImpl.sendBroadcast:1006 android.content.ContextWrapper.sendBroadcast:444 com.tal.genie.lockscreen.receiver.LockScreenReceiver.sendUnlockScreenOnBroadcast:152 com.tal.genie.lockscreen.receiver.LockScreenReceiver.onReceive:47 android.app.LoadedApk$ReceiverDispatcher$Args.lambda$getRunnable$0:1391 
11-18 11:06:57.667 I/WindowManager(  630): Waiting for drawn Window{27ecdc5 u0 com.tal.genie.launcher/com.tal.genie.setting.activity.SettingActivity}: removed=false visible=true mHasSurface=true drawState=1
11-18 11:06:57.669 I/WindowManager(  630): Waiting for drawn Window{27ecdc5 u0 com.tal.genie.launcher/com.tal.genie.setting.activity.SettingActivity}: removed=false visible=true mHasSurface=true drawState=1
11-18 11:06:57.672 I/WindowManager(  630): Waiting for drawn Window{27ecdc5 u0 com.tal.genie.launcher/com.tal.genie.setting.activity.SettingActivity}: removed=false visible=true mHasSurface=true drawState=1
11-18 11:06:57.687 I/WindowManager(  630): Waiting for drawn Window{27ecdc5 u0 com.tal.genie.launcher/com.tal.genie.setting.activity.SettingActivity}: removed=false visible=true mHasSurface=true drawState=4
11-18 11:06:57.689 I/DisplayPowerController(  630): Unblocked screen on after 74 ms
11-18 11:06:57.990 W/PowerManagerService(  630): Screen on took 380 ms
11-18 11:06:59.303 W/ContextImpl( 1218): Calling a method in the system process without a qualified user: android.app.ContextImpl.sendBroadcast:1006 android.content.ContextWrapper.sendBroadcast:444 android.content.ContextWrapper.sendBroadcast:444 android.view.View.dispatchTouchEvent:12526 android.view.ViewGroup.dispatchTransformedTouchEvent:3083 
11-18 11:06:59.420 I/WindowManager(  630): Focus moving from Window{27ecdc5 u0 com.tal.genie.launcher/com.tal.genie.setting.activity.SettingActivity} to null
11-18 11:06:59.437 W/ContextImpl( 1218): Calling a method in the system process without a qualified user: android.app.ContextImpl.startService:1532 android.content.ContextWrapper.startService:664 android.content.ContextWrapper.startService:664 android.app.Activity.onPostResume:1391 androidx.fragment.app.FragmentActivity.onPostResume:446 
11-18 11:06:59.454 I/WindowManager(  630): Relayout Window{345991d u0 com.tal.genie.launcher/com.tal.genie.launcher.ui.main.MainActivity}: oldVis=8 newVis=0 focusMayChange = true
11-18 11:06:59.459 I/WindowManager(  630): Focus moving from null to Window{345991d u0 com.tal.genie.launcher/com.tal.genie.launcher.ui.main.MainActivity}
11-18 11:07:00.013 W/ContextImpl( 1218): Calling a method in the system process without a qualified user: android.app.ContextImpl.sendBroadcast:1006 android.content.ContextWrapper.sendBroadcast:444 com.tal.genie.launcher.service.TimeTickListener.sendOTASilentBroadcast:62 com.tal.genie.launcher.service.TimeTickListener.onTimeTickReceived:31 com.tal.genie.base_receiver.time.TimeTickManager.onTimeTickReceived:80 
11-18 11:07:00.022 W/ContextImpl( 1218): Calling a method in the system process without a qualified user: android.app.ContextImpl.sendBroadcast:1006 android.content.ContextWrapper.sendBroadcast:444 com.tal.genie.service_controldata.EyesProtectManager.sendEyesProtectorBroadcast:362 com.tal.genie.service_controldata.EyesProtectManager.eyesProtectDetector:135 com.tal.genie.launcher.service.TimeTickListener.onTimeTickReceived:34 
11-18 11:07:00.034 W/ContextImpl( 1218): Calling a method in the system process without a qualified user: android.app.ContextImpl.sendBroadcast:1006 android.content.ContextWrapper.sendBroadcast:444 com.tal.genie.lockscreen.receiver.LockScreenReceiver.sendBroadCastToVoice:180 com.tal.genie.lockscreen.receiver.LockScreenReceiver.onReceive:67 android.app.LoadedApk$ReceiverDispatcher$Args.lambda$getRunnable$0:1391 
11-18 11:07:00.864 W/ContextImpl( 1218): Calling a method in the system process without a qualified user: android.app.ContextImpl.sendBroadcast:1006 android.content.ContextWrapper.sendBroadcast:444 android.content.ContextWrapper.sendBroadcast:444 android.view.View.dispatchTouchEvent:12526 android.view.ViewGroup.dispatchTransformedTouchEvent:3083 
11-18 11:07:01.864 E/storaged(  470): getDiskStats failed with result NOT_SUPPORTED and size 0
11-18 11:07:02.265 W/ContextImpl( 1218): Calling a method in the system process without a qualified user: android.app.ContextImpl.sendBroadcast:1006 android.content.ContextWrapper.sendBroadcast:444 android.content.ContextWrapper.sendBroadcast:444 android.view.View.dispatchTouchEvent:12526 android.view.ViewGroup.dispatchTransformedTouchEvent:3077 
11-18 11:07:03.526 W/ContextImpl( 1218): Calling a method in the system process without a qualified user: android.app.ContextImpl.sendBroadcast:1006 android.content.ContextWrapper.sendBroadcast:444 android.content.ContextWrapper.sendBroadcast:444 android.view.View.dispatchTouchEvent:12526 android.view.ViewGroup.dispatchTransformedTouchEvent:3077 
11-18 11:07:09.689 W/ContextImpl( 1218): Calling a method in the system process without a qualified user: android.app.ContextImpl.startActivity:888 android.content.ContextWrapper.startActivity:379 com.tal.genie.lockscreen.receiver.LockScreenReceiver.lockScreen:115 com.tal.genie.lockscreen.receiver.LockScreenReceiver.onReceive:49 android.app.LoadedApk$ReceiverDispatcher$Args.lambda$getRunnable$0:1391 
11-18 11:07:09.689 W/ContextImpl( 1218): Calling a method in the system process without a qualified user: android.app.ContextImpl.startActivity:900 android.app.ContextImpl.startActivity:889 android.content.ContextWrapper.startActivity:379 com.tal.genie.lockscreen.receiver.LockScreenReceiver.lockScreen:115 com.tal.genie.lockscreen.receiver.LockScreenReceiver.onReceive:49 
11-18 11:07:09.690 I/ActivityManager(  630): START u0 {flg=0x10800000 cmp=com.tal.genie.launcher/com.tal.genie.lockscreen.activity.LockScreenActivity} from uid 1000
11-18 11:07:09.704 W/ContextImpl( 1218): Calling a method in the system process without a qualified user: android.app.ContextImpl.sendBroadcast:1006 android.content.ContextWrapper.sendBroadcast:444 com.tal.genie.lockscreen.utils.PushNotificationDialogManager.sendPushNotificationStatus:54 com.tal.genie.lockscreen.utils.PushNotificationDialogManager.sendPushNotificationShow:23 com.tal.genie.lockscreen.receiver.LockScreenReceiver.lockScreen:120 
11-18 11:07:09.723 I/WindowManager(  630): Focus moving from Window{345991d u0 com.tal.genie.launcher/com.tal.genie.launcher.ui.main.MainActivity} to null
11-18 11:07:09.763 W/ContextImpl( 1218): Calling a method in the system process without a qualified user: android.app.ContextImpl.sendBroadcast:1006 android.content.ContextWrapper.sendBroadcast:444 android.content.ContextWrapper.sendBroadcast:444 com.tal.genie.lockscreen.receiver.LockScreenReceiver.sendBroadCastToVoice:180 com.tal.genie.lockscreen.activity.LockScreenActivity.onTimeTickReceived:156 
11-18 11:07:09.771 W/ContextImpl( 1218): Calling a method in the system process without a qualified user: android.app.ContextImpl.startForegroundService:1538 android.content.ContextWrapper.startForegroundService:669 android.content.ContextWrapper.startForegroundService:669 com.tal.genie.lockscreen.activity.LockScreenActivity.initSevice:84 com.tal.genie.lockscreen.activity.LockScreenActivity.onCreate:77 
11-18 11:07:09.778 W/ContextImpl( 1218): Calling a method in the system process without a qualified user: android.app.ContextImpl.startService:1532 android.content.ContextWrapper.startService:664 android.content.ContextWrapper.startService:664 android.app.Activity.onPostResume:1391 androidx.fragment.app.FragmentActivity.onPostResume:446 
11-18 11:07:09.803 I/WindowManager(  630): Relayout Window{3965208 u0 com.tal.genie.launcher/com.tal.genie.lockscreen.activity.LockScreenActivity}: oldVis=4 newVis=0 focusMayChange = true
11-18 11:07:09.807 I/WindowManager(  630): Focus moving from null to Window{3965208 u0 com.tal.genie.launcher/com.tal.genie.lockscreen.activity.LockScreenActivity}
11-18 11:07:15.524 W/ContextImpl( 1218): Calling a method in the system process without a qualified user: android.app.ContextImpl.sendBroadcast:1006 android.content.ContextWrapper.sendBroadcast:444 com.tal.genie.lockscreen.receiver.LockScreenReceiver.sendUnlockScreenOnBroadcast:152 com.tal.genie.lockscreen.receiver.LockScreenReceiver.onReceive:47 android.app.LoadedApk$ReceiverDispatcher$Args.lambda$getRunnable$0:1391 
11-18 11:07:15.553 W/ContextImpl( 1218): Calling a method in the system process without a qualified user: android.app.ContextImpl.sendBroadcast:1006 android.content.ContextWrapper.sendBroadcast:444 com.tal.genie.lockscreen.utils.PushNotificationDialogManager.sendPushNotificationStatus:54 com.tal.genie.lockscreen.utils.PushNotificationDialogManager.sendPushNotificationShow:23 com.tal.genie.lockscreen.activity.LockScreenActivity.onFinish:188 
11-18 11:07:15.727 I/PowerManagerService(  630): Going to sleep due to power button (uid 1000)...
11-18 11:07:15.728 W/UsageStatsService(  630): Event reported without a package name
11-18 11:07:15.728 I/PowerManagerService(  630): Sleeping (uid 1000)...
11-18 11:07:15.728 I/DisplayPowerController(  630): Blocking screen off
11-18 11:07:15.729 I/DisplayPowerController(  630): Unblocked screen off after 0 ms
11-18 11:07:15.732 E/KernelCpuSpeedReader(  630): Failed to read cpu-freq: /sys/devices/system/cpu/cpu0/cpufreq/stats/time_in_state (No such file or directory)
11-18 11:07:15.749 I/DisplayManagerService(  630): Display device changed state: "", OFF
11-18 11:07:15.793 I/WindowManager(  630): Focus moving from Window{3965208 u0 com.tal.genie.launcher/com.tal.genie.lockscreen.activity.LockScreenActivity} to null
11-18 11:07:15.810 I/ActivityManager(  630): Activity reported stop, but no longer stopping: ActivityRecord{e06fbc0 u0 com.tal.genie.launcher/com.tal.genie.lockscreen.activity.LockScreenActivity t20 f}
11-18 11:07:15.863 I/WindowManager(  630): Relayout Window{345991d u0 com.tal.genie.launcher/com.tal.genie.launcher.ui.main.MainActivity}: oldVis=4 newVis=0 focusMayChange = true
11-18 11:07:15.869 I/WindowManager(  630): Focus moving from null to Window{345991d u0 com.tal.genie.launcher/com.tal.genie.launcher.ui.main.MainActivity}
11-18 11:07:17.187 I/PowerManagerService(  630): Waking up from sleep (uid=1000 reason=android.policy:POWER)...
11-18 11:07:17.187 W/UsageStatsService(  630): Event reported without a package name
11-18 11:07:17.188 I/DisplayPowerController(  630): Blocking screen on until initial contents have been drawn.
11-18 11:07:17.188 E/KernelCpuSpeedReader(  630): Failed to read cpu-freq: /sys/devices/system/cpu/cpu0/cpufreq/stats/time_in_state (No such file or directory)
11-18 11:07:17.195 W/ContextImpl( 1218): Calling a method in the system process without a qualified user: android.app.ContextImpl.sendBroadcast:1006 android.content.ContextWrapper.sendBroadcast:444 com.tal.genie.lockscreen.receiver.LockScreenReceiver.sendUnlockScreenOnBroadcast:152 com.tal.genie.lockscreen.receiver.LockScreenReceiver.onReceive:47 android.app.LoadedApk$ReceiverDispatcher$Args.lambda$getRunnable$0:1391 
11-18 11:07:17.217 W/BroadcastQueue(  630): Background execution not allowed: receiving Intent { act=android.intent.action.USER_PRESENT flg=0x24200010 } to com.tal.genie.launcher/com.tal.genie.lockscreen.receiver.LockScreenReceiver
11-18 11:07:17.224 I/DisplayManagerService(  630): Display device changed state: "", ON
11-18 11:07:17.224 I/WindowManager(  630): Waiting for drawn Window{345991d u0 com.tal.genie.launcher/com.tal.genie.launcher.ui.main.MainActivity}: removed=false visible=true mHasSurface=true drawState=1
11-18 11:07:17.229 I/WindowManager(  630): Waiting for drawn Window{345991d u0 com.tal.genie.launcher/com.tal.genie.launcher.ui.main.MainActivity}: removed=false visible=true mHasSurface=true drawState=1
11-18 11:07:17.234 W/ContextImpl( 1218): Calling a method in the system process without a qualified user: android.app.ContextImpl.startService:1532 android.content.ContextWrapper.startService:664 android.content.ContextWrapper.startService:664 android.app.Activity.onPostResume:1391 androidx.fragment.app.FragmentActivity.onPostResume:446 
11-18 11:07:17.238 I/WindowManager(  630): Waiting for drawn Window{345991d u0 com.tal.genie.launcher/com.tal.genie.launcher.ui.main.MainActivity}: removed=false visible=true mHasSurface=true drawState=1
11-18 11:07:17.261 I/WindowManager(  630): Waiting for drawn Window{345991d u0 com.tal.genie.launcher/com.tal.genie.launcher.ui.main.MainActivity}: removed=false visible=true mHasSurface=true drawState=1
11-18 11:07:17.277 I/WindowManager(  630): Waiting for drawn Window{345991d u0 com.tal.genie.launcher/com.tal.genie.launcher.ui.main.MainActivity}: removed=false visible=true mHasSurface=true drawState=4
11-18 11:07:17.280 I/DisplayPowerController(  630): Unblocked screen on after 92 ms
11-18 11:07:17.556 W/PowerManagerService(  630): Screen on took 375 ms
11-18 11:07:19.812 W/ContextImpl( 1218): Calling a method in the system process without a qualified user: android.app.ContextImpl.sendBroadcast:1006 android.content.ContextWrapper.sendBroadcast:444 android.content.ContextWrapper.sendBroadcast:444 android.view.View.dispatchTouchEvent:12526 android.view.ViewGroup.dispatchTransformedTouchEvent:3083 
11-18 11:07:19.922 I/ActivityManager(  630): START u0 {cmp=com.tal.genie.launcher/com.tal.genie.setting.activity.SettingActivity} from uid 1000
11-18 11:07:19.944 I/WindowManager(  630): Focus moving from Window{345991d u0 com.tal.genie.launcher/com.tal.genie.launcher.ui.main.MainActivity} to null
11-18 11:07:20.008 W/ContextImpl( 1218): Calling a method in the system process without a qualified user: android.app.ContextImpl.startService:1532 android.content.ContextWrapper.startService:664 android.content.ContextWrapper.startService:664 android.app.Activity.onPostResume:1391 androidx.fragment.app.FragmentActivity.onPostResume:446 
11-18 11:07:20.028 I/WindowManager(  630): Relayout Window{db6b829 u0 com.tal.genie.launcher/com.tal.genie.setting.activity.SettingActivity}: oldVis=4 newVis=0 focusMayChange = true
11-18 11:07:20.036 I/WindowManager(  630): Focus moving from null to Window{db6b829 u0 com.tal.genie.launcher/com.tal.genie.setting.activity.SettingActivity}
11-18 11:07:21.793 W/ContextImpl( 1218): Calling a method in the system process without a qualified user: android.app.ContextImpl.sendBroadcast:1006 android.content.ContextWrapper.sendBroadcast:444 android.content.ContextWrapper.sendBroadcast:444 android.view.View.dispatchTouchEvent:12526 android.view.ViewGroup.dispatchTransformedTouchEvent:3083 
11-18 11:07:21.892 I/WindowManager(  630): Focus moving from Window{db6b829 u0 com.tal.genie.launcher/com.tal.genie.setting.activity.SettingActivity} to null
11-18 11:07:21.910 W/ContextImpl( 1218): Calling a method in the system process without a qualified user: android.app.ContextImpl.startService:1532 android.content.ContextWrapper.startService:664 android.content.ContextWrapper.startService:664 android.app.Activity.onPostResume:1391 androidx.fragment.app.FragmentActivity.onPostResume:446 
11-18 11:07:21.926 I/WindowManager(  630): Relayout Window{345991d u0 com.tal.genie.launcher/com.tal.genie.launcher.ui.main.MainActivity}: oldVis=8 newVis=0 focusMayChange = true
11-18 11:07:21.931 I/WindowManager(  630): Focus moving from null to Window{345991d u0 com.tal.genie.launcher/com.tal.genie.launcher.ui.main.MainActivity}
11-18 11:07:23.195 W/ContextImpl( 1218): Calling a method in the system process without a qualified user: android.app.ContextImpl.sendBroadcast:1006 android.content.ContextWrapper.sendBroadcast:444 android.content.ContextWrapper.sendBroadcast:444 android.view.View.dispatchTouchEvent:12526 android.view.ViewGroup.dispatchTransformedTouchEvent:3083 
11-18 11:07:23.306 I/ActivityManager(  630): START u0 {cmp=com.tal.genie.launcher/com.tal.genie.setting.activity.SettingActivity} from uid 1000
11-18 11:07:23.326 I/WindowManager(  630): Focus moving from Window{345991d u0 com.tal.genie.launcher/com.tal.genie.launcher.ui.main.MainActivity} to null
11-18 11:07:23.380 W/ContextImpl( 1218): Calling a method in the system process without a qualified user: android.app.ContextImpl.startService:1532 android.content.ContextWrapper.startService:664 android.content.ContextWrapper.startService:664 android.app.Activity.onPostResume:1391 androidx.fragment.app.FragmentActivity.onPostResume:446 
11-18 11:07:23.395 I/WindowManager(  630): Relayout Window{7c448c3 u0 com.tal.genie.launcher/com.tal.genie.setting.activity.SettingActivity}: oldVis=4 newVis=0 focusMayChange = true
11-18 11:07:23.399 I/WindowManager(  630): Focus moving from null to Window{7c448c3 u0 com.tal.genie.launcher/com.tal.genie.setting.activity.SettingActivity}
11-18 11:07:24.986 I/ActivityManager(  630): START u0 {cmp=com.tal.genie.launcher/com.tal.genie.setting.activity.DebugEnvActivity} from uid 1000
11-18 11:07:24.995 I/NotificationService(  630): cancelToast pkg=com.tal.genie.launcher callback=android.app.ITransientNotification$Stub$Proxy@e7535e9
11-18 11:07:24.995 W/NotificationService(  630): Toast already cancelled. pkg=com.tal.genie.launcher callback=android.app.ITransientNotification$Stub$Proxy@e7535e9
11-18 11:07:25.004 I/WindowManager(  630): Focus moving from Window{7c448c3 u0 com.tal.genie.launcher/com.tal.genie.setting.activity.SettingActivity} to null
11-18 11:07:25.073 W/ContextImpl( 1218): Calling a method in the system process without a qualified user: android.app.ContextImpl.startService:1532 android.content.ContextWrapper.startService:664 android.content.ContextWrapper.startService:664 android.app.Activity.onPostResume:1391 androidx.fragment.app.FragmentActivity.onPostResume:446 
11-18 11:07:25.092 I/WindowManager(  630): Relayout Window{554b921 u0 com.tal.genie.launcher/com.tal.genie.setting.activity.DebugEnvActivity}: oldVis=4 newVis=0 focusMayChange = true
11-18 11:07:25.097 I/WindowManager(  630): Focus moving from null to Window{554b921 u0 com.tal.genie.launcher/com.tal.genie.setting.activity.DebugEnvActivity}
11-18 11:07:25.151 I/ActivityManager(  630): START u0 {cmp=com.tal.genie.launcher/com.tal.genie.setting.activity.DebugEnvActivity} from uid 1000
11-18 11:07:25.171 W/WindowManager(  630): removeWindowToken: Attempted to remove non-existing token: android.os.Binder@3155604
11-18 11:07:25.172 I/NotificationService(  630): cancelToast pkg=com.tal.genie.launcher callback=android.app.ITransientNotification$Stub$Proxy@107fd82
11-18 11:07:25.172 W/WindowManager(  630): removeWindowToken: Attempted to remove non-existing token: android.os.Binder@3155604
11-18 11:07:25.179 I/WindowManager(  630): Focus moving from Window{554b921 u0 com.tal.genie.launcher/com.tal.genie.setting.activity.DebugEnvActivity} to null
11-18 11:07:25.190 E/WindowManager(  630): Performed 6 layouts in a row. Skipping
11-18 11:07:25.207 E/WindowManager(  630): Performed 6 layouts in a row. Skipping
11-18 11:07:25.226 E/WindowManager(  630): Performed 6 layouts in a row. Skipping
11-18 11:07:25.240 W/ContextImpl( 1218): Calling a method in the system process without a qualified user: android.app.ContextImpl.startService:1532 android.content.ContextWrapper.startService:664 android.content.ContextWrapper.startService:664 android.app.Activity.onPostResume:1391 androidx.fragment.app.FragmentActivity.onPostResume:446 
11-18 11:07:25.246 E/WindowManager(  630): Performed 6 layouts in a row. Skipping
11-18 11:07:25.262 I/chatty  (  630): uid=1000(system) android.anim identical 1 line
11-18 11:07:25.274 E/WindowManager(  630): Performed 6 layouts in a row. Skipping
11-18 11:07:25.287 E/WindowManager(  630): Performed 6 layouts in a row. Skipping
11-18 11:07:25.305 E/WindowManager(  630): Performed 6 layouts in a row. Skipping
11-18 11:07:25.318 I/chatty  (  630): uid=1000(system) android.anim identical 1 line
11-18 11:07:25.331 E/WindowManager(  630): Performed 6 layouts in a row. Skipping
11-18 11:07:25.331 I/WindowManager(  630): Relayout Window{3912b0b u0 com.tal.genie.launcher/com.tal.genie.setting.activity.DebugEnvActivity}: oldVis=4 newVis=0 focusMayChange = true
11-18 11:07:25.344 E/WindowManager(  630): Performed 6 layouts in a row. Skipping
11-18 11:07:25.362 E/WindowManager(  630): Performed 6 layouts in a row. Skipping
11-18 11:07:25.379 E/WindowManager(  630): Performed 6 layouts in a row. Skipping
11-18 11:07:25.394 E/WindowManager(  630): Performed 6 layouts in a row. Skipping
11-18 11:07:25.413 E/WindowManager(  630): Performed 6 layouts in a row. Skipping
11-18 11:07:25.430 E/WindowManager(  630): Performed 6 layouts in a row. Skipping
11-18 11:07:25.448 I/WindowManager(  630): Focus moving from null to Window{3912b0b u0 com.tal.genie.launcher/com.tal.genie.setting.activity.DebugEnvActivity}
11-18 11:07:25.469 I/WindowManager(  630): Focus moving from Window{3912b0b u0 com.tal.genie.launcher/com.tal.genie.setting.activity.DebugEnvActivity} to null
11-18 11:07:25.489 W/ContextImpl( 1218): Calling a method in the system process without a qualified user: android.app.ContextImpl.startService:1532 android.content.ContextWrapper.startService:664 android.content.ContextWrapper.startService:664 android.app.Activity.onPostResume:1391 androidx.fragment.app.FragmentActivity.onPostResume:446 
11-18 11:07:25.496 I/WindowManager(  630): Relayout Window{7c448c3 u0 com.tal.genie.launcher/com.tal.genie.setting.activity.SettingActivity}: oldVis=8 newVis=0 focusMayChange = true
11-18 11:07:25.499 I/WindowManager(  630): Focus moving from null to Window{7c448c3 u0 com.tal.genie.launcher/com.tal.genie.setting.activity.SettingActivity}
11-18 11:07:27.184 W/NotificationService(  630): Toast already killed. pkg=com.tal.genie.launcher callback=android.app.ITransientNotification$Stub$Proxy@c5c64e2
11-18 11:07:27.648 W/ContextImpl( 1218): Calling a method in the system process without a qualified user: android.app.ContextImpl.sendBroadcast:1006 android.content.ContextWrapper.sendBroadcast:444 android.content.ContextWrapper.sendBroadcast:444 android.view.View.dispatchTouchEvent:12526 android.view.ViewGroup.dispatchTransformedTouchEvent:3083 
11-18 11:07:28.499 W/WindowManager(  630): Unable to start animation, surface is null or no children.
11-18 11:07:28.695 W/WindowManager(  630): Unable to start animation, surface is null or no children.
11-18 11:07:28.731 W/ContextImpl( 1218): Calling a method in the system process without a qualified user: android.app.ContextImpl.startService:1532 android.content.ContextWrapper.startService:664 android.content.ContextWrapper.startService:664 com.android.internal.policy.DecorView.dispatchTouchEvent:422 android.view.View.dispatchPointerEvent:12808 
11-18 11:07:28.869 I/chatty  ( 1218): uid=1000(system) com.tal.genie.launcher identical 7 lines
11-18 11:07:28.875 W/ContextImpl( 1218): Calling a method in the system process without a qualified user: android.app.ContextImpl.startService:1532 android.content.ContextWrapper.startService:664 android.content.ContextWrapper.startService:664 com.android.internal.policy.DecorView.dispatchTouchEvent:422 android.view.View.dispatchPointerEvent:12808 
11-18 11:07:28.876 I/WindowManager(  630): Focus moving from Window{7c448c3 u0 com.tal.genie.launcher/com.tal.genie.setting.activity.SettingActivity} to Window{a120060 u0 com.android.systemui}
11-18 11:07:28.885 I/WindowManager(  630): Focus moving from Window{a120060 u0 com.android.systemui} to Window{206c28c u0 com.android.systemui}
11-18 11:07:28.957 I/WindowManager(  630): Losing delayed focus: Window{7c448c3 u0 com.tal.genie.launcher/com.tal.genie.setting.activity.SettingActivity}
11-18 11:07:28.958 I/WindowManager(  630): Losing delayed focus: Window{a120060 u0 com.android.systemui}
11-18 11:07:31.309 I/ActivityManager(  630): START u0 {flg=0x30000000 cmp=com.example.myapplication2/.MainActivity} from uid 10020
11-18 11:07:31.368 I/ActivityManager(  630): Start proc 2764:com.example.myapplication2/u0a24 for activity com.example.myapplication2/.MainActivity
11-18 11:07:31.447 W/ActivityManager(  630): Request to remove task ignored for non-existent task 20
11-18 11:07:31.481 I/WindowManager(  630): Focus moving from Window{206c28c u0 com.android.systemui} to null
11-18 11:07:31.516 W/ContextImpl( 1218): Calling a method in the system process without a qualified user: android.app.ContextImpl.sendBroadcast:1006 android.content.ContextWrapper.sendBroadcast:444 android.content.ContextWrapper.sendBroadcast:444 android.view.View.dispatchTouchEvent:12526 android.view.ViewGroup.dispatchTransformedTouchEvent:3083 
11-18 11:07:31.587 I/ActivityManager(  630): START u0 {flg=0x10000000 cmp=com.tal.genie.wifisetup/.MainActivity} from uid 1000
11-18 11:07:31.783 I/WindowManager(  630): Relayout Window{78cb687 u0 com.example.myapplication2/com.example.myapplication2.MainActivity}: oldVis=4 newVis=0 focusMayChange = true
11-18 11:07:31.931 W/ContextImpl( 2529): Calling a method in the system process without a qualified user: android.app.ContextImpl.startService:1532 android.content.ContextWrapper.startService:664 android.content.ContextWrapper.startService:664 android.app.Activity.onPostResume:1391 androidx.fragment.app.FragmentActivity.onPostResume:467 
11-18 11:07:31.979 I/WindowManager(  630): Relayout Window{907db4c u0 com.tal.genie.wifisetup/com.tal.genie.wifisetup.MainActivity}: oldVis=4 newVis=0 focusMayChange = true
11-18 11:07:31.986 I/WindowManager(  630): Focus moving from null to Window{907db4c u0 com.tal.genie.wifisetup/com.tal.genie.wifisetup.MainActivity}
11-18 11:07:33.447 W/ContextImpl( 2529): Calling a method in the system process without a qualified user: android.app.ContextImpl.sendBroadcast:1006 android.content.ContextWrapper.sendBroadcast:444 android.content.ContextWrapper.sendBroadcast:444 android.content.ContextWrapper.sendBroadcast:444 android.view.View.dispatchTouchEvent:12526 
11-18 11:07:34.584 W/ContextImpl( 2529): Calling a method in the system process without a qualified user: android.app.ContextImpl.sendBroadcast:1006 android.content.ContextWrapper.sendBroadcast:444 android.content.ContextWrapper.sendBroadcast:444 android.content.ContextWrapper.sendBroadcast:444 android.view.View.dispatchTouchEvent:12526 
11-18 11:07:35.996 E/TaskPersister(  630): File error accessing recents directory (directory doesn't exist?).
11-18 11:07:36.172 W/WindowManager(  630): removeWindowToken: Attempted to remove non-existing token: android.os.Binder@3155604
11-18 11:07:36.564 W/ContextImpl( 2529): Calling a method in the system process without a qualified user: android.app.ContextImpl.sendBroadcast:1006 android.content.ContextWrapper.sendBroadcast:444 android.content.ContextWrapper.sendBroadcast:444 android.content.ContextWrapper.sendBroadcast:444 android.view.View.dispatchTouchEvent:12526 
11-18 11:07:36.655 I/WindowManager(  630): Focus moving from Window{907db4c u0 com.tal.genie.wifisetup/com.tal.genie.wifisetup.MainActivity} to Window{78cb687 u0 com.example.myapplication2/com.example.myapplication2.MainActivity}
11-18 11:07:38.182 W/WindowManager(  630): removeWindowToken: Attempted to remove non-existing token: android.os.Binder@5c7a7ff
11-18 11:07:40.270 E/TaskPersister(  630): File error accessing recents directory (directory doesn't exist?).
11-18 11:07:42.166 W/ContextImpl( 1218): Calling a method in the system process without a qualified user: android.app.ContextImpl.startActivity:888 android.content.ContextWrapper.startActivity:379 com.tal.genie.lockscreen.receiver.LockScreenReceiver.lockScreen:115 com.tal.genie.lockscreen.receiver.LockScreenReceiver.onReceive:49 android.app.LoadedApk$ReceiverDispatcher$Args.lambda$getRunnable$0:1391 
11-18 11:07:42.166 W/ContextImpl( 1218): Calling a method in the system process without a qualified user: android.app.ContextImpl.startActivity:900 android.app.ContextImpl.startActivity:889 android.content.ContextWrapper.startActivity:379 com.tal.genie.lockscreen.receiver.LockScreenReceiver.lockScreen:115 com.tal.genie.lockscreen.receiver.LockScreenReceiver.onReceive:49 
11-18 11:07:42.168 I/ActivityManager(  630): START u0 {flg=0x10800000 cmp=com.tal.genie.launcher/com.tal.genie.lockscreen.activity.LockScreenActivity} from uid 1000
11-18 11:07:42.187 W/ContextImpl( 1218): Calling a method in the system process without a qualified user: android.app.ContextImpl.sendBroadcast:1006 android.content.ContextWrapper.sendBroadcast:444 com.tal.genie.lockscreen.utils.PushNotificationDialogManager.sendPushNotificationStatus:54 com.tal.genie.lockscreen.utils.PushNotificationDialogManager.sendPushNotificationShow:23 com.tal.genie.lockscreen.receiver.LockScreenReceiver.lockScreen:120 
11-18 11:07:42.192 I/WindowManager(  630): Focus moving from Window{78cb687 u0 com.example.myapplication2/com.example.myapplication2.MainActivity} to null
11-18 11:07:42.254 W/ContextImpl( 1218): Calling a method in the system process without a qualified user: android.app.ContextImpl.sendBroadcast:1006 android.content.ContextWrapper.sendBroadcast:444 android.content.ContextWrapper.sendBroadcast:444 com.tal.genie.lockscreen.receiver.LockScreenReceiver.sendBroadCastToVoice:180 com.tal.genie.lockscreen.activity.LockScreenActivity.onTimeTickReceived:156 
11-18 11:07:42.271 W/ContextImpl( 1218): Calling a method in the system process without a qualified user: android.app.ContextImpl.startForegroundService:1538 android.content.ContextWrapper.startForegroundService:669 android.content.ContextWrapper.startForegroundService:669 com.tal.genie.lockscreen.activity.LockScreenActivity.initSevice:84 com.tal.genie.lockscreen.activity.LockScreenActivity.onCreate:77 
11-18 11:07:42.280 W/ContextImpl( 1218): Calling a method in the system process without a qualified user: android.app.ContextImpl.startService:1532 android.content.ContextWrapper.startService:664 android.content.ContextWrapper.startService:664 android.app.Activity.onPostResume:1391 androidx.fragment.app.FragmentActivity.onPostResume:446 
11-18 11:07:42.300 I/WindowManager(  630): Relayout Window{173e3d3 u0 com.tal.genie.launcher/com.tal.genie.lockscreen.activity.LockScreenActivity}: oldVis=4 newVis=0 focusMayChange = true
11-18 11:07:42.308 I/WindowManager(  630): Focus moving from null to Window{173e3d3 u0 com.tal.genie.launcher/com.tal.genie.lockscreen.activity.LockScreenActivity}
11-18 11:07:43.976 W/ContextImpl( 1218): Calling a method in the system process without a qualified user: android.app.ContextImpl.sendBroadcast:1006 android.content.ContextWrapper.sendBroadcast:444 com.tal.genie.lockscreen.receiver.LockScreenReceiver.sendUnlockScreenOnBroadcast:152 com.tal.genie.lockscreen.receiver.LockScreenReceiver.onReceive:47 android.app.LoadedApk$ReceiverDispatcher$Args.lambda$getRunnable$0:1391 
11-18 11:07:44.007 W/ContextImpl( 1218): Calling a method in the system process without a qualified user: android.app.ContextImpl.sendBroadcast:1006 android.content.ContextWrapper.sendBroadcast:444 com.tal.genie.lockscreen.utils.PushNotificationDialogManager.sendPushNotificationStatus:54 com.tal.genie.lockscreen.utils.PushNotificationDialogManager.sendPushNotificationShow:23 com.tal.genie.lockscreen.activity.LockScreenActivity.onFinish:188 
11-18 11:07:44.178 I/PowerManagerService(  630): Going to sleep due to power button (uid 1000)...
11-18 11:07:44.179 W/UsageStatsService(  630): Event reported without a package name
11-18 11:07:44.183 I/PowerManagerService(  630): Sleeping (uid 1000)...
11-18 11:07:44.183 I/DisplayPowerController(  630): Blocking screen off
11-18 11:07:44.183 I/DisplayPowerController(  630): Unblocked screen off after 1 ms
11-18 11:07:44.187 E/KernelCpuSpeedReader(  630): Failed to read cpu-freq: /sys/devices/system/cpu/cpu0/cpufreq/stats/time_in_state (No such file or directory)
11-18 11:07:44.214 I/DisplayManagerService(  630): Display device changed state: "", OFF
11-18 11:07:44.231 I/WindowManager(  630): Focus moving from Window{173e3d3 u0 com.tal.genie.launcher/com.tal.genie.lockscreen.activity.LockScreenActivity} to null
11-18 11:07:44.338 I/WindowManager(  630): Relayout Window{78cb687 u0 com.example.myapplication2/com.example.myapplication2.MainActivity}: oldVis=4 newVis=0 focusMayChange = true
11-18 11:07:44.343 I/WindowManager(  630): Focus moving from null to Window{78cb687 u0 com.example.myapplication2/com.example.myapplication2.MainActivity}
11-18 11:07:44.714 I/PowerManagerService(  630): Waking up from sleep (uid=1000 reason=android.policy:POWER)...
11-18 11:07:44.714 W/UsageStatsService(  630): Event reported without a package name
11-18 11:07:44.715 I/DisplayPowerController(  630): Blocking screen on until initial contents have been drawn.
11-18 11:07:44.715 E/KernelCpuSpeedReader(  630): Failed to read cpu-freq: /sys/devices/system/cpu/cpu0/cpufreq/stats/time_in_state (No such file or directory)
11-18 11:07:44.744 W/BroadcastQueue(  630): Background execution not allowed: receiving Intent { act=android.intent.action.USER_PRESENT flg=0x24200010 } to com.tal.genie.launcher/com.tal.genie.lockscreen.receiver.LockScreenReceiver
11-18 11:07:44.746 I/DisplayManagerService(  630): Display device changed state: "", ON
11-18 11:07:44.756 I/WindowManager(  630): Waiting for drawn Window{78cb687 u0 com.example.myapplication2/com.example.myapplication2.MainActivity}: removed=false visible=true mHasSurface=true drawState=1
11-18 11:07:44.763 I/WindowManager(  630): Waiting for drawn Window{78cb687 u0 com.example.myapplication2/com.example.myapplication2.MainActivity}: removed=false visible=true mHasSurface=true drawState=1
11-18 11:07:44.826 I/WindowManager(  630): Waiting for drawn Window{78cb687 u0 com.example.myapplication2/com.example.myapplication2.MainActivity}: removed=false visible=true mHasSurface=true drawState=1
11-18 11:07:44.846 I/WindowManager(  630): Waiting for drawn Window{78cb687 u0 com.example.myapplication2/com.example.myapplication2.MainActivity}: removed=false visible=true mHasSurface=true drawState=4
11-18 11:07:44.850 I/DisplayPowerController(  630): Unblocked screen on after 135 ms
11-18 11:07:45.074 W/PowerManagerService(  630): Screen on took 364 ms
11-18 11:07:47.760 E/TaskPersister(  630): File error accessing recents directory (directory doesn't exist?).
11-18 11:07:50.175 W/ContextImpl( 1218): Calling a method in the system process without a qualified user: android.app.ContextImpl.startActivity:888 android.content.ContextWrapper.startActivity:379 com.tal.genie.lockscreen.receiver.LockScreenReceiver.lockScreen:115 com.tal.genie.lockscreen.receiver.LockScreenReceiver.onReceive:49 android.app.LoadedApk$ReceiverDispatcher$Args.lambda$getRunnable$0:1391 
