12-21 11:34:44.483 I/BufferQueueProducer(  314): [#1](this:0xa929d000,id:54,api:1,p:784,c:314) disconnect(P): api 1
12-21 11:34:44.483 I/BufferQueueConsumer(  314): [#1](this:0xa929d000,id:54,api:1,p:-1,c:314) getReleasedBuffers: returning mask 0xffffffffffffffff
12-21 11:34:44.484 D/View    (  784): [Warning] assignParent to null: this = DecorView@91a0f49[]
12-21 11:34:44.485 I/BufferQueue(  314): [#0](this:0xa929a000,id:53,api:1,p:-1,c:-1) ~BufferQueueCore
12-21 11:34:44.487 V/WindowManager(  646): Remove Window{5c25a41 u0 com.android.systemui} client=be3ef4b, surfaceController=Surface(name=)/@0xe3da4f5 Callers=com.android.server.wm.WindowState.removeIfPossible:1966 com.android.server.wm.WindowManagerService.removeWindow:1679 com.android.server.wm.Session.remove:226 android.view.IWindowSession$Stub.onTransact:261 com.android.server.wm.Session.onTransact:164 
12-21 11:34:44.490 V/WindowManager(  646): Changing focus from Window{5c25a41 u0 com.android.systemui} to Window{bc4b0c9 u0 com.tal.genie.wifisetup/com.tal.genie.wifisetup.MainActivity} Callers=com.android.server.wm.RootWindowContainer.performSurfacePlacement:568 com.android.server.wm.WindowSurfacePlacer.performSurfacePlacementLoop:207 com.android.server.wm.WindowSurfacePlacer.performSurfacePlacement:155 com.android.server.wm.WindowSurfacePlacer.performSurfacePlacement:145 
12-21 11:34:44.490 D/WindowManager(  646): Input focus has changed to Window{bc4b0c9 u0 com.tal.genie.wifisetup/com.tal.genie.wifisetup.MainActivity}
12-21 11:34:44.492 W/SurfaceFlinger(  314): Attempting to destroy on removed layer: 5c25a41 com.android.systemui#0
12-21 11:34:44.493 I/PowerWrap(  646): PowerHal_TouchBoost
12-21 11:34:44.494 I/WindowManager(  646): Focus moving from Window{5c25a41 u0 com.android.systemui} to Window{bc4b0c9 u0 com.tal.genie.wifisetup/com.tal.genie.wifisetup.MainActivity}
12-21 11:34:44.495 D/GenieTopScreenDialog(  784): onStop
12-21 11:34:44.497 W/ContextImpl( 3336): Calling a method in the system process without a qualified user: android.app.ContextImpl.startService:1532 android.content.ContextWrapper.startService:664 android.content.ContextWrapper.startService:664 com.android.internal.policy.DecorView.dispatchTouchEvent:422 android.view.View.dispatchPointerEvent:12808 
12-21 11:34:44.498 D/GenieService(  784): onStartCommand action is 0, y is 31.980013
12-21 11:34:44.500 I/BufferQueueConsumer(  314): [#1](this:0xa929d000,id:54,api:1,p:-1,c:-1) disconnect(C)
12-21 11:34:44.502 I/BufferQueue(  314): [#1](this:0xa929d000,id:54,api:1,p:-1,c:-1) ~BufferQueueCore
12-21 11:34:44.519 D/GenieService(  784): onStartCommand action is 2, y is 52.914463
12-21 11:34:44.522 D/PowerAQLib(  288): chmix_process!
12-21 11:34:44.523 D/PowerAQLib(  288): mbdrc_process, input_bytes 8192, output_bytes 8192
12-21 11:34:44.523 D/PowerAQLib(  288): result 0, counsumed_bytes 4096, i 0, loop_cnt 2
12-21 11:34:44.523 D/PowerAQLib(  288): result 0, counsumed_bytes 4096, i 1, loop_cnt 2
12-21 11:34:44.523 D/PowerAQLib(  288): mbdrc_process, input_bytes 8192, output_bytes 8192
12-21 11:34:44.523 D/PowerAQLib(  288): bypass_process!
12-21 11:34:44.533 D/GenieTopScreenDialog(  784): GenieTopScreenDialog()
12-21 11:34:44.534 D/PowerAQLib(  288): chmix_process!
12-21 11:34:44.536 D/PowerAQLib(  288): mbdrc_process, input_bytes 8192, output_bytes 8192
12-21 11:34:44.536 D/PowerAQLib(  288): result 0, counsumed_bytes 4096, i 0, loop_cnt 2
12-21 11:34:44.536 D/PowerAQLib(  288): result 0, counsumed_bytes 4096, i 1, loop_cnt 2
12-21 11:34:44.536 D/PowerAQLib(  288): mbdrc_process, input_bytes 8192, output_bytes 8192
12-21 11:34:44.536 D/PowerAQLib(  288): bypass_process!
12-21 11:34:44.540 I/SurfaceFlinger(  314): screenshot (com.android.settings/com.android.settings.Settings$NetworkDashboardActivity#0)
12-21 11:34:44.541 I/SurfaceFlinger(  314): screenshot (com.tal.genie.wifisetup/com.tal.genie.wifisetup.MainActivity#0)
12-21 11:34:44.547 D/PowerAQLib(  288): chmix_process!
12-21 11:34:44.548 D/PowerAQLib(  288): mbdrc_process, input_bytes 8192, output_bytes 8192
12-21 11:34:44.548 D/PowerAQLib(  288): result 0, counsumed_bytes 4096, i 0, loop_cnt 2
12-21 11:34:44.548 D/PowerAQLib(  288): result 0, counsumed_bytes 4096, i 1, loop_cnt 2
12-21 11:34:44.549 D/PowerAQLib(  288): mbdrc_process, input_bytes 8192, output_bytes 8192
12-21 11:34:44.549 D/PowerAQLib(  288): bypass_process!
12-21 11:34:44.551 I/GenieFastBlurUtility(  784): =====blur time:9
12-21 11:34:44.552 D/GenieTopScreenBackgroundDialog(  784): GenieTopScreenBackgroundDialog(com.android.systemui.SystemUIApplication@1397680) use time : 15
12-21 11:34:44.552 D/GenieTopScreenDialog(  784): init
12-21 11:34:44.553 D/GenieTopScreenDialog(  784): init musicVoice is 0,   v is 0
12-21 11:34:44.555 D/GenieTopScreenDialog(  784): registerReceiver
12-21 11:34:44.557 D/ViewRootImpl[](  784): hardware acceleration = true , fakeHwAccelerated = false, sRendererDisabled = false, forceHwAccelerated = false, sSystemRendererDisabled = false
12-21 11:34:44.535 I/chatty  ( 3336): uid=1000(system) com.tal.genie.wifisetup identical 2 lines
12-21 11:34:44.553 W/ContextImpl( 3336): Calling a method in the system process without a qualified user: android.app.ContextImpl.startService:1532 android.content.ContextWrapper.startService:664 android.content.ContextWrapper.startService:664 com.android.internal.policy.DecorView.dispatchTouchEvent:422 android.view.View.dispatchPointerEvent:12808 
12-21 11:34:44.560 V/WindowManager(  646): Changing focus from Window{bc4b0c9 u0 com.tal.genie.wifisetup/com.tal.genie.wifisetup.MainActivity} to Window{8427dad u0 com.android.systemui} Callers=com.android.server.wm.WindowManagerService.addWindow:1519 com.android.server.wm.Session.addToDisplay:205 android.view.IWindowSession$Stub.onTransact:129 com.android.server.wm.Session.onTransact:164 
12-21 11:34:44.561 D/WindowManager(  646): Input focus has changed to Window{8427dad u0 com.android.systemui}
12-21 11:34:44.562 I/WindowManager(  646): Focus moving from Window{bc4b0c9 u0 com.tal.genie.wifisetup/com.tal.genie.wifisetup.MainActivity} to Window{8427dad u0 com.android.systemui}
12-21 11:34:44.562 D/GenieTopScreenBackgroundDialog(  784): show()
12-21 11:34:44.562 D/GenieTopScreenDialog(  784): onStart
12-21 11:34:44.564 D/PowerAQLib(  288): chmix_process!
12-21 11:34:44.565 D/ViewRootImpl[](  784): hardware acceleration = true , fakeHwAccelerated = false, sRendererDisabled = false, forceHwAccelerated = false, sSystemRendererDisabled = false
12-21 11:34:44.565 D/PowerAQLib(  288): mbdrc_process, input_bytes 8192, output_bytes 8192
12-21 11:34:44.566 D/PowerAQLib(  288): result 0, counsumed_bytes 4096, i 0, loop_cnt 2
12-21 11:34:44.566 D/PowerAQLib(  288): result 0, counsumed_bytes 4096, i 1, loop_cnt 2
12-21 11:34:44.566 D/PowerAQLib(  288): mbdrc_process, input_bytes 8192, output_bytes 8192
12-21 11:34:44.566 D/PowerAQLib(  288): bypass_process!
12-21 11:34:44.568 V/WindowManager(  646): Changing focus from Window{8427dad u0 com.android.systemui} to Window{fcb0f30 u0 com.android.systemui} Callers=com.android.server.wm.WindowManagerService.addWindow:1519 com.android.server.wm.Session.addToDisplay:205 android.view.IWindowSession$Stub.onTransact:129 com.android.server.wm.Session.onTransact:164 
12-21 11:34:44.568 D/WindowManager(  646): Input focus has changed to Window{fcb0f30 u0 com.android.systemui}
12-21 11:34:44.568 I/WindowManager(  646): Focus moving from Window{8427dad u0 com.android.systemui} to Window{fcb0f30 u0 com.android.systemui}
12-21 11:34:44.569 D/GenieTopScreenDialog(  784): show
12-21 11:34:44.572 W/ContextImpl( 3336): Calling a method in the system process without a qualified user: android.app.ContextImpl.startService:1532 android.content.ContextWrapper.startService:664 android.content.ContextWrapper.startService:664 com.android.internal.policy.DecorView.dispatchTouchEvent:422 android.view.View.dispatchPointerEvent:12808 
12-21 11:34:44.574 I/BufferQueue(  314): [unnamed-314-57](this:0xa929d000,id:57,api:0,p:-1,c:-1) BufferQueue core=(314:/system/bin/surfaceflinger)
12-21 11:34:44.575 I/BufferQueueConsumer(  314): [unnamed-314-57](this:0xa929d000,id:57,api:0,p:-1,c:314) connect(C): consumer=(314:/system/bin/surfaceflinger) controlledByApp=false
12-21 11:34:44.575 I/BufferQueueConsumer(  314): [unnamed-314-57](this:0xa929d000,id:57,api:0,p:-1,c:314) setConsumerName: unnamed-314-57
12-21 11:34:44.575 I/BufferQueueConsumer(  314): [#0](this:0xa929d000,id:57,api:0,p:-1,c:314) setConsumerName: #0
12-21 11:34:44.575 I/BufferQueueConsumer(  314): [#0](this:0xa929d000,id:57,api:0,p:-1,c:314) setDefaultBufferSize: width=720 height=1600
12-21 11:34:44.577 D/Surface (  784): Surface::connect(this=0x87cd6000,api=1)
12-21 11:34:44.577 D/Surface (  784): Surface::allocateBuffers(this=0x87cd6000)
12-21 11:34:44.577 I/BufferQueueProducer(  314): [#0](this:0xa929d000,id:57,api:1,p:784,c:314) connect(P): api=1 producer=(784:com.android.systemui) producerControlledByApp=true
12-21 11:34:44.579 D/mali_winsys(  784): EGLint new_window_surface(egl_winsys_display *, void *, EGLSurface, EGLConfig, egl_winsys_surface **, EGLBoolean) returns 0x3000
12-21 11:34:44.585 D/SurfaceFlinger(  314): duplicate layer name: changing  to #1
12-21 11:34:44.594 I/BufferQueue(  314): [unnamed-314-58](this:0xa92b6000,id:58,api:0,p:-1,c:-1) BufferQueue core=(314:/system/bin/surfaceflinger)
12-21 11:34:44.594 I/BufferQueueConsumer(  314): [unnamed-314-58](this:0xa92b6000,id:58,api:0,p:-1,c:314) connect(C): consumer=(314:/system/bin/surfaceflinger) controlledByApp=false
12-21 11:34:44.594 I/BufferQueueConsumer(  314): [unnamed-314-58](this:0xa92b6000,id:58,api:0,p:-1,c:314) setConsumerName: unnamed-314-58
12-21 11:34:44.594 I/BufferQueueConsumer(  314): [#1](this:0xa92b6000,id:58,api:0,p:-1,c:314) setConsumerName: #1
12-21 11:34:44.594 I/BufferQueueConsumer(  314): [#1](this:0xa92b6000,id:58,api:0,p:-1,c:314) setDefaultBufferSize: width=720 height=1600
12-21 11:34:44.597 D/Surface (  784): Surface::allocateBuffers(this=0x87ced800)
12-21 11:34:44.597 D/Surface (  784): Surface::connect(this=0x87ced800,api=1)
12-21 11:34:44.597 I/BufferQueueProducer(  314): [#1](this:0xa92b6000,id:58,api:1,p:784,c:314) connect(P): api=1 producer=(784:com.android.systemui) producerControlledByApp=true
12-21 11:34:44.600 D/mali_winsys(  784): EGLint new_window_surface(egl_winsys_display *, void *, EGLSurface, EGLConfig, egl_winsys_surface **, EGLBoolean) returns 0x3000
12-21 11:34:44.601 D/GenieService(  784): onStartCommand action is 2, y is 90.16528
12-21 11:34:44.601 D/GenieTopScreenDialog(  784): setY action is 2, distance is -1510  nano : 2505226752021 from gs
12-21 11:34:44.602 D/GenieService(  784): onStartCommand action is 2, y is 155.42107
12-21 11:34:44.602 D/GenieTopScreenDialog(  784): setY action is 2, distance is -1445  nano : 2505227184252 from gs
12-21 11:34:44.607 D/PowerAQLib(  288): chmix_process!
12-21 11:34:44.608 D/PowerAQLib(  288): mbdrc_process, input_bytes 8192, output_bytes 8192
12-21 11:34:44.608 D/PowerAQLib(  288): result 0, counsumed_bytes 4096, i 0, loop_cnt 2
12-21 11:34:44.608 D/PowerAQLib(  288): result 0, counsumed_bytes 4096, i 1, loop_cnt 2
12-21 11:34:44.608 D/PowerAQLib(  288): mbdrc_process, input_bytes 8192, output_bytes 8192
12-21 11:34:44.608 D/PowerAQLib(  288): bypass_process!
12-21 11:34:44.622 D/PowerAQLib(  288): chmix_process!
12-21 11:34:44.623 D/PowerAQLib(  288): mbdrc_process, input_bytes 8192, output_bytes 8192
12-21 11:34:44.623 D/PowerAQLib(  288): result 0, counsumed_bytes 4096, i 0, loop_cnt 2
12-21 11:34:44.623 D/PowerAQLib(  288): result 0, counsumed_bytes 4096, i 1, loop_cnt 2
12-21 11:34:44.623 D/PowerAQLib(  288): mbdrc_process, input_bytes 8192, output_bytes 8192
12-21 11:34:44.623 D/PowerAQLib(  288): bypass_process!
12-21 11:34:44.624 E/TouchFilter(  646): setTouchFilter LOG Enable prameter: 0
12-21 11:34:44.624 D/EventHub(  646): Event Hub Touch Filter log is disabled
12-21 11:34:44.625 D/EventHub(  646): Event Hub Touch Filter is enabled
12-21 11:34:44.634 D/GenieService(  784): onStartCommand action is 2, y is 245.2288
12-21 11:34:44.634 D/GenieTopScreenDialog(  784): setY action is 2, distance is -1355  nano : 2505259505409 from gs
12-21 11:34:44.635 D/PowerAQLib(  288): chmix_process!
12-21 11:34:44.635 D/GenieService(  784): onStartCommand action is 2, y is 336.36758
12-21 11:34:44.635 D/GenieTopScreenDialog(  784): setY action is 2, distance is -1264  nano : 2505260072255 from gs
12-21 11:34:44.635 D/GenieService(  784): onStartCommand action is 2, y is 428.55847
12-21 11:34:44.635 D/GenieTopScreenDialog(  784): setY action is 2, distance is -1172  nano : 2505260693563 from gs
12-21 11:34:44.636 D/PowerAQLib(  288): mbdrc_process, input_bytes 8192, output_bytes 8192
12-21 11:34:44.636 D/PowerAQLib(  288): result 0, counsumed_bytes 4096, i 0, loop_cnt 2
12-21 11:34:44.636 D/PowerAQLib(  288): result 0, counsumed_bytes 4096, i 1, loop_cnt 2
12-21 11:34:44.636 D/PowerAQLib(  288): mbdrc_process, input_bytes 8192, output_bytes 8192
12-21 11:34:44.636 D/PowerAQLib(  288): bypass_process!
12-21 11:34:44.606 I/chatty  ( 3336): uid=1000(system) com.tal.genie.wifisetup identical 2 lines
12-21 11:34:44.623 W/ContextImpl( 3336): Calling a method in the system process without a qualified user: android.app.ContextImpl.startService:1532 android.content.ContextWrapper.startService:664 android.content.ContextWrapper.startService:664 com.android.internal.policy.DecorView.dispatchTouchEvent:422 android.view.View.dispatchPointerEvent:12808 
12-21 11:34:44.640 I/WindowManager(  646): Losing delayed focus: Window{bc4b0c9 u0 com.tal.genie.wifisetup/com.tal.genie.wifisetup.MainActivity}
12-21 11:34:44.641 I/WindowManager(  646): Losing delayed focus: Window{8427dad u0 com.android.systemui}
12-21 11:34:44.642 W/ContextImpl( 3336): Calling a method in the system process without a qualified user: android.app.ContextImpl.startService:1532 android.content.ContextWrapper.startService:664 android.content.ContextWrapper.startService:664 com.android.internal.policy.DecorView.dispatchTouchEvent:422 android.view.View.dispatchPointerEvent:12808 
12-21 11:34:44.645 D/GenieService(  784): onStartCommand action is 2, y is 518.2137
12-21 11:34:44.646 D/GenieTopScreenDialog(  784): setY action is 2, distance is -1082  nano : 2505270867795 from gs
12-21 11:34:44.650 D/PowerAQLib(  288): chmix_process!
12-21 11:34:44.652 D/PowerAQLib(  288): mbdrc_process, input_bytes 8192, output_bytes 8192
12-21 11:34:44.652 D/PowerAQLib(  288): result 0, counsumed_bytes 4096, i 0, loop_cnt 2
12-21 11:34:44.652 D/PowerAQLib(  288): result 0, counsumed_bytes 4096, i 1, loop_cnt 2
12-21 11:34:44.652 D/PowerAQLib(  288): mbdrc_process, input_bytes 8192, output_bytes 8192
12-21 11:34:44.652 D/PowerAQLib(  288): bypass_process!
12-21 11:34:44.662 D/GenieService(  784): onStartCommand action is 2, y is 602.37836
12-21 11:34:44.662 D/GenieTopScreenDialog(  784): setY action is 2, distance is -998  nano : 2505287638412 from gs
12-21 11:34:44.666 D/GenieService(  784): onStartCommand action is 2, y is 690.4822
12-21 11:34:44.666 D/GenieTopScreenDialog(  784): setY action is 2, distance is -910  nano : 2505291284643 from gs
12-21 11:34:44.668 I/PowerWrap(  646): PowerHal_TouchBoost
12-21 11:34:44.692 D/PowerAQLib(  288): chmix_process!
12-21 11:34:44.694 D/PowerAQLib(  288): mbdrc_process, input_bytes 8192, output_bytes 8192
12-21 11:34:44.694 D/PowerAQLib(  288): result 0, counsumed_bytes 4096, i 0, loop_cnt 2
12-21 11:34:44.694 D/PowerAQLib(  288): result 0, counsumed_bytes 4096, i 1, loop_cnt 2
12-21 11:34:44.694 D/PowerAQLib(  288): mbdrc_process, input_bytes 8192, output_bytes 8192
12-21 11:34:44.694 D/PowerAQLib(  288): bypass_process!
12-21 11:34:44.700 D/GenieService(  784): onStartCommand action is 2, y is 729.54407
12-21 11:34:44.700 D/GenieTopScreenDialog(  784): setY action is 2, distance is -871  nano : 2505325433031 from gs
12-21 11:34:44.700 D/GenieService(  784): onStartCommand action is 1, y is 729.54407
12-21 11:34:44.701 D/GenieTopScreenDialog(  784): setY action is 1, distance is -871  nano : 2505325903262 from gs
12-21 11:34:44.701 D/GenieTopScreenDialog(  784): setY mLastMoveY=729, mLastLastMoveY=690, y=729
12-21 11:34:44.701 D/GenieTopScreenDialog(  784): setY mLastLastMoveY <= y
12-21 11:34:44.705 D/PowerAQLib(  288): chmix_process!
12-21 11:34:44.706 D/PowerAQLib(  288): mbdrc_process, input_bytes 8192, output_bytes 8192
12-21 11:34:44.706 D/PowerAQLib(  288): result 0, counsumed_bytes 4096, i 0, loop_cnt 2
12-21 11:34:44.706 D/PowerAQLib(  288): result 0, counsumed_bytes 4096, i 1, loop_cnt 2
12-21 11:34:44.706 D/PowerAQLib(  288): mbdrc_process, input_bytes 8192, output_bytes 8192
12-21 11:34:44.706 D/PowerAQLib(  288): bypass_process!
12-21 11:34:44.717 D/GenieTopScreenDialog(  784): handleMessage MSG_CODE_OPEN_ACTIVITY
12-21 11:34:44.717 D/GenieTopScreenDialog(  784): sendMessage MSG_CODE_OPEN_ACTIVITY
12-21 11:34:44.717 D/PowerAQLib(  288): chmix_process!
12-21 11:34:44.719 D/PowerAQLib(  288): mbdrc_process, input_bytes 8192, output_bytes 8192
12-21 11:34:44.719 D/PowerAQLib(  288): result 0, counsumed_bytes 4096, i 0, loop_cnt 2
12-21 11:34:44.719 D/PowerAQLib(  288): result 0, counsumed_bytes 4096, i 1, loop_cnt 2
12-21 11:34:44.719 D/PowerAQLib(  288): mbdrc_process, input_bytes 8192, output_bytes 8192
12-21 11:34:44.719 D/PowerAQLib(  288): bypass_process!
12-21 11:34:44.735 D/PowerAQLib(  288): chmix_process!
12-21 11:34:44.735 D/GenieTopScreenDialog(  784): handleMessage MSG_CODE_OPEN_ACTIVITY
12-21 11:34:44.735 D/GenieTopScreenDialog(  784): sendMessage MSG_CODE_OPEN_ACTIVITY
12-21 11:34:44.736 D/PowerAQLib(  288): mbdrc_process, input_bytes 8192, output_bytes 8192
12-21 11:34:44.736 D/PowerAQLib(  288): result 0, counsumed_bytes 4096, i 0, loop_cnt 2
12-21 11:34:44.736 D/PowerAQLib(  288): result 0, counsumed_bytes 4096, i 1, loop_cnt 2
12-21 11:34:44.736 D/PowerAQLib(  288): mbdrc_process, input_bytes 8192, output_bytes 8192
12-21 11:34:44.736 D/PowerAQLib(  288): bypass_process!
12-21 11:34:44.752 D/GenieTopScreenDialog(  784): handleMessage MSG_CODE_OPEN_ACTIVITY
12-21 11:34:44.753 D/GenieTopScreenDialog(  784): sendMessage MSG_CODE_OPEN_ACTIVITY
12-21 11:34:44.764 I/SurfaceFlinger(  314): [Built-in Screen (type:0)] fps:51.356323,dur:1012.53,max:90.22,min:2.35
12-21 11:34:44.770 D/GenieTopScreenDialog(  784): handleMessage MSG_CODE_OPEN_ACTIVITY
12-21 11:34:44.770 D/GenieTopScreenDialog(  784): sendMessage MSG_CODE_OPEN_ACTIVITY
12-21 11:34:44.778 D/PowerAQLib(  288): chmix_process!
12-21 11:34:44.779 D/PowerAQLib(  288): mbdrc_process, input_bytes 8192, output_bytes 8192
12-21 11:34:44.779 D/PowerAQLib(  288): result 0, counsumed_bytes 4096, i 0, loop_cnt 2
12-21 11:34:44.779 D/PowerAQLib(  288): result 0, counsumed_bytes 4096, i 1, loop_cnt 2
12-21 11:34:44.779 D/PowerAQLib(  288): mbdrc_process, input_bytes 8192, output_bytes 8192
12-21 11:34:44.779 D/PowerAQLib(  288): bypass_process!
12-21 11:34:44.787 D/GenieTopScreenDialog(  784): handleMessage MSG_CODE_OPEN_ACTIVITY
12-21 11:34:44.788 D/GenieTopScreenDialog(  784): sendMessage MSG_CODE_OPEN_ACTIVITY
12-21 11:34:44.790 D/PowerAQLib(  288): chmix_process!
12-21 11:34:44.792 D/PowerAQLib(  288): mbdrc_process, input_bytes 8192, output_bytes 8192
12-21 11:34:44.792 D/PowerAQLib(  288): result 0, counsumed_bytes 4096, i 0, loop_cnt 2
12-21 11:34:44.792 D/PowerAQLib(  288): result 0, counsumed_bytes 4096, i 1, loop_cnt 2
12-21 11:34:44.792 D/PowerAQLib(  288): mbdrc_process, input_bytes 8192, output_bytes 8192
12-21 11:34:44.792 D/PowerAQLib(  288): bypass_process!
12-21 11:34:44.803 D/PowerAQLib(  288): chmix_process!
12-21 11:34:44.804 D/PowerAQLib(  288): mbdrc_process, input_bytes 8192, output_bytes 8192
12-21 11:34:44.804 D/PowerAQLib(  288): result 0, counsumed_bytes 4096, i 0, loop_cnt 2
12-21 11:34:44.804 D/PowerAQLib(  288): result 0, counsumed_bytes 4096, i 1, loop_cnt 2
12-21 11:34:44.804 D/PowerAQLib(  288): mbdrc_process, input_bytes 8192, output_bytes 8192
12-21 11:34:44.804 D/PowerAQLib(  288): bypass_process!
12-21 11:34:44.805 D/GenieTopScreenDialog(  784): handleMessage MSG_CODE_OPEN_ACTIVITY
12-21 11:34:44.805 D/GenieTopScreenDialog(  784): sendMessage MSG_CODE_OPEN_ACTIVITY
12-21 11:34:44.820 D/PowerAQLib(  288): chmix_process!
12-21 11:34:44.822 D/PowerAQLib(  288): mbdrc_process, input_bytes 8192, output_bytes 8192
12-21 11:34:44.822 D/PowerAQLib(  288): result 0, counsumed_bytes 4096, i 0, loop_cnt 2
12-21 11:34:44.822 D/PowerAQLib(  288): result 0, counsumed_bytes 4096, i 1, loop_cnt 2
12-21 11:34:44.822 D/PowerAQLib(  288): mbdrc_process, input_bytes 8192, output_bytes 8192
12-21 11:34:44.822 D/PowerAQLib(  288): bypass_process!
12-21 11:34:44.822 D/GenieTopScreenDialog(  784): handleMessage MSG_CODE_OPEN_ACTIVITY
12-21 11:34:44.823 D/GenieTopScreenDialog(  784): sendMessage MSG_CODE_OPEN_ACTIVITY
12-21 11:34:44.840 D/GenieTopScreenDialog(  784): handleMessage MSG_CODE_OPEN_ACTIVITY
12-21 11:34:44.840 D/GenieTopScreenDialog(  784): sendMessage MSG_CODE_OPEN_ACTIVITY
12-21 11:34:44.857 D/GenieTopScreenDialog(  784): handleMessage MSG_CODE_OPEN_ACTIVITY
12-21 11:34:44.863 D/PowerAQLib(  288): chmix_process!
12-21 11:34:44.864 D/PowerAQLib(  288): mbdrc_process, input_bytes 8192, output_bytes 8192
12-21 11:34:44.864 D/PowerAQLib(  288): result 0, counsumed_bytes 4096, i 0, loop_cnt 2
12-21 11:34:44.864 D/PowerAQLib(  288): result 0, counsumed_bytes 4096, i 1, loop_cnt 2
12-21 11:34:44.864 D/PowerAQLib(  288): mbdrc_process, input_bytes 8192, output_bytes 8192
12-21 11:34:44.864 D/PowerAQLib(  288): bypass_process!
12-21 11:34:44.876 D/PowerAQLib(  288): chmix_process!
12-21 11:34:44.877 D/PowerAQLib(  288): mbdrc_process, input_bytes 8192, output_bytes 8192
12-21 11:34:44.877 D/PowerAQLib(  288): result 0, counsumed_bytes 4096, i 0, loop_cnt 2
12-21 11:34:44.877 D/PowerAQLib(  288): result 0, counsumed_bytes 4096, i 1, loop_cnt 2
12-21 11:34:44.877 D/PowerAQLib(  288): mbdrc_process, input_bytes 8192, output_bytes 8192
12-21 11:34:44.877 D/PowerAQLib(  288): bypass_process!
12-21 11:34:44.888 D/PowerAQLib(  288): chmix_process!
12-21 11:34:44.889 D/PowerAQLib(  288): mbdrc_process, input_bytes 8192, output_bytes 8192
12-21 11:34:44.889 D/PowerAQLib(  288): result 0, counsumed_bytes 4096, i 0, loop_cnt 2
12-21 11:34:44.889 D/PowerAQLib(  288): result 0, counsumed_bytes 4096, i 1, loop_cnt 2
12-21 11:34:44.889 D/PowerAQLib(  288): mbdrc_process, input_bytes 8192, output_bytes 8192
12-21 11:34:44.889 D/PowerAQLib(  288): bypass_process!
12-21 11:34:44.905 D/PowerAQLib(  288): chmix_process!
12-21 11:34:44.907 D/PowerAQLib(  288): mbdrc_process, input_bytes 8192, output_bytes 8192
12-21 11:34:44.907 D/PowerAQLib(  288): result 0, counsumed_bytes 4096, i 0, loop_cnt 2
12-21 11:34:44.907 D/PowerAQLib(  288): result 0, counsumed_bytes 4096, i 1, loop_cnt 2
12-21 11:34:44.907 D/PowerAQLib(  288): mbdrc_process, input_bytes 8192, output_bytes 8192
12-21 11:34:44.907 D/PowerAQLib(  288): bypass_process!
12-21 11:34:44.948 D/PowerAQLib(  288): chmix_process!
12-21 11:34:44.949 D/PowerAQLib(  288): mbdrc_process, input_bytes 8192, output_bytes 8192
12-21 11:34:44.950 D/PowerAQLib(  288): result 0, counsumed_bytes 4096, i 0, loop_cnt 2
12-21 11:34:44.950 D/PowerAQLib(  288): result 0, counsumed_bytes 4096, i 1, loop_cnt 2
12-21 11:34:44.950 D/PowerAQLib(  288): mbdrc_process, input_bytes 8192, output_bytes 8192
12-21 11:34:44.950 D/PowerAQLib(  288): bypass_process!
12-21 11:34:44.961 D/PowerAQLib(  288): chmix_process!
12-21 11:34:44.962 D/PowerAQLib(  288): mbdrc_process, input_bytes 8192, output_bytes 8192
12-21 11:34:44.962 D/PowerAQLib(  288): result 0, counsumed_bytes 4096, i 0, loop_cnt 2
12-21 11:34:44.962 D/PowerAQLib(  288): result 0, counsumed_bytes 4096, i 1, loop_cnt 2
12-21 11:34:44.962 D/PowerAQLib(  288): mbdrc_process, input_bytes 8192, output_bytes 8192
12-21 11:34:44.962 D/PowerAQLib(  288): bypass_process!
12-21 11:34:44.973 D/PowerAQLib(  288): chmix_process!
12-21 11:34:44.975 D/PowerAQLib(  288): mbdrc_process, input_bytes 8192, output_bytes 8192
12-21 11:34:44.975 D/PowerAQLib(  288): result 0, counsumed_bytes 4096, i 0, loop_cnt 2
12-21 11:34:44.975 D/PowerAQLib(  288): result 0, counsumed_bytes 4096, i 1, loop_cnt 2
12-21 11:34:44.975 D/PowerAQLib(  288): mbdrc_process, input_bytes 8192, output_bytes 8192
12-21 11:34:44.975 D/PowerAQLib(  288): bypass_process!
12-21 11:34:44.991 D/PowerAQLib(  288): chmix_process!
12-21 11:34:44.992 D/PowerAQLib(  288): mbdrc_process, input_bytes 8192, output_bytes 8192
12-21 11:34:44.992 D/PowerAQLib(  288): result 0, counsumed_bytes 4096, i 0, loop_cnt 2
12-21 11:34:44.992 D/PowerAQLib(  288): result 0, counsumed_bytes 4096, i 1, loop_cnt 2
12-21 11:34:44.992 D/PowerAQLib(  288): mbdrc_process, input_bytes 8192, output_bytes 8192
12-21 11:34:44.992 D/PowerAQLib(  288): bypass_process!
12-21 11:34:45.034 D/PowerAQLib(  288): chmix_process!
12-21 11:34:45.035 D/PowerAQLib(  288): mbdrc_process, input_bytes 8192, output_bytes 8192
12-21 11:34:45.035 D/PowerAQLib(  288): result 0, counsumed_bytes 4096, i 0, loop_cnt 2
12-21 11:34:45.035 D/PowerAQLib(  288): result 0, counsumed_bytes 4096, i 1, loop_cnt 2
12-21 11:34:45.035 D/PowerAQLib(  288): mbdrc_process, input_bytes 8192, output_bytes 8192
12-21 11:34:45.035 D/PowerAQLib(  288): bypass_process!
12-21 11:34:45.046 D/PowerAQLib(  288): chmix_process!
12-21 11:34:45.048 D/PowerAQLib(  288): mbdrc_process, input_bytes 8192, output_bytes 8192
12-21 11:34:45.048 D/PowerAQLib(  288): result 0, counsumed_bytes 4096, i 0, loop_cnt 2
12-21 11:34:45.048 D/PowerAQLib(  288): result 0, counsumed_bytes 4096, i 1, loop_cnt 2
12-21 11:34:45.048 D/PowerAQLib(  288): mbdrc_process, input_bytes 8192, output_bytes 8192
12-21 11:34:45.048 D/PowerAQLib(  288): bypass_process!
12-21 11:34:45.059 D/PowerAQLib(  288): chmix_process!
12-21 11:34:45.060 D/PowerAQLib(  288): mbdrc_process, input_bytes 8192, output_bytes 8192
12-21 11:34:45.060 D/PowerAQLib(  288): result 0, counsumed_bytes 4096, i 0, loop_cnt 2
12-21 11:34:45.060 D/PowerAQLib(  288): result 0, counsumed_bytes 4096, i 1, loop_cnt 2
12-21 11:34:45.060 D/PowerAQLib(  288): mbdrc_process, input_bytes 8192, output_bytes 8192
12-21 11:34:45.060 D/PowerAQLib(  288): bypass_process!
12-21 11:34:45.077 D/PowerAQLib(  288): chmix_process!
12-21 11:34:45.078 D/PowerAQLib(  288): mbdrc_process, input_bytes 8192, output_bytes 8192
12-21 11:34:45.078 D/PowerAQLib(  288): result 0, counsumed_bytes 4096, i 0, loop_cnt 2
12-21 11:34:45.078 D/PowerAQLib(  288): result 0, counsumed_bytes 4096, i 1, loop_cnt 2
12-21 11:34:45.078 D/PowerAQLib(  288): mbdrc_process, input_bytes 8192, output_bytes 8192
12-21 11:34:45.078 D/PowerAQLib(  288): bypass_process!
12-21 11:34:45.119 D/PowerAQLib(  288): chmix_process!
12-21 11:34:45.121 D/PowerAQLib(  288): mbdrc_process, input_bytes 8192, output_bytes 8192
12-21 11:34:45.121 D/PowerAQLib(  288): result 0, counsumed_bytes 4096, i 0, loop_cnt 2
12-21 11:34:45.121 D/PowerAQLib(  288): result 0, counsumed_bytes 4096, i 1, loop_cnt 2
12-21 11:34:45.121 D/PowerAQLib(  288): mbdrc_process, input_bytes 8192, output_bytes 8192
12-21 11:34:45.121 D/PowerAQLib(  288): bypass_process!
12-21 11:34:45.122 E/connsyslogger(  454): port index:3 not opened
12-21 11:34:45.122 E/connsyslogger(  454): port index:3 not opened
12-21 11:34:45.132 D/PowerAQLib(  288): chmix_process!
12-21 11:34:45.133 D/PowerAQLib(  288): mbdrc_process, input_bytes 8192, output_bytes 8192
12-21 11:34:45.133 D/PowerAQLib(  288): result 0, counsumed_bytes 4096, i 0, loop_cnt 2
12-21 11:34:45.133 D/PowerAQLib(  288): result 0, counsumed_bytes 4096, i 1, loop_cnt 2
12-21 11:34:45.133 D/PowerAQLib(  288): mbdrc_process, input_bytes 8192, output_bytes 8192
12-21 11:34:45.134 D/PowerAQLib(  288): bypass_process!
12-21 11:34:45.145 D/PowerAQLib(  288): chmix_process!
12-21 11:34:45.146 D/PowerAQLib(  288): mbdrc_process, input_bytes 8192, output_bytes 8192
12-21 11:34:45.146 D/PowerAQLib(  288): result 0, counsumed_bytes 4096, i 0, loop_cnt 2
12-21 11:34:45.146 D/PowerAQLib(  288): result 0, counsumed_bytes 4096, i 1, loop_cnt 2
12-21 11:34:45.146 D/PowerAQLib(  288): mbdrc_process, input_bytes 8192, output_bytes 8192
12-21 11:34:45.146 D/PowerAQLib(  288): bypass_process!
12-21 11:34:45.162 D/PowerAQLib(  288): chmix_process!
12-21 11:34:45.163 D/PowerAQLib(  288): mbdrc_process, input_bytes 8192, output_bytes 8192
12-21 11:34:45.163 D/PowerAQLib(  288): result 0, counsumed_bytes 4096, i 0, loop_cnt 2
12-21 11:34:45.163 D/PowerAQLib(  288): result 0, counsumed_bytes 4096, i 1, loop_cnt 2
12-21 11:34:45.163 D/PowerAQLib(  288): mbdrc_process, input_bytes 8192, output_bytes 8192
12-21 11:34:45.163 D/PowerAQLib(  288): bypass_process!
12-21 11:34:44.669 I/chatty  ( 3336): uid=1000(system) com.tal.genie.wifisetup identical 2 lines
12-21 11:34:44.671 W/ContextImpl( 3336): Calling a method in the system process without a qualified user: android.app.ContextImpl.startService:1532 android.content.ContextWrapper.startService:664 android.content.ContextWrapper.startService:664 com.android.internal.policy.DecorView.dispatchTouchEvent:422 android.view.View.dispatchPointerEvent:12808 
12-21 11:34:45.184 D/WifiP2pService(  646): InactiveState{ when=-1ms what=143366 arg1=1 target=com.android.internal.util.StateMachine$SmHandler }
12-21 11:34:45.184 D/WifiP2pService(  646): P2pEnabledState{ when=-1ms what=143366 arg1=1 target=com.android.internal.util.StateMachine$SmHandler }
12-21 11:34:45.184 D/WifiP2pService(  646): DefaultState{ when=-1ms what=143366 arg1=1 target=com.android.internal.util.StateMachine$SmHandler }
12-21 11:34:45.204 D/PowerAQLib(  288): chmix_process!
12-21 11:34:45.206 D/PowerAQLib(  288): mbdrc_process, input_bytes 8192, output_bytes 8192
12-21 11:34:45.206 D/PowerAQLib(  288): result 0, counsumed_bytes 4096, i 0, loop_cnt 2
12-21 11:34:45.206 D/PowerAQLib(  288): result 0, counsumed_bytes 4096, i 1, loop_cnt 2
12-21 11:34:45.206 D/PowerAQLib(  288): mbdrc_process, input_bytes 8192, output_bytes 8192
12-21 11:34:45.206 D/PowerAQLib(  288): bypass_process!
12-21 11:34:45.217 D/PowerAQLib(  288): chmix_process!
12-21 11:34:45.218 D/PowerAQLib(  288): mbdrc_process, input_bytes 8192, output_bytes 8192
12-21 11:34:45.218 D/PowerAQLib(  288): result 0, counsumed_bytes 4096, i 0, loop_cnt 2
12-21 11:34:45.218 D/PowerAQLib(  288): result 0, counsumed_bytes 4096, i 1, loop_cnt 2
12-21 11:34:45.218 D/PowerAQLib(  288): mbdrc_process, input_bytes 8192, output_bytes 8192
12-21 11:34:45.218 D/PowerAQLib(  288): bypass_process!
12-21 11:34:45.230 D/PowerAQLib(  288): chmix_process!
12-21 11:34:45.231 D/PowerAQLib(  288): mbdrc_process, input_bytes 8192, output_bytes 8192
12-21 11:34:45.231 D/PowerAQLib(  288): result 0, counsumed_bytes 4096, i 0, loop_cnt 2
12-21 11:34:45.231 D/PowerAQLib(  288): result 0, counsumed_bytes 4096, i 1, loop_cnt 2
12-21 11:34:45.231 D/PowerAQLib(  288): mbdrc_process, input_bytes 8192, output_bytes 8192
12-21 11:34:45.232 D/PowerAQLib(  288): bypass_process!
12-21 11:34:45.247 D/PowerAQLib(  288): chmix_process!
12-21 11:34:45.249 D/PowerAQLib(  288): mbdrc_process, input_bytes 8192, output_bytes 8192
12-21 11:34:45.249 D/PowerAQLib(  288): result 0, counsumed_bytes 4096, i 0, loop_cnt 2
12-21 11:34:45.249 D/PowerAQLib(  288): result 0, counsumed_bytes 4096, i 1, loop_cnt 2
12-21 11:34:45.249 D/PowerAQLib(  288): mbdrc_process, input_bytes 8192, output_bytes 8192
12-21 11:34:45.249 D/PowerAQLib(  288): bypass_process!
12-21 11:34:45.290 D/PowerAQLib(  288): chmix_process!
12-21 11:34:45.291 D/PowerAQLib(  288): mbdrc_process, input_bytes 8192, output_bytes 8192
12-21 11:34:45.291 D/PowerAQLib(  288): result 0, counsumed_bytes 4096, i 0, loop_cnt 2
12-21 11:34:45.291 D/PowerAQLib(  288): result 0, counsumed_bytes 4096, i 1, loop_cnt 2
12-21 11:34:45.291 D/PowerAQLib(  288): mbdrc_process, input_bytes 8192, output_bytes 8192
12-21 11:34:45.291 D/PowerAQLib(  288): bypass_process!
12-21 11:34:45.303 D/PowerAQLib(  288): chmix_process!
12-21 11:34:45.304 D/PowerAQLib(  288): mbdrc_process, input_bytes 8192, output_bytes 8192
12-21 11:34:45.304 D/PowerAQLib(  288): result 0, counsumed_bytes 4096, i 0, loop_cnt 2
12-21 11:34:45.304 D/PowerAQLib(  288): result 0, counsumed_bytes 4096, i 1, loop_cnt 2
12-21 11:34:45.304 D/PowerAQLib(  288): mbdrc_process, input_bytes 8192, output_bytes 8192
12-21 11:34:45.304 D/PowerAQLib(  288): bypass_process!
12-21 11:34:45.315 D/PowerAQLib(  288): chmix_process!
12-21 11:34:45.316 D/PowerAQLib(  288): mbdrc_process, input_bytes 8192, output_bytes 8192
12-21 11:34:45.316 D/PowerAQLib(  288): result 0, counsumed_bytes 4096, i 0, loop_cnt 2
12-21 11:34:45.316 D/PowerAQLib(  288): result 0, counsumed_bytes 4096, i 1, loop_cnt 2
12-21 11:34:45.316 D/PowerAQLib(  288): mbdrc_process, input_bytes 8192, output_bytes 8192
12-21 11:34:45.316 D/PowerAQLib(  288): bypass_process!
12-21 11:34:45.332 D/PowerAQLib(  288): chmix_process!
12-21 11:34:45.334 D/PowerAQLib(  288): mbdrc_process, input_bytes 8192, output_bytes 8192
12-21 11:34:45.334 D/PowerAQLib(  288): result 0, counsumed_bytes 4096, i 0, loop_cnt 2
12-21 11:34:45.334 D/PowerAQLib(  288): result 0, counsumed_bytes 4096, i 1, loop_cnt 2
12-21 11:34:45.334 D/PowerAQLib(  288): mbdrc_process, input_bytes 8192, output_bytes 8192
12-21 11:34:45.334 D/PowerAQLib(  288): bypass_process!
12-21 11:34:45.352 I/PowerWrap(  646): PowerHal_TouchBoost
12-21 11:34:45.353 D/View    (  784): genie dispatchTouchEvent-will sendbroadcast
12-21 11:34:45.354 E/ActivityManager(  646): Sending non-protected broadcast com.genie.clickscreen from system 784:com.android.systemui/u0a22 pkg com.android.systemui
12-21 11:34:45.354 E/ActivityManager(  646): java.lang.Throwable
12-21 11:34:45.354 E/ActivityManager(  646): 	at com.android.server.am.ActivityManagerService.checkBroadcastFromSystem(ActivityManagerService.java:21473)
12-21 11:34:45.354 E/ActivityManager(  646): 	at com.android.server.am.ActivityManagerService.broadcastIntentLocked(ActivityManagerService.java:21984)
12-21 11:34:45.354 E/ActivityManager(  646): 	at com.android.server.am.ActivityManagerService.broadcastIntent(ActivityManagerService.java:22227)
12-21 11:34:45.354 E/ActivityManager(  646): 	at android.app.IActivityManager$Stub.onTransact$broadcastIntent$(IActivityManager.java:10181)
12-21 11:34:45.354 E/ActivityManager(  646): 	at android.app.IActivityManager$Stub.onTransact(IActivityManager.java:167)
12-21 11:34:45.354 E/ActivityManager(  646): 	at com.android.server.am.ActivityManagerService.onTransact(ActivityManagerService.java:3350)
12-21 11:34:45.354 E/ActivityManager(  646): 	at android.os.Binder.execTransact(Binder.java:731)
12-21 11:34:45.356 E/ActivityManager(  646): Sending non-protected broadcast com.genie.clickscreen from system 784:com.android.systemui/u0a22 pkg com.android.systemui
12-21 11:34:45.356 E/ActivityManager(  646): java.lang.Throwable
12-21 11:34:45.356 E/ActivityManager(  646): 	at com.android.server.am.ActivityManagerService.checkBroadcastFromSystem(ActivityManagerService.java:21473)
12-21 11:34:45.356 E/ActivityManager(  646): 	at com.android.server.am.ActivityManagerService.broadcastIntentLocked(ActivityManagerService.java:22077)
12-21 11:34:45.356 E/ActivityManager(  646): 	at com.android.server.am.ActivityManagerService.broadcastIntent(ActivityManagerService.java:22227)
12-21 11:34:45.356 E/ActivityManager(  646): 	at android.app.IActivityManager$Stub.onTransact$broadcastIntent$(IActivityManager.java:10181)
12-21 11:34:45.356 E/ActivityManager(  646): 	at android.app.IActivityManager$Stub.onTransact(IActivityManager.java:167)
12-21 11:34:45.356 E/ActivityManager(  646): 	at com.android.server.am.ActivityManagerService.onTransact(ActivityManagerService.java:3350)
12-21 11:34:45.356 E/ActivityManager(  646): 	at android.os.Binder.execTransact(Binder.java:731)
12-21 11:34:45.357 D/GenieTopScreenDialog(  784): downY: 1591.0056
12-21 11:34:45.357 I/SA.PushAutoTrackHelper( 1155): SDK or push disabled.
12-21 11:34:45.358 I/LockScreenReceiver( 1155): action ::: com.genie.clickscreen
12-21 11:34:45.358 I/EyesProtectManager( 1155): [ (EyesProtectManager.java:76)#userTracked ] userTracked:  configLoaded-true protectorOn-false canUseScreen-true isUseCounting-false useBeginTime-null useSeconds-0 lockScreenTime-null unlockScreenTime- 2021-12-21 11:31:29
12-21 11:34:45.369 I/PowerWrap(  646): PowerHal_TouchBoost
12-21 11:34:45.370 D/GenieTopScreenDialog(  784): click screen, dismiss dialog now ~
12-21 11:34:45.370 D/GenieTopScreenDialog(  784): dismissDialog
12-21 11:34:45.371 D/GenieTopScreenDialog(  784): dismissDialog mContext is null now
12-21 11:34:45.371 D/Surface (  784): Surface::disconnect(this=0x87cd6000,api=1)
12-21 11:34:45.372 I/BufferQueueProducer(  314): [#0](this:0xa929d000,id:57,api:1,p:784,c:314) disconnect(P): api 1
12-21 11:34:45.372 I/BufferQueueConsumer(  314): [#0](this:0xa929d000,id:57,api:1,p:-1,c:314) getReleasedBuffers: returning mask 0xffffffffffffffff
12-21 11:34:45.372 D/View    (  784): [Warning] assignParent to null: this = DecorView@16ca312[]
12-21 11:34:45.375 D/PowerAQLib(  288): chmix_process!
12-21 11:34:45.376 W/SurfaceFlinger(  314): Attempting to destroy on removed layer: 8427dad com.android.systemui#0
12-21 11:34:45.376 I/BufferQueueConsumer(  314): [#0](this:0xa929d000,id:57,api:1,p:-1,c:-1) disconnect(C)
12-21 11:34:45.376 D/PowerAQLib(  288): mbdrc_process, input_bytes 8192, output_bytes 8192
12-21 11:34:45.376 D/PowerAQLib(  288): result 0, counsumed_bytes 4096, i 0, loop_cnt 2
12-21 11:34:45.376 D/PowerAQLib(  288): result 0, counsumed_bytes 4096, i 1, loop_cnt 2
12-21 11:34:45.376 D/PowerAQLib(  288): mbdrc_process, input_bytes 8192, output_bytes 8192
12-21 11:34:45.376 D/PowerAQLib(  288): bypass_process!
12-21 11:34:45.378 I/BufferQueue(  314): [#0](this:0xa929d000,id:57,api:1,p:-1,c:-1) ~BufferQueueCore
12-21 11:34:45.380 D/GenieTopScreenBackgroundDialog(  784): dismiss()
12-21 11:34:45.382 D/Surface (  784): Surface::disconnect(this=0x87ced800,api=1)
12-21 11:34:45.382 I/BufferQueueProducer(  314): [#1](this:0xa92b6000,id:58,api:1,p:784,c:314) disconnect(P): api 1
12-21 11:34:45.382 I/BufferQueueConsumer(  314): [#1](this:0xa92b6000,id:58,api:1,p:-1,c:314) getReleasedBuffers: returning mask 0xffffffffffffffff
12-21 11:34:45.383 D/View    (  784): [Warning] assignParent to null: this = DecorView@6dd1ae3[]
12-21 11:34:45.383 V/WindowManager(  646): Remove Window{fcb0f30 u0 com.android.systemui} client=76868e2, surfaceController=Surface(name=)/@0x8813eeb Callers=com.android.server.wm.WindowState.removeIfPossible:1966 com.android.server.wm.WindowManagerService.removeWindow:1679 com.android.server.wm.Session.remove:226 android.view.IWindowSession$Stub.onTransact:261 com.android.server.wm.Session.onTransact:164 
12-21 11:34:45.385 V/WindowManager(  646): Changing focus from Window{fcb0f30 u0 com.android.systemui} to Window{bc4b0c9 u0 com.tal.genie.wifisetup/com.tal.genie.wifisetup.MainActivity} Callers=com.android.server.wm.RootWindowContainer.performSurfacePlacement:568 com.android.server.wm.WindowSurfacePlacer.performSurfacePlacementLoop:207 com.android.server.wm.WindowSurfacePlacer.performSurfacePlacement:155 com.android.server.wm.WindowSurfacePlacer.performSurfacePlacement:145 
12-21 11:34:45.385 D/WindowManager(  646): Input focus has changed to Window{bc4b0c9 u0 com.tal.genie.wifisetup/com.tal.genie.wifisetup.MainActivity}
12-21 11:34:45.387 I/PowerWrap(  646): PowerHal_TouchBoost
12-21 11:34:45.387 W/SurfaceFlinger(  314): Attempting to destroy on removed layer: fcb0f30 com.android.systemui#0
12-21 11:34:45.388 D/PowerAQLib(  288): chmix_process!
12-21 11:34:45.388 D/View    ( 3336): genie dispatchTouchEvent-will sendbroadcast
12-21 11:34:45.389 I/WindowManager(  646): Focus moving from Window{fcb0f30 u0 com.android.systemui} to Window{bc4b0c9 u0 com.tal.genie.wifisetup/com.tal.genie.wifisetup.MainActivity}
12-21 11:34:45.389 D/PowerAQLib(  288): mbdrc_process, input_bytes 8192, output_bytes 8192
12-21 11:34:45.389 D/PowerAQLib(  288): result 0, counsumed_bytes 4096, i 0, loop_cnt 2
12-21 11:34:45.389 D/PowerAQLib(  288): result 0, counsumed_bytes 4096, i 1, loop_cnt 2
12-21 11:34:45.389 D/PowerAQLib(  288): mbdrc_process, input_bytes 8192, output_bytes 8192
12-21 11:34:45.389 D/PowerAQLib(  288): bypass_process!
12-21 11:34:45.389 W/ContextImpl( 3336): Calling a method in the system process without a qualified user: android.app.ContextImpl.sendBroadcast:1006 android.content.ContextWrapper.sendBroadcast:444 android.content.ContextWrapper.sendBroadcast:444 android.content.ContextWrapper.sendBroadcast:444 android.view.View.dispatchTouchEvent:12526 
12-21 11:34:45.390 D/GenieTopScreenDialog(  784): onStop
12-21 11:34:45.390 W/ViewRootImpl[](  784): Dropping event due to root view being removed: MotionEvent { action=ACTION_UP, actionButton=0, id[0]=0, x[0]=108.84882, y[0]=1591.0056, toolType[0]=TOOL_TYPE_FINGER, buttonState=0, metaState=0, flags=0x0, edgeFlags=0x0, pointerCount=1, historySize=0, eventTime=2505994, downTime=2505977, deviceId=5, source=0x1002 }
12-21 11:34:45.390 W/InputEventReceiver(  784): Attempted to finish an input event but the input event receiver has already been disposed.
12-21 11:34:45.390 E/ActivityManager(  646): Sending non-protected broadcast com.genie.clickscreen from system 3336:com.tal.genie.wifisetup/1000 pkg com.tal.genie.wifisetup
12-21 11:34:45.390 E/ActivityManager(  646): java.lang.Throwable
12-21 11:34:45.390 E/ActivityManager(  646): 	at com.android.server.am.ActivityManagerService.checkBroadcastFromSystem(ActivityManagerService.java:21473)
12-21 11:34:45.390 E/ActivityManager(  646): 	at com.android.server.am.ActivityManagerService.broadcastIntentLocked(ActivityManagerService.java:21984)
12-21 11:34:45.390 E/ActivityManager(  646): 	at com.android.server.am.ActivityManagerService.broadcastIntent(ActivityManagerService.java:22227)
12-21 11:34:45.390 E/ActivityManager(  646): 	at android.app.IActivityManager$Stub.onTransact$broadcastIntent$(IActivityManager.java:10181)
12-21 11:34:45.390 E/ActivityManager(  646): 	at android.app.IActivityManager$Stub.onTransact(IActivityManager.java:167)
12-21 11:34:45.390 E/ActivityManager(  646): 	at com.android.server.am.ActivityManagerService.onTransact(ActivityManagerService.java:3350)
12-21 11:34:45.390 E/ActivityManager(  646): 	at android.os.Binder.execTransact(Binder.java:731)
12-21 11:34:45.392 E/ActivityManager(  646): Sending non-protected broadcast com.genie.clickscreen from system 3336:com.tal.genie.wifisetup/1000 pkg com.tal.genie.wifisetup
12-21 11:34:45.392 E/ActivityManager(  646): java.lang.Throwable
12-21 11:34:45.392 E/ActivityManager(  646): 	at com.android.server.am.ActivityManagerService.checkBroadcastFromSystem(ActivityManagerService.java:21473)
12-21 11:34:45.392 E/ActivityManager(  646): 	at com.android.server.am.ActivityManagerService.broadcastIntentLocked(ActivityManagerService.java:22077)
12-21 11:34:45.392 E/ActivityManager(  646): 	at com.android.server.am.ActivityManagerService.broadcastIntent(ActivityManagerService.java:22227)
12-21 11:34:45.392 E/ActivityManager(  646): 	at android.app.IActivityManager$Stub.onTransact$broadcastIntent$(IActivityManager.java:10181)
12-21 11:34:45.392 E/ActivityManager(  646): 	at android.app.IActivityManager$Stub.onTransact(IActivityManager.java:167)
12-21 11:34:45.392 E/ActivityManager(  646): 	at com.android.server.am.ActivityManagerService.onTransact(ActivityManagerService.java:3350)
12-21 11:34:45.392 E/ActivityManager(  646): 	at android.os.Binder.execTransact(Binder.java:731)
12-21 11:34:45.394 I/BufferQueueConsumer(  314): [#1](this:0xa92b6000,id:58,api:1,p:-1,c:-1) disconnect(C)
12-21 11:34:45.396 I/BufferQueue(  314): [#1](this:0xa92b6000,id:58,api:1,p:-1,c:-1) ~BufferQueueCore
12-21 11:34:45.397 I/SA.PushAutoTrackHelper( 1155): SDK or push disabled.
12-21 11:34:45.397 I/LockScreenReceiver( 1155): action ::: com.genie.clickscreen
12-21 11:34:45.398 I/EyesProtectManager( 1155): [ (EyesProtectManager.java:76)#userTracked ] userTracked:  configLoaded-true protectorOn-false canUseScreen-true isUseCounting-false useBeginTime-null useSeconds-0 lockScreenTime-null unlockScreenTime- 2021-12-21 11:31:29
12-21 11:34:45.400 D/PowerAQLib(  288): chmix_process!
12-21 11:34:45.402 D/PowerAQLib(  288): mbdrc_process, input_bytes 8192, output_bytes 8192
12-21 11:34:45.402 D/PowerAQLib(  288): result 0, counsumed_bytes 4096, i 0, loop_cnt 2
12-21 11:34:45.402 D/PowerAQLib(  288): result 0, counsumed_bytes 4096, i 1, loop_cnt 2
12-21 11:34:45.402 D/PowerAQLib(  288): mbdrc_process, input_bytes 8192, output_bytes 8192
12-21 11:34:45.402 D/PowerAQLib(  288): bypass_process!
12-21 11:34:45.417 D/PowerAQLib(  288): chmix_process!
12-21 11:34:45.419 D/PowerAQLib(  288): mbdrc_process, input_bytes 8192, output_bytes 8192
12-21 11:34:45.419 D/PowerAQLib(  288): result 0, counsumed_bytes 4096, i 0, loop_cnt 2
12-21 11:34:45.419 D/PowerAQLib(  288): result 0, counsumed_bytes 4096, i 1, loop_cnt 2
12-21 11:34:45.419 D/PowerAQLib(  288): mbdrc_process, input_bytes 8192, output_bytes 8192
12-21 11:34:45.419 D/PowerAQLib(  288): bypass_process!
12-21 11:34:45.456 I/PowerWrap(  646): PowerHal_TouchBoost
12-21 11:34:45.460 D/PowerAQLib(  288): chmix_process!
12-21 11:34:45.462 D/PowerAQLib(  288): mbdrc_process, input_bytes 8192, output_bytes 8192
12-21 11:34:45.462 D/PowerAQLib(  288): result 0, counsumed_bytes 4096, i 0, loop_cnt 2
12-21 11:34:45.462 D/PowerAQLib(  288): result 0, counsumed_bytes 4096, i 1, loop_cnt 2
12-21 11:34:45.462 D/PowerAQLib(  288): mbdrc_process, input_bytes 8192, output_bytes 8192
12-21 11:34:45.462 D/PowerAQLib(  288): bypass_process!
12-21 11:34:45.473 D/PowerAQLib(  288): chmix_process!
12-21 11:34:45.474 D/PowerAQLib(  288): mbdrc_process, input_bytes 8192, output_bytes 8192
12-21 11:34:45.474 D/PowerAQLib(  288): result 0, counsumed_bytes 4096, i 0, loop_cnt 2
12-21 11:34:45.474 D/PowerAQLib(  288): result 0, counsumed_bytes 4096, i 1, loop_cnt 2
12-21 11:34:45.474 D/PowerAQLib(  288): mbdrc_process, input_bytes 8192, output_bytes 8192
12-21 11:34:45.474 D/PowerAQLib(  288): bypass_process!
12-21 11:34:45.485 D/PowerAQLib(  288): chmix_process!
12-21 11:34:45.486 D/PowerAQLib(  288): mbdrc_process, input_bytes 8192, output_bytes 8192
12-21 11:34:45.487 D/PowerAQLib(  288): result 0, counsumed_bytes 4096, i 0, loop_cnt 2
12-21 11:34:45.487 D/PowerAQLib(  288): result 0, counsumed_bytes 4096, i 1, loop_cnt 2
12-21 11:34:45.487 D/PowerAQLib(  288): mbdrc_process, input_bytes 8192, output_bytes 8192
12-21 11:34:45.487 D/PowerAQLib(  288): bypass_process!
12-21 11:34:45.503 D/PowerAQLib(  288): chmix_process!
12-21 11:34:45.505 D/PowerAQLib(  288): mbdrc_process, input_bytes 8192, output_bytes 8192
12-21 11:34:45.505 D/PowerAQLib(  288): result 0, counsumed_bytes 4096, i 0, loop_cnt 2
12-21 11:34:45.505 D/PowerAQLib(  288): result 0, counsumed_bytes 4096, i 1, loop_cnt 2
12-21 11:34:45.505 D/PowerAQLib(  288): mbdrc_process, input_bytes 8192, output_bytes 8192
12-21 11:34:45.505 D/PowerAQLib(  288): bypass_process!
12-21 11:34:45.546 D/PowerAQLib(  288): chmix_process!
12-21 11:34:45.547 D/PowerAQLib(  288): mbdrc_process, input_bytes 8192, output_bytes 8192
12-21 11:34:45.547 D/PowerAQLib(  288): result 0, counsumed_bytes 4096, i 0, loop_cnt 2
12-21 11:34:45.547 D/PowerAQLib(  288): result 0, counsumed_bytes 4096, i 1, loop_cnt 2
12-21 11:34:45.547 D/PowerAQLib(  288): mbdrc_process, input_bytes 8192, output_bytes 8192
12-21 11:34:45.547 D/PowerAQLib(  288): bypass_process!
12-21 11:34:45.559 D/PowerAQLib(  288): chmix_process!
12-21 11:34:45.560 D/PowerAQLib(  288): mbdrc_process, input_bytes 8192, output_bytes 8192
12-21 11:34:45.560 D/PowerAQLib(  288): result 0, counsumed_bytes 4096, i 0, loop_cnt 2
12-21 11:34:45.560 D/PowerAQLib(  288): result 0, counsumed_bytes 4096, i 1, loop_cnt 2
12-21 11:34:45.560 D/PowerAQLib(  288): mbdrc_process, input_bytes 8192, output_bytes 8192
12-21 11:34:45.560 D/PowerAQLib(  288): bypass_process!
12-21 11:34:45.571 D/PowerAQLib(  288): chmix_process!
12-21 11:34:45.573 D/PowerAQLib(  288): mbdrc_process, input_bytes 8192, output_bytes 8192
12-21 11:34:45.573 D/PowerAQLib(  288): result 0, counsumed_bytes 4096, i 0, loop_cnt 2
12-21 11:34:45.573 D/PowerAQLib(  288): result 0, counsumed_bytes 4096, i 1, loop_cnt 2
12-21 11:34:45.573 D/PowerAQLib(  288): mbdrc_process, input_bytes 8192, output_bytes 8192
12-21 11:34:45.573 D/PowerAQLib(  288): bypass_process!
12-21 11:34:45.588 D/PowerAQLib(  288): chmix_process!
12-21 11:34:45.590 D/PowerAQLib(  288): mbdrc_process, input_bytes 8192, output_bytes 8192
12-21 11:34:45.590 D/PowerAQLib(  288): result 0, counsumed_bytes 4096, i 0, loop_cnt 2
12-21 11:34:45.590 D/PowerAQLib(  288): result 0, counsumed_bytes 4096, i 1, loop_cnt 2
12-21 11:34:45.590 D/PowerAQLib(  288): mbdrc_process, input_bytes 8192, output_bytes 8192
12-21 11:34:45.590 D/PowerAQLib(  288): bypass_process!
12-21 11:34:45.631 D/PowerAQLib(  288): chmix_process!
12-21 11:34:45.632 D/PowerAQLib(  288): mbdrc_process, input_bytes 8192, output_bytes 8192
12-21 11:34:45.632 D/PowerAQLib(  288): result 0, counsumed_bytes 4096, i 0, loop_cnt 2
12-21 11:34:45.632 D/PowerAQLib(  288): result 0, counsumed_bytes 4096, i 1, loop_cnt 2
12-21 11:34:45.632 D/PowerAQLib(  288): mbdrc_process, input_bytes 8192, output_bytes 8192
12-21 11:34:45.632 D/PowerAQLib(  288): bypass_process!
12-21 11:34:45.644 D/PowerAQLib(  288): chmix_process!
12-21 11:34:45.645 D/PowerAQLib(  288): mbdrc_process, input_bytes 8192, output_bytes 8192
12-21 11:34:45.645 D/PowerAQLib(  288): result 0, counsumed_bytes 4096, i 0, loop_cnt 2
12-21 11:34:45.645 D/PowerAQLib(  288): result 0, counsumed_bytes 4096, i 1, loop_cnt 2
12-21 11:34:45.645 D/PowerAQLib(  288): mbdrc_process, input_bytes 8192, output_bytes 8192
