01-01 08:00:27.072 I/WindowManager(  646): 	at com.android.server.ServiceThread.run(ServiceThread.java:44)
01-01 08:00:27.083 I/WindowManager(  646): Waiting for drawn Window{b1b535 u0 com.android.settings/com.android.settings.FallbackHome}: removed=false visible=true mHasSurface=true drawState=1
01-01 08:00:27.085 D/DisplayManagerService(  646): Display 0 hasContent flag changed: hasContent=false, inTraversal=true
01-01 08:00:27.087 I/WindowManager(  646): Waiting for drawn Window{b1b535 u0 com.android.settings/com.android.settings.FallbackHome}: removed=false visible=true mHasSurface=true drawState=1
01-01 08:00:27.088 I/WindowManager(  646): performEnableScreen: mDisplayEnabled=false mForceDisplayEnabled=false mShowingBootMessages=false mSystemBooted=true mOnlyCore=false
01-01 08:00:27.088 I/WindowManager(  646): java.lang.RuntimeException: here
01-01 08:00:27.088 I/WindowManager(  646): 	at com.android.server.wm.WindowManagerService.performEnableScreen(WindowManagerService.java:3499)
01-01 08:00:27.088 I/WindowManager(  646): 	at com.android.server.wm.WindowManagerService.access$1100(WindowManagerService.java:285)
01-01 08:00:27.088 I/WindowManager(  646): 	at com.android.server.wm.WindowManagerService$H.handleMessage(WindowManagerService.java:4900)
01-01 08:00:27.088 I/WindowManager(  646): 	at android.os.Handler.dispatchMessage(Handler.java:106)
01-01 08:00:27.088 I/WindowManager(  646): 	at android.os.Looper.loop(Looper.java:193)
01-01 08:00:27.088 I/WindowManager(  646): 	at android.os.HandlerThread.run(HandlerThread.java:65)
01-01 08:00:27.088 I/WindowManager(  646): 	at com.android.server.ServiceThread.run(ServiceThread.java:44)
01-01 08:00:27.103 I/WindowManager(  646): Waiting for drawn Window{b1b535 u0 com.android.settings/com.android.settings.FallbackHome}: removed=false visible=true mHasSurface=true drawState=3
01-01 08:00:27.104 D/DisplayManagerService(  646): Display 0 hasContent flag changed: hasContent=true, inTraversal=true
01-01 08:00:27.104 I/WindowManager(  646): Waiting for drawn Window{b1b535 u0 com.android.settings/com.android.settings.FallbackHome}: removed=false visible=true mHasSurface=true drawState=4
01-01 08:00:27.104 D/WindowManager(  646): Window drawn win=Window{b1b535 u0 com.android.settings/com.android.settings.FallbackHome}
01-01 08:00:27.105 D/WindowManager(  646): All windows drawn!
01-01 08:00:27.107 I/WindowManager(  646): performEnableScreen: mDisplayEnabled=false mForceDisplayEnabled=false mShowingBootMessages=false mSystemBooted=true mOnlyCore=false
01-01 08:00:27.107 I/WindowManager(  646): java.lang.RuntimeException: here
01-01 08:00:27.107 I/WindowManager(  646): 	at com.android.server.wm.WindowManagerService.performEnableScreen(WindowManagerService.java:3499)
01-01 08:00:27.107 I/WindowManager(  646): 	at com.android.server.wm.WindowManagerService.access$1100(WindowManagerService.java:285)
01-01 08:00:27.107 I/WindowManager(  646): 	at com.android.server.wm.WindowManagerService$H.handleMessage(WindowManagerService.java:4900)
01-01 08:00:27.107 I/WindowManager(  646): 	at android.os.Handler.dispatchMessage(Handler.java:106)
01-01 08:00:27.107 I/WindowManager(  646): 	at android.os.Looper.loop(Looper.java:193)
01-01 08:00:27.107 I/WindowManager(  646): 	at android.os.HandlerThread.run(HandlerThread.java:65)
01-01 08:00:27.107 I/WindowManager(  646): 	at com.android.server.ServiceThread.run(ServiceThread.java:44)
01-01 08:00:27.107 I/WindowManager(  646): performEnableScreen: mDisplayEnabled=false mForceDisplayEnabled=false mShowingBootMessages=false mSystemBooted=true mOnlyCore=false
01-01 08:00:27.107 I/WindowManager(  646): java.lang.RuntimeException: here
01-01 08:00:27.107 I/WindowManager(  646): 	at com.android.server.wm.WindowManagerService.performEnableScreen(WindowManagerService.java:3499)
01-01 08:00:27.107 I/WindowManager(  646): 	at com.android.server.wm.WindowManagerService.access$1100(WindowManagerService.java:285)
01-01 08:00:27.107 I/WindowManager(  646): 	at com.android.server.wm.WindowManagerService$H.handleMessage(WindowManagerService.java:4900)
01-01 08:00:27.107 I/WindowManager(  646): 	at android.os.Handler.dispatchMessage(Handler.java:106)
01-01 08:00:27.107 I/WindowManager(  646): 	at android.os.Looper.loop(Looper.java:193)
01-01 08:00:27.107 I/WindowManager(  646): 	at android.os.HandlerThread.run(HandlerThread.java:65)
01-01 08:00:27.107 I/WindowManager(  646): 	at com.android.server.ServiceThread.run(ServiceThread.java:44)
01-01 08:00:27.107 D/WindowOrientationListener(  646): WindowOrientationListener enabled clearCurrentRotation=true
01-01 08:00:27.108 I/WindowManager(  646): performEnableScreen: mDisplayEnabled=false mForceDisplayEnabled=false mShowingBootMessages=false mSystemBooted=true mOnlyCore=false
01-01 08:00:27.108 I/WindowManager(  646): java.lang.RuntimeException: here
01-01 08:00:27.108 I/WindowManager(  646): 	at com.android.server.wm.WindowManagerService.performEnableScreen(WindowManagerService.java:3499)
01-01 08:00:27.108 I/WindowManager(  646): 	at com.android.server.wm.WindowManagerService.access$1100(WindowManagerService.java:285)
01-01 08:00:27.108 I/WindowManager(  646): 	at com.android.server.wm.WindowManagerService$H.handleMessage(WindowManagerService.java:4900)
01-01 08:00:27.108 I/WindowManager(  646): 	at android.os.Handler.dispatchMessage(Handler.java:106)
01-01 08:00:27.108 I/WindowManager(  646): 	at android.os.Looper.loop(Looper.java:193)
01-01 08:00:27.108 I/WindowManager(  646): 	at android.os.HandlerThread.run(HandlerThread.java:65)
01-01 08:00:27.108 I/WindowManager(  646): 	at com.android.server.ServiceThread.run(ServiceThread.java:44)
01-01 08:00:27.165 I/chatty  (  646): uid=1000(system) android.display identical 5 lines
01-01 08:00:27.173 I/WindowManager(  646): performEnableScreen: mDisplayEnabled=false mForceDisplayEnabled=false mShowingBootMessages=false mSystemBooted=true mOnlyCore=false
01-01 08:00:27.173 I/WindowManager(  646): java.lang.RuntimeException: here
01-01 08:00:27.173 I/WindowManager(  646): 	at com.android.server.wm.WindowManagerService.performEnableScreen(WindowManagerService.java:3499)
01-01 08:00:27.173 I/WindowManager(  646): 	at com.android.server.wm.WindowManagerService.access$1100(WindowManagerService.java:285)
01-01 08:00:27.173 I/WindowManager(  646): 	at com.android.server.wm.WindowManagerService$H.handleMessage(WindowManagerService.java:4900)
01-01 08:00:27.173 I/WindowManager(  646): 	at android.os.Handler.dispatchMessage(Handler.java:106)
01-01 08:00:27.173 I/WindowManager(  646): 	at android.os.Looper.loop(Looper.java:193)
01-01 08:00:27.173 I/WindowManager(  646): 	at android.os.HandlerThread.run(HandlerThread.java:65)
01-01 08:00:27.173 I/WindowManager(  646): 	at com.android.server.ServiceThread.run(ServiceThread.java:44)
01-01 08:00:27.173 I/WindowManager(  646): ******** booted=true msg=false haveBoot=false haveApp=false haveWall=true wallEnabled=true haveKeyguard=true
01-01 08:00:27.173 I/WindowManager(  646): ******************** ENABLING SCREEN!
01-01 08:00:27.173 V/WindowManager(  646): Setting event dispatching to true
01-01 08:00:27.173 D/ActivityManager(  646): bootAnimationComplete, mCallFinishBooting = true
01-01 08:00:27.174 I/SystemServiceManager(  646): Starting phase 1000
01-01 08:00:27.177 D/Genie   (  646): DevicePolicyManagerService systemReady com.tal.genie.voice.receiver.AdminReceiver is already ActiveAdmin, return
01-01 08:00:27.177 D/ColorDisplayService(  646): setUp: currentUser=0
01-01 08:00:27.178 I/UsbDeviceManager(  646): Setting USB config to adb
01-01 08:00:27.184 D/ColorDisplayService(  646): onAutoModeChanged: autoMode=0
01-01 08:00:27.185 I/ColorDisplayService(  646): Turning off night display
01-01 08:00:27.191 V/ActivityManager(  646): broadcast BOOT_COMPLETED intent
01-01 08:00:27.195 D/ActivityManager(  646): Finishing user boot 0
01-01 08:00:27.195 I/ActivityManager(  646): User 0 state changed from BOOTING to RUNNING_LOCKED
01-01 08:00:27.202 D/ActivityManager(  646): Started unlocking user 0
01-01 08:00:27.202 D/ActivityManager(  646): Unlocking user 0 progress 0
01-01 08:00:27.202 D/ActivityManager(  646): Unlocking user 0 progress 5
01-01 08:00:27.213 D/MtkConnectivityService(  646): Got NetworkFactory Messenger for WIFI
01-01 08:00:27.213 D/WifiP2pService(  646): InactiveState{ when=0 what=69633 target=com.android.internal.util.StateMachine$SmHandler }
01-01 08:00:27.213 D/WifiP2pService(  646): P2pEnabledState{ when=0 what=69633 target=com.android.internal.util.StateMachine$SmHandler }
01-01 08:00:27.213 D/WifiP2pService(  646): DefaultState{ when=0 what=69633 target=com.android.internal.util.StateMachine$SmHandler }
01-01 08:00:27.213 D/MtkConnectivityService(  646): Got NetworkFactory Messenger for WIFI_UT
01-01 08:00:27.213 D/WifiP2pService(  646): InactiveState{ when=0 what=69632 obj=com.android.server.wifi.util.WifiAsyncChannel@662b9e3 target=com.android.internal.util.StateMachine$SmHandler }
01-01 08:00:27.213 D/WifiP2pService(  646): P2pEnabledState{ when=0 what=69632 obj=com.android.server.wifi.util.WifiAsyncChannel@662b9e3 target=com.android.internal.util.StateMachine$SmHandler }
01-01 08:00:27.213 D/WifiP2pService(  646): DefaultState{ when=0 what=69632 obj=com.android.server.wifi.util.WifiAsyncChannel@662b9e3 target=com.android.internal.util.StateMachine$SmHandler }
01-01 08:00:27.213 D/WifiP2pService(  646): Full connection with WifiStateMachine established
01-01 08:00:27.215 D/WifiP2pService(  646): InactiveState{ when=0 what=131203 target=com.android.internal.util.StateMachine$SmHandler }
01-01 08:00:27.215 D/WifiP2pService(  646): P2pEnabledState{ when=0 what=131203 target=com.android.internal.util.StateMachine$SmHandler }
01-01 08:00:27.215 D/WifiP2pService(  646): DefaultState{ when=0 what=131203 target=com.android.internal.util.StateMachine$SmHandler }
01-01 08:00:27.215 E/WifiP2pService(  646): Unhandled message { when=0 what=131203 target=com.android.internal.util.StateMachine$SmHandler }
01-01 08:00:27.216 I/WindowManager(  646): performEnableScreen: mDisplayEnabled=true mForceDisplayEnabled=false mShowingBootMessages=false mSystemBooted=true mOnlyCore=false
01-01 08:00:27.216 I/WindowManager(  646): java.lang.RuntimeException: here
01-01 08:00:27.216 I/WindowManager(  646): 	at com.android.server.wm.WindowManagerService.performEnableScreen(WindowManagerService.java:3499)
01-01 08:00:27.216 I/WindowManager(  646): 	at com.android.server.wm.WindowManagerService.access$1100(WindowManagerService.java:285)
01-01 08:00:27.216 I/WindowManager(  646): 	at com.android.server.wm.WindowManagerService$H.handleMessage(WindowManagerService.java:4900)
01-01 08:00:27.216 I/WindowManager(  646): 	at android.os.Handler.dispatchMessage(Handler.java:106)
01-01 08:00:27.216 I/WindowManager(  646): 	at android.os.Looper.loop(Looper.java:193)
01-01 08:00:27.216 I/WindowManager(  646): 	at android.os.HandlerThread.run(HandlerThread.java:65)
01-01 08:00:27.216 I/WindowManager(  646): 	at com.android.server.ServiceThread.run(ServiceThread.java:44)
01-01 08:00:27.217 I/chatty  (  646): uid=1000(system) android.display identical 1 line
01-01 08:00:27.217 I/WindowManager(  646): performEnableScreen: mDisplayEnabled=true mForceDisplayEnabled=false mShowingBootMessages=false mSystemBooted=true mOnlyCore=false
01-01 08:00:27.217 I/WindowManager(  646): java.lang.RuntimeException: here
01-01 08:00:27.217 I/WindowManager(  646): 	at com.android.server.wm.WindowManagerService.performEnableScreen(WindowManagerService.java:3499)
01-01 08:00:27.217 I/WindowManager(  646): 	at com.android.server.wm.WindowManagerService.access$1100(WindowManagerService.java:285)
01-01 08:00:27.217 I/WindowManager(  646): 	at com.android.server.wm.WindowManagerService$H.handleMessage(WindowManagerService.java:4900)
01-01 08:00:27.217 I/WindowManager(  646): 	at android.os.Handler.dispatchMessage(Handler.java:106)
01-01 08:00:27.217 I/WindowManager(  646): 	at android.os.Looper.loop(Looper.java:193)
01-01 08:00:27.217 I/WindowManager(  646): 	at android.os.HandlerThread.run(HandlerThread.java:65)
01-01 08:00:27.217 I/WindowManager(  646): 	at com.android.server.ServiceThread.run(ServiceThread.java:44)
01-01 08:00:27.228 V/AlarmManager(  646): set(null) : type=2 triggerAtTime=43532 win=15000 tElapsed=43532 maxElapsed=58532 interval=0 flags=0x8
01-01 08:00:27.233 D/vold    (  274): e4crypt_prepare_user_storage for volume null, user 0, serial 0, flags 2
01-01 08:00:27.233 D/vold    (  274): Preparing: /data/system_ce/0
01-01 08:00:27.233 D/vold    (  274): Preparing: /data/misc_ce/0
01-01 08:00:27.233 D/vold    (  274): Preparing: /data/vendor_ce/0
01-01 08:00:27.234 D/vold    (  274): Preparing: /data/media/0
01-01 08:00:27.234 D/vold    (  274): Preparing: /data/data
01-01 08:00:27.234 V/vold    (  274): Starting restorecon of /data/system_ce/0
01-01 08:00:27.245 V/AlarmManager(  646): set(null) : type=2 triggerAtTime=38549 win=11250 tElapsed=38549 maxElapsed=49799 interval=0 flags=0x8
01-01 08:00:27.296 V/vold    (  274): Finished restorecon of /data/system_ce/0
01-01 08:00:27.296 V/vold    (  274): Starting restorecon of /data/misc_ce/0
01-01 08:00:27.299 V/vold    (  274): Finished restorecon of /data/misc_ce/0
01-01 08:00:27.300 V/vold    (  274): /system/bin/vold_prepare_subdirs
01-01 08:00:27.300 V/vold    (  274):     prepare
01-01 08:00:27.300 V/vold    (  274):     
01-01 08:00:27.300 V/vold    (  274):     0
01-01 08:00:27.300 V/vold    (  274):     2
01-01 08:00:27.341 V/UserDataPreparer(  646): Found /data/user/0 with serial number 0
01-01 08:00:27.341 V/UserDataPreparer(  646): Found /data/system_ce/0 with serial number 0
01-01 08:00:27.342 D/UserDataPreparer(  646): Setting property: sys.user.0.ce_available=true
01-01 08:00:27.343 V/PackageManager(  646): reconcileAppsData for null u0 0x2 migrateAppData=false
01-01 08:00:27.545 V/PackageManager(  646): reconcileAppsData finished 81 packages
01-01 08:00:27.545 I/ActivityManager(  646): User 0 state changed from RUNNING_LOCKED to RUNNING_UNLOCKING
01-01 08:00:27.545 D/ActivityManager(  646): Unlocking user 0 progress 20
01-01 08:00:27.545 W/Looper  (  646): Slow dispatch took 312ms android.fg h=android.os.Handler c=com.android.server.am.-$$Lambda$UserController$o6oQFjGYYIfx-I94cSakTLPLt6s@ff06af8 m=0
01-01 08:00:27.545 I/SystemServiceManager(  646): Calling onUnlockUser u0
01-01 08:00:27.545 D/StorageManagerService(  646): onUnlockUser 0
01-01 08:00:27.546 W/Looper  (  646): Slow delivery took 312ms android.fg h=com.android.server.usb.UsbDebuggingManager$UsbDebuggingHandler c=null m=1
01-01 08:00:27.549 D/vold    (  274): Linking /storage/emulated/0 to /mnt/user/0/primary
01-01 08:00:27.561 D/StorageManagerService(  646): Volume emulated broadcasting mounted to UserHandle{0}
01-01 08:00:27.565 W/VoiceInteractionManagerService(  646): no available voice recognition services found for user 0
01-01 08:00:27.566 V/BackupManagerService(  646): Starting with transport android/com.android.internal.backup.LocalTransport
01-01 08:00:27.567 I/ActivityManager(  646): User 0 state changed from RUNNING_UNLOCKING to RUNNING_UNLOCKED
01-01 08:00:27.567 D/SystemServerTiming(  646): SystemUserUnlock took to complete: 364ms
01-01 08:00:27.578 I/ActivityManager(  646): Sending BOOT_COMPLETE user #0
01-01 08:00:27.592 E/BackupPasswordManager(  646): Unable to read backup pw version
01-01 08:00:27.593 E/BackupPasswordManager(  646): Unable to read saved backup pw hash
01-01 08:00:27.597 W/Looper  (  646): Drained
01-01 08:00:27.621 W/ActivityManager(  646): Slow operation: 53ms so far, now at startProcess: done updating battery stats
01-01 08:00:27.622 W/ActivityManager(  646): Slow operation: 54ms so far, now at startProcess: building log message
01-01 08:00:27.622 I/ActivityManager(  646): Start proc 1100:com.tal.genie.push/1000 for added application com.tal.genie.push
01-01 08:00:27.622 W/ActivityManager(  646): Slow operation: 54ms so far, now at startProcess: starting to update pids map
01-01 08:00:27.622 W/ActivityManager(  646): Slow operation: 54ms so far, now at startProcess: done updating pids map
01-01 08:00:27.622 W/ActivityManager(  646): Slow operation: 52ms so far, now at startProcess: asking zygote to start proc
01-01 08:00:27.627 V/WindowManager(  646): Changing focus from Window{b1b535 u0 com.android.settings/com.android.settings.FallbackHome} to null Callers=com.android.server.wm.DisplayContent.layoutAndAssignWindowLayersIfNeeded:2447 com.android.server.wm.DisplayContent.positionStackAt:1911 com.android.server.wm.DisplayWindowController.positionChildAt:93 com.android.server.am.ActivityDisplay.positionChildAt:169 
01-01 08:00:27.627 D/WindowManager(  646): Input focus has changed to null
01-01 08:00:27.628 I/ActivityManager(  646): START u0 {act=android.intent.action.MAIN cat=[android.intent.category.HOME] flg=0x10000100 cmp=com.tal.genie.launcher/.ui.start.StartActivity} from uid 0
01-01 08:00:27.629 I/WindowManager(  646): Focus moving from Window{b1b535 u0 com.android.settings/com.android.settings.FallbackHome} to null
01-01 08:00:27.632 W/ActivityManager(  646): Slow operation: 63ms so far, now at startProcess: returned from zygote!
01-01 08:00:27.654 I/SyncManager(  646): Loaded persisted syncs: 0 periodic syncs, 0 oneshot syncs, 9 total system server jobs, JobStats: FirstLoad: 2/2/0 LastSave: -1/-1/-1
01-01 08:00:27.712 W/ActivityManager(  646): Slow operation: 142ms so far, now at startProcess: done updating battery stats
01-01 08:00:27.713 W/ActivityManager(  646): Slow operation: 143ms so far, now at startProcess: building log message
01-01 08:00:27.713 I/ActivityManager(  646): Start proc 1105:com.tal.genie.voice/u0a45 for added application com.tal.genie.voice
01-01 08:00:27.713 W/ActivityManager(  646): Slow operation: 143ms so far, now at startProcess: starting to update pids map
01-01 08:00:27.713 W/ActivityManager(  646): Slow operation: 143ms so far, now at startProcess: done updating pids map
01-01 08:00:27.713 W/ActivityManager(  646): Slow operation: 142ms so far, now at startProcess: asking zygote to start proc
01-01 08:00:27.730 I/AppWidgetServiceImpl(  646): Async processing of onUserUnlocked u0 took 133 ms
01-01 08:00:27.730 W/Looper  (  646): Slow dispatch took 133ms android.fg h=android.os.Handler c=com.android.server.appwidget.-$$Lambda$AppWidgetService$HIwvoPMyKqEhLVIiysgUKH8QJg8@a2ff796 m=0
01-01 08:00:27.730 I/ActivityManager(  646): Loading recents for user 0 into memory.
01-01 08:00:27.733 W/ActivityManager(  646): Slow operation: 162ms so far, now at startProcess: returned from zygote!
01-01 08:00:27.759 W/ActivityManager(  646): Slow operation: 188ms so far, now at startProcess: done updating battery stats
01-01 08:00:27.760 V/BackupManagerService(  646): No ancestral data
01-01 08:00:27.761 W/ActivityManager(  646): Slow operation: 190ms so far, now at startProcess: building log message
01-01 08:00:27.761 I/ActivityManager(  646): Start proc 1127:com.android.se/1068 for added application com.android.se
01-01 08:00:27.761 W/ActivityManager(  646): Slow operation: 190ms so far, now at startProcess: starting to update pids map
01-01 08:00:27.761 W/ActivityManager(  646): Slow operation: 190ms so far, now at startProcess: done updating pids map
01-01 08:00:27.761 W/ActivityManager(  646): Slow operation: 171ms so far, now at startProcess: asking zygote to start proc
01-01 08:00:27.789 W/ActivityManager(  646): Slow operation: 199ms so far, now at startProcess: returned from zygote!
01-01 08:00:27.809 W/ActivityManager(  646): Slow operation: 219ms so far, now at startProcess: done updating battery stats
01-01 08:00:27.810 W/ActivityManager(  646): Slow operation: 221ms so far, now at startProcess: building log message
01-01 08:00:27.810 I/ActivityManager(  646): Start proc 1142:android.process.media/u0a9 for broadcast com.android.providers.downloads/.DownloadReceiver
01-01 08:00:27.810 W/ActivityManager(  646): Slow operation: 221ms so far, now at startProcess: starting to update pids map
01-01 08:00:27.812 W/ActivityManager(  646): Slow operation: 221ms so far, now at startProcess: done updating pids map
01-01 08:00:27.814 W/ActivityManager(  646): Slow operation: 107ms so far, now at startProcess: asking zygote to start proc
01-01 08:00:27.843 W/ActivityManager(  646): Slow operation: 136ms so far, now at startProcess: returned from zygote!
01-01 08:00:27.843 W/ActivityManager(  646): Slow operation: 137ms so far, now at startProcess: done updating battery stats
01-01 08:00:27.853 W/ActivityManager(  646): Slow operation: 146ms so far, now at startProcess: building log message
01-01 08:00:27.853 I/ActivityManager(  646): Start proc 1155:com.tal.genie.launcher/1000 for activity com.tal.genie.launcher/.ui.start.StartActivity
01-01 08:00:27.853 W/ActivityManager(  646): Slow operation: 146ms so far, now at startProcess: starting to update pids map
01-01 08:00:27.853 W/ActivityManager(  646): Slow operation: 146ms so far, now at startProcess: done updating pids map
01-01 08:00:27.884 W/WindowManager(  646): App freeze timeout expired.
01-01 08:00:27.909 I/BackupManagerService(  646): Unlocking system user; mService=com.android.server.backup.BackupManagerService@fd681a3
01-01 08:00:27.915 I/BackupManagerService(  646): Backup enabled => false
01-01 08:00:27.924 V/BackupManagerConstants(  646): getKeyValueBackupIntervalMilliseconds(...) returns 14400000
01-01 08:00:27.924 V/BackupManagerConstants(  646): getKeyValueBackupFuzzMilliseconds(...) returns 600000
01-01 08:00:27.924 V/BackupManagerConstants(  646): getKeyValueBackupRequiredNetworkType(...) returns 1
01-01 08:00:27.924 V/BackupManagerConstants(  646): getKeyValueBackupRequireCharging(...) returns true
01-01 08:00:27.924 V/KeyValueBackupJob(  646): Scheduling k/v pass in 245 minutes
01-01 08:00:27.954 V/WindowManager(  646): Set focused app to: AppWindowToken{fa1a179 token=Token{4e76e40 ActivityRecord{a3ae5c3 u0 com.tal.genie.launcher/.ui.start.StartActivity t2}}} old focus=AppWindowToken{3e24b15 token=Token{7d88ccc ActivityRecord{59276ff u0 com.android.settings/.FallbackHome t1}}} moveFocusNow=true
01-01 08:00:28.038 V/SettingsProvider(  646): packageValueForCallResult, name = null, value : Bundle[{_track_generation=android.util.MemoryIntArray@68, value=null, _generation_index=0, _generation=3}]
01-01 08:00:28.055 V/SettingsProvider(  646): packageValueForCallResult, name = null, value : Bundle[{_track_generation=android.util.MemoryIntArray@68, value=null, _generation_index=0, _generation=3}]
01-01 08:00:28.164 W/ActivityThread( 1100): ClassLoader.getResourceAsStream: The class loader returned by Thread.getContextClassLoader() may fail for processes that host multiple applications. You should explicitly specify a context class loader. For example: Thread.setContextClassLoader(getClass().getClassLoader());
01-01 08:00:28.173 I/ActivityManager(  646): Start proc 1189:com.android.keychain/1000 for service com.android.keychain/.KeyChainService
01-01 08:00:28.215 V/AlarmManager(  646): set(null) : type=2 triggerAtTime=24519 win=0 tElapsed=29519 maxElapsed=29519 interval=0 flags=0x0
01-01 08:00:28.224 V/AlarmManager(  646): set(null) : type=2 triggerAtTime=80600 win=42059 tElapsed=80600 maxElapsed=122659 interval=0 flags=0x0
01-01 08:00:28.276 V/SettingsProvider(  646): packageValueForCallResult, name = ringtone_set, value : Bundle[{_track_generation=android.util.MemoryIntArray@68, value=yes, _generation_index=2, _generation=1}]
01-01 08:00:28.349 V/SettingsProvider(  646): packageValueForCallResult, name = null, value : Bundle[{_track_generation=android.util.MemoryIntArray@68, value=null, _generation_index=0, _generation=3}]
01-01 08:00:28.426 W/ContextImpl( 1100): Calling a method in the system process without a qualified user: android.app.ContextImpl.startService:1532 android.content.ContextWrapper.startService:664 com.tal.genie.app_keepalive.KeepAliveApplication.startService:49 com.tal.genie.app_keepalive.KeepAliveApplication.startKeepAliveService:36 com.tal.genie.app_keepalive.KeepAliveApplication.start:24 
01-01 08:00:28.501 I/BroadcastQueue(  646): Delay finish: android/com.android.server.BootReceiver
01-01 08:00:28.511 D/MtkOmxMp3Dec(  470): JB MtkOmxMp3Dec::MtkOmxMp3Dec this= 0xa8343a00
01-01 08:00:28.511 D/MtkOmxMp3Dec(  470): JB MtkOmxMp3Dec::InitAudioParams(MP3)
01-01 08:00:28.533 D/TableOfContentThread(  462): TableOfContentThread Construct !0xae875b48
01-01 08:00:28.547 D/TableOfContentThread(  462): TableOfContentThread Construct !0xae875dc8
01-01 08:00:28.605 W/ContextImpl( 1155): Calling a method in the system process without a qualified user: android.app.ContextImpl.bindService:1612 android.content.ContextWrapper.bindService:698 com.tal.genie.launcher.ui.voice.client.BaseServiceClient.bindService:70 com.tal.genie.launcher.ui.voice.client.BaseServiceClient.bindService:81 com.tal.genie.launcher.ui.voice.client.VoiceServiceClient.init:58 
01-01 08:00:28.617 W/ContextImpl( 1155): Calling a method in the system process without a qualified user: android.app.ContextImpl.sendBroadcast:1006 android.content.ContextWrapper.sendBroadcast:444 com.tal.genie.launcher.service.RemoteServiceManager.startVoiceService:106 com.tal.genie.launcher.service.RemoteServiceManager.startVoiceAction:135 com.tal.genie.launcher.service.RemoteServiceManager.startService:31 
01-01 08:00:28.622 D/MtkOmxMp3Dec(  470): JB +InitMp3Decoder
01-01 08:00:28.622 D/MtkOmxMp3Dec(  470): -InitMp3Decoder
01-01 08:00:28.716 W/ContextImpl( 1100): Calling a method in the system process without a qualified user: android.app.ContextImpl.bindService:1612 android.content.ContextWrapper.bindService:698 com.tal.genie.app_keepalive.KeepAliveService.setForeground:115 com.tal.genie.app_keepalive.KeepAliveService.onStartCommand:74 android.app.ActivityThread.handleServiceArgs:3698 
01-01 08:00:28.719 V/SettingsProvider(  646): packageValueForCallResult, name = null, value : Bundle[{_track_generation=android.util.MemoryIntArray@68, value=null, _generation_index=0, _generation=3}]
01-01 08:00:28.720 I/BootReceiver(  646): Copying audit failures to DropBox
01-01 08:00:28.722 W/BootReceiver(  646): cannot read last msg
01-01 08:00:28.722 W/BootReceiver(  646): java.io.FileNotFoundException: /proc/last_kmsg (Permission denied)
01-01 08:00:28.722 W/BootReceiver(  646): 	at java.io.FileInputStream.open0(Native Method)
01-01 08:00:28.722 W/BootReceiver(  646): 	at java.io.FileInputStream.open(FileInputStream.java:231)
01-01 08:00:28.722 W/BootReceiver(  646): 	at java.io.FileInputStream.<init>(FileInputStream.java:165)
01-01 08:00:28.722 W/BootReceiver(  646): 	at android.os.FileUtils.readTextFile(FileUtils.java:514)
01-01 08:00:28.722 W/BootReceiver(  646): 	at com.android.server.BootReceiver.logFsShutdownTime(BootReceiver.java:525)
01-01 08:00:28.722 W/BootReceiver(  646): 	at com.android.server.BootReceiver.logBootEvents(BootReceiver.java:243)
01-01 08:00:28.722 W/BootReceiver(  646): 	at com.android.server.BootReceiver.access$000(BootReceiver.java:66)
01-01 08:00:28.722 W/BootReceiver(  646): 	at com.android.server.BootReceiver$1.run(BootReceiver.java:127)
01-01 08:00:28.722 I/BootReceiver(  646): Checking for fsck errors
01-01 08:00:28.723 I/BootReceiver(  646): fs_stat, partition:cache stat:0xb
01-01 08:00:28.724 I/BootReceiver(  646): fs_stat, partition:nvdata stat:0xb
01-01 08:00:28.724 I/BootReceiver(  646): fs_stat, partition:nvcfg stat:0x4b
01-01 08:00:28.724 W/ContextImpl( 1100): Calling a method in the system process without a qualified user: android.app.ContextImpl.bindService:1612 android.content.ContextWrapper.bindService:698 com.tal.genie.app_keepalive.KeepAliveService.startRtcService:162 com.tal.genie.app_keepalive.KeepAliveService.setForeground:116 com.tal.genie.app_keepalive.KeepAliveService.onStartCommand:74 
01-01 08:00:28.741 V/SettingsProvider(  646): packageValueForCallResult, name = null, value : Bundle[{_track_generation=android.util.MemoryIntArray@68, value=null, _generation_index=1, _generation=2}]
01-01 08:00:28.776 I/ActivityManager(  646): Start proc 1276:com.tal.genie.rtc/1000 for service com.tal.genie.rtc/.RTCService
01-01 08:00:28.781 V/ActivityManager(  646): Attempted to start a foreground service (ComponentInfo{com.tal.genie.push/com.tal.genie.app_keepalive.KeepAliveService}) with a broken notification (no icon: Notification(channel=channelId pri=2 contentView=null vibrate=null sound=null tick defaults=0x0 flags=0x50 color=0x00000000 vis=PRIVATE))
01-01 08:00:28.812 V/ActivityManager(  646): Attempted to start a foreground service (ComponentInfo{com.tal.genie.push/com.tal.genie.app_keepalive.AssistService}) with a broken notification (no icon: Notification(channel=channelId pri=2 contentView=null vibrate=null sound=null tick defaults=0x0 flags=0x50 color=0x00000000 vis=PRIVATE))
01-01 08:00:28.812 D/MtkOmxMp3Dec(  470): MP3 EOS received, TS=-1
01-01 08:00:28.821 D/MtkOmxMp3Dec(  470): JB ~MtkOmxMp3Dec this= 0xa8343a00
01-01 08:00:28.822 D/MtkOmxMp3Dec(  470): component has been DeInit before,return.
01-01 08:00:28.821 E/NotificationService(  646): Muting recently noisy 0|com.tal.genie.push|1100|null|1000
01-01 08:00:28.848 I/ActivityManager(  646): START u0 {cmp=com.tal.genie.launcher/.ui.main.MainActivity} from uid 1000
01-01 08:00:28.857 W/ContextImpl( 1155): Calling a method in the system process without a qualified user: android.app.ContextImpl.startForegroundService:1538 android.content.ContextWrapper.startForegroundService:669 com.tal.genie.launcher.service.RemoteServiceManager.startLockScreenAction:44 com.tal.genie.launcher.service.RemoteServiceManager.startService:27 com.tal.genie.launcher.ui.start.StartActivity.onCreate:31 
01-01 08:00:28.887 W/ContextImpl( 1155): Calling a method in the system process without a qualified user: android.app.ContextImpl.startService:1532 android.content.ContextWrapper.startService:664 android.content.ContextWrapper.startService:664 android.app.Activity.onEnterAnimationComplete:6662 android.app.Activity.dispatchEnterAnimationComplete:6673 
01-01 08:00:28.888 W/ContextImpl( 1155): Calling a method in the system process without a qualified user: android.app.ContextImpl.startService:1532 android.content.ContextWrapper.startService:664 android.content.ContextWrapper.startService:664 android.app.Activity.onEnterAnimationComplete:6662 android.app.Activity.dispatchEnterAnimationComplete:6673 
01-01 08:00:28.899 V/WindowManager(  646): Set focused app to: AppWindowToken{68d408f token=Token{5cc63ee ActivityRecord{d48d69 u0 com.tal.genie.launcher/.ui.main.MainActivity t2}}} old focus=AppWindowToken{fa1a179 token=Token{4e76e40 ActivityRecord{a3ae5c3 u0 com.tal.genie.launcher/.ui.start.StartActivity t2}}} moveFocusNow=true
01-01 08:00:29.175 V/AlarmManager(  646): set(PendingIntent{630f449: PendingIntentRecord{6bc714e com.tal.genie.voice startService}}) : type=0 triggerAtTime=1262361599173 win=0 tElapsed=57595477 maxElapsed=57595477 interval=0 flags=0x5
01-01 08:00:29.196 W/ActivityThread( 1155): ClassLoader.getResourceAsStream: The class loader returned by Thread.getContextClassLoader() may fail for processes that host multiple applications. You should explicitly specify a context class loader. For example: Thread.setContextClassLoader(getClass().getClassLoader());
01-01 08:00:29.276 W/ContextImpl( 1155): Calling a method in the system process without a qualified user: android.app.ContextImpl.sendBroadcast:1006 android.content.ContextWrapper.sendBroadcast:444 com.tal.genie.launcher.service.RemoteServiceManager.startVideoChatService:78 com.tal.genie.launcher.service.RemoteServiceManager.startLauncherAction:58 com.tal.genie.launcher.service.RemoteServiceManager.startService:29 
01-01 08:00:29.277 W/ContextImpl( 1155): Calling a method in the system process without a qualified user: android.app.ContextImpl.sendBroadcast:1006 android.content.ContextWrapper.sendBroadcast:444 com.tal.genie.launcher.service.RemoteServiceManager.startPushService:95 com.tal.genie.launcher.service.RemoteServiceManager.startLauncherAction:60 com.tal.genie.launcher.service.RemoteServiceManager.startService:29 
01-01 08:00:29.287 W/ContextImpl( 1155): Calling a method in the system process without a qualified user: android.app.ContextImpl.startForegroundService:1538 android.content.ContextWrapper.startForegroundService:669 com.tal.genie.launcher.service.RemoteServiceManager.startLockScreenAction:44 com.tal.genie.launcher.service.RemoteServiceManager.startLauncherAction:62 com.tal.genie.launcher.service.RemoteServiceManager.startService:29 
01-01 08:00:29.296 W/ContextImpl( 1155): Calling a method in the system process without a qualified user: android.app.ContextImpl.sendBroadcast:1006 android.content.ContextWrapper.sendBroadcast:444 com.tal.genie.push_receiver.PushSenderBindManager.sendPushBindBroadcastStatic:31 com.tal.genie.push_receiver.PushSenderManager.sendPushBindBroadcastStatic:18 com.tal.genie.launcher.ui.main.MainActivity.onPostCreate:125 
01-01 08:00:29.334 V/SettingsProvider(  646): packageValueForCallResult, name = android_id, value : Bundle[{_track_generation=android.util.MemoryIntArray@68, value=ae68bf8276e92d56, _generation_index=1, _generation=2}]
01-01 08:00:29.360 W/ContextImpl( 1155): Calling a method in the system process without a qualified user: android.app.ContextImpl.startService:1532 android.content.ContextWrapper.startService:664 android.content.ContextWrapper.startService:664 android.app.Activity.onEnterAnimationComplete:6662 android.app.Activity.dispatchEnterAnimationComplete:6673 
01-01 08:00:29.375 I/WindowManager(  646): Relayout Window{b8714b2 u0 com.tal.genie.launcher/com.tal.genie.launcher.ui.main.MainActivity}: oldVis=4 newVis=0 focusMayChange = true
01-01 08:00:29.390 V/WindowManager(  646): Changing focus from null to Window{b8714b2 u0 com.tal.genie.launcher/com.tal.genie.launcher.ui.main.MainActivity} Callers=com.android.server.wm.WindowManagerService.relayoutWindow:2142 com.android.server.wm.Session.relayout:244 android.view.IWindowSession$Stub.onTransact:309 com.android.server.wm.Session.onTransact:164 
01-01 08:00:29.391 D/WindowManager(  646): Input focus has changed to Window{b8714b2 u0 com.tal.genie.launcher/com.tal.genie.launcher.ui.main.MainActivity}
01-01 08:00:29.392 I/WindowManager(  646): Focus moving from null to Window{b8714b2 u0 com.tal.genie.launcher/com.tal.genie.launcher.ui.main.MainActivity}
01-01 08:00:29.500 V/SettingsProvider(  646): packageValueForCallResult, name = null, value : Bundle[{_track_generation=android.util.MemoryIntArray@68, value=null, _generation_index=0, _generation=3}]
01-01 08:00:29.524 V/AlarmManager(  646): set(null) : type=2 triggerAtTime=80600 win=41079 tElapsed=80600 maxElapsed=121679 interval=0 flags=0x0
01-01 08:00:29.650 W/wificond(  469): Scan is not started. Ignore abort request
01-01 08:00:29.674 I/WindowManager(  646): ******* TELLING SURFACE FLINGER WE ARE BOOTED!
01-01 08:00:29.793 I/MTKWifiDisplayController(  646): Received NETWORK_STATE_CHANGED,con:false,SSID:null,Freq:0,netId:-1, updated:false
01-01 08:00:29.883 W/ContextImpl( 1276): Calling a method in the system process without a qualified user: android.app.ContextImpl.startService:1532 android.content.ContextWrapper.startService:664 com.netease.nimlib.service.NimService.a:145 com.netease.nimlib.ipc.b.d:75 com.netease.nimlib.ipc.b.<init>:67 
01-01 08:00:29.898 D/GeninLampManager( 1155):  mService not null
01-01 08:00:29.911 I/MTKWifiDisplayController(  646): Received NETWORK_STATE_CHANGED,con:false,SSID:null,Freq:0,netId:-1, updated:false
01-01 08:00:29.933 I/chatty  (  646): uid=1000(system) android.display identical 1 line
01-01 08:00:29.943 I/MTKWifiDisplayController(  646): Received NETWORK_STATE_CHANGED,con:false,SSID:null,Freq:0,netId:-1, updated:false
01-01 08:00:29.944 W/ContextImpl( 1276): Calling a method in the system process without a qualified user: android.app.ContextImpl.startService:1532 android.content.ContextWrapper.startService:664 com.netease.nimlib.ipc.c.c:180 com.netease.nimlib.ipc.c.b:146 com.netease.nimlib.ipc.c.b:79 
01-01 08:00:29.948 W/ContextImpl( 1276): Calling a method in the system process without a qualified user: android.app.ContextImpl.bindService:1612 android.content.ContextWrapper.bindService:698 com.netease.nimlib.ipc.c.c:183 com.netease.nimlib.ipc.c.b:146 com.netease.nimlib.ipc.c.b:79 
01-01 08:00:29.956 W/ContextImpl( 1276): Calling a method in the system process without a qualified user: android.app.ContextImpl.startService:1532 android.content.ContextWrapper.startService:664 com.netease.nimlib.ipc.c.c:180 com.netease.nimlib.ipc.c.b:146 com.netease.nimlib.ipc.c.b:79 
01-01 08:00:29.963 W/ContextImpl( 1276): Calling a method in the system process without a qualified user: android.app.ContextImpl.bindService:1612 android.content.ContextWrapper.bindService:698 com.netease.nimlib.ipc.c.c:183 com.netease.nimlib.ipc.c.b:146 com.netease.nimlib.ipc.c.b:79 
01-01 08:00:29.992 D/MtkConnectivityService(  646): registerNetworkAgent NetworkAgentInfo{ ni{[type: WIFI[], state: CONNECTING/CONNECTING, reason: (unspecified), extra: (none), failover: false, available: true, roaming: false]}  network{100}  nethandle{432902426637}  lp{{LinkAddresses: []  Routes: [] DnsAddresses: [] UsePrivateDns: false PrivateDnsServerName: null Domains: null MTU: 0}}  nc{[ Transports: WIFI Capabilities: NOT_METERED&INTERNET&NOT_RESTRICTED&TRUSTED&NOT_VPN&NOT_ROAMING&FOREGROUND&NOT_CONGESTED&NOT_SUSPENDED Unwanted:  LinkUpBandwidth>=1048576Kbps LinkDnBandwidth>=1048576Kbps SSID: "TAL-Device"]}  Score{20}  everValidated{false}  lastValidated{false}  created{false} lingering{false} explicitlySelected{false} acceptUnvalidated{false} everCaptivePortalDetected{false} lastCaptivePortalDetected{false} clat{null} }
01-01 08:00:29.995 D/MtkConnectivityService(  646): NetworkAgentInfo [WIFI () - 100] EVENT_NETWORK_INFO_CHANGED, going from null to CONNECTING
01-01 08:00:29.998 W/ActivityManager(  646): Slow operation: 110ms so far, now at startProcess: returned from zygote!
01-01 08:00:29.998 W/ActivityManager(  646): Slow operation: 110ms so far, now at startProcess: done updating battery stats
01-01 08:00:29.999 W/ActivityManager(  646): Slow operation: 111ms so far, now at startProcess: building log message
01-01 08:00:29.999 I/ActivityManager(  646): Start proc 1384:com.tal.genie.rtc:core/1000 for service com.tal.genie.rtc/com.netease.nimlib.service.NimService
01-01 08:00:29.999 W/ActivityManager(  646): Slow operation: 111ms so far, now at startProcess: starting to update pids map
01-01 08:00:29.999 W/ActivityManager(  646): Slow operation: 111ms so far, now at startProcess: done updating pids map
01-01 08:00:30.009 I/MTKWifiDisplayController(  646): Received NETWORK_STATE_CHANGED,con:false,SSID:null,Freq:0,netId:-1, updated:false
01-01 08:00:30.033 D/WifiP2pService(  646): InactiveState{ when=-1ms what=143375 target=com.android.internal.util.StateMachine$SmHandler }
01-01 08:00:30.033 D/WifiP2pService(  646): P2pEnabledState{ when=-1ms what=143375 target=com.android.internal.util.StateMachine$SmHandler }
01-01 08:00:30.117 V/AlarmManager(  646): set(null) : type=2 triggerAtTime=62421 win=0 tElapsed=62421 maxElapsed=62421 interval=0 flags=0x9
01-01 08:00:30.172 W/ContextImpl( 1276): Calling a method in the system process without a qualified user: android.app.ContextImpl.startForegroundService:1538 android.content.ContextWrapper.startForegroundService:669 com.tal.genie.rtc.RTCService$Companion.start:40 com.tal.genie.rtc.RtcApplication.onCreate:79 android.app.Instrumentation.callApplicationOnCreate:1154 
01-01 08:00:30.203 D/MtkConnectivityService(  646): NetworkAgentInfo [WIFI () - 100] EVENT_NETWORK_INFO_CHANGED, going from CONNECTING to CONNECTING
01-01 08:00:30.221 D/MtkOmxMp3Dec(  470): JB MtkOmxMp3Dec::MtkOmxMp3Dec this= 0xa8343a00
01-01 08:00:30.221 D/MtkOmxMp3Dec(  470): JB MtkOmxMp3Dec::InitAudioParams(MP3)
01-01 08:00:30.288 D/TableOfContentThread(  462): TableOfContentThread Construct !0xae876048
01-01 08:00:30.303 W/ActivityThread( 1276): ClassLoader.getResourceAsStream: The class loader returned by Thread.getContextClassLoader() may fail for processes that host multiple applications. You should explicitly specify a context class loader. For example: Thread.setContextClassLoader(getClass().getClassLoader());
01-01 08:00:30.323 V/AlarmManager(  646): set(null) : type=2 triggerAtTime=44627 win=0 tElapsed=44627 maxElapsed=44627 interval=0 flags=0x9
01-01 08:00:30.349 D/MtkOmxMp3Dec(  470): JB +InitMp3Decoder
01-01 08:00:30.349 D/MtkOmxMp3Dec(  470): -InitMp3Decoder
01-01 08:00:30.357 V/AlarmManager(  646): set(null) : type=2 triggerAtTime=28700 win=0 tElapsed=31661 maxElapsed=31661 interval=0 flags=0x9
01-01 08:00:30.371 D/WifiP2pService(  646): InactiveState{ when=-1ms what=143375 arg1=1 arg2=196614 obj=name=WifiStateMachine state=ObtainingIpState target=com.android.internal.util.StateMachine$SmHandler }
01-01 08:00:30.371 D/WifiP2pService(  646): P2pEnabledState{ when=-1ms what=143375 arg1=1 arg2=196614 obj=name=WifiStateMachine state=ObtainingIpState target=com.android.internal.util.StateMachine$SmHandler }
01-01 08:00:30.373 V/AlarmManager(  646): set(null) : type=2 triggerAtTime=62669 win=0 tElapsed=62669 maxElapsed=62669 interval=0 flags=0x9
01-01 08:00:30.395 V/AlarmManager(  646): set(null) : type=2 triggerAtTime=38699 win=0 tElapsed=38699 maxElapsed=38699 interval=0 flags=0x9
01-01 08:00:30.416 V/AlarmManager(  646): set(null) : type=2 triggerAtTime=44720 win=0 tElapsed=44720 maxElapsed=44720 interval=0 flags=0x9
01-01 08:00:30.420 V/AlarmManager(  646): set(null) : type=2 triggerAtTime=27192 win=0 tElapsed=31724 maxElapsed=31724 interval=0 flags=0x9
01-01 08:00:30.444 D/WifiP2pService(  646): InactiveState{ when=0 what=143375 target=com.android.internal.util.StateMachine$SmHandler }
01-01 08:00:30.444 D/WifiP2pService(  646): P2pEnabledState{ when=-1ms what=143375 target=com.android.internal.util.StateMachine$SmHandler }
01-01 08:00:30.463 I/MTKWifiDisplayController(  646): Received NETWORK_STATE_CHANGED,con:false,SSID:null,Freq:0,netId:-1, updated:false
01-01 08:00:30.466 D/MtkConnectivityService(  646): NetworkAgentInfo [WIFI () - 100] EVENT_NETWORK_INFO_CHANGED, going from CONNECTING to CONNECTED
01-01 08:00:30.474 W/DnsManager(  646): updatePrivateDns(100, PrivateDnsConfig{false:/[]})
01-01 08:00:30.475 D/MtkConnectivityService(  646): Not append default DNS for original DNSes not empy
01-01 08:00:30.475 D/MtkConnectivityService(  646): Setting DNS servers for network 100 to [/10.14.250.1, /10.14.250.2]
01-01 08:00:30.476 D/DnsManager(  646): setDnsConfigurationForNetwork(100, [10.14.250.1, 10.14.250.2], [tal-inc.com.cn], [1800, 25, 8, 64], , [])
01-01 08:00:30.478 I/MTKWifiDisplayController(  646): Received NETWORK_STATE_CHANGED,con:true,SSID:"TAL-Device",Freq:5260,netId:0, updated:true
01-01 08:00:30.483 V/AlarmManager(  646): set(null) : type=2 triggerAtTime=43531 win=12558 tElapsed=43531 maxElapsed=56089 interval=0 flags=0x8
01-01 08:00:30.485 W/ContextImpl( 1155): Calling a method in the system process without a qualified user: android.app.ContextImpl.sendBroadcast:1006 android.content.ContextWrapper.sendBroadcast:444 com.tal.genie.push_receiver.PushSenderNetManager.sendWifiDisconnectedCloseBroadcast:60 com.tal.genie.launcher.service.NetChangeListener.closeNetDisConnectPrompt:72 com.tal.genie.launcher.service.NetChangeListener.onWifiConnected:66 
01-01 08:00:30.485 I/MTKWifiDisplayController(  646): Received NETWORK_STATE_CHANGED,con:true,SSID:"TAL-Device",Freq:5260,netId:0, updated:false
01-01 08:00:30.495 W/ContextImpl(  646): Calling a method in the system process without a qualified user: android.app.ContextImpl.sendBroadcastAsUserMultiplePermissions:1054 com.android.server.wifi.WifiConfigManager.sendConfiguredNetworkChangedBroadcast:660 com.android.server.wifi.WifiConfigManager.setNetworkStatus:1338 com.android.server.wifi.WifiConfigManager.updateNetworkAfterConnect:1619 com.android.server.wifi.WifiStateMachine.registerConnected:3832 
01-01 08:00:30.496 V/AlarmManager(  646): set(null) : type=2 triggerAtTime=10826761 win=0 tElapsed=10826761 maxElapsed=10826761 interval=0 flags=0x9
01-01 08:00:30.502 V/AlarmManager(  646): set(null) : type=2 triggerAtTime=18926740 win=0 tElapsed=18926740 maxElapsed=18926740 interval=0 flags=0x9
01-01 08:00:30.502 D/MtkConnectivityService(  646): Adding iface wlan0 to network 100
01-01 08:00:30.503 V/AlarmManager(  646): set(null) : type=2 triggerAtTime=21626734 win=0 tElapsed=21626734 maxElapsed=21626734 interval=0 flags=0x9
01-01 08:00:30.519 V/AlarmManager(  646): set(null) : type=2 triggerAtTime=36823 win=7500 tElapsed=36823 maxElapsed=44323 interval=0 flags=0x8
01-01 08:00:30.531 D/MtkConnectivityService(  646): Not append default DNS for original DNSes not empy
01-01 08:00:30.531 D/MtkConnectivityService(  646): Setting DNS servers for network 100 to [/10.14.250.1, /10.14.250.2]
01-01 08:00:30.531 D/DnsManager(  646): setDnsConfigurationForNetwork(100, [10.14.250.1, 10.14.250.2], [tal-inc.com.cn], [1800, 25, 8, 64], , [])
01-01 08:00:30.533 V/ActivityManager(  646): Attempted to start a foreground service (ComponentInfo{com.tal.genie.rtc/com.tal.genie.rtc.RTCService}) with a broken notification (no icon: Notification(channel=channelId pri=2 contentView=null vibrate=null sound=null tick defaults=0x0 flags=0x50 color=0x00000000 vis=PRIVATE))
01-01 08:00:30.534 E/BatteryExternalStatsWorker(  646): no controller energy info supplied for wifi
01-01 08:00:30.540 D/MtkConnectivityService(  646): sending Proxy Broadcast for [] 0 xl=
01-01 08:00:30.545 W/ContextImpl( 1276): Calling a method in the system process without a qualified user: android.app.ContextImpl.bindService:1612 android.content.ContextWrapper.bindService:698 com.tal.genie.rtc.RTCService.startPushService:73 com.tal.genie.rtc.RTCService.onCreate:51 android.app.ActivityThread.handleCreateService:3563 
01-01 08:00:30.557 W/NetworkStatsRecorder(  646): unknown interfaces [wlan0, lo], ignoring those stats
01-01 08:00:30.557 I/chatty  (  646): uid=1000(system) ConnectivitySer identical 2 lines
01-01 08:00:30.557 W/NetworkStatsRecorder(  646): unknown interfaces [wlan0, lo], ignoring those stats
01-01 08:00:30.560 D/MtkNetworkStatsService(  646): rebuildActiveSubscriberSubIdMap
01-01 08:00:30.561 I/NetworkStats(  646): NetworkIdentity: {type=WIFI, subType=COMBINED, networkId="TAL-Device", metered=false, defaultNetwork=false}
01-01 08:00:30.573 W/NetworkStatsRecorder(  646): unknown interfaces [lo], ignoring those stats
01-01 08:00:30.573 I/chatty  (  646): uid=1000(system) ConnectivitySer identical 2 lines
01-01 08:00:30.573 W/NetworkStatsRecorder(  646): unknown interfaces [lo], ignoring those stats
01-01 08:00:30.575 D/MtkNetworkStatsService(  646): rebuildActiveSubscriberSubIdMap
01-01 08:00:30.578 I/NetworkStats(  646): NetworkIdentity: {type=WIFI, subType=COMBINED, networkId="TAL-Device", metered=false, defaultNetwork=false}
01-01 08:00:30.588 D/MtkConnectivityService(  646): Switching to new default network: NetworkAgentInfo{ ni{[type: WIFI[], state: CONNECTED/CONNECTED, reason: (unspecified), extra: (none), failover: false, available: true, roaming: false]}  network{100}  nethandle{432902426637}  lp{{InterfaceName: wlan0 LinkAddresses: [fe80::6632:16ff:fe00:123/64,10.14.180.11/23,]  Routes: [fe80::/64 -> :: wlan0,10.14.180.0/23 -> 0.0.0.0 wlan0,0.0.0.0/0 -> 10.14.181.254 wlan0,] DnsAddresses: [10.14.250.1,10.14.250.2,] UsePrivateDns: false PrivateDnsServerName: null Domains: tal-inc.com.cn MTU: 0 TcpBufferSizes: 524288,1048576,2097152,262144,524288,1048576 HttpProxy: [10.14.182.230] 8888 xl= }}  nc{[ Transports: WIFI Capabilities: NOT_METERED&INTERNET&NOT_RESTRICTED&TRUSTED&NOT_VPN&NOT_ROAMING&FOREGROUND&NOT_CONGESTED&NOT_SUSPENDED Unwanted:  LinkUpBandwidth>=1048576Kbps LinkDnBandwidth>=1048576Kbps SignalStrength: -41 SSID: "TAL-Device"]}  Score{20}  everValidated{false}  lastValidated{false}  created{true} lingering{false} explicitlySelected{false} acceptUnvalidated{false} everCaptivePortalDetected{false} lastCaptivePortalDetected{false} clat{null} }
01-01 08:00:30.599 D/MtkConnectivityService(  646): sending Proxy Broadcast for [10.14.182.230] 8888 xl=
01-01 08:00:30.613 W/NetworkStatsRecorder(  646): unknown interfaces [lo], ignoring those stats
01-01 08:00:30.614 I/chatty  (  646): uid=1000(system) ConnectivitySer identical 2 lines
01-01 08:00:30.615 W/NetworkStatsRecorder(  646): unknown interfaces [lo], ignoring those stats
01-01 08:00:30.619 D/MtkNetworkStatsService(  646): rebuildActiveSubscriberSubIdMap
01-01 08:00:30.621 I/NetworkStats(  646): NetworkIdentity: {type=WIFI, subType=COMBINED, networkId="TAL-Device", metered=false, defaultNetwork=true}
01-01 08:00:30.628 V/NetworkStatsRecorder(  646): setPersistThreshold() with 2097152
01-01 08:00:30.628 I/chatty  (  646): uid=1000(system) NetworkPolicy identical 2 lines
01-01 08:00:30.628 V/NetworkStatsRecorder(  646): setPersistThreshold() with 2097152
01-01 08:00:30.661 D/MtkConnectivityService(  646): Sending CONNECTED broadcast for type 1 NetworkAgentInfo [WIFI () - 100] isDefaultNetwork=true
01-01 08:00:30.681 V/NetworkStatsRecorder(  646): setPersistThreshold() with 2097152
01-01 08:00:30.681 I/chatty  (  646): uid=1000(system) NetworkPolicy identical 2 lines
01-01 08:00:30.681 V/NetworkStatsRecorder(  646): setPersistThreshold() with 2097152
01-01 08:00:30.707 W/BroadcastQueue(  646): Permission Denial: broadcasting Intent { act=android.net.conn.CONNECTIVITY_CHANGE flg=0x4200010 (has extras) } from null (pid=-1, uid=-1) requires com.tencent.bugly.BuglyBroadcastReceiver.permission due to registered receiver BroadcastFilter{58954de u0 ReceiverList{4fbec19 1384 com.tal.genie.rtc:core/1000/u0 remote:1a7bf60}}
