01-01 08:00:22.758 I/SystemServer(  631): StartMediaSessionService
01-01 08:00:22.758 I/SystemServiceManager(  631): Starting com.android.server.media.MediaSessionService
01-01 08:00:22.764 I/PackageManager(  631): Deferred reconcileAppsData finished 67 packages
01-01 08:00:22.765 I/SystemServer(  631): StartMediaUpdateService
01-01 08:00:22.765 I/SystemServiceManager(  631): Starting com.android.server.media.MediaUpdateService
01-01 08:00:22.765 I/SystemServer(  631): StartMediaRouterService
01-01 08:00:22.769 I/SystemServer(  631): StartBackgroundDexOptService
01-01 08:00:22.771 I/SystemServer(  631): StartPruneInstantAppsJobService
01-01 08:00:22.771 I/SystemServer(  631): StartShortcutServiceLifecycle
01-01 08:00:22.771 I/SystemServiceManager(  631): Starting com.android.server.pm.ShortcutService$Lifecycle
01-01 08:00:22.777 I/SystemServer(  631): StartLauncherAppsService
01-01 08:00:22.777 I/SystemServiceManager(  631): Starting com.android.server.pm.LauncherAppsService
01-01 08:00:22.780 I/SystemServer(  631): StartCrossProfileAppsService
01-01 08:00:22.780 I/SystemServiceManager(  631): Starting com.android.server.pm.CrossProfileAppsService
01-01 08:00:22.782 I/SystemServer(  631): StartMediaProjectionManager
01-01 08:00:22.782 I/SystemServiceManager(  631): Starting com.android.server.media.projection.MediaProjectionManagerService
01-01 08:00:22.788 I/SystemServer(  631): StartSliceManagerService
01-01 08:00:22.788 I/SystemServiceManager(  631): Starting com.android.server.slice.SliceManagerService$Lifecycle
01-01 08:00:22.793 I/SystemServer(  631): StartCameraServiceProxy
01-01 08:00:22.793 I/SystemServiceManager(  631): Starting com.android.server.camera.CameraServiceProxy
01-01 08:00:22.797 I/SystemServer(  631): StartStatsCompanionService
01-01 08:00:22.797 I/SystemServiceManager(  631): Starting com.android.server.stats.StatsCompanionService$Lifecycle
01-01 08:00:22.800 E/KernelUidCpuFreqTimeReader(  631): Failed to read /proc/uid_time_in_state: java.io.FileNotFoundException: /proc/uid_time_in_state (No such file or directory)
01-01 08:00:22.802 I/SystemServer(  631): StartJitCompilation
01-01 08:00:22.802 I/SystemServer(  631): StartMmsService
01-01 08:00:22.802 I/SystemServiceManager(  631): Starting com.android.server.MmsServiceBroker
01-01 08:00:22.805 I/SystemServer(  631): StartAutoFillService
01-01 08:00:22.805 I/SystemServiceManager(  631): Starting com.android.server.autofill.AutofillManagerService
01-01 08:00:22.807 I/AutofillManagerService(  631): Setting debug to false
01-01 08:00:22.810 I/MtkSystemServerImpl(  631): startOtherMtkService 
01-01 08:00:22.811 I/MtkSystemServerImpl(  631): StartSearchEngineManagerService
01-01 08:00:22.814 E/MtkSystemServerImpl(  631): com.mediatek.fmradio.FmRadioPackageManager not found 
01-01 08:00:22.814 I/MtkSystemServerImpl(  631): StartPowerHalMgrService
01-01 08:00:22.816 I/SystemServiceManager(  631): Starting com.mediatek.powerhalservice.PowerHalMgrService
01-01 08:00:22.816 D/PowerHalMgrService(  631): Start PowerHalMgrService.
01-01 08:00:22.817 I/SystemServer(  631): MakeVibratorServiceReady
01-01 08:00:22.820 I/SystemServer(  631): MakeLockSettingsServiceReady
01-01 08:00:22.841 I/SyntheticPasswordManager(  631): Device does not support weaver
01-01 08:00:22.843 I/LockSettingsService(  631): Device doesn't implement AuthSecret HAL
01-01 08:00:22.846 E/LockSettingsStorage(  631): Cannot read file java.io.FileNotFoundException: /data/system/gatekeeper.password.key: open failed: ENOENT (No such file or directory)
01-01 08:00:22.846 E/LockSettingsStorage(  631): Cannot read file java.io.FileNotFoundException: /data/system/password.key: open failed: ENOENT (No such file or directory)
01-01 08:00:22.846 E/LockSettingsStorage(  631): Cannot read file java.io.FileNotFoundException: /data/system/gatekeeper.pattern.key: open failed: ENOENT (No such file or directory)
01-01 08:00:22.846 E/LockSettingsStorage(  631): Cannot read file java.io.FileNotFoundException: /data/system/gatekeeper.gesture.key: open failed: ENOENT (No such file or directory)
01-01 08:00:22.847 E/LockSettingsStorage(  631): Cannot read file java.io.FileNotFoundException: /data/system/gesture.key: open failed: ENOENT (No such file or directory)
01-01 08:00:22.847 I/SystemServer(  631): StartBootPhaseLockSettingsReady
01-01 08:00:22.847 I/SystemServiceManager(  631): Starting phase 480
01-01 08:00:22.891 I/DevicePolicyManager(  631): Set ro.device_owner property to false
01-01 08:00:22.896 I/SystemServer(  631): StartBootPhaseSystemServicesReady
01-01 08:00:22.896 I/SystemServiceManager(  631): Starting phase 500
01-01 08:00:22.898 D/AppStandbyController(  631): Setting app idle enabled state
01-01 08:00:22.906 I/VrManagerService(  631): No default vr listener service found.
01-01 08:00:22.927 I/WifiService(  631): WifiService starting up with Wi-Fi enabled
01-01 08:00:22.942 E/wificond(  473): No interface is found
01-01 08:00:22.960 D/WifiService(  631): setWifiEnabled: true pid=631, uid=1000, package=android
01-01 08:00:22.972 D/MtkConnectivityService(  631): Got NetworkFactory Messenger for Ethernet
01-01 08:00:22.984 W/SoundTriggerHelper(  631): listModules status=0, # of modules=0
01-01 08:00:22.986 D/PowerHalMgrService(  631): onBootPhase PowerHalMgrService.
01-01 08:00:22.986 I/SystemServer(  631): MakeWindowManagerServiceReady
01-01 08:00:22.994 I/SystemServer(  631): MakePowerManagerServiceReady
01-01 08:00:23.012 I/SystemServer(  631): MakePackageManagerServiceReady
01-01 08:00:23.013 E/KernelCpuSpeedReader(  631): Failed to read cpu-freq: /sys/devices/system/cpu/cpu0/cpufreq/stats/time_in_state (No such file or directory)
01-01 08:00:23.019 W/PackageManager(  631): Privileged permission android.permission.RECOVERY for package com.tal.genie.launcher - not in privapp-permissions whitelist
01-01 08:00:23.019 W/PackageManager(  631): Privileged permission android.permission.DELETE_CACHE_FILES for package com.tal.genie.launcher - not in privapp-permissions whitelist
01-01 08:00:23.019 W/PackageManager(  631): Privileged permission android.permission.ACCESS_CACHE_FILESYSTEM for package com.tal.genie.launcher - not in privapp-permissions whitelist
01-01 08:00:23.019 W/PackageManager(  631): Privileged permission android.permission.REBOOT for package com.tal.genie.launcher - not in privapp-permissions whitelist
01-01 08:00:23.020 W/PackageManager(  631): Privileged permission android.permission.SHUTDOWN for package com.tal.genie.launcher - not in privapp-permissions whitelist
01-01 08:00:23.020 W/PackageManager(  631): Privileged permission android.permission.READ_LOGS for package com.tal.genie.launcher - not in privapp-permissions whitelist
01-01 08:00:23.025 W/KeyguardServiceDelegate(  631): onScreenTurningOn(): no keyguard service!
01-01 08:00:23.029 V/UserDataPreparer(  631): Found /data/user_de/0 with serial number 0
01-01 08:00:23.029 V/UserDataPreparer(  631): Found /data/user/0 with serial number 0
01-01 08:00:23.029 V/UserDataPreparer(  631): Found /data/system_de/0 with serial number 0
01-01 08:00:23.030 V/UserDataPreparer(  631): Found /data/system_ce/0 with serial number 0
01-01 08:00:23.030 V/UserDataPreparer(  631): Found /data/misc_ce/0 with serial number 0
01-01 08:00:23.031 I/SystemServer(  631): MakeDisplayManagerServiceReady
01-01 08:00:23.031 I/SystemServer(  631): StartDeviceSpecificServices
01-01 08:00:23.031 I/SystemServer(  631): StartBootPhaseDeviceSpecificServicesReady
01-01 08:00:23.031 I/SystemServiceManager(  631): Starting phase 520
01-01 08:00:23.032 D/AmsExtImpl(  631): onSystemReady
01-01 08:00:23.035 W/UsageStatsService(  631): Event reported without a package name
01-01 08:00:23.039 D/WifiP2pService(  631): P2pDisabledState{ when=0 what=143376 target=com.android.internal.util.StateMachine$SmHandler }
01-01 08:00:23.040 I/ActivityManager(  631): System now ready
01-01 08:00:23.044 D/DuraSpeed(  631): Persistent apps = [com.tal.genie.rtc, com.tal.genie.push, com.tal.genie.voice, android, com.android.se, com.android.phone, com.android.systemui]
01-01 08:00:23.045 D/MTKWifiDisplayController(  631): loadDebugLevel, debugLevel = 0
01-01 08:00:23.045 I/MTKWifiDisplayController(  631): updateWfdEnableState(), mWifiDisplayOnSetting:false, mWifiP2pEnabled:false
01-01 08:00:23.045 I/MTKWifiDisplayController(  631): updateWfdInfo(), enable:false,mWfdEnabling:false
01-01 08:00:23.046 D/MTKWifiDisplayController(  631): reportFeatureState(), featureState = 2
01-01 08:00:23.046 D/WifiP2pService(  631): P2pDisabledState{ when=0 what=139323 arg2=1 obj=WFD enabled: false
01-01 08:00:23.046 D/WifiP2pService(  631):  WFD DeviceInfo: 0
01-01 08:00:23.046 D/WifiP2pService(  631):  WFD CtrlPort: 0
01-01 08:00:23.046 D/WifiP2pService(  631):  WFD MaxThroughput: 0
01-01 08:00:23.046 D/WifiP2pService(  631):  WFD Extended Capability: 0 target=com.android.internal.util.StateMachine$SmHandler }
01-01 08:00:23.046 D/WifiP2pService(  631): DefaultState{ when=0 what=139323 arg2=1 obj=WFD enabled: false
01-01 08:00:23.046 D/WifiP2pService(  631):  WFD DeviceInfo: 0
01-01 08:00:23.046 D/WifiP2pService(  631):  WFD CtrlPort: 0
01-01 08:00:23.046 D/WifiP2pService(  631):  WFD MaxThroughput: 0
01-01 08:00:23.046 D/WifiP2pService(  631):  WFD Extended Capability: 0 target=com.android.internal.util.StateMachine$SmHandler }
01-01 08:00:23.047 I/MTKWifiDisplayController(  631): updateScanState(), mSinkEnabled:falsemDiscoverPeersInProgress:false
01-01 08:00:23.047 I/MTKWifiDisplayController(  631): disconnect, mRemoteDisplayInterface = null
01-01 08:00:23.047 I/MTKWifiDisplayController(  631): updateScanState(), mSinkEnabled:falsemDiscoverPeersInProgress:false
01-01 08:00:23.047 I/MTKWifiDisplayController(  631): RealMetrics, Width = 720, Height = 1600
01-01 08:00:23.048 I/SystemServer(  631): Making services ready
01-01 08:00:23.048 I/SystemServer(  631): StartActivityManagerReadyPhase
01-01 08:00:23.048 D/MTKWifiDisplayController(  631): registerEMObserver(), tt:20,nt:60,res:-1,ps:1,psd:10,so:1
01-01 08:00:23.048 I/SystemServiceManager(  631): Starting phase 550
01-01 08:00:23.050 I/MTKWifiDisplayController(  631): mResolution:0, resolutionIndex: 5
01-01 08:00:23.054 W/ActivityManager(  631): Too early to start/bind service in system_server: Phase=550 ComponentInfo{com.android.server.telecom/com.android.server.telecom.components.TelecomService}
01-01 08:00:23.054 W/ActivityManager(  631): Too early to start/bind service in system_server: Phase=550 ComponentInfo{com.android.server.telecom/com.android.server.telecom.components.TelecomService}
01-01 08:00:23.057 I/MTKWifiDisplayController(  631): actionAtDisconnected
01-01 08:00:23.057 E/MTKWifiDisplayController(  631): actionAtDisconnected, null display
01-01 08:00:23.058 E/MTKWifiDisplayController(  631): WFD disconnected, and WifiLock isn't Held!
01-01 08:00:23.059 D/MTKWifiDisplayController(  631): updateChosenCapability(), connected:false, capability:, portrait:false
01-01 08:00:23.060 I/MTKWifiDisplayController(  631): hideLatencyPanel
01-01 08:00:23.061 D/MTKWifiDisplayController(  631): callback onFeatureStateChanged(): featureState = 2
01-01 08:00:23.225 W/SystemServiceManager(  631): Service com.android.server.InputMethodManagerService$Lifecycle took 146 ms in onBootPhase
01-01 08:00:23.226 D/StorageManagerService(  631): Thinking about init, mSystemReady=true, mDaemonConnected=true
01-01 08:00:23.226 D/StorageManagerService(  631): Setting up emulation state, initlocked=false
01-01 08:00:23.226 D/vold    (  273): e4crypt_unlock_user_key 0 serial=0 token_present=0
01-01 08:00:23.227 D/StorageManagerService(  631): Thinking about reset, mSystemReady=true, mDaemonConnected=true
01-01 08:00:23.228 I/ActivityManager(  631): Force stopping com.android.providers.media appid=10005 user=-1: vold reset
01-01 08:00:23.231 V/StorageManagerService(  631): Found primary storage at VolumeInfo{emulated}:
01-01 08:00:23.231 V/StorageManagerService(  631):     type=EMULATED diskId=null partGuid= mountFlags=0 mountUserId=-1 
01-01 08:00:23.231 V/StorageManagerService(  631):     state=UNMOUNTED 
01-01 08:00:23.231 V/StorageManagerService(  631):     fsType=null fsUuid=null fsLabel=null 
01-01 08:00:23.231 V/StorageManagerService(  631):     path=null internalPath=null 
01-01 08:00:23.233 I/WallpaperManagerService(  631): No static wallpaper imagery; defaults will be shown
01-01 08:00:23.235 W/WallpaperManagerService(  631): Invalid wallpaper data
01-01 08:00:23.235 E/WallpaperManagerService(  631): Unable to apply new wallpaper
01-01 08:00:23.240 I/SystemServer(  631): StartObservingNativeCrashes
01-01 08:00:23.241 I/SystemServer(  631): StartSystemUI
01-01 08:00:23.241 I/SystemServer(  631): WebViewFactoryPreparation
01-01 08:00:23.245 I/UsbPortManager(  631): ClientCallback: dual-role-usb20
01-01 08:00:23.246 I/UsbPortManager(  631): USB port added: port=UsbPort{id=dual-role-usb20, supportedModes=dual}, status=UsbPortStatus{connected=false, currentMode=none, currentPowerRole=no-power, currentDataRole=no-data, supportedRoleCombinations=[no-power:no-data]}, canChangeMode=false, canChangePowerRole=false, canChangeDataRole=false
01-01 08:00:23.249 I/SystemServer(  631): MakeNetworkManagementServiceReady
01-01 08:00:23.250 D/NetworkManagement(  631): enabling bandwidth control
01-01 08:00:23.254 V/vold    (  273): Waiting for FUSE to spin up...
01-01 08:00:23.258 I/ActivityManager(  631): Start proc 747:com.android.inputmethod.latin/u0a51 for service com.android.inputmethod.latin/.LatinIME
01-01 08:00:23.301 W/sdcard  (  754): Device explicitly enabled sdcardfs
01-01 08:00:23.314 W/ActivityManager(  631): Slow operation: 71ms so far, now at startProcess: returned from zygote!
01-01 08:00:23.316 V/vold    (  273): Waiting for FUSE to spin up...
01-01 08:00:23.331 W/ActivityManager(  631): Slow operation: 88ms so far, now at startProcess: done updating battery stats
01-01 08:00:23.332 W/ActivityManager(  631): Slow operation: 89ms so far, now at startProcess: building log message
01-01 08:00:23.333 I/ActivityManager(  631): Start proc 767:com.android.systemui/u0a23 for service com.android.systemui/.SystemUIService
01-01 08:00:23.333 W/ActivityManager(  631): Slow operation: 89ms so far, now at startProcess: starting to update pids map
01-01 08:00:23.333 W/ActivityManager(  631): Slow operation: 89ms so far, now at startProcess: done updating pids map
01-01 08:00:23.333 W/ActivityManager(  631): Slow operation: 61ms so far, now at startProcess: asking zygote to start proc
01-01 08:00:23.352 W/ActivityManager(  631): Slow operation: 80ms so far, now at startProcess: returned from zygote!
01-01 08:00:23.352 W/ActivityManager(  631): Slow operation: 80ms so far, now at startProcess: done updating battery stats
01-01 08:00:23.353 W/ActivityManager(  631): Slow operation: 81ms so far, now at startProcess: building log message
01-01 08:00:23.353 I/ActivityManager(  631): Start proc 780:WebViewLoader-armeabi-v7a/1037 [android.webkit.WebViewLibraryLoader$RelroFileCreator] for 
01-01 08:00:23.353 W/ActivityManager(  631): Slow operation: 81ms so far, now at startProcess: starting to update pids map
01-01 08:00:23.353 W/ActivityManager(  631): Slow operation: 81ms so far, now at startProcess: done updating pids map
01-01 08:00:23.467 D/MtkOmxAdpcmDec(  474): MtkOmxAdpcmDec Construct !!!
01-01 08:00:23.469 D/MtkOmxAdpcmDec(  474): MtkOmxAdpcmDec Deconstruct !!!
01-01 08:00:23.474 D/MtkOmxAdpcmDec(  474): MtkOmxAdpcmDec Construct !!!
01-01 08:00:23.476 D/MtkOmxAdpcmDec(  474): MtkOmxAdpcmDec Deconstruct !!!
01-01 08:00:23.527 D/MtkOmxApeDec(  474): MtkOmxApeDec::MtkOmxApeDec(APE) this= 0xa9843a00
01-01 08:00:23.530 I/ActivityManager(  631): Process WebViewLoader-armeabi-v7a (pid 780) has died: psvc PER 
01-01 08:00:23.531 D/        (  303): create:in_size:5184,working_BUF_size:34908,out_size:5184
01-01 08:00:23.531 D/MtkOmxApeDec(  474): ctor:in_size:5184,out_size:5184
01-01 08:00:23.531 D/MtkOmxApeDec(  474): MtkOmxApeDec::InitAudioParams(APE)
01-01 08:00:23.543 D/MtkOmxApeDec(  474): ~dtor- this= 0xa9843a00
01-01 08:00:23.567 D/MtkOmxGsmDec(  474): MtkOmxComponentCreate +++ !!!
01-01 08:00:23.567 D/MtkOmxGsmDec(  474): MtkOmxGsmDec Construct !!!
01-01 08:00:23.567 D/MtkOmxGsmDec(  474): Init Audio(GSM) Params!!!
01-01 08:00:23.568 D/MtkOmxGsmDec(  474): MtkOmxGsmDec Deconstruct !!!
01-01 08:00:23.577 D/MtkOmxMp3Dec(  474): JB MtkOmxMp3Dec::MtkOmxMp3Dec this= 0xa9843a00
01-01 08:00:23.577 D/MtkOmxMp3Dec(  474): JB MtkOmxMp3Dec::InitAudioParams(MP3)
01-01 08:00:23.578 D/MtkOmxMp3Dec(  474): JB ~MtkOmxMp3Dec this= 0xa9843a00
01-01 08:00:23.578 D/MtkOmxMp3Dec(  474): component has been DeInit before,return.
01-01 08:00:23.582 D/MtkOmxMp3Dec(  474): JB MtkOmxMp3Dec::MtkOmxMp3Dec this= 0xa9843a00
01-01 08:00:23.582 D/MtkOmxMp3Dec(  474): JB MtkOmxMp3Dec::InitAudioParams(MP3)
01-01 08:00:23.585 D/MtkOmxMp3Dec(  474): JB ~MtkOmxMp3Dec this= 0xa9843a00
01-01 08:00:23.585 D/MtkOmxMp3Dec(  474): component has been DeInit before,return.
01-01 08:00:23.589 I/android.hardware.wifi@1.0-service-mediatek(  302): Wifi HAL started
01-01 08:00:23.606 D/MTKWifiDisplayController(  631): Received WIFI_P2P_STATE_CHANGED_ACTION: enabled=false
01-01 08:00:23.606 I/MTKWifiDisplayController(  631): updateWfdEnableState(), mWifiDisplayOnSetting:false, mWifiP2pEnabled:false
01-01 08:00:23.606 I/MTKWifiDisplayController(  631): updateWfdInfo(), enable:false,mWfdEnabling:false
01-01 08:00:23.607 D/MTKWifiDisplayController(  631): reportFeatureState(), featureState = 2
01-01 08:00:23.607 I/MTKWifiDisplayController(  631): updateScanState(), mSinkEnabled:falsemDiscoverPeersInProgress:false
01-01 08:00:23.607 I/MTKWifiDisplayController(  631): disconnect, mRemoteDisplayInterface = null
01-01 08:00:23.607 I/MTKWifiDisplayController(  631): updateScanState(), mSinkEnabled:falsemDiscoverPeersInProgress:false
01-01 08:00:23.607 D/MTKWifiDisplayController(  631): callback onFeatureStateChanged(): featureState = 2
01-01 08:00:23.609 D/WifiP2pService(  631): P2pDisabledState{ when=0 what=139323 arg2=2 obj=WFD enabled: false
01-01 08:00:23.609 D/WifiP2pService(  631):  WFD DeviceInfo: 0
01-01 08:00:23.609 D/WifiP2pService(  631):  WFD CtrlPort: 0
01-01 08:00:23.609 D/WifiP2pService(  631):  WFD MaxThroughput: 0
01-01 08:00:23.609 D/WifiP2pService(  631):  WFD Extended Capability: 0 target=com.android.internal.util.StateMachine$SmHandler }
01-01 08:00:23.610 D/WifiP2pService(  631): DefaultState{ when=0 what=139323 arg2=2 obj=WFD enabled: false
01-01 08:00:23.610 D/WifiP2pService(  631):  WFD DeviceInfo: 0
01-01 08:00:23.610 D/WifiP2pService(  631):  WFD CtrlPort: 0
01-01 08:00:23.610 D/WifiP2pService(  631):  WFD MaxThroughput: 0
01-01 08:00:23.610 D/WifiP2pService(  631):  WFD Extended Capability: 0 target=com.android.internal.util.StateMachine$SmHandler }
01-01 08:00:23.626 I/SystemServer(  631): MakeIpSecServiceReady
01-01 08:00:23.630 D/IpSecService(  631): IpSecService is ready
01-01 08:00:23.631 I/SystemServer(  631): MakeNetworkStatsServiceReady
01-01 08:00:23.633 V/NetworkStatsRecorder(  631): setPersistThreshold() with 2097152
01-01 08:00:23.634 I/chatty  (  631): uid=1000 system_server identical 2 lines
01-01 08:00:23.634 V/NetworkStatsRecorder(  631): setPersistThreshold() with 2097152
01-01 08:00:23.634 D/NetworkStatsRecorder(  631): loadLocked() reading from disk for xt
01-01 08:00:23.646 W/NetworkPolicy(  631): setRestrictBackgroundUL: already false
01-01 08:00:23.665 I/SystemServer(  631): MakeConnectivityServiceReady
01-01 08:00:23.691 I/SystemServer(  631): MakeNetworkPolicyServiceReady
01-01 08:00:23.692 I/SystemServer(  631): StartWatchdog
01-01 08:00:23.693 I/SystemServer(  631): PhaseThirdPartyAppsCanStart
01-01 08:00:23.693 I/SystemServiceManager(  631): Starting phase 600
01-01 08:00:23.705 V/WallpaperManagerService(  631): bindWallpaperComponentLocked: componentName=ComponentInfo{com.android.systemui/com.android.systemui.ImageWallpaper}
01-01 08:00:23.800 I/StatsCompanionService(  631): Told statsd that StatsCompanionService is alive.
01-01 08:00:23.802 I/SystemServer(  631): MakeLocationServiceReady
01-01 08:00:23.836 I/android.hardware.wifi@1.0-service-mediatek(  302): Adding interface handle for p2p0
01-01 08:00:23.836 I/android.hardware.wifi@1.0-service-mediatek(  302): Adding interface handle for wlan0
01-01 08:00:23.836 E/android.hardware.wifi@1.0-service-mediatek(  302): Failed to register radio mode change callback
01-01 08:00:23.836 I/android.hardware.wifi@1.0-service-mediatek(  302): Configured chip in mode 0
01-01 08:00:23.842 W/LocationManagerService(  631): no network location provider found
01-01 08:00:23.847 E/LocationManagerService(  631): no geocoder provider found
01-01 08:00:23.850 D/LocationManagerService(  631): Unable to bind FLP Geofence proxy.
01-01 08:00:23.850 D/LocationManagerService(  631): Hardware Activity-Recognition not supported.
01-01 08:00:23.851 D/LocationManagerService(  631): Unable to bind ActivityRecognitionProxy.
01-01 08:00:23.856 I/SystemServer(  631): MakeCountryDetectionServiceReady
01-01 08:00:23.857 I/SystemServer(  631): MakeNetworkTimeUpdateReady
01-01 08:00:23.865 D/MtkConnectivityService(  631): requestNetwork for uid/pid:1000/631 NetworkRequest [ TRACK_DEFAULT id=6, [ Capabilities: INTERNET&NOT_RESTRICTED&TRUSTED Unwanted:  Uid: 1000] ]
01-01 08:00:23.866 I/SystemServer(  631): MakeCommonTimeManagementServiceReady
01-01 08:00:23.866 I/SystemServer(  631): MakeInputManagerServiceReady
01-01 08:00:23.868 I/SystemServer(  631): MakeTelephonyRegistryReady
01-01 08:00:23.868 I/SystemServer(  631): MakeMediaRouterServiceReady
01-01 08:00:23.870 I/SystemServer(  631): MakeMmsServiceReady
01-01 08:00:23.870 I/MmsServiceBroker(  631): Delay connecting to MmsService until an API is called
01-01 08:00:23.870 I/SystemServer(  631): IncidentDaemonReady
01-01 08:00:23.873 I/SystemServiceManager(  631): Calling onStartUser u0
01-01 08:00:23.878 W/VoiceInteractionManagerService(  631): no available voice recognition services found for user 0
01-01 08:00:23.887 I/ActivityManager(  631): START u0 {act=android.intent.action.MAIN cat=[android.intent.category.HOME] flg=0x10000100 cmp=com.android.settings/.FallbackHome} from uid 0
01-01 08:00:23.901 I/wificond(  473): create scanner for interface with index: 9
01-01 08:00:23.901 I/wificond(  473): subscribe scan result for interface with index: 9
01-01 08:00:23.904 E/wificond(  473): No Offload Service available
01-01 08:00:23.904 I/wificond(  473): Offload HAL not supported 
01-01 08:00:24.036 I/ActivityManager(  631): Loaded persisted task ids for user 0
01-01 08:00:24.144 I/sn      (  487): Retry 1
01-01 08:00:24.144 I/sn      (  487): Fail to access err=2
01-01 08:00:24.144 I/chatty  (  487): uid=1000(system) identical 1 line
01-01 08:00:24.144 I/sn      (  487): Fail to access err=2
01-01 08:00:24.144 I/sn      (  487): Check all possible paths
01-01 08:00:24.156 W/ActivityManager(  631): Slow operation: 272ms so far, now at startProcess: asking zygote to start proc
01-01 08:00:24.159 D/SystemServerInitThreadPool(  631): Shutdown successful
01-01 08:00:24.159 W/Looper  (  631): Slow dispatch took 277ms android.ui h=com.android.server.am.ActivityManagerService$UiHandler c=null m=53
01-01 08:00:24.160 W/Looper  (  631): Slow delivery took 2523ms main h=android.os.Handler c=com.android.server.BatteryService$8@899790 m=0
01-01 08:00:24.177 W/ActivityManager(  631): Slow operation: 292ms so far, now at startProcess: returned from zygote!
01-01 08:00:24.210 W/ActivityManager(  631): Slow operation: 326ms so far, now at startProcess: done updating battery stats
01-01 08:00:24.210 W/ActivityManager(  631): Slow operation: 326ms so far, now at startProcess: building log message
01-01 08:00:24.210 I/ActivityManager(  631): Start proc 942:com.android.phone/1001 for added application com.android.phone
01-01 08:00:24.210 W/ActivityManager(  631): Slow operation: 326ms so far, now at startProcess: starting to update pids map
01-01 08:00:24.210 W/ActivityManager(  631): Slow operation: 326ms so far, now at startProcess: done updating pids map
01-01 08:00:24.218 D/ConditionProviders.SCP(  631): onConnected
01-01 08:00:24.219 W/ActivityManager(  631): Slow operation: 175ms so far, now at startProcess: asking zygote to start proc
01-01 08:00:24.220 D/ConditionProviders(  631): Subscribing to condition://android/event?userId=-10000&calendar=&reply=1 with ComponentInfo{android/com.android.server.notification.EventConditionProvider}
01-01 08:00:24.221 D/ConditionProviders(  631): Subscribing to condition://android/schedule?days=1.2.3.4.5.6.7&start=22.0&end=7.0&exitAtAlarm=true with ComponentInfo{android/com.android.server.notification.ScheduleConditionProvider}
01-01 08:00:24.232 V/SettingsProvider(  631): packageValueForCallResult, name = null, value : Bundle[{_track_generation=android.util.MemoryIntArray@66, value=null, _generation_index=0, _generation=3}]
01-01 08:00:24.237 V/SettingsProvider(  631): packageValueForCallResult, name = zen_mode, value : Bundle[{_track_generation=android.util.MemoryIntArray@66, value=0, _generation_index=0, _generation=3}]
01-01 08:00:24.237 V/WindowManager(  631): broadcast VOLUME_CHANGED_ACTION received
01-01 08:00:24.237 V/WindowManager(  631): broadcast VOLUME_CHANGED_ACTION received
01-01 08:00:24.238 I/chatty  (  631): uid=1000 system_server identical 6 lines
01-01 08:00:24.238 V/WindowManager(  631): broadcast VOLUME_CHANGED_ACTION received
01-01 08:00:24.244 V/SettingsProvider(  631): Notifying for 0: content://settings/secure/location_providers_allowed
01-01 08:00:24.244 W/ActivityManager(  631): Slow operation: 200ms so far, now at startProcess: returned from zygote!
01-01 08:00:24.245 W/ActivityManager(  631): Slow operation: 200ms so far, now at startProcess: done updating battery stats
01-01 08:00:24.245 W/ActivityManager(  631): Slow operation: 201ms so far, now at startProcess: building log message
01-01 08:00:24.245 I/ActivityManager(  631): Start proc 962:com.android.settings/1000 for activity com.android.settings/.FallbackHome
01-01 08:00:24.249 W/ActivityManager(  631): Slow operation: 201ms so far, now at startProcess: starting to update pids map
01-01 08:00:24.249 W/ActivityManager(  631): Slow operation: 204ms so far, now at startProcess: done updating pids map
01-01 08:00:24.249 V/SettingsProvider(  631): Notifying for 0: content://settings/global/location_global_kill_switch
01-01 08:00:24.260 V/SettingsProvider(  631): packageValueForCallResult, name = user_setup_complete, value : Bundle[{_track_generation=android.util.MemoryIntArray@66, value=1, _generation_index=1, _generation=2}]
01-01 08:00:24.287 I/MTKWifiDisplayController(  631): Received NETWORK_STATE_CHANGED,con:false,SSID:null,Freq:0,netId:-1, updated:false
01-01 08:00:24.293 E/ActivityThread(  747): Failed to find provider info for user_dictionary
01-01 08:00:24.324 E/BatteryExternalStatsWorker(  631): no controller energy info supplied for wifi
01-01 08:00:24.347 E/BatteryExternalStatsWorker(  631): no controller energy info supplied for wifi
01-01 08:00:24.347 E/BatteryExternalStatsWorker(  631): no controller energy info supplied for telephony
01-01 08:00:24.348 E/KernelCpuSpeedReader(  631): Failed to read cpu-freq: /sys/devices/system/cpu/cpu0/cpufreq/stats/time_in_state (No such file or directory)
01-01 08:00:24.351 V/WindowManager(  631): Set focused app to: AppWindowToken{a82808d token=Token{9dacd24 ActivityRecord{11ea1b7 u0 com.android.settings/.FallbackHome t1}}} old focus=null moveFocusNow=true
01-01 08:00:24.372 D/WifiDisplayAdapter(  631): getWifiDisplayStatusLocked: result=WifiDisplayStatus{featureState=2, scanState=0, activeDisplayState=0, activeDisplay=null, displays=[], sessionInfo=WifiDisplaySessionInfo:
01-01 08:00:24.372 D/WifiDisplayAdapter(  631):     Client/Owner: Client
01-01 08:00:24.372 D/WifiDisplayAdapter(  631):     GroupId: 
01-01 08:00:24.372 D/WifiDisplayAdapter(  631):     Passphrase: 
01-01 08:00:24.372 D/WifiDisplayAdapter(  631):     SessionId: 0
01-01 08:00:24.372 D/WifiDisplayAdapter(  631):     IP Address: }
01-01 08:00:24.378 D/WifiDisplayAdapter(  631): getWifiDisplayStatusLocked: result=WifiDisplayStatus{featureState=2, scanState=0, activeDisplayState=0, activeDisplay=null, displays=[], sessionInfo=WifiDisplaySessionInfo:
01-01 08:00:24.378 D/WifiDisplayAdapter(  631):     Client/Owner: Client
01-01 08:00:24.378 D/WifiDisplayAdapter(  631):     GroupId: 
01-01 08:00:24.378 D/WifiDisplayAdapter(  631):     Passphrase: 
01-01 08:00:24.378 D/WifiDisplayAdapter(  631):     SessionId: 0
01-01 08:00:24.378 D/WifiDisplayAdapter(  631):     IP Address: }
01-01 08:00:24.406 W/Looper  (  631): Slow dispatch took 154ms main h=android.app.ActivityThread$H c=null m=114
01-01 08:00:24.421 I/Telecom (  631): BluetoothRouteManager: getBluetoothAudioConnectedDevice: no headset service available.
01-01 08:00:24.424 I/Telecom (  631): SystemStateProvider: Registering car mode receiver: android.content.IntentFilter@21e0ce: TS.init@AAA
01-01 08:00:24.435 I/Telecom (  631): Logging.Events: Non-call EVENT: AUDIO_ROUTE, Entering state QuiescentSpeakerRoute
01-01 08:00:24.436 I/Telecom (  631): BluetoothRouteManager: getBluetoothAudioConnectedDevice: no headset service available.
01-01 08:00:24.450 I/Telecom (  631): CallAudioModeStateMachine: Message received: null.: TS.init->CAMSM.pM_1@AAA
01-01 08:00:24.457 I/Telecom (  631): CallLogManager: registerUserSwitchReceiver: TS.init@AAA
01-01 08:00:24.464 I/Telecom (  631): MissedCallNotifierImpl: reloadFromDatabase: Boot not yet complete -- call log db may not be available. Deferring loading until boot complete for user 0: TS.init@AAA
01-01 08:00:24.480 V/SettingsProvider(  631): packageValueForCallResult, name = null, value : Bundle[{_track_generation=android.util.MemoryIntArray@66, value=null, _generation_index=0, _generation=3}]
01-01 08:00:24.483 I/Telecom (  631): Class: TelecomSystem.INSTANCE being set
01-01 08:00:24.484 W/ContextImpl(  631): Calling a method in the system process without a qualified user: android.app.ContextImpl.startService:1532 android.content.ContextWrapper.startService:664 com.android.server.telecom.components.TelecomService.initializeTelecomSystem:221 com.android.server.telecom.components.TelecomService.onBind:73 android.app.ActivityThread.handleBindService:3590 
01-01 08:00:24.487 I/Telecom (  631): MtkTelecomServiceImpl: [publish]adding to ServiceManager
01-01 08:00:24.490 W/ContextImpl(  631): Calling a method in the system process without a qualified user: android.app.ContextImpl.startService:1532 com.android.server.content.SyncManager$14.run:756 android.os.Handler.handleCallback:873 android.os.Handler.dispatchMessage:99 android.os.Looper.loop:193 
01-01 08:00:24.493 D/WifiP2pService(  631): P2pDisabledState{ when=0 what=143377 target=com.android.internal.util.StateMachine$SmHandler }
01-01 08:00:24.493 D/WifiP2pService(  631): DefaultState{ when=0 what=143377 target=com.android.internal.util.StateMachine$SmHandler }
01-01 08:00:24.493 E/WifiP2pService(  631): Unexpected disable request when WifiChannel is null
01-01 08:00:24.494 D/MTKWifiDisplayController(  631): Received WIFI_P2P_STATE_CHANGED_ACTION: enabled=false
01-01 08:00:24.494 I/MTKWifiDisplayController(  631): updateWfdEnableState(), mWifiDisplayOnSetting:false, mWifiP2pEnabled:false
01-01 08:00:24.494 I/MTKWifiDisplayController(  631): updateWfdInfo(), enable:false,mWfdEnabling:false
01-01 08:00:24.494 D/MTKWifiDisplayController(  631): reportFeatureState(), featureState = 2
01-01 08:00:24.494 I/MTKWifiDisplayController(  631): updateScanState(), mSinkEnabled:falsemDiscoverPeersInProgress:false
01-01 08:00:24.494 V/SettingsProvider(  631): Notifying for 0: content://settings/global/boot_count
01-01 08:00:24.494 I/MTKWifiDisplayController(  631): disconnect, mRemoteDisplayInterface = null
01-01 08:00:24.494 I/MTKWifiDisplayController(  631): updateScanState(), mSinkEnabled:falsemDiscoverPeersInProgress:false
01-01 08:00:24.494 D/MTKWifiDisplayController(  631): callback onFeatureStateChanged(): featureState = 2
01-01 08:00:24.498 D/WifiP2pService(  631): P2pDisabledState{ when=0 what=139323 arg2=3 obj=WFD enabled: false
01-01 08:00:24.498 D/WifiP2pService(  631):  WFD DeviceInfo: 0
01-01 08:00:24.498 D/WifiP2pService(  631):  WFD CtrlPort: 0
01-01 08:00:24.498 D/WifiP2pService(  631):  WFD MaxThroughput: 0
01-01 08:00:24.498 D/WifiP2pService(  631):  WFD Extended Capability: 0 target=com.android.internal.util.StateMachine$SmHandler }
01-01 08:00:24.498 D/WifiP2pService(  631): DefaultState{ when=0 what=139323 arg2=3 obj=WFD enabled: false
01-01 08:00:24.498 D/WifiP2pService(  631):  WFD DeviceInfo: 0
01-01 08:00:24.498 D/WifiP2pService(  631):  WFD CtrlPort: 0
01-01 08:00:24.498 D/WifiP2pService(  631):  WFD MaxThroughput: 0
01-01 08:00:24.498 D/WifiP2pService(  631):  WFD Extended Capability: 0 target=com.android.internal.util.StateMachine$SmHandler }
01-01 08:00:24.539 V/SettingsProvider(  631): packageValueForCallResult, name = null, value : Bundle[{_track_generation=android.util.MemoryIntArray@66, value=null, _generation_index=0, _generation=3}]
01-01 08:00:24.550 V/WiredAccessoryManager(  631): notifyWiredAccessoryChanged: when=0 bits= mask=54
01-01 08:00:24.550 V/WiredAccessoryManager(  631): newName=h2w newState=0 headsetState=0 prev headsetState=0
01-01 08:00:24.550 V/WiredAccessoryManager(  631): init()
01-01 08:00:24.566 W/ContextImpl(  962): Calling a method in the system process without a qualified user: android.app.ContextImpl.startService:1532 android.content.ContextWrapper.startService:664 android.app.Activity.onPostResume:1391 android.app.Activity.performResume:7344 android.app.ActivityThread.performResumeActivity:3807 
01-01 08:00:24.614 D/WifiP2pService(  631): P2pDisabledState{ when=0 what=143376 target=com.android.internal.util.StateMachine$SmHandler }
01-01 08:00:24.616 D/ConditionProviders.SCP(  631): onSubscribe condition://android/schedule?days=1.2.3.4.5.6.7&start=22.0&end=7.0&exitAtAlarm=true
01-01 08:00:24.616 D/ConditionProviders.SCP(  631): setRegistered true
01-01 08:00:24.617 D/MTKWifiDisplayController(  631): Received WIFI_P2P_STATE_CHANGED_ACTION: enabled=true
01-01 08:00:24.617 I/MTKWifiDisplayController(  631): updateWfdEnableState(), mWifiDisplayOnSetting:false, mWifiP2pEnabled:true
01-01 08:00:24.617 I/MTKWifiDisplayController(  631): updateWfdInfo(), enable:false,mWfdEnabling:false
01-01 08:00:24.617 D/MTKWifiDisplayController(  631): reportFeatureState(), featureState = 2
01-01 08:00:24.617 I/MTKWifiDisplayController(  631): updateScanState(), mSinkEnabled:falsemDiscoverPeersInProgress:false
01-01 08:00:24.617 I/MTKWifiDisplayController(  631): disconnect, mRemoteDisplayInterface = null
01-01 08:00:24.617 I/MTKWifiDisplayController(  631): updateScanState(), mSinkEnabled:falsemDiscoverPeersInProgress:false
01-01 08:00:24.617 D/MTKWifiDisplayController(  631): callback onFeatureStateChanged(): featureState = 2
01-01 08:00:24.620 D/ConditionProviders.SCP(  631): evaluateSubscriptionLocked cal=ScheduleCalendar[mDays={1, 2, 3, 4, 5, 6, 7}, mSchedule=ScheduleInfo{days=[1, 2, 3, 4, 5, 6, 7], startHour=22, startMinute=0, endHour=7, endMinute=0, exitAtAlarm=true, nextAlarm=Thu Jan 01 08:00:00 GMT+08:00 1970 (0)}], now=Fri Jan 01 08:00:24 GMT+08:00 2010 (1262304024616), nextUserAlarmTime=Thu Jan 01 08:00:00 GMT+08:00 1970 (0)
01-01 08:00:24.620 D/ConditionProviders.SCP(  631): notifyCondition condition://android/schedule?days=1.2.3.4.5.6.7&start=22.0&end=7.0&exitAtAlarm=true STATE_FALSE reason=!meetsSchedule
01-01 08:00:24.620 I/WindowManager(  631): Relayout Window{7ef64e u0 com.android.settings/com.android.settings.FallbackHome}: oldVis=4 newVis=0 focusMayChange = true
01-01 08:00:24.622 D/ConditionProviders.SCP(  631): Scheduling evaluate for Fri Jan 01 22:00:00 GMT+08:00 2010 (1262354400000), in +13h59m35s384ms, now=Fri Jan 01 08:00:24 GMT+08:00 2010 (1262304024616)
01-01 08:00:24.625 V/WindowManager(  631): Changing focus from null to Window{7ef64e u0 com.android.settings/com.android.settings.FallbackHome} Callers=com.android.server.wm.WindowManagerService.relayoutWindow:2142 com.android.server.wm.Session.relayout:244 android.view.IWindowSession$Stub.onTransact:309 com.android.server.wm.Session.onTransact:164 
01-01 08:00:24.625 D/WindowManager(  631): Input focus has changed to Window{7ef64e u0 com.android.settings/com.android.settings.FallbackHome}
01-01 08:00:24.632 I/WindowManager(  631): Focus moving from null to Window{7ef64e u0 com.android.settings/com.android.settings.FallbackHome}
01-01 08:00:24.649 I/Telecom (  631): WiredHeadsetManager: ACTION_HEADSET_PLUG event, plugged in: false, : WHC.oADA@AAE
01-01 08:00:24.673 I/SyncManager(  631): Got SyncJobService instance.
01-01 08:00:24.694 I/AutofillManagerService(  631): Updating Autofill for user 0: disabled=false
01-01 08:00:24.697 E/ActivityThread(  631): Failed to find provider info for com.android.calendar
01-01 08:00:24.701 V/WindowManager(  631): broadcast VOLUME_CHANGED_ACTION received
01-01 08:00:24.701 I/chatty  (  631): uid=1000 system_server identical 7 lines
01-01 08:00:24.701 V/WindowManager(  631): broadcast VOLUME_CHANGED_ACTION received
01-01 08:00:24.708 W/Looper  (  631): Drained
01-01 08:00:24.709 E/ActivityThread(  631): Failed to find provider info for com.android.calendar
01-01 08:00:24.713 D/DisplayManagerService(  631): Display 0 hasContent flag changed: hasContent=true, inTraversal=true
01-01 08:00:24.722 I/WindowManager(  631): enableScreenAfterBoot: mDisplayEnabled=false mForceDisplayEnabled=false mShowingBootMessages=false mSystemBooted=false
01-01 08:00:24.722 I/WindowManager(  631): java.lang.RuntimeException: here
01-01 08:00:24.722 I/WindowManager(  631): 	at com.android.server.wm.WindowManagerService.enableScreenAfterBoot(WindowManagerService.java:3426)
01-01 08:00:24.722 I/WindowManager(  631): 	at com.android.server.am.ActivityManagerService.enableScreenAfterBoot(ActivityManagerService.java:8125)
01-01 08:00:24.722 I/WindowManager(  631): 	at com.android.server.am.ActivityManagerService$MainHandler.handleMessage(ActivityManagerService.java:2466)
01-01 08:00:24.722 I/WindowManager(  631): 	at android.os.Handler.dispatchMessage(Handler.java:106)
01-01 08:00:24.722 I/WindowManager(  631): 	at android.os.Looper.loop(Looper.java:193)
01-01 08:00:24.722 I/WindowManager(  631): 	at android.os.HandlerThread.run(HandlerThread.java:65)
01-01 08:00:24.722 I/WindowManager(  631): 	at com.android.server.ServiceThread.run(ServiceThread.java:44)
01-01 08:00:24.723 I/WindowManager(  631): hideBootMessagesLocked: mDisplayEnabled=false mForceDisplayEnabled=false mShowingBootMessages=false mSystemBooted=true
01-01 08:00:24.723 I/WindowManager(  631): java.lang.RuntimeException: here
01-01 08:00:24.723 I/WindowManager(  631): 	at com.android.server.wm.WindowManagerService.hideBootMessagesLocked(WindowManagerService.java:3620)
01-01 08:00:24.723 I/WindowManager(  631): 	at com.android.server.wm.WindowManagerService.enableScreenAfterBoot(WindowManagerService.java:3436)
01-01 08:00:24.723 I/WindowManager(  631): 	at com.android.server.am.ActivityManagerService.enableScreenAfterBoot(ActivityManagerService.java:8125)
01-01 08:00:24.723 I/WindowManager(  631): 	at com.android.server.am.ActivityManagerService$MainHandler.handleMessage(ActivityManagerService.java:2466)
01-01 08:00:24.723 I/WindowManager(  631): 	at android.os.Handler.dispatchMessage(Handler.java:106)
01-01 08:00:24.723 I/WindowManager(  631): 	at android.os.Looper.loop(Looper.java:193)
01-01 08:00:24.723 I/WindowManager(  631): 	at android.os.HandlerThread.run(HandlerThread.java:65)
01-01 08:00:24.723 I/WindowManager(  631): 	at com.android.server.ServiceThread.run(ServiceThread.java:44)
01-01 08:00:24.723 W/KeyguardServiceDelegate(  631): onScreenTurningOn(): no keyguard service!
01-01 08:00:24.724 I/WindowManager(  631): performEnableScreen: mDisplayEnabled=false mForceDisplayEnabled=false mShowingBootMessages=false mSystemBooted=true mOnlyCore=false
01-01 08:00:24.724 I/WindowManager(  631): java.lang.RuntimeException: here
01-01 08:00:24.724 I/WindowManager(  631): 	at com.android.server.wm.WindowManagerService.performEnableScreen(WindowManagerService.java:3499)
01-01 08:00:24.724 I/WindowManager(  631): 	at com.android.server.wm.WindowManagerService.enableScreenAfterBoot(WindowManagerService.java:3444)
01-01 08:00:24.724 I/WindowManager(  631): 	at com.android.server.am.ActivityManagerService.enableScreenAfterBoot(ActivityManagerService.java:8125)
01-01 08:00:24.724 I/WindowManager(  631): 	at com.android.server.am.ActivityManagerService$MainHandler.handleMessage(ActivityManagerService.java:2466)
01-01 08:00:24.724 I/WindowManager(  631): 	at android.os.Handler.dispatchMessage(Handler.java:106)
01-01 08:00:24.724 I/WindowManager(  631): 	at android.os.Looper.loop(Looper.java:193)
01-01 08:00:24.724 I/WindowManager(  631): 	at android.os.HandlerThread.run(HandlerThread.java:65)
01-01 08:00:24.724 I/WindowManager(  631): 	at com.android.server.ServiceThread.run(ServiceThread.java:44)
01-01 08:00:24.882 D/WifiP2pService(  631): P2pEnabledState
01-01 08:00:24.882 D/WifiP2pService(  631): sending p2p connection changed broadcast
01-01 08:00:24.883 E/WifiP2pService(  631): sendP2pConnectionChangedBroadcast(): WifiChannel is null
01-01 08:00:24.884 D/MTKWifiDisplayController(  631): Received WIFI_P2P_CONNECTION_CHANGED_ACTION: isConnected? false, reason = -1
01-01 08:00:24.884 D/MTKWifiDisplayController(  631): updateWifiP2pChannelId(), id:-1
01-01 08:00:24.884 I/MTKWifiDisplayController(  631): handleConnectionChanged(), mWfdEnabled:false
01-01 08:00:24.886 D/MtkConnectivityService(  631): requestNetwork for uid/pid:10023/767 NetworkRequest [ TRACK_DEFAULT id=9, [ Capabilities: INTERNET&NOT_RESTRICTED&TRUSTED Unwanted:  Uid: 10023] ]
01-01 08:00:24.897 D/WifiP2pService(  631): DeviceAddress: 02:08:22:1c:ff:50
01-01 08:00:24.907 D/WifiP2pService(  631): sending p2p persistent groups changed broadcast
01-01 08:00:24.907 D/WifiP2pService(  631): InactiveState
01-01 08:00:24.908 D/WifiP2pService(  631): InactiveState{ when=-26ms what=147457 target=com.android.internal.util.StateMachine$SmHandler }
01-01 08:00:24.908 D/WifiP2pService(  631): P2pEnabledState{ when=-27ms what=147457 target=com.android.internal.util.StateMachine$SmHandler }
01-01 08:00:24.908 D/WifiP2pService(  631): DefaultState{ when=-27ms what=147457 target=com.android.internal.util.StateMachine$SmHandler }
01-01 08:00:24.908 D/WifiP2pService(  631): InactiveState{ when=-1ms what=139323 arg2=4 obj=WFD enabled: false
01-01 08:00:24.908 D/WifiP2pService(  631):  WFD DeviceInfo: 0
01-01 08:00:24.908 D/WifiP2pService(  631):  WFD CtrlPort: 0
01-01 08:00:24.908 D/WifiP2pService(  631):  WFD MaxThroughput: 0
01-01 08:00:24.908 D/WifiP2pService(  631):  WFD Extended Capability: 0 target=com.android.internal.util.StateMachine$SmHandler }
01-01 08:00:24.908 D/WifiP2pService(  631): P2pEnabledState{ when=-1ms what=139323 arg2=4 obj=WFD enabled: false
01-01 08:00:24.908 D/WifiP2pService(  631):  WFD DeviceInfo: 0
01-01 08:00:24.908 D/WifiP2pService(  631):  WFD CtrlPort: 0
01-01 08:00:24.908 D/WifiP2pService(  631):  WFD MaxThroughput: 0
01-01 08:00:24.908 D/WifiP2pService(  631):  WFD Extended Capability: 0 target=com.android.internal.util.StateMachine$SmHandler }
01-01 08:00:24.927 I/SystemConfig(  942): Non-xml file /system/etc/permissions/pms_sysapp_removable_system_list.txt in /system/etc/permissions directory, ignoring
01-01 08:00:24.942 W/SystemConfig(  942): Got exception parsing permissions.
01-01 08:00:24.942 W/SystemConfig(  942): org.xmlpull.v1.XmlPullParserException: Unexpected start tag in /vendor/etc/permissions/media_codecs.xml: found MediaCodecs, expected 'permissions' or 'config'
01-01 08:00:24.942 W/SystemConfig(  942): 	at com.android.server.SystemConfig.readPermissionsFromXml(SystemConfig.java:398)
01-01 08:00:24.942 W/SystemConfig(  942): 	at com.android.server.SystemConfig.readPermissions(SystemConfig.java:362)
01-01 08:00:24.942 W/SystemConfig(  942): 	at com.android.server.SystemConfig.<init>(SystemConfig.java:304)
01-01 08:00:24.942 W/SystemConfig(  942): 	at com.android.server.SystemConfig.getInstance(SystemConfig.java:177)
01-01 08:00:24.942 W/SystemConfig(  942): 	at com.android.internal.telephony.CarrierAppUtils.disableCarrierAppsUntilPrivileged(CarrierAppUtils.java:80)
01-01 08:00:24.942 W/SystemConfig(  942): 	at com.android.internal.telephony.SubscriptionInfoUpdater.initializeCarrierApps(SubscriptionInfoUpdater.java:181)
01-01 08:00:24.942 W/SystemConfig(  942): 	at com.android.internal.telephony.SubscriptionInfoUpdater.<init>(SubscriptionInfoUpdater.java:150)
01-01 08:00:24.942 W/SystemConfig(  942): 	at com.mediatek.internal.telephony.MtkSubscriptionInfoUpdater.<init>(MtkSubscriptionInfoUpdater.java:140)
01-01 08:00:24.942 W/SystemConfig(  942): 	at com.mediatek.internal.telephony.MtkTelephonyComponentFactory.makeSubscriptionInfoUpdater(MtkTelephonyComponentFactory.java:222)
01-01 08:00:24.942 W/SystemConfig(  942): 	at com.android.internal.telephony.PhoneFactory.makeDefaultPhone(PhoneFactory.java:238)
01-01 08:00:24.942 W/SystemConfig(  942): 	at com.android.internal.telephony.PhoneFactory.makeDefaultPhones(PhoneFactory.java:99)
01-01 08:00:24.942 W/SystemConfig(  942): 	at com.android.phone.PhoneGlobals.onCreate(PhoneGlobals.java:327)
01-01 08:00:24.942 W/SystemConfig(  942): 	at com.android.phone.PhoneApp.onCreate(PhoneApp.java:43)
01-01 08:00:24.942 W/SystemConfig(  942): 	at android.app.Instrumentation.callApplicationOnCreate(Instrumentation.java:1154)
01-01 08:00:24.942 W/SystemConfig(  942): 	at android.app.ActivityThread.handleBindApplication(ActivityThread.java:5902)
01-01 08:00:24.942 W/SystemConfig(  942): 	at android.app.ActivityThread.access$1200(ActivityThread.java:206)
01-01 08:00:24.942 W/SystemConfig(  942): 	at android.app.ActivityThread$H.handleMessage(ActivityThread.java:1678)
01-01 08:00:24.942 W/SystemConfig(  942): 	at android.os.Handler.dispatchMessage(Handler.java:106)
01-01 08:00:24.942 W/SystemConfig(  942): 	at android.os.Looper.loop(Looper.java:193)
01-01 08:00:24.942 W/SystemConfig(  942): 	at android.app.ActivityThread.main(ActivityThread.java:6702)
01-01 08:00:24.942 W/SystemConfig(  942): 	at java.lang.reflect.Method.invoke(Native Method)
01-01 08:00:24.942 W/SystemConfig(  942): 	at com.android.internal.os.RuntimeInit$MethodAndArgsCaller.run(RuntimeInit.java:493)
01-01 08:00:24.942 W/SystemConfig(  942): 	at com.android.internal.os.ZygoteInit.main(ZygoteInit.java:911)
01-01 08:00:24.949 I/SystemConfig(  942): Non-xml file /vendor/etc/permissions/pms_sysapp_removable_vendor_list.txt in /vendor/etc/permissions directory, ignoring
01-01 08:00:24.993 W/WallpaperManagerService(  631): Cannot extract colors because wallpaper could not be read.
01-01 08:00:24.994 W/WallpaperManagerService(  631): Cannot get theme colors because WallpaperColors is null.
01-01 08:00:24.995 W/WallpaperManagerService(  631): Cannot extract colors because wallpaper could not be read.
01-01 08:00:24.995 W/WallpaperManagerService(  631): Cannot get theme colors because WallpaperColors is null.
01-01 08:00:24.997 D/MtkConnectivityService(  631): Got NetworkFactory Messenger for PhoneSwitcherNetworkRequstListener
01-01 08:00:25.007 I/StatusBarManagerService(  631): registerStatusBar bar=com.android.internal.statusbar.IStatusBar$Stub$Proxy@a0d0245
01-01 08:00:25.014 D/MtkConnectivityService(  631): Got NetworkFactory Messenger for TelephonyNetworkFactory[0]
01-01 08:00:25.023 E/ActivityThread(  942): Failed to find provider info for com.android.contacts
01-01 08:00:25.035 V/SettingsProvider(  631): packageValueForCallResult, name = null, value : Bundle[{_track_generation=android.util.MemoryIntArray@66, value=null, _generation_index=2, _generation=1}]
01-01 08:00:25.057 V/SettingsProvider(  631): packageValueForCallResult, name = null, value : Bundle[{_track_generation=android.util.MemoryIntArray@66, value=null, _generation_index=1, _generation=2}]
01-01 08:00:25.058 I/Telephony(  942): TtyManager: updateUiTtyMode -1 -> 0
01-01 08:00:25.067 I/Telephony(  942): TelecomAccountRegistry: new PstnIncomingCallNotifier for Handler (com.mediatek.internal.telephony.MtkGsmCdmaPhone) {3bcbeb1}
01-01 08:00:25.068 I/Telephony(  942): PstnIncomingCallNotifier: Registering: Handler (com.mediatek.internal.telephony.MtkGsmCdmaPhone) {3bcbeb1}
01-01 08:00:25.123 I/EmergencyButton(  767): ss.getState()=1 ss.isEmergencyOnly()=false for simId=0
01-01 08:00:25.465 E/ActivityThread(  767): Failed to find provider info for com.android.contacts
01-01 08:00:25.528 I/WindowManager(  631): performEnableScreen: mDisplayEnabled=false mForceDisplayEnabled=false mShowingBootMessages=false mSystemBooted=true mOnlyCore=false
01-01 08:00:25.528 I/WindowManager(  631): java.lang.RuntimeException: here
01-01 08:00:25.528 I/WindowManager(  631): 	at com.android.server.wm.WindowManagerService.performEnableScreen(WindowManagerService.java:3499)
01-01 08:00:25.528 I/WindowManager(  631): 	at com.android.server.wm.WindowManagerService.access$1100(WindowManagerService.java:285)
01-01 08:00:25.528 I/WindowManager(  631): 	at com.android.server.wm.WindowManagerService$H.handleMessage(WindowManagerService.java:4900)
01-01 08:00:25.528 I/WindowManager(  631): 	at android.os.Handler.dispatchMessage(Handler.java:106)
01-01 08:00:25.528 I/WindowManager(  631): 	at android.os.Looper.loop(Looper.java:193)
01-01 08:00:25.528 I/WindowManager(  631): 	at android.os.HandlerThread.run(HandlerThread.java:65)
01-01 08:00:25.528 I/WindowManager(  631): 	at com.android.server.ServiceThread.run(ServiceThread.java:44)
01-01 08:00:25.531 I/chatty  (  631): uid=1000(system) android.display identical 2 lines
