11-18 11:23:00.071 W/ContextImpl( 1218): Calling a method in the system process without a qualified user: android.app.ContextImpl.sendBroadcast:1006 android.content.ContextWrapper.sendBroadcast:444 com.tal.genie.lockscreen.receiver.LockScreenReceiver.sendBroadCastToVoice:180 com.tal.genie.lockscreen.receiver.LockScreenReceiver.onReceive:67 android.app.LoadedApk$ReceiverDispatcher$Args.lambda$getRunnable$0:1391 
11-18 11:23:01.878 E/storaged(  470): getDiskStats failed with result NOT_SUPPORTED and size 0
11-18 11:23:06.498 I/PowerManagerService(  630): Going to sleep due to screen timeout (uid 1000)...
11-18 11:23:06.499 W/UsageStatsService(  630): Event reported without a package name
11-18 11:23:06.499 I/PowerManagerService(  630): Sleeping (uid 1000)...
11-18 11:23:06.499 I/DisplayPowerController(  630): Blocking screen off
11-18 11:23:06.500 I/DisplayPowerController(  630): Unblocked screen off after 0 ms
11-18 11:23:06.505 E/KernelCpuSpeedReader(  630): Failed to read cpu-freq: /sys/devices/system/cpu/cpu0/cpufreq/stats/time_in_state (No such file or directory)
11-18 11:23:06.525 I/DisplayManagerService(  630): Display device changed state: "", OFF
11-18 11:23:48.272 E/BatteryExternalStatsWorker(  630): no controller energy info supplied for wifi
11-18 11:23:48.272 E/BatteryExternalStatsWorker(  630): no controller energy info supplied for bluetooth
11-18 11:23:48.277 E/KernelCpuSpeedReader(  630): Failed to read cpu-freq: /sys/devices/system/cpu/cpu0/cpufreq/stats/time_in_state (No such file or directory)
11-18 11:23:48.280 W/BatteryExternalStatsWorker(  630): modem info is invalid: ModemActivityInfo{ mTimestamp=0 mSleepTimeMs=0 mIdleTimeMs=0 mTxTimeMs[]=[0, 0, 0, 0, 0] mRxTimeMs=0 mEnergyUsed=0}
11-18 11:23:55.984 I/PowerManagerService(  630): Waking up from sleep (uid=1000 reason=android.policy:POWER)...
11-18 11:23:55.985 W/UsageStatsService(  630): Event reported without a package name
11-18 11:23:55.986 I/DisplayPowerController(  630): Blocking screen on until initial contents have been drawn.
11-18 11:23:55.986 E/KernelCpuSpeedReader(  630): Failed to read cpu-freq: /sys/devices/system/cpu/cpu0/cpufreq/stats/time_in_state (No such file or directory)
11-18 11:23:56.031 W/BroadcastQueue(  630): Background execution not allowed: receiving Intent { act=android.intent.action.USER_PRESENT flg=0x24200010 } to com.tal.genie.launcher/com.tal.genie.lockscreen.receiver.LockScreenReceiver
11-18 11:23:56.032 I/WindowManager(  630): Waiting for drawn Window{83724e0 u0 com.tal.genie.launcher/com.tal.genie.lockscreen.activity.LockScreenActivity}: removed=false visible=true mHasSurface=true drawState=1
11-18 11:23:56.036 W/ContextImpl( 1218): Calling a method in the system process without a qualified user: android.app.ContextImpl.startService:1532 android.content.ContextWrapper.startService:664 android.content.ContextWrapper.startService:664 android.app.Activity.onPostResume:1391 androidx.fragment.app.FragmentActivity.onPostResume:446 
11-18 11:23:56.039 I/WindowManager(  630): Waiting for drawn Window{83724e0 u0 com.tal.genie.launcher/com.tal.genie.lockscreen.activity.LockScreenActivity}: removed=false visible=true mHasSurface=true drawState=1
11-18 11:23:56.048 I/WindowManager(  630): Waiting for drawn Window{83724e0 u0 com.tal.genie.launcher/com.tal.genie.lockscreen.activity.LockScreenActivity}: removed=false visible=true mHasSurface=true drawState=1
11-18 11:23:56.049 I/DisplayManagerService(  630): Display device changed state: "", ON
11-18 11:23:56.055 I/WindowManager(  630): Waiting for drawn Window{83724e0 u0 com.tal.genie.launcher/com.tal.genie.lockscreen.activity.LockScreenActivity}: removed=false visible=true mHasSurface=true drawState=1
11-18 11:23:56.067 I/WindowManager(  630): Waiting for drawn Window{83724e0 u0 com.tal.genie.launcher/com.tal.genie.lockscreen.activity.LockScreenActivity}: removed=false visible=true mHasSurface=true drawState=1
11-18 11:23:56.071 W/ContextImpl( 1218): Calling a method in the system process without a qualified user: android.app.ContextImpl.sendBroadcast:1006 android.content.ContextWrapper.sendBroadcast:444 com.tal.genie.lockscreen.receiver.LockScreenReceiver.sendUnlockScreenOnBroadcast:152 com.tal.genie.lockscreen.receiver.LockScreenReceiver.onReceive:47 android.app.LoadedApk$ReceiverDispatcher$Args.lambda$getRunnable$0:1391 
11-18 11:23:56.071 I/WindowManager(  630): Waiting for drawn Window{83724e0 u0 com.tal.genie.launcher/com.tal.genie.lockscreen.activity.LockScreenActivity}: removed=false visible=true mHasSurface=true drawState=4
11-18 11:23:56.080 I/DisplayPowerController(  630): Unblocked screen on after 94 ms
11-18 11:23:56.115 W/ContextImpl( 1218): Calling a method in the system process without a qualified user: android.app.ContextImpl.sendBroadcast:1006 android.content.ContextWrapper.sendBroadcast:444 com.tal.genie.lockscreen.utils.PushNotificationDialogManager.sendPushNotificationStatus:54 com.tal.genie.lockscreen.utils.PushNotificationDialogManager.sendPushNotificationShow:23 com.tal.genie.lockscreen.activity.LockScreenActivity.onFinish:188 
11-18 11:23:56.339 I/WindowManager(  630): Focus moving from Window{83724e0 u0 com.tal.genie.launcher/com.tal.genie.lockscreen.activity.LockScreenActivity} to null
11-18 11:23:56.369 W/PowerManagerService(  630): Screen on took 389 ms
11-18 11:23:56.380 W/ContextImpl( 3291): Calling a method in the system process without a qualified user: android.app.ContextImpl.startService:1532 android.content.ContextWrapper.startService:664 android.app.Activity.onPostResume:1391 android.app.Activity.performResume:7344 android.app.ActivityThread.performResumeActivity:3807 
11-18 11:23:56.388 I/WindowManager(  630): Relayout Window{8e5904f u0 com.android.settings/com.android.settings.Settings$DisplaySettingsActivity}: oldVis=4 newVis=0 focusMayChange = true
11-18 11:23:56.395 I/WindowManager(  630): Focus moving from null to Window{8e5904f u0 com.android.settings/com.android.settings.Settings$DisplaySettingsActivity}
11-18 11:24:00.022 W/ContextImpl( 1218): Calling a method in the system process without a qualified user: android.app.ContextImpl.sendBroadcast:1006 android.content.ContextWrapper.sendBroadcast:444 com.tal.genie.launcher.service.TimeTickListener.sendOTASilentBroadcast:62 com.tal.genie.launcher.service.TimeTickListener.onTimeTickReceived:31 com.tal.genie.base_receiver.time.TimeTickManager.onTimeTickReceived:80 
11-18 11:24:00.033 W/ContextImpl( 1218): Calling a method in the system process without a qualified user: android.app.ContextImpl.sendBroadcast:1006 android.content.ContextWrapper.sendBroadcast:444 com.tal.genie.service_controldata.EyesProtectManager.sendEyesProtectorBroadcast:362 com.tal.genie.service_controldata.EyesProtectManager.eyesProtectDetector:135 com.tal.genie.launcher.service.TimeTickListener.onTimeTickReceived:34 
11-18 11:24:00.058 W/ContextImpl( 1218): Calling a method in the system process without a qualified user: android.app.ContextImpl.sendBroadcast:1006 android.content.ContextWrapper.sendBroadcast:444 com.tal.genie.lockscreen.receiver.LockScreenReceiver.sendBroadCastToVoice:180 com.tal.genie.lockscreen.receiver.LockScreenReceiver.onReceive:67 android.app.LoadedApk$ReceiverDispatcher$Args.lambda$getRunnable$0:1391 
11-18 11:24:01.442 W/ContextImpl( 1218): Calling a method in the system process without a qualified user: android.app.ContextImpl.startActivity:888 android.content.ContextWrapper.startActivity:379 com.tal.genie.lockscreen.receiver.LockScreenReceiver.lockScreen:115 com.tal.genie.lockscreen.receiver.LockScreenReceiver.onReceive:49 android.app.LoadedApk$ReceiverDispatcher$Args.lambda$getRunnable$0:1391 
11-18 11:24:01.443 W/ContextImpl( 1218): Calling a method in the system process without a qualified user: android.app.ContextImpl.startActivity:900 android.app.ContextImpl.startActivity:889 android.content.ContextWrapper.startActivity:379 com.tal.genie.lockscreen.receiver.LockScreenReceiver.lockScreen:115 com.tal.genie.lockscreen.receiver.LockScreenReceiver.onReceive:49 
11-18 11:24:01.444 I/ActivityManager(  630): START u0 {flg=0x10800000 cmp=com.tal.genie.launcher/com.tal.genie.lockscreen.activity.LockScreenActivity} from uid 1000
11-18 11:24:01.461 W/ContextImpl( 1218): Calling a method in the system process without a qualified user: android.app.ContextImpl.sendBroadcast:1006 android.content.ContextWrapper.sendBroadcast:444 com.tal.genie.lockscreen.utils.PushNotificationDialogManager.sendPushNotificationStatus:54 com.tal.genie.lockscreen.utils.PushNotificationDialogManager.sendPushNotificationShow:23 com.tal.genie.lockscreen.receiver.LockScreenReceiver.lockScreen:120 
11-18 11:24:01.465 I/WindowManager(  630): Focus moving from Window{8e5904f u0 com.android.settings/com.android.settings.Settings$DisplaySettingsActivity} to null
11-18 11:24:01.520 W/ContextImpl( 1218): Calling a method in the system process without a qualified user: android.app.ContextImpl.sendBroadcast:1006 android.content.ContextWrapper.sendBroadcast:444 android.content.ContextWrapper.sendBroadcast:444 com.tal.genie.lockscreen.receiver.LockScreenReceiver.sendBroadCastToVoice:180 com.tal.genie.lockscreen.activity.LockScreenActivity.onTimeTickReceived:156 
11-18 11:24:01.551 W/ContextImpl( 1218): Calling a method in the system process without a qualified user: android.app.ContextImpl.startForegroundService:1538 android.content.ContextWrapper.startForegroundService:669 android.content.ContextWrapper.startForegroundService:669 com.tal.genie.lockscreen.activity.LockScreenActivity.initSevice:84 com.tal.genie.lockscreen.activity.LockScreenActivity.onCreate:77 
11-18 11:24:01.559 W/ContextImpl( 1218): Calling a method in the system process without a qualified user: android.app.ContextImpl.startService:1532 android.content.ContextWrapper.startService:664 android.content.ContextWrapper.startService:664 android.app.Activity.onPostResume:1391 androidx.fragment.app.FragmentActivity.onPostResume:446 
11-18 11:24:01.582 I/WindowManager(  630): Relayout Window{9fefdd u0 com.tal.genie.launcher/com.tal.genie.lockscreen.activity.LockScreenActivity}: oldVis=4 newVis=0 focusMayChange = true
11-18 11:24:01.587 I/WindowManager(  630): Focus moving from null to Window{9fefdd u0 com.tal.genie.launcher/com.tal.genie.lockscreen.activity.LockScreenActivity}
11-18 11:24:01.879 E/storaged(  470): getDiskStats failed with result NOT_SUPPORTED and size 0
11-18 11:24:10.200 I/NetworkStatsRecorder(  630): recordSnapshotLocked: ident[[{type=WIFI, subType=COMBINED, networkId="HUAWEI Mate 30 5G", metered=true, defaultNetwork=true}]]
11-18 11:24:10.200 W/NetworkStatsRecorder(  630): unknown interfaces [lo], ignoring those stats
11-18 11:24:10.200 I/NetworkStatsRecorder(  630): recordSnapshotLocked: ident[[{type=WIFI, subType=COMBINED, networkId="HUAWEI Mate 30 5G", metered=true, defaultNetwork=true}]]
11-18 11:24:10.200 W/NetworkStatsRecorder(  630): unknown interfaces [lo], ignoring those stats
11-18 11:24:10.200 I/NetworkStatsRecorder(  630): recordSnapshotLocked: ident[[{type=WIFI, subType=COMBINED, networkId="HUAWEI Mate 30 5G", metered=true, defaultNetwork=true}]]
11-18 11:24:10.200 I/chatty  (  630): uid=1000(system) NetworkStats identical 2 lines
11-18 11:24:10.200 I/NetworkStatsRecorder(  630): recordSnapshotLocked: ident[[{type=WIFI, subType=COMBINED, networkId="HUAWEI Mate 30 5G", metered=true, defaultNetwork=true}]]
11-18 11:24:10.200 W/NetworkStatsRecorder(  630): unknown interfaces [lo], ignoring those stats
11-18 11:24:10.200 W/NetworkStatsRecorder(  630): unknown interfaces [lo], ignoring those stats
11-18 11:24:12.784 I/MTKWifiDisplayController(  630): Received NETWORK_STATE_CHANGED,con:true,SSID:"HUAWEI Mate 30 5G",Freq:2457,netId:0, updated:false
11-18 11:24:55.982 I/PowerManagerService(  630): Going to sleep due to screen timeout (uid 1000)...
11-18 11:24:55.983 W/UsageStatsService(  630): Event reported without a package name
11-18 11:24:55.983 I/PowerManagerService(  630): Sleeping (uid 1000)...
11-18 11:24:55.983 I/DisplayPowerController(  630): Blocking screen off
11-18 11:24:55.984 I/DisplayPowerController(  630): Unblocked screen off after 0 ms
11-18 11:24:55.988 E/KernelCpuSpeedReader(  630): Failed to read cpu-freq: /sys/devices/system/cpu/cpu0/cpufreq/stats/time_in_state (No such file or directory)
11-18 11:24:56.012 I/DisplayManagerService(  630): Display device changed state: "", OFF
11-18 11:25:00.986 I/PowerManagerService(  630): Waking up from sleep (uid=1000 reason=android.policy:POWER)...
11-18 11:25:00.986 W/UsageStatsService(  630): Event reported without a package name
11-18 11:25:00.988 I/DisplayPowerController(  630): Blocking screen on until initial contents have been drawn.
11-18 11:25:00.988 E/KernelCpuSpeedReader(  630): Failed to read cpu-freq: /sys/devices/system/cpu/cpu0/cpufreq/stats/time_in_state (No such file or directory)
11-18 11:25:01.042 W/ContextImpl( 1218): Calling a method in the system process without a qualified user: android.app.ContextImpl.startService:1532 android.content.ContextWrapper.startService:664 android.content.ContextWrapper.startService:664 android.app.Activity.onPostResume:1391 androidx.fragment.app.FragmentActivity.onPostResume:446 
11-18 11:25:01.043 I/WindowManager(  630): Waiting for drawn Window{9fefdd u0 com.tal.genie.launcher/com.tal.genie.lockscreen.activity.LockScreenActivity}: removed=false visible=true mHasSurface=true drawState=1
11-18 11:25:01.048 I/WindowManager(  630): Waiting for drawn Window{9fefdd u0 com.tal.genie.launcher/com.tal.genie.lockscreen.activity.LockScreenActivity}: removed=false visible=true mHasSurface=true drawState=1
11-18 11:25:01.053 W/BroadcastQueue(  630): Background execution not allowed: receiving Intent { act=android.intent.action.USER_PRESENT flg=0x24200010 } to com.tal.genie.launcher/com.tal.genie.lockscreen.receiver.LockScreenReceiver
11-18 11:25:01.057 I/WindowManager(  630): Waiting for drawn Window{9fefdd u0 com.tal.genie.launcher/com.tal.genie.lockscreen.activity.LockScreenActivity}: removed=false visible=true mHasSurface=true drawState=1
11-18 11:25:01.064 I/DisplayManagerService(  630): Display device changed state: "", ON
11-18 11:25:01.075 I/WindowManager(  630): Waiting for drawn Window{9fefdd u0 com.tal.genie.launcher/com.tal.genie.lockscreen.activity.LockScreenActivity}: removed=false visible=true mHasSurface=true drawState=1
11-18 11:25:01.081 W/ContextImpl( 1218): Calling a method in the system process without a qualified user: android.app.ContextImpl.sendBroadcast:1006 android.content.ContextWrapper.sendBroadcast:444 com.tal.genie.lockscreen.receiver.LockScreenReceiver.sendUnlockScreenOnBroadcast:152 com.tal.genie.lockscreen.receiver.LockScreenReceiver.onReceive:47 android.app.LoadedApk$ReceiverDispatcher$Args.lambda$getRunnable$0:1391 
11-18 11:25:01.084 I/WindowManager(  630): Waiting for drawn Window{9fefdd u0 com.tal.genie.launcher/com.tal.genie.lockscreen.activity.LockScreenActivity}: removed=false visible=true mHasSurface=true drawState=4
11-18 11:25:01.107 I/DisplayPowerController(  630): Unblocked screen on after 119 ms
11-18 11:25:01.139 W/ContextImpl( 1218): Calling a method in the system process without a qualified user: android.app.ContextImpl.sendBroadcast:1006 android.content.ContextWrapper.sendBroadcast:444 com.tal.genie.lockscreen.utils.PushNotificationDialogManager.sendPushNotificationStatus:54 com.tal.genie.lockscreen.utils.PushNotificationDialogManager.sendPushNotificationShow:23 com.tal.genie.lockscreen.activity.LockScreenActivity.onFinish:188 
11-18 11:25:01.150 W/ContextImpl( 1218): Calling a method in the system process without a qualified user: android.app.ContextImpl.sendBroadcast:1006 android.content.ContextWrapper.sendBroadcast:444 android.content.ContextWrapper.sendBroadcast:444 com.tal.genie.lockscreen.receiver.LockScreenReceiver.sendBroadCastToVoice:180 com.tal.genie.lockscreen.activity.LockScreenActivity.onTimeTickReceived:156 
11-18 11:25:01.174 W/ContextImpl( 1218): Calling a method in the system process without a qualified user: android.app.ContextImpl.sendBroadcast:1006 android.content.ContextWrapper.sendBroadcast:444 com.tal.genie.launcher.service.TimeTickListener.sendOTASilentBroadcast:62 com.tal.genie.launcher.service.TimeTickListener.onTimeTickReceived:31 com.tal.genie.base_receiver.time.TimeTickManager.onTimeTickReceived:80 
11-18 11:25:01.180 W/ContextImpl( 1218): Calling a method in the system process without a qualified user: android.app.ContextImpl.sendBroadcast:1006 android.content.ContextWrapper.sendBroadcast:444 com.tal.genie.service_controldata.EyesProtectManager.sendEyesProtectorBroadcast:362 com.tal.genie.service_controldata.EyesProtectManager.eyesProtectDetector:135 com.tal.genie.launcher.service.TimeTickListener.onTimeTickReceived:34 
11-18 11:25:01.190 W/ContextImpl( 1218): Calling a method in the system process without a qualified user: android.app.ContextImpl.sendBroadcast:1006 android.content.ContextWrapper.sendBroadcast:444 com.tal.genie.lockscreen.receiver.LockScreenReceiver.sendBroadCastToVoice:180 com.tal.genie.lockscreen.receiver.LockScreenReceiver.onReceive:67 android.app.LoadedApk$ReceiverDispatcher$Args.lambda$getRunnable$0:1391 
11-18 11:25:01.364 I/WindowManager(  630): Focus moving from Window{9fefdd u0 com.tal.genie.launcher/com.tal.genie.lockscreen.activity.LockScreenActivity} to null
11-18 11:25:01.407 W/PowerManagerService(  630): Screen on took 427 ms
11-18 11:25:01.408 W/ContextImpl( 3291): Calling a method in the system process without a qualified user: android.app.ContextImpl.startService:1532 android.content.ContextWrapper.startService:664 android.app.Activity.onPostResume:1391 android.app.Activity.performResume:7344 android.app.ActivityThread.performResumeActivity:3807 
11-18 11:25:01.437 I/WindowManager(  630): Relayout Window{8e5904f u0 com.android.settings/com.android.settings.Settings$DisplaySettingsActivity}: oldVis=8 newVis=0 focusMayChange = true
11-18 11:25:01.442 I/WindowManager(  630): Focus moving from null to Window{8e5904f u0 com.android.settings/com.android.settings.Settings$DisplaySettingsActivity}
11-18 11:25:01.880 E/storaged(  470): getDiskStats failed with result NOT_SUPPORTED and size 0
11-18 11:25:02.556 W/ContextImpl( 3291): Calling a method in the system process without a qualified user: android.app.ContextImpl.startService:1532 android.content.ContextWrapper.startService:664 android.content.ContextWrapper.startService:664 com.android.internal.policy.DecorView.dispatchTouchEvent:422 android.view.View.dispatchPointerEvent:12808 
11-18 11:25:02.592 I/chatty  ( 3291): uid=1000(system) identical 1 line
11-18 11:25:02.610 W/ContextImpl( 3291): Calling a method in the system process without a qualified user: android.app.ContextImpl.startService:1532 android.content.ContextWrapper.startService:664 android.content.ContextWrapper.startService:664 com.android.internal.policy.DecorView.dispatchTouchEvent:422 android.view.View.dispatchPointerEvent:12808 
11-18 11:25:02.651 I/WindowManager(  630): Focus moving from Window{8e5904f u0 com.android.settings/com.android.settings.Settings$DisplaySettingsActivity} to Window{61b420f u0 com.android.systemui}
11-18 11:25:02.658 I/WindowManager(  630): Focus moving from Window{61b420f u0 com.android.systemui} to Window{e1fe07a u0 com.android.systemui}
11-18 11:25:02.659 W/ContextImpl( 3291): Calling a method in the system process without a qualified user: android.app.ContextImpl.startService:1532 android.content.ContextWrapper.startService:664 android.content.ContextWrapper.startService:664 com.android.internal.policy.DecorView.dispatchTouchEvent:422 android.view.View.dispatchPointerEvent:12808 
11-18 11:25:02.735 I/WindowManager(  630): Losing delayed focus: Window{8e5904f u0 com.android.settings/com.android.settings.Settings$DisplaySettingsActivity}
11-18 11:25:02.736 I/WindowManager(  630): Losing delayed focus: Window{61b420f u0 com.android.systemui}
11-18 11:25:02.746 I/WindowManager(  630): Focus moving from Window{e1fe07a u0 com.android.systemui} to Window{8e5904f u0 com.android.settings/com.android.settings.Settings$DisplaySettingsActivity}
11-18 11:25:03.363 W/ContextImpl( 3291): Calling a method in the system process without a qualified user: android.app.ContextImpl.sendBroadcast:1006 android.content.ContextWrapper.sendBroadcast:444 android.content.ContextWrapper.sendBroadcast:444 android.view.View.dispatchTouchEvent:12526 android.view.ViewGroup.dispatchTransformedTouchEvent:3083 
11-18 11:25:03.468 I/WindowManager(  630): Focus moving from Window{8e5904f u0 com.android.settings/com.android.settings.Settings$DisplaySettingsActivity} to null
11-18 11:25:03.484 W/ContextImpl( 3291): Calling a method in the system process without a qualified user: android.app.ContextImpl.startService:1532 android.content.ContextWrapper.startService:664 android.app.Activity.onPostResume:1391 android.app.Activity.performResume:7344 android.app.ActivityThread.performResumeActivity:3807 
11-18 11:25:03.491 I/WindowManager(  630): Relayout Window{e98f343 u0 com.android.settings/com.android.settings.Settings}: oldVis=8 newVis=0 focusMayChange = true
11-18 11:25:03.500 I/WindowManager(  630): Focus moving from null to Window{e98f343 u0 com.android.settings/com.android.settings.Settings}
11-18 11:25:03.539 E/BatteryExternalStatsWorker(  630): no controller energy info supplied for wifi
11-18 11:25:03.539 E/BatteryExternalStatsWorker(  630): no controller energy info supplied for bluetooth
11-18 11:25:03.541 E/KernelCpuSpeedReader(  630): Failed to read cpu-freq: /sys/devices/system/cpu/cpu0/cpufreq/stats/time_in_state (No such file or directory)
11-18 11:25:03.546 W/BatteryExternalStatsWorker(  630): modem info is invalid: ModemActivityInfo{ mTimestamp=0 mSleepTimeMs=0 mIdleTimeMs=0 mTxTimeMs[]=[0, 0, 0, 0, 0] mRxTimeMs=0 mEnergyUsed=0}
11-18 11:25:05.430 W/ContextImpl( 3291): Calling a method in the system process without a qualified user: android.app.ContextImpl.sendBroadcast:1006 android.content.ContextWrapper.sendBroadcast:444 android.view.View.dispatchTouchEvent:12526 android.view.ViewGroup.dispatchTransformedTouchEvent:3077 android.view.ViewGroup.dispatchTouchEvent:2727 
11-18 11:25:07.882 W/ContextImpl( 3291): Calling a method in the system process without a qualified user: android.app.ContextImpl.sendBroadcast:1006 android.content.ContextWrapper.sendBroadcast:444 android.view.View.dispatchTouchEvent:12526 android.view.ViewGroup.dispatchTransformedTouchEvent:3077 android.view.ViewGroup.dispatchTouchEvent:2727 
11-18 11:25:07.974 I/ActivityManager(  630): START u0 {flg=0x8000 cmp=com.android.settings/.Settings$DisplaySettingsActivity (has extras)} from uid 1000
11-18 11:25:07.994 I/WindowManager(  630): Focus moving from Window{e98f343 u0 com.android.settings/com.android.settings.Settings} to null
11-18 11:25:08.059 E/UserRestrictionsUtils(  630): Unknown restriction: null
11-18 11:25:08.060 E/UserRestrictionsUtils(  630): Unknown restriction: null
11-18 11:25:08.133 W/ContextImpl( 3291): Calling a method in the system process without a qualified user: android.app.ContextImpl.startService:1532 android.content.ContextWrapper.startService:664 android.app.Activity.onPostResume:1391 android.app.Activity.performResume:7344 android.app.ActivityThread.performResumeActivity:3807 
11-18 11:25:08.149 I/WindowManager(  630): Relayout Window{97d8b5c u0 com.android.settings/com.android.settings.Settings$DisplaySettingsActivity}: oldVis=4 newVis=0 focusMayChange = true
11-18 11:25:08.154 I/WindowManager(  630): Focus moving from null to Window{97d8b5c u0 com.android.settings/com.android.settings.Settings$DisplaySettingsActivity}
11-18 11:25:09.426 W/ContextImpl( 3291): Calling a method in the system process without a qualified user: android.app.ContextImpl.sendBroadcast:1006 android.content.ContextWrapper.sendBroadcast:444 android.content.ContextWrapper.sendBroadcast:444 android.view.View.dispatchTouchEvent:12526 android.view.ViewGroup.dispatchTransformedTouchEvent:3083 
11-18 11:25:10.897 W/ContextImpl( 3291): Calling a method in the system process without a qualified user: android.app.ContextImpl.sendBroadcast:1006 android.content.ContextWrapper.sendBroadcast:444 android.content.ContextWrapper.sendBroadcast:444 android.view.View.dispatchTouchEvent:12526 android.view.ViewGroup.dispatchTransformedTouchEvent:3077 
11-18 11:25:11.061 I/WindowManager(  630): Focus moving from Window{97d8b5c u0 com.android.settings/com.android.settings.Settings$DisplaySettingsActivity} to Window{605a7af u0 com.android.settings/com.android.settings.Settings$DisplaySettingsActivity}
11-18 11:25:11.238 I/WindowManager(  630): Losing delayed focus: Window{97d8b5c u0 com.android.settings/com.android.settings.Settings$DisplaySettingsActivity}
11-18 11:25:12.543 W/ContextImpl( 3291): Calling a method in the system process without a qualified user: android.app.ContextImpl.sendBroadcast:1006 android.content.ContextWrapper.sendBroadcast:444 android.content.ContextWrapper.sendBroadcast:444 android.view.View.dispatchTouchEvent:12526 android.view.ViewGroup.dispatchTransformedTouchEvent:3077 
11-18 11:25:12.563 I/WindowManager(  630): Focus moving from Window{605a7af u0 com.android.settings/com.android.settings.Settings$DisplaySettingsActivity EXITING} to Window{97d8b5c u0 com.android.settings/com.android.settings.Settings$DisplaySettingsActivity}
11-18 11:25:18.005 W/ContextImpl( 1218): Calling a method in the system process without a qualified user: android.app.ContextImpl.startActivity:888 android.content.ContextWrapper.startActivity:379 com.tal.genie.lockscreen.receiver.LockScreenReceiver.lockScreen:115 com.tal.genie.lockscreen.receiver.LockScreenReceiver.onReceive:49 android.app.LoadedApk$ReceiverDispatcher$Args.lambda$getRunnable$0:1391 
11-18 11:25:18.005 W/ContextImpl( 1218): Calling a method in the system process without a qualified user: android.app.ContextImpl.startActivity:900 android.app.ContextImpl.startActivity:889 android.content.ContextWrapper.startActivity:379 com.tal.genie.lockscreen.receiver.LockScreenReceiver.lockScreen:115 com.tal.genie.lockscreen.receiver.LockScreenReceiver.onReceive:49 
11-18 11:25:18.006 I/ActivityManager(  630): START u0 {flg=0x10800000 cmp=com.tal.genie.launcher/com.tal.genie.lockscreen.activity.LockScreenActivity} from uid 1000
11-18 11:25:18.024 W/ContextImpl( 1218): Calling a method in the system process without a qualified user: android.app.ContextImpl.sendBroadcast:1006 android.content.ContextWrapper.sendBroadcast:444 com.tal.genie.lockscreen.utils.PushNotificationDialogManager.sendPushNotificationStatus:54 com.tal.genie.lockscreen.utils.PushNotificationDialogManager.sendPushNotificationShow:23 com.tal.genie.lockscreen.receiver.LockScreenReceiver.lockScreen:120 
11-18 11:25:18.038 I/WindowManager(  630): Focus moving from Window{97d8b5c u0 com.android.settings/com.android.settings.Settings$DisplaySettingsActivity} to null
11-18 11:25:18.067 W/ContextImpl( 1218): Calling a method in the system process without a qualified user: android.app.ContextImpl.sendBroadcast:1006 android.content.ContextWrapper.sendBroadcast:444 android.content.ContextWrapper.sendBroadcast:444 com.tal.genie.lockscreen.receiver.LockScreenReceiver.sendBroadCastToVoice:180 com.tal.genie.lockscreen.activity.LockScreenActivity.onTimeTickReceived:156 
11-18 11:25:18.080 W/ContextImpl( 1218): Calling a method in the system process without a qualified user: android.app.ContextImpl.startForegroundService:1538 android.content.ContextWrapper.startForegroundService:669 android.content.ContextWrapper.startForegroundService:669 com.tal.genie.lockscreen.activity.LockScreenActivity.initSevice:84 com.tal.genie.lockscreen.activity.LockScreenActivity.onCreate:77 
11-18 11:25:18.088 W/ContextImpl( 1218): Calling a method in the system process without a qualified user: android.app.ContextImpl.startService:1532 android.content.ContextWrapper.startService:664 android.content.ContextWrapper.startService:664 android.app.Activity.onPostResume:1391 androidx.fragment.app.FragmentActivity.onPostResume:446 
11-18 11:25:18.103 I/WindowManager(  630): Relayout Window{826f676 u0 com.tal.genie.launcher/com.tal.genie.lockscreen.activity.LockScreenActivity}: oldVis=4 newVis=0 focusMayChange = true
11-18 11:25:18.109 I/WindowManager(  630): Focus moving from null to Window{826f676 u0 com.tal.genie.launcher/com.tal.genie.lockscreen.activity.LockScreenActivity}
11-18 11:25:56.840 W/ContextImpl( 1218): Calling a method in the system process without a qualified user: android.app.ContextImpl.sendBroadcast:1006 android.content.ContextWrapper.sendBroadcast:444 com.tal.genie.lockscreen.receiver.LockScreenReceiver.sendUnlockScreenOnBroadcast:152 com.tal.genie.lockscreen.receiver.LockScreenReceiver.onReceive:47 android.app.LoadedApk$ReceiverDispatcher$Args.lambda$getRunnable$0:1391 
11-18 11:25:56.872 W/ContextImpl( 1218): Calling a method in the system process without a qualified user: android.app.ContextImpl.sendBroadcast:1006 android.content.ContextWrapper.sendBroadcast:444 com.tal.genie.lockscreen.utils.PushNotificationDialogManager.sendPushNotificationStatus:54 com.tal.genie.lockscreen.utils.PushNotificationDialogManager.sendPushNotificationShow:23 com.tal.genie.lockscreen.activity.LockScreenActivity.onFinish:188 
11-18 11:25:56.992 I/PowerManagerService(  630): Going to sleep due to power button (uid 1000)...
11-18 11:25:56.993 I/PowerManagerService(  630): Sleeping (uid 1000)...
11-18 11:25:56.993 I/DisplayPowerController(  630): Blocking screen off
11-18 11:25:56.993 I/DisplayPowerController(  630): Unblocked screen off after 1 ms
11-18 11:25:57.004 I/DisplayManagerService(  630): Display device changed state: "", OFF
11-18 11:25:57.013 W/UsageStatsService(  630): Event reported without a package name
11-18 11:25:57.018 E/KernelCpuSpeedReader(  630): Failed to read cpu-freq: /sys/devices/system/cpu/cpu0/cpufreq/stats/time_in_state (No such file or directory)
11-18 11:25:57.085 I/WindowManager(  630): Focus moving from Window{826f676 u0 com.tal.genie.launcher/com.tal.genie.lockscreen.activity.LockScreenActivity} to null
11-18 11:25:57.142 I/WindowManager(  630): Relayout Window{97d8b5c u0 com.android.settings/com.android.settings.Settings$DisplaySettingsActivity}: oldVis=4 newVis=0 focusMayChange = true
11-18 11:25:57.147 I/WindowManager(  630): Focus moving from null to Window{97d8b5c u0 com.android.settings/com.android.settings.Settings$DisplaySettingsActivity}
11-18 11:25:57.369 I/PowerManagerService(  630): Waking up from sleep (uid=1000 reason=android.policy:POWER)...
11-18 11:25:57.370 I/DisplayPowerController(  630): Blocking screen on until initial contents have been drawn.
11-18 11:25:57.370 E/KernelCpuSpeedReader(  630): Failed to read cpu-freq: /sys/devices/system/cpu/cpu0/cpufreq/stats/time_in_state (No such file or directory)
11-18 11:25:57.382 W/UsageStatsService(  630): Event reported without a package name
11-18 11:25:57.397 I/WindowManager(  630): Waiting for drawn Window{97d8b5c u0 com.android.settings/com.android.settings.Settings$DisplaySettingsActivity}: removed=false visible=true mHasSurface=true drawState=1
11-18 11:25:57.399 I/DisplayManagerService(  630): Display device changed state: "", ON
11-18 11:25:57.405 I/WindowManager(  630): Waiting for drawn Window{97d8b5c u0 com.android.settings/com.android.settings.Settings$DisplaySettingsActivity}: removed=false visible=true mHasSurface=true drawState=1
11-18 11:25:57.413 I/WindowManager(  630): Waiting for drawn Window{97d8b5c u0 com.android.settings/com.android.settings.Settings$DisplaySettingsActivity}: removed=false visible=true mHasSurface=true drawState=1
11-18 11:25:57.423 W/BroadcastQueue(  630): Background execution not allowed: receiving Intent { act=android.intent.action.USER_PRESENT flg=0x24200010 } to com.tal.genie.launcher/com.tal.genie.lockscreen.receiver.LockScreenReceiver
11-18 11:25:57.433 W/ContextImpl( 3291): Calling a method in the system process without a qualified user: android.app.ContextImpl.startService:1532 android.content.ContextWrapper.startService:664 android.app.Activity.onPostResume:1391 android.app.Activity.performResume:7344 android.app.ActivityThread.performResumeActivity:3807 
11-18 11:25:57.453 I/WindowManager(  630): Waiting for drawn Window{97d8b5c u0 com.android.settings/com.android.settings.Settings$DisplaySettingsActivity}: removed=false visible=true mHasSurface=true drawState=1
11-18 11:25:57.465 I/WindowManager(  630): Waiting for drawn Window{97d8b5c u0 com.android.settings/com.android.settings.Settings$DisplaySettingsActivity}: removed=false visible=true mHasSurface=true drawState=4
11-18 11:25:57.468 I/DisplayPowerController(  630): Unblocked screen on after 99 ms
11-18 11:25:57.734 W/PowerManagerService(  630): Screen on took 367 ms
11-18 11:25:58.874 W/ContextImpl( 3291): Calling a method in the system process without a qualified user: android.app.ContextImpl.sendBroadcast:1006 android.content.ContextWrapper.sendBroadcast:444 android.content.ContextWrapper.sendBroadcast:444 android.view.View.dispatchTouchEvent:12526 android.view.ViewGroup.dispatchTransformedTouchEvent:3083 
11-18 11:25:59.008 I/WindowManager(  630): Focus moving from Window{97d8b5c u0 com.android.settings/com.android.settings.Settings$DisplaySettingsActivity} to null
11-18 11:25:59.030 W/ContextImpl( 3291): Calling a method in the system process without a qualified user: android.app.ContextImpl.startService:1532 android.content.ContextWrapper.startService:664 android.app.Activity.onPostResume:1391 android.app.Activity.performResume:7344 android.app.ActivityThread.performResumeActivity:3807 
11-18 11:25:59.036 I/WindowManager(  630): Relayout Window{e98f343 u0 com.android.settings/com.android.settings.Settings}: oldVis=8 newVis=0 focusMayChange = true
11-18 11:25:59.045 I/WindowManager(  630): Focus moving from null to Window{e98f343 u0 com.android.settings/com.android.settings.Settings}
11-18 11:25:59.086 E/BatteryExternalStatsWorker(  630): no controller energy info supplied for wifi
11-18 11:25:59.087 E/BatteryExternalStatsWorker(  630): no controller energy info supplied for bluetooth
11-18 11:25:59.089 E/KernelCpuSpeedReader(  630): Failed to read cpu-freq: /sys/devices/system/cpu/cpu0/cpufreq/stats/time_in_state (No such file or directory)
11-18 11:25:59.100 W/BatteryExternalStatsWorker(  630): modem info is invalid: ModemActivityInfo{ mTimestamp=0 mSleepTimeMs=0 mIdleTimeMs=0 mTxTimeMs[]=[0, 0, 0, 0, 0] mRxTimeMs=0 mEnergyUsed=0}
11-18 11:26:00.024 W/ContextImpl( 1218): Calling a method in the system process without a qualified user: android.app.ContextImpl.sendBroadcast:1006 android.content.ContextWrapper.sendBroadcast:444 com.tal.genie.launcher.service.TimeTickListener.sendOTASilentBroadcast:62 com.tal.genie.launcher.service.TimeTickListener.onTimeTickReceived:31 com.tal.genie.base_receiver.time.TimeTickManager.onTimeTickReceived:80 
11-18 11:26:00.033 W/ContextImpl( 1218): Calling a method in the system process without a qualified user: android.app.ContextImpl.sendBroadcast:1006 android.content.ContextWrapper.sendBroadcast:444 com.tal.genie.service_controldata.EyesProtectManager.sendEyesProtectorBroadcast:362 com.tal.genie.service_controldata.EyesProtectManager.eyesProtectDetector:135 com.tal.genie.launcher.service.TimeTickListener.onTimeTickReceived:34 
11-18 11:26:00.048 W/ContextImpl( 1218): Calling a method in the system process without a qualified user: android.app.ContextImpl.sendBroadcast:1006 android.content.ContextWrapper.sendBroadcast:444 com.tal.genie.lockscreen.receiver.LockScreenReceiver.sendBroadCastToVoice:180 com.tal.genie.lockscreen.receiver.LockScreenReceiver.onReceive:67 android.app.LoadedApk$ReceiverDispatcher$Args.lambda$getRunnable$0:1391 
11-18 11:26:01.029 W/ContextImpl( 3291): Calling a method in the system process without a qualified user: android.app.ContextImpl.sendBroadcast:1006 android.content.ContextWrapper.sendBroadcast:444 android.view.View.dispatchTouchEvent:12526 android.view.ViewGroup.dispatchTransformedTouchEvent:3083 android.view.ViewGroup.dispatchTouchEvent:2684 
11-18 11:26:01.154 I/ActivityManager(  630): START u0 {flg=0x8000 cmp=com.android.settings/.Settings$DisplaySettingsActivity (has extras)} from uid 1000
11-18 11:26:01.176 I/WindowManager(  630): Focus moving from Window{e98f343 u0 com.android.settings/com.android.settings.Settings} to null
11-18 11:26:01.243 E/UserRestrictionsUtils(  630): Unknown restriction: null
11-18 11:26:01.244 E/UserRestrictionsUtils(  630): Unknown restriction: null
11-18 11:26:01.302 W/ContextImpl( 3291): Calling a method in the system process without a qualified user: android.app.ContextImpl.startService:1532 android.content.ContextWrapper.startService:664 android.app.Activity.onPostResume:1391 android.app.Activity.performResume:7344 android.app.ActivityThread.performResumeActivity:3807 
11-18 11:26:01.313 I/WindowManager(  630): Relayout Window{46381fc u0 com.android.settings/com.android.settings.Settings$DisplaySettingsActivity}: oldVis=4 newVis=0 focusMayChange = true
11-18 11:26:01.319 I/WindowManager(  630): Focus moving from null to Window{46381fc u0 com.android.settings/com.android.settings.Settings$DisplaySettingsActivity}
11-18 11:26:01.881 E/storaged(  470): getDiskStats failed with result NOT_SUPPORTED and size 0
11-18 11:26:02.485 W/ContextImpl( 3291): Calling a method in the system process without a qualified user: android.app.ContextImpl.sendBroadcast:1006 android.content.ContextWrapper.sendBroadcast:444 android.content.ContextWrapper.sendBroadcast:444 android.view.View.dispatchTouchEvent:12526 android.view.ViewGroup.dispatchTransformedTouchEvent:3083 
11-18 11:26:04.184 W/ContextImpl( 3291): Calling a method in the system process without a qualified user: android.app.ContextImpl.sendBroadcast:1006 android.content.ContextWrapper.sendBroadcast:444 android.content.ContextWrapper.sendBroadcast:444 android.view.View.dispatchTouchEvent:12526 android.view.ViewGroup.dispatchTransformedTouchEvent:3077 
11-18 11:26:04.360 I/WindowManager(  630): Focus moving from Window{46381fc u0 com.android.settings/com.android.settings.Settings$DisplaySettingsActivity} to Window{bde7473 u0 com.android.settings/com.android.settings.Settings$DisplaySettingsActivity}
11-18 11:26:04.509 I/WindowManager(  630): Losing delayed focus: Window{46381fc u0 com.android.settings/com.android.settings.Settings$DisplaySettingsActivity}
11-18 11:26:06.549 W/ContextImpl( 3291): Calling a method in the system process without a qualified user: android.app.ContextImpl.sendBroadcast:1006 android.content.ContextWrapper.sendBroadcast:444 android.content.ContextWrapper.sendBroadcast:444 android.view.View.dispatchTouchEvent:12526 android.view.ViewGroup.dispatchTransformedTouchEvent:3083 
11-18 11:26:06.690 I/WindowManager(  630): Focus moving from Window{bde7473 u0 com.android.settings/com.android.settings.Settings$DisplaySettingsActivity EXITING} to Window{46381fc u0 com.android.settings/com.android.settings.Settings$DisplaySettingsActivity}
11-18 11:26:10.405 W/ContextImpl( 3291): Calling a method in the system process without a qualified user: android.app.ContextImpl.sendBroadcast:1006 android.content.ContextWrapper.sendBroadcast:444 android.content.ContextWrapper.sendBroadcast:444 android.view.View.dispatchTouchEvent:12526 android.view.ViewGroup.dispatchTransformedTouchEvent:3083 
11-18 11:26:10.551 I/WindowManager(  630): Focus moving from Window{46381fc u0 com.android.settings/com.android.settings.Settings$DisplaySettingsActivity} to null
11-18 11:26:10.562 W/ContextImpl( 3291): Calling a method in the system process without a qualified user: android.app.ContextImpl.startService:1532 android.content.ContextWrapper.startService:664 android.app.Activity.onPostResume:1391 android.app.Activity.performResume:7344 android.app.ActivityThread.performResumeActivity:3807 
11-18 11:26:10.570 I/WindowManager(  630): Relayout Window{e98f343 u0 com.android.settings/com.android.settings.Settings}: oldVis=8 newVis=0 focusMayChange = true
11-18 11:26:10.577 I/WindowManager(  630): Focus moving from null to Window{e98f343 u0 com.android.settings/com.android.settings.Settings}
11-18 11:26:10.645 E/BatteryExternalStatsWorker(  630): no controller energy info supplied for wifi
11-18 11:26:10.645 E/BatteryExternalStatsWorker(  630): no controller energy info supplied for bluetooth
11-18 11:26:10.649 E/KernelCpuSpeedReader(  630): Failed to read cpu-freq: /sys/devices/system/cpu/cpu0/cpufreq/stats/time_in_state (No such file or directory)
11-18 11:26:10.656 W/BatteryExternalStatsWorker(  630): modem info is invalid: ModemActivityInfo{ mTimestamp=0 mSleepTimeMs=0 mIdleTimeMs=0 mTxTimeMs[]=[0, 0, 0, 0, 0] mRxTimeMs=0 mEnergyUsed=0}
11-18 11:26:11.789 W/ContextImpl( 3291): Calling a method in the system process without a qualified user: android.app.ContextImpl.sendBroadcast:1006 android.content.ContextWrapper.sendBroadcast:444 android.view.View.dispatchTouchEvent:12526 android.view.ViewGroup.dispatchTransformedTouchEvent:3077 android.view.ViewGroup.dispatchTouchEvent:2727 
11-18 11:26:12.278 W/ContextImpl( 3291): Calling a method in the system process without a qualified user: android.app.ContextImpl.startService:1532 android.content.ContextWrapper.startService:664 android.content.ContextWrapper.startService:664 com.android.internal.policy.DecorView.dispatchTouchEvent:422 android.view.View.dispatchPointerEvent:12808 
11-18 11:26:12.368 I/chatty  ( 3291): uid=1000(system) identical 4 lines
11-18 11:26:12.386 W/ContextImpl( 3291): Calling a method in the system process without a qualified user: android.app.ContextImpl.startService:1532 android.content.ContextWrapper.startService:664 android.content.ContextWrapper.startService:664 com.android.internal.policy.DecorView.dispatchTouchEvent:422 android.view.View.dispatchPointerEvent:12808 
11-18 11:26:12.397 I/WindowManager(  630): Focus moving from Window{e98f343 u0 com.android.settings/com.android.settings.Settings} to Window{88ba823 u0 com.android.systemui}
11-18 11:26:12.399 W/ContextImpl( 3291): Calling a method in the system process without a qualified user: android.app.ContextImpl.startService:1532 android.content.ContextWrapper.startService:664 android.content.ContextWrapper.startService:664 com.android.internal.policy.DecorView.dispatchTouchEvent:422 android.view.View.dispatchPointerEvent:12808 
11-18 11:26:12.401 W/ContextImpl( 3291): Calling a method in the system process without a qualified user: android.app.ContextImpl.startService:1532 android.content.ContextWrapper.startService:664 android.content.ContextWrapper.startService:664 com.android.internal.policy.DecorView.dispatchTouchEvent:422 android.view.View.dispatchPointerEvent:12808 
11-18 11:26:12.412 I/WindowManager(  630): Focus moving from Window{88ba823 u0 com.android.systemui} to Window{a52bc9e u0 com.android.systemui}
11-18 11:26:12.534 I/WindowManager(  630): Losing delayed focus: Window{e98f343 u0 com.android.settings/com.android.settings.Settings}
11-18 11:26:12.534 I/WindowManager(  630): Losing delayed focus: Window{88ba823 u0 com.android.systemui}
11-18 11:26:15.064 I/ActivityManager(  630): START u0 {flg=0x30000000 cmp=com.example.myapplication2/.MainActivity} from uid 10020
11-18 11:26:15.125 I/WindowManager(  630): Relayout Window{b11e87b u0 com.example.myapplication2/com.example.myapplication2.MainActivity}: oldVis=8 newVis=0 focusMayChange = true
11-18 11:26:15.134 I/WindowManager(  630): Focus moving from Window{a52bc9e u0 com.android.systemui} to Window{b11e87b u0 com.example.myapplication2/com.example.myapplication2.MainActivity}
11-18 11:26:15.267 I/WindowManager(  630): Losing delayed focus: Window{a52bc9e u0 com.android.systemui}
11-18 11:26:16.342 I/ActivityManager(  630): START u0 {flg=0x4000000 cmp=com.tal.genie.launcher/.ui.main.MainActivity} from uid 10024
11-18 11:26:16.423 I/ActivityManager(  630): Process com.example.myapplication2 (pid 3237) has died: fore TOP 
11-18 11:26:16.423 W/ActivityManager(  630): Force removing ActivityRecord{ce816ab u0 com.example.myapplication2/.MainActivity t29}: app died, no saved state
11-18 11:26:16.424 I/WindowManager(  630): WIN DEATH: Window{b11e87b u0 com.example.myapplication2/com.example.myapplication2.MainActivity}
11-18 11:26:16.428 I/WindowManager(  630): WIN DEATH: Window{39e07b u0 Toast}
11-18 11:26:16.431 I/WindowManager(  630): Focus moving from Window{b11e87b u0 com.example.myapplication2/com.example.myapplication2.MainActivity} to null
11-18 11:26:16.464 W/ContextImpl( 1218): Calling a method in the system process without a qualified user: android.app.ContextImpl.startService:1532 android.content.ContextWrapper.startService:664 android.content.ContextWrapper.startService:664 android.app.Activity.onPostResume:1391 androidx.fragment.app.FragmentActivity.onPostResume:446 
11-18 11:26:16.476 I/WindowManager(  630): Relayout Window{345991d u0 com.tal.genie.launcher/com.tal.genie.launcher.ui.main.MainActivity}: oldVis=4 newVis=0 focusMayChange = true
11-18 11:26:16.481 I/WindowManager(  630): Focus moving from null to Window{345991d u0 com.tal.genie.launcher/com.tal.genie.launcher.ui.main.MainActivity}
11-18 11:26:16.962 W/ActivityManager(  630): setHasOverlayUi called on unknown pid: 3237
11-18 11:26:17.974 W/ContextImpl( 1218): Calling a method in the system process without a qualified user: android.app.ContextImpl.sendBroadcast:1006 android.content.ContextWrapper.sendBroadcast:444 android.content.ContextWrapper.sendBroadcast:444 android.view.View.dispatchTouchEvent:12526 android.view.ViewGroup.dispatchTransformedTouchEvent:3083 
11-18 11:26:18.837 W/NotificationService(  630): Object died trying to hide notification android.app.ITransientNotification$Stub$Proxy@44b831a in package com.example.myapplication2
11-18 11:26:18.877 W/WindowManager(  630): Unable to start animation, surface is null or no children.
11-18 11:26:29.842 W/WindowManager(  630): removeWindowToken: Attempted to remove non-existing token: android.os.Binder@64393ac
11-18 11:27:00.022 W/ContextImpl( 1218): Calling a method in the system process without a qualified user: android.app.ContextImpl.sendBroadcast:1006 android.content.ContextWrapper.sendBroadcast:444 com.tal.genie.launcher.service.TimeTickListener.sendOTASilentBroadcast:62 com.tal.genie.launcher.service.TimeTickListener.onTimeTickReceived:31 com.tal.genie.base_receiver.time.TimeTickManager.onTimeTickReceived:80 
11-18 11:27:00.038 W/ContextImpl( 1218): Calling a method in the system process without a qualified user: android.app.ContextImpl.sendBroadcast:1006 android.content.ContextWrapper.sendBroadcast:444 com.tal.genie.service_controldata.EyesProtectManager.sendEyesProtectorBroadcast:362 com.tal.genie.service_controldata.EyesProtectManager.eyesProtectDetector:135 com.tal.genie.launcher.service.TimeTickListener.onTimeTickReceived:34 
11-18 11:27:00.056 W/ContextImpl( 1218): Calling a method in the system process without a qualified user: android.app.ContextImpl.sendBroadcast:1006 android.content.ContextWrapper.sendBroadcast:444 com.tal.genie.lockscreen.receiver.LockScreenReceiver.sendBroadCastToVoice:180 com.tal.genie.lockscreen.receiver.LockScreenReceiver.onReceive:67 android.app.LoadedApk$ReceiverDispatcher$Args.lambda$getRunnable$0:1391 
11-18 11:27:01.882 E/storaged(  470): getDiskStats failed with result NOT_SUPPORTED and size 0
11-18 11:28:00.022 W/ContextImpl( 1218): Calling a method in the system process without a qualified user: android.app.ContextImpl.sendBroadcast:1006 android.content.ContextWrapper.sendBroadcast:444 com.tal.genie.launcher.service.TimeTickListener.sendOTASilentBroadcast:62 com.tal.genie.launcher.service.TimeTickListener.onTimeTickReceived:31 com.tal.genie.base_receiver.time.TimeTickManager.onTimeTickReceived:80 
11-18 11:28:00.036 W/ContextImpl( 1218): Calling a method in the system process without a qualified user: android.app.ContextImpl.sendBroadcast:1006 android.content.ContextWrapper.sendBroadcast:444 com.tal.genie.service_controldata.EyesProtectManager.sendEyesProtectorBroadcast:362 com.tal.genie.service_controldata.EyesProtectManager.eyesProtectDetector:135 com.tal.genie.launcher.service.TimeTickListener.onTimeTickReceived:34 
11-18 11:28:00.054 W/ContextImpl( 1218): Calling a method in the system process without a qualified user: android.app.ContextImpl.sendBroadcast:1006 android.content.ContextWrapper.sendBroadcast:444 com.tal.genie.lockscreen.receiver.LockScreenReceiver.sendBroadCastToVoice:180 com.tal.genie.lockscreen.receiver.LockScreenReceiver.onReceive:67 android.app.LoadedApk$ReceiverDispatcher$Args.lambda$getRunnable$0:1391 
11-18 11:28:01.883 E/storaged(  470): getDiskStats failed with result NOT_SUPPORTED and size 0
11-18 11:29:00.022 W/ContextImpl( 1218): Calling a method in the system process without a qualified user: android.app.ContextImpl.sendBroadcast:1006 android.content.ContextWrapper.sendBroadcast:444 com.tal.genie.launcher.service.TimeTickListener.sendOTASilentBroadcast:62 com.tal.genie.launcher.service.TimeTickListener.onTimeTickReceived:31 com.tal.genie.base_receiver.time.TimeTickManager.onTimeTickReceived:80 
11-18 11:29:00.034 W/ContextImpl( 1218): Calling a method in the system process without a qualified user: android.app.ContextImpl.sendBroadcast:1006 android.content.ContextWrapper.sendBroadcast:444 com.tal.genie.service_controldata.EyesProtectManager.sendEyesProtectorBroadcast:362 com.tal.genie.service_controldata.EyesProtectManager.eyesProtectDetector:135 com.tal.genie.launcher.service.TimeTickListener.onTimeTickReceived:34 
