10-16 12:28:00.079 W/ContextImpl( 1144): Calling a method in the system process without a qualified user: android.app.ContextImpl.sendBroadcast:1006 android.content.ContextWrapper.sendBroadcast:444 com.tal.genie.service_controldata.EyesProtectorManager.sendEyesProtectorBroadcast:186 com.tal.genie.service_controldata.EyesProtectorManager.eyesProtectDetector:63 com.tal.genie.launcher.service.TimeTickListener.onTimeTickReceived:34 
10-16 12:28:42.836 E/storaged(  466): getDiskStats failed with result NOT_SUPPORTED and size 0
10-16 12:29:00.052 W/ContextImpl( 1144): Calling a method in the system process without a qualified user: android.app.ContextImpl.sendBroadcast:1006 android.content.ContextWrapper.sendBroadcast:444 com.tal.genie.launcher.service.TimeTickListener.sendOTASilentBroadcast:52 com.tal.genie.launcher.service.TimeTickListener.onTimeTickReceived:31 com.tal.genie.base_receiver.time.TimeTickManager.onTimeTickReceived:80 
10-16 12:29:00.083 W/ContextImpl( 1144): Calling a method in the system process without a qualified user: android.app.ContextImpl.sendBroadcast:1006 android.content.ContextWrapper.sendBroadcast:444 com.tal.genie.service_controldata.EyesProtectorManager.sendEyesProtectorBroadcast:186 com.tal.genie.service_controldata.EyesProtectorManager.eyesProtectDetector:63 com.tal.genie.launcher.service.TimeTickListener.onTimeTickReceived:34 
10-16 12:29:42.840 E/storaged(  466): getDiskStats failed with result NOT_SUPPORTED and size 0
10-16 12:30:00.021 W/ContextImpl( 1144): Calling a method in the system process without a qualified user: android.app.ContextImpl.sendBroadcast:1006 android.content.ContextWrapper.sendBroadcast:444 com.tal.genie.launcher.service.TimeTickListener.sendOTASilentBroadcast:52 com.tal.genie.launcher.service.TimeTickListener.onTimeTickReceived:31 com.tal.genie.base_receiver.time.TimeTickManager.onTimeTickReceived:80 
10-16 12:30:00.034 W/ContextImpl( 1144): Calling a method in the system process without a qualified user: android.app.ContextImpl.sendBroadcast:1006 android.content.ContextWrapper.sendBroadcast:444 com.tal.genie.service_controldata.EyesProtectorManager.sendEyesProtectorBroadcast:186 com.tal.genie.service_controldata.EyesProtectorManager.eyesProtectDetector:63 com.tal.genie.launcher.service.TimeTickListener.onTimeTickReceived:34 
10-16 12:30:42.843 E/storaged(  466): getDiskStats failed with result NOT_SUPPORTED and size 0
10-16 12:31:00.050 W/ContextImpl( 1144): Calling a method in the system process without a qualified user: android.app.ContextImpl.sendBroadcast:1006 android.content.ContextWrapper.sendBroadcast:444 com.tal.genie.launcher.service.TimeTickListener.sendOTASilentBroadcast:52 com.tal.genie.launcher.service.TimeTickListener.onTimeTickReceived:31 com.tal.genie.base_receiver.time.TimeTickManager.onTimeTickReceived:80 
10-16 12:31:00.097 W/ContextImpl( 1144): Calling a method in the system process without a qualified user: android.app.ContextImpl.sendBroadcast:1006 android.content.ContextWrapper.sendBroadcast:444 com.tal.genie.service_controldata.EyesProtectorManager.sendEyesProtectorBroadcast:186 com.tal.genie.service_controldata.EyesProtectorManager.eyesProtectDetector:63 com.tal.genie.launcher.service.TimeTickListener.onTimeTickReceived:34 
10-16 12:31:42.848 E/storaged(  466): getDiskStats failed with result NOT_SUPPORTED and size 0
10-16 12:32:00.041 W/ContextImpl( 1144): Calling a method in the system process without a qualified user: android.app.ContextImpl.sendBroadcast:1006 android.content.ContextWrapper.sendBroadcast:444 com.tal.genie.launcher.service.TimeTickListener.sendOTASilentBroadcast:52 com.tal.genie.launcher.service.TimeTickListener.onTimeTickReceived:31 com.tal.genie.base_receiver.time.TimeTickManager.onTimeTickReceived:80 
10-16 12:32:00.083 W/ContextImpl( 1144): Calling a method in the system process without a qualified user: android.app.ContextImpl.sendBroadcast:1006 android.content.ContextWrapper.sendBroadcast:444 com.tal.genie.service_controldata.EyesProtectorManager.sendEyesProtectorBroadcast:186 com.tal.genie.service_controldata.EyesProtectorManager.eyesProtectDetector:63 com.tal.genie.launcher.service.TimeTickListener.onTimeTickReceived:34 
10-16 12:32:42.849 E/storaged(  466): getDiskStats failed with result NOT_SUPPORTED and size 0
10-16 12:33:00.064 W/ContextImpl( 1144): Calling a method in the system process without a qualified user: android.app.ContextImpl.sendBroadcast:1006 android.content.ContextWrapper.sendBroadcast:444 com.tal.genie.launcher.service.TimeTickListener.sendOTASilentBroadcast:52 com.tal.genie.launcher.service.TimeTickListener.onTimeTickReceived:31 com.tal.genie.base_receiver.time.TimeTickManager.onTimeTickReceived:80 
10-16 12:33:00.086 W/ContextImpl( 1144): Calling a method in the system process without a qualified user: android.app.ContextImpl.sendBroadcast:1006 android.content.ContextWrapper.sendBroadcast:444 com.tal.genie.service_controldata.EyesProtectorManager.sendEyesProtectorBroadcast:186 com.tal.genie.service_controldata.EyesProtectorManager.eyesProtectDetector:63 com.tal.genie.launcher.service.TimeTickListener.onTimeTickReceived:34 
10-16 12:33:42.851 E/storaged(  466): getDiskStats failed with result NOT_SUPPORTED and size 0
10-16 12:34:00.044 W/ContextImpl( 1144): Calling a method in the system process without a qualified user: android.app.ContextImpl.sendBroadcast:1006 android.content.ContextWrapper.sendBroadcast:444 com.tal.genie.launcher.service.TimeTickListener.sendOTASilentBroadcast:52 com.tal.genie.launcher.service.TimeTickListener.onTimeTickReceived:31 com.tal.genie.base_receiver.time.TimeTickManager.onTimeTickReceived:80 
10-16 12:34:00.080 W/ContextImpl( 1144): Calling a method in the system process without a qualified user: android.app.ContextImpl.sendBroadcast:1006 android.content.ContextWrapper.sendBroadcast:444 com.tal.genie.service_controldata.EyesProtectorManager.sendEyesProtectorBroadcast:186 com.tal.genie.service_controldata.EyesProtectorManager.eyesProtectDetector:63 com.tal.genie.launcher.service.TimeTickListener.onTimeTickReceived:34 
10-16 12:34:42.854 E/storaged(  466): getDiskStats failed with result NOT_SUPPORTED and size 0
10-16 12:35:00.052 W/ContextImpl( 1144): Calling a method in the system process without a qualified user: android.app.ContextImpl.sendBroadcast:1006 android.content.ContextWrapper.sendBroadcast:444 com.tal.genie.launcher.service.TimeTickListener.sendOTASilentBroadcast:52 com.tal.genie.launcher.service.TimeTickListener.onTimeTickReceived:31 com.tal.genie.base_receiver.time.TimeTickManager.onTimeTickReceived:80 
10-16 12:35:00.074 W/ContextImpl( 1144): Calling a method in the system process without a qualified user: android.app.ContextImpl.sendBroadcast:1006 android.content.ContextWrapper.sendBroadcast:444 com.tal.genie.service_controldata.EyesProtectorManager.sendEyesProtectorBroadcast:186 com.tal.genie.service_controldata.EyesProtectorManager.eyesProtectDetector:63 com.tal.genie.launcher.service.TimeTickListener.onTimeTickReceived:34 
10-16 12:35:42.858 E/storaged(  466): getDiskStats failed with result NOT_SUPPORTED and size 0
10-16 12:36:00.090 W/ContextImpl( 1144): Calling a method in the system process without a qualified user: android.app.ContextImpl.sendBroadcast:1006 android.content.ContextWrapper.sendBroadcast:444 com.tal.genie.launcher.service.TimeTickListener.sendOTASilentBroadcast:52 com.tal.genie.launcher.service.TimeTickListener.onTimeTickReceived:31 com.tal.genie.base_receiver.time.TimeTickManager.onTimeTickReceived:80 
10-16 12:36:00.111 W/ContextImpl( 1144): Calling a method in the system process without a qualified user: android.app.ContextImpl.sendBroadcast:1006 android.content.ContextWrapper.sendBroadcast:444 com.tal.genie.service_controldata.EyesProtectorManager.sendEyesProtectorBroadcast:186 com.tal.genie.service_controldata.EyesProtectorManager.eyesProtectDetector:63 com.tal.genie.launcher.service.TimeTickListener.onTimeTickReceived:34 
10-16 12:36:42.859 E/storaged(  466): getDiskStats failed with result NOT_SUPPORTED and size 0
10-16 12:37:00.054 W/ContextImpl( 1144): Calling a method in the system process without a qualified user: android.app.ContextImpl.sendBroadcast:1006 android.content.ContextWrapper.sendBroadcast:444 com.tal.genie.launcher.service.TimeTickListener.sendOTASilentBroadcast:52 com.tal.genie.launcher.service.TimeTickListener.onTimeTickReceived:31 com.tal.genie.base_receiver.time.TimeTickManager.onTimeTickReceived:80 
10-16 12:37:00.106 W/ContextImpl( 1144): Calling a method in the system process without a qualified user: android.app.ContextImpl.sendBroadcast:1006 android.content.ContextWrapper.sendBroadcast:444 com.tal.genie.service_controldata.EyesProtectorManager.sendEyesProtectorBroadcast:186 com.tal.genie.service_controldata.EyesProtectorManager.eyesProtectDetector:63 com.tal.genie.launcher.service.TimeTickListener.onTimeTickReceived:34 
10-16 12:37:42.860 E/storaged(  466): getDiskStats failed with result NOT_SUPPORTED and size 0
10-16 12:37:47.369 W/BroadcastQueue(  628): Background execution not allowed: receiving Intent { act=com.android.providers.media.ACTIVATE_MEDIAPROCESS flg=0x10 } to com.android.providers.media/.MtpReceiver
10-16 12:38:00.037 W/ContextImpl( 1144): Calling a method in the system process without a qualified user: android.app.ContextImpl.sendBroadcast:1006 android.content.ContextWrapper.sendBroadcast:444 com.tal.genie.launcher.service.TimeTickListener.sendOTASilentBroadcast:52 com.tal.genie.launcher.service.TimeTickListener.onTimeTickReceived:31 com.tal.genie.base_receiver.time.TimeTickManager.onTimeTickReceived:80 
10-16 12:38:00.106 W/ContextImpl( 1144): Calling a method in the system process without a qualified user: android.app.ContextImpl.sendBroadcast:1006 android.content.ContextWrapper.sendBroadcast:444 com.tal.genie.service_controldata.EyesProtectorManager.sendEyesProtectorBroadcast:186 com.tal.genie.service_controldata.EyesProtectorManager.eyesProtectDetector:63 com.tal.genie.launcher.service.TimeTickListener.onTimeTickReceived:34 
10-16 12:38:42.861 E/storaged(  466): getDiskStats failed with result NOT_SUPPORTED and size 0
10-16 12:39:00.046 W/ContextImpl( 1144): Calling a method in the system process without a qualified user: android.app.ContextImpl.sendBroadcast:1006 android.content.ContextWrapper.sendBroadcast:444 com.tal.genie.launcher.service.TimeTickListener.sendOTASilentBroadcast:52 com.tal.genie.launcher.service.TimeTickListener.onTimeTickReceived:31 com.tal.genie.base_receiver.time.TimeTickManager.onTimeTickReceived:80 
10-16 12:39:00.076 W/ContextImpl( 1144): Calling a method in the system process without a qualified user: android.app.ContextImpl.sendBroadcast:1006 android.content.ContextWrapper.sendBroadcast:444 com.tal.genie.service_controldata.EyesProtectorManager.sendEyesProtectorBroadcast:186 com.tal.genie.service_controldata.EyesProtectorManager.eyesProtectDetector:63 com.tal.genie.launcher.service.TimeTickListener.onTimeTickReceived:34 
10-16 12:39:42.862 E/storaged(  466): getDiskStats failed with result NOT_SUPPORTED and size 0
10-16 12:40:00.038 W/ContextImpl( 1144): Calling a method in the system process without a qualified user: android.app.ContextImpl.sendBroadcast:1006 android.content.ContextWrapper.sendBroadcast:444 com.tal.genie.launcher.service.TimeTickListener.sendOTASilentBroadcast:52 com.tal.genie.launcher.service.TimeTickListener.onTimeTickReceived:31 com.tal.genie.base_receiver.time.TimeTickManager.onTimeTickReceived:80 
10-16 12:40:00.072 W/ContextImpl( 1144): Calling a method in the system process without a qualified user: android.app.ContextImpl.sendBroadcast:1006 android.content.ContextWrapper.sendBroadcast:444 com.tal.genie.service_controldata.EyesProtectorManager.sendEyesProtectorBroadcast:186 com.tal.genie.service_controldata.EyesProtectorManager.eyesProtectDetector:63 com.tal.genie.launcher.service.TimeTickListener.onTimeTickReceived:34 
10-16 12:40:42.864 E/storaged(  466): getDiskStats failed with result NOT_SUPPORTED and size 0
10-16 12:41:00.046 W/ContextImpl( 1144): Calling a method in the system process without a qualified user: android.app.ContextImpl.sendBroadcast:1006 android.content.ContextWrapper.sendBroadcast:444 com.tal.genie.launcher.service.TimeTickListener.sendOTASilentBroadcast:52 com.tal.genie.launcher.service.TimeTickListener.onTimeTickReceived:31 com.tal.genie.base_receiver.time.TimeTickManager.onTimeTickReceived:80 
10-16 12:41:00.076 W/ContextImpl( 1144): Calling a method in the system process without a qualified user: android.app.ContextImpl.sendBroadcast:1006 android.content.ContextWrapper.sendBroadcast:444 com.tal.genie.service_controldata.EyesProtectorManager.sendEyesProtectorBroadcast:186 com.tal.genie.service_controldata.EyesProtectorManager.eyesProtectDetector:63 com.tal.genie.launcher.service.TimeTickListener.onTimeTickReceived:34 
10-16 12:41:33.668 I/MTKWifiDisplayController(  628): Received NETWORK_STATE_CHANGED,con:true,SSID:"HUAWEI Mate 30 5G",Freq:2412,netId:0, updated:false
10-16 12:41:42.869 E/storaged(  466): getDiskStats failed with result NOT_SUPPORTED and size 0
10-16 12:42:00.071 W/ContextImpl( 1144): Calling a method in the system process without a qualified user: android.app.ContextImpl.sendBroadcast:1006 android.content.ContextWrapper.sendBroadcast:444 com.tal.genie.launcher.service.TimeTickListener.sendOTASilentBroadcast:52 com.tal.genie.launcher.service.TimeTickListener.onTimeTickReceived:31 com.tal.genie.base_receiver.time.TimeTickManager.onTimeTickReceived:80 
10-16 12:42:00.099 W/ContextImpl( 1144): Calling a method in the system process without a qualified user: android.app.ContextImpl.sendBroadcast:1006 android.content.ContextWrapper.sendBroadcast:444 com.tal.genie.service_controldata.EyesProtectorManager.sendEyesProtectorBroadcast:186 com.tal.genie.service_controldata.EyesProtectorManager.eyesProtectDetector:63 com.tal.genie.launcher.service.TimeTickListener.onTimeTickReceived:34 
10-16 12:42:42.871 E/storaged(  466): getDiskStats failed with result NOT_SUPPORTED and size 0
10-16 12:43:00.047 W/ContextImpl( 1144): Calling a method in the system process without a qualified user: android.app.ContextImpl.sendBroadcast:1006 android.content.ContextWrapper.sendBroadcast:444 com.tal.genie.launcher.service.TimeTickListener.sendOTASilentBroadcast:52 com.tal.genie.launcher.service.TimeTickListener.onTimeTickReceived:31 com.tal.genie.base_receiver.time.TimeTickManager.onTimeTickReceived:80 
10-16 12:43:00.078 W/ContextImpl( 1144): Calling a method in the system process without a qualified user: android.app.ContextImpl.sendBroadcast:1006 android.content.ContextWrapper.sendBroadcast:444 com.tal.genie.service_controldata.EyesProtectorManager.sendEyesProtectorBroadcast:186 com.tal.genie.service_controldata.EyesProtectorManager.eyesProtectDetector:63 com.tal.genie.launcher.service.TimeTickListener.onTimeTickReceived:34 
10-16 12:43:42.872 E/storaged(  466): getDiskStats failed with result NOT_SUPPORTED and size 0
10-16 12:44:00.042 W/ContextImpl( 1144): Calling a method in the system process without a qualified user: android.app.ContextImpl.sendBroadcast:1006 android.content.ContextWrapper.sendBroadcast:444 com.tal.genie.launcher.service.TimeTickListener.sendOTASilentBroadcast:52 com.tal.genie.launcher.service.TimeTickListener.onTimeTickReceived:31 com.tal.genie.base_receiver.time.TimeTickManager.onTimeTickReceived:80 
10-16 12:44:00.091 W/ContextImpl( 1144): Calling a method in the system process without a qualified user: android.app.ContextImpl.sendBroadcast:1006 android.content.ContextWrapper.sendBroadcast:444 com.tal.genie.service_controldata.EyesProtectorManager.sendEyesProtectorBroadcast:186 com.tal.genie.service_controldata.EyesProtectorManager.eyesProtectDetector:63 com.tal.genie.launcher.service.TimeTickListener.onTimeTickReceived:34 
10-16 12:44:42.873 E/storaged(  466): getDiskStats failed with result NOT_SUPPORTED and size 0
10-16 12:45:00.039 W/ContextImpl( 1144): Calling a method in the system process without a qualified user: android.app.ContextImpl.sendBroadcast:1006 android.content.ContextWrapper.sendBroadcast:444 com.tal.genie.launcher.service.TimeTickListener.sendOTASilentBroadcast:52 com.tal.genie.launcher.service.TimeTickListener.onTimeTickReceived:31 com.tal.genie.base_receiver.time.TimeTickManager.onTimeTickReceived:80 
10-16 12:45:00.068 W/ContextImpl( 1144): Calling a method in the system process without a qualified user: android.app.ContextImpl.sendBroadcast:1006 android.content.ContextWrapper.sendBroadcast:444 com.tal.genie.service_controldata.EyesProtectorManager.sendEyesProtectorBroadcast:186 com.tal.genie.service_controldata.EyesProtectorManager.eyesProtectDetector:63 com.tal.genie.launcher.service.TimeTickListener.onTimeTickReceived:34 
10-16 12:45:42.874 E/storaged(  466): getDiskStats failed with result NOT_SUPPORTED and size 0
10-16 12:46:00.050 W/ContextImpl( 1144): Calling a method in the system process without a qualified user: android.app.ContextImpl.sendBroadcast:1006 android.content.ContextWrapper.sendBroadcast:444 com.tal.genie.launcher.service.TimeTickListener.sendOTASilentBroadcast:52 com.tal.genie.launcher.service.TimeTickListener.onTimeTickReceived:31 com.tal.genie.base_receiver.time.TimeTickManager.onTimeTickReceived:80 
10-16 12:46:00.103 W/ContextImpl( 1144): Calling a method in the system process without a qualified user: android.app.ContextImpl.sendBroadcast:1006 android.content.ContextWrapper.sendBroadcast:444 com.tal.genie.service_controldata.EyesProtectorManager.sendEyesProtectorBroadcast:186 com.tal.genie.service_controldata.EyesProtectorManager.eyesProtectDetector:63 com.tal.genie.launcher.service.TimeTickListener.onTimeTickReceived:34 
10-16 12:46:42.878 E/storaged(  466): getDiskStats failed with result NOT_SUPPORTED and size 0
10-16 12:47:00.041 W/ContextImpl( 1144): Calling a method in the system process without a qualified user: android.app.ContextImpl.sendBroadcast:1006 android.content.ContextWrapper.sendBroadcast:444 com.tal.genie.launcher.service.TimeTickListener.sendOTASilentBroadcast:52 com.tal.genie.launcher.service.TimeTickListener.onTimeTickReceived:31 com.tal.genie.base_receiver.time.TimeTickManager.onTimeTickReceived:80 
10-16 12:47:00.094 W/ContextImpl( 1144): Calling a method in the system process without a qualified user: android.app.ContextImpl.sendBroadcast:1006 android.content.ContextWrapper.sendBroadcast:444 com.tal.genie.service_controldata.EyesProtectorManager.sendEyesProtectorBroadcast:186 com.tal.genie.service_controldata.EyesProtectorManager.eyesProtectDetector:63 com.tal.genie.launcher.service.TimeTickListener.onTimeTickReceived:34 
10-16 12:47:42.879 E/storaged(  466): getDiskStats failed with result NOT_SUPPORTED and size 0
10-16 12:48:00.042 W/ContextImpl( 1144): Calling a method in the system process without a qualified user: android.app.ContextImpl.sendBroadcast:1006 android.content.ContextWrapper.sendBroadcast:444 com.tal.genie.launcher.service.TimeTickListener.sendOTASilentBroadcast:52 com.tal.genie.launcher.service.TimeTickListener.onTimeTickReceived:31 com.tal.genie.base_receiver.time.TimeTickManager.onTimeTickReceived:80 
10-16 12:48:00.099 W/ContextImpl( 1144): Calling a method in the system process without a qualified user: android.app.ContextImpl.sendBroadcast:1006 android.content.ContextWrapper.sendBroadcast:444 com.tal.genie.service_controldata.EyesProtectorManager.sendEyesProtectorBroadcast:186 com.tal.genie.service_controldata.EyesProtectorManager.eyesProtectDetector:63 com.tal.genie.launcher.service.TimeTickListener.onTimeTickReceived:34 
10-16 12:48:42.893 E/storaged(  466): getDiskStats failed with result NOT_SUPPORTED and size 0
10-16 12:49:00.037 W/ContextImpl( 1144): Calling a method in the system process without a qualified user: android.app.ContextImpl.sendBroadcast:1006 android.content.ContextWrapper.sendBroadcast:444 com.tal.genie.launcher.service.TimeTickListener.sendOTASilentBroadcast:52 com.tal.genie.launcher.service.TimeTickListener.onTimeTickReceived:31 com.tal.genie.base_receiver.time.TimeTickManager.onTimeTickReceived:80 
10-16 12:49:00.083 W/ContextImpl( 1144): Calling a method in the system process without a qualified user: android.app.ContextImpl.sendBroadcast:1006 android.content.ContextWrapper.sendBroadcast:444 com.tal.genie.service_controldata.EyesProtectorManager.sendEyesProtectorBroadcast:186 com.tal.genie.service_controldata.EyesProtectorManager.eyesProtectDetector:63 com.tal.genie.launcher.service.TimeTickListener.onTimeTickReceived:34 
10-16 12:49:42.900 E/storaged(  466): getDiskStats failed with result NOT_SUPPORTED and size 0
10-16 12:50:00.070 W/ContextImpl( 1144): Calling a method in the system process without a qualified user: android.app.ContextImpl.sendBroadcast:1006 android.content.ContextWrapper.sendBroadcast:444 com.tal.genie.launcher.service.TimeTickListener.sendOTASilentBroadcast:52 com.tal.genie.launcher.service.TimeTickListener.onTimeTickReceived:31 com.tal.genie.base_receiver.time.TimeTickManager.onTimeTickReceived:80 
10-16 12:50:00.103 W/ContextImpl( 1144): Calling a method in the system process without a qualified user: android.app.ContextImpl.sendBroadcast:1006 android.content.ContextWrapper.sendBroadcast:444 com.tal.genie.service_controldata.EyesProtectorManager.sendEyesProtectorBroadcast:186 com.tal.genie.service_controldata.EyesProtectorManager.eyesProtectDetector:63 com.tal.genie.launcher.service.TimeTickListener.onTimeTickReceived:34 
10-16 12:50:42.902 E/storaged(  466): getDiskStats failed with result NOT_SUPPORTED and size 0
10-16 12:51:00.071 W/ContextImpl( 1144): Calling a method in the system process without a qualified user: android.app.ContextImpl.sendBroadcast:1006 android.content.ContextWrapper.sendBroadcast:444 com.tal.genie.launcher.service.TimeTickListener.sendOTASilentBroadcast:52 com.tal.genie.launcher.service.TimeTickListener.onTimeTickReceived:31 com.tal.genie.base_receiver.time.TimeTickManager.onTimeTickReceived:80 
10-16 12:51:00.099 W/ContextImpl( 1144): Calling a method in the system process without a qualified user: android.app.ContextImpl.sendBroadcast:1006 android.content.ContextWrapper.sendBroadcast:444 com.tal.genie.service_controldata.EyesProtectorManager.sendEyesProtectorBroadcast:186 com.tal.genie.service_controldata.EyesProtectorManager.eyesProtectDetector:63 com.tal.genie.launcher.service.TimeTickListener.onTimeTickReceived:34 
10-16 12:51:42.903 E/storaged(  466): getDiskStats failed with result NOT_SUPPORTED and size 0
10-16 12:52:00.047 W/ContextImpl( 1144): Calling a method in the system process without a qualified user: android.app.ContextImpl.sendBroadcast:1006 android.content.ContextWrapper.sendBroadcast:444 com.tal.genie.launcher.service.TimeTickListener.sendOTASilentBroadcast:52 com.tal.genie.launcher.service.TimeTickListener.onTimeTickReceived:31 com.tal.genie.base_receiver.time.TimeTickManager.onTimeTickReceived:80 
10-16 12:52:00.097 W/ContextImpl( 1144): Calling a method in the system process without a qualified user: android.app.ContextImpl.sendBroadcast:1006 android.content.ContextWrapper.sendBroadcast:444 com.tal.genie.service_controldata.EyesProtectorManager.sendEyesProtectorBroadcast:186 com.tal.genie.service_controldata.EyesProtectorManager.eyesProtectDetector:63 com.tal.genie.launcher.service.TimeTickListener.onTimeTickReceived:34 
10-16 12:52:42.905 E/storaged(  466): getDiskStats failed with result NOT_SUPPORTED and size 0
10-16 12:53:00.066 W/ContextImpl( 1144): Calling a method in the system process without a qualified user: android.app.ContextImpl.sendBroadcast:1006 android.content.ContextWrapper.sendBroadcast:444 com.tal.genie.launcher.service.TimeTickListener.sendOTASilentBroadcast:52 com.tal.genie.launcher.service.TimeTickListener.onTimeTickReceived:31 com.tal.genie.base_receiver.time.TimeTickManager.onTimeTickReceived:80 
10-16 12:53:00.083 W/ContextImpl( 1144): Calling a method in the system process without a qualified user: android.app.ContextImpl.sendBroadcast:1006 android.content.ContextWrapper.sendBroadcast:444 com.tal.genie.service_controldata.EyesProtectorManager.sendEyesProtectorBroadcast:186 com.tal.genie.service_controldata.EyesProtectorManager.eyesProtectDetector:63 com.tal.genie.launcher.service.TimeTickListener.onTimeTickReceived:34 
10-16 12:53:02.988 I/NetworkStatsRecorder(  628): recordSnapshotLocked: ident[[{type=WIFI, subType=COMBINED, networkId="HUAWEI Mate 30 5G", metered=true, defaultNetwork=true}]]
10-16 12:53:02.988 W/NetworkStatsRecorder(  628): unknown interfaces [lo], ignoring those stats
10-16 12:53:02.988 I/NetworkStatsRecorder(  628): recordSnapshotLocked: ident[[{type=WIFI, subType=COMBINED, networkId="HUAWEI Mate 30 5G", metered=true, defaultNetwork=true}]]
10-16 12:53:02.988 W/NetworkStatsRecorder(  628): unknown interfaces [lo], ignoring those stats
10-16 12:53:02.989 I/NetworkStatsRecorder(  628): recordSnapshotLocked: ident[[{type=WIFI, subType=COMBINED, networkId="HUAWEI Mate 30 5G", metered=true, defaultNetwork=true}]]
10-16 12:53:02.989 I/chatty  (  628): uid=1000(system) NetworkStats identical 2 lines
10-16 12:53:02.989 I/NetworkStatsRecorder(  628): recordSnapshotLocked: ident[[{type=WIFI, subType=COMBINED, networkId="HUAWEI Mate 30 5G", metered=true, defaultNetwork=true}]]
10-16 12:53:02.989 W/NetworkStatsRecorder(  628): unknown interfaces [lo], ignoring those stats
10-16 12:53:02.989 I/NetworkStatsRecorder(  628): recordSnapshotLocked: ident[[{type=WIFI, subType=COMBINED, networkId="HUAWEI Mate 30 5G", metered=true, defaultNetwork=true}]]
10-16 12:53:02.989 W/NetworkStatsRecorder(  628): unknown interfaces [lo], ignoring those stats
10-16 12:53:42.907 E/storaged(  466): getDiskStats failed with result NOT_SUPPORTED and size 0
10-16 12:54:00.036 W/ContextImpl( 1144): Calling a method in the system process without a qualified user: android.app.ContextImpl.sendBroadcast:1006 android.content.ContextWrapper.sendBroadcast:444 com.tal.genie.launcher.service.TimeTickListener.sendOTASilentBroadcast:52 com.tal.genie.launcher.service.TimeTickListener.onTimeTickReceived:31 com.tal.genie.base_receiver.time.TimeTickManager.onTimeTickReceived:80 
10-16 12:54:00.092 W/ContextImpl( 1144): Calling a method in the system process without a qualified user: android.app.ContextImpl.sendBroadcast:1006 android.content.ContextWrapper.sendBroadcast:444 com.tal.genie.service_controldata.EyesProtectorManager.sendEyesProtectorBroadcast:186 com.tal.genie.service_controldata.EyesProtectorManager.eyesProtectDetector:63 com.tal.genie.launcher.service.TimeTickListener.onTimeTickReceived:34 
10-16 12:54:42.911 E/storaged(  466): getDiskStats failed with result NOT_SUPPORTED and size 0
10-16 12:55:00.041 W/ContextImpl( 1144): Calling a method in the system process without a qualified user: android.app.ContextImpl.sendBroadcast:1006 android.content.ContextWrapper.sendBroadcast:444 com.tal.genie.launcher.service.TimeTickListener.sendOTASilentBroadcast:52 com.tal.genie.launcher.service.TimeTickListener.onTimeTickReceived:31 com.tal.genie.base_receiver.time.TimeTickManager.onTimeTickReceived:80 
10-16 12:55:00.074 W/ContextImpl( 1144): Calling a method in the system process without a qualified user: android.app.ContextImpl.sendBroadcast:1006 android.content.ContextWrapper.sendBroadcast:444 com.tal.genie.service_controldata.EyesProtectorManager.sendEyesProtectorBroadcast:186 com.tal.genie.service_controldata.EyesProtectorManager.eyesProtectDetector:63 com.tal.genie.launcher.service.TimeTickListener.onTimeTickReceived:34 
10-16 12:55:42.914 E/storaged(  466): getDiskStats failed with result NOT_SUPPORTED and size 0
10-16 12:56:00.047 W/ContextImpl( 1144): Calling a method in the system process without a qualified user: android.app.ContextImpl.sendBroadcast:1006 android.content.ContextWrapper.sendBroadcast:444 com.tal.genie.launcher.service.TimeTickListener.sendOTASilentBroadcast:52 com.tal.genie.launcher.service.TimeTickListener.onTimeTickReceived:31 com.tal.genie.base_receiver.time.TimeTickManager.onTimeTickReceived:80 
10-16 12:56:00.131 W/ContextImpl( 1144): Calling a method in the system process without a qualified user: android.app.ContextImpl.sendBroadcast:1006 android.content.ContextWrapper.sendBroadcast:444 com.tal.genie.service_controldata.EyesProtectorManager.sendEyesProtectorBroadcast:186 com.tal.genie.service_controldata.EyesProtectorManager.eyesProtectDetector:63 com.tal.genie.launcher.service.TimeTickListener.onTimeTickReceived:34 
10-16 12:56:42.915 E/storaged(  466): getDiskStats failed with result NOT_SUPPORTED and size 0
10-16 12:57:00.049 W/ContextImpl( 1144): Calling a method in the system process without a qualified user: android.app.ContextImpl.sendBroadcast:1006 android.content.ContextWrapper.sendBroadcast:444 com.tal.genie.launcher.service.TimeTickListener.sendOTASilentBroadcast:52 com.tal.genie.launcher.service.TimeTickListener.onTimeTickReceived:31 com.tal.genie.base_receiver.time.TimeTickManager.onTimeTickReceived:80 
10-16 12:57:00.084 W/ContextImpl( 1144): Calling a method in the system process without a qualified user: android.app.ContextImpl.sendBroadcast:1006 android.content.ContextWrapper.sendBroadcast:444 com.tal.genie.service_controldata.EyesProtectorManager.sendEyesProtectorBroadcast:186 com.tal.genie.service_controldata.EyesProtectorManager.eyesProtectDetector:63 com.tal.genie.launcher.service.TimeTickListener.onTimeTickReceived:34 
10-16 12:57:28.195 E/BatteryExternalStatsWorker(  628): no controller energy info supplied for wifi
10-16 12:57:28.195 E/BatteryExternalStatsWorker(  628): no controller energy info supplied for bluetooth
10-16 12:57:28.195 E/BatteryExternalStatsWorker(  628): no controller energy info supplied for telephony
10-16 12:57:28.200 E/KernelCpuSpeedReader(  628): Failed to read cpu-freq: /sys/devices/system/cpu/cpu0/cpufreq/stats/time_in_state (No such file or directory)
10-16 12:57:42.919 E/storaged(  466): getDiskStats failed with result NOT_SUPPORTED and size 0
10-16 12:57:47.471 W/BroadcastQueue(  628): Background execution not allowed: receiving Intent { act=com.android.providers.media.ACTIVATE_MEDIAPROCESS flg=0x10 } to com.android.providers.media/.MtpReceiver
10-16 12:57:49.635 I/NetworkStatsRecorder(  628): recordSnapshotLocked: ident[[{type=WIFI, subType=COMBINED, networkId="HUAWEI Mate 30 5G", metered=true, defaultNetwork=true}]]
10-16 12:57:49.635 W/NetworkStatsRecorder(  628): unknown interfaces [lo], ignoring those stats
10-16 12:57:49.636 I/NetworkStatsRecorder(  628): recordSnapshotLocked: ident[[{type=WIFI, subType=COMBINED, networkId="HUAWEI Mate 30 5G", metered=true, defaultNetwork=true}]]
10-16 12:57:49.636 W/NetworkStatsRecorder(  628): unknown interfaces [lo], ignoring those stats
10-16 12:57:49.636 I/NetworkStatsRecorder(  628): recordSnapshotLocked: ident[[{type=WIFI, subType=COMBINED, networkId="HUAWEI Mate 30 5G", metered=true, defaultNetwork=true}]]
10-16 12:57:49.636 I/chatty  (  628): uid=1000(system) NetworkStats identical 2 lines
10-16 12:57:49.636 I/NetworkStatsRecorder(  628): recordSnapshotLocked: ident[[{type=WIFI, subType=COMBINED, networkId="HUAWEI Mate 30 5G", metered=true, defaultNetwork=true}]]
10-16 12:57:49.637 W/NetworkStatsRecorder(  628): unknown interfaces [lo], ignoring those stats
10-16 12:57:49.637 W/NetworkStatsRecorder(  628): unknown interfaces [lo], ignoring those stats
10-16 12:58:00.076 W/ContextImpl( 1144): Calling a method in the system process without a qualified user: android.app.ContextImpl.sendBroadcast:1006 android.content.ContextWrapper.sendBroadcast:444 com.tal.genie.launcher.service.TimeTickListener.sendOTASilentBroadcast:52 com.tal.genie.launcher.service.TimeTickListener.onTimeTickReceived:31 com.tal.genie.base_receiver.time.TimeTickManager.onTimeTickReceived:80 
10-16 12:58:00.125 W/ContextImpl( 1144): Calling a method in the system process without a qualified user: android.app.ContextImpl.sendBroadcast:1006 android.content.ContextWrapper.sendBroadcast:444 com.tal.genie.service_controldata.EyesProtectorManager.sendEyesProtectorBroadcast:186 com.tal.genie.service_controldata.EyesProtectorManager.eyesProtectDetector:63 com.tal.genie.launcher.service.TimeTickListener.onTimeTickReceived:34 
10-16 12:58:43.991 E/storaged(  466): getDiskStats failed with result NOT_SUPPORTED and size 0
10-16 12:59:00.039 W/ContextImpl( 1144): Calling a method in the system process without a qualified user: android.app.ContextImpl.sendBroadcast:1006 android.content.ContextWrapper.sendBroadcast:444 com.tal.genie.launcher.service.TimeTickListener.sendOTASilentBroadcast:52 com.tal.genie.launcher.service.TimeTickListener.onTimeTickReceived:31 com.tal.genie.base_receiver.time.TimeTickManager.onTimeTickReceived:80 
10-16 12:59:00.069 W/ContextImpl( 1144): Calling a method in the system process without a qualified user: android.app.ContextImpl.sendBroadcast:1006 android.content.ContextWrapper.sendBroadcast:444 com.tal.genie.service_controldata.EyesProtectorManager.sendEyesProtectorBroadcast:186 com.tal.genie.service_controldata.EyesProtectorManager.eyesProtectDetector:63 com.tal.genie.launcher.service.TimeTickListener.onTimeTickReceived:34 
10-16 12:59:43.995 E/storaged(  466): getDiskStats failed with result NOT_SUPPORTED and size 0
10-16 13:00:00.038 W/ContextImpl( 1144): Calling a method in the system process without a qualified user: android.app.ContextImpl.sendBroadcast:1006 android.content.ContextWrapper.sendBroadcast:444 com.tal.genie.launcher.service.TimeTickListener.sendOTASilentBroadcast:52 com.tal.genie.launcher.service.TimeTickListener.onTimeTickReceived:31 com.tal.genie.base_receiver.time.TimeTickManager.onTimeTickReceived:80 
10-16 13:00:00.099 W/ContextImpl( 1144): Calling a method in the system process without a qualified user: android.app.ContextImpl.sendBroadcast:1006 android.content.ContextWrapper.sendBroadcast:444 com.tal.genie.service_controldata.EyesProtectorManager.sendEyesProtectorBroadcast:186 com.tal.genie.service_controldata.EyesProtectorManager.eyesProtectDetector:63 com.tal.genie.launcher.service.TimeTickListener.onTimeTickReceived:34 
10-16 13:00:43.997 E/storaged(  466): getDiskStats failed with result NOT_SUPPORTED and size 0
10-16 13:01:00.052 W/ContextImpl( 1144): Calling a method in the system process without a qualified user: android.app.ContextImpl.sendBroadcast:1006 android.content.ContextWrapper.sendBroadcast:444 com.tal.genie.launcher.service.TimeTickListener.sendOTASilentBroadcast:52 com.tal.genie.launcher.service.TimeTickListener.onTimeTickReceived:31 com.tal.genie.base_receiver.time.TimeTickManager.onTimeTickReceived:80 
10-16 13:01:00.075 W/ContextImpl( 1144): Calling a method in the system process without a qualified user: android.app.ContextImpl.sendBroadcast:1006 android.content.ContextWrapper.sendBroadcast:444 com.tal.genie.service_controldata.EyesProtectorManager.sendEyesProtectorBroadcast:186 com.tal.genie.service_controldata.EyesProtectorManager.eyesProtectDetector:63 com.tal.genie.launcher.service.TimeTickListener.onTimeTickReceived:34 
10-16 13:01:44.002 E/storaged(  466): getDiskStats failed with result NOT_SUPPORTED and size 0
10-16 13:02:00.039 W/ContextImpl( 1144): Calling a method in the system process without a qualified user: android.app.ContextImpl.sendBroadcast:1006 android.content.ContextWrapper.sendBroadcast:444 com.tal.genie.launcher.service.TimeTickListener.sendOTASilentBroadcast:52 com.tal.genie.launcher.service.TimeTickListener.onTimeTickReceived:31 com.tal.genie.base_receiver.time.TimeTickManager.onTimeTickReceived:80 
10-16 13:02:00.089 W/ContextImpl( 1144): Calling a method in the system process without a qualified user: android.app.ContextImpl.sendBroadcast:1006 android.content.ContextWrapper.sendBroadcast:444 com.tal.genie.service_controldata.EyesProtectorManager.sendEyesProtectorBroadcast:186 com.tal.genie.service_controldata.EyesProtectorManager.eyesProtectDetector:63 com.tal.genie.launcher.service.TimeTickListener.onTimeTickReceived:34 
10-16 13:02:44.004 E/storaged(  466): getDiskStats failed with result NOT_SUPPORTED and size 0
10-16 13:03:00.059 W/ContextImpl( 1144): Calling a method in the system process without a qualified user: android.app.ContextImpl.sendBroadcast:1006 android.content.ContextWrapper.sendBroadcast:444 com.tal.genie.launcher.service.TimeTickListener.sendOTASilentBroadcast:52 com.tal.genie.launcher.service.TimeTickListener.onTimeTickReceived:31 com.tal.genie.base_receiver.time.TimeTickManager.onTimeTickReceived:80 
10-16 13:03:00.075 W/ContextImpl( 1144): Calling a method in the system process without a qualified user: android.app.ContextImpl.sendBroadcast:1006 android.content.ContextWrapper.sendBroadcast:444 com.tal.genie.service_controldata.EyesProtectorManager.sendEyesProtectorBroadcast:186 com.tal.genie.service_controldata.EyesProtectorManager.eyesProtectDetector:63 com.tal.genie.launcher.service.TimeTickListener.onTimeTickReceived:34 
10-16 13:03:44.004 E/storaged(  466): getDiskStats failed with result NOT_SUPPORTED and size 0
10-16 13:04:00.034 W/ContextImpl( 1144): Calling a method in the system process without a qualified user: android.app.ContextImpl.sendBroadcast:1006 android.content.ContextWrapper.sendBroadcast:444 com.tal.genie.launcher.service.TimeTickListener.sendOTASilentBroadcast:52 com.tal.genie.launcher.service.TimeTickListener.onTimeTickReceived:31 com.tal.genie.base_receiver.time.TimeTickManager.onTimeTickReceived:80 
10-16 13:04:00.060 W/ContextImpl( 1144): Calling a method in the system process without a qualified user: android.app.ContextImpl.sendBroadcast:1006 android.content.ContextWrapper.sendBroadcast:444 com.tal.genie.service_controldata.EyesProtectorManager.sendEyesProtectorBroadcast:186 com.tal.genie.service_controldata.EyesProtectorManager.eyesProtectDetector:63 com.tal.genie.launcher.service.TimeTickListener.onTimeTickReceived:34 
10-16 13:04:44.006 E/storaged(  466): getDiskStats failed with result NOT_SUPPORTED and size 0
10-16 13:05:00.046 W/ContextImpl( 1144): Calling a method in the system process without a qualified user: android.app.ContextImpl.sendBroadcast:1006 android.content.ContextWrapper.sendBroadcast:444 com.tal.genie.launcher.service.TimeTickListener.sendOTASilentBroadcast:52 com.tal.genie.launcher.service.TimeTickListener.onTimeTickReceived:31 com.tal.genie.base_receiver.time.TimeTickManager.onTimeTickReceived:80 
10-16 13:05:00.081 W/ContextImpl( 1144): Calling a method in the system process without a qualified user: android.app.ContextImpl.sendBroadcast:1006 android.content.ContextWrapper.sendBroadcast:444 com.tal.genie.service_controldata.EyesProtectorManager.sendEyesProtectorBroadcast:186 com.tal.genie.service_controldata.EyesProtectorManager.eyesProtectDetector:63 com.tal.genie.launcher.service.TimeTickListener.onTimeTickReceived:34 
10-16 13:05:44.011 E/storaged(  466): getDiskStats failed with result NOT_SUPPORTED and size 0
10-16 13:06:00.053 W/ContextImpl( 1144): Calling a method in the system process without a qualified user: android.app.ContextImpl.sendBroadcast:1006 android.content.ContextWrapper.sendBroadcast:444 com.tal.genie.launcher.service.TimeTickListener.sendOTASilentBroadcast:52 com.tal.genie.launcher.service.TimeTickListener.onTimeTickReceived:31 com.tal.genie.base_receiver.time.TimeTickManager.onTimeTickReceived:80 
10-16 13:06:00.077 W/ContextImpl( 1144): Calling a method in the system process without a qualified user: android.app.ContextImpl.sendBroadcast:1006 android.content.ContextWrapper.sendBroadcast:444 com.tal.genie.service_controldata.EyesProtectorManager.sendEyesProtectorBroadcast:186 com.tal.genie.service_controldata.EyesProtectorManager.eyesProtectDetector:63 com.tal.genie.launcher.service.TimeTickListener.onTimeTickReceived:34 
10-16 13:06:44.013 E/storaged(  466): getDiskStats failed with result NOT_SUPPORTED and size 0
10-16 13:07:00.043 W/ContextImpl( 1144): Calling a method in the system process without a qualified user: android.app.ContextImpl.sendBroadcast:1006 android.content.ContextWrapper.sendBroadcast:444 com.tal.genie.launcher.service.TimeTickListener.sendOTASilentBroadcast:52 com.tal.genie.launcher.service.TimeTickListener.onTimeTickReceived:31 com.tal.genie.base_receiver.time.TimeTickManager.onTimeTickReceived:80 
10-16 13:07:00.096 W/ContextImpl( 1144): Calling a method in the system process without a qualified user: android.app.ContextImpl.sendBroadcast:1006 android.content.ContextWrapper.sendBroadcast:444 com.tal.genie.service_controldata.EyesProtectorManager.sendEyesProtectorBroadcast:186 com.tal.genie.service_controldata.EyesProtectorManager.eyesProtectDetector:63 com.tal.genie.launcher.service.TimeTickListener.onTimeTickReceived:34 
10-16 13:07:44.013 E/storaged(  466): getDiskStats failed with result NOT_SUPPORTED and size 0
10-16 13:08:00.055 W/ContextImpl( 1144): Calling a method in the system process without a qualified user: android.app.ContextImpl.sendBroadcast:1006 android.content.ContextWrapper.sendBroadcast:444 com.tal.genie.launcher.service.TimeTickListener.sendOTASilentBroadcast:52 com.tal.genie.launcher.service.TimeTickListener.onTimeTickReceived:31 com.tal.genie.base_receiver.time.TimeTickManager.onTimeTickReceived:80 
10-16 13:08:00.101 W/ContextImpl( 1144): Calling a method in the system process without a qualified user: android.app.ContextImpl.sendBroadcast:1006 android.content.ContextWrapper.sendBroadcast:444 com.tal.genie.service_controldata.EyesProtectorManager.sendEyesProtectorBroadcast:186 com.tal.genie.service_controldata.EyesProtectorManager.eyesProtectDetector:63 com.tal.genie.launcher.service.TimeTickListener.onTimeTickReceived:34 
10-16 13:08:44.015 E/storaged(  466): getDiskStats failed with result NOT_SUPPORTED and size 0
10-16 13:09:00.042 W/ContextImpl( 1144): Calling a method in the system process without a qualified user: android.app.ContextImpl.sendBroadcast:1006 android.content.ContextWrapper.sendBroadcast:444 com.tal.genie.launcher.service.TimeTickListener.sendOTASilentBroadcast:52 com.tal.genie.launcher.service.TimeTickListener.onTimeTickReceived:31 com.tal.genie.base_receiver.time.TimeTickManager.onTimeTickReceived:80 
10-16 13:09:00.072 W/ContextImpl( 1144): Calling a method in the system process without a qualified user: android.app.ContextImpl.sendBroadcast:1006 android.content.ContextWrapper.sendBroadcast:444 com.tal.genie.service_controldata.EyesProtectorManager.sendEyesProtectorBroadcast:186 com.tal.genie.service_controldata.EyesProtectorManager.eyesProtectDetector:63 com.tal.genie.launcher.service.TimeTickListener.onTimeTickReceived:34 
10-16 13:09:44.020 E/storaged(  466): getDiskStats failed with result NOT_SUPPORTED and size 0
10-16 13:10:00.052 W/ContextImpl( 1144): Calling a method in the system process without a qualified user: android.app.ContextImpl.sendBroadcast:1006 android.content.ContextWrapper.sendBroadcast:444 com.tal.genie.launcher.service.TimeTickListener.sendOTASilentBroadcast:52 com.tal.genie.launcher.service.TimeTickListener.onTimeTickReceived:31 com.tal.genie.base_receiver.time.TimeTickManager.onTimeTickReceived:80 
10-16 13:10:00.108 W/ContextImpl( 1144): Calling a method in the system process without a qualified user: android.app.ContextImpl.sendBroadcast:1006 android.content.ContextWrapper.sendBroadcast:444 com.tal.genie.service_controldata.EyesProtectorManager.sendEyesProtectorBroadcast:186 com.tal.genie.service_controldata.EyesProtectorManager.eyesProtectDetector:63 com.tal.genie.launcher.service.TimeTickListener.onTimeTickReceived:34 
10-16 13:10:44.021 E/storaged(  466): getDiskStats failed with result NOT_SUPPORTED and size 0
10-16 13:11:00.048 W/ContextImpl( 1144): Calling a method in the system process without a qualified user: android.app.ContextImpl.sendBroadcast:1006 android.content.ContextWrapper.sendBroadcast:444 com.tal.genie.launcher.service.TimeTickListener.sendOTASilentBroadcast:52 com.tal.genie.launcher.service.TimeTickListener.onTimeTickReceived:31 com.tal.genie.base_receiver.time.TimeTickManager.onTimeTickReceived:80 
10-16 13:11:00.076 W/ContextImpl( 1144): Calling a method in the system process without a qualified user: android.app.ContextImpl.sendBroadcast:1006 android.content.ContextWrapper.sendBroadcast:444 com.tal.genie.service_controldata.EyesProtectorManager.sendEyesProtectorBroadcast:186 com.tal.genie.service_controldata.EyesProtectorManager.eyesProtectDetector:63 com.tal.genie.launcher.service.TimeTickListener.onTimeTickReceived:34 
10-16 13:11:33.720 I/MTKWifiDisplayController(  628): Received NETWORK_STATE_CHANGED,con:true,SSID:"HUAWEI Mate 30 5G",Freq:2412,netId:0, updated:false
10-16 13:11:44.022 E/storaged(  466): getDiskStats failed with result NOT_SUPPORTED and size 0
10-16 13:12:00.053 W/ContextImpl( 1144): Calling a method in the system process without a qualified user: android.app.ContextImpl.sendBroadcast:1006 android.content.ContextWrapper.sendBroadcast:444 com.tal.genie.launcher.service.TimeTickListener.sendOTASilentBroadcast:52 com.tal.genie.launcher.service.TimeTickListener.onTimeTickReceived:31 com.tal.genie.base_receiver.time.TimeTickManager.onTimeTickReceived:80 
10-16 13:12:00.079 W/ContextImpl( 1144): Calling a method in the system process without a qualified user: android.app.ContextImpl.sendBroadcast:1006 android.content.ContextWrapper.sendBroadcast:444 com.tal.genie.service_controldata.EyesProtectorManager.sendEyesProtectorBroadcast:186 com.tal.genie.service_controldata.EyesProtectorManager.eyesProtectDetector:63 com.tal.genie.launcher.service.TimeTickListener.onTimeTickReceived:34 
10-16 13:12:44.024 E/storaged(  466): getDiskStats failed with result NOT_SUPPORTED and size 0
10-16 13:13:00.048 W/ContextImpl( 1144): Calling a method in the system process without a qualified user: android.app.ContextImpl.sendBroadcast:1006 android.content.ContextWrapper.sendBroadcast:444 com.tal.genie.launcher.service.TimeTickListener.sendOTASilentBroadcast:52 com.tal.genie.launcher.service.TimeTickListener.onTimeTickReceived:31 com.tal.genie.base_receiver.time.TimeTickManager.onTimeTickReceived:80 
10-16 13:13:00.086 W/ContextImpl( 1144): Calling a method in the system process without a qualified user: android.app.ContextImpl.sendBroadcast:1006 android.content.ContextWrapper.sendBroadcast:444 com.tal.genie.service_controldata.EyesProtectorManager.sendEyesProtectorBroadcast:186 com.tal.genie.service_controldata.EyesProtectorManager.eyesProtectDetector:63 com.tal.genie.launcher.service.TimeTickListener.onTimeTickReceived:34 
10-16 13:13:44.028 E/storaged(  466): getDiskStats failed with result NOT_SUPPORTED and size 0
10-16 13:14:00.062 W/ContextImpl( 1144): Calling a method in the system process without a qualified user: android.app.ContextImpl.sendBroadcast:1006 android.content.ContextWrapper.sendBroadcast:444 com.tal.genie.launcher.service.TimeTickListener.sendOTASilentBroadcast:52 com.tal.genie.launcher.service.TimeTickListener.onTimeTickReceived:31 com.tal.genie.base_receiver.time.TimeTickManager.onTimeTickReceived:80 
10-16 13:14:00.080 W/ContextImpl( 1144): Calling a method in the system process without a qualified user: android.app.ContextImpl.sendBroadcast:1006 android.content.ContextWrapper.sendBroadcast:444 com.tal.genie.service_controldata.EyesProtectorManager.sendEyesProtectorBroadcast:186 com.tal.genie.service_controldata.EyesProtectorManager.eyesProtectDetector:63 com.tal.genie.launcher.service.TimeTickListener.onTimeTickReceived:34 
10-16 13:14:44.029 E/storaged(  466): getDiskStats failed with result NOT_SUPPORTED and size 0
10-16 13:15:00.071 W/ContextImpl( 1144): Calling a method in the system process without a qualified user: android.app.ContextImpl.sendBroadcast:1006 android.content.ContextWrapper.sendBroadcast:444 com.tal.genie.launcher.service.TimeTickListener.sendOTASilentBroadcast:52 com.tal.genie.launcher.service.TimeTickListener.onTimeTickReceived:31 com.tal.genie.base_receiver.time.TimeTickManager.onTimeTickReceived:80 
10-16 13:15:00.109 W/ContextImpl( 1144): Calling a method in the system process without a qualified user: android.app.ContextImpl.sendBroadcast:1006 android.content.ContextWrapper.sendBroadcast:444 com.tal.genie.service_controldata.EyesProtectorManager.sendEyesProtectorBroadcast:186 com.tal.genie.service_controldata.EyesProtectorManager.eyesProtectDetector:63 com.tal.genie.launcher.service.TimeTickListener.onTimeTickReceived:34 
10-16 13:15:44.035 E/storaged(  466): getDiskStats failed with result NOT_SUPPORTED and size 0
10-16 13:16:00.036 W/ContextImpl( 1144): Calling a method in the system process without a qualified user: android.app.ContextImpl.sendBroadcast:1006 android.content.ContextWrapper.sendBroadcast:444 com.tal.genie.launcher.service.TimeTickListener.sendOTASilentBroadcast:52 com.tal.genie.launcher.service.TimeTickListener.onTimeTickReceived:31 com.tal.genie.base_receiver.time.TimeTickManager.onTimeTickReceived:80 
10-16 13:16:00.060 W/ContextImpl( 1144): Calling a method in the system process without a qualified user: android.app.ContextImpl.sendBroadcast:1006 android.content.ContextWrapper.sendBroadcast:444 com.tal.genie.service_controldata.EyesProtectorManager.sendEyesProtectorBroadcast:186 com.tal.genie.service_controldata.EyesProtectorManager.eyesProtectDetector:63 com.tal.genie.launcher.service.TimeTickListener.onTimeTickReceived:34 
10-16 13:16:44.038 E/storaged(  466): getDiskStats failed with result NOT_SUPPORTED and size 0
10-16 13:17:00.051 W/ContextImpl( 1144): Calling a method in the system process without a qualified user: android.app.ContextImpl.sendBroadcast:1006 android.content.ContextWrapper.sendBroadcast:444 com.tal.genie.launcher.service.TimeTickListener.sendOTASilentBroadcast:52 com.tal.genie.launcher.service.TimeTickListener.onTimeTickReceived:31 com.tal.genie.base_receiver.time.TimeTickManager.onTimeTickReceived:80 
